[design] balanced_split quad4 entries=112
[device] cuda
[initial] score=85.3348011154 wNMSE=0.36015163 wMSE=18839.3480 wMRED=3.83398729 wER=0.437075 wMAE=59.4777 wBias=-32.8794 condBias=76.4248 dotDrift=-15.331sigma uMRED=0.1623984204 uER=0.437500 uMAE=79.8301 WCE=611 bias=-13.3125
[quad_warmup_bit:00000] loss=0.846376 tau=1.50 collapse_w=0.000 mid_frac=0.554 hard=score=85.3348011154 wNMSE=0.36015163 wMSE=18839.3480 wMRED=3.83398729 wER=0.437075 wMAE=59.4777 wBias=-32.8794 condBias=76.4248 dotDrift=-15.331sigma uMRED=0.1623984204 uER=0.437500 uMAE=79.8301 WCE=611 bias=-13.3125
[quad_warmup_bit:00200] loss=0.238665 tau=1.50 collapse_w=0.000 mid_frac=0.536 hard=score=230.1415886535 wNMSE=0.51962152 wMSE=27181.1366 wMRED=4.95667409 wER=0.437075 wMAE=68.8075 wBias=-54.0940 condBias=102.2589 dotDrift=-20.999sigma uMRED=0.1731830906 uER=0.437500 uMAE=78.7031 WCE=682 bias=-54.4375
[quad_warmup_bit:00400] loss=0.218482 tau=1.50 collapse_w=0.000 mid_frac=0.500 hard=score=226.8154962073 wNMSE=0.50804237 wMSE=26575.4377 wMRED=4.85537810 wER=0.420984 wMAE=67.6437 wBias=-53.7028 condBias=101.3206 dotDrift=-21.083sigma uMRED=0.1714700032 uER=0.430664 uMAE=78.3828 WCE=672 bias=-54.0000
[quad_warmup_bit:00600] loss=0.203619 tau=1.50 collapse_w=0.000 mid_frac=0.464 hard=score=211.7410727074 wNMSE=0.47450817 wMSE=24821.2805 wMRED=4.48719725 wER=0.386338 wMAE=64.1693 wBias=-51.8868 condBias=99.3100 dotDrift=-21.078sigma uMRED=0.1654035175 uER=0.418945 uMAE=77.2266 WCE=644 bias=-53.2500
[quad_warmup_bit:00800] loss=0.190407 tau=1.50 collapse_w=0.000 mid_frac=0.411 hard=score=204.4994607115 wNMSE=0.47040022 wMSE=24606.3959 wMRED=4.47826503 wER=0.369256 wMAE=63.5210 wBias=-50.9890 condBias=98.1760 dotDrift=-20.803sigma uMRED=0.1633185251 uER=0.398438 uMAE=75.4141 WCE=640 bias=-51.2500
[quad_warmup_bit:01000] loss=0.178433 tau=1.50 collapse_w=0.000 mid_frac=0.393 hard=score=257.0875080577 wNMSE=0.4643414 wMSE=24289.4621 wMRED=4.26061758 wER=0.266989 wMAE=58.8741 wBias=-57.1989 condBias=105.1827 dotDrift=-23.489sigma uMRED=0.1555131451 uER=0.359375 uMAE=72.3125 WCE=640 bias=-57.1250
[quad_warmup_bit:01200] loss=0.167336 tau=1.50 collapse_w=0.000 mid_frac=0.375 hard=score=256.2815050671 wNMSE=0.46131034 wMSE=24130.9085 wMRED=4.25433470 wER=0.266110 wMAE=58.3520 wBias=-57.1096 condBias=105.1166 dotDrift=-23.529sigma uMRED=0.1504215585 uER=0.339844 uMAE=67.8125 WCE=640 bias=-56.6250
[quad_warmup_bit:01400] loss=0.158133 tau=1.50 collapse_w=0.000 mid_frac=0.357 hard=score=315.0463261182 wNMSE=0.5088559 wMSE=26617.9926 wMRED=4.70837890 wER=0.268795 wMAE=64.5788 wBias=-63.3320 condBias=110.2762 dotDrift=-24.844sigma uMRED=0.1598399824 uER=0.346680 uMAE=70.0000 WCE=640 bias=-58.7500
[quad_warmup_bit:01600] loss=0.151205 tau=1.50 collapse_w=0.000 mid_frac=0.339 hard=score=302.6590134995 wNMSE=0.50063495 wMSE=26187.9592 wMRED=4.69501414 wER=0.267002 wMAE=64.2305 wBias=-62.0725 condBias=109.1388 dotDrift=-24.549sigma uMRED=0.1542196681 uER=0.332031 uMAE=66.5000 WCE=640 bias=-58.7500
[quad_warmup_bit:01800] loss=0.145362 tau=1.50 collapse_w=0.000 mid_frac=0.339 hard=score=304.6408054231 wNMSE=0.50235002 wMSE=26277.6734 wMRED=4.69803001 wER=0.267002 wMAE=64.2414 wBias=-62.2758 condBias=109.0878 dotDrift=-24.587sigma uMRED=0.1566119497 uER=0.332031 uMAE=68.0000 WCE=640 bias=-57.7500
[quad_warmup_bit:02000] loss=0.140028 tau=1.50 collapse_w=0.000 mid_frac=0.312 hard=score=305.4119778330 wNMSE=0.50247252 wMSE=26284.0812 wMRED=4.69937302 wER=0.267002 wMAE=64.2841 wBias=-62.3548 condBias=109.1593 dotDrift=-24.615sigma uMRED=0.1567149244 uER=0.332031 uMAE=68.0625 WCE=640 bias=-57.8750
[quad_warmup_bit:02050] loss=0.138726 tau=1.50 collapse_w=0.000 mid_frac=0.312 hard=score=14.0180746035 wNMSE=0.12022748 wMSE=6289.0381 wMRED=1.16438523 wER=0.267002 wMAE=27.3135 wBias=-13.2788 condBias=33.7604 dotDrift=-10.716sigma uMRED=0.0911804303 uER=0.332031 uMAE=56.6406 WCE=640 bias=-41.8750 *BEST*
[quad_warmup_bit:02075] loss=0.138076 tau=1.50 collapse_w=0.000 mid_frac=0.312 hard=score=0.2754122422 wNMSE=0.10173462 wMSE=5321.6864 wMRED=0.81120812 wER=0.229708 wMAE=19.6462 wBias=-1.0356 condBias=35.7996 dotDrift=-0.909sigma uMRED=0.0838113346 uER=0.323242 uMAE=54.4375 WCE=640 bias=-37.8750 *BEST*
[quad_warmup_bit:02200] loss=0.134822 tau=1.50 collapse_w=0.000 mid_frac=0.304 hard=score=0.2754122422 wNMSE=0.10173462 wMSE=5321.6864 wMRED=0.81120812 wER=0.229708 wMAE=19.6462 wBias=-1.0356 condBias=35.7996 dotDrift=-0.909sigma uMRED=0.0838113346 uER=0.323242 uMAE=54.4375 WCE=640 bias=-37.8750
[quad_warmup_bit:02275] loss=0.132849 tau=1.50 collapse_w=0.000 mid_frac=0.286 hard=score=0.2712253383 wNMSE=0.10166014 wMSE=5317.7901 wMRED=0.81107435 wER=0.229651 wMAE=19.6364 wBias=-1.0108 condBias=35.7483 dotDrift=-0.887sigma uMRED=0.0835195453 uER=0.320312 uMAE=54.2188 WCE=640 bias=-37.3750 *BEST*
[quad_warmup_bit:02400] loss=0.129487 tau=1.50 collapse_w=0.000 mid_frac=0.268 hard=score=0.2542906623 wNMSE=0.10067432 wMSE=5266.2224 wMRED=0.81005427 wER=0.229651 wMAE=19.5339 wBias=-0.9083 condBias=35.5650 dotDrift=-0.801sigma uMRED=0.0812235647 uER=0.320312 uMAE=52.2188 WCE=640 bias=-35.3750 *BEST*
[quad_warmup_bit:02600] loss=0.124343 tau=1.50 collapse_w=0.000 mid_frac=0.277 hard=score=0.2580314101 wNMSE=0.10073237 wMSE=5269.2589 wMRED=0.81018805 wER=0.229708 wMAE=19.5436 wBias=-0.9331 condBias=35.6050 dotDrift=-0.823sigma uMRED=0.0815153540 uER=0.323242 uMAE=52.4375 WCE=640 bias=-35.8750
[quad_warmup_bit:02800] loss=0.119653 tau=1.50 collapse_w=0.000 mid_frac=0.250 hard=score=0.2580314101 wNMSE=0.10073237 wMSE=5269.2589 wMRED=0.81018805 wER=0.229708 wMAE=19.5436 wBias=-0.9331 condBias=35.6050 dotDrift=-0.823sigma uMRED=0.0815153540 uER=0.323242 uMAE=52.4375 WCE=640 bias=-35.8750
[quad_warmup_bit:03000] loss=0.115168 tau=1.50 collapse_w=0.000 mid_frac=0.223 hard=score=2.0914987534 wNMSE=0.034509613 wMSE=1805.1803 wMRED=0.60444105 wER=0.225127 wMAE=12.5361 wBias=5.0469 condBias=23.2281 dotDrift=+7.602sigma uMRED=0.0581723585 uER=0.308594 uMAE=39.4844 WCE=656 bias=-22.3750
[quad_warmup_bit:03200] loss=0.111633 tau=1.50 collapse_w=0.000 mid_frac=0.214 hard=score=2.6126975061 wNMSE=0.018293011 wMSE=956.8981 wMRED=0.58155985 wER=0.218098 wMAE=10.5813 wBias=5.7177 condBias=16.0908 dotDrift=+11.830sigma uMRED=0.0372545174 uER=0.280273 uMAE=23.3281 WCE=352 bias=-8.3750
[quad_warmup_bit:03400] loss=0.107745 tau=1.50 collapse_w=0.000 mid_frac=0.170 hard=score=1.1535423370 wNMSE=0.016016383 wMSE=837.8088 wMRED=0.55817788 wER=0.219771 wMAE=10.0371 wBias=3.7573 condBias=15.1938 dotDrift=+8.308sigma uMRED=0.0379061592 uER=0.280273 uMAE=24.0938 WCE=352 bias=-17.8750
[quad_warmup_bit:03600] loss=0.102052 tau=1.50 collapse_w=0.000 mid_frac=0.143 hard=score=1.1535423370 wNMSE=0.016016383 wMSE=837.8088 wMRED=0.55817788 wER=0.219771 wMAE=10.0371 wBias=3.7573 condBias=15.1938 dotDrift=+8.308sigma uMRED=0.0379061592 uER=0.280273 uMAE=24.0938 WCE=352 bias=-17.8750
[quad_warmup_bit:03800] loss=0.095834 tau=1.50 collapse_w=0.000 mid_frac=0.089 hard=score=2.2019726339 wNMSE=0.014053617 wMSE=735.1375 wMRED=0.56720540 wER=0.218358 wMAE=9.7037 wBias=5.2606 condBias=14.3011 dotDrift=+12.417sigma uMRED=0.0254508560 uER=0.264648 uMAE=12.7500 WCE=180 bias=-4.8750
[quad_warmup_bit:04000] loss=0.091240 tau=1.50 collapse_w=0.000 mid_frac=0.080 hard=score=1.9698869088 wNMSE=0.011264947 wMSE=589.2636 wMRED=0.54561814 wER=0.215663 wMAE=8.8604 wBias=4.9794 condBias=12.9075 dotDrift=+13.128sigma uMRED=0.0199663547 uER=0.242188 uMAE=8.7500 WCE=144 bias=-1.8750
[quad_warmup_bit:04200] loss=0.088508 tau=1.50 collapse_w=0.000 mid_frac=0.062 hard=score=2.0506004814 wNMSE=0.011204057 wMSE=586.0785 wMRED=0.54527537 wER=0.215569 wMAE=8.8231 wBias=5.0819 condBias=12.8619 dotDrift=+13.435sigma uMRED=0.0189632531 uER=0.238281 uMAE=7.8594 WCE=144 bias=0.1250
[quad_warmup_bit:04400] loss=0.087027 tau=1.50 collapse_w=0.000 mid_frac=0.062 hard=score=2.0506004814 wNMSE=0.011204057 wMSE=586.0785 wMRED=0.54527537 wER=0.215569 wMAE=8.8231 wBias=5.0819 condBias=12.8619 dotDrift=+13.435sigma uMRED=0.0189632531 uER=0.238281 uMAE=7.8594 WCE=144 bias=0.1250
[quad_warmup_bit:04600] loss=0.086134 tau=1.50 collapse_w=0.000 mid_frac=0.062 hard=score=2.0506004814 wNMSE=0.011204057 wMSE=586.0785 wMRED=0.54527537 wER=0.215569 wMAE=8.8231 wBias=5.0819 condBias=12.8619 dotDrift=+13.435sigma uMRED=0.0189632531 uER=0.238281 uMAE=7.8594 WCE=144 bias=0.1250
[quad_warmup_bit:04800] loss=0.085514 tau=1.50 collapse_w=0.000 mid_frac=0.062 hard=score=2.0506004814 wNMSE=0.011204057 wMSE=586.0785 wMRED=0.54527537 wER=0.215569 wMAE=8.8231 wBias=5.0819 condBias=12.8619 dotDrift=+13.435sigma uMRED=0.0189632531 uER=0.238281 uMAE=7.8594 WCE=144 bias=0.1250
[quad_warmup_bit:05000] loss=0.085072 tau=1.50 collapse_w=0.000 mid_frac=0.062 hard=score=2.0506004814 wNMSE=0.011204057 wMSE=586.0785 wMRED=0.54527537 wER=0.215569 wMAE=8.8231 wBias=5.0819 condBias=12.8619 dotDrift=+13.435sigma uMRED=0.0189632531 uER=0.238281 uMAE=7.8594 WCE=144 bias=0.1250
[quad_warmup_bit:05200] loss=0.084734 tau=1.50 collapse_w=0.000 mid_frac=0.062 hard=score=2.0506004814 wNMSE=0.011204057 wMSE=586.0785 wMRED=0.54527537 wER=0.215569 wMAE=8.8231 wBias=5.0819 condBias=12.8619 dotDrift=+13.435sigma uMRED=0.0189632531 uER=0.238281 uMAE=7.8594 WCE=144 bias=0.1250
[quad_warmup_bit:05400] loss=0.084463 tau=1.50 collapse_w=0.000 mid_frac=0.062 hard=score=2.0506004814 wNMSE=0.011204057 wMSE=586.0785 wMRED=0.54527537 wER=0.215569 wMAE=8.8231 wBias=5.0819 condBias=12.8619 dotDrift=+13.435sigma uMRED=0.0189632531 uER=0.238281 uMAE=7.8594 WCE=144 bias=0.1250
[quad_warmup_bit:05600] loss=0.084244 tau=1.50 collapse_w=0.000 mid_frac=0.062 hard=score=2.0506004814 wNMSE=0.011204057 wMSE=586.0785 wMRED=0.54527537 wER=0.215569 wMAE=8.8231 wBias=5.0819 condBias=12.8619 dotDrift=+13.435sigma uMRED=0.0189632531 uER=0.238281 uMAE=7.8594 WCE=144 bias=0.1250
[quad_warmup_bit:05800] loss=0.084062 tau=1.50 collapse_w=0.000 mid_frac=0.062 hard=score=2.0506004814 wNMSE=0.011204057 wMSE=586.0785 wMRED=0.54527537 wER=0.215569 wMAE=8.8231 wBias=5.0819 condBias=12.8619 dotDrift=+13.435sigma uMRED=0.0189632531 uER=0.238281 uMAE=7.8594 WCE=144 bias=0.1250
[quad_warmup_bit:05999] loss=0.083906 tau=1.50 collapse_w=0.000 mid_frac=0.062 hard=score=2.0506004814 wNMSE=0.011204057 wMSE=586.0785 wMRED=0.54527537 wER=0.215569 wMAE=8.8231 wBias=5.0819 condBias=12.8619 dotDrift=+13.435sigma uMRED=0.0189632531 uER=0.238281 uMAE=7.8594 WCE=144 bias=0.1250
[quad_soft:00000] loss=0.274257 tau=1.50 collapse_w=0.000 mid_frac=0.062 hard=score=2.0506004814 wNMSE=0.011204057 wMSE=586.0785 wMRED=0.54527537 wER=0.215569 wMAE=8.8231 wBias=5.0819 condBias=12.8619 dotDrift=+13.435sigma uMRED=0.0189632531 uER=0.238281 uMAE=7.8594 WCE=144 bias=0.1250
[quad_soft:00200] loss=0.155095 tau=1.59 collapse_w=0.000 mid_frac=0.054 hard=score=1.6578927602 wNMSE=0.011185964 wMSE=585.1321 wMRED=0.54703909 wER=0.230938 wMAE=8.9379 wBias=4.5618 condBias=12.7054 dotDrift=+12.070sigma uMRED=0.0202123778 uER=0.250000 uMAE=8.9297 WCE=144 bias=-2.2500
[quad_soft:00400] loss=0.128729 tau=1.68 collapse_w=0.000 mid_frac=0.045 hard=score=2.1047817990 wNMSE=0.011045811 wMSE=577.8008 wMRED=0.54001009 wER=0.208072 wMAE=8.6140 wBias=5.1501 condBias=12.6694 dotDrift=+13.712sigma uMRED=0.0185254090 uER=0.231445 uMAE=7.6016 WCE=144 bias=0.2500
[quad_soft:00600] loss=0.117949 tau=1.77 collapse_w=0.000 mid_frac=0.027 hard=score=2.7186534271 wNMSE=0.012573674 wMSE=657.7225 wMRED=0.63326896 wER=0.207863 wMAE=9.2392 wBias=5.8589 condBias=13.4457 dotDrift=+14.621sigma uMRED=0.0196270545 uER=0.230469 uMAE=7.5781 WCE=144 bias=0.7500
[quad_soft:00800] loss=0.113019 tau=1.86 collapse_w=0.000 mid_frac=0.054 hard=score=2.1965018836 wNMSE=0.011245463 wMSE=588.2444 wMRED=0.63033115 wER=0.215483 wMAE=9.1325 wBias=5.2645 condBias=12.7033 dotDrift=+13.892sigma uMRED=0.0189820784 uER=0.238281 uMAE=7.0781 WCE=112 bias=-0.2500
[quad_soft:01000] loss=0.110675 tau=1.95 collapse_w=0.000 mid_frac=0.054 hard=score=2.1965018836 wNMSE=0.011245463 wMSE=588.2444 wMRED=0.63033115 wER=0.215483 wMAE=9.1325 wBias=5.2645 condBias=12.7033 dotDrift=+13.892sigma uMRED=0.0189820784 uER=0.238281 uMAE=7.0781 WCE=112 bias=-0.2500
[quad_soft:01200] loss=0.108688 tau=2.04 collapse_w=0.000 mid_frac=0.054 hard=score=2.6294796149 wNMSE=0.011692459 wMSE=611.6266 wMRED=0.65605270 wER=0.216657 wMAE=9.1583 wBias=5.7647 condBias=12.9043 dotDrift=+14.918sigma uMRED=0.0190196224 uER=0.251953 uMAE=6.9219 WCE=112 bias=0.2500
[quad_soft:01400] loss=0.106756 tau=2.13 collapse_w=0.000 mid_frac=0.054 hard=score=2.6294796149 wNMSE=0.011692459 wMSE=611.6266 wMRED=0.65605270 wER=0.216657 wMAE=9.1583 wBias=5.7647 condBias=12.9043 dotDrift=+14.918sigma uMRED=0.0190196224 uER=0.251953 uMAE=6.9219 WCE=112 bias=0.2500
[quad_soft:01600] loss=0.104832 tau=2.22 collapse_w=0.000 mid_frac=0.054 hard=score=2.6294796149 wNMSE=0.011692459 wMSE=611.6266 wMRED=0.65605270 wER=0.216657 wMAE=9.1583 wBias=5.7647 condBias=12.9043 dotDrift=+14.918sigma uMRED=0.0190196224 uER=0.251953 uMAE=6.9219 WCE=112 bias=0.2500
[quad_soft:01800] loss=0.102775 tau=2.31 collapse_w=0.000 mid_frac=0.054 hard=score=2.6294796149 wNMSE=0.011692459 wMSE=611.6266 wMRED=0.65605270 wER=0.216657 wMAE=9.1583 wBias=5.7647 condBias=12.9043 dotDrift=+14.918sigma uMRED=0.0190196224 uER=0.251953 uMAE=6.9219 WCE=112 bias=0.2500
[quad_soft:02000] loss=0.100738 tau=2.40 collapse_w=0.000 mid_frac=0.062 hard=score=1.7539965650 wNMSE=0.014938171 wMSE=781.4081 wMRED=0.67750478 wER=0.216657 wMAE=10.2357 wBias=4.6873 condBias=14.5698 dotDrift=+10.732sigma uMRED=0.0225736471 uER=0.251953 uMAE=8.9219 WCE=144 bias=-1.7500
[quad_soft:02200] loss=0.098632 tau=2.49 collapse_w=0.000 mid_frac=0.062 hard=score=1.7539965650 wNMSE=0.014938171 wMSE=781.4081 wMRED=0.67750478 wER=0.216657 wMAE=10.2357 wBias=4.6873 condBias=14.5698 dotDrift=+10.732sigma uMRED=0.0225736471 uER=0.251953 uMAE=8.9219 WCE=144 bias=-1.7500
[quad_soft:02400] loss=0.096478 tau=2.58 collapse_w=0.000 mid_frac=0.062 hard=score=1.7539965650 wNMSE=0.014938171 wMSE=781.4081 wMRED=0.67750478 wER=0.216657 wMAE=10.2357 wBias=4.6873 condBias=14.5698 dotDrift=+10.732sigma uMRED=0.0225736471 uER=0.251953 uMAE=8.9219 WCE=144 bias=-1.7500
[quad_soft:02600] loss=0.094282 tau=2.67 collapse_w=0.000 mid_frac=0.054 hard=score=1.4083948395 wNMSE=0.014539546 wMSE=760.5562 wMRED=0.67851775 wER=0.237181 wMAE=10.2928 wBias=4.1915 condBias=14.3924 dotDrift=+9.727sigma uMRED=0.0228153636 uER=0.267578 uMAE=9.0625 WCE=144 bias=-2.2500
[quad_soft:02800] loss=0.092093 tau=2.76 collapse_w=0.000 mid_frac=0.054 hard=score=1.4083948395 wNMSE=0.014539546 wMSE=760.5562 wMRED=0.67851775 wER=0.237181 wMAE=10.2928 wBias=4.1915 condBias=14.3924 dotDrift=+9.727sigma uMRED=0.0228153636 uER=0.267578 uMAE=9.0625 WCE=144 bias=-2.2500
[quad_soft:03000] loss=0.089962 tau=2.85 collapse_w=0.000 mid_frac=0.054 hard=score=1.4083948395 wNMSE=0.014539546 wMSE=760.5562 wMRED=0.67851775 wER=0.237181 wMAE=10.2928 wBias=4.1915 condBias=14.3924 dotDrift=+9.727sigma uMRED=0.0228153636 uER=0.267578 uMAE=9.0625 WCE=144 bias=-2.2500
[quad_soft:03200] loss=0.087862 tau=2.94 collapse_w=0.000 mid_frac=0.054 hard=score=1.4083948395 wNMSE=0.014539546 wMSE=760.5562 wMRED=0.67851775 wER=0.237181 wMAE=10.2928 wBias=4.1915 condBias=14.3924 dotDrift=+9.727sigma uMRED=0.0228153636 uER=0.267578 uMAE=9.0625 WCE=144 bias=-2.2500
[quad_soft:03400] loss=0.085740 tau=3.03 collapse_w=0.000 mid_frac=0.062 hard=score=1.4083948395 wNMSE=0.014539546 wMSE=760.5562 wMRED=0.67851775 wER=0.237181 wMAE=10.2928 wBias=4.1915 condBias=14.3924 dotDrift=+9.727sigma uMRED=0.0228153636 uER=0.267578 uMAE=9.0625 WCE=144 bias=-2.2500
[quad_soft:03600] loss=0.083651 tau=3.12 collapse_w=0.000 mid_frac=0.062 hard=score=1.4083948395 wNMSE=0.014539546 wMSE=760.5562 wMRED=0.67851775 wER=0.237181 wMAE=10.2928 wBias=4.1915 condBias=14.3924 dotDrift=+9.727sigma uMRED=0.0228153636 uER=0.267578 uMAE=9.0625 WCE=144 bias=-2.2500
[quad_soft:03800] loss=0.081555 tau=3.21 collapse_w=0.000 mid_frac=0.062 hard=score=1.4083948395 wNMSE=0.014539546 wMSE=760.5562 wMRED=0.67851775 wER=0.237181 wMAE=10.2928 wBias=4.1915 condBias=14.3924 dotDrift=+9.727sigma uMRED=0.0228153636 uER=0.267578 uMAE=9.0625 WCE=144 bias=-2.2500
[quad_soft:04000] loss=0.079463 tau=3.30 collapse_w=0.000 mid_frac=0.062 hard=score=1.4083948395 wNMSE=0.014539546 wMSE=760.5562 wMRED=0.67851775 wER=0.237181 wMAE=10.2928 wBias=4.1915 condBias=14.3924 dotDrift=+9.727sigma uMRED=0.0228153636 uER=0.267578 uMAE=9.0625 WCE=144 bias=-2.2500
[quad_soft:04200] loss=0.077256 tau=3.39 collapse_w=0.000 mid_frac=0.062 hard=score=3.1795716236 wNMSE=0.010544716 wMSE=551.5887 wMRED=0.64783171 wER=0.235060 wMAE=8.7018 wBias=6.3463 condBias=12.8891 dotDrift=+17.294sigma uMRED=0.0170304771 uER=0.261719 uMAE=5.7500 WCE=112 bias=1.7500
[quad_soft:04400] loss=0.075051 tau=3.48 collapse_w=0.000 mid_frac=0.071 hard=score=3.1795716236 wNMSE=0.010544716 wMSE=551.5887 wMRED=0.64783171 wER=0.235060 wMAE=8.7018 wBias=6.3463 condBias=12.8891 dotDrift=+17.294sigma uMRED=0.0170304771 uER=0.261719 uMAE=5.7500 WCE=112 bias=1.7500
[quad_soft:04600] loss=0.072844 tau=3.57 collapse_w=0.000 mid_frac=0.071 hard=score=3.1795716236 wNMSE=0.010544716 wMSE=551.5887 wMRED=0.64783171 wER=0.235060 wMAE=8.7018 wBias=6.3463 condBias=12.8891 dotDrift=+17.294sigma uMRED=0.0170304771 uER=0.261719 uMAE=5.7500 WCE=112 bias=1.7500
[quad_soft:04800] loss=0.070645 tau=3.66 collapse_w=0.000 mid_frac=0.071 hard=score=3.1795716236 wNMSE=0.010544716 wMSE=551.5887 wMRED=0.64783171 wER=0.235060 wMAE=8.7018 wBias=6.3463 condBias=12.8891 dotDrift=+17.294sigma uMRED=0.0170304771 uER=0.261719 uMAE=5.7500 WCE=112 bias=1.7500
[quad_soft:05000] loss=0.068421 tau=3.75 collapse_w=0.000 mid_frac=0.071 hard=score=3.1795716236 wNMSE=0.010544716 wMSE=551.5887 wMRED=0.64783171 wER=0.235060 wMAE=8.7018 wBias=6.3463 condBias=12.8891 dotDrift=+17.294sigma uMRED=0.0170304771 uER=0.261719 uMAE=5.7500 WCE=112 bias=1.7500
[quad_soft:05200] loss=0.066219 tau=3.84 collapse_w=0.000 mid_frac=0.071 hard=score=3.1795716236 wNMSE=0.010544716 wMSE=551.5887 wMRED=0.64783171 wER=0.235060 wMAE=8.7018 wBias=6.3463 condBias=12.8891 dotDrift=+17.294sigma uMRED=0.0170304771 uER=0.261719 uMAE=5.7500 WCE=112 bias=1.7500
[quad_soft:05400] loss=0.063992 tau=3.93 collapse_w=0.000 mid_frac=0.071 hard=score=3.2042422532 wNMSE=0.010545856 wMSE=551.6483 wMRED=0.64783400 wER=0.234766 wMAE=8.6977 wBias=6.3711 condBias=12.9014 dotDrift=+17.360sigma uMRED=0.0169551116 uER=0.253906 uMAE=5.6250 WCE=112 bias=2.2500
[quad_soft:05600] loss=0.061783 tau=4.02 collapse_w=0.000 mid_frac=0.071 hard=score=3.2042422532 wNMSE=0.010545856 wMSE=551.6483 wMRED=0.64783400 wER=0.234766 wMAE=8.6977 wBias=6.3711 condBias=12.9014 dotDrift=+17.360sigma uMRED=0.0169551116 uER=0.253906 uMAE=5.6250 WCE=112 bias=2.2500
[quad_soft:05800] loss=0.059559 tau=4.11 collapse_w=0.000 mid_frac=0.071 hard=score=3.2042422532 wNMSE=0.010545856 wMSE=551.6483 wMRED=0.64783400 wER=0.234766 wMAE=8.6977 wBias=6.3711 condBias=12.9014 dotDrift=+17.360sigma uMRED=0.0169551116 uER=0.253906 uMAE=5.6250 WCE=112 bias=2.2500
[quad_soft:06000] loss=0.057342 tau=4.20 collapse_w=0.000 mid_frac=0.071 hard=score=3.2834194254 wNMSE=0.010503596 wMSE=549.4378 wMRED=0.64607091 wER=0.234766 wMAE=8.6186 wBias=6.4501 condBias=12.9396 dotDrift=+17.611sigma uMRED=0.0167606762 uER=0.253906 uMAE=5.5000 WCE=112 bias=2.3750
[quad_soft:06200] loss=0.056231 tau=4.29 collapse_w=0.025 mid_frac=0.071 hard=score=3.2834194254 wNMSE=0.010503596 wMSE=549.4378 wMRED=0.64607091 wER=0.234766 wMAE=8.6186 wBias=6.4501 condBias=12.9396 dotDrift=+17.611sigma uMRED=0.0167606762 uER=0.253906 uMAE=5.5000 WCE=112 bias=2.3750
[quad_soft:06400] loss=0.054954 tau=4.38 collapse_w=0.050 mid_frac=0.071 hard=score=3.2834194254 wNMSE=0.010503596 wMSE=549.4378 wMRED=0.64607091 wER=0.234766 wMAE=8.6186 wBias=6.4501 condBias=12.9396 dotDrift=+17.611sigma uMRED=0.0167606762 uER=0.253906 uMAE=5.5000 WCE=112 bias=2.3750
[quad_soft:06600] loss=0.053575 tau=4.47 collapse_w=0.075 mid_frac=0.071 hard=score=3.2834194254 wNMSE=0.010503596 wMSE=549.4378 wMRED=0.64607091 wER=0.234766 wMAE=8.6186 wBias=6.4501 condBias=12.9396 dotDrift=+17.611sigma uMRED=0.0167606762 uER=0.253906 uMAE=5.5000 WCE=112 bias=2.3750
[quad_soft:06800] loss=0.052102 tau=4.56 collapse_w=0.100 mid_frac=0.071 hard=score=3.2834194254 wNMSE=0.010503596 wMSE=549.4378 wMRED=0.64607091 wER=0.234766 wMAE=8.6186 wBias=6.4501 condBias=12.9396 dotDrift=+17.611sigma uMRED=0.0167606762 uER=0.253906 uMAE=5.5000 WCE=112 bias=2.3750
[quad_soft:07000] loss=0.050547 tau=4.65 collapse_w=0.125 mid_frac=0.071 hard=score=3.2834194254 wNMSE=0.010503596 wMSE=549.4378 wMRED=0.64607091 wER=0.234766 wMAE=8.6186 wBias=6.4501 condBias=12.9396 dotDrift=+17.611sigma uMRED=0.0167606762 uER=0.253906 uMAE=5.5000 WCE=112 bias=2.3750
[quad_soft:07200] loss=0.048938 tau=4.74 collapse_w=0.150 mid_frac=0.054 hard=score=4.4663745174 wNMSE=0.012460782 wMSE=651.8172 wMRED=0.66627439 wER=0.236887 wMAE=9.6545 wBias=7.5275 condBias=15.0903 dotDrift=+18.870sigma uMRED=0.0200353004 uER=0.259766 uMAE=7.3906 WCE=112 bias=4.3750
[quad_soft:07400] loss=0.047259 tau=4.83 collapse_w=0.175 mid_frac=0.045 hard=score=4.4663745174 wNMSE=0.012460782 wMSE=651.8172 wMRED=0.66627439 wER=0.236887 wMAE=9.6545 wBias=7.5275 condBias=15.0903 dotDrift=+18.870sigma uMRED=0.0200353004 uER=0.259766 uMAE=7.3906 WCE=112 bias=4.3750
[quad_soft:07600] loss=0.045527 tau=4.92 collapse_w=0.200 mid_frac=0.045 hard=score=4.4663745174 wNMSE=0.012460782 wMSE=651.8172 wMRED=0.66627439 wER=0.236887 wMAE=9.6545 wBias=7.5275 condBias=15.0903 dotDrift=+18.870sigma uMRED=0.0200353004 uER=0.259766 uMAE=7.3906 WCE=112 bias=4.3750
[quad_soft:07800] loss=0.043743 tau=5.01 collapse_w=0.225 mid_frac=0.045 hard=score=4.4663745174 wNMSE=0.012460782 wMSE=651.8172 wMRED=0.66627439 wER=0.236887 wMAE=9.6545 wBias=7.5275 condBias=15.0903 dotDrift=+18.870sigma uMRED=0.0200353004 uER=0.259766 uMAE=7.3906 WCE=112 bias=4.3750
[quad_soft:08000] loss=0.041905 tau=5.10 collapse_w=0.250 mid_frac=0.045 hard=score=4.4663745174 wNMSE=0.012460782 wMSE=651.8172 wMRED=0.66627439 wER=0.236887 wMAE=9.6545 wBias=7.5275 condBias=15.0903 dotDrift=+18.870sigma uMRED=0.0200353004 uER=0.259766 uMAE=7.3906 WCE=112 bias=4.3750
[quad_soft:08200] loss=0.040018 tau=5.19 collapse_w=0.275 mid_frac=0.045 hard=score=4.4663745174 wNMSE=0.012460782 wMSE=651.8172 wMRED=0.66627439 wER=0.236887 wMAE=9.6545 wBias=7.5275 condBias=15.0903 dotDrift=+18.870sigma uMRED=0.0200353004 uER=0.259766 uMAE=7.3906 WCE=112 bias=4.3750
[quad_soft:08400] loss=0.038073 tau=5.28 collapse_w=0.300 mid_frac=0.036 hard=score=4.4663745174 wNMSE=0.012460782 wMSE=651.8172 wMRED=0.66627439 wER=0.236887 wMAE=9.6545 wBias=7.5275 condBias=15.0903 dotDrift=+18.870sigma uMRED=0.0200353004 uER=0.259766 uMAE=7.3906 WCE=112 bias=4.3750
[quad_soft:08600] loss=0.036074 tau=5.37 collapse_w=0.325 mid_frac=0.036 hard=score=4.4663745174 wNMSE=0.012460782 wMSE=651.8172 wMRED=0.66627439 wER=0.236887 wMAE=9.6545 wBias=7.5275 condBias=15.0903 dotDrift=+18.870sigma uMRED=0.0200353004 uER=0.259766 uMAE=7.3906 WCE=112 bias=4.3750
[quad_soft:08800] loss=0.034023 tau=5.46 collapse_w=0.350 mid_frac=0.036 hard=score=4.4663745174 wNMSE=0.012460782 wMSE=651.8172 wMRED=0.66627439 wER=0.236887 wMAE=9.6545 wBias=7.5275 condBias=15.0903 dotDrift=+18.870sigma uMRED=0.0200353004 uER=0.259766 uMAE=7.3906 WCE=112 bias=4.3750
[quad_soft:09000] loss=0.031877 tau=5.55 collapse_w=0.375 mid_frac=0.036 hard=score=4.4663745174 wNMSE=0.012460782 wMSE=651.8172 wMRED=0.66627439 wER=0.236887 wMAE=9.6545 wBias=7.5275 condBias=15.0903 dotDrift=+18.870sigma uMRED=0.0200353004 uER=0.259766 uMAE=7.3906 WCE=112 bias=4.3750
[quad_soft:09200] loss=0.029651 tau=5.64 collapse_w=0.400 mid_frac=0.036 hard=score=4.4663745174 wNMSE=0.012460782 wMSE=651.8172 wMRED=0.66627439 wER=0.236887 wMAE=9.6545 wBias=7.5275 condBias=15.0903 dotDrift=+18.870sigma uMRED=0.0200353004 uER=0.259766 uMAE=7.3906 WCE=112 bias=4.3750
[quad_soft:09400] loss=0.027266 tau=5.73 collapse_w=0.425 mid_frac=0.036 hard=score=4.4663745174 wNMSE=0.012460782 wMSE=651.8172 wMRED=0.66627439 wER=0.236887 wMAE=9.6545 wBias=7.5275 condBias=15.0903 dotDrift=+18.870sigma uMRED=0.0200353004 uER=0.259766 uMAE=7.3906 WCE=112 bias=4.3750
[quad_soft:09600] loss=0.024836 tau=5.82 collapse_w=0.450 mid_frac=0.036 hard=score=4.4663745174 wNMSE=0.012460782 wMSE=651.8172 wMRED=0.66627439 wER=0.236887 wMAE=9.6545 wBias=7.5275 condBias=15.0903 dotDrift=+18.870sigma uMRED=0.0200353004 uER=0.259766 uMAE=7.3906 WCE=112 bias=4.3750
[quad_soft:09800] loss=0.022227 tau=5.91 collapse_w=0.475 mid_frac=0.036 hard=score=4.4663745174 wNMSE=0.012460782 wMSE=651.8172 wMRED=0.66627439 wER=0.236887 wMAE=9.6545 wBias=7.5275 condBias=15.0903 dotDrift=+18.870sigma uMRED=0.0200353004 uER=0.259766 uMAE=7.3906 WCE=112 bias=4.3750
[quad_soft:09999] loss=0.019396 tau=6.00 collapse_w=0.500 mid_frac=0.036 hard=score=4.4663745174 wNMSE=0.012460782 wMSE=651.8172 wMRED=0.66627439 wER=0.236887 wMAE=9.6545 wBias=7.5275 condBias=15.0903 dotDrift=+18.870sigma uMRED=0.0200353004 uER=0.259766 uMAE=7.3906 WCE=112 bias=4.3750
[quad_hard_ste:00000] loss=4.502460 tau=6.00 collapse_w=0.500 mid_frac=0.036 hard=score=4.4663745174 wNMSE=0.012460782 wMSE=651.8172 wMRED=0.66627439 wER=0.236887 wMAE=9.6545 wBias=7.5275 condBias=15.0903 dotDrift=+18.870sigma uMRED=0.0200353004 uER=0.259766 uMAE=7.3906 WCE=112 bias=4.3750
[quad_hard_ste:00200] loss=1.515604 tau=6.00 collapse_w=0.500 mid_frac=0.054 hard=score=1.4772383333 wNMSE=0.014498426 wMSE=758.4053 wMRED=0.67675695 wER=0.236887 wMAE=10.2096 wBias=4.2953 condBias=14.3532 dotDrift=+9.982sigma uMRED=0.0225455627 uER=0.259766 uMAE=8.8125 WCE=144 bias=-1.6250
[quad_hard_ste:00275] loss=0.263236 tau=6.00 collapse_w=0.500 mid_frac=0.080 hard=score=0.2248142541 wNMSE=0.012756354 wMSE=667.2784 wMRED=0.61409044 wER=0.274060 wMAE=10.2545 wBias=1.5784 condBias=11.9604 dotDrift=+3.911sigma uMRED=0.0223230172 uER=0.267578 uMAE=9.2500 WCE=160 bias=-3.2500 *BEST*
[quad_hard_ste:00300] loss=0.210386 tau=6.00 collapse_w=0.500 mid_frac=0.089 hard=score=0.1711200501 wNMSE=0.012928141 wMSE=676.2645 wMRED=0.61937971 wER=0.274060 wMAE=10.4916 wBias=1.3413 condBias=12.1561 dotDrift=+3.301sigma uMRED=0.0229063234 uER=0.267578 uMAE=9.6250 WCE=160 bias=-3.6250 *BEST*
[quad_hard_ste:00375] loss=0.115565 tau=6.00 collapse_w=0.500 mid_frac=0.089 hard=score=0.0730415199 wNMSE=0.013393722 wMSE=700.6188 wMRED=0.66338482 wER=0.274060 wMAE=11.0968 wBias=0.7361 condBias=12.4210 dotDrift=+1.780sigma uMRED=0.0241766803 uER=0.267578 uMAE=10.1250 WCE=160 bias=-4.1250 *BEST*
[quad_hard_ste:00400] loss=0.091977 tau=6.00 collapse_w=0.500 mid_frac=0.089 hard=score=0.0500438378 wNMSE=0.01385869 wMSE=724.9410 wMRED=0.66795488 wER=0.279741 wMAE=11.3649 wBias=0.4680 condBias=13.1100 dotDrift=+1.112sigma uMRED=0.0249696867 uER=0.273438 uMAE=10.6250 WCE=176 bias=-4.6250 *BEST*
[quad_hard_ste:00550] loss=0.076874 tau=6.00 collapse_w=0.500 mid_frac=0.089 hard=score=0.0330250645 wNMSE=0.013717977 wMSE=717.5804 wMRED=0.69625267 wER=0.315494 wMAE=11.5191 wBias=-0.0328 condBias=13.0780 dotDrift=-0.078sigma uMRED=0.0256446136 uER=0.304688 uMAE=10.8750 WCE=184 bias=-5.1250 *BEST*
[quad_hard_ste:00600] loss=0.076182 tau=6.00 collapse_w=0.500 mid_frac=0.089 hard=score=0.0330250645 wNMSE=0.013717977 wMSE=717.5804 wMRED=0.69625267 wER=0.315494 wMAE=11.5191 wBias=-0.0328 condBias=13.0780 dotDrift=-0.078sigma uMRED=0.0256446136 uER=0.304688 uMAE=10.8750 WCE=184 bias=-5.1250
[quad_hard_ste:00800] loss=0.074200 tau=6.00 collapse_w=0.500 mid_frac=0.089 hard=score=0.0330250645 wNMSE=0.013717977 wMSE=717.5804 wMRED=0.69625267 wER=0.315494 wMAE=11.5191 wBias=-0.0328 condBias=13.0780 dotDrift=-0.078sigma uMRED=0.0256446136 uER=0.304688 uMAE=10.8750 WCE=184 bias=-5.1250
[quad_hard_ste:01000] loss=0.072919 tau=6.00 collapse_w=0.500 mid_frac=0.089 hard=score=0.0330250645 wNMSE=0.013717977 wMSE=717.5804 wMRED=0.69625267 wER=0.315494 wMAE=11.5191 wBias=-0.0328 condBias=13.0780 dotDrift=-0.078sigma uMRED=0.0256446136 uER=0.304688 uMAE=10.8750 WCE=184 bias=-5.1250
[quad_hard_ste:01200] loss=0.072036 tau=6.00 collapse_w=0.500 mid_frac=0.089 hard=score=0.0330250645 wNMSE=0.013717977 wMSE=717.5804 wMRED=0.69625267 wER=0.315494 wMAE=11.5191 wBias=-0.0328 condBias=13.0780 dotDrift=-0.078sigma uMRED=0.0256446136 uER=0.304688 uMAE=10.8750 WCE=184 bias=-5.1250
[quad_hard_ste:01400] loss=0.071389 tau=6.00 collapse_w=0.500 mid_frac=0.089 hard=score=0.0330250645 wNMSE=0.013717977 wMSE=717.5804 wMRED=0.69625267 wER=0.315494 wMAE=11.5191 wBias=-0.0328 condBias=13.0780 dotDrift=-0.078sigma uMRED=0.0256446136 uER=0.304688 uMAE=10.8750 WCE=184 bias=-5.1250
[quad_hard_ste:01600] loss=0.070901 tau=6.00 collapse_w=0.500 mid_frac=0.089 hard=score=0.0330250645 wNMSE=0.013717977 wMSE=717.5804 wMRED=0.69625267 wER=0.315494 wMAE=11.5191 wBias=-0.0328 condBias=13.0780 dotDrift=-0.078sigma uMRED=0.0256446136 uER=0.304688 uMAE=10.8750 WCE=184 bias=-5.1250
[quad_hard_ste:01800] loss=0.070536 tau=6.00 collapse_w=0.500 mid_frac=0.089 hard=score=0.0330250645 wNMSE=0.013717977 wMSE=717.5804 wMRED=0.69625267 wER=0.315494 wMAE=11.5191 wBias=-0.0328 condBias=13.0780 dotDrift=-0.078sigma uMRED=0.0256446136 uER=0.304688 uMAE=10.8750 WCE=184 bias=-5.1250
[quad_hard_ste:02000] loss=0.070292 tau=6.00 collapse_w=0.500 mid_frac=0.080 hard=score=0.0330250645 wNMSE=0.013717977 wMSE=717.5804 wMRED=0.69625267 wER=0.315494 wMAE=11.5191 wBias=-0.0328 condBias=13.0780 dotDrift=-0.078sigma uMRED=0.0256446136 uER=0.304688 uMAE=10.8750 WCE=184 bias=-5.1250
[quad_hard_ste:02200] loss=0.070195 tau=6.00 collapse_w=0.500 mid_frac=0.071 hard=score=0.0330250645 wNMSE=0.013717977 wMSE=717.5804 wMRED=0.69625267 wER=0.315494 wMAE=11.5191 wBias=-0.0328 condBias=13.0780 dotDrift=-0.078sigma uMRED=0.0256446136 uER=0.304688 uMAE=10.8750 WCE=184 bias=-5.1250
[quad_hard_ste:02400] loss=0.070010 tau=6.00 collapse_w=0.500 mid_frac=0.071 hard=score=0.0330250645 wNMSE=0.013717977 wMSE=717.5804 wMRED=0.69625267 wER=0.315494 wMAE=11.5191 wBias=-0.0328 condBias=13.0780 dotDrift=-0.078sigma uMRED=0.0256446136 uER=0.304688 uMAE=10.8750 WCE=184 bias=-5.1250
[quad_hard_ste:02600] loss=0.069612 tau=6.00 collapse_w=0.500 mid_frac=0.071 hard=score=0.0330250645 wNMSE=0.013717977 wMSE=717.5804 wMRED=0.69625267 wER=0.315494 wMAE=11.5191 wBias=-0.0328 condBias=13.0780 dotDrift=-0.078sigma uMRED=0.0256446136 uER=0.304688 uMAE=10.8750 WCE=184 bias=-5.1250
[quad_hard_ste:02800] loss=0.069303 tau=6.00 collapse_w=0.500 mid_frac=0.071 hard=score=0.0330250645 wNMSE=0.013717977 wMSE=717.5804 wMRED=0.69625267 wER=0.315494 wMAE=11.5191 wBias=-0.0328 condBias=13.0780 dotDrift=-0.078sigma uMRED=0.0256446136 uER=0.304688 uMAE=10.8750 WCE=184 bias=-5.1250
[quad_hard_ste:03000] loss=0.069048 tau=6.00 collapse_w=0.500 mid_frac=0.071 hard=score=0.0330250645 wNMSE=0.013717977 wMSE=717.5804 wMRED=0.69625267 wER=0.315494 wMAE=11.5191 wBias=-0.0328 condBias=13.0780 dotDrift=-0.078sigma uMRED=0.0256446136 uER=0.304688 uMAE=10.8750 WCE=184 bias=-5.1250
[quad_hard_ste:03200] loss=0.068840 tau=6.00 collapse_w=0.500 mid_frac=0.071 hard=score=0.0330250645 wNMSE=0.013717977 wMSE=717.5804 wMRED=0.69625267 wER=0.315494 wMAE=11.5191 wBias=-0.0328 condBias=13.0780 dotDrift=-0.078sigma uMRED=0.0256446136 uER=0.304688 uMAE=10.8750 WCE=184 bias=-5.1250
[quad_hard_ste:03400] loss=0.068664 tau=6.00 collapse_w=0.500 mid_frac=0.062 hard=score=0.1090620816 wNMSE=0.0099761258 wMSE=521.8461 wMRED=0.67480059 wER=0.315494 wMAE=10.4417 wBias=1.0447 condBias=10.5906 dotDrift=+2.927sigma uMRED=0.0220905889 uER=0.304688 uMAE=8.8750 WCE=120 bias=-3.1250
[quad_hard_ste:03600] loss=0.068514 tau=6.00 collapse_w=0.500 mid_frac=0.071 hard=score=0.0330250645 wNMSE=0.013717977 wMSE=717.5804 wMRED=0.69625267 wER=0.315494 wMAE=11.5191 wBias=-0.0328 condBias=13.0780 dotDrift=-0.078sigma uMRED=0.0256446136 uER=0.304688 uMAE=10.8750 WCE=184 bias=-5.1250
[quad_hard_ste:03800] loss=0.068381 tau=6.00 collapse_w=0.500 mid_frac=0.080 hard=score=0.0330250645 wNMSE=0.013717977 wMSE=717.5804 wMRED=0.69625267 wER=0.315494 wMAE=11.5191 wBias=-0.0328 condBias=13.0780 dotDrift=-0.078sigma uMRED=0.0256446136 uER=0.304688 uMAE=10.8750 WCE=184 bias=-5.1250
[quad_hard_ste:03999] loss=0.068264 tau=6.00 collapse_w=0.500 mid_frac=0.080 hard=score=0.0330250645 wNMSE=0.013717977 wMSE=717.5804 wMRED=0.69625267 wER=0.315494 wMAE=11.5191 wBias=-0.0328 condBias=13.0780 dotDrift=-0.078sigma uMRED=0.0256446136 uER=0.304688 uMAE=10.8750 WCE=184 bias=-5.1250
[pop00_soft:00000] loss=2.563619 tau=1.50 collapse_w=0.000 mid_frac=0.375 hard=score=50.3336385109 wNMSE=0.6689828 wMSE=34994.1490 wMRED=5.47426161 wER=0.437075 wMAE=55.9533 wBias=25.0607 condBias=75.9172 dotDrift=+8.574sigma uMRED=0.1650918750 uER=0.437500 uMAE=74.5117 WCE=3904 bias=45.1875
[pop00_soft:00200] loss=1.229923 tau=2.25 collapse_w=0.000 mid_frac=0.366 hard=score=1.5201614840 wNMSE=0.10385516 wMSE=5432.6104 wMRED=1.24609605 wER=0.351198 wMAE=30.1780 wBias=4.0925 condBias=37.4868 dotDrift=+3.554sigma uMRED=0.1007713228 uER=0.418945 uMAE=63.0625 WCE=440 bias=30.5000
[pop00_soft:00400] loss=0.395881 tau=3.00 collapse_w=0.000 mid_frac=0.321 hard=score=4.5289910843 wNMSE=0.043118431 wMSE=2255.5032 wMRED=1.09947946 wER=0.361511 wMAE=22.4676 wBias=-7.5348 condBias=17.7578 dotDrift=-10.154sigma uMRED=0.0646059239 uER=0.417969 uMAE=40.3906 WCE=372 bias=-0.3750
[pop00_soft:00600] loss=0.208651 tau=3.75 collapse_w=0.000 mid_frac=0.241 hard=score=6.0695946880 wNMSE=0.035597347 wMSE=1862.0791 wMRED=0.97419097 wER=0.361864 wMAE=19.9325 wBias=-8.7494 condBias=17.7752 dotDrift=-12.977sigma uMRED=0.0602520552 uER=0.405273 uMAE=38.2109 WCE=372 bias=-12.5000
[pop00_soft:00800] loss=0.108694 tau=4.50 collapse_w=0.084 mid_frac=0.259 hard=score=0.5059096235 wNMSE=0.027998875 wMSE=1464.6069 wMRED=0.70572515 wER=0.359435 wMAE=16.1287 wBias=2.3658 condBias=20.5538 dotDrift=+3.956sigma uMRED=0.0569783268 uER=0.382812 uMAE=35.4609 WCE=372 bias=-17.7500
[pop00_soft:01000] loss=0.087520 tau=5.25 collapse_w=0.293 mid_frac=0.232 hard=score=0.4730846855 wNMSE=0.028315495 wMSE=1481.1691 wMRED=0.70616141 wER=0.359435 wMAE=16.1448 wBias=2.2666 condBias=20.9500 dotDrift=+3.769sigma uMRED=0.0577216546 uER=0.382812 uMAE=35.7734 WCE=408 bias=-19.7500
[pop00_soft:01199] loss=0.063142 tau=6.00 collapse_w=0.500 mid_frac=0.196 hard=score=0.4730846855 wNMSE=0.028315495 wMSE=1481.1691 wMRED=0.70616141 wER=0.359435 wMAE=16.1448 wBias=2.2666 condBias=20.9500 dotDrift=+3.769sigma uMRED=0.0577216546 uER=0.382812 uMAE=35.7734 WCE=408 bias=-19.7500
[pop00_hard:00000] loss=0.517864 tau=6.00 collapse_w=0.500 mid_frac=0.196 hard=score=0.4730846855 wNMSE=0.028315495 wMSE=1481.1691 wMRED=0.70616141 wER=0.359435 wMAE=16.1448 wBias=2.2666 condBias=20.9500 dotDrift=+3.769sigma uMRED=0.0577216546 uER=0.382812 uMAE=35.7734 WCE=408 bias=-19.7500
[pop00_hard:00200] loss=7.934171 tau=6.00 collapse_w=0.500 mid_frac=0.196 hard=score=7.8778019673 wNMSE=0.037948657 wMSE=1985.0749 wMRED=0.98741986 wER=0.359435 wMAE=20.1391 wBias=-9.9766 condBias=20.2771 dotDrift=-14.331sigma uMRED=0.0620926919 uER=0.382812 uMAE=36.7109 WCE=408 bias=-23.7500
[pop00_hard:00400] loss=7.013280 tau=6.00 collapse_w=0.500 mid_frac=0.188 hard=score=6.9610028751 wNMSE=0.037572681 wMSE=1965.4078 wMRED=0.94453157 wER=0.359435 wMAE=19.6069 wBias=-9.3713 condBias=20.0291 dotDrift=-13.529sigma uMRED=0.0612126346 uER=0.382812 uMAE=36.4609 WCE=408 bias=-23.2500
[pop00_hard:00599] loss=0.303129 tau=6.00 collapse_w=0.500 mid_frac=0.134 hard=score=0.2599052627 wNMSE=0.043758449 wMSE=2288.9821 wMRED=0.89972729 wER=0.334216 wMAE=18.3517 wBias=-1.3895 condBias=21.8672 dotDrift=-1.859sigma uMRED=0.0686819860 uER=0.380859 uMAE=45.5547 WCE=496 bias=30.8750
[pop00] done (conf=0.53, noise=0.5); global best score=0.0330250645 wNMSE=0.013717977 wMSE=717.5804 wMRED=0.69625267 wER=0.315494 wMAE=11.5191 wBias=-0.0328 condBias=13.0780 dotDrift=-0.078sigma uMRED=0.0256446136 uER=0.304688 uMAE=10.8750 WCE=184 bias=-5.1250
[pop01_soft:00000] loss=4.451349 tau=1.50 collapse_w=0.000 mid_frac=0.366 hard=score=355.7740582958 wNMSE=0.65315603 wMSE=34166.2591 wMRED=4.77500012 wER=0.432700 wMAE=84.8238 wBias=67.2881 condBias=121.3766 dotDrift=+23.298sigma uMRED=0.1829190116 uER=0.431641 uMAE=84.8652 WCE=897 bias=32.4375
[pop01_soft:00200] loss=1.587242 tau=2.25 collapse_w=0.000 mid_frac=0.393 hard=score=76.1818309977 wNMSE=0.5269538 wMSE=27564.6849 wMRED=4.57193668 wER=0.437075 wMAE=80.3551 wBias=30.9822 condBias=86.4579 dotDrift=+11.943sigma uMRED=0.1921877288 uER=0.437500 uMAE=97.3633 WCE=624 bias=-36.0000
[pop01_soft:00400] loss=0.604337 tau=3.00 collapse_w=0.000 mid_frac=0.375 hard=score=43.3068885664 wNMSE=0.13130375 wMSE=6868.4321 wMRED=1.46928589 wER=0.356850 wMAE=32.5693 wBias=-23.4577 condBias=37.7250 dotDrift=-18.115sigma uMRED=0.1091055269 uER=0.423828 uMAE=68.3750 WCE=560 bias=-58.6250
[pop01_soft:00600] loss=0.212189 tau=3.75 collapse_w=0.000 mid_frac=0.366 hard=score=4.3570123715 wNMSE=0.048255214 wMSE=2524.2057 wMRED=0.69386569 wER=0.334504 wMAE=18.1299 wBias=-7.3708 condBias=25.7482 dotDrift=-9.389sigma uMRED=0.0798188561 uER=0.416016 uMAE=54.2344 WCE=432 bias=-48.2500
[pop01_soft:00800] loss=0.133496 tau=4.50 collapse_w=0.084 mid_frac=0.339 hard=score=3.3599458656 wNMSE=0.050996346 wMSE=2667.5928 wMRED=0.87527511 wER=0.318263 wMAE=18.9165 wBias=-6.4476 condBias=27.7974 dotDrift=-7.989sigma uMRED=0.0774621787 uER=0.410156 uMAE=49.6875 WCE=368 bias=-45.2500
[pop01_soft:01000] loss=0.103388 tau=5.25 collapse_w=0.293 mid_frac=0.286 hard=score=2.8770138725 wNMSE=0.047966332 wMSE=2509.0944 wMRED=0.87618472 wER=0.315790 wMAE=18.4266 wBias=-5.9573 condBias=26.1245 dotDrift=-7.611sigma uMRED=0.0760586796 uER=0.407227 uMAE=48.8906 WCE=364 bias=-44.0000
[pop01_soft:01199] loss=0.076305 tau=6.00 collapse_w=0.500 mid_frac=0.250 hard=score=2.8770138725 wNMSE=0.047966332 wMSE=2509.0944 wMRED=0.87618472 wER=0.315790 wMAE=18.4266 wBias=-5.9573 condBias=26.1245 dotDrift=-7.611sigma uMRED=0.0760586796 uER=0.407227 uMAE=48.8906 WCE=364 bias=-44.0000
[pop01_hard:00000] loss=2.930234 tau=6.00 collapse_w=0.500 mid_frac=0.250 hard=score=2.8770138725 wNMSE=0.047966332 wMSE=2509.0944 wMRED=0.87618472 wER=0.315790 wMAE=18.4266 wBias=-5.9573 condBias=26.1245 dotDrift=-7.611sigma uMRED=0.0760586796 uER=0.407227 uMAE=48.8906 WCE=364 bias=-44.0000
[pop01_hard:00200] loss=2.927395 tau=6.00 collapse_w=0.500 mid_frac=0.250 hard=score=2.8770138725 wNMSE=0.047966332 wMSE=2509.0944 wMRED=0.87618472 wER=0.315790 wMAE=18.4266 wBias=-5.9573 condBias=26.1245 dotDrift=-7.611sigma uMRED=0.0760586796 uER=0.407227 uMAE=48.8906 WCE=364 bias=-44.0000
[pop01_hard:00400] loss=2.554735 tau=6.00 collapse_w=0.500 mid_frac=0.241 hard=score=2.5000808458 wNMSE=0.044972205 wMSE=2352.4731 wMRED=0.87210442 wER=0.315790 wMAE=18.0166 wBias=-5.5473 condBias=25.3009 dotDrift=-7.320sigma uMRED=0.0668747570 uER=0.407227 uMAE=40.8906 WCE=320 bias=-36.0000
[pop01_hard:00599] loss=1.366060 tau=6.00 collapse_w=0.500 mid_frac=0.223 hard=score=1.3128007372 wNMSE=0.041780084 wMSE=2185.4949 wMRED=0.87425046 wER=0.315790 wMAE=17.3207 wBias=-3.9602 condBias=24.2131 dotDrift=-5.422sigma uMRED=0.0633724627 uER=0.407227 uMAE=38.6406 WCE=320 bias=-33.5000
[pop01] done (conf=0.51, noise=1.0); global best score=0.0330250645 wNMSE=0.013717977 wMSE=717.5804 wMRED=0.69625267 wER=0.315494 wMAE=11.5191 wBias=-0.0328 condBias=13.0780 dotDrift=-0.078sigma uMRED=0.0256446136 uER=0.304688 uMAE=10.8750 WCE=184 bias=-5.1250
[pop02_soft:00000] loss=4.565899 tau=1.50 collapse_w=0.000 mid_frac=0.277 hard=score=79.9153250115 wNMSE=2.8271922 wMSE=147888.9805 wMRED=14.36983515 wER=0.436144 wMAE=192.2539 wBias=31.0159 condBias=201.5995 dotDrift=+5.162sigma uMRED=0.3209808127 uER=0.428711 uMAE=95.4395 WCE=936 bias=19.8125
[pop02_soft:00200] loss=1.819792 tau=2.25 collapse_w=0.000 mid_frac=0.286 hard=score=477.6348252058 wNMSE=1.19621 wMSE=62573.1379 wMRED=7.98961445 wER=0.385722 wMAE=106.2755 wBias=-77.9253 condBias=139.6899 dotDrift=-19.937sigma uMRED=0.2326548768 uER=0.416992 uMAE=91.5234 WCE=857 bias=-58.0625
[pop02_soft:00400] loss=0.593377 tau=3.00 collapse_w=0.000 mid_frac=0.196 hard=score=8.7897410174 wNMSE=0.034431965 wMSE=1801.1185 wMRED=0.96149455 wER=0.347650 wMAE=19.8799 wBias=-10.5490 condBias=21.3054 dotDrift=-15.908sigma uMRED=0.0628563853 uER=0.410156 uMAE=40.5938 WCE=352 bias=10.0000
[pop02_soft:00600] loss=0.193051 tau=3.75 collapse_w=0.000 mid_frac=0.152 hard=score=1.2208440415 wNMSE=0.035127165 wMSE=1837.4841 wMRED=0.77371320 wER=0.361566 wMAE=18.3790 wBias=-3.7949 condBias=25.3485 dotDrift=-5.666sigma uMRED=0.0656668639 uER=0.410156 uMAE=41.4453 WCE=520 bias=-28.0000
[pop02_soft:00800] loss=0.102483 tau=4.50 collapse_w=0.084 mid_frac=0.205 hard=score=0.0719145605 wNMSE=0.024560031 wMSE=1284.7227 wMRED=0.72743172 wER=0.346689 wMAE=15.8919 wBias=-0.3836 condBias=21.5140 dotDrift=-0.685sigma uMRED=0.0507570351 uER=0.389648 uMAE=30.0859 WCE=284 bias=-2.8750
[pop02_soft:01000] loss=0.077228 tau=5.25 collapse_w=0.293 mid_frac=0.152 hard=score=0.0972258039 wNMSE=0.022268447 wMSE=1164.8511 wMRED=0.68733266 wER=0.335078 wMAE=14.7881 wBias=0.7332 condBias=20.4237 dotDrift=+1.375sigma uMRED=0.0489551797 uER=0.400391 uMAE=29.8359 WCE=268 bias=-2.3750
[pop02_soft:01199] loss=0.052461 tau=6.00 collapse_w=0.500 mid_frac=0.116 hard=score=0.0706312277 wNMSE=0.026141786 wMSE=1367.4635 wMRED=0.70878473 wER=0.335078 wMAE=15.8655 wBias=-0.3442 condBias=21.7433 dotDrift=-0.596sigma uMRED=0.0525092044 uER=0.400391 uMAE=31.8359 WCE=268 bias=-4.3750
[pop02_hard:00000] loss=0.118730 tau=6.00 collapse_w=0.500 mid_frac=0.116 hard=score=0.0706312277 wNMSE=0.026141786 wMSE=1367.4635 wMRED=0.70878473 wER=0.335078 wMAE=15.8655 wBias=-0.3442 condBias=21.7433 dotDrift=-0.596sigma uMRED=0.0525092044 uER=0.400391 uMAE=31.8359 WCE=268 bias=-4.3750
[pop02_hard:00200] loss=0.113586 tau=6.00 collapse_w=0.500 mid_frac=0.107 hard=score=0.0706312277 wNMSE=0.026141786 wMSE=1367.4635 wMRED=0.70878473 wER=0.335078 wMAE=15.8655 wBias=-0.3442 condBias=21.7433 dotDrift=-0.596sigma uMRED=0.0525092044 uER=0.400391 uMAE=31.8359 WCE=268 bias=-4.3750
[pop02_hard:00400] loss=0.231330 tau=6.00 collapse_w=0.500 mid_frac=0.098 hard=score=0.1917885754 wNMSE=0.020069494 wMSE=1049.8250 wMRED=0.68277827 wER=0.330532 wMAE=14.1733 wBias=1.3480 condBias=18.1855 dotDrift=+2.663sigma uMRED=0.0465286201 uER=0.385742 uMAE=27.8359 WCE=256 bias=-0.3750
[pop02_hard:00599] loss=0.230039 tau=6.00 collapse_w=0.500 mid_frac=0.107 hard=score=0.0706312277 wNMSE=0.026141786 wMSE=1367.4635 wMRED=0.70878473 wER=0.335078 wMAE=15.8655 wBias=-0.3442 condBias=21.7433 dotDrift=-0.596sigma uMRED=0.0525092044 uER=0.400391 uMAE=31.8359 WCE=268 bias=-4.3750
[pop02] done (conf=0.53, noise=0.5); global best score=0.0330250645 wNMSE=0.013717977 wMSE=717.5804 wMRED=0.69625267 wER=0.315494 wMAE=11.5191 wBias=-0.0328 condBias=13.0780 dotDrift=-0.078sigma uMRED=0.0256446136 uER=0.304688 uMAE=10.8750 WCE=184 bias=-5.1250
[pop03_soft:00000] loss=2.732430 tau=1.50 collapse_w=0.000 mid_frac=0.446 hard=score=88.8625550888 wNMSE=0.59805133 wMSE=31283.7602 wMRED=5.66496454 wER=0.435952 wMAE=92.2200 wBias=33.5031 condBias=91.0536 dotDrift=+12.123sigma uMRED=0.2145114288 uER=0.431641 uMAE=100.3027 WCE=672 bias=53.0000
[pop03_soft:00200] loss=1.819386 tau=2.25 collapse_w=0.000 mid_frac=0.438 hard=score=154.2720697248 wNMSE=0.83642353 wMSE=43752.8883 wMRED=5.85165098 wER=0.403648 wMAE=84.2805 wBias=-44.1840 condBias=105.8024 dotDrift=-13.519sigma uMRED=0.2091386221 uER=0.422852 uMAE=92.7695 WCE=672 bias=11.6250
[pop03_soft:00400] loss=1.705291 tau=3.00 collapse_w=0.000 mid_frac=0.438 hard=score=78.0143161196 wNMSE=0.59292624 wMSE=31015.6693 wMRED=4.76803376 wER=0.376106 wMAE=71.4661 wBias=-31.3642 condBias=88.8319 dotDrift=-11.398sigma uMRED=0.1839938902 uER=0.404297 uMAE=85.0312 WCE=672 bias=19.8750
[pop03_soft:00600] loss=1.165057 tau=3.75 collapse_w=0.000 mid_frac=0.438 hard=score=85.9919459946 wNMSE=0.45468566 wMSE=23784.3750 wMRED=4.26642670 wER=0.368451 wMAE=62.1643 wBias=-32.9896 condBias=76.2674 dotDrift=-13.690sigma uMRED=0.1591727453 uER=0.410156 uMAE=73.3750 WCE=448 bias=13.7500
[pop03_soft:00800] loss=0.957395 tau=4.50 collapse_w=0.084 mid_frac=0.438 hard=score=81.0955141699 wNMSE=0.44989852 wMSE=23533.9620 wMRED=4.25311555 wER=0.368248 wMAE=62.0310 wBias=-32.0297 condBias=75.9704 dotDrift=-13.362sigma uMRED=0.1584770145 uER=0.395508 uMAE=72.3438 WCE=440 bias=17.0000
[pop03_soft:01000] loss=0.819881 tau=5.25 collapse_w=0.293 mid_frac=0.402 hard=score=81.6378492566 wNMSE=0.44966115 wMSE=23521.5456 wMRED=4.25299465 wER=0.369535 wMAE=62.0830 wBias=-32.1379 condBias=75.8693 dotDrift=-13.411sigma uMRED=0.1586263109 uER=0.404297 uMAE=72.8438 WCE=440 bias=16.0000
[pop03_soft:01199] loss=0.687444 tau=6.00 collapse_w=0.500 mid_frac=0.402 hard=score=81.6378492566 wNMSE=0.44966115 wMSE=23521.5456 wMRED=4.25299465 wER=0.369535 wMAE=62.0830 wBias=-32.1379 condBias=75.8693 dotDrift=-13.411sigma uMRED=0.1586263109 uER=0.404297 uMAE=72.8438 WCE=440 bias=16.0000
[pop03_hard:00000] loss=81.861183 tau=6.00 collapse_w=0.500 mid_frac=0.402 hard=score=81.6378492566 wNMSE=0.44966115 wMSE=23521.5456 wMRED=4.25299465 wER=0.369535 wMAE=62.0830 wBias=-32.1379 condBias=75.8693 dotDrift=-13.411sigma uMRED=0.1586263109 uER=0.404297 uMAE=72.8438 WCE=440 bias=16.0000
[pop03_hard:00200] loss=81.858963 tau=6.00 collapse_w=0.500 mid_frac=0.393 hard=score=81.6378492566 wNMSE=0.44966115 wMSE=23521.5456 wMRED=4.25299465 wER=0.369535 wMAE=62.0830 wBias=-32.1379 condBias=75.8693 dotDrift=-13.411sigma uMRED=0.1586263109 uER=0.404297 uMAE=72.8438 WCE=440 bias=16.0000
[pop03_hard:00400] loss=81.860657 tau=6.00 collapse_w=0.500 mid_frac=0.393 hard=score=81.6378492566 wNMSE=0.44966115 wMSE=23521.5456 wMRED=4.25299465 wER=0.369535 wMAE=62.0830 wBias=-32.1379 condBias=75.8693 dotDrift=-13.411sigma uMRED=0.1586263109 uER=0.404297 uMAE=72.8438 WCE=440 bias=16.0000
[pop03_hard:00599] loss=65.113411 tau=6.00 collapse_w=0.500 mid_frac=0.295 hard=score=64.8884887973 wNMSE=0.46058958 wMSE=24093.2063 wMRED=4.39877922 wER=0.351254 wMAE=64.5881 wBias=-28.6145 condBias=76.7953 dotDrift=-11.798sigma uMRED=0.1697697316 uER=0.400391 uMAE=80.1953 WCE=528 bias=25.6250
[pop03] done (conf=0.51, noise=1.0); global best score=0.0330250645 wNMSE=0.013717977 wMSE=717.5804 wMRED=0.69625267 wER=0.315494 wMAE=11.5191 wBias=-0.0328 condBias=13.0780 dotDrift=-0.078sigma uMRED=0.0256446136 uER=0.304688 uMAE=10.8750 WCE=184 bias=-5.1250
[pop04_soft:00000] loss=4.433926 tau=1.50 collapse_w=0.000 mid_frac=0.312 hard=score=79.5406346176 wNMSE=0.66208534 wMSE=34633.3469 wMRED=8.96298596 wER=0.434867 wMAE=52.3475 wBias=31.6524 condBias=72.6541 dotDrift=+10.885sigma uMRED=0.1765091483 uER=0.422852 uMAE=61.3286 WCE=3965 bias=24.1250
[pop04_soft:00200] loss=1.406780 tau=2.25 collapse_w=0.000 mid_frac=0.268 hard=score=44.2684626566 wNMSE=0.10061963 wMSE=5263.3614 wMRED=2.19289034 wER=0.360991 wMAE=30.4758 wBias=-23.7211 condBias=46.7445 dotDrift=-20.926sigma uMRED=0.0900031130 uER=0.398438 uMAE=47.4375 WCE=380 bias=-32.6250
[pop04_soft:00400] loss=0.260531 tau=3.00 collapse_w=0.000 mid_frac=0.196 hard=score=0.4142194473 wNMSE=0.024194032 wMSE=1265.5775 wMRED=0.53334147 wER=0.343685 wMAE=14.4016 wBias=-2.1349 condBias=18.2356 dotDrift=-3.841sigma uMRED=0.0530928105 uER=0.370117 uMAE=33.8438 WCE=320 bias=-20.1250
[pop04_soft:00600] loss=0.105078 tau=3.75 collapse_w=0.000 mid_frac=0.196 hard=score=0.0562453390 wNMSE=0.023325739 wMSE=1220.1575 wMRED=0.46253539 wER=0.316509 wMAE=12.6037 wBias=0.0360 condBias=17.7375 dotDrift=+0.066sigma uMRED=0.0496100475 uER=0.356445 uMAE=31.8906 WCE=320 bias=-17.0000
[pop04_soft:00800] loss=0.075225 tau=4.50 collapse_w=0.084 mid_frac=0.188 hard=score=0.0770049144 wNMSE=0.021009075 wMSE=1098.9740 wMRED=0.45632750 wER=0.314568 wMAE=12.0508 wBias=0.6332 condBias=16.6531 dotDrift=+1.223sigma uMRED=0.0397713279 uER=0.338867 uMAE=23.3359 WCE=208 bias=-7.8750
[pop04_soft:01000] loss=0.061430 tau=5.25 collapse_w=0.293 mid_frac=0.196 hard=score=0.0617865946 wNMSE=0.021053141 wMSE=1101.2791 wMRED=0.45683048 wER=0.314332 wMAE=12.1545 wBias=0.4534 condBias=16.6167 dotDrift=+0.874sigma uMRED=0.0399228481 uER=0.335938 uMAE=23.4453 WCE=208 bias=-8.1250
[pop04_soft:01199] loss=0.044131 tau=6.00 collapse_w=0.500 mid_frac=0.196 hard=score=0.0617865946 wNMSE=0.021053141 wMSE=1101.2791 wMRED=0.45683048 wER=0.314332 wMAE=12.1545 wBias=0.4534 condBias=16.6167 dotDrift=+0.874sigma uMRED=0.0399228481 uER=0.335938 uMAE=23.4453 WCE=208 bias=-8.1250
[pop04_hard:00000] loss=0.099800 tau=6.00 collapse_w=0.500 mid_frac=0.196 hard=score=0.0617865946 wNMSE=0.021053141 wMSE=1101.2791 wMRED=0.45683048 wER=0.314332 wMAE=12.1545 wBias=0.4534 condBias=16.6167 dotDrift=+0.874sigma uMRED=0.0399228481 uER=0.335938 uMAE=23.4453 WCE=208 bias=-8.1250
[pop04_hard:00200] loss=0.098800 tau=6.00 collapse_w=0.500 mid_frac=0.188 hard=score=0.0617865946 wNMSE=0.021053141 wMSE=1101.2791 wMRED=0.45683048 wER=0.314332 wMAE=12.1545 wBias=0.4534 condBias=16.6167 dotDrift=+0.874sigma uMRED=0.0399228481 uER=0.335938 uMAE=23.4453 WCE=208 bias=-8.1250
[pop04_hard:00400] loss=45.740303 tau=6.00 collapse_w=0.500 mid_frac=0.188 hard=score=45.6210288137 wNMSE=0.10227546 wMSE=5349.9770 wMRED=2.16578478 wER=0.319901 wMAE=28.7510 wBias=-24.0846 condBias=45.4850 dotDrift=-21.074sigma uMRED=0.0691939580 uER=0.336914 uMAE=27.9922 WCE=256 bias=-16.1250
[pop04_hard:00599] loss=45.738419 tau=6.00 collapse_w=0.500 mid_frac=0.179 hard=score=45.6210288137 wNMSE=0.10227546 wMSE=5349.9770 wMRED=2.16578478 wER=0.319901 wMAE=28.7510 wBias=-24.0846 condBias=45.4850 dotDrift=-21.074sigma uMRED=0.0691939580 uER=0.336914 uMAE=27.9922 WCE=256 bias=-16.1250
[pop04] done (conf=0.53, noise=0.5); global best score=0.0330250645 wNMSE=0.013717977 wMSE=717.5804 wMRED=0.69625267 wER=0.315494 wMAE=11.5191 wBias=-0.0328 condBias=13.0780 dotDrift=-0.078sigma uMRED=0.0256446136 uER=0.304688 uMAE=10.8750 WCE=184 bias=-5.1250
[pop05_soft:00000] loss=3.845957 tau=1.50 collapse_w=0.000 mid_frac=0.438 hard=score=31.6077455210 wNMSE=0.40760811 wMSE=21321.7722 wMRED=3.97065427 wER=0.437075 wMAE=66.8648 wBias=-19.8548 condBias=84.6014 dotDrift=-8.702sigma uMRED=0.1615430403 uER=0.437500 uMAE=76.4902 WCE=835 bias=-8.3750
[pop05_soft:00200] loss=1.491016 tau=2.25 collapse_w=0.000 mid_frac=0.429 hard=score=66.5772408001 wNMSE=0.35579782 wMSE=18611.6026 wMRED=3.95798243 wER=0.437075 wMAE=64.8169 wBias=-29.0150 condBias=80.5680 dotDrift=-13.612sigma uMRED=0.1744062890 uER=0.437500 uMAE=87.0586 WCE=695 bias=-48.1875
[pop05_soft:00400] loss=1.039585 tau=3.00 collapse_w=0.000 mid_frac=0.429 hard=score=97.2727574788 wNMSE=0.27427308 wMSE=14347.0850 wMRED=3.72515851 wER=0.431441 wMAE=56.9354 wBias=-35.1527 condBias=68.3965 dotDrift=-18.783sigma uMRED=0.1347552885 uER=0.431641 uMAE=62.7812 WCE=660 bias=-44.2500
[pop05_soft:00600] loss=0.710996 tau=3.75 collapse_w=0.000 mid_frac=0.509 hard=score=44.2169055369 wNMSE=0.18242177 wMSE=9542.3899 wMRED=3.05800026 wER=0.429511 wMAE=45.6245 wBias=-23.6676 condBias=53.3527 dotDrift=-15.506sigma uMRED=0.1077174160 uER=0.414062 uMAE=49.9609 WCE=576 bias=-33.0000
[pop05_soft:00800] loss=0.537021 tau=4.50 collapse_w=0.084 mid_frac=0.473 hard=score=31.4488411429 wNMSE=0.10900886 wMSE=5702.1978 wMRED=2.94502965 wER=0.427341 wMAE=38.0968 wBias=-19.9718 condBias=44.6781 dotDrift=-16.927sigma uMRED=0.0812718551 uER=0.403320 uMAE=32.9922 WCE=308 bias=-19.1250
[pop05_soft:01000] loss=0.430047 tau=5.25 collapse_w=0.293 mid_frac=0.446 hard=score=31.7495093318 wNMSE=0.10578428 wMSE=5533.5217 wMRED=2.89789798 wER=0.431426 wMAE=37.4837 wBias=-20.0694 condBias=44.0344 dotDrift=-17.267sigma uMRED=0.0799643646 uER=0.412109 uMAE=32.5703 WCE=308 bias=-19.1250
[pop05_soft:01199] loss=0.334650 tau=6.00 collapse_w=0.500 mid_frac=0.411 hard=score=31.7495093318 wNMSE=0.10578428 wMSE=5533.5217 wMRED=2.89789798 wER=0.431426 wMAE=37.4837 wBias=-20.0694 condBias=44.0344 dotDrift=-17.267sigma uMRED=0.0799643646 uER=0.412109 uMAE=32.5703 WCE=308 bias=-19.1250
[pop05_hard:00000] loss=31.915964 tau=6.00 collapse_w=0.500 mid_frac=0.411 hard=score=31.7495093318 wNMSE=0.10578428 wMSE=5533.5217 wMRED=2.89789798 wER=0.431426 wMAE=37.4837 wBias=-20.0694 condBias=44.0344 dotDrift=-17.267sigma uMRED=0.0799643646 uER=0.412109 uMAE=32.5703 WCE=308 bias=-19.1250
[pop05_hard:00200] loss=31.914936 tau=6.00 collapse_w=0.500 mid_frac=0.402 hard=score=31.7495093318 wNMSE=0.10578428 wMSE=5533.5217 wMRED=2.89789798 wER=0.431426 wMAE=37.4837 wBias=-20.0694 condBias=44.0344 dotDrift=-17.267sigma uMRED=0.0799643646 uER=0.412109 uMAE=32.5703 WCE=308 bias=-19.1250
[pop05_hard:00400] loss=9.475414 tau=6.00 collapse_w=0.500 mid_frac=0.357 hard=score=9.3174404940 wNMSE=0.12451432 wMSE=6513.2804 wMRED=2.95209517 wER=0.428463 wMAE=40.8089 wBias=-10.7578 condBias=48.3776 dotDrift=-8.531sigma uMRED=0.0985518555 uER=0.407227 uMAE=46.0859 WCE=528 bias=14.3750
[pop05_hard:00599] loss=6.098956 tau=6.00 collapse_w=0.500 mid_frac=0.321 hard=score=5.9436591348 wNMSE=0.13754426 wMSE=7194.8702 wMRED=2.96998161 wER=0.428463 wMAE=42.1368 wBias=-8.5034 condBias=51.1260 dotDrift=-6.416sigma uMRED=0.1148849496 uER=0.407227 uMAE=57.8906 WCE=608 bias=30.8750
[pop05] done (conf=0.51, noise=1.0); global best score=0.0330250645 wNMSE=0.013717977 wMSE=717.5804 wMRED=0.69625267 wER=0.315494 wMAE=11.5191 wBias=-0.0328 condBias=13.0780 dotDrift=-0.078sigma uMRED=0.0256446136 uER=0.304688 uMAE=10.8750 WCE=184 bias=-5.1250
[pop06_soft:00000] loss=5.753044 tau=1.50 collapse_w=0.000 mid_frac=0.357 hard=score=736.8923887681 wNMSE=1.3749482 wMSE=71922.8382 wMRED=13.15159120 wER=0.432967 wMAE=115.5113 wBias=96.8523 condBias=162.9562 dotDrift=+23.113sigma uMRED=0.2800791337 uER=0.427734 uMAE=97.2930 WCE=3944 bias=47.5625
[pop06_soft:00200] loss=1.479491 tau=2.25 collapse_w=0.000 mid_frac=0.295 hard=score=217.2998206820 wNMSE=0.32524974 wMSE=17013.6479 wMRED=3.57243462 wER=0.350483 wMAE=56.7584 wBias=-52.6032 condBias=85.3193 dotDrift=-25.810sigma uMRED=0.1661387559 uER=0.417969 uMAE=90.0391 WCE=808 bias=-54.3750
[pop06_soft:00400] loss=0.469185 tau=3.00 collapse_w=0.000 mid_frac=0.250 hard=score=4.5836272281 wNMSE=0.041193795 wMSE=2154.8264 wMRED=0.69867343 wER=0.344417 wMAE=16.8915 wBias=-7.5652 condBias=22.7396 dotDrift=-10.430sigma uMRED=0.0781044670 uER=0.398438 uMAE=56.2266 WCE=636 bias=-21.5000
[pop06_soft:00600] loss=0.157057 tau=3.75 collapse_w=0.000 mid_frac=0.250 hard=score=0.3844115963 wNMSE=0.021683378 wMSE=1134.2465 wMRED=0.69597789 wER=0.352064 wMAE=14.2711 wBias=-2.0419 condBias=16.8538 dotDrift=-3.880sigma uMRED=0.0526522101 uER=0.391602 uMAE=34.4922 WCE=404 bias=-23.3750
[pop06_soft:00800] loss=0.095538 tau=4.50 collapse_w=0.084 mid_frac=0.223 hard=score=0.1592524635 wNMSE=0.022802999 wMSE=1192.8133 wMRED=0.76048327 wER=0.334599 wMAE=14.0079 wBias=-1.1260 condBias=17.7027 dotDrift=-2.087sigma uMRED=0.0553275257 uER=0.372070 uMAE=35.7500 WCE=392 bias=-30.7500
[pop06_soft:01000] loss=0.071281 tau=5.25 collapse_w=0.293 mid_frac=0.152 hard=score=0.0989251665 wNMSE=0.02301456 wMSE=1203.8799 wMRED=0.73389094 wER=0.299810 wMAE=13.9280 wBias=-0.7043 condBias=17.7969 dotDrift=-1.299sigma uMRED=0.0547448154 uER=0.353516 uMAE=35.5469 WCE=384 bias=-30.3750
[pop06_soft:01199] loss=0.049540 tau=6.00 collapse_w=0.500 mid_frac=0.143 hard=score=0.0511006728 wNMSE=0.020957239 wMSE=1096.2625 wMRED=0.73142599 wER=0.299810 wMAE=13.7178 wBias=0.1157 condBias=16.4955 dotDrift=+0.224sigma uMRED=0.0494406455 uER=0.353516 uMAE=31.4062 WCE=276 bias=-14.3750
[pop06_hard:00000] loss=0.098516 tau=6.00 collapse_w=0.500 mid_frac=0.143 hard=score=0.0511006728 wNMSE=0.020957239 wMSE=1096.2625 wMRED=0.73142599 wER=0.299810 wMAE=13.7178 wBias=0.1157 condBias=16.4955 dotDrift=+0.224sigma uMRED=0.0494406455 uER=0.353516 uMAE=31.4062 WCE=276 bias=-14.3750
[pop06_hard:00200] loss=0.136935 tau=6.00 collapse_w=0.500 mid_frac=0.134 hard=score=0.0989251665 wNMSE=0.02301456 wMSE=1203.8799 wMRED=0.73389094 wER=0.299810 wMAE=13.9280 wBias=-0.7043 condBias=17.7969 dotDrift=-1.299sigma uMRED=0.0547448154 uER=0.353516 uMAE=35.5469 WCE=384 bias=-30.3750
[pop06_hard:00400] loss=0.097675 tau=6.00 collapse_w=0.500 mid_frac=0.125 hard=score=0.0620479505 wNMSE=0.020587931 wMSE=1076.9442 wMRED=0.72847709 wER=0.299810 wMAE=13.4884 wBias=-0.2647 condBias=16.8444 dotDrift=-0.516sigma uMRED=0.0495733567 uER=0.353516 uMAE=31.5469 WCE=384 bias=-26.3750
[pop06_hard:00599] loss=0.114350 tau=6.00 collapse_w=0.500 mid_frac=0.125 hard=score=0.0620479505 wNMSE=0.020587931 wMSE=1076.9442 wMRED=0.72847709 wER=0.299810 wMAE=13.4884 wBias=-0.2647 condBias=16.8444 dotDrift=-0.516sigma uMRED=0.0495733567 uER=0.353516 uMAE=31.5469 WCE=384 bias=-26.3750
[pop06] done (conf=0.53, noise=0.5); global best score=0.0330250645 wNMSE=0.013717977 wMSE=717.5804 wMRED=0.69625267 wER=0.315494 wMAE=11.5191 wBias=-0.0328 condBias=13.0780 dotDrift=-0.078sigma uMRED=0.0256446136 uER=0.304688 uMAE=10.8750 WCE=184 bias=-5.1250
[pop07_soft:00000] loss=3.247218 tau=1.50 collapse_w=0.000 mid_frac=0.429 hard=score=65.9494486683 wNMSE=0.83404638 wMSE=43628.5409 wMRED=7.49741176 wER=0.436924 wMAE=114.8263 wBias=28.6947 condBias=117.8990 dotDrift=+8.792sigma uMRED=0.2424937936 uER=0.434570 uMAE=102.8359 WCE=688 bias=15.2500
[pop07_soft:00200] loss=1.743160 tau=2.25 collapse_w=0.000 mid_frac=0.411 hard=score=27.9980246805 wNMSE=0.8282051 wMSE=43322.9865 wMRED=7.00739500 wER=0.431616 wMAE=109.7659 wBias=18.4104 condBias=113.0263 dotDrift=+5.661sigma uMRED=0.2482685876 uER=0.434570 uMAE=112.2754 WCE=757 bias=-8.6250
[pop07_soft:00400] loss=1.076856 tau=3.00 collapse_w=0.000 mid_frac=0.357 hard=score=0.4288904614 wNMSE=0.22053209 wMSE=11535.9210 wMRED=2.72023339 wER=0.384327 wMAE=43.1419 wBias=-0.7405 condBias=55.3373 dotDrift=-0.441sigma uMRED=0.1174958631 uER=0.409180 uMAE=60.1719 WCE=680 bias=42.3750
[pop07_soft:00600] loss=0.840501 tau=3.75 collapse_w=0.000 mid_frac=0.348 hard=score=1.0628515566 wNMSE=0.23023745 wMSE=12043.6036 wMRED=2.70020528 wER=0.367062 wMAE=45.8363 wBias=2.8992 condBias=57.4378 dotDrift=+1.691sigma uMRED=0.1338389905 uER=0.419922 uMAE=71.1016 WCE=672 bias=57.5000
[pop07_soft:00800] loss=0.580230 tau=4.50 collapse_w=0.084 mid_frac=0.312 hard=score=15.0238145253 wNMSE=0.11282323 wMSE=5901.7259 wMRED=2.08728836 wER=0.283983 wMAE=30.9123 wBias=-13.7527 condBias=36.4235 dotDrift=-11.457sigma uMRED=0.0903850920 uER=0.385742 uMAE=47.7188 WCE=384 bias=31.7500
[pop07_soft:01000] loss=0.481049 tau=5.25 collapse_w=0.293 mid_frac=0.250 hard=score=15.1165821231 wNMSE=0.11411134 wMSE=5969.1062 wMRED=2.12824841 wER=0.304618 wMAE=31.5388 wBias=-13.7938 condBias=36.9626 dotDrift=-11.426sigma uMRED=0.0930741475 uER=0.404297 uMAE=49.5312 WCE=384 bias=33.7500
[pop07_soft:01199] loss=0.369877 tau=6.00 collapse_w=0.500 mid_frac=0.223 hard=score=13.2215822593 wNMSE=0.11169815 wMSE=5842.8732 wMRED=2.11107739 wER=0.304618 wMAE=33.0421 wBias=-12.8878 condBias=38.2771 dotDrift=-10.791sigma uMRED=0.0929286631 uER=0.404297 uMAE=50.4141 WCE=384 bias=30.7500
[pop07_hard:00000] loss=13.335321 tau=6.00 collapse_w=0.500 mid_frac=0.223 hard=score=13.2215822593 wNMSE=0.11169815 wMSE=5842.8732 wMRED=2.11107739 wER=0.304618 wMAE=33.0421 wBias=-12.8878 condBias=38.2771 dotDrift=-10.791sigma uMRED=0.0929286631 uER=0.404297 uMAE=50.4141 WCE=384 bias=30.7500
[pop07_hard:00200] loss=13.331455 tau=6.00 collapse_w=0.500 mid_frac=0.223 hard=score=13.2215822593 wNMSE=0.11169815 wMSE=5842.8732 wMRED=2.11107739 wER=0.304618 wMAE=33.0421 wBias=-12.8878 condBias=38.2771 dotDrift=-10.791sigma uMRED=0.0929286631 uER=0.404297 uMAE=50.4141 WCE=384 bias=30.7500
[pop07_hard:00400] loss=2.723466 tau=6.00 collapse_w=0.500 mid_frac=0.205 hard=score=2.5945563790 wNMSE=0.11829884 wMSE=6188.1519 wMRED=2.50838811 wER=0.372442 wMAE=38.4371 wBias=-5.5231 condBias=32.8867 dotDrift=-4.493sigma uMRED=0.0997990311 uER=0.419922 uMAE=51.7266 WCE=384 bias=32.7500
[pop07_hard:00599] loss=2.556599 tau=6.00 collapse_w=0.500 mid_frac=0.179 hard=score=2.4294336438 wNMSE=0.11847485 wMSE=6197.3590 wMRED=2.52262325 wER=0.406623 wMAE=38.6238 wBias=-5.3274 condBias=33.0036 dotDrift=-4.331sigma uMRED=0.1000670964 uER=0.425781 uMAE=51.8047 WCE=388 bias=32.8750
[pop07] done (conf=0.51, noise=1.0); global best score=0.0330250645 wNMSE=0.013717977 wMSE=717.5804 wMRED=0.69625267 wER=0.315494 wMAE=11.5191 wBias=-0.0328 condBias=13.0780 dotDrift=-0.078sigma uMRED=0.0256446136 uER=0.304688 uMAE=10.8750 WCE=184 bias=-5.1250
[pop08_soft:00000] loss=2.687739 tau=1.50 collapse_w=0.000 mid_frac=0.277 hard=score=11.5750228961 wNMSE=0.24251447 wMSE=12685.8085 wMRED=3.03944610 wER=0.437075 wMAE=56.4807 wBias=11.9112 condBias=52.5592 dotDrift=+6.768sigma uMRED=0.1252294190 uER=0.437500 uMAE=64.0879 WCE=665 bias=-10.1250
[pop08_soft:00200] loss=1.182942 tau=2.25 collapse_w=0.000 mid_frac=0.214 hard=score=35.5868303227 wNMSE=0.16527601 wMSE=8645.5038 wMRED=1.75785733 wER=0.409428 wMAE=35.9152 wBias=-21.2321 condBias=44.2602 dotDrift=-14.614sigma uMRED=0.1019271469 uER=0.416992 uMAE=58.5234 WCE=681 bias=-28.9375
[pop08_soft:00400] loss=0.404150 tau=3.00 collapse_w=0.000 mid_frac=0.188 hard=score=2.5926273351 wNMSE=0.051953642 wMSE=2717.6685 wMRED=1.26875126 wER=0.409428 wMAE=25.1934 wBias=-5.6453 condBias=22.6164 dotDrift=-6.931sigma uMRED=0.0656066572 uER=0.416992 uMAE=37.7891 WCE=308 bias=-2.0000
[pop08_soft:00600] loss=0.148744 tau=3.75 collapse_w=0.000 mid_frac=0.170 hard=score=0.0600940927 wNMSE=0.024193717 wMSE=1265.5610 wMRED=0.47558860 wER=0.296296 wMAE=12.9416 wBias=0.2361 condBias=17.8913 dotDrift=+0.425sigma uMRED=0.0521575579 uER=0.369141 uMAE=35.5938 WCE=308 bias=-15.5000
[pop08_soft:00800] loss=0.101774 tau=4.50 collapse_w=0.084 mid_frac=0.116 hard=score=0.2383843793 wNMSE=0.021912271 wMSE=1146.2197 wMRED=0.42563500 wER=0.272402 wMAE=11.7524 wBias=1.5311 condBias=17.8830 dotDrift=+2.894sigma uMRED=0.0457229169 uER=0.340820 uMAE=29.5000 WCE=324 bias=-14.3750
[pop08_soft:01000] loss=0.067058 tau=5.25 collapse_w=0.293 mid_frac=0.062 hard=score=0.2080565304 wNMSE=0.020853577 wMSE=1090.8400 wMRED=0.42247185 wER=0.290345 wMAE=11.4273 wBias=1.4077 condBias=17.4354 dotDrift=+2.728sigma uMRED=0.0420726338 uER=0.338867 uMAE=26.1875 WCE=324 bias=-10.8750
[pop08_soft:01199] loss=0.042478 tau=6.00 collapse_w=0.500 mid_frac=0.062 hard=score=0.2080565304 wNMSE=0.020853577 wMSE=1090.8400 wMRED=0.42247185 wER=0.290345 wMAE=11.4273 wBias=1.4077 condBias=17.4354 dotDrift=+2.728sigma uMRED=0.0420726338 uER=0.338867 uMAE=26.1875 WCE=324 bias=-10.8750
[pop08_hard:00000] loss=0.235561 tau=6.00 collapse_w=0.500 mid_frac=0.062 hard=score=0.2080565304 wNMSE=0.020853577 wMSE=1090.8400 wMRED=0.42247185 wER=0.290345 wMAE=11.4273 wBias=1.4077 condBias=17.4354 dotDrift=+2.728sigma uMRED=0.0420726338 uER=0.338867 uMAE=26.1875 WCE=324 bias=-10.8750
[pop08_hard:00200] loss=0.233577 tau=6.00 collapse_w=0.500 mid_frac=0.054 hard=score=0.2080565304 wNMSE=0.020853577 wMSE=1090.8400 wMRED=0.42247185 wER=0.290345 wMAE=11.4273 wBias=1.4077 condBias=17.4354 dotDrift=+2.728sigma uMRED=0.0420726338 uER=0.338867 uMAE=26.1875 WCE=324 bias=-10.8750
[pop08_hard:00400] loss=2.824804 tau=6.00 collapse_w=0.500 mid_frac=0.062 hard=score=2.7961624857 wNMSE=0.046523701 wMSE=2433.6311 wMRED=0.47796899 wER=0.308085 wMAE=14.2961 wBias=-5.8693 condBias=25.7830 dotDrift=-7.614sigma uMRED=0.0520629872 uER=0.350586 uMAE=31.9844 WCE=408 bias=-27.3750
[pop08_hard:00599] loss=2.819755 tau=6.00 collapse_w=0.500 mid_frac=0.036 hard=score=2.7961624857 wNMSE=0.046523701 wMSE=2433.6311 wMRED=0.47796899 wER=0.308085 wMAE=14.2961 wBias=-5.8693 condBias=25.7830 dotDrift=-7.614sigma uMRED=0.0520629872 uER=0.350586 uMAE=31.9844 WCE=408 bias=-27.3750
[pop08] done (conf=0.53, noise=0.5); global best score=0.0330250645 wNMSE=0.013717977 wMSE=717.5804 wMRED=0.69625267 wER=0.315494 wMAE=11.5191 wBias=-0.0328 condBias=13.0780 dotDrift=-0.078sigma uMRED=0.0256446136 uER=0.304688 uMAE=10.8750 WCE=184 bias=-5.1250
[pop09_soft:00000] loss=5.815657 tau=1.50 collapse_w=0.000 mid_frac=0.482 hard=score=586.6703983497 wNMSE=1.4847986 wMSE=77669.0588 wMRED=9.84593476 wER=0.413246 wMAE=118.5349 wBias=86.3384 condBias=194.7392 dotDrift=+19.827sigma uMRED=0.2573719538 uER=0.425781 uMAE=98.2109 WCE=3872 bias=80.3750
[pop09_soft:00200] loss=12.821887 tau=2.25 collapse_w=0.000 mid_frac=0.438 hard=score=79.3939649390 wNMSE=0.62325211 wMSE=32602.0004 wMRED=5.62266024 wER=0.420489 wMAE=82.6181 wBias=31.5844 condBias=99.8955 dotDrift=+11.195sigma uMRED=0.1693741330 uER=0.431641 uMAE=73.4375 WCE=661 bias=-42.5000
[pop09_soft:00400] loss=2.352932 tau=3.00 collapse_w=0.000 mid_frac=0.402 hard=score=24.2711876941 wNMSE=0.66738546 wMSE=34910.5931 wMRED=6.61664986 wER=0.402132 wMAE=93.9979 wBias=17.1336 condBias=98.3877 dotDrift=+5.869sigma uMRED=0.1951659801 uER=0.422852 uMAE=82.6914 WCE=681 bias=-53.3125
[pop09_soft:00600] loss=2.139325 tau=3.75 collapse_w=0.000 mid_frac=0.411 hard=score=18.6881904157 wNMSE=0.67162828 wMSE=35132.5328 wMRED=6.61822770 wER=0.402651 wMAE=95.8900 wBias=14.9114 condBias=98.7840 dotDrift=+5.091sigma uMRED=0.2020944050 uER=0.425781 uMAE=87.0391 WCE=676 bias=-57.7500
[pop09_soft:00800] loss=1.785140 tau=4.50 collapse_w=0.084 mid_frac=0.429 hard=score=18.1671466325 wNMSE=0.67286423 wMSE=35197.1847 wMRED=6.62641761 wER=0.402651 wMAE=96.1139 wBias=14.6875 condBias=98.8934 dotDrift=+5.010sigma uMRED=0.2022325896 uER=0.425781 uMAE=86.9141 WCE=660 bias=-57.6250
[pop09_soft:01000] loss=1.536002 tau=5.25 collapse_w=0.293 mid_frac=0.384 hard=score=39.9023356640 wNMSE=0.62316482 wMSE=32597.4342 wMRED=6.06492358 wER=0.402651 wMAE=88.5519 wBias=22.2496 condBias=93.3988 dotDrift=+7.887sigma uMRED=0.1910068164 uER=0.425781 uMAE=84.5391 WCE=660 bias=-55.2500
[pop09_soft:01199] loss=1.333923 tau=6.00 collapse_w=0.500 mid_frac=0.357 hard=score=44.9911398128 wNMSE=0.61370531 wMSE=32102.6122 wMRED=5.87608912 wER=0.402651 wMAE=87.1341 wBias=23.6673 condBias=92.4682 dotDrift=+8.454sigma uMRED=0.1873491960 uER=0.425781 uMAE=83.5391 WCE=656 bias=-54.2500
[pop09_hard:00000] loss=45.292088 tau=6.00 collapse_w=0.500 mid_frac=0.357 hard=score=44.9911398128 wNMSE=0.61370531 wMSE=32102.6122 wMRED=5.87608912 wER=0.402651 wMAE=87.1341 wBias=23.6673 condBias=92.4682 dotDrift=+8.454sigma uMRED=0.1873491960 uER=0.425781 uMAE=83.5391 WCE=656 bias=-54.2500
[pop09_hard:00200] loss=23.874575 tau=6.00 collapse_w=0.500 mid_frac=0.339 hard=score=23.5754087457 wNMSE=0.71917547 wMSE=37619.7025 wMRED=5.99838228 wER=0.402651 wMAE=93.9255 wBias=16.8760 condBias=101.2632 dotDrift=+5.569sigma uMRED=0.2141524413 uER=0.425781 uMAE=99.5391 WCE=792 bias=-70.2500
[pop09_hard:00400] loss=6.525579 tau=6.00 collapse_w=0.500 mid_frac=0.330 hard=score=6.1879719388 wNMSE=0.77893792 wMSE=40745.8458 wMRED=6.75105775 wER=0.402651 wMAE=102.9952 wBias=7.8063 condBias=107.2210 dotDrift=+2.475sigma uMRED=0.2292375299 uER=0.425781 uMAE=103.0391 WCE=792 bias=-73.7500
[pop09_hard:00599] loss=137.915497 tau=6.00 collapse_w=0.500 mid_frac=0.268 hard=score=137.3729431519 wNMSE=1.7092844 wMSE=89411.7969 wMRED=11.06557746 wER=0.402651 wMAE=152.2608 wBias=-41.4593 condBias=160.3066 dotDrift=-8.874sigma uMRED=0.3126898970 uER=0.425781 uMAE=119.1641 WCE=856 bias=-89.8750
[pop09] done (conf=0.51, noise=1.0); global best score=0.0330250645 wNMSE=0.013717977 wMSE=717.5804 wMRED=0.69625267 wER=0.315494 wMAE=11.5191 wBias=-0.0328 condBias=13.0780 dotDrift=-0.078sigma uMRED=0.0256446136 uER=0.304688 uMAE=10.8750 WCE=184 bias=-5.1250
[pop10_soft:00000] loss=1.705923 tau=1.50 collapse_w=0.000 mid_frac=0.330 hard=score=10.5568773353 wNMSE=0.29823542 wMSE=15600.5429 wMRED=2.41010247 wER=0.427899 wMAE=46.3520 wBias=-11.3040 condBias=66.8505 dotDrift=-5.792sigma uMRED=0.1536541614 uER=0.434570 uMAE=88.6387 WCE=882 bias=19.0000
[pop10_soft:00200] loss=1.065401 tau=2.25 collapse_w=0.000 mid_frac=0.259 hard=score=34.9509833823 wNMSE=0.38210154 wMSE=19987.5370 wMRED=3.28244537 wER=0.348637 wMAE=55.8239 wBias=-20.9225 condBias=78.1597 dotDrift=-9.471sigma uMRED=0.1958019128 uER=0.404297 uMAE=114.3594 WCE=832 bias=74.7500
[pop10_soft:00400] loss=0.519086 tau=3.00 collapse_w=0.000 mid_frac=0.214 hard=score=2.4174696784 wNMSE=0.1572131 wMSE=8223.7372 wMRED=2.24977266 wER=0.338331 wMAE=38.1911 wBias=-5.2230 condBias=39.7273 dotDrift=-3.686sigma uMRED=0.1127469929 uER=0.391602 uMAE=62.6328 WCE=640 bias=46.2500
[pop10_soft:00600] loss=0.145492 tau=3.75 collapse_w=0.000 mid_frac=0.214 hard=score=4.9243427978 wNMSE=0.039685847 wMSE=2075.9464 wMRED=0.85269189 wER=0.339873 wMAE=18.7923 wBias=7.8617 condBias=24.6082 dotDrift=+11.043sigma uMRED=0.0689465969 uER=0.385742 uMAE=44.3359 WCE=336 bias=-9.0000
[pop10_soft:00800] loss=0.096302 tau=4.50 collapse_w=0.084 mid_frac=0.188 hard=score=0.5581343019 wNMSE=0.024280488 wMSE=1270.0999 wMRED=0.43037719 wER=0.288363 wMAE=11.6459 wBias=2.5381 condBias=18.0736 dotDrift=+4.558sigma uMRED=0.0350994880 uER=0.341797 uMAE=19.9141 WCE=256 bias=3.1250
[pop10_soft:01000] loss=0.072774 tau=5.25 collapse_w=0.293 mid_frac=0.152 hard=score=0.5171097330 wNMSE=0.024255227 wMSE=1268.7786 wMRED=0.43355906 wER=0.310949 wMAE=11.7411 wBias=2.4327 condBias=18.0323 dotDrift=+4.371sigma uMRED=0.0352084611 uER=0.361328 uMAE=19.9609 WCE=256 bias=3.0000
[pop10_soft:01199] loss=0.047334 tau=6.00 collapse_w=0.500 mid_frac=0.143 hard=score=0.5171097330 wNMSE=0.024255227 wMSE=1268.7786 wMRED=0.43355906 wER=0.310949 wMAE=11.7411 wBias=2.4327 condBias=18.0323 dotDrift=+4.371sigma uMRED=0.0352084611 uER=0.361328 uMAE=19.9609 WCE=256 bias=3.0000
[pop10_hard:00000] loss=0.549408 tau=6.00 collapse_w=0.500 mid_frac=0.143 hard=score=0.5171097330 wNMSE=0.024255227 wMSE=1268.7786 wMRED=0.43355906 wER=0.310949 wMAE=11.7411 wBias=2.4327 condBias=18.0323 dotDrift=+4.371sigma uMRED=0.0352084611 uER=0.361328 uMAE=19.9609 WCE=256 bias=3.0000
[pop10_hard:00200] loss=1.583548 tau=6.00 collapse_w=0.500 mid_frac=0.143 hard=score=1.5571624950 wNMSE=0.031588671 wMSE=1652.3873 wMRED=0.44937477 wER=0.310949 wMAE=12.4903 wBias=-4.3586 condBias=21.1123 dotDrift=-6.862sigma uMRED=0.0375583805 uER=0.361328 uMAE=21.1797 WCE=328 bias=-13.0000
[pop10_hard:00400] loss=1.579999 tau=6.00 collapse_w=0.500 mid_frac=0.134 hard=score=1.5571624950 wNMSE=0.031588671 wMSE=1652.3873 wMRED=0.44937477 wER=0.310949 wMAE=12.4903 wBias=-4.3586 condBias=21.1123 dotDrift=-6.862sigma uMRED=0.0375583805 uER=0.361328 uMAE=21.1797 WCE=328 bias=-13.0000
[pop10_hard:00599] loss=0.143428 tau=6.00 collapse_w=0.500 mid_frac=0.098 hard=score=0.1227430082 wNMSE=0.027711826 wMSE=1449.5915 wMRED=0.44448009 wER=0.315786 wMAE=11.5113 wBias=-0.8763 condBias=19.5665 dotDrift=-1.473sigma uMRED=0.0328243996 uER=0.354492 uMAE=18.2422 WCE=324 bias=-6.7500
[pop10] done (conf=0.53, noise=0.5); global best score=0.0330250645 wNMSE=0.013717977 wMSE=717.5804 wMRED=0.69625267 wER=0.315494 wMAE=11.5191 wBias=-0.0328 condBias=13.0780 dotDrift=-0.078sigma uMRED=0.0256446136 uER=0.304688 uMAE=10.8750 WCE=184 bias=-5.1250
[pop11_soft:00000] loss=1.519264 tau=1.50 collapse_w=0.000 mid_frac=0.482 hard=score=50.8465509479 wNMSE=1.0144341 wMSE=53064.5323 wMRED=7.96036208 wER=0.436719 wMAE=109.1998 wBias=-25.0589 condBias=110.5229 dotDrift=-6.962sigma uMRED=0.2372649271 uER=0.434570 uMAE=97.6074 WCE=712 bias=2.7500
[pop11_soft:00200] loss=1.173649 tau=2.25 collapse_w=0.000 mid_frac=0.473 hard=score=89.7936234648 wNMSE=0.14259446 wMSE=7459.0433 wMRED=2.52375177 wER=0.436719 wMAE=45.4131 wBias=33.8017 condBias=67.6141 dotDrift=+25.048sigma uMRED=0.1173476345 uER=0.434570 uMAE=64.0156 WCE=540 bias=49.3750
[pop11_soft:00400] loss=0.571453 tau=3.00 collapse_w=0.000 mid_frac=0.402 hard=score=16.6259165892 wNMSE=0.065152718 wMSE=3408.1055 wMRED=1.00289328 wER=0.382883 wMAE=25.0861 wBias=14.5127 condBias=30.6562 dotDrift=+15.910sigma uMRED=0.0847699337 uER=0.414062 uMAE=54.0566 WCE=384 bias=47.3125
[pop11_soft:00600] loss=0.335511 tau=3.75 collapse_w=0.000 mid_frac=0.375 hard=score=25.9688150166 wNMSE=0.072247834 wMSE=3779.2474 wMRED=1.49589627 wER=0.370440 wMAE=29.0947 wBias=18.1598 condBias=35.0923 dotDrift=+18.905sigma uMRED=0.0920077104 uER=0.410156 uMAE=56.9551 WCE=497 bias=48.3125
[pop11_soft:00800] loss=0.247940 tau=4.50 collapse_w=0.084 mid_frac=0.366 hard=score=12.5340743301 wNMSE=0.064140087 wMSE=3355.1352 wMRED=1.32507804 wER=0.320090 wMAE=25.5032 wBias=12.5861 condBias=29.6474 dotDrift=+13.906sigma uMRED=0.0745739569 uER=0.398438 uMAE=45.2402 WCE=401 bias=17.8125
[pop11_soft:01000] loss=0.182578 tau=5.25 collapse_w=0.293 mid_frac=0.330 hard=score=13.3998283303 wNMSE=0.064315271 wMSE=3364.2990 wMRED=1.32451856 wER=0.321109 wMAE=25.6974 wBias=13.0189 condBias=29.7385 dotDrift=+14.365sigma uMRED=0.0750174647 uER=0.407227 uMAE=47.0527 WCE=401 bias=21.8125
[pop11_soft:01199] loss=0.128963 tau=6.00 collapse_w=0.500 mid_frac=0.321 hard=score=13.3998283303 wNMSE=0.064315271 wMSE=3364.2990 wMRED=1.32451856 wER=0.321109 wMAE=25.6974 wBias=13.0189 condBias=29.7385 dotDrift=+14.365sigma uMRED=0.0750174647 uER=0.407227 uMAE=47.0527 WCE=401 bias=21.8125
[pop11_hard:00000] loss=13.477723 tau=6.00 collapse_w=0.500 mid_frac=0.321 hard=score=13.3998283303 wNMSE=0.064315271 wMSE=3364.2990 wMRED=1.32451856 wER=0.321109 wMAE=25.6974 wBias=13.0189 condBias=29.7385 dotDrift=+14.365sigma uMRED=0.0750174647 uER=0.407227 uMAE=47.0527 WCE=401 bias=21.8125
[pop11_hard:00200] loss=10.559652 tau=6.00 collapse_w=0.500 mid_frac=0.330 hard=score=10.4757525109 wNMSE=0.063991836 wMSE=3347.3803 wMRED=1.32257125 wER=0.321109 wMAE=25.6644 wBias=11.5019 condBias=26.7713 dotDrift=+12.723sigma uMRED=0.0727932731 uER=0.407227 uMAE=46.2676 WCE=312 bias=5.8125
[pop11_hard:00400] loss=9.295977 tau=6.00 collapse_w=0.500 mid_frac=0.348 hard=score=9.2024887494 wNMSE=0.062906543 wMSE=3290.6092 wMRED=1.31933687 wER=0.318922 wMAE=25.3716 wBias=10.7720 condBias=26.1175 dotDrift=+12.018sigma uMRED=0.0721177075 uER=0.391602 uMAE=44.3926 WCE=312 bias=1.3125
[pop11_hard:00599] loss=0.819627 tau=6.00 collapse_w=0.500 mid_frac=0.411 hard=score=0.7190497093 wNMSE=0.064758576 wMSE=3387.4881 wMRED=1.19013918 wER=0.371927 wMAE=25.6520 wBias=2.7555 condBias=22.5383 dotDrift=+3.030sigma uMRED=0.0907483883 uER=0.419922 uMAE=60.6602 WCE=416 bias=-27.2500
[pop11] done (conf=0.51, noise=1.0); global best score=0.0330250645 wNMSE=0.013717977 wMSE=717.5804 wMRED=0.69625267 wER=0.315494 wMAE=11.5191 wBias=-0.0328 condBias=13.0780 dotDrift=-0.078sigma uMRED=0.0256446136 uER=0.304688 uMAE=10.8750 WCE=184 bias=-5.1250
[best] stage=quad_hard_ste score=0.0330250645 wNMSE=0.013717977 wMSE=717.5804 wMRED=0.69625267 wER=0.315494 wMAE=11.5191 wBias=-0.0328 condBias=13.0780 dotDrift=-0.078sigma uMRED=0.0256446136 uER=0.304688 uMAE=10.8750 WCE=184 bias=-5.1250
[best-json] /home/xuanqi/tony/work/FPGA/signed8x8_approx/signed8x8_2026_8_22/runs_module_groups/G2_v/balanced_split/rand300/best_signed88_inits.json
[best-rtl] /home/xuanqi/tony/work/FPGA/signed8x8_approx/signed8x8_2026_8_22/runs_module_groups/G2_v/balanced_split/rand300/best_rtl
[design] balanced_split search_bits=112
[start] score=0.0330250645 wNMSE=0.013717977 wMSE=717.5804 wMRED=0.69625267 wER=0.315494 wMAE=11.5191 wBias=-0.0328 condBias=13.0780 dotDrift=-0.078sigma uMRED=0.0256446136 uER=0.304688 uMAE=10.8750 WCE=184 bias=-5.1250
[single] ACCEPT ['lo_lut45:19'] 0.0330250645->0.0329268145 wNMSE=0.013716111 wBias=-0.00920
[single] round=2 no improvement
[pair] ACCEPT ['mid_lut23:43', 'mid_lut45:7'] 0.0329268145->0.0279006709 wNMSE=0.010607979 wBias=+0.22190
[pair] ACCEPT ['mid_lut23:63', 'lo_lut67:7'] 0.0279006709->0.0185716068 wNMSE=0.0081812945 wBias=-0.12321
[pair] ACCEPT ['lo_lut23:39', 'lo_lut23:51'] 0.0185716068->0.0169190499 wNMSE=0.0079825086 wBias=+0.03093
[pair] ACCEPT ['lo_lut23:27', 'lo_lut23:15'] 0.0169190499->0.0167282282 wNMSE=0.0079415835 wBias=-0.01701
[final] score=0.0167282282 wNMSE=0.0079415835 wMSE=415.4202 wMRED=0.50867379 wER=0.353572 wMAE=10.0328 wBias=-0.0170 condBias=8.0671 dotDrift=-0.053sigma uMRED=0.0208430391 uER=0.363281 uMAE=9.9297 WCE=96 bias=-2.6250
[json] /home/xuanqi/tony/work/FPGA/signed8x8_approx/signed8x8_2026_8_22/runs_module_groups/G2_v/balanced_split/rand300/refined/best_signed88_inits.json
