[design] balanced_split quad4 entries=112
[device] cuda
[safety] max_zero_violations=0 max_workload_zero_violation_probability=0
[initial] score=0.0309867233 wNMSE=0.0024237404 wMSE=184.6414 wMRED=0.15885366 wER=0.155645 wMAE=3.9358 wBias=-0.4356 condBias=7.7916 dotDrift=-2.051sigma uMRED=0.0105226322 uER=0.191406 uMAE=5.6250 WCE=80 bias=0.0000
[aligned-objective] schema=aligned_ai_metrics_v2 loss_mode=legacy_aligned guard_tolerance=0.1 constraint_weight=10
[quad_warmup_bit:00000] loss=6.716290 tau=1.50 collapse_w=0.000 mid_frac=0.000 hard=score=0.0309867233 wNMSE=0.0024237404 wMSE=184.6414 wMRED=0.15885366 wER=0.155645 wMAE=3.9358 wBias=-0.4356 condBias=7.7916 dotDrift=-2.051sigma uMRED=0.0105226322 uER=0.191406 uMAE=5.6250 WCE=80 bias=0.0000
[quad_warmup_bit:00200] loss=2.657397 tau=1.50 collapse_w=0.000 mid_frac=0.000 hard=score=0.0309867233 wNMSE=0.0024237404 wMSE=184.6414 wMRED=0.15885366 wER=0.155645 wMAE=3.9358 wBias=-0.4356 condBias=7.7916 dotDrift=-2.051sigma uMRED=0.0105226322 uER=0.191406 uMAE=5.6250 WCE=80 bias=0.0000
[quad_warmup_bit:00400] loss=1.828533 tau=1.50 collapse_w=0.000 mid_frac=0.000 hard=score=1.6973330051 wNMSE=0.0067047943 wMSE=510.7736 wMRED=0.22241482 wER=0.216142 wMAE=7.5747 wBias=-5.5125 condBias=12.6736 dotDrift=-15.610sigma uMRED=0.0202326410 uER=0.277344 uMAE=11.1875 WCE=160 bias=-8.0000
[quad_warmup_bit:00600] loss=1.559534 tau=1.50 collapse_w=0.000 mid_frac=0.000 hard=score=1.1954048360 wNMSE=0.0066779119 wMSE=508.7257 wMRED=0.26007519 wER=0.241171 wMAE=8.2603 wBias=-4.5963 condBias=12.5994 dotDrift=-13.042sigma uMRED=0.0215454349 uER=0.300781 uMAE=11.6875 WCE=160 bias=-7.0000
[quad_warmup_bit:00800] loss=1.475700 tau=1.50 collapse_w=0.000 mid_frac=0.000 hard=score=1.1289517488 wNMSE=0.0066435936 wMSE=506.1113 wMRED=0.25231721 wER=0.227290 wMAE=8.1247 wBias=-4.4607 condBias=12.5263 dotDrift=-12.690sigma uMRED=0.0212619812 uER=0.289062 uMAE=11.5625 WCE=160 bias=-6.8750
[quad_warmup_bit:01000] loss=1.448378 tau=1.50 collapse_w=0.000 mid_frac=0.000 hard=score=0.9748912117 wNMSE=0.0060752729 wMSE=462.8165 wMRED=0.24499236 wER=0.227290 wMAE=7.8028 wBias=-4.1387 condBias=12.0170 dotDrift=-12.312sigma uMRED=0.0203905782 uER=0.289062 uMAE=11.0625 WCE=160 bias=-6.3750
[quad_warmup_bit:01200] loss=1.434896 tau=1.50 collapse_w=0.000 mid_frac=0.000 hard=score=0.8038067883 wNMSE=0.0056612509 wMSE=431.2761 wMRED=0.23187804 wER=0.227290 wMAE=7.4085 wBias=-3.7445 condBias=11.6841 dotDrift=-11.540sigma uMRED=0.0194283082 uER=0.289062 uMAE=10.5625 WCE=160 bias=-5.8750
[quad_warmup_bit:01400] loss=1.424513 tau=1.50 collapse_w=0.000 mid_frac=0.000 hard=score=0.8038067883 wNMSE=0.0056612509 wMSE=431.2761 wMRED=0.23187804 wER=0.227290 wMAE=7.4085 wBias=-3.7445 condBias=11.6841 dotDrift=-11.540sigma uMRED=0.0194283082 uER=0.289062 uMAE=10.5625 WCE=160 bias=-5.8750
[quad_warmup_bit:01600] loss=0.849150 tau=1.50 collapse_w=0.000 mid_frac=0.000 hard=score=1.2211901715 wNMSE=0.0056881334 wMSE=433.3240 wMRED=0.19421767 wER=0.202261 wMAE=6.7229 wBias=-4.6607 condBias=11.7642 dotDrift=-14.329sigma uMRED=0.0181155143 uER=0.265625 uMAE=10.0625 WCE=160 bias=-6.8750
[quad_warmup_bit:01800] loss=0.843148 tau=1.50 collapse_w=0.000 mid_frac=0.000 hard=score=1.2211901715 wNMSE=0.0056881334 wMSE=433.3240 wMRED=0.19421767 wER=0.202261 wMAE=6.7229 wBias=-4.6607 condBias=11.7642 dotDrift=-14.329sigma uMRED=0.0181155143 uER=0.265625 uMAE=10.0625 WCE=160 bias=-6.8750
[quad_warmup_bit:02000] loss=0.836961 tau=1.50 collapse_w=0.000 mid_frac=0.000 hard=score=1.2211901715 wNMSE=0.0056881334 wMSE=433.3240 wMRED=0.19421767 wER=0.202261 wMAE=6.7229 wBias=-4.6607 condBias=11.7642 dotDrift=-14.329sigma uMRED=0.0181155143 uER=0.265625 uMAE=10.0625 WCE=160 bias=-6.8750
[quad_warmup_bit:02200] loss=0.832893 tau=1.50 collapse_w=0.000 mid_frac=0.000 hard=score=0.8226341018 wNMSE=0.0051006616 wMSE=388.5702 wMRED=0.15353921 wER=0.177644 wMAE=5.8675 wBias=-3.8053 condBias=10.6698 dotDrift=-12.355sigma uMRED=0.0160521510 uER=0.244141 uMAE=9.0625 WCE=144 bias=-5.8750
[quad_warmup_bit:02400] loss=0.831199 tau=1.50 collapse_w=0.000 mid_frac=0.000 hard=score=0.8226341018 wNMSE=0.0051006616 wMSE=388.5702 wMRED=0.15353921 wER=0.177644 wMAE=5.8675 wBias=-3.8053 condBias=10.6698 dotDrift=-12.355sigma uMRED=0.0160521510 uER=0.244141 uMAE=9.0625 WCE=144 bias=-5.8750
[quad_warmup_bit:02600] loss=0.828985 tau=1.50 collapse_w=0.000 mid_frac=0.000 hard=score=0.5337952765 wNMSE=0.0049446914 wMSE=376.6884 wMRED=0.15280510 wER=0.177644 wMAE=5.8058 wBias=-3.0275 condBias=10.4718 dotDrift=-9.983sigma uMRED=0.0163082564 uER=0.244141 uMAE=9.3125 WCE=144 bias=-4.6250
[quad_warmup_bit:02800] loss=0.825430 tau=1.50 collapse_w=0.000 mid_frac=0.000 hard=score=0.5337952765 wNMSE=0.0049446914 wMSE=376.6884 wMRED=0.15280510 wER=0.177644 wMAE=5.8058 wBias=-3.0275 condBias=10.4718 dotDrift=-9.983sigma uMRED=0.0163082564 uER=0.244141 uMAE=9.3125 WCE=144 bias=-4.6250
[quad_warmup_bit:03000] loss=0.822707 tau=1.50 collapse_w=0.000 mid_frac=0.000 hard=score=0.3060614737 wNMSE=0.0046134739 wMSE=351.4561 wMRED=0.12657645 wER=0.153003 wMAE=5.0173 wBias=-2.2390 condBias=10.1661 dotDrift=-7.644sigma uMRED=0.0143837165 uER=0.212891 uMAE=8.3125 WCE=144 bias=-3.6250
[quad_warmup_bit:03200] loss=0.821344 tau=1.50 collapse_w=0.000 mid_frac=0.000 hard=score=0.3060614737 wNMSE=0.0046134739 wMSE=351.4561 wMRED=0.12657645 wER=0.153003 wMAE=5.0173 wBias=-2.2390 condBias=10.1661 dotDrift=-7.644sigma uMRED=0.0143837165 uER=0.212891 uMAE=8.3125 WCE=144 bias=-3.6250
[quad_warmup_bit:03400] loss=0.069819 tau=1.50 collapse_w=0.000 mid_frac=0.000 hard=score=0.0194420880 wNMSE=0.0023455428 wMSE=178.6843 wMRED=0.10984081 wER=0.147652 wMAE=3.8255 wBias=0.1002 condBias=7.4553 dotDrift=+0.480sigma uMRED=0.0101044730 uER=0.201172 uMAE=5.7656 WCE=80 bias=0.1250 *BEST*
[quad_warmup_bit:03600] loss=0.067427 tau=1.50 collapse_w=0.000 mid_frac=0.000 hard=score=0.1969633018 wNMSE=0.0039834935 wMSE=303.4640 wMRED=0.11508123 wER=0.153003 wMAE=4.5342 wBias=-1.7559 condBias=9.5579 dotDrift=-6.451sigma uMRED=0.0130297811 uER=0.212891 uMAE=7.5625 WCE=144 bias=-2.8750
[quad_warmup_bit:03800] loss=0.066635 tau=1.50 collapse_w=0.000 mid_frac=0.000 hard=score=0.1969633018 wNMSE=0.0039834935 wMSE=303.4640 wMRED=0.11508123 wER=0.153003 wMAE=4.5342 wBias=-1.7559 condBias=9.5579 dotDrift=-6.451sigma uMRED=0.0130297811 uER=0.212891 uMAE=7.5625 WCE=144 bias=-2.8750
[quad_warmup_bit:04000] loss=0.065992 tau=1.50 collapse_w=0.000 mid_frac=0.000 hard=score=0.1969633018 wNMSE=0.0039834935 wMSE=303.4640 wMRED=0.11508123 wER=0.153003 wMAE=4.5342 wBias=-1.7559 condBias=9.5579 dotDrift=-6.451sigma uMRED=0.0130297811 uER=0.212891 uMAE=7.5625 WCE=144 bias=-2.8750
[quad_warmup_bit:04200] loss=0.065046 tau=1.50 collapse_w=0.000 mid_frac=0.000 hard=score=0.1969633018 wNMSE=0.0039834935 wMSE=303.4640 wMRED=0.11508123 wER=0.153003 wMAE=4.5342 wBias=-1.7559 condBias=9.5579 dotDrift=-6.451sigma uMRED=0.0130297811 uER=0.212891 uMAE=7.5625 WCE=144 bias=-2.8750
[quad_warmup_bit:04400] loss=0.062637 tau=1.50 collapse_w=0.000 mid_frac=0.000 hard=score=0.1969633018 wNMSE=0.0039834935 wMSE=303.4640 wMRED=0.11508123 wER=0.153003 wMAE=4.5342 wBias=-1.7559 condBias=9.5579 dotDrift=-6.451sigma uMRED=0.0130297811 uER=0.212891 uMAE=7.5625 WCE=144 bias=-2.8750
[quad_warmup_bit:04600] loss=0.062468 tau=1.50 collapse_w=0.000 mid_frac=0.000 hard=score=0.1969633018 wNMSE=0.0039834935 wMSE=303.4640 wMRED=0.11508123 wER=0.153003 wMAE=4.5342 wBias=-1.7559 condBias=9.5579 dotDrift=-6.451sigma uMRED=0.0130297811 uER=0.212891 uMAE=7.5625 WCE=144 bias=-2.8750
[quad_warmup_bit:04800] loss=0.062824 tau=1.50 collapse_w=0.000 mid_frac=0.000 hard=score=0.0436404671 wNMSE=0.0016146333 wMSE=123.0033 wMRED=0.09519110 wER=0.147652 wMAE=3.1816 wBias=0.7442 condBias=6.1892 dotDrift=+4.294sigma uMRED=0.0083616668 uER=0.201172 uMAE=4.7656 WCE=80 bias=1.1250
[quad_warmup_bit:05000] loss=0.062193 tau=1.50 collapse_w=0.000 mid_frac=0.000 hard=score=0.0436404671 wNMSE=0.0016146333 wMSE=123.0033 wMRED=0.09519110 wER=0.147652 wMAE=3.1816 wBias=0.7442 condBias=6.1892 dotDrift=+4.294sigma uMRED=0.0083616668 uER=0.201172 uMAE=4.7656 WCE=80 bias=1.1250
[quad_warmup_bit:05200] loss=0.061913 tau=1.50 collapse_w=0.000 mid_frac=0.000 hard=score=0.0436404671 wNMSE=0.0016146333 wMSE=123.0033 wMRED=0.09519110 wER=0.147652 wMAE=3.1816 wBias=0.7442 condBias=6.1892 dotDrift=+4.294sigma uMRED=0.0083616668 uER=0.201172 uMAE=4.7656 WCE=80 bias=1.1250
[quad_warmup_bit:05400] loss=0.244375 tau=1.50 collapse_w=0.000 mid_frac=0.000 hard=score=0.0436404671 wNMSE=0.0016146333 wMSE=123.0033 wMRED=0.09519110 wER=0.147652 wMAE=3.1816 wBias=0.7442 condBias=6.1892 dotDrift=+4.294sigma uMRED=0.0083616668 uER=0.201172 uMAE=4.7656 WCE=80 bias=1.1250
[quad_warmup_bit:05600] loss=0.061436 tau=1.50 collapse_w=0.000 mid_frac=0.000 hard=score=0.0436404671 wNMSE=0.0016146333 wMSE=123.0033 wMRED=0.09519110 wER=0.147652 wMAE=3.1816 wBias=0.7442 condBias=6.1892 dotDrift=+4.294sigma uMRED=0.0083616668 uER=0.201172 uMAE=4.7656 WCE=80 bias=1.1250
[quad_warmup_bit:05800] loss=0.061180 tau=1.50 collapse_w=0.000 mid_frac=0.000 hard=score=0.0436404671 wNMSE=0.0016146333 wMSE=123.0033 wMRED=0.09519110 wER=0.147652 wMAE=3.1816 wBias=0.7442 condBias=6.1892 dotDrift=+4.294sigma uMRED=0.0083616668 uER=0.201172 uMAE=4.7656 WCE=80 bias=1.1250
[quad_warmup_bit:05999] loss=0.060946 tau=1.50 collapse_w=0.000 mid_frac=0.000 hard=score=0.0436404671 wNMSE=0.0016146333 wMSE=123.0033 wMRED=0.09519110 wER=0.147652 wMAE=3.1816 wBias=0.7442 condBias=6.1892 dotDrift=+4.294sigma uMRED=0.0083616668 uER=0.201172 uMAE=4.7656 WCE=80 bias=1.1250
[quad_soft:00000] loss=0.089818 tau=1.50 collapse_w=0.000 mid_frac=0.000 hard=score=0.0436404671 wNMSE=0.0016146333 wMSE=123.0033 wMRED=0.09519110 wER=0.147652 wMAE=3.1816 wBias=0.7442 condBias=6.1892 dotDrift=+4.294sigma uMRED=0.0083616668 uER=0.201172 uMAE=4.7656 WCE=80 bias=1.1250
[quad_soft:00050] loss=0.087291 tau=1.52 collapse_w=0.000 mid_frac=0.000 hard=score=0.0084907673 wNMSE=0.00079957458 wMSE=60.9119 wMRED=0.08225447 wER=0.147652 wMAE=2.5646 wBias=0.1272 condBias=4.5427 dotDrift=+1.043sigma uMRED=0.0066483402 uER=0.201172 uMAE=3.7656 WCE=48 bias=0.1250 *BEST*
[quad_soft:00200] loss=0.080437 tau=1.59 collapse_w=0.000 mid_frac=0.000 hard=score=0.0111886955 wNMSE=0.00073248522 wMSE=55.8010 wMRED=0.07909999 wER=0.147652 wMAE=2.4038 wBias=0.2881 condBias=4.2342 dotDrift=+2.468sigma uMRED=0.0062594694 uER=0.201172 uMAE=3.5156 WCE=48 bias=0.3750
[quad_soft:00400] loss=0.079203 tau=1.68 collapse_w=0.000 mid_frac=0.000 hard=score=0.0537861321 wNMSE=0.00092426745 wMSE=70.4110 wMRED=0.08477582 wER=0.153708 wMAE=2.7224 wBias=0.9120 condBias=5.0499 dotDrift=+6.956sigma uMRED=0.0069564066 uER=0.207031 uMAE=3.8750 WCE=64 bias=1.3750
[quad_soft:00600] loss=0.075933 tau=1.77 collapse_w=0.000 mid_frac=0.000 hard=score=0.0537861321 wNMSE=0.00092426745 wMSE=70.4110 wMRED=0.08477582 wER=0.153708 wMAE=2.7224 wBias=0.9120 condBias=5.0499 dotDrift=+6.956sigma uMRED=0.0069564066 uER=0.207031 uMAE=3.8750 WCE=64 bias=1.3750
[quad_soft:00800] loss=0.075061 tau=1.86 collapse_w=0.000 mid_frac=0.000 hard=score=0.0267734324 wNMSE=0.0007628635 wMSE=58.1152 wMRED=0.08021664 wER=0.146584 wMAE=2.4105 wBias=0.6000 condBias=4.5243 dotDrift=+5.037sigma uMRED=0.0061634002 uER=0.191406 uMAE=3.3750 WCE=48 bias=0.8750
[quad_soft:01000] loss=0.074610 tau=1.95 collapse_w=0.000 mid_frac=0.000 hard=score=0.0267734324 wNMSE=0.0007628635 wMSE=58.1152 wMRED=0.08021664 wER=0.146584 wMAE=2.4105 wBias=0.6000 condBias=4.5243 dotDrift=+5.037sigma uMRED=0.0061634002 uER=0.191406 uMAE=3.3750 WCE=48 bias=0.8750
[quad_soft:01200] loss=0.074362 tau=2.04 collapse_w=0.000 mid_frac=0.000 hard=score=0.0082658927 wNMSE=0.00074498692 wMSE=56.7534 wMRED=0.08020559 wER=0.165146 wMAE=2.4098 wBias=0.1363 condBias=4.4615 dotDrift=+1.158sigma uMRED=0.0061634002 uER=0.207031 uMAE=3.3750 WCE=48 bias=0.3750
[quad_soft:01225] loss=0.074336 tau=2.05 collapse_w=0.000 mid_frac=0.000 hard=score=0.0062187774 wNMSE=0.00066408447 wMSE=50.5902 wMRED=0.07742191 wER=0.165146 wMAE=2.2558 wBias=-0.0177 condBias=4.0642 dotDrift=-0.159sigma uMRED=0.0057811071 uER=0.207031 uMAE=3.1250 WCE=40 bias=0.1250 *BEST*
[quad_soft:01400] loss=0.073322 tau=2.13 collapse_w=0.000 mid_frac=0.000 hard=score=0.0062187774 wNMSE=0.00066408447 wMSE=50.5902 wMRED=0.07742191 wER=0.165146 wMAE=2.2558 wBias=-0.0177 condBias=4.0642 dotDrift=-0.159sigma uMRED=0.0057811071 uER=0.207031 uMAE=3.1250 WCE=40 bias=0.1250
[quad_soft:01600] loss=0.073689 tau=2.22 collapse_w=0.000 mid_frac=0.000 hard=score=0.0062187774 wNMSE=0.00066408447 wMSE=50.5902 wMRED=0.07742191 wER=0.165146 wMAE=2.2558 wBias=-0.0177 condBias=4.0642 dotDrift=-0.159sigma uMRED=0.0057811071 uER=0.207031 uMAE=3.1250 WCE=40 bias=0.1250
[quad_soft:01800] loss=0.071120 tau=2.31 collapse_w=0.000 mid_frac=0.000 hard=score=0.0062187774 wNMSE=0.00066408447 wMSE=50.5902 wMRED=0.07742191 wER=0.165146 wMAE=2.2558 wBias=-0.0177 condBias=4.0642 dotDrift=-0.159sigma uMRED=0.0057811071 uER=0.207031 uMAE=3.1250 WCE=40 bias=0.1250
[quad_soft:02000] loss=0.070537 tau=2.40 collapse_w=0.000 mid_frac=0.000 hard=score=0.0062187774 wNMSE=0.00066408447 wMSE=50.5902 wMRED=0.07742191 wER=0.165146 wMAE=2.2558 wBias=-0.0177 condBias=4.0642 dotDrift=-0.159sigma uMRED=0.0057811071 uER=0.207031 uMAE=3.1250 WCE=40 bias=0.1250
[quad_soft:02200] loss=0.070467 tau=2.49 collapse_w=0.000 mid_frac=0.000 hard=score=0.0088355300 wNMSE=0.00073553286 wMSE=56.0332 wMRED=0.08057640 wER=0.165146 wMAE=2.4167 wBias=-0.1786 condBias=4.4224 dotDrift=-1.527sigma uMRED=0.0061699779 uER=0.207031 uMAE=3.3750 WCE=48 bias=-0.1250
[quad_soft:02400] loss=0.066968 tau=2.58 collapse_w=0.000 mid_frac=0.000 hard=score=0.0088355300 wNMSE=0.00073553286 wMSE=56.0332 wMRED=0.08057640 wER=0.165146 wMAE=2.4167 wBias=-0.1786 condBias=4.4224 dotDrift=-1.527sigma uMRED=0.0061699779 uER=0.207031 uMAE=3.3750 WCE=48 bias=-0.1250
[quad_soft:02600] loss=0.064934 tau=2.67 collapse_w=0.000 mid_frac=0.000 hard=score=0.0088355300 wNMSE=0.00073553286 wMSE=56.0332 wMRED=0.08057640 wER=0.165146 wMAE=2.4167 wBias=-0.1786 condBias=4.4224 dotDrift=-1.527sigma uMRED=0.0061699779 uER=0.207031 uMAE=3.3750 WCE=48 bias=-0.1250
[quad_soft:02800] loss=0.065022 tau=2.76 collapse_w=0.000 mid_frac=0.000 hard=score=0.0088355300 wNMSE=0.00073553286 wMSE=56.0332 wMRED=0.08057640 wER=0.165146 wMAE=2.4167 wBias=-0.1786 condBias=4.4224 dotDrift=-1.527sigma uMRED=0.0061699779 uER=0.207031 uMAE=3.3750 WCE=48 bias=-0.1250
[quad_soft:03000] loss=0.064105 tau=2.85 collapse_w=0.000 mid_frac=0.000 hard=score=0.0088355300 wNMSE=0.00073553286 wMSE=56.0332 wMRED=0.08057640 wER=0.165146 wMAE=2.4167 wBias=-0.1786 condBias=4.4224 dotDrift=-1.527sigma uMRED=0.0061699779 uER=0.207031 uMAE=3.3750 WCE=48 bias=-0.1250
[quad_soft:03200] loss=0.061400 tau=2.94 collapse_w=0.000 mid_frac=0.000 hard=score=0.0088355300 wNMSE=0.00073553286 wMSE=56.0332 wMRED=0.08057640 wER=0.165146 wMAE=2.4167 wBias=-0.1786 condBias=4.4224 dotDrift=-1.527sigma uMRED=0.0061699779 uER=0.207031 uMAE=3.3750 WCE=48 bias=-0.1250
[quad_soft:03400] loss=0.060039 tau=3.03 collapse_w=0.000 mid_frac=0.000 hard=score=0.0088355300 wNMSE=0.00073553286 wMSE=56.0332 wMRED=0.08057640 wER=0.165146 wMAE=2.4167 wBias=-0.1786 condBias=4.4224 dotDrift=-1.527sigma uMRED=0.0061699779 uER=0.207031 uMAE=3.3750 WCE=48 bias=-0.1250
[quad_soft:03600] loss=0.059321 tau=3.12 collapse_w=0.000 mid_frac=0.000 hard=score=0.0088355300 wNMSE=0.00073553286 wMSE=56.0332 wMRED=0.08057640 wER=0.165146 wMAE=2.4167 wBias=-0.1786 condBias=4.4224 dotDrift=-1.527sigma uMRED=0.0061699779 uER=0.207031 uMAE=3.3750 WCE=48 bias=-0.1250
[quad_soft:03800] loss=0.057402 tau=3.21 collapse_w=0.000 mid_frac=0.000 hard=score=0.0088355300 wNMSE=0.00073553286 wMSE=56.0332 wMRED=0.08057640 wER=0.165146 wMAE=2.4167 wBias=-0.1786 condBias=4.4224 dotDrift=-1.527sigma uMRED=0.0061699779 uER=0.207031 uMAE=3.3750 WCE=48 bias=-0.1250
[quad_soft:04000] loss=0.055549 tau=3.30 collapse_w=0.000 mid_frac=0.000 hard=score=0.0062187774 wNMSE=0.00066408447 wMSE=50.5902 wMRED=0.07742191 wER=0.165146 wMAE=2.2558 wBias=-0.0177 condBias=4.0642 dotDrift=-0.159sigma uMRED=0.0057811071 uER=0.207031 uMAE=3.1250 WCE=40 bias=0.1250
[quad_soft:04200] loss=0.054603 tau=3.39 collapse_w=0.000 mid_frac=0.000 hard=score=0.0062187774 wNMSE=0.00066408447 wMSE=50.5902 wMRED=0.07742191 wER=0.165146 wMAE=2.2558 wBias=-0.0177 condBias=4.0642 dotDrift=-0.159sigma uMRED=0.0057811071 uER=0.207031 uMAE=3.1250 WCE=40 bias=0.1250
[quad_soft:04400] loss=0.052281 tau=3.48 collapse_w=0.000 mid_frac=0.009 hard=score=0.0176596154 wNMSE=0.00059029391 wMSE=44.9688 wMRED=0.10364011 wER=0.200459 wMAE=2.3371 wBias=0.4660 condBias=3.8333 dotDrift=+4.447sigma uMRED=0.0060766016 uER=0.238281 uMAE=3.1250 WCE=40 bias=0.6250
[quad_soft:04600] loss=0.050701 tau=3.57 collapse_w=0.000 mid_frac=0.009 hard=score=0.0176596154 wNMSE=0.00059029391 wMSE=44.9688 wMRED=0.10364011 wER=0.200459 wMAE=2.3371 wBias=0.4660 condBias=3.8333 dotDrift=+4.447sigma uMRED=0.0060766016 uER=0.238281 uMAE=3.1250 WCE=40 bias=0.6250
[quad_soft:04800] loss=0.049239 tau=3.66 collapse_w=0.000 mid_frac=0.009 hard=score=0.0176596154 wNMSE=0.00059029391 wMSE=44.9688 wMRED=0.10364011 wER=0.200459 wMAE=2.3371 wBias=0.4660 condBias=3.8333 dotDrift=+4.447sigma uMRED=0.0060766016 uER=0.238281 uMAE=3.1250 WCE=40 bias=0.6250
[quad_soft:05000] loss=0.047275 tau=3.75 collapse_w=0.000 mid_frac=0.009 hard=score=0.0176596154 wNMSE=0.00059029391 wMSE=44.9688 wMRED=0.10364011 wER=0.200459 wMAE=2.3371 wBias=0.4660 condBias=3.8333 dotDrift=+4.447sigma uMRED=0.0060766016 uER=0.238281 uMAE=3.1250 WCE=40 bias=0.6250
[quad_soft:05200] loss=0.046696 tau=3.84 collapse_w=0.000 mid_frac=0.009 hard=score=0.0176596154 wNMSE=0.00059029391 wMSE=44.9688 wMRED=0.10364011 wER=0.200459 wMAE=2.3371 wBias=0.4660 condBias=3.8333 dotDrift=+4.447sigma uMRED=0.0060766016 uER=0.238281 uMAE=3.1250 WCE=40 bias=0.6250
[quad_soft:05400] loss=0.044796 tau=3.93 collapse_w=0.000 mid_frac=0.009 hard=score=0.0176596154 wNMSE=0.00059029391 wMSE=44.9688 wMRED=0.10364011 wER=0.200459 wMAE=2.3371 wBias=0.4660 condBias=3.8333 dotDrift=+4.447sigma uMRED=0.0060766016 uER=0.238281 uMAE=3.1250 WCE=40 bias=0.6250
[quad_soft:05600] loss=0.042612 tau=4.02 collapse_w=0.000 mid_frac=0.018 hard=score=0.0143854423 wNMSE=0.0006197444 wMSE=47.2123 wMRED=0.10521735 wER=0.200459 wMAE=2.4176 wBias=0.3855 condBias=3.9972 dotDrift=+3.591sigma uMRED=0.0062710370 uER=0.238281 uMAE=3.2500 WCE=40 bias=0.5000
[quad_soft:05800] loss=0.040892 tau=4.11 collapse_w=0.000 mid_frac=0.018 hard=score=0.0143854423 wNMSE=0.0006197444 wMSE=47.2123 wMRED=0.10521735 wER=0.200459 wMAE=2.4176 wBias=0.3855 condBias=3.9972 dotDrift=+3.591sigma uMRED=0.0062710370 uER=0.238281 uMAE=3.2500 WCE=40 bias=0.5000
[quad_soft:06000] loss=0.039137 tau=4.20 collapse_w=0.000 mid_frac=0.018 hard=score=0.0143854423 wNMSE=0.0006197444 wMSE=47.2123 wMRED=0.10521735 wER=0.200459 wMAE=2.4176 wBias=0.3855 condBias=3.9972 dotDrift=+3.591sigma uMRED=0.0062710370 uER=0.238281 uMAE=3.2500 WCE=40 bias=0.5000
[quad_soft:06200] loss=0.038503 tau=4.29 collapse_w=0.025 mid_frac=0.009 hard=score=0.0176596154 wNMSE=0.00059029391 wMSE=44.9688 wMRED=0.10364011 wER=0.200459 wMAE=2.3371 wBias=0.4660 condBias=3.8333 dotDrift=+4.447sigma uMRED=0.0060766016 uER=0.238281 uMAE=3.1250 WCE=40 bias=0.6250
[quad_soft:06400] loss=0.037562 tau=4.38 collapse_w=0.050 mid_frac=0.009 hard=score=0.0176596154 wNMSE=0.00059029391 wMSE=44.9688 wMRED=0.10364011 wER=0.200459 wMAE=2.3371 wBias=0.4660 condBias=3.8333 dotDrift=+4.447sigma uMRED=0.0060766016 uER=0.238281 uMAE=3.1250 WCE=40 bias=0.6250
[quad_soft:06600] loss=0.036534 tau=4.47 collapse_w=0.075 mid_frac=0.009 hard=score=0.0176596154 wNMSE=0.00059029391 wMSE=44.9688 wMRED=0.10364011 wER=0.200459 wMAE=2.3371 wBias=0.4660 condBias=3.8333 dotDrift=+4.447sigma uMRED=0.0060766016 uER=0.238281 uMAE=3.1250 WCE=40 bias=0.6250
[quad_soft:06800] loss=0.035595 tau=4.56 collapse_w=0.100 mid_frac=0.009 hard=score=0.0176596154 wNMSE=0.00059029391 wMSE=44.9688 wMRED=0.10364011 wER=0.200459 wMAE=2.3371 wBias=0.4660 condBias=3.8333 dotDrift=+4.447sigma uMRED=0.0060766016 uER=0.238281 uMAE=3.1250 WCE=40 bias=0.6250
[quad_soft:07000] loss=0.034522 tau=4.65 collapse_w=0.125 mid_frac=0.009 hard=score=0.0176596154 wNMSE=0.00059029391 wMSE=44.9688 wMRED=0.10364011 wER=0.200459 wMAE=2.3371 wBias=0.4660 condBias=3.8333 dotDrift=+4.447sigma uMRED=0.0060766016 uER=0.238281 uMAE=3.1250 WCE=40 bias=0.6250
[quad_soft:07200] loss=0.033791 tau=4.74 collapse_w=0.150 mid_frac=0.009 hard=score=0.0176596154 wNMSE=0.00059029391 wMSE=44.9688 wMRED=0.10364011 wER=0.200459 wMAE=2.3371 wBias=0.4660 condBias=3.8333 dotDrift=+4.447sigma uMRED=0.0060766016 uER=0.238281 uMAE=3.1250 WCE=40 bias=0.6250
[quad_soft:07400] loss=0.032419 tau=4.83 collapse_w=0.175 mid_frac=0.009 hard=score=0.0176596154 wNMSE=0.00059029391 wMSE=44.9688 wMRED=0.10364011 wER=0.200459 wMAE=2.3371 wBias=0.4660 condBias=3.8333 dotDrift=+4.447sigma uMRED=0.0060766016 uER=0.238281 uMAE=3.1250 WCE=40 bias=0.6250
[quad_soft:07600] loss=0.031007 tau=4.92 collapse_w=0.200 mid_frac=0.009 hard=score=0.0176596154 wNMSE=0.00059029391 wMSE=44.9688 wMRED=0.10364011 wER=0.200459 wMAE=2.3371 wBias=0.4660 condBias=3.8333 dotDrift=+4.447sigma uMRED=0.0060766016 uER=0.238281 uMAE=3.1250 WCE=40 bias=0.6250
[quad_soft:07800] loss=0.029718 tau=5.01 collapse_w=0.225 mid_frac=0.009 hard=score=0.0176596154 wNMSE=0.00059029391 wMSE=44.9688 wMRED=0.10364011 wER=0.200459 wMAE=2.3371 wBias=0.4660 condBias=3.8333 dotDrift=+4.447sigma uMRED=0.0060766016 uER=0.238281 uMAE=3.1250 WCE=40 bias=0.6250
[quad_soft:08000] loss=0.028351 tau=5.10 collapse_w=0.250 mid_frac=0.009 hard=score=0.0176596154 wNMSE=0.00059029391 wMSE=44.9688 wMRED=0.10364011 wER=0.200459 wMAE=2.3371 wBias=0.4660 condBias=3.8333 dotDrift=+4.447sigma uMRED=0.0060766016 uER=0.238281 uMAE=3.1250 WCE=40 bias=0.6250
[quad_soft:08200] loss=0.026973 tau=5.19 collapse_w=0.275 mid_frac=0.009 hard=score=0.0176596154 wNMSE=0.00059029391 wMSE=44.9688 wMRED=0.10364011 wER=0.200459 wMAE=2.3371 wBias=0.4660 condBias=3.8333 dotDrift=+4.447sigma uMRED=0.0060766016 uER=0.238281 uMAE=3.1250 WCE=40 bias=0.6250
[quad_soft:08400] loss=0.025562 tau=5.28 collapse_w=0.300 mid_frac=0.009 hard=score=0.0176596154 wNMSE=0.00059029391 wMSE=44.9688 wMRED=0.10364011 wER=0.200459 wMAE=2.3371 wBias=0.4660 condBias=3.8333 dotDrift=+4.447sigma uMRED=0.0060766016 uER=0.238281 uMAE=3.1250 WCE=40 bias=0.6250
[quad_soft:08600] loss=0.023580 tau=5.37 collapse_w=0.325 mid_frac=0.009 hard=score=0.0176596154 wNMSE=0.00059029391 wMSE=44.9688 wMRED=0.10364011 wER=0.200459 wMAE=2.3371 wBias=0.4660 condBias=3.8333 dotDrift=+4.447sigma uMRED=0.0060766016 uER=0.238281 uMAE=3.1250 WCE=40 bias=0.6250
[quad_soft:08800] loss=0.021861 tau=5.46 collapse_w=0.350 mid_frac=0.009 hard=score=0.0176596154 wNMSE=0.00059029391 wMSE=44.9688 wMRED=0.10364011 wER=0.200459 wMAE=2.3371 wBias=0.4660 condBias=3.8333 dotDrift=+4.447sigma uMRED=0.0060766016 uER=0.238281 uMAE=3.1250 WCE=40 bias=0.6250
[quad_soft:09000] loss=0.020222 tau=5.55 collapse_w=0.375 mid_frac=0.009 hard=score=0.0176596154 wNMSE=0.00059029391 wMSE=44.9688 wMRED=0.10364011 wER=0.200459 wMAE=2.3371 wBias=0.4660 condBias=3.8333 dotDrift=+4.447sigma uMRED=0.0060766016 uER=0.238281 uMAE=3.1250 WCE=40 bias=0.6250
[quad_soft:09200] loss=0.018481 tau=5.64 collapse_w=0.400 mid_frac=0.009 hard=score=0.0176596154 wNMSE=0.00059029391 wMSE=44.9688 wMRED=0.10364011 wER=0.200459 wMAE=2.3371 wBias=0.4660 condBias=3.8333 dotDrift=+4.447sigma uMRED=0.0060766016 uER=0.238281 uMAE=3.1250 WCE=40 bias=0.6250
[quad_soft:09400] loss=0.016594 tau=5.73 collapse_w=0.425 mid_frac=0.009 hard=score=0.0176596154 wNMSE=0.00059029391 wMSE=44.9688 wMRED=0.10364011 wER=0.200459 wMAE=2.3371 wBias=0.4660 condBias=3.8333 dotDrift=+4.447sigma uMRED=0.0060766016 uER=0.238281 uMAE=3.1250 WCE=40 bias=0.6250
[quad_soft:09600] loss=0.014482 tau=5.82 collapse_w=0.450 mid_frac=0.009 hard=score=0.0176596154 wNMSE=0.00059029391 wMSE=44.9688 wMRED=0.10364011 wER=0.200459 wMAE=2.3371 wBias=0.4660 condBias=3.8333 dotDrift=+4.447sigma uMRED=0.0060766016 uER=0.238281 uMAE=3.1250 WCE=40 bias=0.6250
[quad_soft:09800] loss=0.011990 tau=5.91 collapse_w=0.475 mid_frac=0.009 hard=score=0.0176596154 wNMSE=0.00059029391 wMSE=44.9688 wMRED=0.10364011 wER=0.200459 wMAE=2.3371 wBias=0.4660 condBias=3.8333 dotDrift=+4.447sigma uMRED=0.0060766016 uER=0.238281 uMAE=3.1250 WCE=40 bias=0.6250
[quad_soft:09999] loss=0.008745 tau=6.00 collapse_w=0.500 mid_frac=0.009 hard=score=0.0176596154 wNMSE=0.00059029391 wMSE=44.9688 wMRED=0.10364011 wER=0.200459 wMAE=2.3371 wBias=0.4660 condBias=3.8333 dotDrift=+4.447sigma uMRED=0.0060766016 uER=0.238281 uMAE=3.1250 WCE=40 bias=0.6250
[quad_hard_ste:00000] loss=0.542756 tau=6.00 collapse_w=0.000 mid_frac=0.009 hard=score=0.0176596154 wNMSE=0.00059029391 wMSE=44.9688 wMRED=0.10364011 wER=0.200459 wMAE=2.3371 wBias=0.4660 condBias=3.8333 dotDrift=+4.447sigma uMRED=0.0060766016 uER=0.238281 uMAE=3.1250 WCE=40 bias=0.6250
[quad_hard_ste:00200] loss=0.542756 tau=6.00 collapse_w=0.000 mid_frac=0.009 hard=score=0.0176596154 wNMSE=0.00059029391 wMSE=44.9688 wMRED=0.10364011 wER=0.200459 wMAE=2.3371 wBias=0.4660 condBias=3.8333 dotDrift=+4.447sigma uMRED=0.0060766016 uER=0.238281 uMAE=3.1250 WCE=40 bias=0.6250
[quad_hard_ste:00400] loss=2.214092 tau=6.00 collapse_w=0.000 mid_frac=0.009 hard=score=0.0129676820 wNMSE=0.00064195229 wMSE=48.9042 wMRED=0.10401094 wER=0.200854 wMAE=2.3986 wBias=0.3537 condBias=3.9415 dotDrift=+3.237sigma uMRED=0.0074145899 uER=0.246094 uMAE=4.3281 WCE=64 bias=-1.3750
[quad_hard_ste:00600] loss=2.214092 tau=6.00 collapse_w=0.000 mid_frac=0.009 hard=score=0.0129676820 wNMSE=0.00064195229 wMSE=48.9042 wMRED=0.10401094 wER=0.200854 wMAE=2.3986 wBias=0.3537 condBias=3.9415 dotDrift=+3.237sigma uMRED=0.0074145899 uER=0.246094 uMAE=4.3281 WCE=64 bias=-1.3750
[quad_hard_ste:00800] loss=2.214092 tau=6.00 collapse_w=0.000 mid_frac=0.009 hard=score=0.0129676820 wNMSE=0.00064195229 wMSE=48.9042 wMRED=0.10401094 wER=0.200854 wMAE=2.3986 wBias=0.3537 condBias=3.9415 dotDrift=+3.237sigma uMRED=0.0074145899 uER=0.246094 uMAE=4.3281 WCE=64 bias=-1.3750
[quad_hard_ste:01000] loss=2.214092 tau=6.00 collapse_w=0.000 mid_frac=0.009 hard=score=0.0129676820 wNMSE=0.00064195229 wMSE=48.9042 wMRED=0.10401094 wER=0.200854 wMAE=2.3986 wBias=0.3537 condBias=3.9415 dotDrift=+3.237sigma uMRED=0.0074145899 uER=0.246094 uMAE=4.3281 WCE=64 bias=-1.3750
[quad_hard_ste:01200] loss=2.214092 tau=6.00 collapse_w=0.000 mid_frac=0.009 hard=score=0.0129676820 wNMSE=0.00064195229 wMSE=48.9042 wMRED=0.10401094 wER=0.200854 wMAE=2.3986 wBias=0.3537 condBias=3.9415 dotDrift=+3.237sigma uMRED=0.0074145899 uER=0.246094 uMAE=4.3281 WCE=64 bias=-1.3750
[quad_hard_ste:01400] loss=2.214092 tau=6.00 collapse_w=0.000 mid_frac=0.009 hard=score=0.0129676820 wNMSE=0.00064195229 wMSE=48.9042 wMRED=0.10401094 wER=0.200854 wMAE=2.3986 wBias=0.3537 condBias=3.9415 dotDrift=+3.237sigma uMRED=0.0074145899 uER=0.246094 uMAE=4.3281 WCE=64 bias=-1.3750
[quad_hard_ste:01600] loss=2.214092 tau=6.00 collapse_w=0.000 mid_frac=0.009 hard=score=0.0129676820 wNMSE=0.00064195229 wMSE=48.9042 wMRED=0.10401094 wER=0.200854 wMAE=2.3986 wBias=0.3537 condBias=3.9415 dotDrift=+3.237sigma uMRED=0.0074145899 uER=0.246094 uMAE=4.3281 WCE=64 bias=-1.3750
[quad_hard_ste:01800] loss=2.214092 tau=6.00 collapse_w=0.000 mid_frac=0.009 hard=score=0.0129676820 wNMSE=0.00064195229 wMSE=48.9042 wMRED=0.10401094 wER=0.200854 wMAE=2.3986 wBias=0.3537 condBias=3.9415 dotDrift=+3.237sigma uMRED=0.0074145899 uER=0.246094 uMAE=4.3281 WCE=64 bias=-1.3750
[quad_hard_ste:02000] loss=2.214092 tau=6.00 collapse_w=0.000 mid_frac=0.009 hard=score=0.0129676820 wNMSE=0.00064195229 wMSE=48.9042 wMRED=0.10401094 wER=0.200854 wMAE=2.3986 wBias=0.3537 condBias=3.9415 dotDrift=+3.237sigma uMRED=0.0074145899 uER=0.246094 uMAE=4.3281 WCE=64 bias=-1.3750
[quad_hard_ste:02200] loss=2.214092 tau=6.00 collapse_w=0.000 mid_frac=0.009 hard=score=0.0129676820 wNMSE=0.00064195229 wMSE=48.9042 wMRED=0.10401094 wER=0.200854 wMAE=2.3986 wBias=0.3537 condBias=3.9415 dotDrift=+3.237sigma uMRED=0.0074145899 uER=0.246094 uMAE=4.3281 WCE=64 bias=-1.3750
[quad_hard_ste:02400] loss=2.214092 tau=6.00 collapse_w=0.000 mid_frac=0.009 hard=score=0.0129676820 wNMSE=0.00064195229 wMSE=48.9042 wMRED=0.10401094 wER=0.200854 wMAE=2.3986 wBias=0.3537 condBias=3.9415 dotDrift=+3.237sigma uMRED=0.0074145899 uER=0.246094 uMAE=4.3281 WCE=64 bias=-1.3750
[quad_hard_ste:02600] loss=2.214092 tau=6.00 collapse_w=0.000 mid_frac=0.000 hard=score=0.0129676820 wNMSE=0.00064195229 wMSE=48.9042 wMRED=0.10401094 wER=0.200854 wMAE=2.3986 wBias=0.3537 condBias=3.9415 dotDrift=+3.237sigma uMRED=0.0074145899 uER=0.246094 uMAE=4.3281 WCE=64 bias=-1.3750
[quad_hard_ste:02800] loss=2.214092 tau=6.00 collapse_w=0.000 mid_frac=0.000 hard=score=0.0129676820 wNMSE=0.00064195229 wMSE=48.9042 wMRED=0.10401094 wER=0.200854 wMAE=2.3986 wBias=0.3537 condBias=3.9415 dotDrift=+3.237sigma uMRED=0.0074145899 uER=0.246094 uMAE=4.3281 WCE=64 bias=-1.3750
[quad_hard_ste:03000] loss=2.214092 tau=6.00 collapse_w=0.000 mid_frac=0.000 hard=score=0.0129676820 wNMSE=0.00064195229 wMSE=48.9042 wMRED=0.10401094 wER=0.200854 wMAE=2.3986 wBias=0.3537 condBias=3.9415 dotDrift=+3.237sigma uMRED=0.0074145899 uER=0.246094 uMAE=4.3281 WCE=64 bias=-1.3750
[quad_hard_ste:03200] loss=2.214092 tau=6.00 collapse_w=0.000 mid_frac=0.000 hard=score=0.0129676820 wNMSE=0.00064195229 wMSE=48.9042 wMRED=0.10401094 wER=0.200854 wMAE=2.3986 wBias=0.3537 condBias=3.9415 dotDrift=+3.237sigma uMRED=0.0074145899 uER=0.246094 uMAE=4.3281 WCE=64 bias=-1.3750
[quad_hard_ste:03400] loss=2.214092 tau=6.00 collapse_w=0.000 mid_frac=0.000 hard=score=0.0129676820 wNMSE=0.00064195229 wMSE=48.9042 wMRED=0.10401094 wER=0.200854 wMAE=2.3986 wBias=0.3537 condBias=3.9415 dotDrift=+3.237sigma uMRED=0.0074145899 uER=0.246094 uMAE=4.3281 WCE=64 bias=-1.3750
[quad_hard_ste:03600] loss=2.214092 tau=6.00 collapse_w=0.000 mid_frac=0.000 hard=score=0.0129676820 wNMSE=0.00064195229 wMSE=48.9042 wMRED=0.10401094 wER=0.200854 wMAE=2.3986 wBias=0.3537 condBias=3.9415 dotDrift=+3.237sigma uMRED=0.0074145899 uER=0.246094 uMAE=4.3281 WCE=64 bias=-1.3750
[quad_hard_ste:03800] loss=2.214092 tau=6.00 collapse_w=0.000 mid_frac=0.000 hard=score=0.0129676820 wNMSE=0.00064195229 wMSE=48.9042 wMRED=0.10401094 wER=0.200854 wMAE=2.3986 wBias=0.3537 condBias=3.9415 dotDrift=+3.237sigma uMRED=0.0074145899 uER=0.246094 uMAE=4.3281 WCE=64 bias=-1.3750
[quad_hard_ste:03999] loss=2.214092 tau=6.00 collapse_w=0.000 mid_frac=0.000 hard=score=0.0129676820 wNMSE=0.00064195229 wMSE=48.9042 wMRED=0.10401094 wER=0.200854 wMAE=2.3986 wBias=0.3537 condBias=3.9415 dotDrift=+3.237sigma uMRED=0.0074145899 uER=0.246094 uMAE=4.3281 WCE=64 bias=-1.3750
[pop00_soft:00000] loss=18.729639 tau=1.50 collapse_w=0.000 mid_frac=0.411 hard=score=630.7523688751 wNMSE=1.7352915 wMSE=132195.1220 wMRED=10.90275316 wER=0.434763 wMAE=175.7180 wBias=106.8001 condBias=207.8348 dotDrift=+18.799sigma uMRED=0.2815515093 uER=0.426758 uMAE=88.0508 WCE=1203 bias=52.1875
[pop00_soft:00200] loss=149.696457 tau=2.25 collapse_w=0.000 mid_frac=0.393 hard=score=16.0192865482 wNMSE=0.52169484 wMSE=39742.8991 wMRED=6.74350566 wER=0.410832 wMAE=102.4141 wBias=14.4586 condBias=106.7256 dotDrift=+4.642sigma uMRED=0.1788775659 uER=0.431641 uMAE=56.9062 WCE=520 bias=-7.6250
[pop00_soft:00400] loss=128.825089 tau=3.00 collapse_w=0.000 mid_frac=0.339 hard=score=22.2518887890 wNMSE=0.077965438 wMSE=5939.4348 wMRED=2.05625815 wER=0.411034 wMAE=29.8162 wBias=-20.0171 condBias=40.2102 dotDrift=-16.623sigma uMRED=0.0744360857 uER=0.427734 uMAE=32.4453 WCE=320 bias=-0.3125
[pop00_soft:00600] loss=103.717117 tau=3.75 collapse_w=0.000 mid_frac=0.295 hard=score=16.1616360593 wNMSE=0.064285158 wMSE=4897.2662 wMRED=1.88583889 wER=0.398352 wMAE=30.5706 wBias=-16.9864 condBias=44.5974 dotDrift=-15.535sigma uMRED=0.0704005941 uER=0.424805 uMAE=31.6055 WCE=328 bias=-5.5000
[pop00_soft:00800] loss=101.966736 tau=4.50 collapse_w=0.084 mid_frac=0.304 hard=score=15.2237917249 wNMSE=0.063489521 wMSE=4836.6543 wMRED=1.87408736 wER=0.390075 wMAE=30.0526 wBias=-16.4716 condBias=43.9845 dotDrift=-15.158sigma uMRED=0.0695744776 uER=0.416016 uMAE=31.2227 WCE=328 bias=-4.7500
[pop00_soft:01000] loss=101.387375 tau=5.25 collapse_w=0.293 mid_frac=0.286 hard=score=9.9893202417 wNMSE=0.062688842 wMSE=4775.6583 wMRED=1.86304488 wER=0.390075 wMAE=29.3978 wBias=-13.2471 condBias=37.9895 dotDrift=-12.268sigma uMRED=0.0680923170 uER=0.416016 uMAE=30.3516 WCE=328 bias=0.3750
[pop00_soft:01199] loss=101.168488 tau=6.00 collapse_w=0.500 mid_frac=0.286 hard=score=9.0576465137 wNMSE=0.06230363 wMSE=4746.3127 wMRED=1.84247933 wER=0.390075 wMAE=28.9593 wBias=-12.5816 condBias=37.2924 dotDrift=-11.688sigma uMRED=0.0675381459 uER=0.416016 uMAE=30.2871 WCE=328 bias=1.1250
[pop00_hard:00000] loss=133.610718 tau=6.00 collapse_w=0.000 mid_frac=0.286 hard=score=9.0576465137 wNMSE=0.06230363 wMSE=4746.3127 wMRED=1.84247933 wER=0.390075 wMAE=28.9593 wBias=-12.5816 condBias=37.2924 dotDrift=-11.688sigma uMRED=0.0675381459 uER=0.416016 uMAE=30.2871 WCE=328 bias=1.1250
[pop00_hard:00200] loss=164.747635 tau=6.00 collapse_w=0.000 mid_frac=0.259 hard=score=9.4874130138 wNMSE=0.069149136 wMSE=5267.8058 wMRED=1.85194062 wER=0.390075 wMAE=30.0014 wBias=-12.8455 condBias=37.9190 dotDrift=-11.327sigma uMRED=0.0802368824 uER=0.416016 uMAE=39.9297 WCE=535 bias=1.6250
[pop00_hard:00400] loss=153.131104 tau=6.00 collapse_w=0.000 mid_frac=0.241 hard=score=7.9346966657 wNMSE=0.071613768 wMSE=5455.5623 wMRED=1.83645512 wER=0.381650 wMAE=29.7331 wBias=-11.6724 condBias=36.0069 dotDrift=-10.114sigma uMRED=0.0817144596 uER=0.412109 uMAE=41.5293 WCE=599 bias=4.7500
[pop00_hard:00599] loss=148.769089 tau=6.00 collapse_w=0.000 mid_frac=0.241 hard=score=9.6571135003 wNMSE=0.058837121 wMSE=4482.2328 wMRED=1.82087464 wER=0.384311 wMAE=28.2176 wBias=-12.9963 condBias=39.8747 dotDrift=-12.424sigma uMRED=0.0628130175 uER=0.417969 uMAE=27.0430 WCE=254 bias=-10.0000
[pop00] done (conf=0.53, noise=0.5); global best score=0.0062187774 wNMSE=0.00066408447 wMSE=50.5902 wMRED=0.07742191 wER=0.165146 wMAE=2.2558 wBias=-0.0177 condBias=4.0642 dotDrift=-0.159sigma uMRED=0.0057811071 uER=0.207031 uMAE=3.1250 WCE=40 bias=0.1250
[pop01_soft:00000] loss=13.486217 tau=1.50 collapse_w=0.000 mid_frac=0.438 hard=score=158.7759292024 wNMSE=0.3547518 wMSE=27025.1182 wMRED=4.45051977 wER=0.437165 wMAE=84.4680 wBias=53.6135 condBias=108.3367 dotDrift=+20.872sigma uMRED=0.1711160147 uER=0.437500 uMAE=77.0664 WCE=556 bias=54.6875
[pop01_soft:00200] loss=109.639771 tau=2.25 collapse_w=0.000 mid_frac=0.375 hard=score=4.9189539869 wNMSE=0.20411468 wMSE=15549.5292 wMRED=3.59931452 wER=0.408944 wMAE=64.0997 wBias=7.1615 condBias=65.7572 dotDrift=+3.676sigma uMRED=0.1402040009 uER=0.431641 uMAE=62.1582 WCE=456 bias=-14.5625
[pop01_soft:00400] loss=100.965126 tau=3.00 collapse_w=0.000 mid_frac=0.375 hard=score=22.9708934448 wNMSE=0.10085885 wMSE=7683.4628 wMRED=2.34039556 wER=0.411022 wMAE=42.2264 wBias=20.1234 condBias=54.8984 dotDrift=+14.693sigma uMRED=0.0891403873 uER=0.424805 uMAE=42.4102 WCE=368 bias=-3.7500
[pop01_soft:00600] loss=83.644249 tau=3.75 collapse_w=0.000 mid_frac=0.321 hard=score=2.0158590502 wNMSE=0.020951098 wMSE=1596.0621 wMRED=0.76034579 wER=0.361912 wMAE=18.1906 wBias=5.8694 condBias=21.3161 dotDrift=+9.403sigma uMRED=0.0575384670 uER=0.424805 uMAE=35.2949 WCE=344 bias=-7.0625
[pop01_soft:00800] loss=67.761589 tau=4.50 collapse_w=0.084 mid_frac=0.304 hard=score=1.2651210497 wNMSE=0.017723431 wMSE=1350.1773 wMRED=0.65783955 wER=0.378151 wMAE=16.2063 wBias=-4.5973 condBias=18.4102 dotDrift=-8.007sigma uMRED=0.0549127471 uER=0.427734 uMAE=34.6875 WCE=344 bias=-9.0625
[pop01_soft:01000] loss=38.845016 tau=5.25 collapse_w=0.293 mid_frac=0.312 hard=score=1.3094210858 wNMSE=0.017777801 wMSE=1354.3192 wMRED=0.65784042 wER=0.376037 wMAE=16.2249 wBias=-4.6850 condBias=18.4171 dotDrift=-8.148sigma uMRED=0.0549147849 uER=0.426758 uMAE=34.6875 WCE=344 bias=-9.1875
[pop01_soft:01199] loss=38.598694 tau=6.00 collapse_w=0.500 mid_frac=0.295 hard=score=1.8777962579 wNMSE=0.01734773 wMSE=1321.5562 wMRED=0.66552860 wER=0.376037 wMAE=16.0273 wBias=-5.7063 condBias=18.2904 dotDrift=-10.046sigma uMRED=0.0529020995 uER=0.426758 uMAE=32.7539 WCE=344 bias=-12.1875
[pop01_hard:00000] loss=59.212955 tau=6.00 collapse_w=0.000 mid_frac=0.295 hard=score=1.8777962579 wNMSE=0.01734773 wMSE=1321.5562 wMRED=0.66552860 wER=0.376037 wMAE=16.0273 wBias=-5.7063 condBias=18.2904 dotDrift=-10.046sigma uMRED=0.0529020995 uER=0.426758 uMAE=32.7539 WCE=344 bias=-12.1875
[pop01_hard:00200] loss=52.437752 tau=6.00 collapse_w=0.000 mid_frac=0.277 hard=score=2.3294087192 wNMSE=0.020277978 wMSE=1544.7836 wMRED=0.80305810 wER=0.378151 wMAE=18.0305 wBias=6.3190 condBias=22.3227 dotDrift=+10.289sigma uMRED=0.0547398368 uER=0.427734 uMAE=31.7168 WCE=256 bias=7.8125
[pop01_hard:00400] loss=34.889099 tau=6.00 collapse_w=0.000 mid_frac=0.277 hard=score=2.3294087192 wNMSE=0.020277978 wMSE=1544.7836 wMRED=0.80305810 wER=0.378151 wMAE=18.0305 wBias=6.3190 condBias=22.3227 dotDrift=+10.289sigma uMRED=0.0547398368 uER=0.427734 uMAE=31.7168 WCE=256 bias=7.8125
[pop01_hard:00599] loss=57.202843 tau=6.00 collapse_w=0.000 mid_frac=0.286 hard=score=0.7562761164 wNMSE=0.020489284 wMSE=1560.8810 wMRED=0.79632566 wER=0.378151 wMAE=18.2683 wBias=3.3637 condBias=20.0093 dotDrift=+5.449sigma uMRED=0.0560025297 uER=0.427734 uMAE=33.8730 WCE=344 bias=-12.1875
[pop01] done (conf=0.51, noise=1.0); global best score=0.0062187774 wNMSE=0.00066408447 wMSE=50.5902 wMRED=0.07742191 wER=0.165146 wMAE=2.2558 wBias=-0.0177 condBias=4.0642 dotDrift=-0.159sigma uMRED=0.0057811071 uER=0.207031 uMAE=3.1250 WCE=40 bias=0.1250
[pop02_soft:00000] loss=10.112168 tau=1.50 collapse_w=0.000 mid_frac=0.286 hard=score=203.7230100224 wNMSE=0.28780675 wMSE=21925.2207 wMRED=3.52053455 wER=0.427326 wMAE=64.2611 wBias=61.0679 condBias=113.5351 dotDrift=+26.395sigma uMRED=0.1258719616 uER=0.422852 uMAE=56.1816 WCE=488 bias=49.0625
[pop02_soft:00200] loss=44.359863 tau=2.25 collapse_w=0.000 mid_frac=0.214 hard=score=2.5481385885 wNMSE=0.010134491 wMSE=772.0492 wMRED=0.52293449 wER=0.405593 wMAE=11.8300 wBias=-6.7802 condBias=14.1791 dotDrift=-15.617sigma uMRED=0.0405241733 uER=0.428711 uMAE=26.7617 WCE=232 bias=1.3125
[pop02_soft:00400] loss=32.006836 tau=3.00 collapse_w=0.000 mid_frac=0.214 hard=score=1.4849802559 wNMSE=0.0092463042 wMSE=704.3867 wMRED=0.36392865 wER=0.353203 wMAE=10.6596 wBias=-5.1406 condBias=13.1629 dotDrift=-12.396sigma uMRED=0.0380340856 uER=0.415039 uMAE=26.2266 WCE=224 bias=1.8750
[pop02_soft:00600] loss=37.579643 tau=3.75 collapse_w=0.000 mid_frac=0.232 hard=score=1.0052605521 wNMSE=0.0088514414 wMSE=674.3060 wMRED=0.34148927 wER=0.319620 wMAE=10.1158 wBias=-4.1922 condBias=12.7002 dotDrift=-10.332sigma uMRED=0.0377501450 uER=0.405273 uMAE=26.0938 WCE=224 bias=-2.2500
[pop02_soft:00800] loss=37.500248 tau=4.50 collapse_w=0.084 mid_frac=0.241 hard=score=0.7659329592 wNMSE=0.0088770146 wMSE=676.2541 wMRED=0.34164233 wER=0.353785 wMAE=10.3997 wBias=-3.6221 condBias=12.6423 dotDrift=-8.914sigma uMRED=0.0379025002 uER=0.415039 uMAE=26.2500 WCE=232 bias=-1.7500
[pop02_soft:01000] loss=37.488396 tau=5.25 collapse_w=0.293 mid_frac=0.241 hard=score=1.1698044025 wNMSE=0.008959335 wMSE=682.5253 wMRED=0.33990809 wER=0.357044 wMAE=10.2212 wBias=-4.5383 condBias=12.9981 dotDrift=-11.118sigma uMRED=0.0375092821 uER=0.416016 uMAE=25.9062 WCE=232 bias=-2.7500
[pop02_soft:01199] loss=37.478180 tau=6.00 collapse_w=0.500 mid_frac=0.232 hard=score=1.1170968263 wNMSE=0.0087564052 wMSE=667.0661 wMRED=0.33933595 wER=0.357044 wMAE=10.1156 wBias=-4.4327 condBias=12.8121 dotDrift=-10.984sigma uMRED=0.0354730745 uER=0.416016 uMAE=23.9062 WCE=232 bias=-0.7500
[pop02_hard:00000] loss=54.886517 tau=6.00 collapse_w=0.000 mid_frac=0.232 hard=score=1.1170968263 wNMSE=0.0087564052 wMSE=667.0661 wMRED=0.33933595 wER=0.357044 wMAE=10.1156 wBias=-4.4327 condBias=12.8121 dotDrift=-10.984sigma uMRED=0.0354730745 uER=0.416016 uMAE=23.9062 WCE=232 bias=-0.7500
[pop02_hard:00200] loss=52.394962 tau=6.00 collapse_w=0.000 mid_frac=0.196 hard=score=0.8281694474 wNMSE=0.0081027164 wMSE=617.2678 wMRED=0.33189250 wER=0.356208 wMAE=9.6465 wBias=-3.8089 condBias=11.1876 dotDrift=-9.812sigma uMRED=0.0341334737 uER=0.413086 uMAE=23.0938 WCE=232 bias=0.2500
[pop02_hard:00400] loss=73.792198 tau=6.00 collapse_w=0.000 mid_frac=0.134 hard=score=0.3902673771 wNMSE=0.0091932076 wMSE=700.3418 wMRED=0.25776908 wER=0.302456 wMAE=8.9546 wBias=-2.4951 condBias=12.2270 dotDrift=-6.034sigma uMRED=0.0372359048 uER=0.380859 uMAE=26.4844 WCE=332 bias=-8.2500
[pop02_hard:00599] loss=61.833328 tau=6.00 collapse_w=0.000 mid_frac=0.098 hard=score=0.0574350642 wNMSE=0.0070966879 wMSE=540.6282 wMRED=0.23912515 wER=0.303832 wMAE=8.0636 wBias=-0.5422 condBias=10.5958 dotDrift=-1.492sigma uMRED=0.0362784442 uER=0.389648 uMAE=27.0000 WCE=332 bias=-1.2500
[pop02] done (conf=0.53, noise=0.5); global best score=0.0062187774 wNMSE=0.00066408447 wMSE=50.5902 wMRED=0.07742191 wER=0.165146 wMAE=2.2558 wBias=-0.0177 condBias=4.0642 dotDrift=-0.159sigma uMRED=0.0057811071 uER=0.207031 uMAE=3.1250 WCE=40 bias=0.1250
[pop03_soft:00000] loss=16.014708 tau=1.50 collapse_w=0.000 mid_frac=0.402 hard=score=341.4493717859 wNMSE=1.7196604 wMSE=131004.3435 wMRED=11.98689863 wER=0.437165 wMAE=183.2534 wBias=78.0455 condBias=203.5822 dotDrift=+13.800sigma uMRED=0.3137847306 uER=0.437500 uMAE=99.4492 WCE=1101 bias=38.1250
[pop03_soft:00200] loss=160.692322 tau=2.25 collapse_w=0.000 mid_frac=0.402 hard=score=139.7549527229 wNMSE=1.4071323 wMSE=107195.8430 wMRED=11.10090363 wER=0.435322 wMAE=166.3914 wBias=48.9699 condBias=179.5538 dotDrift=+9.572sigma uMRED=0.2825129290 uER=0.431641 uMAE=86.3379 WCE=928 bias=13.9375
[pop03_soft:00400] loss=176.775696 tau=3.00 collapse_w=0.000 mid_frac=0.420 hard=score=142.1651239690 wNMSE=0.43970433 wMSE=33496.8324 wMRED=5.94227442 wER=0.436801 wMAE=84.8430 wBias=-50.5703 condBias=106.4247 dotDrift=-17.684sigma uMRED=0.1692996323 uER=0.434570 uMAE=58.1270 WCE=733 bias=-18.7500
[pop03_soft:00600] loss=120.660500 tau=3.75 collapse_w=0.000 mid_frac=0.420 hard=score=1.3691385163 wNMSE=0.01590859 wMSE=1211.9221 wMRED=0.40814230 wER=0.402967 wMAE=13.0774 wBias=-4.8771 condBias=15.6067 dotDrift=-8.966sigma uMRED=0.0489606154 uER=0.428711 uMAE=33.9844 WCE=309 bias=-0.8125
[pop03_soft:00800] loss=76.809448 tau=4.50 collapse_w=0.084 mid_frac=0.357 hard=score=1.2323859743 wNMSE=0.015774478 wMSE=1201.7053 wMRED=0.38966682 wER=0.358760 wMAE=12.6491 wBias=-4.5953 condBias=16.5386 dotDrift=-8.484sigma uMRED=0.0515624133 uER=0.417969 uMAE=36.1914 WCE=352 bias=3.5000
[pop03_soft:01000] loss=62.081936 tau=5.25 collapse_w=0.293 mid_frac=0.321 hard=score=0.7209978458 wNMSE=0.019482783 wMSE=1484.2053 wMRED=0.68122898 wER=0.352384 wMAE=16.1933 wBias=3.1928 condBias=21.5804 dotDrift=+5.304sigma uMRED=0.0575603845 uER=0.416016 uMAE=37.0137 WCE=389 bias=-12.3750
[pop03_soft:01199] loss=57.362473 tau=6.00 collapse_w=0.500 mid_frac=0.312 hard=score=0.9344680738 wNMSE=0.01957286 wMSE=1491.0674 wMRED=0.67857157 wER=0.352384 wMAE=16.1248 wBias=3.7605 condBias=21.6629 dotDrift=+6.233sigma uMRED=0.0575955766 uER=0.416016 uMAE=37.0762 WCE=381 bias=-11.5000
[pop03_hard:00000] loss=59.326462 tau=6.00 collapse_w=0.000 mid_frac=0.312 hard=score=0.9344680738 wNMSE=0.01957286 wMSE=1491.0674 wMRED=0.67857157 wER=0.352384 wMAE=16.1248 wBias=3.7605 condBias=21.6629 dotDrift=+6.233sigma uMRED=0.0575955766 uER=0.416016 uMAE=37.0762 WCE=381 bias=-11.5000
[pop03_hard:00200] loss=59.326462 tau=6.00 collapse_w=0.000 mid_frac=0.312 hard=score=1.3012622642 wNMSE=0.018374227 wMSE=1399.7552 wMRED=0.67726722 wER=0.352384 wMAE=15.9464 wBias=4.6072 condBias=20.8365 dotDrift=+7.881sigma uMRED=0.0535809504 uER=0.416016 uMAE=33.9121 WCE=333 bias=4.5000
[pop03_hard:00400] loss=40.139694 tau=6.00 collapse_w=0.000 mid_frac=0.295 hard=score=1.3012622642 wNMSE=0.018374227 wMSE=1399.7552 wMRED=0.67726722 wER=0.352384 wMAE=15.9464 wBias=4.6072 condBias=20.8365 dotDrift=+7.881sigma uMRED=0.0535809504 uER=0.416016 uMAE=33.9121 WCE=333 bias=4.5000
[pop03_hard:00599] loss=28.518255 tau=6.00 collapse_w=0.000 mid_frac=0.339 hard=score=1.0355324239 wNMSE=0.015929866 wMSE=1213.5429 wMRED=0.47764311 wER=0.352384 wMAE=13.3375 wBias=4.1438 condBias=18.0962 dotDrift=+7.613sigma uMRED=0.0492806174 uER=0.416016 uMAE=33.4980 WCE=320 bias=19.5000
[pop03] done (conf=0.51, noise=1.0); global best score=0.0062187774 wNMSE=0.00066408447 wMSE=50.5902 wMRED=0.07742191 wER=0.165146 wMAE=2.2558 wBias=-0.0177 condBias=4.0642 dotDrift=-0.159sigma uMRED=0.0057811071 uER=0.207031 uMAE=3.1250 WCE=40 bias=0.1250
[pop04_soft:00000] loss=8.216135 tau=1.50 collapse_w=0.000 mid_frac=0.295 hard=score=2.8518066736 wNMSE=0.06965375 wMSE=5306.2475 wMRED=1.98980874 wER=0.435858 wMAE=38.6319 wBias=6.7887 condBias=31.8123 dotDrift=+5.964sigma uMRED=0.0868820373 uER=0.433594 uMAE=46.3379 WCE=544 bias=-3.5000
[pop04_soft:00200] loss=47.964333 tau=2.25 collapse_w=0.000 mid_frac=0.277 hard=score=15.1232370701 wNMSE=0.041802099 wMSE=3184.4988 wMRED=1.16552735 wER=0.394303 wMAE=23.1814 wBias=-16.6192 condBias=28.6340 dotDrift=-18.848sigma uMRED=0.0713615367 uER=0.422852 uMAE=43.0312 WCE=500 bias=-33.6875
[pop04_soft:00400] loss=59.480766 tau=3.00 collapse_w=0.000 mid_frac=0.188 hard=score=3.3665113594 wNMSE=0.013242189 wMSE=1008.7946 wMRED=0.63696780 wER=0.394303 wMAE=14.4183 wBias=-7.8132 condBias=13.7696 dotDrift=-15.744sigma uMRED=0.0425154624 uER=0.422852 uMAE=26.2266 WCE=308 bias=-15.1250
[pop04_soft:00600] loss=68.116493 tau=3.75 collapse_w=0.000 mid_frac=0.179 hard=score=1.6166304791 wNMSE=0.011471672 wMSE=873.9161 wMRED=0.55998975 wER=0.329815 wMAE=12.3678 wBias=-5.3765 condBias=11.0750 dotDrift=-11.640sigma uMRED=0.0382387535 uER=0.386719 uMAE=24.4023 WCE=308 bias=-11.8125
[pop04_soft:00800] loss=67.825447 tau=4.50 collapse_w=0.084 mid_frac=0.161 hard=score=1.6166304791 wNMSE=0.011471672 wMSE=873.9161 wMRED=0.55998975 wER=0.329815 wMAE=12.3678 wBias=-5.3765 condBias=11.0750 dotDrift=-11.640sigma uMRED=0.0382387535 uER=0.386719 uMAE=24.4023 WCE=308 bias=-11.8125
[pop04_soft:01000] loss=67.633179 tau=5.25 collapse_w=0.293 mid_frac=0.134 hard=score=1.4578523414 wNMSE=0.011435085 wMSE=871.1288 wMRED=0.55351843 wER=0.327856 wMAE=12.1886 wBias=-5.0964 condBias=11.1454 dotDrift=-11.051sigma uMRED=0.0378458493 uER=0.375000 uMAE=23.7969 WCE=308 bias=-10.6875
[pop04_soft:01199] loss=67.552612 tau=6.00 collapse_w=0.500 mid_frac=0.152 hard=score=1.5974520995 wNMSE=0.011387002 wMSE=867.4659 wMRED=0.55357986 wER=0.327856 wMAE=12.1553 wBias=-5.3454 condBias=11.1978 dotDrift=-11.615sigma uMRED=0.0371990301 uER=0.375000 uMAE=23.1035 WCE=308 bias=-12.6875
[pop04_hard:00000] loss=49.944195 tau=6.00 collapse_w=0.000 mid_frac=0.152 hard=score=1.5974520995 wNMSE=0.011387002 wMSE=867.4659 wMRED=0.55357986 wER=0.327856 wMAE=12.1553 wBias=-5.3454 condBias=11.1978 dotDrift=-11.615sigma uMRED=0.0371990301 uER=0.375000 uMAE=23.1035 WCE=308 bias=-12.6875
[pop04_hard:00200] loss=45.299782 tau=6.00 collapse_w=0.000 mid_frac=0.125 hard=score=1.4578523414 wNMSE=0.011435085 wMSE=871.1288 wMRED=0.55351843 wER=0.327856 wMAE=12.1886 wBias=-5.0964 condBias=11.1454 dotDrift=-11.051sigma uMRED=0.0378458493 uER=0.375000 uMAE=23.7969 WCE=308 bias=-10.6875
[pop04_hard:00400] loss=29.024677 tau=6.00 collapse_w=0.000 mid_frac=0.116 hard=score=0.3557725423 wNMSE=0.0075226037 wMSE=573.0746 wMRED=0.52434252 wER=0.327856 wMAE=10.2334 wBias=-2.3846 condBias=9.1366 dotDrift=-6.375sigma uMRED=0.0311025901 uER=0.375000 uMAE=19.5020 WCE=308 bias=-2.6875
[pop04_hard:00599] loss=19.370443 tau=6.00 collapse_w=0.000 mid_frac=0.116 hard=score=0.1825557219 wNMSE=0.007839234 wMSE=597.1956 wMRED=0.52502044 wER=0.327856 wMAE=10.2805 wBias=-1.4866 condBias=9.7472 dotDrift=-3.893sigma uMRED=0.0325316582 uER=0.375000 uMAE=20.0605 WCE=372 bias=13.3125
[pop04] done (conf=0.53, noise=0.5); global best score=0.0062187774 wNMSE=0.00066408447 wMSE=50.5902 wMRED=0.07742191 wER=0.165146 wMAE=2.2558 wBias=-0.0177 condBias=4.0642 dotDrift=-0.159sigma uMRED=0.0057811071 uER=0.207031 uMAE=3.1250 WCE=40 bias=0.1250
[pop05_soft:00000] loss=17.780500 tau=1.50 collapse_w=0.000 mid_frac=0.446 hard=score=284.5800889947 wNMSE=0.28994923 wMSE=22088.4355 wMRED=4.04939207 wER=0.437165 wMAE=80.6518 wBias=72.3165 condBias=123.6126 dotDrift=+31.141sigma uMRED=0.1697292339 uER=0.437500 uMAE=78.7969 WCE=693 bias=74.0625
[pop05_soft:00200] loss=126.842293 tau=2.25 collapse_w=0.000 mid_frac=0.429 hard=score=10.4853727171 wNMSE=0.12954992 wMSE=9869.1589 wMRED=3.42345375 wER=0.437165 wMAE=57.7318 wBias=13.1490 condBias=60.8837 dotDrift=+8.471sigma uMRED=0.1286484457 uER=0.437500 uMAE=62.1680 WCE=528 bias=8.8125
[pop05_soft:00400] loss=97.822571 tau=3.00 collapse_w=0.000 mid_frac=0.402 hard=score=57.1408731803 wNMSE=0.077650527 wMSE=5915.4448 wMRED=2.39180293 wER=0.378145 wMAE=34.1490 wBias=-32.3469 condBias=55.4641 dotDrift=-26.917sigma uMRED=0.0850053870 uER=0.424805 uMAE=37.1367 WCE=313 bias=-18.1875
[pop05_soft:00600] loss=77.653809 tau=3.75 collapse_w=0.000 mid_frac=0.312 hard=score=5.3737256750 wNMSE=0.017980503 wMSE=1369.7611 wMRED=0.80863781 wER=0.376455 wMAE=17.7518 wBias=-9.8881 condBias=16.6349 dotDrift=-17.099sigma uMRED=0.0521180325 uER=0.418945 uMAE=30.8516 WCE=224 bias=-6.8750
[pop05_soft:00800] loss=45.784458 tau=4.50 collapse_w=0.084 mid_frac=0.295 hard=score=4.0537618186 wNMSE=0.015485307 wMSE=1179.6762 wMRED=0.70450210 wER=0.359261 wMAE=16.1226 wBias=-8.5765 condBias=15.1313 dotDrift=-15.981sigma uMRED=0.0467313172 uER=0.416016 uMAE=27.3320 WCE=224 bias=-3.0000
[pop05_soft:01000] loss=45.345886 tau=5.25 collapse_w=0.293 mid_frac=0.295 hard=score=3.9464182115 wNMSE=0.015392508 wMSE=1172.6067 wMRED=0.69915952 wER=0.358257 wMAE=16.0415 wBias=-8.4608 condBias=15.0538 dotDrift=-15.813sigma uMRED=0.0466088413 uER=0.413086 uMAE=27.3125 WCE=224 bias=-2.8750
[pop05_soft:01199] loss=45.148422 tau=6.00 collapse_w=0.500 mid_frac=0.277 hard=score=3.7874500211 wNMSE=0.01526534 wMSE=1162.9191 wMRED=0.69917849 wER=0.358081 wMAE=16.0062 wBias=-8.2855 condBias=15.0249 dotDrift=-15.550sigma uMRED=0.0466607189 uER=0.410156 uMAE=27.3438 WCE=224 bias=-2.6250
[pop05_hard:00000] loss=35.191521 tau=6.00 collapse_w=0.000 mid_frac=0.277 hard=score=3.7874500211 wNMSE=0.01526534 wMSE=1162.9191 wMRED=0.69917849 wER=0.358081 wMAE=16.0062 wBias=-8.2855 condBias=15.0249 dotDrift=-15.550sigma uMRED=0.0466607189 uER=0.410156 uMAE=27.3438 WCE=224 bias=-2.6250
[pop05_hard:00200] loss=33.232162 tau=6.00 collapse_w=0.000 mid_frac=0.259 hard=score=3.6793759463 wNMSE=0.015471983 wMSE=1178.6612 wMRED=0.70011676 wER=0.358081 wMAE=16.1308 wBias=-8.1609 condBias=15.3219 dotDrift=-15.213sigma uMRED=0.0477888367 uER=0.410156 uMAE=28.3438 WCE=224 bias=-1.6250
[pop05_hard:00400] loss=25.265858 tau=6.00 collapse_w=0.000 mid_frac=0.241 hard=score=2.5232622984 wNMSE=0.012219165 wMSE=930.8603 wMRED=0.66052666 wER=0.359085 wMAE=14.7351 wBias=-6.7416 condBias=13.3079 dotDrift=-14.142sigma uMRED=0.0439650474 uER=0.413086 uMAE=26.3320 WCE=224 bias=0.5000
[pop05_hard:00599] loss=25.265858 tau=6.00 collapse_w=0.000 mid_frac=0.268 hard=score=2.5232622984 wNMSE=0.012219165 wMSE=930.8603 wMRED=0.66052666 wER=0.359085 wMAE=14.7351 wBias=-6.7416 condBias=13.3079 dotDrift=-14.142sigma uMRED=0.0439650474 uER=0.413086 uMAE=26.3320 WCE=224 bias=0.5000
[pop05] done (conf=0.51, noise=1.0); global best score=0.0062187774 wNMSE=0.00066408447 wMSE=50.5902 wMRED=0.07742191 wER=0.165146 wMAE=2.2558 wBias=-0.0177 condBias=4.0642 dotDrift=-0.159sigma uMRED=0.0057811071 uER=0.207031 uMAE=3.1250 WCE=40 bias=0.1250
[pop06_soft:00000] loss=9.328637 tau=1.50 collapse_w=0.000 mid_frac=0.304 hard=score=13.1418593119 wNMSE=0.1452968 wMSE=11068.7623 wMRED=1.82902040 wER=0.406480 wMAE=40.2990 wBias=-14.9241 condBias=57.8295 dotDrift=-9.079sigma uMRED=0.1210643733 uER=0.422852 uMAE=67.4922 WCE=536 bias=-1.5000
[pop06_soft:00200] loss=49.493843 tau=2.25 collapse_w=0.000 mid_frac=0.241 hard=score=0.4823588604 wNMSE=0.01678572 wMSE=1278.7421 wMRED=0.65303179 wER=0.412310 wMAE=15.8094 wBias=2.5234 condBias=18.9431 dotDrift=+4.516sigma uMRED=0.0544278966 uER=0.434570 uMAE=34.3789 WCE=355 bias=-11.8125
[pop06_soft:00400] loss=55.704666 tau=3.00 collapse_w=0.000 mid_frac=0.143 hard=score=1.2118080565 wNMSE=0.018495984 wMSE=1409.0307 wMRED=0.71360729 wER=0.370962 wMAE=15.5602 wBias=4.4490 condBias=19.7433 dotDrift=+7.585sigma uMRED=0.0551282537 uER=0.424805 uMAE=34.5605 WCE=351 bias=-2.4375
[pop06_soft:00600] loss=37.609276 tau=3.75 collapse_w=0.000 mid_frac=0.134 hard=score=0.8856863238 wNMSE=0.015144069 wMSE=1153.6806 wMRED=0.69683100 wER=0.354547 wMAE=14.5764 wBias=3.7397 condBias=18.2827 dotDrift=+7.046sigma uMRED=0.0453205423 uER=0.421875 uMAE=27.0391 WCE=348 bias=-8.2500
[pop06_soft:00800] loss=37.529148 tau=4.50 collapse_w=0.084 mid_frac=0.143 hard=score=1.0239406332 wNMSE=0.015205718 wMSE=1158.3770 wMRED=0.68134994 wER=0.354412 wMAE=14.4834 wBias=4.0689 condBias=18.3472 dotDrift=+7.651sigma uMRED=0.0450569990 uER=0.419922 uMAE=26.9766 WCE=344 bias=-7.8750
[pop06_soft:01000] loss=37.506897 tau=5.25 collapse_w=0.293 mid_frac=0.161 hard=score=1.0239406332 wNMSE=0.015205718 wMSE=1158.3770 wMRED=0.68134994 wER=0.354412 wMAE=14.4834 wBias=4.0689 condBias=18.3472 dotDrift=+7.651sigma uMRED=0.0450569990 uER=0.419922 uMAE=26.9766 WCE=344 bias=-7.8750
[pop06_soft:01199] loss=37.479424 tau=6.00 collapse_w=0.500 mid_frac=0.161 hard=score=1.0239406332 wNMSE=0.015205718 wMSE=1158.3770 wMRED=0.68134994 wER=0.354412 wMAE=14.4834 wBias=4.0689 condBias=18.3472 dotDrift=+7.651sigma uMRED=0.0450569990 uER=0.419922 uMAE=26.9766 WCE=344 bias=-7.8750
[pop06_hard:00000] loss=43.008194 tau=6.00 collapse_w=0.000 mid_frac=0.161 hard=score=1.0239406332 wNMSE=0.015205718 wMSE=1158.3770 wMRED=0.68134994 wER=0.354412 wMAE=14.4834 wBias=4.0689 condBias=18.3472 dotDrift=+7.651sigma uMRED=0.0450569990 uER=0.419922 uMAE=26.9766 WCE=344 bias=-7.8750
[pop06_hard:00200] loss=80.605080 tau=6.00 collapse_w=0.000 mid_frac=0.143 hard=score=8.7947392776 wNMSE=0.026294739 wMSE=2003.1426 wMRED=1.00220120 wER=0.354412 wMAE=18.8832 wBias=-12.6221 condBias=23.4490 dotDrift=-18.049sigma uMRED=0.0518216131 uER=0.419922 uMAE=28.3828 WCE=344 bias=-13.8750
[pop06_hard:00400] loss=64.066849 tau=6.00 collapse_w=0.000 mid_frac=0.098 hard=score=7.1210512285 wNMSE=0.02575918 wMSE=1962.3435 wMRED=1.00021299 wER=0.354443 wMAE=18.9835 wBias=-11.3281 condBias=22.2484 dotDrift=-16.366sigma uMRED=0.0537119438 uER=0.420898 uMAE=30.0547 WCE=344 bias=-7.8750
[pop06_hard:00599] loss=56.537270 tau=6.00 collapse_w=0.000 mid_frac=0.045 hard=score=6.1453166532 wNMSE=0.025792053 wMSE=1964.8478 wMRED=0.96676687 wER=0.354547 wMAE=18.6313 wBias=-10.4955 condBias=21.4045 dotDrift=-15.154sigma uMRED=0.0542494379 uER=0.421875 uMAE=30.5703 WCE=344 bias=-5.3750
[pop06] done (conf=0.53, noise=0.5); global best score=0.0062187774 wNMSE=0.00066408447 wMSE=50.5902 wMRED=0.07742191 wER=0.165146 wMAE=2.2558 wBias=-0.0177 condBias=4.0642 dotDrift=-0.159sigma uMRED=0.0057811071 uER=0.207031 uMAE=3.1250 WCE=40 bias=0.1250
[pop07_soft:00000] loss=7.960505 tau=1.50 collapse_w=0.000 mid_frac=0.357 hard=score=58.8197946003 wNMSE=0.54022079 wMSE=41154.2122 wMRED=6.19347879 wER=0.437165 wMAE=94.3597 wBias=-31.7121 condBias=110.3323 dotDrift=-10.005sigma uMRED=0.1953564999 uER=0.437500 uMAE=69.7344 WCE=677 bias=-6.4375
[pop07_soft:00200] loss=60.362900 tau=2.25 collapse_w=0.000 mid_frac=0.339 hard=score=65.4404544913 wNMSE=0.42754388 wMSE=32570.4451 wMRED=4.99356785 wER=0.437165 wMAE=75.7558 wBias=-33.9447 condBias=85.6827 dotDrift=-12.038sigma uMRED=0.1548505498 uER=0.437500 uMAE=54.0918 WCE=592 bias=-18.3125
[pop07_soft:00400] loss=59.868385 tau=3.00 collapse_w=0.000 mid_frac=0.312 hard=score=0.1644627474 wNMSE=0.016457557 wMSE=1253.7426 wMRED=0.52634247 wER=0.437165 wMAE=14.4810 wBias=0.8404 condBias=19.1041 dotDrift=+1.519sigma uMRED=0.0568858074 uER=0.437500 uMAE=38.0527 WCE=303 bias=-8.5000
[pop07_soft:00600] loss=66.314507 tau=3.75 collapse_w=0.000 mid_frac=0.312 hard=score=5.4719865234 wNMSE=0.019915887 wMSE=1517.1993 wMRED=0.73523507 wER=0.393780 wMAE=16.9006 wBias=-9.9446 condBias=19.1665 dotDrift=-16.340sigma uMRED=0.0589667782 uER=0.419922 uMAE=37.1484 WCE=300 bias=-10.5000
[pop07_soft:00800] loss=66.192207 tau=4.50 collapse_w=0.084 mid_frac=0.295 hard=score=4.4294578436 wNMSE=0.019593545 wMSE=1492.6432 wMRED=0.66734353 wER=0.372134 wMAE=16.2637 wBias=-8.9179 condBias=18.8422 dotDrift=-14.773sigma uMRED=0.0574404425 uER=0.416016 uMAE=36.7422 WCE=300 bias=-9.5000
[pop07_soft:01000] loss=66.170525 tau=5.25 collapse_w=0.293 mid_frac=0.304 hard=score=4.4294578436 wNMSE=0.019593545 wMSE=1492.6432 wMRED=0.66734353 wER=0.372134 wMAE=16.2637 wBias=-8.9179 condBias=18.8422 dotDrift=-14.773sigma uMRED=0.0574404425 uER=0.416016 uMAE=36.7422 WCE=300 bias=-9.5000
[pop07_soft:01199] loss=66.139549 tau=6.00 collapse_w=0.500 mid_frac=0.304 hard=score=3.5673555413 wNMSE=0.019522717 wMSE=1487.2476 wMRED=0.64508417 wER=0.365822 wMAE=15.6929 wBias=-7.9686 condBias=18.6826 dotDrift=-13.224sigma uMRED=0.0562187993 uER=0.413086 uMAE=36.1172 WCE=300 bias=-8.2500
[pop07_hard:00000] loss=94.119408 tau=6.00 collapse_w=0.000 mid_frac=0.304 hard=score=3.5673555413 wNMSE=0.019522717 wMSE=1487.2476 wMRED=0.64508417 wER=0.365822 wMAE=15.6929 wBias=-7.9686 condBias=18.6826 dotDrift=-13.224sigma uMRED=0.0562187993 uER=0.413086 uMAE=36.1172 WCE=300 bias=-8.2500
[pop07_hard:00200] loss=94.119408 tau=6.00 collapse_w=0.000 mid_frac=0.286 hard=score=0.6588592470 wNMSE=0.016473205 wMSE=1254.9346 wMRED=0.53291652 wER=0.365822 wMAE=13.8780 wBias=3.1588 condBias=18.6523 dotDrift=+5.707sigma uMRED=0.0539196577 uER=0.413086 uMAE=35.5703 WCE=300 bias=-4.2500
[pop07_hard:00400] loss=70.204407 tau=6.00 collapse_w=0.000 mid_frac=0.277 hard=score=1.1080473850 wNMSE=0.015846548 wMSE=1207.1957 wMRED=0.52510141 wER=0.350852 wMAE=13.3965 wBias=4.3024 condBias=17.5760 dotDrift=+7.925sigma uMRED=0.0525104654 uER=0.404297 uMAE=35.0859 WCE=300 bias=-1.7500
[pop07_hard:00599] loss=104.257195 tau=6.00 collapse_w=0.000 mid_frac=0.277 hard=score=1.1080473850 wNMSE=0.015846548 wMSE=1207.1957 wMRED=0.52510141 wER=0.350852 wMAE=13.3965 wBias=4.3024 condBias=17.5760 dotDrift=+7.925sigma uMRED=0.0525104654 uER=0.404297 uMAE=35.0859 WCE=300 bias=-1.7500
[pop07] done (conf=0.51, noise=1.0); global best score=0.0062187774 wNMSE=0.00066408447 wMSE=50.5902 wMRED=0.07742191 wER=0.165146 wMAE=2.2558 wBias=-0.0177 condBias=4.0642 dotDrift=-0.159sigma uMRED=0.0057811071 uER=0.207031 uMAE=3.1250 WCE=40 bias=0.1250
[pop08_soft:00000] loss=14.079237 tau=1.50 collapse_w=0.000 mid_frac=0.277 hard=score=370.9763007733 wNMSE=1.4790253 wMSE=112672.6768 wMRED=10.92470154 wER=0.435622 wMAE=177.2727 wBias=81.6479 condBias=188.2412 dotDrift=+15.567sigma uMRED=0.3347454207 uER=0.431641 uMAE=124.6074 WCE=964 bias=74.5625
[pop08_soft:00200] loss=88.337547 tau=2.25 collapse_w=0.000 mid_frac=0.286 hard=score=253.3838962603 wNMSE=0.39607592 wMSE=30173.2049 wMRED=5.15560345 wER=0.377919 wMAE=68.4928 wBias=-68.0625 condBias=115.4595 dotDrift=-25.077sigma uMRED=0.1564028714 uER=0.424805 uMAE=58.9316 WCE=709 bias=-53.0000
[pop08_soft:00400] loss=68.458427 tau=3.00 collapse_w=0.000 mid_frac=0.188 hard=score=8.9903750443 wNMSE=0.015610284 wMSE=1189.1970 wMRED=0.61659631 wER=0.370032 wMAE=14.6850 wBias=-12.8349 condBias=20.3361 dotDrift=-23.820sigma uMRED=0.0521965848 uER=0.421875 uMAE=34.4023 WCE=332 bias=-26.4375
[pop08_soft:00600] loss=37.998890 tau=3.75 collapse_w=0.000 mid_frac=0.196 hard=score=0.4442199173 wNMSE=0.014715228 wMSE=1121.0113 wMRED=0.54719607 wER=0.378287 wMAE=14.0947 wBias=-2.4472 condBias=18.1302 dotDrift=-4.678sigma uMRED=0.0518165041 uER=0.427734 uMAE=33.8555 WCE=372 bias=-21.1875
[pop08_soft:00800] loss=37.641884 tau=4.50 collapse_w=0.084 mid_frac=0.152 hard=score=1.0348333340 wNMSE=0.013029408 wMSE=992.5850 wMRED=0.54642065 wER=0.359879 wMAE=13.5421 wBias=-4.1054 condBias=17.7160 dotDrift=-8.340sigma uMRED=0.0485371948 uER=0.410156 uMAE=30.9258 WCE=370 bias=-25.3750
[pop08_soft:01000] loss=37.594856 tau=5.25 collapse_w=0.293 mid_frac=0.179 hard=score=0.9862363839 wNMSE=0.012922139 wMSE=984.4131 wMRED=0.54601086 wER=0.360017 wMAE=13.4933 wBias=-3.9995 condBias=17.5447 dotDrift=-8.158sigma uMRED=0.0473557789 uER=0.413086 uMAE=30.1211 WCE=370 bias=-23.3750
[pop08_soft:01199] loss=37.565125 tau=6.00 collapse_w=0.500 mid_frac=0.188 hard=score=0.8981348419 wNMSE=0.012742015 wMSE=970.6913 wMRED=0.54550420 wER=0.360017 wMAE=13.3861 wBias=-3.7883 condBias=17.4893 dotDrift=-7.782sigma uMRED=0.0455999324 uER=0.413086 uMAE=28.1523 WCE=370 bias=-19.3750
[pop08_hard:00000] loss=68.371719 tau=6.00 collapse_w=0.000 mid_frac=0.188 hard=score=0.8981348419 wNMSE=0.012742015 wMSE=970.6913 wMRED=0.54550420 wER=0.360017 wMAE=13.3861 wBias=-3.7883 condBias=17.4893 dotDrift=-7.782sigma uMRED=0.0455999324 uER=0.413086 uMAE=28.1523 WCE=370 bias=-19.3750
[pop08_hard:00200] loss=57.326469 tau=6.00 collapse_w=0.000 mid_frac=0.170 hard=score=0.5004234849 wNMSE=0.011987168 wMSE=913.1867 wMRED=0.54502629 wER=0.360017 wMAE=13.3220 wBias=-2.6663 condBias=17.1935 dotDrift=-5.647sigma uMRED=0.0440084631 uER=0.413086 uMAE=26.9023 WCE=326 bias=0.6250
[pop08_hard:00400] loss=21.523844 tau=6.00 collapse_w=0.000 mid_frac=0.161 hard=score=0.4074172795 wNMSE=0.011351508 wMSE=864.7619 wMRED=0.53776127 wER=0.360017 wMAE=13.0068 wBias=-2.3443 condBias=16.8004 dotDrift=-5.102sigma uMRED=0.0432942588 uER=0.413086 uMAE=26.5117 WCE=326 bias=1.1250
[pop08_hard:00599] loss=22.554716 tau=6.00 collapse_w=0.000 mid_frac=0.161 hard=score=0.4579343418 wNMSE=0.010901715 wMSE=830.4965 wMRED=0.53690151 wER=0.360017 wMAE=12.8916 wBias=-2.5684 condBias=15.9872 dotDrift=-5.704sigma uMRED=0.0407127211 uER=0.413086 uMAE=24.4805 WCE=232 bias=-2.8750
[pop08] done (conf=0.53, noise=0.5); global best score=0.0062187774 wNMSE=0.00066408447 wMSE=50.5902 wMRED=0.07742191 wER=0.165146 wMAE=2.2558 wBias=-0.0177 condBias=4.0642 dotDrift=-0.159sigma uMRED=0.0057811071 uER=0.207031 uMAE=3.1250 WCE=40 bias=0.1250
[pop09_soft:00000] loss=15.498861 tau=1.50 collapse_w=0.000 mid_frac=0.384 hard=score=156.3859922291 wNMSE=0.59589115 wMSE=45395.2001 wMRED=6.66565487 wER=0.433205 wMAE=117.4278 wBias=52.9423 condBias=128.3055 dotDrift=+15.903sigma uMRED=0.2155237225 uER=0.425781 uMAE=83.6230 WCE=692 bias=0.1875
[pop09_soft:00200] loss=112.272118 tau=2.25 collapse_w=0.000 mid_frac=0.402 hard=score=5.1436135222 wNMSE=0.28655869 wMSE=21830.1431 wMRED=4.92094008 wER=0.436800 wMAE=84.4366 wBias=7.0100 condBias=88.0408 dotDrift=+3.036sigma uMRED=0.1665830279 uER=0.434570 uMAE=67.4688 WCE=685 bias=-27.0000
[pop09_soft:00400] loss=104.309479 tau=3.00 collapse_w=0.000 mid_frac=0.330 hard=score=2.1474272724 wNMSE=0.16610208 wMSE=12653.7157 wMRED=3.98324099 wER=0.412310 wMAE=62.2383 wBias=-2.9556 condBias=61.0982 dotDrift=-1.682sigma uMRED=0.1162652374 uER=0.434570 uMAE=42.8105 WCE=345 bias=-11.1250
[pop09_soft:00600] loss=82.004272 tau=3.75 collapse_w=0.000 mid_frac=0.312 hard=score=22.9721130689 wNMSE=0.11175632 wMSE=8513.6364 wMRED=2.59123985 wER=0.412310 wMAE=45.8769 wBias=19.9858 condBias=62.3458 dotDrift=+13.863sigma uMRED=0.0925596482 uER=0.434570 uMAE=41.7305 WCE=324 bias=-1.9375
[pop09_soft:00800] loss=67.401978 tau=4.50 collapse_w=0.084 mid_frac=0.348 hard=score=1.2401629743 wNMSE=0.019320815 wMSE=1471.8665 wMRED=0.76639351 wER=0.360635 wMAE=17.2055 wBias=4.4712 condBias=20.1621 dotDrift=+7.459sigma uMRED=0.0550182340 uER=0.421875 uMAE=33.6738 WCE=320 bias=-8.5625
[pop09_soft:01000] loss=38.706638 tau=5.25 collapse_w=0.293 mid_frac=0.321 hard=score=1.3904601381 wNMSE=0.019146198 wMSE=1458.5642 wMRED=0.78981985 wER=0.377509 wMAE=17.1566 wBias=4.7796 condBias=20.2073 dotDrift=+8.010sigma uMRED=0.0549382379 uER=0.427734 uMAE=33.3613 WCE=312 bias=-8.3125
[pop09_soft:01199] loss=38.470192 tau=6.00 collapse_w=0.500 mid_frac=0.321 hard=score=5.3196164214 wNMSE=0.023259919 wMSE=1771.9489 wMRED=0.80583963 wER=0.377509 wMAE=18.2018 wBias=9.7766 condBias=22.3182 dotDrift=+14.864sigma uMRED=0.0581076054 uER=0.427734 uMAE=35.0840 WCE=312 bias=-0.3125
[pop09_hard:00000] loss=44.637253 tau=6.00 collapse_w=0.000 mid_frac=0.312 hard=score=1.3862525772 wNMSE=0.018794624 wMSE=1431.7812 wMRED=0.78177970 wER=0.377509 wMAE=16.8730 wBias=4.7764 condBias=20.0158 dotDrift=+8.079sigma uMRED=0.0545520108 uER=0.427734 uMAE=33.2051 WCE=312 bias=-8.3125
[pop09_hard:00200] loss=59.112019 tau=6.00 collapse_w=0.000 mid_frac=0.312 hard=score=1.3862525772 wNMSE=0.018794624 wMSE=1431.7812 wMRED=0.78177970 wER=0.377509 wMAE=16.8730 wBias=4.7764 condBias=20.0158 dotDrift=+8.079sigma uMRED=0.0545520108 uER=0.427734 uMAE=33.2051 WCE=312 bias=-8.3125
[pop09_hard:00400] loss=47.051353 tau=6.00 collapse_w=0.000 mid_frac=0.295 hard=score=4.5654851055 wNMSE=0.013263675 wMSE=1010.4315 wMRED=0.63983541 wER=0.377509 wMAE=14.5544 wBias=-9.1306 condBias=14.4509 dotDrift=-18.383sigma uMRED=0.0444160124 uER=0.427734 uMAE=27.0918 WCE=202 bias=-7.9375
[pop09_hard:00599] loss=33.919418 tau=6.00 collapse_w=0.000 mid_frac=0.259 hard=score=3.3639564446 wNMSE=0.012758256 wMSE=971.9285 wMRED=0.63610917 wER=0.376590 wMAE=14.5011 wBias=-7.8221 condBias=13.0850 dotDrift=-16.058sigma uMRED=0.0429189839 uER=0.421875 uMAE=26.2988 WCE=224 bias=-3.4375
[pop09] done (conf=0.51, noise=1.0); global best score=0.0062187774 wNMSE=0.00066408447 wMSE=50.5902 wMRED=0.07742191 wER=0.165146 wMAE=2.2558 wBias=-0.0177 condBias=4.0642 dotDrift=-0.159sigma uMRED=0.0057811071 uER=0.207031 uMAE=3.1250 WCE=40 bias=0.1250
[pop10_soft:00000] loss=7.323102 tau=1.50 collapse_w=0.000 mid_frac=0.295 hard=score=51.6549171383 wNMSE=0.454315 wMSE=34609.8785 wMRED=4.64872485 wER=0.389640 wMAE=70.8261 wBias=-29.9020 condBias=88.1831 dotDrift=-10.287sigma uMRED=0.1527817521 uER=0.415039 uMAE=57.1484 WCE=694 bias=10.3750
[pop10_soft:00200] loss=39.949112 tau=2.25 collapse_w=0.000 mid_frac=0.277 hard=score=0.3580031033 wNMSE=0.013315133 wMSE=1014.3516 wMRED=0.55395087 wER=0.303338 wMAE=12.6860 wBias=2.1077 condBias=16.6660 dotDrift=+4.235sigma uMRED=0.0441866113 uER=0.397461 uMAE=27.8828 WCE=266 bias=-10.5625
[pop10_soft:00400] loss=31.744877 tau=3.00 collapse_w=0.000 mid_frac=0.205 hard=score=0.1893126729 wNMSE=0.013635171 wMSE=1038.7322 wMRED=0.68832913 wER=0.361821 wMAE=14.2421 wBias=0.9187 condBias=18.0490 dotDrift=+1.824sigma uMRED=0.0420601257 uER=0.418945 uMAE=23.5156 WCE=222 bias=-11.8750
[pop10_soft:00600] loss=37.528500 tau=3.75 collapse_w=0.000 mid_frac=0.214 hard=score=0.3369339956 wNMSE=0.011175418 wMSE=851.3473 wMRED=0.60168609 wER=0.300675 wMAE=11.9097 wBias=2.0184 condBias=15.3750 dotDrift=+4.427sigma uMRED=0.0354763156 uER=0.382812 uMAE=19.7500 WCE=190 bias=-8.1250
[pop10_soft:00800] loss=37.510456 tau=4.50 collapse_w=0.084 mid_frac=0.214 hard=score=0.4645463746 wNMSE=0.010872948 wMSE=828.3050 wMRED=0.56570478 wER=0.300675 wMAE=11.3813 wBias=2.5618 condBias=15.1518 dotDrift=+5.697sigma uMRED=0.0345076281 uER=0.382812 uMAE=19.5078 WCE=190 bias=-7.6250
[pop10_soft:01000] loss=37.459961 tau=5.25 collapse_w=0.293 mid_frac=0.214 hard=score=0.5548286058 wNMSE=0.010576345 wMSE=805.7097 wMRED=0.55848595 wER=0.300675 wMAE=11.0752 wBias=2.8838 condBias=14.9592 dotDrift=+6.502sigma uMRED=0.0339270123 uER=0.382812 uMAE=19.2578 WCE=174 bias=-7.1250
[pop10_soft:01199] loss=37.444679 tau=6.00 collapse_w=0.500 mid_frac=0.205 hard=score=0.4262506166 wNMSE=0.0052736607 wMSE=401.7493 wMRED=0.15710175 wER=0.277135 wMAE=5.5115 wBias=-2.6799 condBias=10.2466 dotDrift=-8.557sigma uMRED=0.0247850377 uER=0.375000 uMAE=17.2578 WCE=174 bias=-9.1250
[pop10_hard:00000] loss=27.580679 tau=6.00 collapse_w=0.000 mid_frac=0.205 hard=score=0.4262506166 wNMSE=0.0052736607 wMSE=401.7493 wMRED=0.15710175 wER=0.277135 wMAE=5.5115 wBias=-2.6799 condBias=10.2466 dotDrift=-8.557sigma uMRED=0.0247850377 uER=0.375000 uMAE=17.2578 WCE=174 bias=-9.1250
[pop10_hard:00200] loss=5.030078 tau=6.00 collapse_w=0.000 mid_frac=0.170 hard=score=0.4023574414 wNMSE=0.0052487284 wMSE=399.8500 wMRED=0.15708217 wER=0.277407 wMAE=5.5225 wBias=-2.5974 condBias=10.1320 dotDrift=-8.313sigma uMRED=0.0248136840 uER=0.380859 uMAE=17.4609 WCE=174 bias=-7.6250
[pop10_hard:00400] loss=6.838099 tau=6.00 collapse_w=0.000 mid_frac=0.170 hard=score=0.1508267072 wNMSE=0.0052354241 wMSE=398.8365 wMRED=0.18090745 wER=0.275850 wMAE=5.8486 wBias=-1.4647 condBias=9.8163 dotDrift=-4.694sigma uMRED=0.0246425290 uER=0.369141 uMAE=16.9062 WCE=158 bias=-6.6250
[pop10_hard:00599] loss=11.545359 tau=6.00 collapse_w=0.000 mid_frac=0.152 hard=score=0.0798994851 wNMSE=0.001897804 wMSE=144.5754 wMRED=0.12719371 wER=0.272247 wMAE=3.5576 wBias=1.1077 condBias=6.0893 dotDrift=+5.896sigma uMRED=0.0176529072 uER=0.361328 uMAE=12.8828 WCE=128 bias=4.3750
[pop10] done (conf=0.53, noise=0.5); global best score=0.0062187774 wNMSE=0.00066408447 wMSE=50.5902 wMRED=0.07742191 wER=0.165146 wMAE=2.2558 wBias=-0.0177 condBias=4.0642 dotDrift=-0.159sigma uMRED=0.0057811071 uER=0.207031 uMAE=3.1250 WCE=40 bias=0.1250
[pop11_soft:00000] loss=12.441998 tau=1.50 collapse_w=0.000 mid_frac=0.464 hard=score=32.7991981294 wNMSE=0.591674 wMSE=45073.9363 wMRED=6.87582013 wER=0.419518 wMAE=110.4421 wBias=23.1246 condBias=110.7748 dotDrift=+6.971sigma uMRED=0.2540727194 uER=0.431641 uMAE=113.1172 WCE=660 bias=79.6250
[pop11_soft:00200] loss=99.239281 tau=2.25 collapse_w=0.000 mid_frac=0.446 hard=score=77.7793387134 wNMSE=0.43049816 wMSE=32795.5032 wMRED=5.99785706 wER=0.437165 wMAE=86.7003 wBias=-37.0860 condBias=106.9168 dotDrift=-13.106sigma uMRED=0.1835042604 uER=0.437500 uMAE=67.5859 WCE=700 bias=-23.7500
[pop11_soft:00400] loss=118.285995 tau=3.00 collapse_w=0.000 mid_frac=0.384 hard=score=77.3043889553 wNMSE=0.2768304 wMSE=21089.0388 wMRED=3.89803796 wER=0.437165 wMAE=55.9239 wBias=-37.2561 condBias=85.9294 dotDrift=-16.419sigma uMRED=0.1268806452 uER=0.437500 uMAE=51.2188 WCE=512 bias=-13.6250
[pop11_soft:00600] loss=91.983665 tau=3.75 collapse_w=0.000 mid_frac=0.366 hard=score=0.1850898600 wNMSE=0.01575704 wMSE=1200.3769 wMRED=0.37974588 wER=0.328797 wMAE=12.6544 wBias=-1.1529 condBias=18.4982 dotDrift=-2.130sigma uMRED=0.0536317194 uER=0.417969 uMAE=37.3008 WCE=320 bias=-4.1250
[pop11_soft:00800] loss=89.118355 tau=4.50 collapse_w=0.084 mid_frac=0.339 hard=score=0.1864606638 wNMSE=0.01576092 wMSE=1200.6725 wMRED=0.36773051 wER=0.367213 wMAE=12.5914 wBias=-1.1621 condBias=18.4599 dotDrift=-2.146sigma uMRED=0.0534809070 uER=0.426758 uMAE=37.3418 WCE=312 bias=-4.3125
[pop11_soft:01000] loss=88.501122 tau=5.25 collapse_w=0.293 mid_frac=0.357 hard=score=0.2528774643 wNMSE=0.015830453 wMSE=1205.9695 wMRED=0.38941127 wER=0.359348 wMAE=13.0076 wBias=-1.6044 condBias=18.5624 dotDrift=-2.957sigma uMRED=0.0539073351 uER=0.423828 uMAE=37.2949 WCE=312 bias=-4.9375
[pop11_soft:01199] loss=88.347595 tau=6.00 collapse_w=0.500 mid_frac=0.357 hard=score=0.1487733937 wNMSE=0.015808783 wMSE=1204.3187 wMRED=0.39183377 wER=0.348524 wMAE=12.8816 wBias=-0.8021 condBias=18.5457 dotDrift=-1.479sigma uMRED=0.0538026928 uER=0.421875 uMAE=37.2129 WCE=312 bias=-4.1875
[pop11_hard:00000] loss=33.770443 tau=6.00 collapse_w=0.000 mid_frac=0.357 hard=score=0.1487733937 wNMSE=0.015808783 wMSE=1204.3187 wMRED=0.39183377 wER=0.348524 wMAE=12.8816 wBias=-0.8021 condBias=18.5457 dotDrift=-1.479sigma uMRED=0.0538026928 uER=0.421875 uMAE=37.2129 WCE=312 bias=-4.1875
[pop11_hard:00200] loss=27.268263 tau=6.00 collapse_w=0.000 mid_frac=0.339 hard=score=0.1103921909 wNMSE=0.013672956 wMSE=1041.6106 wMRED=0.37064654 wER=0.348524 wMAE=11.6316 wBias=0.4479 condBias=17.0731 dotDrift=+0.888sigma uMRED=0.0502486681 uER=0.421875 uMAE=35.2129 WCE=312 bias=-2.1875
[pop11_hard:00400] loss=20.770723 tau=6.00 collapse_w=0.000 mid_frac=0.339 hard=score=0.1170520339 wNMSE=0.012394702 wMSE=944.2328 wMRED=0.36917547 wER=0.348524 wMAE=11.4071 wBias=0.6724 condBias=16.3981 dotDrift=+1.401sigma uMRED=0.0456567068 uER=0.421875 uMAE=31.2129 WCE=244 bias=1.8125
[pop11_hard:00599] loss=41.998772 tau=6.00 collapse_w=0.000 mid_frac=0.321 hard=score=0.1034859526 wNMSE=0.013979977 wMSE=1064.9996 wMRED=0.36719599 wER=0.345184 wMAE=11.5133 wBias=-0.5095 condBias=16.2237 dotDrift=-0.999sigma uMRED=0.0477699642 uER=0.418945 uMAE=33.8457 WCE=312 bias=-9.6875
[pop11] done (conf=0.51, noise=1.0); global best score=0.0062187774 wNMSE=0.00066408447 wMSE=50.5902 wMRED=0.07742191 wER=0.165146 wMAE=2.2558 wBias=-0.0177 condBias=4.0642 dotDrift=-0.159sigma uMRED=0.0057811071 uER=0.207031 uMAE=3.1250 WCE=40 bias=0.1250
[best] stage=quad_soft score=0.0062187774 wNMSE=0.00066408447 wMSE=50.5902 wMRED=0.07742191 wER=0.165146 wMAE=2.2558 wBias=-0.0177 condBias=4.0642 dotDrift=-0.159sigma uMRED=0.0057811071 uER=0.207031 uMAE=3.1250 WCE=40 bias=0.1250
[best-json] /home/xuanqi/tony/work/FPGA/signed8x8_approx/signed8x8_2026_8_22/runs_qwen_legacy_refactor_20260916/balanced/base_q080/best_signed88_inits.json
[best-rtl] /home/xuanqi/tony/work/FPGA/signed8x8_approx/signed8x8_2026_8_22/runs_qwen_legacy_refactor_20260916/balanced/base_q080/best_rtl
[design] balanced_split search_bits=112
[safety] max_zero_violations=0 max_workload_zero_violation_probability=0
[metric-guard] relative_to_base=0.02 limits={'max_zero_violations': 0, 'max_workload_zero_violation_probability': 0.0, 'max_wce': 40, 'max_er': 0.21054687500000002, 'max_mred': 0.005896729289845797, 'max_ned': 0.000194549560546875, 'max_rmse': 8.877516544619898, 'max_nmse': 2.5903528891901495e-06, 'max_abs_bias': 0.13599136863694697, 'max_workload_wce': 40, 'max_workload_er': 0.1684485995043108, 'max_workload_mred': 0.07897035309130979, 'max_workload_ned': 0.00014043766771749665, 'max_workload_rmse': 7.2549318058344765, 'max_workload_nmse': 0.0006773661641125986, 'max_abs_workload_bias': 0.11113559751584676, 'max_conditional_bias_rms': 4.145511800008717}
[start] score=0.0062187774 wNMSE=0.00066408447 wMSE=50.5902 wMRED=0.07742191 wER=0.165146 wMAE=2.2558 wBias=-0.0177 condBias=4.0642 dotDrift=-0.159sigma uMRED=0.0057811071 uER=0.207031 uMAE=3.1250 WCE=40 bias=0.1250
[single] round=1 no improvement
[pair] round=1 no improvement
[final] score=0.0062187774 wNMSE=0.00066408447 wMSE=50.5902 wMRED=0.07742191 wER=0.165146 wMAE=2.2558 wBias=-0.0177 condBias=4.0642 dotDrift=-0.159sigma uMRED=0.0057811071 uER=0.207031 uMAE=3.1250 WCE=40 bias=0.1250
[json] /home/xuanqi/tony/work/FPGA/signed8x8_approx/signed8x8_2026_8_22/runs_qwen_legacy_refactor_20260916/balanced/base_q080/refined/best_signed88_inits.json
