[design] balanced_split quad4 entries=112
[device] cuda
[initial] score=0.0191782806 wNMSE=0.0024237404 wMSE=184.6414 wMRED=0.15885366 wER=0.155645 wMAE=3.9358 wBias=-0.4356 condBias=7.7916 dotDrift=-2.051sigma uMRED=0.0105226322 uER=0.191406 uMAE=5.6250 WCE=80 bias=0.0000
[quad_warmup_bit:00000] loss=0.856091 tau=1.50 collapse_w=0.000 mid_frac=0.000 hard=score=0.0191782806 wNMSE=0.0024237404 wMSE=184.6414 wMRED=0.15885366 wER=0.155645 wMAE=3.9358 wBias=-0.4356 condBias=7.7916 dotDrift=-2.051sigma uMRED=0.0105226322 uER=0.191406 uMAE=5.6250 WCE=80 bias=0.0000
[quad_warmup_bit:00200] loss=0.157619 tau=1.50 collapse_w=0.000 mid_frac=0.000 hard=score=0.0191782806 wNMSE=0.0024237404 wMSE=184.6414 wMRED=0.15885366 wER=0.155645 wMAE=3.9358 wBias=-0.4356 condBias=7.7916 dotDrift=-2.051sigma uMRED=0.0105226322 uER=0.191406 uMAE=5.6250 WCE=80 bias=0.0000
[quad_warmup_bit:00325] loss=0.146708 tau=1.50 collapse_w=0.000 mid_frac=0.000 hard=score=0.0127612523 wNMSE=0.002412663 wMSE=183.7975 wMRED=0.15039497 wER=0.156418 wMAE=3.9151 wBias=-0.2663 condBias=7.7413 dotDrift=-1.257sigma uMRED=0.0104288241 uER=0.195312 uMAE=5.6250 WCE=80 bias=0.1250 *BEST*
[quad_warmup_bit:00400] loss=0.140911 tau=1.50 collapse_w=0.000 mid_frac=0.000 hard=score=0.0127612523 wNMSE=0.002412663 wMSE=183.7975 wMRED=0.15039497 wER=0.156418 wMAE=3.9151 wBias=-0.2663 condBias=7.7413 dotDrift=-1.257sigma uMRED=0.0104288241 uER=0.195312 uMAE=5.6250 WCE=80 bias=0.1250
[quad_warmup_bit:00600] loss=0.126991 tau=1.50 collapse_w=0.000 mid_frac=0.000 hard=score=0.0127612523 wNMSE=0.002412663 wMSE=183.7975 wMRED=0.15039497 wER=0.156418 wMAE=3.9151 wBias=-0.2663 condBias=7.7413 dotDrift=-1.257sigma uMRED=0.0104288241 uER=0.195312 uMAE=5.6250 WCE=80 bias=0.1250
[quad_warmup_bit:00800] loss=0.114765 tau=1.50 collapse_w=0.000 mid_frac=0.000 hard=score=0.0180716477 wNMSE=0.0024030846 wMSE=183.0678 wMRED=0.11095746 wER=0.146584 wMAE=3.8322 wBias=0.4122 condBias=7.7583 dotDrift=+1.950sigma uMRED=0.0100084038 uER=0.191406 uMAE=5.6250 WCE=80 bias=0.6250
[quad_warmup_bit:01000] loss=0.104749 tau=1.50 collapse_w=0.000 mid_frac=0.000 hard=score=0.0180716477 wNMSE=0.0024030846 wMSE=183.0678 wMRED=0.11095746 wER=0.146584 wMAE=3.8322 wBias=0.4122 condBias=7.7583 dotDrift=+1.950sigma uMRED=0.0100084038 uER=0.191406 uMAE=5.6250 WCE=80 bias=0.6250
[quad_warmup_bit:01200] loss=0.097313 tau=1.50 collapse_w=0.000 mid_frac=0.000 hard=score=0.0180716477 wNMSE=0.0024030846 wMSE=183.0678 wMRED=0.11095746 wER=0.146584 wMAE=3.8322 wBias=0.4122 condBias=7.7583 dotDrift=+1.950sigma uMRED=0.0100084038 uER=0.191406 uMAE=5.6250 WCE=80 bias=0.6250
[quad_warmup_bit:01225] loss=0.096486 tau=1.50 collapse_w=0.000 mid_frac=0.000 hard=score=0.0112109881 wNMSE=0.0024190268 wMSE=184.2823 wMRED=0.11192144 wER=0.153708 wMAE=4.0642 wBias=-0.2117 condBias=7.3119 dotDrift=-0.998sigma uMRED=0.0106483772 uER=0.207031 uMAE=6.1875 WCE=80 bias=-0.3750 *BEST*
[quad_warmup_bit:01400] loss=0.091154 tau=1.50 collapse_w=0.000 mid_frac=0.000 hard=score=0.0112109881 wNMSE=0.0024190268 wMSE=184.2823 wMRED=0.11192144 wER=0.153708 wMAE=4.0642 wBias=-0.2117 condBias=7.3119 dotDrift=-0.998sigma uMRED=0.0106483772 uER=0.207031 uMAE=6.1875 WCE=80 bias=-0.3750
[quad_warmup_bit:01425] loss=0.090450 tau=1.50 collapse_w=0.000 mid_frac=0.000 hard=score=0.0093062966 wNMSE=0.0023455428 wMSE=178.6843 wMRED=0.10984081 wER=0.147652 wMAE=3.8255 wBias=0.1002 condBias=7.4553 dotDrift=+0.480sigma uMRED=0.0101044730 uER=0.201172 uMAE=5.7656 WCE=80 bias=0.1250 *BEST*
[quad_warmup_bit:01600] loss=0.085873 tau=1.50 collapse_w=0.000 mid_frac=0.000 hard=score=0.0093062966 wNMSE=0.0023455428 wMSE=178.6843 wMRED=0.10984081 wER=0.147652 wMAE=3.8255 wBias=0.1002 condBias=7.4553 dotDrift=+0.480sigma uMRED=0.0101044730 uER=0.201172 uMAE=5.7656 WCE=80 bias=0.1250
[quad_warmup_bit:01800] loss=0.081336 tau=1.50 collapse_w=0.000 mid_frac=0.000 hard=score=0.0093062966 wNMSE=0.0023455428 wMSE=178.6843 wMRED=0.10984081 wER=0.147652 wMAE=3.8255 wBias=0.1002 condBias=7.4553 dotDrift=+0.480sigma uMRED=0.0101044730 uER=0.201172 uMAE=5.7656 WCE=80 bias=0.1250
[quad_warmup_bit:02000] loss=0.077487 tau=1.50 collapse_w=0.000 mid_frac=0.000 hard=score=0.0093062966 wNMSE=0.0023455428 wMSE=178.6843 wMRED=0.10984081 wER=0.147652 wMAE=3.8255 wBias=0.1002 condBias=7.4553 dotDrift=+0.480sigma uMRED=0.0101044730 uER=0.201172 uMAE=5.7656 WCE=80 bias=0.1250
[quad_warmup_bit:02200] loss=0.074247 tau=1.50 collapse_w=0.000 mid_frac=0.000 hard=score=0.0093062966 wNMSE=0.0023455428 wMSE=178.6843 wMRED=0.10984081 wER=0.147652 wMAE=3.8255 wBias=0.1002 condBias=7.4553 dotDrift=+0.480sigma uMRED=0.0101044730 uER=0.201172 uMAE=5.7656 WCE=80 bias=0.1250
[quad_warmup_bit:02400] loss=0.071520 tau=1.50 collapse_w=0.000 mid_frac=0.000 hard=score=0.0373897226 wNMSE=0.0016146333 wMSE=123.0033 wMRED=0.09519110 wER=0.147652 wMAE=3.1816 wBias=0.7442 condBias=6.1892 dotDrift=+4.294sigma uMRED=0.0083616668 uER=0.201172 uMAE=4.7656 WCE=80 bias=1.1250
[quad_warmup_bit:02600] loss=0.069222 tau=1.50 collapse_w=0.000 mid_frac=0.000 hard=score=0.0373897226 wNMSE=0.0016146333 wMSE=123.0033 wMRED=0.09519110 wER=0.147652 wMAE=3.1816 wBias=0.7442 condBias=6.1892 dotDrift=+4.294sigma uMRED=0.0083616668 uER=0.201172 uMAE=4.7656 WCE=80 bias=1.1250
[quad_warmup_bit:02800] loss=0.067287 tau=1.50 collapse_w=0.000 mid_frac=0.000 hard=score=0.0373897226 wNMSE=0.0016146333 wMSE=123.0033 wMRED=0.09519110 wER=0.147652 wMAE=3.1816 wBias=0.7442 condBias=6.1892 dotDrift=+4.294sigma uMRED=0.0083616668 uER=0.201172 uMAE=4.7656 WCE=80 bias=1.1250
[quad_warmup_bit:03000] loss=0.065656 tau=1.50 collapse_w=0.000 mid_frac=0.000 hard=score=0.0373897226 wNMSE=0.0016146333 wMSE=123.0033 wMRED=0.09519110 wER=0.147652 wMAE=3.1816 wBias=0.7442 condBias=6.1892 dotDrift=+4.294sigma uMRED=0.0083616668 uER=0.201172 uMAE=4.7656 WCE=80 bias=1.1250
[quad_warmup_bit:03200] loss=0.064282 tau=1.50 collapse_w=0.000 mid_frac=0.000 hard=score=0.0373897226 wNMSE=0.0016146333 wMSE=123.0033 wMRED=0.09519110 wER=0.147652 wMAE=3.1816 wBias=0.7442 condBias=6.1892 dotDrift=+4.294sigma uMRED=0.0083616668 uER=0.201172 uMAE=4.7656 WCE=80 bias=1.1250
[quad_warmup_bit:03400] loss=0.063125 tau=1.50 collapse_w=0.000 mid_frac=0.000 hard=score=0.0373897226 wNMSE=0.0016146333 wMSE=123.0033 wMRED=0.09519110 wER=0.147652 wMAE=3.1816 wBias=0.7442 condBias=6.1892 dotDrift=+4.294sigma uMRED=0.0083616668 uER=0.201172 uMAE=4.7656 WCE=80 bias=1.1250
[quad_warmup_bit:03600] loss=0.062151 tau=1.50 collapse_w=0.000 mid_frac=0.000 hard=score=0.0373897226 wNMSE=0.0016146333 wMSE=123.0033 wMRED=0.09519110 wER=0.147652 wMAE=3.1816 wBias=0.7442 condBias=6.1892 dotDrift=+4.294sigma uMRED=0.0083616668 uER=0.201172 uMAE=4.7656 WCE=80 bias=1.1250
[quad_warmup_bit:03800] loss=0.061326 tau=1.50 collapse_w=0.000 mid_frac=0.000 hard=score=0.0373897226 wNMSE=0.0016146333 wMSE=123.0033 wMRED=0.09519110 wER=0.147652 wMAE=3.1816 wBias=0.7442 condBias=6.1892 dotDrift=+4.294sigma uMRED=0.0083616668 uER=0.201172 uMAE=4.7656 WCE=80 bias=1.1250
[quad_warmup_bit:04000] loss=0.060628 tau=1.50 collapse_w=0.000 mid_frac=0.000 hard=score=0.0373897226 wNMSE=0.0016146333 wMSE=123.0033 wMRED=0.09519110 wER=0.147652 wMAE=3.1816 wBias=0.7442 condBias=6.1892 dotDrift=+4.294sigma uMRED=0.0083616668 uER=0.201172 uMAE=4.7656 WCE=80 bias=1.1250
[quad_warmup_bit:04200] loss=0.060037 tau=1.50 collapse_w=0.000 mid_frac=0.000 hard=score=0.0373897226 wNMSE=0.0016146333 wMSE=123.0033 wMRED=0.09519110 wER=0.147652 wMAE=3.1816 wBias=0.7442 condBias=6.1892 dotDrift=+4.294sigma uMRED=0.0083616668 uER=0.201172 uMAE=4.7656 WCE=80 bias=1.1250
[quad_warmup_bit:04400] loss=0.059530 tau=1.50 collapse_w=0.000 mid_frac=0.000 hard=score=0.0373897226 wNMSE=0.0016146333 wMSE=123.0033 wMRED=0.09519110 wER=0.147652 wMAE=3.1816 wBias=0.7442 condBias=6.1892 dotDrift=+4.294sigma uMRED=0.0083616668 uER=0.201172 uMAE=4.7656 WCE=80 bias=1.1250
[quad_warmup_bit:04600] loss=0.059093 tau=1.50 collapse_w=0.000 mid_frac=0.000 hard=score=0.0373897226 wNMSE=0.0016146333 wMSE=123.0033 wMRED=0.09519110 wER=0.147652 wMAE=3.1816 wBias=0.7442 condBias=6.1892 dotDrift=+4.294sigma uMRED=0.0083616668 uER=0.201172 uMAE=4.7656 WCE=80 bias=1.1250
[quad_warmup_bit:04800] loss=0.058715 tau=1.50 collapse_w=0.000 mid_frac=0.000 hard=score=0.0373897226 wNMSE=0.0016146333 wMSE=123.0033 wMRED=0.09519110 wER=0.147652 wMAE=3.1816 wBias=0.7442 condBias=6.1892 dotDrift=+4.294sigma uMRED=0.0083616668 uER=0.201172 uMAE=4.7656 WCE=80 bias=1.1250
[quad_warmup_bit:05000] loss=0.058384 tau=1.50 collapse_w=0.000 mid_frac=0.000 hard=score=0.0373897226 wNMSE=0.0016146333 wMSE=123.0033 wMRED=0.09519110 wER=0.147652 wMAE=3.1816 wBias=0.7442 condBias=6.1892 dotDrift=+4.294sigma uMRED=0.0083616668 uER=0.201172 uMAE=4.7656 WCE=80 bias=1.1250
[quad_warmup_bit:05200] loss=0.058096 tau=1.50 collapse_w=0.000 mid_frac=0.000 hard=score=0.0373897226 wNMSE=0.0016146333 wMSE=123.0033 wMRED=0.09519110 wER=0.147652 wMAE=3.1816 wBias=0.7442 condBias=6.1892 dotDrift=+4.294sigma uMRED=0.0083616668 uER=0.201172 uMAE=4.7656 WCE=80 bias=1.1250
[quad_warmup_bit:05400] loss=0.057843 tau=1.50 collapse_w=0.000 mid_frac=0.000 hard=score=0.0373897226 wNMSE=0.0016146333 wMSE=123.0033 wMRED=0.09519110 wER=0.147652 wMAE=3.1816 wBias=0.7442 condBias=6.1892 dotDrift=+4.294sigma uMRED=0.0083616668 uER=0.201172 uMAE=4.7656 WCE=80 bias=1.1250
[quad_warmup_bit:05600] loss=0.057621 tau=1.50 collapse_w=0.000 mid_frac=0.000 hard=score=0.0373897226 wNMSE=0.0016146333 wMSE=123.0033 wMRED=0.09519110 wER=0.147652 wMAE=3.1816 wBias=0.7442 condBias=6.1892 dotDrift=+4.294sigma uMRED=0.0083616668 uER=0.201172 uMAE=4.7656 WCE=80 bias=1.1250
[quad_warmup_bit:05800] loss=0.057425 tau=1.50 collapse_w=0.000 mid_frac=0.000 hard=score=0.0373897226 wNMSE=0.0016146333 wMSE=123.0033 wMRED=0.09519110 wER=0.147652 wMAE=3.1816 wBias=0.7442 condBias=6.1892 dotDrift=+4.294sigma uMRED=0.0083616668 uER=0.201172 uMAE=4.7656 WCE=80 bias=1.1250
[quad_warmup_bit:05999] loss=0.057258 tau=1.50 collapse_w=0.000 mid_frac=0.000 hard=score=0.0373897226 wNMSE=0.0016146333 wMSE=123.0033 wMRED=0.09519110 wER=0.147652 wMAE=3.1816 wBias=0.7442 condBias=6.1892 dotDrift=+4.294sigma uMRED=0.0083616668 uER=0.201172 uMAE=4.7656 WCE=80 bias=1.1250
[quad_soft:00000] loss=0.113425 tau=1.50 collapse_w=0.000 mid_frac=0.000 hard=score=0.0373897226 wNMSE=0.0016146333 wMSE=123.0033 wMRED=0.09519110 wER=0.147652 wMAE=3.1816 wBias=0.7442 condBias=6.1892 dotDrift=+4.294sigma uMRED=0.0083616668 uER=0.201172 uMAE=4.7656 WCE=80 bias=1.1250
[quad_soft:00050] loss=0.098393 tau=1.52 collapse_w=0.000 mid_frac=0.000 hard=score=0.0051923538 wNMSE=0.00079957458 wMSE=60.9119 wMRED=0.08225447 wER=0.147652 wMAE=2.5646 wBias=0.1272 condBias=4.5427 dotDrift=+1.043sigma uMRED=0.0066483402 uER=0.201172 uMAE=3.7656 WCE=48 bias=0.1250 *BEST*
[quad_soft:00200] loss=0.083259 tau=1.59 collapse_w=0.000 mid_frac=0.000 hard=score=0.0086374255 wNMSE=0.00073248522 wMSE=55.8010 wMRED=0.07909999 wER=0.147652 wMAE=2.4038 wBias=0.2881 condBias=4.2342 dotDrift=+2.468sigma uMRED=0.0062594694 uER=0.201172 uMAE=3.5156 WCE=48 bias=0.3750
[quad_soft:00400] loss=0.075903 tau=1.68 collapse_w=0.000 mid_frac=0.000 hard=score=0.0086374255 wNMSE=0.00073248522 wMSE=55.8010 wMRED=0.07909999 wER=0.147652 wMAE=2.4038 wBias=0.2881 condBias=4.2342 dotDrift=+2.468sigma uMRED=0.0062594694 uER=0.201172 uMAE=3.5156 WCE=48 bias=0.3750
[quad_soft:00600] loss=0.072404 tau=1.77 collapse_w=0.000 mid_frac=0.000 hard=score=0.0086374255 wNMSE=0.00073248522 wMSE=55.8010 wMRED=0.07909999 wER=0.147652 wMAE=2.4038 wBias=0.2881 condBias=4.2342 dotDrift=+2.468sigma uMRED=0.0062594694 uER=0.201172 uMAE=3.5156 WCE=48 bias=0.3750
[quad_soft:00800] loss=0.070612 tau=1.86 collapse_w=0.000 mid_frac=0.000 hard=score=0.0086374255 wNMSE=0.00073248522 wMSE=55.8010 wMRED=0.07909999 wER=0.147652 wMAE=2.4038 wBias=0.2881 condBias=4.2342 dotDrift=+2.468sigma uMRED=0.0062594694 uER=0.201172 uMAE=3.5156 WCE=48 bias=0.3750
[quad_soft:01000] loss=0.069071 tau=1.95 collapse_w=0.000 mid_frac=0.000 hard=score=0.0086374255 wNMSE=0.00073248522 wMSE=55.8010 wMRED=0.07909999 wER=0.147652 wMAE=2.4038 wBias=0.2881 condBias=4.2342 dotDrift=+2.468sigma uMRED=0.0062594694 uER=0.201172 uMAE=3.5156 WCE=48 bias=0.3750
[quad_soft:01200] loss=0.067644 tau=2.04 collapse_w=0.000 mid_frac=0.000 hard=score=0.0086374255 wNMSE=0.00073248522 wMSE=55.8010 wMRED=0.07909999 wER=0.147652 wMAE=2.4038 wBias=0.2881 condBias=4.2342 dotDrift=+2.468sigma uMRED=0.0062594694 uER=0.201172 uMAE=3.5156 WCE=48 bias=0.3750
[quad_soft:01400] loss=0.066276 tau=2.13 collapse_w=0.000 mid_frac=0.000 hard=score=0.0086374255 wNMSE=0.00073248522 wMSE=55.8010 wMRED=0.07909999 wER=0.147652 wMAE=2.4038 wBias=0.2881 condBias=4.2342 dotDrift=+2.468sigma uMRED=0.0062594694 uER=0.201172 uMAE=3.5156 WCE=48 bias=0.3750
[quad_soft:01600] loss=0.064944 tau=2.22 collapse_w=0.000 mid_frac=0.000 hard=score=0.0086374255 wNMSE=0.00073248522 wMSE=55.8010 wMRED=0.07909999 wER=0.147652 wMAE=2.4038 wBias=0.2881 condBias=4.2342 dotDrift=+2.468sigma uMRED=0.0062594694 uER=0.201172 uMAE=3.5156 WCE=48 bias=0.3750
[quad_soft:01800] loss=0.063632 tau=2.31 collapse_w=0.000 mid_frac=0.000 hard=score=0.0086374255 wNMSE=0.00073248522 wMSE=55.8010 wMRED=0.07909999 wER=0.147652 wMAE=2.4038 wBias=0.2881 condBias=4.2342 dotDrift=+2.468sigma uMRED=0.0062594694 uER=0.201172 uMAE=3.5156 WCE=48 bias=0.3750
[quad_soft:02000] loss=0.062333 tau=2.40 collapse_w=0.000 mid_frac=0.000 hard=score=0.0086374255 wNMSE=0.00073248522 wMSE=55.8010 wMRED=0.07909999 wER=0.147652 wMAE=2.4038 wBias=0.2881 condBias=4.2342 dotDrift=+2.468sigma uMRED=0.0062594694 uER=0.201172 uMAE=3.5156 WCE=48 bias=0.3750
[quad_soft:02200] loss=0.061039 tau=2.49 collapse_w=0.000 mid_frac=0.000 hard=score=0.0086374255 wNMSE=0.00073248522 wMSE=55.8010 wMRED=0.07909999 wER=0.147652 wMAE=2.4038 wBias=0.2881 condBias=4.2342 dotDrift=+2.468sigma uMRED=0.0062594694 uER=0.201172 uMAE=3.5156 WCE=48 bias=0.3750
[quad_soft:02400] loss=0.059748 tau=2.58 collapse_w=0.000 mid_frac=0.000 hard=score=0.0086374255 wNMSE=0.00073248522 wMSE=55.8010 wMRED=0.07909999 wER=0.147652 wMAE=2.4038 wBias=0.2881 condBias=4.2342 dotDrift=+2.468sigma uMRED=0.0062594694 uER=0.201172 uMAE=3.5156 WCE=48 bias=0.3750
[quad_soft:02600] loss=0.058459 tau=2.67 collapse_w=0.000 mid_frac=0.000 hard=score=0.0086374255 wNMSE=0.00073248522 wMSE=55.8010 wMRED=0.07909999 wER=0.147652 wMAE=2.4038 wBias=0.2881 condBias=4.2342 dotDrift=+2.468sigma uMRED=0.0062594694 uER=0.201172 uMAE=3.5156 WCE=48 bias=0.3750
[quad_soft:02800] loss=0.057171 tau=2.76 collapse_w=0.000 mid_frac=0.000 hard=score=0.0086374255 wNMSE=0.00073248522 wMSE=55.8010 wMRED=0.07909999 wER=0.147652 wMAE=2.4038 wBias=0.2881 condBias=4.2342 dotDrift=+2.468sigma uMRED=0.0062594694 uER=0.201172 uMAE=3.5156 WCE=48 bias=0.3750
[quad_soft:03000] loss=0.055882 tau=2.85 collapse_w=0.000 mid_frac=0.000 hard=score=0.0086374255 wNMSE=0.00073248522 wMSE=55.8010 wMRED=0.07909999 wER=0.147652 wMAE=2.4038 wBias=0.2881 condBias=4.2342 dotDrift=+2.468sigma uMRED=0.0062594694 uER=0.201172 uMAE=3.5156 WCE=48 bias=0.3750
[quad_soft:03200] loss=0.054592 tau=2.94 collapse_w=0.000 mid_frac=0.000 hard=score=0.0086374255 wNMSE=0.00073248522 wMSE=55.8010 wMRED=0.07909999 wER=0.147652 wMAE=2.4038 wBias=0.2881 condBias=4.2342 dotDrift=+2.468sigma uMRED=0.0062594694 uER=0.201172 uMAE=3.5156 WCE=48 bias=0.3750
[quad_soft:03400] loss=0.053302 tau=3.03 collapse_w=0.000 mid_frac=0.000 hard=score=0.0086374255 wNMSE=0.00073248522 wMSE=55.8010 wMRED=0.07909999 wER=0.147652 wMAE=2.4038 wBias=0.2881 condBias=4.2342 dotDrift=+2.468sigma uMRED=0.0062594694 uER=0.201172 uMAE=3.5156 WCE=48 bias=0.3750
[quad_soft:03600] loss=0.052011 tau=3.12 collapse_w=0.000 mid_frac=0.000 hard=score=0.0086374255 wNMSE=0.00073248522 wMSE=55.8010 wMRED=0.07909999 wER=0.147652 wMAE=2.4038 wBias=0.2881 condBias=4.2342 dotDrift=+2.468sigma uMRED=0.0062594694 uER=0.201172 uMAE=3.5156 WCE=48 bias=0.3750
[quad_soft:03800] loss=0.050720 tau=3.21 collapse_w=0.000 mid_frac=0.000 hard=score=0.0086374255 wNMSE=0.00073248522 wMSE=55.8010 wMRED=0.07909999 wER=0.147652 wMAE=2.4038 wBias=0.2881 condBias=4.2342 dotDrift=+2.468sigma uMRED=0.0062594694 uER=0.201172 uMAE=3.5156 WCE=48 bias=0.3750
[quad_soft:04000] loss=0.049426 tau=3.30 collapse_w=0.000 mid_frac=0.000 hard=score=0.0086374255 wNMSE=0.00073248522 wMSE=55.8010 wMRED=0.07909999 wER=0.147652 wMAE=2.4038 wBias=0.2881 condBias=4.2342 dotDrift=+2.468sigma uMRED=0.0062594694 uER=0.201172 uMAE=3.5156 WCE=48 bias=0.3750
[quad_soft:04200] loss=0.048072 tau=3.39 collapse_w=0.000 mid_frac=0.000 hard=score=0.0086374255 wNMSE=0.00073248522 wMSE=55.8010 wMRED=0.07909999 wER=0.147652 wMAE=2.4038 wBias=0.2881 condBias=4.2342 dotDrift=+2.468sigma uMRED=0.0062594694 uER=0.201172 uMAE=3.5156 WCE=48 bias=0.3750
[quad_soft:04400] loss=0.046718 tau=3.48 collapse_w=0.000 mid_frac=0.000 hard=score=0.0086374255 wNMSE=0.00073248522 wMSE=55.8010 wMRED=0.07909999 wER=0.147652 wMAE=2.4038 wBias=0.2881 condBias=4.2342 dotDrift=+2.468sigma uMRED=0.0062594694 uER=0.201172 uMAE=3.5156 WCE=48 bias=0.3750
[quad_soft:04600] loss=0.045360 tau=3.57 collapse_w=0.000 mid_frac=0.000 hard=score=0.0086374255 wNMSE=0.00073248522 wMSE=55.8010 wMRED=0.07909999 wER=0.147652 wMAE=2.4038 wBias=0.2881 condBias=4.2342 dotDrift=+2.468sigma uMRED=0.0062594694 uER=0.201172 uMAE=3.5156 WCE=48 bias=0.3750
[quad_soft:04800] loss=0.044006 tau=3.66 collapse_w=0.000 mid_frac=0.000 hard=score=0.0086374255 wNMSE=0.00073248522 wMSE=55.8010 wMRED=0.07909999 wER=0.147652 wMAE=2.4038 wBias=0.2881 condBias=4.2342 dotDrift=+2.468sigma uMRED=0.0062594694 uER=0.201172 uMAE=3.5156 WCE=48 bias=0.3750
[quad_soft:05000] loss=0.042648 tau=3.75 collapse_w=0.000 mid_frac=0.000 hard=score=0.0086374255 wNMSE=0.00073248522 wMSE=55.8010 wMRED=0.07909999 wER=0.147652 wMAE=2.4038 wBias=0.2881 condBias=4.2342 dotDrift=+2.468sigma uMRED=0.0062594694 uER=0.201172 uMAE=3.5156 WCE=48 bias=0.3750
[quad_soft:05200] loss=0.041293 tau=3.84 collapse_w=0.000 mid_frac=0.000 hard=score=0.0086374255 wNMSE=0.00073248522 wMSE=55.8010 wMRED=0.07909999 wER=0.147652 wMAE=2.4038 wBias=0.2881 condBias=4.2342 dotDrift=+2.468sigma uMRED=0.0062594694 uER=0.201172 uMAE=3.5156 WCE=48 bias=0.3750
[quad_soft:05400] loss=0.039927 tau=3.93 collapse_w=0.000 mid_frac=0.000 hard=score=0.0086374255 wNMSE=0.00073248522 wMSE=55.8010 wMRED=0.07909999 wER=0.147652 wMAE=2.4038 wBias=0.2881 condBias=4.2342 dotDrift=+2.468sigma uMRED=0.0062594694 uER=0.201172 uMAE=3.5156 WCE=48 bias=0.3750
[quad_soft:05600] loss=0.038569 tau=4.02 collapse_w=0.000 mid_frac=0.009 hard=score=0.0086374255 wNMSE=0.00073248522 wMSE=55.8010 wMRED=0.07909999 wER=0.147652 wMAE=2.4038 wBias=0.2881 condBias=4.2342 dotDrift=+2.468sigma uMRED=0.0062594694 uER=0.201172 uMAE=3.5156 WCE=48 bias=0.3750
[quad_soft:05800] loss=0.037205 tau=4.11 collapse_w=0.000 mid_frac=0.009 hard=score=0.0086374255 wNMSE=0.00073248522 wMSE=55.8010 wMRED=0.07909999 wER=0.147652 wMAE=2.4038 wBias=0.2881 condBias=4.2342 dotDrift=+2.468sigma uMRED=0.0062594694 uER=0.201172 uMAE=3.5156 WCE=48 bias=0.3750
[quad_soft:06000] loss=0.035844 tau=4.20 collapse_w=0.000 mid_frac=0.009 hard=score=0.0086374255 wNMSE=0.00073248522 wMSE=55.8010 wMRED=0.07909999 wER=0.147652 wMAE=2.4038 wBias=0.2881 condBias=4.2342 dotDrift=+2.468sigma uMRED=0.0062594694 uER=0.201172 uMAE=3.5156 WCE=48 bias=0.3750
[quad_soft:06200] loss=0.035437 tau=4.29 collapse_w=0.025 mid_frac=0.009 hard=score=0.0086374255 wNMSE=0.00073248522 wMSE=55.8010 wMRED=0.07909999 wER=0.147652 wMAE=2.4038 wBias=0.2881 condBias=4.2342 dotDrift=+2.468sigma uMRED=0.0062594694 uER=0.201172 uMAE=3.5156 WCE=48 bias=0.3750
[quad_soft:06400] loss=0.034786 tau=4.38 collapse_w=0.050 mid_frac=0.018 hard=score=0.0086374255 wNMSE=0.00073248522 wMSE=55.8010 wMRED=0.07909999 wER=0.147652 wMAE=2.4038 wBias=0.2881 condBias=4.2342 dotDrift=+2.468sigma uMRED=0.0062594694 uER=0.201172 uMAE=3.5156 WCE=48 bias=0.3750
[quad_soft:06600] loss=0.034050 tau=4.47 collapse_w=0.075 mid_frac=0.027 hard=score=0.0086374255 wNMSE=0.00073248522 wMSE=55.8010 wMRED=0.07909999 wER=0.147652 wMAE=2.4038 wBias=0.2881 condBias=4.2342 dotDrift=+2.468sigma uMRED=0.0062594694 uER=0.201172 uMAE=3.5156 WCE=48 bias=0.3750
[quad_soft:06800] loss=0.033253 tau=4.56 collapse_w=0.100 mid_frac=0.027 hard=score=0.0086374255 wNMSE=0.00073248522 wMSE=55.8010 wMRED=0.07909999 wER=0.147652 wMAE=2.4038 wBias=0.2881 condBias=4.2342 dotDrift=+2.468sigma uMRED=0.0062594694 uER=0.201172 uMAE=3.5156 WCE=48 bias=0.3750
[quad_soft:07000] loss=0.032412 tau=4.65 collapse_w=0.125 mid_frac=0.027 hard=score=0.0086374255 wNMSE=0.00073248522 wMSE=55.8010 wMRED=0.07909999 wER=0.147652 wMAE=2.4038 wBias=0.2881 condBias=4.2342 dotDrift=+2.468sigma uMRED=0.0062594694 uER=0.201172 uMAE=3.5156 WCE=48 bias=0.3750
[quad_soft:07200] loss=0.031525 tau=4.74 collapse_w=0.150 mid_frac=0.018 hard=score=0.0086374255 wNMSE=0.00073248522 wMSE=55.8010 wMRED=0.07909999 wER=0.147652 wMAE=2.4038 wBias=0.2881 condBias=4.2342 dotDrift=+2.468sigma uMRED=0.0062594694 uER=0.201172 uMAE=3.5156 WCE=48 bias=0.3750
[quad_soft:07400] loss=0.030599 tau=4.83 collapse_w=0.175 mid_frac=0.009 hard=score=0.0086374255 wNMSE=0.00073248522 wMSE=55.8010 wMRED=0.07909999 wER=0.147652 wMAE=2.4038 wBias=0.2881 condBias=4.2342 dotDrift=+2.468sigma uMRED=0.0062594694 uER=0.201172 uMAE=3.5156 WCE=48 bias=0.3750
[quad_soft:07600] loss=0.029639 tau=4.92 collapse_w=0.200 mid_frac=0.009 hard=score=0.0086374255 wNMSE=0.00073248522 wMSE=55.8010 wMRED=0.07909999 wER=0.147652 wMAE=2.4038 wBias=0.2881 condBias=4.2342 dotDrift=+2.468sigma uMRED=0.0062594694 uER=0.201172 uMAE=3.5156 WCE=48 bias=0.3750
[quad_soft:07800] loss=0.028646 tau=5.01 collapse_w=0.225 mid_frac=0.009 hard=score=0.0086374255 wNMSE=0.00073248522 wMSE=55.8010 wMRED=0.07909999 wER=0.147652 wMAE=2.4038 wBias=0.2881 condBias=4.2342 dotDrift=+2.468sigma uMRED=0.0062594694 uER=0.201172 uMAE=3.5156 WCE=48 bias=0.3750
[quad_soft:08000] loss=0.027618 tau=5.10 collapse_w=0.250 mid_frac=0.009 hard=score=0.0086374255 wNMSE=0.00073248522 wMSE=55.8010 wMRED=0.07909999 wER=0.147652 wMAE=2.4038 wBias=0.2881 condBias=4.2342 dotDrift=+2.468sigma uMRED=0.0062594694 uER=0.201172 uMAE=3.5156 WCE=48 bias=0.3750
[quad_soft:08200] loss=0.026542 tau=5.19 collapse_w=0.275 mid_frac=0.009 hard=score=0.0086374255 wNMSE=0.00073248522 wMSE=55.8010 wMRED=0.07909999 wER=0.147652 wMAE=2.4038 wBias=0.2881 condBias=4.2342 dotDrift=+2.468sigma uMRED=0.0062594694 uER=0.201172 uMAE=3.5156 WCE=48 bias=0.3750
[quad_soft:08400] loss=0.025433 tau=5.28 collapse_w=0.300 mid_frac=0.009 hard=score=0.0086374255 wNMSE=0.00073248522 wMSE=55.8010 wMRED=0.07909999 wER=0.147652 wMAE=2.4038 wBias=0.2881 condBias=4.2342 dotDrift=+2.468sigma uMRED=0.0062594694 uER=0.201172 uMAE=3.5156 WCE=48 bias=0.3750
[quad_soft:08600] loss=0.024294 tau=5.37 collapse_w=0.325 mid_frac=0.009 hard=score=0.0086374255 wNMSE=0.00073248522 wMSE=55.8010 wMRED=0.07909999 wER=0.147652 wMAE=2.4038 wBias=0.2881 condBias=4.2342 dotDrift=+2.468sigma uMRED=0.0062594694 uER=0.201172 uMAE=3.5156 WCE=48 bias=0.3750
[quad_soft:08800] loss=0.023107 tau=5.46 collapse_w=0.350 mid_frac=0.009 hard=score=0.0086374255 wNMSE=0.00073248522 wMSE=55.8010 wMRED=0.07909999 wER=0.147652 wMAE=2.4038 wBias=0.2881 condBias=4.2342 dotDrift=+2.468sigma uMRED=0.0062594694 uER=0.201172 uMAE=3.5156 WCE=48 bias=0.3750
[quad_soft:09000] loss=0.021829 tau=5.55 collapse_w=0.375 mid_frac=0.009 hard=score=0.0086374255 wNMSE=0.00073248522 wMSE=55.8010 wMRED=0.07909999 wER=0.147652 wMAE=2.4038 wBias=0.2881 condBias=4.2342 dotDrift=+2.468sigma uMRED=0.0062594694 uER=0.201172 uMAE=3.5156 WCE=48 bias=0.3750
[quad_soft:09200] loss=0.020519 tau=5.64 collapse_w=0.400 mid_frac=0.009 hard=score=0.0086374255 wNMSE=0.00073248522 wMSE=55.8010 wMRED=0.07909999 wER=0.147652 wMAE=2.4038 wBias=0.2881 condBias=4.2342 dotDrift=+2.468sigma uMRED=0.0062594694 uER=0.201172 uMAE=3.5156 WCE=48 bias=0.3750
[quad_soft:09400] loss=0.019116 tau=5.73 collapse_w=0.425 mid_frac=0.009 hard=score=0.0086374255 wNMSE=0.00073248522 wMSE=55.8010 wMRED=0.07909999 wER=0.147652 wMAE=2.4038 wBias=0.2881 condBias=4.2342 dotDrift=+2.468sigma uMRED=0.0062594694 uER=0.201172 uMAE=3.5156 WCE=48 bias=0.3750
[quad_soft:09600] loss=0.017670 tau=5.82 collapse_w=0.450 mid_frac=0.009 hard=score=0.0086374255 wNMSE=0.00073248522 wMSE=55.8010 wMRED=0.07909999 wER=0.147652 wMAE=2.4038 wBias=0.2881 condBias=4.2342 dotDrift=+2.468sigma uMRED=0.0062594694 uER=0.201172 uMAE=3.5156 WCE=48 bias=0.3750
[quad_soft:09800] loss=0.016083 tau=5.91 collapse_w=0.475 mid_frac=0.009 hard=score=0.0086374255 wNMSE=0.00073248522 wMSE=55.8010 wMRED=0.07909999 wER=0.147652 wMAE=2.4038 wBias=0.2881 condBias=4.2342 dotDrift=+2.468sigma uMRED=0.0062594694 uER=0.201172 uMAE=3.5156 WCE=48 bias=0.3750
[quad_soft:09999] loss=0.014339 tau=6.00 collapse_w=0.500 mid_frac=0.009 hard=score=0.0086374255 wNMSE=0.00073248522 wMSE=55.8010 wMRED=0.07909999 wER=0.147652 wMAE=2.4038 wBias=0.2881 condBias=4.2342 dotDrift=+2.468sigma uMRED=0.0062594694 uER=0.201172 uMAE=3.5156 WCE=48 bias=0.3750
[quad_hard_ste:00000] loss=0.015256 tau=6.00 collapse_w=0.500 mid_frac=0.009 hard=score=0.0086374255 wNMSE=0.00073248522 wMSE=55.8010 wMRED=0.07909999 wER=0.147652 wMAE=2.4038 wBias=0.2881 condBias=4.2342 dotDrift=+2.468sigma uMRED=0.0062594694 uER=0.201172 uMAE=3.5156 WCE=48 bias=0.3750
[quad_hard_ste:00200] loss=0.017316 tau=6.00 collapse_w=0.500 mid_frac=0.009 hard=score=0.0086374255 wNMSE=0.00073248522 wMSE=55.8010 wMRED=0.07909999 wER=0.147652 wMAE=2.4038 wBias=0.2881 condBias=4.2342 dotDrift=+2.468sigma uMRED=0.0062594694 uER=0.201172 uMAE=3.5156 WCE=48 bias=0.3750
[quad_hard_ste:00400] loss=0.282165 tau=6.00 collapse_w=0.500 mid_frac=0.009 hard=score=0.2784015773 wNMSE=0.0039714452 wMSE=302.5461 wMRED=0.10950637 wER=0.153003 wMAE=4.2742 wBias=-2.2120 condBias=9.3568 dotDrift=-8.139sigma uMRED=0.0119959342 uER=0.212891 uMAE=6.8125 WCE=144 bias=-3.6250
[quad_hard_ste:00600] loss=0.281411 tau=6.00 collapse_w=0.500 mid_frac=0.009 hard=score=0.2784015773 wNMSE=0.0039714452 wMSE=302.5461 wMRED=0.10950637 wER=0.153003 wMAE=4.2742 wBias=-2.2120 condBias=9.3568 dotDrift=-8.139sigma uMRED=0.0119959342 uER=0.212891 uMAE=6.8125 WCE=144 bias=-3.6250
[quad_hard_ste:00800] loss=0.280962 tau=6.00 collapse_w=0.500 mid_frac=0.009 hard=score=0.2784015773 wNMSE=0.0039714452 wMSE=302.5461 wMRED=0.10950637 wER=0.153003 wMAE=4.2742 wBias=-2.2120 condBias=9.3568 dotDrift=-8.139sigma uMRED=0.0119959342 uER=0.212891 uMAE=6.8125 WCE=144 bias=-3.6250
[quad_hard_ste:01000] loss=0.280631 tau=6.00 collapse_w=0.500 mid_frac=0.009 hard=score=0.2784015773 wNMSE=0.0039714452 wMSE=302.5461 wMRED=0.10950637 wER=0.153003 wMAE=4.2742 wBias=-2.2120 condBias=9.3568 dotDrift=-8.139sigma uMRED=0.0119959342 uER=0.212891 uMAE=6.8125 WCE=144 bias=-3.6250
[quad_hard_ste:01200] loss=0.280374 tau=6.00 collapse_w=0.500 mid_frac=0.009 hard=score=0.2784015773 wNMSE=0.0039714452 wMSE=302.5461 wMRED=0.10950637 wER=0.153003 wMAE=4.2742 wBias=-2.2120 condBias=9.3568 dotDrift=-8.139sigma uMRED=0.0119959342 uER=0.212891 uMAE=6.8125 WCE=144 bias=-3.6250
[quad_hard_ste:01400] loss=0.280169 tau=6.00 collapse_w=0.500 mid_frac=0.009 hard=score=0.2784015773 wNMSE=0.0039714452 wMSE=302.5461 wMRED=0.10950637 wER=0.153003 wMAE=4.2742 wBias=-2.2120 condBias=9.3568 dotDrift=-8.139sigma uMRED=0.0119959342 uER=0.212891 uMAE=6.8125 WCE=144 bias=-3.6250
[quad_hard_ste:01600] loss=0.280003 tau=6.00 collapse_w=0.500 mid_frac=0.009 hard=score=0.2784015773 wNMSE=0.0039714452 wMSE=302.5461 wMRED=0.10950637 wER=0.153003 wMAE=4.2742 wBias=-2.2120 condBias=9.3568 dotDrift=-8.139sigma uMRED=0.0119959342 uER=0.212891 uMAE=6.8125 WCE=144 bias=-3.6250
[quad_hard_ste:01800] loss=0.279868 tau=6.00 collapse_w=0.500 mid_frac=0.009 hard=score=0.2784015773 wNMSE=0.0039714452 wMSE=302.5461 wMRED=0.10950637 wER=0.153003 wMAE=4.2742 wBias=-2.2120 condBias=9.3568 dotDrift=-8.139sigma uMRED=0.0119959342 uER=0.212891 uMAE=6.8125 WCE=144 bias=-3.6250
[quad_hard_ste:02000] loss=0.279757 tau=6.00 collapse_w=0.500 mid_frac=0.009 hard=score=0.2784015773 wNMSE=0.0039714452 wMSE=302.5461 wMRED=0.10950637 wER=0.153003 wMAE=4.2742 wBias=-2.2120 condBias=9.3568 dotDrift=-8.139sigma uMRED=0.0119959342 uER=0.212891 uMAE=6.8125 WCE=144 bias=-3.6250
[quad_hard_ste:02200] loss=0.279663 tau=6.00 collapse_w=0.500 mid_frac=0.009 hard=score=0.2784015773 wNMSE=0.0039714452 wMSE=302.5461 wMRED=0.10950637 wER=0.153003 wMAE=4.2742 wBias=-2.2120 condBias=9.3568 dotDrift=-8.139sigma uMRED=0.0119959342 uER=0.212891 uMAE=6.8125 WCE=144 bias=-3.6250
[quad_hard_ste:02400] loss=0.279584 tau=6.00 collapse_w=0.500 mid_frac=0.009 hard=score=0.2784015773 wNMSE=0.0039714452 wMSE=302.5461 wMRED=0.10950637 wER=0.153003 wMAE=4.2742 wBias=-2.2120 condBias=9.3568 dotDrift=-8.139sigma uMRED=0.0119959342 uER=0.212891 uMAE=6.8125 WCE=144 bias=-3.6250
[quad_hard_ste:02600] loss=0.279516 tau=6.00 collapse_w=0.500 mid_frac=0.009 hard=score=0.2784015773 wNMSE=0.0039714452 wMSE=302.5461 wMRED=0.10950637 wER=0.153003 wMAE=4.2742 wBias=-2.2120 condBias=9.3568 dotDrift=-8.139sigma uMRED=0.0119959342 uER=0.212891 uMAE=6.8125 WCE=144 bias=-3.6250
[quad_hard_ste:02800] loss=0.279457 tau=6.00 collapse_w=0.500 mid_frac=0.009 hard=score=0.2784015773 wNMSE=0.0039714452 wMSE=302.5461 wMRED=0.10950637 wER=0.153003 wMAE=4.2742 wBias=-2.2120 condBias=9.3568 dotDrift=-8.139sigma uMRED=0.0119959342 uER=0.212891 uMAE=6.8125 WCE=144 bias=-3.6250
[quad_hard_ste:03000] loss=0.279405 tau=6.00 collapse_w=0.500 mid_frac=0.009 hard=score=0.2784015773 wNMSE=0.0039714452 wMSE=302.5461 wMRED=0.10950637 wER=0.153003 wMAE=4.2742 wBias=-2.2120 condBias=9.3568 dotDrift=-8.139sigma uMRED=0.0119959342 uER=0.212891 uMAE=6.8125 WCE=144 bias=-3.6250
[quad_hard_ste:03200] loss=0.279358 tau=6.00 collapse_w=0.500 mid_frac=0.009 hard=score=0.2784015773 wNMSE=0.0039714452 wMSE=302.5461 wMRED=0.10950637 wER=0.153003 wMAE=4.2742 wBias=-2.2120 condBias=9.3568 dotDrift=-8.139sigma uMRED=0.0119959342 uER=0.212891 uMAE=6.8125 WCE=144 bias=-3.6250
[quad_hard_ste:03400] loss=0.279317 tau=6.00 collapse_w=0.500 mid_frac=0.009 hard=score=0.2784015773 wNMSE=0.0039714452 wMSE=302.5461 wMRED=0.10950637 wER=0.153003 wMAE=4.2742 wBias=-2.2120 condBias=9.3568 dotDrift=-8.139sigma uMRED=0.0119959342 uER=0.212891 uMAE=6.8125 WCE=144 bias=-3.6250
[quad_hard_ste:03600] loss=0.279279 tau=6.00 collapse_w=0.500 mid_frac=0.009 hard=score=0.2784015773 wNMSE=0.0039714452 wMSE=302.5461 wMRED=0.10950637 wER=0.153003 wMAE=4.2742 wBias=-2.2120 condBias=9.3568 dotDrift=-8.139sigma uMRED=0.0119959342 uER=0.212891 uMAE=6.8125 WCE=144 bias=-3.6250
[quad_hard_ste:03800] loss=0.279245 tau=6.00 collapse_w=0.500 mid_frac=0.009 hard=score=0.2784015773 wNMSE=0.0039714452 wMSE=302.5461 wMRED=0.10950637 wER=0.153003 wMAE=4.2742 wBias=-2.2120 condBias=9.3568 dotDrift=-8.139sigma uMRED=0.0119959342 uER=0.212891 uMAE=6.8125 WCE=144 bias=-3.6250
[quad_hard_ste:03999] loss=0.279214 tau=6.00 collapse_w=0.500 mid_frac=0.009 hard=score=0.2784015773 wNMSE=0.0039714452 wMSE=302.5461 wMRED=0.10950637 wER=0.153003 wMAE=4.2742 wBias=-2.2120 condBias=9.3568 dotDrift=-8.139sigma uMRED=0.0119959342 uER=0.212891 uMAE=6.8125 WCE=144 bias=-3.6250
[pop00_soft:00000] loss=6.258399 tau=1.50 collapse_w=0.000 mid_frac=0.420 hard=score=625.4669647465 wNMSE=1.7392306 wMSE=132495.2045 wMRED=10.90794352 wER=0.436147 wMAE=176.0838 wBias=107.5758 condBias=208.0330 dotDrift=+18.914sigma uMRED=0.2825355884 uER=0.430664 uMAE=88.6758 WCE=1203 bias=53.1875
[pop00_soft:00200] loss=2.272477 tau=2.25 collapse_w=0.000 mid_frac=0.330 hard=score=46.3581106606 wNMSE=1.0912188 wMSE=83129.4405 wMRED=10.10242916 wER=0.412310 wMAE=144.6722 wBias=-28.7787 condBias=158.1023 dotDrift=-6.388sigma uMRED=0.2809436502 uER=0.434570 uMAE=95.1113 WCE=929 bias=-48.1250
[pop00_soft:00400] loss=1.473112 tau=3.00 collapse_w=0.000 mid_frac=0.366 hard=score=43.5089236865 wNMSE=0.087738723 wMSE=6683.9672 wMRED=2.09652632 wER=0.305053 wMAE=31.9552 wBias=-28.3898 condBias=52.2213 dotDrift=-22.224sigma uMRED=0.0811540985 uER=0.400391 uMAE=36.8281 WCE=320 bias=-17.2500
[pop00_soft:00600] loss=0.805928 tau=3.75 collapse_w=0.000 mid_frac=0.339 hard=score=6.8785218880 wNMSE=0.082788969 wMSE=6306.8931 wMRED=1.92393275 wER=0.313468 wMAE=33.5509 wBias=-11.1779 condBias=31.4932 dotDrift=-9.008sigma uMRED=0.0897189452 uER=0.388672 uMAE=46.8125 WCE=592 bias=22.3750
[pop00_soft:00800] loss=0.621270 tau=4.50 collapse_w=0.084 mid_frac=0.312 hard=score=3.8456211379 wNMSE=0.086559652 wMSE=6594.1451 wMRED=1.89864698 wER=0.359858 wMAE=34.1111 wBias=-8.2743 condBias=32.6637 dotDrift=-6.521sigma uMRED=0.0990249101 uER=0.412109 uMAE=55.3594 WCE=600 bias=32.8750
[pop00_soft:01000] loss=0.510933 tau=5.25 collapse_w=0.293 mid_frac=0.232 hard=score=2.9396275447 wNMSE=0.085593123 wMSE=6520.5146 wMRED=1.92001268 wER=0.308489 wMAE=33.0739 wBias=-7.1779 condBias=34.1259 dotDrift=-5.689sigma uMRED=0.0989136651 uER=0.391602 uMAE=53.6406 WCE=592 bias=37.8750
[pop00_soft:01199] loss=0.408660 tau=6.00 collapse_w=0.500 mid_frac=0.232 hard=score=2.9396275447 wNMSE=0.085593123 wMSE=6520.5146 wMRED=1.92001268 wER=0.308489 wMAE=33.0739 wBias=-7.1779 condBias=34.1259 dotDrift=-5.689sigma uMRED=0.0989136651 uER=0.391602 uMAE=53.6406 WCE=592 bias=37.8750
[pop00_hard:00000] loss=3.036485 tau=6.00 collapse_w=0.500 mid_frac=0.232 hard=score=2.9396275447 wNMSE=0.085593123 wMSE=6520.5146 wMRED=1.92001268 wER=0.308489 wMAE=33.0739 wBias=-7.1779 condBias=34.1259 dotDrift=-5.689sigma uMRED=0.0989136651 uER=0.391602 uMAE=53.6406 WCE=592 bias=37.8750
[pop00_hard:00200] loss=3.030896 tau=6.00 collapse_w=0.500 mid_frac=0.232 hard=score=2.9396275447 wNMSE=0.085593123 wMSE=6520.5146 wMRED=1.92001268 wER=0.308489 wMAE=33.0739 wBias=-7.1779 condBias=34.1259 dotDrift=-5.689sigma uMRED=0.0989136651 uER=0.391602 uMAE=53.6406 WCE=592 bias=37.8750
[pop00_hard:00400] loss=2.452911 tau=6.00 collapse_w=0.500 mid_frac=0.214 hard=score=2.3643206265 wNMSE=0.086342305 wMSE=6577.5875 wMRED=1.89863914 wER=0.289592 wMAE=32.6530 wBias=-6.3894 condBias=34.3389 dotDrift=-5.042sigma uMRED=0.0990523819 uER=0.383789 uMAE=54.1406 WCE=592 bias=38.8750
[pop00_hard:00599] loss=1.860977 tau=6.00 collapse_w=0.500 mid_frac=0.188 hard=score=1.7744399236 wNMSE=0.090559474 wMSE=6898.8530 wMRED=1.89490493 wER=0.289592 wMAE=32.7977 wBias=-5.4557 condBias=35.3970 dotDrift=-4.204sigma uMRED=0.1020672613 uER=0.383789 uMAE=56.6406 WCE=592 bias=41.8750
[pop00] done (conf=0.53, noise=0.5); global best score=0.0051923538 wNMSE=0.00079957458 wMSE=60.9119 wMRED=0.08225447 wER=0.147652 wMAE=2.5646 wBias=0.1272 condBias=4.5427 dotDrift=+1.043sigma uMRED=0.0066483402 uER=0.201172 uMAE=3.7656 WCE=48 bias=0.1250
[pop01_soft:00000] loss=4.221424 tau=1.50 collapse_w=0.000 mid_frac=0.438 hard=score=157.9768884850 wNMSE=0.35696149 wMSE=27193.4531 wMRED=4.45910894 wER=0.437165 wMAE=84.6711 wBias=54.0772 condBias=109.2637 dotDrift=+20.988sigma uMRED=0.1716639480 uER=0.437500 uMAE=77.3867 WCE=556 bias=55.1875
[pop01_soft:00200] loss=1.814819 tau=2.25 collapse_w=0.000 mid_frac=0.366 hard=score=151.5191670027 wNMSE=0.86395601 wMSE=65816.4761 wMRED=8.50334380 wER=0.412310 wMAE=123.7708 wBias=-52.8227 condBias=144.5641 dotDrift=-13.178sigma uMRED=0.2627707914 uER=0.434570 uMAE=96.6211 WCE=941 bias=-53.0625
[pop01_soft:00400] loss=1.169794 tau=3.00 collapse_w=0.000 mid_frac=0.375 hard=score=1.7182954419 wNMSE=0.14768841 wMSE=11250.9555 wMRED=2.82645393 wER=0.397446 wMAE=52.4600 wBias=5.1315 condBias=53.7453 dotDrift=+3.096sigma uMRED=0.1212653714 uER=0.421875 uMAE=60.8516 WCE=480 bias=-40.0000
[pop01_soft:00600] loss=0.631486 tau=3.75 collapse_w=0.000 mid_frac=0.402 hard=score=12.9283953270 wNMSE=0.11661785 wMSE=8883.9896 wMRED=2.30986877 wER=0.389730 wMAE=43.5128 wBias=15.3661 condBias=47.6921 dotDrift=+10.434sigma uMRED=0.0962404698 uER=0.419922 uMAE=46.6250 WCE=384 bias=-21.5000
[pop01_soft:00800] loss=0.407071 tau=4.50 collapse_w=0.084 mid_frac=0.384 hard=score=2.2430927324 wNMSE=0.03617131 wMSE=2755.5433 wMRED=0.66364637 wER=0.354912 wMAE=19.4154 wBias=-6.3485 condBias=23.0936 dotDrift=-7.740sigma uMRED=0.0715216776 uER=0.424805 uMAE=48.4336 WCE=416 bias=20.3750
[pop01_soft:01000] loss=0.321846 tau=5.25 collapse_w=0.293 mid_frac=0.393 hard=score=2.9856224647 wNMSE=0.044621907 wMSE=3399.3127 wMRED=0.68310624 wER=0.342677 wMAE=20.4308 wBias=-7.3409 condBias=25.8357 dotDrift=-8.058sigma uMRED=0.0750817297 uER=0.421875 uMAE=50.5195 WCE=416 bias=18.6250
[pop01_soft:01199] loss=0.250250 tau=6.00 collapse_w=0.500 mid_frac=0.375 hard=score=3.2340265045 wNMSE=0.0444331 wMSE=3384.9294 wMRED=0.68189605 wER=0.342677 wMAE=20.3812 wBias=-7.6493 condBias=25.7873 dotDrift=-8.415sigma uMRED=0.0747592416 uER=0.421875 uMAE=50.2695 WCE=416 bias=18.1250
[pop01_hard:00000] loss=3.284803 tau=6.00 collapse_w=0.500 mid_frac=0.375 hard=score=3.2340265045 wNMSE=0.0444331 wMSE=3384.9294 wMRED=0.68189605 wER=0.342677 wMAE=20.3812 wBias=-7.6493 condBias=25.7873 dotDrift=-8.415sigma uMRED=0.0747592416 uER=0.421875 uMAE=50.2695 WCE=416 bias=18.1250
[pop01_hard:00200] loss=3.281713 tau=6.00 collapse_w=0.500 mid_frac=0.375 hard=score=3.2340265045 wNMSE=0.0444331 wMSE=3384.9294 wMRED=0.68189605 wER=0.342677 wMAE=20.3812 wBias=-7.6493 condBias=25.7873 dotDrift=-8.415sigma uMRED=0.0747592416 uER=0.421875 uMAE=50.2695 WCE=416 bias=18.1250
[pop01_hard:00400] loss=2.964242 tau=6.00 collapse_w=0.500 mid_frac=0.375 hard=score=2.9168816172 wNMSE=0.043625347 wMSE=3323.3945 wMRED=0.66911009 wER=0.342677 wMAE=20.0292 wBias=-7.2551 condBias=25.5365 dotDrift=-8.054sigma uMRED=0.0743964989 uER=0.421875 uMAE=50.2695 WCE=416 bias=18.6250
[pop01_hard:00599] loss=2.070435 tau=6.00 collapse_w=0.500 mid_frac=0.366 hard=score=2.0239270447 wNMSE=0.042313974 wMSE=3223.4936 wMRED=0.65473398 wER=0.336606 wMAE=19.0000 wBias=-6.0050 condBias=25.2870 dotDrift=-6.769sigma uMRED=0.0715966349 uER=0.416016 uMAE=48.5234 WCE=416 bias=20.6250
[pop01] done (conf=0.51, noise=1.0); global best score=0.0051923538 wNMSE=0.00079957458 wMSE=60.9119 wMRED=0.08225447 wER=0.147652 wMAE=2.5646 wBias=0.1272 condBias=4.5427 dotDrift=+1.043sigma uMRED=0.0066483402 uER=0.201172 uMAE=3.7656 WCE=48 bias=0.1250
[pop02_soft:00000] loss=3.007316 tau=1.50 collapse_w=0.000 mid_frac=0.295 hard=score=202.0785036875 wNMSE=0.28950705 wMSE=22054.7499 wMRED=3.53320273 wER=0.430021 wMAE=64.5250 wBias=61.2197 condBias=114.2404 dotDrift=+26.383sigma uMRED=0.1265115575 uER=0.428711 uMAE=56.6094 WCE=488 bias=49.0625
[pop02_soft:00200] loss=0.854658 tau=2.25 collapse_w=0.000 mid_frac=0.259 hard=score=34.9228073517 wNMSE=0.055304319 wMSE=4213.1027 wMRED=1.50755193 wER=0.396120 wMAE=26.9702 wBias=-25.4350 condBias=44.3115 dotDrift=-25.079sigma uMRED=0.0910112351 uER=0.431641 uMAE=53.6719 WCE=624 bias=-35.5000
[pop02_soft:00400] loss=0.228688 tau=3.00 collapse_w=0.000 mid_frac=0.232 hard=score=0.1026689569 wNMSE=0.016001191 wMSE=1218.9764 wMRED=0.53802747 wER=0.284206 wMAE=14.8261 wBias=-1.0843 condBias=16.6027 dotDrift=-1.988sigma uMRED=0.0498949274 uER=0.386719 uMAE=33.7969 WCE=252 bias=-1.6250
[pop02_soft:00600] loss=0.076722 tau=3.75 collapse_w=0.000 mid_frac=0.196 hard=score=0.7904421232 wNMSE=0.0086130982 wMSE=656.1489 wMRED=0.27406019 wER=0.260802 wMAE=9.2973 wBias=-3.7693 condBias=12.4487 dotDrift=-9.417sigma uMRED=0.0352606108 uER=0.357422 uMAE=25.1719 WCE=224 bias=5.2500
[pop02_soft:00800] loss=0.049776 tau=4.50 collapse_w=0.084 mid_frac=0.179 hard=score=0.0396794326 wNMSE=0.0081610031 wMSE=621.7081 wMRED=0.14245866 wER=0.176393 wMAE=7.1232 wBias=-0.5053 condBias=12.1694 dotDrift=-1.297sigma uMRED=0.0281401783 uER=0.295898 uMAE=20.0469 WCE=224 bias=4.8750
[pop02_soft:01000] loss=0.041398 tau=5.25 collapse_w=0.293 mid_frac=0.116 hard=score=0.0396794326 wNMSE=0.0081610031 wMSE=621.7081 wMRED=0.14245866 wER=0.176393 wMAE=7.1232 wBias=-0.5053 condBias=12.1694 dotDrift=-1.297sigma uMRED=0.0281401783 uER=0.295898 uMAE=20.0469 WCE=224 bias=4.8750
[pop02_soft:01199] loss=0.032531 tau=6.00 collapse_w=0.500 mid_frac=0.107 hard=score=0.2345490896 wNMSE=0.0046593509 wMSE=354.9510 wMRED=0.10957373 wER=0.171042 wMAE=5.1795 wBias=1.9948 condBias=7.6491 dotDrift=+6.776sigma uMRED=0.0221546113 uER=0.284180 uMAE=16.6719 WCE=224 bias=8.8750
[pop02_hard:00000] loss=0.252170 tau=6.00 collapse_w=0.500 mid_frac=0.107 hard=score=0.2345490896 wNMSE=0.0046593509 wMSE=354.9510 wMRED=0.10957373 wER=0.171042 wMAE=5.1795 wBias=1.9948 condBias=7.6491 dotDrift=+6.776sigma uMRED=0.0221546113 uER=0.284180 uMAE=16.6719 WCE=224 bias=8.8750
[pop02_hard:00200] loss=0.055015 tau=6.00 collapse_w=0.500 mid_frac=0.098 hard=score=0.0396794326 wNMSE=0.0081610031 wMSE=621.7081 wMRED=0.14245866 wER=0.176393 wMAE=7.1232 wBias=-0.5053 condBias=12.1694 dotDrift=-1.297sigma uMRED=0.0281401783 uER=0.295898 uMAE=20.0469 WCE=224 bias=4.8750
[pop02_hard:00400] loss=0.052369 tau=6.00 collapse_w=0.500 mid_frac=0.098 hard=score=0.0396794326 wNMSE=0.0081610031 wMSE=621.7081 wMRED=0.14245866 wER=0.176393 wMAE=7.1232 wBias=-0.5053 condBias=12.1694 dotDrift=-1.297sigma uMRED=0.0281401783 uER=0.295898 uMAE=20.0469 WCE=224 bias=4.8750
[pop02_hard:00599] loss=0.050950 tau=6.00 collapse_w=0.500 mid_frac=0.098 hard=score=0.0396794326 wNMSE=0.0081610031 wMSE=621.7081 wMRED=0.14245866 wER=0.176393 wMAE=7.1232 wBias=-0.5053 condBias=12.1694 dotDrift=-1.297sigma uMRED=0.0281401783 uER=0.295898 uMAE=20.0469 WCE=224 bias=4.8750
[pop02] done (conf=0.53, noise=0.5); global best score=0.0051923538 wNMSE=0.00079957458 wMSE=60.9119 wMRED=0.08225447 wER=0.147652 wMAE=2.5646 wBias=0.1272 condBias=4.5427 dotDrift=+1.043sigma uMRED=0.0066483402 uER=0.201172 uMAE=3.7656 WCE=48 bias=0.1250
[pop03_soft:00000] loss=5.452132 tau=1.50 collapse_w=0.000 mid_frac=0.384 hard=score=334.3477207920 wNMSE=1.7194852 wMSE=130990.9957 wMRED=11.98791235 wER=0.437165 wMAE=183.4952 wBias=78.5114 condBias=203.5176 dotDrift=+13.883sigma uMRED=0.3140121241 uER=0.437500 uMAE=99.8066 WCE=1101 bias=38.8750
[pop03_soft:00200] loss=6.371544 tau=2.25 collapse_w=0.000 mid_frac=0.393 hard=score=38.8362862047 wNMSE=1.5079682 wMSE=114877.5549 wMRED=11.98496395 wER=0.437165 wMAE=181.1960 wBias=25.9593 condBias=192.3764 dotDrift=+4.902sigma uMRED=0.3314406292 uER=0.437500 uMAE=112.3477 WCE=928 bias=-55.0625
[pop03_soft:00400] loss=1.940674 tau=3.00 collapse_w=0.000 mid_frac=0.375 hard=score=130.2460779083 wNMSE=0.46980316 wMSE=35789.7723 wMRED=5.61406089 wER=0.437165 wMAE=81.7193 wBias=-49.0426 condBias=107.8569 dotDrift=-16.591sigma uMRED=0.1935867956 uER=0.437500 uMAE=84.8145 WCE=669 bias=-67.1875
[pop03_soft:00600] loss=1.310044 tau=3.75 collapse_w=0.000 mid_frac=0.393 hard=score=123.9103327125 wNMSE=0.32196998 wMSE=24527.7878 wMRED=4.13718543 wER=0.377796 wMAE=55.5651 wBias=-47.8900 condBias=92.5865 dotDrift=-19.570sigma uMRED=0.1341629979 uER=0.419922 uMAE=54.5996 WCE=553 bias=-25.1875
[pop03_soft:00800] loss=0.990882 tau=4.50 collapse_w=0.084 mid_frac=0.402 hard=score=93.1117828454 wNMSE=0.29538099 wMSE=22502.2287 wMRED=3.93071566 wER=0.371226 wMAE=52.9347 wBias=-41.4938 condBias=81.2245 dotDrift=-17.703sigma uMRED=0.1241564559 uER=0.404297 uMAE=48.5469 WCE=521 bias=8.1875
[pop03_soft:01000] loss=0.728875 tau=5.25 collapse_w=0.293 mid_frac=0.393 hard=score=90.3720439018 wNMSE=0.29170477 wMSE=22222.1729 wMRED=3.92471309 wER=0.372339 wMAE=52.6569 wBias=-40.8768 condBias=79.9910 dotDrift=-17.549sigma uMRED=0.1242411770 uER=0.405273 uMAE=48.7969 WCE=521 bias=9.1875
[pop03_soft:01199] loss=0.566519 tau=6.00 collapse_w=0.500 mid_frac=0.384 hard=score=67.5511337242 wNMSE=0.27846928 wMSE=21213.8892 wMRED=3.88915838 wER=0.389986 wMAE=55.0447 wBias=-35.3132 condBias=77.6383 dotDrift=-15.517sigma uMRED=0.1248120837 uER=0.411133 uMAE=49.7207 WCE=520 bias=11.1875
[pop03_hard:00000] loss=67.753799 tau=6.00 collapse_w=0.500 mid_frac=0.384 hard=score=67.5511337242 wNMSE=0.27846928 wMSE=21213.8892 wMRED=3.88915838 wER=0.389986 wMAE=55.0447 wBias=-35.3132 condBias=77.6383 dotDrift=-15.517sigma uMRED=0.1248120837 uER=0.411133 uMAE=49.7207 WCE=520 bias=11.1875
[pop03_hard:00200] loss=67.751450 tau=6.00 collapse_w=0.500 mid_frac=0.375 hard=score=67.5511337242 wNMSE=0.27846928 wMSE=21213.8892 wMRED=3.88915838 wER=0.389986 wMAE=55.0447 wBias=-35.3132 condBias=77.6383 dotDrift=-15.517sigma uMRED=0.1248120837 uER=0.411133 uMAE=49.7207 WCE=520 bias=11.1875
[pop03_hard:00400] loss=67.752144 tau=6.00 collapse_w=0.500 mid_frac=0.366 hard=score=67.5511337242 wNMSE=0.27846928 wMSE=21213.8892 wMRED=3.88915838 wER=0.389986 wMAE=55.0447 wBias=-35.3132 condBias=77.6383 dotDrift=-15.517sigma uMRED=0.1248120837 uER=0.411133 uMAE=49.7207 WCE=520 bias=11.1875
[pop03_hard:00599] loss=64.998283 tau=6.00 collapse_w=0.500 mid_frac=0.339 hard=score=64.7942783200 wNMSE=0.28255746 wMSE=21525.3276 wMRED=3.89486932 wER=0.392680 wMAE=55.6973 wBias=-34.5779 condBias=76.7116 dotDrift=-15.084sigma uMRED=0.1343018352 uER=0.416992 uMAE=58.0020 WCE=528 bias=19.6875
[pop03] done (conf=0.51, noise=1.0); global best score=0.0051923538 wNMSE=0.00079957458 wMSE=60.9119 wMRED=0.08225447 wER=0.147652 wMAE=2.5646 wBias=0.1272 condBias=4.5427 dotDrift=+1.043sigma uMRED=0.0066483402 uER=0.201172 uMAE=3.7656 WCE=48 bias=0.1250
[pop04_soft:00000] loss=2.112917 tau=1.50 collapse_w=0.000 mid_frac=0.295 hard=score=2.1742395367 wNMSE=0.069704585 wMSE=5310.1201 wMRED=1.99064530 wER=0.435858 wMAE=38.9013 wBias=6.1648 condBias=31.6845 dotDrift=+5.414sigma uMRED=0.0875165312 uER=0.433594 uMAE=46.9395 WCE=544 bias=-4.5000
[pop04_soft:00200] loss=0.895145 tau=2.25 collapse_w=0.000 mid_frac=0.277 hard=score=12.6929972274 wNMSE=0.05399424 wMSE=4113.3004 wMRED=1.41131465 wER=0.394299 wMAE=26.4428 wBias=-15.2915 condBias=32.1155 dotDrift=-15.259sigma uMRED=0.0757463274 uER=0.419922 uMAE=44.1250 WCE=564 bias=-13.7500
[pop04_soft:00400] loss=0.368334 tau=3.00 collapse_w=0.000 mid_frac=0.259 hard=score=6.4369461408 wNMSE=0.032073701 wMSE=2443.3860 wMRED=0.96681016 wER=0.314338 wMAE=19.7491 wBias=-10.8769 condBias=20.7315 dotDrift=-14.083sigma uMRED=0.0614380595 uER=0.377930 uMAE=38.9453 WCE=500 bias=-22.1250
[pop04_soft:00600] loss=0.221727 tau=3.75 collapse_w=0.000 mid_frac=0.232 hard=score=6.1810277565 wNMSE=0.027032483 wMSE=2059.3442 wMRED=0.97737408 wER=0.304002 wMAE=20.3057 wBias=-10.6733 condBias=20.0272 dotDrift=-15.053sigma uMRED=0.0554650306 uER=0.374023 uMAE=33.9844 WCE=304 bias=-13.8750
[pop04_soft:00800] loss=0.167334 tau=4.50 collapse_w=0.084 mid_frac=0.214 hard=score=4.2724901685 wNMSE=0.025707831 wMSE=1958.4317 wMRED=0.90478298 wER=0.262196 wMAE=18.7674 wBias=-8.8569 condBias=18.3221 dotDrift=-12.809sigma uMRED=0.0530819439 uER=0.350586 uMAE=33.2500 WCE=304 bias=-11.7500
[pop04_soft:01000] loss=0.111432 tau=5.25 collapse_w=0.293 mid_frac=0.143 hard=score=1.2639354808 wNMSE=0.014160103 wMSE=1078.7217 wMRED=0.52242545 wER=0.248048 wMAE=12.9726 wBias=-4.7747 condBias=12.3627 dotDrift=-9.304sigma uMRED=0.0426150555 uER=0.320312 uMAE=27.9609 WCE=304 bias=-16.0000
[pop04_soft:01199] loss=0.075637 tau=6.00 collapse_w=0.500 mid_frac=0.143 hard=score=1.2639354808 wNMSE=0.014160103 wMSE=1078.7217 wMRED=0.52242545 wER=0.248048 wMAE=12.9726 wBias=-4.7747 condBias=12.3627 dotDrift=-9.304sigma uMRED=0.0426150555 uER=0.320312 uMAE=27.9609 WCE=304 bias=-16.0000
[pop04_hard:00000] loss=1.298948 tau=6.00 collapse_w=0.500 mid_frac=0.143 hard=score=1.2639354808 wNMSE=0.014160103 wMSE=1078.7217 wMRED=0.52242545 wER=0.248048 wMAE=12.9726 wBias=-4.7747 condBias=12.3627 dotDrift=-9.304sigma uMRED=0.0426150555 uER=0.320312 uMAE=27.9609 WCE=304 bias=-16.0000
[pop04_hard:00200] loss=1.294553 tau=6.00 collapse_w=0.500 mid_frac=0.134 hard=score=1.2639354808 wNMSE=0.014160103 wMSE=1078.7217 wMRED=0.52242545 wER=0.248048 wMAE=12.9726 wBias=-4.7747 condBias=12.3627 dotDrift=-9.304sigma uMRED=0.0426150555 uER=0.320312 uMAE=27.9609 WCE=304 bias=-16.0000
[pop04_hard:00400] loss=0.823243 tau=6.00 collapse_w=0.500 mid_frac=0.116 hard=score=0.7930691883 wNMSE=0.014775235 wMSE=1125.5827 wMRED=0.52998724 wER=0.255874 wMAE=13.7048 wBias=-3.7460 condBias=12.6479 dotDrift=-7.146sigma uMRED=0.0448057745 uER=0.339844 uMAE=29.5859 WCE=304 bias=-14.0000
[pop04_hard:00599] loss=0.093048 tau=6.00 collapse_w=0.500 mid_frac=0.098 hard=score=1.0123107389 wNMSE=0.027797314 wMSE=2117.6093 wMRED=0.57850718 wER=0.255317 wMAE=16.1743 wBias=4.2033 condBias=19.8731 dotDrift=+5.846sigma uMRED=0.0437416512 uER=0.329102 uMAE=26.2031 WCE=288 bias=6.0000
[pop04] done (conf=0.53, noise=0.5); global best score=0.0051923538 wNMSE=0.00079957458 wMSE=60.9119 wMRED=0.08225447 wER=0.147652 wMAE=2.5646 wBias=0.1272 condBias=4.5427 dotDrift=+1.043sigma uMRED=0.0066483402 uER=0.201172 uMAE=3.7656 WCE=48 bias=0.1250
[pop05_soft:00000] loss=6.024419 tau=1.50 collapse_w=0.000 mid_frac=0.438 hard=score=285.3854945300 wNMSE=0.29268969 wMSE=22297.2047 wMRED=4.07692247 wER=0.437165 wMAE=81.1107 wBias=72.7802 condBias=124.5066 dotDrift=+31.194sigma uMRED=0.1707808541 uER=0.437500 uMAE=79.2109 WCE=693 bias=74.5625
[pop05_soft:00200] loss=9.427747 tau=2.25 collapse_w=0.000 mid_frac=0.438 hard=score=22.1644338247 wNMSE=0.11778243 wMSE=8972.7071 wMRED=2.95102288 wER=0.429278 wMAE=52.7658 wBias=20.1935 condBias=56.2873 dotDrift=+13.644sigma uMRED=0.1194799358 uER=0.434570 uMAE=61.2930 WCE=528 bias=12.8125
[pop05_soft:00400] loss=1.129424 tau=3.00 collapse_w=0.000 mid_frac=0.438 hard=score=22.7846381447 wNMSE=0.063629629 wMSE=4847.3278 wMRED=1.88789349 wER=0.411469 wMAE=33.4676 wBias=-20.5231 condBias=40.2710 dotDrift=-18.866sigma uMRED=0.1020594619 uER=0.431641 uMAE=58.5820 WCE=496 bias=-2.2500
[pop05_soft:00600] loss=0.604443 tau=3.75 collapse_w=0.000 mid_frac=0.464 hard=score=30.2332759138 wNMSE=0.059707541 wMSE=4548.5417 wMRED=1.89368480 wER=0.361955 wMAE=30.9197 wBias=-23.6607 condBias=39.6300 dotDrift=-22.453sigma uMRED=0.0905896190 uER=0.421875 uMAE=48.5625 WCE=496 bias=6.0000
[pop05_soft:00800] loss=0.362975 tau=4.50 collapse_w=0.084 mid_frac=0.446 hard=score=17.6971843737 wNMSE=0.024025015 wMSE=1830.2342 wMRED=1.25502167 wER=0.358257 wMAE=20.9157 wBias=-18.1114 condBias=29.3681 dotDrift=-27.094sigma uMRED=0.0635756465 uER=0.413086 uMAE=35.3984 WCE=288 bias=-8.5000
[pop05_soft:01000] loss=0.261288 tau=5.25 collapse_w=0.293 mid_frac=0.411 hard=score=9.9832148535 wNMSE=0.018732995 wMSE=1427.0862 wMRED=0.80722914 wER=0.347854 wMAE=16.6620 wBias=-13.5860 condBias=21.5004 dotDrift=-23.017sigma uMRED=0.0644083892 uER=0.418945 uMAE=42.4688 WCE=452 bias=-15.5000
[pop05_soft:01199] loss=0.193915 tau=6.00 collapse_w=0.500 mid_frac=0.393 hard=score=9.9832148535 wNMSE=0.018732995 wMSE=1427.0862 wMRED=0.80722914 wER=0.347854 wMAE=16.6620 wBias=-13.5860 condBias=21.5004 dotDrift=-23.017sigma uMRED=0.0644083892 uER=0.418945 uMAE=42.4688 WCE=452 bias=-15.5000
[pop05_hard:00000] loss=10.037544 tau=6.00 collapse_w=0.500 mid_frac=0.393 hard=score=9.9832148535 wNMSE=0.018732995 wMSE=1427.0862 wMRED=0.80722914 wER=0.347854 wMAE=16.6620 wBias=-13.5860 condBias=21.5004 dotDrift=-23.017sigma uMRED=0.0644083892 uER=0.418945 uMAE=42.4688 WCE=452 bias=-15.5000
[pop05_hard:00200] loss=10.034801 tau=6.00 collapse_w=0.500 mid_frac=0.393 hard=score=9.9832148535 wNMSE=0.018732995 wMSE=1427.0862 wMRED=0.80722914 wER=0.347854 wMAE=16.6620 wBias=-13.5860 condBias=21.5004 dotDrift=-23.017sigma uMRED=0.0644083892 uER=0.418945 uMAE=42.4688 WCE=452 bias=-15.5000
[pop05_hard:00400] loss=10.037365 tau=6.00 collapse_w=0.500 mid_frac=0.384 hard=score=9.9832148535 wNMSE=0.018732995 wMSE=1427.0862 wMRED=0.80722914 wER=0.347854 wMAE=16.6620 wBias=-13.5860 condBias=21.5004 dotDrift=-23.017sigma uMRED=0.0644083892 uER=0.418945 uMAE=42.4688 WCE=452 bias=-15.5000
[pop05_hard:00599] loss=2.140955 tau=6.00 collapse_w=0.500 mid_frac=0.304 hard=score=2.0599227069 wNMSE=0.043443106 wMSE=3309.5113 wMRED=1.39961706 wER=0.377645 wMAE=25.7137 wBias=6.0199 condBias=29.3762 dotDrift=+6.697sigma uMRED=0.0838803979 uER=0.414062 uMAE=52.3906 WCE=512 bias=9.8750
[pop05] done (conf=0.51, noise=1.0); global best score=0.0051923538 wNMSE=0.00079957458 wMSE=60.9119 wMRED=0.08225447 wER=0.147652 wMAE=2.5646 wBias=0.1272 condBias=4.5427 dotDrift=+1.043sigma uMRED=0.0066483402 uER=0.201172 uMAE=3.7656 WCE=48 bias=0.1250
[pop06_soft:00000] loss=2.325200 tau=1.50 collapse_w=0.000 mid_frac=0.304 hard=score=13.5390608993 wNMSE=0.14360347 wMSE=10939.7637 wMRED=1.82572060 wER=0.406480 wMAE=40.1465 wBias=-15.7089 condBias=56.6562 dotDrift=-9.612sigma uMRED=0.1205348056 uER=0.422852 uMAE=67.3672 WCE=532 bias=-2.7500
[pop06_soft:00200] loss=0.985434 tau=2.25 collapse_w=0.000 mid_frac=0.277 hard=score=6.2893492936 wNMSE=0.066005789 wMSE=5028.3445 wMRED=0.84121016 wER=0.351618 wMAE=24.7770 wBias=-10.6875 condBias=36.9323 dotDrift=-9.646sigma uMRED=0.0854463061 uER=0.412109 uMAE=55.0273 WCE=564 bias=-17.3750
[pop06_soft:00400] loss=0.257026 tau=3.00 collapse_w=0.000 mid_frac=0.152 hard=score=2.3303852636 wNMSE=0.024439924 wMSE=1861.8421 wMRED=0.65555876 wER=0.290358 wMAE=16.2105 wBias=6.4923 condBias=22.2391 dotDrift=+9.630sigma uMRED=0.0639836752 uER=0.391602 uMAE=42.1562 WCE=416 bias=6.2500
[pop06_soft:00600] loss=0.077085 tau=3.75 collapse_w=0.000 mid_frac=0.188 hard=score=3.1410546195 wNMSE=0.016178177 wMSE=1232.4593 wMRED=0.58872655 wER=0.270060 wMAE=13.3020 wBias=7.5864 condBias=18.6419 dotDrift=+13.830sigma uMRED=0.0488046638 uER=0.358398 uMAE=31.3125 WCE=336 bias=2.6250
[pop06_soft:00800] loss=0.049696 tau=4.50 collapse_w=0.084 mid_frac=0.161 hard=score=0.1864127671 wNMSE=0.010746788 wMSE=818.6942 wMRED=0.16497196 wER=0.207353 wMAE=7.3899 wBias=1.6797 condBias=15.2101 dotDrift=+3.757sigma uMRED=0.0360843934 uER=0.332031 uMAE=25.6250 WCE=288 bias=1.6250
[pop06_soft:01000] loss=0.041006 tau=5.25 collapse_w=0.293 mid_frac=0.116 hard=score=0.2006192812 wNMSE=0.004948488 wMSE=376.9776 wMRED=0.14991149 wER=0.206566 wMAE=5.7389 wBias=1.8428 condBias=10.7948 dotDrift=+6.074sigma uMRED=0.0197809676 uER=0.326172 uMAE=12.9688 WCE=160 bias=1.6250
[pop06_soft:01199] loss=0.030789 tau=6.00 collapse_w=0.500 mid_frac=0.107 hard=score=0.2006192812 wNMSE=0.004948488 wMSE=376.9776 wMRED=0.14991149 wER=0.206566 wMAE=5.7389 wBias=1.8428 condBias=10.7948 dotDrift=+6.074sigma uMRED=0.0197809676 uER=0.326172 uMAE=12.9688 WCE=160 bias=1.6250
[pop06_hard:00000] loss=0.221016 tau=6.00 collapse_w=0.500 mid_frac=0.107 hard=score=0.2006192812 wNMSE=0.004948488 wMSE=376.9776 wMRED=0.14991149 wER=0.206566 wMAE=5.7389 wBias=1.8428 condBias=10.7948 dotDrift=+6.074sigma uMRED=0.0197809676 uER=0.326172 uMAE=12.9688 WCE=160 bias=1.6250
[pop06_hard:00200] loss=0.224785 tau=6.00 collapse_w=0.500 mid_frac=0.125 hard=score=0.0533179892 wNMSE=0.0072800724 wMSE=554.5985 wMRED=0.15682456 wER=0.206566 wMAE=6.4314 wBias=0.6836 condBias=13.2663 dotDrift=+1.858sigma uMRED=0.0265049453 uER=0.326172 uMAE=17.8906 WCE=264 bias=-6.3750
[pop06_hard:00400] loss=0.050623 tau=6.00 collapse_w=0.500 mid_frac=0.143 hard=score=0.0287650562 wNMSE=0.0073088143 wMSE=556.7881 wMRED=0.13869469 wER=0.184871 wMAE=6.3703 wBias=0.0306 condBias=13.2997 dotDrift=+0.083sigma uMRED=0.0265773766 uER=0.313477 uMAE=18.1172 WCE=272 bias=-7.0000
[pop06_hard:00599] loss=0.041072 tau=6.00 collapse_w=0.500 mid_frac=0.134 hard=score=0.0617690302 wNMSE=0.0048526549 wMSE=369.6770 wMRED=0.11432679 wER=0.175489 wMAE=5.3036 wBias=-0.8297 condBias=10.9710 dotDrift=-2.762sigma uMRED=0.0230397660 uER=0.312500 uMAE=16.0469 WCE=272 bias=-8.8750
[pop06] done (conf=0.53, noise=0.5); global best score=0.0051923538 wNMSE=0.00079957458 wMSE=60.9119 wMRED=0.08225447 wER=0.147652 wMAE=2.5646 wBias=0.1272 condBias=4.5427 dotDrift=+1.043sigma uMRED=0.0066483402 uER=0.201172 uMAE=3.7656 WCE=48 bias=0.1250
[pop07_soft:00000] loss=1.902682 tau=1.50 collapse_w=0.000 mid_frac=0.357 hard=score=54.0020294995 wNMSE=0.54140287 wMSE=41244.2632 wMRED=6.19772589 wER=0.437165 wMAE=94.6273 wBias=-31.4002 condBias=110.7151 dotDrift=-9.895sigma uMRED=0.1960128207 uER=0.437500 uMAE=70.0996 WCE=677 bias=-5.9375
[pop07_soft:00200] loss=1.088683 tau=2.25 collapse_w=0.000 mid_frac=0.402 hard=score=99.4223725286 wNMSE=0.47999217 wMSE=36565.9743 wMRED=5.56609191 wER=0.436738 wMAE=82.1425 wBias=-42.8140 condBias=104.1860 dotDrift=-14.329sigma uMRED=0.1770530625 uER=0.434570 uMAE=63.9824 WCE=672 bias=-12.3750
[pop07_soft:00400] loss=0.449597 tau=3.00 collapse_w=0.000 mid_frac=0.393 hard=score=0.5001274728 wNMSE=0.067870139 wMSE=5170.3714 wMRED=0.82081028 wER=0.416231 wMAE=25.5406 wBias=2.6288 condBias=33.9144 dotDrift=+2.340sigma uMRED=0.0734300959 uER=0.426758 uMAE=44.4141 WCE=420 bias=-12.5625
[pop07_soft:00600] loss=0.176076 tau=3.75 collapse_w=0.000 mid_frac=0.357 hard=score=0.1051725658 wNMSE=0.024512953 wMSE=1867.4055 wMRED=0.55453620 wER=0.348658 wMAE=16.2606 wBias=0.9426 condBias=20.3543 dotDrift=+1.396sigma uMRED=0.0594703299 uER=0.397461 uMAE=39.0098 WCE=332 bias=0.0625
[pop07_soft:00800] loss=0.098316 tau=4.50 collapse_w=0.084 mid_frac=0.348 hard=score=0.3644175739 wNMSE=0.015448347 wMSE=1176.8606 wMRED=0.57250068 wER=0.334360 wMAE=13.3572 wBias=2.4325 condBias=19.3575 dotDrift=+4.538sigma uMRED=0.0510996821 uER=0.381836 uMAE=32.7891 WCE=328 bias=-6.2500
[pop07_soft:01000] loss=0.076684 tau=5.25 collapse_w=0.293 mid_frac=0.295 hard=score=0.3091293199 wNMSE=0.015044693 wMSE=1146.1101 wMRED=0.53202553 wER=0.303459 wMAE=12.8634 wBias=2.2138 condBias=19.0429 dotDrift=+4.185sigma uMRED=0.0502618013 uER=0.368164 uMAE=32.6641 WCE=328 bias=-6.7500
[pop07_soft:01199] loss=0.052225 tau=6.00 collapse_w=0.500 mid_frac=0.286 hard=score=0.3091293199 wNMSE=0.015044693 wMSE=1146.1101 wMRED=0.53202553 wER=0.303459 wMAE=12.8634 wBias=2.2138 condBias=19.0429 dotDrift=+4.185sigma uMRED=0.0502618013 uER=0.368164 uMAE=32.6641 WCE=328 bias=-6.7500
[pop07_hard:00000] loss=0.349417 tau=6.00 collapse_w=0.500 mid_frac=0.286 hard=score=0.3091293199 wNMSE=0.015044693 wMSE=1146.1101 wMRED=0.53202553 wER=0.303459 wMAE=12.8634 wBias=2.2138 condBias=19.0429 dotDrift=+4.185sigma uMRED=0.0502618013 uER=0.368164 uMAE=32.6641 WCE=328 bias=-6.7500
[pop07_hard:00200] loss=4.362954 tau=6.00 collapse_w=0.500 mid_frac=0.295 hard=score=4.3196085731 wNMSE=0.01724255 wMSE=1313.5436 wMRED=0.61707527 wER=0.303459 wMAE=14.1715 wBias=-8.9135 condBias=17.6543 dotDrift=-15.740sigma uMRED=0.0515027320 uER=0.368164 uMAE=32.9453 WCE=328 bias=-10.7500
[pop07_hard:00400] loss=0.346781 tau=6.00 collapse_w=0.500 mid_frac=0.295 hard=score=4.3196085731 wNMSE=0.01724255 wMSE=1313.5436 wMRED=0.61707527 wER=0.303459 wMAE=14.1715 wBias=-8.9135 condBias=17.6543 dotDrift=-15.740sigma uMRED=0.0515027320 uER=0.368164 uMAE=32.9453 WCE=328 bias=-10.7500
[pop07_hard:00599] loss=0.345871 tau=6.00 collapse_w=0.500 mid_frac=0.295 hard=score=4.3196085731 wNMSE=0.01724255 wMSE=1313.5436 wMRED=0.61707527 wER=0.303459 wMAE=14.1715 wBias=-8.9135 condBias=17.6543 dotDrift=-15.740sigma uMRED=0.0515027320 uER=0.368164 uMAE=32.9453 WCE=328 bias=-10.7500
[pop07] done (conf=0.51, noise=1.0); global best score=0.0051923538 wNMSE=0.00079957458 wMSE=60.9119 wMRED=0.08225447 wER=0.147652 wMAE=2.5646 wBias=0.1272 condBias=4.5427 dotDrift=+1.043sigma uMRED=0.0066483402 uER=0.201172 uMAE=3.7656 WCE=48 bias=0.1250
[pop08_soft:00000] loss=4.356431 tau=1.50 collapse_w=0.000 mid_frac=0.277 hard=score=367.7762438018 wNMSE=1.4823559 wMSE=112926.3994 wMRED=10.92642674 wER=0.435622 wMAE=177.4686 wBias=82.4167 condBias=188.5617 dotDrift=+15.696sigma uMRED=0.3356742863 uER=0.431641 uMAE=125.2871 WCE=965 bias=75.5625
[pop08_soft:00200] loss=1.611827 tau=2.25 collapse_w=0.000 mid_frac=0.304 hard=score=213.2708398890 wNMSE=0.60976415 wMSE=46452.0499 wMRED=6.71236048 wER=0.411104 wMAE=91.0178 wBias=-62.8014 condBias=123.2943 dotDrift=-18.649sigma uMRED=0.1849953819 uER=0.428711 uMAE=62.7910 WCE=841 bias=-50.6250
[pop08_soft:00400] loss=0.969870 tau=3.00 collapse_w=0.000 mid_frac=0.232 hard=score=1.7008976097 wNMSE=0.0080028865 wMSE=609.6627 wMRED=0.33973629 wER=0.286647 wMAE=9.0094 wBias=-5.5725 condBias=11.5154 dotDrift=-14.444sigma uMRED=0.0424136740 uER=0.376953 uMAE=32.0156 WCE=320 bias=-21.2500
[pop08_soft:00600] loss=0.188679 tau=3.75 collapse_w=0.000 mid_frac=0.179 hard=score=0.3222061193 wNMSE=0.02063321 wMSE=1571.8453 wMRED=0.70229566 wER=0.335273 wMAE=16.5814 wBias=-2.1898 condBias=22.2539 dotDrift=-3.535sigma uMRED=0.0639938418 uER=0.402344 uMAE=41.8594 WCE=420 bias=-34.5000
[pop08_soft:00800] loss=0.063787 tau=4.50 collapse_w=0.084 mid_frac=0.152 hard=score=0.0527246852 wNMSE=0.014792376 wMSE=1126.8884 wMRED=0.58806786 wER=0.254070 wMAE=12.9098 wBias=0.2109 condBias=18.1640 dotDrift=+0.402sigma uMRED=0.0505902914 uER=0.333008 uMAE=33.0000 WCE=368 bias=-26.8750
[pop08_soft:01000] loss=0.047358 tau=5.25 collapse_w=0.293 mid_frac=0.134 hard=score=0.1760231318 wNMSE=0.013967983 wMSE=1064.0859 wMRED=0.52571993 wER=0.213035 wMAE=11.5779 wBias=1.5428 condBias=17.7027 dotDrift=+3.027sigma uMRED=0.0473953946 uER=0.309570 uMAE=31.5000 WCE=368 bias=-25.3750
[pop08_soft:01199] loss=0.035950 tau=6.00 collapse_w=0.500 mid_frac=0.125 hard=score=0.1760231318 wNMSE=0.013967983 wMSE=1064.0859 wMRED=0.52571993 wER=0.213035 wMAE=11.5779 wBias=1.5428 condBias=17.7027 dotDrift=+3.027sigma uMRED=0.0473953946 uER=0.309570 uMAE=31.5000 WCE=368 bias=-25.3750
[pop08_hard:00000] loss=0.209379 tau=6.00 collapse_w=0.500 mid_frac=0.125 hard=score=0.1760231318 wNMSE=0.013967983 wMSE=1064.0859 wMRED=0.52571993 wER=0.213035 wMAE=11.5779 wBias=1.5428 condBias=17.7027 dotDrift=+3.027sigma uMRED=0.0473953946 uER=0.309570 uMAE=31.5000 WCE=368 bias=-25.3750
[pop08_hard:00200] loss=0.918073 tau=6.00 collapse_w=0.500 mid_frac=0.125 hard=score=0.9059817777 wNMSE=0.0085768448 wMSE=653.3871 wMRED=0.12433572 wER=0.159360 wMAE=6.0142 wBias=-4.0209 condBias=13.9371 dotDrift=-10.067sigma uMRED=0.0382534200 uER=0.293945 uMAE=29.5000 WCE=368 bias=-27.3750
[pop08_hard:00400] loss=0.913733 tau=6.00 collapse_w=0.500 mid_frac=0.125 hard=score=0.9059817777 wNMSE=0.0085768448 wMSE=653.3871 wMRED=0.12433572 wER=0.159360 wMAE=6.0142 wBias=-4.0209 condBias=13.9371 dotDrift=-10.067sigma uMRED=0.0382534200 uER=0.293945 uMAE=29.5000 WCE=368 bias=-27.3750
[pop08_hard:00599] loss=0.430780 tau=6.00 collapse_w=0.500 mid_frac=0.089 hard=score=0.4307265692 wNMSE=0.010952802 wMSE=834.3883 wMRED=0.12572177 wER=0.159360 wMAE=6.2499 wBias=-2.6739 condBias=14.7752 dotDrift=-5.924sigma uMRED=0.0425232362 uER=0.293945 uMAE=33.5781 WCE=480 bias=-3.3750
[pop08] done (conf=0.53, noise=0.5); global best score=0.0051923538 wNMSE=0.00079957458 wMSE=60.9119 wMRED=0.08225447 wER=0.147652 wMAE=2.5646 wBias=0.1272 condBias=4.5427 dotDrift=+1.043sigma uMRED=0.0066483402 uER=0.201172 uMAE=3.7656 WCE=48 bias=0.1250
[pop09_soft:00000] loss=5.887371 tau=1.50 collapse_w=0.000 mid_frac=0.375 hard=score=151.8104229999 wNMSE=0.59589115 wMSE=45395.2001 wMRED=6.66565487 wER=0.433205 wMAE=117.4278 wBias=52.9423 condBias=128.3055 dotDrift=+15.903sigma uMRED=0.2155237225 uER=0.425781 uMAE=83.6230 WCE=692 bias=0.1875
[pop09_soft:00200] loss=1.936796 tau=2.25 collapse_w=0.000 mid_frac=0.366 hard=score=86.5734702230 wNMSE=0.85400806 wMSE=65058.6378 wMRED=8.91589104 wER=0.437165 wMAE=137.6751 wBias=-39.7627 condBias=149.2211 dotDrift=-9.977sigma uMRED=0.2940783840 uER=0.437500 uMAE=116.7031 WCE=861 bias=-80.2500
[pop09_soft:00400] loss=1.175492 tau=3.00 collapse_w=0.000 mid_frac=0.357 hard=score=2.6233927048 wNMSE=0.28183834 wMSE=21470.5450 wMRED=4.50169303 wER=0.437165 wMAE=82.1654 wBias=6.2250 condBias=87.9303 dotDrift=+2.719sigma uMRED=0.1923449132 uER=0.437500 uMAE=94.1289 WCE=740 bias=-63.5625
[pop09_soft:00600] loss=0.539688 tau=3.75 collapse_w=0.000 mid_frac=0.321 hard=score=1.2316104183 wNMSE=0.2010866 wMSE=15318.8486 wMRED=2.72417636 wER=0.379831 wMAE=56.8983 wBias=3.9327 condBias=64.6723 dotDrift=+2.034sigma uMRED=0.1540185699 uER=0.428711 uMAE=86.3438 WCE=692 bias=-63.1250
[pop09_soft:00800] loss=0.395706 tau=4.50 collapse_w=0.084 mid_frac=0.277 hard=score=4.4825624940 wNMSE=0.1140252 wMSE=8686.4805 wMRED=2.57251873 wER=0.371603 wMAE=46.0515 wBias=8.8636 condBias=48.3458 dotDrift=+6.086sigma uMRED=0.1060406272 uER=0.411133 uMAE=53.5938 WCE=468 bias=-38.6250
[pop09_soft:01000] loss=0.306642 tau=5.25 collapse_w=0.293 mid_frac=0.232 hard=score=5.1304594451 wNMSE=0.11082227 wMSE=8442.4802 wMRED=2.57002670 wER=0.369610 wMAE=45.4400 wBias=9.5281 condBias=48.8736 dotDrift=+6.637sigma uMRED=0.0939387797 uER=0.397461 uMAE=42.6406 WCE=384 bias=-27.1250
[pop09_soft:01199] loss=0.233096 tau=6.00 collapse_w=0.500 mid_frac=0.232 hard=score=12.4602932209 wNMSE=0.097662045 wMSE=7439.9294 wMRED=2.16864250 wER=0.369610 wMAE=39.8764 wBias=15.0918 condBias=46.2958 dotDrift=+11.198sigma uMRED=0.0847968051 uER=0.397461 uMAE=40.6406 WCE=384 bias=-25.1250
[pop09_hard:00000] loss=12.580625 tau=6.00 collapse_w=0.500 mid_frac=0.232 hard=score=12.4602932209 wNMSE=0.097662045 wMSE=7439.9294 wMRED=2.16864250 wER=0.369610 wMAE=39.8764 wBias=15.0918 condBias=46.2958 dotDrift=+11.198sigma uMRED=0.0847968051 uER=0.397461 uMAE=40.6406 WCE=384 bias=-25.1250
[pop09_hard:00200] loss=0.535384 tau=6.00 collapse_w=0.500 mid_frac=0.214 hard=score=0.4064383651 wNMSE=0.19543337 wMSE=14888.1837 wMRED=2.71254995 wER=0.371516 wMAE=55.5610 wBias=-0.7011 condBias=63.9135 dotDrift=-0.368sigma uMRED=0.1396563719 uER=0.408203 uMAE=73.6250 WCE=708 bias=-59.1250
[pop09_hard:00400] loss=0.532689 tau=6.00 collapse_w=0.500 mid_frac=0.214 hard=score=0.4064383651 wNMSE=0.19543337 wMSE=14888.1837 wMRED=2.71254995 wER=0.371516 wMAE=55.5610 wBias=-0.7011 condBias=63.9135 dotDrift=-0.368sigma uMRED=0.1396563719 uER=0.408203 uMAE=73.6250 WCE=708 bias=-59.1250
[pop09_hard:00599] loss=0.499258 tau=6.00 collapse_w=0.500 mid_frac=0.205 hard=score=0.3747831730 wNMSE=0.18975744 wMSE=14455.7891 wMRED=2.70818477 wER=0.371516 wMAE=55.0629 wBias=-0.2031 condBias=63.0683 dotDrift=-0.108sigma uMRED=0.1346004747 uER=0.408203 uMAE=69.6250 WCE=708 bias=-55.1250
[pop09] done (conf=0.51, noise=1.0); global best score=0.0051923538 wNMSE=0.00079957458 wMSE=60.9119 wMRED=0.08225447 wER=0.147652 wMAE=2.5646 wBias=0.1272 condBias=4.5427 dotDrift=+1.043sigma uMRED=0.0066483402 uER=0.201172 uMAE=3.7656 WCE=48 bias=0.1250
[pop10_soft:00000] loss=1.533957 tau=1.50 collapse_w=0.000 mid_frac=0.286 hard=score=48.8689243099 wNMSE=0.454315 wMSE=34609.8785 wMRED=4.64872485 wER=0.389640 wMAE=70.8261 wBias=-29.9020 condBias=88.1831 dotDrift=-10.287sigma uMRED=0.1527817521 uER=0.415039 uMAE=57.1484 WCE=694 bias=10.3750
[pop10_soft:00200] loss=0.722328 tau=2.25 collapse_w=0.000 mid_frac=0.286 hard=score=12.0800015748 wNMSE=0.05921945 wMSE=4511.3588 wMRED=0.75066324 wER=0.278136 wMAE=20.8417 wBias=14.9142 condBias=34.6194 dotDrift=+14.211sigma uMRED=0.0723841242 uER=0.363281 uMAE=45.2812 WCE=468 bias=1.1250
[pop10_soft:00400] loss=0.161139 tau=3.00 collapse_w=0.000 mid_frac=0.232 hard=score=0.0734808354 wNMSE=0.015953492 wMSE=1215.3427 wMRED=0.59947316 wER=0.258237 wMAE=13.7979 wBias=0.6678 condBias=18.9178 dotDrift=+1.226sigma uMRED=0.0499346572 uER=0.359375 uMAE=31.8359 WCE=336 bias=-15.1250
[pop10_soft:00600] loss=0.061546 tau=3.75 collapse_w=0.000 mid_frac=0.214 hard=score=0.5072952146 wNMSE=0.0059522483 wMSE=453.4444 wMRED=0.18792907 wER=0.219945 wMAE=6.3903 wBias=-3.0089 condBias=11.7182 dotDrift=-9.043sigma uMRED=0.0253607510 uER=0.314453 uMAE=16.9609 WCE=172 bias=-9.5000
[pop10_soft:00800] loss=0.044077 tau=4.50 collapse_w=0.084 mid_frac=0.143 hard=score=0.3431383603 wNMSE=0.0055470381 wMSE=422.5753 wMRED=0.18043764 wER=0.213713 wMAE=5.9768 wBias=-2.4557 condBias=10.7112 dotDrift=-7.645sigma uMRED=0.0243245160 uER=0.308594 uMAE=16.2969 WCE=160 bias=-8.6250
[pop10_soft:01000] loss=0.037685 tau=5.25 collapse_w=0.293 mid_frac=0.116 hard=score=0.5787172237 wNMSE=0.0055068064 wMSE=419.5105 wMRED=0.18129088 wER=0.214630 wMAE=5.9129 wBias=-3.2272 condBias=10.8392 dotDrift=-10.084sigma uMRED=0.0242198823 uER=0.309570 uMAE=16.0781 WCE=160 bias=-10.1250
[pop10_soft:01199] loss=0.029152 tau=6.00 collapse_w=0.500 mid_frac=0.107 hard=score=0.5787172237 wNMSE=0.0055068064 wMSE=419.5105 wMRED=0.18129088 wER=0.214630 wMAE=5.9129 wBias=-3.2272 condBias=10.8392 dotDrift=-10.084sigma uMRED=0.0242198823 uER=0.309570 uMAE=16.0781 WCE=160 bias=-10.1250
[pop10_hard:00000] loss=0.601059 tau=6.00 collapse_w=0.500 mid_frac=0.107 hard=score=0.5787172237 wNMSE=0.0055068064 wMSE=419.5105 wMRED=0.18129088 wER=0.214630 wMAE=5.9129 wBias=-3.2272 condBias=10.8392 dotDrift=-10.084sigma uMRED=0.0242198823 uER=0.309570 uMAE=16.0781 WCE=160 bias=-10.1250
[pop10_hard:00200] loss=0.597130 tau=6.00 collapse_w=0.500 mid_frac=0.107 hard=score=0.5787172237 wNMSE=0.0055068064 wMSE=419.5105 wMRED=0.18129088 wER=0.214630 wMAE=5.9129 wBias=-3.2272 condBias=10.8392 dotDrift=-10.084sigma uMRED=0.0242198823 uER=0.309570 uMAE=16.0781 WCE=160 bias=-10.1250
[pop10_hard:00400] loss=0.037754 tau=6.00 collapse_w=0.500 mid_frac=0.080 hard=score=0.0212238359 wNMSE=0.0020998622 wMSE=159.9683 wMRED=0.15064793 wER=0.211929 wMAE=4.0066 wBias=0.4321 condBias=6.6384 dotDrift=+2.187sigma uMRED=0.0177605391 uER=0.303711 uMAE=12.2188 WCE=128 bias=1.8750
[pop10_hard:00599] loss=0.036689 tau=6.00 collapse_w=0.500 mid_frac=0.080 hard=score=0.0212238359 wNMSE=0.0020998622 wMSE=159.9683 wMRED=0.15064793 wER=0.211929 wMAE=4.0066 wBias=0.4321 condBias=6.6384 dotDrift=+2.187sigma uMRED=0.0177605391 uER=0.303711 uMAE=12.2188 WCE=128 bias=1.8750
[pop10] done (conf=0.53, noise=0.5); global best score=0.0051923538 wNMSE=0.00079957458 wMSE=60.9119 wMRED=0.08225447 wER=0.147652 wMAE=2.5646 wBias=0.1272 condBias=4.5427 dotDrift=+1.043sigma uMRED=0.0066483402 uER=0.201172 uMAE=3.7656 WCE=48 bias=0.1250
[pop11_soft:00000] loss=3.307536 tau=1.50 collapse_w=0.000 mid_frac=0.455 hard=score=28.1787234827 wNMSE=0.58749437 wMSE=44755.5301 wMRED=6.86670179 wER=0.419518 wMAE=109.8183 wBias=22.5008 condBias=110.1826 dotDrift=+6.807sigma uMRED=0.2524867067 uER=0.431641 uMAE=112.1172 WCE=660 bias=78.6250
[pop11_soft:00200] loss=1.564706 tau=2.25 collapse_w=0.000 mid_frac=0.420 hard=score=95.4285621519 wNMSE=0.43268467 wMSE=32962.0724 wMRED=5.98401231 wER=0.437165 wMAE=86.1700 wBias=-41.9517 condBias=107.1997 dotDrift=-14.788sigma uMRED=0.1858005826 uER=0.437500 uMAE=70.6875 WCE=700 bias=-37.7500
[pop11_soft:00400] loss=1.314049 tau=3.00 collapse_w=0.000 mid_frac=0.411 hard=score=25.1247455210 wNMSE=0.33941125 wMSE=25856.4701 wMRED=4.97039873 wER=0.429651 wMAE=71.9900 wBias=-21.3592 condBias=83.9011 dotDrift=-8.501sigma uMRED=0.1506647923 uER=0.431641 uMAE=54.2344 WCE=540 bias=-9.0000
[pop11_soft:00600] loss=1.051648 tau=3.75 collapse_w=0.000 mid_frac=0.402 hard=score=55.7495222117 wNMSE=0.32115845 wMSE=24465.9649 wMRED=3.93121540 wER=0.297087 wMAE=57.8484 wBias=-32.0348 condBias=78.8533 dotDrift=-13.108sigma uMRED=0.1568675468 uER=0.409180 uMAE=72.3984 WCE=544 bias=37.7500
[pop11_soft:00800] loss=0.773178 tau=4.50 collapse_w=0.084 mid_frac=0.420 hard=score=53.9917658187 wNMSE=0.3135557 wMSE=23886.7851 wMRED=3.90441223 wER=0.278189 wMAE=56.7703 wBias=-31.5241 condBias=77.9065 dotDrift=-13.054sigma uMRED=0.1452544190 uER=0.401367 uMAE=62.6328 WCE=544 bias=27.7500
[pop11_soft:01000] loss=0.632147 tau=5.25 collapse_w=0.293 mid_frac=0.366 hard=score=51.8415114344 wNMSE=0.31345632 wMSE=23879.2140 wMRED=3.88061825 wER=0.261991 wMAE=56.5674 wBias=-30.8840 condBias=77.6757 dotDrift=-12.791sigma uMRED=0.1453045883 uER=0.398438 uMAE=62.9375 WCE=544 bias=28.5000
[pop11_soft:01199] loss=0.521151 tau=6.00 collapse_w=0.500 mid_frac=0.348 hard=score=51.8415114344 wNMSE=0.31345632 wMSE=23879.2140 wMRED=3.88061825 wER=0.261991 wMAE=56.5674 wBias=-30.8840 condBias=77.6757 dotDrift=-12.791sigma uMRED=0.1453045883 uER=0.398438 uMAE=62.9375 WCE=544 bias=28.5000
[pop11_hard:00000] loss=52.038376 tau=6.00 collapse_w=0.500 mid_frac=0.348 hard=score=51.8415114344 wNMSE=0.31345632 wMSE=23879.2140 wMRED=3.88061825 wER=0.261991 wMAE=56.5674 wBias=-30.8840 condBias=77.6757 dotDrift=-12.791sigma uMRED=0.1453045883 uER=0.398438 uMAE=62.9375 WCE=544 bias=28.5000
[pop11_hard:00200] loss=52.036533 tau=6.00 collapse_w=0.500 mid_frac=0.348 hard=score=51.8415114344 wNMSE=0.31345632 wMSE=23879.2140 wMRED=3.88061825 wER=0.261991 wMAE=56.5674 wBias=-30.8840 condBias=77.6757 dotDrift=-12.791sigma uMRED=0.1453045883 uER=0.398438 uMAE=62.9375 WCE=544 bias=28.5000
[pop11_hard:00400] loss=6.716229 tau=6.00 collapse_w=0.500 mid_frac=0.330 hard=score=6.4790287233 wNMSE=0.32245867 wMSE=24565.0162 wMRED=4.68428828 wER=0.369751 wMAE=72.1009 wBias=-10.5267 condBias=71.9508 dotDrift=-4.298sigma uMRED=0.1627065639 uER=0.422852 uMAE=67.1250 WCE=544 bias=34.5000
[pop11_hard:00599] loss=5.152737 tau=6.00 collapse_w=0.500 mid_frac=0.330 hard=score=4.8701515836 wNMSE=0.38328569 wMSE=29198.8405 wMRED=5.67092145 wER=0.437165 wMAE=91.1119 wBias=8.8169 condBias=84.6788 dotDrift=+3.302sigma uMRED=0.2026137414 uER=0.437500 uMAE=87.9375 WCE=656 bias=55.5000
[pop11] done (conf=0.51, noise=1.0); global best score=0.0051923538 wNMSE=0.00079957458 wMSE=60.9119 wMRED=0.08225447 wER=0.147652 wMAE=2.5646 wBias=0.1272 condBias=4.5427 dotDrift=+1.043sigma uMRED=0.0066483402 uER=0.201172 uMAE=3.7656 WCE=48 bias=0.1250
[best] stage=quad_soft score=0.0051923538 wNMSE=0.00079957458 wMSE=60.9119 wMRED=0.08225447 wER=0.147652 wMAE=2.5646 wBias=0.1272 condBias=4.5427 dotDrift=+1.043sigma uMRED=0.0066483402 uER=0.201172 uMAE=3.7656 WCE=48 bias=0.1250
[best-json] /home/xuanqi/tony/work/FPGA/signed8x8_approx/signed8x8_2026_8_22/runs_qwen_balanced/base_q080/best_signed88_inits.json
[best-rtl] /home/xuanqi/tony/work/FPGA/signed8x8_approx/signed8x8_2026_8_22/runs_qwen_balanced/base_q080/best_rtl
[design] balanced_split search_bits=112
[start] score=0.0051923538 wNMSE=0.00079957458 wMSE=60.9119 wMRED=0.08225447 wER=0.147652 wMAE=2.5646 wBias=0.1272 condBias=4.5427 dotDrift=+1.043sigma uMRED=0.0066483402 uER=0.201172 uMAE=3.7656 WCE=48 bias=0.1250
[single] ACCEPT ['lo_lut23:51'] 0.0051923538->0.0042377158 wNMSE=0.0007458125 wBias=-0.02677
[single] ACCEPT ['lo_lut45:19'] 0.0042377158->0.0041963734 wNMSE=0.0007465232 wBias=-0.00036
[single] round=3 no improvement
[pair] ACCEPT ['mid_lut01:63', 'mid_lut01:55'] 0.0041963734->0.0035545300 wNMSE=0.00065124556 wBias=+0.00004
[pair] ACCEPT ['lo_lut23:47', 'lo_lut23:31'] 0.0035545300->0.0034015988 wNMSE=0.00058231815 wBias=-0.00840
[pair] ACCEPT ['lo_lut01:63', 'lo_lut01:59'] 0.0034015988->0.0033770517 wNMSE=0.00057197134 wBias=-0.00338
[pair] round=4 no improvement
[final] score=0.0033770517 wNMSE=0.00057197134 wMSE=43.5730 wMRED=0.13848095 wER=0.281382 wMAE=2.7426 wBias=-0.0034 condBias=3.3699 dotDrift=-0.033sigma uMRED=0.0072376810 uER=0.329102 uMAE=3.8633 WCE=40 bias=0.5000
[json] /home/xuanqi/tony/work/FPGA/signed8x8_approx/signed8x8_2026_8_22/runs_qwen_balanced/base_q080/refined/best_signed88_inits.json
