[design] default_split quad4 entries=168
[device] cuda
[initial] score=85.2693822886 wNMSE=18.816376 wMSE=1433438.2175 wMRED=51.18557417 wER=0.578467 wMAE=673.7493 wBias=31.4017 condBias=697.6267 dotDrift=+1.679sigma uMRED=1.3659061447 uER=0.569336 uMAE=409.5459 WCE=3084 bias=-77.2500
[quad_warmup_bit:00000] loss=29.393686 tau=1.50 collapse_w=0.000 mid_frac=0.482 hard=score=85.2693822886 wNMSE=18.816376 wMSE=1433438.2175 wMRED=51.18557417 wER=0.578467 wMAE=673.7493 wBias=31.4017 condBias=697.6267 dotDrift=+1.679sigma uMRED=1.3659061447 uER=0.569336 uMAE=409.5459 WCE=3084 bias=-77.2500
[quad_warmup_bit:00025] loss=23.126726 tau=1.50 collapse_w=0.000 mid_frac=0.494 hard=score=84.1125019384 wNMSE=18.818288 wMSE=1433583.8787 wMRED=51.18694027 wER=0.579825 wMAE=673.7472 wBias=31.0555 condBias=697.7529 dotDrift=+1.660sigma uMRED=1.3659167138 uER=0.573730 uMAE=409.5107 WCE=3084 bias=-77.6250 *BEST*
[quad_warmup_bit:00050] loss=17.537533 tau=1.50 collapse_w=0.000 mid_frac=0.482 hard=score=38.0400581629 wNMSE=20.503591 wMSE=1561970.8947 wMRED=53.50204691 wER=0.578264 wMAE=697.1809 wBias=7.3778 condBias=724.1524 dotDrift=+0.378sigma uMRED=1.4139715193 uER=0.569336 uMAE=417.5142 WCE=3340 bias=-85.8125 *BEST*
[quad_warmup_bit:00075] loss=12.679628 tau=1.50 collapse_w=0.000 mid_frac=0.470 hard=score=35.8849879377 wNMSE=20.50932 wMSE=1562407.3353 wMRED=53.72342594 wER=0.578050 wMAE=698.2661 wBias=-3.3189 condBias=728.1069 dotDrift=-0.170sigma uMRED=1.4034853222 uER=0.566406 uMAE=409.5767 WCE=3392 bias=-105.4375 *BEST*
[quad_warmup_bit:00200] loss=0.696699 tau=1.50 collapse_w=0.000 mid_frac=0.423 hard=score=4310.4410557302 wNMSE=13.126028 wMSE=999945.4504 wMRED=36.55931693 wER=0.581017 wMAE=468.9252 wBias=-282.2803 condBias=585.4505 dotDrift=-18.066sigma uMRED=1.1245619754 uER=0.573730 uMAE=391.5664 WCE=3576 bias=-255.8125
[quad_warmup_bit:00400] loss=0.597868 tau=1.50 collapse_w=0.000 mid_frac=0.417 hard=score=4676.4233958563 wNMSE=13.04229 wMSE=993566.2855 wMRED=35.87853605 wER=0.501156 wMAE=459.3766 wBias=-294.0998 condBias=597.4004 dotDrift=-18.883sigma uMRED=1.1033999109 uER=0.546631 uMAE=374.5645 WCE=3552 bias=-249.0000
[quad_warmup_bit:00600] loss=0.535456 tau=1.50 collapse_w=0.000 mid_frac=0.399 hard=score=4312.5609747904 wNMSE=12.740518 wMSE=970577.2132 wMRED=35.03055974 wER=0.490482 wMAE=447.5377 wBias=-282.3801 condBias=591.2746 dotDrift=-18.344sigma uMRED=1.0845046532 uER=0.548096 uMAE=370.5977 WCE=3420 bias=-246.3750
[quad_warmup_bit:00800] loss=0.473467 tau=1.50 collapse_w=0.000 mid_frac=0.363 hard=score=4073.9150891868 wNMSE=10.427139 wMSE=794343.1484 wMRED=31.19329524 wER=0.436120 wMAE=391.5914 wBias=-274.5770 condBias=543.4973 dotDrift=-19.717sigma uMRED=0.9802729623 uER=0.495361 uMAE=337.4219 WCE=3124 bias=-250.1250
[quad_warmup_bit:01000] loss=0.418405 tau=1.50 collapse_w=0.000 mid_frac=0.339 hard=score=5782.7295834179 wNMSE=9.762004 wMSE=743672.9413 wMRED=27.31737238 wER=0.351125 wMAE=331.6544 wBias=-327.4389 condBias=574.1931 dotDrift=-24.301sigma uMRED=0.8980083566 uER=0.477051 uMAE=317.2598 WCE=3044 bias=-258.7500
[quad_warmup_bit:01200] loss=0.373414 tau=1.50 collapse_w=0.000 mid_frac=0.333 hard=score=5644.8186211013 wNMSE=9.6597475 wMSE=735883.0015 wMRED=27.09599561 wER=0.345332 wMAE=328.2808 wBias=-323.5038 condBias=570.0535 dotDrift=-24.135sigma uMRED=0.8860945610 uER=0.463135 uMAE=311.4824 WCE=3012 bias=-255.0000
[quad_warmup_bit:01400] loss=0.335966 tau=1.50 collapse_w=0.000 mid_frac=0.298 hard=score=705.1242963178 wNMSE=1.0810339 wMSE=82353.5440 wMRED=8.07725928 wER=0.315201 wMAE=117.1173 wBias=-114.3544 condBias=181.4363 dotDrift=-25.503sigma uMRED=0.3571611730 uER=0.449951 uMAE=161.5762 WCE=1872 bias=-140.8750
[quad_warmup_bit:01600] loss=0.302585 tau=1.50 collapse_w=0.000 mid_frac=0.262 hard=score=645.1287540159 wNMSE=1.2266794 wMSE=93448.8751 wMRED=8.13610949 wER=0.311521 wMAE=120.5017 wBias=-109.3478 condBias=176.5510 dotDrift=-22.893sigma uMRED=0.4177605831 uER=0.426514 uMAE=187.6348 WCE=2816 bias=-100.8750
[quad_warmup_bit:01800] loss=0.270136 tau=1.50 collapse_w=0.000 mid_frac=0.232 hard=score=305.8187605559 wNMSE=1.2669708 wMSE=96518.2840 wMRED=8.00595191 wER=0.324008 wMAE=112.8238 wBias=-75.1597 condBias=148.3810 dotDrift=-15.483sigma uMRED=0.4270736654 uER=0.406738 uMAE=167.8301 WCE=3168 bias=-17.8750
[quad_warmup_bit:02000] loss=0.242746 tau=1.50 collapse_w=0.000 mid_frac=0.220 hard=score=293.7422932356 wNMSE=1.2060249 wMSE=91875.4101 wMRED=7.99478461 wER=0.309523 wMAE=111.3599 wBias=-73.6578 condBias=139.8223 dotDrift=-15.552sigma uMRED=0.3797475104 uER=0.398438 uMAE=145.3691 WCE=3168 bias=4.0000
[quad_warmup_bit:02200] loss=0.223000 tau=1.50 collapse_w=0.000 mid_frac=0.196 hard=score=296.5267329909 wNMSE=1.205142 wMSE=91808.1500 wMRED=7.99316150 wER=0.308345 wMAE=111.0768 wBias=-74.0086 condBias=140.3300 dotDrift=-15.632sigma uMRED=0.3732297818 uER=0.374756 uMAE=139.8691 WCE=3168 bias=-2.0000
[quad_warmup_bit:02400] loss=0.209194 tau=1.50 collapse_w=0.000 mid_frac=0.179 hard=score=183.9980421338 wNMSE=0.73211221 wMSE=55772.5690 wMRED=6.81232390 wER=0.299735 wMAE=84.9570 wBias=-58.2878 condBias=110.9095 dotDrift=-15.796sigma uMRED=0.2395357510 uER=0.341064 uMAE=71.7207 WCE=3424 bias=-1.8750
[quad_warmup_bit:02575] loss=0.200496 tau=1.50 collapse_w=0.000 mid_frac=0.149 hard=score=6.6438013242 wNMSE=0.67377173 wMSE=51328.1706 wMRED=4.20973096 wER=0.317941 wMAE=79.0617 wBias=-10.1689 condBias=74.2818 dotDrift=-2.873sigma uMRED=0.2083631431 uER=0.352783 uMAE=73.5723 WCE=3392 bias=15.1250 *BEST*
[quad_warmup_bit:02600] loss=0.199437 tau=1.50 collapse_w=0.000 mid_frac=0.149 hard=score=6.6438013242 wNMSE=0.67377173 wMSE=51328.1706 wMRED=4.20973096 wER=0.317941 wMAE=79.0617 wBias=-10.1689 condBias=74.2818 dotDrift=-2.873sigma uMRED=0.2083631431 uER=0.352783 uMAE=73.5723 WCE=3392 bias=15.1250
[quad_warmup_bit:02650] loss=0.197429 tau=1.50 collapse_w=0.000 mid_frac=0.149 hard=score=5.4408371356 wNMSE=0.54023052 wMSE=41154.9533 wMRED=4.06905439 wER=0.317941 wMAE=77.6278 wBias=-9.1484 condBias=68.9193 dotDrift=-2.886sigma uMRED=0.1935157707 uER=0.352783 uMAE=73.0430 WCE=3200 bias=15.1250 *BEST*
[quad_warmup_bit:02800] loss=0.192120 tau=1.50 collapse_w=0.000 mid_frac=0.143 hard=score=6.6438013242 wNMSE=0.67377173 wMSE=51328.1706 wMRED=4.20973096 wER=0.317941 wMAE=79.0617 wBias=-10.1689 condBias=74.2818 dotDrift=-2.873sigma uMRED=0.2083631431 uER=0.352783 uMAE=73.5723 WCE=3392 bias=15.1250
[quad_warmup_bit:02825] loss=0.191309 tau=1.50 collapse_w=0.000 mid_frac=0.137 hard=score=1.8146074296 wNMSE=0.41307795 wMSE=31468.4250 wMRED=3.90040007 wER=0.312256 wMAE=72.8705 wBias=-4.3310 condBias=60.2710 dotDrift=-1.563sigma uMRED=0.1611608087 uER=0.338135 uMAE=63.3848 WCE=3328 bias=23.1250 *BEST*
[quad_warmup_bit:03000] loss=0.185742 tau=1.50 collapse_w=0.000 mid_frac=0.131 hard=score=42.9452670404 wNMSE=0.7134056 wMSE=54347.4927 wMRED=6.17205806 wER=0.312256 wMAE=95.7508 wBias=-27.8276 condBias=95.9664 dotDrift=-7.640sigma uMRED=0.2066137898 uER=0.338135 uMAE=70.9922 WCE=3328 bias=15.1250
[quad_warmup_bit:03200] loss=0.178140 tau=1.50 collapse_w=0.000 mid_frac=0.125 hard=score=188.3743736552 wNMSE=0.91387503 wMSE=69619.3255 wMRED=8.53376764 wER=0.287593 wMAE=94.3703 wBias=-58.9221 condBias=131.5351 dotDrift=-14.292sigma uMRED=0.2435278261 uER=0.339355 uMAE=71.9688 WCE=3328 bias=1.0000
[quad_warmup_bit:03400] loss=0.170026 tau=1.50 collapse_w=0.000 mid_frac=0.119 hard=score=309.4476652569 wNMSE=0.78705559 wMSE=59958.1751 wMRED=8.35735957 wER=0.285607 wMAE=86.2218 wBias=-75.6838 condBias=147.7431 dotDrift=-19.781sigma uMRED=0.2085805231 uER=0.344971 uMAE=56.0234 WCE=960 bias=-37.6250
[quad_warmup_bit:03525] loss=0.165380 tau=1.50 collapse_w=0.000 mid_frac=0.107 hard=score=1.5588703762 wNMSE=0.74522321 wMSE=56771.3695 wMRED=3.91945045 wER=0.285846 wMAE=50.0005 wBias=2.5916 condBias=81.3865 dotDrift=+0.696sigma uMRED=0.1753022085 uER=0.346436 uMAE=50.8301 WCE=3840 bias=-14.5000 *BEST*
[quad_warmup_bit:03600] loss=0.162726 tau=1.50 collapse_w=0.000 mid_frac=0.113 hard=score=2.8664338055 wNMSE=0.49565036 wMSE=37758.8208 wMRED=2.75967023 wER=0.311790 wMAE=45.0096 wBias=6.1290 condBias=55.1992 dotDrift=+2.019sigma uMRED=0.1482663543 uER=0.352295 uMAE=48.7363 WCE=3700 bias=-14.0000
[quad_warmup_bit:03800] loss=0.156450 tau=1.50 collapse_w=0.000 mid_frac=0.095 hard=score=2.9613543406 wNMSE=0.49637001 wMSE=37813.6445 wMRED=2.75922200 wER=0.306723 wMAE=44.8571 wBias=6.2681 condBias=55.5641 dotDrift=+2.063sigma uMRED=0.1465815346 uER=0.342285 uMAE=47.1562 WCE=3716 bias=-6.5000
[quad_warmup_bit:04000] loss=0.149727 tau=1.50 collapse_w=0.000 mid_frac=0.095 hard=score=3.7199350258 wNMSE=0.29551568 wMSE=22512.4900 wMRED=2.10105064 wER=0.306209 wMAE=39.9155 wBias=7.6368 condBias=44.7211 dotDrift=+3.257sigma uMRED=0.1191856430 uER=0.336426 uMAE=43.5684 WCE=3520 bias=-8.5000
[quad_warmup_bit:04200] loss=0.143811 tau=1.50 collapse_w=0.000 mid_frac=0.083 hard=score=7.6906767828 wNMSE=0.085825716 wMSE=6538.2336 wMRED=1.59826861 wER=0.309424 wMAE=31.3475 wBias=11.8200 condBias=43.8125 dotDrift=+9.356sigma uMRED=0.0819303393 uER=0.344238 uMAE=33.8730 WCE=528 bias=-3.5000
[quad_warmup_bit:04400] loss=0.139789 tau=1.50 collapse_w=0.000 mid_frac=0.077 hard=score=30.2014463635 wNMSE=0.093155982 wMSE=7096.6559 wMRED=1.65462861 wER=0.287087 wMAE=32.2075 wBias=23.6227 condBias=46.8893 dotDrift=+17.947sigma uMRED=0.0790757945 uER=0.343506 uMAE=32.1328 WCE=464 bias=12.8750
[quad_warmup_bit:04600] loss=0.137197 tau=1.50 collapse_w=0.000 mid_frac=0.077 hard=score=30.2014463635 wNMSE=0.093155982 wMSE=7096.6559 wMRED=1.65462861 wER=0.287087 wMAE=32.2075 wBias=23.6227 condBias=46.8893 dotDrift=+17.947sigma uMRED=0.0790757945 uER=0.343506 uMAE=32.1328 WCE=464 bias=12.8750
[quad_warmup_bit:04800] loss=0.135982 tau=1.50 collapse_w=0.000 mid_frac=0.071 hard=score=30.2014463635 wNMSE=0.093155982 wMSE=7096.6559 wMRED=1.65462861 wER=0.287087 wMAE=32.2075 wBias=23.6227 condBias=46.8893 dotDrift=+17.947sigma uMRED=0.0790757945 uER=0.343506 uMAE=32.1328 WCE=464 bias=12.8750
[quad_warmup_bit:05000] loss=0.135176 tau=1.50 collapse_w=0.000 mid_frac=0.071 hard=score=30.2014463635 wNMSE=0.093155982 wMSE=7096.6559 wMRED=1.65462861 wER=0.287087 wMAE=32.2075 wBias=23.6227 condBias=46.8893 dotDrift=+17.947sigma uMRED=0.0790757945 uER=0.343506 uMAE=32.1328 WCE=464 bias=12.8750
[quad_warmup_bit:05200] loss=0.134574 tau=1.50 collapse_w=0.000 mid_frac=0.077 hard=score=30.2014463635 wNMSE=0.093155982 wMSE=7096.6559 wMRED=1.65462861 wER=0.287087 wMAE=32.2075 wBias=23.6227 condBias=46.8893 dotDrift=+17.947sigma uMRED=0.0790757945 uER=0.343506 uMAE=32.1328 WCE=464 bias=12.8750
[quad_warmup_bit:05400] loss=0.134103 tau=1.50 collapse_w=0.000 mid_frac=0.077 hard=score=30.2014463635 wNMSE=0.093155982 wMSE=7096.6559 wMRED=1.65462861 wER=0.287087 wMAE=32.2075 wBias=23.6227 condBias=46.8893 dotDrift=+17.947sigma uMRED=0.0790757945 uER=0.343506 uMAE=32.1328 WCE=464 bias=12.8750
[quad_warmup_bit:05600] loss=0.133710 tau=1.50 collapse_w=0.000 mid_frac=0.077 hard=score=27.1083076467 wNMSE=0.092792571 wMSE=7068.9711 wMRED=1.64415619 wER=0.293196 wMAE=32.8116 wBias=22.3727 condBias=46.3509 dotDrift=+17.030sigma uMRED=0.0784655992 uER=0.350098 uMAE=33.2578 WCE=464 bias=10.8750
[quad_warmup_bit:05800] loss=0.133381 tau=1.50 collapse_w=0.000 mid_frac=0.077 hard=score=27.1083076467 wNMSE=0.092792571 wMSE=7068.9711 wMRED=1.64415619 wER=0.293196 wMAE=32.8116 wBias=22.3727 condBias=46.3509 dotDrift=+17.030sigma uMRED=0.0784655992 uER=0.350098 uMAE=33.2578 WCE=464 bias=10.8750
[quad_warmup_bit:05999] loss=0.133128 tau=1.50 collapse_w=0.000 mid_frac=0.077 hard=score=27.1083076467 wNMSE=0.092792571 wMSE=7068.9711 wMRED=1.64415619 wER=0.293196 wMAE=32.8116 wBias=22.3727 condBias=46.3509 dotDrift=+17.030sigma uMRED=0.0784655992 uER=0.350098 uMAE=33.2578 WCE=464 bias=10.8750
[quad_soft:00000] loss=0.828649 tau=1.50 collapse_w=0.000 mid_frac=0.077 hard=score=27.1083076467 wNMSE=0.092792571 wMSE=7068.9711 wMRED=1.64415619 wER=0.293196 wMAE=32.8116 wBias=22.3727 condBias=46.3509 dotDrift=+17.030sigma uMRED=0.0784655992 uER=0.350098 uMAE=33.2578 WCE=464 bias=10.8750
[quad_soft:00125] loss=0.475325 tau=1.56 collapse_w=0.000 mid_frac=0.077 hard=score=0.3879189839 wNMSE=0.14521052 wMSE=11062.1890 wMRED=1.66204283 wER=0.312042 wMAE=37.8779 wBias=-1.3254 condBias=59.3123 dotDrift=-0.806sigma uMRED=0.1084079635 uER=0.362549 uMAE=49.0938 WCE=868 bias=-27.2500 *BEST*
[quad_soft:00150] loss=0.441572 tau=1.57 collapse_w=0.000 mid_frac=0.083 hard=score=0.3448729509 wNMSE=0.14528443 wMSE=11067.8193 wMRED=1.66849528 wER=0.317088 wMAE=38.0525 wBias=-0.9744 condBias=59.4243 dotDrift=-0.593sigma uMRED=0.1086643700 uER=0.369873 uMAE=49.2812 WCE=868 bias=-26.7500 *BEST*
[quad_soft:00200] loss=0.392137 tau=1.59 collapse_w=0.000 mid_frac=0.077 hard=score=0.3448729509 wNMSE=0.14528443 wMSE=11067.8193 wMRED=1.66849528 wER=0.317088 wMAE=38.0525 wBias=-0.9744 condBias=59.4243 dotDrift=-0.593sigma uMRED=0.1086643700 uER=0.369873 uMAE=49.2812 WCE=868 bias=-26.7500
[quad_soft:00400] loss=0.321943 tau=1.68 collapse_w=0.000 mid_frac=0.083 hard=score=0.6128934828 wNMSE=0.144526 wMSE=11010.0424 wMRED=1.67275925 wER=0.316960 wMAE=38.1271 wBias=-2.4405 condBias=59.3842 dotDrift=-1.489sigma uMRED=0.1043479962 uER=0.367676 uMAE=45.2422 WCE=868 bias=-20.7500
[quad_soft:00600] loss=0.303223 tau=1.77 collapse_w=0.000 mid_frac=0.071 hard=score=0.6618287464 wNMSE=0.14447965 wMSE=11006.5112 wMRED=1.67387358 wER=0.312030 wMAE=37.9619 wBias=-2.6222 condBias=59.2917 dotDrift=-1.600sigma uMRED=0.1039303093 uER=0.361816 uMAE=44.9531 WCE=864 bias=-21.1250
[quad_soft:00625] loss=0.302511 tau=1.78 collapse_w=0.000 mid_frac=0.065 hard=score=0.2905212870 wNMSE=0.13954768 wMSE=10630.7917 wMRED=1.49471035 wER=0.312030 wMAE=35.6668 wBias=-0.3271 condBias=58.3561 dotDrift=-0.203sigma uMRED=0.0979646228 uER=0.361816 uMAE=42.9531 WCE=864 bias=-19.1250 *BEST*
[quad_soft:00800] loss=0.297985 tau=1.86 collapse_w=0.000 mid_frac=0.065 hard=score=1.2660971049 wNMSE=0.14125223 wMSE=10760.6456 wMRED=1.57945855 wER=0.312030 wMAE=36.6813 wBias=4.2629 condBias=58.4638 dotDrift=+2.630sigma uMRED=0.1001173969 uER=0.361816 uMAE=43.7344 WCE=864 bias=-15.1250
[quad_soft:01000] loss=0.287105 tau=1.95 collapse_w=0.000 mid_frac=0.071 hard=score=2.9127564061 wNMSE=0.14277495 wMSE=10876.6469 wMRED=1.82568954 wER=0.305628 wMAE=37.8295 wBias=6.9854 condBias=58.6538 dotDrift=+4.287sigma uMRED=0.1028127249 uER=0.365479 uMAE=43.5781 WCE=816 bias=-12.6250
[quad_soft:01200] loss=0.278513 tau=2.04 collapse_w=0.000 mid_frac=0.083 hard=score=17.5205090763 wNMSE=0.073060265 wMSE=5565.7570 wMRED=1.68916193 wER=0.326865 wMAE=29.5687 wBias=17.9685 condBias=40.8120 dotDrift=+15.414sigma uMRED=0.0738850541 uER=0.380859 uMAE=29.6035 WCE=464 bias=3.8750
[quad_soft:01400] loss=0.273434 tau=2.13 collapse_w=0.000 mid_frac=0.083 hard=score=17.5205090763 wNMSE=0.073060265 wMSE=5565.7570 wMRED=1.68916193 wER=0.326865 wMAE=29.5687 wBias=17.9685 condBias=40.8120 dotDrift=+15.414sigma uMRED=0.0738850541 uER=0.380859 uMAE=29.6035 WCE=464 bias=3.8750
[quad_soft:01600] loss=0.270931 tau=2.22 collapse_w=0.000 mid_frac=0.077 hard=score=9.7733845139 wNMSE=0.069495742 wMSE=5294.2104 wMRED=1.53233580 wER=0.326865 wMAE=27.4472 wBias=13.3784 condBias=40.1208 dotDrift=+11.767sigma uMRED=0.0687037166 uER=0.380859 uMAE=27.7598 WCE=464 bias=-0.1250
[quad_soft:01800] loss=0.268797 tau=2.31 collapse_w=0.000 mid_frac=0.077 hard=score=11.6517727147 wNMSE=0.06760086 wMSE=5149.8576 wMRED=1.52749076 wER=0.320985 wMAE=26.4803 wBias=14.6285 condBias=39.8194 dotDrift=+13.046sigma uMRED=0.0665454204 uER=0.375000 uMAE=26.0098 WCE=464 bias=1.8750
[quad_soft:02000] loss=0.266595 tau=2.40 collapse_w=0.000 mid_frac=0.077 hard=score=11.6517727147 wNMSE=0.06760086 wMSE=5149.8576 wMRED=1.52749076 wER=0.320985 wMAE=26.4803 wBias=14.6285 condBias=39.8194 dotDrift=+13.046sigma uMRED=0.0665454204 uER=0.375000 uMAE=26.0098 WCE=464 bias=1.8750
[quad_soft:02200] loss=0.264125 tau=2.49 collapse_w=0.000 mid_frac=0.077 hard=score=11.6517727147 wNMSE=0.06760086 wMSE=5149.8576 wMRED=1.52749076 wER=0.320985 wMAE=26.4803 wBias=14.6285 condBias=39.8194 dotDrift=+13.046sigma uMRED=0.0665454204 uER=0.375000 uMAE=26.0098 WCE=464 bias=1.8750
[quad_soft:02400] loss=0.261493 tau=2.58 collapse_w=0.000 mid_frac=0.083 hard=score=11.6517727147 wNMSE=0.06760086 wMSE=5149.8576 wMRED=1.52749076 wER=0.320985 wMAE=26.4803 wBias=14.6285 condBias=39.8194 dotDrift=+13.046sigma uMRED=0.0665454204 uER=0.375000 uMAE=26.0098 WCE=464 bias=1.8750
[quad_soft:02600] loss=0.259157 tau=2.67 collapse_w=0.000 mid_frac=0.083 hard=score=10.6964282471 wNMSE=0.066062557 wMSE=5032.6691 wMRED=1.51689929 wER=0.326865 wMAE=26.2396 wBias=14.0115 condBias=38.6222 dotDrift=+12.641sigma uMRED=0.0652025800 uER=0.380859 uMAE=25.3848 WCE=432 bias=0.8750
[quad_soft:02800] loss=0.256754 tau=2.76 collapse_w=0.000 mid_frac=0.089 hard=score=10.6964282471 wNMSE=0.066062557 wMSE=5032.6691 wMRED=1.51689929 wER=0.326865 wMAE=26.2396 wBias=14.0115 condBias=38.6222 dotDrift=+12.641sigma uMRED=0.0652025800 uER=0.380859 uMAE=25.3848 WCE=432 bias=0.8750
[quad_soft:03000] loss=0.254308 tau=2.85 collapse_w=0.000 mid_frac=0.089 hard=score=10.6964282471 wNMSE=0.066062557 wMSE=5032.6691 wMRED=1.51689929 wER=0.326865 wMAE=26.2396 wBias=14.0115 condBias=38.6222 dotDrift=+12.641sigma uMRED=0.0652025800 uER=0.380859 uMAE=25.3848 WCE=432 bias=0.8750
[quad_soft:03200] loss=0.251815 tau=2.94 collapse_w=0.000 mid_frac=0.089 hard=score=8.9016922130 wNMSE=0.068392488 wMSE=5210.1641 wMRED=1.52174432 wER=0.326865 wMAE=27.2066 wBias=12.7615 condBias=39.0392 dotDrift=+11.315sigma uMRED=0.0673608762 uER=0.380859 uMAE=27.1348 WCE=432 bias=-1.1250
[quad_soft:03400] loss=0.249268 tau=3.03 collapse_w=0.000 mid_frac=0.089 hard=score=8.9016922130 wNMSE=0.068392488 wMSE=5210.1641 wMRED=1.52174432 wER=0.326865 wMAE=27.2066 wBias=12.7615 condBias=39.0392 dotDrift=+11.315sigma uMRED=0.0673608762 uER=0.380859 uMAE=27.1348 WCE=432 bias=-1.1250
[quad_soft:03600] loss=0.246668 tau=3.12 collapse_w=0.000 mid_frac=0.089 hard=score=8.9016922130 wNMSE=0.068392488 wMSE=5210.1641 wMRED=1.52174432 wER=0.326865 wMAE=27.2066 wBias=12.7615 condBias=39.0392 dotDrift=+11.315sigma uMRED=0.0673608762 uER=0.380859 uMAE=27.1348 WCE=432 bias=-1.1250
[quad_soft:03800] loss=0.243931 tau=3.21 collapse_w=0.000 mid_frac=0.083 hard=score=8.9016922130 wNMSE=0.068392488 wMSE=5210.1641 wMRED=1.52174432 wER=0.326865 wMAE=27.2066 wBias=12.7615 condBias=39.0392 dotDrift=+11.315sigma uMRED=0.0673608762 uER=0.380859 uMAE=27.1348 WCE=432 bias=-1.1250
[quad_soft:04000] loss=0.241201 tau=3.30 collapse_w=0.000 mid_frac=0.083 hard=score=8.9016922130 wNMSE=0.068392488 wMSE=5210.1641 wMRED=1.52174432 wER=0.326865 wMAE=27.2066 wBias=12.7615 condBias=39.0392 dotDrift=+11.315sigma uMRED=0.0673608762 uER=0.380859 uMAE=27.1348 WCE=432 bias=-1.1250
[quad_soft:04200] loss=0.236121 tau=3.39 collapse_w=0.000 mid_frac=0.077 hard=score=11.7977382631 wNMSE=0.070665221 wMSE=5383.3017 wMRED=1.51739510 wER=0.312204 wMAE=27.0077 wBias=14.7177 condBias=39.5739 dotDrift=+12.838sigma uMRED=0.0658811373 uER=0.369141 uMAE=26.3223 WCE=432 bias=0.8750
[quad_soft:04400] loss=0.231028 tau=3.48 collapse_w=0.000 mid_frac=0.077 hard=score=11.7977382631 wNMSE=0.070665221 wMSE=5383.3017 wMRED=1.51739510 wER=0.312204 wMAE=27.0077 wBias=14.7177 condBias=39.5739 dotDrift=+12.838sigma uMRED=0.0658811373 uER=0.369141 uMAE=26.3223 WCE=432 bias=0.8750
[quad_soft:04600] loss=0.225933 tau=3.57 collapse_w=0.000 mid_frac=0.077 hard=score=11.7977382631 wNMSE=0.070665221 wMSE=5383.3017 wMRED=1.51739510 wER=0.312204 wMAE=27.0077 wBias=14.7177 condBias=39.5739 dotDrift=+12.838sigma uMRED=0.0658811373 uER=0.369141 uMAE=26.3223 WCE=432 bias=0.8750
[quad_soft:04800] loss=0.220842 tau=3.66 collapse_w=0.000 mid_frac=0.071 hard=score=11.7977382631 wNMSE=0.070665221 wMSE=5383.3017 wMRED=1.51739510 wER=0.312204 wMAE=27.0077 wBias=14.7177 condBias=39.5739 dotDrift=+12.838sigma uMRED=0.0658811373 uER=0.369141 uMAE=26.3223 WCE=432 bias=0.8750
[quad_soft:05000] loss=0.215722 tau=3.75 collapse_w=0.000 mid_frac=0.071 hard=score=11.7977382631 wNMSE=0.070665221 wMSE=5383.3017 wMRED=1.51739510 wER=0.312204 wMAE=27.0077 wBias=14.7177 condBias=39.5739 dotDrift=+12.838sigma uMRED=0.0658811373 uER=0.369141 uMAE=26.3223 WCE=432 bias=0.8750
[quad_soft:05200] loss=0.210641 tau=3.84 collapse_w=0.000 mid_frac=0.071 hard=score=11.7977382631 wNMSE=0.070665221 wMSE=5383.3017 wMRED=1.51739510 wER=0.312204 wMAE=27.0077 wBias=14.7177 condBias=39.5739 dotDrift=+12.838sigma uMRED=0.0658811373 uER=0.369141 uMAE=26.3223 WCE=432 bias=0.8750
[quad_soft:05400] loss=0.205479 tau=3.93 collapse_w=0.000 mid_frac=0.071 hard=score=11.7977382631 wNMSE=0.070665221 wMSE=5383.3017 wMRED=1.51739510 wER=0.312204 wMAE=27.0077 wBias=14.7177 condBias=39.5739 dotDrift=+12.838sigma uMRED=0.0658811373 uER=0.369141 uMAE=26.3223 WCE=432 bias=0.8750
[quad_soft:05600] loss=0.200334 tau=4.02 collapse_w=0.000 mid_frac=0.071 hard=score=11.7977382631 wNMSE=0.070665221 wMSE=5383.3017 wMRED=1.51739510 wER=0.312204 wMAE=27.0077 wBias=14.7177 condBias=39.5739 dotDrift=+12.838sigma uMRED=0.0658811373 uER=0.369141 uMAE=26.3223 WCE=432 bias=0.8750
[quad_soft:05800] loss=0.195192 tau=4.11 collapse_w=0.000 mid_frac=0.071 hard=score=11.7977382631 wNMSE=0.070665221 wMSE=5383.3017 wMRED=1.51739510 wER=0.312204 wMAE=27.0077 wBias=14.7177 condBias=39.5739 dotDrift=+12.838sigma uMRED=0.0658811373 uER=0.369141 uMAE=26.3223 WCE=432 bias=0.8750
[quad_soft:06000] loss=0.190030 tau=4.20 collapse_w=0.000 mid_frac=0.071 hard=score=11.7977382631 wNMSE=0.070665221 wMSE=5383.3017 wMRED=1.51739510 wER=0.312204 wMAE=27.0077 wBias=14.7177 condBias=39.5739 dotDrift=+12.838sigma uMRED=0.0658811373 uER=0.369141 uMAE=26.3223 WCE=432 bias=0.8750
[quad_soft:06200] loss=0.185905 tau=4.29 collapse_w=0.025 mid_frac=0.071 hard=score=11.7534683591 wNMSE=0.070660126 wMSE=5382.9135 wMRED=1.51736353 wER=0.312160 wMAE=27.0025 wBias=14.6897 condBias=39.5695 dotDrift=+12.814sigma uMRED=0.0658560013 uER=0.370605 uMAE=26.2871 WCE=432 bias=0.3750
[quad_soft:06400] loss=0.181633 tau=4.38 collapse_w=0.050 mid_frac=0.071 hard=score=11.7534683591 wNMSE=0.070660126 wMSE=5382.9135 wMRED=1.51736353 wER=0.312160 wMAE=27.0025 wBias=14.6897 condBias=39.5695 dotDrift=+12.814sigma uMRED=0.0658560013 uER=0.370605 uMAE=26.2871 WCE=432 bias=0.3750
[quad_soft:06600] loss=0.177257 tau=4.47 collapse_w=0.075 mid_frac=0.071 hard=score=11.7534683591 wNMSE=0.070660126 wMSE=5382.9135 wMRED=1.51736353 wER=0.312160 wMAE=27.0025 wBias=14.6897 condBias=39.5695 dotDrift=+12.814sigma uMRED=0.0658560013 uER=0.370605 uMAE=26.2871 WCE=432 bias=0.3750
[quad_soft:06800] loss=0.172759 tau=4.56 collapse_w=0.100 mid_frac=0.065 hard=score=11.7534683591 wNMSE=0.070660126 wMSE=5382.9135 wMRED=1.51736353 wER=0.312160 wMAE=27.0025 wBias=14.6897 condBias=39.5695 dotDrift=+12.814sigma uMRED=0.0658560013 uER=0.370605 uMAE=26.2871 WCE=432 bias=0.3750
[quad_soft:07000] loss=0.168182 tau=4.65 collapse_w=0.125 mid_frac=0.065 hard=score=11.7534683591 wNMSE=0.070660126 wMSE=5382.9135 wMRED=1.51736353 wER=0.312160 wMAE=27.0025 wBias=14.6897 condBias=39.5695 dotDrift=+12.814sigma uMRED=0.0658560013 uER=0.370605 uMAE=26.2871 WCE=432 bias=0.3750
[quad_soft:07200] loss=0.163546 tau=4.74 collapse_w=0.150 mid_frac=0.065 hard=score=11.7534683591 wNMSE=0.070660126 wMSE=5382.9135 wMRED=1.51736353 wER=0.312160 wMAE=27.0025 wBias=14.6897 condBias=39.5695 dotDrift=+12.814sigma uMRED=0.0658560013 uER=0.370605 uMAE=26.2871 WCE=432 bias=0.3750
[quad_soft:07400] loss=0.158836 tau=4.83 collapse_w=0.175 mid_frac=0.065 hard=score=11.9684370399 wNMSE=0.070629517 wMSE=5380.5818 wMRED=1.50960556 wER=0.293639 wMAE=26.8669 wBias=14.8253 condBias=39.5500 dotDrift=+12.935sigma uMRED=0.0655725477 uER=0.354980 uMAE=26.1621 WCE=432 bias=0.5000
[quad_soft:07600] loss=0.154058 tau=4.92 collapse_w=0.200 mid_frac=0.060 hard=score=11.9684370399 wNMSE=0.070629517 wMSE=5380.5818 wMRED=1.50960556 wER=0.293639 wMAE=26.8669 wBias=14.8253 condBias=39.5500 dotDrift=+12.935sigma uMRED=0.0655725477 uER=0.354980 uMAE=26.1621 WCE=432 bias=0.5000
[quad_soft:07800] loss=0.149194 tau=5.01 collapse_w=0.225 mid_frac=0.054 hard=score=16.2840729351 wNMSE=0.068196864 wMSE=5195.2614 wMRED=1.51136178 wER=0.291680 wMAE=25.6187 wBias=17.3254 condBias=39.3536 dotDrift=+15.384sigma uMRED=0.0629409711 uER=0.350586 uMAE=23.5156 WCE=432 bias=4.5000
[quad_soft:08000] loss=0.144247 tau=5.10 collapse_w=0.250 mid_frac=0.054 hard=score=16.2840729351 wNMSE=0.068196864 wMSE=5195.2614 wMRED=1.51136178 wER=0.291680 wMAE=25.6187 wBias=17.3254 condBias=39.3536 dotDrift=+15.384sigma uMRED=0.0629409711 uER=0.350586 uMAE=23.5156 WCE=432 bias=4.5000
[quad_soft:08200] loss=0.139209 tau=5.19 collapse_w=0.275 mid_frac=0.054 hard=score=16.2840729351 wNMSE=0.068196864 wMSE=5195.2614 wMRED=1.51136178 wER=0.291680 wMAE=25.6187 wBias=17.3254 condBias=39.3536 dotDrift=+15.384sigma uMRED=0.0629409711 uER=0.350586 uMAE=23.5156 WCE=432 bias=4.5000
[quad_soft:08400] loss=0.134086 tau=5.28 collapse_w=0.300 mid_frac=0.054 hard=score=16.2840729351 wNMSE=0.068196864 wMSE=5195.2614 wMRED=1.51136178 wER=0.291680 wMAE=25.6187 wBias=17.3254 condBias=39.3536 dotDrift=+15.384sigma uMRED=0.0629409711 uER=0.350586 uMAE=23.5156 WCE=432 bias=4.5000
[quad_soft:08600] loss=0.128915 tau=5.37 collapse_w=0.325 mid_frac=0.054 hard=score=16.2840729351 wNMSE=0.068196864 wMSE=5195.2614 wMRED=1.51136178 wER=0.291680 wMAE=25.6187 wBias=17.3254 condBias=39.3536 dotDrift=+15.384sigma uMRED=0.0629409711 uER=0.350586 uMAE=23.5156 WCE=432 bias=4.5000
[quad_soft:08800] loss=0.123691 tau=5.46 collapse_w=0.350 mid_frac=0.054 hard=score=16.2840729351 wNMSE=0.068196864 wMSE=5195.2614 wMRED=1.51136178 wER=0.291680 wMAE=25.6187 wBias=17.3254 condBias=39.3536 dotDrift=+15.384sigma uMRED=0.0629409711 uER=0.350586 uMAE=23.5156 WCE=432 bias=4.5000
[quad_soft:09000] loss=0.118360 tau=5.55 collapse_w=0.375 mid_frac=0.054 hard=score=16.2840729351 wNMSE=0.068196864 wMSE=5195.2614 wMRED=1.51136178 wER=0.291680 wMAE=25.6187 wBias=17.3254 condBias=39.3536 dotDrift=+15.384sigma uMRED=0.0629409711 uER=0.350586 uMAE=23.5156 WCE=432 bias=4.5000
[quad_soft:09200] loss=0.112947 tau=5.64 collapse_w=0.400 mid_frac=0.054 hard=score=16.2840729351 wNMSE=0.068196864 wMSE=5195.2614 wMRED=1.51136178 wER=0.291680 wMAE=25.6187 wBias=17.3254 condBias=39.3536 dotDrift=+15.384sigma uMRED=0.0629409711 uER=0.350586 uMAE=23.5156 WCE=432 bias=4.5000
[quad_soft:09400] loss=0.107387 tau=5.73 collapse_w=0.425 mid_frac=0.054 hard=score=16.2840729351 wNMSE=0.068196864 wMSE=5195.2614 wMRED=1.51136178 wER=0.291680 wMAE=25.6187 wBias=17.3254 condBias=39.3536 dotDrift=+15.384sigma uMRED=0.0629409711 uER=0.350586 uMAE=23.5156 WCE=432 bias=4.5000
[quad_soft:09600] loss=0.101630 tau=5.82 collapse_w=0.450 mid_frac=0.054 hard=score=16.2840729351 wNMSE=0.068196864 wMSE=5195.2614 wMRED=1.51136178 wER=0.291680 wMAE=25.6187 wBias=17.3254 condBias=39.3536 dotDrift=+15.384sigma uMRED=0.0629409711 uER=0.350586 uMAE=23.5156 WCE=432 bias=4.5000
[quad_soft:09800] loss=0.095694 tau=5.91 collapse_w=0.475 mid_frac=0.054 hard=score=16.2840729351 wNMSE=0.068196864 wMSE=5195.2614 wMRED=1.51136178 wER=0.291680 wMAE=25.6187 wBias=17.3254 condBias=39.3536 dotDrift=+15.384sigma uMRED=0.0629409711 uER=0.350586 uMAE=23.5156 WCE=432 bias=4.5000
[quad_soft:09999] loss=0.089527 tau=6.00 collapse_w=0.500 mid_frac=0.054 hard=score=16.2840729351 wNMSE=0.068196864 wMSE=5195.2614 wMRED=1.51136178 wER=0.291680 wMAE=25.6187 wBias=17.3254 condBias=39.3536 dotDrift=+15.384sigma uMRED=0.0629409711 uER=0.350586 uMAE=23.5156 WCE=432 bias=4.5000
[quad_hard_ste:00000] loss=16.348621 tau=6.00 collapse_w=0.500 mid_frac=0.054 hard=score=16.2840729351 wNMSE=0.068196864 wMSE=5195.2614 wMRED=1.51136178 wER=0.291680 wMAE=25.6187 wBias=17.3254 condBias=39.3536 dotDrift=+15.384sigma uMRED=0.0629409711 uER=0.350586 uMAE=23.5156 WCE=432 bias=4.5000
[quad_hard_ste:00200] loss=12.036269 tau=6.00 collapse_w=0.500 mid_frac=0.083 hard=score=9.8498186289 wNMSE=0.068718534 wMSE=5235.0024 wMRED=1.47288468 wER=0.313506 wMAE=26.7271 wBias=13.4344 condBias=37.6076 dotDrift=+11.883sigma uMRED=0.0647572583 uER=0.356445 uMAE=26.0020 WCE=416 bias=0.0000
[quad_hard_ste:00400] loss=7.145195 tau=6.00 collapse_w=0.500 mid_frac=0.119 hard=score=7.0705274523 wNMSE=0.069584324 wMSE=5300.9585 wMRED=1.51113379 wER=0.336679 wMAE=27.3753 wBias=11.3474 condBias=38.9857 dotDrift=+9.975sigma uMRED=0.0743170881 uER=0.391113 uMAE=32.6113 WCE=436 bias=-10.6250
[quad_hard_ste:00500] loss=0.221740 tau=6.00 collapse_w=0.500 mid_frac=0.119 hard=score=0.1473463894 wNMSE=0.072607666 wMSE=5531.2778 wMRED=1.50269500 wER=0.367688 wMAE=32.7006 wBias=0.2201 condBias=31.1146 dotDrift=+0.189sigma uMRED=0.0757986645 uER=0.401367 uMAE=34.3906 WCE=436 bias=-14.6250 *BEST*
[quad_hard_ste:00600] loss=0.220242 tau=6.00 collapse_w=0.500 mid_frac=0.119 hard=score=0.1473463894 wNMSE=0.072607666 wMSE=5531.2778 wMRED=1.50269500 wER=0.367688 wMAE=32.7006 wBias=0.2201 condBias=31.1146 dotDrift=+0.189sigma uMRED=0.0757986645 uER=0.401367 uMAE=34.3906 WCE=436 bias=-14.6250
[quad_hard_ste:00800] loss=105.815681 tau=6.00 collapse_w=0.500 mid_frac=0.119 hard=score=105.6219972984 wNMSE=0.3374367 wMSE=25706.0477 wMRED=4.19412649 wER=0.380462 wMAE=68.2316 wBias=-44.1912 condBias=96.9015 dotDrift=-17.640sigma uMRED=0.1284621241 uER=0.405762 uMAE=46.3945 WCE=640 bias=-30.5000
[quad_hard_ste:01000] loss=0.227620 tau=6.00 collapse_w=0.500 mid_frac=0.101 hard=score=0.1580706848 wNMSE=0.072120863 wMSE=5494.1930 wMRED=1.47637066 wER=0.357405 wMAE=32.4007 wBias=0.5250 condBias=30.7784 dotDrift=+0.453sigma uMRED=0.0751291616 uER=0.392578 uMAE=34.1699 WCE=432 bias=-14.3750
[quad_hard_ste:01200] loss=105.170738 tau=6.00 collapse_w=0.500 mid_frac=0.107 hard=score=104.9786538270 wNMSE=0.3373855 wMSE=25702.1472 wMRED=4.18636851 wER=0.370246 wMAE=68.0960 wBias=-44.0556 condBias=96.7916 dotDrift=-17.587sigma uMRED=0.1281786705 uER=0.396973 uMAE=46.2695 WCE=640 bias=-30.3750
[quad_hard_ste:01400] loss=0.226779 tau=6.00 collapse_w=0.500 mid_frac=0.107 hard=score=0.1580706848 wNMSE=0.072120863 wMSE=5494.1930 wMRED=1.47637066 wER=0.357405 wMAE=32.4007 wBias=0.5250 condBias=30.7784 dotDrift=+0.453sigma uMRED=0.0751291616 uER=0.392578 uMAE=34.1699 WCE=432 bias=-14.3750
[quad_hard_ste:01600] loss=105.170006 tau=6.00 collapse_w=0.500 mid_frac=0.107 hard=score=0.1580706848 wNMSE=0.072120863 wMSE=5494.1930 wMRED=1.47637066 wER=0.357405 wMAE=32.4007 wBias=0.5250 condBias=30.7784 dotDrift=+0.453sigma uMRED=0.0751291616 uER=0.392578 uMAE=34.1699 WCE=432 bias=-14.3750
[quad_hard_ste:01800] loss=0.226100 tau=6.00 collapse_w=0.500 mid_frac=0.101 hard=score=0.1580706848 wNMSE=0.072120863 wMSE=5494.1930 wMRED=1.47637066 wER=0.357405 wMAE=32.4007 wBias=0.5250 condBias=30.7784 dotDrift=+0.453sigma uMRED=0.0751291616 uER=0.392578 uMAE=34.1699 WCE=432 bias=-14.3750
[quad_hard_ste:02000] loss=105.169388 tau=6.00 collapse_w=0.500 mid_frac=0.107 hard=score=104.9786538270 wNMSE=0.3373855 wMSE=25702.1472 wMRED=4.18636851 wER=0.370246 wMAE=68.0960 wBias=-44.0556 condBias=96.7916 dotDrift=-17.587sigma uMRED=0.1281786705 uER=0.396973 uMAE=46.2695 WCE=640 bias=-30.3750
[quad_hard_ste:02200] loss=0.225533 tau=6.00 collapse_w=0.500 mid_frac=0.101 hard=score=0.1580706848 wNMSE=0.072120863 wMSE=5494.1930 wMRED=1.47637066 wER=0.357405 wMAE=32.4007 wBias=0.5250 condBias=30.7784 dotDrift=+0.453sigma uMRED=0.0751291616 uER=0.392578 uMAE=34.1699 WCE=432 bias=-14.3750
[quad_hard_ste:02400] loss=0.225282 tau=6.00 collapse_w=0.500 mid_frac=0.101 hard=score=0.1580706848 wNMSE=0.072120863 wMSE=5494.1930 wMRED=1.47637066 wER=0.357405 wMAE=32.4007 wBias=0.5250 condBias=30.7784 dotDrift=+0.453sigma uMRED=0.0751291616 uER=0.392578 uMAE=34.1699 WCE=432 bias=-14.3750
[quad_hard_ste:02600] loss=105.168648 tau=6.00 collapse_w=0.500 mid_frac=0.107 hard=score=104.9786538270 wNMSE=0.3373855 wMSE=25702.1472 wMRED=4.18636851 wER=0.370246 wMAE=68.0960 wBias=-44.0556 condBias=96.7916 dotDrift=-17.587sigma uMRED=0.1281786705 uER=0.396973 uMAE=46.2695 WCE=640 bias=-30.3750
[quad_hard_ste:02800] loss=105.168434 tau=6.00 collapse_w=0.500 mid_frac=0.107 hard=score=104.9786538270 wNMSE=0.3373855 wMSE=25702.1472 wMRED=4.18636851 wER=0.370246 wMAE=68.0960 wBias=-44.0556 condBias=96.7916 dotDrift=-17.587sigma uMRED=0.1281786705 uER=0.396973 uMAE=46.2695 WCE=640 bias=-30.3750
[quad_hard_ste:03000] loss=105.168236 tau=6.00 collapse_w=0.500 mid_frac=0.107 hard=score=104.9786538270 wNMSE=0.3373855 wMSE=25702.1472 wMRED=4.18636851 wER=0.370246 wMAE=68.0960 wBias=-44.0556 condBias=96.7916 dotDrift=-17.587sigma uMRED=0.1281786705 uER=0.396973 uMAE=46.2695 WCE=640 bias=-30.3750
[quad_hard_ste:03200] loss=105.168060 tau=6.00 collapse_w=0.500 mid_frac=0.101 hard=score=0.1580706848 wNMSE=0.072120863 wMSE=5494.1930 wMRED=1.47637066 wER=0.357405 wMAE=32.4007 wBias=0.5250 condBias=30.7784 dotDrift=+0.453sigma uMRED=0.0751291616 uER=0.392578 uMAE=34.1699 WCE=432 bias=-14.3750
[quad_hard_ste:03400] loss=0.697266 tau=6.00 collapse_w=0.500 mid_frac=0.101 hard=score=93.4572445738 wNMSE=0.33465618 wMSE=25494.2273 wMRED=4.18390542 wER=0.368288 wMAE=66.7141 wBias=-41.5555 condBias=92.0587 dotDrift=-16.657sigma uMRED=0.1249704008 uER=0.392578 uMAE=43.4277 WCE=640 bias=-26.3750
[quad_hard_ste:03600] loss=1.542434 tau=6.00 collapse_w=0.500 mid_frac=0.095 hard=score=0.6310715367 wNMSE=0.069391552 wMSE=5286.2731 wMRED=1.47390757 wER=0.355447 wMAE=31.0188 wBias=3.0251 condBias=30.7419 dotDrift=+2.663sigma uMRED=0.0719208919 uER=0.388184 uMAE=31.3281 WCE=432 bias=-10.3750
[quad_hard_ste:03800] loss=1.542449 tau=6.00 collapse_w=0.500 mid_frac=0.089 hard=score=1.4781996900 wNMSE=0.070905408 wMSE=5401.5993 wMRED=1.43884800 wER=0.340980 wMAE=30.6282 wBias=4.9813 condBias=33.5231 dotDrift=+4.338sigma uMRED=0.0698302379 uER=0.376465 uMAE=30.2773 WCE=432 bias=-8.3750
[quad_hard_ste:03999] loss=93.646484 tau=6.00 collapse_w=0.500 mid_frac=0.101 hard=score=93.4572445738 wNMSE=0.33465618 wMSE=25494.2273 wMRED=4.18390542 wER=0.368288 wMAE=66.7141 wBias=-41.5555 condBias=92.0587 dotDrift=-16.657sigma uMRED=0.1249704008 uER=0.392578 uMAE=43.4277 WCE=640 bias=-26.3750
[pop00_soft:00000] loss=47.021194 tau=1.50 collapse_w=0.000 mid_frac=0.363 hard=score=1161.9767718606 wNMSE=12.754046 wMSE=971607.7367 wMRED=37.47017013 wER=0.582578 wMAE=525.8386 wBias=145.7181 condBias=521.1539 dotDrift=+9.461sigma uMRED=1.0818455460 uER=0.578125 uMAE=361.6201 WCE=2764 bias=29.7500
[pop00_soft:00200] loss=12.262587 tau=2.25 collapse_w=0.000 mid_frac=0.304 hard=score=1059.4532801362 wNMSE=19.98811 wMSE=1522701.3562 wMRED=51.42768328 wER=0.540700 wMAE=637.3275 wBias=-138.1768 condBias=683.5024 dotDrift=-7.167sigma uMRED=1.3491352459 uER=0.572998 uMAE=374.2197 WCE=3870 bias=-218.8125
[pop00_soft:00400] loss=3.707684 tau=3.00 collapse_w=0.000 mid_frac=0.351 hard=score=5.1105815356 wNMSE=1.8770054 wMSE=142990.9367 wMRED=14.26384688 wER=0.481617 wMAE=101.6219 wBias=-5.9622 condBias=194.1166 dotDrift=-1.009sigma uMRED=0.4652778604 uER=0.557373 uMAE=180.8477 WCE=3844 bias=50.6250
[pop00_soft:00600] loss=0.490970 tau=3.75 collapse_w=0.000 mid_frac=0.262 hard=score=32.4880635559 wNMSE=0.24585387 wMSE=18729.2356 wMRED=2.83254247 wER=0.461878 wMAE=62.2489 wBias=-24.3998 condBias=63.3984 dotDrift=-11.411sigma uMRED=0.2192625220 uER=0.537109 uMAE=127.6328 WCE=1664 bias=30.5000
[pop00_soft:00800] loss=0.290399 tau=4.50 collapse_w=0.084 mid_frac=0.202 hard=score=0.4983074981 wNMSE=0.20479705 wMSE=15601.5119 wMRED=2.01971124 wER=0.424951 wMAE=49.7875 wBias=-1.2089 condBias=64.2774 dotDrift=-0.619sigma uMRED=0.1914436523 uER=0.501709 uMAE=110.8770 WCE=1664 bias=40.1250
[pop00_soft:01000] loss=0.235291 tau=5.25 collapse_w=0.293 mid_frac=0.179 hard=score=0.2901816279 wNMSE=0.15424843 wMSE=11750.7003 wMRED=1.75573740 wER=0.420646 wMAE=45.5028 wBias=0.1350 condBias=53.6813 dotDrift=+0.080sigma uMRED=0.1432728146 uER=0.496826 uMAE=80.0469 WCE=896 bias=-19.3750
[pop00_soft:01199] loss=0.165171 tau=6.00 collapse_w=0.500 mid_frac=0.167 hard=score=0.3649572594 wNMSE=0.16051697 wMSE=12228.2401 wMRED=1.76896816 wER=0.421754 wMAE=46.7046 wBias=-1.1000 condBias=55.4226 dotDrift=-0.637sigma uMRED=0.1552422675 uER=0.502686 uMAE=87.8594 WCE=896 bias=-27.3750
[pop00_hard:00000] loss=0.437254 tau=6.00 collapse_w=0.500 mid_frac=0.167 hard=score=0.3649572594 wNMSE=0.16051697 wMSE=12228.2401 wMRED=1.76896816 wER=0.421754 wMAE=46.7046 wBias=-1.1000 condBias=55.4226 dotDrift=-0.637sigma uMRED=0.1552422675 uER=0.502686 uMAE=87.8594 WCE=896 bias=-27.3750
[pop00_hard:00200] loss=0.432856 tau=6.00 collapse_w=0.500 mid_frac=0.161 hard=score=0.3649572594 wNMSE=0.16051697 wMSE=12228.2401 wMRED=1.76896816 wER=0.421754 wMAE=46.7046 wBias=-1.1000 condBias=55.4226 dotDrift=-0.637sigma uMRED=0.1552422675 uER=0.502686 uMAE=87.8594 WCE=896 bias=-27.3750
[pop00_hard:00400] loss=0.442265 tau=6.00 collapse_w=0.500 mid_frac=0.155 hard=score=0.3765667019 wNMSE=0.16278716 wMSE=12401.1840 wMRED=1.76055117 wER=0.421754 wMAE=47.0520 wBias=1.2184 condBias=53.4274 dotDrift=+0.700sigma uMRED=0.1493426499 uER=0.502686 uMAE=90.5234 WCE=896 bias=-11.3750
[pop00_hard:00599] loss=0.429848 tau=6.00 collapse_w=0.500 mid_frac=0.161 hard=score=0.3649572594 wNMSE=0.16051697 wMSE=12228.2401 wMRED=1.76896816 wER=0.421754 wMAE=46.7046 wBias=-1.1000 condBias=55.4226 dotDrift=-0.637sigma uMRED=0.1552422675 uER=0.502686 uMAE=87.8594 WCE=896 bias=-27.3750
[pop00] done (conf=0.53, noise=0.5); global best score=0.1473463894 wNMSE=0.072607666 wMSE=5531.2778 wMRED=1.50269500 wER=0.367688 wMAE=32.7006 wBias=0.2201 condBias=31.1146 dotDrift=+0.189sigma uMRED=0.0757986645 uER=0.401367 uMAE=34.3906 WCE=436 bias=-14.6250
[pop01_soft:00000] loss=26.346247 tau=1.50 collapse_w=0.000 mid_frac=0.458 hard=score=30.6899293227 wNMSE=6.5892795 wMSE=501973.6592 wMRED=17.06006867 wER=0.552479 wMAE=297.1902 wBias=19.2085 condBias=293.0188 dotDrift=+1.735sigma uMRED=0.6404030221 uER=0.573730 uMAE=262.0596 WCE=3890 bias=1.2500
[pop01_soft:00200] loss=6.151941 tau=2.25 collapse_w=0.000 mid_frac=0.393 hard=score=114.2223145689 wNMSE=5.8438477 wMSE=445186.3984 wMRED=12.14241259 wER=0.540779 wMAE=269.9173 wBias=-44.0391 condBias=302.4710 dotDrift=-4.224sigma uMRED=0.6440629642 uER=0.568604 uMAE=311.2471 WCE=3564 bias=-134.5000
[pop01_soft:00400] loss=2.279526 tau=3.00 collapse_w=0.000 mid_frac=0.387 hard=score=42.0556425648 wNMSE=0.25583995 wMSE=19489.9782 wMRED=3.89419734 wER=0.476841 wMAE=67.0468 wBias=-27.7964 condBias=68.3967 dotDrift=-12.743sigma uMRED=0.2153073613 uER=0.533203 uMAE=122.5645 WCE=1024 bias=-4.5000
[pop01_soft:00600] loss=0.801638 tau=3.75 collapse_w=0.000 mid_frac=0.333 hard=score=29.8286546336 wNMSE=0.18343483 wMSE=13974.1305 wMRED=2.54144142 wER=0.416495 wMAE=52.9674 wBias=-23.4010 condBias=59.8990 dotDrift=-12.669sigma uMRED=0.1984711727 uER=0.523438 uMAE=121.3633 WCE=1024 bias=18.8750
[pop01_soft:00800] loss=0.511984 tau=4.50 collapse_w=0.084 mid_frac=0.292 hard=score=12.0234582467 wNMSE=0.11199559 wMSE=8531.8640 wMRED=2.02899748 wER=0.413120 wMAE=40.8039 wBias=-14.7877 condBias=47.4556 dotDrift=-10.246sigma uMRED=0.1531043465 uER=0.513916 uMAE=88.7402 WCE=784 bias=5.0000
[pop01_soft:01000] loss=0.401785 tau=5.25 collapse_w=0.293 mid_frac=0.280 hard=score=8.6906200214 wNMSE=0.1102947 wMSE=8402.2892 wMRED=1.99193634 wER=0.443441 wMAE=41.3894 wBias=-12.5210 condBias=47.7763 dotDrift=-8.742sigma uMRED=0.1549029266 uER=0.530029 uMAE=90.8105 WCE=816 bias=5.1250
[pop01_soft:01199] loss=0.302674 tau=6.00 collapse_w=0.500 mid_frac=0.274 hard=score=8.6906200214 wNMSE=0.1102947 wMSE=8402.2892 wMRED=1.99193634 wER=0.443441 wMAE=41.3894 wBias=-12.5210 condBias=47.7763 dotDrift=-8.742sigma uMRED=0.1549029266 uER=0.530029 uMAE=90.8105 WCE=816 bias=5.1250
[pop01_hard:00000] loss=8.779971 tau=6.00 collapse_w=0.500 mid_frac=0.274 hard=score=8.6906200214 wNMSE=0.1102947 wMSE=8402.2892 wMRED=1.99193634 wER=0.443441 wMAE=41.3894 wBias=-12.5210 condBias=47.7763 dotDrift=-8.742sigma uMRED=0.1549029266 uER=0.530029 uMAE=90.8105 WCE=816 bias=5.1250
[pop01_hard:00200] loss=8.776685 tau=6.00 collapse_w=0.500 mid_frac=0.274 hard=score=8.6906200214 wNMSE=0.1102947 wMSE=8402.2892 wMRED=1.99193634 wER=0.443441 wMAE=41.3894 wBias=-12.5210 condBias=47.7763 dotDrift=-8.742sigma uMRED=0.1549029266 uER=0.530029 uMAE=90.8105 WCE=816 bias=5.1250
[pop01_hard:00400] loss=0.500950 tau=6.00 collapse_w=0.500 mid_frac=0.268 hard=score=0.4181937214 wNMSE=0.089061074 wMSE=6784.7043 wMRED=1.92423816 wER=0.443441 wMAE=38.3130 wBias=-2.0216 condBias=39.6065 dotDrift=-1.571sigma uMRED=0.1393235393 uER=0.530029 uMAE=83.9180 WCE=816 bias=21.1250
[pop01_hard:00599] loss=43.279354 tau=6.00 collapse_w=0.500 mid_frac=0.262 hard=score=0.3062332385 wNMSE=0.08981758 wMSE=6842.3353 wMRED=1.93074644 wER=0.447913 wMAE=38.5959 wBias=-1.3978 condBias=40.1889 dotDrift=-1.081sigma uMRED=0.1401294518 uER=0.534424 uMAE=84.2656 WCE=816 bias=22.1250
[pop01] done (conf=0.51, noise=1.0); global best score=0.1473463894 wNMSE=0.072607666 wMSE=5531.2778 wMRED=1.50269500 wER=0.367688 wMAE=32.7006 wBias=0.2201 condBias=31.1146 dotDrift=+0.189sigma uMRED=0.0757986645 uER=0.401367 uMAE=34.3906 WCE=436 bias=-14.6250
[pop02_soft:00000] loss=16.946753 tau=1.50 collapse_w=0.000 mid_frac=0.310 hard=score=2223.0148857849 wNMSE=12.46099 wMSE=949282.6725 wMRED=37.56258748 wER=0.581146 wMAE=439.0485 wBias=-202.2711 condBias=512.5187 dotDrift=-13.287sigma uMRED=1.0154584463 uER=0.570068 uMAE=278.8301 WCE=3832 bias=-101.5000
[pop02_soft:00200] loss=5.013833 tau=2.25 collapse_w=0.000 mid_frac=0.345 hard=score=435.2889628859 wNMSE=1.8556542 wMSE=141364.4009 wMRED=6.79121134 wER=0.488322 wMAE=148.6509 wBias=-89.6682 condBias=177.7662 dotDrift=-15.263sigma uMRED=0.3322770937 uER=0.547852 uMAE=147.3291 WCE=2560 bias=-97.8750
[pop02_soft:00400] loss=1.400186 tau=3.00 collapse_w=0.000 mid_frac=0.238 hard=score=38.6017856567 wNMSE=0.4313695 wMSE=32861.8823 wMRED=4.53108176 wER=0.453447 wMAE=88.4794 wBias=-26.5383 condBias=76.6172 dotDrift=-9.369sigma uMRED=0.2349848816 uER=0.528809 uMAE=125.7246 WCE=848 bias=34.3750
[pop02_soft:00600] loss=0.683853 tau=3.75 collapse_w=0.000 mid_frac=0.185 hard=score=16.9687574978 wNMSE=0.3421916 wMSE=26068.2782 wMRED=4.28018779 wER=0.437953 wMAE=77.2384 wBias=-17.4384 condBias=74.3550 dotDrift=-6.912sigma uMRED=0.1925788135 uER=0.508057 uMAE=96.0527 WCE=704 bias=31.3750
[pop02_soft:00800] loss=0.347201 tau=4.50 collapse_w=0.084 mid_frac=0.161 hard=score=22.8900167469 wNMSE=0.13431546 wMSE=10232.1995 wMRED=2.06243270 wER=0.431086 wMAE=43.5612 wBias=20.5091 condBias=59.0943 dotDrift=+12.976sigma uMRED=0.1348074905 uER=0.475342 uMAE=67.3438 WCE=704 bias=20.8750
[pop02_soft:01000] loss=0.274139 tau=5.25 collapse_w=0.293 mid_frac=0.149 hard=score=29.5810676036 wNMSE=0.13230522 wMSE=10079.0589 wMRED=1.85646289 wER=0.421757 wMAE=41.3978 wBias=23.3476 condBias=58.6669 dotDrift=+14.884sigma uMRED=0.1315521865 uER=0.468750 uMAE=67.1562 WCE=704 bias=23.3750
[pop02_soft:01199] loss=0.204921 tau=6.00 collapse_w=0.500 mid_frac=0.119 hard=score=29.5810676036 wNMSE=0.13230522 wMSE=10079.0589 wMRED=1.85646289 wER=0.421757 wMAE=41.3978 wBias=23.3476 condBias=58.6669 dotDrift=+14.884sigma uMRED=0.1315521865 uER=0.468750 uMAE=67.1562 WCE=704 bias=23.3750
[pop02_hard:00000] loss=29.663736 tau=6.00 collapse_w=0.500 mid_frac=0.119 hard=score=29.5810676036 wNMSE=0.13230522 wMSE=10079.0589 wMRED=1.85646289 wER=0.421757 wMAE=41.3978 wBias=23.3476 condBias=58.6669 dotDrift=+14.884sigma uMRED=0.1315521865 uER=0.468750 uMAE=67.1562 WCE=704 bias=23.3750
[pop02_hard:00200] loss=14.391138 tau=6.00 collapse_w=0.500 mid_frac=0.131 hard=score=14.3095890468 wNMSE=0.1757269 wMSE=13386.9380 wMRED=2.06125434 wER=0.421757 wMAE=46.2202 wBias=16.1125 condBias=65.8383 dotDrift=+8.913sigma uMRED=0.1656307680 uER=0.468750 uMAE=87.8438 WCE=956 bias=-10.6250
[pop02_hard:00400] loss=19.569912 tau=6.00 collapse_w=0.500 mid_frac=0.137 hard=score=19.5117545417 wNMSE=0.67901572 wMSE=51727.6591 wMRED=2.36487831 wER=0.421757 wMAE=64.9412 wBias=-18.4802 condBias=111.4306 dotDrift=-5.200sigma uMRED=0.2262299241 uER=0.468750 uMAE=121.7812 WCE=1716 bias=-74.6250
[pop02_hard:00599] loss=19.568838 tau=6.00 collapse_w=0.500 mid_frac=0.137 hard=score=19.5117545417 wNMSE=0.67901572 wMSE=51727.6591 wMRED=2.36487831 wER=0.421757 wMAE=64.9412 wBias=-18.4802 condBias=111.4306 dotDrift=-5.200sigma uMRED=0.2262299241 uER=0.468750 uMAE=121.7812 WCE=1716 bias=-74.6250
[pop02] done (conf=0.53, noise=0.5); global best score=0.1473463894 wNMSE=0.072607666 wMSE=5531.2778 wMRED=1.50269500 wER=0.367688 wMAE=32.7006 wBias=0.2201 condBias=31.1146 dotDrift=+0.189sigma uMRED=0.0757986645 uER=0.401367 uMAE=34.3906 WCE=436 bias=-14.6250
[pop03_soft:00000] loss=24.109953 tau=1.50 collapse_w=0.000 mid_frac=0.446 hard=score=854.1858110068 wNMSE=14.141126 wMSE=1077275.9847 wMRED=45.90957108 wER=0.582578 wMAE=538.5990 wBias=124.3211 condBias=480.0165 dotDrift=+7.666sigma uMRED=1.2187296939 uER=0.578125 uMAE=340.8477 WCE=3504 bias=22.6875
[pop03_soft:00200] loss=8.018201 tau=2.25 collapse_w=0.000 mid_frac=0.482 hard=score=60.7178976278 wNMSE=2.1643343 wMSE=164879.7573 wMRED=11.43974814 wER=0.582578 wMAE=191.8560 wBias=-32.5115 condBias=231.1885 dotDrift=-5.124sigma uMRED=0.5764465508 uER=0.578125 uMAE=267.8428 WCE=2636 bias=-121.6875
[pop03_soft:00400] loss=6.561257 tau=3.00 collapse_w=0.000 mid_frac=0.429 hard=score=7.4030689523 wNMSE=2.1889107 wMSE=166751.9940 wMRED=11.43297177 wER=0.562370 wMAE=183.4889 wBias=-8.6166 condBias=192.1435 dotDrift=-1.350sigma uMRED=0.5542432158 uER=0.564209 uMAE=272.4004 WCE=2512 bias=60.7500
[pop03_soft:00600] loss=3.157554 tau=3.75 collapse_w=0.000 mid_frac=0.393 hard=score=99.4626936784 wNMSE=0.91592169 wMSE=69775.2407 wMRED=3.98517375 wER=0.561035 wMAE=94.8750 wBias=42.7185 condBias=85.4515 dotDrift=+10.350sigma uMRED=0.3942662224 uER=0.558350 uMAE=198.4004 WCE=3224 bias=77.1250
[pop03_soft:00800] loss=1.479960 tau=4.50 collapse_w=0.084 mid_frac=0.393 hard=score=57.1374502215 wNMSE=0.47914596 wMSE=36501.5097 wMRED=3.13165899 wER=0.531268 wMAE=79.7567 wBias=32.3246 condBias=79.6923 dotDrift=+10.828sigma uMRED=0.2900644259 uER=0.546631 uMAE=152.3887 WCE=3436 bias=76.7500
[pop03_soft:01000] loss=0.653807 tau=5.25 collapse_w=0.293 mid_frac=0.351 hard=score=17.0829104893 wNMSE=0.52041027 wMSE=39645.0398 wMRED=3.68549725 wER=0.560120 wMAE=89.3389 wBias=17.2743 condBias=84.4152 dotDrift=+5.552sigma uMRED=0.3265399262 uER=0.565674 uMAE=176.6113 WCE=3436 bias=46.3750
[pop03_soft:01199] loss=0.505369 tau=6.00 collapse_w=0.500 mid_frac=0.363 hard=score=17.0829104893 wNMSE=0.52041027 wMSE=39645.0398 wMRED=3.68549725 wER=0.560120 wMAE=89.3389 wBias=17.2743 condBias=84.4152 dotDrift=+5.552sigma uMRED=0.3265399262 uER=0.565674 uMAE=176.6113 WCE=3436 bias=46.3750
[pop03_hard:00000] loss=17.140434 tau=6.00 collapse_w=0.500 mid_frac=0.363 hard=score=17.0829104893 wNMSE=0.52041027 wMSE=39645.0398 wMRED=3.68549725 wER=0.560120 wMAE=89.3389 wBias=17.2743 condBias=84.4152 dotDrift=+5.552sigma uMRED=0.3265399262 uER=0.565674 uMAE=176.6113 WCE=3436 bias=46.3750
[pop03_hard:00200] loss=12.356876 tau=6.00 collapse_w=0.500 mid_frac=0.345 hard=score=12.3040447702 wNMSE=0.40863957 wMSE=31130.3083 wMRED=3.61994562 wER=0.560120 wMAE=84.5307 wBias=14.5776 condBias=78.2826 dotDrift=+5.288sigma uMRED=0.2609516544 uER=0.565674 uMAE=141.3262 WCE=3436 bias=24.3750
[pop03_hard:00400] loss=57.954216 tau=6.00 collapse_w=0.500 mid_frac=0.310 hard=score=57.8392888502 wNMSE=0.92000341 wMSE=70086.1873 wMRED=3.79967120 wER=0.560120 wMAE=104.7501 wBias=-32.3623 condBias=132.8812 dotDrift=-7.824sigma uMRED=0.3910730841 uER=0.565674 uMAE=230.3242 WCE=2376 bias=-181.6250
[pop03_hard:00599] loss=56.833302 tau=6.00 collapse_w=0.500 mid_frac=0.292 hard=score=56.7210092512 wNMSE=0.91869828 wMSE=69986.7622 wMRED=3.79844820 wER=0.560120 wMAE=104.6448 wBias=-32.0404 condBias=132.5665 dotDrift=-7.751sigma uMRED=0.3906234623 uER=0.565674 uMAE=230.0449 WCE=2376 bias=-181.1250
[pop03] done (conf=0.51, noise=1.0); global best score=0.1473463894 wNMSE=0.072607666 wMSE=5531.2778 wMRED=1.50269500 wER=0.367688 wMAE=32.7006 wBias=0.2201 condBias=31.1146 dotDrift=+0.189sigma uMRED=0.0757986645 uER=0.401367 uMAE=34.3906 WCE=436 bias=-14.6250
[pop04_soft:00000] loss=43.559464 tau=1.50 collapse_w=0.000 mid_frac=0.363 hard=score=5164.4423785133 wNMSE=8.3741453 wMSE=637945.3730 wMRED=23.25818527 wER=0.571848 wMAE=372.4449 wBias=309.4464 condBias=549.3376 dotDrift=+24.796sigma uMRED=0.7666149338 uER=0.567139 uMAE=306.6992 WCE=2648 bias=85.7500
[pop04_soft:00200] loss=7.784450 tau=2.25 collapse_w=0.000 mid_frac=0.292 hard=score=1454.4846002984 wNMSE=3.0593651 wMSE=233063.5232 wMRED=12.90886404 wER=0.535031 wMAE=200.6919 wBias=-164.1461 condBias=290.0326 dotDrift=-21.761sigma uMRED=0.6296199209 uER=0.564209 uMAE=301.5791 WCE=3404 bias=-154.8750
[pop04_soft:00400] loss=1.036857 tau=3.00 collapse_w=0.000 mid_frac=0.268 hard=score=7.0741513549 wNMSE=0.27092842 wMSE=20639.4232 wMRED=2.32576248 wER=0.430616 wMAE=58.7737 wBias=-11.0326 condBias=78.2404 dotDrift=-4.915sigma uMRED=0.2540790895 uER=0.534668 uMAE=151.2285 WCE=1536 bias=4.2500
[pop04_soft:00600] loss=0.416204 tau=3.75 collapse_w=0.000 mid_frac=0.202 hard=score=1.4296284906 wNMSE=0.22647218 wMSE=17252.7316 wMRED=2.01418934 wER=0.372604 wMAE=49.2989 wBias=4.2231 condBias=73.6561 dotDrift=+2.058sigma uMRED=0.2230491906 uER=0.481689 uMAE=129.0723 WCE=1600 bias=27.0000
[pop04_soft:00800] loss=0.337207 tau=4.50 collapse_w=0.084 mid_frac=0.179 hard=score=0.8003419250 wNMSE=0.21945298 wMSE=16718.0060 wMRED=1.81205009 wER=0.384882 wMAE=46.9024 wBias=-2.5799 condBias=68.6472 dotDrift=-1.277sigma uMRED=0.1878106242 uER=0.469238 uMAE=108.2930 WCE=1536 bias=16.1250
[pop04_soft:01000] loss=0.275997 tau=5.25 collapse_w=0.293 mid_frac=0.143 hard=score=3.9464067578 wNMSE=0.17300424 wMSE=13179.5243 wMRED=1.68286048 wER=0.398618 wMAE=45.5065 wBias=-8.2062 condBias=59.7712 dotDrift=-4.575sigma uMRED=0.1481414972 uER=0.473633 uMAE=79.7246 WCE=868 bias=-48.1250
[pop04_soft:01199] loss=0.206992 tau=6.00 collapse_w=0.500 mid_frac=0.131 hard=score=3.9464067578 wNMSE=0.17300424 wMSE=13179.5243 wMRED=1.68286048 wER=0.398618 wMAE=45.5065 wBias=-8.2062 condBias=59.7712 dotDrift=-4.575sigma uMRED=0.1481414972 uER=0.473633 uMAE=79.7246 WCE=868 bias=-48.1250
[pop04_hard:00000] loss=4.012393 tau=6.00 collapse_w=0.500 mid_frac=0.131 hard=score=3.9464067578 wNMSE=0.17300424 wMSE=13179.5243 wMRED=1.68286048 wER=0.398618 wMAE=45.5065 wBias=-8.2062 condBias=59.7712 dotDrift=-4.575sigma uMRED=0.1481414972 uER=0.473633 uMAE=79.7246 WCE=868 bias=-48.1250
[pop04_hard:00200] loss=4.007902 tau=6.00 collapse_w=0.500 mid_frac=0.125 hard=score=3.9464067578 wNMSE=0.17300424 wMSE=13179.5243 wMRED=1.68286048 wER=0.398618 wMAE=45.5065 wBias=-8.2062 condBias=59.7712 dotDrift=-4.575sigma uMRED=0.1481414972 uER=0.473633 uMAE=79.7246 WCE=868 bias=-48.1250
[pop04_hard:00400] loss=0.440872 tau=6.00 collapse_w=0.500 mid_frac=0.125 hard=score=0.4142652348 wNMSE=0.19936841 wMSE=15187.9566 wMRED=1.65213196 wER=0.396917 wMAE=43.7628 wBias=-0.1778 condBias=66.0841 dotDrift=-0.092sigma uMRED=0.1784340049 uER=0.469238 uMAE=102.2793 WCE=1536 bias=23.8750
[pop04_hard:00599] loss=0.646182 tau=6.00 collapse_w=0.500 mid_frac=0.119 hard=score=0.5879972535 wNMSE=0.14896415 wMSE=11348.1416 wMRED=1.61847631 wER=0.390147 wMAE=40.7419 wBias=-2.3749 condBias=55.7617 dotDrift=-1.427sigma uMRED=0.1367527242 uER=0.454346 uMAE=71.4590 WCE=804 bias=-37.6250
[pop04] done (conf=0.53, noise=0.5); global best score=0.1473463894 wNMSE=0.072607666 wMSE=5531.2778 wMRED=1.50269500 wER=0.367688 wMAE=32.7006 wBias=0.2201 condBias=31.1146 dotDrift=+0.189sigma uMRED=0.0757986645 uER=0.401367 uMAE=34.3906 WCE=436 bias=-14.6250
[pop05_soft:00000] loss=45.747601 tau=1.50 collapse_w=0.000 mid_frac=0.446 hard=score=7057.2223584579 wNMSE=12.536733 wMSE=955052.7657 wMRED=33.20789368 wER=0.582539 wMAE=485.1899 wBias=361.6847 condBias=680.2619 dotDrift=+23.686sigma uMRED=1.0877639945 uER=0.577393 uMAE=402.3623 WCE=3900 bias=306.3750
[pop05_soft:00200] loss=7.392191 tau=2.25 collapse_w=0.000 mid_frac=0.417 hard=score=852.9864305394 wNMSE=4.1704015 wMSE=317702.6732 wMRED=14.44612671 wER=0.571653 wMAE=255.7487 wBias=-125.4086 condBias=340.0864 dotDrift=-14.240sigma uMRED=0.8282283516 uER=0.571533 uMAE=401.5322 WCE=3328 bias=-219.1875
[pop05_soft:00400] loss=2.987234 tau=3.00 collapse_w=0.000 mid_frac=0.381 hard=score=14.2380487501 wNMSE=0.25381787 wMSE=19335.9360 wMRED=2.70532660 wER=0.473521 wMAE=64.3819 wBias=-15.9782 condBias=79.3355 dotDrift=-7.354sigma uMRED=0.2397959023 uER=0.555176 uMAE=141.2188 WCE=1248 bias=-28.4375
[pop05_soft:00600] loss=0.416071 tau=3.75 collapse_w=0.000 mid_frac=0.310 hard=score=48.8050512305 wNMSE=0.31390795 wMSE=23913.6191 wMRED=2.79573758 wER=0.464906 wMAE=67.7971 wBias=-29.9317 condBias=88.3370 dotDrift=-12.388sigma uMRED=0.2700410149 uER=0.547852 uMAE=156.2559 WCE=1584 bias=-122.3750
[pop05_soft:00800] loss=0.234877 tau=4.50 collapse_w=0.084 mid_frac=0.286 hard=score=44.2108265072 wNMSE=0.23772822 wMSE=18110.2202 wMRED=1.99419144 wER=0.413988 wMAE=51.7811 wBias=-28.5130 condBias=76.8892 dotDrift=-13.560sigma uMRED=0.2271011818 uER=0.504395 uMAE=133.2051 WCE=1584 bias=-100.2500
[pop05_soft:01000] loss=0.177864 tau=5.25 collapse_w=0.293 mid_frac=0.280 hard=score=35.8841141243 wNMSE=0.20231219 wMSE=15412.2148 wMRED=1.80827222 wER=0.411930 wMAE=46.0008 wBias=-25.6751 condBias=69.9519 dotDrift=-13.236sigma uMRED=0.2131218422 uER=0.503662 uMAE=127.1113 WCE=1600 bias=-94.2500
[pop05_soft:01199] loss=0.126650 tau=6.00 collapse_w=0.500 mid_frac=0.262 hard=score=35.8841141243 wNMSE=0.20231219 wMSE=15412.2148 wMRED=1.80827222 wER=0.411930 wMAE=46.0008 wBias=-25.6751 condBias=69.9519 dotDrift=-13.236sigma uMRED=0.2131218422 uER=0.503662 uMAE=127.1113 WCE=1600 bias=-94.2500
[pop05_hard:00000] loss=35.925835 tau=6.00 collapse_w=0.500 mid_frac=0.262 hard=score=35.8841141243 wNMSE=0.20231219 wMSE=15412.2148 wMRED=1.80827222 wER=0.411930 wMAE=46.0008 wBias=-25.6751 condBias=69.9519 dotDrift=-13.236sigma uMRED=0.2131218422 uER=0.503662 uMAE=127.1113 WCE=1600 bias=-94.2500
[pop05_hard:00200] loss=35.922562 tau=6.00 collapse_w=0.500 mid_frac=0.256 hard=score=35.8841141243 wNMSE=0.20231219 wMSE=15412.2148 wMRED=1.80827222 wER=0.411930 wMAE=46.0008 wBias=-25.6751 condBias=69.9519 dotDrift=-13.236sigma uMRED=0.2131218422 uER=0.503662 uMAE=127.1113 WCE=1600 bias=-94.2500
[pop05_hard:00400] loss=2.803421 tau=6.00 collapse_w=0.500 mid_frac=0.244 hard=score=2.7578259368 wNMSE=0.27304951 wMSE=20801.0090 wMRED=1.95523116 wER=0.413988 wMAE=52.4717 wBias=-6.4509 condBias=74.6240 dotDrift=-2.863sigma uMRED=0.2301314405 uER=0.504395 uMAE=137.5566 WCE=1584 bias=-60.2500
[pop05_hard:00599] loss=1.077462 tau=6.00 collapse_w=0.500 mid_frac=0.220 hard=score=2.8239726585 wNMSE=0.28872776 wMSE=21995.3835 wMRED=1.95656549 wER=0.418459 wMAE=52.9706 wBias=6.5550 condBias=72.3254 dotDrift=+2.829sigma uMRED=0.2121348208 uER=0.508789 uMAE=126.8691 WCE=1280 bias=37.7500
[pop05] done (conf=0.51, noise=1.0); global best score=0.1473463894 wNMSE=0.072607666 wMSE=5531.2778 wMRED=1.50269500 wER=0.367688 wMAE=32.7006 wBias=0.2201 condBias=31.1146 dotDrift=+0.189sigma uMRED=0.0757986645 uER=0.401367 uMAE=34.3906 WCE=436 bias=-14.6250
[pop06_soft:00000] loss=35.276314 tau=1.50 collapse_w=0.000 mid_frac=0.375 hard=score=529.9202425826 wNMSE=11.173665 wMSE=851213.7624 wMRED=33.69305583 wER=0.577933 wMAE=370.4250 wBias=-97.5046 condBias=404.7253 dotDrift=-6.764sigma uMRED=1.1986391110 uER=0.575928 uMAE=455.5464 WCE=3704 bias=157.6875
[pop06_soft:00200] loss=8.685211 tau=2.25 collapse_w=0.000 mid_frac=0.333 hard=score=4164.4018103929 wNMSE=7.5236795 wMSE=573156.5838 wMRED=24.72323889 wER=0.562864 wMAE=303.0449 wBias=-277.8545 condBias=475.6938 dotDrift=-23.489sigma uMRED=0.7853250677 uER=0.573730 uMAE=256.4941 WCE=2918 bias=-88.7500
[pop06_soft:00400] loss=3.450959 tau=3.00 collapse_w=0.000 mid_frac=0.292 hard=score=15.4540656167 wNMSE=1.3118819 wMSE=99939.6295 wMRED=13.05242295 wER=0.471092 wMAE=94.8102 wBias=-15.5425 condBias=169.0011 dotDrift=-3.147sigma uMRED=0.4212261585 uER=0.547852 uMAE=155.6367 WCE=3856 bias=-25.7500
[pop06_soft:00600] loss=0.363453 tau=3.75 collapse_w=0.000 mid_frac=0.262 hard=score=1.3103457061 wNMSE=0.24146663 wMSE=18395.0141 wMRED=2.08991469 wER=0.443434 wMAE=58.0517 wBias=-3.9372 condBias=74.9058 dotDrift=-1.858sigma uMRED=0.2575746553 uER=0.542725 uMAE=159.5137 WCE=1248 bias=-14.0000
[pop06_soft:00800] loss=0.124349 tau=4.50 collapse_w=0.084 mid_frac=0.196 hard=score=2.3312935457 wNMSE=0.18188793 wMSE=13856.2869 wMRED=1.57530141 wER=0.387627 wMAE=39.0021 wBias=-5.9651 condBias=70.1814 dotDrift=-3.243sigma uMRED=0.2155663797 uER=0.479248 uMAE=133.0703 WCE=1576 bias=-62.1250
[pop06_soft:01000] loss=0.082373 tau=5.25 collapse_w=0.293 mid_frac=0.131 hard=score=7.3607475959 wNMSE=0.15460722 wMSE=11778.0333 wMRED=0.92667123 wER=0.317935 wMAE=29.7555 wBias=-11.4320 condBias=60.7741 dotDrift=-6.742sigma uMRED=0.1767491600 uER=0.450439 uMAE=116.1680 WCE=1264 bias=-55.8750
[pop06_soft:01199] loss=0.053608 tau=6.00 collapse_w=0.500 mid_frac=0.107 hard=score=2.8632427538 wNMSE=0.17219732 wMSE=13118.0535 wMRED=1.33295150 wER=0.347573 wMAE=35.6930 wBias=-6.7662 condBias=68.0779 dotDrift=-3.781sigma uMRED=0.1989993640 uER=0.459229 uMAE=124.2656 WCE=1576 bias=-69.8750
[pop06_hard:00000] loss=2.878106 tau=6.00 collapse_w=0.500 mid_frac=0.107 hard=score=2.8632427538 wNMSE=0.17219732 wMSE=13118.0535 wMRED=1.33295150 wER=0.347573 wMAE=35.6930 wBias=-6.7662 condBias=68.0779 dotDrift=-3.781sigma uMRED=0.1989993640 uER=0.459229 uMAE=124.2656 WCE=1576 bias=-69.8750
[pop06_hard:00200] loss=0.781110 tau=6.00 collapse_w=0.500 mid_frac=0.101 hard=score=0.7487942779 wNMSE=0.14515301 wMSE=11057.8081 wMRED=1.32229812 wER=0.347573 wMAE=34.6870 wBias=-2.8455 condBias=60.3832 dotDrift=-1.732sigma uMRED=0.1692238110 uER=0.459229 uMAE=107.9375 WCE=1064 bias=-5.8750
[pop06_hard:00400] loss=0.778784 tau=6.00 collapse_w=0.500 mid_frac=0.095 hard=score=0.7487942779 wNMSE=0.14515301 wMSE=11057.8081 wMRED=1.32229812 wER=0.347573 wMAE=34.6870 wBias=-2.8455 condBias=60.3832 dotDrift=-1.732sigma uMRED=0.1692238110 uER=0.459229 uMAE=107.9375 WCE=1064 bias=-5.8750
[pop06_hard:00599] loss=8.439256 tau=6.00 collapse_w=0.500 mid_frac=0.095 hard=score=0.7487942779 wNMSE=0.14515301 wMSE=11057.8081 wMRED=1.32229812 wER=0.347573 wMAE=34.6870 wBias=-2.8455 condBias=60.3832 dotDrift=-1.732sigma uMRED=0.1692238110 uER=0.459229 uMAE=107.9375 WCE=1064 bias=-5.8750
[pop06] done (conf=0.53, noise=0.5); global best score=0.1473463894 wNMSE=0.072607666 wMSE=5531.2778 wMRED=1.50269500 wER=0.367688 wMAE=32.7006 wBias=0.2201 condBias=31.1146 dotDrift=+0.189sigma uMRED=0.0757986645 uER=0.401367 uMAE=34.3906 WCE=436 bias=-14.6250
[pop07_soft:00000] loss=39.819096 tau=1.50 collapse_w=0.000 mid_frac=0.393 hard=score=1093.0595479960 wNMSE=5.999712 wMSE=457060.1975 wMRED=28.01030657 wER=0.582215 wMAE=397.7315 wBias=141.9108 condBias=399.0164 dotDrift=+13.434sigma uMRED=0.8629302389 uER=0.575928 uMAE=311.5034 WCE=2097 bias=122.4375
[pop07_soft:00200] loss=9.809510 tau=2.25 collapse_w=0.000 mid_frac=0.405 hard=score=1260.5224691892 wNMSE=4.5988977 wMSE=350345.6607 wMRED=20.55460539 wER=0.578751 wMAE=259.1562 wBias=-152.6236 condBias=315.6618 dotDrift=-16.503sigma uMRED=0.6720193551 uER=0.571533 uMAE=257.6255 WCE=2164 bias=-56.8125
[pop07_soft:00400] loss=4.825997 tau=3.00 collapse_w=0.000 mid_frac=0.369 hard=score=15.4153169218 wNMSE=2.314685 wMSE=176333.5269 wMRED=8.80308089 wER=0.558920 wMAE=131.8720 wBias=14.9788 condBias=149.0934 dotDrift=+2.283sigma uMRED=0.4298054612 uER=0.564209 uMAE=180.3750 WCE=3656 bias=33.3750
[pop07_soft:00600] loss=1.470729 tau=3.75 collapse_w=0.000 mid_frac=0.310 hard=score=37.5042729476 wNMSE=0.5133821 wMSE=39109.6313 wMRED=4.65270793 wER=0.473362 wMAE=98.6710 wBias=-26.1320 condBias=79.7488 dotDrift=-8.457sigma uMRED=0.2786433003 uER=0.542725 uMAE=154.2402 WCE=1044 bias=-22.2500
[pop07_soft:00800] loss=1.086641 tau=4.50 collapse_w=0.084 mid_frac=0.262 hard=score=54.0651199400 wNMSE=0.51506069 wMSE=39237.5070 wMRED=4.80592713 wER=0.456205 wMAE=96.2216 wBias=-31.4780 condBias=85.5892 dotDrift=-10.170sigma uMRED=0.2710494646 uER=0.527100 uMAE=153.7578 WCE=980 bias=-11.3750
[pop07_soft:01000] loss=0.898422 tau=5.25 collapse_w=0.293 mid_frac=0.238 hard=score=51.3438512646 wNMSE=0.51469349 wMSE=39209.5330 wMRED=4.77647775 wER=0.456142 wMAE=95.8205 wBias=-30.6648 condBias=85.0066 dotDrift=-9.911sigma uMRED=0.2701688653 uER=0.527100 uMAE=153.9766 WCE=976 bias=-10.2500
[pop07_soft:01199] loss=0.732735 tau=6.00 collapse_w=0.500 mid_frac=0.232 hard=score=51.3438512646 wNMSE=0.51469349 wMSE=39209.5330 wMRED=4.77647775 wER=0.456142 wMAE=95.8205 wBias=-30.6648 condBias=85.0066 dotDrift=-9.911sigma uMRED=0.2701688653 uER=0.527100 uMAE=153.9766 WCE=976 bias=-10.2500
[pop07_hard:00000] loss=51.561020 tau=6.00 collapse_w=0.500 mid_frac=0.232 hard=score=51.3438512646 wNMSE=0.51469349 wMSE=39209.5330 wMRED=4.77647775 wER=0.456142 wMAE=95.8205 wBias=-30.6648 condBias=85.0066 dotDrift=-9.911sigma uMRED=0.2701688653 uER=0.527100 uMAE=153.9766 WCE=976 bias=-10.2500
[pop07_hard:00200] loss=51.556690 tau=6.00 collapse_w=0.500 mid_frac=0.232 hard=score=51.3438512646 wNMSE=0.51469349 wMSE=39209.5330 wMRED=4.77647775 wER=0.456142 wMAE=95.8205 wBias=-30.6648 condBias=85.0066 dotDrift=-9.911sigma uMRED=0.2701688653 uER=0.527100 uMAE=153.9766 WCE=976 bias=-10.2500
[pop07_hard:00400] loss=51.557144 tau=6.00 collapse_w=0.500 mid_frac=0.226 hard=score=51.3438512646 wNMSE=0.51469349 wMSE=39209.5330 wMRED=4.77647775 wER=0.456142 wMAE=95.8205 wBias=-30.6648 condBias=85.0066 dotDrift=-9.911sigma uMRED=0.2701688653 uER=0.527100 uMAE=153.9766 WCE=976 bias=-10.2500
[pop07_hard:00599] loss=1.024950 tau=6.00 collapse_w=0.500 mid_frac=0.208 hard=score=43.5844154120 wNMSE=0.55549878 wMSE=42318.0951 wMRED=4.56994490 wER=0.499938 wMAE=114.1694 wBias=28.1726 condBias=85.2651 dotDrift=+8.765sigma uMRED=0.3198738987 uER=0.534912 uMAE=187.2793 WCE=2696 bias=39.7500
[pop07] done (conf=0.51, noise=1.0); global best score=0.1473463894 wNMSE=0.072607666 wMSE=5531.2778 wMRED=1.50269500 wER=0.367688 wMAE=32.7006 wBias=0.2201 condBias=31.1146 dotDrift=+0.189sigma uMRED=0.0757986645 uER=0.401367 uMAE=34.3906 WCE=436 bias=-14.6250
[pop08_soft:00000] loss=34.982861 tau=1.50 collapse_w=0.000 mid_frac=0.321 hard=score=5927.6761921619 wNMSE=14.910607 wMSE=1135895.3376 wMRED=35.85853745 wER=0.559453 wMAE=546.1974 wBias=331.3190 condBias=608.2522 dotDrift=+19.896sigma uMRED=0.9743101616 uER=0.559814 uMAE=336.4609 WCE=3554 bias=160.1250
[pop08_soft:00200] loss=7.367939 tau=2.25 collapse_w=0.000 mid_frac=0.268 hard=score=817.6491171290 wNMSE=2.0633987 wMSE=157190.4510 wMRED=10.66045554 wER=0.514016 wMAE=155.4299 wBias=-123.0183 condBias=245.8925 dotDrift=-19.858sigma uMRED=0.4249773517 uER=0.548096 uMAE=173.1562 WCE=2256 bias=-147.8750
[pop08_soft:00400] loss=2.241169 tau=3.00 collapse_w=0.000 mid_frac=0.238 hard=score=3.9426938569 wNMSE=0.48284225 wMSE=36783.0946 wMRED=3.09329203 wER=0.438975 wMAE=68.7453 wBias=7.5124 condBias=81.7617 dotDrift=+2.507sigma uMRED=0.2759858569 uER=0.531006 uMAE=157.6367 WCE=3616 bias=21.5000
[pop08_soft:00600] loss=0.313546 tau=3.75 collapse_w=0.000 mid_frac=0.179 hard=score=2.7662365726 wNMSE=0.25615268 wMSE=19513.8023 wMRED=2.44801989 wER=0.384210 wMAE=57.6018 wBias=6.4934 condBias=81.4562 dotDrift=+2.975sigma uMRED=0.2020019496 uER=0.497070 uMAE=105.1582 WCE=1028 bias=-32.7500
[pop08_soft:00800] loss=0.230824 tau=4.50 collapse_w=0.084 mid_frac=0.173 hard=score=3.7947177992 wNMSE=0.24457277 wMSE=18631.6410 wMRED=2.25511657 wER=0.381619 wMAE=54.3439 wBias=7.8666 condBias=78.1377 dotDrift=+3.688sigma uMRED=0.1906193285 uER=0.480225 uMAE=98.6875 WCE=952 bias=-32.6250
[pop08_soft:01000] loss=0.182563 tau=5.25 collapse_w=0.293 mid_frac=0.143 hard=score=6.2124780858 wNMSE=0.23226014 wMSE=17693.6603 wMRED=2.21547724 wER=0.377737 wMAE=52.3014 wBias=10.3667 condBias=73.3109 dotDrift=+4.988sigma uMRED=0.1840027057 uER=0.471436 uMAE=95.2148 WCE=952 bias=-28.6250
[pop08_soft:01199] loss=0.128123 tau=6.00 collapse_w=0.500 mid_frac=0.137 hard=score=6.2124780858 wNMSE=0.23226014 wMSE=17693.6603 wMRED=2.21547724 wER=0.377737 wMAE=52.3014 wBias=10.3667 condBias=73.3109 dotDrift=+4.988sigma uMRED=0.1840027057 uER=0.471436 uMAE=95.2148 WCE=952 bias=-28.6250
[pop08_hard:00000] loss=6.301427 tau=6.00 collapse_w=0.500 mid_frac=0.137 hard=score=6.2124780858 wNMSE=0.23226014 wMSE=17693.6603 wMRED=2.21547724 wER=0.377737 wMAE=52.3014 wBias=10.3667 condBias=73.3109 dotDrift=+4.988sigma uMRED=0.1840027057 uER=0.471436 uMAE=95.2148 WCE=952 bias=-28.6250
[pop08_hard:00200] loss=0.459551 tau=6.00 collapse_w=0.500 mid_frac=0.131 hard=score=0.3756060846 wNMSE=0.19190427 wMSE=14619.3359 wMRED=2.09693437 wER=0.376036 wMAE=46.7157 wBias=-0.2737 condBias=65.6647 dotDrift=-0.145sigma uMRED=0.1674753442 uER=0.467041 uMAE=89.7695 WCE=952 bias=-60.6250
[pop08_hard:00400] loss=0.453571 tau=6.00 collapse_w=0.500 mid_frac=0.119 hard=score=0.3756060846 wNMSE=0.19190427 wMSE=14619.3359 wMRED=2.09693437 wER=0.376036 wMAE=46.7157 wBias=-0.2737 condBias=65.6647 dotDrift=-0.145sigma uMRED=0.1674753442 uER=0.467041 uMAE=89.7695 WCE=952 bias=-60.6250
[pop08_hard:00599] loss=1.549876 tau=6.00 collapse_w=0.500 mid_frac=0.113 hard=score=1.4642693598 wNMSE=0.1525721 wMSE=11622.9969 wMRED=2.06532412 wER=0.376036 wMAE=43.7896 wBias=4.6663 condBias=59.1546 dotDrift=+2.770sigma uMRED=0.1375671014 uER=0.467041 uMAE=70.1133 WCE=736 bias=-28.6250
[pop08] done (conf=0.53, noise=0.5); global best score=0.1473463894 wNMSE=0.072607666 wMSE=5531.2778 wMRED=1.50269500 wER=0.367688 wMAE=32.7006 wBias=0.2201 condBias=31.1146 dotDrift=+0.189sigma uMRED=0.0757986645 uER=0.401367 uMAE=34.3906 WCE=436 bias=-14.6250
[pop09_soft:00000] loss=48.380188 tau=1.50 collapse_w=0.000 mid_frac=0.417 hard=score=970.2972315653 wNMSE=18.195734 wMSE=1386157.4878 wMRED=47.19120322 wER=0.556525 wMAE=617.9974 wBias=132.3101 condBias=629.1676 dotDrift=+7.192sigma uMRED=1.2554271382 uER=0.568604 uMAE=374.7646 WCE=2741 bias=183.6250
[pop09_soft:00200] loss=32.312817 tau=2.25 collapse_w=0.000 mid_frac=0.387 hard=score=214.0582957174 wNMSE=19.112188 wMSE=1455973.2730 wMRED=49.51281484 wER=0.548150 wMAE=630.1919 wBias=-58.3637 condBias=652.0436 dotDrift=-3.096sigma uMRED=1.3692914194 uER=0.569336 uMAE=413.7632 WCE=3353 bias=-119.1250
[pop09_soft:00400] loss=11.059691 tau=3.00 collapse_w=0.000 mid_frac=0.381 hard=score=3071.6078461324 wNMSE=8.1146574 wMSE=618177.4882 wMRED=24.72957263 wER=0.470144 wMAE=276.9880 wBias=-238.4515 condBias=457.3974 dotDrift=-19.410sigma uMRED=0.6969778626 uER=0.556641 uMAE=231.3516 WCE=2740 bias=5.3750
[pop09_soft:00600] loss=7.002645 tau=3.75 collapse_w=0.000 mid_frac=0.375 hard=score=714.7621610570 wNMSE=2.6994396 wMSE=205644.2721 wMRED=14.04596248 wER=0.480753 wMAE=186.0096 wBias=-114.9003 condBias=273.2110 dotDrift=-16.216sigma uMRED=0.4558483820 uER=0.550781 uMAE=177.3906 WCE=1632 bias=29.7500
[pop09_soft:00800] loss=5.480727 tau=4.50 collapse_w=0.084 mid_frac=0.381 hard=score=496.0740774309 wNMSE=2.9106027 wMSE=221730.7480 wMRED=14.59757570 wER=0.453281 wMAE=198.6820 wBias=-95.5217 condBias=257.7962 dotDrift=-12.983sigma uMRED=0.5338980883 uER=0.553467 uMAE=232.9062 WCE=1724 bias=116.0000
[pop09_soft:01000] loss=4.867191 tau=5.25 collapse_w=0.293 mid_frac=0.339 hard=score=583.9770804610 wNMSE=2.8394956 wMSE=216313.7894 wMRED=14.44237545 wER=0.516007 wMAE=190.8939 wBias=-103.7485 condBias=256.7960 dotDrift=-14.276sigma uMRED=0.5147477329 uER=0.565430 uMAE=220.4434 WCE=1724 bias=100.5000
[pop09_soft:01199] loss=4.351153 tau=6.00 collapse_w=0.500 mid_frac=0.327 hard=score=630.2433639280 wNMSE=2.8712789 wMSE=218735.0455 wMRED=14.51998720 wER=0.516007 wMAE=190.4916 wBias=-107.8078 condBias=264.4618 dotDrift=-14.753sigma uMRED=0.4931704253 uER=0.565430 uMAE=204.4434 WCE=1724 bias=82.5000
[pop09_hard:00000] loss=630.906677 tau=6.00 collapse_w=0.500 mid_frac=0.327 hard=score=630.2433639280 wNMSE=2.8712789 wMSE=218735.0455 wMRED=14.51998720 wER=0.516007 wMAE=190.4916 wBias=-107.8078 condBias=264.4618 dotDrift=-14.753sigma uMRED=0.4931704253 uER=0.565430 uMAE=204.4434 WCE=1724 bias=82.5000
[pop09_hard:00200] loss=396.448120 tau=6.00 collapse_w=0.500 mid_frac=0.310 hard=score=395.7717306953 wNMSE=3.0641344 wMSE=233426.8519 wMRED=14.85517158 wER=0.516007 wMAE=208.3337 wBias=-85.1766 condBias=241.2736 dotDrift=-11.283sigma uMRED=0.5600933218 uER=0.565430 uMAE=241.3379 WCE=1724 bias=130.5000
[pop09_hard:00400] loss=123.180153 tau=6.00 collapse_w=0.500 mid_frac=0.280 hard=score=122.5332235234 wNMSE=3.58172 wMSE=272856.7037 wMRED=14.86157468 wER=0.510190 wMAE=231.1721 wBias=-46.4867 condBias=252.4437 dotDrift=-5.696sigma uMRED=0.6256744608 uER=0.564697 uMAE=277.9258 WCE=2332 bias=173.5000
[pop09_hard:00599] loss=13.414249 tau=6.00 collapse_w=0.500 mid_frac=0.256 hard=score=12.6035647435 wNMSE=3.8013536 wMSE=289588.4673 wMRED=18.08336348 wER=0.582394 wMAE=275.8355 wBias=10.6965 condBias=266.8100 dotDrift=+1.272sigma uMRED=0.6969768502 uER=0.577393 uMAE=296.9961 WCE=2332 bias=199.7500
[pop09] done (conf=0.51, noise=1.0); global best score=0.1473463894 wNMSE=0.072607666 wMSE=5531.2778 wMRED=1.50269500 wER=0.367688 wMAE=32.7006 wBias=0.2201 condBias=31.1146 dotDrift=+0.189sigma uMRED=0.0757986645 uER=0.401367 uMAE=34.3906 WCE=436 bias=-14.6250
[pop10_soft:00000] loss=28.567936 tau=1.50 collapse_w=0.000 mid_frac=0.315 hard=score=1087.9153867086 wNMSE=25.365597 wMSE=1932360.2125 wMRED=40.88576527 wER=0.576617 wMAE=694.4462 wBias=139.4361 condBias=727.0945 dotDrift=+6.420sigma uMRED=1.2077029145 uER=0.571533 uMAE=421.1504 WCE=3906 bias=133.0000
[pop10_soft:00200] loss=13.590404 tau=2.25 collapse_w=0.000 mid_frac=0.292 hard=score=3593.7437710850 wNMSE=8.9721933 wMSE=683504.8805 wMRED=26.28712202 wER=0.550654 wMAE=317.6727 wBias=-257.9287 condBias=504.2660 dotDrift=-19.967sigma uMRED=0.8378693568 uER=0.566406 uMAE=298.6553 WCE=2845 bias=-128.9375
[pop10_soft:00400] loss=7.085998 tau=3.00 collapse_w=0.000 mid_frac=0.256 hard=score=325.3436123968 wNMSE=2.8112666 wMSE=214163.2871 wMRED=13.60503972 wER=0.507246 wMAE=204.9648 wBias=-77.1892 condBias=232.5820 dotDrift=-10.675sigma uMRED=0.5150363819 uER=0.550293 uMAE=220.1387 WCE=1536 bias=93.2500
[pop10_soft:00600] loss=1.621080 tau=3.75 collapse_w=0.000 mid_frac=0.268 hard=score=7.2614344446 wNMSE=0.31103722 wMSE=23694.9261 wMRED=2.49902702 wER=0.469961 wMAE=68.6988 wBias=-11.1851 condBias=73.0693 dotDrift=-4.650sigma uMRED=0.2334751436 uER=0.534668 uMAE=131.1836 WCE=1168 bias=12.3750
[pop10_soft:00800] loss=0.596414 tau=4.50 collapse_w=0.084 mid_frac=0.220 hard=score=0.6092353701 wNMSE=0.30317614 wMSE=23096.0666 wMRED=2.38235063 wER=0.437635 wMAE=66.3370 wBias=-1.1666 condBias=73.3120 dotDrift=-0.491sigma uMRED=0.2290369083 uER=0.528809 uMAE=135.0996 WCE=1152 bias=11.2500
[pop10_soft:01000] loss=0.325543 tau=5.25 collapse_w=0.293 mid_frac=0.196 hard=score=17.8290013312 wNMSE=0.26616125 wMSE=20276.2589 wMRED=2.38057433 wER=0.432442 wMAE=57.7254 wBias=17.9409 condBias=79.4795 dotDrift=+8.064sigma uMRED=0.2290526185 uER=0.517822 uMAE=131.7598 WCE=1424 bias=39.0000
[pop10_soft:01199] loss=0.239673 tau=6.00 collapse_w=0.500 mid_frac=0.185 hard=score=17.8290013312 wNMSE=0.26616125 wMSE=20276.2589 wMRED=2.38057433 wER=0.432442 wMAE=57.7254 wBias=17.9409 condBias=79.4795 dotDrift=+8.064sigma uMRED=0.2290526185 uER=0.517822 uMAE=131.7598 WCE=1424 bias=39.0000
[pop10_hard:00000] loss=17.905823 tau=6.00 collapse_w=0.500 mid_frac=0.185 hard=score=17.8290013312 wNMSE=0.26616125 wMSE=20276.2589 wMRED=2.38057433 wER=0.432442 wMAE=57.7254 wBias=17.9409 condBias=79.4795 dotDrift=+8.064sigma uMRED=0.2290526185 uER=0.517822 uMAE=131.7598 WCE=1424 bias=39.0000
[pop10_hard:00200] loss=0.853147 tau=6.00 collapse_w=0.500 mid_frac=0.185 hard=score=0.7957662525 wNMSE=0.26273156 wMSE=20014.9838 wMRED=2.18444240 wER=0.431199 wMAE=56.5803 wBias=-2.3275 condBias=73.0454 dotDrift=-1.053sigma uMRED=0.2305738221 uER=0.517090 uMAE=135.5762 WCE=1576 bias=-49.0000
[pop10_hard:00400] loss=0.652961 tau=6.00 collapse_w=0.500 mid_frac=0.161 hard=score=0.5849174117 wNMSE=0.25545138 wMSE=19460.3775 wMRED=2.18025018 wER=0.431199 wMAE=56.3748 wBias=-1.4808 condBias=69.5840 dotDrift=-0.679sigma uMRED=0.2191588528 uER=0.517090 uMAE=132.5605 WCE=1296 bias=-33.0000
[pop10_hard:00599] loss=0.530019 tau=6.00 collapse_w=0.500 mid_frac=0.155 hard=score=0.4646917571 wNMSE=0.21726681 wMSE=16551.4628 wMRED=2.15341706 wER=0.431199 wMAE=53.9048 wBias=0.9893 condBias=64.5660 dotDrift=+0.492sigma uMRED=0.1948733146 uER=0.517090 uMAE=116.5605 WCE=1296 bias=-17.0000
[pop10] done (conf=0.53, noise=0.5); global best score=0.1473463894 wNMSE=0.072607666 wMSE=5531.2778 wMRED=1.50269500 wER=0.367688 wMAE=32.7006 wBias=0.2201 condBias=31.1146 dotDrift=+0.189sigma uMRED=0.0757986645 uER=0.401367 uMAE=34.3906 WCE=436 bias=-14.6250
[pop11_soft:00000] loss=47.463768 tau=1.50 collapse_w=0.000 mid_frac=0.452 hard=score=2460.7367814831 wNMSE=24.205431 wMSE=1843978.3731 wMRED=56.91831155 wER=0.580964 wMAE=648.0769 wBias=212.1487 condBias=641.7283 dotDrift=+9.999sigma uMRED=1.4542080581 uER=0.575928 uMAE=412.6860 WCE=3776 bias=124.6875
[pop11_soft:00200] loss=10.561147 tau=2.25 collapse_w=0.000 mid_frac=0.381 hard=score=1246.0879357103 wNMSE=12.289797 wMSE=936241.0988 wMRED=38.55365293 wER=0.582578 wMAE=444.0630 wBias=-150.9749 condBias=434.8132 dotDrift=-9.986sigma uMRED=1.1338554885 uER=0.578125 uMAE=356.3101 WCE=3856 bias=-275.8750
[pop11_soft:00400] loss=5.317319 tau=3.00 collapse_w=0.000 mid_frac=0.411 hard=score=912.3966972524 wNMSE=1.1398796 wMSE=86836.4373 wMRED=10.86040983 wER=0.505896 wMAE=140.3838 wBias=-130.1213 condBias=192.8255 dotDrift=-28.260sigma uMRED=0.4062314390 uER=0.550293 uMAE=174.6836 WCE=1536 bias=-59.6250
[pop11_soft:00600] loss=2.666119 tau=3.75 collapse_w=0.000 mid_frac=0.363 hard=score=164.4060616105 wNMSE=0.4186945 wMSE=31896.2963 wMRED=5.26387442 wER=0.481811 wMAE=86.9517 wBias=-55.1650 condBias=99.0574 dotDrift=-19.769sigma uMRED=0.3134293540 uER=0.545166 uMAE=205.2832 WCE=1664 bias=9.5000
[pop11_soft:00800] loss=2.012953 tau=4.50 collapse_w=0.084 mid_frac=0.321 hard=score=55.6093612484 wNMSE=0.38676352 wMSE=29463.7826 wMRED=4.62195969 wER=0.476867 wMAE=78.5479 wBias=-31.9458 condBias=87.7573 dotDrift=-11.911sigma uMRED=0.3200990626 uER=0.542969 uMAE=195.9336 WCE=1680 bias=25.0000
[pop11_soft:01000] loss=1.682654 tau=5.25 collapse_w=0.293 mid_frac=0.304 hard=score=66.4230982762 wNMSE=0.3831907 wMSE=29191.6038 wMRED=4.62233959 wER=0.476508 wMAE=76.8977 wBias=-34.9555 condBias=88.4955 dotDrift=-13.094sigma uMRED=0.3187536227 uER=0.542236 uMAE=193.0449 WCE=1680 bias=20.0000
[pop11_soft:01199] loss=1.380497 tau=6.00 collapse_w=0.500 mid_frac=0.280 hard=score=141.0407458123 wNMSE=0.34873501 wMSE=26566.7576 wMRED=4.57146236 wER=0.478440 wMAE=74.9632 wBias=-51.0905 condBias=93.6102 dotDrift=-20.061sigma uMRED=0.3083561937 uER=0.546631 uMAE=179.5879 WCE=1680 bias=-24.0000
[pop11_hard:00000] loss=141.217407 tau=6.00 collapse_w=0.500 mid_frac=0.280 hard=score=141.0407458123 wNMSE=0.34873501 wMSE=26566.7576 wMRED=4.57146236 wER=0.478440 wMAE=74.9632 wBias=-51.0905 condBias=93.6102 dotDrift=-20.061sigma uMRED=0.3083561937 uER=0.546631 uMAE=179.5879 WCE=1680 bias=-24.0000
[pop11_hard:00200] loss=59.119991 tau=6.00 collapse_w=0.500 mid_frac=0.268 hard=score=58.9434409193 wNMSE=0.39577132 wMSE=30149.9997 wMRED=4.65300090 wER=0.478440 wMAE=78.8094 wBias=-32.8962 condBias=92.5782 dotDrift=-12.125sigma uMRED=0.3252923487 uER=0.546631 uMAE=196.8691 WCE=1680 bias=24.0000
[pop11_hard:00400] loss=46.700985 tau=6.00 collapse_w=0.500 mid_frac=0.262 hard=score=46.5539604099 wNMSE=0.46351078 wMSE=35310.4163 wMRED=4.66746086 wER=0.478440 wMAE=80.6681 wBias=-29.1416 condBias=98.2687 dotDrift=-9.925sigma uMRED=0.3666881906 uER=0.546631 uMAE=226.3613 WCE=2272 bias=88.0000
[pop11_hard:00599] loss=503.261871 tau=6.00 collapse_w=0.500 mid_frac=0.262 hard=score=46.5539604099 wNMSE=0.46351078 wMSE=35310.4163 wMRED=4.66746086 wER=0.478440 wMAE=80.6681 wBias=-29.1416 condBias=98.2687 dotDrift=-9.925sigma uMRED=0.3666881906 uER=0.546631 uMAE=226.3613 WCE=2272 bias=88.0000
[pop11] done (conf=0.51, noise=1.0); global best score=0.1473463894 wNMSE=0.072607666 wMSE=5531.2778 wMRED=1.50269500 wER=0.367688 wMAE=32.7006 wBias=0.2201 condBias=31.1146 dotDrift=+0.189sigma uMRED=0.0757986645 uER=0.401367 uMAE=34.3906 WCE=436 bias=-14.6250
[best] stage=quad_hard_ste score=0.1473463894 wNMSE=0.072607666 wMSE=5531.2778 wMRED=1.50269500 wER=0.367688 wMAE=32.7006 wBias=0.2201 condBias=31.1146 dotDrift=+0.189sigma uMRED=0.0757986645 uER=0.401367 uMAE=34.3906 WCE=436 bias=-14.6250
[best-json] /home/xuanqi/tony/work/FPGA/signed8x8_approx/signed8x8_2026_8_22/runs_qwen_default/rand215/best_signed88_inits.json
[best-rtl] /home/xuanqi/tony/work/FPGA/signed8x8_approx/signed8x8_2026_8_22/runs_qwen_default/rand215/best_rtl
est_rtl
[design] default_split search_bits=168
[start] score=0.1473463894 wNMSE=0.072607666 wMSE=5531.2778 wMRED=1.50269500 wER=0.367688 wMAE=32.7006 wBias=0.2201 condBias=31.1146 dotDrift=+0.189sigma uMRED=0.0757986645 uER=0.401367 uMAE=34.3906 WCE=436 bias=-14.6250
[single] ACCEPT ['mid_lut01:23'] 0.1473463894->0.1446959104 wNMSE=0.072577736 wBias=-0.02152
[single] ACCEPT ['lo_lut45:47'] 0.1446959104->0.1431201648 wNMSE=0.072484438 wBias=+0.03450
[single] ACCEPT ['lo_lut45:15'] 0.1431201648->0.1430960189 wNMSE=0.072455437 wBias=+0.06251
[single] ACCEPT ['lo_lut01:23'] 0.1430960189->0.1430021305 wNMSE=0.072486169 wBias=+0.00219
[single] ACCEPT ['lo_lut45:19'] 0.1430021305->0.1429733652 wNMSE=0.072478972 wBias=+0.02860
[single] round=6 no improvement
[pair] ACCEPT ['mid_lut45:31', 'lo_lut67:31'] 0.1429733652->0.1314494881 wNMSE=0.064474746 wBias=+0.01968
[pair] ACCEPT ['lo_lut45:3', 'hi_lut01:55'] 0.1314494881->0.1234642881 wNMSE=0.061500075 wBias=-0.17718
[pair] ACCEPT ['mid_lut45:7', 'hi_lut01:23'] 0.1234642881->0.1141223389 wNMSE=0.058119768 wBias=+0.05216
[pair] ACCEPT ['mid_lut01:55', 'hi_lut45:15'] 0.1141223389->0.1114957500 wNMSE=0.056746139 wBias=+0.05898
[basin] ACCEPT ['lo_lut01:55', 'mid_lut01:63'] 0.1114957500->0.1113459649 wNMSE=0.056746252 wBias=-0.00378
[basin] ACCEPT ['lo_lut01:31', 'mid_lut01:27', 'lo_lut45:11'] 0.1113459649->0.1105837087 wNMSE=0.056517143 wBias=+0.01369
[final] score=0.1105837087 wNMSE=0.056517143 wMSE=4305.4961 wMRED=1.45057040 wER=0.512792 wMAE=31.8009 wBias=0.0137 condBias=23.7663 dotDrift=+0.013sigma uMRED=0.0665233867 uER=0.514160 uMAE=28.8350 WCE=384 bias=-6.0625
[json] /home/xuanqi/tony/work/FPGA/signed8x8_approx/signed8x8_2026_8_22/runs_qwen_default/rand215/refined/best_signed88_inits.json
Traceback (most recent call last):
  File "/home/xuanqi/tony/work/FPGA/signed8x8_approx/signed8x8_2026_8_22/../signed88_unified_trainer/refine.py", line 192, in <module>
    if __name__=='__main__': raise SystemExit(main())
  File "/home/xuanqi/tony/work/FPGA/signed8x8_approx/signed8x8_2026_8_22/../signed88_unified_trainer/refine.py", line 122, in main
    raise FileExistsError(
FileExistsError: refine output directory already contains protected artifact(s): ['best_signed88_inits.json', 'steps.json', 'best_rtl']; use a new --out-dir
