[design] balanced_split quad4 entries=112
[device] cuda
[initial] score=190.5772626259 wNMSE=0.70842158 wMSE=131979.8224 wMRED=9.35799802 wER=0.435777 wMAE=182.1297 wBias=92.7861 condBias=200.4688 dotDrift=+16.346sigma uMRED=0.3612703972 uER=0.431641 uMAE=127.0059 WCE=1184 bias=68.0000
[quad_warmup_bit:00000] loss=1.834861 tau=1.50 collapse_w=0.000 mid_frac=0.420 hard=score=190.5772626259 wNMSE=0.70842158 wMSE=131979.8224 wMRED=9.35799802 wER=0.435777 wMAE=182.1297 wBias=92.7861 condBias=200.4688 dotDrift=+16.346sigma uMRED=0.3612703972 uER=0.431641 uMAE=127.0059 WCE=1184 bias=68.0000
[quad_warmup_bit:00075] loss=1.229516 tau=1.50 collapse_w=0.000 mid_frac=0.420 hard=score=122.2917285724 wNMSE=0.58652727 wMSE=109270.7608 wMRED=8.41572451 wER=0.435777 wMAE=158.7841 wBias=74.2481 condBias=185.1296 dotDrift=+14.375sigma uMRED=0.3109351001 uER=0.431641 uMAE=105.6445 WCE=1168 bias=21.9375 *BEST*
[quad_warmup_bit:00100] loss=1.065119 tau=1.50 collapse_w=0.000 mid_frac=0.429 hard=score=119.2661945241 wNMSE=0.58141951 wMSE=108319.1789 wMRED=8.39800558 wER=0.435777 wMAE=158.3290 wBias=73.3186 condBias=184.3890 dotDrift=+14.257sigma uMRED=0.3098848062 uER=0.431641 uMAE=105.1562 WCE=1168 bias=20.8750 *BEST*
[quad_warmup_bit:00125] loss=0.919878 tau=1.50 collapse_w=0.000 mid_frac=0.429 hard=score=100.0305736486 wNMSE=0.60256219 wMSE=112258.0864 wMRED=8.45122912 wER=0.435777 wMAE=163.9065 wBias=67.0797 condBias=187.3318 dotDrift=+12.813sigma uMRED=0.3292100185 uER=0.431641 uMAE=120.2344 WCE=1168 bias=2.8750 *BEST*
[quad_warmup_bit:00150] loss=0.793106 tau=1.50 collapse_w=0.000 mid_frac=0.420 hard=score=94.2840451055 wNMSE=0.5943709 wMSE=110732.0388 wMRED=8.42924200 wER=0.435777 wMAE=162.1982 wBias=65.1077 condBias=186.3245 dotDrift=+12.522sigma uMRED=0.3237941780 uER=0.431641 uMAE=116.2344 WCE=1168 bias=-1.6250 *BEST*
[quad_warmup_bit:00175] loss=0.683761 tau=1.50 collapse_w=0.000 mid_frac=0.411 hard=score=34.5882792102 wNMSE=0.44274727 wMSE=82484.3680 wMRED=7.15463840 wER=0.435777 wMAE=140.3434 wBias=39.2028 condBias=153.1563 dotDrift=+8.736sigma uMRED=0.2879263621 uER=0.431641 uMAE=109.5234 WCE=912 bias=-13.6250 *BEST*
[quad_warmup_bit:00200] loss=0.590653 tau=1.50 collapse_w=0.000 mid_frac=0.411 hard=score=4.6317007063 wNMSE=0.15182203 wMSE=28284.6331 wMRED=4.06459446 wER=0.394543 wMAE=89.3930 wBias=-14.0635 condBias=90.5240 dotDrift=-5.352sigma uMRED=0.2007093760 uER=0.414062 uMAE=92.5781 WCE=644 bias=-34.2500 *BEST*
[quad_warmup_bit:00400] loss=0.255891 tau=1.50 collapse_w=0.000 mid_frac=0.375 hard=score=21.3174337891 wNMSE=0.20104706 wMSE=37455.3170 wMRED=4.78087444 wER=0.394543 wMAE=99.2309 wBias=-30.8660 condBias=105.0874 dotDrift=-10.207sigma uMRED=0.2253798066 uER=0.414062 uMAE=99.5000 WCE=772 bias=-51.8750
[quad_warmup_bit:00600] loss=0.211371 tau=1.50 collapse_w=0.000 mid_frac=0.357 hard=score=87.4630896102 wNMSE=0.34675445 wMSE=64600.7850 wMRED=6.52747057 wER=0.394543 wMAE=122.2484 wBias=-62.8444 condBias=137.0048 dotDrift=-15.824sigma uMRED=0.2773705490 uER=0.414062 uMAE=110.0781 WCE=856 bias=-71.8750
[quad_warmup_bit:00800] loss=0.197717 tau=1.50 collapse_w=0.000 mid_frac=0.339 hard=score=84.9115691002 wNMSE=0.34458523 wMSE=64196.6578 wMRED=6.49848230 wER=0.384265 wMAE=121.7475 wBias=-61.9159 condBias=136.3476 dotDrift=-15.640sigma uMRED=0.2761665823 uER=0.408203 uMAE=109.5781 WCE=848 bias=-71.0000
[quad_warmup_bit:01000] loss=0.188095 tau=1.50 collapse_w=0.000 mid_frac=0.321 hard=score=111.9861639553 wNMSE=0.31538801 wMSE=58757.1795 wMRED=6.03763666 wER=0.377450 wMAE=113.3509 wBias=-71.1794 condBias=131.8003 dotDrift=-18.793sigma uMRED=0.2604793538 uER=0.402344 uMAE=103.5469 WCE=816 bias=-89.3750
[quad_warmup_bit:01200] loss=0.179726 tau=1.50 collapse_w=0.000 mid_frac=0.304 hard=score=189.1595448876 wNMSE=0.28138123 wMSE=52421.6732 wMRED=4.68666716 wER=0.324659 wMAE=92.6128 wBias=-92.6128 condBias=169.0259 dotDrift=-25.888sigma uMRED=0.2240557827 uER=0.387695 uMAE=96.6250 WCE=804 bias=-96.6250
[quad_warmup_bit:01400] loss=0.172327 tau=1.50 collapse_w=0.000 mid_frac=0.295 hard=score=161.9400795114 wNMSE=0.24527526 wMSE=45695.0869 wMRED=4.21379419 wER=0.318576 wMAE=85.6860 wBias=-85.6860 condBias=158.6730 dotDrift=-25.654sigma uMRED=0.2079236045 uER=0.373047 uMAE=91.6250 WCE=804 bias=-91.6250
[quad_warmup_bit:01600] loss=0.165725 tau=1.50 collapse_w=0.000 mid_frac=0.295 hard=score=148.4528074398 wNMSE=0.22567916 wMSE=42044.3077 wMRED=4.16670240 wER=0.316619 wMAE=82.1350 wBias=-82.0403 condBias=152.1840 dotDrift=-25.607sigma uMRED=0.1989543873 uER=0.364258 uMAE=85.5000 WCE=704 bias=-85.1250
[quad_warmup_bit:01800] loss=0.159370 tau=1.50 collapse_w=0.000 mid_frac=0.250 hard=score=139.9196279714 wNMSE=0.21633662 wMSE=40303.7822 wMRED=4.12082828 wER=0.300396 wMAE=79.7402 wBias=-79.6455 condBias=147.4231 dotDrift=-25.390sigma uMRED=0.1936794417 uER=0.356445 uMAE=82.5000 WCE=704 bias=-82.1250
[quad_warmup_bit:02000] loss=0.153721 tau=1.50 collapse_w=0.000 mid_frac=0.250 hard=score=129.4423627048 wNMSE=0.21065817 wMSE=39245.8795 wMRED=4.08274256 wER=0.290640 wMAE=76.6924 wBias=-76.5977 condBias=145.3515 dotDrift=-24.746sigma uMRED=0.1876988574 uER=0.341797 uMAE=78.5000 WCE=704 bias=-78.1250
[quad_warmup_bit:02200] loss=0.148552 tau=1.50 collapse_w=0.000 mid_frac=0.259 hard=score=139.1107395022 wNMSE=0.22004816 wMSE=40995.2454 wMRED=4.37291085 wER=0.286231 wMAE=79.5062 wBias=-79.4115 condBias=144.9248 dotDrift=-25.101sigma uMRED=0.1877151398 uER=0.322266 uMAE=72.5000 WCE=768 bias=-72.1250
[quad_warmup_bit:02400] loss=0.143060 tau=1.50 collapse_w=0.000 mid_frac=0.250 hard=score=108.2442990764 wNMSE=0.16046558 wMSE=29894.9378 wMRED=3.67179430 wER=0.286231 wMAE=70.1498 wBias=-70.0551 condBias=126.4085 dotDrift=-25.931sigma uMRED=0.1672292996 uER=0.322266 uMAE=68.5000 WCE=640 bias=-68.1250
[quad_warmup_bit:02600] loss=0.136508 tau=1.50 collapse_w=0.000 mid_frac=0.268 hard=score=104.1698034813 wNMSE=0.1584338 wMSE=29516.4143 wMRED=3.66220065 wER=0.289058 wMAE=68.7935 wBias=-68.7215 condBias=123.5374 dotDrift=-25.600sigma uMRED=0.1623886471 uER=0.325195 uMAE=64.6562 WCE=640 bias=-64.3750
[quad_warmup_bit:02800] loss=0.128266 tau=1.50 collapse_w=0.000 mid_frac=0.241 hard=score=77.7920843661 wNMSE=0.13988779 wMSE=26061.2699 wMRED=3.06856536 wER=0.262197 wMAE=59.8902 wBias=-59.3674 condBias=117.2197 dotDrift=-23.536sigma uMRED=0.1446540093 uER=0.316406 uMAE=60.9375 WCE=576 bias=-60.3750
[quad_warmup_bit:03000] loss=0.119441 tau=1.50 collapse_w=0.000 mid_frac=0.232 hard=score=75.1393455584 wNMSE=0.13895191 wMSE=25886.9130 wMRED=3.05973965 wER=0.247740 wMAE=58.7721 wBias=-58.3443 condBias=115.5476 dotDrift=-23.208sigma uMRED=0.1410107209 uER=0.291016 uMAE=57.9688 WCE=544 bias=-57.5000
[quad_warmup_bit:03200] loss=0.112168 tau=1.50 collapse_w=0.000 mid_frac=0.196 hard=score=61.1937916839 wNMSE=0.12389171 wMSE=23081.1788 wMRED=3.01459461 wER=0.243209 wMAE=53.4065 wBias=-52.6439 condBias=104.1496 dotDrift=-22.177sigma uMRED=0.1220582105 uER=0.279297 uMAE=43.0938 WCE=512 bias=-41.5000
[quad_warmup_bit:03400] loss=0.105716 tau=1.50 collapse_w=0.000 mid_frac=0.170 hard=score=63.8908748922 wNMSE=0.13733324 wMSE=25585.3543 wMRED=3.04953963 wER=0.239657 wMAE=54.8922 wBias=-53.7844 condBias=106.4329 dotDrift=-21.520sigma uMRED=0.1211791728 uER=0.263672 uMAE=40.4219 WCE=612 bias=-37.5000
[quad_warmup_bit:03600] loss=0.099681 tau=1.50 collapse_w=0.000 mid_frac=0.143 hard=score=38.2214943043 wNMSE=0.10011843 wMSE=18652.1879 wMRED=2.87231720 wER=0.226604 wMAE=42.6882 wBias=-41.5804 condBias=82.0307 dotDrift=-19.485sigma uMRED=0.0943759275 uER=0.244141 uMAE=24.4219 WCE=512 bias=-21.5000
[quad_warmup_bit:03700] loss=0.097086 tau=1.50 collapse_w=0.000 mid_frac=0.134 hard=score=0.3932724167 wNMSE=0.002996623 wMSE=558.2746 wMRED=0.14583828 wER=0.183313 wMAE=7.3485 wBias=-4.1546 condBias=12.9417 dotDrift=-11.253sigma uMRED=0.0163898091 uER=0.228516 uMAE=9.7500 WCE=144 bias=-5.5000 *BEST*
[quad_warmup_bit:03800] loss=0.094785 tau=1.50 collapse_w=0.000 mid_frac=0.125 hard=score=0.3932724167 wNMSE=0.002996623 wMSE=558.2746 wMRED=0.14583828 wER=0.183313 wMAE=7.3485 wBias=-4.1546 condBias=12.9417 dotDrift=-11.253sigma uMRED=0.0163898091 uER=0.228516 uMAE=9.7500 WCE=144 bias=-5.5000
[quad_warmup_bit:04000] loss=0.090868 tau=1.50 collapse_w=0.000 mid_frac=0.116 hard=score=0.3932724167 wNMSE=0.002996623 wMSE=558.2746 wMRED=0.14583828 wER=0.183313 wMAE=7.3485 wBias=-4.1546 condBias=12.9417 dotDrift=-11.253sigma uMRED=0.0163898091 uER=0.228516 uMAE=9.7500 WCE=144 bias=-5.5000
[quad_warmup_bit:04200] loss=0.087476 tau=1.50 collapse_w=0.000 mid_frac=0.089 hard=score=0.2632006666 wNMSE=0.0024908317 wMSE=464.0450 wMRED=0.13033640 wER=0.183313 wMAE=6.5680 wBias=-3.3741 condBias=11.7767 dotDrift=-10.024sigma uMRED=0.0146470029 uER=0.228516 uMAE=8.7500 WCE=144 bias=-4.5000 *BEST*
[quad_warmup_bit:04400] loss=0.083384 tau=1.50 collapse_w=0.000 mid_frac=0.080 hard=score=0.2632006666 wNMSE=0.0024908317 wMSE=464.0450 wMRED=0.13033640 wER=0.183313 wMAE=6.5680 wBias=-3.3741 condBias=11.7767 dotDrift=-10.024sigma uMRED=0.0146470029 uER=0.228516 uMAE=8.7500 WCE=144 bias=-4.5000
[quad_warmup_bit:04600] loss=0.079022 tau=1.50 collapse_w=0.000 mid_frac=0.080 hard=score=0.2632006666 wNMSE=0.0024908317 wMSE=464.0450 wMRED=0.13033640 wER=0.183313 wMAE=6.5680 wBias=-3.3741 condBias=11.7767 dotDrift=-10.024sigma uMRED=0.0146470029 uER=0.228516 uMAE=8.7500 WCE=144 bias=-4.5000
[quad_warmup_bit:04675] loss=0.077598 tau=1.50 collapse_w=0.000 mid_frac=0.062 hard=score=0.2374432088 wNMSE=0.0024610396 wMSE=458.4947 wMRED=0.12935960 wER=0.181658 wMAE=6.4134 wBias=-3.1959 condBias=11.7653 dotDrift=-9.552sigma uMRED=0.0142296806 uER=0.222656 uMAE=8.3281 WCE=144 bias=-4.0000 *BEST*
[quad_warmup_bit:04800] loss=0.075557 tau=1.50 collapse_w=0.000 mid_frac=0.062 hard=score=0.2374432088 wNMSE=0.0024610396 wMSE=458.4947 wMRED=0.12935960 wER=0.181658 wMAE=6.4134 wBias=-3.1959 condBias=11.7653 dotDrift=-9.552sigma uMRED=0.0142296806 uER=0.222656 uMAE=8.3281 WCE=144 bias=-4.0000
[quad_warmup_bit:05000] loss=0.073124 tau=1.50 collapse_w=0.000 mid_frac=0.054 hard=score=0.2374432088 wNMSE=0.0024610396 wMSE=458.4947 wMRED=0.12935960 wER=0.181658 wMAE=6.4134 wBias=-3.1959 condBias=11.7653 dotDrift=-9.552sigma uMRED=0.0142296806 uER=0.222656 uMAE=8.3281 WCE=144 bias=-4.0000
[quad_warmup_bit:05200] loss=0.071479 tau=1.50 collapse_w=0.000 mid_frac=0.054 hard=score=0.2374432088 wNMSE=0.0024610396 wMSE=458.4947 wMRED=0.12935960 wER=0.181658 wMAE=6.4134 wBias=-3.1959 condBias=11.7653 dotDrift=-9.552sigma uMRED=0.0142296806 uER=0.222656 uMAE=8.3281 WCE=144 bias=-4.0000
[quad_warmup_bit:05400] loss=0.070342 tau=1.50 collapse_w=0.000 mid_frac=0.054 hard=score=0.2374432088 wNMSE=0.0024610396 wMSE=458.4947 wMRED=0.12935960 wER=0.181658 wMAE=6.4134 wBias=-3.1959 condBias=11.7653 dotDrift=-9.552sigma uMRED=0.0142296806 uER=0.222656 uMAE=8.3281 WCE=144 bias=-4.0000
[quad_warmup_bit:05450] loss=0.070112 tau=1.50 collapse_w=0.000 mid_frac=0.054 hard=score=0.1327170694 wNMSE=0.0022871279 wMSE=426.0948 wMRED=0.12632660 wER=0.188473 wMAE=6.4567 wBias=-2.3495 condBias=9.8950 dotDrift=-7.285sigma uMRED=0.0138624177 uER=0.228516 uMAE=8.3125 WCE=128 bias=-3.0000 *BEST*
[quad_warmup_bit:05600] loss=0.069511 tau=1.50 collapse_w=0.000 mid_frac=0.054 hard=score=0.1327170694 wNMSE=0.0022871279 wMSE=426.0948 wMRED=0.12632660 wER=0.188473 wMAE=6.4567 wBias=-2.3495 condBias=9.8950 dotDrift=-7.285sigma uMRED=0.0138624177 uER=0.228516 uMAE=8.3125 WCE=128 bias=-3.0000
[quad_warmup_bit:05675] loss=0.069253 tau=1.50 collapse_w=0.000 mid_frac=0.045 hard=score=0.0315674047 wNMSE=0.0011010333 wMSE=205.1239 wMRED=0.10684379 wER=0.180090 wMAE=4.7303 wBias=1.0401 condBias=8.4392 dotDrift=+4.648sigma uMRED=0.0102585035 uER=0.216797 uMAE=5.8906 WCE=96 bias=1.0000 *BEST*
[quad_warmup_bit:05800] loss=0.068874 tau=1.50 collapse_w=0.000 mid_frac=0.045 hard=score=0.0315674047 wNMSE=0.0011010333 wMSE=205.1239 wMRED=0.10684379 wER=0.180090 wMAE=4.7303 wBias=1.0401 condBias=8.4392 dotDrift=+4.648sigma uMRED=0.0102585035 uER=0.216797 uMAE=5.8906 WCE=96 bias=1.0000
[quad_warmup_bit:05999] loss=0.068370 tau=1.50 collapse_w=0.000 mid_frac=0.045 hard=score=0.0315674047 wNMSE=0.0011010333 wMSE=205.1239 wMRED=0.10684379 wER=0.180090 wMAE=4.7303 wBias=1.0401 condBias=8.4392 dotDrift=+4.648sigma uMRED=0.0102585035 uER=0.216797 uMAE=5.8906 WCE=96 bias=1.0000
[quad_soft:00000] loss=0.133703 tau=1.50 collapse_w=0.000 mid_frac=0.045 hard=score=0.0315674047 wNMSE=0.0011010333 wMSE=205.1239 wMRED=0.10684379 wER=0.180090 wMAE=4.7303 wBias=1.0401 condBias=8.4392 dotDrift=+4.648sigma uMRED=0.0102585035 uER=0.216797 uMAE=5.8906 WCE=96 bias=1.0000
[quad_soft:00075] loss=0.108976 tau=1.53 collapse_w=0.000 mid_frac=0.036 hard=score=0.0138197356 wNMSE=0.000831517 wMSE=154.9127 wMRED=0.09252890 wER=0.173275 wMAE=3.9624 wBias=0.5839 condBias=6.9197 dotDrift=+3.002sigma uMRED=0.0086901633 uER=0.210938 uMAE=5.0312 WCE=80 bias=0.5000 *BEST*
[quad_soft:00200] loss=0.094771 tau=1.59 collapse_w=0.000 mid_frac=0.027 hard=score=0.0209881584 wNMSE=0.00046973102 wMSE=87.5115 wMRED=0.08144872 wER=0.180090 wMAE=3.3788 wBias=0.8594 condBias=5.6140 dotDrift=+5.879sigma uMRED=0.0072849030 uER=0.216797 uMAE=4.1406 WCE=64 bias=0.7500
[quad_soft:00325] loss=0.088449 tau=1.65 collapse_w=0.000 mid_frac=0.009 hard=score=0.0078066122 wNMSE=0.00038734523 wMSE=72.1629 wMRED=0.07561153 wER=0.168912 wMAE=2.9556 wBias=0.4362 condBias=5.0347 dotDrift=+3.286sigma uMRED=0.0064918967 uER=0.201172 uMAE=3.6406 WCE=48 bias=0.2500 *BEST*
[quad_soft:00400] loss=0.085956 tau=1.68 collapse_w=0.000 mid_frac=0.009 hard=score=0.0078066122 wNMSE=0.00038734523 wMSE=72.1629 wMRED=0.07561153 wER=0.168912 wMAE=2.9556 wBias=0.4362 condBias=5.0347 dotDrift=+3.286sigma uMRED=0.0064918967 uER=0.201172 uMAE=3.6406 WCE=48 bias=0.2500
[quad_soft:00600] loss=0.082178 tau=1.77 collapse_w=0.000 mid_frac=0.009 hard=score=0.0078066122 wNMSE=0.00038734523 wMSE=72.1629 wMRED=0.07561153 wER=0.168912 wMAE=2.9556 wBias=0.4362 condBias=5.0347 dotDrift=+3.286sigma uMRED=0.0064918967 uER=0.201172 uMAE=3.6406 WCE=48 bias=0.2500
[quad_soft:00800] loss=0.079819 tau=1.86 collapse_w=0.000 mid_frac=0.009 hard=score=0.0078066122 wNMSE=0.00038734523 wMSE=72.1629 wMRED=0.07561153 wER=0.168912 wMAE=2.9556 wBias=0.4362 condBias=5.0347 dotDrift=+3.286sigma uMRED=0.0064918967 uER=0.201172 uMAE=3.6406 WCE=48 bias=0.2500
[quad_soft:01000] loss=0.077892 tau=1.95 collapse_w=0.000 mid_frac=0.009 hard=score=0.0078066122 wNMSE=0.00038734523 wMSE=72.1629 wMRED=0.07561153 wER=0.168912 wMAE=2.9556 wBias=0.4362 condBias=5.0347 dotDrift=+3.286sigma uMRED=0.0064918967 uER=0.201172 uMAE=3.6406 WCE=48 bias=0.2500
[quad_soft:01200] loss=0.076152 tau=2.04 collapse_w=0.000 mid_frac=0.009 hard=score=0.0078066122 wNMSE=0.00038734523 wMSE=72.1629 wMRED=0.07561153 wER=0.168912 wMAE=2.9556 wBias=0.4362 condBias=5.0347 dotDrift=+3.286sigma uMRED=0.0064918967 uER=0.201172 uMAE=3.6406 WCE=48 bias=0.2500
[quad_soft:01400] loss=0.074509 tau=2.13 collapse_w=0.000 mid_frac=0.009 hard=score=0.0078066122 wNMSE=0.00038734523 wMSE=72.1629 wMRED=0.07561153 wER=0.168912 wMAE=2.9556 wBias=0.4362 condBias=5.0347 dotDrift=+3.286sigma uMRED=0.0064918967 uER=0.201172 uMAE=3.6406 WCE=48 bias=0.2500
[quad_soft:01600] loss=0.072923 tau=2.22 collapse_w=0.000 mid_frac=0.009 hard=score=0.0078066122 wNMSE=0.00038734523 wMSE=72.1629 wMRED=0.07561153 wER=0.168912 wMAE=2.9556 wBias=0.4362 condBias=5.0347 dotDrift=+3.286sigma uMRED=0.0064918967 uER=0.201172 uMAE=3.6406 WCE=48 bias=0.2500
[quad_soft:01800] loss=0.071371 tau=2.31 collapse_w=0.000 mid_frac=0.009 hard=score=0.0078066122 wNMSE=0.00038734523 wMSE=72.1629 wMRED=0.07561153 wER=0.168912 wMAE=2.9556 wBias=0.4362 condBias=5.0347 dotDrift=+3.286sigma uMRED=0.0064918967 uER=0.201172 uMAE=3.6406 WCE=48 bias=0.2500
[quad_soft:02000] loss=0.069841 tau=2.40 collapse_w=0.000 mid_frac=0.009 hard=score=0.0078066122 wNMSE=0.00038734523 wMSE=72.1629 wMRED=0.07561153 wER=0.168912 wMAE=2.9556 wBias=0.4362 condBias=5.0347 dotDrift=+3.286sigma uMRED=0.0064918967 uER=0.201172 uMAE=3.6406 WCE=48 bias=0.2500
[quad_soft:02200] loss=0.068322 tau=2.49 collapse_w=0.000 mid_frac=0.009 hard=score=0.0078066122 wNMSE=0.00038734523 wMSE=72.1629 wMRED=0.07561153 wER=0.168912 wMAE=2.9556 wBias=0.4362 condBias=5.0347 dotDrift=+3.286sigma uMRED=0.0064918967 uER=0.201172 uMAE=3.6406 WCE=48 bias=0.2500
[quad_soft:02400] loss=0.066813 tau=2.58 collapse_w=0.000 mid_frac=0.009 hard=score=0.0078066122 wNMSE=0.00038734523 wMSE=72.1629 wMRED=0.07561153 wER=0.168912 wMAE=2.9556 wBias=0.4362 condBias=5.0347 dotDrift=+3.286sigma uMRED=0.0064918967 uER=0.201172 uMAE=3.6406 WCE=48 bias=0.2500
[quad_soft:02600] loss=0.065304 tau=2.67 collapse_w=0.000 mid_frac=0.018 hard=score=0.0078066122 wNMSE=0.00038734523 wMSE=72.1629 wMRED=0.07561153 wER=0.168912 wMAE=2.9556 wBias=0.4362 condBias=5.0347 dotDrift=+3.286sigma uMRED=0.0064918967 uER=0.201172 uMAE=3.6406 WCE=48 bias=0.2500
[quad_soft:02800] loss=0.063801 tau=2.76 collapse_w=0.000 mid_frac=0.018 hard=score=0.0078066122 wNMSE=0.00038734523 wMSE=72.1629 wMRED=0.07561153 wER=0.168912 wMAE=2.9556 wBias=0.4362 condBias=5.0347 dotDrift=+3.286sigma uMRED=0.0064918967 uER=0.201172 uMAE=3.6406 WCE=48 bias=0.2500
[quad_soft:03000] loss=0.062297 tau=2.85 collapse_w=0.000 mid_frac=0.018 hard=score=0.0078066122 wNMSE=0.00038734523 wMSE=72.1629 wMRED=0.07561153 wER=0.168912 wMAE=2.9556 wBias=0.4362 condBias=5.0347 dotDrift=+3.286sigma uMRED=0.0064918967 uER=0.201172 uMAE=3.6406 WCE=48 bias=0.2500
[quad_soft:03200] loss=0.060795 tau=2.94 collapse_w=0.000 mid_frac=0.018 hard=score=0.0078066122 wNMSE=0.00038734523 wMSE=72.1629 wMRED=0.07561153 wER=0.168912 wMAE=2.9556 wBias=0.4362 condBias=5.0347 dotDrift=+3.286sigma uMRED=0.0064918967 uER=0.201172 uMAE=3.6406 WCE=48 bias=0.2500
[quad_soft:03400] loss=0.059293 tau=3.03 collapse_w=0.000 mid_frac=0.018 hard=score=0.0078066122 wNMSE=0.00038734523 wMSE=72.1629 wMRED=0.07561153 wER=0.168912 wMAE=2.9556 wBias=0.4362 condBias=5.0347 dotDrift=+3.286sigma uMRED=0.0064918967 uER=0.201172 uMAE=3.6406 WCE=48 bias=0.2500
[quad_soft:03600] loss=0.057790 tau=3.12 collapse_w=0.000 mid_frac=0.018 hard=score=0.0078066122 wNMSE=0.00038734523 wMSE=72.1629 wMRED=0.07561153 wER=0.168912 wMAE=2.9556 wBias=0.4362 condBias=5.0347 dotDrift=+3.286sigma uMRED=0.0064918967 uER=0.201172 uMAE=3.6406 WCE=48 bias=0.2500
[quad_soft:03800] loss=0.056290 tau=3.21 collapse_w=0.000 mid_frac=0.018 hard=score=0.0078066122 wNMSE=0.00038734523 wMSE=72.1629 wMRED=0.07561153 wER=0.168912 wMAE=2.9556 wBias=0.4362 condBias=5.0347 dotDrift=+3.286sigma uMRED=0.0064918967 uER=0.201172 uMAE=3.6406 WCE=48 bias=0.2500
[quad_soft:04000] loss=0.054790 tau=3.30 collapse_w=0.000 mid_frac=0.018 hard=score=0.0078066122 wNMSE=0.00038734523 wMSE=72.1629 wMRED=0.07561153 wER=0.168912 wMAE=2.9556 wBias=0.4362 condBias=5.0347 dotDrift=+3.286sigma uMRED=0.0064918967 uER=0.201172 uMAE=3.6406 WCE=48 bias=0.2500
[quad_soft:04200] loss=0.053254 tau=3.39 collapse_w=0.000 mid_frac=0.018 hard=score=0.0078066122 wNMSE=0.00038734523 wMSE=72.1629 wMRED=0.07561153 wER=0.168912 wMAE=2.9556 wBias=0.4362 condBias=5.0347 dotDrift=+3.286sigma uMRED=0.0064918967 uER=0.201172 uMAE=3.6406 WCE=48 bias=0.2500
[quad_soft:04400] loss=0.051719 tau=3.48 collapse_w=0.000 mid_frac=0.018 hard=score=0.0078066122 wNMSE=0.00038734523 wMSE=72.1629 wMRED=0.07561153 wER=0.168912 wMAE=2.9556 wBias=0.4362 condBias=5.0347 dotDrift=+3.286sigma uMRED=0.0064918967 uER=0.201172 uMAE=3.6406 WCE=48 bias=0.2500
[quad_soft:04600] loss=0.050184 tau=3.57 collapse_w=0.000 mid_frac=0.018 hard=score=0.0078066122 wNMSE=0.00038734523 wMSE=72.1629 wMRED=0.07561153 wER=0.168912 wMAE=2.9556 wBias=0.4362 condBias=5.0347 dotDrift=+3.286sigma uMRED=0.0064918967 uER=0.201172 uMAE=3.6406 WCE=48 bias=0.2500
[quad_soft:04800] loss=0.048647 tau=3.66 collapse_w=0.000 mid_frac=0.018 hard=score=0.0078066122 wNMSE=0.00038734523 wMSE=72.1629 wMRED=0.07561153 wER=0.168912 wMAE=2.9556 wBias=0.4362 condBias=5.0347 dotDrift=+3.286sigma uMRED=0.0064918967 uER=0.201172 uMAE=3.6406 WCE=48 bias=0.2500
[quad_soft:05000] loss=0.047110 tau=3.75 collapse_w=0.000 mid_frac=0.018 hard=score=0.0078066122 wNMSE=0.00038734523 wMSE=72.1629 wMRED=0.07561153 wER=0.168912 wMAE=2.9556 wBias=0.4362 condBias=5.0347 dotDrift=+3.286sigma uMRED=0.0064918967 uER=0.201172 uMAE=3.6406 WCE=48 bias=0.2500
[quad_soft:05200] loss=0.045573 tau=3.84 collapse_w=0.000 mid_frac=0.018 hard=score=0.0078066122 wNMSE=0.00038734523 wMSE=72.1629 wMRED=0.07561153 wER=0.168912 wMAE=2.9556 wBias=0.4362 condBias=5.0347 dotDrift=+3.286sigma uMRED=0.0064918967 uER=0.201172 uMAE=3.6406 WCE=48 bias=0.2500
[quad_soft:05400] loss=0.044036 tau=3.93 collapse_w=0.000 mid_frac=0.036 hard=score=0.0078066122 wNMSE=0.00038734523 wMSE=72.1629 wMRED=0.07561153 wER=0.168912 wMAE=2.9556 wBias=0.4362 condBias=5.0347 dotDrift=+3.286sigma uMRED=0.0064918967 uER=0.201172 uMAE=3.6406 WCE=48 bias=0.2500
[quad_soft:05600] loss=0.042500 tau=4.02 collapse_w=0.000 mid_frac=0.036 hard=score=0.0078066122 wNMSE=0.00038734523 wMSE=72.1629 wMRED=0.07561153 wER=0.168912 wMAE=2.9556 wBias=0.4362 condBias=5.0347 dotDrift=+3.286sigma uMRED=0.0064918967 uER=0.201172 uMAE=3.6406 WCE=48 bias=0.2500
[quad_soft:05800] loss=0.040960 tau=4.11 collapse_w=0.000 mid_frac=0.036 hard=score=0.0078066122 wNMSE=0.00038734523 wMSE=72.1629 wMRED=0.07561153 wER=0.168912 wMAE=2.9556 wBias=0.4362 condBias=5.0347 dotDrift=+3.286sigma uMRED=0.0064918967 uER=0.201172 uMAE=3.6406 WCE=48 bias=0.2500
[quad_soft:06000] loss=0.039422 tau=4.20 collapse_w=0.000 mid_frac=0.036 hard=score=0.0078066122 wNMSE=0.00038734523 wMSE=72.1629 wMRED=0.07561153 wER=0.168912 wMAE=2.9556 wBias=0.4362 condBias=5.0347 dotDrift=+3.286sigma uMRED=0.0064918967 uER=0.201172 uMAE=3.6406 WCE=48 bias=0.2500
[quad_soft:06200] loss=0.038762 tau=4.29 collapse_w=0.025 mid_frac=0.027 hard=score=0.0078066122 wNMSE=0.00038734523 wMSE=72.1629 wMRED=0.07561153 wER=0.168912 wMAE=2.9556 wBias=0.4362 condBias=5.0347 dotDrift=+3.286sigma uMRED=0.0064918967 uER=0.201172 uMAE=3.6406 WCE=48 bias=0.2500
[quad_soft:06400] loss=0.037975 tau=4.38 collapse_w=0.050 mid_frac=0.027 hard=score=0.0078066122 wNMSE=0.00038734523 wMSE=72.1629 wMRED=0.07561153 wER=0.168912 wMAE=2.9556 wBias=0.4362 condBias=5.0347 dotDrift=+3.286sigma uMRED=0.0064918967 uER=0.201172 uMAE=3.6406 WCE=48 bias=0.2500
[quad_soft:06600] loss=0.037116 tau=4.47 collapse_w=0.075 mid_frac=0.027 hard=score=0.0078066122 wNMSE=0.00038734523 wMSE=72.1629 wMRED=0.07561153 wER=0.168912 wMAE=2.9556 wBias=0.4362 condBias=5.0347 dotDrift=+3.286sigma uMRED=0.0064918967 uER=0.201172 uMAE=3.6406 WCE=48 bias=0.2500
[quad_soft:06800] loss=0.036203 tau=4.56 collapse_w=0.100 mid_frac=0.018 hard=score=0.0098543745 wNMSE=0.00037274588 wMSE=69.4430 wMRED=0.07394427 wER=0.168912 wMAE=2.8580 wBias=0.5338 condBias=4.8781 dotDrift=+4.099sigma uMRED=0.0062974613 uER=0.201172 uMAE=3.5156 WCE=48 bias=0.3750
[quad_soft:07000] loss=0.035249 tau=4.65 collapse_w=0.125 mid_frac=0.009 hard=score=0.0098543745 wNMSE=0.00037274588 wMSE=69.4430 wMRED=0.07394427 wER=0.168912 wMAE=2.8580 wBias=0.5338 condBias=4.8781 dotDrift=+4.099sigma uMRED=0.0062974613 uER=0.201172 uMAE=3.5156 WCE=48 bias=0.3750
[quad_soft:07200] loss=0.034256 tau=4.74 collapse_w=0.150 mid_frac=0.009 hard=score=0.0098543745 wNMSE=0.00037274588 wMSE=69.4430 wMRED=0.07394427 wER=0.168912 wMAE=2.8580 wBias=0.5338 condBias=4.8781 dotDrift=+4.099sigma uMRED=0.0062974613 uER=0.201172 uMAE=3.5156 WCE=48 bias=0.3750
[quad_soft:07400] loss=0.033222 tau=4.83 collapse_w=0.175 mid_frac=0.000 hard=score=0.0098543745 wNMSE=0.00037274588 wMSE=69.4430 wMRED=0.07394427 wER=0.168912 wMAE=2.8580 wBias=0.5338 condBias=4.8781 dotDrift=+4.099sigma uMRED=0.0062974613 uER=0.201172 uMAE=3.5156 WCE=48 bias=0.3750
[quad_soft:07600] loss=0.032119 tau=4.92 collapse_w=0.200 mid_frac=0.000 hard=score=0.0098543745 wNMSE=0.00037274588 wMSE=69.4430 wMRED=0.07394427 wER=0.168912 wMAE=2.8580 wBias=0.5338 condBias=4.8781 dotDrift=+4.099sigma uMRED=0.0062974613 uER=0.201172 uMAE=3.5156 WCE=48 bias=0.3750
[quad_soft:07800] loss=0.030963 tau=5.01 collapse_w=0.225 mid_frac=0.000 hard=score=0.0098543745 wNMSE=0.00037274588 wMSE=69.4430 wMRED=0.07394427 wER=0.168912 wMAE=2.8580 wBias=0.5338 condBias=4.8781 dotDrift=+4.099sigma uMRED=0.0062974613 uER=0.201172 uMAE=3.5156 WCE=48 bias=0.3750
[quad_soft:08000] loss=0.029786 tau=5.10 collapse_w=0.250 mid_frac=0.000 hard=score=0.0098543745 wNMSE=0.00037274588 wMSE=69.4430 wMRED=0.07394427 wER=0.168912 wMAE=2.8580 wBias=0.5338 condBias=4.8781 dotDrift=+4.099sigma uMRED=0.0062974613 uER=0.201172 uMAE=3.5156 WCE=48 bias=0.3750
[quad_soft:08200] loss=0.028582 tau=5.19 collapse_w=0.275 mid_frac=0.000 hard=score=0.0098543745 wNMSE=0.00037274588 wMSE=69.4430 wMRED=0.07394427 wER=0.168912 wMAE=2.8580 wBias=0.5338 condBias=4.8781 dotDrift=+4.099sigma uMRED=0.0062974613 uER=0.201172 uMAE=3.5156 WCE=48 bias=0.3750
[quad_soft:08400] loss=0.027342 tau=5.28 collapse_w=0.300 mid_frac=0.000 hard=score=0.0098543745 wNMSE=0.00037274588 wMSE=69.4430 wMRED=0.07394427 wER=0.168912 wMAE=2.8580 wBias=0.5338 condBias=4.8781 dotDrift=+4.099sigma uMRED=0.0062974613 uER=0.201172 uMAE=3.5156 WCE=48 bias=0.3750
[quad_soft:08600] loss=0.026061 tau=5.37 collapse_w=0.325 mid_frac=0.000 hard=score=0.0098543745 wNMSE=0.00037274588 wMSE=69.4430 wMRED=0.07394427 wER=0.168912 wMAE=2.8580 wBias=0.5338 condBias=4.8781 dotDrift=+4.099sigma uMRED=0.0062974613 uER=0.201172 uMAE=3.5156 WCE=48 bias=0.3750
[quad_soft:08800] loss=0.024727 tau=5.46 collapse_w=0.350 mid_frac=0.000 hard=score=0.0098543745 wNMSE=0.00037274588 wMSE=69.4430 wMRED=0.07394427 wER=0.168912 wMAE=2.8580 wBias=0.5338 condBias=4.8781 dotDrift=+4.099sigma uMRED=0.0062974613 uER=0.201172 uMAE=3.5156 WCE=48 bias=0.3750
[quad_soft:09000] loss=0.023339 tau=5.55 collapse_w=0.375 mid_frac=0.000 hard=score=0.0098543745 wNMSE=0.00037274588 wMSE=69.4430 wMRED=0.07394427 wER=0.168912 wMAE=2.8580 wBias=0.5338 condBias=4.8781 dotDrift=+4.099sigma uMRED=0.0062974613 uER=0.201172 uMAE=3.5156 WCE=48 bias=0.3750
[quad_soft:09200] loss=0.021851 tau=5.64 collapse_w=0.400 mid_frac=0.000 hard=score=0.0098543745 wNMSE=0.00037274588 wMSE=69.4430 wMRED=0.07394427 wER=0.168912 wMAE=2.8580 wBias=0.5338 condBias=4.8781 dotDrift=+4.099sigma uMRED=0.0062974613 uER=0.201172 uMAE=3.5156 WCE=48 bias=0.3750
[quad_soft:09400] loss=0.020239 tau=5.73 collapse_w=0.425 mid_frac=0.000 hard=score=0.0098543745 wNMSE=0.00037274588 wMSE=69.4430 wMRED=0.07394427 wER=0.168912 wMAE=2.8580 wBias=0.5338 condBias=4.8781 dotDrift=+4.099sigma uMRED=0.0062974613 uER=0.201172 uMAE=3.5156 WCE=48 bias=0.3750
[quad_soft:09600] loss=0.018565 tau=5.82 collapse_w=0.450 mid_frac=0.000 hard=score=0.0098543745 wNMSE=0.00037274588 wMSE=69.4430 wMRED=0.07394427 wER=0.168912 wMAE=2.8580 wBias=0.5338 condBias=4.8781 dotDrift=+4.099sigma uMRED=0.0062974613 uER=0.201172 uMAE=3.5156 WCE=48 bias=0.3750
[quad_soft:09800] loss=0.016702 tau=5.91 collapse_w=0.475 mid_frac=0.000 hard=score=0.0098543745 wNMSE=0.00037274588 wMSE=69.4430 wMRED=0.07394427 wER=0.168912 wMAE=2.8580 wBias=0.5338 condBias=4.8781 dotDrift=+4.099sigma uMRED=0.0062974613 uER=0.201172 uMAE=3.5156 WCE=48 bias=0.3750
[quad_soft:09999] loss=0.014518 tau=6.00 collapse_w=0.500 mid_frac=0.000 hard=score=0.0098543745 wNMSE=0.00037274588 wMSE=69.4430 wMRED=0.07394427 wER=0.168912 wMAE=2.8580 wBias=0.5338 condBias=4.8781 dotDrift=+4.099sigma uMRED=0.0062974613 uER=0.201172 uMAE=3.5156 WCE=48 bias=0.3750
[quad_hard_ste:00000] loss=0.016518 tau=6.00 collapse_w=0.500 mid_frac=0.000 hard=score=0.0098543745 wNMSE=0.00037274588 wMSE=69.4430 wMRED=0.07394427 wER=0.168912 wMAE=2.8580 wBias=0.5338 condBias=4.8781 dotDrift=+4.099sigma uMRED=0.0062974613 uER=0.201172 uMAE=3.5156 WCE=48 bias=0.3750
[quad_hard_ste:00200] loss=0.196958 tau=6.00 collapse_w=0.500 mid_frac=0.009 hard=score=0.1904828447 wNMSE=0.0021056933 wMSE=392.2933 wMRED=0.11086694 wER=0.180085 wMAE=5.3803 wBias=-2.8558 condBias=9.8110 dotDrift=-9.228sigma uMRED=0.0116601301 uER=0.216797 uMAE=6.6875 WCE=128 bias=-3.6250
[quad_hard_ste:00400] loss=0.017417 tau=6.00 collapse_w=0.500 mid_frac=0.000 hard=score=0.0098543745 wNMSE=0.00037274588 wMSE=69.4430 wMRED=0.07394427 wER=0.168912 wMAE=2.8580 wBias=0.5338 condBias=4.8781 dotDrift=+4.099sigma uMRED=0.0062974613 uER=0.201172 uMAE=3.5156 WCE=48 bias=0.3750
[quad_hard_ste:00600] loss=0.016985 tau=6.00 collapse_w=0.500 mid_frac=0.000 hard=score=0.0098543745 wNMSE=0.00037274588 wMSE=69.4430 wMRED=0.07394427 wER=0.168912 wMAE=2.8580 wBias=0.5338 condBias=4.8781 dotDrift=+4.099sigma uMRED=0.0062974613 uER=0.201172 uMAE=3.5156 WCE=48 bias=0.3750
[quad_hard_ste:00800] loss=0.016688 tau=6.00 collapse_w=0.500 mid_frac=0.000 hard=score=0.0098543745 wNMSE=0.00037274588 wMSE=69.4430 wMRED=0.07394427 wER=0.168912 wMAE=2.8580 wBias=0.5338 condBias=4.8781 dotDrift=+4.099sigma uMRED=0.0062974613 uER=0.201172 uMAE=3.5156 WCE=48 bias=0.3750
[quad_hard_ste:01000] loss=0.016476 tau=6.00 collapse_w=0.500 mid_frac=0.000 hard=score=0.0098543745 wNMSE=0.00037274588 wMSE=69.4430 wMRED=0.07394427 wER=0.168912 wMAE=2.8580 wBias=0.5338 condBias=4.8781 dotDrift=+4.099sigma uMRED=0.0062974613 uER=0.201172 uMAE=3.5156 WCE=48 bias=0.3750
[quad_hard_ste:01200] loss=0.016312 tau=6.00 collapse_w=0.500 mid_frac=0.000 hard=score=0.0098543745 wNMSE=0.00037274588 wMSE=69.4430 wMRED=0.07394427 wER=0.168912 wMAE=2.8580 wBias=0.5338 condBias=4.8781 dotDrift=+4.099sigma uMRED=0.0062974613 uER=0.201172 uMAE=3.5156 WCE=48 bias=0.3750
[quad_hard_ste:01400] loss=0.016181 tau=6.00 collapse_w=0.500 mid_frac=0.000 hard=score=0.0098543745 wNMSE=0.00037274588 wMSE=69.4430 wMRED=0.07394427 wER=0.168912 wMAE=2.8580 wBias=0.5338 condBias=4.8781 dotDrift=+4.099sigma uMRED=0.0062974613 uER=0.201172 uMAE=3.5156 WCE=48 bias=0.3750
[quad_hard_ste:01600] loss=0.016072 tau=6.00 collapse_w=0.500 mid_frac=0.000 hard=score=0.0098543745 wNMSE=0.00037274588 wMSE=69.4430 wMRED=0.07394427 wER=0.168912 wMAE=2.8580 wBias=0.5338 condBias=4.8781 dotDrift=+4.099sigma uMRED=0.0062974613 uER=0.201172 uMAE=3.5156 WCE=48 bias=0.3750
[quad_hard_ste:01800] loss=0.015975 tau=6.00 collapse_w=0.500 mid_frac=0.000 hard=score=0.0098543745 wNMSE=0.00037274588 wMSE=69.4430 wMRED=0.07394427 wER=0.168912 wMAE=2.8580 wBias=0.5338 condBias=4.8781 dotDrift=+4.099sigma uMRED=0.0062974613 uER=0.201172 uMAE=3.5156 WCE=48 bias=0.3750
[quad_hard_ste:02000] loss=0.015897 tau=6.00 collapse_w=0.500 mid_frac=0.009 hard=score=0.1904828447 wNMSE=0.0021056933 wMSE=392.2933 wMRED=0.11086694 wER=0.180085 wMAE=5.3803 wBias=-2.8558 condBias=9.8110 dotDrift=-9.228sigma uMRED=0.0116601301 uER=0.216797 uMAE=6.6875 WCE=128 bias=-3.6250
[quad_hard_ste:02200] loss=0.015821 tau=6.00 collapse_w=0.500 mid_frac=0.000 hard=score=0.0098543745 wNMSE=0.00037274588 wMSE=69.4430 wMRED=0.07394427 wER=0.168912 wMAE=2.8580 wBias=0.5338 condBias=4.8781 dotDrift=+4.099sigma uMRED=0.0062974613 uER=0.201172 uMAE=3.5156 WCE=48 bias=0.3750
[quad_hard_ste:02400] loss=0.015755 tau=6.00 collapse_w=0.500 mid_frac=0.000 hard=score=0.0098543745 wNMSE=0.00037274588 wMSE=69.4430 wMRED=0.07394427 wER=0.168912 wMAE=2.8580 wBias=0.5338 condBias=4.8781 dotDrift=+4.099sigma uMRED=0.0062974613 uER=0.201172 uMAE=3.5156 WCE=48 bias=0.3750
[quad_hard_ste:02600] loss=0.015694 tau=6.00 collapse_w=0.500 mid_frac=0.000 hard=score=0.0098543745 wNMSE=0.00037274588 wMSE=69.4430 wMRED=0.07394427 wER=0.168912 wMAE=2.8580 wBias=0.5338 condBias=4.8781 dotDrift=+4.099sigma uMRED=0.0062974613 uER=0.201172 uMAE=3.5156 WCE=48 bias=0.3750
[quad_hard_ste:02800] loss=0.015632 tau=6.00 collapse_w=0.500 mid_frac=0.000 hard=score=0.0098543745 wNMSE=0.00037274588 wMSE=69.4430 wMRED=0.07394427 wER=0.168912 wMAE=2.8580 wBias=0.5338 condBias=4.8781 dotDrift=+4.099sigma uMRED=0.0062974613 uER=0.201172 uMAE=3.5156 WCE=48 bias=0.3750
[quad_hard_ste:03000] loss=0.015581 tau=6.00 collapse_w=0.500 mid_frac=0.000 hard=score=0.0098543745 wNMSE=0.00037274588 wMSE=69.4430 wMRED=0.07394427 wER=0.168912 wMAE=2.8580 wBias=0.5338 condBias=4.8781 dotDrift=+4.099sigma uMRED=0.0062974613 uER=0.201172 uMAE=3.5156 WCE=48 bias=0.3750
[quad_hard_ste:03200] loss=0.015526 tau=6.00 collapse_w=0.500 mid_frac=0.000 hard=score=0.0098543745 wNMSE=0.00037274588 wMSE=69.4430 wMRED=0.07394427 wER=0.168912 wMAE=2.8580 wBias=0.5338 condBias=4.8781 dotDrift=+4.099sigma uMRED=0.0062974613 uER=0.201172 uMAE=3.5156 WCE=48 bias=0.3750
[quad_hard_ste:03400] loss=0.015477 tau=6.00 collapse_w=0.500 mid_frac=0.000 hard=score=0.0098543745 wNMSE=0.00037274588 wMSE=69.4430 wMRED=0.07394427 wER=0.168912 wMAE=2.8580 wBias=0.5338 condBias=4.8781 dotDrift=+4.099sigma uMRED=0.0062974613 uER=0.201172 uMAE=3.5156 WCE=48 bias=0.3750
[quad_hard_ste:03600] loss=0.015426 tau=6.00 collapse_w=0.500 mid_frac=0.000 hard=score=0.0098543745 wNMSE=0.00037274588 wMSE=69.4430 wMRED=0.07394427 wER=0.168912 wMAE=2.8580 wBias=0.5338 condBias=4.8781 dotDrift=+4.099sigma uMRED=0.0062974613 uER=0.201172 uMAE=3.5156 WCE=48 bias=0.3750
[quad_hard_ste:03800] loss=0.194091 tau=6.00 collapse_w=0.500 mid_frac=0.000 hard=score=0.0098543745 wNMSE=0.00037274588 wMSE=69.4430 wMRED=0.07394427 wER=0.168912 wMAE=2.8580 wBias=0.5338 condBias=4.8781 dotDrift=+4.099sigma uMRED=0.0062974613 uER=0.201172 uMAE=3.5156 WCE=48 bias=0.3750
[quad_hard_ste:03999] loss=0.015336 tau=6.00 collapse_w=0.500 mid_frac=0.000 hard=score=0.0098543745 wNMSE=0.00037274588 wMSE=69.4430 wMRED=0.07394427 wER=0.168912 wMAE=2.8580 wBias=0.5338 condBias=4.8781 dotDrift=+4.099sigma uMRED=0.0062974613 uER=0.201172 uMAE=3.5156 WCE=48 bias=0.3750
[pop00_soft:00000] loss=2.445961 tau=1.50 collapse_w=0.000 mid_frac=0.312 hard=score=115.3775627395 wNMSE=0.24956506 wMSE=46494.2820 wMRED=5.09465569 wER=0.414921 wMAE=107.1328 wBias=72.2779 condBias=131.0797 dotDrift=+21.453sigma uMRED=0.2093212501 uER=0.416016 uMAE=80.3398 WCE=778 bias=42.0625
[pop00_soft:00200] loss=1.037131 tau=2.25 collapse_w=0.000 mid_frac=0.312 hard=score=19.4812575146 wNMSE=0.045660495 wMSE=8506.6071 wMRED=1.88488089 wER=0.398496 wMAE=42.8493 wBias=-29.6816 condBias=53.3519 dotDrift=-20.596sigma uMRED=0.1089336783 uER=0.414062 uMAE=57.6484 WCE=532 bias=-34.6250
[pop00_soft:00400] loss=0.504668 tau=3.00 collapse_w=0.000 mid_frac=0.241 hard=score=12.9224171144 wNMSE=0.03084743 wMSE=5746.9146 wMRED=1.67591969 wER=0.338090 wMAE=33.1712 wBias=-24.1743 condBias=44.8499 dotDrift=-20.409sigma uMRED=0.0803970829 uER=0.354492 uMAE=36.0859 WCE=336 bias=-13.5000
[pop00_soft:00600] loss=0.144512 tau=3.75 collapse_w=0.000 mid_frac=0.250 hard=score=3.5928729451 wNMSE=0.014539304 wMSE=2708.6905 wMRED=0.86047814 wER=0.309890 wMAE=20.2824 wBias=-12.7110 condBias=26.1600 dotDrift=-15.631sigma uMRED=0.0522756855 uER=0.343750 uMAE=27.5156 WCE=264 bias=-9.8750
[pop00_soft:00800] loss=0.059951 tau=4.50 collapse_w=0.084 mid_frac=0.214 hard=score=0.1656574122 wNMSE=0.0047761425 wMSE=889.8013 wMRED=0.17276417 wER=0.213874 wMAE=9.1339 wBias=-2.5796 condBias=15.9591 dotDrift=-5.535sigma uMRED=0.0223083696 uER=0.263672 uMAE=14.3594 WCE=192 bias=-0.5000
[pop00_soft:01000] loss=0.047604 tau=5.25 collapse_w=0.293 mid_frac=0.161 hard=score=0.4647839466 wNMSE=0.0076108568 wMSE=1417.9121 wMRED=0.18394418 wER=0.217420 wMAE=10.9971 wBias=-4.4428 condBias=19.7616 dotDrift=-7.551sigma uMRED=0.0314340618 uER=0.279297 uMAE=22.3594 WCE=308 bias=-8.5000
[pop00_soft:01199] loss=0.037378 tau=6.00 collapse_w=0.500 mid_frac=0.170 hard=score=0.4647839466 wNMSE=0.0076108568 wMSE=1417.9121 wMRED=0.18394418 wER=0.217420 wMAE=10.9971 wBias=-4.4428 condBias=19.7616 dotDrift=-7.551sigma uMRED=0.0314340618 uER=0.279297 uMAE=22.3594 WCE=308 bias=-8.5000
[pop00_hard:00000] loss=0.485247 tau=6.00 collapse_w=0.500 mid_frac=0.170 hard=score=0.4647839466 wNMSE=0.0076108568 wMSE=1417.9121 wMRED=0.18394418 wER=0.217420 wMAE=10.9971 wBias=-4.4428 condBias=19.7616 dotDrift=-7.551sigma uMRED=0.0314340618 uER=0.279297 uMAE=22.3594 WCE=308 bias=-8.5000
[pop00_hard:00200] loss=0.481336 tau=6.00 collapse_w=0.500 mid_frac=0.170 hard=score=0.4647839466 wNMSE=0.0076108568 wMSE=1417.9121 wMRED=0.18394418 wER=0.217420 wMAE=10.9971 wBias=-4.4428 condBias=19.7616 dotDrift=-7.551sigma uMRED=0.0314340618 uER=0.279297 uMAE=22.3594 WCE=308 bias=-8.5000
[pop00_hard:00400] loss=0.064385 tau=6.00 collapse_w=0.500 mid_frac=0.161 hard=score=0.0517752971 wNMSE=0.0055868331 wMSE=1040.8340 wMRED=0.14044976 wER=0.209037 wMAE=8.2669 wBias=-1.0532 condBias=16.2460 dotDrift=-2.089sigma uMRED=0.0254484949 uER=0.267578 uMAE=18.9844 WCE=308 bias=-4.5000
[pop00_hard:00599] loss=0.037874 tau=6.00 collapse_w=0.500 mid_frac=0.134 hard=score=0.0369296855 wNMSE=0.0072837702 wMSE=1356.9754 wMRED=0.14488764 wER=0.197859 wMAE=8.6522 wBias=0.5619 condBias=18.6152 dotDrift=+0.976sigma uMRED=0.0273942508 uER=0.251953 uMAE=20.4219 WCE=308 bias=-1.5000
[pop00] done (conf=0.53, noise=0.5); global best score=0.0078066122 wNMSE=0.00038734523 wMSE=72.1629 wMRED=0.07561153 wER=0.168912 wMAE=2.9556 wBias=0.4362 condBias=5.0347 dotDrift=+3.286sigma uMRED=0.0064918967 uER=0.201172 uMAE=3.6406 WCE=48 bias=0.2500
[pop01_soft:00000] loss=2.649333 tau=1.50 collapse_w=0.000 mid_frac=0.402 hard=score=56.0671787930 wNMSE=0.22525842 wMSE=41965.9235 wMRED=3.88839946 wER=0.432594 wMAE=85.8679 wBias=50.3144 condBias=103.5317 dotDrift=+15.719sigma uMRED=0.1886530610 uER=0.430664 uMAE=89.3223 WCE=723 bias=34.0000
[pop01_soft:00200] loss=1.410441 tau=2.25 collapse_w=0.000 mid_frac=0.348 hard=score=1.1978728338 wNMSE=0.21127808 wMSE=39361.3694 wMRED=3.98253556 wER=0.437141 wMAE=89.0524 wBias=6.0432 condBias=104.7161 dotDrift=+1.949sigma uMRED=0.1917970826 uER=0.437500 uMAE=86.0723 WCE=823 bias=-35.8750
[pop01_soft:00400] loss=0.892335 tau=3.00 collapse_w=0.000 mid_frac=0.366 hard=score=5.5538808809 wNMSE=0.18880721 wMSE=35175.0190 wMRED=3.55794046 wER=0.398651 wMAE=81.7430 wBias=15.3860 condBias=97.9523 dotDrift=+5.250sigma uMRED=0.1747544533 uER=0.423828 uMAE=80.2266 WCE=692 bias=-28.5000
[pop01_soft:00600] loss=0.573651 tau=3.75 collapse_w=0.000 mid_frac=0.357 hard=score=20.1536992065 wNMSE=0.16564987 wMSE=30860.7775 wMRED=3.36856447 wER=0.366196 wMAE=75.9184 wBias=30.0447 condBias=90.3444 dotDrift=+10.946sigma uMRED=0.1590927120 uER=0.405273 uMAE=70.4531 WCE=612 bias=-12.1250
[pop01_soft:00800] loss=0.362808 tau=4.50 collapse_w=0.084 mid_frac=0.411 hard=score=0.1103535214 wNMSE=0.047651587 wMSE=8877.5500 wMRED=0.65146603 wER=0.295468 wMAE=29.6495 wBias=-0.2655 condBias=46.0069 dotDrift=-0.180sigma uMRED=0.0851554380 uER=0.353516 uMAE=59.1016 WCE=592 bias=6.8750
[pop01_soft:01000] loss=0.280534 tau=5.25 collapse_w=0.293 mid_frac=0.402 hard=score=0.1115392338 wNMSE=0.047546636 wMSE=8857.9974 wMRED=0.65145892 wER=0.295468 wMAE=29.7072 wBias=-0.3815 condBias=45.6869 dotDrift=-0.259sigma uMRED=0.0852213011 uER=0.353516 uMAE=59.3516 WCE=592 bias=6.3750
[pop01_soft:01199] loss=0.217535 tau=6.00 collapse_w=0.500 mid_frac=0.384 hard=score=0.1158302436 wNMSE=0.047641456 wMSE=8875.6626 wMRED=0.65470411 wER=0.295468 wMAE=29.8943 wBias=-0.5767 condBias=45.8311 dotDrift=-0.392sigma uMRED=0.0855536836 uER=0.353516 uMAE=59.5703 WCE=592 bias=6.1250
[pop01_hard:00000] loss=0.157400 tau=6.00 collapse_w=0.500 mid_frac=0.384 hard=score=0.1158302436 wNMSE=0.047641456 wMSE=8875.6626 wMRED=0.65470411 wER=0.295468 wMAE=29.8943 wBias=-0.5767 condBias=45.8311 dotDrift=-0.392sigma uMRED=0.0855536836 uER=0.353516 uMAE=59.5703 WCE=592 bias=6.1250
[pop01_hard:00200] loss=0.146284 tau=6.00 collapse_w=0.500 mid_frac=0.375 hard=score=0.1083901575 wNMSE=0.04735815 wMSE=8822.8822 wMRED=0.64319787 wER=0.276543 wMAE=29.5184 wBias=-0.1420 condBias=45.6792 dotDrift=-0.097sigma uMRED=0.0848772007 uER=0.337891 uMAE=59.3203 WCE=592 bias=6.6250
[pop01_hard:00400] loss=0.144148 tau=6.00 collapse_w=0.500 mid_frac=0.375 hard=score=0.1158302436 wNMSE=0.047641456 wMSE=8875.6626 wMRED=0.65470411 wER=0.295468 wMAE=29.8943 wBias=-0.5767 condBias=45.8311 dotDrift=-0.392sigma uMRED=0.0855536836 uER=0.353516 uMAE=59.5703 WCE=592 bias=6.1250
[pop01_hard:00599] loss=0.150719 tau=6.00 collapse_w=0.500 mid_frac=0.366 hard=score=0.1158302436 wNMSE=0.047641456 wMSE=8875.6626 wMRED=0.65470411 wER=0.295468 wMAE=29.8943 wBias=-0.5767 condBias=45.8311 dotDrift=-0.392sigma uMRED=0.0855536836 uER=0.353516 uMAE=59.5703 WCE=592 bias=6.1250
[pop01] done (conf=0.51, noise=1.0); global best score=0.0078066122 wNMSE=0.00038734523 wMSE=72.1629 wMRED=0.07561153 wER=0.168912 wMAE=2.9556 wBias=0.4362 condBias=5.0347 dotDrift=+3.286sigma uMRED=0.0064918967 uER=0.201172 uMAE=3.6406 WCE=48 bias=0.2500
[pop02_soft:00000] loss=1.441996 tau=1.50 collapse_w=0.000 mid_frac=0.277 hard=score=0.3216650713 wNMSE=0.14421086 wMSE=26866.6623 wMRED=1.52882518 wER=0.422582 wMAE=60.8678 wBias=1.4353 condBias=87.3737 dotDrift=+0.560sigma uMRED=0.1480126963 uER=0.421875 uMAE=89.8281 WCE=784 bias=-17.0625
[pop02_soft:00200] loss=0.654938 tau=2.25 collapse_w=0.000 mid_frac=0.214 hard=score=2.0875185479 wNMSE=0.13681231 wMSE=25488.3034 wMRED=1.09071398 wER=0.395076 wMAE=52.7091 wBias=-9.1293 condBias=82.5451 dotDrift=-3.660sigma uMRED=0.1343122280 uER=0.413086 uMAE=86.0547 WCE=704 bias=-22.6250
[pop02_soft:00400] loss=0.238092 tau=3.00 collapse_w=0.000 mid_frac=0.223 hard=score=3.4183751742 wNMSE=0.098570797 wMSE=18363.8621 wMRED=0.89107594 wER=0.326843 wMAE=45.6183 wBias=-12.1039 condBias=69.2690 dotDrift=-5.716sigma uMRED=0.1191005320 uER=0.394531 uMAE=78.0156 WCE=676 bias=-47.6250
[pop02_soft:00600] loss=0.114019 tau=3.75 collapse_w=0.000 mid_frac=0.223 hard=score=1.2427479280 wNMSE=0.018903591 wMSE=3521.7625 wMRED=0.59199223 wER=0.306294 wMAE=21.6537 wBias=-7.3550 condBias=30.8926 dotDrift=-7.932sigma uMRED=0.0531976953 uER=0.343750 uMAE=31.4688 WCE=336 bias=-18.0000
[pop02_soft:00800] loss=0.078186 tau=4.50 collapse_w=0.084 mid_frac=0.179 hard=score=0.7723068805 wNMSE=0.019401619 wMSE=3614.5458 wMRED=0.54814898 wER=0.247650 wMAE=21.3226 wBias=-5.7110 condBias=30.8595 dotDrift=-6.079sigma uMRED=0.0543736440 uER=0.298828 uMAE=33.6719 WCE=336 bias=-13.3750
[pop02_soft:01000] loss=0.063751 tau=5.25 collapse_w=0.293 mid_frac=0.143 hard=score=1.4270469380 wNMSE=0.022479957 wMSE=4188.0439 wMRED=0.54715783 wER=0.245995 wMAE=21.0156 wBias=-7.8813 condBias=33.0005 dotDrift=-7.794sigma uMRED=0.0527484666 uER=0.292969 uMAE=31.8125 WCE=368 bias=-18.3750
[pop02_soft:01199] loss=0.048817 tau=6.00 collapse_w=0.500 mid_frac=0.134 hard=score=0.6226486205 wNMSE=0.026627131 wMSE=4960.6676 wMRED=0.57009325 wER=0.250526 wMAE=23.8173 wBias=-5.0311 condBias=35.6286 dotDrift=-4.572sigma uMRED=0.0626088298 uER=0.304688 uMAE=39.6875 WCE=368 bias=-10.3750
[pop02_hard:00000] loss=0.658251 tau=6.00 collapse_w=0.500 mid_frac=0.134 hard=score=0.6226486205 wNMSE=0.026627131 wMSE=4960.6676 wMRED=0.57009325 wER=0.250526 wMAE=23.8173 wBias=-5.0311 condBias=35.6286 dotDrift=-4.572sigma uMRED=0.0626088298 uER=0.304688 uMAE=39.6875 WCE=368 bias=-10.3750
[pop02_hard:00200] loss=0.652925 tau=6.00 collapse_w=0.500 mid_frac=0.134 hard=score=0.6226486205 wNMSE=0.026627131 wMSE=4960.6676 wMRED=0.57009325 wER=0.250526 wMAE=23.8173 wBias=-5.0311 condBias=35.6286 dotDrift=-4.572sigma uMRED=0.0626088298 uER=0.304688 uMAE=39.6875 WCE=368 bias=-10.3750
[pop02_hard:00400] loss=0.652062 tau=6.00 collapse_w=0.500 mid_frac=0.125 hard=score=1.6951870926 wNMSE=0.047059272 wMSE=8767.2009 wMRED=0.69015175 wER=0.250526 wMAE=31.2519 wBias=8.5272 condBias=46.6040 dotDrift=+5.829sigma uMRED=0.0778799050 uER=0.304688 uMAE=48.2656 WCE=416 bias=5.6250
[pop02_hard:00599] loss=1.727494 tau=6.00 collapse_w=0.500 mid_frac=0.125 hard=score=0.6226486205 wNMSE=0.026627131 wMSE=4960.6676 wMRED=0.57009325 wER=0.250526 wMAE=23.8173 wBias=-5.0311 condBias=35.6286 dotDrift=-4.572sigma uMRED=0.0626088298 uER=0.304688 uMAE=39.6875 WCE=368 bias=-10.3750
[pop02] done (conf=0.53, noise=0.5); global best score=0.0078066122 wNMSE=0.00038734523 wMSE=72.1629 wMRED=0.07561153 wER=0.168912 wMAE=2.9556 wBias=0.4362 condBias=5.0347 dotDrift=+3.286sigma uMRED=0.0064918967 uER=0.201172 uMAE=3.6406 WCE=48 bias=0.2500
[pop03_soft:00000] loss=3.095723 tau=1.50 collapse_w=0.000 mid_frac=0.366 hard=score=78.8813014418 wNMSE=0.31847616 wMSE=59332.5051 wMRED=6.30715455 wER=0.437141 wMAE=120.1022 wBias=59.6782 condBias=135.7029 dotDrift=+15.680sigma uMRED=0.2487466502 uER=0.437500 uMAE=94.2539 WCE=837 bias=24.1875
[pop03_soft:00200] loss=1.912786 tau=2.25 collapse_w=0.000 mid_frac=0.312 hard=score=0.3648843280 wNMSE=0.20054628 wMSE=37362.0209 wMRED=5.11055672 wER=0.437141 wMAE=97.6048 wBias=-0.7782 condBias=101.0526 dotDrift=-0.258sigma uMRED=0.2181650805 uER=0.437500 uMAE=90.7383 WCE=564 bias=-37.8750
[pop03_soft:00400] loss=1.091406 tau=3.00 collapse_w=0.000 mid_frac=0.330 hard=score=0.6170063153 wNMSE=0.22741681 wMSE=42368.0354 wMRED=5.76972400 wER=0.432961 wMAE=100.7973 wBias=-3.2088 condBias=107.9191 dotDrift=-0.998sigma uMRED=0.2186006044 uER=0.434570 uMAE=78.1719 WCE=548 bias=-23.6250
[pop03_soft:00600] loss=0.768189 tau=3.75 collapse_w=0.000 mid_frac=0.375 hard=score=39.7587561881 wNMSE=0.10491399 wMSE=19545.6067 wMRED=2.99637388 wER=0.401241 wMAE=53.7002 wBias=-42.4070 condBias=82.7309 dotDrift=-19.413sigma uMRED=0.1359987195 uER=0.419922 uMAE=59.2969 WCE=516 bias=-33.8750
[pop03_soft:00800] loss=0.543369 tau=4.50 collapse_w=0.084 mid_frac=0.402 hard=score=15.1770415646 wNMSE=0.099790556 wMSE=18591.1047 wMRED=2.93044415 wER=0.415287 wMAE=54.6118 wBias=-26.0981 condBias=64.8669 dotDrift=-12.250sigma uMRED=0.1293041770 uER=0.422852 uMAE=54.8281 WCE=500 bias=-6.2500
[pop03_soft:01000] loss=0.407381 tau=5.25 collapse_w=0.293 mid_frac=0.384 hard=score=8.0631873097 wNMSE=0.10899346 wMSE=20305.6177 wMRED=2.98252261 wER=0.415287 wMAE=58.7194 wBias=-18.8887 condBias=66.9662 dotDrift=-8.483sigma uMRED=0.1406394435 uER=0.422852 uMAE=62.9688 WCE=544 bias=14.7500
[pop03_soft:01199] loss=0.302330 tau=6.00 collapse_w=0.500 mid_frac=0.348 hard=score=9.7022961649 wNMSE=0.10159075 wMSE=18926.4822 wMRED=2.96650683 wER=0.415287 wMAE=56.8258 wBias=-20.7823 condBias=64.1587 dotDrift=-9.668sigma uMRED=0.1343398670 uER=0.422852 uMAE=57.9688 WCE=500 bias=9.7500
[pop03_hard:00000] loss=9.860004 tau=6.00 collapse_w=0.500 mid_frac=0.348 hard=score=9.7022961649 wNMSE=0.10159075 wMSE=18926.4822 wMRED=2.96650683 wER=0.415287 wMAE=56.8258 wBias=-20.7823 condBias=64.1587 dotDrift=-9.668sigma uMRED=0.1343398670 uER=0.422852 uMAE=57.9688 WCE=500 bias=9.7500
[pop03_hard:00200] loss=9.857265 tau=6.00 collapse_w=0.500 mid_frac=0.348 hard=score=9.7022961649 wNMSE=0.10159075 wMSE=18926.4822 wMRED=2.96650683 wER=0.415287 wMAE=56.8258 wBias=-20.7823 condBias=64.1587 dotDrift=-9.668sigma uMRED=0.1343398670 uER=0.422852 uMAE=57.9688 WCE=500 bias=9.7500
[pop03_hard:00400] loss=0.867850 tau=6.00 collapse_w=0.500 mid_frac=0.330 hard=score=0.6836818633 wNMSE=0.16045344 wMSE=29892.6756 wMRED=3.72547820 wER=0.419466 wMAE=80.9996 wBias=4.1186 condBias=85.3602 dotDrift=+1.525sigma uMRED=0.1782868754 uER=0.425781 uMAE=77.5938 WCE=720 bias=29.7500
[pop03_hard:00599] loss=1.587741 tau=6.00 collapse_w=0.500 mid_frac=0.330 hard=score=0.6836818633 wNMSE=0.16045344 wMSE=29892.6756 wMRED=3.72547820 wER=0.419466 wMAE=80.9996 wBias=4.1186 condBias=85.3602 dotDrift=+1.525sigma uMRED=0.1782868754 uER=0.425781 uMAE=77.5938 WCE=720 bias=29.7500
[pop03] done (conf=0.51, noise=1.0); global best score=0.0078066122 wNMSE=0.00038734523 wMSE=72.1629 wMRED=0.07561153 wER=0.168912 wMAE=2.9556 wBias=0.4362 condBias=5.0347 dotDrift=+3.286sigma uMRED=0.0064918967 uER=0.201172 uMAE=3.6406 WCE=48 bias=0.2500
[pop04_soft:00000] loss=2.199919 tau=1.50 collapse_w=0.000 mid_frac=0.402 hard=score=73.1801227949 wNMSE=0.60370203 wMSE=112470.4396 wMRED=8.61179042 wER=0.437141 wMAE=152.4699 wBias=57.2984 condBias=166.7139 dotDrift=+10.935sigma uMRED=0.3071424350 uER=0.437500 uMAE=101.1719 WCE=1025 bias=32.1250
[pop04_soft:00200] loss=1.332245 tau=2.25 collapse_w=0.000 mid_frac=0.339 hard=score=52.4042955866 wNMSE=0.19423032 wMSE=36185.3501 wMRED=4.87140545 wER=0.426282 wMAE=86.5060 wBias=-48.6462 condBias=106.8502 dotDrift=-16.367sigma uMRED=0.1988455617 uER=0.425781 uMAE=79.4766 WCE=756 bias=-33.2500
[pop04_soft:00400] loss=0.697863 tau=3.00 collapse_w=0.000 mid_frac=0.286 hard=score=0.6422964118 wNMSE=0.022600165 wMSE=4210.4389 wMRED=0.62374967 wER=0.386492 wMAE=26.0079 wBias=-5.1096 condBias=31.3733 dotDrift=-5.040sigma uMRED=0.0695846771 uER=0.414062 uMAE=48.8359 WCE=488 bias=-23.1250
[pop04_soft:00600] loss=0.163309 tau=3.75 collapse_w=0.000 mid_frac=0.295 hard=score=0.5908746027 wNMSE=0.021857638 wMSE=4072.1052 wMRED=0.62018060 wER=0.325553 wMAE=25.3510 wBias=-4.8853 condBias=31.6868 dotDrift=-4.900sigma uMRED=0.0687047992 uER=0.387695 uMAE=47.6406 WCE=480 bias=-22.0000
[pop04_soft:00800] loss=0.071724 tau=4.50 collapse_w=0.084 mid_frac=0.241 hard=score=0.1777071135 wNMSE=0.013694569 wMSE=2551.3153 wMRED=0.58433556 wER=0.323999 wMAE=21.1326 wBias=-2.4670 condBias=26.2045 dotDrift=-3.126sigma uMRED=0.0561404158 uER=0.381836 uMAE=35.8750 WCE=336 bias=-17.0000
[pop04_soft:01000] loss=0.055883 tau=5.25 collapse_w=0.293 mid_frac=0.232 hard=score=1.7590337515 wNMSE=0.014576735 wMSE=2715.6639 wMRED=0.23726576 wER=0.245669 wMAE=16.0378 wBias=-8.8085 condBias=27.6355 dotDrift=-10.818sigma uMRED=0.0487817298 uER=0.341797 uMAE=35.9531 WCE=480 bias=-27.5000
[pop04_soft:01199] loss=0.044010 tau=6.00 collapse_w=0.500 mid_frac=0.205 hard=score=1.7590337515 wNMSE=0.014576735 wMSE=2715.6639 wMRED=0.23726576 wER=0.245669 wMAE=16.0378 wBias=-8.8085 condBias=27.6355 dotDrift=-10.818sigma uMRED=0.0487817298 uER=0.341797 uMAE=35.9531 WCE=480 bias=-27.5000
[pop04_hard:00000] loss=1.779252 tau=6.00 collapse_w=0.500 mid_frac=0.196 hard=score=0.5997391017 wNMSE=0.0084126863 wMSE=1567.2939 wMRED=0.22314560 wER=0.245669 wMAE=13.7948 wBias=-5.0821 condBias=20.6091 dotDrift=-8.216sigma uMRED=0.0374774517 uER=0.341797 uMAE=26.3750 WCE=304 bias=-11.5000
[pop04_hard:00200] loss=0.622154 tau=6.00 collapse_w=0.500 mid_frac=0.196 hard=score=0.5997391017 wNMSE=0.0084126863 wMSE=1567.2939 wMRED=0.22314560 wER=0.245669 wMAE=13.7948 wBias=-5.0821 condBias=20.6091 dotDrift=-8.216sigma uMRED=0.0374774517 uER=0.341797 uMAE=26.3750 WCE=304 bias=-11.5000
[pop04_hard:00400] loss=0.076022 tau=6.00 collapse_w=0.500 mid_frac=0.196 hard=score=0.5997391017 wNMSE=0.0084126863 wMSE=1567.2939 wMRED=0.22314560 wER=0.245669 wMAE=13.7948 wBias=-5.0821 condBias=20.6091 dotDrift=-8.216sigma uMRED=0.0374774517 uER=0.341797 uMAE=26.3750 WCE=304 bias=-11.5000
[pop04_hard:00599] loss=0.074522 tau=6.00 collapse_w=0.500 mid_frac=0.188 hard=score=0.0610568304 wNMSE=0.01695238 wMSE=3158.2496 wMRED=0.24886824 wER=0.245669 wMAE=16.9022 wBias=0.6183 condBias=28.8274 dotDrift=+0.704sigma uMRED=0.0486507730 uER=0.341797 uMAE=35.2031 WCE=432 bias=4.5000
[pop04] done (conf=0.53, noise=0.5); global best score=0.0078066122 wNMSE=0.00038734523 wMSE=72.1629 wMRED=0.07561153 wER=0.168912 wMAE=2.9556 wBias=0.4362 condBias=5.0347 dotDrift=+3.286sigma uMRED=0.0064918967 uER=0.201172 uMAE=3.6406 WCE=48 bias=0.2500
[pop05_soft:00000] loss=4.625803 tau=1.50 collapse_w=0.000 mid_frac=0.464 hard=score=210.4115281330 wNMSE=0.6313947 wMSE=117629.6173 wMRED=8.10402548 wER=0.434943 wMAE=157.3387 wBias=97.5405 condBias=195.6961 dotDrift=+18.201sigma uMRED=0.3122709256 uER=0.431641 uMAE=111.2266 WCE=1090 bias=76.8750
[pop05_soft:00200] loss=16.483631 tau=2.25 collapse_w=0.000 mid_frac=0.420 hard=score=20.9611917991 wNMSE=0.40156874 wMSE=74812.7566 wMRED=7.25683199 wER=0.437141 wMAE=130.2035 wBias=30.3209 condBias=142.9654 dotDrift=+7.095sigma uMRED=0.2651938478 uER=0.437500 uMAE=90.1484 WCE=850 bias=-20.4375
[pop05_soft:00400] loss=1.589775 tau=3.00 collapse_w=0.000 mid_frac=0.411 hard=score=7.0901619382 wNMSE=0.39473867 wMSE=73540.3046 wMRED=7.19038484 wER=0.421735 wMAE=129.4151 wBias=17.0322 condBias=141.2448 dotDrift=+4.020sigma uMRED=0.2653975950 uER=0.434570 uMAE=93.0000 WCE=832 bias=-38.3125
[pop05_soft:00600] loss=1.108565 tau=3.75 collapse_w=0.000 mid_frac=0.455 hard=score=0.4532861701 wNMSE=0.22163692 wMSE=41291.2344 wMRED=5.72919353 wER=0.411730 wMAE=100.9310 wBias=1.4415 condBias=108.7914 dotDrift=+0.454sigma uMRED=0.2123564979 uER=0.422852 uMAE=75.4375 WCE=576 bias=-35.2500
[pop05_soft:00800] loss=0.803835 tau=4.50 collapse_w=0.084 mid_frac=0.500 hard=score=0.9185209138 wNMSE=0.17406335 wMSE=32428.2192 wMRED=5.16554980 wER=0.398542 wMAE=86.6551 wBias=5.2174 condBias=96.2720 dotDrift=+1.854sigma uMRED=0.1769146057 uER=0.406250 uMAE=55.5898 WCE=512 bias=-17.3750
[pop05_soft:01000] loss=0.578240 tau=5.25 collapse_w=0.293 mid_frac=0.482 hard=score=2.2329313083 wNMSE=0.18409572 wMSE=34297.2624 wMRED=5.17887006 wER=0.400862 wMAE=89.5215 wBias=9.2770 condBias=98.6073 dotDrift=+3.206sigma uMRED=0.1925069222 uER=0.413086 uMAE=69.3164 WCE=576 bias=0.2500
[pop05_soft:01199] loss=0.404437 tau=6.00 collapse_w=0.500 mid_frac=0.446 hard=score=30.0554795137 wNMSE=0.074200171 wMSE=13823.5842 wMRED=2.65316713 wER=0.374756 wMAE=49.5821 wBias=-36.8710 condBias=68.3637 dotDrift=-20.070sigma uMRED=0.1239692947 uER=0.412109 uMAE=56.2969 WCE=576 bias=-16.7500
[pop05_hard:00000] loss=30.200491 tau=6.00 collapse_w=0.500 mid_frac=0.446 hard=score=30.0554795137 wNMSE=0.074200171 wMSE=13823.5842 wMRED=2.65316713 wER=0.374756 wMAE=49.5821 wBias=-36.8710 condBias=68.3637 dotDrift=-20.070sigma uMRED=0.1239692947 uER=0.412109 uMAE=56.2969 WCE=576 bias=-16.7500
[pop05_hard:00200] loss=3.957633 tau=6.00 collapse_w=0.500 mid_frac=0.438 hard=score=3.6839839641 wNMSE=0.18254292 wMSE=34007.9734 wMRED=5.18011481 wER=0.407707 wMAE=89.0048 wBias=12.3320 condBias=97.7380 dotDrift=+4.280sigma uMRED=0.1876470249 uER=0.418945 uMAE=65.4219 WCE=576 bias=15.2500
[pop05_hard:00400] loss=3.956124 tau=6.00 collapse_w=0.500 mid_frac=0.438 hard=score=3.6839839641 wNMSE=0.18254292 wMSE=34007.9734 wMRED=5.18011481 wER=0.407707 wMAE=89.0048 wBias=12.3320 condBias=97.7380 dotDrift=+4.280sigma uMRED=0.1876470249 uER=0.418945 uMAE=65.4219 WCE=576 bias=15.2500
[pop05_hard:00599] loss=3.955279 tau=6.00 collapse_w=0.500 mid_frac=0.438 hard=score=24.1740059369 wNMSE=0.071389566 wMSE=13299.9649 wMRED=2.64574853 wER=0.374756 wMAE=48.5594 wBias=-33.0499 condBias=66.5947 dotDrift=-18.341sigma uMRED=0.1182261458 uER=0.412109 uMAE=51.9297 WCE=576 bias=-0.7500
[pop05] done (conf=0.51, noise=1.0); global best score=0.0078066122 wNMSE=0.00038734523 wMSE=72.1629 wMRED=0.07561153 wER=0.168912 wMAE=2.9556 wBias=0.4362 condBias=5.0347 dotDrift=+3.286sigma uMRED=0.0064918967 uER=0.201172 uMAE=3.6406 WCE=48 bias=0.2500
[pop06_soft:00000] loss=2.038592 tau=1.50 collapse_w=0.000 mid_frac=0.393 hard=score=54.4470415745 wNMSE=0.12694766 wMSE=23650.5076 wMRED=2.97376105 wER=0.432250 wMAE=79.8303 wBias=49.6388 condBias=98.7715 dotDrift=+20.658sigma uMRED=0.1702999181 uER=0.427734 uMAE=85.6250 WCE=596 bias=29.8750
[pop06_soft:00200] loss=0.859862 tau=2.25 collapse_w=0.000 mid_frac=0.330 hard=score=0.5246092622 wNMSE=0.074083631 wMSE=13801.8727 wMRED=2.22232181 wER=0.407010 wMAE=55.8568 wBias=-4.0919 condBias=57.2995 dotDrift=-2.229sigma uMRED=0.1255343519 uER=0.424805 uMAE=64.8750 WCE=648 bias=-37.2500
[pop06_soft:00400] loss=0.408209 tau=3.00 collapse_w=0.000 mid_frac=0.286 hard=score=18.1275355446 wNMSE=0.047420799 wMSE=8834.5538 wMRED=1.06299596 wER=0.362693 wMAE=37.6305 wBias=-28.6264 condBias=45.8038 dotDrift=-19.492sigma uMRED=0.0935257573 uER=0.400391 uMAE=57.5781 WCE=648 bias=-44.8750
[pop06_soft:00600] loss=0.221980 tau=3.75 collapse_w=0.000 mid_frac=0.304 hard=score=1.6130355552 wNMSE=0.017792455 wMSE=3314.7566 wMRED=0.88806843 wER=0.345487 wMAE=26.6349 wBias=-8.4409 condBias=27.9503 dotDrift=-9.383sigma uMRED=0.0615574807 uER=0.377930 uMAE=34.7188 WCE=308 bias=-7.3750
[pop06_soft:00800] loss=0.135648 tau=4.50 collapse_w=0.084 mid_frac=0.330 hard=score=1.1370972533 wNMSE=0.016551093 wMSE=3083.4893 wMRED=0.87052025 wER=0.339241 wMAE=25.3133 wBias=-7.0533 condBias=25.3571 dotDrift=-8.129sigma uMRED=0.0584967506 uER=0.374023 uMAE=32.6797 WCE=304 bias=-3.6250
[pop06_soft:01000] loss=0.104442 tau=5.25 collapse_w=0.293 mid_frac=0.286 hard=score=0.4837774697 wNMSE=0.021371259 wMSE=3981.4921 wMRED=0.87630417 wER=0.338958 wMAE=27.0484 wBias=-4.4097 condBias=29.4428 dotDrift=-4.473sigma uMRED=0.0674910346 uER=0.373047 uMAE=40.7031 WCE=384 bias=5.3750
[pop06_soft:01199] loss=0.076772 tau=6.00 collapse_w=0.500 mid_frac=0.277 hard=score=0.4837774697 wNMSE=0.021371259 wMSE=3981.4921 wMRED=0.87630417 wER=0.338958 wMAE=27.0484 wBias=-4.4097 condBias=29.4428 dotDrift=-4.473sigma uMRED=0.0674910346 uER=0.373047 uMAE=40.7031 WCE=384 bias=5.3750
[pop06_hard:00000] loss=0.542386 tau=6.00 collapse_w=0.500 mid_frac=0.277 hard=score=0.4837774697 wNMSE=0.021371259 wMSE=3981.4921 wMRED=0.87630417 wER=0.338958 wMAE=27.0484 wBias=-4.4097 condBias=29.4428 dotDrift=-4.473sigma uMRED=0.0674910346 uER=0.373047 uMAE=40.7031 WCE=384 bias=5.3750
[pop06_hard:00200] loss=0.537587 tau=6.00 collapse_w=0.500 mid_frac=0.268 hard=score=0.4837774697 wNMSE=0.021371259 wMSE=3981.4921 wMRED=0.87630417 wER=0.338958 wMAE=27.0484 wBias=-4.4097 condBias=29.4428 dotDrift=-4.473sigma uMRED=0.0674910346 uER=0.373047 uMAE=40.7031 WCE=384 bias=5.3750
[pop06_hard:00400] loss=0.127190 tau=6.00 collapse_w=0.500 mid_frac=0.259 hard=score=0.0766905098 wNMSE=0.01894461 wMSE=3529.4044 wMRED=0.83337050 wER=0.336453 wMAE=24.2347 wBias=-1.0201 condBias=27.2955 dotDrift=-1.099sigma uMRED=0.0614421466 uER=0.370117 uMAE=37.2031 WCE=384 bias=9.3750
[pop06_hard:00599] loss=0.102273 tau=6.00 collapse_w=0.500 mid_frac=0.223 hard=score=0.0551671331 wNMSE=0.019293769 wMSE=3594.4532 wMRED=0.82319004 wER=0.336736 wMAE=24.1544 wBias=-0.1469 condBias=27.5064 dotDrift=-0.157sigma uMRED=0.0613246003 uER=0.371094 uMAE=37.2656 WCE=384 bias=10.3750
[pop06] done (conf=0.53, noise=0.5); global best score=0.0078066122 wNMSE=0.00038734523 wMSE=72.1629 wMRED=0.07561153 wER=0.168912 wMAE=2.9556 wBias=0.4362 condBias=5.0347 dotDrift=+3.286sigma uMRED=0.0064918967 uER=0.201172 uMAE=3.6406 WCE=48 bias=0.2500
[pop07_soft:00000] loss=1.436613 tau=1.50 collapse_w=0.000 mid_frac=0.527 hard=score=17.3589090314 wNMSE=0.34502229 wMSE=64278.0813 wMRED=6.03963705 wER=0.437141 wMAE=77.6676 wBias=27.5335 condBias=84.6877 dotDrift=+6.950sigma uMRED=0.2122684103 uER=0.437500 uMAE=79.7656 WCE=3840 bias=45.1875
[pop07_soft:00200] loss=0.775553 tau=2.25 collapse_w=0.000 mid_frac=0.500 hard=score=1.9443379252 wNMSE=0.074115202 wMSE=13807.7543 wMRED=2.20468920 wER=0.428191 wMAE=53.2142 wBias=-8.9953 condBias=65.7306 dotDrift=-4.899sigma uMRED=0.1299118155 uER=0.428711 uMAE=67.2070 WCE=708 bias=13.8750
[pop07_soft:00400] loss=0.423044 tau=3.00 collapse_w=0.000 mid_frac=0.411 hard=score=0.1532970439 wNMSE=0.042303462 wMSE=7881.1876 wMRED=1.14183847 wER=0.384049 wMAE=39.0460 wBias=1.5838 condBias=38.5634 dotDrift=+1.142sigma uMRED=0.0935046908 uER=0.421875 uMAE=57.6328 WCE=580 bias=11.2500
[pop07_soft:00600] loss=0.232507 tau=3.75 collapse_w=0.000 mid_frac=0.384 hard=score=0.3505454765 wNMSE=0.029939182 wMSE=5577.7068 wMRED=1.16730945 wER=0.355919 wMAE=37.4489 wBias=3.6199 condBias=26.1109 dotDrift=+3.102sigma uMRED=0.0815859134 uER=0.408203 uMAE=47.0938 WCE=320 bias=8.3750
[pop07_soft:00800] loss=0.155210 tau=4.50 collapse_w=0.084 mid_frac=0.402 hard=score=1.6910546023 wNMSE=0.019892207 wMSE=3705.9429 wMRED=0.90969952 wER=0.357108 wMAE=27.6489 wBias=8.6345 condBias=27.5540 dotDrift=+9.078sigma uMRED=0.0663332551 uER=0.407227 uMAE=38.0469 WCE=320 bias=11.3750
[pop07_soft:01000] loss=0.111226 tau=5.25 collapse_w=0.293 mid_frac=0.357 hard=score=1.3983054934 wNMSE=0.020082964 wMSE=3741.4812 wMRED=0.91177030 wER=0.357535 wMAE=27.8353 wBias=7.8225 condBias=28.2231 dotDrift=+8.185sigma uMRED=0.0678153954 uER=0.409180 uMAE=38.8281 WCE=320 bias=7.8750
[pop07_soft:01199] loss=0.078827 tau=6.00 collapse_w=0.500 mid_frac=0.357 hard=score=1.3983054934 wNMSE=0.020082964 wMSE=3741.4812 wMRED=0.91177030 wER=0.357535 wMAE=27.8353 wBias=7.8225 condBias=28.2231 dotDrift=+8.185sigma uMRED=0.0678153954 uER=0.409180 uMAE=38.8281 WCE=320 bias=7.8750
[pop07_hard:00000] loss=1.462967 tau=6.00 collapse_w=0.500 mid_frac=0.357 hard=score=1.3983054934 wNMSE=0.020082964 wMSE=3741.4812 wMRED=0.91177030 wER=0.357535 wMAE=27.8353 wBias=7.8225 condBias=28.2231 dotDrift=+8.185sigma uMRED=0.0678153954 uER=0.409180 uMAE=38.8281 WCE=320 bias=7.8750
[pop07_hard:00200] loss=0.472200 tau=6.00 collapse_w=0.500 mid_frac=0.348 hard=score=0.4138860734 wNMSE=0.026204593 wMSE=4881.9483 wMRED=0.92600623 wER=0.357535 wMAE=29.4912 wBias=-3.9798 condBias=34.0915 dotDrift=-3.645sigma uMRED=0.0751749374 uER=0.409180 uMAE=44.5938 WCE=428 bias=-16.1250
[pop07_hard:00400] loss=0.470500 tau=6.00 collapse_w=0.500 mid_frac=0.348 hard=score=0.1679606415 wNMSE=0.027775531 wMSE=5174.6160 wMRED=0.93587104 wER=0.357535 wMAE=30.6344 wBias=2.1222 condBias=34.3783 dotDrift=+1.888sigma uMRED=0.0777030980 uER=0.409180 uMAE=46.5000 WCE=428 bias=-8.1250
[pop07_hard:00599] loss=0.224147 tau=6.00 collapse_w=0.500 mid_frac=0.348 hard=score=0.1679606415 wNMSE=0.027775531 wMSE=5174.6160 wMRED=0.93587104 wER=0.357535 wMAE=30.6344 wBias=2.1222 condBias=34.3783 dotDrift=+1.888sigma uMRED=0.0777030980 uER=0.409180 uMAE=46.5000 WCE=428 bias=-8.1250
[pop07] done (conf=0.51, noise=1.0); global best score=0.0078066122 wNMSE=0.00038734523 wMSE=72.1629 wMRED=0.07561153 wER=0.168912 wMAE=2.9556 wBias=0.4362 condBias=5.0347 dotDrift=+3.286sigma uMRED=0.0064918967 uER=0.201172 uMAE=3.6406 WCE=48 bias=0.2500
[pop08_soft:00000] loss=2.111102 tau=1.50 collapse_w=0.000 mid_frac=0.366 hard=score=18.3142783839 wNMSE=0.19201499 wMSE=35772.6312 wMRED=4.35783268 wER=0.434635 wMAE=79.8070 wBias=-28.5863 condBias=97.5620 dotDrift=-9.673sigma uMRED=0.1826661721 uER=0.433594 uMAE=71.0488 WCE=675 bias=-7.0000
[pop08_soft:00200] loss=1.062896 tau=2.25 collapse_w=0.000 mid_frac=0.330 hard=score=87.8653815494 wNMSE=0.21771806 wMSE=40561.1463 wMRED=4.84413300 wER=0.408082 wMAE=80.5861 wBias=-63.0627 condBias=113.7462 dotDrift=-20.040sigma uMRED=0.1899266088 uER=0.425781 uMAE=71.3984 WCE=840 bias=-57.1250
[pop08_soft:00400] loss=0.789907 tau=3.00 collapse_w=0.000 mid_frac=0.304 hard=score=59.2576073661 wNMSE=0.17932759 wMSE=33408.9532 wMRED=4.00652864 wER=0.353287 wMAE=65.1634 wBias=-51.7617 condBias=96.9592 dotDrift=-18.124sigma uMRED=0.1526215866 uER=0.397461 uMAE=54.1641 WCE=724 bias=-30.2500
[pop08_soft:00600] loss=0.355326 tau=3.75 collapse_w=0.000 mid_frac=0.321 hard=score=2.9249356496 wNMSE=0.028217532 wMSE=5256.9613 wMRED=0.80084234 wER=0.371376 wMAE=31.3226 wBias=-11.3929 condBias=33.9815 dotDrift=-10.057sigma uMRED=0.0812051932 uER=0.401367 uMAE=53.4141 WCE=480 bias=-38.3750
[pop08_soft:00800] loss=0.251999 tau=4.50 collapse_w=0.084 mid_frac=0.312 hard=score=2.9807614310 wNMSE=0.026694778 wMSE=4973.2703 wMRED=0.82454027 wER=0.373031 wMAE=31.2566 wBias=-11.5088 condBias=32.6301 dotDrift=-10.445sigma uMRED=0.0797252622 uER=0.407227 uMAE=51.6016 WCE=480 bias=-36.8750
[pop08_soft:01000] loss=0.191444 tau=5.25 collapse_w=0.293 mid_frac=0.259 hard=score=3.3104943603 wNMSE=0.027112321 wMSE=5051.0592 wMRED=0.82986518 wER=0.373031 wMAE=31.8754 wBias=-12.1409 condBias=32.9997 dotDrift=-10.933sigma uMRED=0.0815252531 uER=0.407227 uMAE=53.1797 WCE=484 bias=-38.5000
[pop08_soft:01199] loss=0.136425 tau=6.00 collapse_w=0.500 mid_frac=0.241 hard=score=6.2843847012 wNMSE=0.023842918 wMSE=4441.9652 wMRED=0.61785654 wER=0.370821 wMAE=27.8075 wBias=-16.8191 condBias=31.9902 dotDrift=-16.151sigma uMRED=0.0739857029 uER=0.406250 uMAE=51.3438 WCE=484 bias=-40.5000
[pop08_hard:00000] loss=6.324856 tau=6.00 collapse_w=0.500 mid_frac=0.241 hard=score=6.2843847012 wNMSE=0.023842918 wMSE=4441.9652 wMRED=0.61785654 wER=0.370821 wMAE=27.8075 wBias=-16.8191 condBias=31.9902 dotDrift=-16.151sigma uMRED=0.0739857029 uER=0.406250 uMAE=51.3438 WCE=484 bias=-40.5000
[pop08_hard:00200] loss=6.322529 tau=6.00 collapse_w=0.500 mid_frac=0.232 hard=score=6.2843847012 wNMSE=0.023842918 wMSE=4441.9652 wMRED=0.61785654 wER=0.370821 wMAE=27.8075 wBias=-16.8191 condBias=31.9902 dotDrift=-16.151sigma uMRED=0.0739857029 uER=0.406250 uMAE=51.3438 WCE=484 bias=-40.5000
[pop08_hard:00400] loss=0.105178 tau=6.00 collapse_w=0.500 mid_frac=0.161 hard=score=0.0710316658 wNMSE=0.022749704 wMSE=4238.2982 wMRED=0.55845194 wER=0.366066 wMAE=25.8953 wBias=-0.5361 condBias=30.8081 dotDrift=-0.527sigma uMRED=0.0716354780 uER=0.398438 uMAE=49.8359 WCE=484 bias=-12.0000
[pop08_hard:00599] loss=0.123526 tau=6.00 collapse_w=0.500 mid_frac=0.152 hard=score=0.0869717269 wNMSE=0.016765222 wMSE=3123.3817 wMRED=0.54727193 wER=0.366066 wMAE=24.0321 wBias=1.3271 condBias=25.8050 dotDrift=+1.520sigma uMRED=0.0625097858 uER=0.398438 uMAE=41.8359 WCE=352 bias=-4.0000
[pop08] done (conf=0.53, noise=0.5); global best score=0.0078066122 wNMSE=0.00038734523 wMSE=72.1629 wMRED=0.07561153 wER=0.168912 wMAE=2.9556 wBias=0.4362 condBias=5.0347 dotDrift=+3.286sigma uMRED=0.0064918967 uER=0.201172 uMAE=3.6406 WCE=48 bias=0.2500
[pop09_soft:00000] loss=1.882006 tau=1.50 collapse_w=0.000 mid_frac=0.482 hard=score=4.2080083046 wNMSE=0.19310742 wMSE=35976.1519 wMRED=4.59315050 wER=0.437141 wMAE=97.2833 wBias=13.2609 condBias=99.1473 dotDrift=+4.474sigma uMRED=0.2165928355 uER=0.437500 uMAE=95.7852 WCE=637 bias=15.9375
[pop09_soft:00200] loss=1.122126 tau=2.25 collapse_w=0.000 mid_frac=0.438 hard=score=6.3788202817 wNMSE=0.26977695 wMSE=50259.7812 wMRED=5.83936040 wER=0.430112 wMAE=106.8078 wBias=-16.4024 condBias=116.1575 dotDrift=-4.682sigma uMRED=0.2372419224 uER=0.428711 uMAE=91.2344 WCE=632 bias=-5.8125
[pop09_soft:00400] loss=0.756746 tau=3.00 collapse_w=0.000 mid_frac=0.420 hard=score=0.3724604636 wNMSE=0.1568747 wMSE=29225.9521 wMRED=3.89644595 wER=0.388509 wMAE=78.7920 wBias=2.0711 condBias=85.6996 dotDrift=+0.775sigma uMRED=0.1746393959 uER=0.413086 uMAE=75.5000 WCE=636 bias=-4.8750
[pop09_soft:00600] loss=0.456680 tau=3.75 collapse_w=0.000 mid_frac=0.393 hard=score=0.3312991729 wNMSE=0.044300941 wMSE=8253.3203 wMRED=2.02751593 wER=0.353924 wMAE=38.1311 wBias=-3.2524 condBias=43.4443 dotDrift=-2.291sigma uMRED=0.0979463759 uER=0.399414 uMAE=48.6328 WCE=544 bias=8.1250
[pop09_soft:00800] loss=0.325554 tau=4.50 collapse_w=0.084 mid_frac=0.402 hard=score=0.0824570388 wNMSE=0.031898893 wMSE=5942.8034 wMRED=1.98751560 wER=0.387531 wMAE=37.5729 wBias=0.9619 condBias=31.1085 dotDrift=+0.799sigma uMRED=0.0853740564 uER=0.416992 uMAE=38.0625 WCE=288 bias=7.0000
[pop09_soft:01000] loss=0.252732 tau=5.25 collapse_w=0.293 mid_frac=0.393 hard=score=0.1289834191 wNMSE=0.032139764 wMSE=5987.6779 wMRED=2.00146670 wER=0.390375 wMAE=38.1742 wBias=1.7424 condBias=31.2891 dotDrift=+1.441sigma uMRED=0.0864571597 uER=0.419922 uMAE=38.5156 WCE=288 bias=8.0000
[pop09_soft:01199] loss=0.183292 tau=6.00 collapse_w=0.500 mid_frac=0.375 hard=score=0.0636567159 wNMSE=0.031980433 wMSE=5957.9945 wMRED=1.99897221 wER=0.390375 wMAE=37.9423 wBias=0.3171 condBias=30.9579 dotDrift=+0.263sigma uMRED=0.0853325216 uER=0.419922 uMAE=37.7969 WCE=288 bias=4.0000
[pop09_hard:00000] loss=0.184126 tau=6.00 collapse_w=0.500 mid_frac=0.375 hard=score=0.0636567159 wNMSE=0.031980433 wMSE=5957.9945 wMRED=1.99897221 wER=0.390375 wMAE=37.9423 wBias=0.3171 condBias=30.9579 dotDrift=+0.263sigma uMRED=0.0853325216 uER=0.419922 uMAE=37.7969 WCE=288 bias=4.0000
[pop09_hard:00200] loss=0.182083 tau=6.00 collapse_w=0.500 mid_frac=0.375 hard=score=0.0636567159 wNMSE=0.031980433 wMSE=5957.9945 wMRED=1.99897221 wER=0.390375 wMAE=37.9423 wBias=0.3171 condBias=30.9579 dotDrift=+0.263sigma uMRED=0.0853325216 uER=0.419922 uMAE=37.7969 WCE=288 bias=4.0000
[pop09_hard:00400] loss=0.180425 tau=6.00 collapse_w=0.500 mid_frac=0.375 hard=score=0.0636567159 wNMSE=0.031980433 wMSE=5957.9945 wMRED=1.99897221 wER=0.390375 wMAE=37.9423 wBias=0.3171 condBias=30.9579 dotDrift=+0.263sigma uMRED=0.0853325216 uER=0.419922 uMAE=37.7969 WCE=288 bias=4.0000
[pop09_hard:00599] loss=0.448602 tau=6.00 collapse_w=0.500 mid_frac=0.375 hard=score=0.0636567159 wNMSE=0.031980433 wMSE=5957.9945 wMRED=1.99897221 wER=0.390375 wMAE=37.9423 wBias=0.3171 condBias=30.9579 dotDrift=+0.263sigma uMRED=0.0853325216 uER=0.419922 uMAE=37.7969 WCE=288 bias=4.0000
[pop09] done (conf=0.51, noise=1.0); global best score=0.0078066122 wNMSE=0.00038734523 wMSE=72.1629 wMRED=0.07561153 wER=0.168912 wMAE=2.9556 wBias=0.4362 condBias=5.0347 dotDrift=+3.286sigma uMRED=0.0064918967 uER=0.201172 uMAE=3.6406 WCE=48 bias=0.2500
[pop10_soft:00000] loss=1.976363 tau=1.50 collapse_w=0.000 mid_frac=0.420 hard=score=18.1884085148 wNMSE=0.22767397 wMSE=42415.9434 wMRED=3.72376433 wER=0.415181 wMAE=67.8133 wBias=28.3037 condBias=79.8021 dotDrift=+8.795sigma uMRED=0.1660480252 uER=0.431641 uMAE=75.9688 WCE=3904 bias=30.7500
[pop10_soft:00200] loss=0.935981 tau=2.25 collapse_w=0.000 mid_frac=0.330 hard=score=4.2849664850 wNMSE=0.041437583 wMSE=7719.8733 wMRED=1.19496386 wER=0.363007 wMAE=38.1075 wBias=-13.8095 condBias=34.4895 dotDrift=-10.059sigma uMRED=0.0889516183 uER=0.400391 uMAE=52.5312 WCE=564 bias=-33.3750
[pop10_soft:00400] loss=0.593038 tau=3.00 collapse_w=0.000 mid_frac=0.330 hard=score=3.2659870937 wNMSE=0.023713888 wMSE=4417.9269 wMRED=0.88975326 wER=0.351889 wMAE=30.3745 wBias=-12.0903 condBias=24.4985 dotDrift=-11.641sigma uMRED=0.0717557341 uER=0.389648 uMAE=45.8359 WCE=324 bias=-19.0000
[pop10_soft:00600] loss=0.229866 tau=3.75 collapse_w=0.000 mid_frac=0.321 hard=score=1.4819461063 wNMSE=0.012261033 wMSE=2284.2457 wMRED=0.54276763 wER=0.330237 wMAE=19.5262 wBias=-8.1059 condBias=25.4264 dotDrift=-10.855sigma uMRED=0.0502038577 uER=0.374023 uMAE=31.9531 WCE=292 bias=-23.6250
[pop10_soft:00800] loss=0.112230 tau=4.50 collapse_w=0.084 mid_frac=0.277 hard=score=1.0578105486 wNMSE=0.012331073 wMSE=2297.2943 wMRED=0.59503935 wER=0.306853 wMAE=19.7469 wBias=-6.8126 condBias=25.3755 dotDrift=-9.097sigma uMRED=0.0502308141 uER=0.357422 uMAE=31.0469 WCE=292 bias=-22.1250
[pop10_soft:01000] loss=0.075546 tau=5.25 collapse_w=0.293 mid_frac=0.223 hard=score=0.5535326281 wNMSE=0.0094764017 wMSE=1765.4654 wMRED=0.56837969 wER=0.295346 wMAE=17.8049 wBias=-4.8706 condBias=22.4706 dotDrift=-7.419sigma uMRED=0.0444167989 uER=0.348633 uMAE=26.9219 WCE=272 bias=-18.0000
[pop10_soft:01199] loss=0.050659 tau=6.00 collapse_w=0.500 mid_frac=0.214 hard=score=0.5535326281 wNMSE=0.0094764017 wMSE=1765.4654 wMRED=0.56837969 wER=0.295346 wMAE=17.8049 wBias=-4.8706 condBias=22.4706 dotDrift=-7.419sigma uMRED=0.0444167989 uER=0.348633 uMAE=26.9219 WCE=272 bias=-18.0000
[pop10_hard:00000] loss=0.600886 tau=6.00 collapse_w=0.500 mid_frac=0.214 hard=score=0.5535326281 wNMSE=0.0094764017 wMSE=1765.4654 wMRED=0.56837969 wER=0.295346 wMAE=17.8049 wBias=-4.8706 condBias=22.4706 dotDrift=-7.419sigma uMRED=0.0444167989 uER=0.348633 uMAE=26.9219 WCE=272 bias=-18.0000
[pop10_hard:00200] loss=0.147943 tau=6.00 collapse_w=0.500 mid_frac=0.196 hard=score=0.1052581329 wNMSE=0.010752128 wMSE=2003.1348 wMRED=0.57692952 wER=0.295346 wMAE=18.7333 wBias=-1.7960 condBias=23.6592 dotDrift=-2.568sigma uMRED=0.0472646955 uER=0.348633 uMAE=29.0938 WCE=272 bias=-10.0000
[pop10_hard:00400] loss=0.487293 tau=6.00 collapse_w=0.500 mid_frac=0.196 hard=score=0.4458319651 wNMSE=0.014502655 wMSE=2701.8626 wMRED=0.59475384 wER=0.298507 wMAE=21.4627 wBias=4.3060 condBias=19.7646 dotDrift=+5.302sigma uMRED=0.0513853820 uER=0.354492 uMAE=33.0156 WCE=272 bias=-2.0000
[pop10_hard:00599] loss=0.144412 tau=6.00 collapse_w=0.500 mid_frac=0.196 hard=score=0.1052581329 wNMSE=0.010752128 wMSE=2003.1348 wMRED=0.57692952 wER=0.295346 wMAE=18.7333 wBias=-1.7960 condBias=23.6592 dotDrift=-2.568sigma uMRED=0.0472646955 uER=0.348633 uMAE=29.0938 WCE=272 bias=-10.0000
[pop10] done (conf=0.53, noise=0.5); global best score=0.0078066122 wNMSE=0.00038734523 wMSE=72.1629 wMRED=0.07561153 wER=0.168912 wMAE=2.9556 wBias=0.4362 condBias=5.0347 dotDrift=+3.286sigma uMRED=0.0064918967 uER=0.201172 uMAE=3.6406 WCE=48 bias=0.2500
[pop11_soft:00000] loss=1.446518 tau=1.50 collapse_w=0.000 mid_frac=0.420 hard=score=0.8289104956 wNMSE=0.27041271 wMSE=50378.2237 wMRED=5.75887609 wER=0.432280 wMAE=111.5156 wBias=-3.9940 condBias=121.1807 dotDrift=-1.139sigma uMRED=0.2482897827 uER=0.431641 uMAE=99.3105 WCE=711 bias=26.1250
[pop11_soft:00200] loss=1.002115 tau=2.25 collapse_w=0.000 mid_frac=0.393 hard=score=22.5077570264 wNMSE=0.23581547 wMSE=43932.7156 wMRED=4.21629330 wER=0.350434 wMAE=86.7481 wBias=-31.6954 condBias=112.6149 dotDrift=-9.678sigma uMRED=0.2068985444 uER=0.406250 uMAE=91.7988 WCE=711 bias=16.1875
[pop11_soft:00400] loss=0.557578 tau=3.00 collapse_w=0.000 mid_frac=0.357 hard=score=1.3196112861 wNMSE=0.061409906 wMSE=11440.7418 wMRED=1.01126703 wER=0.319839 wMAE=38.3659 wBias=7.3156 condBias=51.6423 dotDrift=+4.377sigma uMRED=0.0989888114 uER=0.389648 uMAE=62.3672 WCE=640 bias=33.3750
[pop11_soft:00600] loss=0.332796 tau=3.75 collapse_w=0.000 mid_frac=0.312 hard=score=0.6169146821 wNMSE=0.038041184 wMSE=7087.1199 wMRED=0.59337796 wER=0.297037 wMAE=27.1033 wBias=-4.8968 condBias=41.4374 dotDrift=-3.723sigma uMRED=0.0737663141 uER=0.354492 uMAE=49.6562 WCE=528 bias=15.8750
[pop11_soft:00800] loss=0.204707 tau=4.50 collapse_w=0.084 mid_frac=0.304 hard=score=2.6614261766 wNMSE=0.0088468697 wMSE=1648.1828 wMRED=0.51149889 wER=0.284239 wMAE=15.6535 wBias=10.9486 condBias=21.3365 dotDrift=+17.260sigma uMRED=0.0351653436 uER=0.302734 uMAE=18.4375 WCE=192 bias=10.3750
[pop11_soft:01000] loss=0.161327 tau=5.25 collapse_w=0.293 mid_frac=0.277 hard=score=2.9420990979 wNMSE=0.0090013178 wMSE=1676.9567 wMRED=0.51415558 wER=0.284893 wMAE=15.9679 wBias=11.5163 condBias=21.5228 dotDrift=+17.998sigma uMRED=0.0366133367 uER=0.318359 uMAE=19.7344 WCE=192 bias=12.5000
[pop11_soft:01199] loss=0.118030 tau=6.00 collapse_w=0.500 mid_frac=0.259 hard=score=1.4156741468 wNMSE=0.012935067 wMSE=2409.8190 wMRED=0.55272206 wER=0.300082 wMAE=19.5470 wBias=7.9110 condBias=25.4321 dotDrift=+10.314sigma uMRED=0.0491669034 uER=0.338867 uMAE=29.6328 WCE=320 bias=2.5000
[pop11_hard:00000] loss=1.455226 tau=6.00 collapse_w=0.500 mid_frac=0.259 hard=score=1.4156741468 wNMSE=0.012935067 wMSE=2409.8190 wMRED=0.55272206 wER=0.300082 wMAE=19.5470 wBias=7.9110 condBias=25.4321 dotDrift=+10.314sigma uMRED=0.0491669034 uER=0.338867 uMAE=29.6328 WCE=320 bias=2.5000
[pop11_hard:00200] loss=0.505300 tau=6.00 collapse_w=0.500 mid_frac=0.268 hard=score=0.4669374275 wNMSE=0.023294209 wMSE=4339.7400 wMRED=0.61064652 wER=0.300082 wMAE=23.3164 wBias=-4.2931 condBias=34.1047 dotDrift=-4.171sigma uMRED=0.0573541821 uER=0.338867 uMAE=34.3516 WCE=380 bias=-13.5000
[pop11_hard:00400] loss=0.503926 tau=6.00 collapse_w=0.500 mid_frac=0.268 hard=score=0.4669374275 wNMSE=0.023294209 wMSE=4339.7400 wMRED=0.61064652 wER=0.300082 wMAE=23.3164 wBias=-4.2931 condBias=34.1047 dotDrift=-4.171sigma uMRED=0.0573541821 uER=0.338867 uMAE=34.3516 WCE=380 bias=-13.5000
[pop11_hard:00599] loss=1.451802 tau=6.00 collapse_w=0.500 mid_frac=0.268 hard=score=0.4669374275 wNMSE=0.023294209 wMSE=4339.7400 wMRED=0.61064652 wER=0.300082 wMAE=23.3164 wBias=-4.2931 condBias=34.1047 dotDrift=-4.171sigma uMRED=0.0573541821 uER=0.338867 uMAE=34.3516 WCE=380 bias=-13.5000
[pop11] done (conf=0.51, noise=1.0); global best score=0.0078066122 wNMSE=0.00038734523 wMSE=72.1629 wMRED=0.07561153 wER=0.168912 wMAE=2.9556 wBias=0.4362 condBias=5.0347 dotDrift=+3.286sigma uMRED=0.0064918967 uER=0.201172 uMAE=3.6406 WCE=48 bias=0.2500
[best] stage=quad_soft score=0.0078066122 wNMSE=0.00038734523 wMSE=72.1629 wMRED=0.07561153 wER=0.168912 wMAE=2.9556 wBias=0.4362 condBias=5.0347 dotDrift=+3.286sigma uMRED=0.0064918967 uER=0.201172 uMAE=3.6406 WCE=48 bias=0.2500
[best-json] /home/xuanqi/tony/work/FPGA/signed8x8_approx/signed8x8_2026_8_22/runs_module_groups/G3_o/balanced_split/rand301/best_signed88_inits.json
[best-rtl] /home/xuanqi/tony/work/FPGA/signed8x8_approx/signed8x8_2026_8_22/runs_module_groups/G3_o/balanced_split/rand301/best_rtl
[design] balanced_split search_bits=112
[start] score=0.0078066122 wNMSE=0.00038734523 wMSE=72.1629 wMRED=0.07561153 wER=0.168912 wMAE=2.9556 wBias=0.4362 condBias=5.0347 dotDrift=+3.286sigma uMRED=0.0064918967 uER=0.201172 uMAE=3.6406 WCE=48 bias=0.2500
[single] ACCEPT ['mid_lut01:59'] 0.0078066122->0.0036664384 wNMSE=0.000384174 wBias=-0.04677
[single] ACCEPT ['lo_lut01:27'] 0.0036664384->0.0036218902 wNMSE=0.00038370257 wBias=+0.01353
[single] round=3 no improvement
[pair] ACCEPT ['lo_lut23:15', 'lo_lut23:51'] 0.0036218902->0.0031515211 wNMSE=0.00033054976 wBias=-0.07987
[pair] ACCEPT ['lo_lut01:63', 'lo_lut01:27'] 0.0031515211->0.0030040576 wNMSE=0.0003239482 wBias=-0.01631
[pair] ACCEPT ['mid_lut01:63', 'mid_lut01:55'] 0.0030040576->0.0029377624 wNMSE=0.00027610228 wBias=-0.01767
[pair] ACCEPT ['lo_lut23:3', 'lo_lut23:31'] 0.0029377624->0.0029272688 wNMSE=0.00027578913 wBias=+0.01318
[final] score=0.0029272688 wNMSE=0.00027578913 wMSE=51.3799 wMRED=0.11308378 wER=0.324409 wMAE=3.1208 wBias=0.0132 condBias=3.9113 dotDrift=+0.118sigma uMRED=0.0070376154 uER=0.333984 uMAE=3.6289 WCE=40 bias=-0.2500
[json] /home/xuanqi/tony/work/FPGA/signed8x8_approx/signed8x8_2026_8_22/runs_module_groups/G3_o/balanced_split/rand301/refined/best_signed88_inits.json
