[design] default_split quad4 entries=168
[device] cuda
[initial] score=52.8864455170 wNMSE=6.4352386 wMSE=1198892.9533 wMRED=38.92263756 wER=0.584226 wMAE=627.9507 wBias=43.5763 condBias=637.4898 dotDrift=+2.547sigma uMRED=1.4134887218 uER=0.578125 uMAE=428.9600 WCE=3180 bias=3.8750
[quad_warmup_bit:00000] loss=7.346974 tau=1.50 collapse_w=0.000 mid_frac=0.518 hard=score=52.8864455170 wNMSE=6.4352386 wMSE=1198892.9533 wMRED=38.92263756 wER=0.584226 wMAE=627.9507 wBias=43.5763 condBias=637.4898 dotDrift=+2.547sigma uMRED=1.4134887218 uER=0.578125 uMAE=428.9600 WCE=3180 bias=3.8750
[quad_warmup_bit:00025] loss=5.757621 tau=1.50 collapse_w=0.000 mid_frac=0.524 hard=score=25.5639505680 wNMSE=6.5412765 wMSE=1218647.9482 wMRED=39.12301646 wER=0.584226 wMAE=634.1508 wBias=25.4521 condBias=641.4598 dotDrift=+1.476sigma uMRED=1.4466767916 uER=0.578125 uMAE=449.3042 WCE=3180 bias=-33.8750 *BEST*
[quad_warmup_bit:00050] loss=4.339991 tau=1.50 collapse_w=0.000 mid_frac=0.518 hard=score=24.2126410434 wNMSE=6.542351 wMSE=1218848.1390 wMRED=39.11281716 wER=0.584226 wMAE=633.9510 wBias=24.2169 condBias=641.0122 dotDrift=+1.404sigma uMRED=1.4467031405 uER=0.578125 uMAE=449.1929 WCE=3180 bias=-33.1250 *BEST*
[quad_warmup_bit:00075] loss=3.107524 tau=1.50 collapse_w=0.000 mid_frac=0.494 hard=score=23.9028328920 wNMSE=7.7550942 wMSE=1444783.7054 wMRED=42.59353533 wER=0.584226 wMAE=675.6260 wBias=-21.7964 condBias=693.6513 dotDrift=-1.161sigma uMRED=1.5538643202 uER=0.578125 uMAE=473.4404 WCE=3692 bias=-60.6250 *BEST*
[quad_warmup_bit:00100] loss=2.076778 tau=1.50 collapse_w=0.000 mid_frac=0.470 hard=score=18.3472447554 wNMSE=7.7131735 wMSE=1436973.8169 wMRED=42.80393289 wER=0.584226 wMAE=670.2581 wBias=-14.8444 condBias=703.3675 dotDrift=-0.793sigma uMRED=1.5249953178 uER=0.578125 uMAE=444.1440 WCE=3756 bias=-17.3750 *BEST*
[quad_warmup_bit:00200] loss=0.510347 tau=1.50 collapse_w=0.000 mid_frac=0.429 hard=score=476.6861613229 wNMSE=7.2822492 wMSE=1356692.0826 wMRED=39.95106069 wER=0.576632 wMAE=623.6825 wBias=-145.3066 condBias=666.8783 dotDrift=-7.984sigma uMRED=1.4459766544 uER=0.573730 uMAE=430.8032 WCE=3872 bias=-178.4375
[quad_warmup_bit:00400] loss=0.471221 tau=1.50 collapse_w=0.000 mid_frac=0.411 hard=score=493.8043633641 wNMSE=7.2283704 wMSE=1346654.3992 wMRED=39.80118083 wER=0.547933 wMAE=618.0947 wBias=-147.9883 condBias=660.7265 dotDrift=-8.162sigma uMRED=1.4234140440 uER=0.553955 uMAE=421.2695 WCE=3872 bias=-170.1250
[quad_warmup_bit:00600] loss=0.437279 tau=1.50 collapse_w=0.000 mid_frac=0.405 hard=score=394.5634442438 wNMSE=7.0862343 wMSE=1320174.2724 wMRED=39.27283511 wER=0.531544 wMAE=610.0082 wBias=-131.9190 condBias=644.0380 dotDrift=-7.348sigma uMRED=1.4051451520 uER=0.534180 uMAE=416.5391 WCE=3744 bias=-160.6250
[quad_warmup_bit:00800] loss=0.405780 tau=1.50 collapse_w=0.000 mid_frac=0.369 hard=score=489.3338049097 wNMSE=6.5181668 wMSE=1214342.5895 wMRED=37.03939062 wER=0.530234 wMAE=579.4663 wBias=-147.4943 condBias=614.8747 dotDrift=-8.566sigma uMRED=1.3442409192 uER=0.531982 uMAE=406.1016 WCE=3648 bias=-163.6250
[quad_warmup_bit:01000] loss=0.376776 tau=1.50 collapse_w=0.000 mid_frac=0.387 hard=score=493.5400222725 wNMSE=5.9459469 wMSE=1107737.3020 wMRED=35.31384388 wER=0.482630 wMAE=537.4478 wBias=-148.3129 condBias=579.8602 dotDrift=-9.019sigma uMRED=1.2567035694 uER=0.517334 uMAE=374.6543 WCE=3648 bias=-144.1250
[quad_warmup_bit:01200] loss=0.349432 tau=1.50 collapse_w=0.000 mid_frac=0.375 hard=score=716.6771746204 wNMSE=3.6981483 wMSE=688969.6359 wMRED=24.91139611 wER=0.478190 wMAE=396.9980 wBias=-179.7391 condBias=465.6579 dotDrift=-13.859sigma uMRED=0.9708812661 uER=0.506348 uMAE=317.9043 WCE=3136 bias=-99.1250
[quad_warmup_bit:01400] loss=0.324086 tau=1.50 collapse_w=0.000 mid_frac=0.333 hard=score=884.4247817414 wNMSE=3.6079777 wMSE=672170.7371 wMRED=20.44045737 wER=0.394637 wMAE=352.7399 wBias=-199.8595 condBias=450.7366 dotDrift=-15.601sigma uMRED=0.8794069017 uER=0.463379 uMAE=307.5684 WCE=2816 bias=-97.1250
[quad_warmup_bit:01600] loss=0.300414 tau=1.50 collapse_w=0.000 mid_frac=0.321 hard=score=898.1939020600 wNMSE=3.606054 wMSE=671812.3554 wMRED=20.43957780 wER=0.390287 wMAE=352.0033 wBias=-201.4195 condBias=450.5447 dotDrift=-15.727sigma uMRED=0.8776100801 uER=0.444336 uMAE=304.2461 WCE=2816 bias=-103.1250
[quad_warmup_bit:01800] loss=0.277532 tau=1.50 collapse_w=0.000 mid_frac=0.274 hard=score=165.0445082479 wNMSE=2.4624145 wMSE=458750.8823 wMRED=15.38266439 wER=0.356555 wMAE=263.2225 wBias=-85.5821 condBias=341.2603 dotDrift=-8.087sigma uMRED=0.6627099324 uER=0.415039 uMAE=233.2656 WCE=2304 bias=-0.1250
[quad_warmup_bit:02000] loss=0.254890 tau=1.50 collapse_w=0.000 mid_frac=0.238 hard=score=46.8165387969 wNMSE=0.83594781 wMSE=155738.1163 wMRED=3.23831588 wER=0.319830 wMAE=118.3432 wBias=45.4260 condBias=201.3738 dotDrift=+7.367sigma uMRED=0.3121126843 uER=0.382324 uMAE=164.5781 WCE=2304 bias=47.8750
[quad_warmup_bit:02050] loss=0.249235 tau=1.50 collapse_w=0.000 mid_frac=0.220 hard=score=5.9099804865 wNMSE=0.99664878 wMSE=185676.9081 wMRED=6.67176019 wER=0.323351 wMAE=151.8557 wBias=13.8764 condBias=220.8625 dotDrift=+2.061sigma uMRED=0.3810023458 uER=0.375732 uMAE=156.8750 WCE=2304 bias=63.8750 *BEST*
[quad_warmup_bit:02075] loss=0.246419 tau=1.50 collapse_w=0.000 mid_frac=0.220 hard=score=5.4253183657 wNMSE=0.99573216 wMSE=185506.1410 wMRED=6.67646541 wER=0.325385 wMAE=151.6172 wBias=13.0613 condBias=220.5895 dotDrift=+1.941sigma uMRED=0.3804964836 uER=0.377930 uMAE=156.3750 WCE=2304 bias=62.8750 *BEST*
[quad_warmup_bit:02200] loss=0.232674 tau=1.50 collapse_w=0.000 mid_frac=0.190 hard=score=54.9900603370 wNMSE=0.28522858 wMSE=53138.4391 wMRED=5.56564664 wER=0.307829 wMAE=89.5639 wBias=-49.7687 condBias=118.7607 dotDrift=-13.818sigma uMRED=0.2346119552 uER=0.350098 uMAE=84.7344 WCE=848 bias=-9.6250
[quad_warmup_bit:02400] loss=0.212841 tau=1.50 collapse_w=0.000 mid_frac=0.173 hard=score=116.7492715655 wNMSE=0.32255856 wMSE=60093.0609 wMRED=6.02202920 wER=0.306992 wMAE=98.1000 wBias=-72.6771 condBias=137.6358 dotDrift=-18.974sigma uMRED=0.2502341428 uER=0.347168 uMAE=84.5020 WCE=912 bias=-45.8750
[quad_warmup_bit:02600] loss=0.197023 tau=1.50 collapse_w=0.000 mid_frac=0.173 hard=score=131.8858583641 wNMSE=0.36396698 wMSE=67807.5014 wMRED=6.64289594 wER=0.308495 wMAE=102.7939 wBias=-77.2453 condBias=147.5182 dotDrift=-18.985sigma uMRED=0.2661787552 uER=0.351562 uMAE=87.5820 WCE=960 bias=-48.8750
[quad_warmup_bit:02800] loss=0.185622 tau=1.50 collapse_w=0.000 mid_frac=0.167 hard=score=129.5823894162 wNMSE=0.3636684 wMSE=67751.8762 wMRED=6.64127560 wER=0.313994 wMAE=102.6927 wBias=-76.5639 condBias=147.1308 dotDrift=-18.825sigma uMRED=0.2655707170 uER=0.352051 uMAE=87.0000 WCE=960 bias=-46.6250
[quad_warmup_bit:03000] loss=0.177290 tau=1.50 collapse_w=0.000 mid_frac=0.167 hard=score=124.0056279095 wNMSE=0.36104643 wMSE=67263.3992 wMRED=6.62555649 wER=0.313994 wMAE=102.1276 wBias=-74.8915 condBias=143.8988 dotDrift=-18.481sigma uMRED=0.2637922957 uER=0.352051 uMAE=86.0000 WCE=960 bias=-44.6250
[quad_warmup_bit:03200] loss=0.170763 tau=1.50 collapse_w=0.000 mid_frac=0.179 hard=score=76.1205492998 wNMSE=0.32335931 wMSE=60242.2425 wMRED=6.44745088 wER=0.311759 wMAE=92.6937 wBias=-58.6076 condBias=125.9623 dotDrift=-15.282sigma uMRED=0.2411816097 uER=0.352783 uMAE=75.2617 WCE=960 bias=-26.6250
[quad_warmup_bit:03400] loss=0.165643 tau=1.50 collapse_w=0.000 mid_frac=0.161 hard=score=78.1066142096 wNMSE=0.32332838 wMSE=60236.4786 wMRED=6.44750164 wER=0.318326 wMAE=92.5365 wBias=-59.3737 condBias=126.0424 dotDrift=-15.483sigma uMRED=0.2406057752 uER=0.358643 uMAE=74.7617 WCE=960 bias=-27.6250
[quad_warmup_bit:03600] loss=0.161750 tau=1.50 collapse_w=0.000 mid_frac=0.137 hard=score=11.5003241215 wNMSE=0.15969011 wMSE=29750.4668 wMRED=2.46086370 wER=0.309502 wMAE=48.6391 wBias=22.4156 condBias=58.0701 dotDrift=+8.317sigma uMRED=0.1352588145 uER=0.339111 uMAE=47.6602 WCE=3840 bias=18.3750
[quad_warmup_bit:03800] loss=0.158530 tau=1.50 collapse_w=0.000 mid_frac=0.137 hard=score=15.1965727435 wNMSE=0.10098205 wMSE=18813.0823 wMRED=1.65240662 wER=0.323381 wMAE=45.3870 wBias=25.9697 condBias=58.9939 dotDrift=+12.118sigma uMRED=0.1128628196 uER=0.333984 uMAE=45.7266 WCE=3552 bias=20.8750
[quad_warmup_bit:03900] loss=0.157172 tau=1.50 collapse_w=0.000 mid_frac=0.137 hard=score=3.9753340374 wNMSE=0.077343372 wMSE=14409.1664 wMRED=1.52722256 wER=0.309368 wMAE=36.7856 wBias=12.8850 condBias=48.6901 dotDrift=+6.870sigma uMRED=0.0913108937 uER=0.314453 uMAE=33.9141 WCE=3552 bias=4.8750 *BEST*
[quad_warmup_bit:04000] loss=0.155938 tau=1.50 collapse_w=0.000 mid_frac=0.131 hard=score=5.6709121603 wNMSE=0.071235712 wMSE=13271.3018 wMRED=1.41007646 wER=0.311709 wMAE=33.4593 wBias=15.6050 condBias=44.9030 dotDrift=+8.669sigma uMRED=0.0827973699 uER=0.315918 uMAE=30.0117 WCE=3552 bias=8.3750
[quad_warmup_bit:04200] loss=0.153701 tau=1.50 collapse_w=0.000 mid_frac=0.131 hard=score=5.6709121603 wNMSE=0.071235712 wMSE=13271.3018 wMRED=1.41007646 wER=0.311709 wMAE=33.4593 wBias=15.6050 condBias=44.9030 dotDrift=+8.669sigma uMRED=0.0827973699 uER=0.315918 uMAE=30.0117 WCE=3552 bias=8.3750
[quad_warmup_bit:04400] loss=0.151744 tau=1.50 collapse_w=0.000 mid_frac=0.125 hard=score=4.5558399596 wNMSE=0.13001976 wMSE=24222.8423 wMRED=2.22249125 wER=0.294283 wMAE=36.0890 wBias=13.7456 condBias=44.2961 dotDrift=+5.652sigma uMRED=0.1046448873 uER=0.312256 uMAE=30.9629 WCE=3840 bias=7.8750
[quad_warmup_bit:04600] loss=0.150019 tau=1.50 collapse_w=0.000 mid_frac=0.119 hard=score=4.5558399596 wNMSE=0.13001976 wMSE=24222.8423 wMRED=2.22249125 wER=0.294283 wMAE=36.0890 wBias=13.7456 condBias=44.2961 dotDrift=+5.652sigma uMRED=0.1046448873 uER=0.312256 uMAE=30.9629 WCE=3840 bias=7.8750
[quad_warmup_bit:04675] loss=0.149319 tau=1.50 collapse_w=0.000 mid_frac=0.113 hard=score=3.5694026092 wNMSE=0.092919766 wMSE=17311.0680 wMRED=2.00067554 wER=0.294283 wMAE=31.6256 wBias=12.0930 condBias=41.5336 dotDrift=+5.882sigma uMRED=0.0879077692 uER=0.312256 uMAE=26.2363 WCE=3840 bias=4.8750 *BEST*
[quad_warmup_bit:04775] loss=0.148330 tau=1.50 collapse_w=0.000 mid_frac=0.101 hard=score=2.6939267441 wNMSE=0.027930846 wMSE=5203.5513 wMRED=1.09899327 wER=0.304443 wMAE=26.8853 wBias=10.9163 condBias=39.6803 dotDrift=+9.685sigma uMRED=0.0625106150 uER=0.329346 uMAE=24.7188 WCE=432 bias=1.3750 *BEST*
[quad_warmup_bit:04800] loss=0.148086 tau=1.50 collapse_w=0.000 mid_frac=0.095 hard=score=2.6939267441 wNMSE=0.027930846 wMSE=5203.5513 wMRED=1.09899327 wER=0.304443 wMAE=26.8853 wBias=10.9163 condBias=39.6803 dotDrift=+9.685sigma uMRED=0.0625106150 uER=0.329346 uMAE=24.7188 WCE=432 bias=1.3750
[quad_warmup_bit:05000] loss=0.146350 tau=1.50 collapse_w=0.000 mid_frac=0.083 hard=score=2.6939267441 wNMSE=0.027930846 wMSE=5203.5513 wMRED=1.09899327 wER=0.304443 wMAE=26.8853 wBias=10.9163 condBias=39.6803 dotDrift=+9.685sigma uMRED=0.0625106150 uER=0.329346 uMAE=24.7188 WCE=432 bias=1.3750
[quad_warmup_bit:05200] loss=0.144972 tau=1.50 collapse_w=0.000 mid_frac=0.083 hard=score=2.6939267441 wNMSE=0.027930846 wMSE=5203.5513 wMRED=1.09899327 wER=0.304443 wMAE=26.8853 wBias=10.9163 condBias=39.6803 dotDrift=+9.685sigma uMRED=0.0625106150 uER=0.329346 uMAE=24.7188 WCE=432 bias=1.3750
[quad_warmup_bit:05400] loss=0.144027 tau=1.50 collapse_w=0.000 mid_frac=0.071 hard=score=2.6939267441 wNMSE=0.027930846 wMSE=5203.5513 wMRED=1.09899327 wER=0.304443 wMAE=26.8853 wBias=10.9163 condBias=39.6803 dotDrift=+9.685sigma uMRED=0.0625106150 uER=0.329346 uMAE=24.7188 WCE=432 bias=1.3750
[quad_warmup_bit:05600] loss=0.143364 tau=1.50 collapse_w=0.000 mid_frac=0.065 hard=score=2.6939267441 wNMSE=0.027930846 wMSE=5203.5513 wMRED=1.09899327 wER=0.304443 wMAE=26.8853 wBias=10.9163 condBias=39.6803 dotDrift=+9.685sigma uMRED=0.0625106150 uER=0.329346 uMAE=24.7188 WCE=432 bias=1.3750
[quad_warmup_bit:05800] loss=0.142872 tau=1.50 collapse_w=0.000 mid_frac=0.065 hard=score=2.6939267441 wNMSE=0.027930846 wMSE=5203.5513 wMRED=1.09899327 wER=0.304443 wMAE=26.8853 wBias=10.9163 condBias=39.6803 dotDrift=+9.685sigma uMRED=0.0625106150 uER=0.329346 uMAE=24.7188 WCE=432 bias=1.3750
[quad_warmup_bit:05999] loss=0.142483 tau=1.50 collapse_w=0.000 mid_frac=0.065 hard=score=2.6939267441 wNMSE=0.027930846 wMSE=5203.5513 wMRED=1.09899327 wER=0.304443 wMAE=26.8853 wBias=10.9163 condBias=39.6803 dotDrift=+9.685sigma uMRED=0.0625106150 uER=0.329346 uMAE=24.7188 WCE=432 bias=1.3750
[quad_soft:00000] loss=0.849482 tau=1.50 collapse_w=0.000 mid_frac=0.065 hard=score=2.6939267441 wNMSE=0.027930846 wMSE=5203.5513 wMRED=1.09899327 wER=0.304443 wMAE=26.8853 wBias=10.9163 condBias=39.6803 dotDrift=+9.685sigma uMRED=0.0625106150 uER=0.329346 uMAE=24.7188 WCE=432 bias=1.3750
[quad_soft:00025] loss=0.754296 tau=1.51 collapse_w=0.000 mid_frac=0.065 hard=score=1.7137243394 wNMSE=0.029508394 wMSE=5497.4504 wMRED=1.23958741 wER=0.323484 wMAE=29.1703 wBias=8.6313 condBias=40.7537 dotDrift=+7.450sigma uMRED=0.0684763016 uER=0.344971 uMAE=26.7188 WCE=432 bias=-0.6250 *BEST*
[quad_soft:00100] loss=0.552837 tau=1.55 collapse_w=0.000 mid_frac=0.060 hard=score=1.2974399175 wNMSE=0.028869994 wMSE=5378.5157 wMRED=1.21584392 wER=0.340910 wMAE=29.1779 wBias=7.4620 condBias=39.2213 dotDrift=+6.512sigma uMRED=0.0678786437 uER=0.348633 uMAE=26.6348 WCE=416 bias=-1.1250 *BEST*
[quad_soft:00150] loss=0.467542 tau=1.57 collapse_w=0.000 mid_frac=0.077 hard=score=1.2618423764 wNMSE=0.029071347 wMSE=5416.0281 wMRED=1.24266729 wER=0.348694 wMAE=29.4692 wBias=7.3509 condBias=39.6446 dotDrift=+6.393sigma uMRED=0.0687651098 uER=0.355957 uMAE=26.7930 WCE=416 bias=-1.1250 *BEST*
[quad_soft:00200] loss=0.412823 tau=1.59 collapse_w=0.000 mid_frac=0.083 hard=score=1.6318718776 wNMSE=0.030300411 wMSE=5645.0043 wMRED=1.26557872 wER=0.357533 wMAE=30.6103 wBias=8.4057 condBias=41.5784 dotDrift=+7.160sigma uMRED=0.0713480921 uER=0.370605 uMAE=28.3066 WCE=448 bias=-0.1250
[quad_soft:00400] loss=0.322090 tau=1.68 collapse_w=0.000 mid_frac=0.083 hard=score=1.4964771430 wNMSE=0.030426035 wMSE=5668.4082 wMRED=1.26648484 wER=0.351316 wMAE=30.7073 wBias=8.0299 condBias=41.7765 dotDrift=+6.826sigma uMRED=0.0719148123 uER=0.364746 uMAE=28.8848 WCE=448 bias=-2.0000
[quad_soft:00600] loss=0.294096 tau=1.77 collapse_w=0.000 mid_frac=0.071 hard=score=1.9923257834 wNMSE=0.030587378 wMSE=5698.4666 wMRED=1.25440461 wER=0.317119 wMAE=29.8991 wBias=9.3259 condBias=42.4283 dotDrift=+7.907sigma uMRED=0.0706375164 uER=0.343506 uMAE=28.2422 WCE=464 bias=-1.5000
[quad_soft:00800] loss=0.283180 tau=1.86 collapse_w=0.000 mid_frac=0.071 hard=score=1.9923257834 wNMSE=0.030587378 wMSE=5698.4666 wMRED=1.25440461 wER=0.317119 wMAE=29.8991 wBias=9.3259 condBias=42.4283 dotDrift=+7.907sigma uMRED=0.0706375164 uER=0.343506 uMAE=28.2422 WCE=464 bias=-1.5000
[quad_soft:00850] loss=0.281918 tau=1.88 collapse_w=0.000 mid_frac=0.071 hard=score=0.8581952444 wNMSE=0.032016751 wMSE=5964.7606 wMRED=1.25891032 wER=0.323975 wMAE=31.5365 wBias=5.9363 condBias=43.1147 dotDrift=+4.919sigma uMRED=0.0733563076 uER=0.353027 uMAE=30.7422 WCE=464 bias=-5.5000 *BEST*
[quad_soft:01000] loss=0.276289 tau=1.95 collapse_w=0.000 mid_frac=0.071 hard=score=0.8581952444 wNMSE=0.032016751 wMSE=5964.7606 wMRED=1.25891032 wER=0.323975 wMAE=31.5365 wBias=5.9363 condBias=43.1147 dotDrift=+4.919sigma uMRED=0.0733563076 uER=0.353027 uMAE=30.7422 WCE=464 bias=-5.5000
[quad_soft:01200] loss=0.267557 tau=2.04 collapse_w=0.000 mid_frac=0.071 hard=score=2.6656324988 wNMSE=0.030319923 wMSE=5648.6393 wMRED=1.20955594 wER=0.313269 wMAE=28.7855 wBias=10.8402 condBias=41.7823 dotDrift=+9.231sigma uMRED=0.0666850344 uER=0.349121 uMAE=27.4961 WCE=464 bias=-1.0000
[quad_soft:01400] loss=0.261593 tau=2.13 collapse_w=0.000 mid_frac=0.071 hard=score=2.9718890202 wNMSE=0.030310025 wMSE=5646.7953 wMRED=1.26026991 wER=0.321109 wMAE=28.9677 wBias=11.4651 condBias=41.9099 dotDrift=+9.765sigma uMRED=0.0673035861 uER=0.353516 uMAE=27.3398 WCE=464 bias=-0.5000
[quad_soft:01600] loss=0.255890 tau=2.22 collapse_w=0.000 mid_frac=0.071 hard=score=2.9718890202 wNMSE=0.030310025 wMSE=5646.7953 wMRED=1.26026991 wER=0.321109 wMAE=28.9677 wBias=11.4651 condBias=41.9099 dotDrift=+9.765sigma uMRED=0.0673035861 uER=0.353516 uMAE=27.3398 WCE=464 bias=-0.5000
[quad_soft:01800] loss=0.251933 tau=2.31 collapse_w=0.000 mid_frac=0.071 hard=score=3.2173758750 wNMSE=0.030257776 wMSE=5637.0612 wMRED=1.26018219 wER=0.321634 wMAE=28.8683 wBias=11.9428 condBias=41.8645 dotDrift=+10.180sigma uMRED=0.0669153880 uER=0.354980 uMAE=26.7871 WCE=464 bias=1.5000
[quad_soft:02000] loss=0.248040 tau=2.40 collapse_w=0.000 mid_frac=0.077 hard=score=2.8247015608 wNMSE=0.029690418 wMSE=5531.3617 wMRED=1.24837295 wER=0.321634 wMAE=28.5225 wBias=11.1766 condBias=40.6334 dotDrift=+9.618sigma uMRED=0.0655725477 uER=0.354980 uMAE=26.1621 WCE=432 bias=0.5000
[quad_soft:02200] loss=0.244145 tau=2.49 collapse_w=0.000 mid_frac=0.077 hard=score=2.8247015608 wNMSE=0.029690418 wMSE=5531.3617 wMRED=1.24837295 wER=0.321634 wMAE=28.5225 wBias=11.1766 condBias=40.6334 dotDrift=+9.618sigma uMRED=0.0655725477 uER=0.354980 uMAE=26.1621 WCE=432 bias=0.5000
[quad_soft:02400] loss=0.240343 tau=2.58 collapse_w=0.000 mid_frac=0.077 hard=score=2.8247015608 wNMSE=0.029690418 wMSE=5531.3617 wMRED=1.24837295 wER=0.321634 wMAE=28.5225 wBias=11.1766 condBias=40.6334 dotDrift=+9.618sigma uMRED=0.0655725477 uER=0.354980 uMAE=26.1621 WCE=432 bias=0.5000
[quad_soft:02600] loss=0.236563 tau=2.67 collapse_w=0.000 mid_frac=0.077 hard=score=2.8247015608 wNMSE=0.029690418 wMSE=5531.3617 wMRED=1.24837295 wER=0.321634 wMAE=28.5225 wBias=11.1766 condBias=40.6334 dotDrift=+9.618sigma uMRED=0.0655725477 uER=0.354980 uMAE=26.1621 WCE=432 bias=0.5000
[quad_soft:02800] loss=0.232805 tau=2.76 collapse_w=0.000 mid_frac=0.083 hard=score=2.8247015608 wNMSE=0.029690418 wMSE=5531.3617 wMRED=1.24837295 wER=0.321634 wMAE=28.5225 wBias=11.1766 condBias=40.6334 dotDrift=+9.618sigma uMRED=0.0655725477 uER=0.354980 uMAE=26.1621 WCE=432 bias=0.5000
[quad_soft:03000] loss=0.229046 tau=2.85 collapse_w=0.000 mid_frac=0.083 hard=score=2.8247015608 wNMSE=0.029690418 wMSE=5531.3617 wMRED=1.24837295 wER=0.321634 wMAE=28.5225 wBias=11.1766 condBias=40.6334 dotDrift=+9.618sigma uMRED=0.0655725477 uER=0.354980 uMAE=26.1621 WCE=432 bias=0.5000
[quad_soft:03200] loss=0.225277 tau=2.94 collapse_w=0.000 mid_frac=0.083 hard=score=2.8247015608 wNMSE=0.029690418 wMSE=5531.3617 wMRED=1.24837295 wER=0.321634 wMAE=28.5225 wBias=11.1766 condBias=40.6334 dotDrift=+9.618sigma uMRED=0.0655725477 uER=0.354980 uMAE=26.1621 WCE=432 bias=0.5000
[quad_soft:03400] loss=0.221539 tau=3.03 collapse_w=0.000 mid_frac=0.083 hard=score=2.8247015608 wNMSE=0.029690418 wMSE=5531.3617 wMRED=1.24837295 wER=0.321634 wMAE=28.5225 wBias=11.1766 condBias=40.6334 dotDrift=+9.618sigma uMRED=0.0655725477 uER=0.354980 uMAE=26.1621 WCE=432 bias=0.5000
[quad_soft:03600] loss=0.217768 tau=3.12 collapse_w=0.000 mid_frac=0.083 hard=score=4.7393417733 wNMSE=0.028090251 wMSE=5233.2488 wMRED=1.24480820 wER=0.318583 wMAE=26.6362 wBias=14.5662 condBias=39.9167 dotDrift=+12.887sigma uMRED=0.0629409711 uER=0.350586 uMAE=23.5156 WCE=432 bias=4.5000
[quad_soft:03800] loss=0.214011 tau=3.21 collapse_w=0.000 mid_frac=0.083 hard=score=4.7393417733 wNMSE=0.028090251 wMSE=5233.2488 wMRED=1.24480820 wER=0.318583 wMAE=26.6362 wBias=14.5662 condBias=39.9167 dotDrift=+12.887sigma uMRED=0.0629409711 uER=0.350586 uMAE=23.5156 WCE=432 bias=4.5000
[quad_soft:04000] loss=0.210242 tau=3.30 collapse_w=0.000 mid_frac=0.083 hard=score=4.7393417733 wNMSE=0.028090251 wMSE=5233.2488 wMRED=1.24480820 wER=0.318583 wMAE=26.6362 wBias=14.5662 condBias=39.9167 dotDrift=+12.887sigma uMRED=0.0629409711 uER=0.350586 uMAE=23.5156 WCE=432 bias=4.5000
[quad_soft:04200] loss=0.205298 tau=3.39 collapse_w=0.000 mid_frac=0.083 hard=score=4.7393417733 wNMSE=0.028090251 wMSE=5233.2488 wMRED=1.24480820 wER=0.318583 wMAE=26.6362 wBias=14.5662 condBias=39.9167 dotDrift=+12.887sigma uMRED=0.0629409711 uER=0.350586 uMAE=23.5156 WCE=432 bias=4.5000
[quad_soft:04400] loss=0.200350 tau=3.48 collapse_w=0.000 mid_frac=0.083 hard=score=4.7393417733 wNMSE=0.028090251 wMSE=5233.2488 wMRED=1.24480820 wER=0.318583 wMAE=26.6362 wBias=14.5662 condBias=39.9167 dotDrift=+12.887sigma uMRED=0.0629409711 uER=0.350586 uMAE=23.5156 WCE=432 bias=4.5000
[quad_soft:04600] loss=0.195402 tau=3.57 collapse_w=0.000 mid_frac=0.083 hard=score=4.7393417733 wNMSE=0.028090251 wMSE=5233.2488 wMRED=1.24480820 wER=0.318583 wMAE=26.6362 wBias=14.5662 condBias=39.9167 dotDrift=+12.887sigma uMRED=0.0629409711 uER=0.350586 uMAE=23.5156 WCE=432 bias=4.5000
[quad_soft:04800] loss=0.190491 tau=3.66 collapse_w=0.000 mid_frac=0.083 hard=score=4.7393417733 wNMSE=0.028090251 wMSE=5233.2488 wMRED=1.24480820 wER=0.318583 wMAE=26.6362 wBias=14.5662 condBias=39.9167 dotDrift=+12.887sigma uMRED=0.0629409711 uER=0.350586 uMAE=23.5156 WCE=432 bias=4.5000
[quad_soft:05000] loss=0.185497 tau=3.75 collapse_w=0.000 mid_frac=0.077 hard=score=4.7393417733 wNMSE=0.028090251 wMSE=5233.2488 wMRED=1.24480820 wER=0.318583 wMAE=26.6362 wBias=14.5662 condBias=39.9167 dotDrift=+12.887sigma uMRED=0.0629409711 uER=0.350586 uMAE=23.5156 WCE=432 bias=4.5000
[quad_soft:05200] loss=0.180561 tau=3.84 collapse_w=0.000 mid_frac=0.077 hard=score=4.7393417733 wNMSE=0.028090251 wMSE=5233.2488 wMRED=1.24480820 wER=0.318583 wMAE=26.6362 wBias=14.5662 condBias=39.9167 dotDrift=+12.887sigma uMRED=0.0629409711 uER=0.350586 uMAE=23.5156 WCE=432 bias=4.5000
[quad_soft:05400] loss=0.175616 tau=3.93 collapse_w=0.000 mid_frac=0.077 hard=score=4.7393417733 wNMSE=0.028090251 wMSE=5233.2488 wMRED=1.24480820 wER=0.318583 wMAE=26.6362 wBias=14.5662 condBias=39.9167 dotDrift=+12.887sigma uMRED=0.0629409711 uER=0.350586 uMAE=23.5156 WCE=432 bias=4.5000
[quad_soft:05600] loss=0.170645 tau=4.02 collapse_w=0.000 mid_frac=0.077 hard=score=4.7393417733 wNMSE=0.028090251 wMSE=5233.2488 wMRED=1.24480820 wER=0.318583 wMAE=26.6362 wBias=14.5662 condBias=39.9167 dotDrift=+12.887sigma uMRED=0.0629409711 uER=0.350586 uMAE=23.5156 WCE=432 bias=4.5000
[quad_soft:05800] loss=0.165672 tau=4.11 collapse_w=0.000 mid_frac=0.077 hard=score=4.7393417733 wNMSE=0.028090251 wMSE=5233.2488 wMRED=1.24480820 wER=0.318583 wMAE=26.6362 wBias=14.5662 condBias=39.9167 dotDrift=+12.887sigma uMRED=0.0629409711 uER=0.350586 uMAE=23.5156 WCE=432 bias=4.5000
[quad_soft:06000] loss=0.160750 tau=4.20 collapse_w=0.000 mid_frac=0.077 hard=score=4.7393417733 wNMSE=0.028090251 wMSE=5233.2488 wMRED=1.24480820 wER=0.318583 wMAE=26.6362 wBias=14.5662 condBias=39.9167 dotDrift=+12.887sigma uMRED=0.0629409711 uER=0.350586 uMAE=23.5156 WCE=432 bias=4.5000
[quad_soft:06200] loss=0.156835 tau=4.29 collapse_w=0.025 mid_frac=0.077 hard=score=4.7393417733 wNMSE=0.028090251 wMSE=5233.2488 wMRED=1.24480820 wER=0.318583 wMAE=26.6362 wBias=14.5662 condBias=39.9167 dotDrift=+12.887sigma uMRED=0.0629409711 uER=0.350586 uMAE=23.5156 WCE=432 bias=4.5000
[quad_soft:06400] loss=0.152824 tau=4.38 collapse_w=0.050 mid_frac=0.077 hard=score=4.8648948701 wNMSE=0.028013473 wMSE=5218.9448 wMRED=1.24147367 wER=0.318583 wMAE=26.4410 wBias=14.7614 condBias=39.7755 dotDrift=+13.077sigma uMRED=0.0625521003 uER=0.350586 uMAE=23.2656 WCE=432 bias=4.7500
[quad_soft:06600] loss=0.148736 tau=4.47 collapse_w=0.075 mid_frac=0.071 hard=score=4.9423629455 wNMSE=0.028018722 wMSE=5219.9227 wMRED=1.24155986 wER=0.318504 wMAE=26.4559 wBias=14.8803 condBias=39.7868 dotDrift=+13.181sigma uMRED=0.0625772364 uER=0.349121 uMAE=23.3008 WCE=432 bias=5.2500
[quad_soft:06800] loss=0.144553 tau=4.56 collapse_w=0.100 mid_frac=0.065 hard=score=4.9423629455 wNMSE=0.028018722 wMSE=5219.9227 wMRED=1.24155986 wER=0.318504 wMAE=26.4559 wBias=14.8803 condBias=39.7868 dotDrift=+13.181sigma uMRED=0.0625772364 uER=0.349121 uMAE=23.3008 WCE=432 bias=5.2500
[quad_soft:07000] loss=0.140305 tau=4.65 collapse_w=0.125 mid_frac=0.065 hard=score=4.9423629455 wNMSE=0.028018722 wMSE=5219.9227 wMRED=1.24155986 wER=0.318504 wMAE=26.4559 wBias=14.8803 condBias=39.7868 dotDrift=+13.181sigma uMRED=0.0625772364 uER=0.349121 uMAE=23.3008 WCE=432 bias=5.2500
[quad_soft:07200] loss=0.136034 tau=4.74 collapse_w=0.150 mid_frac=0.060 hard=score=4.9423629455 wNMSE=0.028018722 wMSE=5219.9227 wMRED=1.24155986 wER=0.318504 wMAE=26.4559 wBias=14.8803 condBias=39.7868 dotDrift=+13.181sigma uMRED=0.0625772364 uER=0.349121 uMAE=23.3008 WCE=432 bias=5.2500
[quad_soft:07400] loss=0.131712 tau=4.83 collapse_w=0.175 mid_frac=0.060 hard=score=4.9423629455 wNMSE=0.028018722 wMSE=5219.9227 wMRED=1.24155986 wER=0.318504 wMAE=26.4559 wBias=14.8803 condBias=39.7868 dotDrift=+13.181sigma uMRED=0.0625772364 uER=0.349121 uMAE=23.3008 WCE=432 bias=5.2500
[quad_soft:07600] loss=0.127347 tau=4.92 collapse_w=0.200 mid_frac=0.060 hard=score=4.9423629455 wNMSE=0.028018722 wMSE=5219.9227 wMRED=1.24155986 wER=0.318504 wMAE=26.4559 wBias=14.8803 condBias=39.7868 dotDrift=+13.181sigma uMRED=0.0625772364 uER=0.349121 uMAE=23.3008 WCE=432 bias=5.2500
[quad_soft:07800] loss=0.122963 tau=5.01 collapse_w=0.225 mid_frac=0.060 hard=score=4.9423629455 wNMSE=0.028018722 wMSE=5219.9227 wMRED=1.24155986 wER=0.318504 wMAE=26.4559 wBias=14.8803 condBias=39.7868 dotDrift=+13.181sigma uMRED=0.0625772364 uER=0.349121 uMAE=23.3008 WCE=432 bias=5.2500
[quad_soft:08000] loss=0.118449 tau=5.10 collapse_w=0.250 mid_frac=0.060 hard=score=4.9423629455 wNMSE=0.028018722 wMSE=5219.9227 wMRED=1.24155986 wER=0.318504 wMAE=26.4559 wBias=14.8803 condBias=39.7868 dotDrift=+13.181sigma uMRED=0.0625772364 uER=0.349121 uMAE=23.3008 WCE=432 bias=5.2500
[quad_soft:08200] loss=0.113930 tau=5.19 collapse_w=0.275 mid_frac=0.042 hard=score=4.9423629455 wNMSE=0.028018722 wMSE=5219.9227 wMRED=1.24155986 wER=0.318504 wMAE=26.4559 wBias=14.8803 condBias=39.7868 dotDrift=+13.181sigma uMRED=0.0625772364 uER=0.349121 uMAE=23.3008 WCE=432 bias=5.2500
[quad_soft:08400] loss=0.109381 tau=5.28 collapse_w=0.300 mid_frac=0.048 hard=score=4.9423629455 wNMSE=0.028018722 wMSE=5219.9227 wMRED=1.24155986 wER=0.318504 wMAE=26.4559 wBias=14.8803 condBias=39.7868 dotDrift=+13.181sigma uMRED=0.0625772364 uER=0.349121 uMAE=23.3008 WCE=432 bias=5.2500
[quad_soft:08600] loss=0.104791 tau=5.37 collapse_w=0.325 mid_frac=0.048 hard=score=4.9423629455 wNMSE=0.028018722 wMSE=5219.9227 wMRED=1.24155986 wER=0.318504 wMAE=26.4559 wBias=14.8803 condBias=39.7868 dotDrift=+13.181sigma uMRED=0.0625772364 uER=0.349121 uMAE=23.3008 WCE=432 bias=5.2500
[quad_soft:08800] loss=0.100100 tau=5.46 collapse_w=0.350 mid_frac=0.048 hard=score=4.9423629455 wNMSE=0.028018722 wMSE=5219.9227 wMRED=1.24155986 wER=0.318504 wMAE=26.4559 wBias=14.8803 condBias=39.7868 dotDrift=+13.181sigma uMRED=0.0625772364 uER=0.349121 uMAE=23.3008 WCE=432 bias=5.2500
[quad_soft:09000] loss=0.095363 tau=5.55 collapse_w=0.375 mid_frac=0.048 hard=score=4.9423629455 wNMSE=0.028018722 wMSE=5219.9227 wMRED=1.24155986 wER=0.318504 wMAE=26.4559 wBias=14.8803 condBias=39.7868 dotDrift=+13.181sigma uMRED=0.0625772364 uER=0.349121 uMAE=23.3008 WCE=432 bias=5.2500
[quad_soft:09200] loss=0.090532 tau=5.64 collapse_w=0.400 mid_frac=0.048 hard=score=4.9423629455 wNMSE=0.028018722 wMSE=5219.9227 wMRED=1.24155986 wER=0.318504 wMAE=26.4559 wBias=14.8803 condBias=39.7868 dotDrift=+13.181sigma uMRED=0.0625772364 uER=0.349121 uMAE=23.3008 WCE=432 bias=5.2500
[quad_soft:09400] loss=0.085605 tau=5.73 collapse_w=0.425 mid_frac=0.042 hard=score=4.9423629455 wNMSE=0.028018722 wMSE=5219.9227 wMRED=1.24155986 wER=0.318504 wMAE=26.4559 wBias=14.8803 condBias=39.7868 dotDrift=+13.181sigma uMRED=0.0625772364 uER=0.349121 uMAE=23.3008 WCE=432 bias=5.2500
[quad_soft:09600] loss=0.080508 tau=5.82 collapse_w=0.450 mid_frac=0.042 hard=score=4.9423629455 wNMSE=0.028018722 wMSE=5219.9227 wMRED=1.24155986 wER=0.318504 wMAE=26.4559 wBias=14.8803 condBias=39.7868 dotDrift=+13.181sigma uMRED=0.0625772364 uER=0.349121 uMAE=23.3008 WCE=432 bias=5.2500
[quad_soft:09800] loss=0.075228 tau=5.91 collapse_w=0.475 mid_frac=0.042 hard=score=4.9423629455 wNMSE=0.028018722 wMSE=5219.9227 wMRED=1.24155986 wER=0.318504 wMAE=26.4559 wBias=14.8803 condBias=39.7868 dotDrift=+13.181sigma uMRED=0.0625772364 uER=0.349121 uMAE=23.3008 WCE=432 bias=5.2500
[quad_soft:09999] loss=0.069663 tau=6.00 collapse_w=0.500 mid_frac=0.042 hard=score=4.9423629455 wNMSE=0.028018722 wMSE=5219.9227 wMRED=1.24155986 wER=0.318504 wMAE=26.4559 wBias=14.8803 condBias=39.7868 dotDrift=+13.181sigma uMRED=0.0625772364 uER=0.349121 uMAE=23.3008 WCE=432 bias=5.2500
[quad_hard_ste:00000] loss=4.994655 tau=6.00 collapse_w=0.500 mid_frac=0.042 hard=score=4.9423629455 wNMSE=0.028018722 wMSE=5219.9227 wMRED=1.24155986 wER=0.318504 wMAE=26.4559 wBias=14.8803 condBias=39.7868 dotDrift=+13.181sigma uMRED=0.0625772364 uER=0.349121 uMAE=23.3008 WCE=432 bias=5.2500
[quad_hard_ste:00200] loss=99.580582 tau=6.00 collapse_w=0.500 mid_frac=0.060 hard=score=99.3012695170 wNMSE=0.28927985 wMSE=53893.1955 wMRED=6.26912236 wER=0.355390 wMAE=74.8269 wBias=-67.0133 condBias=131.0897 dotDrift=-18.475sigma uMRED=0.1868832499 uER=0.380371 uMAE=40.7070 WCE=928 bias=-28.7500
[quad_hard_ste:00400] loss=99.580048 tau=6.00 collapse_w=0.500 mid_frac=0.060 hard=score=99.3012695170 wNMSE=0.28927985 wMSE=53893.1955 wMRED=6.26912236 wER=0.355390 wMAE=74.8269 wBias=-67.0133 condBias=131.0897 dotDrift=-18.475sigma uMRED=0.1868832499 uER=0.380371 uMAE=40.7070 WCE=928 bias=-28.7500
[quad_hard_ste:00600] loss=99.579704 tau=6.00 collapse_w=0.500 mid_frac=0.054 hard=score=3.6479799686 wNMSE=0.026629346 wMSE=4961.0803 wMRED=1.33652229 wER=0.355390 wMAE=27.0416 wBias=12.7546 condBias=38.8370 dotDrift=+11.589sigma uMRED=0.0651467275 uER=0.380371 uMAE=24.0508 WCE=432 bias=3.2500
[quad_hard_ste:00800] loss=3.708397 tau=6.00 collapse_w=0.500 mid_frac=0.054 hard=score=3.6479799686 wNMSE=0.026629346 wMSE=4961.0803 wMRED=1.33652229 wER=0.355390 wMAE=27.0416 wBias=12.7546 condBias=38.8370 dotDrift=+11.589sigma uMRED=0.0651467275 uER=0.380371 uMAE=24.0508 WCE=432 bias=3.2500
[quad_hard_ste:01000] loss=99.579338 tau=6.00 collapse_w=0.500 mid_frac=0.054 hard=score=3.6479799686 wNMSE=0.026629346 wMSE=4961.0803 wMRED=1.33652229 wER=0.355390 wMAE=27.0416 wBias=12.7546 condBias=38.8370 dotDrift=+11.589sigma uMRED=0.0651467275 uER=0.380371 uMAE=24.0508 WCE=432 bias=3.2500
[quad_hard_ste:01200] loss=99.579742 tau=6.00 collapse_w=0.500 mid_frac=0.060 hard=score=99.3012695170 wNMSE=0.28927985 wMSE=53893.1955 wMRED=6.26912236 wER=0.355390 wMAE=74.8269 wBias=-67.0133 condBias=131.0897 dotDrift=-18.475sigma uMRED=0.1868832499 uER=0.380371 uMAE=40.7070 WCE=928 bias=-28.7500
[quad_hard_ste:01400] loss=1.549910 tau=6.00 collapse_w=0.500 mid_frac=0.060 hard=score=113.5968252589 wNMSE=0.30181886 wMSE=56229.2286 wMRED=6.59573840 wER=0.369326 wMAE=78.1524 wBias=-71.6916 condBias=133.7978 dotDrift=-19.349sigma uMRED=0.1957828693 uER=0.386230 uMAE=41.9570 WCE=984 bias=-30.7500
[quad_hard_ste:01600] loss=113.888466 tau=6.00 collapse_w=0.500 mid_frac=0.054 hard=score=1.4984273354 wNMSE=0.024766401 wMSE=4614.0113 wMRED=1.11380043 wER=0.369326 wMAE=27.7469 wBias=8.0764 condBias=32.2868 dotDrift=+7.610sigma uMRED=0.0606646564 uER=0.386230 uMAE=24.3008 WCE=400 bias=1.2500
[quad_hard_ste:01800] loss=113.888405 tau=6.00 collapse_w=0.500 mid_frac=0.071 hard=score=113.5968252589 wNMSE=0.30181886 wMSE=56229.2286 wMRED=6.59573840 wER=0.369326 wMAE=78.1524 wBias=-71.6916 condBias=133.7978 dotDrift=-19.349sigma uMRED=0.1957828693 uER=0.386230 uMAE=41.9570 WCE=984 bias=-30.7500
[quad_hard_ste:02000] loss=1.549674 tau=6.00 collapse_w=0.500 mid_frac=0.071 hard=score=113.5968252589 wNMSE=0.30181886 wMSE=56229.2286 wMRED=6.59573840 wER=0.369326 wMAE=78.1524 wBias=-71.6916 condBias=133.7978 dotDrift=-19.349sigma uMRED=0.1957828693 uER=0.386230 uMAE=41.9570 WCE=984 bias=-30.7500
[quad_hard_ste:02200] loss=2.401806 tau=6.00 collapse_w=0.500 mid_frac=0.065 hard=score=106.9840725605 wNMSE=0.29707075 wMSE=55344.6508 wMRED=6.44336619 wER=0.332440 wMAE=76.4680 wBias=-69.5659 condBias=129.6958 dotDrift=-18.925sigma uMRED=0.1910121881 uER=0.354980 uMAE=40.7070 WCE=984 bias=-28.7500
[quad_hard_ste:02400] loss=2.401745 tau=6.00 collapse_w=0.500 mid_frac=0.060 hard=score=2.3555609146 wNMSE=0.026056996 wMSE=4854.4508 wMRED=1.01883800 wER=0.332440 wMAE=27.1611 wBias=10.2021 condBias=33.1592 dotDrift=+9.371sigma uMRED=0.0580951653 uER=0.354980 uMAE=23.5508 WCE=400 bias=3.2500
[quad_hard_ste:02600] loss=2.401671 tau=6.00 collapse_w=0.500 mid_frac=0.065 hard=score=106.9840725605 wNMSE=0.29707075 wMSE=55344.6508 wMRED=6.44336619 wER=0.332440 wMAE=76.4680 wBias=-69.5659 condBias=129.6958 dotDrift=-18.925sigma uMRED=0.1910121881 uER=0.354980 uMAE=40.7070 WCE=984 bias=-28.7500
[quad_hard_ste:02800] loss=2.401592 tau=6.00 collapse_w=0.500 mid_frac=0.065 hard=score=106.9840725605 wNMSE=0.29707075 wMSE=55344.6508 wMRED=6.44336619 wER=0.332440 wMAE=76.4680 wBias=-69.5659 condBias=129.6958 dotDrift=-18.925sigma uMRED=0.1910121881 uER=0.354980 uMAE=40.7070 WCE=984 bias=-28.7500
[quad_hard_ste:03000] loss=107.267448 tau=6.00 collapse_w=0.500 mid_frac=0.065 hard=score=106.9840725605 wNMSE=0.29707075 wMSE=55344.6508 wMRED=6.44336619 wER=0.332440 wMAE=76.4680 wBias=-69.5659 condBias=129.6958 dotDrift=-18.925sigma uMRED=0.1910121881 uER=0.354980 uMAE=40.7070 WCE=984 bias=-28.7500
[quad_hard_ste:03200] loss=2.401430 tau=6.00 collapse_w=0.500 mid_frac=0.060 hard=score=2.3555609146 wNMSE=0.026056996 wMSE=4854.4508 wMRED=1.01883800 wER=0.332440 wMAE=27.1611 wBias=10.2021 condBias=33.1592 dotDrift=+9.371sigma uMRED=0.0580951653 uER=0.354980 uMAE=23.5508 WCE=400 bias=3.2500
[quad_hard_ste:03400] loss=2.401355 tau=6.00 collapse_w=0.500 mid_frac=0.065 hard=score=106.9840725605 wNMSE=0.29707075 wMSE=55344.6508 wMRED=6.44336619 wER=0.332440 wMAE=76.4680 wBias=-69.5659 condBias=129.6958 dotDrift=-18.925sigma uMRED=0.1910121881 uER=0.354980 uMAE=40.7070 WCE=984 bias=-28.7500
[quad_hard_ste:03600] loss=107.267227 tau=6.00 collapse_w=0.500 mid_frac=0.065 hard=score=106.9840725605 wNMSE=0.29707075 wMSE=55344.6508 wMRED=6.44336619 wER=0.332440 wMAE=76.4680 wBias=-69.5659 condBias=129.6958 dotDrift=-18.925sigma uMRED=0.1910121881 uER=0.354980 uMAE=40.7070 WCE=984 bias=-28.7500
[quad_hard_ste:03800] loss=2.401216 tau=6.00 collapse_w=0.500 mid_frac=0.060 hard=score=2.3555609146 wNMSE=0.026056996 wMSE=4854.4508 wMRED=1.01883800 wER=0.332440 wMAE=27.1611 wBias=10.2021 condBias=33.1592 dotDrift=+9.371sigma uMRED=0.0580951653 uER=0.354980 uMAE=23.5508 WCE=400 bias=3.2500
[quad_hard_ste:03999] loss=2.401156 tau=6.00 collapse_w=0.500 mid_frac=0.060 hard=score=2.3555609146 wNMSE=0.026056996 wMSE=4854.4508 wMRED=1.01883800 wER=0.332440 wMAE=27.1611 wBias=10.2021 condBias=33.1592 dotDrift=+9.371sigma uMRED=0.0580951653 uER=0.354980 uMAE=23.5508 WCE=400 bias=3.2500
[pop00_soft:00000] loss=8.388405 tau=1.50 collapse_w=0.000 mid_frac=0.321 hard=score=33.2846179657 wNMSE=2.2642115 wMSE=421825.4242 wMRED=23.54438094 wER=0.574861 wMAE=255.3428 wBias=36.7149 condBias=239.9209 dotDrift=+3.618sigma uMRED=0.7926392841 uER=0.570801 uMAE=216.0684 WCE=3752 bias=67.3750
[pop00_soft:00200] loss=2.968659 tau=2.25 collapse_w=0.000 mid_frac=0.292 hard=score=26.4986809918 wNMSE=0.27801477 wMSE=51794.4973 wMRED=2.15822641 wER=0.509202 wMAE=90.1348 wBias=34.3724 condBias=115.6898 dotDrift=+9.666sigma uMRED=0.2466593335 uER=0.553711 uMAE=146.9766 WCE=1216 bias=38.7500
[pop00_soft:00400] loss=0.614590 tau=3.00 collapse_w=0.000 mid_frac=0.202 hard=score=3.0094523855 wNMSE=0.16442471 wMSE=30632.5272 wMRED=1.98123657 wER=0.449482 wMAE=74.3761 wBias=10.9693 condBias=100.5854 dotDrift=+4.011sigma uMRED=0.2198999210 uER=0.532227 uMAE=129.4453 WCE=1440 bias=-25.1250
[pop00_soft:00425] loss=0.501869 tau=3.10 collapse_w=0.000 mid_frac=0.190 hard=score=0.4854743904 wNMSE=0.15492833 wMSE=28863.3400 wMRED=1.95002277 wER=0.445848 wMAE=71.4063 wBias=2.4600 condBias=99.1307 dotDrift=+0.927sigma uMRED=0.2072820424 uER=0.512207 uMAE=120.8691 WCE=1440 bias=-47.8750 *BEST*
[pop00_soft:00450] loss=0.428037 tau=3.19 collapse_w=0.000 mid_frac=0.190 hard=score=0.4745590533 wNMSE=0.15488674 wMSE=28855.5927 wMRED=1.94887878 wER=0.445848 wMAE=71.3773 wBias=2.3582 condBias=99.1064 dotDrift=+0.888sigma uMRED=0.2072514869 uER=0.512207 uMAE=120.8750 WCE=1440 bias=-48.0000 *BEST*
[pop00_soft:00475] loss=0.377240 tau=3.28 collapse_w=0.000 mid_frac=0.208 hard=score=0.3523944697 wNMSE=0.15426716 wMSE=28740.1646 wMRED=1.91195714 wER=0.438740 wMAE=70.1956 wBias=0.0009 condBias=99.1912 dotDrift=+0.000sigma uMRED=0.2052326902 uER=0.501465 uMAE=118.5059 WCE=1440 bias=-53.0000 *BEST*
[pop00_soft:00600] loss=0.270070 tau=3.75 collapse_w=0.000 mid_frac=0.220 hard=score=6.4476533939 wNMSE=0.22671925 wMSE=42238.0780 wMRED=2.17488699 wER=0.432685 wMAE=84.9058 wBias=-16.4927 condBias=116.8028 dotDrift=-5.136sigma uMRED=0.2484908438 uER=0.494141 uMAE=140.6328 WCE=1360 bias=-78.5000
[pop00_soft:00800] loss=0.210624 tau=4.50 collapse_w=0.084 mid_frac=0.214 hard=score=0.3775096232 wNMSE=0.17794809 wMSE=33151.9507 wMRED=1.91528390 wER=0.420481 wMAE=70.0997 wBias=0.1245 condBias=102.0927 dotDrift=+0.044sigma uMRED=0.2132001823 uER=0.466309 uMAE=122.3730 WCE=1360 bias=-59.5000
[pop00_soft:01000] loss=0.159141 tau=5.25 collapse_w=0.293 mid_frac=0.179 hard=score=0.4870364705 wNMSE=0.17588997 wMSE=32768.5203 wMRED=1.90295622 wER=0.413337 wMAE=69.4202 wBias=-2.3073 condBias=100.0340 dotDrift=-0.816sigma uMRED=0.2122911919 uER=0.455322 uMAE=122.4121 WCE=1360 bias=-63.7500
[pop00_soft:01199] loss=0.107993 tau=6.00 collapse_w=0.500 mid_frac=0.173 hard=score=3.8764937301 wNMSE=0.16985039 wMSE=31643.3385 wMRED=1.90383917 wER=0.412140 wMAE=70.0920 wBias=12.6666 condBias=96.4569 dotDrift=+4.557sigma uMRED=0.2079140913 uER=0.454346 uMAE=121.0684 WCE=1216 bias=-1.7500
[pop00_hard:00000] loss=3.940308 tau=6.00 collapse_w=0.500 mid_frac=0.173 hard=score=3.8764937301 wNMSE=0.16985039 wMSE=31643.3385 wMRED=1.90383917 wER=0.412140 wMAE=70.0920 wBias=12.6666 condBias=96.4569 dotDrift=+4.557sigma uMRED=0.2079140913 uER=0.454346 uMAE=121.0684 WCE=1216 bias=-1.7500
[pop00_hard:00200] loss=0.777414 tau=6.00 collapse_w=0.500 mid_frac=0.161 hard=score=0.7245912437 wNMSE=0.177493 wMSE=33067.1669 wMRED=1.91188777 wER=0.412140 wMAE=70.7873 wBias=-4.0021 condBias=100.4565 dotDrift=-1.409sigma uMRED=0.2144494880 uER=0.454346 uMAE=124.1621 WCE=1360 bias=-65.7500
[pop00_hard:00250] loss=0.392746 tau=6.00 collapse_w=0.500 mid_frac=0.149 hard=score=0.3425167690 wNMSE=0.15232337 wMSE=28378.0330 wMRED=1.87821055 wER=0.412140 wMAE=67.4483 wBias=-0.6631 condBias=93.8342 dotDrift=-0.252sigma uMRED=0.2023067189 uER=0.454346 uMAE=116.1621 WCE=1360 bias=-57.7500 *BEST*
[pop00_hard:00400] loss=0.391388 tau=6.00 collapse_w=0.500 mid_frac=0.143 hard=score=0.3437858839 wNMSE=0.15116013 wMSE=28161.3208 wMRED=1.87075128 wER=0.408705 wMAE=66.2900 wBias=0.7622 condBias=93.4049 dotDrift=+0.291sigma uMRED=0.1992613653 uER=0.444580 uMAE=113.0449 WCE=1360 bias=-53.7500
[pop00_hard:00599] loss=0.390121 tau=6.00 collapse_w=0.500 mid_frac=0.143 hard=score=0.3437858839 wNMSE=0.15116013 wMSE=28161.3208 wMRED=1.87075128 wER=0.408705 wMAE=66.2900 wBias=0.7622 condBias=93.4049 dotDrift=+0.291sigma uMRED=0.1992613653 uER=0.444580 uMAE=113.0449 WCE=1360 bias=-53.7500
[pop00] done (conf=0.53, noise=0.5); global best score=0.3425167690 wNMSE=0.15232337 wMSE=28378.0330 wMRED=1.87821055 wER=0.412140 wMAE=67.4483 wBias=-0.6631 condBias=93.8342 dotDrift=-0.252sigma uMRED=0.2023067189 uER=0.454346 uMAE=116.1621 WCE=1360 bias=-57.7500
[pop01_soft:00000] loss=16.226706 tau=1.50 collapse_w=0.000 mid_frac=0.446 hard=score=57.9049607120 wNMSE=5.9061608 wMSE=1100325.1133 wMRED=37.45823080 wER=0.584226 wMAE=602.2341 wBias=46.4069 condBias=613.5424 dotDrift=+2.831sigma uMRED=1.3660709836 uER=0.578125 uMAE=424.4390 WCE=2961 bias=61.9375
[pop01_soft:00200] loss=7.980224 tau=2.25 collapse_w=0.000 mid_frac=0.446 hard=score=942.3563249127 wNMSE=4.5336346 wMSE=844621.7756 wMRED=29.90798545 wER=0.581961 wMAE=476.7938 wBias=-206.0866 condBias=518.3219 dotDrift=-14.352sigma uMRED=1.1338262391 uER=0.575195 uMAE=366.4658 WCE=3225 bias=-230.9375
[pop01_soft:00400] loss=5.442631 tau=3.00 collapse_w=0.000 mid_frac=0.429 hard=score=197.5540277325 wNMSE=1.2515692 wMSE=233168.8952 wMRED=8.51755817 wER=0.555231 wMAE=214.2311 wBias=-94.2922 condBias=216.7119 dotDrift=-12.497sigma uMRED=0.5125955543 uER=0.570557 uMAE=275.8613 WCE=2964 bias=-19.2500
[pop01_soft:00600] loss=3.800217 tau=3.75 collapse_w=0.000 mid_frac=0.405 hard=score=81.6887160094 wNMSE=1.8355913 wMSE=341972.9462 wMRED=10.80482435 wER=0.519906 wMAE=265.7576 wBias=-59.8308 condBias=250.7999 dotDrift=-6.548sigma uMRED=0.6497812940 uER=0.553955 uMAE=343.2383 WCE=3028 bias=95.5000
[pop01_soft:00800] loss=2.986114 tau=4.50 collapse_w=0.084 mid_frac=0.405 hard=score=102.2763946011 wNMSE=1.0509483 wMSE=195792.9692 wMRED=10.31305007 wER=0.511134 wMAE=210.8813 wBias=-67.6325 condBias=186.7469 dotDrift=-9.782sigma uMRED=0.5050521690 uER=0.551758 uMAE=247.6572 WCE=1922 bias=56.6250
[pop01_soft:01000] loss=1.761993 tau=5.25 collapse_w=0.293 mid_frac=0.393 hard=score=46.8925955713 wNMSE=1.6395379 wMSE=305447.9425 wMRED=17.61965090 wER=0.507925 wMAE=203.1381 wBias=-44.7677 condBias=286.8036 dotDrift=-5.184sigma uMRED=0.6493348082 uER=0.545898 uMAE=223.1074 WCE=3568 bias=-17.8750
[pop01_soft:01199] loss=0.673211 tau=6.00 collapse_w=0.500 mid_frac=0.339 hard=score=33.2068502775 wNMSE=0.39158932 wMSE=72953.5766 wMRED=2.64491097 wER=0.506685 wMAE=121.9898 wBias=-38.4612 condBias=132.6052 dotDrift=-9.113sigma uMRED=0.3238835575 uER=0.541504 uMAE=203.0635 WCE=1536 bias=-98.8750
[pop01_hard:00000] loss=33.301289 tau=6.00 collapse_w=0.500 mid_frac=0.339 hard=score=33.2068502775 wNMSE=0.39158932 wMSE=72953.5766 wMRED=2.64491097 wER=0.506685 wMAE=121.9898 wBias=-38.4612 condBias=132.6052 dotDrift=-9.113sigma uMRED=0.3238835575 uER=0.541504 uMAE=203.0635 WCE=1536 bias=-98.8750
[pop01_hard:00200] loss=4.839872 tau=6.00 collapse_w=0.500 mid_frac=0.339 hard=score=4.7420188762 wNMSE=0.35889862 wMSE=66863.2601 wMRED=2.59226591 wER=0.506685 wMAE=119.0160 wBias=-13.7157 condBias=117.4328 dotDrift=-3.395sigma uMRED=0.3075397847 uER=0.541504 uMAE=196.8838 WCE=1344 bias=-34.8750
[pop01_hard:00400] loss=2.784603 tau=6.00 collapse_w=0.500 mid_frac=0.321 hard=score=2.6857880291 wNMSE=0.34978734 wMSE=65165.8172 wMRED=2.61510290 wER=0.508119 wMAE=118.5079 wBias=-9.7368 condBias=120.0115 dotDrift=-2.441sigma uMRED=0.3129721728 uER=0.548096 uMAE=198.6826 WCE=1344 bias=-26.8750
[pop01_hard:00599] loss=2.783859 tau=6.00 collapse_w=0.500 mid_frac=0.321 hard=score=2.6857880291 wNMSE=0.34978734 wMSE=65165.8172 wMRED=2.61510290 wER=0.508119 wMAE=118.5079 wBias=-9.7368 condBias=120.0115 dotDrift=-2.441sigma uMRED=0.3129721728 uER=0.548096 uMAE=198.6826 WCE=1344 bias=-26.8750
[pop01] done (conf=0.51, noise=1.0); global best score=0.3425167690 wNMSE=0.15232337 wMSE=28378.0330 wMRED=1.87821055 wER=0.412140 wMAE=67.4483 wBias=-0.6631 condBias=93.8342 dotDrift=-0.252sigma uMRED=0.2023067189 uER=0.454346 uMAE=116.1621 WCE=1360 bias=-57.7500
[pop02_soft:00000] loss=9.086965 tau=1.50 collapse_w=0.000 mid_frac=0.375 hard=score=113.2912169752 wNMSE=1.5941081 wMSE=296984.3199 wMRED=15.80480769 wER=0.570040 wMAE=293.2629 wBias=70.9872 condBias=253.5501 dotDrift=+8.337sigma uMRED=0.7199758765 uER=0.570801 uMAE=276.7656 WCE=3400 bias=137.0625
[pop02_soft:00200] loss=3.920910 tau=2.25 collapse_w=0.000 mid_frac=0.369 hard=score=3.2588301215 wNMSE=1.198511 wMSE=223284.0985 wMRED=10.77718597 wER=0.524453 wMAE=221.6228 wBias=-7.5900 condBias=213.1249 dotDrift=-1.028sigma uMRED=0.5679299573 uER=0.548584 uMAE=247.1309 WCE=3460 bias=115.3750
[pop02_soft:00400] loss=2.040662 tau=3.00 collapse_w=0.000 mid_frac=0.321 hard=score=19.0515759440 wNMSE=0.65345823 wMSE=121740.0820 wMRED=6.92738471 wER=0.481653 wMAE=171.5083 wBias=28.5723 condBias=165.8947 dotDrift=+5.241sigma uMRED=0.4409861232 uER=0.530273 uMAE=220.1582 WCE=1696 bias=157.7500
[pop02_soft:00600] loss=1.627311 tau=3.75 collapse_w=0.000 mid_frac=0.256 hard=score=5.7092731411 wNMSE=0.52868614 wMSE=98494.8861 wMRED=6.49199322 wER=0.477837 wMAE=144.3273 wBias=-14.7623 condBias=139.5602 dotDrift=-3.010sigma uMRED=0.3627244006 uER=0.523438 uMAE=165.1543 WCE=1712 bias=77.8750
[pop02_soft:00800] loss=1.347334 tau=4.50 collapse_w=0.084 mid_frac=0.214 hard=score=34.1984913966 wNMSE=0.3952434 wMSE=73634.3367 wMRED=6.33640142 wER=0.472047 wMAE=127.1063 wBias=-39.0272 condBias=123.8744 dotDrift=-9.205sigma uMRED=0.2867629647 uER=0.510986 uMAE=112.0176 WCE=992 bias=-7.6250
[pop02_soft:01000] loss=1.129082 tau=5.25 collapse_w=0.293 mid_frac=0.202 hard=score=33.2894230865 wNMSE=0.39527776 wMSE=73640.7375 wMRED=6.31044897 wER=0.461566 wMAE=126.7676 wBias=-38.4930 condBias=123.9724 dotDrift=-9.078sigma uMRED=0.2859856156 uER=0.503906 uMAE=111.8691 WCE=992 bias=-7.1250
[pop02_soft:01199] loss=0.906591 tau=6.00 collapse_w=0.500 mid_frac=0.173 hard=score=33.2894230865 wNMSE=0.39527776 wMSE=73640.7375 wMRED=6.31044897 wER=0.461566 wMAE=126.7676 wBias=-38.4930 condBias=123.9724 dotDrift=-9.078sigma uMRED=0.2859856156 uER=0.503906 uMAE=111.8691 WCE=992 bias=-7.1250
[pop02_hard:00000] loss=33.582779 tau=6.00 collapse_w=0.500 mid_frac=0.173 hard=score=33.2894230865 wNMSE=0.39527776 wMSE=73640.7375 wMRED=6.31044897 wER=0.461566 wMAE=126.7676 wBias=-38.4930 condBias=123.9724 dotDrift=-9.078sigma uMRED=0.2859856156 uER=0.503906 uMAE=111.8691 WCE=992 bias=-7.1250
[pop02_hard:00200] loss=33.579067 tau=6.00 collapse_w=0.500 mid_frac=0.167 hard=score=33.2894230865 wNMSE=0.39527776 wMSE=73640.7375 wMRED=6.31044897 wER=0.461566 wMAE=126.7676 wBias=-38.4930 condBias=123.9724 dotDrift=-9.078sigma uMRED=0.2859856156 uER=0.503906 uMAE=111.8691 WCE=992 bias=-7.1250
[pop02_hard:00400] loss=1.861491 tau=6.00 collapse_w=0.500 mid_frac=0.155 hard=score=1.5676531549 wNMSE=0.6210805 wMSE=115708.0697 wMRED=6.84214474 wER=0.461566 wMAE=154.1552 wBias=5.1171 condBias=150.8332 dotDrift=+0.963sigma uMRED=0.3464546195 uER=0.503906 uMAE=140.1504 WCE=1408 bias=40.8750
[pop02_hard:00599] loss=13.571753 tau=6.00 collapse_w=0.500 mid_frac=0.155 hard=score=1.5676531549 wNMSE=0.6210805 wMSE=115708.0697 wMRED=6.84214474 wER=0.461566 wMAE=154.1552 wBias=5.1171 condBias=150.8332 dotDrift=+0.963sigma uMRED=0.3464546195 uER=0.503906 uMAE=140.1504 WCE=1408 bias=40.8750
[pop02] done (conf=0.53, noise=0.5); global best score=0.3425167690 wNMSE=0.15232337 wMSE=28378.0330 wMRED=1.87821055 wER=0.412140 wMAE=67.4483 wBias=-0.6631 condBias=93.8342 dotDrift=-0.252sigma uMRED=0.2023067189 uER=0.454346 uMAE=116.1621 WCE=1360 bias=-57.7500
[pop03_soft:00000] loss=9.147989 tau=1.50 collapse_w=0.000 mid_frac=0.440 hard=score=338.2246485032 wNMSE=3.6387037 wMSE=677895.0272 wMRED=27.04826866 wER=0.583716 wMAE=424.4148 wBias=-122.8361 condBias=473.1329 dotDrift=-9.548sigma uMRED=1.0118576815 uER=0.577393 uMAE=351.5474 WCE=3264 bias=-24.4375
[pop03_soft:00200] loss=5.247017 tau=2.25 collapse_w=0.000 mid_frac=0.429 hard=score=512.7135149300 wNMSE=3.3117054 wMSE=616974.8335 wMRED=22.96404557 wER=0.578763 wMAE=368.3300 wBias=-151.8382 condBias=431.6420 dotDrift=-12.372sigma uMRED=0.9102108922 uER=0.572998 uMAE=341.6074 WCE=3248 bias=-17.5000
[pop03_soft:00400] loss=2.871242 tau=3.00 collapse_w=0.000 mid_frac=0.381 hard=score=110.6585774558 wNMSE=0.60502248 wMSE=112716.4401 wMRED=8.13205315 wER=0.529670 wMAE=124.1105 wBias=70.5869 condBias=139.5118 dotDrift=+13.456sigma uMRED=0.4288757626 uER=0.563232 uMAE=203.4736 WCE=3964 bias=169.2500
[pop03_soft:00600] loss=1.106800 tau=3.75 collapse_w=0.000 mid_frac=0.315 hard=score=23.8427500311 wNMSE=0.19928498 wMSE=37127.0391 wMRED=2.05892380 wER=0.518395 wMAE=88.4641 wBias=32.7073 condBias=74.7891 dotDrift=+10.864sigma uMRED=0.2014137821 uER=0.544189 uMAE=137.4629 WCE=1056 bias=36.1250
[pop03_soft:00800] loss=0.455052 tau=4.50 collapse_w=0.084 mid_frac=0.339 hard=score=0.6784150057 wNMSE=0.13437831 wMSE=25034.8456 wMRED=1.85851792 wER=0.529684 wMAE=77.5615 wBias=4.5763 condBias=46.3125 dotDrift=+1.851sigma uMRED=0.1599520425 uER=0.539307 uMAE=113.0029 WCE=952 bias=-19.3750
[pop03_soft:01000] loss=0.284673 tau=5.25 collapse_w=0.293 mid_frac=0.333 hard=score=7.8460634242 wNMSE=0.18024231 wMSE=33579.3661 wMRED=1.88759934 wER=0.529684 wMAE=81.3088 wBias=18.4867 condBias=65.8990 dotDrift=+6.457sigma uMRED=0.1833940087 uER=0.539307 uMAE=126.9658 WCE=1472 bias=29.6250
[pop03_soft:01199] loss=0.200514 tau=6.00 collapse_w=0.500 mid_frac=0.333 hard=score=7.8460634242 wNMSE=0.18024231 wMSE=33579.3661 wMRED=1.88759934 wER=0.529684 wMAE=81.3088 wBias=18.4867 condBias=65.8990 dotDrift=+6.457sigma uMRED=0.1833940087 uER=0.539307 uMAE=126.9658 WCE=1472 bias=29.6250
[pop03_hard:00000] loss=7.906069 tau=6.00 collapse_w=0.500 mid_frac=0.333 hard=score=7.8460634242 wNMSE=0.18024231 wMSE=33579.3661 wMRED=1.88759934 wER=0.529684 wMAE=81.3088 wBias=18.4867 condBias=65.8990 dotDrift=+6.457sigma uMRED=0.1833940087 uER=0.539307 uMAE=126.9658 WCE=1472 bias=29.6250
[pop03_hard:00025] loss=0.401175 tau=6.00 collapse_w=0.500 mid_frac=0.327 hard=score=0.3284435862 wNMSE=0.1402432 wMSE=26127.4825 wMRED=1.86890789 wER=0.529684 wMAE=77.6702 wBias=1.8180 condBias=60.4975 dotDrift=+0.720sigma uMRED=0.1697611709 uER=0.539307 uMAE=113.3330 WCE=1180 bias=-34.3750 *BEST*
[pop03_hard:00200] loss=0.401088 tau=6.00 collapse_w=0.500 mid_frac=0.321 hard=score=0.3284435862 wNMSE=0.1402432 wMSE=26127.4825 wMRED=1.86890789 wER=0.529684 wMAE=77.6702 wBias=1.8180 condBias=60.4975 dotDrift=+0.720sigma uMRED=0.1697611709 uER=0.539307 uMAE=113.3330 WCE=1180 bias=-34.3750
[pop03_hard:00250] loss=0.373079 tau=6.00 collapse_w=0.500 mid_frac=0.327 hard=score=0.3002097733 wNMSE=0.13968599 wMSE=26023.6730 wMRED=1.86260088 wER=0.529684 wMAE=77.4222 wBias=1.4350 condBias=60.1878 dotDrift=+0.569sigma uMRED=0.1694517398 uER=0.539307 uMAE=113.3252 WCE=1180 bias=-34.8750 *BEST*
[pop03_hard:00350] loss=0.334495 tau=6.00 collapse_w=0.500 mid_frac=0.321 hard=score=0.2589026985 wNMSE=0.14097104 wMSE=26263.0805 wMRED=1.86883514 wER=0.529684 wMAE=77.9773 wBias=0.0097 condBias=61.9486 dotDrift=+0.004sigma uMRED=0.1717703084 uER=0.539307 uMAE=114.7256 WCE=1180 bias=-38.8750 *BEST*
[pop03_hard:00400] loss=61.111534 tau=6.00 collapse_w=0.500 mid_frac=0.315 hard=score=61.0487366132 wNMSE=0.41469798 wMSE=77258.7502 wMRED=2.44740507 wER=0.529684 wMAE=102.8776 wBias=-52.3292 condBias=162.7884 dotDrift=-12.049sigma uMRED=0.2475257335 uER=0.539307 uMAE=143.9053 WCE=2000 bias=-102.8750
[pop03_hard:00599] loss=60.231892 tau=6.00 collapse_w=0.500 mid_frac=0.310 hard=score=60.1719889741 wNMSE=0.415243 wMSE=77360.2876 wMRED=2.45362175 wER=0.529684 wMAE=103.1231 wBias=-51.9462 condBias=162.8962 dotDrift=-11.953sigma uMRED=0.2477903447 uER=0.539307 uMAE=143.9053 WCE=2000 bias=-102.3750
[pop03] done (conf=0.51, noise=1.0); global best score=0.2589026985 wNMSE=0.14097104 wMSE=26263.0805 wMRED=1.86883514 wER=0.529684 wMAE=77.9773 wBias=0.0097 condBias=61.9486 dotDrift=+0.004sigma uMRED=0.1717703084 uER=0.539307 uMAE=114.7256 WCE=1180 bias=-38.8750
[pop04_soft:00000] loss=18.727915 tau=1.50 collapse_w=0.000 mid_frac=0.399 hard=score=1938.0446988330 wNMSE=5.787964 wMSE=1078304.8887 wMRED=23.55947254 wER=0.579047 wMAE=467.0832 wBias=296.1309 condBias=546.1200 dotDrift=+18.251sigma uMRED=1.0553269062 uER=0.575928 uMAE=417.7388 WCE=3276 bias=174.6875
[pop04_soft:00200] loss=5.481893 tau=2.25 collapse_w=0.000 mid_frac=0.286 hard=score=66.5086531270 wNMSE=1.2134187 wMSE=226061.4123 wMRED=6.92929415 wER=0.562495 wMAE=190.0498 wBias=-54.1487 condBias=247.9213 dotDrift=-7.289sigma uMRED=0.4722629524 uER=0.566406 uMAE=241.4199 WCE=2676 bias=-131.6875
[pop04_soft:00400] loss=1.319896 tau=3.00 collapse_w=0.000 mid_frac=0.304 hard=score=10.3274319911 wNMSE=0.7898643 wMSE=147152.7024 wMRED=3.64952026 wER=0.526530 wMAE=131.1984 wBias=-20.3750 condBias=104.5721 dotDrift=-3.399sigma uMRED=0.3600047876 uER=0.548096 uMAE=186.7363 WCE=3056 bias=26.8750
[pop04_soft:00600] loss=0.282171 tau=3.75 collapse_w=0.000 mid_frac=0.244 hard=score=3.3367707402 wNMSE=0.20851836 wMSE=38847.2292 wMRED=2.13944572 wER=0.536286 wMAE=86.2447 wBias=11.5283 condBias=107.6753 dotDrift=+3.743sigma uMRED=0.2317288360 uER=0.540771 uMAE=136.0820 WCE=1272 bias=14.7500
[pop04_soft:00800] loss=0.174609 tau=4.50 collapse_w=0.084 mid_frac=0.232 hard=score=9.3993036000 wNMSE=0.16063563 wMSE=29926.6172 wMRED=1.55170068 wER=0.476207 wMAE=68.9088 wBias=-20.2912 condBias=92.5330 dotDrift=-7.507sigma uMRED=0.1933659415 uER=0.525635 uMAE=118.2188 WCE=1204 bias=-17.6250
[pop04_soft:01000] loss=0.126095 tau=5.25 collapse_w=0.293 mid_frac=0.220 hard=score=6.6933903399 wNMSE=0.14948768 wMSE=27849.7403 wMRED=1.38682413 wER=0.454276 wMAE=64.6926 wBias=-17.0187 condBias=89.3505 dotDrift=-6.527sigma uMRED=0.1843086874 uER=0.518799 uMAE=114.5352 WCE=1204 bias=-14.1250
[pop04_soft:01199] loss=0.086106 tau=6.00 collapse_w=0.500 mid_frac=0.214 hard=score=10.1046836372 wNMSE=0.1484533 wMSE=27657.0347 wMRED=1.24085514 wER=0.441198 wMAE=62.1834 wBias=-21.0885 condBias=88.7215 dotDrift=-8.116sigma uMRED=0.1781556142 uER=0.510010 uMAE=112.5469 WCE=1204 bias=-18.1250
[pop04_hard:00000] loss=10.140838 tau=6.00 collapse_w=0.500 mid_frac=0.214 hard=score=10.1046836372 wNMSE=0.1484533 wMSE=27657.0347 wMRED=1.24085514 wER=0.441198 wMAE=62.1834 wBias=-21.0885 condBias=88.7215 dotDrift=-8.116sigma uMRED=0.1781556142 uER=0.510010 uMAE=112.5469 WCE=1204 bias=-18.1250
[pop04_hard:00200] loss=7.253482 tau=6.00 collapse_w=0.500 mid_frac=0.190 hard=score=7.2197156085 wNMSE=0.13682909 wMSE=25491.4303 wMRED=1.16621802 wER=0.441198 wMAE=58.9875 wBias=-17.7436 condBias=85.2672 dotDrift=-7.113sigma uMRED=0.1714908486 uER=0.510010 uMAE=109.0469 WCE=1076 bias=-14.1250
[pop04_hard:00400] loss=1.260228 tau=6.00 collapse_w=0.500 mid_frac=0.190 hard=score=1.3267435889 wNMSE=0.23225967 wMSE=43270.2663 wMRED=1.47959075 wER=0.441198 wMAE=71.3670 wBias=5.9286 condBias=100.2020 dotDrift=+1.824sigma uMRED=0.2098320440 uER=0.510010 uMAE=124.0488 WCE=3428 bias=15.8750
[pop04_hard:00599] loss=1.267094 tau=6.00 collapse_w=0.500 mid_frac=0.185 hard=score=4.4826109060 wNMSE=0.13174041 wMSE=24543.4027 wMRED=1.15536969 wER=0.415267 wMAE=57.0318 wBias=-13.8144 condBias=83.9771 dotDrift=-5.643sigma uMRED=0.1682762155 uER=0.491455 uMAE=106.9844 WCE=1076 bias=-10.1250
[pop04] done (conf=0.53, noise=0.5); global best score=0.2589026985 wNMSE=0.14097104 wMSE=26263.0805 wMRED=1.86883514 wER=0.529684 wMAE=77.9773 wBias=0.0097 condBias=61.9486 dotDrift=+0.004sigma uMRED=0.1717703084 uER=0.539307 uMAE=114.7256 WCE=1180 bias=-38.8750
[pop05_soft:00000] loss=26.332230 tau=1.50 collapse_w=0.000 mid_frac=0.381 hard=score=1109.3056553329 wNMSE=8.539266 wMSE=1590875.8879 wMRED=39.14584194 wER=0.584226 wMAE=625.7165 wBias=223.2092 condBias=660.6605 dotDrift=+11.326sigma uMRED=1.3465475741 uER=0.578125 uMAE=379.3882 WCE=3637 bias=70.7500
[pop05_soft:00200] loss=10.579616 tau=2.25 collapse_w=0.000 mid_frac=0.327 hard=score=76.3325535602 wNMSE=4.6367239 wMSE=863827.4315 wMRED=30.64284205 wER=0.566401 wMAE=460.8752 wBias=-55.9926 condBias=487.9884 dotDrift=-3.856sigma uMRED=1.0913806766 uER=0.564941 uMAE=348.3242 WCE=2576 bias=-172.7500
[pop05_soft:00400] loss=5.774477 tau=3.00 collapse_w=0.000 mid_frac=0.315 hard=score=7.1425160414 wNMSE=3.9063274 wMSE=727753.6469 wMRED=27.91314913 wER=0.550170 wMAE=418.4004 wBias=-6.7074 condBias=435.7037 dotDrift=-0.503sigma uMRED=0.9597115105 uER=0.555420 uMAE=297.5903 WCE=2168 bias=-111.3125
[pop05_soft:00600] loss=1.424632 tau=3.75 collapse_w=0.000 mid_frac=0.310 hard=score=0.6148706706 wNMSE=0.17620745 wMSE=32827.6677 wMRED=1.87800161 wER=0.506170 wMAE=77.7263 wBias=3.6452 condBias=84.0224 dotDrift=+1.288sigma uMRED=0.2057539867 uER=0.535645 uMAE=128.1304 WCE=1120 bias=-5.6875
[pop05_soft:00800] loss=0.342354 tau=4.50 collapse_w=0.084 mid_frac=0.321 hard=score=0.3565143430 wNMSE=0.19947008 wMSE=37161.5236 wMRED=1.74248301 wER=0.511421 wMAE=79.5155 wBias=0.4371 condBias=89.9939 dotDrift=+0.145sigma uMRED=0.2249186796 uER=0.538330 uMAE=145.4800 WCE=1024 bias=-32.8125
[pop05_soft:01000] loss=0.233991 tau=5.25 collapse_w=0.293 mid_frac=0.292 hard=score=0.4070465028 wNMSE=0.19457561 wMSE=36249.6776 wMRED=1.40098206 wER=0.495355 wMAE=74.6196 wBias=1.7297 condBias=87.1172 dotDrift=+0.581sigma uMRED=0.2104056249 uER=0.537598 uMAE=143.0010 WCE=1024 bias=-33.5625
[pop05_soft:01199] loss=0.169636 tau=6.00 collapse_w=0.500 mid_frac=0.268 hard=score=0.4070465028 wNMSE=0.19457561 wMSE=36249.6776 wMRED=1.40098206 wER=0.495355 wMAE=74.6196 wBias=1.7297 condBias=87.1172 dotDrift=+0.581sigma uMRED=0.2104056249 uER=0.537598 uMAE=143.0010 WCE=1024 bias=-33.5625
[pop05_hard:00000] loss=0.459062 tau=6.00 collapse_w=0.500 mid_frac=0.268 hard=score=0.4070465028 wNMSE=0.19457561 wMSE=36249.6776 wMRED=1.40098206 wER=0.495355 wMAE=74.6196 wBias=1.7297 condBias=87.1172 dotDrift=+0.581sigma uMRED=0.2104056249 uER=0.537598 uMAE=143.0010 WCE=1024 bias=-33.5625
[pop05_hard:00200] loss=0.385968 tau=6.00 collapse_w=0.500 mid_frac=0.280 hard=score=0.3380766598 wNMSE=0.1925111 wMSE=35865.0574 wMRED=1.35777893 wER=0.496078 wMAE=73.3295 wBias=-0.0175 condBias=86.4499 dotDrift=-0.006sigma uMRED=0.2079716056 uER=0.539795 uMAE=142.5635 WCE=1024 bias=-35.5625
[pop05_hard:00400] loss=1.099310 tau=6.00 collapse_w=0.500 mid_frac=0.268 hard=score=1.0522328070 wNMSE=0.18816708 wMSE=35055.7603 wMRED=1.35580638 wER=0.495875 wMAE=71.7493 wBias=-5.7179 condBias=85.7901 dotDrift=-1.954sigma uMRED=0.2049643291 uER=0.539062 uMAE=137.4517 WCE=1024 bias=-51.5625
[pop05_hard:00599] loss=1.099273 tau=6.00 collapse_w=0.500 mid_frac=0.274 hard=score=1.5599765980 wNMSE=0.14770778 wMSE=27518.1428 wMRED=1.28725548 wER=0.495628 wMAE=64.3883 wBias=7.6380 condBias=76.3236 dotDrift=+2.947sigma uMRED=0.1784323279 uER=0.538330 uMAE=119.0806 WCE=992 bias=-19.5625
[pop05] done (conf=0.51, noise=1.0); global best score=0.2589026985 wNMSE=0.14097104 wMSE=26263.0805 wMRED=1.86883514 wER=0.529684 wMAE=77.9773 wBias=0.0097 condBias=61.9486 dotDrift=+0.004sigma uMRED=0.1717703084 uER=0.539307 uMAE=114.7256 WCE=1180 bias=-38.8750
[pop06_soft:00000] loss=10.434926 tau=1.50 collapse_w=0.000 mid_frac=0.321 hard=score=349.4606019708 wNMSE=2.1355663 wMSE=397858.6635 wMRED=17.43894041 wER=0.575609 wMAE=353.5630 wBias=125.3398 condBias=379.3120 dotDrift=+12.718sigma uMRED=0.7733191100 uER=0.575195 uMAE=323.3057 WCE=2690 bias=63.0625
[pop06_soft:00200] loss=3.680161 tau=2.25 collapse_w=0.000 mid_frac=0.339 hard=score=232.9290974821 wNMSE=0.93395842 wMSE=173997.6161 wMRED=5.62550345 wER=0.517970 wMAE=172.4851 wBias=-102.5872 condBias=205.1268 dotDrift=-15.740sigma uMRED=0.4486618315 uER=0.559570 uMAE=265.2578 WCE=2692 bias=-62.8750
[pop06_soft:00400] loss=0.655346 tau=3.00 collapse_w=0.000 mid_frac=0.244 hard=score=3.4540502369 wNMSE=0.2554206 wMSE=47585.1759 wMRED=2.19667884 wER=0.480640 wMAE=96.3164 wBias=11.6221 condBias=107.7748 dotDrift=+3.410sigma uMRED=0.2592366083 uER=0.540527 uMAE=173.3965 WCE=1536 bias=37.3750
[pop06_soft:00600] loss=0.222778 tau=3.75 collapse_w=0.000 mid_frac=0.232 hard=score=0.5713640190 wNMSE=0.22703379 wMSE=42296.6768 wMRED=2.04455675 wER=0.457014 wMAE=81.4764 wBias=2.2993 condBias=113.1281 dotDrift=+0.716sigma uMRED=0.2396325576 uER=0.498779 uMAE=138.5508 WCE=1408 bias=23.1250
[pop06_soft:00800] loss=0.140198 tau=4.50 collapse_w=0.084 mid_frac=0.220 hard=score=5.7182930848 wNMSE=0.17928957 wMSE=33401.8697 wMRED=1.68036104 wER=0.439816 wMAE=65.1539 wBias=15.5915 condBias=100.2503 dotDrift=+5.460sigma uMRED=0.1958868065 uER=0.476318 uMAE=117.1133 WCE=1280 bias=34.1250
[pop06_soft:01000] loss=0.096447 tau=5.25 collapse_w=0.293 mid_frac=0.214 hard=score=3.9903686248 wNMSE=0.20200327 wMSE=37633.4597 wMRED=1.40010811 wER=0.413313 wMAE=63.5861 wBias=12.7300 condBias=106.8587 dotDrift=+4.200sigma uMRED=0.2032222258 uER=0.481934 uMAE=127.8750 WCE=1536 bias=44.6250
[pop06_soft:01199] loss=0.063354 tau=6.00 collapse_w=0.500 mid_frac=0.208 hard=score=3.9903686248 wNMSE=0.20200327 wMSE=37633.4597 wMRED=1.40010811 wER=0.413313 wMAE=63.5861 wBias=12.7300 condBias=106.8587 dotDrift=+4.200sigma uMRED=0.2032222258 uER=0.481934 uMAE=127.8750 WCE=1536 bias=44.6250
[pop06_hard:00000] loss=4.018351 tau=6.00 collapse_w=0.500 mid_frac=0.208 hard=score=3.9903686248 wNMSE=0.20200327 wMSE=37633.4597 wMRED=1.40010811 wER=0.413313 wMAE=63.5861 wBias=12.7300 condBias=106.8587 dotDrift=+4.200sigma uMRED=0.2032222258 uER=0.481934 uMAE=127.8750 WCE=1536 bias=44.6250
[pop06_hard:00200] loss=0.639645 tau=6.00 collapse_w=0.500 mid_frac=0.202 hard=score=0.5994815047 wNMSE=0.16275617 wMSE=30321.6769 wMRED=1.36638051 wER=0.413313 wMAE=60.0159 wBias=-3.5558 condBias=89.9498 dotDrift=-1.307sigma uMRED=0.1786708722 uER=0.481934 uMAE=114.0000 WCE=1136 bias=-19.3750
[pop06_hard:00400] loss=0.408069 tau=6.00 collapse_w=0.500 mid_frac=0.196 hard=score=0.3546184529 wNMSE=0.16523523 wMSE=30783.5285 wMRED=1.66772881 wER=0.444922 wMAE=64.6930 wBias=1.1213 condBias=91.1215 dotDrift=+0.409sigma uMRED=0.1878128468 uER=0.493652 uMAE=116.0000 WCE=1136 bias=-17.3750
[pop06_hard:00599] loss=0.406953 tau=6.00 collapse_w=0.500 mid_frac=0.196 hard=score=0.3546184529 wNMSE=0.16523523 wMSE=30783.5285 wMRED=1.66772881 wER=0.444922 wMAE=64.6930 wBias=1.1213 condBias=91.1215 dotDrift=+0.409sigma uMRED=0.1878128468 uER=0.493652 uMAE=116.0000 WCE=1136 bias=-17.3750
[pop06] done (conf=0.53, noise=0.5); global best score=0.2589026985 wNMSE=0.14097104 wMSE=26263.0805 wMRED=1.86883514 wER=0.529684 wMAE=77.9773 wBias=0.0097 condBias=61.9486 dotDrift=+0.004sigma uMRED=0.1717703084 uER=0.539307 uMAE=114.7256 WCE=1180 bias=-38.8750
[pop07_soft:00000] loss=19.473553 tau=1.50 collapse_w=0.000 mid_frac=0.470 hard=score=1992.6859596010 wNMSE=5.3405011 wMSE=994941.9988 wMRED=14.76246939 wER=0.579607 wMAE=435.3798 wBias=300.3289 condBias=615.0722 dotDrift=+19.270sigma uMRED=0.7077384833 uER=0.569336 uMAE=331.2422 WCE=3968 bias=202.0625
[pop07_soft:00200] loss=6.783719 tau=2.25 collapse_w=0.000 mid_frac=0.405 hard=score=2185.7931380135 wNMSE=5.1392753 wMSE=957453.3867 wMRED=28.50445747 wER=0.572946 wMAE=442.6138 wBias=-314.6179 condBias=588.3339 dotDrift=-20.578sigma uMRED=1.1164057533 uER=0.575928 uMAE=377.4805 WCE=3871 bias=-323.1250
[pop07_soft:00400] loss=3.819582 tau=3.00 collapse_w=0.000 mid_frac=0.369 hard=score=76.8053676385 wNMSE=0.586585 wMSE=109281.5161 wMRED=4.41481915 wER=0.547130 wMAE=154.2144 wBias=-58.7002 condBias=138.5936 dotDrift=-11.364sigma uMRED=0.3778325757 uER=0.559814 uMAE=213.9863 WCE=3504 bias=-150.8750
[pop07_soft:00600] loss=1.513881 tau=3.75 collapse_w=0.000 mid_frac=0.393 hard=score=5.3185104787 wNMSE=0.53287691 wMSE=99275.6307 wMRED=4.02619663 wER=0.507647 wMAE=132.8114 wBias=-14.0137 condBias=116.5497 dotDrift=-2.847sigma uMRED=0.3027186596 uER=0.548584 uMAE=177.5332 WCE=3568 bias=-3.8750
[pop07_soft:00800] loss=1.154352 tau=4.50 collapse_w=0.084 mid_frac=0.369 hard=score=1.0622289235 wNMSE=0.35595513 wMSE=66314.8834 wMRED=3.59646362 wER=0.498134 wMAE=122.0772 wBias=-4.1012 condBias=113.3764 dotDrift=-1.019sigma uMRED=0.2869205621 uER=0.535400 uMAE=172.0625 WCE=1600 bias=-0.3750
[pop07_soft:01000] loss=0.923510 tau=5.25 collapse_w=0.293 mid_frac=0.345 hard=score=0.8601807725 wNMSE=0.35131897 wMSE=65451.1609 wMRED=3.47174692 wER=0.496834 wMAE=120.8907 wBias=-2.8513 condBias=111.8247 dotDrift=-0.713sigma uMRED=0.2837040443 uER=0.533203 uMAE=171.1875 WCE=1568 bias=0.6250
[pop07_soft:01199] loss=0.712043 tau=6.00 collapse_w=0.500 mid_frac=0.321 hard=score=0.6721140568 wNMSE=0.34911929 wMSE=65041.3573 wMRED=3.47196772 wER=0.496187 wMAE=119.3344 wBias=0.2233 condBias=108.1978 dotDrift=+0.056sigma uMRED=0.2809268611 uER=0.531006 uMAE=166.3750 WCE=1568 bias=8.6250
[pop07_hard:00000] loss=0.804603 tau=6.00 collapse_w=0.500 mid_frac=0.321 hard=score=0.6721140568 wNMSE=0.34911929 wMSE=65041.3573 wMRED=3.47196772 wER=0.496187 wMAE=119.3344 wBias=0.2233 condBias=108.1978 dotDrift=+0.056sigma uMRED=0.2809268611 uER=0.531006 uMAE=166.3750 WCE=1568 bias=8.6250
[pop07_hard:00200] loss=0.801944 tau=6.00 collapse_w=0.500 mid_frac=0.327 hard=score=13.9707694950 wNMSE=0.42586267 wMSE=79338.7458 wMRED=3.55321433 wER=0.496187 wMAE=126.3155 wBias=-24.5222 condBias=120.2039 dotDrift=-5.572sigma uMRED=0.3109903240 uER=0.531006 uMAE=183.6875 WCE=1600 bias=-55.3750
[pop07_hard:00400] loss=10.258610 tau=6.00 collapse_w=0.500 mid_frac=0.327 hard=score=10.1279009462 wNMSE=0.41513739 wMSE=77340.6117 wMRED=3.53652400 wER=0.496187 wMAE=126.2861 wBias=-20.7010 condBias=110.0637 dotDrift=-4.764sigma uMRED=0.3015249990 uER=0.531006 uMAE=184.4570 WCE=1600 bias=-39.3750
[pop07_hard:00599] loss=1.109465 tau=6.00 collapse_w=0.500 mid_frac=0.327 hard=score=10.1279009462 wNMSE=0.41513739 wMSE=77340.6117 wMRED=3.53652400 wER=0.496187 wMAE=126.2861 wBias=-20.7010 condBias=110.0637 dotDrift=-4.764sigma uMRED=0.3015249990 uER=0.531006 uMAE=184.4570 WCE=1600 bias=-39.3750
[pop07] done (conf=0.51, noise=1.0); global best score=0.2589026985 wNMSE=0.14097104 wMSE=26263.0805 wMRED=1.86883514 wER=0.529684 wMAE=77.9773 wBias=0.0097 condBias=61.9486 dotDrift=+0.004sigma uMRED=0.1717703084 uER=0.539307 uMAE=114.7256 WCE=1180 bias=-38.8750
[pop08_soft:00000] loss=19.161554 tau=1.50 collapse_w=0.000 mid_frac=0.345 hard=score=425.6903598597 wNMSE=8.4016267 wMSE=1565233.5096 wMRED=32.76789345 wER=0.583235 wMAE=598.4550 wBias=136.7395 condBias=629.8061 dotDrift=+6.995sigma uMRED=1.0801981089 uER=0.575928 uMAE=314.1597 WCE=3793 bias=9.3125
[pop08_soft:00200] loss=7.103385 tau=2.25 collapse_w=0.000 mid_frac=0.339 hard=score=3488.6667358036 wNMSE=4.9547806 wMSE=923081.7983 wMRED=24.61002139 wER=0.536147 wMAE=421.0232 wBias=-397.8010 condBias=686.3283 dotDrift=-26.499sigma uMRED=1.0712931404 uER=0.569092 uMAE=400.7983 WCE=3436 bias=-366.8125
[pop08_soft:00400] loss=3.134532 tau=3.00 collapse_w=0.000 mid_frac=0.304 hard=score=246.0324608783 wNMSE=1.7478214 wMSE=325621.2925 wMRED=18.62356678 wER=0.504119 wMAE=211.2844 wBias=-105.0982 condBias=339.5177 dotDrift=-11.787sigma uMRED=0.6903058590 uER=0.552979 uMAE=211.3965 WCE=3636 bias=-126.2500
[pop08_soft:00600] loss=0.683440 tau=3.75 collapse_w=0.000 mid_frac=0.274 hard=score=2.9363853465 wNMSE=0.26762879 wMSE=49859.5769 wMRED=2.83228167 wER=0.478635 wMAE=106.1068 wBias=-10.5227 condBias=115.0266 dotDrift=-3.016sigma uMRED=0.2809492502 uER=0.517090 uMAE=163.9902 WCE=1344 bias=23.0000
[pop08_soft:00800] loss=0.376474 tau=4.50 collapse_w=0.084 mid_frac=0.298 hard=score=4.0858094797 wNMSE=0.22421953 wMSE=41772.3772 wMRED=2.62044575 wER=0.467942 wMAE=96.4351 wBias=-12.9274 condBias=103.3915 dotDrift=-4.048sigma uMRED=0.2423828533 uER=0.507568 uMAE=139.6680 WCE=1072 bias=2.5000
[pop08_soft:01000] loss=0.278503 tau=5.25 collapse_w=0.293 mid_frac=0.226 hard=score=35.3866081859 wNMSE=0.18707271 wMSE=34851.8794 wMRED=2.51911403 wER=0.468068 wMAE=88.8022 wBias=-39.9091 condBias=94.5613 dotDrift=-13.682sigma uMRED=0.2221294310 uER=0.503174 uMAE=121.8047 WCE=1080 bias=-41.6250
[pop08_soft:01199] loss=0.196773 tau=6.00 collapse_w=0.500 mid_frac=0.220 hard=score=35.3866081859 wNMSE=0.18707271 wMSE=34851.8794 wMRED=2.51911403 wER=0.468068 wMAE=88.8022 wBias=-39.9091 condBias=94.5613 dotDrift=-13.682sigma uMRED=0.2221294310 uER=0.503174 uMAE=121.8047 WCE=1080 bias=-41.6250
[pop08_hard:00000] loss=35.491695 tau=6.00 collapse_w=0.500 mid_frac=0.220 hard=score=35.3866081859 wNMSE=0.18707271 wMSE=34851.8794 wMRED=2.51911403 wER=0.468068 wMAE=88.8022 wBias=-39.9091 condBias=94.5613 dotDrift=-13.682sigma uMRED=0.2221294310 uER=0.503174 uMAE=121.8047 WCE=1080 bias=-41.6250
[pop08_hard:00200] loss=23.828606 tau=6.00 collapse_w=0.500 mid_frac=0.214 hard=score=23.7355419393 wNMSE=0.15439006 wMSE=28763.0612 wMRED=2.38374055 wER=0.468068 wMAE=81.5338 wBias=-32.6408 condBias=84.1339 dotDrift=-12.318sigma uMRED=0.2054394778 uER=0.503174 uMAE=113.8047 WCE=1080 bias=-33.6250
[pop08_hard:00400] loss=10.196939 tau=6.00 collapse_w=0.500 mid_frac=0.190 hard=score=10.1150261145 wNMSE=0.17287294 wMSE=32206.4429 wMRED=2.36512479 wER=0.468376 wMAE=85.1840 wBias=-21.0738 condBias=92.7716 dotDrift=-7.515sigma uMRED=0.2285032865 uER=0.503906 uMAE=131.9258 WCE=1216 bias=-5.6250
[pop08_hard:00599] loss=0.550776 tau=6.00 collapse_w=0.500 mid_frac=0.179 hard=score=0.4339896665 wNMSE=0.22854995 wMSE=42579.1402 wMRED=3.11561466 wER=0.468376 wMAE=102.2687 wBias=-0.5975 condBias=101.1907 dotDrift=-0.185sigma uMRED=0.2583912994 uER=0.503906 uMAE=139.4590 WCE=1216 bias=2.8750
[pop08] done (conf=0.53, noise=0.5); global best score=0.2589026985 wNMSE=0.14097104 wMSE=26263.0805 wMRED=1.86883514 wER=0.529684 wMAE=77.9773 wBias=0.0097 condBias=61.9486 dotDrift=+0.004sigma uMRED=0.1717703084 uER=0.539307 uMAE=114.7256 WCE=1180 bias=-38.8750
[pop09_soft:00000] loss=21.662088 tau=1.50 collapse_w=0.000 mid_frac=0.381 hard=score=1481.4664639056 wNMSE=5.9533943 wMSE=1109124.7636 wMRED=14.58158913 wER=0.584226 wMAE=465.2971 wBias=258.6329 condBias=543.1351 dotDrift=+15.717sigma uMRED=0.7727170226 uER=0.578125 uMAE=371.0229 WCE=3950 bias=99.1875
[pop09_soft:00200] loss=18.526484 tau=2.25 collapse_w=0.000 mid_frac=0.363 hard=score=19.5406063646 wNMSE=11.459331 wMSE=2134887.6125 wMRED=48.91700170 wER=0.584226 wMAE=733.3695 wBias=-6.1159 condBias=772.9979 dotDrift=-0.268sigma uMRED=1.6783840286 uER=0.578125 uMAE=481.6875 WCE=3918 bias=-221.3125
[pop09_soft:00400] loss=9.565662 tau=3.00 collapse_w=0.000 mid_frac=0.363 hard=score=13.6461319550 wNMSE=3.7085635 wMSE=690909.9939 wMRED=24.85518838 wER=0.584226 wMAE=433.6334 wBias=-18.2574 condBias=464.1061 dotDrift=-1.406sigma uMRED=1.0052618895 uER=0.578125 uMAE=360.1777 WCE=2752 bias=-205.7500
[pop09_soft:00600] loss=4.866756 tau=3.75 collapse_w=0.000 mid_frac=0.399 hard=score=65.7212376529 wNMSE=0.7556724 wMSE=140782.7084 wMRED=4.17014293 wER=0.550525 wMAE=159.4886 wBias=-54.1387 condBias=188.6253 dotDrift=-9.234sigma uMRED=0.4152349599 uER=0.561035 uMAE=263.8828 WCE=1856 bias=16.0000
[pop09_soft:00800] loss=2.669532 tau=4.50 collapse_w=0.084 mid_frac=0.363 hard=score=26.5688845448 wNMSE=0.36660068 wMSE=68298.1632 wMRED=4.83696240 wER=0.558303 wMAE=129.5614 wBias=-34.3192 condBias=132.7997 dotDrift=-8.405sigma uMRED=0.3402955003 uER=0.564697 uMAE=194.7266 WCE=1760 bias=50.3750
[pop09_soft:01000] loss=1.980963 tau=5.25 collapse_w=0.293 mid_frac=0.351 hard=score=140.8224432731 wNMSE=0.5656589 wMSE=105382.9574 wMRED=8.32255732 wER=0.558303 wMAE=172.2757 wBias=-79.7334 condBias=185.9841 dotDrift=-15.719sigma uMRED=0.4383016363 uER=0.564697 uMAE=211.4805 WCE=1760 bias=30.0000
[pop09_soft:01199] loss=1.590683 tau=6.00 collapse_w=0.500 mid_frac=0.327 hard=score=155.5364627691 wNMSE=0.50056918 wMSE=93256.6609 wMRED=7.89457763 wER=0.558400 wMAE=161.4079 wBias=-83.8469 condBias=176.7471 dotDrift=-17.572sigma uMRED=0.4171862528 uER=0.564941 uMAE=191.2676 WCE=1824 bias=-11.0000
[pop09_hard:00000] loss=155.876450 tau=6.00 collapse_w=0.500 mid_frac=0.327 hard=score=155.5364627691 wNMSE=0.50056918 wMSE=93256.6609 wMRED=7.89457763 wER=0.558400 wMAE=161.4079 wBias=-83.8469 condBias=176.7471 dotDrift=-17.572sigma uMRED=0.4171862528 uER=0.564941 uMAE=191.2676 WCE=1824 bias=-11.0000
[pop09_hard:00200] loss=149.762985 tau=6.00 collapse_w=0.500 mid_frac=0.321 hard=score=149.4282524034 wNMSE=0.49819085 wMSE=92813.5754 wMRED=7.86153363 wER=0.558400 wMAE=160.3810 wBias=-82.1744 condBias=176.6534 dotDrift=-17.263sigma uMRED=0.4159263111 uER=0.564941 uMAE=191.2852 WCE=1824 bias=-9.0000
[pop09_hard:00400] loss=149.767212 tau=6.00 collapse_w=0.500 mid_frac=0.315 hard=score=149.4282524034 wNMSE=0.49819085 wMSE=92813.5754 wMRED=7.86153363 wER=0.558400 wMAE=160.3810 wBias=-82.1744 condBias=176.6534 dotDrift=-17.263sigma uMRED=0.4159263111 uER=0.564941 uMAE=191.2852 WCE=1824 bias=-9.0000
[pop09_hard:00599] loss=48.453167 tau=6.00 collapse_w=0.500 mid_frac=0.256 hard=score=46.0516022354 wNMSE=0.37976017 wMSE=70749.7927 wMRED=6.05499584 wER=0.559430 wMAE=136.9745 wBias=-45.3922 condBias=140.2592 dotDrift=-10.922sigma uMRED=0.3598501797 uER=0.567139 uMAE=180.0859 WCE=1828 bias=22.6250
[pop09] done (conf=0.51, noise=1.0); global best score=0.2589026985 wNMSE=0.14097104 wMSE=26263.0805 wMRED=1.86883514 wER=0.529684 wMAE=77.9773 wBias=0.0097 condBias=61.9486 dotDrift=+0.004sigma uMRED=0.1717703084 uER=0.539307 uMAE=114.7256 WCE=1180 bias=-38.8750
[pop10_soft:00000] loss=17.248886 tau=1.50 collapse_w=0.000 mid_frac=0.381 hard=score=28.5076452779 wNMSE=8.022185 wMSE=1494543.0518 wMRED=42.09910920 wER=0.577276 wMAE=638.5788 wBias=26.3636 condBias=618.2397 dotDrift=+1.380sigma uMRED=1.5210081765 uER=0.575928 uMAE=456.7314 WCE=3638 bias=-72.1875
[pop10_soft:00200] loss=5.219708 tau=2.25 collapse_w=0.000 mid_frac=0.333 hard=score=2434.5873741726 wNMSE=4.3240713 wMSE=805579.8721 wMRED=24.68334336 wER=0.577276 wMAE=377.3579 wBias=-332.2242 condBias=616.9961 dotDrift=-23.690sigma uMRED=1.0362028789 uER=0.575928 uMAE=367.8936 WCE=3648 bias=-348.7500
[pop10_soft:00400] loss=2.004959 tau=3.00 collapse_w=0.000 mid_frac=0.292 hard=score=77.6692483355 wNMSE=0.39726779 wMSE=74011.4843 wMRED=6.08898336 wER=0.483491 wMAE=137.6842 wBias=-59.1652 condBias=139.0797 dotDrift=-13.919sigma uMRED=0.3670924428 uER=0.541260 uMAE=196.5605 WCE=1536 bias=-10.3750
[pop10_soft:00600] loss=0.585368 tau=3.75 collapse_w=0.000 mid_frac=0.262 hard=score=17.2547665727 wNMSE=0.29399214 wMSE=54771.1015 wMRED=2.71776533 wER=0.452966 wMAE=109.1556 wBias=-27.6263 condBias=89.9844 dotDrift=-7.555sigma uMRED=0.2744591211 uER=0.521240 uMAE=191.2383 WCE=1340 bias=-30.1250
[pop10_soft:00800] loss=0.366392 tau=4.50 collapse_w=0.084 mid_frac=0.262 hard=score=7.8362847715 wNMSE=0.33487509 wMSE=62387.6454 wMRED=2.69769771 wER=0.457480 wMAE=108.2439 wBias=-18.1400 condBias=127.9208 dotDrift=-4.648sigma uMRED=0.3091036303 uER=0.521973 uMAE=191.0000 WCE=1356 bias=-32.2500
[pop10_soft:01000] loss=0.262355 tau=5.25 collapse_w=0.293 mid_frac=0.238 hard=score=5.1684374995 wNMSE=0.32747031 wMSE=61008.1254 wMRED=2.58957736 wER=0.463685 wMAE=106.0645 wBias=-14.4430 condBias=124.9356 dotDrift=-3.742sigma uMRED=0.3016792420 uER=0.521484 uMAE=187.0371 WCE=1292 bias=-29.7500
[pop10_soft:01199] loss=0.183734 tau=6.00 collapse_w=0.500 mid_frac=0.214 hard=score=5.1684374995 wNMSE=0.32747031 wMSE=61008.1254 wMRED=2.58957736 wER=0.463685 wMAE=106.0645 wBias=-14.4430 condBias=124.9356 dotDrift=-3.742sigma uMRED=0.3016792420 uER=0.521484 uMAE=187.0371 WCE=1292 bias=-29.7500
[pop10_hard:00000] loss=5.268163 tau=6.00 collapse_w=0.500 mid_frac=0.214 hard=score=5.1684374995 wNMSE=0.32747031 wMSE=61008.1254 wMRED=2.58957736 wER=0.463685 wMAE=106.0645 wBias=-14.4430 condBias=124.9356 dotDrift=-3.742sigma uMRED=0.3016792420 uER=0.521484 uMAE=187.0371 WCE=1292 bias=-29.7500
[pop10_hard:00200] loss=1.485349 tau=6.00 collapse_w=0.500 mid_frac=0.202 hard=score=1.3898890210 wNMSE=0.31678618 wMSE=59017.6597 wMRED=2.58054606 wER=0.463685 wMAE=104.1206 wBias=-6.1086 condBias=123.9238 dotDrift=-1.609sigma uMRED=0.2939400913 uER=0.521484 uMAE=179.3027 WCE=1292 bias=2.2500
[pop10_hard:00400] loss=2.977046 tau=6.00 collapse_w=0.500 mid_frac=0.196 hard=score=2.1726616428 wNMSE=0.429213 wMSE=79962.9151 wMRED=2.63324311 wER=0.463685 wMAE=111.2489 wBias=7.9917 condBias=128.4660 dotDrift=+1.809sigma uMRED=0.3338530583 uER=0.521484 uMAE=207.3809 WCE=2176 bias=60.2500
[pop10_hard:00599] loss=1.483613 tau=6.00 collapse_w=0.500 mid_frac=0.202 hard=score=1.3898890210 wNMSE=0.31678618 wMSE=59017.6597 wMRED=2.58054606 wER=0.463685 wMAE=104.1206 wBias=-6.1086 condBias=123.9238 dotDrift=-1.609sigma uMRED=0.2939400913 uER=0.521484 uMAE=179.3027 WCE=1292 bias=2.2500
[pop10] done (conf=0.53, noise=0.5); global best score=0.2589026985 wNMSE=0.14097104 wMSE=26263.0805 wMRED=1.86883514 wER=0.529684 wMAE=77.9773 wBias=0.0097 condBias=61.9486 dotDrift=+0.004sigma uMRED=0.1717703084 uER=0.539307 uMAE=114.7256 WCE=1180 bias=-38.8750
[pop11_soft:00000] loss=11.669127 tau=1.50 collapse_w=0.000 mid_frac=0.470 hard=score=350.2880810532 wNMSE=6.8510898 wMSE=1276366.5444 wMRED=34.34547501 wER=0.575288 wMAE=611.1676 wBias=124.2292 condBias=595.9128 dotDrift=+7.037sigma uMRED=1.4627932645 uER=0.575928 uMAE=545.3438 WCE=2929 bias=122.3750
[pop11_soft:00200] loss=5.202625 tau=2.25 collapse_w=0.000 mid_frac=0.500 hard=score=349.0775971375 wNMSE=4.6545699 wMSE=867152.1725 wMRED=22.18984149 wER=0.584226 wMAE=414.4125 wBias=-124.6036 condBias=476.0975 dotDrift=-8.564sigma uMRED=1.0656866002 uER=0.578125 uMAE=435.8682 WCE=2896 bias=-7.0625
[pop11_soft:00400] loss=2.862690 tau=3.00 collapse_w=0.000 mid_frac=0.452 hard=score=17.0412494065 wNMSE=0.32221562 wMSE=60029.1710 wMRED=4.59100126 wER=0.560799 wMAE=126.8904 wBias=-27.3590 condBias=105.3186 dotDrift=-7.147sigma uMRED=0.3081905452 uER=0.566406 uMAE=170.4629 WCE=1312 bias=-29.0625
[pop11_soft:00600] loss=1.602329 tau=3.75 collapse_w=0.000 mid_frac=0.423 hard=score=96.6241051008 wNMSE=0.54628676 wMSE=101773.9032 wMRED=6.96443307 wER=0.543482 wMAE=155.1451 wBias=-65.9507 condBias=153.5000 dotDrift=-13.231sigma uMRED=0.3900074646 uER=0.553955 uMAE=195.3594 WCE=1504 bias=-56.3125
[pop11_soft:00800] loss=0.745288 tau=4.50 collapse_w=0.084 mid_frac=0.363 hard=score=17.4507696607 wNMSE=0.34764864 wMSE=64767.3735 wMRED=2.46072978 wER=0.559376 wMAE=115.7641 wBias=-27.6467 condBias=136.2879 dotDrift=-6.953sigma uMRED=0.3183256816 uER=0.571533 uMAE=195.9927 WCE=1592 bias=-76.8125
[pop11_soft:01000] loss=0.561361 tau=5.25 collapse_w=0.293 mid_frac=0.363 hard=score=22.0929437764 wNMSE=0.35166641 wMSE=65515.8894 wMRED=2.44860732 wER=0.559376 wMAE=116.7590 wBias=-31.2254 condBias=137.8836 dotDrift=-7.808sigma uMRED=0.3220039063 uER=0.571533 uMAE=199.0981 WCE=1624 bias=-81.8125
[pop11_soft:01199] loss=0.403495 tau=6.00 collapse_w=0.500 mid_frac=0.357 hard=score=9.8896272515 wNMSE=0.31239035 wMSE=58198.7114 wMRED=2.26132811 wER=0.557581 wMAE=106.5064 wBias=-20.5675 condBias=127.5398 dotDrift=-5.456sigma uMRED=0.2985684268 uER=0.569336 uMAE=187.4717 WCE=1624 bias=-69.8125
[pop11_hard:00000] loss=9.961775 tau=6.00 collapse_w=0.500 mid_frac=0.357 hard=score=9.8896272515 wNMSE=0.31239035 wMSE=58198.7114 wMRED=2.26132811 wER=0.557581 wMAE=106.5064 wBias=-20.5675 condBias=127.5398 dotDrift=-5.456sigma uMRED=0.2985684268 uER=0.569336 uMAE=187.4717 WCE=1624 bias=-69.8125
[pop11_hard:00200] loss=1.688121 tau=6.00 collapse_w=0.500 mid_frac=0.351 hard=score=1.6251261702 wNMSE=0.24755325 wMSE=46119.4778 wMRED=2.14643442 wER=0.557581 wMAE=95.9087 wBias=-7.2116 condBias=108.4281 dotDrift=-2.149sigma uMRED=0.2562810645 uER=0.569336 uMAE=161.1318 WCE=1624 bias=-37.8125
[pop11_hard:00400] loss=0.995109 tau=6.00 collapse_w=0.500 mid_frac=0.345 hard=score=3.5818004785 wNMSE=0.18903701 wMSE=35217.8309 wMRED=2.08582191 wER=0.558467 wMAE=90.1373 wBias=12.0834 condBias=89.1076 dotDrift=+4.121sigma uMRED=0.2215506697 uER=0.567139 uMAE=137.4448 WCE=1248 bias=32.1875
[pop11_hard:00599] loss=0.994295 tau=6.00 collapse_w=0.500 mid_frac=0.351 hard=score=3.5818004785 wNMSE=0.18903701 wMSE=35217.8309 wMRED=2.08582191 wER=0.558467 wMAE=90.1373 wBias=12.0834 condBias=89.1076 dotDrift=+4.121sigma uMRED=0.2215506697 uER=0.567139 uMAE=137.4448 WCE=1248 bias=32.1875
[pop11] done (conf=0.51, noise=1.0); global best score=0.2589026985 wNMSE=0.14097104 wMSE=26263.0805 wMRED=1.86883514 wER=0.529684 wMAE=77.9773 wBias=0.0097 condBias=61.9486 dotDrift=+0.004sigma uMRED=0.1717703084 uER=0.539307 uMAE=114.7256 WCE=1180 bias=-38.8750
[best] stage=pop03_hard score=0.2589026985 wNMSE=0.14097104 wMSE=26263.0805 wMRED=1.86883514 wER=0.529684 wMAE=77.9773 wBias=0.0097 condBias=61.9486 dotDrift=+0.004sigma uMRED=0.1717703084 uER=0.539307 uMAE=114.7256 WCE=1180 bias=-38.8750
[best-json] /home/xuanqi/tony/work/FPGA/signed8x8_approx/signed8x8_2026_8_22/runs_module_groups/G3_o/default_split/rand302/best_signed88_inits.json
[best-rtl] /home/xuanqi/tony/work/FPGA/signed8x8_approx/signed8x8_2026_8_22/runs_module_groups/G3_o/default_split/rand302/best_rtl
[design] default_split search_bits=168
[start] score=0.2589026985 wNMSE=0.14097104 wMSE=26263.0805 wMRED=1.86883514 wER=0.529684 wMAE=77.9773 wBias=0.0097 condBias=61.9486 dotDrift=+0.004sigma uMRED=0.1717703084 uER=0.539307 uMAE=114.7256 WCE=1180 bias=-38.8750
[single] ACCEPT ['mid_lut45:15'] 0.2589026985->0.2555691476 wNMSE=0.13911749 wBias=+0.48729
[single] ACCEPT ['mid_lut23:23'] 0.2555691476->0.2501904270 wNMSE=0.13873686 wBias=+0.07977
[single] ACCEPT ['lo_lut45:47'] 0.2501904270->0.2482638639 wNMSE=0.13800509 wBias=+0.31763
[single] ACCEPT ['mid_lut01:23'] 0.2482638639->0.2461848548 wNMSE=0.13800298 wBias=+0.06918
[single] ACCEPT ['lo_lut45:15'] 0.2461848548->0.2449022021 wNMSE=0.13766742 wBias=+0.18811
[single] ACCEPT ['lo_lut23:51'] 0.2449022021->0.2439589045 wNMSE=0.137646 wBias=-0.00287
[single] ACCEPT ['lo_lut67:15'] 0.2439589045->0.2425680813 wNMSE=0.13649664 wBias=+0.47286
[single] ACCEPT ['mid_lut01:51'] 0.2425680813->0.2376296305 wNMSE=0.13643231 wBias=-0.05124
[single] ACCEPT ['lo_lut45:19'] 0.2376296305->0.2374397455 wNMSE=0.13636767 wBias=+0.06475
[single] ACCEPT ['lo_lut01:23'] 0.2374397455->0.2373456114 wNMSE=0.13636378 wBias=+0.00274
[single] round=11 no improvement
[pair] ACCEPT ['hi_lut45:15', 'hi_lut01:59'] 0.2373456114->0.1988027189 wNMSE=0.12174345 wBias=+0.02010
[pair] ACCEPT ['mid_lut67:23', 'lo_lut67:59'] 0.1988027189->0.1878808499 wNMSE=0.11655799 wBias=-0.17758
[pair] ACCEPT ['mid_lut67:15', 'hi_lut23:19'] 0.1878808499->0.1750733638 wNMSE=0.11208728 wBias=+0.09268
[pair] ACCEPT ['mid_lut45:63', 'lo_lut67:63'] 0.1750733638->0.1648288262 wNMSE=0.099551632 wBias=+0.09032
[basin] ACCEPT ['lo_lut23:43', 'lo_lut67:51'] 0.1648288262->0.1631944677 wNMSE=0.098841969 wBias=-0.06716
[basin] ACCEPT ['mid_lut23:11', 'mid_lut23:63'] 0.1631944677->0.1625805354 wNMSE=0.098917994 wBias=-0.00671
[basin] ACCEPT ['lo_lut67:47', 'lo_lut23:59'] 0.1625805354->0.1609304162 wNMSE=0.098547984 wBias=+0.03924
[basin] ACCEPT ['lo_lut45:11', 'mid_lut45:11'] 0.1609304162->0.1594335396 wNMSE=0.097303637 wBias=+0.01710
[basin] ACCEPT ['lo_lut45:15', 'mid_lut01:31', 'lo_lut23:19'] 0.1594335396->0.1580133563 wNMSE=0.095917872 wBias=-0.02030
[basin] ACCEPT ['mid_lut23:3', 'lo_lut23:23', 'hi_lut01:23', 'lo_lut23:27'] 0.1580133563->0.1559764770 wNMSE=0.094896126 wBias=-0.01197
[basin] ACCEPT ['lo_lut01:63', 'lo_lut45:23', 'lo_lut23:23'] 0.1559764770->0.1558682627 wNMSE=0.094851298 wBias=+0.01000
[basin] ACCEPT ['lo_lut23:47', 'lo_lut45:7', 'lo_lut67:23', 'lo_lut45:23'] 0.1558682627->0.1549222776 wNMSE=0.09454974 wBias=+0.05242
[basin] ACCEPT ['lo_lut23:51', 'mid_lut23:27', 'lo_lut23:27', 'lo_lut45:31'] 0.1549222776->0.1535474932 wNMSE=0.094285172 wBias=-0.02189
[final] score=0.1535474932 wNMSE=0.094285172 wMSE=17565.4449 wMRED=1.27843955 wER=0.556715 wMAE=60.4606 wBias=-0.0219 condBias=27.8944 dotDrift=-0.011sigma uMRED=0.1185779232 uER=0.566162 uMAE=89.2612 WCE=768 bias=-12.1875
[json] /home/xuanqi/tony/work/FPGA/signed8x8_approx/signed8x8_2026_8_22/runs_module_groups/G3_o/default_split/rand302/refined/best_signed88_inits.json
