[design] default_split quad4 entries=168
[device] cuda
[initial] score=81.8041402800 wNMSE=12.204973 wMSE=257167.8510 wMRED=27.77118032 wER=0.586110 wMAE=252.0810 wBias=17.5863 condBias=297.6456 dotDrift=+2.219sigma uMRED=0.8948560293 uER=0.575928 uMAE=440.1362 WCE=3441 bias=165.6875
[quad_warmup_bit:00000] loss=63.685184 tau=1.50 collapse_w=0.000 mid_frac=0.512 hard=score=81.8041402800 wNMSE=12.204973 wMSE=257167.8510 wMRED=27.77118032 wER=0.586110 wMAE=252.0810 wBias=17.5863 condBias=297.6456 dotDrift=+2.219sigma uMRED=0.8948560293 uER=0.575928 uMAE=440.1362 WCE=3441 bias=165.6875
[quad_warmup_bit:00025] loss=44.818111 tau=1.50 collapse_w=0.000 mid_frac=0.512 hard=score=71.5087256191 wNMSE=12.147095 wMSE=255948.3266 wMRED=27.90349930 wER=0.586110 wMAE=252.0226 wBias=16.0264 condBias=297.2451 dotDrift=+2.027sigma uMRED=0.8863978300 uER=0.575928 uMAE=430.7427 WCE=3441 bias=156.5000 *BEST*
[quad_warmup_bit:00050] loss=29.069454 tau=1.50 collapse_w=0.000 mid_frac=0.512 hard=score=25.2774651745 wNMSE=12.769259 wMSE=269057.7685 wMRED=29.15170088 wER=0.586110 wMAE=261.8058 wBias=3.3511 condBias=309.0627 dotDrift=+0.413sigma uMRED=0.9040420764 uER=0.575928 uMAE=433.2505 WCE=3441 bias=150.5000 *BEST*
[quad_warmup_bit:00075] loss=16.457245 tau=1.50 collapse_w=0.000 mid_frac=0.512 hard=score=22.7080724290 wNMSE=12.531733 wMSE=264052.9393 wMRED=29.31034838 wER=0.586110 wMAE=261.3103 wBias=-0.2071 condBias=307.3137 dotDrift=-0.026sigma uMRED=0.8778543284 uER=0.575928 uMAE=405.6602 WCE=3377 bias=105.0000 *BEST*
[quad_warmup_bit:00200] loss=0.981226 tau=1.50 collapse_w=0.000 mid_frac=0.500 hard=score=303.2076206196 wNMSE=11.406793 wMSE=240349.5983 wMRED=28.75965190 wER=0.576885 wMAE=257.7959 wBias=-38.1444 condBias=294.8284 dotDrift=-4.980sigma uMRED=0.8769699339 uER=0.575195 uMAE=407.4048 WCE=2777 bias=-36.8750
[quad_warmup_bit:00400] loss=0.699166 tau=1.50 collapse_w=0.000 mid_frac=0.446 hard=score=437.2624103602 wNMSE=7.909176 wMSE=166652.2170 wMRED=27.30902199 wER=0.447968 wMAE=221.8312 wBias=-46.6450 condBias=247.8818 dotDrift=-7.313sigma uMRED=0.6142687672 uER=0.551758 uMAE=268.0918 WCE=2660 bias=-57.5000
[quad_warmup_bit:00600] loss=0.520807 tau=1.50 collapse_w=0.000 mid_frac=0.417 hard=score=277.4168088846 wNMSE=1.5295392 wMSE=32228.5286 wMRED=5.70550864 wER=0.338870 wMAE=74.2476 wBias=-37.6016 condBias=83.0425 dotDrift=-13.405sigma uMRED=0.3940681079 uER=0.514648 uMAE=238.6270 WCE=2432 bias=-139.6250
[quad_warmup_bit:00800] loss=0.397619 tau=1.50 collapse_w=0.000 mid_frac=0.363 hard=score=343.3980829183 wNMSE=1.2811707 wMSE=26995.2199 wMRED=6.12342586 wER=0.323172 wMAE=68.8976 wBias=-41.8988 condBias=84.3190 dotDrift=-16.321sigma uMRED=0.3359623000 uER=0.495605 uMAE=196.7891 WCE=1552 bias=-102.8750
[quad_warmup_bit:01000] loss=0.312253 tau=1.50 collapse_w=0.000 mid_frac=0.321 hard=score=411.2625046152 wNMSE=1.520614 wMSE=32040.4669 wMRED=6.25607063 wER=0.323163 wMAE=69.7704 wBias=-45.8603 condBias=85.0976 dotDrift=-16.397sigma uMRED=0.4034726745 uER=0.493408 uMAE=253.1094 WCE=2560 bias=-97.3750
[quad_warmup_bit:01200] loss=0.258731 tau=1.50 collapse_w=0.000 mid_frac=0.298 hard=score=234.2903613571 wNMSE=1.4020596 wMSE=29542.4374 wMRED=5.35601329 wER=0.266713 wMAE=63.5197 wBias=-34.5495 condBias=76.4074 dotDrift=-12.865sigma uMRED=0.3756978863 uER=0.480713 uMAE=241.0605 WCE=2560 bias=-85.3750
[quad_warmup_bit:01400] loss=0.227358 tau=1.50 collapse_w=0.000 mid_frac=0.274 hard=score=199.5416964864 wNMSE=1.2237431 wMSE=25785.1772 wMRED=5.34548769 wER=0.266255 wMAE=61.9568 wBias=-31.8713 condBias=75.5397 dotDrift=-12.703sigma uMRED=0.3422931225 uER=0.467529 uMAE=203.4355 WCE=1536 bias=-27.3750
[quad_warmup_bit:01600] loss=0.206585 tau=1.50 collapse_w=0.000 mid_frac=0.238 hard=score=133.6448983680 wNMSE=1.2207342 wMSE=25721.7778 wMRED=5.34121268 wER=0.264214 wMAE=61.5698 wBias=-26.0137 condBias=67.7289 dotDrift=-10.381sigma uMRED=0.3488879581 uER=0.463135 uMAE=205.0820 WCE=2496 bias=-7.3750
[quad_warmup_bit:01800] loss=0.191215 tau=1.50 collapse_w=0.000 mid_frac=0.232 hard=score=109.1047482601 wNMSE=1.1970632 wMSE=25223.0108 wMRED=5.21971998 wER=0.248696 wMAE=59.5247 wBias=-23.4638 condBias=66.9735 dotDrift=-9.455sigma uMRED=0.3326505263 uER=0.444336 uMAE=193.6133 WCE=2816 bias=-0.3750
[quad_warmup_bit:02000] loss=0.180260 tau=1.50 collapse_w=0.000 mid_frac=0.196 hard=score=141.2319203959 wNMSE=0.99822478 wMSE=21033.3380 wMRED=5.15183926 wER=0.246063 wMAE=54.6385 wBias=-26.7920 condBias=70.0594 dotDrift=-11.823sigma uMRED=0.2530199866 uER=0.420898 uMAE=143.2383 WCE=1216 bias=-27.3750
[quad_warmup_bit:02175] loss=0.172123 tau=1.50 collapse_w=0.000 mid_frac=0.179 hard=score=14.5268493454 wNMSE=4.1746252 wMSE=87962.4551 wMRED=19.06616612 wER=0.245246 wMAE=51.1701 wBias=-6.3173 condBias=148.0422 dotDrift=-1.363sigma uMRED=0.3333699629 uER=0.404053 uMAE=110.7832 WCE=3968 bias=7.6250 *BEST*
[quad_warmup_bit:02200] loss=0.170982 tau=1.50 collapse_w=0.000 mid_frac=0.173 hard=score=14.5268493454 wNMSE=4.1746252 wMSE=87962.4551 wMRED=19.06616612 wER=0.245246 wMAE=51.1701 wBias=-6.3173 condBias=148.0422 dotDrift=-1.363sigma uMRED=0.3333699629 uER=0.404053 uMAE=110.7832 WCE=3968 bias=7.6250
[quad_warmup_bit:02300] loss=0.166539 tau=1.50 collapse_w=0.000 mid_frac=0.179 hard=score=12.0096749053 wNMSE=3.9725151 wMSE=83703.8454 wMRED=18.84097975 wER=0.245902 wMAE=49.9044 wBias=-5.4047 condBias=138.9063 dotDrift=-1.196sigma uMRED=0.3219793153 uER=0.406250 uMAE=109.5059 WCE=3968 bias=7.6250 *BEST*
[quad_warmup_bit:02325] loss=0.165480 tau=1.50 collapse_w=0.000 mid_frac=0.173 hard=score=5.6961189933 wNMSE=2.1796987 wMSE=45927.8718 wMRED=7.23499699 wER=0.245978 wMAE=39.9407 wBias=3.6353 condBias=70.0703 dotDrift=+1.086sigma uMRED=0.2573261854 uER=0.407715 uMAE=108.5762 WCE=3900 bias=8.1250 *BEST*
[quad_warmup_bit:02400] loss=0.162439 tau=1.50 collapse_w=0.000 mid_frac=0.173 hard=score=5.6961189933 wNMSE=2.1796987 wMSE=45927.8718 wMRED=7.23499699 wER=0.245978 wMAE=39.9407 wBias=3.6353 condBias=70.0703 dotDrift=+1.086sigma uMRED=0.2573261854 uER=0.407715 uMAE=108.5762 WCE=3900 bias=8.1250
[quad_warmup_bit:02600] loss=0.154712 tau=1.50 collapse_w=0.000 mid_frac=0.143 hard=score=10.6305029570 wNMSE=1.5472204 wMSE=32601.0832 wMRED=5.86768613 wER=0.246234 wMAE=36.2794 wBias=6.5751 condBias=50.7811 dotDrift=+2.331sigma uMRED=0.2296339011 uER=0.417236 uMAE=103.4746 WCE=3900 bias=0.6250
[quad_warmup_bit:02800] loss=0.148540 tau=1.50 collapse_w=0.000 mid_frac=0.113 hard=score=9.5848756216 wNMSE=0.39713603 wMSE=8367.9514 wMRED=2.42199176 wER=0.244911 wMAE=33.8086 wBias=-6.7600 condBias=38.1363 dotDrift=-4.730sigma uMRED=0.1458078344 uER=0.397705 uMAE=78.4746 WCE=1024 bias=18.6250
[quad_warmup_bit:03000] loss=0.142143 tau=1.50 collapse_w=0.000 mid_frac=0.113 hard=score=5.9451571526 wNMSE=0.37645611 wMSE=7932.2102 wMRED=2.24809487 wER=0.237821 wMAE=32.4861 wBias=-5.2118 condBias=37.5371 dotDrift=-3.745sigma uMRED=0.1433868822 uER=0.380371 uMAE=77.7871 WCE=1024 bias=20.6250
[quad_warmup_bit:03200] loss=0.137092 tau=1.50 collapse_w=0.000 mid_frac=0.113 hard=score=5.9451571526 wNMSE=0.37645611 wMSE=7932.2102 wMRED=2.24809487 wER=0.237821 wMAE=32.4861 wBias=-5.2118 condBias=37.5371 dotDrift=-3.745sigma uMRED=0.1433868822 uER=0.380371 uMAE=77.7871 WCE=1024 bias=20.6250
[quad_warmup_bit:03400] loss=0.132753 tau=1.50 collapse_w=0.000 mid_frac=0.125 hard=score=17.7321669260 wNMSE=0.50647796 wMSE=10671.8671 wMRED=2.28338772 wER=0.237821 wMAE=34.0939 wBias=-9.3143 condBias=40.0214 dotDrift=-5.770sigma uMRED=0.1939525720 uER=0.380371 uMAE=112.9883 WCE=2228 bias=-1.3750
[quad_warmup_bit:03475] loss=0.129036 tau=1.50 collapse_w=0.000 mid_frac=0.125 hard=score=3.8625582441 wNMSE=0.4565145 wMSE=9619.0998 wMRED=1.80174367 wER=0.243834 wMAE=30.2989 wBias=-3.9730 condBias=40.8995 dotDrift=-2.593sigma uMRED=0.1907938963 uER=0.382324 uMAE=111.7715 WCE=2228 bias=0.6250 *BEST*
[quad_warmup_bit:03525] loss=0.126921 tau=1.50 collapse_w=0.000 mid_frac=0.113 hard=score=1.6155020870 wNMSE=0.42290027 wMSE=8910.8231 wMRED=1.75157778 wER=0.237249 wMAE=28.3719 wBias=-2.1131 condBias=38.1603 dotDrift=-1.433sigma uMRED=0.1749770593 uER=0.354736 uMAE=103.7207 WCE=2228 bias=8.5000 *BEST*
[quad_warmup_bit:03600] loss=0.125714 tau=1.50 collapse_w=0.000 mid_frac=0.101 hard=score=1.6155020870 wNMSE=0.42290027 wMSE=8910.8231 wMRED=1.75157778 wER=0.237249 wMAE=28.3719 wBias=-2.1131 condBias=38.1603 dotDrift=-1.433sigma uMRED=0.1749770593 uER=0.354736 uMAE=103.7207 WCE=2228 bias=8.5000
[quad_warmup_bit:03800] loss=0.122469 tau=1.50 collapse_w=0.000 mid_frac=0.095 hard=score=2.1876998736 wNMSE=0.28192682 wMSE=5940.4076 wMRED=1.73009298 wER=0.237485 wMAE=27.1138 wBias=-2.9546 condBias=34.6680 dotDrift=-2.453sigma uMRED=0.0897917414 uER=0.337402 uMAE=40.8008 WCE=784 bias=-18.5000
[quad_warmup_bit:04000] loss=0.115491 tau=1.50 collapse_w=0.000 mid_frac=0.089 hard=score=11.5300234282 wNMSE=0.27465093 wMSE=5787.0993 wMRED=1.89987826 wER=0.198169 wMAE=22.8559 wBias=7.5306 condBias=42.6621 dotDrift=+6.335sigma uMRED=0.0926309014 uER=0.317871 uMAE=39.6094 WCE=784 bias=-15.0000
[quad_warmup_bit:04200] loss=0.111242 tau=1.50 collapse_w=0.000 mid_frac=0.095 hard=score=11.6749990065 wNMSE=0.27482908 wMSE=5790.8530 wMRED=1.90123475 wER=0.202362 wMAE=22.8870 wBias=7.5798 condBias=42.7041 dotDrift=+6.375sigma uMRED=0.0927300944 uER=0.328613 uMAE=39.6719 WCE=784 bias=-14.8750
[quad_warmup_bit:04400] loss=0.109856 tau=1.50 collapse_w=0.000 mid_frac=0.101 hard=score=11.9678614136 wNMSE=0.27524143 wMSE=5799.5415 wMRED=1.90394774 wER=0.201675 wMAE=22.9492 wBias=7.6782 condBias=42.7915 dotDrift=+6.453sigma uMRED=0.0929284805 uER=0.326416 uMAE=39.7969 WCE=784 bias=-14.6250
[quad_warmup_bit:04600] loss=0.109109 tau=1.50 collapse_w=0.000 mid_frac=0.101 hard=score=11.9678614136 wNMSE=0.27524143 wMSE=5799.5415 wMRED=1.90394774 wER=0.201675 wMAE=22.9492 wBias=7.6782 condBias=42.7915 dotDrift=+6.453sigma uMRED=0.0929284805 uER=0.326416 uMAE=39.7969 WCE=784 bias=-14.6250
[quad_warmup_bit:04800] loss=0.108553 tau=1.50 collapse_w=0.000 mid_frac=0.095 hard=score=29.0865373526 wNMSE=0.29046272 wMSE=6120.2653 wMRED=2.22971279 wER=0.222438 wMAE=25.4549 wBias=12.1182 condBias=43.6815 dotDrift=+9.914sigma uMRED=0.0986749378 uER=0.342041 uMAE=41.6406 WCE=784 bias=-10.6250
[quad_warmup_bit:05000] loss=0.108141 tau=1.50 collapse_w=0.000 mid_frac=0.089 hard=score=29.0865373526 wNMSE=0.29046272 wMSE=6120.2653 wMRED=2.22971279 wER=0.222438 wMAE=25.4549 wBias=12.1182 condBias=43.6815 dotDrift=+9.914sigma uMRED=0.0986749378 uER=0.342041 uMAE=41.6406 WCE=784 bias=-10.6250
[quad_warmup_bit:05200] loss=0.107813 tau=1.50 collapse_w=0.000 mid_frac=0.089 hard=score=29.0865373526 wNMSE=0.29046272 wMSE=6120.2653 wMRED=2.22971279 wER=0.222438 wMAE=25.4549 wBias=12.1182 condBias=43.6815 dotDrift=+9.914sigma uMRED=0.0986749378 uER=0.342041 uMAE=41.6406 WCE=784 bias=-10.6250
[quad_warmup_bit:05400] loss=0.107538 tau=1.50 collapse_w=0.000 mid_frac=0.089 hard=score=29.0865373526 wNMSE=0.29046272 wMSE=6120.2653 wMRED=2.22971279 wER=0.222438 wMAE=25.4549 wBias=12.1182 condBias=43.6815 dotDrift=+9.914sigma uMRED=0.0986749378 uER=0.342041 uMAE=41.6406 WCE=784 bias=-10.6250
[quad_warmup_bit:05600] loss=0.107302 tau=1.50 collapse_w=0.000 mid_frac=0.089 hard=score=29.0865373526 wNMSE=0.29046272 wMSE=6120.2653 wMRED=2.22971279 wER=0.222438 wMAE=25.4549 wBias=12.1182 condBias=43.6815 dotDrift=+9.914sigma uMRED=0.0986749378 uER=0.342041 uMAE=41.6406 WCE=784 bias=-10.6250
[quad_warmup_bit:05800] loss=0.107095 tau=1.50 collapse_w=0.000 mid_frac=0.095 hard=score=26.6327812729 wNMSE=0.30142638 wMSE=6351.2778 wMRED=2.24361053 wER=0.225092 wMAE=25.9946 wBias=11.5785 condBias=45.5066 dotDrift=+9.298sigma uMRED=0.1022289625 uER=0.347900 uMAE=43.6406 WCE=848 bias=-12.6250
[quad_warmup_bit:05999] loss=0.106912 tau=1.50 collapse_w=0.000 mid_frac=0.095 hard=score=26.6327812729 wNMSE=0.30142638 wMSE=6351.2778 wMRED=2.24361053 wER=0.225092 wMAE=25.9946 wBias=11.5785 condBias=45.5066 dotDrift=+9.298sigma uMRED=0.1022289625 uER=0.347900 uMAE=43.6406 WCE=848 bias=-12.6250
[quad_soft:00000] loss=0.768521 tau=1.50 collapse_w=0.000 mid_frac=0.095 hard=score=26.6327812729 wNMSE=0.30142638 wMSE=6351.2778 wMRED=2.24361053 wER=0.225092 wMAE=25.9946 wBias=11.5785 condBias=45.5066 dotDrift=+9.298sigma uMRED=0.1022289625 uER=0.347900 uMAE=43.6406 WCE=848 bias=-12.6250
[quad_soft:00200] loss=0.370329 tau=1.59 collapse_w=0.000 mid_frac=0.083 hard=score=9.8852702016 wNMSE=0.28850278 wMSE=6078.9681 wMRED=1.91879675 wER=0.204396 wMAE=23.6011 wBias=6.9326 condBias=44.7996 dotDrift=+5.691sigma uMRED=0.1029605257 uER=0.337402 uMAE=47.0059 WCE=848 bias=-25.1250
[quad_soft:00400] loss=0.330421 tau=1.68 collapse_w=0.000 mid_frac=0.089 hard=score=5.4688799147 wNMSE=0.28401465 wMSE=5984.3998 wMRED=1.93372849 wER=0.238434 wMAE=23.9034 wBias=5.0386 condBias=44.5731 dotDrift=+4.169sigma uMRED=0.1071083781 uER=0.367676 uMAE=49.4609 WCE=848 bias=-29.2500
[quad_soft:00600] loss=0.324452 tau=1.77 collapse_w=0.000 mid_frac=0.083 hard=score=5.4688799147 wNMSE=0.28401465 wMSE=5984.3998 wMRED=1.93372849 wER=0.238434 wMAE=23.9034 wBias=5.0386 condBias=44.5731 dotDrift=+4.169sigma uMRED=0.1071083781 uER=0.367676 uMAE=49.4609 WCE=848 bias=-29.2500
[quad_soft:00800] loss=0.308435 tau=1.86 collapse_w=0.000 mid_frac=0.095 hard=score=18.1680316640 wNMSE=0.29033282 wMSE=6117.5282 wMRED=2.06804447 wER=0.238412 wMAE=24.9870 wBias=9.5201 condBias=44.7283 dotDrift=+7.790sigma uMRED=0.1074631382 uER=0.364746 uMAE=49.1621 WCE=848 bias=-23.2500
[quad_soft:01000] loss=0.286520 tau=1.95 collapse_w=0.000 mid_frac=0.071 hard=score=26.6358765015 wNMSE=0.30196687 wMSE=6362.6665 wMRED=2.45418880 wER=0.273207 wMAE=26.6497 wBias=11.5797 condBias=45.4298 dotDrift=+9.291sigma uMRED=0.1096975069 uER=0.391113 uMAE=48.9004 WCE=808 bias=-21.2500
[quad_soft:01200] loss=0.286097 tau=2.04 collapse_w=0.000 mid_frac=0.065 hard=score=27.0079376980 wNMSE=0.30159225 wMSE=6354.7728 wMRED=2.45175495 wER=0.273207 wMAE=26.5671 wBias=11.6623 condBias=45.3634 dotDrift=+9.363sigma uMRED=0.1093086361 uER=0.391113 uMAE=48.6504 WCE=808 bias=-21.0000
[quad_soft:01400] loss=0.287117 tau=2.13 collapse_w=0.000 mid_frac=0.071 hard=score=27.0079376980 wNMSE=0.30159225 wMSE=6354.7728 wMRED=2.45175495 wER=0.273207 wMAE=26.5671 wBias=11.6623 condBias=45.3634 dotDrift=+9.363sigma uMRED=0.1093086361 uER=0.391113 uMAE=48.6504 WCE=808 bias=-21.0000
[quad_soft:01600] loss=0.287580 tau=2.22 collapse_w=0.000 mid_frac=0.071 hard=score=27.0079376980 wNMSE=0.30159225 wMSE=6354.7728 wMRED=2.45175495 wER=0.273207 wMAE=26.5671 wBias=11.6623 condBias=45.3634 dotDrift=+9.363sigma uMRED=0.1093086361 uER=0.391113 uMAE=48.6504 WCE=808 bias=-21.0000
[quad_soft:01800] loss=0.288698 tau=2.31 collapse_w=0.000 mid_frac=0.077 hard=score=27.0079376980 wNMSE=0.30159225 wMSE=6354.7728 wMRED=2.45175495 wER=0.273207 wMAE=26.5671 wBias=11.6623 condBias=45.3634 dotDrift=+9.363sigma uMRED=0.1093086361 uER=0.391113 uMAE=48.6504 WCE=808 bias=-21.0000
[quad_soft:02000] loss=0.290110 tau=2.40 collapse_w=0.000 mid_frac=0.077 hard=score=27.0079376980 wNMSE=0.30159225 wMSE=6354.7728 wMRED=2.45175495 wER=0.273207 wMAE=26.5671 wBias=11.6623 condBias=45.3634 dotDrift=+9.363sigma uMRED=0.1093086361 uER=0.391113 uMAE=48.6504 WCE=808 bias=-21.0000
[quad_soft:02200] loss=0.291342 tau=2.49 collapse_w=0.000 mid_frac=0.077 hard=score=10.6816277723 wNMSE=0.28964395 wMSE=6103.0134 wMRED=2.25520263 wER=0.273207 wMAE=24.6002 wBias=7.2223 condBias=44.8192 dotDrift=+5.917sigma uMRED=0.1045872903 uER=0.391113 uMAE=46.8691 WCE=808 bias=-25.0000
[quad_soft:02400] loss=0.292326 tau=2.58 collapse_w=0.000 mid_frac=0.077 hard=score=10.6816277723 wNMSE=0.28964395 wMSE=6103.0134 wMRED=2.25520263 wER=0.273207 wMAE=24.6002 wBias=7.2223 condBias=44.8192 dotDrift=+5.917sigma uMRED=0.1045872903 uER=0.391113 uMAE=46.8691 WCE=808 bias=-25.0000
[quad_soft:02600] loss=0.293048 tau=2.67 collapse_w=0.000 mid_frac=0.077 hard=score=10.6816277723 wNMSE=0.28964395 wMSE=6103.0134 wMRED=2.25520263 wER=0.273207 wMAE=24.6002 wBias=7.2223 condBias=44.8192 dotDrift=+5.917sigma uMRED=0.1045872903 uER=0.391113 uMAE=46.8691 WCE=808 bias=-25.0000
[quad_soft:02800] loss=0.293336 tau=2.76 collapse_w=0.000 mid_frac=0.077 hard=score=10.3788799716 wNMSE=0.28686722 wMSE=6044.5055 wMRED=2.25216816 wER=0.273207 wMAE=24.4311 wBias=7.1151 condBias=44.5529 dotDrift=+5.857sigma uMRED=0.0974449130 uER=0.391113 uMAE=41.1426 WCE=808 bias=-18.0000
[quad_soft:03000] loss=0.292781 tau=2.85 collapse_w=0.000 mid_frac=0.077 hard=score=10.3788799716 wNMSE=0.28686722 wMSE=6044.5055 wMRED=2.25216816 wER=0.273207 wMAE=24.4311 wBias=7.1151 condBias=44.5529 dotDrift=+5.857sigma uMRED=0.0974449130 uER=0.391113 uMAE=41.1426 WCE=808 bias=-18.0000
[quad_soft:03200] loss=0.292553 tau=2.94 collapse_w=0.000 mid_frac=0.077 hard=score=10.3788799716 wNMSE=0.28686722 wMSE=6044.5055 wMRED=2.25216816 wER=0.273207 wMAE=24.4311 wBias=7.1151 condBias=44.5529 dotDrift=+5.857sigma uMRED=0.0974449130 uER=0.391113 uMAE=41.1426 WCE=808 bias=-18.0000
[quad_soft:03400] loss=0.292355 tau=3.03 collapse_w=0.000 mid_frac=0.077 hard=score=10.4929608868 wNMSE=0.28670343 wMSE=6041.0544 wMRED=2.25095124 wER=0.273207 wMAE=24.3898 wBias=7.1564 condBias=44.5204 dotDrift=+5.893sigma uMRED=0.0972504776 uER=0.391113 uMAE=41.0176 WCE=808 bias=-17.8750
[quad_soft:03600] loss=0.292099 tau=3.12 collapse_w=0.000 mid_frac=0.083 hard=score=10.4929608868 wNMSE=0.28670343 wMSE=6041.0544 wMRED=2.25095124 wER=0.273207 wMAE=24.3898 wBias=7.1564 condBias=44.5204 dotDrift=+5.893sigma uMRED=0.0972504776 uER=0.391113 uMAE=41.0176 WCE=808 bias=-17.8750
[quad_soft:03800] loss=0.291681 tau=3.21 collapse_w=0.000 mid_frac=0.083 hard=score=10.4929608868 wNMSE=0.28670343 wMSE=6041.0544 wMRED=2.25095124 wER=0.273207 wMAE=24.3898 wBias=7.1564 condBias=44.5204 dotDrift=+5.893sigma uMRED=0.0972504776 uER=0.391113 uMAE=41.0176 WCE=808 bias=-17.8750
[quad_soft:04000] loss=0.291156 tau=3.30 collapse_w=0.000 mid_frac=0.083 hard=score=10.4929608868 wNMSE=0.28670343 wMSE=6041.0544 wMRED=2.25095124 wER=0.273207 wMAE=24.3898 wBias=7.1564 condBias=44.5204 dotDrift=+5.893sigma uMRED=0.0972504776 uER=0.391113 uMAE=41.0176 WCE=808 bias=-17.8750
[quad_soft:04200] loss=0.286021 tau=3.39 collapse_w=0.000 mid_frac=0.083 hard=score=10.4929608868 wNMSE=0.28670343 wMSE=6041.0544 wMRED=2.25095124 wER=0.273207 wMAE=24.3898 wBias=7.1564 condBias=44.5204 dotDrift=+5.893sigma uMRED=0.0972504776 uER=0.391113 uMAE=41.0176 WCE=808 bias=-17.8750
[quad_soft:04400] loss=0.280941 tau=3.48 collapse_w=0.000 mid_frac=0.083 hard=score=10.4929608868 wNMSE=0.28670343 wMSE=6041.0544 wMRED=2.25095124 wER=0.273207 wMAE=24.3898 wBias=7.1564 condBias=44.5204 dotDrift=+5.893sigma uMRED=0.0972504776 uER=0.391113 uMAE=41.0176 WCE=808 bias=-17.8750
[quad_soft:04600] loss=0.275805 tau=3.57 collapse_w=0.000 mid_frac=0.083 hard=score=10.4929608868 wNMSE=0.28670343 wMSE=6041.0544 wMRED=2.25095124 wER=0.273207 wMAE=24.3898 wBias=7.1564 condBias=44.5204 dotDrift=+5.893sigma uMRED=0.0972504776 uER=0.391113 uMAE=41.0176 WCE=808 bias=-17.8750
[quad_soft:04800] loss=0.270647 tau=3.66 collapse_w=0.000 mid_frac=0.083 hard=score=10.4929608868 wNMSE=0.28670343 wMSE=6041.0544 wMRED=2.25095124 wER=0.273207 wMAE=24.3898 wBias=7.1564 condBias=44.5204 dotDrift=+5.893sigma uMRED=0.0972504776 uER=0.391113 uMAE=41.0176 WCE=808 bias=-17.8750
[quad_soft:05000] loss=0.265533 tau=3.75 collapse_w=0.000 mid_frac=0.083 hard=score=10.4929608868 wNMSE=0.28670343 wMSE=6041.0544 wMRED=2.25095124 wER=0.273207 wMAE=24.3898 wBias=7.1564 condBias=44.5204 dotDrift=+5.893sigma uMRED=0.0972504776 uER=0.391113 uMAE=41.0176 WCE=808 bias=-17.8750
[quad_soft:05200] loss=0.260343 tau=3.84 collapse_w=0.000 mid_frac=0.083 hard=score=10.4929608868 wNMSE=0.28670343 wMSE=6041.0544 wMRED=2.25095124 wER=0.273207 wMAE=24.3898 wBias=7.1564 condBias=44.5204 dotDrift=+5.893sigma uMRED=0.0972504776 uER=0.391113 uMAE=41.0176 WCE=808 bias=-17.8750
[quad_soft:05400] loss=0.255139 tau=3.93 collapse_w=0.000 mid_frac=0.077 hard=score=10.4929608868 wNMSE=0.28670343 wMSE=6041.0544 wMRED=2.25095124 wER=0.273207 wMAE=24.3898 wBias=7.1564 condBias=44.5204 dotDrift=+5.893sigma uMRED=0.0972504776 uER=0.391113 uMAE=41.0176 WCE=808 bias=-17.8750
[quad_soft:05600] loss=0.249931 tau=4.02 collapse_w=0.000 mid_frac=0.077 hard=score=10.4929608868 wNMSE=0.28670343 wMSE=6041.0544 wMRED=2.25095124 wER=0.273207 wMAE=24.3898 wBias=7.1564 condBias=44.5204 dotDrift=+5.893sigma uMRED=0.0972504776 uER=0.391113 uMAE=41.0176 WCE=808 bias=-17.8750
[quad_soft:05800] loss=0.244709 tau=4.11 collapse_w=0.000 mid_frac=0.077 hard=score=10.4929608868 wNMSE=0.28670343 wMSE=6041.0544 wMRED=2.25095124 wER=0.273207 wMAE=24.3898 wBias=7.1564 condBias=44.5204 dotDrift=+5.893sigma uMRED=0.0972504776 uER=0.391113 uMAE=41.0176 WCE=808 bias=-17.8750
[quad_soft:06000] loss=0.239481 tau=4.20 collapse_w=0.000 mid_frac=0.083 hard=score=13.6620607030 wNMSE=0.2664663 wMSE=5614.6431 wMRED=2.22471855 wER=0.272494 wMAE=23.5109 wBias=8.2358 condBias=40.8017 dotDrift=+7.034sigma uMRED=0.0906366707 uER=0.386719 uMAE=37.5508 WCE=688 bias=-13.8750
[quad_soft:06200] loss=0.235264 tau=4.29 collapse_w=0.025 mid_frac=0.071 hard=score=14.0950773926 wNMSE=0.26629633 wMSE=5611.0616 wMRED=2.21386610 wER=0.262457 wMAE=23.3885 wBias=8.3702 condBias=40.7665 dotDrift=+7.151sigma uMRED=0.0903753355 uER=0.376465 uMAE=37.4551 WCE=688 bias=-13.2500
[quad_soft:06400] loss=0.230872 tau=4.38 collapse_w=0.050 mid_frac=0.071 hard=score=14.0950773926 wNMSE=0.26629633 wMSE=5611.0616 wMRED=2.21386610 wER=0.262457 wMAE=23.3885 wBias=8.3702 condBias=40.7665 dotDrift=+7.151sigma uMRED=0.0903753355 uER=0.376465 uMAE=37.4551 WCE=688 bias=-13.2500
[quad_soft:06600] loss=0.226400 tau=4.47 collapse_w=0.075 mid_frac=0.060 hard=score=14.0950773926 wNMSE=0.26629633 wMSE=5611.0616 wMRED=2.21386610 wER=0.262457 wMAE=23.3885 wBias=8.3702 condBias=40.7665 dotDrift=+7.151sigma uMRED=0.0903753355 uER=0.376465 uMAE=37.4551 WCE=688 bias=-13.2500
[quad_soft:06800] loss=0.221804 tau=4.56 collapse_w=0.100 mid_frac=0.060 hard=score=14.0950773926 wNMSE=0.26629633 wMSE=5611.0616 wMRED=2.21386610 wER=0.262457 wMAE=23.3885 wBias=8.3702 condBias=40.7665 dotDrift=+7.151sigma uMRED=0.0903753355 uER=0.376465 uMAE=37.4551 WCE=688 bias=-13.2500
[quad_soft:07000] loss=0.217144 tau=4.65 collapse_w=0.125 mid_frac=0.060 hard=score=14.0950773926 wNMSE=0.26629633 wMSE=5611.0616 wMRED=2.21386610 wER=0.262457 wMAE=23.3885 wBias=8.3702 condBias=40.7665 dotDrift=+7.151sigma uMRED=0.0903753355 uER=0.376465 uMAE=37.4551 WCE=688 bias=-13.2500
[quad_soft:07200] loss=0.212376 tau=4.74 collapse_w=0.150 mid_frac=0.054 hard=score=14.0950773926 wNMSE=0.26629633 wMSE=5611.0616 wMRED=2.21386610 wER=0.262457 wMAE=23.3885 wBias=8.3702 condBias=40.7665 dotDrift=+7.151sigma uMRED=0.0903753355 uER=0.376465 uMAE=37.4551 WCE=688 bias=-13.2500
[quad_soft:07400] loss=0.207427 tau=4.83 collapse_w=0.175 mid_frac=0.048 hard=score=20.3116151660 wNMSE=0.27145508 wMSE=5719.7602 wMRED=2.21021726 wER=0.247434 wMAE=23.2389 wBias=10.0986 condBias=41.1345 dotDrift=+8.546sigma uMRED=0.0886485699 uER=0.364746 uMAE=36.4551 WCE=688 bias=-11.2500
[quad_soft:07600] loss=0.202478 tau=4.92 collapse_w=0.200 mid_frac=0.042 hard=score=44.0749157734 wNMSE=0.17552923 wMSE=3698.5313 wMRED=2.12192995 wER=0.247434 wMAE=19.8036 wBias=15.0005 condBias=33.7374 dotDrift=+15.786sigma uMRED=0.0627440486 uER=0.364746 uMAE=23.3535 WCE=432 bias=4.7500
[quad_soft:07800] loss=0.197367 tau=5.01 collapse_w=0.225 mid_frac=0.042 hard=score=44.0749157734 wNMSE=0.17552923 wMSE=3698.5313 wMRED=2.12192995 wER=0.247434 wMAE=19.8036 wBias=15.0005 condBias=33.7374 dotDrift=+15.786sigma uMRED=0.0627440486 uER=0.364746 uMAE=23.3535 WCE=432 bias=4.7500
[quad_soft:08000] loss=0.192249 tau=5.10 collapse_w=0.250 mid_frac=0.042 hard=score=44.0749157734 wNMSE=0.17552923 wMSE=3698.5313 wMRED=2.12192995 wER=0.247434 wMAE=19.8036 wBias=15.0005 condBias=33.7374 dotDrift=+15.786sigma uMRED=0.0627440486 uER=0.364746 uMAE=23.3535 WCE=432 bias=4.7500
[quad_soft:08200] loss=0.187043 tau=5.19 collapse_w=0.275 mid_frac=0.042 hard=score=44.0749157734 wNMSE=0.17552923 wMSE=3698.5313 wMRED=2.12192995 wER=0.247434 wMAE=19.8036 wBias=15.0005 condBias=33.7374 dotDrift=+15.786sigma uMRED=0.0627440486 uER=0.364746 uMAE=23.3535 WCE=432 bias=4.7500
[quad_soft:08400] loss=0.181733 tau=5.28 collapse_w=0.300 mid_frac=0.042 hard=score=44.0749157734 wNMSE=0.17552923 wMSE=3698.5313 wMRED=2.12192995 wER=0.247434 wMAE=19.8036 wBias=15.0005 condBias=33.7374 dotDrift=+15.786sigma uMRED=0.0627440486 uER=0.364746 uMAE=23.3535 WCE=432 bias=4.7500
[quad_soft:08600] loss=0.176364 tau=5.37 collapse_w=0.325 mid_frac=0.042 hard=score=44.0749157734 wNMSE=0.17552923 wMSE=3698.5313 wMRED=2.12192995 wER=0.247434 wMAE=19.8036 wBias=15.0005 condBias=33.7374 dotDrift=+15.786sigma uMRED=0.0627440486 uER=0.364746 uMAE=23.3535 WCE=432 bias=4.7500
[quad_soft:08800] loss=0.170911 tau=5.46 collapse_w=0.350 mid_frac=0.042 hard=score=44.0749157734 wNMSE=0.17552923 wMSE=3698.5313 wMRED=2.12192995 wER=0.247434 wMAE=19.8036 wBias=15.0005 condBias=33.7374 dotDrift=+15.786sigma uMRED=0.0627440486 uER=0.364746 uMAE=23.3535 WCE=432 bias=4.7500
[quad_soft:09000] loss=0.165357 tau=5.55 collapse_w=0.375 mid_frac=0.042 hard=score=44.0749157734 wNMSE=0.17552923 wMSE=3698.5313 wMRED=2.12192995 wER=0.247434 wMAE=19.8036 wBias=15.0005 condBias=33.7374 dotDrift=+15.786sigma uMRED=0.0627440486 uER=0.364746 uMAE=23.3535 WCE=432 bias=4.7500
[quad_soft:09200] loss=0.159637 tau=5.64 collapse_w=0.400 mid_frac=0.042 hard=score=44.0749157734 wNMSE=0.17552923 wMSE=3698.5313 wMRED=2.12192995 wER=0.247434 wMAE=19.8036 wBias=15.0005 condBias=33.7374 dotDrift=+15.786sigma uMRED=0.0627440486 uER=0.364746 uMAE=23.3535 WCE=432 bias=4.7500
[quad_soft:09400] loss=0.153805 tau=5.73 collapse_w=0.425 mid_frac=0.042 hard=score=44.0749157734 wNMSE=0.17552923 wMSE=3698.5313 wMRED=2.12192995 wER=0.247434 wMAE=19.8036 wBias=15.0005 condBias=33.7374 dotDrift=+15.786sigma uMRED=0.0627440486 uER=0.364746 uMAE=23.3535 WCE=432 bias=4.7500
[quad_soft:09600] loss=0.147877 tau=5.82 collapse_w=0.450 mid_frac=0.042 hard=score=44.0749157734 wNMSE=0.17552923 wMSE=3698.5313 wMRED=2.12192995 wER=0.247434 wMAE=19.8036 wBias=15.0005 condBias=33.7374 dotDrift=+15.786sigma uMRED=0.0627440486 uER=0.364746 uMAE=23.3535 WCE=432 bias=4.7500
[quad_soft:09800] loss=0.141761 tau=5.91 collapse_w=0.475 mid_frac=0.042 hard=score=44.0749157734 wNMSE=0.17552923 wMSE=3698.5313 wMRED=2.12192995 wER=0.247434 wMAE=19.8036 wBias=15.0005 condBias=33.7374 dotDrift=+15.786sigma uMRED=0.0627440486 uER=0.364746 uMAE=23.3535 WCE=432 bias=4.7500
[quad_soft:09999] loss=0.135458 tau=6.00 collapse_w=0.500 mid_frac=0.042 hard=score=44.0749157734 wNMSE=0.17552923 wMSE=3698.5313 wMRED=2.12192995 wER=0.247434 wMAE=19.8036 wBias=15.0005 condBias=33.7374 dotDrift=+15.786sigma uMRED=0.0627440486 uER=0.364746 uMAE=23.3535 WCE=432 bias=4.7500
[quad_hard_ste:00000] loss=44.167835 tau=6.00 collapse_w=0.500 mid_frac=0.042 hard=score=44.0749157734 wNMSE=0.17552923 wMSE=3698.5313 wMRED=2.12192995 wER=0.247434 wMAE=19.8036 wBias=15.0005 condBias=33.7374 dotDrift=+15.786sigma uMRED=0.0627440486 uER=0.364746 uMAE=23.3535 WCE=432 bias=4.7500
[quad_hard_ste:00200] loss=11.963173 tau=6.00 collapse_w=0.500 mid_frac=0.060 hard=score=11.8641199483 wNMSE=0.26570875 wMSE=5598.6808 wMRED=2.43284694 wER=0.264720 wMAE=24.0182 wBias=7.6545 condBias=40.5839 dotDrift=+6.547sigma uMRED=0.0917695180 uER=0.376221 uMAE=37.5352 WCE=688 bias=-13.7500
[quad_hard_ste:00400] loss=1266.034180 tau=6.00 collapse_w=0.500 mid_frac=0.030 hard=score=1265.4078248744 wNMSE=3.2664056 wMSE=68825.5944 wMRED=13.51400845 wER=0.221757 wMAE=83.2542 wBias=-80.4944 condBias=152.6931 dotDrift=-19.637sigma uMRED=0.1832742068 uER=0.344971 uMAE=39.6367 WCE=928 bias=-27.7500
[quad_hard_ste:00600] loss=1266.033081 tau=6.00 collapse_w=0.500 mid_frac=0.030 hard=score=1265.4078248744 wNMSE=3.2664056 wMSE=68825.5944 wMRED=13.51400845 wER=0.221757 wMAE=83.2542 wBias=-80.4944 condBias=152.6931 dotDrift=-19.637sigma uMRED=0.1832742068 uER=0.344971 uMAE=39.6367 WCE=928 bias=-27.7500
[quad_hard_ste:00800] loss=1174.234741 tau=6.00 collapse_w=0.500 mid_frac=0.012 hard=score=1173.6068768585 wNMSE=3.3150095 wMSE=69849.7151 wMRED=13.58672090 wER=0.223180 wMAE=85.7186 wBias=-77.5038 condBias=147.7213 dotDrift=-18.768sigma uMRED=0.1973227880 uER=0.353760 uMAE=46.2031 WCE=928 bias=-17.7500
[quad_hard_ste:01000] loss=1174.233765 tau=6.00 collapse_w=0.500 mid_frac=0.012 hard=score=1173.6068768585 wNMSE=3.3150095 wMSE=69849.7151 wMRED=13.58672090 wER=0.223180 wMAE=85.7186 wBias=-77.5038 condBias=147.7213 dotDrift=-18.768sigma uMRED=0.1973227880 uER=0.353760 uMAE=46.2031 WCE=928 bias=-17.7500
[quad_hard_ste:01200] loss=1174.232666 tau=6.00 collapse_w=0.500 mid_frac=0.012 hard=score=1173.6068768585 wNMSE=3.3150095 wMSE=69849.7151 wMRED=13.58672090 wER=0.223180 wMAE=85.7186 wBias=-77.5038 condBias=147.7213 dotDrift=-18.768sigma uMRED=0.1973227880 uER=0.353760 uMAE=46.2031 WCE=928 bias=-17.7500
[quad_hard_ste:01400] loss=1174.231934 tau=6.00 collapse_w=0.500 mid_frac=0.012 hard=score=1173.6068768585 wNMSE=3.3150095 wMSE=69849.7151 wMRED=13.58672090 wER=0.223180 wMAE=85.7186 wBias=-77.5038 condBias=147.7213 dotDrift=-18.768sigma uMRED=0.1973227880 uER=0.353760 uMAE=46.2031 WCE=928 bias=-17.7500
[quad_hard_ste:01600] loss=1174.231812 tau=6.00 collapse_w=0.500 mid_frac=0.012 hard=score=1173.6068768585 wNMSE=3.3150095 wMSE=69849.7151 wMRED=13.58672090 wER=0.223180 wMAE=85.7186 wBias=-77.5038 condBias=147.7213 dotDrift=-18.768sigma uMRED=0.1973227880 uER=0.353760 uMAE=46.2031 WCE=928 bias=-17.7500
[quad_hard_ste:01800] loss=1174.231567 tau=6.00 collapse_w=0.500 mid_frac=0.012 hard=score=1173.6068768585 wNMSE=3.3150095 wMSE=69849.7151 wMRED=13.58672090 wER=0.223180 wMAE=85.7186 wBias=-77.5038 condBias=147.7213 dotDrift=-18.768sigma uMRED=0.1973227880 uER=0.353760 uMAE=46.2031 WCE=928 bias=-17.7500
[quad_hard_ste:02000] loss=1174.231445 tau=6.00 collapse_w=0.500 mid_frac=0.012 hard=score=1173.6068768585 wNMSE=3.3150095 wMSE=69849.7151 wMRED=13.58672090 wER=0.223180 wMAE=85.7186 wBias=-77.5038 condBias=147.7213 dotDrift=-18.768sigma uMRED=0.1973227880 uER=0.353760 uMAE=46.2031 WCE=928 bias=-17.7500
[quad_hard_ste:02200] loss=1174.231445 tau=6.00 collapse_w=0.500 mid_frac=0.012 hard=score=1173.6068768585 wNMSE=3.3150095 wMSE=69849.7151 wMRED=13.58672090 wER=0.223180 wMAE=85.7186 wBias=-77.5038 condBias=147.7213 dotDrift=-18.768sigma uMRED=0.1973227880 uER=0.353760 uMAE=46.2031 WCE=928 bias=-17.7500
[quad_hard_ste:02400] loss=1174.231323 tau=6.00 collapse_w=0.500 mid_frac=0.012 hard=score=1173.6068768585 wNMSE=3.3150095 wMSE=69849.7151 wMRED=13.58672090 wER=0.223180 wMAE=85.7186 wBias=-77.5038 condBias=147.7213 dotDrift=-18.768sigma uMRED=0.1973227880 uER=0.353760 uMAE=46.2031 WCE=928 bias=-17.7500
[quad_hard_ste:02600] loss=1174.231323 tau=6.00 collapse_w=0.500 mid_frac=0.012 hard=score=1173.6068768585 wNMSE=3.3150095 wMSE=69849.7151 wMRED=13.58672090 wER=0.223180 wMAE=85.7186 wBias=-77.5038 condBias=147.7213 dotDrift=-18.768sigma uMRED=0.1973227880 uER=0.353760 uMAE=46.2031 WCE=928 bias=-17.7500
[quad_hard_ste:02800] loss=1174.231201 tau=6.00 collapse_w=0.500 mid_frac=0.012 hard=score=1173.6068768585 wNMSE=3.3150095 wMSE=69849.7151 wMRED=13.58672090 wER=0.223180 wMAE=85.7186 wBias=-77.5038 condBias=147.7213 dotDrift=-18.768sigma uMRED=0.1973227880 uER=0.353760 uMAE=46.2031 WCE=928 bias=-17.7500
[quad_hard_ste:03000] loss=1174.231201 tau=6.00 collapse_w=0.500 mid_frac=0.012 hard=score=1173.6068768585 wNMSE=3.3150095 wMSE=69849.7151 wMRED=13.58672090 wER=0.223180 wMAE=85.7186 wBias=-77.5038 condBias=147.7213 dotDrift=-18.768sigma uMRED=0.1973227880 uER=0.353760 uMAE=46.2031 WCE=928 bias=-17.7500
[quad_hard_ste:03200] loss=1174.231079 tau=6.00 collapse_w=0.500 mid_frac=0.012 hard=score=1173.6068768585 wNMSE=3.3150095 wMSE=69849.7151 wMRED=13.58672090 wER=0.223180 wMAE=85.7186 wBias=-77.5038 condBias=147.7213 dotDrift=-18.768sigma uMRED=0.1973227880 uER=0.353760 uMAE=46.2031 WCE=928 bias=-17.7500
[quad_hard_ste:03400] loss=1174.231079 tau=6.00 collapse_w=0.500 mid_frac=0.012 hard=score=1173.6068768585 wNMSE=3.3150095 wMSE=69849.7151 wMRED=13.58672090 wER=0.223180 wMAE=85.7186 wBias=-77.5038 condBias=147.7213 dotDrift=-18.768sigma uMRED=0.1973227880 uER=0.353760 uMAE=46.2031 WCE=928 bias=-17.7500
[quad_hard_ste:03600] loss=1174.231079 tau=6.00 collapse_w=0.500 mid_frac=0.012 hard=score=1173.6068768585 wNMSE=3.3150095 wMSE=69849.7151 wMRED=13.58672090 wER=0.223180 wMAE=85.7186 wBias=-77.5038 condBias=147.7213 dotDrift=-18.768sigma uMRED=0.1973227880 uER=0.353760 uMAE=46.2031 WCE=928 bias=-17.7500
[quad_hard_ste:03800] loss=1174.230957 tau=6.00 collapse_w=0.500 mid_frac=0.012 hard=score=1173.6068768585 wNMSE=3.3150095 wMSE=69849.7151 wMRED=13.58672090 wER=0.223180 wMAE=85.7186 wBias=-77.5038 condBias=147.7213 dotDrift=-18.768sigma uMRED=0.1973227880 uER=0.353760 uMAE=46.2031 WCE=928 bias=-17.7500
[quad_hard_ste:03999] loss=1174.230957 tau=6.00 collapse_w=0.500 mid_frac=0.012 hard=score=1173.6068768585 wNMSE=3.3150095 wMSE=69849.7151 wMRED=13.58672090 wER=0.223180 wMAE=85.7186 wBias=-77.5038 condBias=147.7213 dotDrift=-18.768sigma uMRED=0.1973227880 uER=0.353760 uMAE=46.2031 WCE=928 bias=-17.7500
[pop00_soft:00000] loss=84.011543 tau=1.50 collapse_w=0.000 mid_frac=0.351 hard=score=1218.8492530228 wNMSE=31.75565 wMSE=669115.1538 wMRED=46.88003779 wER=0.572800 wMAE=287.5687 wBias=-77.4185 condBias=405.9867 dotDrift=-6.057sigma uMRED=1.0428322171 uER=0.571533 uMAE=374.7139 WCE=3636 bias=24.1875
[pop00_soft:00200] loss=13.872418 tau=2.25 collapse_w=0.000 mid_frac=0.351 hard=score=5591.7304104349 wNMSE=30.86511 wMSE=650350.8003 wMRED=49.65043345 wER=0.492484 wMAE=248.7087 wBias=-168.7981 condBias=466.5877 dotDrift=-13.396sigma uMRED=0.9151434653 uER=0.566406 uMAE=283.6235 WCE=3900 bias=-106.0625
[pop00_soft:00400] loss=4.986880 tau=3.00 collapse_w=0.000 mid_frac=0.262 hard=score=1.2478694176 wNMSE=0.66141568 wMSE=13936.5201 wMRED=3.40965457 wER=0.406975 wMAE=45.8239 wBias=0.7728 condBias=63.4733 dotDrift=+0.419sigma uMRED=0.2792400235 uER=0.560303 uMAE=171.9883 WCE=1280 bias=9.6250 *BEST*
[pop00_soft:00425] loss=3.564086 tau=3.10 collapse_w=0.000 mid_frac=0.262 hard=score=1.1244727758 wNMSE=0.64686263 wMSE=13629.8764 wMRED=3.40496661 wER=0.406968 wMAE=45.4945 wBias=-0.3454 condBias=62.1469 dotDrift=-0.189sigma uMRED=0.2559730352 uER=0.560059 uMAE=158.5664 WCE=1280 bias=-18.8750 *BEST*
[pop00_soft:00600] loss=0.541276 tau=3.75 collapse_w=0.000 mid_frac=0.208 hard=score=7.1505332629 wNMSE=0.66761837 wMSE=14067.2153 wMRED=3.06698839 wER=0.382855 wMAE=39.7702 wBias=-5.5016 condBias=69.7134 dotDrift=-2.969sigma uMRED=0.3274936113 uER=0.535889 uMAE=201.3906 WCE=1916 bias=-174.6250
[pop00_soft:00800] loss=0.384444 tau=4.50 collapse_w=0.084 mid_frac=0.196 hard=score=1.1346194684 wNMSE=0.6059731 wMSE=12768.3037 wMRED=2.63262177 wER=0.366400 wMAE=36.0653 wBias=0.0613 condBias=65.6005 dotDrift=+0.035sigma uMRED=0.3040622563 uER=0.520020 uMAE=189.2891 WCE=1720 bias=-157.6250
[pop00_soft:01000] loss=0.308396 tau=5.25 collapse_w=0.293 mid_frac=0.167 hard=score=1.2042871078 wNMSE=0.61186192 wMSE=12892.3855 wMRED=2.37260239 wER=0.316120 wMAE=34.9102 wBias=0.4963 condBias=67.1169 dotDrift=+0.280sigma uMRED=0.3059444831 uER=0.508301 uMAE=186.3691 WCE=1720 bias=-163.5000
[pop00_soft:01199] loss=0.243691 tau=6.00 collapse_w=0.500 mid_frac=0.173 hard=score=1.2024010236 wNMSE=0.61865463 wMSE=13035.5129 wMRED=2.38129784 wER=0.316120 wMAE=35.0607 wBias=-0.3428 condBias=68.4039 dotDrift=-0.192sigma uMRED=0.3082685974 uER=0.508301 uMAE=186.8359 WCE=1720 bias=-167.5000
[pop00_hard:00000] loss=1.265314 tau=6.00 collapse_w=0.500 mid_frac=0.173 hard=score=1.2024010236 wNMSE=0.61865463 wMSE=13035.5129 wMRED=2.38129784 wER=0.316120 wMAE=35.0607 wBias=-0.3428 condBias=68.4039 dotDrift=-0.192sigma uMRED=0.3082685974 uER=0.508301 uMAE=186.8359 WCE=1720 bias=-167.5000
[pop00_hard:00200] loss=1.263160 tau=6.00 collapse_w=0.500 mid_frac=0.173 hard=score=1.2850764229 wNMSE=0.54030038 wMSE=11384.5307 wMRED=2.37334897 wER=0.316120 wMAE=34.2546 wBias=1.1191 condBias=64.7199 dotDrift=+0.671sigma uMRED=0.2610600824 uER=0.508301 uMAE=151.8672 WCE=1536 bias=-103.5000
[pop00_hard:00400] loss=1.354647 tau=6.00 collapse_w=0.500 mid_frac=0.167 hard=score=1.2850764229 wNMSE=0.54030038 wMSE=11384.5307 wMRED=2.37334897 wER=0.316120 wMAE=34.2546 wBias=1.1191 condBias=64.7199 dotDrift=+0.671sigma uMRED=0.2610600824 uER=0.508301 uMAE=151.8672 WCE=1536 bias=-103.5000
[pop00_hard:00599] loss=1583.219360 tau=6.00 collapse_w=0.500 mid_frac=0.155 hard=score=1582.5610272523 wNMSE=3.7599957 wMSE=79225.9050 wMRED=14.30327092 wER=0.316120 wMAE=100.7390 wBias=-90.0321 condBias=173.0106 dotDrift=-20.471sigma uMRED=0.3791899916 uER=0.508301 uMAE=166.4531 WCE=1448 bias=-55.5000
[pop00] done (conf=0.53, noise=0.5); global best score=1.1244727758 wNMSE=0.64686263 wMSE=13629.8764 wMRED=3.40496661 wER=0.406968 wMAE=45.4945 wBias=-0.3454 condBias=62.1469 dotDrift=-0.189sigma uMRED=0.2559730352 uER=0.560059 uMAE=158.5664 WCE=1280 bias=-18.8750
[pop01_soft:00000] loss=322.535126 tau=1.50 collapse_w=0.000 mid_frac=0.423 hard=score=23317.1877109804 wNMSE=143.557 wMSE=3024852.7644 wMRED=102.38421422 wER=0.586887 wMAE=946.5858 wBias=344.5055 condBias=960.1419 dotDrift=+12.677sigma uMRED=1.6938554778 uER=0.578125 uMAE=524.6499 WCE=3960 bias=3.6250
[pop01_soft:00200] loss=334.146088 tau=2.25 collapse_w=0.000 mid_frac=0.387 hard=score=10878.0879464546 wNMSE=147.90016 wMSE=3116366.2643 wMRED=107.78370003 wER=0.551846 wMAE=970.9764 wBias=233.7574 condBias=980.9648 dotDrift=+8.475sigma uMRED=1.7830340466 uER=0.575928 uMAE=543.9922 WCE=3837 bias=-212.6250
[pop01_soft:00400] loss=42.549458 tau=3.00 collapse_w=0.000 mid_frac=0.405 hard=score=7093.9414172556 wNMSE=36.789822 wMSE=775188.9041 wMRED=52.78817403 wER=0.551834 wMAE=399.6452 wBias=-190.1657 condBias=502.1888 dotDrift=-13.823sigma uMRED=1.0270858916 uER=0.575684 uMAE=380.3311 WCE=3124 bias=-135.5000
[pop01_soft:00600] loss=10.832304 tau=3.75 collapse_w=0.000 mid_frac=0.363 hard=score=8.8251829605 wNMSE=4.114472 wMSE=86694.9829 wMRED=18.91049452 wER=0.487345 wMAE=167.6860 wBias=2.4894 condBias=168.6686 dotDrift=+0.541sigma uMRED=0.4689077000 uER=0.570801 uMAE=229.4419 WCE=1424 bias=66.4375
[pop01_soft:00800] loss=4.211881 tau=4.50 collapse_w=0.084 mid_frac=0.315 hard=score=683.7777698013 wNMSE=2.3120603 wMSE=48716.8285 wMRED=13.55893477 wER=0.480823 wMAE=107.0307 wBias=-59.1224 condBias=135.6121 dotDrift=-17.143sigma uMRED=0.3743242977 uER=0.570801 uMAE=178.9678 WCE=1440 bias=74.8750
[pop01_soft:01000] loss=2.240876 tau=5.25 collapse_w=0.293 mid_frac=0.262 hard=score=281.4294503742 wNMSE=0.90194502 wMSE=19004.6519 wMRED=5.62695692 wER=0.376209 wMAE=54.0105 wBias=-37.9424 condBias=69.4747 dotDrift=-17.615sigma uMRED=0.2874140754 uER=0.557129 uMAE=172.4678 WCE=1440 bias=-0.6250
[pop01_soft:01199] loss=1.897724 tau=6.00 collapse_w=0.500 mid_frac=0.262 hard=score=312.5260056005 wNMSE=0.91429264 wMSE=19264.8255 wMRED=5.66741406 wER=0.376209 wMAE=54.3520 wBias=-39.9939 condBias=71.2303 dotDrift=-18.441sigma uMRED=0.2915737434 uER=0.557129 uMAE=173.2139 WCE=1440 bias=-6.6250
[pop01_hard:00000] loss=312.763580 tau=6.00 collapse_w=0.500 mid_frac=0.262 hard=score=312.5260056005 wNMSE=0.91429264 wMSE=19264.8255 wMRED=5.66741406 wER=0.376209 wMAE=54.3520 wBias=-39.9939 condBias=71.2303 dotDrift=-18.441sigma uMRED=0.2915737434 uER=0.557129 uMAE=173.2139 WCE=1440 bias=-6.6250
[pop01_hard:00200] loss=268.613678 tau=6.00 collapse_w=0.500 mid_frac=0.250 hard=score=268.3824841649 wNMSE=0.88240147 wMSE=18592.8548 wMRED=5.62589406 wER=0.376209 wMAE=54.2815 wBias=-37.0526 condBias=66.9235 dotDrift=-17.391sigma uMRED=0.2604628021 uER=0.557129 uMAE=152.4629 WCE=1440 bias=33.3750
[pop01_hard:00400] loss=268.613373 tau=6.00 collapse_w=0.500 mid_frac=0.232 hard=score=268.3824841649 wNMSE=0.88240147 wMSE=18592.8548 wMRED=5.62589406 wER=0.376209 wMAE=54.2815 wBias=-37.0526 condBias=66.9235 dotDrift=-17.391sigma uMRED=0.2604628021 uER=0.557129 uMAE=152.4629 WCE=1440 bias=33.3750
[pop01_hard:00599] loss=251.957413 tau=6.00 collapse_w=0.500 mid_frac=0.220 hard=score=251.7262862993 wNMSE=0.88214753 wMSE=18587.5041 wMRED=5.62089183 wER=0.376094 wMAE=54.7065 wBias=-35.8775 condBias=66.2214 dotDrift=-16.842sigma uMRED=0.2604046337 uER=0.552734 uMAE=154.1494 WCE=1440 bias=37.6250
[pop01] done (conf=0.51, noise=1.0); global best score=1.1244727758 wNMSE=0.64686263 wMSE=13629.8764 wMRED=3.40496661 wER=0.406968 wMAE=45.4945 wBias=-0.3454 condBias=62.1469 dotDrift=-0.189sigma uMRED=0.2559730352 uER=0.560059 uMAE=158.5664 WCE=1280 bias=-18.8750
[pop02_soft:00000] loss=205.396820 tau=1.50 collapse_w=0.000 mid_frac=0.333 hard=score=925.2709970419 wNMSE=6.9303639 wMSE=146027.9178 wMRED=16.44545823 wER=0.532247 wMAE=180.2770 wBias=68.5095 condBias=224.6725 dotDrift=+11.474sigma uMRED=0.5736673476 uER=0.564209 uMAE=282.2368 WCE=3424 bias=163.8750
[pop02_soft:00200] loss=22.826197 tau=2.25 collapse_w=0.000 mid_frac=0.292 hard=score=6101.7631429193 wNMSE=12.486192 wMSE=263093.3546 wMRED=27.02512037 wER=0.497714 wMAE=225.4784 wBias=-176.8421 condBias=327.6853 dotDrift=-22.065sigma uMRED=0.8793598438 uER=0.572998 uMAE=400.8296 WCE=3433 bias=-296.7500
[pop02_soft:00400] loss=5.315186 tau=3.00 collapse_w=0.000 mid_frac=0.274 hard=score=920.7561682840 wNMSE=1.6873218 wMSE=35553.1242 wMRED=10.46984668 wER=0.403329 wMAE=84.6722 wBias=-68.7136 condBias=112.5417 dotDrift=-23.323sigma uMRED=0.2616878020 uER=0.546387 uMAE=122.3027 WCE=1024 bias=-20.0000
[pop02_soft:00525] loss=0.683327 tau=3.47 collapse_w=0.000 mid_frac=0.232 hard=score=0.8063939662 wNMSE=0.36395388 wMSE=7668.7787 wMRED=2.70119706 wER=0.395365 wMAE=34.0121 wBias=1.0530 condBias=42.2107 dotDrift=+0.770sigma uMRED=0.1534170854 uER=0.538330 uMAE=94.6289 WCE=768 bias=8.0000 *BEST*
[pop02_soft:00550] loss=0.480215 tau=3.56 collapse_w=0.000 mid_frac=0.226 hard=score=0.6758555609 wNMSE=0.35760037 wMSE=7534.9056 wMRED=2.47834806 wER=0.389023 wMAE=31.7744 wBias=0.7336 condBias=40.5989 dotDrift=+0.541sigma uMRED=0.1504978111 uER=0.537598 uMAE=94.4941 WCE=768 bias=5.7500 *BEST*
[pop02_soft:00600] loss=0.350201 tau=3.75 collapse_w=0.000 mid_frac=0.202 hard=score=0.5833796911 wNMSE=0.33445507 wMSE=7047.2169 wMRED=2.41778598 wER=0.388838 wMAE=29.5963 wBias=-0.2239 condBias=44.3167 dotDrift=-0.171sigma uMRED=0.1480949400 uER=0.530273 uMAE=87.1602 WCE=768 bias=-1.8750 *BEST*
[pop02_soft:00800] loss=0.168991 tau=4.50 collapse_w=0.084 mid_frac=0.214 hard=score=0.9160267873 wNMSE=0.22687368 wMSE=4780.3971 wMRED=1.66009502 wER=0.351435 wMAE=23.1687 wBias=-1.5477 condBias=43.0535 dotDrift=-1.433sigma uMRED=0.1270201585 uER=0.516846 uMAE=73.6172 WCE=688 bias=-23.7500
[pop02_soft:01000] loss=0.121535 tau=5.25 collapse_w=0.293 mid_frac=0.167 hard=score=3.3726560685 wNMSE=0.21325971 wMSE=4493.5406 wMRED=1.35317983 wER=0.302619 wMAE=19.9552 wBias=-3.8923 condBias=41.4561 dotDrift=-3.716sigma uMRED=0.1219615598 uER=0.494385 uMAE=73.0020 WCE=692 bias=-27.0000
[pop02_soft:01199] loss=0.089362 tau=6.00 collapse_w=0.500 mid_frac=0.131 hard=score=3.3726560685 wNMSE=0.21325971 wMSE=4493.5406 wMRED=1.35317983 wER=0.302619 wMAE=19.9552 wBias=-3.8923 condBias=41.4561 dotDrift=-3.716sigma uMRED=0.1219615598 uER=0.494385 uMAE=73.0020 WCE=692 bias=-27.0000
[pop02_hard:00000] loss=3.429900 tau=6.00 collapse_w=0.500 mid_frac=0.131 hard=score=3.3726560685 wNMSE=0.21325971 wMSE=4493.5406 wMRED=1.35317983 wER=0.302619 wMAE=19.9552 wBias=-3.8923 condBias=41.4561 dotDrift=-3.716sigma uMRED=0.1219615598 uER=0.494385 uMAE=73.0020 WCE=692 bias=-27.0000
[pop02_hard:00200] loss=3.425419 tau=6.00 collapse_w=0.500 mid_frac=0.131 hard=score=3.3726560685 wNMSE=0.21325971 wMSE=4493.5406 wMRED=1.35317983 wER=0.302619 wMAE=19.9552 wBias=-3.8923 condBias=41.4561 dotDrift=-3.716sigma uMRED=0.1219615598 uER=0.494385 uMAE=73.0020 WCE=692 bias=-27.0000
[pop02_hard:00400] loss=1.775825 tau=6.00 collapse_w=0.500 mid_frac=0.125 hard=score=1.1310048450 wNMSE=0.2271098 wMSE=4785.3724 wMRED=1.70882831 wER=0.302619 wMAE=23.0620 wBias=1.8780 condBias=42.3950 dotDrift=+1.737sigma uMRED=0.1270459580 uER=0.494385 uMAE=74.2676 WCE=692 bias=-22.5000
[pop02_hard:00599] loss=1.774853 tau=6.00 collapse_w=0.500 mid_frac=0.125 hard=score=1.1310048450 wNMSE=0.2271098 wMSE=4785.3724 wMRED=1.70882831 wER=0.302619 wMAE=23.0620 wBias=1.8780 condBias=42.3950 dotDrift=+1.737sigma uMRED=0.1270459580 uER=0.494385 uMAE=74.2676 WCE=692 bias=-22.5000
[pop02] done (conf=0.53, noise=0.5); global best score=0.5833796911 wNMSE=0.33445507 wMSE=7047.2169 wMRED=2.41778598 wER=0.388838 wMAE=29.5963 wBias=-0.2239 condBias=44.3167 dotDrift=-0.171sigma uMRED=0.1480949400 uER=0.530273 uMAE=87.1602 WCE=768 bias=-1.8750
[pop03_soft:00000] loss=237.866745 tau=1.50 collapse_w=0.000 mid_frac=0.417 hard=score=206.7851169519 wNMSE=11.35624 wMSE=239284.4253 wMRED=25.89968016 wER=0.586887 wMAE=244.4769 wBias=-30.9475 condBias=301.7568 dotDrift=-4.049sigma uMRED=0.7356350536 uER=0.578125 uMAE=323.9487 WCE=3488 bias=-32.8750
[pop03_soft:00200] loss=111.250168 tau=2.25 collapse_w=0.000 mid_frac=0.351 hard=score=2924.9752343117 wNMSE=11.465128 wMSE=241578.7625 wMRED=29.42274711 wER=0.586887 wMAE=248.6240 wBias=-122.2221 condBias=314.1013 dotDrift=-15.915sigma uMRED=0.8278003974 uER=0.578125 uMAE=383.1367 WCE=3276 bias=-320.6250
[pop03_soft:00400] loss=16.638664 tau=3.00 collapse_w=0.000 mid_frac=0.417 hard=score=2978.0913193037 wNMSE=9.8280489 wMSE=207084.2952 wMRED=27.58509102 wER=0.550812 wMAE=225.0217 wBias=-123.4054 condBias=288.4960 dotDrift=-17.356sigma uMRED=0.6492561618 uER=0.573730 uMAE=263.4429 WCE=2640 bias=-221.5000
[pop03_soft:00600] loss=9.340504 tau=3.75 collapse_w=0.000 mid_frac=0.351 hard=score=686.9486548498 wNMSE=4.6911369 wMSE=98845.7413 wMRED=20.69223159 wER=0.550656 wMAE=163.1028 wBias=-59.0795 condBias=187.7531 dotDrift=-12.026sigma uMRED=0.4321431192 uER=0.573730 uMAE=172.7319 WCE=1436 bias=-146.3125
[pop03_soft:00800] loss=6.546393 tau=4.50 collapse_w=0.084 mid_frac=0.327 hard=score=1820.8024375071 wNMSE=4.2205905 wMSE=88930.9782 wMRED=17.73639877 wER=0.495842 wMAE=136.0272 wBias=-96.5668 condBias=178.2801 dotDrift=-20.724sigma uMRED=0.4311506906 uER=0.568604 uMAE=184.9785 WCE=1420 bias=-101.3750
[pop03_soft:01000] loss=4.744995 tau=5.25 collapse_w=0.293 mid_frac=0.351 hard=score=2018.7780478765 wNMSE=3.5705238 wMSE=75233.5895 wMRED=16.32112257 wER=0.429077 wMAE=111.7387 wBias=-101.7408 condBias=179.5585 dotDrift=-23.739sigma uMRED=0.3704931363 uER=0.562500 uMAE=152.8096 WCE=1292 bias=-73.3750
[pop03_soft:01199] loss=3.461520 tau=6.00 collapse_w=0.500 mid_frac=0.268 hard=score=2255.7898803628 wNMSE=3.6547635 wMSE=77008.5826 wMRED=16.36595256 wER=0.430824 wMAE=113.6736 wBias=-107.5608 condBias=188.8458 dotDrift=-24.806sigma uMRED=0.4094122504 uER=0.563721 uMAE=175.9229 WCE=1420 bias=-170.5000
[pop03_hard:00000] loss=2256.554443 tau=6.00 collapse_w=0.500 mid_frac=0.268 hard=score=2255.7898803628 wNMSE=3.6547635 wMSE=77008.5826 wMRED=16.36595256 wER=0.430824 wMAE=113.6736 wBias=-107.5608 condBias=188.8458 dotDrift=-24.806sigma uMRED=0.4094122504 uER=0.563721 uMAE=175.9229 WCE=1420 bias=-170.5000
[pop03_hard:00200] loss=2256.552734 tau=6.00 collapse_w=0.500 mid_frac=0.268 hard=score=2255.7898803628 wNMSE=3.6547635 wMSE=77008.5826 wMRED=16.36595256 wER=0.430824 wMAE=113.6736 wBias=-107.5608 condBias=188.8458 dotDrift=-24.806sigma uMRED=0.4094122504 uER=0.563721 uMAE=175.9229 WCE=1420 bias=-170.5000
[pop03_hard:00400] loss=14.743569 tau=6.00 collapse_w=0.500 mid_frac=0.232 hard=score=14.5983115474 wNMSE=0.71922872 wMSE=15154.6838 wMRED=3.79962522 wER=0.430950 wMAE=54.1205 wBias=-8.2840 condBias=60.4335 dotDrift=-4.307sigma uMRED=0.2738440064 uER=0.566895 uMAE=158.8350 WCE=1420 bias=-62.5000
[pop03_hard:00599] loss=23.252874 tau=6.00 collapse_w=0.500 mid_frac=0.232 hard=score=14.5983115474 wNMSE=0.71922872 wMSE=15154.6838 wMRED=3.79962522 wER=0.430950 wMAE=54.1205 wBias=-8.2840 condBias=60.4335 dotDrift=-4.307sigma uMRED=0.2738440064 uER=0.566895 uMAE=158.8350 WCE=1420 bias=-62.5000
[pop03] done (conf=0.51, noise=1.0); global best score=0.5833796911 wNMSE=0.33445507 wMSE=7047.2169 wMRED=2.41778598 wER=0.388838 wMAE=29.5963 wBias=-0.2239 condBias=44.3167 dotDrift=-0.171sigma uMRED=0.1480949400 uER=0.530273 uMAE=87.1602 WCE=768 bias=-1.8750
[pop04_soft:00000] loss=215.899261 tau=1.50 collapse_w=0.000 mid_frac=0.363 hard=score=2838.5339974884 wNMSE=15.955409 wMSE=336192.3206 wMRED=41.55454249 wER=0.586355 wMAE=259.3664 wBias=120.3182 condBias=261.2643 dotDrift=+13.281sigma uMRED=0.7660624583 uER=0.575928 uMAE=250.5439 WCE=3868 bias=25.0625
[pop04_soft:00200] loss=17.634037 tau=2.25 collapse_w=0.000 mid_frac=0.321 hard=score=8443.9106052699 wNMSE=16.248425 wMSE=342366.3870 wMRED=31.06813036 wER=0.430974 wMAE=217.5931 wBias=-208.0518 condBias=364.6126 dotDrift=-22.757sigma uMRED=0.6680316408 uER=0.566895 uMAE=260.9023 WCE=2297 bias=-199.9375
[pop04_soft:00400] loss=1.821652 tau=3.00 collapse_w=0.000 mid_frac=0.185 hard=score=102.3931107494 wNMSE=0.74955159 wMSE=15793.6090 wMRED=4.28709543 wER=0.406392 wMAE=53.8243 wBias=-22.8028 condBias=62.7172 dotDrift=-11.613sigma uMRED=0.2879774823 uER=0.562256 uMAE=173.5586 WCE=1664 bias=-18.6250
[pop04_soft:00600] loss=0.765061 tau=3.75 collapse_w=0.000 mid_frac=0.190 hard=score=15.5201685723 wNMSE=0.64041101 wMSE=13493.9360 wMRED=3.13311996 wER=0.365776 wMAE=42.7365 wBias=-8.5991 condBias=57.9741 dotDrift=-4.738sigma uMRED=0.2673503641 uER=0.540771 uMAE=166.0020 WCE=1664 bias=16.3750
[pop04_soft:00800] loss=0.486919 tau=4.50 collapse_w=0.084 mid_frac=0.185 hard=score=4.9812971587 wNMSE=0.54035445 wMSE=11385.6699 wMRED=2.52562454 wER=0.374102 wMAE=38.3186 wBias=-4.5601 condBias=54.3918 dotDrift=-2.735sigma uMRED=0.2278356023 uER=0.534668 uMAE=135.6094 WCE=1148 bias=-7.3750
[pop04_soft:01000] loss=0.272035 tau=5.25 collapse_w=0.293 mid_frac=0.131 hard=score=11.9112972928 wNMSE=0.54708544 wMSE=11527.4969 wMRED=2.60875985 wER=0.356023 wMAE=34.4584 wBias=7.5030 condBias=59.7409 dotDrift=+4.472sigma uMRED=0.2391046965 uER=0.530029 uMAE=145.7012 WCE=1148 bias=-1.8750
[pop04_soft:01199] loss=0.201329 tau=6.00 collapse_w=0.500 mid_frac=0.131 hard=score=16.0692236914 wNMSE=0.55290525 wMSE=11650.1245 wMRED=2.33688565 wER=0.356023 wMAE=33.6548 wBias=8.8090 condBias=60.2842 dotDrift=+5.223sigma uMRED=0.2386939656 uER=0.530029 uMAE=145.1504 WCE=1148 bias=-15.8750
[pop04_hard:00000] loss=16.151426 tau=6.00 collapse_w=0.500 mid_frac=0.131 hard=score=16.0692236914 wNMSE=0.55290525 wMSE=11650.1245 wMRED=2.33688565 wER=0.356023 wMAE=33.6548 wBias=8.8090 condBias=60.2842 dotDrift=+5.223sigma uMRED=0.2386939656 uER=0.530029 uMAE=145.1504 WCE=1148 bias=-15.8750
[pop04_hard:00200] loss=9.355114 tau=6.00 collapse_w=0.500 mid_frac=0.125 hard=score=9.2816755898 wNMSE=0.58232078 wMSE=12269.9317 wMRED=2.39429288 wER=0.365334 wMAE=34.6419 wBias=6.5042 condBias=62.6666 dotDrift=+3.758sigma uMRED=0.2623809042 uER=0.532227 uMAE=159.7754 WCE=1404 bias=-88.3750
[pop04_hard:00400] loss=14.160023 tau=6.00 collapse_w=0.500 mid_frac=0.101 hard=score=14.0923050189 wNMSE=1.0720861 wMSE=22589.6519 wMRED=2.48701078 wER=0.356023 wMAE=38.9964 wBias=-7.9257 condBias=85.3152 dotDrift=-3.375sigma uMRED=0.2943524698 uER=0.530029 uMAE=171.5254 WCE=1532 bias=-143.8750
[pop04_hard:00599] loss=6.232119 tau=6.00 collapse_w=0.500 mid_frac=0.095 hard=score=6.1706834973 wNMSE=0.98009071 wMSE=20651.2398 wMRED=2.41501991 wER=0.356023 wMAE=36.5202 wBias=-4.7854 condBias=81.1814 dotDrift=-2.131sigma uMRED=0.2765605776 uER=0.530029 uMAE=163.9473 WCE=1532 bias=-119.8750
[pop04] done (conf=0.53, noise=0.5); global best score=0.5833796911 wNMSE=0.33445507 wMSE=7047.2169 wMRED=2.41778598 wER=0.388838 wMAE=29.5963 wBias=-0.2239 condBias=44.3167 dotDrift=-0.171sigma uMRED=0.1480949400 uER=0.530273 uMAE=87.1602 WCE=768 bias=-1.8750
[pop05_soft:00000] loss=109.398972 tau=1.50 collapse_w=0.000 mid_frac=0.381 hard=score=1553.5489774414 wNMSE=11.576477 wMSE=243924.9705 wMRED=30.13370548 wER=0.586887 wMAE=294.1880 wBias=88.7455 condBias=297.1371 dotDrift=+11.500sigma uMRED=0.6403507085 uER=0.578125 uMAE=247.7310 WCE=2640 bias=-26.6250
[pop05_soft:00200] loss=18.169422 tau=2.25 collapse_w=0.000 mid_frac=0.369 hard=score=1664.5467498252 wNMSE=6.4036609 wMSE=134929.8938 wMRED=18.62091133 wER=0.542578 wMAE=170.4262 wBias=-92.2180 condBias=218.9072 dotDrift=-16.067sigma uMRED=0.6380096927 uER=0.573730 uMAE=305.7368 WCE=2776 bias=-211.1250
[pop05_soft:00400] loss=11.964720 tau=3.00 collapse_w=0.000 mid_frac=0.381 hard=score=15.0976149745 wNMSE=2.4524681 wMSE=51675.3267 wMRED=10.46071148 wER=0.542020 wMAE=116.4029 wBias=-7.5575 condBias=92.8581 dotDrift=-2.128sigma uMRED=0.3532170814 uER=0.560547 uMAE=156.4268 WCE=3394 bias=36.8750
[pop05_soft:00600] loss=3.029098 tau=3.75 collapse_w=0.000 mid_frac=0.345 hard=score=4.0890021364 wNMSE=1.368101 wMSE=28826.9059 wMRED=6.66931336 wER=0.541131 wMAE=84.5799 wBias=-3.2148 condBias=66.8843 dotDrift=-1.212sigma uMRED=0.3043884566 uER=0.553223 uMAE=159.3574 WCE=3434 bias=35.7500
[pop05_soft:00800] loss=1.729526 tau=4.50 collapse_w=0.084 mid_frac=0.321 hard=score=5.0006629055 wNMSE=1.2536444 wMSE=26415.2183 wMRED=6.63797903 wER=0.541131 wMAE=84.0473 wBias=-3.9423 condBias=70.3058 dotDrift=-1.552sigma uMRED=0.2924772804 uER=0.553223 uMAE=156.2979 WCE=3248 bias=31.3750
[pop05_soft:01000] loss=1.327324 tau=5.25 collapse_w=0.293 mid_frac=0.286 hard=score=86.8917637556 wNMSE=1.0638624 wMSE=22416.3717 wMRED=5.78231940 wER=0.521557 wMAE=68.7822 wBias=-20.9161 condBias=64.8608 dotDrift=-8.941sigma uMRED=0.2731302372 uER=0.551514 uMAE=153.3447 WCE=3248 bias=27.8750
[pop05_soft:01199] loss=0.596357 tau=6.00 collapse_w=0.500 mid_frac=0.250 hard=score=23.8204940160 wNMSE=0.80768486 wMSE=17018.5204 wMRED=4.05068790 wER=0.356777 wMAE=48.2272 wBias=10.7249 condBias=64.9259 dotDrift=+5.262sigma uMRED=0.2828521639 uER=0.527832 uMAE=147.6670 WCE=3296 bias=25.3750
[pop05_hard:00000] loss=23.888758 tau=6.00 collapse_w=0.500 mid_frac=0.250 hard=score=23.8204940160 wNMSE=0.80768486 wMSE=17018.5204 wMRED=4.05068790 wER=0.356777 wMAE=48.2272 wBias=10.7249 condBias=64.9259 dotDrift=+5.262sigma uMRED=0.2828521639 uER=0.527832 uMAE=147.6670 WCE=3296 bias=25.3750
[pop05_hard:00200] loss=17.863073 tau=6.00 collapse_w=0.500 mid_frac=0.262 hard=score=17.7940814163 wNMSE=0.83237859 wMSE=17538.8356 wMRED=4.05096299 wER=0.356777 wMAE=48.4812 wBias=9.1602 condBias=64.5043 dotDrift=+4.427sigma uMRED=0.2895331282 uER=0.527832 uMAE=159.9404 WCE=3296 bias=-38.6250
[pop05_hard:00400] loss=6.211799 tau=6.00 collapse_w=0.500 mid_frac=0.274 hard=score=6.1324075212 wNMSE=1.089944 wMSE=22965.9310 wMRED=4.15253834 wER=0.344298 wMAE=50.8649 wBias=4.6663 condBias=76.0541 dotDrift=+1.971sigma uMRED=0.3657965671 uER=0.520508 uMAE=210.1914 WCE=3296 bias=-104.1250
[pop05_hard:00599] loss=306.792450 tau=6.00 collapse_w=0.500 mid_frac=0.286 hard=score=306.6117982552 wNMSE=1.4278892 wMSE=30086.6876 wMRED=6.01408757 wER=0.356020 wMAE=65.3645 wBias=-39.5633 condBias=79.5647 dotDrift=-14.598sigma uMRED=0.3773128984 uER=0.524902 uMAE=214.3320 WCE=3296 bias=-123.1250
[pop05] done (conf=0.51, noise=1.0); global best score=0.5833796911 wNMSE=0.33445507 wMSE=7047.2169 wMRED=2.41778598 wER=0.388838 wMAE=29.5963 wBias=-0.2239 condBias=44.3167 dotDrift=-0.171sigma uMRED=0.1480949400 uER=0.530273 uMAE=87.1602 WCE=768 bias=-1.8750
[pop06_soft:00000] loss=51.073975 tau=1.50 collapse_w=0.000 mid_frac=0.405 hard=score=3324.8950244501 wNMSE=22.139555 wMSE=466496.8716 wMRED=37.64302469 wER=0.566924 wMAE=303.1189 wBias=-129.8958 condBias=377.9669 dotDrift=-12.172sigma uMRED=0.7816393661 uER=0.569336 uMAE=293.2109 WCE=2416 bias=-41.7500
[pop06_soft:00200] loss=17.099182 tau=2.25 collapse_w=0.000 mid_frac=0.393 hard=score=2111.4179324044 wNMSE=19.998204 wMSE=421377.0161 wMRED=34.55933210 wER=0.473327 wMAE=296.8881 wBias=-103.2072 condBias=377.9500 dotDrift=-10.175sigma uMRED=0.7476082781 uER=0.556885 uMAE=299.5337 WCE=2400 bias=-81.6875
[pop06_soft:00400] loss=3.070668 tau=3.00 collapse_w=0.000 mid_frac=0.274 hard=score=26.2712658663 wNMSE=0.65302662 wMSE=13759.7562 wMRED=2.94588311 wER=0.406444 wMAE=38.6056 wBias=11.3581 condBias=58.0044 dotDrift=+6.197sigma uMRED=0.2930357678 uER=0.547119 uMAE=181.2432 WCE=3420 bias=24.0000
[pop06_soft:00600] loss=0.228719 tau=3.75 collapse_w=0.000 mid_frac=0.208 hard=score=4.0776055272 wNMSE=0.31446559 wMSE=6626.0238 wMRED=2.39074217 wER=0.375142 wMAE=29.7760 wBias=-4.2098 condBias=48.3611 dotDrift=-3.310sigma uMRED=0.2122266871 uER=0.537354 uMAE=135.5430 WCE=1364 bias=-39.8750
[pop06_soft:00800] loss=0.137440 tau=4.50 collapse_w=0.084 mid_frac=0.220 hard=score=3.3032785909 wNMSE=0.16574905 wMSE=3492.4558 wMRED=1.33768489 wER=0.311339 wMAE=18.8340 wBias=3.9014 condBias=34.3579 dotDrift=+4.225sigma uMRED=0.1603226853 uER=0.511963 uMAE=110.7500 WCE=1056 bias=39.1250
[pop06_soft:01000] loss=0.112961 tau=5.25 collapse_w=0.293 mid_frac=0.196 hard=score=3.0549204826 wNMSE=0.14096031 wMSE=2970.1385 wMRED=1.33161159 wER=0.301671 wMAE=18.3008 wBias=3.7649 condBias=32.3474 dotDrift=+4.421sigma uMRED=0.1380592531 uER=0.507568 uMAE=94.1699 WCE=936 bias=23.7500
[pop06_soft:01199] loss=0.086327 tau=6.00 collapse_w=0.500 mid_frac=0.185 hard=score=1.1508640192 wNMSE=0.21810976 wMSE=4595.7348 wMRED=1.43956256 wER=0.298327 wMAE=20.4773 wBias=1.9230 condBias=39.8535 dotDrift=+1.815sigma uMRED=0.1549215357 uER=0.506104 uMAE=101.6992 WCE=936 bias=16.2500
[pop06_hard:00000] loss=1.204729 tau=6.00 collapse_w=0.500 mid_frac=0.185 hard=score=1.1508640192 wNMSE=0.21810976 wMSE=4595.7348 wMRED=1.43956256 wER=0.298327 wMAE=20.4773 wBias=1.9230 condBias=39.8535 dotDrift=+1.815sigma uMRED=0.1549215357 uER=0.506104 uMAE=101.6992 WCE=936 bias=16.2500
[pop06_hard:00200] loss=0.611984 tau=6.00 collapse_w=0.500 mid_frac=0.173 hard=score=0.5836109019 wNMSE=0.24900539 wMSE=5246.7286 wMRED=1.37657594 wER=0.301671 wMAE=20.9997 wBias=-0.6380 condBias=42.0638 dotDrift=-0.564sigma uMRED=0.1722322675 uER=0.507568 uMAE=115.3574 WCE=1300 bias=-48.7500
[pop06_hard:00400] loss=0.608627 tau=6.00 collapse_w=0.500 mid_frac=0.161 hard=score=0.5836109019 wNMSE=0.24900539 wMSE=5246.7286 wMRED=1.37657594 wER=0.301671 wMAE=20.9997 wBias=-0.6380 condBias=42.0638 dotDrift=-0.564sigma uMRED=0.1722322675 uER=0.507568 uMAE=115.3574 WCE=1300 bias=-48.7500
[pop06_hard:00599] loss=1.706882 tau=6.00 collapse_w=0.500 mid_frac=0.155 hard=score=1.6718661400 wNMSE=0.26012891 wMSE=5481.1096 wMRED=1.60497381 wER=0.313607 wMAE=23.6131 wBias=2.4289 condBias=43.6227 dotDrift=+2.100sigma uMRED=0.1757177731 uER=0.516357 uMAE=115.3457 WCE=1300 bias=-44.7500
[pop06] done (conf=0.53, noise=0.5); global best score=0.5833796911 wNMSE=0.33445507 wMSE=7047.2169 wMRED=2.41778598 wER=0.388838 wMAE=29.5963 wBias=-0.2239 condBias=44.3167 dotDrift=-0.171sigma uMRED=0.1480949400 uER=0.530273 uMAE=87.1602 WCE=768 bias=-1.8750
[pop07_soft:00000] loss=10.204524 tau=1.50 collapse_w=0.000 mid_frac=0.440 hard=score=596.2240074365 wNMSE=42.025759 wMSE=885513.9828 wMRED=57.64410572 wER=0.586887 wMAE=478.9853 wBias=-52.0473 condBias=502.8635 dotDrift=-3.540sigma uMRED=1.1599889356 uER=0.578125 uMAE=430.6562 WCE=3004 bias=40.0000
[pop07_soft:00200] loss=14.182814 tau=2.25 collapse_w=0.000 mid_frac=0.381 hard=score=510.2403389724 wNMSE=4.5428365 wMSE=95720.9420 wMRED=18.27708416 wER=0.578376 wMAE=184.0053 wBias=50.8752 condBias=155.5212 dotDrift=+10.524sigma uMRED=0.4008064310 uER=0.573730 uMAE=169.7837 WCE=1321 bias=17.5000
[pop07_soft:00400] loss=10.651261 tau=3.00 collapse_w=0.000 mid_frac=0.339 hard=score=1733.3544198645 wNMSE=2.936429 wMSE=61872.7426 wMRED=11.49282083 wER=0.517081 wMAE=147.0378 wBias=94.2631 condBias=189.5198 dotDrift=+24.253sigma uMRED=0.3549097971 uER=0.566406 uMAE=181.8867 WCE=1680 bias=118.2500
[pop07_soft:00600] loss=5.827099 tau=3.75 collapse_w=0.000 mid_frac=0.339 hard=score=64.5169414979 wNMSE=0.65666369 wMSE=13836.3920 wMRED=4.12521758 wER=0.457432 wMAE=62.9600 wBias=18.0870 condBias=46.6601 dotDrift=+9.841sigma uMRED=0.2253017825 uER=0.561035 uMAE=140.6211 WCE=1092 bias=85.7500
[pop07_soft:00800] loss=1.806428 tau=4.50 collapse_w=0.084 mid_frac=0.345 hard=score=26.6369933256 wNMSE=0.67006003 wMSE=14118.6629 wMRED=4.14948577 wER=0.456905 wMAE=61.8245 wBias=11.4883 condBias=49.9036 dotDrift=+6.188sigma uMRED=0.2336291137 uER=0.559082 uMAE=135.8320 WCE=1096 bias=7.8750
[pop07_soft:01000] loss=1.557943 tau=5.25 collapse_w=0.293 mid_frac=0.310 hard=score=24.7935015203 wNMSE=0.66250154 wMSE=13959.3999 wMRED=4.14110880 wER=0.456905 wMAE=61.5210 wBias=11.0718 condBias=48.9815 dotDrift=+5.997sigma uMRED=0.2241985605 uER=0.559082 uMAE=130.6543 WCE=1088 bias=-0.1250
[pop07_soft:01199] loss=1.344332 tau=6.00 collapse_w=0.500 mid_frac=0.304 hard=score=24.7935015203 wNMSE=0.66250154 wMSE=13959.3999 wMRED=4.14110880 wER=0.456905 wMAE=61.5210 wBias=11.0718 condBias=48.9815 dotDrift=+5.997sigma uMRED=0.2241985605 uER=0.559082 uMAE=130.6543 WCE=1088 bias=-0.1250
[pop07_hard:00000] loss=24.977421 tau=6.00 collapse_w=0.500 mid_frac=0.304 hard=score=24.7935015203 wNMSE=0.66250154 wMSE=13959.3999 wMRED=4.14110880 wER=0.456905 wMAE=61.5210 wBias=11.0718 condBias=48.9815 dotDrift=+5.997sigma uMRED=0.2241985605 uER=0.559082 uMAE=130.6543 WCE=1088 bias=-0.1250
[pop07_hard:00200] loss=19.234280 tau=6.00 collapse_w=0.500 mid_frac=0.310 hard=score=19.0853522188 wNMSE=0.74130454 wMSE=15619.8376 wMRED=4.14927429 wER=0.456905 wMAE=62.3318 wBias=9.6099 condBias=53.5693 dotDrift=+4.921sigma uMRED=0.2723049587 uER=0.559082 uMAE=165.7168 WCE=1816 bias=-64.1250
[pop07_hard:00400] loss=19.238348 tau=6.00 collapse_w=0.500 mid_frac=0.304 hard=score=19.0853522188 wNMSE=0.74130454 wMSE=15619.8376 wMRED=4.14927429 wER=0.456905 wMAE=62.3318 wBias=9.6099 condBias=53.5693 dotDrift=+4.921sigma uMRED=0.2723049587 uER=0.559082 uMAE=165.7168 WCE=1816 bias=-64.1250
[pop07_hard:00599] loss=69.024582 tau=6.00 collapse_w=0.500 mid_frac=0.315 hard=score=68.9068142369 wNMSE=1.0042518 wMSE=21160.3310 wMRED=3.85893312 wER=0.453890 wMAE=50.4415 wBias=-18.6013 condBias=67.2744 dotDrift=-8.184sigma uMRED=0.3845797601 uER=0.556885 uMAE=250.9023 WCE=2256 bias=-166.1250
[pop07] done (conf=0.51, noise=1.0); global best score=0.5833796911 wNMSE=0.33445507 wMSE=7047.2169 wMRED=2.41778598 wER=0.388838 wMAE=29.5963 wBias=-0.2239 condBias=44.3167 dotDrift=-0.171sigma uMRED=0.1480949400 uER=0.530273 uMAE=87.1602 WCE=768 bias=-1.8750
[pop08_soft:00000] loss=156.684830 tau=1.50 collapse_w=0.000 mid_frac=0.357 hard=score=4387.2919489339 wNMSE=16.387777 wMSE=345302.6432 wMRED=34.28698805 wER=0.586851 wMAE=348.4692 wBias=149.7236 condBias=366.0487 dotDrift=+16.307sigma uMRED=0.7871189289 uER=0.575928 uMAE=313.6875 WCE=2880 bias=20.1875
[pop08_soft:00200] loss=12.484240 tau=2.25 collapse_w=0.000 mid_frac=0.333 hard=score=2272.7846039317 wNMSE=3.9679558 wMSE=83607.7772 wMRED=13.16262690 wER=0.504079 wMAE=110.9249 wBias=-107.9555 condBias=182.0789 dotDrift=-23.895sigma uMRED=0.4544027158 uER=0.568604 uMAE=215.0083 WCE=3009 bias=-197.4375
[pop08_soft:00400] loss=1.109671 tau=3.00 collapse_w=0.000 mid_frac=0.262 hard=score=7.5278281096 wNMSE=0.64572811 wMSE=13605.9713 wMRED=3.15607845 wER=0.400944 wMAE=39.0739 wBias=-5.7628 condBias=56.8606 dotDrift=-3.162sigma uMRED=0.1994456777 uER=0.545410 uMAE=119.5117 WCE=1184 bias=-52.2500
[pop08_soft:00600] loss=0.288309 tau=3.75 collapse_w=0.000 mid_frac=0.220 hard=score=0.6758303845 wNMSE=0.35088467 wMSE=7393.4009 wMRED=2.35081593 wER=0.401171 wMAE=29.7911 wBias=-0.7420 condBias=41.4838 dotDrift=-0.552sigma uMRED=0.1598347137 uER=0.547607 uMAE=103.0059 WCE=820 bias=-30.3750
[pop08_soft:00800] loss=0.197643 tau=4.50 collapse_w=0.084 mid_frac=0.167 hard=score=5.9264608432 wNMSE=0.34923446 wMSE=7358.6297 wMRED=1.85035527 wER=0.315274 wMAE=25.9677 wBias=5.2571 condBias=40.2228 dotDrift=+3.922sigma uMRED=0.1515653885 uER=0.493652 uMAE=99.2227 WCE=768 bias=-18.5000
[pop08_soft:01000] loss=0.156527 tau=5.25 collapse_w=0.293 mid_frac=0.155 hard=score=5.9264608432 wNMSE=0.34923446 wMSE=7358.6297 wMRED=1.85035527 wER=0.315274 wMAE=25.9677 wBias=5.2571 condBias=40.2228 dotDrift=+3.922sigma uMRED=0.1515653885 uER=0.493652 uMAE=99.2227 WCE=768 bias=-18.5000
[pop08_soft:01199] loss=0.122264 tau=6.00 collapse_w=0.500 mid_frac=0.143 hard=score=6.3707160660 wNMSE=0.35129306 wMSE=7402.0059 wMRED=1.85208302 wER=0.314373 wMAE=25.9454 wBias=5.4669 condBias=40.7540 dotDrift=+4.067sigma uMRED=0.1520064632 uER=0.491455 uMAE=99.1445 WCE=784 bias=-17.5000
[pop08_hard:00000] loss=6.447607 tau=6.00 collapse_w=0.500 mid_frac=0.143 hard=score=6.3707160660 wNMSE=0.35129306 wMSE=7402.0059 wMRED=1.85208302 wER=0.314373 wMAE=25.9454 wBias=5.4669 condBias=40.7540 dotDrift=+4.067sigma uMRED=0.1520064632 uER=0.491455 uMAE=99.1445 WCE=784 bias=-17.5000
[pop08_hard:00200] loss=21.353117 tau=6.00 collapse_w=0.500 mid_frac=0.131 hard=score=21.3173407454 wNMSE=0.96045198 wMSE=20237.4371 wMRED=2.07273770 wER=0.315274 wMAE=32.2562 wBias=-10.0157 condBias=86.4963 dotDrift=-4.506sigma uMRED=0.2154156801 uER=0.493652 uMAE=123.6914 WCE=1824 bias=-82.5000
[pop08_hard:00400] loss=6.001297 tau=6.00 collapse_w=0.500 mid_frac=0.125 hard=score=5.9264608432 wNMSE=0.34923446 wMSE=7358.6297 wMRED=1.85035527 wER=0.315274 wMAE=25.9677 wBias=5.2571 condBias=40.2228 dotDrift=+3.922sigma uMRED=0.1515653885 uER=0.493652 uMAE=99.2227 WCE=768 bias=-18.5000
[pop08_hard:00599] loss=6.000430 tau=6.00 collapse_w=0.500 mid_frac=0.125 hard=score=5.9264608432 wNMSE=0.34923446 wMSE=7358.6297 wMRED=1.85035527 wER=0.315274 wMAE=25.9677 wBias=5.2571 condBias=40.2228 dotDrift=+3.922sigma uMRED=0.1515653885 uER=0.493652 uMAE=99.2227 WCE=768 bias=-18.5000
[pop08] done (conf=0.53, noise=0.5); global best score=0.5833796911 wNMSE=0.33445507 wMSE=7047.2169 wMRED=2.41778598 wER=0.388838 wMAE=29.5963 wBias=-0.2239 condBias=44.3167 dotDrift=-0.171sigma uMRED=0.1480949400 uER=0.530273 uMAE=87.1602 WCE=768 bias=-1.8750
[pop09_soft:00000] loss=111.087631 tau=1.50 collapse_w=0.000 mid_frac=0.494 hard=score=1431.4603334603 wNMSE=34.652401 wMSE=730151.8391 wMRED=55.23962359 wER=0.586887 wMAE=504.6011 wBias=83.8648 condBias=506.4733 dotDrift=+6.281sigma uMRED=1.0944013625 uER=0.578125 uMAE=377.5781 WCE=2689 bias=-24.6875
[pop09_soft:00200] loss=24.820580 tau=2.25 collapse_w=0.000 mid_frac=0.411 hard=score=13357.2302208244 wNMSE=32.372935 wMSE=682121.8033 wMRED=41.76062184 wER=0.497115 wMAE=291.2150 wBias=-261.5569 condBias=491.7385 dotDrift=-20.268sigma uMRED=0.9254084417 uER=0.570068 uMAE=358.8486 WCE=2948 bias=-257.3750
[pop09_soft:00400] loss=12.360886 tau=3.00 collapse_w=0.000 mid_frac=0.369 hard=score=190.0378728830 wNMSE=1.2410741 wMSE=26150.3548 wMRED=2.76460427 wER=0.412519 wMAE=45.2996 wBias=-31.0805 condBias=94.3065 dotDrift=-12.301sigma uMRED=0.3608414330 uER=0.566895 uMAE=223.6479 WCE=1924 bias=-201.1875
[pop09_soft:00600] loss=0.951482 tau=3.75 collapse_w=0.000 mid_frac=0.387 hard=score=4.5644919090 wNMSE=0.51272258 wMSE=10803.4459 wMRED=2.37459265 wER=0.389752 wMAE=37.6991 wBias=-4.3502 condBias=51.8356 dotDrift=-2.679sigma uMRED=0.2699096811 uER=0.557373 uMAE=174.9746 WCE=1248 bias=-19.1250
[pop09_soft:00800] loss=0.307947 tau=4.50 collapse_w=0.084 mid_frac=0.310 hard=score=2.2114235951 wNMSE=0.46500282 wMSE=9797.9551 wMRED=2.55519889 wER=0.411827 wMAE=33.4788 wBias=2.6540 condBias=55.3273 dotDrift=+1.716sigma uMRED=0.2399334856 uER=0.556641 uMAE=147.0664 WCE=1264 bias=-36.1250
[pop09_soft:01000] loss=0.208468 tau=5.25 collapse_w=0.293 mid_frac=0.274 hard=score=3.7822360926 wNMSE=0.3460674 wMSE=7291.8973 wMRED=2.42661152 wER=0.407073 wMAE=30.1886 wBias=-4.0101 condBias=47.7748 dotDrift=-3.006sigma uMRED=0.2201363924 uER=0.554443 uMAE=142.6836 WCE=1264 bias=-74.1250
[pop09_soft:01199] loss=0.163433 tau=6.00 collapse_w=0.500 mid_frac=0.274 hard=score=0.6330877992 wNMSE=0.30135568 wMSE=6349.7881 wMRED=2.22214976 wER=0.406173 wMAE=27.9238 wBias=-0.5051 condBias=45.3079 dotDrift=-0.406sigma uMRED=0.1948117214 uER=0.554199 uMAE=127.4688 WCE=1264 bias=-86.1250
[pop09_hard:00000] loss=0.711438 tau=6.00 collapse_w=0.500 mid_frac=0.274 hard=score=0.6330877992 wNMSE=0.30135568 wMSE=6349.7881 wMRED=2.22214976 wER=0.406173 wMAE=27.9238 wBias=-0.5051 condBias=45.3079 dotDrift=-0.406sigma uMRED=0.1948117214 uER=0.554199 uMAE=127.4688 WCE=1264 bias=-86.1250
[pop09_hard:00200] loss=0.665661 tau=6.00 collapse_w=0.500 mid_frac=0.274 hard=score=0.5900938514 wNMSE=0.29903153 wMSE=6300.8165 wMRED=2.22246904 wER=0.406173 wMAE=27.8282 wBias=-0.1934 condBias=45.5142 dotDrift=-0.156sigma uMRED=0.1948009570 uER=0.554199 uMAE=121.6562 WCE=1264 bias=-70.1250
[pop09_hard:00400] loss=0.664682 tau=6.00 collapse_w=0.500 mid_frac=0.274 hard=score=0.5900938514 wNMSE=0.29903153 wMSE=6300.8165 wMRED=2.22246904 wER=0.406173 wMAE=27.8282 wBias=-0.1934 condBias=45.5142 dotDrift=-0.156sigma uMRED=0.1948009570 uER=0.554199 uMAE=121.6562 WCE=1264 bias=-70.1250
[pop09_hard:00575] loss=0.644730 tau=6.00 collapse_w=0.500 mid_frac=0.268 hard=score=0.5703886122 wNMSE=0.30072982 wMSE=6336.6008 wMRED=2.21600507 wER=0.406201 wMAE=28.0910 wBias=0.1844 condBias=43.1236 dotDrift=+0.148sigma uMRED=0.1876567142 uER=0.554932 uMAE=133.8457 WCE=1264 bias=-70.1250 *BEST*
[pop09_hard:00599] loss=0.707752 tau=6.00 collapse_w=0.500 mid_frac=0.262 hard=score=11.8920258022 wNMSE=0.48020933 wMSE=10118.3674 wMRED=2.30471460 wER=0.406201 wMAE=31.2229 wBias=7.5067 condBias=51.4036 dotDrift=+4.776sigma uMRED=0.2202869180 uER=0.554932 uMAE=148.8945 WCE=3268 bias=-39.1250
[pop09] done (conf=0.51, noise=1.0); global best score=0.5703886122 wNMSE=0.30072982 wMSE=6336.6008 wMRED=2.21600507 wER=0.406201 wMAE=28.0910 wBias=0.1844 condBias=43.1236 dotDrift=+0.148sigma uMRED=0.1876567142 uER=0.554932 uMAE=133.8457 WCE=1264 bias=-70.1250
[pop10_soft:00000] loss=316.362183 tau=1.50 collapse_w=0.000 mid_frac=0.286 hard=score=29724.7139376469 wNMSE=119.64457 wMSE=2521000.0557 wMRED=98.13847993 wER=0.586841 wMAE=908.4103 wBias=389.7193 condBias=913.5114 dotDrift=+15.709sigma uMRED=1.3742848695 uER=0.575928 uMAE=336.9067 WCE=4023 bias=-16.8125
[pop10_soft:00200] loss=47.682686 tau=2.25 collapse_w=0.000 mid_frac=0.238 hard=score=20062.7273261101 wNMSE=42.44064 wMSE=894255.8322 wMRED=49.54852269 wER=0.430242 wMAE=333.8317 wBias=-320.6442 condBias=593.4340 dotDrift=-21.701sigma uMRED=1.1156798690 uER=0.564697 uMAE=427.0444 WCE=3336 bias=-419.4375
[pop10_soft:00400] loss=20.971130 tau=3.00 collapse_w=0.000 mid_frac=0.250 hard=score=503.1562867615 wNMSE=0.72132491 wMSE=15198.8520 wMRED=5.65923487 wER=0.410887 wMAE=56.7963 wBias=-50.8156 condBias=72.0538 dotDrift=-26.380sigma uMRED=0.2809340110 uER=0.549316 uMAE=157.4795 WCE=1410 bias=-144.6250
[pop10_soft:00600] loss=1.145770 tau=3.75 collapse_w=0.000 mid_frac=0.232 hard=score=62.5803084734 wNMSE=0.4856461 wMSE=10232.9243 wMRED=3.78050675 wER=0.403807 wMAE=44.4543 wBias=-17.8206 condBias=47.8668 dotDrift=-11.275sigma uMRED=0.1941606215 uER=0.537598 uMAE=110.3486 WCE=1054 bias=-24.3750
[pop10_soft:00800] loss=0.145835 tau=4.50 collapse_w=0.084 mid_frac=0.226 hard=score=9.8301035467 wNMSE=0.20305829 wMSE=4278.5891 wMRED=1.51442689 wER=0.321142 wMAE=19.7092 wBias=-6.9682 condBias=35.6084 dotDrift=-6.818sigma uMRED=0.1455246014 uER=0.495605 uMAE=86.6797 WCE=1008 bias=-60.1250
[pop10_soft:01000] loss=0.121138 tau=5.25 collapse_w=0.293 mid_frac=0.196 hard=score=16.0252180459 wNMSE=0.21928087 wMSE=4620.4108 wMRED=1.55427057 wER=0.321100 wMAE=20.4117 wBias=-8.9584 condBias=36.1622 dotDrift=-8.435sigma uMRED=0.1465541184 uER=0.494873 uMAE=91.6445 WCE=1120 bias=-47.6250
[pop10_soft:01199] loss=0.094873 tau=6.00 collapse_w=0.500 mid_frac=0.185 hard=score=9.3648309790 wNMSE=0.25440309 wMSE=5360.4622 wMRED=1.38941984 wER=0.280292 wMAE=20.3555 wBias=-6.7638 condBias=39.2294 dotDrift=-5.912sigma uMRED=0.1699639107 uER=0.481934 uMAE=107.2773 WCE=1008 bias=-74.6250
[pop10_hard:00000] loss=9.409951 tau=6.00 collapse_w=0.500 mid_frac=0.185 hard=score=9.3648309790 wNMSE=0.25440309 wMSE=5360.4622 wMRED=1.38941984 wER=0.280292 wMAE=20.3555 wBias=-6.7638 condBias=39.2294 dotDrift=-5.912sigma uMRED=0.1699639107 uER=0.481934 uMAE=107.2773 WCE=1008 bias=-74.6250
[pop10_hard:00200] loss=9.405989 tau=6.00 collapse_w=0.500 mid_frac=0.185 hard=score=9.3648309790 wNMSE=0.25440309 wMSE=5360.4622 wMRED=1.38941984 wER=0.280292 wMAE=20.3555 wBias=-6.7638 condBias=39.2294 dotDrift=-5.912sigma uMRED=0.1699639107 uER=0.481934 uMAE=107.2773 WCE=1008 bias=-74.6250
[pop10_hard:00400] loss=1.930143 tau=6.00 collapse_w=0.500 mid_frac=0.167 hard=score=1.9008608545 wNMSE=0.27467745 wMSE=5787.6581 wMRED=1.41822347 wER=0.278270 wMAE=21.2725 wBias=-2.6695 condBias=40.7765 dotDrift=-2.246sigma uMRED=0.1796951695 uER=0.480469 uMAE=112.3945 WCE=1248 bias=-7.6250
[pop10_hard:00599] loss=10.590778 tau=6.00 collapse_w=0.500 mid_frac=0.155 hard=score=1.9008608545 wNMSE=0.27467745 wMSE=5787.6581 wMRED=1.41822347 wER=0.278270 wMAE=21.2725 wBias=-2.6695 condBias=40.7765 dotDrift=-2.246sigma uMRED=0.1796951695 uER=0.480469 uMAE=112.3945 WCE=1248 bias=-7.6250
[pop10] done (conf=0.53, noise=0.5); global best score=0.5703886122 wNMSE=0.30072982 wMSE=6336.6008 wMRED=2.21600507 wER=0.406201 wMAE=28.0910 wBias=0.1844 condBias=43.1236 dotDrift=+0.148sigma uMRED=0.1876567142 uER=0.554932 uMAE=133.8457 WCE=1264 bias=-70.1250
[pop11_soft:00000] loss=249.039383 tau=1.50 collapse_w=0.000 mid_frac=0.405 hard=score=8952.4821528886 wNMSE=62.793052 wMSE=1323096.2724 wMRED=70.24302945 wER=0.586887 wMAE=654.8384 wBias=213.3297 condBias=657.2852 dotDrift=+11.870sigma uMRED=1.3285543841 uER=0.578125 uMAE=441.7246 WCE=3025 bias=104.4375
[pop11_soft:00200] loss=74.903839 tau=2.25 collapse_w=0.000 mid_frac=0.351 hard=score=161.6404629954 wNMSE=65.657026 wMSE=1383442.3456 wMRED=76.36188106 wER=0.586722 wMAE=653.6602 wBias=15.8356 condBias=674.8569 dotDrift=+0.862sigma uMRED=1.3005131067 uER=0.573730 uMAE=404.8398 WCE=3341 bias=-257.2500
[pop11_soft:00400] loss=39.489651 tau=3.00 collapse_w=0.000 mid_frac=0.345 hard=score=2042.2433868205 wNMSE=53.955999 wMSE=1136892.9959 wMRED=64.11399219 wER=0.551653 wMAE=569.1665 wBias=100.2744 condBias=573.8454 dotDrift=+6.019sigma uMRED=1.0855220983 uER=0.570801 uMAE=335.1719 WCE=2732 bias=-184.2500
[pop11_soft:00600] loss=5.495784 tau=3.75 collapse_w=0.000 mid_frac=0.363 hard=score=48.5218081579 wNMSE=0.71366528 wMSE=15037.4579 wMRED=4.11104141 wER=0.546598 wMAE=49.3523 wBias=-15.5848 condBias=66.8963 dotDrift=-8.134sigma uMRED=0.3107308072 uER=0.566406 uMAE=196.5234 WCE=2136 bias=11.8750
[pop11_soft:00800] loss=2.000891 tau=4.50 collapse_w=0.084 mid_frac=0.333 hard=score=14.0800544736 wNMSE=0.41596298 wMSE=8764.6491 wMRED=2.95811653 wER=0.563953 wMAE=39.4775 wBias=8.2656 condBias=51.0387 dotDrift=+5.651sigma uMRED=0.2223045513 uER=0.562012 uMAE=135.9678 WCE=1588 bias=16.5000
[pop11_soft:01000] loss=1.587569 tau=5.25 collapse_w=0.293 mid_frac=0.292 hard=score=27.1519606655 wNMSE=0.38130299 wMSE=8034.3374 wMRED=2.25561272 wER=0.564319 wMAE=36.2065 wBias=11.6568 condBias=50.1921 dotDrift=+8.323sigma uMRED=0.2047136911 uER=0.562500 uMAE=129.9951 WCE=1588 bias=32.5000
[pop11_soft:01199] loss=1.370988 tau=6.00 collapse_w=0.500 mid_frac=0.286 hard=score=27.1519606655 wNMSE=0.38130299 wMSE=8034.3374 wMRED=2.25561272 wER=0.564319 wMAE=36.2065 wBias=11.6568 condBias=50.1921 dotDrift=+8.323sigma uMRED=0.2047136911 uER=0.562500 uMAE=129.9951 WCE=1588 bias=32.5000
[pop11_hard:00000] loss=27.219482 tau=6.00 collapse_w=0.500 mid_frac=0.286 hard=score=27.1519606655 wNMSE=0.38130299 wMSE=8034.3374 wMRED=2.25561272 wER=0.564319 wMAE=36.2065 wBias=11.6568 condBias=50.1921 dotDrift=+8.323sigma uMRED=0.2047136911 uER=0.562500 uMAE=129.9951 WCE=1588 bias=32.5000
[pop11_hard:00200] loss=11.660556 tau=6.00 collapse_w=0.500 mid_frac=0.304 hard=score=11.5609408766 wNMSE=0.33482062 wMSE=7054.9193 wMRED=2.20146949 wER=0.564318 wMAE=35.4604 wBias=7.4993 condBias=46.1724 dotDrift=+5.714sigma uMRED=0.1837697164 uER=0.562500 uMAE=115.1895 WCE=950 bias=-52.5000
[pop11_hard:00400] loss=2.064965 tau=6.00 collapse_w=0.500 mid_frac=0.310 hard=score=2.0226546213 wNMSE=0.71072682 wMSE=14975.5424 wMRED=2.26506929 wER=0.564308 wMAE=39.5505 wBias=1.8175 condBias=69.2709 dotDrift=+0.951sigma uMRED=0.3186421696 uER=0.562012 uMAE=200.9629 WCE=2456 bias=-172.6250
[pop11_hard:00599] loss=2.356170 tau=6.00 collapse_w=0.500 mid_frac=0.315 hard=score=1.4601596447 wNMSE=0.72495452 wMSE=15275.3306 wMRED=2.40122940 wER=0.564277 wMAE=40.9283 wBias=-0.4851 condBias=69.8454 dotDrift=-0.251sigma uMRED=0.3232687349 uER=0.560547 uMAE=202.8027 WCE=2456 bias=-174.8750
[pop11] done (conf=0.51, noise=1.0); global best score=0.5703886122 wNMSE=0.30072982 wMSE=6336.6008 wMRED=2.21600507 wER=0.406201 wMAE=28.0910 wBias=0.1844 condBias=43.1236 dotDrift=+0.148sigma uMRED=0.1876567142 uER=0.554932 uMAE=133.8457 WCE=1264 bias=-70.1250
[best] stage=pop09_hard score=0.5703886122 wNMSE=0.30072982 wMSE=6336.6008 wMRED=2.21600507 wER=0.406201 wMAE=28.0910 wBias=0.1844 condBias=43.1236 dotDrift=+0.148sigma uMRED=0.1876567142 uER=0.554932 uMAE=133.8457 WCE=1264 bias=-70.1250
[best-json] /home/xuanqi/tony/work/FPGA/signed8x8_approx/signed8x8_2026_8_22/runs_module_groups/G5_down/default_split/rand300/best_signed88_inits.json
[best-rtl] /home/xuanqi/tony/work/FPGA/signed8x8_approx/signed8x8_2026_8_22/runs_module_groups/G5_down/default_split/rand300/best_rtl
[design] default_split search_bits=168
[start] score=0.5703886122 wNMSE=0.30072982 wMSE=6336.6008 wMRED=2.21600507 wER=0.406201 wMAE=28.0910 wBias=0.1844 condBias=43.1236 dotDrift=+0.148sigma uMRED=0.1876567142 uER=0.554932 uMAE=133.8457 WCE=1264 bias=-70.1250
[single] ACCEPT ['hi_lut45:47'] 0.5703886122->0.5425200351 wNMSE=0.26659222 wBias=+0.57556
[single] ACCEPT ['mid_lut23:59'] 0.5425200351->0.4741829352 wNMSE=0.26391112 wBias=-0.11027
[single] ACCEPT ['hi_lut45:15'] 0.4741829352->0.4564366821 wNMSE=0.25393114 wBias=+0.08532
[single] ACCEPT ['lo_lut23:27'] 0.4564366821->0.4539754143 wNMSE=0.25346881 wBias=-0.00003
[single] ACCEPT ['mid_lut45:51'] 0.4539754143->0.4528292705 wNMSE=0.25146762 wBias=+0.07790
[single] ACCEPT ['lo_lut01:59'] 0.4528292705->0.4512704139 wNMSE=0.25130074 wBias=-0.01856
[single] ACCEPT ['lo_lut67:47'] 0.4512704139->0.4501523584 wNMSE=0.25082618 wBias=+0.06375
[single] ACCEPT ['lo_lut01:31'] 0.4501523584->0.4491418103 wNMSE=0.25071634 wBias=+0.00786
[single] ACCEPT ['lo_lut23:15'] 0.4491418103->0.4486844944 wNMSE=0.25031567 wBias=+0.04917
[single] ACCEPT ['lo_lut01:23'] 0.4486844944->0.4481825626 wNMSE=0.25030904 wBias=-0.00665
[single] ACCEPT ['lo_lut23:47'] 0.4481825626->0.4475364917 wNMSE=0.24955477 wBias=+0.07597
[single] ACCEPT ['mid_lut45:23'] 0.4475364917->0.4462651573 wNMSE=0.24787581 wBias=-0.01021
[single] ACCEPT ['lo_lut67:23'] 0.4462651573->0.4457095784 wNMSE=0.24752246 wBias=+0.07571
[single] ACCEPT ['lo_lut01:55'] 0.4457095784->0.4447789258 wNMSE=0.24752229 wBias=-0.03593
[single] ACCEPT ['mid_lut45:15'] 0.4447789258->0.4439066512 wNMSE=0.2474931 wBias=+0.00554
[single] ACCEPT ['mid_lut45:19'] 0.4439066512->0.4436653356 wNMSE=0.24684927 wBias=+0.04450
[single] ACCEPT ['lo_lut67:51'] 0.4436653356->0.4435910222 wNMSE=0.24705285 wBias=-0.03375
[single] ACCEPT ['lo_lut45:23'] 0.4435910222->0.4431068984 wNMSE=0.24704514 wBias=-0.01227
[single] ACCEPT ['lo_lut45:51'] 0.4431068984->0.4429307261 wNMSE=0.24690511 wBias=+0.00729
[single] ACCEPT ['lo_lut45:15'] 0.4429307261->0.4429027253 wNMSE=0.24693076 wBias=+0.01758
[single] round=21 no improvement
[pair] ACCEPT ['hi_lut45:39', 'lo_lut67:31'] 0.4429027253->0.2647772965 wNMSE=0.13609196 wBias=-0.40166
[pair] ACCEPT ['hi_lut45:27', 'hi_lut23:27'] 0.2647772965->0.1707502965 wNMSE=0.09451341 wBias=-0.02598
[pair] ACCEPT ['hi_lut45:55', 'mid_lut67:55'] 0.1707502965->0.1262831717 wNMSE=0.064063373 wBias=+0.08598
[pair] ACCEPT ['mid_lut23:31', 'hi_lut23:15'] 0.1262831717->0.1115551433 wNMSE=0.055332163 wBias=+0.02346
[basin] ACCEPT ['lo_lut23:63', 'lo_lut01:19'] 0.1115551433->0.1084911448 wNMSE=0.054410867 wBias=-0.03469
[basin] ACCEPT ['lo_lut23:19', 'mid_lut01:31'] 0.1084911448->0.1070947056 wNMSE=0.052887731 wBias=+0.07464
[basin] ACCEPT ['lo_lut23:47', 'lo_lut23:31', 'lo_lut45:15'] 0.1070947056->0.1065764454 wNMSE=0.053294656 wBias=+0.02458
[basin] ACCEPT ['lo_lut45:11', 'mid_lut45:51', 'lo_lut45:47'] 0.1065764454->0.1064866999 wNMSE=0.053113481 wBias=-0.00875
[final] score=0.1064866999 wNMSE=0.053113481 wMSE=1119.1405 wMRED=1.17510257 wER=0.455670 wMAE=14.6958 wBias=-0.0087 condBias=12.5085 dotDrift=-0.017sigma uMRED=0.0797392707 uER=0.555420 uMAE=65.0044 WCE=480 bias=-12.5625
[json] /home/xuanqi/tony/work/FPGA/signed8x8_approx/signed8x8_2026_8_22/runs_module_groups/G5_down/default_split/rand300/refined/best_signed88_inits.json
