[design] balanced_split quad4 entries=112
[device] cuda
[initial] score=170.1284259849 wNMSE=1.1875063 wMSE=62117.8486 wMRED=8.51114235 wER=0.436800 wMAE=125.9858 wBias=46.3136 condBias=132.7410 dotDrift=+11.893sigma uMRED=0.2381500871 uER=0.434570 uMAE=89.7988 WCE=697 bias=-7.3125
[quad_warmup_bit:00000] loss=3.961373 tau=1.50 collapse_w=0.000 mid_frac=0.473 hard=score=157.0613542277 wNMSE=1.1755777 wMSE=61493.8677 wMRED=8.41516461 wER=0.436800 wMAE=124.7785 wBias=44.4787 condBias=130.4722 dotDrift=+11.479sigma uMRED=0.2365349030 uER=0.434570 uMAE=89.5449 WCE=681 bias=-7.8125 *BEST*
[quad_warmup_bit:00025] loss=3.089317 tau=1.50 collapse_w=0.000 mid_frac=0.464 hard=score=137.4629017135 wNMSE=1.1758455 wMSE=61507.8776 wMRED=8.42351399 wER=0.436800 wMAE=125.4244 wBias=41.5661 condBias=130.6226 dotDrift=+10.726sigma uMRED=0.2394873747 uER=0.434570 uMAE=91.6699 WCE=681 bias=-14.0625 *BEST*
[quad_warmup_bit:00050] loss=2.319737 tau=1.50 collapse_w=0.000 mid_frac=0.455 hard=score=83.0479498573 wNMSE=1.1102823 wMSE=58078.2990 wMRED=8.29028828 wER=0.437029 wMAE=119.4682 wBias=32.1745 condBias=125.8302 dotDrift=+8.544sigma uMRED=0.2211638103 uER=0.436523 uMAE=83.0645 WCE=681 bias=-33.0000 *BEST*
[quad_warmup_bit:00075] loss=1.665336 tau=1.50 collapse_w=0.000 mid_frac=0.446 hard=score=66.0862118177 wNMSE=1.1755061 wMSE=61490.1224 wMRED=8.34672465 wER=0.437075 wMAE=122.8670 wBias=28.5911 condBias=129.8585 dotDrift=+7.379sigma uMRED=0.2346075744 uER=0.437500 uMAE=91.1387 WCE=768 bias=-41.1875 *BEST*
[quad_warmup_bit:00100] loss=1.134226 tau=1.50 collapse_w=0.000 mid_frac=0.446 hard=score=36.9605585472 wNMSE=2.1038241 wMSE=110049.9645 wMRED=12.56533243 wER=0.437075 wMAE=171.9149 wBias=-20.7013 condBias=177.9621 dotDrift=-3.994sigma uMRED=0.3168816188 uER=0.437500 uMAE=106.9902 WCE=892 bias=-59.1875 *BEST*
[quad_warmup_bit:00200] loss=0.258243 tau=1.50 collapse_w=0.000 mid_frac=0.446 hard=score=727.9055677771 wNMSE=1.2214971 wMSE=63895.8881 wMRED=7.48383652 wER=0.379627 wMAE=101.7520 wBias=-96.2615 condBias=172.4169 dotDrift=-24.372sigma uMRED=0.2316425491 uER=0.425781 uMAE=95.1953 WCE=892 bias=-89.2500
[quad_warmup_bit:00400] loss=0.224789 tau=1.50 collapse_w=0.000 mid_frac=0.473 hard=score=745.2646982794 wNMSE=1.2187309 wMSE=63751.1929 wMRED=7.42547060 wER=0.355708 wMAE=100.5478 wBias=-97.4057 condBias=174.8786 dotDrift=-24.690sigma uMRED=0.2312200077 uER=0.421875 uMAE=95.3594 WCE=892 bias=-89.7500
[quad_warmup_bit:00600] loss=0.206331 tau=1.50 collapse_w=0.000 mid_frac=0.438 hard=score=724.6672199890 wNMSE=1.1940762 wMSE=62461.5199 wMRED=7.33470737 wER=0.304739 wMAE=99.3374 wBias=-96.0490 condBias=172.6537 dotDrift=-24.596sigma uMRED=0.2285662980 uER=0.407227 uMAE=94.1719 WCE=888 bias=-88.3750
[quad_warmup_bit:00800] loss=0.190782 tau=1.50 collapse_w=0.000 mid_frac=0.429 hard=score=722.2879042935 wNMSE=1.2017128 wMSE=62860.9817 wMRED=7.33604774 wER=0.284104 wMAE=99.1783 wBias=-95.8899 condBias=172.4022 dotDrift=-24.477sigma uMRED=0.2280107360 uER=0.388672 uMAE=93.6719 WCE=896 bias=-87.8750
[quad_warmup_bit:01000] loss=0.175563 tau=1.50 collapse_w=0.000 mid_frac=0.393 hard=score=727.7034540140 wNMSE=1.151578 wMSE=60238.4558 wMRED=7.12920342 wER=0.278423 wMAE=96.2570 wBias=-96.2570 condBias=170.6928 dotDrift=-25.100sigma uMRED=0.2222667235 uER=0.382812 uMAE=90.3750 WCE=864 bias=-90.3750
[quad_warmup_bit:01200] loss=0.162664 tau=1.50 collapse_w=0.000 mid_frac=0.402 hard=score=700.7211113865 wNMSE=1.133543 wMSE=59295.0578 wMRED=7.00921097 wER=0.278038 wMAE=94.4673 wBias=-94.4523 condBias=169.0289 dotDrift=-24.825sigma uMRED=0.2187909819 uER=0.374023 uMAE=88.6562 WCE=848 bias=-88.3750
[quad_warmup_bit:01400] loss=0.151824 tau=1.50 collapse_w=0.000 mid_frac=0.384 hard=score=665.5947225362 wNMSE=1.0989064 wMSE=57483.2324 wMRED=6.88878728 wER=0.278038 wMAE=92.0663 wBias=-92.0513 condBias=166.2603 dotDrift=-24.572sigma uMRED=0.2109815874 uER=0.374023 uMAE=84.1562 WCE=832 bias=-83.8750
[quad_warmup_bit:01600] loss=0.141355 tau=1.50 collapse_w=0.000 mid_frac=0.366 hard=score=68.0610363548 wNMSE=0.16941526 wMSE=8862.0260 wMRED=1.75217285 wER=0.235792 wMAE=30.0238 wBias=-29.4069 condBias=57.8194 dotDrift=-19.992sigma uMRED=0.1017031364 uER=0.342773 uMAE=57.1875 WCE=660 bias=-54.3750
[quad_warmup_bit:01725] loss=0.134254 tau=1.50 collapse_w=0.000 mid_frac=0.348 hard=score=36.5533853984 wNMSE=0.11600811 wMSE=6068.3253 wMRED=1.18878617 wER=0.218669 wMAE=21.9424 wBias=-21.5342 condBias=41.9796 dotDrift=-17.692sigma uMRED=0.0848270778 uER=0.319336 uMAE=50.9688 WCE=640 bias=-50.5000 *BEST*
[quad_warmup_bit:01750] loss=0.132862 tau=1.50 collapse_w=0.000 mid_frac=0.348 hard=score=35.8147805630 wNMSE=0.11563965 wMSE=6049.0513 wMRED=1.18607925 wER=0.216216 wMAE=21.7226 wBias=-21.3144 condBias=41.5375 dotDrift=-17.539sigma uMRED=0.0822413485 uER=0.299805 uMAE=48.9688 WCE=640 bias=-48.5000 *BEST*
[quad_warmup_bit:01800] loss=0.130119 tau=1.50 collapse_w=0.000 mid_frac=0.348 hard=score=35.8147805630 wNMSE=0.11563965 wMSE=6049.0513 wMRED=1.18607925 wER=0.216216 wMAE=21.7226 wBias=-21.3144 condBias=41.5375 dotDrift=-17.539sigma uMRED=0.0822413485 uER=0.299805 uMAE=48.9688 WCE=640 bias=-48.5000
[quad_warmup_bit:01875] loss=0.126107 tau=1.50 collapse_w=0.000 mid_frac=0.330 hard=score=25.2940792175 wNMSE=0.062023708 wMSE=3244.4286 wMRED=1.12493266 wER=0.216216 wMAE=18.3269 wBias=-17.9188 condBias=34.7510 dotDrift=-20.133sigma uMRED=0.0688397259 uER=0.299805 uMAE=40.9688 WCE=640 bias=-40.5000 *BEST*
[quad_warmup_bit:01950] loss=0.122364 tau=1.50 collapse_w=0.000 mid_frac=0.304 hard=score=2.6062362875 wNMSE=0.041498771 wMSE=2170.7796 wMRED=0.23391025 wER=0.166230 wMAE=9.9390 wBias=-5.6498 condBias=25.2962 dotDrift=-7.761sigma uMRED=0.0545693409 uER=0.288086 uMAE=39.0469 WCE=640 bias=-36.5000 *BEST*
[quad_warmup_bit:02000] loss=0.120029 tau=1.50 collapse_w=0.000 mid_frac=0.295 hard=score=2.5233403527 wNMSE=0.04134603 wMSE=2162.7898 wMRED=0.23314059 wER=0.165351 wMAE=9.8448 wBias=-5.5555 condBias=25.2441 dotDrift=-7.645sigma uMRED=0.0525331333 uER=0.268555 uMAE=37.0469 WCE=640 bias=-34.5000 *BEST*
[quad_warmup_bit:02200] loss=0.111353 tau=1.50 collapse_w=0.000 mid_frac=0.304 hard=score=2.8469409505 wNMSE=0.041130292 wMSE=2151.5046 wMRED=0.22527227 wER=0.167267 wMAE=9.6628 wBias=-5.9159 condBias=25.2026 dotDrift=-8.163sigma uMRED=0.0526843343 uER=0.271484 uMAE=37.2969 WCE=640 bias=-35.0000
[quad_warmup_bit:02400] loss=0.103091 tau=1.50 collapse_w=0.000 mid_frac=0.277 hard=score=2.8469409505 wNMSE=0.041130292 wMSE=2151.5046 wMRED=0.22527227 wER=0.167267 wMAE=9.6628 wBias=-5.9159 condBias=25.2026 dotDrift=-8.163sigma uMRED=0.0526843343 uER=0.271484 uMAE=37.2969 WCE=640 bias=-35.0000
[quad_warmup_bit:02450] loss=0.101123 tau=1.50 collapse_w=0.000 mid_frac=0.286 hard=score=2.2850768747 wNMSE=0.038215829 wMSE=1999.0506 wMRED=0.20871897 wER=0.167267 wMAE=9.0275 wBias=-5.2806 condBias=24.3452 dotDrift=-7.559sigma uMRED=0.0509415281 uER=0.271484 uMAE=36.2969 WCE=640 bias=-34.0000 *BEST*
[quad_warmup_bit:02525] loss=0.098314 tau=1.50 collapse_w=0.000 mid_frac=0.268 hard=score=1.6292362021 wNMSE=0.022621669 wMSE=1183.3280 wMRED=0.17591304 wER=0.156449 wMAE=7.2126 wBias=-4.4845 condBias=17.8056 dotDrift=-8.343sigma uMRED=0.0319441205 uER=0.255859 uMAE=21.7344 WCE=308 bias=-19.0000 *BEST*
[quad_warmup_bit:02600] loss=0.095684 tau=1.50 collapse_w=0.000 mid_frac=0.268 hard=score=5.0133535975 wNMSE=0.074395015 wMSE=3891.5653 wMRED=0.23705962 wER=0.156449 wMAE=10.6083 wBias=-7.8801 condBias=31.7564 dotDrift=-8.084sigma uMRED=0.0453457432 uER=0.255859 uMAE=29.7344 WCE=564 bias=-27.0000
[quad_warmup_bit:02800] loss=0.089464 tau=1.50 collapse_w=0.000 mid_frac=0.232 hard=score=5.1419569712 wNMSE=0.075179346 wMSE=3932.5933 wMRED=0.23807970 wER=0.156449 wMAE=10.7108 wBias=-7.9827 condBias=31.9196 dotDrift=-8.147sigma uMRED=0.0476417238 uER=0.255859 uMAE=31.7344 WCE=564 bias=-29.0000
[quad_warmup_bit:03000] loss=0.084215 tau=1.50 collapse_w=0.000 mid_frac=0.214 hard=score=4.6863521169 wNMSE=0.07437689 wMSE=3890.6172 wMRED=0.23505461 wER=0.154790 wMAE=10.3828 wBias=-7.6102 condBias=31.7879 dotDrift=-7.808sigma uMRED=0.0440532860 uER=0.240234 uMAE=28.3594 WCE=564 bias=-25.0000
[quad_warmup_bit:03200] loss=0.079852 tau=1.50 collapse_w=0.000 mid_frac=0.196 hard=score=4.6863521169 wNMSE=0.07437689 wMSE=3890.6172 wMRED=0.23505461 wER=0.154790 wMAE=10.3828 wBias=-7.6102 condBias=31.7879 dotDrift=-7.808sigma uMRED=0.0440532860 uER=0.240234 uMAE=28.3594 WCE=564 bias=-25.0000
[quad_warmup_bit:03275] loss=0.078344 tau=1.50 collapse_w=0.000 mid_frac=0.188 hard=score=0.0747688650 wNMSE=0.0040666296 wMSE=212.7233 wMRED=0.11276144 wER=0.148674 wMAE=3.5915 wBias=-0.8189 condBias=8.0363 dotDrift=-3.593sigma uMRED=0.0172500408 uER=0.220703 uMAE=12.3594 WCE=256 bias=-9.0000 *BEST*
[quad_warmup_bit:03325] loss=0.077341 tau=1.50 collapse_w=0.000 mid_frac=0.170 hard=score=0.0221331895 wNMSE=0.0024342812 wMSE=127.3360 wMRED=0.10951956 wER=0.147924 wMAE=3.2580 wBias=-0.4088 condBias=6.5839 dotDrift=-2.319sigma uMRED=0.0096701918 uER=0.205078 uMAE=5.6875 WCE=80 bias=-1.0000 *BEST*
[quad_warmup_bit:03400] loss=0.075795 tau=1.50 collapse_w=0.000 mid_frac=0.161 hard=score=0.0869530289 wNMSE=0.0018860519 wMSE=98.6584 wMRED=0.10658175 wER=0.155544 wMAE=3.1512 wBias=-1.0032 condBias=5.8362 dotDrift=-6.464sigma uMRED=0.0090252157 uER=0.212891 uMAE=5.1875 WCE=80 bias=-2.0000
[quad_warmup_bit:03600] loss=0.071081 tau=1.50 collapse_w=0.000 mid_frac=0.134 hard=score=0.0869530289 wNMSE=0.0018860519 wMSE=98.6584 wMRED=0.10658175 wER=0.155544 wMAE=3.1512 wBias=-1.0032 condBias=5.8362 dotDrift=-6.464sigma uMRED=0.0090252157 uER=0.212891 uMAE=5.1875 WCE=80 bias=-2.0000
[quad_warmup_bit:03800] loss=0.067193 tau=1.50 collapse_w=0.000 mid_frac=0.116 hard=score=0.0869530289 wNMSE=0.0018860519 wMSE=98.6584 wMRED=0.10658175 wER=0.155544 wMAE=3.1512 wBias=-1.0032 condBias=5.8362 dotDrift=-6.464sigma uMRED=0.0090252157 uER=0.212891 uMAE=5.1875 WCE=80 bias=-2.0000
[quad_warmup_bit:04000] loss=0.064946 tau=1.50 collapse_w=0.000 mid_frac=0.107 hard=score=0.0869530289 wNMSE=0.0018860519 wMSE=98.6584 wMRED=0.10658175 wER=0.155544 wMAE=3.1512 wBias=-1.0032 condBias=5.8362 dotDrift=-6.464sigma uMRED=0.0090252157 uER=0.212891 uMAE=5.1875 WCE=80 bias=-2.0000
[quad_warmup_bit:04200] loss=0.063443 tau=1.50 collapse_w=0.000 mid_frac=0.107 hard=score=0.0869530289 wNMSE=0.0018860519 wMSE=98.6584 wMRED=0.10658175 wER=0.155544 wMAE=3.1512 wBias=-1.0032 condBias=5.8362 dotDrift=-6.464sigma uMRED=0.0090252157 uER=0.212891 uMAE=5.1875 WCE=80 bias=-2.0000
[quad_warmup_bit:04400] loss=0.062283 tau=1.50 collapse_w=0.000 mid_frac=0.116 hard=score=0.0869530289 wNMSE=0.0018860519 wMSE=98.6584 wMRED=0.10658175 wER=0.155544 wMAE=3.1512 wBias=-1.0032 condBias=5.8362 dotDrift=-6.464sigma uMRED=0.0090252157 uER=0.212891 uMAE=5.1875 WCE=80 bias=-2.0000
[quad_warmup_bit:04600] loss=0.061363 tau=1.50 collapse_w=0.000 mid_frac=0.116 hard=score=0.0869530289 wNMSE=0.0018860519 wMSE=98.6584 wMRED=0.10658175 wER=0.155544 wMAE=3.1512 wBias=-1.0032 condBias=5.8362 dotDrift=-6.464sigma uMRED=0.0090252157 uER=0.212891 uMAE=5.1875 WCE=80 bias=-2.0000
[quad_warmup_bit:04800] loss=0.060621 tau=1.50 collapse_w=0.000 mid_frac=0.116 hard=score=0.0869530289 wNMSE=0.0018860519 wMSE=98.6584 wMRED=0.10658175 wER=0.155544 wMAE=3.1512 wBias=-1.0032 condBias=5.8362 dotDrift=-6.464sigma uMRED=0.0090252157 uER=0.212891 uMAE=5.1875 WCE=80 bias=-2.0000
[quad_warmup_bit:05000] loss=0.060010 tau=1.50 collapse_w=0.000 mid_frac=0.116 hard=score=0.0869530289 wNMSE=0.0018860519 wMSE=98.6584 wMRED=0.10658175 wER=0.155544 wMAE=3.1512 wBias=-1.0032 condBias=5.8362 dotDrift=-6.464sigma uMRED=0.0090252157 uER=0.212891 uMAE=5.1875 WCE=80 bias=-2.0000
[quad_warmup_bit:05200] loss=0.059501 tau=1.50 collapse_w=0.000 mid_frac=0.116 hard=score=0.0869530289 wNMSE=0.0018860519 wMSE=98.6584 wMRED=0.10658175 wER=0.155544 wMAE=3.1512 wBias=-1.0032 condBias=5.8362 dotDrift=-6.464sigma uMRED=0.0090252157 uER=0.212891 uMAE=5.1875 WCE=80 bias=-2.0000
[quad_warmup_bit:05400] loss=0.059073 tau=1.50 collapse_w=0.000 mid_frac=0.116 hard=score=0.0869530289 wNMSE=0.0018860519 wMSE=98.6584 wMRED=0.10658175 wER=0.155544 wMAE=3.1512 wBias=-1.0032 condBias=5.8362 dotDrift=-6.464sigma uMRED=0.0090252157 uER=0.212891 uMAE=5.1875 WCE=80 bias=-2.0000
[quad_warmup_bit:05600] loss=0.058707 tau=1.50 collapse_w=0.000 mid_frac=0.116 hard=score=0.0869530289 wNMSE=0.0018860519 wMSE=98.6584 wMRED=0.10658175 wER=0.155544 wMAE=3.1512 wBias=-1.0032 condBias=5.8362 dotDrift=-6.464sigma uMRED=0.0090252157 uER=0.212891 uMAE=5.1875 WCE=80 bias=-2.0000
[quad_warmup_bit:05800] loss=0.058401 tau=1.50 collapse_w=0.000 mid_frac=0.116 hard=score=0.0869530289 wNMSE=0.0018860519 wMSE=98.6584 wMRED=0.10658175 wER=0.155544 wMAE=3.1512 wBias=-1.0032 condBias=5.8362 dotDrift=-6.464sigma uMRED=0.0090252157 uER=0.212891 uMAE=5.1875 WCE=80 bias=-2.0000
[quad_warmup_bit:05999] loss=0.058143 tau=1.50 collapse_w=0.000 mid_frac=0.116 hard=score=0.0869530289 wNMSE=0.0018860519 wMSE=98.6584 wMRED=0.10658175 wER=0.155544 wMAE=3.1512 wBias=-1.0032 condBias=5.8362 dotDrift=-6.464sigma uMRED=0.0090252157 uER=0.212891 uMAE=5.1875 WCE=80 bias=-2.0000
[quad_soft:00000] loss=0.146114 tau=1.50 collapse_w=0.000 mid_frac=0.116 hard=score=0.0869530289 wNMSE=0.0018860519 wMSE=98.6584 wMRED=0.10658175 wER=0.155544 wMAE=3.1512 wBias=-1.0032 condBias=5.8362 dotDrift=-6.464sigma uMRED=0.0090252157 uER=0.212891 uMAE=5.1875 WCE=80 bias=-2.0000
[quad_soft:00200] loss=0.092441 tau=1.59 collapse_w=0.000 mid_frac=0.089 hard=score=0.1450446630 wNMSE=0.0030737648 wMSE=160.7871 wMRED=0.11431495 wER=0.155544 wMAE=3.5277 wBias=1.3096 condBias=6.4725 dotDrift=+6.610sigma uMRED=0.0096913213 uER=0.212891 uMAE=5.5156 WCE=96 bias=2.2500
[quad_soft:00400] loss=0.081525 tau=1.68 collapse_w=0.000 mid_frac=0.089 hard=score=0.1450446630 wNMSE=0.0030737648 wMSE=160.7871 wMRED=0.11431495 wER=0.155544 wMAE=3.5277 wBias=1.3096 condBias=6.4725 dotDrift=+6.610sigma uMRED=0.0096913213 uER=0.212891 uMAE=5.5156 WCE=96 bias=2.2500
[quad_soft:00600] loss=0.076274 tau=1.77 collapse_w=0.000 mid_frac=0.107 hard=score=0.1488574574 wNMSE=0.0018118718 wMSE=94.7781 wMRED=0.10405364 wER=0.176068 wMAE=3.0494 wBias=-1.3410 condBias=5.6342 dotDrift=-8.816sigma uMRED=0.0088503088 uER=0.228516 uMAE=5.0625 WCE=80 bias=-2.2500
[quad_soft:00800] loss=0.073980 tau=1.86 collapse_w=0.000 mid_frac=0.107 hard=score=0.0623859621 wNMSE=0.002979966 wMSE=155.8805 wMRED=0.11426059 wER=0.176068 wMAE=3.5267 wBias=0.8138 condBias=6.3805 dotDrift=+4.172sigma uMRED=0.0096913213 uER=0.228516 uMAE=5.5156 WCE=96 bias=1.7500
[quad_soft:01000] loss=0.072167 tau=1.95 collapse_w=0.000 mid_frac=0.107 hard=score=0.0623859621 wNMSE=0.002979966 wMSE=155.8805 wMRED=0.11426059 wER=0.176068 wMAE=3.5267 wBias=0.8138 condBias=6.3805 dotDrift=+4.172sigma uMRED=0.0096913213 uER=0.228516 uMAE=5.5156 WCE=96 bias=1.7500
[quad_soft:01200] loss=0.070573 tau=2.04 collapse_w=0.000 mid_frac=0.107 hard=score=0.0623859621 wNMSE=0.002979966 wMSE=155.8805 wMRED=0.11426059 wER=0.176068 wMAE=3.5267 wBias=0.8138 condBias=6.3805 dotDrift=+4.172sigma uMRED=0.0096913213 uER=0.228516 uMAE=5.5156 WCE=96 bias=1.7500
[quad_soft:01400] loss=0.069100 tau=2.13 collapse_w=0.000 mid_frac=0.116 hard=score=0.0623859621 wNMSE=0.002979966 wMSE=155.8805 wMRED=0.11426059 wER=0.176068 wMAE=3.5267 wBias=0.8138 condBias=6.3805 dotDrift=+4.172sigma uMRED=0.0096913213 uER=0.228516 uMAE=5.5156 WCE=96 bias=1.7500
[quad_soft:01600] loss=0.067695 tau=2.22 collapse_w=0.000 mid_frac=0.116 hard=score=0.0623859621 wNMSE=0.002979966 wMSE=155.8805 wMRED=0.11426059 wER=0.176068 wMAE=3.5267 wBias=0.8138 condBias=6.3805 dotDrift=+4.172sigma uMRED=0.0096913213 uER=0.228516 uMAE=5.5156 WCE=96 bias=1.7500
[quad_soft:01800] loss=0.066325 tau=2.31 collapse_w=0.000 mid_frac=0.116 hard=score=0.0623859621 wNMSE=0.002979966 wMSE=155.8805 wMRED=0.11426059 wER=0.176068 wMAE=3.5267 wBias=0.8138 condBias=6.3805 dotDrift=+4.172sigma uMRED=0.0096913213 uER=0.228516 uMAE=5.5156 WCE=96 bias=1.7500
[quad_soft:02000] loss=0.064982 tau=2.40 collapse_w=0.000 mid_frac=0.116 hard=score=0.0623859621 wNMSE=0.002979966 wMSE=155.8805 wMRED=0.11426059 wER=0.176068 wMAE=3.5267 wBias=0.8138 condBias=6.3805 dotDrift=+4.172sigma uMRED=0.0096913213 uER=0.228516 uMAE=5.5156 WCE=96 bias=1.7500
[quad_soft:02200] loss=0.063650 tau=2.49 collapse_w=0.000 mid_frac=0.125 hard=score=0.0623859621 wNMSE=0.002979966 wMSE=155.8805 wMRED=0.11426059 wER=0.176068 wMAE=3.5267 wBias=0.8138 condBias=6.3805 dotDrift=+4.172sigma uMRED=0.0096913213 uER=0.228516 uMAE=5.5156 WCE=96 bias=1.7500
[quad_soft:02400] loss=0.062328 tau=2.58 collapse_w=0.000 mid_frac=0.125 hard=score=0.0623859621 wNMSE=0.002979966 wMSE=155.8805 wMRED=0.11426059 wER=0.176068 wMAE=3.5267 wBias=0.8138 condBias=6.3805 dotDrift=+4.172sigma uMRED=0.0096913213 uER=0.228516 uMAE=5.5156 WCE=96 bias=1.7500
[quad_soft:02600] loss=0.061010 tau=2.67 collapse_w=0.000 mid_frac=0.125 hard=score=0.0623859621 wNMSE=0.002979966 wMSE=155.8805 wMRED=0.11426059 wER=0.176068 wMAE=3.5267 wBias=0.8138 condBias=6.3805 dotDrift=+4.172sigma uMRED=0.0096913213 uER=0.228516 uMAE=5.5156 WCE=96 bias=1.7500
[quad_soft:02800] loss=0.059692 tau=2.76 collapse_w=0.000 mid_frac=0.125 hard=score=0.0623859621 wNMSE=0.002979966 wMSE=155.8805 wMRED=0.11426059 wER=0.176068 wMAE=3.5267 wBias=0.8138 condBias=6.3805 dotDrift=+4.172sigma uMRED=0.0096913213 uER=0.228516 uMAE=5.5156 WCE=96 bias=1.7500
[quad_soft:03000] loss=0.058376 tau=2.85 collapse_w=0.000 mid_frac=0.125 hard=score=0.0623859621 wNMSE=0.002979966 wMSE=155.8805 wMRED=0.11426059 wER=0.176068 wMAE=3.5267 wBias=0.8138 condBias=6.3805 dotDrift=+4.172sigma uMRED=0.0096913213 uER=0.228516 uMAE=5.5156 WCE=96 bias=1.7500
[quad_soft:03200] loss=0.057059 tau=2.94 collapse_w=0.000 mid_frac=0.125 hard=score=0.0623859621 wNMSE=0.002979966 wMSE=155.8805 wMRED=0.11426059 wER=0.176068 wMAE=3.5267 wBias=0.8138 condBias=6.3805 dotDrift=+4.172sigma uMRED=0.0096913213 uER=0.228516 uMAE=5.5156 WCE=96 bias=1.7500
[quad_soft:03400] loss=0.055746 tau=3.03 collapse_w=0.000 mid_frac=0.125 hard=score=0.0623859621 wNMSE=0.002979966 wMSE=155.8805 wMRED=0.11426059 wER=0.176068 wMAE=3.5267 wBias=0.8138 condBias=6.3805 dotDrift=+4.172sigma uMRED=0.0096913213 uER=0.228516 uMAE=5.5156 WCE=96 bias=1.7500
[quad_soft:03600] loss=0.054425 tau=3.12 collapse_w=0.000 mid_frac=0.125 hard=score=0.0623859621 wNMSE=0.002979966 wMSE=155.8805 wMRED=0.11426059 wER=0.176068 wMAE=3.5267 wBias=0.8138 condBias=6.3805 dotDrift=+4.172sigma uMRED=0.0096913213 uER=0.228516 uMAE=5.5156 WCE=96 bias=1.7500
[quad_soft:03800] loss=0.053103 tau=3.21 collapse_w=0.000 mid_frac=0.125 hard=score=0.0623859621 wNMSE=0.002979966 wMSE=155.8805 wMRED=0.11426059 wER=0.176068 wMAE=3.5267 wBias=0.8138 condBias=6.3805 dotDrift=+4.172sigma uMRED=0.0096913213 uER=0.228516 uMAE=5.5156 WCE=96 bias=1.7500
[quad_soft:04000] loss=0.051781 tau=3.30 collapse_w=0.000 mid_frac=0.125 hard=score=0.0623859621 wNMSE=0.002979966 wMSE=155.8805 wMRED=0.11426059 wER=0.176068 wMAE=3.5267 wBias=0.8138 condBias=6.3805 dotDrift=+4.172sigma uMRED=0.0096913213 uER=0.228516 uMAE=5.5156 WCE=96 bias=1.7500
[quad_soft:04200] loss=0.050376 tau=3.39 collapse_w=0.000 mid_frac=0.125 hard=score=0.0623859621 wNMSE=0.002979966 wMSE=155.8805 wMRED=0.11426059 wER=0.176068 wMAE=3.5267 wBias=0.8138 condBias=6.3805 dotDrift=+4.172sigma uMRED=0.0096913213 uER=0.228516 uMAE=5.5156 WCE=96 bias=1.7500
[quad_soft:04400] loss=0.048971 tau=3.48 collapse_w=0.000 mid_frac=0.125 hard=score=0.0623859621 wNMSE=0.002979966 wMSE=155.8805 wMRED=0.11426059 wER=0.176068 wMAE=3.5267 wBias=0.8138 condBias=6.3805 dotDrift=+4.172sigma uMRED=0.0096913213 uER=0.228516 uMAE=5.5156 WCE=96 bias=1.7500
[quad_soft:04600] loss=0.047562 tau=3.57 collapse_w=0.000 mid_frac=0.116 hard=score=0.0623859621 wNMSE=0.002979966 wMSE=155.8805 wMRED=0.11426059 wER=0.176068 wMAE=3.5267 wBias=0.8138 condBias=6.3805 dotDrift=+4.172sigma uMRED=0.0096913213 uER=0.228516 uMAE=5.5156 WCE=96 bias=1.7500
[quad_soft:04800] loss=0.046153 tau=3.66 collapse_w=0.000 mid_frac=0.116 hard=score=0.0623859621 wNMSE=0.002979966 wMSE=155.8805 wMRED=0.11426059 wER=0.176068 wMAE=3.5267 wBias=0.8138 condBias=6.3805 dotDrift=+4.172sigma uMRED=0.0096913213 uER=0.228516 uMAE=5.5156 WCE=96 bias=1.7500
[quad_soft:05000] loss=0.044744 tau=3.75 collapse_w=0.000 mid_frac=0.116 hard=score=0.0623859621 wNMSE=0.002979966 wMSE=155.8805 wMRED=0.11426059 wER=0.176068 wMAE=3.5267 wBias=0.8138 condBias=6.3805 dotDrift=+4.172sigma uMRED=0.0096913213 uER=0.228516 uMAE=5.5156 WCE=96 bias=1.7500
[quad_soft:05200] loss=0.043334 tau=3.84 collapse_w=0.000 mid_frac=0.116 hard=score=0.0623859621 wNMSE=0.002979966 wMSE=155.8805 wMRED=0.11426059 wER=0.176068 wMAE=3.5267 wBias=0.8138 condBias=6.3805 dotDrift=+4.172sigma uMRED=0.0096913213 uER=0.228516 uMAE=5.5156 WCE=96 bias=1.7500
[quad_soft:05400] loss=0.041924 tau=3.93 collapse_w=0.000 mid_frac=0.107 hard=score=0.0623859621 wNMSE=0.002979966 wMSE=155.8805 wMRED=0.11426059 wER=0.176068 wMAE=3.5267 wBias=0.8138 condBias=6.3805 dotDrift=+4.172sigma uMRED=0.0096913213 uER=0.228516 uMAE=5.5156 WCE=96 bias=1.7500
[quad_soft:05600] loss=0.040508 tau=4.02 collapse_w=0.000 mid_frac=0.107 hard=score=0.0623859621 wNMSE=0.002979966 wMSE=155.8805 wMRED=0.11426059 wER=0.176068 wMAE=3.5267 wBias=0.8138 condBias=6.3805 dotDrift=+4.172sigma uMRED=0.0096913213 uER=0.228516 uMAE=5.5156 WCE=96 bias=1.7500
[quad_soft:05800] loss=0.039092 tau=4.11 collapse_w=0.000 mid_frac=0.107 hard=score=0.0623859621 wNMSE=0.002979966 wMSE=155.8805 wMRED=0.11426059 wER=0.176068 wMAE=3.5267 wBias=0.8138 condBias=6.3805 dotDrift=+4.172sigma uMRED=0.0096913213 uER=0.228516 uMAE=5.5156 WCE=96 bias=1.7500
[quad_soft:06000] loss=0.037678 tau=4.20 collapse_w=0.000 mid_frac=0.107 hard=score=0.0623859621 wNMSE=0.002979966 wMSE=155.8805 wMRED=0.11426059 wER=0.176068 wMAE=3.5267 wBias=0.8138 condBias=6.3805 dotDrift=+4.172sigma uMRED=0.0096913213 uER=0.228516 uMAE=5.5156 WCE=96 bias=1.7500
[quad_soft:06200] loss=0.037174 tau=4.29 collapse_w=0.025 mid_frac=0.107 hard=score=0.0102165867 wNMSE=0.0010777186 wMSE=56.3749 wMRED=0.09439812 wER=0.171854 wMAE=2.5023 wBias=-0.2636 condBias=4.3513 dotDrift=-2.247sigma uMRED=0.0064954694 uER=0.216797 uMAE=3.6562 WCE=48 bias=-0.2500 *BEST*
[quad_soft:06400] loss=0.036483 tau=4.38 collapse_w=0.050 mid_frac=0.107 hard=score=0.0102165867 wNMSE=0.0010777186 wMSE=56.3749 wMRED=0.09439812 wER=0.171854 wMAE=2.5023 wBias=-0.2636 condBias=4.3513 dotDrift=-2.247sigma uMRED=0.0064954694 uER=0.216797 uMAE=3.6562 WCE=48 bias=-0.2500
[quad_soft:06575] loss=0.035813 tau=4.46 collapse_w=0.072 mid_frac=0.098 hard=score=0.0073429559 wNMSE=0.001032541 wMSE=54.0117 wMRED=0.09263503 wER=0.171854 wMAE=2.4233 wBias=-0.1846 condBias=4.1855 dotDrift=-1.608sigma uMRED=0.0063010340 uER=0.216797 uMAE=3.5312 WCE=48 bias=-0.1250 *BEST*
[quad_soft:06600] loss=0.035710 tau=4.47 collapse_w=0.075 mid_frac=0.098 hard=score=0.0073429559 wNMSE=0.001032541 wMSE=54.0117 wMRED=0.09263503 wER=0.171854 wMAE=2.4233 wBias=-0.1846 condBias=4.1855 dotDrift=-1.608sigma uMRED=0.0063010340 uER=0.216797 uMAE=3.5312 WCE=48 bias=-0.1250
[quad_soft:06800] loss=0.034877 tau=4.56 collapse_w=0.100 mid_frac=0.098 hard=score=0.0073429559 wNMSE=0.001032541 wMSE=54.0117 wMRED=0.09263503 wER=0.171854 wMAE=2.4233 wBias=-0.1846 condBias=4.1855 dotDrift=-1.608sigma uMRED=0.0063010340 uER=0.216797 uMAE=3.5312 WCE=48 bias=-0.1250
[quad_soft:07000] loss=0.034000 tau=4.65 collapse_w=0.125 mid_frac=0.098 hard=score=0.0073429559 wNMSE=0.001032541 wMSE=54.0117 wMRED=0.09263503 wER=0.171854 wMAE=2.4233 wBias=-0.1846 condBias=4.1855 dotDrift=-1.608sigma uMRED=0.0063010340 uER=0.216797 uMAE=3.5312 WCE=48 bias=-0.1250
[quad_soft:07200] loss=0.033096 tau=4.74 collapse_w=0.150 mid_frac=0.080 hard=score=0.0073429559 wNMSE=0.001032541 wMSE=54.0117 wMRED=0.09263503 wER=0.171854 wMAE=2.4233 wBias=-0.1846 condBias=4.1855 dotDrift=-1.608sigma uMRED=0.0063010340 uER=0.216797 uMAE=3.5312 WCE=48 bias=-0.1250
[quad_soft:07400] loss=0.032167 tau=4.83 collapse_w=0.175 mid_frac=0.080 hard=score=0.0073429559 wNMSE=0.001032541 wMSE=54.0117 wMRED=0.09263503 wER=0.171854 wMAE=2.4233 wBias=-0.1846 condBias=4.1855 dotDrift=-1.608sigma uMRED=0.0063010340 uER=0.216797 uMAE=3.5312 WCE=48 bias=-0.1250
[quad_soft:07600] loss=0.031216 tau=4.92 collapse_w=0.200 mid_frac=0.080 hard=score=0.0073429559 wNMSE=0.001032541 wMSE=54.0117 wMRED=0.09263503 wER=0.171854 wMAE=2.4233 wBias=-0.1846 condBias=4.1855 dotDrift=-1.608sigma uMRED=0.0063010340 uER=0.216797 uMAE=3.5312 WCE=48 bias=-0.1250
[quad_soft:07800] loss=0.030233 tau=5.01 collapse_w=0.225 mid_frac=0.071 hard=score=0.0073429559 wNMSE=0.001032541 wMSE=54.0117 wMRED=0.09263503 wER=0.171854 wMAE=2.4233 wBias=-0.1846 condBias=4.1855 dotDrift=-1.608sigma uMRED=0.0063010340 uER=0.216797 uMAE=3.5312 WCE=48 bias=-0.1250
[quad_soft:08000] loss=0.029197 tau=5.10 collapse_w=0.250 mid_frac=0.071 hard=score=0.0073429559 wNMSE=0.001032541 wMSE=54.0117 wMRED=0.09263503 wER=0.171854 wMAE=2.4233 wBias=-0.1846 condBias=4.1855 dotDrift=-1.608sigma uMRED=0.0063010340 uER=0.216797 uMAE=3.5312 WCE=48 bias=-0.1250
[quad_soft:08200] loss=0.028149 tau=5.19 collapse_w=0.275 mid_frac=0.071 hard=score=0.0073429559 wNMSE=0.001032541 wMSE=54.0117 wMRED=0.09263503 wER=0.171854 wMAE=2.4233 wBias=-0.1846 condBias=4.1855 dotDrift=-1.608sigma uMRED=0.0063010340 uER=0.216797 uMAE=3.5312 WCE=48 bias=-0.1250
[quad_soft:08400] loss=0.027078 tau=5.28 collapse_w=0.300 mid_frac=0.062 hard=score=0.0073429559 wNMSE=0.001032541 wMSE=54.0117 wMRED=0.09263503 wER=0.171854 wMAE=2.4233 wBias=-0.1846 condBias=4.1855 dotDrift=-1.608sigma uMRED=0.0063010340 uER=0.216797 uMAE=3.5312 WCE=48 bias=-0.1250
[quad_soft:08600] loss=0.025954 tau=5.37 collapse_w=0.325 mid_frac=0.062 hard=score=0.0073429559 wNMSE=0.001032541 wMSE=54.0117 wMRED=0.09263503 wER=0.171854 wMAE=2.4233 wBias=-0.1846 condBias=4.1855 dotDrift=-1.608sigma uMRED=0.0063010340 uER=0.216797 uMAE=3.5312 WCE=48 bias=-0.1250
[quad_soft:08800] loss=0.024773 tau=5.46 collapse_w=0.350 mid_frac=0.062 hard=score=0.0073429559 wNMSE=0.001032541 wMSE=54.0117 wMRED=0.09263503 wER=0.171854 wMAE=2.4233 wBias=-0.1846 condBias=4.1855 dotDrift=-1.608sigma uMRED=0.0063010340 uER=0.216797 uMAE=3.5312 WCE=48 bias=-0.1250
[quad_soft:09000] loss=0.023584 tau=5.55 collapse_w=0.375 mid_frac=0.062 hard=score=0.0073429559 wNMSE=0.001032541 wMSE=54.0117 wMRED=0.09263503 wER=0.171854 wMAE=2.4233 wBias=-0.1846 condBias=4.1855 dotDrift=-1.608sigma uMRED=0.0063010340 uER=0.216797 uMAE=3.5312 WCE=48 bias=-0.1250
[quad_soft:09200] loss=0.022362 tau=5.64 collapse_w=0.400 mid_frac=0.062 hard=score=0.0073429559 wNMSE=0.001032541 wMSE=54.0117 wMRED=0.09263503 wER=0.171854 wMAE=2.4233 wBias=-0.1846 condBias=4.1855 dotDrift=-1.608sigma uMRED=0.0063010340 uER=0.216797 uMAE=3.5312 WCE=48 bias=-0.1250
[quad_soft:09400] loss=0.021098 tau=5.73 collapse_w=0.425 mid_frac=0.062 hard=score=0.0073429559 wNMSE=0.001032541 wMSE=54.0117 wMRED=0.09263503 wER=0.171854 wMAE=2.4233 wBias=-0.1846 condBias=4.1855 dotDrift=-1.608sigma uMRED=0.0063010340 uER=0.216797 uMAE=3.5312 WCE=48 bias=-0.1250
[quad_soft:09600] loss=0.019769 tau=5.82 collapse_w=0.450 mid_frac=0.062 hard=score=0.0073429559 wNMSE=0.001032541 wMSE=54.0117 wMRED=0.09263503 wER=0.171854 wMAE=2.4233 wBias=-0.1846 condBias=4.1855 dotDrift=-1.608sigma uMRED=0.0063010340 uER=0.216797 uMAE=3.5312 WCE=48 bias=-0.1250
[quad_soft:09800] loss=0.018340 tau=5.91 collapse_w=0.475 mid_frac=0.062 hard=score=0.0073429559 wNMSE=0.001032541 wMSE=54.0117 wMRED=0.09263503 wER=0.171854 wMAE=2.4233 wBias=-0.1846 condBias=4.1855 dotDrift=-1.608sigma uMRED=0.0063010340 uER=0.216797 uMAE=3.5312 WCE=48 bias=-0.1250
[quad_soft:09999] loss=0.016759 tau=6.00 collapse_w=0.500 mid_frac=0.062 hard=score=0.0073429559 wNMSE=0.001032541 wMSE=54.0117 wMRED=0.09263503 wER=0.171854 wMAE=2.4233 wBias=-0.1846 condBias=4.1855 dotDrift=-1.608sigma uMRED=0.0063010340 uER=0.216797 uMAE=3.5312 WCE=48 bias=-0.1250
[quad_hard_ste:00000] loss=0.017114 tau=6.00 collapse_w=0.500 mid_frac=0.062 hard=score=0.0073429559 wNMSE=0.001032541 wMSE=54.0117 wMRED=0.09263503 wER=0.171854 wMAE=2.4233 wBias=-0.1846 condBias=4.1855 dotDrift=-1.608sigma uMRED=0.0063010340 uER=0.216797 uMAE=3.5312 WCE=48 bias=-0.1250
[quad_hard_ste:00200] loss=0.016380 tau=6.00 collapse_w=0.500 mid_frac=0.062 hard=score=0.0073429559 wNMSE=0.001032541 wMSE=54.0117 wMRED=0.09263503 wER=0.171854 wMAE=2.4233 wBias=-0.1846 condBias=4.1855 dotDrift=-1.608sigma uMRED=0.0063010340 uER=0.216797 uMAE=3.5312 WCE=48 bias=-0.1250
[quad_hard_ste:00400] loss=0.015947 tau=6.00 collapse_w=0.500 mid_frac=0.062 hard=score=0.0073429559 wNMSE=0.001032541 wMSE=54.0117 wMRED=0.09263503 wER=0.171854 wMAE=2.4233 wBias=-0.1846 condBias=4.1855 dotDrift=-1.608sigma uMRED=0.0063010340 uER=0.216797 uMAE=3.5312 WCE=48 bias=-0.1250
[quad_hard_ste:00600] loss=0.015645 tau=6.00 collapse_w=0.500 mid_frac=0.062 hard=score=0.0073429559 wNMSE=0.001032541 wMSE=54.0117 wMRED=0.09263503 wER=0.171854 wMAE=2.4233 wBias=-0.1846 condBias=4.1855 dotDrift=-1.608sigma uMRED=0.0063010340 uER=0.216797 uMAE=3.5312 WCE=48 bias=-0.1250
[quad_hard_ste:00800] loss=0.015428 tau=6.00 collapse_w=0.500 mid_frac=0.062 hard=score=0.0073429559 wNMSE=0.001032541 wMSE=54.0117 wMRED=0.09263503 wER=0.171854 wMAE=2.4233 wBias=-0.1846 condBias=4.1855 dotDrift=-1.608sigma uMRED=0.0063010340 uER=0.216797 uMAE=3.5312 WCE=48 bias=-0.1250
[quad_hard_ste:01000] loss=0.015269 tau=6.00 collapse_w=0.500 mid_frac=0.062 hard=score=0.0073429559 wNMSE=0.001032541 wMSE=54.0117 wMRED=0.09263503 wER=0.171854 wMAE=2.4233 wBias=-0.1846 condBias=4.1855 dotDrift=-1.608sigma uMRED=0.0063010340 uER=0.216797 uMAE=3.5312 WCE=48 bias=-0.1250
[quad_hard_ste:01200] loss=0.015149 tau=6.00 collapse_w=0.500 mid_frac=0.062 hard=score=0.0073429559 wNMSE=0.001032541 wMSE=54.0117 wMRED=0.09263503 wER=0.171854 wMAE=2.4233 wBias=-0.1846 condBias=4.1855 dotDrift=-1.608sigma uMRED=0.0063010340 uER=0.216797 uMAE=3.5312 WCE=48 bias=-0.1250
[quad_hard_ste:01400] loss=0.015059 tau=6.00 collapse_w=0.500 mid_frac=0.062 hard=score=0.0073429559 wNMSE=0.001032541 wMSE=54.0117 wMRED=0.09263503 wER=0.171854 wMAE=2.4233 wBias=-0.1846 condBias=4.1855 dotDrift=-1.608sigma uMRED=0.0063010340 uER=0.216797 uMAE=3.5312 WCE=48 bias=-0.1250
[quad_hard_ste:01600] loss=0.014987 tau=6.00 collapse_w=0.500 mid_frac=0.062 hard=score=0.0073429559 wNMSE=0.001032541 wMSE=54.0117 wMRED=0.09263503 wER=0.171854 wMAE=2.4233 wBias=-0.1846 condBias=4.1855 dotDrift=-1.608sigma uMRED=0.0063010340 uER=0.216797 uMAE=3.5312 WCE=48 bias=-0.1250
[quad_hard_ste:01800] loss=0.014931 tau=6.00 collapse_w=0.500 mid_frac=0.062 hard=score=0.0073429559 wNMSE=0.001032541 wMSE=54.0117 wMRED=0.09263503 wER=0.171854 wMAE=2.4233 wBias=-0.1846 condBias=4.1855 dotDrift=-1.608sigma uMRED=0.0063010340 uER=0.216797 uMAE=3.5312 WCE=48 bias=-0.1250
[quad_hard_ste:02000] loss=0.014884 tau=6.00 collapse_w=0.500 mid_frac=0.062 hard=score=0.0073429559 wNMSE=0.001032541 wMSE=54.0117 wMRED=0.09263503 wER=0.171854 wMAE=2.4233 wBias=-0.1846 condBias=4.1855 dotDrift=-1.608sigma uMRED=0.0063010340 uER=0.216797 uMAE=3.5312 WCE=48 bias=-0.1250
[quad_hard_ste:02200] loss=0.014846 tau=6.00 collapse_w=0.500 mid_frac=0.062 hard=score=0.0073429559 wNMSE=0.001032541 wMSE=54.0117 wMRED=0.09263503 wER=0.171854 wMAE=2.4233 wBias=-0.1846 condBias=4.1855 dotDrift=-1.608sigma uMRED=0.0063010340 uER=0.216797 uMAE=3.5312 WCE=48 bias=-0.1250
[quad_hard_ste:02400] loss=0.014813 tau=6.00 collapse_w=0.500 mid_frac=0.062 hard=score=0.0073429559 wNMSE=0.001032541 wMSE=54.0117 wMRED=0.09263503 wER=0.171854 wMAE=2.4233 wBias=-0.1846 condBias=4.1855 dotDrift=-1.608sigma uMRED=0.0063010340 uER=0.216797 uMAE=3.5312 WCE=48 bias=-0.1250
[quad_hard_ste:02600] loss=0.014785 tau=6.00 collapse_w=0.500 mid_frac=0.062 hard=score=0.0073429559 wNMSE=0.001032541 wMSE=54.0117 wMRED=0.09263503 wER=0.171854 wMAE=2.4233 wBias=-0.1846 condBias=4.1855 dotDrift=-1.608sigma uMRED=0.0063010340 uER=0.216797 uMAE=3.5312 WCE=48 bias=-0.1250
[quad_hard_ste:02800] loss=0.014762 tau=6.00 collapse_w=0.500 mid_frac=0.062 hard=score=0.0073429559 wNMSE=0.001032541 wMSE=54.0117 wMRED=0.09263503 wER=0.171854 wMAE=2.4233 wBias=-0.1846 condBias=4.1855 dotDrift=-1.608sigma uMRED=0.0063010340 uER=0.216797 uMAE=3.5312 WCE=48 bias=-0.1250
[quad_hard_ste:03000] loss=0.014741 tau=6.00 collapse_w=0.500 mid_frac=0.062 hard=score=0.0073429559 wNMSE=0.001032541 wMSE=54.0117 wMRED=0.09263503 wER=0.171854 wMAE=2.4233 wBias=-0.1846 condBias=4.1855 dotDrift=-1.608sigma uMRED=0.0063010340 uER=0.216797 uMAE=3.5312 WCE=48 bias=-0.1250
[quad_hard_ste:03200] loss=0.014723 tau=6.00 collapse_w=0.500 mid_frac=0.062 hard=score=0.0073429559 wNMSE=0.001032541 wMSE=54.0117 wMRED=0.09263503 wER=0.171854 wMAE=2.4233 wBias=-0.1846 condBias=4.1855 dotDrift=-1.608sigma uMRED=0.0063010340 uER=0.216797 uMAE=3.5312 WCE=48 bias=-0.1250
[quad_hard_ste:03400] loss=0.014707 tau=6.00 collapse_w=0.500 mid_frac=0.062 hard=score=0.0073429559 wNMSE=0.001032541 wMSE=54.0117 wMRED=0.09263503 wER=0.171854 wMAE=2.4233 wBias=-0.1846 condBias=4.1855 dotDrift=-1.608sigma uMRED=0.0063010340 uER=0.216797 uMAE=3.5312 WCE=48 bias=-0.1250
[quad_hard_ste:03600] loss=0.014692 tau=6.00 collapse_w=0.500 mid_frac=0.062 hard=score=0.0073429559 wNMSE=0.001032541 wMSE=54.0117 wMRED=0.09263503 wER=0.171854 wMAE=2.4233 wBias=-0.1846 condBias=4.1855 dotDrift=-1.608sigma uMRED=0.0063010340 uER=0.216797 uMAE=3.5312 WCE=48 bias=-0.1250
[quad_hard_ste:03800] loss=0.014680 tau=6.00 collapse_w=0.500 mid_frac=0.062 hard=score=0.0073429559 wNMSE=0.001032541 wMSE=54.0117 wMRED=0.09263503 wER=0.171854 wMAE=2.4233 wBias=-0.1846 condBias=4.1855 dotDrift=-1.608sigma uMRED=0.0063010340 uER=0.216797 uMAE=3.5312 WCE=48 bias=-0.1250
[quad_hard_ste:03999] loss=0.014668 tau=6.00 collapse_w=0.500 mid_frac=0.062 hard=score=0.0073429559 wNMSE=0.001032541 wMSE=54.0117 wMRED=0.09263503 wER=0.171854 wMAE=2.4233 wBias=-0.1846 condBias=4.1855 dotDrift=-1.608sigma uMRED=0.0063010340 uER=0.216797 uMAE=3.5312 WCE=48 bias=-0.1250
[pop00_soft:00000] loss=3.751163 tau=1.50 collapse_w=0.000 mid_frac=0.321 hard=score=0.7449370051 wNMSE=0.14550347 wMSE=7611.2122 wMRED=2.35552010 wER=0.429053 wMAE=40.4010 wBias=2.3981 condBias=47.5310 dotDrift=+1.759sigma uMRED=0.1222658844 uER=0.428711 uMAE=69.6602 WCE=751 bias=41.5625
[pop00_soft:00200] loss=1.509260 tau=2.25 collapse_w=0.000 mid_frac=0.286 hard=score=104.5324900543 wNMSE=0.14734226 wMSE=7707.3984 wMRED=2.74322327 wER=0.370730 wMAE=38.1855 wBias=-36.4857 condBias=57.9801 dotDrift=-26.598sigma uMRED=0.0975160757 uER=0.413086 uMAE=46.1055 WCE=505 bias=-42.6250
[pop00_soft:00400] loss=0.674263 tau=3.00 collapse_w=0.000 mid_frac=0.241 hard=score=2.1280006186 wNMSE=0.016715914 wMSE=874.4010 wMRED=0.36385784 wER=0.297690 wMAE=10.4267 wBias=-5.1526 condBias=16.1143 dotDrift=-11.152sigma uMRED=0.0432834117 uER=0.371094 uMAE=28.7500 WCE=348 bias=-24.5000
[pop00_soft:00600] loss=0.105489 tau=3.75 collapse_w=0.000 mid_frac=0.143 hard=score=2.4417398803 wNMSE=0.017384118 wMSE=909.3544 wMRED=0.40655562 wER=0.318376 wMAE=10.8844 wBias=-5.5265 condBias=16.2313 dotDrift=-11.729sigma uMRED=0.0439788204 uER=0.363281 uMAE=28.7500 WCE=348 bias=-24.5000
[pop00_soft:00800] loss=0.055372 tau=4.50 collapse_w=0.084 mid_frac=0.179 hard=score=1.1411945897 wNMSE=0.0098292548 wMSE=514.1633 wMRED=0.22399484 wER=0.212124 wMAE=6.3787 wBias=-3.7559 condBias=12.1484 dotDrift=-10.601sigma uMRED=0.0311202952 uER=0.291016 uMAE=21.6094 WCE=332 bias=-19.0000
[pop00_soft:01000] loss=0.045315 tau=5.25 collapse_w=0.293 mid_frac=0.134 hard=score=1.3077893278 wNMSE=0.010676914 wMSE=558.5039 wMRED=0.25664891 wER=0.268215 wMAE=6.5584 wBias=-4.0303 condBias=12.8417 dotDrift=-10.915sigma uMRED=0.0336242889 uER=0.320312 uMAE=23.3594 WCE=296 bias=-20.8750
[pop00_soft:01199] loss=0.036137 tau=6.00 collapse_w=0.500 mid_frac=0.143 hard=score=1.3077893278 wNMSE=0.010676914 wMSE=558.5039 wMRED=0.25664891 wER=0.268215 wMAE=6.5584 wBias=-4.0303 condBias=12.8417 dotDrift=-10.915sigma uMRED=0.0336242889 uER=0.320312 uMAE=23.3594 WCE=296 bias=-20.8750
[pop00_hard:00000] loss=1.330934 tau=6.00 collapse_w=0.500 mid_frac=0.143 hard=score=1.3077893278 wNMSE=0.010676914 wMSE=558.5039 wMRED=0.25664891 wER=0.268215 wMAE=6.5584 wBias=-4.0303 condBias=12.8417 dotDrift=-10.915sigma uMRED=0.0336242889 uER=0.320312 uMAE=23.3594 WCE=296 bias=-20.8750
[pop00_hard:00200] loss=1.326334 tau=6.00 collapse_w=0.500 mid_frac=0.143 hard=score=1.3077893278 wNMSE=0.010676914 wMSE=558.5039 wMRED=0.25664891 wER=0.268215 wMAE=6.5584 wBias=-4.0303 condBias=12.8417 dotDrift=-10.915sigma uMRED=0.0336242889 uER=0.320312 uMAE=23.3594 WCE=296 bias=-20.8750
[pop00_hard:00400] loss=0.436191 tau=6.00 collapse_w=0.500 mid_frac=0.134 hard=score=1.3077893278 wNMSE=0.010676914 wMSE=558.5039 wMRED=0.25664891 wER=0.268215 wMAE=6.5584 wBias=-4.0303 condBias=12.8417 dotDrift=-10.915sigma uMRED=0.0336242889 uER=0.320312 uMAE=23.3594 WCE=296 bias=-20.8750
[pop00_hard:00599] loss=1.323841 tau=6.00 collapse_w=0.500 mid_frac=0.134 hard=score=0.3966450754 wNMSE=0.019320462 wMSE=1010.6435 wMRED=0.70101204 wER=0.315786 wMAE=12.6179 wBias=2.0913 condBias=17.2491 dotDrift=+4.210sigma uMRED=0.0426440745 uER=0.333008 uMAE=25.3438 WCE=296 bias=-18.8750
[pop00] done (conf=0.53, noise=0.5); global best score=0.0073429559 wNMSE=0.001032541 wMSE=54.0117 wMRED=0.09263503 wER=0.171854 wMAE=2.4233 wBias=-0.1846 condBias=4.1855 dotDrift=-1.608sigma uMRED=0.0063010340 uER=0.216797 uMAE=3.5312 WCE=48 bias=-0.1250
[pop01_soft:00000] loss=3.698997 tau=1.50 collapse_w=0.000 mid_frac=0.473 hard=score=23.9466688524 wNMSE=0.41152576 wMSE=21526.7025 wMRED=4.85886371 wER=0.436946 wMAE=68.6979 wBias=-17.2402 condBias=65.3677 dotDrift=-7.520sigma uMRED=0.1552580140 uER=0.434570 uMAE=70.4023 WCE=682 bias=12.9375
[pop01_soft:00200] loss=1.698990 tau=2.25 collapse_w=0.000 mid_frac=0.446 hard=score=381.4690405737 wNMSE=0.96845161 wMSE=50659.2103 wMRED=6.37147897 wER=0.425396 wMAE=80.2673 wBias=-69.6358 condBias=133.1394 dotDrift=-19.801sigma uMRED=0.1741965943 uER=0.431641 uMAE=65.9238 WCE=771 bias=-14.1250
[pop01_soft:00400] loss=1.631151 tau=3.00 collapse_w=0.000 mid_frac=0.464 hard=score=275.6463760758 wNMSE=0.89299571 wMSE=46712.1502 wMRED=6.00241085 wER=0.407417 wMAE=79.4718 wBias=-59.1566 condBias=127.8823 dotDrift=-17.517sigma uMRED=0.1694138305 uER=0.425781 uMAE=66.3359 WCE=732 bias=-9.6250
[pop01_soft:00600] loss=1.187104 tau=3.75 collapse_w=0.000 mid_frac=0.500 hard=score=35.2425608476 wNMSE=0.087953862 wMSE=4600.8217 wMRED=1.83829804 wER=0.381308 wMAE=27.4629 wBias=-21.1592 condBias=42.2255 dotDrift=-19.965sigma uMRED=0.0764221453 uER=0.414062 uMAE=40.1797 WCE=476 bias=-16.1250
[pop01_soft:00800] loss=0.667144 tau=4.50 collapse_w=0.084 mid_frac=0.420 hard=score=32.6749007122 wNMSE=0.079942005 wMSE=4181.7255 wMRED=1.82118295 wER=0.357768 wMAE=26.3799 wBias=-20.3781 condBias=40.7042 dotDrift=-20.168sigma uMRED=0.0662557575 uER=0.402344 uMAE=32.0938 WCE=228 bias=-8.6250
[pop01_soft:01000] loss=0.418990 tau=5.25 collapse_w=0.293 mid_frac=0.375 hard=score=27.6426375053 wNMSE=0.084959905 wMSE=4444.2093 wMRED=1.82830792 wER=0.364945 wMAE=26.9432 wBias=-18.7280 condBias=37.6302 dotDrift=-17.979sigma uMRED=0.0747440399 uER=0.405273 uMAE=37.8281 WCE=464 bias=7.1250
[pop01_soft:01199] loss=0.322330 tau=6.00 collapse_w=0.500 mid_frac=0.357 hard=score=27.6426375053 wNMSE=0.084959905 wMSE=4444.2093 wMRED=1.82830792 wER=0.364945 wMAE=26.9432 wBias=-18.7280 condBias=37.6302 dotDrift=-17.979sigma uMRED=0.0747440399 uER=0.405273 uMAE=37.8281 WCE=464 bias=7.1250
[pop01_hard:00000] loss=27.743155 tau=6.00 collapse_w=0.500 mid_frac=0.357 hard=score=27.6426375053 wNMSE=0.084959905 wMSE=4444.2093 wMRED=1.82830792 wER=0.364945 wMAE=26.9432 wBias=-18.7280 condBias=37.6302 dotDrift=-17.979sigma uMRED=0.0747440399 uER=0.405273 uMAE=37.8281 WCE=464 bias=7.1250
[pop01_hard:00200] loss=25.487070 tau=6.00 collapse_w=0.500 mid_frac=0.348 hard=score=25.3889893707 wNMSE=0.087777884 wMSE=4591.6164 wMRED=1.83104918 wER=0.364945 wMAE=27.2311 wBias=-17.9422 condBias=36.0972 dotDrift=-16.946sigma uMRED=0.0815234686 uER=0.405273 uMAE=43.8281 WCE=464 bias=23.1250
[pop01_hard:00400] loss=19.170681 tau=6.00 collapse_w=0.500 mid_frac=0.312 hard=score=19.0701489444 wNMSE=0.087915359 wMSE=4598.8076 wMRED=1.83431509 wER=0.385736 wMAE=27.5561 wBias=-15.5334 condBias=33.6091 dotDrift=-14.660sigma uMRED=0.0813819301 uER=0.411133 uMAE=43.8750 WCE=464 bias=27.3750
[pop01_hard:00599] loss=3.257903 tau=6.00 collapse_w=0.500 mid_frac=0.277 hard=score=3.1451563344 wNMSE=0.099959707 wMSE=5228.8413 wMRED=2.13789494 wER=0.376236 wMAE=32.7142 wBias=-6.1222 condBias=35.6079 dotDrift=-5.419sigma uMRED=0.0925528391 uER=0.408203 uMAE=50.0312 WCE=520 bias=35.8750
[pop01] done (conf=0.51, noise=1.0); global best score=0.0073429559 wNMSE=0.001032541 wMSE=54.0117 wMRED=0.09263503 wER=0.171854 wMAE=2.4233 wBias=-0.1846 condBias=4.1855 dotDrift=-1.608sigma uMRED=0.0063010340 uER=0.216797 uMAE=3.5312 WCE=48 bias=-0.1250
[pop02_soft:00000] loss=4.982434 tau=1.50 collapse_w=0.000 mid_frac=0.357 hard=score=79.4883098349 wNMSE=2.4106396 wMSE=126099.3279 wMRED=13.22803640 wER=0.437075 wMAE=189.2584 wBias=31.0281 condBias=192.4187 dotDrift=+5.592sigma uMRED=0.3629886633 uER=0.437500 uMAE=133.0273 WCE=899 bias=5.9375
[pop02_soft:00200] loss=2.348600 tau=2.25 collapse_w=0.000 mid_frac=0.277 hard=score=29.3233411439 wNMSE=1.3980152 wMSE=73129.4612 wMRED=10.35456189 wER=0.416027 wMAE=144.8901 wBias=-18.5645 condBias=148.8268 dotDrift=-4.394sigma uMRED=0.2923672006 uER=0.428711 uMAE=111.2891 WCE=783 bias=-37.3125
[pop02_soft:00400] loss=1.476887 tau=3.00 collapse_w=0.000 mid_frac=0.250 hard=score=39.5064708750 wNMSE=0.078917528 wMSE=4128.1357 wMRED=1.29282351 wER=0.334114 wMAE=25.9191 wBias=-22.4190 condBias=35.5201 dotDrift=-22.332sigma uMRED=0.0885935244 uER=0.395508 uMAE=53.2266 WCE=476 bias=-30.3750
[pop02_soft:00600] loss=0.228368 tau=3.75 collapse_w=0.000 mid_frac=0.214 hard=score=6.6371403016 wNMSE=0.034314332 wMSE=1794.9652 wMRED=0.37159436 wER=0.276858 wMAE=11.8998 wBias=-9.1515 condBias=22.3369 dotDrift=-13.824sigma uMRED=0.0453406458 uER=0.355469 uMAE=28.7891 WCE=356 bias=-21.0000
[pop02_soft:00800] loss=0.081745 tau=4.50 collapse_w=0.084 mid_frac=0.196 hard=score=8.6088286480 wNMSE=0.03864049 wMSE=2021.2644 wMRED=0.38028784 wER=0.264456 wMAE=12.6414 wBias=-10.4314 condBias=24.0716 dotDrift=-14.849sigma uMRED=0.0557144765 uER=0.355469 uMAE=36.9922 WCE=372 bias=-31.1250
[pop02_soft:01000] loss=0.062951 tau=5.25 collapse_w=0.293 mid_frac=0.170 hard=score=8.3227629525 wNMSE=0.038631765 wMSE=2020.8079 wMRED=0.37215592 wER=0.256475 wMAE=12.6209 wBias=-10.2547 condBias=24.0730 dotDrift=-14.600sigma uMRED=0.0555632551 uER=0.354492 uMAE=36.9375 WCE=372 bias=-31.0000
[pop02_soft:01199] loss=0.049033 tau=6.00 collapse_w=0.500 mid_frac=0.152 hard=score=8.3227629525 wNMSE=0.038631765 wMSE=2020.8079 wMRED=0.37215592 wER=0.256475 wMAE=12.6209 wBias=-10.2547 condBias=24.0730 dotDrift=-14.600sigma uMRED=0.0555632551 uER=0.354492 uMAE=36.9375 WCE=372 bias=-31.0000
[pop02_hard:00000] loss=8.348951 tau=6.00 collapse_w=0.500 mid_frac=0.152 hard=score=8.3227629525 wNMSE=0.038631765 wMSE=2020.8079 wMRED=0.37215592 wER=0.256475 wMAE=12.6209 wBias=-10.2547 condBias=24.0730 dotDrift=-14.600sigma uMRED=0.0555632551 uER=0.354492 uMAE=36.9375 WCE=372 bias=-31.0000
[pop02_hard:00200] loss=0.594260 tau=6.00 collapse_w=0.500 mid_frac=0.143 hard=score=0.5700310636 wNMSE=0.020515939 wMSE=1073.1783 wMRED=0.33278181 wER=0.256258 wMAE=10.4590 wBias=-2.5841 condBias=16.6659 dotDrift=-5.048sigma uMRED=0.0423691837 uER=0.351562 uMAE=27.9766 WCE=256 bias=-7.0000
[pop02_hard:00400] loss=0.432337 tau=6.00 collapse_w=0.500 mid_frac=0.125 hard=score=0.4096897989 wNMSE=0.022154213 wMSE=1158.8756 wMRED=0.33800114 wER=0.256475 wMAE=10.8851 wBias=-2.1445 condBias=17.2902 dotDrift=-4.032sigma uMRED=0.0472585147 uER=0.354492 uMAE=31.7812 WCE=256 bias=-3.0000
[pop02_hard:00599] loss=0.302382 tau=6.00 collapse_w=0.500 mid_frac=0.116 hard=score=0.2814151559 wNMSE=0.02205215 wMSE=1153.5367 wMRED=0.32418229 wER=0.256475 wMAE=10.5989 wBias=-1.7213 condBias=17.2421 dotDrift=-3.244sigma uMRED=0.0470420861 uER=0.354492 uMAE=31.7812 WCE=256 bias=-2.5000
[pop02] done (conf=0.53, noise=0.5); global best score=0.0073429559 wNMSE=0.001032541 wMSE=54.0117 wMRED=0.09263503 wER=0.171854 wMAE=2.4233 wBias=-0.1846 condBias=4.1855 dotDrift=-1.608sigma uMRED=0.0063010340 uER=0.216797 uMAE=3.5312 WCE=48 bias=-0.1250
[pop03_soft:00000] loss=10.900315 tau=1.50 collapse_w=0.000 mid_frac=0.455 hard=score=654.6293750014 wNMSE=0.99969541 wMSE=52293.5572 wMRED=6.90172271 wER=0.437075 wMAE=116.1955 wBias=91.2775 condBias=193.8825 dotDrift=+25.546sigma uMRED=0.2265860633 uER=0.437500 uMAE=98.8359 WCE=754 bias=60.7500
[pop03_soft:00200] loss=39.897972 tau=2.25 collapse_w=0.000 mid_frac=0.393 hard=score=262.3903184490 wNMSE=1.7110309 wMSE=89503.1528 wMRED=10.75226466 wER=0.419360 wMAE=115.8425 wBias=57.5420 condBias=167.4935 dotDrift=+12.310sigma uMRED=0.2550850796 uER=0.434570 uMAE=92.4355 WCE=3860 bias=-21.3125
[pop03_soft:00400] loss=2.503315 tau=3.00 collapse_w=0.000 mid_frac=0.366 hard=score=13.8576860527 wNMSE=0.23589845 wMSE=12339.7277 wMRED=1.97526705 wER=0.395441 wMAE=45.7845 wBias=-13.1017 condBias=51.5140 dotDrift=-7.548sigma uMRED=0.1485692405 uER=0.430664 uMAE=91.0977 WCE=809 bias=-62.3125
[pop03_soft:00600] loss=0.718158 tau=3.75 collapse_w=0.000 mid_frac=0.393 hard=score=24.8883772404 wNMSE=0.092883534 wMSE=4858.6903 wMRED=1.64726969 wER=0.395175 wMAE=32.2049 wBias=-17.7636 condBias=38.4885 dotDrift=-16.310sigma uMRED=0.1064267331 uER=0.427734 uMAE=67.1445 WCE=476 bias=-37.5000
[pop03_soft:00800] loss=0.472735 tau=4.50 collapse_w=0.084 mid_frac=0.393 hard=score=39.4428503331 wNMSE=0.086556413 wMSE=4527.7219 wMRED=1.67491556 wER=0.385783 wMAE=31.8251 wBias=-22.3965 condBias=41.6225 dotDrift=-21.302sigma uMRED=0.0976701645 uER=0.418945 uMAE=58.1211 WCE=432 bias=-54.5000
[pop03_soft:01000] loss=0.356923 tau=5.25 collapse_w=0.293 mid_frac=0.312 hard=score=32.7108292853 wNMSE=0.070431551 wMSE=3684.2385 wMRED=1.53566157 wER=0.385783 wMAE=28.4895 wBias=-20.3963 condBias=36.6787 dotDrift=-21.506sigma uMRED=0.0890784123 uER=0.418945 uMAE=53.2461 WCE=432 bias=-50.0000
[pop03_soft:01199] loss=0.185584 tau=6.00 collapse_w=0.500 mid_frac=0.348 hard=score=3.1069928100 wNMSE=0.077153748 wMSE=4035.8732 wMRED=1.55509255 wER=0.382534 wMAE=30.2746 wBias=-6.1353 condBias=35.6417 dotDrift=-6.181sigma uMRED=0.0781487238 uER=0.414062 uMAE=44.8164 WCE=428 bias=-17.8750
[pop03_hard:00000] loss=3.199912 tau=6.00 collapse_w=0.500 mid_frac=0.348 hard=score=3.1069928100 wNMSE=0.077153748 wMSE=4035.8732 wMRED=1.55509255 wER=0.382534 wMAE=30.2746 wBias=-6.1353 condBias=35.6417 dotDrift=-6.181sigma uMRED=0.0781487238 uER=0.414062 uMAE=44.8164 WCE=428 bias=-17.8750
[pop03_hard:00200] loss=2.792486 tau=6.00 collapse_w=0.500 mid_frac=0.348 hard=score=2.7027284128 wNMSE=0.076664018 wMSE=4010.2557 wMRED=1.55294968 wER=0.382534 wMAE=30.2175 wBias=-5.7025 condBias=34.9533 dotDrift=-5.763sigma uMRED=0.0765373506 uER=0.414062 uMAE=44.2617 WCE=428 bias=-13.8750
[pop03_hard:00400] loss=1.007725 tau=6.00 collapse_w=0.500 mid_frac=0.312 hard=score=0.9200264493 wNMSE=0.082888542 wMSE=4335.8574 wMRED=1.57588783 wER=0.382041 wMAE=31.3569 wBias=-3.0849 condBias=36.6131 dotDrift=-2.998sigma uMRED=0.0876649804 uER=0.415039 uMAE=52.4453 WCE=448 bias=4.6250
[pop03_hard:00599] loss=0.606889 tau=6.00 collapse_w=0.500 mid_frac=0.286 hard=score=0.5210027134 wNMSE=0.082246526 wMSE=4302.2739 wMRED=1.56498132 wER=0.382041 wMAE=31.0665 wBias=-2.0970 condBias=37.6360 dotDrift=-2.046sigma uMRED=0.0858473545 uER=0.415039 uMAE=50.9922 WCE=448 bias=7.8750
[pop03] done (conf=0.51, noise=1.0); global best score=0.0073429559 wNMSE=0.001032541 wMSE=54.0117 wMRED=0.09263503 wER=0.171854 wMAE=2.4233 wBias=-0.1846 condBias=4.1855 dotDrift=-1.608sigma uMRED=0.0063010340 uER=0.216797 uMAE=3.5312 WCE=48 bias=-0.1250
[pop04_soft:00000] loss=4.223590 tau=1.50 collapse_w=0.000 mid_frac=0.402 hard=score=17.1266936539 wNMSE=1.3151414 wMSE=68794.3742 wMRED=9.77997526 wER=0.436419 wMAE=132.5374 wBias=13.8488 condBias=135.6258 dotDrift=+3.379sigma uMRED=0.2629066604 uER=0.431641 uMAE=98.8965 WCE=616 bias=44.1875
[pop04_soft:00200] loss=1.611840 tau=2.25 collapse_w=0.000 mid_frac=0.375 hard=score=527.8935736808 wNMSE=1.2062793 wMSE=63099.8576 wMRED=7.64837823 wER=0.405790 wMAE=101.0538 wBias=-81.9355 condBias=147.6507 dotDrift=-20.876sigma uMRED=0.2376923555 uER=0.419922 uMAE=100.6367 WCE=888 bias=-38.8750
[pop04_soft:00400] loss=0.809115 tau=3.00 collapse_w=0.000 mid_frac=0.339 hard=score=33.2962769478 wNMSE=0.16081424 wMSE=8412.1112 wMRED=2.86086287 wER=0.367086 wMAE=41.0659 wBias=-20.5276 condBias=51.0598 dotDrift=-14.324sigma uMRED=0.1273923905 uER=0.399414 uMAE=69.6484 WCE=512 bias=32.0000
[pop04_soft:00600] loss=0.257852 tau=3.75 collapse_w=0.000 mid_frac=0.241 hard=score=1.0917085241 wNMSE=0.05307353 wMSE=2776.2493 wMRED=0.96262768 wER=0.379476 wMAE=20.6150 wBias=-3.5259 condBias=25.9116 dotDrift=-4.283sigma uMRED=0.0800991891 uER=0.402344 uMAE=52.8906 WCE=520 bias=-28.2500
[pop04_soft:00800] loss=0.155539 tau=4.50 collapse_w=0.084 mid_frac=0.205 hard=score=0.1359752859 wNMSE=0.033231845 wMSE=1738.3409 wMRED=0.95008292 wER=0.378963 wMAE=19.5458 wBias=0.8462 condBias=18.4291 dotDrift=+1.299sigma uMRED=0.0601888824 uER=0.390625 uMAE=36.2188 WCE=328 bias=-14.7500
[pop04_soft:01000] loss=0.103626 tau=5.25 collapse_w=0.293 mid_frac=0.161 hard=score=0.0922830873 wNMSE=0.032623327 wMSE=1706.5096 wMRED=0.93439506 wER=0.378963 wMAE=19.1573 wBias=0.4231 condBias=18.2247 dotDrift=+0.655sigma uMRED=0.0598261397 uER=0.390625 uMAE=36.2188 WCE=328 bias=-15.2500
[pop04_soft:01199] loss=0.066028 tau=6.00 collapse_w=0.500 mid_frac=0.170 hard=score=0.9768569934 wNMSE=0.027219771 wMSE=1423.8523 wMRED=0.90108318 wER=0.378963 wMAE=17.4093 wBias=3.3979 condBias=22.0941 dotDrift=+5.763sigma uMRED=0.0526504979 uER=0.390625 uMAE=31.8594 WCE=288 bias=4.7500
[pop04_hard:00000] loss=1.036288 tau=6.00 collapse_w=0.500 mid_frac=0.170 hard=score=0.9768569934 wNMSE=0.027219771 wMSE=1423.8523 wMRED=0.90108318 wER=0.378963 wMAE=17.4093 wBias=3.3979 condBias=22.0941 dotDrift=+5.763sigma uMRED=0.0526504979 uER=0.390625 uMAE=31.8594 WCE=288 bias=4.7500
[pop04_hard:00200] loss=0.650170 tau=6.00 collapse_w=0.500 mid_frac=0.170 hard=score=1.4836988205 wNMSE=0.043656668 wMSE=2283.6580 wMRED=0.93538722 wER=0.378963 wMAE=19.0886 wBias=-4.2134 condBias=23.1149 dotDrift=-5.643sigma uMRED=0.0593360056 uER=0.390625 uMAE=35.6406 WCE=376 bias=-27.2500
[pop04_hard:00400] loss=0.648120 tau=6.00 collapse_w=0.500 mid_frac=0.170 hard=score=1.4836988205 wNMSE=0.043656668 wMSE=2283.6580 wMRED=0.93538722 wER=0.378963 wMAE=19.0886 wBias=-4.2134 condBias=23.1149 dotDrift=-5.643sigma uMRED=0.0593360056 uER=0.390625 uMAE=35.6406 WCE=376 bias=-27.2500
[pop04_hard:00599] loss=1.535197 tau=6.00 collapse_w=0.500 mid_frac=0.170 hard=score=1.4836988205 wNMSE=0.043656668 wMSE=2283.6580 wMRED=0.93538722 wER=0.378963 wMAE=19.0886 wBias=-4.2134 condBias=23.1149 dotDrift=-5.643sigma uMRED=0.0593360056 uER=0.390625 uMAE=35.6406 WCE=376 bias=-27.2500
[pop04] done (conf=0.53, noise=0.5); global best score=0.0073429559 wNMSE=0.001032541 wMSE=54.0117 wMRED=0.09263503 wER=0.171854 wMAE=2.4233 wBias=-0.1846 condBias=4.1855 dotDrift=-1.608sigma uMRED=0.0063010340 uER=0.216797 uMAE=3.5312 WCE=48 bias=-0.1250
[pop05_soft:00000] loss=1.717263 tau=1.50 collapse_w=0.000 mid_frac=0.393 hard=score=26.7605765118 wNMSE=0.74362712 wMSE=38898.7556 wMRED=7.50273799 wER=0.437075 wMAE=101.3402 wBias=-18.0417 condBias=111.2444 dotDrift=-5.854sigma uMRED=0.2170770493 uER=0.437500 uMAE=87.7129 WCE=704 bias=40.0625
[pop05_soft:00200] loss=1.063830 tau=2.25 collapse_w=0.000 mid_frac=0.375 hard=score=156.6492268715 wNMSE=0.20901847 wMSE=10933.6494 wMRED=2.62778871 wER=0.393330 wMAE=44.8247 wBias=44.6643 condBias=82.5383 dotDrift=+27.337sigma uMRED=0.1201667997 uER=0.416992 uMAE=66.0859 WCE=640 bias=63.5000
[pop05_soft:00400] loss=0.429968 tau=3.00 collapse_w=0.000 mid_frac=0.339 hard=score=9.2331163134 wNMSE=0.034029735 wMSE=1780.0781 wMRED=0.49838661 wER=0.312210 wMAE=14.0605 wBias=10.8082 condBias=23.6267 dotDrift=+16.395sigma uMRED=0.0651494448 uER=0.391602 uMAE=45.6875 WCE=464 bias=26.5000
[pop05_soft:00600] loss=0.145509 tau=3.75 collapse_w=0.000 mid_frac=0.304 hard=score=0.6849529399 wNMSE=0.034579506 wMSE=1808.8363 wMRED=0.41263209 wER=0.293952 wMAE=12.8200 wBias=2.7615 condBias=23.6132 dotDrift=+4.156sigma uMRED=0.0624423123 uER=0.386719 uMAE=43.9688 WCE=512 bias=-19.6250
[pop05_soft:00800] loss=0.102309 tau=4.50 collapse_w=0.084 mid_frac=0.339 hard=score=0.4926208078 wNMSE=0.022416442 wMSE=1172.5927 wMRED=0.35035603 wER=0.273465 wMAE=10.6989 wBias=2.3420 condBias=20.0281 dotDrift=+4.377sigma uMRED=0.0486361030 uER=0.373047 uMAE=34.0000 WCE=408 bias=-9.6250
[pop05_soft:01000] loss=0.086559 tau=5.25 collapse_w=0.293 mid_frac=0.295 hard=score=0.9938760672 wNMSE=0.022393478 wMSE=1171.3914 wMRED=0.33510060 wER=0.284802 wMAE=10.3018 wBias=3.4475 condBias=20.0558 dotDrift=+6.447sigma uMRED=0.0484189060 uER=0.383789 uMAE=34.0000 WCE=408 bias=-8.6250
[pop05_soft:01199] loss=0.071325 tau=6.00 collapse_w=0.500 mid_frac=0.295 hard=score=0.9938760672 wNMSE=0.022393478 wMSE=1171.3914 wMRED=0.33510060 wER=0.284802 wMAE=10.3018 wBias=3.4475 condBias=20.0558 dotDrift=+6.447sigma uMRED=0.0484189060 uER=0.383789 uMAE=34.0000 WCE=408 bias=-8.6250
[pop05_hard:00000] loss=1.019298 tau=6.00 collapse_w=0.500 mid_frac=0.295 hard=score=0.9938760672 wNMSE=0.022393478 wMSE=1171.3914 wMRED=0.33510060 wER=0.284802 wMAE=10.3018 wBias=3.4475 condBias=20.0558 dotDrift=+6.447sigma uMRED=0.0484189060 uER=0.383789 uMAE=34.0000 WCE=408 bias=-8.6250
[pop05_hard:00200] loss=0.976654 tau=6.00 collapse_w=0.500 mid_frac=0.295 hard=score=0.9509818786 wNMSE=0.035218483 wMSE=1842.2609 wMRED=0.35160483 wER=0.284802 wMAE=11.6121 wBias=-3.3439 condBias=18.5436 dotDrift=-4.986sigma uMRED=0.0516051690 uER=0.383789 uMAE=36.5625 WCE=408 bias=-24.6250
[pop05_hard:00400] loss=0.974838 tau=6.00 collapse_w=0.500 mid_frac=0.277 hard=score=0.9509818786 wNMSE=0.035218483 wMSE=1842.2609 wMRED=0.35160483 wER=0.284802 wMAE=11.6121 wBias=-3.3439 condBias=18.5436 dotDrift=-4.986sigma uMRED=0.0516051690 uER=0.383789 uMAE=36.5625 WCE=408 bias=-24.6250
[pop05_hard:00599] loss=0.100496 tau=6.00 collapse_w=0.500 mid_frac=0.214 hard=score=0.0754559739 wNMSE=0.035541017 wMSE=1859.1325 wMRED=0.40604885 wER=0.302100 wMAE=13.1618 wBias=-0.1710 condBias=17.8226 dotDrift=-0.254sigma uMRED=0.0523776079 uER=0.396484 uMAE=37.0156 WCE=392 bias=-20.1250
[pop05] done (conf=0.51, noise=1.0); global best score=0.0073429559 wNMSE=0.001032541 wMSE=54.0117 wMRED=0.09263503 wER=0.171854 wMAE=2.4233 wBias=-0.1846 condBias=4.1855 dotDrift=-1.608sigma uMRED=0.0063010340 uER=0.216797 uMAE=3.5312 WCE=48 bias=-0.1250
[pop06_soft:00000] loss=3.932977 tau=1.50 collapse_w=0.000 mid_frac=0.330 hard=score=765.5980794227 wNMSE=1.4706485 wMSE=76928.8711 wMRED=7.55853494 wER=0.396315 wMAE=116.1943 wBias=98.6971 condBias=196.6059 dotDrift=+22.774sigma uMRED=0.2327639402 uER=0.425781 uMAE=98.2871 WCE=817 bias=55.3125
[pop06_soft:00200] loss=1.766312 tau=2.25 collapse_w=0.000 mid_frac=0.312 hard=score=24.4145740057 wNMSE=0.53750542 wMSE=28116.6343 wMRED=5.73500236 wER=0.372411 wMAE=79.0429 wBias=-17.3415 condBias=83.7090 dotDrift=-6.619sigma uMRED=0.1710225990 uER=0.414062 uMAE=70.1562 WCE=656 bias=-39.7500
[pop06_soft:00400] loss=1.209684 tau=3.00 collapse_w=0.000 mid_frac=0.304 hard=score=6.4385916589 wNMSE=0.077086139 wMSE=4032.3366 wMRED=1.43536747 wER=0.370093 wMAE=24.5092 wBias=-8.9478 condBias=32.2770 dotDrift=-9.018sigma uMRED=0.0998431722 uER=0.421875 uMAE=63.5234 WCE=672 bias=42.2500
[pop06_soft:00600] loss=0.509567 tau=3.75 collapse_w=0.000 mid_frac=0.312 hard=score=1.6416347778 wNMSE=0.083791302 wMSE=4383.0803 wMRED=0.89275435 wER=0.306572 wMAE=22.6593 wBias=4.3425 condBias=33.0196 dotDrift=+4.198sigma uMRED=0.0738002176 uER=0.383789 uMAE=45.0156 WCE=512 bias=-0.3750
[pop06_soft:00800] loss=0.287473 tau=4.50 collapse_w=0.084 mid_frac=0.250 hard=score=7.0767856726 wNMSE=0.023627716 wMSE=1235.9538 wMRED=0.76734937 wER=0.295412 wMAE=15.5457 wBias=9.4640 condBias=20.7139 dotDrift=+17.229sigma uMRED=0.0491384303 uER=0.357422 uMAE=29.8750 WCE=352 bias=7.5000
[pop06_soft:01000] loss=0.088202 tau=5.25 collapse_w=0.293 mid_frac=0.241 hard=score=3.4411066822 wNMSE=0.020153956 wMSE=1054.2432 wMRED=0.74657620 wER=0.303689 wMAE=14.6995 wBias=6.5797 condBias=18.3797 dotDrift=+12.969sigma uMRED=0.0407711447 uER=0.374023 uMAE=23.7188 WCE=272 bias=4.7500
[pop06_soft:01199] loss=0.051882 tau=6.00 collapse_w=0.500 mid_frac=0.214 hard=score=0.0487286991 wNMSE=0.010055327 wMSE=525.9890 wMRED=0.29550339 wER=0.260827 wMAE=8.5779 wBias=0.4581 condBias=11.6578 dotDrift=+1.278sigma uMRED=0.0316291701 uER=0.364258 uMAE=21.7188 WCE=272 bias=2.7500
[pop06_hard:00000] loss=0.078122 tau=6.00 collapse_w=0.500 mid_frac=0.214 hard=score=0.0487286991 wNMSE=0.010055327 wMSE=525.9890 wMRED=0.29550339 wER=0.260827 wMAE=8.5779 wBias=0.4581 condBias=11.6578 dotDrift=+1.278sigma uMRED=0.0316291701 uER=0.364258 uMAE=21.7188 WCE=272 bias=2.7500
[pop06_hard:00200] loss=0.079457 tau=6.00 collapse_w=0.500 mid_frac=0.205 hard=score=0.0563624822 wNMSE=0.0097451388 wMSE=509.7632 wMRED=0.24760409 wER=0.232699 wMAE=7.7466 wBias=-0.5610 condBias=11.5701 dotDrift=-1.590sigma uMRED=0.0305370718 uER=0.350586 uMAE=21.3438 WCE=272 bias=1.7500
[pop06_hard:00400] loss=0.057377 tau=6.00 collapse_w=0.500 mid_frac=0.188 hard=score=0.0378892039 wNMSE=0.0095312669 wMSE=498.5757 wMRED=0.21969279 wER=0.210401 wMAE=7.1544 wBias=0.2853 condBias=11.4373 dotDrift=+0.818sigma uMRED=0.0300483082 uER=0.336914 uMAE=21.3438 WCE=272 bias=2.7500
[pop06_hard:00599] loss=0.056133 tau=6.00 collapse_w=0.500 mid_frac=0.188 hard=score=0.0378892039 wNMSE=0.0095312669 wMSE=498.5757 wMRED=0.21969279 wER=0.210401 wMAE=7.1544 wBias=0.2853 condBias=11.4373 dotDrift=+0.818sigma uMRED=0.0300483082 uER=0.336914 uMAE=21.3438 WCE=272 bias=2.7500
[pop06] done (conf=0.53, noise=0.5); global best score=0.0073429559 wNMSE=0.001032541 wMSE=54.0117 wMRED=0.09263503 wER=0.171854 wMAE=2.4233 wBias=-0.1846 condBias=4.1855 dotDrift=-1.608sigma uMRED=0.0063010340 uER=0.216797 uMAE=3.5312 WCE=48 bias=-0.1250
[pop07_soft:00000] loss=4.103127 tau=1.50 collapse_w=0.000 mid_frac=0.420 hard=score=54.3443640773 wNMSE=0.79738762 wMSE=41710.9397 wMRED=8.77708698 wER=0.436401 wMAE=59.9227 wBias=26.0275 condBias=65.6521 dotDrift=+8.156sigma uMRED=0.2265196767 uER=0.431641 uMAE=96.4150 WCE=3954 bias=46.6250
[pop07_soft:00200] loss=1.713022 tau=2.25 collapse_w=0.000 mid_frac=0.384 hard=score=73.6883641993 wNMSE=0.18535161 wMSE=9695.6484 wMRED=2.24937881 wER=0.425525 wMAE=37.5999 wBias=-30.6041 condBias=55.4312 dotDrift=-19.892sigma uMRED=0.1187349851 uER=0.434570 uMAE=66.9902 WCE=674 bias=-21.0000
[pop07_soft:00400] loss=1.027992 tau=3.00 collapse_w=0.000 mid_frac=0.348 hard=score=120.6624117857 wNMSE=0.22540987 wMSE=11791.0753 wMRED=3.22272638 wER=0.399499 wMAE=46.6807 wBias=-39.1857 condBias=63.1569 dotDrift=-23.096sigma uMRED=0.1248709352 uER=0.416992 uMAE=63.2344 WCE=648 bias=-6.6250
[pop07_soft:00600] loss=0.411095 tau=3.75 collapse_w=0.000 mid_frac=0.348 hard=score=14.8147796708 wNMSE=0.064318388 wMSE=3364.4621 wMRED=1.07570932 wER=0.320074 wMAE=18.7776 wBias=-13.6920 condBias=29.4279 dotDrift=-15.107sigma uMRED=0.0698571588 uER=0.385742 uMAE=44.5000 WCE=432 bias=-2.2500
[pop07_soft:00800] loss=0.221469 tau=4.50 collapse_w=0.084 mid_frac=0.375 hard=score=3.0770551301 wNMSE=0.051160514 wMSE=2676.1804 wMRED=0.56950081 wER=0.284992 wMAE=13.4832 wBias=-6.1615 condBias=23.6341 dotDrift=-7.623sigma uMRED=0.0595584962 uER=0.374023 uMAE=41.3906 WCE=420 bias=6.3750
[pop07_soft:01000] loss=0.146686 tau=5.25 collapse_w=0.293 mid_frac=0.339 hard=score=0.4978977349 wNMSE=0.048581309 wMSE=2541.2635 wMRED=0.32927710 wER=0.248561 wMAE=11.6827 wBias=-2.2423 condBias=23.7148 dotDrift=-2.847sigma uMRED=0.0599599099 uER=0.372070 uMAE=44.7891 WCE=512 bias=14.1250
[pop07_soft:01199] loss=0.109517 tau=6.00 collapse_w=0.500 mid_frac=0.304 hard=score=0.4978977349 wNMSE=0.048581309 wMSE=2541.2635 wMRED=0.32927710 wER=0.248561 wMAE=11.6827 wBias=-2.2423 condBias=23.7148 dotDrift=-2.847sigma uMRED=0.0599599099 uER=0.372070 uMAE=44.7891 WCE=512 bias=14.1250
[pop07_hard:00000] loss=0.522121 tau=6.00 collapse_w=0.500 mid_frac=0.304 hard=score=0.4978977349 wNMSE=0.048581309 wMSE=2541.2635 wMRED=0.32927710 wER=0.248561 wMAE=11.6827 wBias=-2.2423 condBias=23.7148 dotDrift=-2.847sigma uMRED=0.0599599099 uER=0.372070 uMAE=44.7891 WCE=512 bias=14.1250
[pop07_hard:00200] loss=0.517472 tau=6.00 collapse_w=0.500 mid_frac=0.304 hard=score=0.4978977349 wNMSE=0.048581309 wMSE=2541.2635 wMRED=0.32927710 wER=0.248561 wMAE=11.6827 wBias=-2.2423 condBias=23.7148 dotDrift=-2.847sigma uMRED=0.0599599099 uER=0.372070 uMAE=44.7891 WCE=512 bias=14.1250
[pop07_hard:00400] loss=0.516921 tau=6.00 collapse_w=0.500 mid_frac=0.304 hard=score=0.4978977349 wNMSE=0.048581309 wMSE=2541.2635 wMRED=0.32927710 wER=0.248561 wMAE=11.6827 wBias=-2.2423 condBias=23.7148 dotDrift=-2.847sigma uMRED=0.0599599099 uER=0.372070 uMAE=44.7891 WCE=512 bias=14.1250
[pop07_hard:00599] loss=0.129291 tau=6.00 collapse_w=0.500 mid_frac=0.304 hard=score=0.1069403526 wNMSE=0.048928002 wMSE=2559.3988 wMRED=0.40106820 wER=0.358887 wMAE=13.2453 wBias=0.1003 condBias=23.7430 dotDrift=+0.127sigma uMRED=0.0614709965 uER=0.400391 uMAE=45.2422 WCE=520 bias=15.1250
[pop07] done (conf=0.51, noise=1.0); global best score=0.0073429559 wNMSE=0.001032541 wMSE=54.0117 wMRED=0.09263503 wER=0.171854 wMAE=2.4233 wBias=-0.1846 condBias=4.1855 dotDrift=-1.608sigma uMRED=0.0063010340 uER=0.216797 uMAE=3.5312 WCE=48 bias=-0.1250
[pop08_soft:00000] loss=3.094328 tau=1.50 collapse_w=0.000 mid_frac=0.348 hard=score=20.2699458020 wNMSE=0.28333421 wMSE=14821.0681 wMRED=1.10575415 wER=0.420794 wMAE=32.2378 wBias=15.8905 condBias=62.7711 dotDrift=+8.354sigma uMRED=0.1481498424 uER=0.431641 uMAE=100.3594 WCE=850 bias=65.1250
[pop08_soft:00200] loss=1.436514 tau=2.25 collapse_w=0.000 mid_frac=0.304 hard=score=3.7354691166 wNMSE=0.045709096 wMSE=2391.0195 wMRED=0.74579155 wER=0.295170 wMAE=16.0193 wBias=-6.8104 condBias=24.6215 dotDrift=-8.914sigma uMRED=0.0772258372 uER=0.374023 uMAE=52.3906 WCE=520 bias=5.7500
[pop08_soft:00400] loss=0.573522 tau=3.00 collapse_w=0.000 mid_frac=0.312 hard=score=0.1333568234 wNMSE=0.019602213 wMSE=1025.3818 wMRED=0.35194954 wER=0.300071 wMAE=10.2389 wBias=-1.0116 condBias=16.0605 dotDrift=-2.022sigma uMRED=0.0466574538 uER=0.370117 uMAE=32.5078 WCE=384 bias=6.3750
[pop08_soft:00600] loss=0.110473 tau=3.75 collapse_w=0.000 mid_frac=0.295 hard=score=0.5730601899 wNMSE=0.019428264 wMSE=1016.2826 wMRED=0.35349780 wER=0.303280 wMAE=10.4070 wBias=-2.5825 condBias=16.1822 dotDrift=-5.185sigma uMRED=0.0493728249 uER=0.370117 uMAE=34.1484 WCE=344 bias=-20.1250
[pop08_soft:00800] loss=0.059701 tau=4.50 collapse_w=0.084 mid_frac=0.268 hard=score=0.1491302309 wNMSE=0.022776801 wMSE=1191.4429 wMRED=0.30036589 wER=0.262742 wMAE=10.3054 wBias=-1.0964 condBias=17.2236 dotDrift=-2.033sigma uMRED=0.0575133396 uER=0.360352 uMAE=41.3203 WCE=336 bias=-11.2500
[pop08_soft:01000] loss=0.050409 tau=5.25 collapse_w=0.293 mid_frac=0.161 hard=score=0.3011374363 wNMSE=0.016198508 wMSE=847.3357 wMRED=0.26702435 wER=0.245327 wMAE=8.5867 wBias=-1.8083 condBias=14.5072 dotDrift=-3.976sigma uMRED=0.0417320375 uER=0.346680 uMAE=29.2109 WCE=336 bias=-16.0000
[pop08_soft:01199] loss=0.038365 tau=6.00 collapse_w=0.500 mid_frac=0.143 hard=score=0.3011374363 wNMSE=0.016198508 wMSE=847.3357 wMRED=0.26702435 wER=0.245327 wMAE=8.5867 wBias=-1.8083 condBias=14.5072 dotDrift=-3.976sigma uMRED=0.0417320375 uER=0.346680 uMAE=29.2109 WCE=336 bias=-16.0000
[pop08_hard:00000] loss=0.322332 tau=6.00 collapse_w=0.500 mid_frac=0.143 hard=score=0.3011374363 wNMSE=0.016198508 wMSE=847.3357 wMRED=0.26702435 wER=0.245327 wMAE=8.5867 wBias=-1.8083 condBias=14.5072 dotDrift=-3.976sigma uMRED=0.0417320375 uER=0.346680 uMAE=29.2109 WCE=336 bias=-16.0000
[pop08_hard:00200] loss=0.318176 tau=6.00 collapse_w=0.500 mid_frac=0.134 hard=score=0.3011374363 wNMSE=0.016198508 wMSE=847.3357 wMRED=0.26702435 wER=0.245327 wMAE=8.5867 wBias=-1.8083 condBias=14.5072 dotDrift=-3.976sigma uMRED=0.0417320375 uER=0.346680 uMAE=29.2109 WCE=336 bias=-16.0000
[pop08_hard:00400] loss=0.093159 tau=6.00 collapse_w=0.500 mid_frac=0.125 hard=score=0.0853004265 wNMSE=0.019786078 wMSE=1034.9997 wMRED=0.26940164 wER=0.245327 wMAE=8.8310 wBias=-0.5783 condBias=15.9439 dotDrift=-1.150sigma uMRED=0.0470359663 uER=0.346680 uMAE=33.9141 WCE=480 bias=8.0000
[pop08_hard:00599] loss=0.089554 tau=6.00 collapse_w=0.500 mid_frac=0.116 hard=score=0.0714716304 wNMSE=0.0095260732 wMSE=498.3040 wMRED=0.23307444 wER=0.243206 wMAE=6.6356 wBias=0.7565 condBias=10.6730 dotDrift=+2.169sigma uMRED=0.0269356277 uER=0.340820 uMAE=18.0078 WCE=204 bias=-4.0000
[pop08] done (conf=0.53, noise=0.5); global best score=0.0073429559 wNMSE=0.001032541 wMSE=54.0117 wMRED=0.09263503 wER=0.171854 wMAE=2.4233 wBias=-0.1846 condBias=4.1855 dotDrift=-1.608sigma uMRED=0.0063010340 uER=0.216797 uMAE=3.5312 WCE=48 bias=-0.1250
[pop09_soft:00000] loss=2.395375 tau=1.50 collapse_w=0.000 mid_frac=0.393 hard=score=24.5674025225 wNMSE=1.001812 wMSE=52404.2749 wMRED=8.28853905 wER=0.431552 wMAE=111.9676 wBias=-17.0842 condBias=119.5395 dotDrift=-4.776sigma uMRED=0.2270518470 uER=0.434570 uMAE=88.5391 WCE=748 bias=35.5625
[pop09_soft:00200] loss=1.987862 tau=2.25 collapse_w=0.000 mid_frac=0.375 hard=score=74.3548601835 wNMSE=0.9119757 wMSE=47704.9842 wMRED=7.59778378 wER=0.427495 wMAE=99.9565 wBias=-30.4960 condBias=111.1881 dotDrift=-8.936sigma uMRED=0.1903871080 uER=0.422852 uMAE=66.6875 WCE=686 bias=11.6250
[pop09_soft:00400] loss=1.204232 tau=3.00 collapse_w=0.000 mid_frac=0.384 hard=score=15.9699735878 wNMSE=0.05695293 wMSE=2979.1787 wMRED=1.46917385 wER=0.372550 wMAE=23.8533 wBias=-14.2249 condBias=30.2593 dotDrift=-16.679sigma uMRED=0.0743910128 uER=0.405273 uMAE=43.9375 WCE=404 bias=19.5000
[pop09_soft:00600] loss=0.433528 tau=3.75 collapse_w=0.000 mid_frac=0.366 hard=score=12.1821199051 wNMSE=0.04047835 wMSE=2117.4018 wMRED=1.30512786 wER=0.334896 wMAE=19.7963 wBias=-12.4232 condBias=28.4549 dotDrift=-17.279sigma uMRED=0.0592877440 uER=0.390625 uMAE=32.8906 WCE=340 bias=14.2500
[pop09_soft:00800] loss=0.207153 tau=4.50 collapse_w=0.084 mid_frac=0.348 hard=score=4.6848350179 wNMSE=0.040668912 wMSE=2127.3701 wMRED=1.27807841 wER=0.370089 wMAE=22.2126 wBias=-7.6534 condBias=28.4236 dotDrift=-10.620sigma uMRED=0.0591263523 uER=0.398438 uMAE=32.3828 WCE=356 bias=8.3750
[pop09_soft:01000] loss=0.136105 tau=5.25 collapse_w=0.293 mid_frac=0.304 hard=score=6.5974332157 wNMSE=0.041132913 wMSE=2151.6417 wMRED=1.28537980 wER=0.369137 wMAE=22.3072 wBias=-9.1115 condBias=28.5591 dotDrift=-12.571sigma uMRED=0.0592760913 uER=0.384766 uMAE=31.5938 WCE=340 bias=5.8750
[pop09_soft:01199] loss=0.073137 tau=6.00 collapse_w=0.500 mid_frac=0.295 hard=score=0.8422915968 wNMSE=0.023173953 wMSE=1212.2176 wMRED=0.76564427 wER=0.369137 wMAE=15.3248 wBias=3.1575 condBias=18.8476 dotDrift=+5.804sigma uMRED=0.0503898974 uER=0.384766 uMAE=29.9531 WCE=340 bias=9.8750
[pop09_hard:00000] loss=0.896367 tau=6.00 collapse_w=0.500 mid_frac=0.295 hard=score=0.8422915968 wNMSE=0.023173953 wMSE=1212.2176 wMRED=0.76564427 wER=0.369137 wMAE=15.3248 wBias=3.1575 condBias=18.8476 dotDrift=+5.804sigma uMRED=0.0503898974 uER=0.384766 uMAE=29.9531 WCE=340 bias=9.8750
[pop09_hard:00200] loss=0.760921 tau=6.00 collapse_w=0.500 mid_frac=0.295 hard=score=0.7315389746 wNMSE=0.014043586 wMSE=734.6128 wMRED=0.33908006 wER=0.331843 wMAE=9.3409 wBias=-2.9641 condBias=14.7200 dotDrift=-6.999sigma uMRED=0.0416015667 uER=0.375977 uMAE=27.9844 WCE=340 bias=7.8750
[pop09_hard:00400] loss=0.199649 tau=6.00 collapse_w=0.500 mid_frac=0.286 hard=score=0.1715939897 wNMSE=0.015194621 wMSE=794.8229 wMRED=0.34163530 wER=0.331843 wMAE=9.8113 wBias=-1.2720 condBias=14.4405 dotDrift=-2.888sigma uMRED=0.0430154713 uER=0.375977 uMAE=29.3438 WCE=340 bias=11.8750
[pop09_hard:00599] loss=0.132382 tau=6.00 collapse_w=0.500 mid_frac=0.268 hard=score=0.1051168987 wNMSE=0.016762072 wMSE=876.8154 wMRED=0.34197313 wER=0.331843 wMAE=10.5356 wBias=0.8732 condBias=12.3339 dotDrift=+1.887sigma uMRED=0.0431631453 uER=0.375977 uMAE=30.4062 WCE=340 bias=15.8750
[pop09] done (conf=0.51, noise=1.0); global best score=0.0073429559 wNMSE=0.001032541 wMSE=54.0117 wMRED=0.09263503 wER=0.171854 wMAE=2.4233 wBias=-0.1846 condBias=4.1855 dotDrift=-1.608sigma uMRED=0.0063010340 uER=0.216797 uMAE=3.5312 WCE=48 bias=-0.1250
[pop10_soft:00000] loss=3.448155 tau=1.50 collapse_w=0.000 mid_frac=0.330 hard=score=81.3849036178 wNMSE=0.42604945 wMSE=22286.4295 wMRED=4.98969846 wER=0.436351 wMAE=80.1353 wBias=32.0810 condBias=89.5099 dotDrift=+13.753sigma uMRED=0.1733190552 uER=0.430664 uMAE=82.0547 WCE=668 bias=7.0625
[pop10_soft:00200] loss=1.057397 tau=2.25 collapse_w=0.000 mid_frac=0.286 hard=score=45.8065513534 wNMSE=0.18517488 wMSE=9686.4036 wMRED=2.50732051 wER=0.418503 wMAE=41.5628 wBias=-24.0790 condBias=58.6852 dotDrift=-15.658sigma uMRED=0.1227589235 uER=0.427734 uMAE=68.9141 WCE=644 bias=-23.8750
[pop10_soft:00400] loss=0.240438 tau=3.00 collapse_w=0.000 mid_frac=0.250 hard=score=0.2015136833 wNMSE=0.019925177 wMSE=1042.2759 wMRED=0.75016473 wER=0.350672 wMAE=14.3754 wBias=1.3651 condBias=18.1482 dotDrift=+2.706sigma uMRED=0.0467601271 uER=0.382812 uMAE=27.7969 WCE=316 bias=-16.6250
[pop10_soft:00600] loss=0.075638 tau=3.75 collapse_w=0.000 mid_frac=0.214 hard=score=0.0699678642 wNMSE=0.022511552 wMSE=1177.5678 wMRED=0.27224564 wER=0.243654 wMAE=9.2712 wBias=-0.4803 condBias=16.5819 dotDrift=-0.896sigma uMRED=0.0415612063 uER=0.353516 uMAE=28.2812 WCE=300 bias=-11.1250
[pop10_soft:00800] loss=0.049995 tau=4.50 collapse_w=0.084 mid_frac=0.196 hard=score=0.0587368579 wNMSE=0.022370181 wMSE=1170.1728 wMRED=0.22654725 wER=0.229346 wMAE=8.5928 wBias=0.3077 condBias=16.5416 dotDrift=+0.576sigma uMRED=0.0400599086 uER=0.344727 uMAE=27.5469 WCE=292 bias=-9.8750
[pop10_soft:01000] loss=0.042273 tau=5.25 collapse_w=0.293 mid_frac=0.134 hard=score=0.7400879066 wNMSE=0.008189072 wMSE=428.3662 wMRED=0.17707989 wER=0.224765 wMAE=5.6317 wBias=-3.0089 condBias=11.5817 dotDrift=-9.304sigma uMRED=0.0286636056 uER=0.330078 uMAE=20.3594 WCE=288 bias=-17.7500
[pop10_soft:01199] loss=0.032015 tau=6.00 collapse_w=0.500 mid_frac=0.134 hard=score=0.7400879066 wNMSE=0.008189072 wMSE=428.3662 wMRED=0.17707989 wER=0.224765 wMAE=5.6317 wBias=-3.0089 condBias=11.5817 dotDrift=-9.304sigma uMRED=0.0286636056 uER=0.330078 uMAE=20.3594 WCE=288 bias=-17.7500
[pop10_hard:00000] loss=0.756915 tau=6.00 collapse_w=0.500 mid_frac=0.134 hard=score=0.7400879066 wNMSE=0.008189072 wMSE=428.3662 wMRED=0.17707989 wER=0.224765 wMAE=5.6317 wBias=-3.0089 condBias=11.5817 dotDrift=-9.304sigma uMRED=0.0286636056 uER=0.330078 uMAE=20.3594 WCE=288 bias=-17.7500
[pop10_hard:00200] loss=0.752008 tau=6.00 collapse_w=0.500 mid_frac=0.125 hard=score=0.7400879066 wNMSE=0.008189072 wMSE=428.3662 wMRED=0.17707989 wER=0.224765 wMAE=5.6317 wBias=-3.0089 condBias=11.5817 dotDrift=-9.304sigma uMRED=0.0286636056 uER=0.330078 uMAE=20.3594 WCE=288 bias=-17.7500
[pop10_hard:00400] loss=0.750674 tau=6.00 collapse_w=0.500 mid_frac=0.125 hard=score=0.7400879066 wNMSE=0.008189072 wMSE=428.3662 wMRED=0.17707989 wER=0.224765 wMAE=5.6317 wBias=-3.0089 condBias=11.5817 dotDrift=-9.304sigma uMRED=0.0286636056 uER=0.330078 uMAE=20.3594 WCE=288 bias=-17.7500
[pop10_hard:00599] loss=0.235962 tau=6.00 collapse_w=0.500 mid_frac=0.107 hard=score=0.2211090262 wNMSE=0.0078319208 wMSE=409.6838 wMRED=0.16762500 wER=0.204903 wMAE=5.4399 wBias=-1.5858 condBias=10.8275 dotDrift=-5.014sigma uMRED=0.0229030164 uER=0.303711 uMAE=15.3281 WCE=192 bias=-1.6250
[pop10] done (conf=0.53, noise=0.5); global best score=0.0073429559 wNMSE=0.001032541 wMSE=54.0117 wMRED=0.09263503 wER=0.171854 wMAE=2.4233 wBias=-0.1846 condBias=4.1855 dotDrift=-1.608sigma uMRED=0.0063010340 uER=0.216797 uMAE=3.5312 WCE=48 bias=-0.1250
[pop11_soft:00000] loss=2.401988 tau=1.50 collapse_w=0.000 mid_frac=0.402 hard=score=175.0883922215 wNMSE=0.21996099 wMSE=11506.0473 wMRED=2.80661747 wER=0.437075 wMAE=52.9291 wBias=47.2276 condBias=77.7491 dotDrift=+28.178sigma uMRED=0.1370704419 uER=0.437500 uMAE=74.9609 WCE=667 bias=20.5625
[pop11_soft:00200] loss=1.551495 tau=2.25 collapse_w=0.000 mid_frac=0.375 hard=score=1.4634555886 wNMSE=0.14185836 wMSE=7420.5383 wMRED=3.30848394 wER=0.437075 wMAE=49.2603 wBias=3.9046 condBias=41.6239 dotDrift=+2.901sigma uMRED=0.1130051383 uER=0.437500 uMAE=56.8594 WCE=373 bias=-24.6875
[pop11_soft:00400] loss=1.128757 tau=3.00 collapse_w=0.000 mid_frac=0.375 hard=score=13.0254275398 wNMSE=0.043920474 wMSE=2297.4576 wMRED=0.85237065 wER=0.402894 wMAE=20.4255 wBias=12.8462 condBias=25.8820 dotDrift=+17.153sigma uMRED=0.0706554659 uER=0.431641 uMAE=45.8672 WCE=528 bias=24.8750
[pop11_soft:00600] loss=0.676055 tau=3.75 collapse_w=0.000 mid_frac=0.384 hard=score=19.9162103152 wNMSE=0.056851943 wMSE=2973.8962 wMRED=0.83562159 wER=0.374997 wMAE=20.9159 wBias=15.8952 condBias=29.8422 dotDrift=+18.655sigma uMRED=0.0854285733 uER=0.421875 uMAE=58.2266 WCE=656 bias=50.8750
[pop11_soft:00800] loss=0.533171 tau=4.50 collapse_w=0.084 mid_frac=0.366 hard=score=20.3621845482 wNMSE=0.049234873 wMSE=2575.4511 wMRED=0.83040050 wER=0.386577 wMAE=20.4991 wBias=16.0813 condBias=27.8479 dotDrift=+20.280sigma uMRED=0.0791167691 uER=0.425781 uMAE=52.6172 WCE=528 bias=47.0000
[pop11_soft:01000] loss=0.441081 tau=5.25 collapse_w=0.293 mid_frac=0.330 hard=score=19.6088312045 wNMSE=0.049163268 wMSE=2571.7055 wMRED=0.83366090 wER=0.372486 wMAE=20.4272 wBias=15.7794 condBias=27.8387 dotDrift=+19.914sigma uMRED=0.0789281079 uER=0.422852 uMAE=52.4219 WCE=528 bias=46.7500
[pop11_soft:01199] loss=0.349385 tau=6.00 collapse_w=0.500 mid_frac=0.330 hard=score=19.6088312045 wNMSE=0.049163268 wMSE=2571.7055 wMRED=0.83366090 wER=0.372486 wMAE=20.4272 wBias=15.7794 condBias=27.8387 dotDrift=+19.914sigma uMRED=0.0789281079 uER=0.422852 uMAE=52.4219 WCE=528 bias=46.7500
[pop11_hard:00000] loss=19.658806 tau=6.00 collapse_w=0.500 mid_frac=0.330 hard=score=19.6088312045 wNMSE=0.049163268 wMSE=2571.7055 wMRED=0.83366090 wER=0.372486 wMAE=20.4272 wBias=15.7794 condBias=27.8387 dotDrift=+19.914sigma uMRED=0.0789281079 uER=0.422852 uMAE=52.4219 WCE=528 bias=46.7500
[pop11_hard:00200] loss=12.377044 tau=6.00 collapse_w=0.500 mid_frac=0.312 hard=score=12.3122438973 wNMSE=0.035022114 wMSE=1831.9889 wMRED=0.81356987 wER=0.372486 wMAE=18.9927 wBias=12.5040 condBias=21.8569 dotDrift=+18.697sigma uMRED=0.0593501779 uER=0.422852 uMAE=38.6094 WCE=244 bias=14.7500
[pop11_hard:00400] loss=6.494493 tau=6.00 collapse_w=0.500 mid_frac=0.321 hard=score=5.5530892787 wNMSE=0.031102463 wMSE=1626.9540 wMRED=0.77113241 wER=0.391640 wMAE=18.4084 wBias=8.3735 condBias=20.0939 dotDrift=+13.286sigma uMRED=0.0553749978 uER=0.422852 uMAE=35.5312 WCE=244 bias=3.6250
[pop11_hard:00599] loss=3.417861 tau=6.00 collapse_w=0.500 mid_frac=0.330 hard=score=3.3380409575 wNMSE=0.034422029 wMSE=1800.5988 wMRED=0.75584465 wER=0.390864 wMAE=18.5583 wBias=6.4519 condBias=21.9133 dotDrift=+9.731sigma uMRED=0.0671856710 uER=0.419922 uMAE=44.1406 WCE=392 bias=-20.8750
[pop11] done (conf=0.51, noise=1.0); global best score=0.0073429559 wNMSE=0.001032541 wMSE=54.0117 wMRED=0.09263503 wER=0.171854 wMAE=2.4233 wBias=-0.1846 condBias=4.1855 dotDrift=-1.608sigma uMRED=0.0063010340 uER=0.216797 uMAE=3.5312 WCE=48 bias=-0.1250
[best] stage=quad_soft score=0.0073429559 wNMSE=0.001032541 wMSE=54.0117 wMRED=0.09263503 wER=0.171854 wMAE=2.4233 wBias=-0.1846 condBias=4.1855 dotDrift=-1.608sigma uMRED=0.0063010340 uER=0.216797 uMAE=3.5312 WCE=48 bias=-0.1250
[best-json] /home/xuanqi/tony/work/FPGA/signed8x8_approx/signed8x8_2026_8_22/runs_module_groups/G2_v/balanced_split/rand303/best_signed88_inits.json
[best-rtl] /home/xuanqi/tony/work/FPGA/signed8x8_approx/signed8x8_2026_8_22/runs_module_groups/G2_v/balanced_split/rand303/best_rtl
[design] balanced_split search_bits=112
[start] score=0.0073429559 wNMSE=0.001032541 wMSE=54.0117 wMRED=0.09263503 wER=0.171854 wMAE=2.4233 wBias=-0.1846 condBias=4.1855 dotDrift=-1.608sigma uMRED=0.0063010340 uER=0.216797 uMAE=3.5312 WCE=48 bias=-0.1250
[single] ACCEPT ['lo_lut23:3'] 0.0073429559->0.0047162940 wNMSE=0.0010475072 wBias=+0.01112
[single] ACCEPT ['lo_lut45:15'] 0.0047162940->0.0047153089 wNMSE=0.0010468338 wBias=-0.01367
[single] ACCEPT ['lo_lut45:19'] 0.0047153089->0.0047105462 wNMSE=0.0010502649 wBias=+0.00989
[single] round=4 no improvement
[pair] ACCEPT ['lo_lut23:51', 'lo_lut01:63'] 0.0047105462->0.0039997335 wNMSE=0.0009553022 wBias=-0.01321
[pair] ACCEPT ['mid_lut01:63', 'mid_lut01:55'] 0.0039997335->0.0037970121 wNMSE=0.00082629623 wBias=-0.01373
[pair] ACCEPT ['lo_lut45:15', 'lo_lut45:19'] 0.0037970121->0.0037944866 wNMSE=0.00082118514 wBias=-0.01250
[pair] round=4 no improvement
[final] score=0.0037944866 wNMSE=0.00082118514 wMSE=42.9558 wMRED=0.16450239 wER=0.332966 wMAE=2.9315 wBias=-0.0125 condBias=3.4725 dotDrift=-0.122sigma uMRED=0.0072473952 uER=0.342773 uMAE=3.6562 WCE=40 bias=-0.1250
[json] /home/xuanqi/tony/work/FPGA/signed8x8_approx/signed8x8_2026_8_22/runs_module_groups/G2_v/balanced_split/rand303/refined/best_signed88_inits.json
