[design] balanced_split quad4 entries=112
[device] cuda
[initial] score=69.2333040606 wNMSE=0.29170019 wMSE=18791.4132 wMRED=3.33073319 wER=0.437169 wMAE=59.3856 wBias=-32.8640 condBias=76.2813 dotDrift=-15.343sigma uMRED=0.1623984204 uER=0.437500 uMAE=79.8301 WCE=611 bias=-13.3125
[quad_warmup_bit:00000] loss=0.787088 tau=1.50 collapse_w=0.000 mid_frac=0.554 hard=score=69.2333040606 wNMSE=0.29170019 wMSE=18791.4132 wMRED=3.33073319 wER=0.437169 wMAE=59.3856 wBias=-32.8640 condBias=76.2813 dotDrift=-15.343sigma uMRED=0.1623984204 uER=0.437500 uMAE=79.8301 WCE=611 bias=-13.3125
[quad_warmup_bit:00200] loss=0.235103 tau=1.50 collapse_w=0.000 mid_frac=0.536 hard=score=185.7668697788 wNMSE=0.42115563 wMSE=27130.9711 wMRED=4.30724517 wER=0.437169 wMAE=68.8036 wBias=-53.9316 condBias=102.1422 dotDrift=-20.955sigma uMRED=0.1732376193 uER=0.437500 uMAE=78.7031 WCE=682 bias=-54.3125
[quad_warmup_bit:00400] loss=0.214056 tau=1.50 collapse_w=0.000 mid_frac=0.491 hard=score=182.3584132603 wNMSE=0.41176825 wMSE=26526.2336 wMRED=4.22183625 wER=0.421070 wMAE=67.7142 wBias=-53.4351 condBias=101.1342 dotDrift=-20.998sigma uMRED=0.1715790606 uER=0.430664 uMAE=78.3828 WCE=672 bias=-53.7500
[quad_warmup_bit:00600] loss=0.198618 tau=1.50 collapse_w=0.000 mid_frac=0.446 hard=score=171.5768464898 wNMSE=0.38458377 wMSE=24775.0008 wMRED=3.89708266 wER=0.385862 wMAE=64.0388 wBias=-51.8316 condBias=99.2622 dotDrift=-21.075sigma uMRED=0.1645383358 uER=0.410156 uMAE=76.1016 WCE=644 bias=-53.2500
[quad_warmup_bit:00800] loss=0.184979 tau=1.50 collapse_w=0.000 mid_frac=0.411 hard=score=209.3590558557 wNMSE=0.37644894 wMSE=24250.9530 wMRED=3.70753598 wER=0.285833 wMAE=58.9466 wBias=-57.2810 condBias=105.2164 dotDrift=-23.541sigma uMRED=0.1557232872 uER=0.363281 uMAE=72.3750 WCE=640 bias=-57.2500
[quad_warmup_bit:01000] loss=0.172793 tau=1.50 collapse_w=0.000 mid_frac=0.384 hard=score=209.8338873306 wNMSE=0.37524253 wMSE=24173.2357 wMRED=3.69740398 wER=0.267018 wMAE=58.5866 wBias=-57.3465 condBias=105.2657 dotDrift=-23.606sigma uMRED=0.1532053391 uER=0.359375 uMAE=70.3125 WCE=640 bias=-59.1250
[quad_warmup_bit:01200] loss=0.161746 tau=1.50 collapse_w=0.000 mid_frac=0.366 hard=score=207.6018381059 wNMSE=0.37394379 wMSE=24089.5704 wMRED=3.69389244 wER=0.266128 wMAE=58.2799 wBias=-57.0399 condBias=105.0397 dotDrift=-23.520sigma uMRED=0.1504215585 uER=0.339844 uMAE=67.8125 WCE=640 bias=-56.6250
[quad_warmup_bit:01400] loss=0.153500 tau=1.50 collapse_w=0.000 mid_frac=0.357 hard=score=255.2281177939 wNMSE=0.41239217 wMSE=26566.4266 wMRED=4.09052365 wER=0.268816 wMAE=64.5023 wBias=-63.2579 condBias=110.1828 dotDrift=-24.839sigma uMRED=0.1598399824 uER=0.346680 uMAE=70.0000 WCE=640 bias=-58.7500
[quad_warmup_bit:01600] loss=0.147133 tau=1.50 collapse_w=0.000 mid_frac=0.348 hard=score=243.4828227866 wNMSE=0.40640272 wMSE=26180.5841 wMRED=4.08167947 wER=0.267005 wMAE=64.3783 wBias=-61.7826 condBias=108.6202 dotDrift=-24.437sigma uMRED=0.1568053974 uER=0.332031 uMAE=68.5000 WCE=640 bias=-56.7500
[quad_warmup_bit:01800] loss=0.141685 tau=1.50 collapse_w=0.000 mid_frac=0.339 hard=score=245.9555444791 wNMSE=0.40601559 wMSE=26155.6454 wMRED=4.08130553 wER=0.267005 wMAE=64.0237 wBias=-62.0970 condBias=108.8994 dotDrift=-24.574sigma uMRED=0.1544586887 uER=0.332031 uMAE=66.0625 WCE=576 bias=-55.8750
[quad_warmup_bit:02000] loss=0.136595 tau=1.50 collapse_w=0.000 mid_frac=0.286 hard=score=156.2095609703 wNMSE=0.33716686 wMSE=21720.3897 wMRED=3.30025479 wER=0.229567 wMAE=51.9010 wBias=-49.4613 condBias=99.6058 dotDrift=-21.479sigma uMRED=0.1313763645 uER=0.320312 uMAE=58.1250 WCE=544 bias=-47.3750
[quad_warmup_bit:02200] loss=0.131539 tau=1.50 collapse_w=0.000 mid_frac=0.268 hard=score=155.5747316336 wNMSE=0.33637951 wMSE=21669.6684 wMRED=3.29945128 wER=0.229567 wMAE=51.8002 wBias=-49.3605 condBias=99.4044 dotDrift=-21.460sigma uMRED=0.1290803838 uER=0.320312 uMAE=56.1250 WCE=544 bias=-45.3750
[quad_warmup_bit:02250] loss=0.130227 tau=1.50 collapse_w=0.000 mid_frac=0.259 hard=score=0.1499254403 wNMSE=0.075054831 wMSE=4835.0546 wMRED=0.69951307 wER=0.229567 wMAE=18.9201 wBias=-0.3107 condBias=33.2815 dotDrift=-0.286sigma uMRED=0.0739114318 uER=0.320312 uMAE=46.2188 WCE=544 bias=-29.3750 *BEST*
[quad_warmup_bit:02400] loss=0.126146 tau=1.50 collapse_w=0.000 mid_frac=0.250 hard=score=0.1837588425 wNMSE=0.080163385 wMSE=5164.1492 wMRED=0.70330741 wER=0.229567 wMAE=19.2957 wBias=-0.6862 condBias=34.6212 dotDrift=-0.611sigma uMRED=0.0789673290 uER=0.320312 uMAE=50.2188 WCE=576 bias=-33.3750
[quad_warmup_bit:02600] loss=0.121249 tau=1.50 collapse_w=0.000 mid_frac=0.250 hard=score=0.2091338719 wNMSE=0.081413086 wMSE=5244.6553 wMRED=0.70490846 wER=0.229567 wMAE=19.4825 wBias=-0.8730 condBias=35.3960 dotDrift=-0.772sigma uMRED=0.0812235647 uER=0.320312 uMAE=52.2188 WCE=640 bias=-35.3750
[quad_warmup_bit:02800] loss=0.116987 tau=1.50 collapse_w=0.000 mid_frac=0.223 hard=score=2.2951267318 wNMSE=0.027891305 wMSE=1796.7662 wMRED=0.60451909 wER=0.225001 wMAE=12.9987 wBias=5.8953 condBias=23.0331 dotDrift=+8.901sigma uMRED=0.0564198646 uER=0.305664 uMAE=37.0156 WCE=640 bias=-19.3750
[quad_warmup_bit:03000] loss=0.113143 tau=1.50 collapse_w=0.000 mid_frac=0.214 hard=score=2.6937532295 wNMSE=0.01590827 wMSE=1024.8155 wMRED=0.58538202 wER=0.217898 wMAE=11.1688 wBias=6.4520 condBias=16.4739 dotDrift=+12.899sigma uMRED=0.0378997507 uER=0.277344 uMAE=22.9531 WCE=320 bias=-7.3750
[quad_warmup_bit:03200] loss=0.109752 tau=1.50 collapse_w=0.000 mid_frac=0.170 hard=score=1.5527163689 wNMSE=0.014918626 wMSE=961.0623 wMRED=0.50520175 wER=0.217962 wMAE=10.5970 wBias=4.8689 condBias=16.0334 dotDrift=+10.052sigma uMRED=0.0377252655 uER=0.277344 uMAE=23.6875 WCE=336 bias=-15.8750
[quad_warmup_bit:03400] loss=0.106572 tau=1.50 collapse_w=0.000 mid_frac=0.134 hard=score=1.5527163689 wNMSE=0.014918626 wMSE=961.0623 wMRED=0.50520175 wER=0.217962 wMAE=10.5970 wBias=4.8689 condBias=16.0334 dotDrift=+10.052sigma uMRED=0.0377252655 uER=0.277344 uMAE=23.6875 WCE=336 bias=-15.8750
[quad_warmup_bit:03600] loss=0.101748 tau=1.50 collapse_w=0.000 mid_frac=0.098 hard=score=2.0585290908 wNMSE=0.01229289 wMSE=791.9116 wMRED=0.49958267 wER=0.216266 wMAE=9.8844 wBias=5.6455 condBias=14.7735 dotDrift=+12.839sigma uMRED=0.0254579432 uER=0.257812 uMAE=12.6094 WCE=180 bias=-3.8750
[quad_warmup_bit:03800] loss=0.095788 tau=1.50 collapse_w=0.000 mid_frac=0.071 hard=score=2.3810637476 wNMSE=0.011334368 wMSE=730.1634 wMRED=0.49492912 wER=0.213823 wMAE=9.4473 wBias=6.0826 condBias=14.2185 dotDrift=+14.407sigma uMRED=0.0202864845 uER=0.238281 uMAE=8.6094 WCE=144 bias=0.1250
[quad_warmup_bit:04000] loss=0.091324 tau=1.50 collapse_w=0.000 mid_frac=0.054 hard=score=2.4597252950 wNMSE=0.011336775 wMSE=730.3184 wMRED=0.49499275 wER=0.213816 wMAE=9.4507 wBias=6.1834 condBias=14.2283 dotDrift=+14.644sigma uMRED=0.0202032117 uER=0.236328 uMAE=8.5000 WCE=144 bias=2.1250
[quad_warmup_bit:04200] loss=0.088458 tau=1.50 collapse_w=0.000 mid_frac=0.062 hard=score=1.6806635175 wNMSE=0.0090794604 wMSE=584.9015 wMRED=0.47355453 wER=0.215339 wMAE=8.8072 wBias=5.1035 condBias=12.8471 dotDrift=+13.505sigma uMRED=0.0188695481 uER=0.233398 uMAE=7.7500 WCE=144 bias=0.6250
[quad_warmup_bit:04400] loss=0.086874 tau=1.50 collapse_w=0.000 mid_frac=0.054 hard=score=1.6806635175 wNMSE=0.0090794604 wMSE=584.9015 wMRED=0.47355453 wER=0.215339 wMAE=8.8072 wBias=5.1035 condBias=12.8471 dotDrift=+13.505sigma uMRED=0.0188695481 uER=0.233398 uMAE=7.7500 WCE=144 bias=0.6250
[quad_warmup_bit:04600] loss=0.085977 tau=1.50 collapse_w=0.000 mid_frac=0.062 hard=score=1.6644223069 wNMSE=0.0090767919 wMSE=584.7296 wMRED=0.47356571 wER=0.215495 wMAE=8.8107 wBias=5.0784 condBias=12.8386 dotDrift=+13.441sigma uMRED=0.0189632531 uER=0.238281 uMAE=7.8594 WCE=144 bias=0.1250
[quad_warmup_bit:04800] loss=0.085380 tau=1.50 collapse_w=0.000 mid_frac=0.062 hard=score=1.6644223069 wNMSE=0.0090767919 wMSE=584.7296 wMRED=0.47356571 wER=0.215495 wMAE=8.8107 wBias=5.0784 condBias=12.8386 dotDrift=+13.441sigma uMRED=0.0189632531 uER=0.238281 uMAE=7.8594 WCE=144 bias=0.1250
[quad_warmup_bit:05000] loss=0.084963 tau=1.50 collapse_w=0.000 mid_frac=0.062 hard=score=1.6644223069 wNMSE=0.0090767919 wMSE=584.7296 wMRED=0.47356571 wER=0.215495 wMAE=8.8107 wBias=5.0784 condBias=12.8386 dotDrift=+13.441sigma uMRED=0.0189632531 uER=0.238281 uMAE=7.8594 WCE=144 bias=0.1250
[quad_warmup_bit:05200] loss=0.084652 tau=1.50 collapse_w=0.000 mid_frac=0.062 hard=score=1.6644223069 wNMSE=0.0090767919 wMSE=584.7296 wMRED=0.47356571 wER=0.215495 wMAE=8.8107 wBias=5.0784 condBias=12.8386 dotDrift=+13.441sigma uMRED=0.0189632531 uER=0.238281 uMAE=7.8594 WCE=144 bias=0.1250
[quad_warmup_bit:05400] loss=0.084400 tau=1.50 collapse_w=0.000 mid_frac=0.062 hard=score=1.6644223069 wNMSE=0.0090767919 wMSE=584.7296 wMRED=0.47356571 wER=0.215495 wMAE=8.8107 wBias=5.0784 condBias=12.8386 dotDrift=+13.441sigma uMRED=0.0189632531 uER=0.238281 uMAE=7.8594 WCE=144 bias=0.1250
[quad_warmup_bit:05600] loss=0.084195 tau=1.50 collapse_w=0.000 mid_frac=0.062 hard=score=1.6644223069 wNMSE=0.0090767919 wMSE=584.7296 wMRED=0.47356571 wER=0.215495 wMAE=8.8107 wBias=5.0784 condBias=12.8386 dotDrift=+13.441sigma uMRED=0.0189632531 uER=0.238281 uMAE=7.8594 WCE=144 bias=0.1250
[quad_warmup_bit:05800] loss=0.084026 tau=1.50 collapse_w=0.000 mid_frac=0.062 hard=score=1.6644223069 wNMSE=0.0090767919 wMSE=584.7296 wMRED=0.47356571 wER=0.215495 wMAE=8.8107 wBias=5.0784 condBias=12.8386 dotDrift=+13.441sigma uMRED=0.0189632531 uER=0.238281 uMAE=7.8594 WCE=144 bias=0.1250
[quad_warmup_bit:05999] loss=0.083882 tau=1.50 collapse_w=0.000 mid_frac=0.062 hard=score=1.6644223069 wNMSE=0.0090767919 wMSE=584.7296 wMRED=0.47356571 wER=0.215495 wMAE=8.8107 wBias=5.0784 condBias=12.8386 dotDrift=+13.441sigma uMRED=0.0189632531 uER=0.238281 uMAE=7.8594 WCE=144 bias=0.1250
[quad_soft:00000] loss=0.250096 tau=1.50 collapse_w=0.000 mid_frac=0.062 hard=score=1.6644223069 wNMSE=0.0090767919 wMSE=584.7296 wMRED=0.47356571 wER=0.215495 wMAE=8.8107 wBias=5.0784 condBias=12.8386 dotDrift=+13.441sigma uMRED=0.0189632531 uER=0.238281 uMAE=7.8594 WCE=144 bias=0.1250
[quad_soft:00200] loss=0.146779 tau=1.59 collapse_w=0.000 mid_frac=0.054 hard=score=1.4357005837 wNMSE=0.0090355609 wMSE=582.0735 wMRED=0.46727525 wER=0.210433 wMAE=8.7748 wBias=4.7111 condBias=12.6482 dotDrift=+12.497sigma uMRED=0.0199289242 uER=0.234375 uMAE=8.8047 WCE=144 bias=-2.1250
[quad_soft:00400] loss=0.123888 tau=1.68 collapse_w=0.000 mid_frac=0.045 hard=score=1.6069867758 wNMSE=0.0090462406 wMSE=582.7615 wMRED=0.47204324 wER=0.208018 wMAE=8.7600 wBias=4.9887 condBias=12.7633 dotDrift=+13.226sigma uMRED=0.0189142798 uER=0.231445 uMAE=7.8516 WCE=144 bias=0.0000
[quad_soft:00600] loss=0.114599 tau=1.77 collapse_w=0.000 mid_frac=0.027 hard=score=2.2065401557 wNMSE=0.010190834 wMSE=656.4966 wMRED=0.54971588 wER=0.207814 wMAE=9.2279 wBias=5.8554 condBias=13.4251 dotDrift=+14.626sigma uMRED=0.0196270545 uER=0.230469 uMAE=7.5781 WCE=144 bias=0.7500
[quad_soft:00800] loss=0.110156 tau=1.86 collapse_w=0.000 mid_frac=0.054 hard=score=2.2065401557 wNMSE=0.010190834 wMSE=656.4966 wMRED=0.54971588 wER=0.207814 wMAE=9.2279 wBias=5.8554 condBias=13.4251 dotDrift=+14.626sigma uMRED=0.0196270545 uER=0.230469 uMAE=7.5781 WCE=144 bias=0.7500
[quad_soft:01000] loss=0.107881 tau=1.95 collapse_w=0.000 mid_frac=0.054 hard=score=2.2065401557 wNMSE=0.010190834 wMSE=656.4966 wMRED=0.54971588 wER=0.207814 wMAE=9.2279 wBias=5.8554 condBias=13.4251 dotDrift=+14.626sigma uMRED=0.0196270545 uER=0.230469 uMAE=7.5781 WCE=144 bias=0.7500
[quad_soft:01200] loss=0.105969 tau=2.04 collapse_w=0.000 mid_frac=0.054 hard=score=1.7850691577 wNMSE=0.0091187912 wMSE=587.4352 wMRED=0.54714713 wER=0.215381 wMAE=9.1217 wBias=5.2649 condBias=12.6890 dotDrift=+13.902sigma uMRED=0.0189820784 uER=0.238281 uMAE=7.0781 WCE=112 bias=-0.2500
[quad_soft:01400] loss=0.104079 tau=2.13 collapse_w=0.000 mid_frac=0.054 hard=score=1.7850691577 wNMSE=0.0091187912 wMSE=587.4352 wMRED=0.54714713 wER=0.215381 wMAE=9.1217 wBias=5.2649 condBias=12.6890 dotDrift=+13.902sigma uMRED=0.0189820784 uER=0.238281 uMAE=7.0781 WCE=112 bias=-0.2500
[quad_soft:01600] loss=0.102150 tau=2.22 collapse_w=0.000 mid_frac=0.054 hard=score=1.7850691577 wNMSE=0.0091187912 wMSE=587.4352 wMRED=0.54714713 wER=0.215381 wMAE=9.1217 wBias=5.2649 condBias=12.6890 dotDrift=+13.902sigma uMRED=0.0189820784 uER=0.238281 uMAE=7.0781 WCE=112 bias=-0.2500
[quad_soft:01800] loss=0.100103 tau=2.31 collapse_w=0.000 mid_frac=0.054 hard=score=1.7850691577 wNMSE=0.0091187912 wMSE=587.4352 wMRED=0.54714713 wER=0.215381 wMAE=9.1217 wBias=5.2649 condBias=12.6890 dotDrift=+13.902sigma uMRED=0.0189820784 uER=0.238281 uMAE=7.0781 WCE=112 bias=-0.2500
[quad_soft:02000] loss=0.098074 tau=2.40 collapse_w=0.000 mid_frac=0.062 hard=score=1.1457328661 wNMSE=0.011787515 wMSE=759.3552 wMRED=0.56584729 wER=0.215381 wMAE=10.1942 wBias=4.1923 condBias=14.3960 dotDrift=+9.737sigma uMRED=0.0225361031 uER=0.238281 uMAE=9.0781 WCE=144 bias=-2.2500
[quad_soft:02200] loss=0.095982 tau=2.49 collapse_w=0.000 mid_frac=0.062 hard=score=1.1457328661 wNMSE=0.011787515 wMSE=759.3552 wMRED=0.56584729 wER=0.215381 wMAE=10.1942 wBias=4.1923 condBias=14.3960 dotDrift=+9.737sigma uMRED=0.0225361031 uER=0.238281 uMAE=9.0781 WCE=144 bias=-2.2500
[quad_soft:02400] loss=0.093836 tau=2.58 collapse_w=0.000 mid_frac=0.062 hard=score=1.1457328661 wNMSE=0.011787515 wMSE=759.3552 wMRED=0.56584729 wER=0.215381 wMAE=10.1942 wBias=4.1923 condBias=14.3960 dotDrift=+9.737sigma uMRED=0.0225361031 uER=0.238281 uMAE=9.0781 WCE=144 bias=-2.2500
[quad_soft:02600] loss=0.091660 tau=2.67 collapse_w=0.000 mid_frac=0.062 hard=score=1.1457328661 wNMSE=0.011787515 wMSE=759.3552 wMRED=0.56584729 wER=0.215381 wMAE=10.1942 wBias=4.1923 condBias=14.3960 dotDrift=+9.737sigma uMRED=0.0225361031 uER=0.238281 uMAE=9.0781 WCE=144 bias=-2.2500
[quad_soft:02800] loss=0.089535 tau=2.76 collapse_w=0.000 mid_frac=0.062 hard=score=1.1457328661 wNMSE=0.011787515 wMSE=759.3552 wMRED=0.56584729 wER=0.215381 wMAE=10.1942 wBias=4.1923 condBias=14.3960 dotDrift=+9.737sigma uMRED=0.0225361031 uER=0.238281 uMAE=9.0781 WCE=144 bias=-2.2500
[quad_soft:03000] loss=0.087464 tau=2.85 collapse_w=0.000 mid_frac=0.062 hard=score=1.1457328661 wNMSE=0.011787515 wMSE=759.3552 wMRED=0.56584729 wER=0.215381 wMAE=10.1942 wBias=4.1923 condBias=14.3960 dotDrift=+9.737sigma uMRED=0.0225361031 uER=0.238281 uMAE=9.0781 WCE=144 bias=-2.2500
[quad_soft:03200] loss=0.085408 tau=2.94 collapse_w=0.000 mid_frac=0.080 hard=score=1.1457328661 wNMSE=0.011787515 wMSE=759.3552 wMRED=0.56584729 wER=0.215381 wMAE=10.1942 wBias=4.1923 condBias=14.3960 dotDrift=+9.737sigma uMRED=0.0225361031 uER=0.238281 uMAE=9.0781 WCE=144 bias=-2.2500
[quad_soft:03400] loss=0.083353 tau=3.03 collapse_w=0.000 mid_frac=0.080 hard=score=1.1457328661 wNMSE=0.011787515 wMSE=759.3552 wMRED=0.56584729 wER=0.215381 wMAE=10.1942 wBias=4.1923 condBias=14.3960 dotDrift=+9.737sigma uMRED=0.0225361031 uER=0.238281 uMAE=9.0781 WCE=144 bias=-2.2500
[quad_soft:03600] loss=0.081297 tau=3.12 collapse_w=0.000 mid_frac=0.080 hard=score=1.4285219901 wNMSE=0.012105576 wMSE=779.8448 wMRED=0.58803900 wER=0.216545 wMAE=10.2202 wBias=4.6917 condBias=14.5484 dotDrift=+10.753sigma uMRED=0.0225736471 uER=0.251953 uMAE=8.9219 WCE=144 bias=-1.7500
[quad_soft:03800] loss=0.079249 tau=3.21 collapse_w=0.000 mid_frac=0.080 hard=score=1.4285219901 wNMSE=0.012105576 wMSE=779.8448 wMRED=0.58803900 wER=0.216545 wMAE=10.2202 wBias=4.6917 condBias=14.5484 dotDrift=+10.753sigma uMRED=0.0225736471 uER=0.251953 uMAE=8.9219 WCE=144 bias=-1.7500
[quad_soft:04000] loss=0.077199 tau=3.30 collapse_w=0.000 mid_frac=0.080 hard=score=1.4285219901 wNMSE=0.012105576 wMSE=779.8448 wMRED=0.58803900 wER=0.216545 wMAE=10.2202 wBias=4.6917 condBias=14.5484 dotDrift=+10.753sigma uMRED=0.0225736471 uER=0.251953 uMAE=8.9219 WCE=144 bias=-1.7500
[quad_soft:04200] loss=0.075049 tau=3.39 collapse_w=0.000 mid_frac=0.080 hard=score=1.4285219901 wNMSE=0.012105576 wMSE=779.8448 wMRED=0.58803900 wER=0.216545 wMAE=10.2202 wBias=4.6917 condBias=14.5484 dotDrift=+10.753sigma uMRED=0.0225736471 uER=0.251953 uMAE=8.9219 WCE=144 bias=-1.7500
[quad_soft:04400] loss=0.072893 tau=3.48 collapse_w=0.000 mid_frac=0.080 hard=score=1.4285219901 wNMSE=0.012105576 wMSE=779.8448 wMRED=0.58803900 wER=0.216545 wMAE=10.2202 wBias=4.6917 condBias=14.5484 dotDrift=+10.753sigma uMRED=0.0225736471 uER=0.251953 uMAE=8.9219 WCE=144 bias=-1.7500
[quad_soft:04600] loss=0.070742 tau=3.57 collapse_w=0.000 mid_frac=0.080 hard=score=1.4285219901 wNMSE=0.012105576 wMSE=779.8448 wMRED=0.58803900 wER=0.216545 wMAE=10.2202 wBias=4.6917 condBias=14.5484 dotDrift=+10.753sigma uMRED=0.0225736471 uER=0.251953 uMAE=8.9219 WCE=144 bias=-1.7500
[quad_soft:04800] loss=0.068594 tau=3.66 collapse_w=0.000 mid_frac=0.080 hard=score=2.9952293045 wNMSE=0.0089888266 wMSE=579.0629 wMRED=0.56201263 wER=0.214435 wMAE=8.6856 wBias=6.8368 condBias=13.8793 dotDrift=+18.183sigma uMRED=0.0169611599 uER=0.246094 uMAE=5.7188 WCE=112 bias=2.2500
[quad_soft:05000] loss=0.066438 tau=3.75 collapse_w=0.000 mid_frac=0.080 hard=score=3.0170742642 wNMSE=0.0089899426 wMSE=579.1348 wMRED=0.56202123 wER=0.214133 wMAE=8.6819 wBias=6.8619 condBias=13.8911 dotDrift=+18.249sigma uMRED=0.0169135470 uER=0.238281 uMAE=5.6094 WCE=112 bias=2.7500
[quad_soft:05200] loss=0.064273 tau=3.84 collapse_w=0.000 mid_frac=0.080 hard=score=3.0170742642 wNMSE=0.0089899426 wMSE=579.1348 wMRED=0.56202123 wER=0.214133 wMAE=8.6819 wBias=6.8619 condBias=13.8911 dotDrift=+18.249sigma uMRED=0.0169135470 uER=0.238281 uMAE=5.6094 WCE=112 bias=2.7500
[quad_soft:05400] loss=0.062113 tau=3.93 collapse_w=0.000 mid_frac=0.080 hard=score=3.0170742642 wNMSE=0.0089899426 wMSE=579.1348 wMRED=0.56202123 wER=0.214133 wMAE=8.6819 wBias=6.8619 condBias=13.8911 dotDrift=+18.249sigma uMRED=0.0169135470 uER=0.238281 uMAE=5.6094 WCE=112 bias=2.7500
[quad_soft:05600] loss=0.059957 tau=4.02 collapse_w=0.000 mid_frac=0.071 hard=score=2.5991320959 wNMSE=0.0085515687 wMSE=550.8946 wMRED=0.56215406 wER=0.234664 wMAE=8.6879 wBias=6.3661 condBias=12.9002 dotDrift=+17.359sigma uMRED=0.0169551116 uER=0.253906 uMAE=5.6250 WCE=112 bias=2.2500
[quad_soft:05800] loss=0.057783 tau=4.11 collapse_w=0.000 mid_frac=0.071 hard=score=2.5991320959 wNMSE=0.0085515687 wMSE=550.8946 wMRED=0.56215406 wER=0.234664 wMAE=8.6879 wBias=6.3661 condBias=12.9002 dotDrift=+17.359sigma uMRED=0.0169551116 uER=0.253906 uMAE=5.6250 WCE=112 bias=2.2500
[quad_soft:06000] loss=0.055616 tau=4.20 collapse_w=0.000 mid_frac=0.071 hard=score=2.5991320959 wNMSE=0.0085515687 wMSE=550.8946 wMRED=0.56215406 wER=0.234664 wMAE=8.6879 wBias=6.3661 condBias=12.9002 dotDrift=+17.359sigma uMRED=0.0169551116 uER=0.253906 uMAE=5.6250 WCE=112 bias=2.2500
[quad_soft:06200] loss=0.054583 tau=4.29 collapse_w=0.025 mid_frac=0.071 hard=score=2.6632442836 wNMSE=0.0085175188 wMSE=548.7011 wMRED=0.56061118 wER=0.234664 wMAE=8.6091 wBias=6.4450 condBias=12.9379 dotDrift=+17.609sigma uMRED=0.0167606762 uER=0.253906 uMAE=5.5000 WCE=112 bias=2.3750
[quad_soft:06400] loss=0.053332 tau=4.38 collapse_w=0.050 mid_frac=0.062 hard=score=2.6632442836 wNMSE=0.0085175188 wMSE=548.7011 wMRED=0.56061118 wER=0.234664 wMAE=8.6091 wBias=6.4450 condBias=12.9379 dotDrift=+17.609sigma uMRED=0.0167606762 uER=0.253906 uMAE=5.5000 WCE=112 bias=2.3750
[quad_soft:06600] loss=0.051951 tau=4.47 collapse_w=0.075 mid_frac=0.062 hard=score=2.6632442836 wNMSE=0.0085175188 wMSE=548.7011 wMRED=0.56061118 wER=0.234664 wMAE=8.6091 wBias=6.4450 condBias=12.9379 dotDrift=+17.609sigma uMRED=0.0167606762 uER=0.253906 uMAE=5.5000 WCE=112 bias=2.3750
[quad_soft:06800] loss=0.050492 tau=4.56 collapse_w=0.100 mid_frac=0.062 hard=score=2.6632442836 wNMSE=0.0085175188 wMSE=548.7011 wMRED=0.56061118 wER=0.234664 wMAE=8.6091 wBias=6.4450 condBias=12.9379 dotDrift=+17.609sigma uMRED=0.0167606762 uER=0.253906 uMAE=5.5000 WCE=112 bias=2.3750
[quad_soft:07000] loss=0.048955 tau=4.65 collapse_w=0.125 mid_frac=0.062 hard=score=2.6632442836 wNMSE=0.0085175188 wMSE=548.7011 wMRED=0.56061118 wER=0.234664 wMAE=8.6091 wBias=6.4450 condBias=12.9379 dotDrift=+17.609sigma uMRED=0.0167606762 uER=0.253906 uMAE=5.5000 WCE=112 bias=2.3750
[quad_soft:07200] loss=0.047362 tau=4.74 collapse_w=0.150 mid_frac=0.062 hard=score=2.6632442836 wNMSE=0.0085175188 wMSE=548.7011 wMRED=0.56061118 wER=0.234664 wMAE=8.6091 wBias=6.4450 condBias=12.9379 dotDrift=+17.609sigma uMRED=0.0167606762 uER=0.253906 uMAE=5.5000 WCE=112 bias=2.3750
[quad_soft:07400] loss=0.045705 tau=4.83 collapse_w=0.175 mid_frac=0.062 hard=score=2.6632442836 wNMSE=0.0085175188 wMSE=548.7011 wMRED=0.56061118 wER=0.234664 wMAE=8.6091 wBias=6.4450 condBias=12.9379 dotDrift=+17.609sigma uMRED=0.0167606762 uER=0.253906 uMAE=5.5000 WCE=112 bias=2.3750
[quad_soft:07600] loss=0.043997 tau=4.92 collapse_w=0.200 mid_frac=0.062 hard=score=2.6632442836 wNMSE=0.0085175188 wMSE=548.7011 wMRED=0.56061118 wER=0.234664 wMAE=8.6091 wBias=6.4450 condBias=12.9379 dotDrift=+17.609sigma uMRED=0.0167606762 uER=0.253906 uMAE=5.5000 WCE=112 bias=2.3750
[quad_soft:07800] loss=0.042237 tau=5.01 collapse_w=0.225 mid_frac=0.062 hard=score=2.6632442836 wNMSE=0.0085175188 wMSE=548.7011 wMRED=0.56061118 wER=0.234664 wMAE=8.6091 wBias=6.4450 condBias=12.9379 dotDrift=+17.609sigma uMRED=0.0167606762 uER=0.253906 uMAE=5.5000 WCE=112 bias=2.3750
[quad_soft:08000] loss=0.040432 tau=5.10 collapse_w=0.250 mid_frac=0.054 hard=score=2.6632442836 wNMSE=0.0085175188 wMSE=548.7011 wMRED=0.56061118 wER=0.234664 wMAE=8.6091 wBias=6.4450 condBias=12.9379 dotDrift=+17.609sigma uMRED=0.0167606762 uER=0.253906 uMAE=5.5000 WCE=112 bias=2.3750
[quad_soft:08200] loss=0.038575 tau=5.19 collapse_w=0.275 mid_frac=0.054 hard=score=2.6632442836 wNMSE=0.0085175188 wMSE=548.7011 wMRED=0.56061118 wER=0.234664 wMAE=8.6091 wBias=6.4450 condBias=12.9379 dotDrift=+17.609sigma uMRED=0.0167606762 uER=0.253906 uMAE=5.5000 WCE=112 bias=2.3750
[quad_soft:08400] loss=0.036670 tau=5.28 collapse_w=0.300 mid_frac=0.054 hard=score=2.6632442836 wNMSE=0.0085175188 wMSE=548.7011 wMRED=0.56061118 wER=0.234664 wMAE=8.6091 wBias=6.4450 condBias=12.9379 dotDrift=+17.609sigma uMRED=0.0167606762 uER=0.253906 uMAE=5.5000 WCE=112 bias=2.3750
[quad_soft:08600] loss=0.034687 tau=5.37 collapse_w=0.325 mid_frac=0.054 hard=score=2.6632442836 wNMSE=0.0085175188 wMSE=548.7011 wMRED=0.56061118 wER=0.234664 wMAE=8.6091 wBias=6.4450 condBias=12.9379 dotDrift=+17.609sigma uMRED=0.0167606762 uER=0.253906 uMAE=5.5000 WCE=112 bias=2.3750
[quad_soft:08800] loss=0.032611 tau=5.46 collapse_w=0.350 mid_frac=0.054 hard=score=2.6632442836 wNMSE=0.0085175188 wMSE=548.7011 wMRED=0.56061118 wER=0.234664 wMAE=8.6091 wBias=6.4450 condBias=12.9379 dotDrift=+17.609sigma uMRED=0.0167606762 uER=0.253906 uMAE=5.5000 WCE=112 bias=2.3750
[quad_soft:09000] loss=0.030520 tau=5.55 collapse_w=0.375 mid_frac=0.054 hard=score=2.6632442836 wNMSE=0.0085175188 wMSE=548.7011 wMRED=0.56061118 wER=0.234664 wMAE=8.6091 wBias=6.4450 condBias=12.9379 dotDrift=+17.609sigma uMRED=0.0167606762 uER=0.253906 uMAE=5.5000 WCE=112 bias=2.3750
[quad_soft:09200] loss=0.028366 tau=5.64 collapse_w=0.400 mid_frac=0.054 hard=score=2.6632442836 wNMSE=0.0085175188 wMSE=548.7011 wMRED=0.56061118 wER=0.234664 wMAE=8.6091 wBias=6.4450 condBias=12.9379 dotDrift=+17.609sigma uMRED=0.0167606762 uER=0.253906 uMAE=5.5000 WCE=112 bias=2.3750
[quad_soft:09400] loss=0.026134 tau=5.73 collapse_w=0.425 mid_frac=0.054 hard=score=2.6632442836 wNMSE=0.0085175188 wMSE=548.7011 wMRED=0.56061118 wER=0.234664 wMAE=8.6091 wBias=6.4450 condBias=12.9379 dotDrift=+17.609sigma uMRED=0.0167606762 uER=0.253906 uMAE=5.5000 WCE=112 bias=2.3750
[quad_soft:09600] loss=0.023801 tau=5.82 collapse_w=0.450 mid_frac=0.054 hard=score=2.6632442836 wNMSE=0.0085175188 wMSE=548.7011 wMRED=0.56061118 wER=0.234664 wMAE=8.6091 wBias=6.4450 condBias=12.9379 dotDrift=+17.609sigma uMRED=0.0167606762 uER=0.253906 uMAE=5.5000 WCE=112 bias=2.3750
[quad_soft:09800] loss=0.021300 tau=5.91 collapse_w=0.475 mid_frac=0.054 hard=score=2.6632442836 wNMSE=0.0085175188 wMSE=548.7011 wMRED=0.56061118 wER=0.234664 wMAE=8.6091 wBias=6.4450 condBias=12.9379 dotDrift=+17.609sigma uMRED=0.0167606762 uER=0.253906 uMAE=5.5000 WCE=112 bias=2.3750
[quad_soft:09999] loss=0.018551 tau=6.00 collapse_w=0.500 mid_frac=0.054 hard=score=2.6632442836 wNMSE=0.0085175188 wMSE=548.7011 wMRED=0.56061118 wER=0.234664 wMAE=8.6091 wBias=6.4450 condBias=12.9379 dotDrift=+17.609sigma uMRED=0.0167606762 uER=0.253906 uMAE=5.5000 WCE=112 bias=2.3750
[quad_hard_ste:00000] loss=2.694029 tau=6.00 collapse_w=0.500 mid_frac=0.054 hard=score=2.6632442836 wNMSE=0.0085175188 wMSE=548.7011 wMRED=0.56061118 wER=0.234664 wMAE=8.6091 wBias=6.4450 condBias=12.9379 dotDrift=+17.609sigma uMRED=0.0167606762 uER=0.253906 uMAE=5.5000 WCE=112 bias=2.3750
[quad_hard_ste:00200] loss=2.696630 tau=6.00 collapse_w=0.500 mid_frac=0.062 hard=score=2.6632442836 wNMSE=0.0085175188 wMSE=548.7011 wMRED=0.56061118 wER=0.234664 wMAE=8.6091 wBias=6.4450 condBias=12.9379 dotDrift=+17.609sigma uMRED=0.0167606762 uER=0.253906 uMAE=5.5000 WCE=112 bias=2.3750
[quad_hard_ste:00400] loss=0.589343 tau=6.00 collapse_w=0.500 mid_frac=0.098 hard=score=0.5490845648 wNMSE=0.0073481649 wMSE=473.3710 wMRED=0.55250680 wER=0.271889 wMAE=9.4655 wBias=2.8890 condBias=9.5464 dotDrift=+8.498sigma uMRED=0.0182678162 uER=0.261719 uMAE=6.7188 WCE=96 bias=-0.1250
[quad_hard_ste:00600] loss=0.345875 tau=6.00 collapse_w=0.500 mid_frac=0.116 hard=score=0.3042671968 wNMSE=0.0071969879 wMSE=463.6321 wMRED=0.57772937 wER=0.313262 wMAE=9.7735 wBias=2.1217 condBias=9.3584 dotDrift=+6.306sigma uMRED=0.0194004426 uER=0.298828 uMAE=7.3438 WCE=96 bias=-1.1250
[quad_hard_ste:00800] loss=0.345454 tau=6.00 collapse_w=0.500 mid_frac=0.125 hard=score=0.3042671968 wNMSE=0.0071969879 wMSE=463.6321 wMRED=0.57772937 wER=0.313262 wMAE=9.7735 wBias=2.1217 condBias=9.3584 dotDrift=+6.306sigma uMRED=0.0194004426 uER=0.298828 uMAE=7.3438 WCE=96 bias=-1.1250
[quad_hard_ste:01000] loss=0.344895 tau=6.00 collapse_w=0.500 mid_frac=0.125 hard=score=0.3042671968 wNMSE=0.0071969879 wMSE=463.6321 wMRED=0.57772937 wER=0.313262 wMAE=9.7735 wBias=2.1217 condBias=9.3584 dotDrift=+6.306sigma uMRED=0.0194004426 uER=0.298828 uMAE=7.3438 WCE=96 bias=-1.1250
[quad_hard_ste:01075] loss=0.179064 tau=6.00 collapse_w=0.500 mid_frac=0.116 hard=score=0.1429879004 wNMSE=0.0060856958 wMSE=392.0423 wMRED=0.49694249 wER=0.314426 wMAE=9.1453 wBias=1.4128 condBias=8.6331 dotDrift=+4.567sigma uMRED=0.0183531009 uER=0.307617 uMAE=7.4219 WCE=96 bias=-1.6250 *BEST*
[quad_hard_ste:01200] loss=0.178500 tau=6.00 collapse_w=0.500 mid_frac=0.116 hard=score=0.1429879004 wNMSE=0.0060856958 wMSE=392.0423 wMRED=0.49694249 wER=0.314426 wMAE=9.1453 wBias=1.4128 condBias=8.6331 dotDrift=+4.567sigma uMRED=0.0183531009 uER=0.307617 uMAE=7.4219 WCE=96 bias=-1.6250
[quad_hard_ste:01400] loss=0.041268 tau=6.00 collapse_w=0.500 mid_frac=0.107 hard=score=0.0138983572 wNMSE=0.0049195498 wMSE=316.9189 wMRED=0.34794152 wER=0.314426 wMAE=7.9784 wBias=-0.0050 condBias=8.0904 dotDrift=-0.018sigma uMRED=0.0168529092 uER=0.307617 uMAE=7.9297 WCE=96 bias=-2.6250 *BEST*
[quad_hard_ste:01600] loss=0.040649 tau=6.00 collapse_w=0.500 mid_frac=0.107 hard=score=0.0138983572 wNMSE=0.0049195498 wMSE=316.9189 wMRED=0.34794152 wER=0.314426 wMAE=7.9784 wBias=-0.0050 condBias=8.0904 dotDrift=-0.018sigma uMRED=0.0168529092 uER=0.307617 uMAE=7.9297 WCE=96 bias=-2.6250
[quad_hard_ste:01800] loss=0.040164 tau=6.00 collapse_w=0.500 mid_frac=0.107 hard=score=0.0138983572 wNMSE=0.0049195498 wMSE=316.9189 wMRED=0.34794152 wER=0.314426 wMAE=7.9784 wBias=-0.0050 condBias=8.0904 dotDrift=-0.018sigma uMRED=0.0168529092 uER=0.307617 uMAE=7.9297 WCE=96 bias=-2.6250
[quad_hard_ste:02000] loss=0.039782 tau=6.00 collapse_w=0.500 mid_frac=0.107 hard=score=0.0138983572 wNMSE=0.0049195498 wMSE=316.9189 wMRED=0.34794152 wER=0.314426 wMAE=7.9784 wBias=-0.0050 condBias=8.0904 dotDrift=-0.018sigma uMRED=0.0168529092 uER=0.307617 uMAE=7.9297 WCE=96 bias=-2.6250
[quad_hard_ste:02200] loss=0.039492 tau=6.00 collapse_w=0.500 mid_frac=0.107 hard=score=0.0138983572 wNMSE=0.0049195498 wMSE=316.9189 wMRED=0.34794152 wER=0.314426 wMAE=7.9784 wBias=-0.0050 condBias=8.0904 dotDrift=-0.018sigma uMRED=0.0168529092 uER=0.307617 uMAE=7.9297 WCE=96 bias=-2.6250
[quad_hard_ste:02400] loss=0.039316 tau=6.00 collapse_w=0.500 mid_frac=0.107 hard=score=0.0138983572 wNMSE=0.0049195498 wMSE=316.9189 wMRED=0.34794152 wER=0.314426 wMAE=7.9784 wBias=-0.0050 condBias=8.0904 dotDrift=-0.018sigma uMRED=0.0168529092 uER=0.307617 uMAE=7.9297 WCE=96 bias=-2.6250
[quad_hard_ste:02600] loss=0.039359 tau=6.00 collapse_w=0.500 mid_frac=0.107 hard=score=0.0138983572 wNMSE=0.0049195498 wMSE=316.9189 wMRED=0.34794152 wER=0.314426 wMAE=7.9784 wBias=-0.0050 condBias=8.0904 dotDrift=-0.018sigma uMRED=0.0168529092 uER=0.307617 uMAE=7.9297 WCE=96 bias=-2.6250
[quad_hard_ste:02800] loss=38.499489 tau=6.00 collapse_w=0.500 mid_frac=0.098 hard=score=38.4082071118 wNMSE=0.072843367 wMSE=4692.5914 wMRED=1.85955553 wER=0.314426 wMAE=25.0266 wBias=-24.5299 condBias=45.8898 dotDrift=-22.918sigma uMRED=0.0468416746 uER=0.307617 uMAE=12.6094 WCE=260 bias=-10.6250
[quad_hard_ste:03000] loss=38.499092 tau=6.00 collapse_w=0.500 mid_frac=0.080 hard=score=38.4082071118 wNMSE=0.072843367 wMSE=4692.5914 wMRED=1.85955553 wER=0.314426 wMAE=25.0266 wBias=-24.5299 condBias=45.8898 dotDrift=-22.918sigma uMRED=0.0468416746 uER=0.307617 uMAE=12.6094 WCE=260 bias=-10.6250
[quad_hard_ste:03200] loss=33.348026 tau=6.00 collapse_w=0.500 mid_frac=0.036 hard=score=33.2639202908 wNMSE=0.069665868 wMSE=4487.8960 wMRED=1.75256640 wER=0.277280 wMAE=23.7204 wBias=-22.8237 condBias=44.8437 dotDrift=-21.804sigma uMRED=0.0446413295 uER=0.301758 uMAE=12.2656 WCE=240 bias=-10.0000
[quad_hard_ste:03400] loss=33.347179 tau=6.00 collapse_w=0.500 mid_frac=0.036 hard=score=33.2639202908 wNMSE=0.069665868 wMSE=4487.8960 wMRED=1.75256640 wER=0.277280 wMAE=23.7204 wBias=-22.8237 condBias=44.8437 dotDrift=-21.804sigma uMRED=0.0446413295 uER=0.301758 uMAE=12.2656 WCE=240 bias=-10.0000
[quad_hard_ste:03600] loss=33.346783 tau=6.00 collapse_w=0.500 mid_frac=0.036 hard=score=33.2639202908 wNMSE=0.069665868 wMSE=4487.8960 wMRED=1.75256640 wER=0.277280 wMAE=23.7204 wBias=-22.8237 condBias=44.8437 dotDrift=-21.804sigma uMRED=0.0446413295 uER=0.301758 uMAE=12.2656 WCE=240 bias=-10.0000
[quad_hard_ste:03800] loss=33.346508 tau=6.00 collapse_w=0.500 mid_frac=0.036 hard=score=33.2639202908 wNMSE=0.069665868 wMSE=4487.8960 wMRED=1.75256640 wER=0.277280 wMAE=23.7204 wBias=-22.8237 condBias=44.8437 dotDrift=-21.804sigma uMRED=0.0446413295 uER=0.301758 uMAE=12.2656 WCE=240 bias=-10.0000
[quad_hard_ste:03999] loss=33.346283 tau=6.00 collapse_w=0.500 mid_frac=0.036 hard=score=33.2639202908 wNMSE=0.069665868 wMSE=4487.8960 wMRED=1.75256640 wER=0.277280 wMAE=23.7204 wBias=-22.8237 condBias=44.8437 dotDrift=-21.804sigma uMRED=0.0446413295 uER=0.301758 uMAE=12.2656 WCE=240 bias=-10.0000
[pop00_soft:00000] loss=2.262209 tau=1.50 collapse_w=0.000 mid_frac=0.384 hard=score=59.1307071098 wNMSE=0.14257276 wMSE=9184.5796 wMRED=2.08969788 wER=0.437169 wMAE=48.3605 wBias=30.4139 condBias=70.9419 dotDrift=+20.311sigma uMRED=0.1301233949 uER=0.437500 uMAE=73.1055 WCE=488 bias=45.1875
[pop00_soft:00200] loss=1.057424 tau=2.25 collapse_w=0.000 mid_frac=0.357 hard=score=0.7294894138 wNMSE=0.078218569 wMSE=5038.8636 wMRED=1.08087912 wER=0.351144 wMAE=29.1872 wBias=2.9906 condBias=34.9962 dotDrift=+2.696sigma uMRED=0.0939761664 uER=0.418945 uMAE=58.0078 WCE=404 bias=25.3750
[pop00_soft:00400] loss=0.362797 tau=3.00 collapse_w=0.000 mid_frac=0.321 hard=score=3.4542028989 wNMSE=0.03594507 wMSE=2315.5921 wMRED=0.96795251 wER=0.361624 wMAE=22.6378 wBias=-7.2916 condBias=18.7839 dotDrift=-9.698sigma uMRED=0.0695069505 uER=0.420898 uMAE=44.4062 WCE=372 bias=-3.3750
[pop00_soft:00600] loss=0.187172 tau=3.75 collapse_w=0.000 mid_frac=0.259 hard=score=1.7851515452 wNMSE=0.022630181 wMSE=1457.8430 wMRED=0.65877166 wER=0.361812 wMAE=17.0407 wBias=-5.2169 condBias=15.6056 dotDrift=-8.744sigma uMRED=0.0561684101 uER=0.405273 uMAE=37.3516 WCE=372 bias=-11.1250
[pop00_soft:00800] loss=0.118656 tau=4.50 collapse_w=0.084 mid_frac=0.232 hard=score=2.3775612191 wNMSE=0.022805297 wMSE=1469.1240 wMRED=0.66422031 wER=0.344776 wMAE=16.5216 wBias=-6.0403 condBias=16.7660 dotDrift=-10.086sigma uMRED=0.0540875003 uER=0.376953 uMAE=33.1875 WCE=372 bias=-18.1250
[pop00_soft:01000] loss=0.087340 tau=5.25 collapse_w=0.293 mid_frac=0.205 hard=score=2.6278693251 wNMSE=0.026935643 wMSE=1735.2022 wMRED=0.78948454 wER=0.332560 wMAE=18.2542 wBias=6.3456 condBias=23.0518 dotDrift=+9.749sigma uMRED=0.0579802628 uER=0.369141 uMAE=33.9453 WCE=372 bias=-14.0000
[pop00_soft:01199] loss=0.058967 tau=6.00 collapse_w=0.500 mid_frac=0.188 hard=score=2.6278693251 wNMSE=0.026935643 wMSE=1735.2022 wMRED=0.78948454 wER=0.332560 wMAE=18.2542 wBias=6.3456 condBias=23.0518 dotDrift=+9.749sigma uMRED=0.0579802628 uER=0.369141 uMAE=33.9453 WCE=372 bias=-14.0000
[pop00_hard:00000] loss=2.677335 tau=6.00 collapse_w=0.500 mid_frac=0.188 hard=score=2.6278693251 wNMSE=0.026935643 wMSE=1735.2022 wMRED=0.78948454 wER=0.332560 wMAE=18.2542 wBias=6.3456 condBias=23.0518 dotDrift=+9.749sigma uMRED=0.0579802628 uER=0.369141 uMAE=33.9453 WCE=372 bias=-14.0000
[pop00_hard:00200] loss=2.302017 tau=6.00 collapse_w=0.500 mid_frac=0.188 hard=score=2.2629041244 wNMSE=0.022758253 wMSE=1466.0934 wMRED=0.65608998 wER=0.330184 wMAE=16.3753 wBias=-5.8895 condBias=16.7079 dotDrift=-9.844sigma uMRED=0.0538419564 uER=0.368164 uMAE=33.0781 WCE=372 bias=-18.0000
[pop00_hard:00400] loss=0.714102 tau=6.00 collapse_w=0.500 mid_frac=0.179 hard=score=0.6788225905 wNMSE=0.018075245 wMSE=1164.4127 wMRED=0.58715660 wER=0.330184 wMAE=14.0496 wBias=-3.1396 condBias=13.9805 dotDrift=-5.888sigma uMRED=0.0465165698 uER=0.368164 uMAE=29.1953 WCE=372 bias=-13.5000
[pop00_hard:00599] loss=0.095370 tau=6.00 collapse_w=0.500 mid_frac=0.152 hard=score=0.0695924748 wNMSE=0.021237823 wMSE=1368.1469 wMRED=0.60423814 wER=0.331733 wMAE=14.5888 wBias=-0.1404 condBias=15.3136 dotDrift=-0.243sigma uMRED=0.0523476021 uER=0.380859 uMAE=35.1094 WCE=528 bias=15.7500
[pop00] done (conf=0.53, noise=0.5); global best score=0.0138983572 wNMSE=0.0049195498 wMSE=316.9189 wMRED=0.34794152 wER=0.314426 wMAE=7.9784 wBias=-0.0050 condBias=8.0904 dotDrift=-0.018sigma uMRED=0.0168529092 uER=0.307617 uMAE=7.9297 WCE=96 bias=-2.6250
[pop01_soft:00000] loss=3.827466 tau=1.50 collapse_w=0.000 mid_frac=0.366 hard=score=276.1390627438 wNMSE=0.52577546 wMSE=33870.6121 wMRED=3.97935241 wER=0.432793 wMAE=83.3658 wBias=65.7815 condBias=118.4669 dotDrift=+22.876sigma uMRED=0.1805003723 uER=0.431641 uMAE=84.8652 WCE=897 bias=31.4375
[pop01_soft:00200] loss=1.371709 tau=2.25 collapse_w=0.000 mid_frac=0.393 hard=score=61.8308337380 wNMSE=0.42704081 wMSE=27510.0963 wMRED=3.97442310 wER=0.437169 wMAE=80.2467 wBias=30.9733 condBias=86.5351 dotDrift=+11.951sigma uMRED=0.1921877288 uER=0.437500 uMAE=97.3633 WCE=624 bias=-36.0000
[pop01_soft:00400] loss=0.574704 tau=3.00 collapse_w=0.000 mid_frac=0.393 hard=score=34.9939862175 wNMSE=0.10632375 wMSE=6849.4076 wMRED=1.29014587 wER=0.356906 wMAE=32.5238 wBias=-23.3982 condBias=37.6274 dotDrift=-18.094sigma uMRED=0.1091055269 uER=0.423828 uMAE=68.3750 WCE=560 bias=-58.6250
[pop01_soft:00600] loss=0.212347 tau=3.75 collapse_w=0.000 mid_frac=0.357 hard=score=5.2793418539 wNMSE=0.038714769 wMSE=2494.0170 wMRED=0.59519330 wER=0.371538 wMAE=18.5445 wBias=-9.0375 condBias=24.9414 dotDrift=-11.582sigma uMRED=0.0798093934 uER=0.421875 uMAE=54.3594 WCE=436 bias=-48.8750
[pop01_soft:00800] loss=0.129693 tau=4.50 collapse_w=0.084 mid_frac=0.348 hard=score=3.8341348408 wNMSE=0.039539835 wMSE=2547.1679 wMRED=0.59923316 wER=0.317824 wMAE=17.6665 wBias=-7.6768 condBias=27.1914 dotDrift=-9.735sigma uMRED=0.0756713314 uER=0.404297 uMAE=50.0625 WCE=368 bias=-46.0000
[pop01_soft:01000] loss=0.100302 tau=5.25 collapse_w=0.293 mid_frac=0.295 hard=score=3.5288965529 wNMSE=0.037993565 wMSE=2447.5568 wMRED=0.59204119 wER=0.317824 wMAE=17.3499 wBias=-7.3603 condBias=26.6803 dotDrift=-9.522sigma uMRED=0.0747999283 uER=0.404297 uMAE=49.5625 WCE=368 bias=-45.5000
[pop01_soft:01199] loss=0.073198 tau=6.00 collapse_w=0.500 mid_frac=0.268 hard=score=3.5288965529 wNMSE=0.037993565 wMSE=2447.5568 wMRED=0.59204119 wER=0.317824 wMAE=17.3499 wBias=-7.3603 condBias=26.6803 dotDrift=-9.522sigma uMRED=0.0747999283 uER=0.404297 uMAE=49.5625 WCE=368 bias=-45.5000
[pop01_hard:00000] loss=3.568547 tau=6.00 collapse_w=0.500 mid_frac=0.268 hard=score=3.5288965529 wNMSE=0.037993565 wMSE=2447.5568 wMRED=0.59204119 wER=0.317824 wMAE=17.3499 wBias=-7.3603 condBias=26.6803 dotDrift=-9.522sigma uMRED=0.0747999283 uER=0.404297 uMAE=49.5625 WCE=368 bias=-45.5000
[pop01_hard:00200] loss=3.566253 tau=6.00 collapse_w=0.500 mid_frac=0.268 hard=score=3.5288965529 wNMSE=0.037993565 wMSE=2447.5568 wMRED=0.59204119 wER=0.317824 wMAE=17.3499 wBias=-7.3603 condBias=26.6803 dotDrift=-9.522sigma uMRED=0.0747999283 uER=0.404297 uMAE=49.5625 WCE=368 bias=-45.5000
[pop01_hard:00400] loss=1.790240 tau=6.00 collapse_w=0.500 mid_frac=0.241 hard=score=1.7414163316 wNMSE=0.036182489 wMSE=2330.8867 wMRED=0.74557294 wER=0.315353 wMAE=17.9058 wBias=-5.1170 condBias=25.1470 dotDrift=-6.783sigma uMRED=0.0663429536 uER=0.401367 uMAE=40.5781 WCE=320 bias=-35.5000
[pop01_hard:00599] loss=1.157441 tau=6.00 collapse_w=0.500 mid_frac=0.223 hard=score=1.4679371109 wNMSE=0.085717168 wMSE=5521.9255 wMRED=0.84139198 wER=0.315353 wMAE=23.4458 wBias=4.5357 condBias=36.6725 dotDrift=+3.906sigma uMRED=0.0836267406 uER=0.401367 uMAE=50.4062 WCE=480 bias=-17.5000
[pop01] done (conf=0.51, noise=1.0); global best score=0.0138983572 wNMSE=0.0049195498 wMSE=316.9189 wMRED=0.34794152 wER=0.314426 wMAE=7.9784 wBias=-0.0050 condBias=8.0904 dotDrift=-0.018sigma uMRED=0.0168529092 uER=0.307617 uMAE=7.9297 WCE=96 bias=-2.6250
[pop02_soft:00000] loss=3.912092 tau=1.50 collapse_w=0.000 mid_frac=0.268 hard=score=64.7077171040 wNMSE=2.2937299 wMSE=147762.7643 wMRED=12.45035431 wER=0.436228 wMAE=192.1147 wBias=30.9674 condBias=201.4743 dotDrift=+5.156sigma uMRED=0.3209808127 uER=0.428711 uMAE=95.4395 WCE=936 bias=19.8125
[pop02_soft:00200] loss=1.592250 tau=2.25 collapse_w=0.000 mid_frac=0.286 hard=score=450.0713155025 wNMSE=1.0287263 wMSE=66270.8564 wMRED=7.32809924 wER=0.385657 wMAE=112.2938 wBias=-83.9591 condBias=145.5043 dotDrift=-20.873sigma uMRED=0.2417968514 uER=0.416992 uMAE=93.5234 WCE=921 bias=-60.0625
[pop02_soft:00400] loss=0.594992 tau=3.00 collapse_w=0.000 mid_frac=0.205 hard=score=6.5739936796 wNMSE=0.02780778 wMSE=1791.3855 wMRED=0.83010652 wER=0.335335 wMAE=19.5418 wBias=-10.1172 condBias=21.0932 dotDrift=-15.298sigma uMRED=0.0625660180 uER=0.406250 uMAE=40.5938 WCE=352 bias=10.5000
[pop02_soft:00600] loss=0.200896 tau=3.75 collapse_w=0.000 mid_frac=0.170 hard=score=15.4017136520 wNMSE=0.033677371 wMSE=2169.5063 wMRED=0.92363128 wER=0.360433 wMAE=22.0320 wBias=-15.5258 condBias=26.5286 dotDrift=-21.333sigma uMRED=0.0634665698 uER=0.386719 uMAE=36.4453 WCE=352 bias=-25.7500
[pop02_soft:00800] loss=0.114119 tau=4.50 collapse_w=0.084 mid_frac=0.161 hard=score=0.8835289776 wNMSE=0.027803888 wMSE=1791.1347 wMRED=0.66981694 wER=0.361519 wMAE=18.1177 wBias=-3.5554 condBias=24.8811 dotDrift=-5.377sigma uMRED=0.0647010417 uER=0.410156 uMAE=40.6953 WCE=512 bias=-27.2500
[pop02_soft:01000] loss=0.075762 tau=5.25 collapse_w=0.293 mid_frac=0.170 hard=score=0.0890939903 wNMSE=0.019026296 wMSE=1225.6796 wMRED=0.63990428 wER=0.361373 wMAE=15.8374 wBias=-0.7751 condBias=21.1363 dotDrift=-1.417sigma uMRED=0.0465819088 uER=0.407227 uMAE=26.6953 WCE=284 bias=-8.0000
[pop02_soft:01199] loss=0.050906 tau=6.00 collapse_w=0.500 mid_frac=0.152 hard=score=0.0890939903 wNMSE=0.019026296 wMSE=1225.6796 wMRED=0.63990428 wER=0.361373 wMAE=15.8374 wBias=-0.7751 condBias=21.1363 dotDrift=-1.417sigma uMRED=0.0465819088 uER=0.407227 uMAE=26.6953 WCE=284 bias=-8.0000
[pop02_hard:00000] loss=0.133791 tau=6.00 collapse_w=0.500 mid_frac=0.152 hard=score=0.0890939903 wNMSE=0.019026296 wMSE=1225.6796 wMRED=0.63990428 wER=0.361373 wMAE=15.8374 wBias=-0.7751 condBias=21.1363 dotDrift=-1.417sigma uMRED=0.0465819088 uER=0.407227 uMAE=26.6953 WCE=284 bias=-8.0000
[pop02_hard:00200] loss=0.088857 tau=6.00 collapse_w=0.500 mid_frac=0.143 hard=score=0.0495145139 wNMSE=0.018117816 wMSE=1167.1551 wMRED=0.61217996 wER=0.349121 wMAE=15.0160 wBias=0.0705 condBias=20.6453 dotDrift=+0.132sigma uMRED=0.0452289430 uER=0.403320 uMAE=26.1953 WCE=284 bias=-7.0000
[pop02_hard:00400] loss=0.086703 tau=6.00 collapse_w=0.500 mid_frac=0.143 hard=score=0.0495145139 wNMSE=0.018117816 wMSE=1167.1551 wMRED=0.61217996 wER=0.349121 wMAE=15.0160 wBias=0.0705 condBias=20.6453 dotDrift=+0.132sigma uMRED=0.0452289430 uER=0.403320 uMAE=26.1953 WCE=284 bias=-7.0000
[pop02_hard:00599] loss=0.126378 tau=6.00 collapse_w=0.500 mid_frac=0.143 hard=score=0.0495145139 wNMSE=0.018117816 wMSE=1167.1551 wMRED=0.61217996 wER=0.349121 wMAE=15.0160 wBias=0.0705 condBias=20.6453 dotDrift=+0.132sigma uMRED=0.0452289430 uER=0.403320 uMAE=26.1953 WCE=284 bias=-7.0000
[pop02] done (conf=0.53, noise=0.5); global best score=0.0138983572 wNMSE=0.0049195498 wMSE=316.9189 wMRED=0.34794152 wER=0.314426 wMAE=7.9784 wBias=-0.0050 condBias=8.0904 dotDrift=-0.018sigma uMRED=0.0168529092 uER=0.307617 uMAE=7.9297 WCE=96 bias=-2.6250
[pop03_soft:00000] loss=2.409577 tau=1.50 collapse_w=0.000 mid_frac=0.446 hard=score=71.8322309931 wNMSE=0.4844208 wMSE=31206.5322 wMRED=4.91890982 wER=0.436045 wMAE=92.0937 wBias=33.4256 condBias=90.8822 dotDrift=+12.110sigma uMRED=0.2145114288 uER=0.431641 uMAE=100.3027 WCE=672 bias=53.0000
[pop03_soft:00200] loss=1.567085 tau=2.25 collapse_w=0.000 mid_frac=0.438 hard=score=126.5192722789 wNMSE=0.67744598 wMSE=43641.2721 wMRED=5.07558798 wER=0.403642 wMAE=84.0142 wBias=-44.4052 condBias=105.5055 dotDrift=-13.604sigma uMRED=0.2059929603 uER=0.422852 uMAE=90.0117 WCE=672 bias=7.6250
[pop03_soft:00400] loss=1.515479 tau=3.00 collapse_w=0.000 mid_frac=0.438 hard=score=69.2993234108 wNMSE=0.49876162 wMSE=32130.3723 wMRED=4.29762506 wER=0.376066 wMAE=72.5624 wBias=-32.8134 condBias=90.3584 dotDrift=-11.716sigma uMRED=0.1856644423 uER=0.404297 uMAE=84.5312 WCE=672 bias=18.8750
[pop03_soft:00600] loss=1.092856 tau=3.75 collapse_w=0.000 mid_frac=0.455 hard=score=81.5746650889 wNMSE=0.40789921 wMSE=26276.9886 wMRED=4.00884812 wER=0.369785 wMAE=64.9859 wBias=-35.6637 condBias=80.2309 dotDrift=-14.081sigma uMRED=0.1643598985 uER=0.411133 uMAE=73.4453 WCE=500 bias=14.0000
[pop03_soft:00800] loss=0.835969 tau=4.50 collapse_w=0.084 mid_frac=0.446 hard=score=70.9517709691 wNMSE=0.37670423 wMSE=24267.3987 wMRED=3.79408553 wER=0.366752 wMAE=62.6316 wBias=-33.2522 condBias=77.1064 dotDrift=-13.661sigma uMRED=0.1594711256 uER=0.394531 uMAE=71.9688 WCE=464 bias=16.0000
[pop03_soft:01000] loss=0.706511 tau=5.25 collapse_w=0.293 mid_frac=0.393 hard=score=71.4088759626 wNMSE=0.37651988 wMSE=24255.5231 wMRED=3.79403590 wER=0.368051 wMAE=62.6850 wBias=-33.3604 condBias=77.0084 dotDrift=-13.709sigma uMRED=0.1596204220 uER=0.403320 uMAE=72.4688 WCE=464 bias=15.0000
[pop03_soft:01199] loss=0.581387 tau=6.00 collapse_w=0.500 mid_frac=0.402 hard=score=68.4171688973 wNMSE=0.36790083 wMSE=23700.2811 wMRED=3.71347488 wER=0.368051 wMAE=62.0795 wBias=-32.6515 condBias=76.1040 dotDrift=-13.574sigma uMRED=0.1587851460 uER=0.403320 uMAE=72.7188 WCE=448 bias=15.5000
[pop03_hard:00000] loss=68.613731 tau=6.00 collapse_w=0.500 mid_frac=0.402 hard=score=68.4171688973 wNMSE=0.36790083 wMSE=23700.2811 wMRED=3.71347488 wER=0.368051 wMAE=62.0795 wBias=-32.6515 condBias=76.1040 dotDrift=-13.574sigma uMRED=0.1587851460 uER=0.403320 uMAE=72.7188 WCE=448 bias=15.5000
[pop03_hard:00200] loss=68.611595 tau=6.00 collapse_w=0.500 mid_frac=0.393 hard=score=68.4171688973 wNMSE=0.36790083 wMSE=23700.2811 wMRED=3.71347488 wER=0.368051 wMAE=62.0795 wBias=-32.6515 condBias=76.1040 dotDrift=-13.574sigma uMRED=0.1587851460 uER=0.403320 uMAE=72.7188 WCE=448 bias=15.5000
[pop03_hard:00400] loss=68.613045 tau=6.00 collapse_w=0.500 mid_frac=0.393 hard=score=68.4171688973 wNMSE=0.36790083 wMSE=23700.2811 wMRED=3.71347488 wER=0.368051 wMAE=62.0795 wBias=-32.6515 condBias=76.1040 dotDrift=-13.574sigma uMRED=0.1587851460 uER=0.403320 uMAE=72.7188 WCE=448 bias=15.5000
[pop03_hard:00599] loss=54.804348 tau=6.00 collapse_w=0.500 mid_frac=0.295 hard=score=54.6070945773 wNMSE=0.37662638 wMSE=24262.3839 wMRED=3.83927548 wER=0.349719 wMAE=64.5801 wBias=-29.1336 condBias=77.0031 dotDrift=-11.970sigma uMRED=0.1699148103 uER=0.399414 uMAE=80.0625 WCE=528 bias=25.1250
[pop03] done (conf=0.51, noise=1.0); global best score=0.0138983572 wNMSE=0.0049195498 wMSE=316.9189 wMRED=0.34794152 wER=0.314426 wMAE=7.9784 wBias=-0.0050 condBias=8.0904 dotDrift=-0.018sigma uMRED=0.0168529092 uER=0.307617 uMAE=7.9297 WCE=96 bias=-2.6250
[pop04_soft:00000] loss=3.875902 tau=1.50 collapse_w=0.000 mid_frac=0.312 hard=score=77.3310393062 wNMSE=0.48301977 wMSE=31116.2774 wMRED=7.48666331 wER=0.434935 wMAE=51.1087 wBias=34.6764 condBias=75.7541 dotDrift=+12.581sigma uMRED=0.1762933603 uER=0.422852 uMAE=60.1587 WCE=3965 bias=28.1250
[pop04_soft:00200] loss=1.256341 tau=2.25 collapse_w=0.000 mid_frac=0.259 hard=score=25.5375499277 wNMSE=0.081177766 wMSE=5229.4959 wMRED=1.93387603 wER=0.384821 wMAE=30.9040 wBias=-19.9752 condBias=39.2848 dotDrift=-17.678sigma uMRED=0.0889505185 uER=0.402344 uMAE=45.7422 WCE=380 bias=-27.6250
[pop04_soft:00400] loss=0.274936 tau=3.00 collapse_w=0.000 mid_frac=0.214 hard=score=0.3912258581 wNMSE=0.019476913 wMSE=1254.7086 wMRED=0.46660112 wER=0.349152 wMAE=14.3168 wBias=-2.3165 condBias=18.0621 dotDrift=-4.185sigma uMRED=0.0526787458 uER=0.371094 uMAE=33.4766 WCE=324 bias=-19.8750
[pop04_soft:00600] loss=0.101130 tau=3.75 collapse_w=0.000 mid_frac=0.205 hard=score=0.0498874582 wNMSE=0.018884955 wMSE=1216.5744 wMRED=0.40741232 wER=0.316431 wMAE=12.7046 wBias=-0.1090 condBias=17.6120 dotDrift=-0.200sigma uMRED=0.0499032067 uER=0.356445 uMAE=32.1094 WCE=320 bias=-17.2500
[pop04_soft:00800] loss=0.072860 tau=4.50 collapse_w=0.084 mid_frac=0.188 hard=score=0.0652577772 wNMSE=0.016998874 wMSE=1095.0725 wMRED=0.39994993 wER=0.314473 wMAE=12.0237 wBias=0.6388 condBias=16.5930 dotDrift=+1.236sigma uMRED=0.0397713279 uER=0.338867 uMAE=23.3359 WCE=208 bias=-7.8750
[pop04_soft:01000] loss=0.058796 tau=5.25 collapse_w=0.293 mid_frac=0.179 hard=score=0.4133113424 wNMSE=0.012901234 wMSE=831.1013 wMRED=0.37294243 wER=0.312738 wMAE=10.5491 wBias=2.4469 condBias=13.6552 dotDrift=+5.432sigma uMRED=0.0339860204 uER=0.333008 uMAE=20.1328 WCE=192 bias=-4.3750
[pop04_soft:01199] loss=0.041308 tau=6.00 collapse_w=0.500 mid_frac=0.179 hard=score=0.4133113424 wNMSE=0.012901234 wMSE=831.1013 wMRED=0.37294243 wER=0.312738 wMAE=10.5491 wBias=2.4469 condBias=13.6552 dotDrift=+5.432sigma uMRED=0.0339860204 uER=0.333008 uMAE=20.1328 WCE=192 bias=-4.3750
[pop04_hard:00000] loss=0.446796 tau=6.00 collapse_w=0.500 mid_frac=0.179 hard=score=0.4133113424 wNMSE=0.012901234 wMSE=831.1013 wMRED=0.37294243 wER=0.312738 wMAE=10.5491 wBias=2.4469 condBias=13.6552 dotDrift=+5.432sigma uMRED=0.0339860204 uER=0.333008 uMAE=20.1328 WCE=192 bias=-4.3750
[pop04_hard:00200] loss=0.447725 tau=6.00 collapse_w=0.500 mid_frac=0.179 hard=score=0.4133113424 wNMSE=0.012901234 wMSE=831.1013 wMRED=0.37294243 wER=0.312738 wMAE=10.5491 wBias=2.4469 condBias=13.6552 dotDrift=+5.432sigma uMRED=0.0339860204 uER=0.333008 uMAE=20.1328 WCE=192 bias=-4.3750
[pop04_hard:00400] loss=31.251942 tau=6.00 collapse_w=0.500 mid_frac=0.179 hard=score=31.1466469128 wNMSE=0.078824092 wMSE=5077.8715 wMRED=1.85172908 wER=0.318263 wMAE=27.1380 wBias=-22.0781 condBias=41.3120 dotDrift=-19.829sigma uMRED=0.0632571303 uER=0.333984 uMAE=24.6797 WCE=256 bias=-12.3750
[pop04_hard:00599] loss=31.247755 tau=6.00 collapse_w=0.500 mid_frac=0.170 hard=score=31.1466469128 wNMSE=0.078824092 wMSE=5077.8715 wMRED=1.85172908 wER=0.318263 wMAE=27.1380 wBias=-22.0781 condBias=41.3120 dotDrift=-19.829sigma uMRED=0.0632571303 uER=0.333984 uMAE=24.6797 WCE=256 bias=-12.3750
[pop04] done (conf=0.53, noise=0.5); global best score=0.0138983572 wNMSE=0.0049195498 wMSE=316.9189 wMRED=0.34794152 wER=0.314426 wMAE=7.9784 wBias=-0.0050 condBias=8.0904 dotDrift=-0.018sigma uMRED=0.0168529092 uER=0.307617 uMAE=7.9297 WCE=96 bias=-2.6250
[pop05_soft:00000] loss=3.256032 tau=1.50 collapse_w=0.000 mid_frac=0.438 hard=score=25.6808911307 wNMSE=0.32987666 wMSE=21250.7528 wMRED=3.45355794 wER=0.437169 wMAE=66.7626 wBias=-19.8578 condBias=84.4422 dotDrift=-8.718sigma uMRED=0.1615430403 uER=0.437500 uMAE=76.4902 WCE=835 bias=-8.3750
[pop05_soft:00200] loss=1.310361 tau=2.25 collapse_w=0.000 mid_frac=0.429 hard=score=53.9372479624 wNMSE=0.28790632 wMSE=18547.0109 wMRED=3.44182910 wER=0.437169 wMAE=64.6997 wBias=-28.9798 condBias=80.3994 dotDrift=-13.619sigma uMRED=0.1744062890 uER=0.437500 uMAE=87.0586 WCE=695 bias=-48.1875
[pop05_soft:00400] loss=0.937763 tau=3.00 collapse_w=0.000 mid_frac=0.446 hard=score=44.8495928667 wNMSE=0.27413055 wMSE=17659.5715 wMRED=3.35961014 wER=0.431534 wMAE=62.9476 wBias=-26.4077 condBias=77.7139 dotDrift=-12.718sigma uMRED=0.1555693914 uER=0.431641 uMAE=73.3242 WCE=660 bias=-28.1250
[pop05_soft:00600] loss=0.626189 tau=3.75 collapse_w=0.000 mid_frac=0.509 hard=score=35.7696947613 wNMSE=0.14779859 wMSE=9521.2295 wMRED=2.65686717 wER=0.429596 wMAE=45.5772 wBias=-23.6208 condBias=53.2603 dotDrift=-15.493sigma uMRED=0.1077174160 uER=0.414062 uMAE=49.9609 WCE=576 bias=-33.0000
[pop05_soft:00800] loss=0.489716 tau=4.50 collapse_w=0.084 mid_frac=0.464 hard=score=33.6960100819 wNMSE=0.14522839 wMSE=9355.6563 wMRED=2.65673992 wER=0.428394 wMAE=45.0875 wBias=-22.9219 condBias=52.8977 dotDrift=-15.167sigma uMRED=0.1056729112 uER=0.394531 uMAE=48.6016 WCE=576 bias=-30.1250
[pop05_soft:01000] loss=0.380626 tau=5.25 collapse_w=0.293 mid_frac=0.464 hard=score=22.8803592121 wNMSE=0.085525119 wMSE=5509.5537 wMRED=2.54988134 wER=0.425071 wMAE=37.6386 wBias=-18.8981 condBias=44.0148 dotDrift=-16.294sigma uMRED=0.0792218920 uER=0.386719 uMAE=31.4688 WCE=308 bias=-19.6250
[pop05_soft:01199] loss=0.293923 tau=6.00 collapse_w=0.500 mid_frac=0.438 hard=score=22.7021428282 wNMSE=0.083578745 wMSE=5384.1676 wMRED=2.53607452 wER=0.427234 wMAE=37.2589 wBias=-18.8252 condBias=43.5585 dotDrift=-16.419sigma uMRED=0.0786071162 uER=0.398438 uMAE=31.2812 WCE=308 bias=-19.6250
[pop05_hard:00000] loss=22.852280 tau=6.00 collapse_w=0.500 mid_frac=0.438 hard=score=22.7021428282 wNMSE=0.083578745 wMSE=5384.1676 wMRED=2.53607452 wER=0.427234 wMAE=37.2589 wBias=-18.8252 condBias=43.5585 dotDrift=-16.419sigma uMRED=0.0786071162 uER=0.398438 uMAE=31.2812 WCE=308 bias=-19.6250
[pop05_hard:00200] loss=21.850107 tau=6.00 collapse_w=0.500 mid_frac=0.420 hard=score=21.7020215153 wNMSE=0.084240901 wMSE=5426.8239 wMRED=2.54872657 wER=0.425071 wMAE=37.5618 wBias=-18.4023 condBias=43.7341 dotDrift=-15.987sigma uMRED=0.0787056375 uER=0.386719 uMAE=31.0938 WCE=308 bias=-19.1250
[pop05_hard:00400] loss=7.964487 tau=6.00 collapse_w=0.500 mid_frac=0.375 hard=score=7.8144463878 wNMSE=0.095010478 wMSE=6120.6033 wMRED=2.59145355 wER=0.425071 wMAE=40.4959 wBias=-10.9507 condBias=46.6813 dotDrift=-8.958sigma uMRED=0.0877719782 uER=0.386719 uMAE=37.7656 WCE=320 bias=-2.1250
[pop05_hard:00599] loss=3.999199 tau=6.00 collapse_w=0.500 mid_frac=0.339 hard=score=3.8599413181 wNMSE=0.11225192 wMSE=7231.3023 wMRED=2.62286083 wER=0.424687 wMAE=42.6490 wBias=-7.5493 condBias=51.2721 dotDrift=-5.682sigma uMRED=0.1155222334 uER=0.382812 uMAE=57.6875 WCE=608 bias=30.0000
[pop05] done (conf=0.51, noise=1.0); global best score=0.0138983572 wNMSE=0.0049195498 wMSE=316.9189 wMRED=0.34794152 wER=0.314426 wMAE=7.9784 wBias=-0.0050 condBias=8.0904 dotDrift=-0.018sigma uMRED=0.0168529092 uER=0.307617 uMAE=7.9297 WCE=96 bias=-2.6250
[pop06_soft:00000] loss=4.914814 tau=1.50 collapse_w=0.000 mid_frac=0.366 hard=score=635.4558136654 wNMSE=1.0778285 wMSE=69434.0330 wMRED=11.14634067 wER=0.433057 wMAE=116.6933 wBias=99.8171 condBias=168.0011 dotDrift=+24.244sigma uMRED=0.2871871831 uER=0.427734 uMAE=101.2930 WCE=3944 bias=51.5625
[pop06_soft:00200] loss=1.286554 tau=2.25 collapse_w=0.000 mid_frac=0.295 hard=score=176.0863057689 wNMSE=0.263253 wMSE=16958.8368 wMRED=3.10911385 wER=0.350444 wMAE=56.6750 wBias=-52.5479 condBias=85.2257 dotDrift=-25.825sigma uMRED=0.1661387559 uER=0.417969 uMAE=90.0391 WCE=808 bias=-54.3750
[pop06_soft:00400] loss=0.447896 tau=3.00 collapse_w=0.000 mid_frac=0.250 hard=score=3.9085005600 wNMSE=0.034549918 wMSE=2225.7160 wMRED=0.61469044 wER=0.344384 wMAE=17.0416 wBias=-7.7426 condBias=23.7896 dotDrift=-10.503sigma uMRED=0.0803607027 uER=0.398438 uMAE=58.2266 WCE=700 bias=-23.5000
[pop06_soft:00600] loss=0.171041 tau=3.75 collapse_w=0.000 mid_frac=0.241 hard=score=0.0618213972 wNMSE=0.017220758 wMSE=1109.3664 wMRED=0.41038942 wER=0.306118 wMAE=12.4756 wBias=-0.4404 condBias=15.9850 dotDrift=-0.846sigma uMRED=0.0549907440 uER=0.380859 uMAE=39.6250 WCE=384 bias=6.1250
[pop06_soft:00800] loss=0.092736 tau=4.50 collapse_w=0.084 mid_frac=0.214 hard=score=0.4189829469 wNMSE=0.016369238 wMSE=1054.5112 wMRED=0.50058822 wER=0.334571 wMAE=12.6731 wBias=-2.4190 condBias=16.5369 dotDrift=-4.768sigma uMRED=0.0517628293 uER=0.366211 uMAE=34.4844 WCE=352 bias=-29.7500
[pop06_soft:01000] loss=0.070766 tau=5.25 collapse_w=0.293 mid_frac=0.170 hard=score=0.4438361130 wNMSE=0.016450603 wMSE=1059.7528 wMRED=0.50213110 wER=0.334571 wMAE=12.7520 wBias=-2.4979 condBias=16.6331 dotDrift=-4.911sigma uMRED=0.0519572647 uER=0.366211 uMAE=34.6094 WCE=352 bias=-29.8750
[pop06_soft:01199] loss=0.048172 tau=6.00 collapse_w=0.500 mid_frac=0.170 hard=score=0.1225573344 wNMSE=0.018168356 wMSE=1170.4109 wMRED=0.66334624 wER=0.334146 wMAE=13.9746 wBias=-1.0801 condBias=17.2019 dotDrift=-2.020sigma uMRED=0.0537295634 uER=0.363281 uMAE=34.2031 WCE=328 bias=-28.8750
[pop06_hard:00000] loss=0.164518 tau=6.00 collapse_w=0.500 mid_frac=0.170 hard=score=0.1225573344 wNMSE=0.018168356 wMSE=1170.4109 wMRED=0.66334624 wER=0.334146 wMAE=13.9746 wBias=-1.0801 condBias=17.2019 dotDrift=-2.020sigma uMRED=0.0537295634 uER=0.363281 uMAE=34.2031 WCE=328 bias=-28.8750
[pop06_hard:00200] loss=0.160057 tau=6.00 collapse_w=0.500 mid_frac=0.161 hard=score=0.1225573344 wNMSE=0.018168356 wMSE=1170.4109 wMRED=0.66334624 wER=0.334146 wMAE=13.9746 wBias=-1.0801 condBias=17.2019 dotDrift=-2.020sigma uMRED=0.0537295634 uER=0.363281 uMAE=34.2031 WCE=328 bias=-28.8750
[pop06_hard:00400] loss=0.106769 tau=6.00 collapse_w=0.500 mid_frac=0.152 hard=score=0.0717776285 wNMSE=0.01618144 wMSE=1042.4132 wMRED=0.65869269 wER=0.334146 wMAE=13.5375 wBias=-0.6430 condBias=16.2164 dotDrift=-1.274sigma uMRED=0.0485581047 uER=0.363281 uMAE=30.2031 WCE=328 bias=-24.8750
[pop06_hard:00599] loss=3.628427 tau=6.00 collapse_w=0.500 mid_frac=0.134 hard=score=3.5801667490 wNMSE=0.024570255 wMSE=1582.8232 wMRED=0.93833874 wER=0.392904 wMAE=19.8701 wBias=7.4450 condBias=18.4274 dotDrift=+11.976sigma uMRED=0.0627834967 uER=0.384766 uMAE=38.7422 WCE=328 bias=-14.8750
[pop06] done (conf=0.53, noise=0.5); global best score=0.0138983572 wNMSE=0.0049195498 wMSE=316.9189 wMRED=0.34794152 wER=0.314426 wMAE=7.9784 wBias=-0.0050 condBias=8.0904 dotDrift=-0.018sigma uMRED=0.0168529092 uER=0.307617 uMAE=7.9297 WCE=96 bias=-2.6250
[pop07_soft:00000] loss=2.783792 tau=1.50 collapse_w=0.000 mid_frac=0.429 hard=score=48.3555317014 wNMSE=0.68813727 wMSE=44330.0079 wMRED=6.66377967 wER=0.436972 wMAE=115.9506 wBias=27.2273 condBias=118.8320 dotDrift=+8.276sigma uMRED=0.2448840590 uER=0.433594 uMAE=102.8613 WCE=688 bias=14.2500
[pop07_soft:00200] loss=1.555912 tau=2.25 collapse_w=0.000 mid_frac=0.402 hard=score=18.1368690584 wNMSE=0.6894033 wMSE=44411.5660 wMRED=6.32219750 wER=0.431691 wMAE=111.5638 wBias=16.3148 condBias=114.5403 dotDrift=+4.955sigma uMRED=0.2526558930 uER=0.434570 uMAE=113.0156 WCE=757 bias=-10.0625
[pop07_soft:00400] loss=0.957413 tau=3.00 collapse_w=0.000 mid_frac=0.375 hard=score=0.4261501064 wNMSE=0.1772715 wMSE=11419.8828 wMRED=2.35728121 wER=0.384261 wMAE=42.7552 wBias=-1.3119 condBias=54.6651 dotDrift=-0.786sigma uMRED=0.1149055595 uER=0.409180 uMAE=58.3438 WCE=672 bias=37.8750
[pop07_soft:00600] loss=0.751870 tau=3.75 collapse_w=0.000 mid_frac=0.348 hard=score=0.3459166080 wNMSE=0.18090047 wMSE=11653.6621 wMRED=2.32139075 wER=0.366992 wMAE=44.4721 wBias=-0.5529 condBias=55.5374 dotDrift=-0.328sigma uMRED=0.1267664108 uER=0.419922 uMAE=67.3438 WCE=672 bias=49.5000
[pop07_soft:00800] loss=0.507812 tau=4.50 collapse_w=0.084 mid_frac=0.312 hard=score=12.2423020745 wNMSE=0.091490947 wMSE=5893.8741 wMRED=1.81505293 wER=0.283929 wMAE=30.8750 wBias=-13.7748 condBias=36.3533 dotDrift=-11.483sigma uMRED=0.0903850920 uER=0.385742 uMAE=47.7188 WCE=384 bias=31.7500
[pop07_soft:01000] loss=0.417274 tau=5.25 collapse_w=0.293 mid_frac=0.250 hard=score=12.3200826035 wNMSE=0.092520985 wMSE=5960.2294 wMRED=1.85065956 wER=0.304597 wMAE=31.5016 wBias=-13.8172 condBias=36.8888 dotDrift=-11.454sigma uMRED=0.0930741475 uER=0.404297 uMAE=49.5312 WCE=384 bias=33.7500
[pop07_soft:01199] loss=0.325740 tau=6.00 collapse_w=0.500 mid_frac=0.232 hard=score=12.3200826035 wNMSE=0.092520985 wMSE=5960.2294 wMRED=1.85065956 wER=0.304597 wMAE=31.5016 wBias=-13.8172 condBias=36.8888 dotDrift=-11.454sigma uMRED=0.0930741475 uER=0.404297 uMAE=49.5312 WCE=384 bias=33.7500
[pop07_hard:00000] loss=12.420881 tau=6.00 collapse_w=0.500 mid_frac=0.232 hard=score=12.3200826035 wNMSE=0.092520985 wMSE=5960.2294 wMRED=1.85065956 wER=0.304597 wMAE=31.5016 wBias=-13.8172 condBias=36.8888 dotDrift=-11.454sigma uMRED=0.0930741475 uER=0.404297 uMAE=49.5312 WCE=384 bias=33.7500
[pop07_hard:00200] loss=12.417238 tau=6.00 collapse_w=0.500 mid_frac=0.223 hard=score=12.3200826035 wNMSE=0.092520985 wMSE=5960.2294 wMRED=1.85065956 wER=0.304597 wMAE=31.5016 wBias=-13.8172 condBias=36.8888 dotDrift=-11.454sigma uMRED=0.0930741475 uER=0.404297 uMAE=49.5312 WCE=384 bias=33.7500
[pop07_hard:00400] loss=2.942558 tau=6.00 collapse_w=0.500 mid_frac=0.214 hard=score=2.8283673343 wNMSE=0.097878337 wMSE=6305.3516 wMRED=2.19402257 wER=0.372366 wMAE=36.8941 wBias=-6.4577 condBias=37.9661 dotDrift=-5.205sigma uMRED=0.0999445155 uER=0.419922 uMAE=50.8438 WCE=384 bias=35.7500
[pop07_hard:00599] loss=0.936402 tau=6.00 collapse_w=0.500 mid_frac=0.196 hard=score=0.8239912544 wNMSE=0.096373102 wMSE=6208.3840 wMRED=2.20832574 wER=0.406645 wMAE=38.6102 wBias=-3.2033 condBias=34.1025 dotDrift=-2.602sigma uMRED=0.1008039928 uER=0.425781 uMAE=51.4219 WCE=388 bias=36.8750
[pop07] done (conf=0.51, noise=1.0); global best score=0.0138983572 wNMSE=0.0049195498 wMSE=316.9189 wMRED=0.34794152 wER=0.314426 wMAE=7.9784 wBias=-0.0050 condBias=8.0904 dotDrift=-0.018sigma uMRED=0.0168529092 uER=0.307617 uMAE=7.9297 WCE=96 bias=-2.6250
[pop08_soft:00000] loss=2.362253 tau=1.50 collapse_w=0.000 mid_frac=0.277 hard=score=9.4200176648 wNMSE=0.19662979 wMSE=12666.9494 wMRED=2.67245985 wER=0.437169 wMAE=56.4632 wBias=11.9204 condBias=52.6246 dotDrift=+6.778sigma uMRED=0.1252294190 uER=0.437500 uMAE=64.0879 WCE=665 bias=-10.1250
[pop08_soft:00200] loss=1.050847 tau=2.25 collapse_w=0.000 mid_frac=0.188 hard=score=23.2938316094 wNMSE=0.12953848 wMSE=8344.9077 wMRED=1.50930249 wER=0.408608 wMAE=34.0943 wBias=-19.0436 condBias=43.0729 dotDrift=-13.342sigma uMRED=0.0955208818 uER=0.416016 uMAE=54.9141 WCE=681 bias=-24.9375
[pop08_soft:00400] loss=0.384104 tau=3.00 collapse_w=0.000 mid_frac=0.179 hard=score=0.8514372259 wNMSE=0.037909442 wMSE=2442.1376 wMRED=1.08396059 wER=0.409431 wMAE=23.4349 wBias=-3.4885 condBias=20.6104 dotDrift=-4.518sigma uMRED=0.0593041609 uER=0.416992 uMAE=34.2109 WCE=308 bias=2.0000
[pop08_soft:00600] loss=0.146646 tau=3.75 collapse_w=0.000 mid_frac=0.161 hard=score=0.0534135801 wNMSE=0.019626269 wMSE=1264.3301 wMRED=0.41367385 wER=0.296127 wMAE=12.9250 wBias=0.2743 condBias=17.7635 dotDrift=+0.494sigma uMRED=0.0522238413 uER=0.369141 uMAE=35.8438 WCE=308 bias=-15.0000
[pop08_soft:00800] loss=0.095263 tau=4.50 collapse_w=0.084 mid_frac=0.125 hard=score=0.1987062914 wNMSE=0.017711601 wMSE=1140.9866 wMRED=0.37010170 wER=0.272196 wMAE=11.7194 wBias=1.5392 condBias=17.8043 dotDrift=+2.916sigma uMRED=0.0457229169 uER=0.340820 uMAE=29.5000 WCE=324 bias=-14.3750
[pop08_soft:01000] loss=0.073854 tau=5.25 collapse_w=0.293 mid_frac=0.098 hard=score=0.2805211041 wNMSE=0.01707938 wMSE=1100.2588 wMRED=0.34362231 wER=0.258160 wMAE=11.2805 wBias=1.9167 condBias=17.4593 dotDrift=+3.698sigma uMRED=0.0415273829 uER=0.323242 uMAE=26.0000 WCE=324 bias=-10.3750
[pop08_soft:01199] loss=0.040320 tau=6.00 collapse_w=0.500 mid_frac=0.080 hard=score=0.2805211041 wNMSE=0.01707938 wMSE=1100.2588 wMRED=0.34362231 wER=0.258160 wMAE=11.2805 wBias=1.9167 condBias=17.4593 dotDrift=+3.698sigma uMRED=0.0415273829 uER=0.323242 uMAE=26.0000 WCE=324 bias=-10.3750
[pop08_hard:00000] loss=0.303704 tau=6.00 collapse_w=0.500 mid_frac=0.080 hard=score=0.2805211041 wNMSE=0.01707938 wMSE=1100.2588 wMRED=0.34362231 wER=0.258160 wMAE=11.2805 wBias=1.9167 condBias=17.4593 dotDrift=+3.698sigma uMRED=0.0415273829 uER=0.323242 uMAE=26.0000 WCE=324 bias=-10.3750
[pop08_hard:00200] loss=0.302908 tau=6.00 collapse_w=0.500 mid_frac=0.071 hard=score=0.2805211041 wNMSE=0.01707938 wMSE=1100.2588 wMRED=0.34362231 wER=0.258160 wMAE=11.2805 wBias=1.9167 condBias=17.4593 dotDrift=+3.698sigma uMRED=0.0415273829 uER=0.323242 uMAE=26.0000 WCE=324 bias=-10.3750
[pop08_hard:00400] loss=1.919716 tau=6.00 collapse_w=0.500 mid_frac=0.080 hard=score=1.8952686260 wNMSE=0.037490977 wMSE=2415.1799 wMRED=0.39219033 wER=0.275951 wMAE=14.0953 wBias=-5.3371 condBias=25.6388 dotDrift=-6.950sigma uMRED=0.0513149864 uER=0.334961 uMAE=31.6719 WCE=408 bias=-26.8750
[pop08_hard:00599] loss=1.915010 tau=6.00 collapse_w=0.500 mid_frac=0.054 hard=score=1.8952686260 wNMSE=0.037490977 wMSE=2415.1799 wMRED=0.39219033 wER=0.275951 wMAE=14.0953 wBias=-5.3371 condBias=25.6388 dotDrift=-6.950sigma uMRED=0.0513149864 uER=0.334961 uMAE=31.6719 WCE=408 bias=-26.8750
[pop08] done (conf=0.53, noise=0.5); global best score=0.0138983572 wNMSE=0.0049195498 wMSE=316.9189 wMRED=0.34794152 wER=0.314426 wMAE=7.9784 wBias=-0.0050 condBias=8.0904 dotDrift=-0.018sigma uMRED=0.0168529092 uER=0.307617 uMAE=7.9297 WCE=96 bias=-2.6250
[pop09_soft:00000] loss=5.025837 tau=1.50 collapse_w=0.000 mid_frac=0.482 hard=score=482.8616219691 wNMSE=1.1635792 wMSE=74958.1215 wMRED=8.47873822 wER=0.413290 wMAE=117.7784 wBias=86.9268 condBias=195.5156 dotDrift=+20.320sigma uMRED=0.2573719538 uER=0.425781 uMAE=98.2109 WCE=3872 bias=80.3750
[pop09_soft:00200] loss=8.477342 tau=2.25 collapse_w=0.000 mid_frac=0.429 hard=score=15.0509251804 wNMSE=0.59285131 wMSE=38191.6579 wMRED=6.25238219 wER=0.420553 wMAE=100.5634 wBias=14.8026 condBias=104.2825 dotDrift=+4.848sigma uMRED=0.2002329551 uER=0.431641 uMAE=79.3750 WCE=665 bias=-45.2500
[pop09_soft:00400] loss=2.011534 tau=3.00 collapse_w=0.000 mid_frac=0.384 hard=score=7.5342069298 wNMSE=0.58967761 wMSE=37987.2072 wMRED=6.28440120 wER=0.402119 wMAE=100.9984 wBias=10.0575 condBias=104.4490 dotDrift=+3.303sigma uMRED=0.2058456684 uER=0.422852 uMAE=83.6914 WCE=697 bias=-54.3125
[pop09_soft:00600] loss=1.808404 tau=3.75 collapse_w=0.000 mid_frac=0.402 hard=score=6.0401331825 wNMSE=0.5910615 wMSE=38076.3582 wMRED=6.26837704 wER=0.402633 wMAE=101.9110 wBias=8.8153 condBias=104.5936 dotDrift=+2.891sigma uMRED=0.2115160492 uER=0.425781 uMAE=88.0391 WCE=692 bias=-58.7500
[pop09_soft:00800] loss=1.489212 tau=4.50 collapse_w=0.084 mid_frac=0.402 hard=score=13.4537249013 wNMSE=0.55607442 wMSE=35822.4801 wMRED=5.89059180 wER=0.402633 wMAE=96.7297 wBias=13.9967 condBias=99.4032 dotDrift=+4.733sigma uMRED=0.2051623454 uER=0.425781 uMAE=87.4141 WCE=676 bias=-58.1250
[pop09_soft:01000] loss=1.297928 tau=5.25 collapse_w=0.293 mid_frac=0.366 hard=score=13.2957972840 wNMSE=0.55646072 wMSE=35847.3655 wMRED=5.89264704 wER=0.402633 wMAE=96.8193 wBias=13.9070 condBias=99.4659 dotDrift=+4.701sigma uMRED=0.2053640404 uER=0.425781 uMAE=87.5391 WCE=676 bias=-58.2500
[pop09_soft:01199] loss=1.119838 tau=6.00 collapse_w=0.500 mid_frac=0.339 hard=score=12.8597675978 wNMSE=0.55595402 wMSE=35814.7238 wMRED=5.89322443 wER=0.402633 wMAE=96.8577 wBias=13.6591 condBias=99.4541 dotDrift=+4.619sigma uMRED=0.2056221676 uER=0.425781 uMAE=87.7266 WCE=676 bias=-58.5000
[pop09_hard:00000] loss=13.160080 tau=6.00 collapse_w=0.500 mid_frac=0.339 hard=score=12.8597675978 wNMSE=0.55595402 wMSE=35814.7238 wMRED=5.89322443 wER=0.402633 wMAE=96.8577 wBias=13.6591 condBias=99.4541 dotDrift=+4.619sigma uMRED=0.2056221676 uER=0.425781 uMAE=87.7266 WCE=676 bias=-58.5000
[pop09_hard:00200] loss=13.158118 tau=6.00 collapse_w=0.500 mid_frac=0.339 hard=score=12.8597675978 wNMSE=0.55595402 wMSE=35814.7238 wMRED=5.89322443 wER=0.402633 wMAE=96.8577 wBias=13.6591 condBias=99.4541 dotDrift=+4.619sigma uMRED=0.2056221676 uER=0.425781 uMAE=87.7266 WCE=676 bias=-58.5000
[pop09_hard:00400] loss=13.158700 tau=6.00 collapse_w=0.500 mid_frac=0.348 hard=score=12.8597675978 wNMSE=0.55595402 wMSE=35814.7238 wMRED=5.89322443 wER=0.402633 wMAE=96.8577 wBias=13.6591 condBias=99.4541 dotDrift=+4.619sigma uMRED=0.2056221676 uER=0.425781 uMAE=87.7266 WCE=676 bias=-58.5000
[pop09_hard:00599] loss=117.066200 tau=6.00 collapse_w=0.500 mid_frac=0.250 hard=score=116.5898594603 wNMSE=1.4039407 wMSE=90442.2775 wMRED=9.67818620 wER=0.419249 wMAE=152.8992 wBias=-42.3982 condBias=161.1472 dotDrift=-9.023sigma uMRED=0.3148685383 uER=0.431641 uMAE=119.9102 WCE=872 bias=-90.6875
[pop09] done (conf=0.51, noise=1.0); global best score=0.0138983572 wNMSE=0.0049195498 wMSE=316.9189 wMRED=0.34794152 wER=0.314426 wMAE=7.9784 wBias=-0.0050 condBias=8.0904 dotDrift=-0.018sigma uMRED=0.0168529092 uER=0.307617 uMAE=7.9297 WCE=96 bias=-2.6250
[pop10_soft:00000] loss=1.498340 tau=1.50 collapse_w=0.000 mid_frac=0.321 hard=score=8.6290634486 wNMSE=0.24112382 wMSE=15533.2681 wMRED=2.09709409 wER=0.427985 wMAE=46.2403 wBias=-11.3378 condBias=66.6371 dotDrift=-5.822sigma uMRED=0.1536541614 uER=0.434570 uMAE=88.6387 WCE=882 bias=19.0000
[pop10_soft:00200] loss=0.926897 tau=2.25 collapse_w=0.000 mid_frac=0.259 hard=score=28.2945121108 wNMSE=0.30886711 wMSE=19897.3115 wMRED=2.84950249 wER=0.326582 wMAE=55.5960 wBias=-20.8877 condBias=77.9042 dotDrift=-9.477sigma uMRED=0.1957209743 uER=0.391602 uMAE=114.3594 WCE=832 bias=74.8750
[pop10_soft:00400] loss=0.452630 tau=3.00 collapse_w=0.000 mid_frac=0.223 hard=score=2.3147031174 wNMSE=0.12710006 wMSE=8187.8235 wMRED=1.96499286 wER=0.340171 wMAE=37.9425 wBias=-5.7191 condBias=39.8909 dotDrift=-4.045sigma uMRED=0.1124719549 uER=0.394531 uMAE=62.4453 WCE=640 bias=45.8750
[pop10_soft:00600] loss=0.126137 tau=3.75 collapse_w=0.000 mid_frac=0.223 hard=score=4.0113798796 wNMSE=0.032069925 wMSE=2065.9541 wMRED=0.74291363 wER=0.339815 wMAE=18.7445 wBias=7.8710 condBias=24.4959 dotDrift=+11.083sigma uMRED=0.0689465969 uER=0.385742 uMAE=44.3359 WCE=336 bias=-9.0000
[pop10_soft:00800] loss=0.090561 tau=4.50 collapse_w=0.084 mid_frac=0.188 hard=score=0.4221794997 wNMSE=0.019630003 wMSE=1264.5707 wMRED=0.37903403 wER=0.310945 wMAE=11.7160 wBias=2.4310 condBias=17.9755 dotDrift=+4.375sigma uMRED=0.0352084611 uER=0.361328 uMAE=19.9609 WCE=256 bias=3.0000
[pop10_soft:01000] loss=0.068798 tau=5.25 collapse_w=0.293 mid_frac=0.152 hard=score=0.4221794997 wNMSE=0.019630003 wMSE=1264.5707 wMRED=0.37903403 wER=0.310945 wMAE=11.7160 wBias=2.4310 condBias=17.9755 dotDrift=+4.375sigma uMRED=0.0352084611 uER=0.361328 uMAE=19.9609 WCE=256 bias=3.0000
[pop10_soft:01199] loss=0.044515 tau=6.00 collapse_w=0.500 mid_frac=0.143 hard=score=0.4221794997 wNMSE=0.019630003 wMSE=1264.5707 wMRED=0.37903403 wER=0.310945 wMAE=11.7160 wBias=2.4310 condBias=17.9755 dotDrift=+4.375sigma uMRED=0.0352084611 uER=0.361328 uMAE=19.9609 WCE=256 bias=3.0000
[pop10_hard:00000] loss=0.451357 tau=6.00 collapse_w=0.500 mid_frac=0.143 hard=score=0.4221794997 wNMSE=0.019630003 wMSE=1264.5707 wMRED=0.37903403 wER=0.310945 wMAE=11.7160 wBias=2.4310 condBias=17.9755 dotDrift=+4.375sigma uMRED=0.0352084611 uER=0.361328 uMAE=19.9609 WCE=256 bias=3.0000
[pop10_hard:00200] loss=1.279535 tau=6.00 collapse_w=0.500 mid_frac=0.143 hard=score=1.2562741639 wNMSE=0.025560835 wMSE=1646.6366 wMRED=0.39288805 wER=0.310945 wMAE=12.4622 wBias=-4.3373 condBias=21.0461 dotDrift=-6.841sigma uMRED=0.0375583805 uER=0.361328 uMAE=21.1797 WCE=328 bias=-13.0000
[pop10_hard:00400] loss=1.276456 tau=6.00 collapse_w=0.500 mid_frac=0.134 hard=score=1.2562741639 wNMSE=0.025560835 wMSE=1646.6366 wMRED=0.39288805 wER=0.310945 wMAE=12.4622 wBias=-4.3373 condBias=21.0461 dotDrift=-6.841sigma uMRED=0.0375583805 uER=0.361328 uMAE=21.1797 WCE=328 bias=-13.0000
[pop10_hard:00599] loss=0.649472 tau=6.00 collapse_w=0.500 mid_frac=0.098 hard=score=0.6324854530 wNMSE=0.02225023 wMSE=1433.3664 wMRED=0.38520071 wER=0.316003 wMAE=11.3937 wBias=-3.0151 condBias=19.6207 dotDrift=-5.097sigma uMRED=0.0339118181 uER=0.355469 uMAE=19.0000 WCE=324 bias=-10.7500
[pop10] done (conf=0.53, noise=0.5); global best score=0.0138983572 wNMSE=0.0049195498 wMSE=316.9189 wMRED=0.34794152 wER=0.314426 wMAE=7.9784 wBias=-0.0050 condBias=8.0904 dotDrift=-0.018sigma uMRED=0.0168529092 uER=0.307617 uMAE=7.9297 WCE=96 bias=-2.6250
[pop11_soft:00000] loss=1.330910 tau=1.50 collapse_w=0.000 mid_frac=0.473 hard=score=41.3429057205 wNMSE=0.8230834 wMSE=53023.2782 wMRED=6.91271547 wER=0.436809 wMAE=109.0980 wBias=-25.0741 condBias=110.4012 dotDrift=-6.969sigma uMRED=0.2372649271 uER=0.434570 uMAE=97.6074 WCE=712 bias=2.7500
[pop11_soft:00200] loss=0.999776 tau=2.25 collapse_w=0.000 mid_frac=0.473 hard=score=44.1468319266 wNMSE=0.08024267 wMSE=5169.2567 wMRED=1.75243859 wER=0.436809 wMAE=38.1062 wBias=26.2922 condBias=52.6454 dotDrift=+23.404sigma uMRED=0.1075631193 uER=0.434570 uMAE=61.8262 WCE=540 bias=47.3750
[pop11_soft:00400] loss=0.512402 tau=3.00 collapse_w=0.000 mid_frac=0.420 hard=score=16.0413819388 wNMSE=0.057016458 wMSE=3673.0172 wMRED=0.90049679 wER=0.385347 wMAE=26.2053 wBias=15.8200 condBias=31.1988 dotDrift=+16.706sigma uMRED=0.0926489033 uER=0.416992 uMAE=60.5508 WCE=497 bias=55.3125
[pop11_soft:00600] loss=0.304312 tau=3.75 collapse_w=0.000 mid_frac=0.402 hard=score=23.5719696584 wNMSE=0.05427485 wMSE=3496.4020 wMRED=1.31468477 wER=0.370099 wMAE=28.5820 wBias=19.2089 condBias=37.1775 dotDrift=+20.791sigma uMRED=0.0801263975 uER=0.402344 uMAE=46.8594 WCE=353 bias=35.8125
[pop11_soft:00800] loss=0.236249 tau=4.50 collapse_w=0.084 mid_frac=0.375 hard=score=14.7773417527 wNMSE=0.052988183 wMSE=3413.5146 wMRED=1.17669378 wER=0.321754 wMAE=26.0094 wBias=15.1856 condBias=33.9785 dotDrift=+16.635sigma uMRED=0.0762515056 uER=0.408203 uMAE=47.2734 WCE=401 bias=26.3125
[pop11_soft:01000] loss=0.165032 tau=5.25 collapse_w=0.293 mid_frac=0.312 hard=score=14.7773417527 wNMSE=0.052988183 wMSE=3413.5146 wMRED=1.17669378 wER=0.321754 wMAE=26.0094 wBias=15.1856 condBias=33.9785 dotDrift=+16.635sigma uMRED=0.0762515056 uER=0.408203 uMAE=47.2734 WCE=401 bias=26.3125
[pop11_soft:01199] loss=0.114336 tau=6.00 collapse_w=0.500 mid_frac=0.304 hard=score=14.7773417527 wNMSE=0.052988183 wMSE=3413.5146 wMRED=1.17669378 wER=0.321754 wMAE=26.0094 wBias=15.1856 condBias=33.9785 dotDrift=+16.635sigma uMRED=0.0762515056 uER=0.408203 uMAE=47.2734 WCE=401 bias=26.3125
[pop11_hard:00000] loss=14.845752 tau=6.00 collapse_w=0.500 mid_frac=0.304 hard=score=14.7773417527 wNMSE=0.052988183 wMSE=3413.5146 wMRED=1.17669378 wER=0.321754 wMAE=26.0094 wBias=15.1856 condBias=33.9785 dotDrift=+16.635sigma uMRED=0.0762515056 uER=0.408203 uMAE=47.2734 WCE=401 bias=26.3125
[pop11_hard:00200] loss=12.083813 tau=6.00 collapse_w=0.500 mid_frac=0.312 hard=score=12.0094337806 wNMSE=0.052751702 wMSE=3398.2803 wMRED=1.17516627 wER=0.321754 wMAE=25.9796 wBias=13.6834 condBias=31.0155 dotDrift=+15.023sigma uMRED=0.0740273140 uER=0.408203 uMAE=46.4883 WCE=312 bias=10.3125
[pop11_hard:00400] loss=10.713820 tau=6.00 collapse_w=0.500 mid_frac=0.330 hard=score=10.6284082915 wNMSE=0.051331821 wMSE=3306.8112 wMRED=1.16915946 wER=0.320389 wMAE=25.5131 wBias=12.8659 condBias=30.3285 dotDrift=+14.319sigma uMRED=0.0729481490 uER=0.393555 uMAE=44.3633 WCE=312 bias=5.6875
[pop11_hard:00599] loss=1.503264 tau=6.00 collapse_w=0.500 mid_frac=0.384 hard=score=1.4131382463 wNMSE=0.05121653 wMSE=3299.3841 wMRED=1.03739733 wER=0.371154 wMAE=25.0842 wBias=4.5326 condBias=23.3049 dotDrift=+5.050sigma uMRED=0.0872184799 uER=0.416992 uMAE=58.7930 WCE=420 bias=-23.1250
[pop11] done (conf=0.51, noise=1.0); global best score=0.0138983572 wNMSE=0.0049195498 wMSE=316.9189 wMRED=0.34794152 wER=0.314426 wMAE=7.9784 wBias=-0.0050 condBias=8.0904 dotDrift=-0.018sigma uMRED=0.0168529092 uER=0.307617 uMAE=7.9297 WCE=96 bias=-2.6250
[best] stage=quad_hard_ste score=0.0138983572 wNMSE=0.0049195498 wMSE=316.9189 wMRED=0.34794152 wER=0.314426 wMAE=7.9784 wBias=-0.0050 condBias=8.0904 dotDrift=-0.018sigma uMRED=0.0168529092 uER=0.307617 uMAE=7.9297 WCE=96 bias=-2.6250
[best-json] /home/xuanqi/tony/work/FPGA/signed8x8_approx/signed8x8_2026_8_22/runs_module_groups/G1_qk/balanced_split/rand300/best_signed88_inits.json
[best-rtl] /home/xuanqi/tony/work/FPGA/signed8x8_approx/signed8x8_2026_8_22/runs_module_groups/G1_qk/balanced_split/rand300/best_rtl
[design] balanced_split search_bits=112
[start] score=0.0138983572 wNMSE=0.0049195498 wMSE=316.9189 wMRED=0.34794152 wER=0.314426 wMAE=7.9784 wBias=-0.0050 condBias=8.0904 dotDrift=-0.018sigma uMRED=0.0168529092 uER=0.307617 uMAE=7.9297 WCE=96 bias=-2.6250
[single] round=1 no improvement
[pair] ACCEPT ['mid_lut01:23', 'lo_lut45:7'] 0.0138983572->0.0134153281 wNMSE=0.0047110484 wBias=+0.01275
[pair] ACCEPT ['lo_lut23:51', 'lo_lut23:47'] 0.0134153281->0.0130395544 wNMSE=0.0045543487 wBias=+0.02292
[pair] ACCEPT ['lo_lut23:11', 'lo_lut23:15'] 0.0130395544->0.0129609471 wNMSE=0.0045290056 wBias=-0.00370
[pair] ACCEPT ['mid_lut01:31', 'lo_lut23:39'] 0.0129609471->0.0128256916 wNMSE=0.0045156734 wBias=+0.04832
[final] score=0.0128256916 wNMSE=0.0045156734 wMSE=290.9010 wMRED=0.35433922 wER=0.362604 wMAE=7.8411 wBias=0.0483 condBias=7.2266 dotDrift=+0.181sigma uMRED=0.0162800210 uER=0.363281 uMAE=7.5000 WCE=96 bias=-2.3750
[json] /home/xuanqi/tony/work/FPGA/signed8x8_approx/signed8x8_2026_8_22/runs_module_groups/G1_qk/balanced_split/rand300/refined/best_signed88_inits.json
