[design] default_split quad4 entries=168
[device] cuda
[initial] score=9.8635965250 wNMSE=5.6568576 wMSE=430941.4288 wMRED=23.59868613 wER=0.581468 wMAE=366.2177 wBias=0.6910 condBias=334.8808 dotDrift=+0.067sigma uMRED=0.8930518822 uER=0.571533 uMAE=358.3203 WCE=3360 bias=-7.6250
[quad_warmup_bit:00000] loss=16.441055 tau=1.50 collapse_w=0.000 mid_frac=0.476 hard=score=9.8561047848 wNMSE=5.6569972 wMSE=430952.0605 wMRED=23.59832197 wER=0.581468 wMAE=366.1986 wBias=0.5753 condBias=334.8970 dotDrift=+0.056sigma uMRED=0.8930445837 uER=0.571533 uMAE=358.3262 WCE=3360 bias=-7.7500 *BEST*
[quad_warmup_bit:00200] loss=0.650866 tau=1.50 collapse_w=0.000 mid_frac=0.435 hard=score=3827.4306013192 wNMSE=11.756299 wMSE=895599.0340 wMRED=33.75452287 wER=0.550253 wMAE=418.1610 wBias=-266.0258 condBias=539.3102 dotDrift=-17.991sigma uMRED=1.0414888112 uER=0.569336 uMAE=353.3286 WCE=3417 bias=-165.0000
[quad_warmup_bit:00400] loss=0.570478 tau=1.50 collapse_w=0.000 mid_frac=0.423 hard=score=4542.2921884946 wNMSE=9.2849399 wMSE=707330.0245 wMRED=28.49176911 wER=0.517783 wMAE=345.7934 wBias=-290.0955 condBias=532.5159 dotDrift=-22.075sigma uMRED=0.9233105211 uER=0.553223 uMAE=329.2637 WCE=3008 bias=-213.6875
[quad_warmup_bit:00600] loss=0.494664 tau=1.50 collapse_w=0.000 mid_frac=0.393 hard=score=4161.8099386054 wNMSE=9.1147443 wMSE=694364.4692 wMRED=24.27586934 wER=0.421279 wMAE=321.6172 wBias=-277.6720 condBias=537.7299 dotDrift=-21.326sigma uMRED=0.8823585242 uER=0.516113 uMAE=330.7852 WCE=3428 bias=-189.8750
[quad_warmup_bit:00800] loss=0.432208 tau=1.50 collapse_w=0.000 mid_frac=0.351 hard=score=1303.1913133709 wNMSE=4.0166907 wMSE=305992.9286 wMRED=14.09894900 wER=0.397075 wMAE=226.5658 wBias=-155.2709 condBias=328.0382 dotDrift=-17.964sigma uMRED=0.6567990931 uER=0.481689 uMAE=293.6016 WCE=3428 bias=-85.2500
[quad_warmup_bit:01000] loss=0.384367 tau=1.50 collapse_w=0.000 mid_frac=0.321 hard=score=1410.2432456231 wNMSE=4.0411499 wMSE=307856.2395 wMRED=14.06189454 wER=0.377247 wMAE=224.6394 wBias=-161.5453 condBias=341.3424 dotDrift=-18.634sigma uMRED=0.6326688499 uER=0.473877 uMAE=272.8359 WCE=3348 bias=-168.7500
[quad_warmup_bit:01200] loss=0.345541 tau=1.50 collapse_w=0.000 mid_frac=0.292 hard=score=474.2019563607 wNMSE=6.496411 wMSE=494898.8998 wMRED=25.84911986 wER=0.376236 wMAE=231.6596 wBias=-92.7868 condBias=414.2448 dotDrift=-8.441sigma uMRED=0.8068991976 uER=0.467285 uMAE=254.9707 WCE=3584 bias=-105.7500
[quad_warmup_bit:01400] loss=0.308939 tau=1.50 collapse_w=0.000 mid_frac=0.268 hard=score=441.0617189374 wNMSE=5.5461474 wMSE=422507.4853 wMRED=25.23149902 wER=0.375379 wMAE=206.2157 wBias=-89.5999 condBias=370.2960 dotDrift=-8.822sigma uMRED=0.6683165804 uER=0.451660 uMAE=193.5098 WCE=3584 bias=-89.7500
[quad_warmup_bit:01600] loss=0.271603 tau=1.50 collapse_w=0.000 mid_frac=0.238 hard=score=337.9882608156 wNMSE=5.420512 wMSE=412936.5321 wMRED=24.89033855 wER=0.331388 wMAE=196.4563 wBias=-78.2159 condBias=350.9618 dotDrift=-7.790sigma uMRED=0.6519329371 uER=0.426270 uMAE=182.1328 WCE=3584 bias=-53.7500
[quad_warmup_bit:01800] loss=0.236131 tau=1.50 collapse_w=0.000 mid_frac=0.208 hard=score=361.4862377387 wNMSE=5.3754119 wMSE=409500.7904 wMRED=24.87556918 wER=0.324669 wMAE=190.7276 wBias=-80.9678 condBias=352.0231 dotDrift=-8.098sigma uMRED=0.6123625757 uER=0.390381 uMAE=145.9941 WCE=3584 bias=-29.7500
[quad_warmup_bit:02000] loss=0.207940 tau=1.50 collapse_w=0.000 mid_frac=0.167 hard=score=230.3391382037 wNMSE=4.2190832 wMSE=321411.2587 wMRED=22.35022942 wER=0.310779 wMAE=138.4865 wBias=-64.3897 condBias=329.9120 dotDrift=-7.269sigma uMRED=0.5181162835 uER=0.340576 uMAE=106.9727 WCE=3776 bias=-5.7500
[quad_warmup_bit:02025] loss=0.205040 tau=1.50 collapse_w=0.000 mid_frac=0.161 hard=score=0.9874901169 wNMSE=0.56611445 wMSE=43126.8003 wMRED=3.11608495 wER=0.273474 wMAE=50.4412 wBias=-0.3843 condBias=64.7037 dotDrift=-0.118sigma uMRED=0.1952111841 uER=0.329590 uMAE=80.2891 WCE=3840 bias=12.2500 *BEST*
[quad_warmup_bit:02200] loss=0.188860 tau=1.50 collapse_w=0.000 mid_frac=0.137 hard=score=0.9874901169 wNMSE=0.56611445 wMSE=43126.8003 wMRED=3.11608495 wER=0.273474 wMAE=50.4412 wBias=-0.3843 condBias=64.7037 dotDrift=-0.118sigma uMRED=0.1952111841 uER=0.329590 uMAE=80.2891 WCE=3840 bias=12.2500
[quad_warmup_bit:02400] loss=0.176376 tau=1.50 collapse_w=0.000 mid_frac=0.119 hard=score=4.7056879740 wNMSE=0.59963866 wMSE=45680.6870 wMRED=3.18727051 wER=0.281712 wMAE=55.4292 wBias=8.2639 condBias=68.9516 dotDrift=+2.475sigma uMRED=0.2160638279 uER=0.349121 uMAE=91.9609 WCE=3840 bias=28.2500
[quad_warmup_bit:02600] loss=0.166670 tau=1.50 collapse_w=0.000 mid_frac=0.119 hard=score=5.2967761267 wNMSE=0.59863448 wMSE=45604.1881 wMRED=3.17857394 wER=0.281712 wMAE=54.9008 wBias=8.9079 condBias=68.6817 dotDrift=+2.670sigma uMRED=0.2149647000 uER=0.349121 uMAE=91.0859 WCE=3840 bias=29.2500
[quad_warmup_bit:02800] loss=0.158762 tau=1.50 collapse_w=0.000 mid_frac=0.107 hard=score=9.9122231849 wNMSE=0.59254394 wMSE=45140.2085 wMRED=3.12276279 wER=0.275833 wMAE=52.7199 wBias=12.8644 condBias=65.9897 dotDrift=+3.875sigma uMRED=0.2078538328 uER=0.343262 uMAE=87.0859 WCE=3840 bias=35.2500
[quad_warmup_bit:03000] loss=0.152898 tau=1.50 collapse_w=0.000 mid_frac=0.125 hard=score=18.2047230355 wNMSE=0.42572099 wMSE=32431.5764 wMRED=2.24461742 wER=0.300350 wMAE=51.9155 wBias=17.9892 condBias=70.3158 dotDrift=+6.393sigma uMRED=0.1951521711 uER=0.368652 uMAE=90.5938 WCE=3520 bias=36.2500
[quad_warmup_bit:03200] loss=0.148055 tau=1.50 collapse_w=0.000 mid_frac=0.113 hard=score=2.0151322738 wNMSE=0.31962519 wMSE=24349.1605 wMRED=2.08915322 wER=0.293196 wMAE=41.1713 wBias=5.0781 condBias=53.2084 dotDrift=+2.083sigma uMRED=0.1258064051 uER=0.350098 uMAE=47.7188 WCE=3520 bias=-11.7500
[quad_warmup_bit:03400] loss=0.144274 tau=1.50 collapse_w=0.000 mid_frac=0.107 hard=score=2.8270819897 wNMSE=0.14377484 wMSE=10952.8183 wMRED=1.75063030 wER=0.293196 wMAE=37.6265 wBias=6.8651 condBias=58.9741 dotDrift=+4.198sigma uMRED=0.1021297694 uER=0.350098 uMAE=43.5781 WCE=848 bias=-12.7500
[quad_warmup_bit:03600] loss=0.141743 tau=1.50 collapse_w=0.000 mid_frac=0.119 hard=score=2.8270819897 wNMSE=0.14377484 wMSE=10952.8183 wMRED=1.75063030 wER=0.293196 wMAE=37.6265 wBias=6.8651 condBias=58.9741 dotDrift=+4.198sigma uMRED=0.1021297694 uER=0.350098 uMAE=43.5781 WCE=848 bias=-12.7500
[quad_warmup_bit:03800] loss=0.139924 tau=1.50 collapse_w=0.000 mid_frac=0.113 hard=score=2.8270819897 wNMSE=0.14377484 wMSE=10952.8183 wMRED=1.75063030 wER=0.293196 wMAE=37.6265 wBias=6.8651 condBias=58.9741 dotDrift=+4.198sigma uMRED=0.1021297694 uER=0.350098 uMAE=43.5781 WCE=848 bias=-12.7500
[quad_warmup_bit:04000] loss=0.138530 tau=1.50 collapse_w=0.000 mid_frac=0.107 hard=score=2.8270819897 wNMSE=0.14377484 wMSE=10952.8183 wMRED=1.75063030 wER=0.293196 wMAE=37.6265 wBias=6.8651 condBias=58.9741 dotDrift=+4.198sigma uMRED=0.1021297694 uER=0.350098 uMAE=43.5781 WCE=848 bias=-12.7500
[quad_warmup_bit:04200] loss=0.137405 tau=1.50 collapse_w=0.000 mid_frac=0.107 hard=score=2.8270819897 wNMSE=0.14377484 wMSE=10952.8183 wMRED=1.75063030 wER=0.293196 wMAE=37.6265 wBias=6.8651 condBias=58.9741 dotDrift=+4.198sigma uMRED=0.1021297694 uER=0.350098 uMAE=43.5781 WCE=848 bias=-12.7500
[quad_warmup_bit:04400] loss=0.136466 tau=1.50 collapse_w=0.000 mid_frac=0.101 hard=score=2.8270819897 wNMSE=0.14377484 wMSE=10952.8183 wMRED=1.75063030 wER=0.293196 wMAE=37.6265 wBias=6.8651 condBias=58.9741 dotDrift=+4.198sigma uMRED=0.1021297694 uER=0.350098 uMAE=43.5781 WCE=848 bias=-12.7500
[quad_warmup_bit:04600] loss=0.135701 tau=1.50 collapse_w=0.000 mid_frac=0.101 hard=score=2.8270819897 wNMSE=0.14377484 wMSE=10952.8183 wMRED=1.75063030 wER=0.293196 wMAE=37.6265 wBias=6.8651 condBias=58.9741 dotDrift=+4.198sigma uMRED=0.1021297694 uER=0.350098 uMAE=43.5781 WCE=848 bias=-12.7500
[quad_warmup_bit:04800] loss=0.135102 tau=1.50 collapse_w=0.000 mid_frac=0.101 hard=score=16.3755370252 wNMSE=0.074225177 wMSE=5654.5004 wMRED=1.57937546 wER=0.291801 wMAE=29.3039 wBias=17.3645 condBias=41.0864 dotDrift=+14.779sigma uMRED=0.0728564364 uER=0.347900 uMAE=29.6973 WCE=464 bias=3.2500
[quad_warmup_bit:05000] loss=0.134618 tau=1.50 collapse_w=0.000 mid_frac=0.101 hard=score=16.3755370252 wNMSE=0.074225177 wMSE=5654.5004 wMRED=1.57937546 wER=0.291801 wMAE=29.3039 wBias=17.3645 condBias=41.0864 dotDrift=+14.779sigma uMRED=0.0728564364 uER=0.347900 uMAE=29.6973 WCE=464 bias=3.2500
[quad_warmup_bit:05200] loss=0.134219 tau=1.50 collapse_w=0.000 mid_frac=0.095 hard=score=16.3755370252 wNMSE=0.074225177 wMSE=5654.5004 wMRED=1.57937546 wER=0.291801 wMAE=29.3039 wBias=17.3645 condBias=41.0864 dotDrift=+14.779sigma uMRED=0.0728564364 uER=0.347900 uMAE=29.6973 WCE=464 bias=3.2500
[quad_warmup_bit:05400] loss=0.133879 tau=1.50 collapse_w=0.000 mid_frac=0.095 hard=score=16.3755370252 wNMSE=0.074225177 wMSE=5654.5004 wMRED=1.57937546 wER=0.291801 wMAE=29.3039 wBias=17.3645 condBias=41.0864 dotDrift=+14.779sigma uMRED=0.0728564364 uER=0.347900 uMAE=29.6973 WCE=464 bias=3.2500
[quad_warmup_bit:05600] loss=0.133587 tau=1.50 collapse_w=0.000 mid_frac=0.095 hard=score=16.3755370252 wNMSE=0.074225177 wMSE=5654.5004 wMRED=1.57937546 wER=0.291801 wMAE=29.3039 wBias=17.3645 condBias=41.0864 dotDrift=+14.779sigma uMRED=0.0728564364 uER=0.347900 uMAE=29.6973 WCE=464 bias=3.2500
[quad_warmup_bit:05800] loss=0.133334 tau=1.50 collapse_w=0.000 mid_frac=0.095 hard=score=16.3755370252 wNMSE=0.074225177 wMSE=5654.5004 wMRED=1.57937546 wER=0.291801 wMAE=29.3039 wBias=17.3645 condBias=41.0864 dotDrift=+14.779sigma uMRED=0.0728564364 uER=0.347900 uMAE=29.6973 WCE=464 bias=3.2500
[quad_warmup_bit:05999] loss=0.133116 tau=1.50 collapse_w=0.000 mid_frac=0.095 hard=score=16.3755370252 wNMSE=0.074225177 wMSE=5654.5004 wMRED=1.57937546 wER=0.291801 wMAE=29.3039 wBias=17.3645 condBias=41.0864 dotDrift=+14.779sigma uMRED=0.0728564364 uER=0.347900 uMAE=29.6973 WCE=464 bias=3.2500
[quad_soft:00000] loss=0.824399 tau=1.50 collapse_w=0.000 mid_frac=0.095 hard=score=16.3755370252 wNMSE=0.074225177 wMSE=5654.5004 wMRED=1.57937546 wER=0.291801 wMAE=29.3039 wBias=17.3645 condBias=41.0864 dotDrift=+14.779sigma uMRED=0.0728564364 uER=0.347900 uMAE=29.6973 WCE=464 bias=3.2500
[quad_soft:00100] loss=0.514573 tau=1.55 collapse_w=0.000 mid_frac=0.107 hard=score=0.3175032290 wNMSE=0.14340547 wMSE=10924.6798 wMRED=1.64964817 wER=0.299949 wMAE=37.3415 wBias=-0.7068 condBias=58.9443 dotDrift=-0.433sigma uMRED=0.1015995940 uER=0.350098 uMAE=43.6797 WCE=868 bias=-19.1250 *BEST*
[quad_soft:00200] loss=0.391463 tau=1.59 collapse_w=0.000 mid_frac=0.095 hard=score=0.4572541304 wNMSE=0.14555025 wMSE=11088.0697 wMRED=1.68743350 wER=0.313525 wMAE=38.1616 wBias=-1.7404 condBias=59.4433 dotDrift=-1.058sigma uMRED=0.1091337445 uER=0.364746 uMAE=49.2969 WCE=868 bias=-27.6250
[quad_soft:00400] loss=0.321731 tau=1.68 collapse_w=0.000 mid_frac=0.095 hard=score=0.3738831066 wNMSE=0.14526331 wMSE=11066.2111 wMRED=1.65332767 wER=0.298721 wMAE=37.7174 wBias=-1.2216 condBias=59.3380 dotDrift=-0.743sigma uMRED=0.1097463872 uER=0.357422 uMAE=49.9590 WCE=868 bias=-29.0000
[quad_soft:00600] loss=0.303430 tau=1.77 collapse_w=0.000 mid_frac=0.083 hard=score=0.3711800466 wNMSE=0.14146455 wMSE=10776.8200 wMRED=1.48180679 wER=0.279224 wMAE=35.4358 wBias=1.2428 condBias=58.6372 dotDrift=+0.766sigma uMRED=0.1038045507 uER=0.343262 uMAE=47.9141 WCE=864 bias=-26.8750
[quad_soft:00625] loss=0.302696 tau=1.78 collapse_w=0.000 mid_frac=0.083 hard=score=0.3147275410 wNMSE=0.14128702 wMSE=10763.2953 wMRED=1.48777371 wER=0.298853 wMAE=35.7981 wBias=-0.7134 condBias=58.6592 dotDrift=-0.440sigma uMRED=0.1058709354 uER=0.358887 uMAE=49.1641 WCE=864 bias=-28.8750 *BEST*
[quad_soft:00675] loss=0.301354 tau=1.80 collapse_w=0.000 mid_frac=0.083 hard=score=0.2871018961 wNMSE=0.13941826 wMSE=10620.9329 wMRED=1.48545150 wER=0.298707 wMAE=35.4783 wBias=-0.2233 condBias=58.2739 dotDrift=-0.139sigma uMRED=0.0981717793 uER=0.356445 uMAE=43.4551 WCE=864 bias=-20.8750 *BEST*
[quad_soft:00800] loss=0.298341 tau=1.86 collapse_w=0.000 mid_frac=0.095 hard=score=1.3142394085 wNMSE=0.14124477 wMSE=10760.0765 wMRED=1.57950644 wER=0.298707 wMAE=36.5653 wBias=4.3667 condBias=58.4601 dotDrift=+2.694sigma uMRED=0.1006112870 uER=0.356445 uMAE=44.2988 WCE=864 bias=-16.8750
[quad_soft:01000] loss=0.290314 tau=1.95 collapse_w=0.000 mid_frac=0.101 hard=score=1.6562335204 wNMSE=0.14120245 wMSE=10756.8530 wMRED=1.63790469 wER=0.291819 wMAE=36.6234 wBias=5.0452 condBias=58.5063 dotDrift=+3.113sigma uMRED=0.1008960268 uER=0.354980 uMAE=44.0488 WCE=848 bias=-16.3750
[quad_soft:01200] loss=0.283411 tau=2.04 collapse_w=0.000 mid_frac=0.101 hard=score=1.6562335204 wNMSE=0.14120245 wMSE=10756.8530 wMRED=1.63790469 wER=0.291819 wMAE=36.6234 wBias=5.0452 condBias=58.5063 dotDrift=+3.113sigma uMRED=0.1008960268 uER=0.354980 uMAE=44.0488 WCE=848 bias=-16.3750
[quad_soft:01400] loss=0.274476 tau=2.13 collapse_w=0.000 mid_frac=0.089 hard=score=0.7590300233 wNMSE=0.13909263 wMSE=10596.1258 wMRED=1.69460280 wER=0.313282 wMAE=35.5943 wBias=2.9828 condBias=58.1810 dotDrift=+1.855sigma uMRED=0.0978668450 uER=0.370361 uMAE=41.8770 WCE=808 bias=-17.8750
[quad_soft:01600] loss=0.271394 tau=2.22 collapse_w=0.000 mid_frac=0.089 hard=score=0.7590300233 wNMSE=0.13909263 wMSE=10596.1258 wMRED=1.69460280 wER=0.313282 wMAE=35.5943 wBias=2.9828 condBias=58.1810 dotDrift=+1.855sigma uMRED=0.0978668450 uER=0.370361 uMAE=41.8770 WCE=808 bias=-17.8750
[quad_soft:01800] loss=0.268687 tau=2.31 collapse_w=0.000 mid_frac=0.095 hard=score=0.7590300233 wNMSE=0.13909263 wMSE=10596.1258 wMRED=1.69460280 wER=0.313282 wMAE=35.5943 wBias=2.9828 condBias=58.1810 dotDrift=+1.855sigma uMRED=0.0978668450 uER=0.370361 uMAE=41.8770 WCE=808 bias=-17.8750
[quad_soft:02000] loss=0.266559 tau=2.40 collapse_w=0.000 mid_frac=0.089 hard=score=0.7501144643 wNMSE=0.13909909 wMSE=10596.6182 wMRED=1.69461516 wER=0.313092 wMAE=35.5943 wBias=2.9548 condBias=58.1855 dotDrift=+1.837sigma uMRED=0.0979717073 uER=0.369141 uMAE=41.9395 WCE=808 bias=-18.3750
[quad_soft:02200] loss=0.264269 tau=2.49 collapse_w=0.000 mid_frac=0.095 hard=score=0.7863660556 wNMSE=0.13907352 wMSE=10594.6706 wMRED=1.69459949 wER=0.313267 wMAE=35.5754 wBias=3.0671 condBias=58.1787 dotDrift=+1.907sigma uMRED=0.0974890282 uER=0.370605 uMAE=41.3555 WCE=808 bias=-16.3750
[quad_soft:02400] loss=0.261905 tau=2.58 collapse_w=0.000 mid_frac=0.095 hard=score=0.7863660556 wNMSE=0.13907352 wMSE=10594.6706 wMRED=1.69459949 wER=0.313267 wMAE=35.5754 wBias=3.0671 condBias=58.1787 dotDrift=+1.907sigma uMRED=0.0974890282 uER=0.370605 uMAE=41.3555 WCE=808 bias=-16.3750
[quad_soft:02600] loss=0.259341 tau=2.67 collapse_w=0.000 mid_frac=0.095 hard=score=0.6030376882 wNMSE=0.1389234 wMSE=10583.2343 wMRED=1.69217912 wER=0.313267 wMAE=35.4763 wBias=2.4501 condBias=58.0408 dotDrift=+1.524sigma uMRED=0.0968440521 uER=0.370605 uMAE=40.8555 WCE=808 bias=-17.3750
[quad_soft:02800] loss=0.256605 tau=2.76 collapse_w=0.000 mid_frac=0.095 hard=score=0.6104646012 wNMSE=0.13892691 wMSE=10583.5018 wMRED=1.69221068 wER=0.313312 wMAE=35.4814 wBias=2.4781 condBias=58.0428 dotDrift=+1.542sigma uMRED=0.0968691882 uER=0.369141 uMAE=40.8906 WCE=808 bias=-16.8750
[quad_soft:03000] loss=0.254172 tau=2.85 collapse_w=0.000 mid_frac=0.101 hard=score=0.6104646012 wNMSE=0.13892691 wMSE=10583.5018 wMRED=1.69221068 wER=0.313312 wMAE=35.4814 wBias=2.4781 condBias=58.0428 dotDrift=+1.542sigma uMRED=0.0968691882 uER=0.369141 uMAE=40.8906 WCE=808 bias=-16.8750
[quad_soft:03200] loss=0.251712 tau=2.94 collapse_w=0.000 mid_frac=0.101 hard=score=0.6030376882 wNMSE=0.1389234 wMSE=10583.2343 wMRED=1.69217912 wER=0.313267 wMAE=35.4763 wBias=2.4501 condBias=58.0408 dotDrift=+1.524sigma uMRED=0.0968440521 uER=0.370605 uMAE=40.8555 WCE=808 bias=-17.3750
[quad_soft:03400] loss=0.249171 tau=3.03 collapse_w=0.000 mid_frac=0.101 hard=score=12.0967120651 wNMSE=0.070549179 wMSE=5374.4616 wMRED=1.50802831 wER=0.293639 wMAE=26.7865 wBias=14.9057 condBias=39.4914 dotDrift=+13.013sigma uMRED=0.0653781123 uER=0.354980 uMAE=26.0371 WCE=432 bias=0.6250
[quad_soft:03600] loss=0.246603 tau=3.12 collapse_w=0.000 mid_frac=0.101 hard=score=12.0967120651 wNMSE=0.070549179 wMSE=5374.4616 wMRED=1.50802831 wER=0.293639 wMAE=26.7865 wBias=14.9057 condBias=39.4914 dotDrift=+13.013sigma uMRED=0.0653781123 uER=0.354980 uMAE=26.0371 WCE=432 bias=0.6250
[quad_soft:03800] loss=0.243946 tau=3.21 collapse_w=0.000 mid_frac=0.101 hard=score=12.0967120651 wNMSE=0.070549179 wMSE=5374.4616 wMRED=1.50802831 wER=0.293639 wMAE=26.7865 wBias=14.9057 condBias=39.4914 dotDrift=+13.013sigma uMRED=0.0653781123 uER=0.354980 uMAE=26.0371 WCE=432 bias=0.6250
[quad_soft:04000] loss=0.241246 tau=3.30 collapse_w=0.000 mid_frac=0.101 hard=score=12.0967120651 wNMSE=0.070549179 wMSE=5374.4616 wMRED=1.50802831 wER=0.293639 wMAE=26.7865 wBias=14.9057 condBias=39.4914 dotDrift=+13.013sigma uMRED=0.0653781123 uER=0.354980 uMAE=26.0371 WCE=432 bias=0.6250
[quad_soft:04200] loss=0.236180 tau=3.39 collapse_w=0.000 mid_frac=0.101 hard=score=12.0967120651 wNMSE=0.070549179 wMSE=5374.4616 wMRED=1.50802831 wER=0.293639 wMAE=26.7865 wBias=14.9057 condBias=39.4914 dotDrift=+13.013sigma uMRED=0.0653781123 uER=0.354980 uMAE=26.0371 WCE=432 bias=0.6250
[quad_soft:04400] loss=0.231100 tau=3.48 collapse_w=0.000 mid_frac=0.095 hard=score=12.0967120651 wNMSE=0.070549179 wMSE=5374.4616 wMRED=1.50802831 wER=0.293639 wMAE=26.7865 wBias=14.9057 condBias=39.4914 dotDrift=+13.013sigma uMRED=0.0653781123 uER=0.354980 uMAE=26.0371 WCE=432 bias=0.6250
[quad_soft:04600] loss=0.226026 tau=3.57 collapse_w=0.000 mid_frac=0.095 hard=score=12.0967120651 wNMSE=0.070549179 wMSE=5374.4616 wMRED=1.50802831 wER=0.293639 wMAE=26.7865 wBias=14.9057 condBias=39.4914 dotDrift=+13.013sigma uMRED=0.0653781123 uER=0.354980 uMAE=26.0371 WCE=432 bias=0.6250
[quad_soft:04800] loss=0.220929 tau=3.66 collapse_w=0.000 mid_frac=0.095 hard=score=12.0967120651 wNMSE=0.070549179 wMSE=5374.4616 wMRED=1.50802831 wER=0.293639 wMAE=26.7865 wBias=14.9057 condBias=39.4914 dotDrift=+13.013sigma uMRED=0.0653781123 uER=0.354980 uMAE=26.0371 WCE=432 bias=0.6250
[quad_soft:05000] loss=0.215832 tau=3.75 collapse_w=0.000 mid_frac=0.095 hard=score=12.0967120651 wNMSE=0.070549179 wMSE=5374.4616 wMRED=1.50802831 wER=0.293639 wMAE=26.7865 wBias=14.9057 condBias=39.4914 dotDrift=+13.013sigma uMRED=0.0653781123 uER=0.354980 uMAE=26.0371 WCE=432 bias=0.6250
[quad_soft:05200] loss=0.210743 tau=3.84 collapse_w=0.000 mid_frac=0.095 hard=score=12.0967120651 wNMSE=0.070549179 wMSE=5374.4616 wMRED=1.50802831 wER=0.293639 wMAE=26.7865 wBias=14.9057 condBias=39.4914 dotDrift=+13.013sigma uMRED=0.0653781123 uER=0.354980 uMAE=26.0371 WCE=432 bias=0.6250
[quad_soft:05400] loss=0.205599 tau=3.93 collapse_w=0.000 mid_frac=0.095 hard=score=12.0967120651 wNMSE=0.070549179 wMSE=5374.4616 wMRED=1.50802831 wER=0.293639 wMAE=26.7865 wBias=14.9057 condBias=39.4914 dotDrift=+13.013sigma uMRED=0.0653781123 uER=0.354980 uMAE=26.0371 WCE=432 bias=0.6250
[quad_soft:05600] loss=0.200509 tau=4.02 collapse_w=0.000 mid_frac=0.095 hard=score=12.0967120651 wNMSE=0.070549179 wMSE=5374.4616 wMRED=1.50802831 wER=0.293639 wMAE=26.7865 wBias=14.9057 condBias=39.4914 dotDrift=+13.013sigma uMRED=0.0653781123 uER=0.354980 uMAE=26.0371 WCE=432 bias=0.6250
[quad_soft:05800] loss=0.195342 tau=4.11 collapse_w=0.000 mid_frac=0.095 hard=score=12.0967120651 wNMSE=0.070549179 wMSE=5374.4616 wMRED=1.50802831 wER=0.293639 wMAE=26.7865 wBias=14.9057 condBias=39.4914 dotDrift=+13.013sigma uMRED=0.0653781123 uER=0.354980 uMAE=26.0371 WCE=432 bias=0.6250
[quad_soft:06000] loss=0.190200 tau=4.20 collapse_w=0.000 mid_frac=0.095 hard=score=12.0967120651 wNMSE=0.070549179 wMSE=5374.4616 wMRED=1.50802831 wER=0.293639 wMAE=26.7865 wBias=14.9057 condBias=39.4914 dotDrift=+13.013sigma uMRED=0.0653781123 uER=0.354980 uMAE=26.0371 WCE=432 bias=0.6250
[quad_soft:06200] loss=0.186071 tau=4.29 collapse_w=0.025 mid_frac=0.095 hard=score=12.0967120651 wNMSE=0.070549179 wMSE=5374.4616 wMRED=1.50802831 wER=0.293639 wMAE=26.7865 wBias=14.9057 condBias=39.4914 dotDrift=+13.013sigma uMRED=0.0653781123 uER=0.354980 uMAE=26.0371 WCE=432 bias=0.6250
[quad_soft:06400] loss=0.181835 tau=4.38 collapse_w=0.050 mid_frac=0.095 hard=score=12.0967120651 wNMSE=0.070549179 wMSE=5374.4616 wMRED=1.50802831 wER=0.293639 wMAE=26.7865 wBias=14.9057 condBias=39.4914 dotDrift=+13.013sigma uMRED=0.0653781123 uER=0.354980 uMAE=26.0371 WCE=432 bias=0.6250
[quad_soft:06600] loss=0.177475 tau=4.47 collapse_w=0.075 mid_frac=0.095 hard=score=12.0967120651 wNMSE=0.070549179 wMSE=5374.4616 wMRED=1.50802831 wER=0.293639 wMAE=26.7865 wBias=14.9057 condBias=39.4914 dotDrift=+13.013sigma uMRED=0.0653781123 uER=0.354980 uMAE=26.0371 WCE=432 bias=0.6250
[quad_soft:06800] loss=0.173028 tau=4.56 collapse_w=0.100 mid_frac=0.083 hard=score=12.2256960621 wNMSE=0.070477287 wMSE=5368.9848 wMRED=1.50645107 wER=0.293639 wMAE=26.7061 wBias=14.9862 condBias=39.4347 dotDrift=+13.090sigma uMRED=0.0651836769 uER=0.354980 uMAE=25.9121 WCE=432 bias=0.7500
[quad_soft:07000] loss=0.168490 tau=4.65 collapse_w=0.125 mid_frac=0.077 hard=score=11.9684370399 wNMSE=0.070629517 wMSE=5380.5818 wMRED=1.50960556 wER=0.293639 wMAE=26.8669 wBias=14.8253 condBias=39.5500 dotDrift=+12.935sigma uMRED=0.0655725477 uER=0.354980 uMAE=26.1621 WCE=432 bias=0.5000
[quad_soft:07200] loss=0.163865 tau=4.74 collapse_w=0.150 mid_frac=0.071 hard=score=11.9684370399 wNMSE=0.070629517 wMSE=5380.5818 wMRED=1.50960556 wER=0.293639 wMAE=26.8669 wBias=14.8253 condBias=39.5500 dotDrift=+12.935sigma uMRED=0.0655725477 uER=0.354980 uMAE=26.1621 WCE=432 bias=0.5000
[quad_soft:07400] loss=0.159184 tau=4.83 collapse_w=0.175 mid_frac=0.065 hard=score=11.9684370399 wNMSE=0.070629517 wMSE=5380.5818 wMRED=1.50960556 wER=0.293639 wMAE=26.8669 wBias=14.8253 condBias=39.5500 dotDrift=+12.935sigma uMRED=0.0655725477 uER=0.354980 uMAE=26.1621 WCE=432 bias=0.5000
[quad_soft:07600] loss=0.154430 tau=4.92 collapse_w=0.200 mid_frac=0.060 hard=score=11.9684370399 wNMSE=0.070629517 wMSE=5380.5818 wMRED=1.50960556 wER=0.293639 wMAE=26.8669 wBias=14.8253 condBias=39.5500 dotDrift=+12.935sigma uMRED=0.0655725477 uER=0.354980 uMAE=26.1621 WCE=432 bias=0.5000
[quad_soft:07800] loss=0.149603 tau=5.01 collapse_w=0.225 mid_frac=0.060 hard=score=11.9684370399 wNMSE=0.070629517 wMSE=5380.5818 wMRED=1.50960556 wER=0.293639 wMAE=26.8669 wBias=14.8253 condBias=39.5500 dotDrift=+12.935sigma uMRED=0.0655725477 uER=0.354980 uMAE=26.1621 WCE=432 bias=0.5000
[quad_soft:08000] loss=0.144719 tau=5.10 collapse_w=0.250 mid_frac=0.060 hard=score=11.9684370399 wNMSE=0.070629517 wMSE=5380.5818 wMRED=1.50960556 wER=0.293639 wMAE=26.8669 wBias=14.8253 condBias=39.5500 dotDrift=+12.935sigma uMRED=0.0655725477 uER=0.354980 uMAE=26.1621 WCE=432 bias=0.5000
[quad_soft:08200] loss=0.139769 tau=5.19 collapse_w=0.275 mid_frac=0.054 hard=score=11.9684370399 wNMSE=0.070629517 wMSE=5380.5818 wMRED=1.50960556 wER=0.293639 wMAE=26.8669 wBias=14.8253 condBias=39.5500 dotDrift=+12.935sigma uMRED=0.0655725477 uER=0.354980 uMAE=26.1621 WCE=432 bias=0.5000
[quad_soft:08400] loss=0.134717 tau=5.28 collapse_w=0.300 mid_frac=0.054 hard=score=11.9684370399 wNMSE=0.070629517 wMSE=5380.5818 wMRED=1.50960556 wER=0.293639 wMAE=26.8669 wBias=14.8253 condBias=39.5500 dotDrift=+12.935sigma uMRED=0.0655725477 uER=0.354980 uMAE=26.1621 WCE=432 bias=0.5000
[quad_soft:08600] loss=0.129605 tau=5.37 collapse_w=0.325 mid_frac=0.054 hard=score=11.9684370399 wNMSE=0.070629517 wMSE=5380.5818 wMRED=1.50960556 wER=0.293639 wMAE=26.8669 wBias=14.8253 condBias=39.5500 dotDrift=+12.935sigma uMRED=0.0655725477 uER=0.354980 uMAE=26.1621 WCE=432 bias=0.5000
[quad_soft:08800] loss=0.124416 tau=5.46 collapse_w=0.350 mid_frac=0.054 hard=score=11.9684370399 wNMSE=0.070629517 wMSE=5380.5818 wMRED=1.50960556 wER=0.293639 wMAE=26.8669 wBias=14.8253 condBias=39.5500 dotDrift=+12.935sigma uMRED=0.0655725477 uER=0.354980 uMAE=26.1621 WCE=432 bias=0.5000
[quad_soft:09000] loss=0.119161 tau=5.55 collapse_w=0.375 mid_frac=0.054 hard=score=11.9684370399 wNMSE=0.070629517 wMSE=5380.5818 wMRED=1.50960556 wER=0.293639 wMAE=26.8669 wBias=14.8253 condBias=39.5500 dotDrift=+12.935sigma uMRED=0.0655725477 uER=0.354980 uMAE=26.1621 WCE=432 bias=0.5000
[quad_soft:09200] loss=0.113816 tau=5.64 collapse_w=0.400 mid_frac=0.054 hard=score=11.9684370399 wNMSE=0.070629517 wMSE=5380.5818 wMRED=1.50960556 wER=0.293639 wMAE=26.8669 wBias=14.8253 condBias=39.5500 dotDrift=+12.935sigma uMRED=0.0655725477 uER=0.354980 uMAE=26.1621 WCE=432 bias=0.5000
[quad_soft:09400] loss=0.108338 tau=5.73 collapse_w=0.425 mid_frac=0.054 hard=score=11.9684370399 wNMSE=0.070629517 wMSE=5380.5818 wMRED=1.50960556 wER=0.293639 wMAE=26.8669 wBias=14.8253 condBias=39.5500 dotDrift=+12.935sigma uMRED=0.0655725477 uER=0.354980 uMAE=26.1621 WCE=432 bias=0.5000
[quad_soft:09600] loss=0.102724 tau=5.82 collapse_w=0.450 mid_frac=0.054 hard=score=11.9684370399 wNMSE=0.070629517 wMSE=5380.5818 wMRED=1.50960556 wER=0.293639 wMAE=26.8669 wBias=14.8253 condBias=39.5500 dotDrift=+12.935sigma uMRED=0.0655725477 uER=0.354980 uMAE=26.1621 WCE=432 bias=0.5000
[quad_soft:09800] loss=0.096959 tau=5.91 collapse_w=0.475 mid_frac=0.054 hard=score=11.9684370399 wNMSE=0.070629517 wMSE=5380.5818 wMRED=1.50960556 wER=0.293639 wMAE=26.8669 wBias=14.8253 condBias=39.5500 dotDrift=+12.935sigma uMRED=0.0655725477 uER=0.354980 uMAE=26.1621 WCE=432 bias=0.5000
[quad_soft:09999] loss=0.090952 tau=6.00 collapse_w=0.500 mid_frac=0.054 hard=score=11.9684370399 wNMSE=0.070629517 wMSE=5380.5818 wMRED=1.50960556 wER=0.293639 wMAE=26.8669 wBias=14.8253 condBias=39.5500 dotDrift=+12.935sigma uMRED=0.0655725477 uER=0.354980 uMAE=26.1621 WCE=432 bias=0.5000
[quad_hard_ste:00000] loss=12.033562 tau=6.00 collapse_w=0.500 mid_frac=0.054 hard=score=11.9684370399 wNMSE=0.070629517 wMSE=5380.5818 wMRED=1.50960556 wER=0.293639 wMAE=26.8669 wBias=14.8253 condBias=39.5500 dotDrift=+12.935sigma uMRED=0.0655725477 uER=0.354980 uMAE=26.1621 WCE=432 bias=0.5000
[quad_hard_ste:00200] loss=0.574957 tau=6.00 collapse_w=0.500 mid_frac=0.071 hard=score=0.5071858724 wNMSE=0.14224021 wMSE=10835.9097 wMRED=1.86707802 wER=0.313267 wMAE=37.5058 wBias=2.0309 condBias=58.6582 dotDrift=+1.249sigma uMRED=0.1012774084 uER=0.370605 uMAE=41.9805 WCE=808 bias=-17.5000
[quad_hard_ste:00400] loss=0.574814 tau=6.00 collapse_w=0.500 mid_frac=0.071 hard=score=0.5071858724 wNMSE=0.14224021 wMSE=10835.9097 wMRED=1.86707802 wER=0.313267 wMAE=37.5058 wBias=2.0309 condBias=58.6582 dotDrift=+1.249sigma uMRED=0.1012774084 uER=0.370605 uMAE=41.9805 WCE=808 bias=-17.5000
[quad_hard_ste:00600] loss=0.743867 tau=6.00 collapse_w=0.500 mid_frac=0.077 hard=score=0.3018038853 wNMSE=0.14032922 wMSE=10690.3303 wMRED=1.83035714 wER=0.333135 wMAE=37.3660 wBias=0.6400 condBias=57.3664 dotDrift=+0.396sigma uMRED=0.1004621191 uER=0.372070 uMAE=41.8203 WCE=808 bias=-18.0000
[quad_hard_ste:00800] loss=0.367567 tau=6.00 collapse_w=0.500 mid_frac=0.077 hard=score=0.3018038853 wNMSE=0.14032922 wMSE=10690.3303 wMRED=1.83035714 wER=0.333135 wMAE=37.3660 wBias=0.6400 condBias=57.3664 dotDrift=+0.396sigma uMRED=0.1004621191 uER=0.372070 uMAE=41.8203 WCE=808 bias=-18.0000
[quad_hard_ste:01000] loss=0.455525 tau=6.00 collapse_w=0.500 mid_frac=0.071 hard=score=0.5071858724 wNMSE=0.14224021 wMSE=10835.9097 wMRED=1.86707802 wER=0.313267 wMAE=37.5058 wBias=2.0309 condBias=58.6582 dotDrift=+1.249sigma uMRED=0.1012774084 uER=0.370605 uMAE=41.9805 WCE=808 bias=-17.5000
[quad_hard_ste:01200] loss=0.455532 tau=6.00 collapse_w=0.500 mid_frac=0.077 hard=score=0.3815920063 wNMSE=0.14780786 wMSE=11260.0550 wMRED=1.99697527 wER=0.339155 wMAE=40.8194 wBias=-1.2828 condBias=59.6008 dotDrift=-0.774sigma uMRED=0.1103151849 uER=0.401855 uMAE=45.9805 WCE=808 bias=-21.5000
[quad_hard_ste:01400] loss=0.574603 tau=6.00 collapse_w=0.500 mid_frac=0.077 hard=score=0.5071858724 wNMSE=0.14224021 wMSE=10835.9097 wMRED=1.86707802 wER=0.313267 wMAE=37.5058 wBias=2.0309 condBias=58.6582 dotDrift=+1.249sigma uMRED=0.1012774084 uER=0.370605 uMAE=41.9805 WCE=808 bias=-17.5000
[quad_hard_ste:01600] loss=0.455608 tau=6.00 collapse_w=0.500 mid_frac=0.077 hard=score=0.5071858724 wNMSE=0.14224021 wMSE=10835.9097 wMRED=1.86707802 wER=0.313267 wMAE=37.5058 wBias=2.0309 condBias=58.6582 dotDrift=+1.249sigma uMRED=0.1012774084 uER=0.370605 uMAE=41.9805 WCE=808 bias=-17.5000
[quad_hard_ste:01800] loss=0.455672 tau=6.00 collapse_w=0.500 mid_frac=0.089 hard=score=0.3815920063 wNMSE=0.14780786 wMSE=11260.0550 wMRED=1.99697527 wER=0.339155 wMAE=40.8194 wBias=-1.2828 condBias=59.6008 dotDrift=-0.774sigma uMRED=0.1103151849 uER=0.401855 uMAE=45.9805 WCE=808 bias=-21.5000
[quad_hard_ste:02000] loss=0.455744 tau=6.00 collapse_w=0.500 mid_frac=0.095 hard=score=0.3815920063 wNMSE=0.14780786 wMSE=11260.0550 wMRED=1.99697527 wER=0.339155 wMAE=40.8194 wBias=-1.2828 condBias=59.6008 dotDrift=-0.774sigma uMRED=0.1103151849 uER=0.401855 uMAE=45.9805 WCE=808 bias=-21.5000
[quad_hard_ste:02200] loss=0.455865 tau=6.00 collapse_w=0.500 mid_frac=0.095 hard=score=0.3815920063 wNMSE=0.14780786 wMSE=11260.0550 wMRED=1.99697527 wER=0.339155 wMAE=40.8194 wBias=-1.2828 condBias=59.6008 dotDrift=-0.774sigma uMRED=0.1103151849 uER=0.401855 uMAE=45.9805 WCE=808 bias=-21.5000
[quad_hard_ste:02400] loss=0.575068 tau=6.00 collapse_w=0.500 mid_frac=0.089 hard=score=0.5071858724 wNMSE=0.14224021 wMSE=10835.9097 wMRED=1.86707802 wER=0.313267 wMAE=37.5058 wBias=2.0309 condBias=58.6582 dotDrift=+1.249sigma uMRED=0.1012774084 uER=0.370605 uMAE=41.9805 WCE=808 bias=-17.5000
[quad_hard_ste:02600] loss=0.456242 tau=6.00 collapse_w=0.500 mid_frac=0.095 hard=score=0.3815920063 wNMSE=0.14780786 wMSE=11260.0550 wMRED=1.99697527 wER=0.339155 wMAE=40.8194 wBias=-1.2828 condBias=59.6008 dotDrift=-0.774sigma uMRED=0.1103151849 uER=0.401855 uMAE=45.9805 WCE=808 bias=-21.5000
[quad_hard_ste:02800] loss=0.343524 tau=6.00 collapse_w=0.500 mid_frac=0.060 hard=score=0.2885809164 wNMSE=0.12556471 wMSE=9565.5645 wMRED=1.53189122 wER=0.328405 wMAE=36.4872 wBias=-1.0416 condBias=47.1153 dotDrift=-0.682sigma uMRED=0.0902516494 uER=0.372070 uMAE=38.8516 WCE=688 bias=-15.5000
[quad_hard_ste:03000] loss=0.341778 tau=6.00 collapse_w=0.500 mid_frac=0.054 hard=score=0.2885809164 wNMSE=0.12556471 wMSE=9565.5645 wMRED=1.53189122 wER=0.328405 wMAE=36.4872 wBias=-1.0416 condBias=47.1153 dotDrift=-0.682sigma uMRED=0.0902516494 uER=0.372070 uMAE=38.8516 WCE=688 bias=-15.5000
[quad_hard_ste:03200] loss=0.340599 tau=6.00 collapse_w=0.500 mid_frac=0.048 hard=score=0.2885809164 wNMSE=0.12556471 wMSE=9565.5645 wMRED=1.53189122 wER=0.328405 wMAE=36.4872 wBias=-1.0416 condBias=47.1153 dotDrift=-0.682sigma uMRED=0.0902516494 uER=0.372070 uMAE=38.8516 WCE=688 bias=-15.5000
[quad_hard_ste:03400] loss=0.339636 tau=6.00 collapse_w=0.500 mid_frac=0.048 hard=score=0.2885809164 wNMSE=0.12556471 wMSE=9565.5645 wMRED=1.53189122 wER=0.328405 wMAE=36.4872 wBias=-1.0416 condBias=47.1153 dotDrift=-0.682sigma uMRED=0.0902516494 uER=0.372070 uMAE=38.8516 WCE=688 bias=-15.5000
[quad_hard_ste:03600] loss=0.339170 tau=6.00 collapse_w=0.500 mid_frac=0.048 hard=score=0.2885809164 wNMSE=0.12556471 wMSE=9565.5645 wMRED=1.53189122 wER=0.328405 wMAE=36.4872 wBias=-1.0416 condBias=47.1153 dotDrift=-0.682sigma uMRED=0.0902516494 uER=0.372070 uMAE=38.8516 WCE=688 bias=-15.5000
[quad_hard_ste:03800] loss=0.338881 tau=6.00 collapse_w=0.500 mid_frac=0.048 hard=score=0.2885809164 wNMSE=0.12556471 wMSE=9565.5645 wMRED=1.53189122 wER=0.328405 wMAE=36.4872 wBias=-1.0416 condBias=47.1153 dotDrift=-0.682sigma uMRED=0.0902516494 uER=0.372070 uMAE=38.8516 WCE=688 bias=-15.5000
[quad_hard_ste:03999] loss=0.338677 tau=6.00 collapse_w=0.500 mid_frac=0.048 hard=score=0.2885809164 wNMSE=0.12556471 wMSE=9565.5645 wMRED=1.53189122 wER=0.328405 wMAE=36.4872 wBias=-1.0416 condBias=47.1153 dotDrift=-0.682sigma uMRED=0.0902516494 uER=0.372070 uMAE=38.8516 WCE=688 bias=-15.5000
[pop00_soft:00000] loss=17.529291 tau=1.50 collapse_w=0.000 mid_frac=0.393 hard=score=201.3562992414 wNMSE=4.9505143 wMSE=377131.9420 wMRED=24.77394589 wER=0.576826 wMAE=303.8563 wBias=-59.9502 condBias=330.4064 dotDrift=-6.248sigma uMRED=0.6692326527 uER=0.568604 uMAE=224.3477 WCE=2306 bias=-4.7500
[pop00_soft:00200] loss=7.360133 tau=2.25 collapse_w=0.000 mid_frac=0.351 hard=score=342.6086470366 wNMSE=2.0672613 wMSE=157484.7035 wMRED=13.93555919 wER=0.525710 wMAE=168.4279 wBias=-79.4090 condBias=209.2797 dotDrift=-12.807sigma uMRED=0.4611955462 uER=0.545898 uMAE=188.2627 WCE=2308 bias=26.0625
[pop00_soft:00400] loss=3.783925 tau=3.00 collapse_w=0.000 mid_frac=0.298 hard=score=19.5960177702 wNMSE=0.76996132 wMSE=58655.9276 wMRED=10.29161338 wER=0.427427 wMAE=64.2818 wBias=18.4318 condBias=82.1013 dotDrift=+4.871sigma uMRED=0.3310617919 uER=0.532471 uMAE=140.3926 WCE=3960 bias=100.2500
[pop00_soft:00600] loss=0.356115 tau=3.75 collapse_w=0.000 mid_frac=0.238 hard=score=11.4001664074 wNMSE=0.13794784 wMSE=10508.9159 wMRED=2.40231936 wER=0.460658 wMAE=48.8212 wBias=14.3823 condBias=58.2800 dotDrift=+8.979sigma uMRED=0.1587788246 uER=0.517822 uMAE=86.7988 WCE=664 bias=11.0000
[pop00_soft:00800] loss=0.245015 tau=4.50 collapse_w=0.084 mid_frac=0.202 hard=score=9.7068936800 wNMSE=0.12402946 wMSE=9448.6084 wMRED=1.63456170 wER=0.373163 wMAE=39.2668 wBias=13.2595 condBias=51.1164 dotDrift=+8.730sigma uMRED=0.1421268920 uER=0.482666 uMAE=83.8027 WCE=656 bias=11.8750
[pop00_soft:01000] loss=0.176516 tau=5.25 collapse_w=0.293 mid_frac=0.161 hard=score=11.5300052164 wNMSE=0.11695453 wMSE=8909.6378 wMRED=1.62127064 wER=0.371965 wMAE=38.0498 wBias=14.4945 condBias=48.8624 dotDrift=+9.828sigma uMRED=0.1300836788 uER=0.476074 uMAE=75.8965 WCE=512 bias=19.8750
[pop00_soft:01199] loss=0.123858 tau=6.00 collapse_w=0.500 mid_frac=0.155 hard=score=11.5300052164 wNMSE=0.11695453 wMSE=8909.6378 wMRED=1.62127064 wER=0.371965 wMAE=38.0498 wBias=14.4945 condBias=48.8624 dotDrift=+9.828sigma uMRED=0.1300836788 uER=0.476074 uMAE=75.8965 WCE=512 bias=19.8750
[pop00_hard:00000] loss=11.612032 tau=6.00 collapse_w=0.500 mid_frac=0.155 hard=score=11.5300052164 wNMSE=0.11695453 wMSE=8909.6378 wMRED=1.62127064 wER=0.371965 wMAE=38.0498 wBias=14.4945 condBias=48.8624 dotDrift=+9.828sigma uMRED=0.1300836788 uER=0.476074 uMAE=75.8965 WCE=512 bias=19.8750
[pop00_hard:00200] loss=11.612400 tau=6.00 collapse_w=0.500 mid_frac=0.149 hard=score=11.5300052164 wNMSE=0.11695453 wMSE=8909.6378 wMRED=1.62127064 wER=0.371965 wMAE=38.0498 wBias=14.4945 condBias=48.8624 dotDrift=+9.828sigma uMRED=0.1300836788 uER=0.476074 uMAE=75.8965 WCE=512 bias=19.8750
[pop00_hard:00400] loss=0.554918 tau=6.00 collapse_w=0.500 mid_frac=0.173 hard=score=0.6019989079 wNMSE=0.20009089 wMSE=15242.9952 wMRED=1.81504060 wER=0.371965 wMAE=47.8902 wBias=2.0029 condBias=67.6730 dotDrift=+1.038sigma uMRED=0.1706073001 uER=0.476074 uMAE=97.4238 WCE=880 bias=-12.1250
[pop00_hard:00599] loss=0.675159 tau=6.00 collapse_w=0.500 mid_frac=0.185 hard=score=0.4748541478 wNMSE=0.19905743 wMSE=15164.2663 wMRED=1.92324009 wER=0.380446 wMAE=49.8933 wBias=-1.3108 condBias=67.8543 dotDrift=-0.681sigma uMRED=0.1728555147 uER=0.481934 uMAE=97.3770 WCE=880 bias=-16.1250
[pop00] done (conf=0.53, noise=0.5); global best score=0.2871018961 wNMSE=0.13941826 wMSE=10620.9329 wMRED=1.48545150 wER=0.298707 wMAE=35.4783 wBias=-0.2233 condBias=58.2739 dotDrift=-0.139sigma uMRED=0.0981717793 uER=0.356445 uMAE=43.4551 WCE=864 bias=-20.8750
[pop01_soft:00000] loss=6.284605 tau=1.50 collapse_w=0.000 mid_frac=0.393 hard=score=1177.7822291723 wNMSE=9.2293929 wMSE=703098.4365 wMRED=27.09675081 wER=0.576830 wMAE=398.8482 wBias=-146.9588 condBias=493.7700 dotDrift=-11.217sigma uMRED=1.1063129546 uER=0.571533 uMAE=458.6675 WCE=3391 bias=61.3750
[pop01_soft:00200] loss=3.864604 tau=2.25 collapse_w=0.000 mid_frac=0.381 hard=score=30.9101828372 wNMSE=1.0596777 wMSE=80726.6265 wMRED=6.47289137 wER=0.518884 wMAE=129.4215 wBias=23.3061 condBias=124.1436 dotDrift=+5.250sigma uMRED=0.4067031661 uER=0.546631 uMAE=240.4731 WCE=2663 bias=104.1875
[pop01_soft:00400] loss=1.194009 tau=3.00 collapse_w=0.000 mid_frac=0.304 hard=score=32.0445975951 wNMSE=0.48114781 wMSE=36654.0115 wMRED=4.27985832 wER=0.492532 wMAE=93.5638 wBias=-24.1073 condBias=81.4203 dotDrift=-8.059sigma uMRED=0.2669798504 uER=0.542969 uMAE=161.9160 WCE=1236 bias=-18.2500
[pop01_soft:00600] loss=0.583641 tau=3.75 collapse_w=0.000 mid_frac=0.262 hard=score=10.9397203684 wNMSE=0.23943185 wMSE=18240.0034 wMRED=2.38563987 wER=0.492539 wMAE=63.9568 wBias=-13.9799 condBias=63.8397 dotDrift=-6.625sigma uMRED=0.1922134249 uER=0.507080 uMAE=106.9512 WCE=1144 bias=-72.8750
[pop01_soft:00800] loss=0.474431 tau=4.50 collapse_w=0.084 mid_frac=0.220 hard=score=8.1911204804 wNMSE=0.23007211 wMSE=17526.9753 wMRED=2.34374555 wER=0.499566 wMAE=62.9601 wBias=-12.0416 condBias=59.7830 dotDrift=-5.821sigma uMRED=0.1831266010 uER=0.500488 uMAE=100.7305 WCE=928 bias=-65.2500
[pop01_soft:01000] loss=0.387318 tau=5.25 collapse_w=0.293 mid_frac=0.220 hard=score=13.1707306467 wNMSE=0.22446346 wMSE=17099.7065 wMRED=2.25446901 wER=0.460670 wMAE=59.7296 wBias=-15.4256 condBias=59.1225 dotDrift=-7.550sigma uMRED=0.1780837710 uER=0.487305 uMAE=98.4102 WCE=896 bias=-65.1250
[pop01_soft:01199] loss=0.298207 tau=6.00 collapse_w=0.500 mid_frac=0.202 hard=score=13.1707306467 wNMSE=0.22446346 wMSE=17099.7065 wMRED=2.25446901 wER=0.460670 wMAE=59.7296 wBias=-15.4256 condBias=59.1225 dotDrift=-7.550sigma uMRED=0.1780837710 uER=0.487305 uMAE=98.4102 WCE=896 bias=-65.1250
[pop01_hard:00000] loss=13.264958 tau=6.00 collapse_w=0.500 mid_frac=0.202 hard=score=13.1707306467 wNMSE=0.22446346 wMSE=17099.7065 wMRED=2.25446901 wER=0.460670 wMAE=59.7296 wBias=-15.4256 condBias=59.1225 dotDrift=-7.550sigma uMRED=0.1780837710 uER=0.487305 uMAE=98.4102 WCE=896 bias=-65.1250
[pop01_hard:00200] loss=2.607278 tau=6.00 collapse_w=0.500 mid_frac=0.196 hard=score=2.5466491453 wNMSE=0.27495657 wMSE=20946.2895 wMRED=2.31230759 wER=0.490309 wMAE=64.5134 wBias=-6.1576 condBias=67.3412 dotDrift=-2.723sigma uMRED=0.2229595366 uER=0.496094 uMAE=129.6758 WCE=1600 bias=0.8750
[pop01_hard:00400] loss=1.252495 tau=6.00 collapse_w=0.500 mid_frac=0.190 hard=score=1.1950146374 wNMSE=0.26475827 wMSE=20169.3796 wMRED=2.27709030 wER=0.489656 wMAE=63.2914 wBias=-3.6575 condBias=61.9481 dotDrift=-1.648sigma uMRED=0.2173595974 uER=0.494629 uMAE=127.3809 WCE=1600 bias=4.8750
[pop01_hard:00599] loss=0.519744 tau=6.00 collapse_w=0.500 mid_frac=0.179 hard=score=0.4611882377 wNMSE=0.26613062 wMSE=20273.9257 wMRED=2.28414575 wER=0.491111 wMAE=64.1110 wBias=-0.3184 condBias=56.0018 dotDrift=-0.143sigma uMRED=0.2107499220 uER=0.509033 uMAE=134.8418 WCE=1600 bias=21.8750
[pop01] done (conf=0.51, noise=1.0); global best score=0.2871018961 wNMSE=0.13941826 wMSE=10620.9329 wMRED=1.48545150 wER=0.298707 wMAE=35.4783 wBias=-0.2233 condBias=58.2739 dotDrift=-0.139sigma uMRED=0.0981717793 uER=0.356445 uMAE=43.4551 WCE=864 bias=-20.8750
[pop02_soft:00000] loss=39.672031 tau=1.50 collapse_w=0.000 mid_frac=0.351 hard=score=2778.3082558751 wNMSE=14.597105 wMSE=1112012.6480 wMRED=41.50590715 wER=0.582221 wMAE=600.8593 wBias=226.3115 condBias=602.9442 dotDrift=+13.735sigma uMRED=1.2094517920 uER=0.575928 uMAE=398.0190 WCE=3200 bias=-0.6875
[pop02_soft:00200] loss=9.368932 tau=2.25 collapse_w=0.000 mid_frac=0.327 hard=score=1730.1717694670 wNMSE=4.1196606 wMSE=313837.2137 wMRED=17.92402498 wER=0.489790 wMAE=230.0146 wBias=-179.0251 condBias=302.6379 dotDrift=-20.452sigma uMRED=0.6280826814 uER=0.560303 uMAE=266.9863 WCE=3136 bias=-156.6250
[pop02_soft:00400] loss=3.186682 tau=3.00 collapse_w=0.000 mid_frac=0.250 hard=score=2.8931240678 wNMSE=0.61348504 wMSE=46735.5091 wMRED=3.88588186 wER=0.466500 wMAE=105.7739 wBias=-5.6546 condBias=101.5726 dotDrift=-1.674sigma uMRED=0.3334456657 uER=0.544922 uMAE=199.3359 WCE=2048 bias=46.7500
[pop02_soft:00600] loss=0.593859 tau=3.75 collapse_w=0.000 mid_frac=0.208 hard=score=15.3223543740 wNMSE=0.29046585 wMSE=22127.7919 wMRED=3.15606054 wER=0.464629 wMAE=73.9751 wBias=-16.5894 condBias=68.2021 dotDrift=-7.137sigma uMRED=0.2494960697 uER=0.533691 uMAE=146.4766 WCE=1552 bias=40.2500
[pop02_soft:00800] loss=0.383773 tau=4.50 collapse_w=0.084 mid_frac=0.155 hard=score=22.2464241107 wNMSE=0.22116832 wMSE=16848.6814 wMRED=2.12708484 wER=0.397578 wMAE=55.5149 wBias=-20.1586 condBias=63.9441 dotDrift=-9.939sigma uMRED=0.2114999186 uER=0.491455 uMAE=124.9062 WCE=1024 bias=-4.3750
[pop02_soft:01000] loss=0.268029 tau=5.25 collapse_w=0.293 mid_frac=0.131 hard=score=13.3092799243 wNMSE=0.21094699 wMSE=16070.0168 wMRED=1.81340232 wER=0.397578 wMAE=51.9785 wBias=-15.5022 condBias=65.0386 dotDrift=-7.826sigma uMRED=0.2072972510 uER=0.491455 uMAE=124.0000 WCE=1024 bias=-3.3750
[pop02_soft:01199] loss=0.195971 tau=6.00 collapse_w=0.500 mid_frac=0.137 hard=score=11.8245137834 wNMSE=0.20904948 wMSE=15925.4638 wMRED=1.83375879 wER=0.397578 wMAE=51.5446 wBias=-14.5860 condBias=64.9414 dotDrift=-7.397sigma uMRED=0.2072669160 uER=0.491455 uMAE=123.6250 WCE=1024 bias=-2.3750
[pop02_hard:00000] loss=11.890811 tau=6.00 collapse_w=0.500 mid_frac=0.137 hard=score=11.8245137834 wNMSE=0.20904948 wMSE=15925.4638 wMRED=1.83375879 wER=0.397578 wMAE=51.5446 wBias=-14.5860 condBias=64.9414 dotDrift=-7.397sigma uMRED=0.2072669160 uER=0.491455 uMAE=123.6250 WCE=1024 bias=-2.3750
[pop02_hard:00200] loss=9.015828 tau=6.00 collapse_w=0.500 mid_frac=0.125 hard=score=8.9548018272 wNMSE=0.20767481 wMSE=15820.7408 wMRED=1.83306560 wER=0.397578 wMAE=51.4424 wBias=-12.6256 condBias=64.6571 dotDrift=-6.424sigma uMRED=0.2032619765 uER=0.491455 uMAE=120.8906 WCE=1024 bias=29.6250
[pop02_hard:00400] loss=6.902406 tau=6.00 collapse_w=0.500 mid_frac=0.107 hard=score=6.8483798293 wNMSE=0.20408803 wMSE=15547.4987 wMRED=1.76854206 wER=0.386210 wMAE=49.8442 wBias=-10.9688 condBias=64.0988 dotDrift=-5.630sigma uMRED=0.2000851646 uER=0.484619 uMAE=119.8906 WCE=1024 bias=31.6250
[pop02_hard:00599] loss=6.900672 tau=6.00 collapse_w=0.500 mid_frac=0.083 hard=score=6.8483798293 wNMSE=0.20408803 wMSE=15547.4987 wMRED=1.76854206 wER=0.386210 wMAE=49.8442 wBias=-10.9688 condBias=64.0988 dotDrift=-5.630sigma uMRED=0.2000851646 uER=0.484619 uMAE=119.8906 WCE=1024 bias=31.6250
[pop02] done (conf=0.53, noise=0.5); global best score=0.2871018961 wNMSE=0.13941826 wMSE=10620.9329 wMRED=1.48545150 wER=0.298707 wMAE=35.4783 wBias=-0.2233 condBias=58.2739 dotDrift=-0.139sigma uMRED=0.0981717793 uER=0.356445 uMAE=43.4551 WCE=864 bias=-20.8750
[pop03_soft:00000] loss=26.502705 tau=1.50 collapse_w=0.000 mid_frac=0.345 hard=score=2023.0403250292 wNMSE=8.0681412 wMSE=614633.8690 wMRED=26.02218711 wER=0.582481 wMAE=432.4658 wBias=193.3094 condBias=465.7456 dotDrift=+15.781sigma uMRED=1.0373774827 uER=0.575928 uMAE=410.9214 WCE=3441 bias=131.6875
[pop03_soft:00200] loss=8.579260 tau=2.25 collapse_w=0.000 mid_frac=0.339 hard=score=290.3036992194 wNMSE=4.7097586 wMSE=358791.0910 wMRED=21.71748945 wER=0.582297 wMAE=333.9357 wBias=72.4506 condBias=346.9648 dotDrift=+7.741sigma uMRED=0.7654712940 uER=0.574463 uMAE=281.5547 WCE=2491 bias=-9.0000
[pop03_soft:00400] loss=3.903424 tau=3.00 collapse_w=0.000 mid_frac=0.333 hard=score=3.0388561301 wNMSE=0.23642867 wMSE=18011.2200 wMRED=2.27818806 wER=0.558337 wMAE=64.5825 wBias=-6.9880 condBias=61.6023 dotDrift=-3.332sigma uMRED=0.2142896463 uER=0.566406 uMAE=124.1670 WCE=964 bias=-21.8750
[pop03_soft:00600] loss=0.627766 tau=3.75 collapse_w=0.000 mid_frac=0.357 hard=score=15.7475812002 wNMSE=0.28480836 wMSE=21696.8024 wMRED=2.66331860 wER=0.530700 wMAE=71.5241 wBias=-16.8396 condBias=72.3941 dotDrift=-7.317sigma uMRED=0.2407224057 uER=0.565674 uMAE=137.7725 WCE=960 bias=-17.6250
[pop03_soft:00800] loss=0.424420 tau=4.50 collapse_w=0.084 mid_frac=0.298 hard=score=9.6798826692 wNMSE=0.27831493 wMSE=21202.1307 wMRED=2.47595902 wER=0.524393 wMAE=69.2034 wBias=-13.0683 condBias=71.2005 dotDrift=-5.744sigma uMRED=0.2390063732 uER=0.556152 uMAE=138.1475 WCE=928 bias=-16.8750
[pop03_soft:01000] loss=0.330434 tau=5.25 collapse_w=0.293 mid_frac=0.280 hard=score=11.2697127833 wNMSE=0.27078196 wMSE=20628.2659 wMRED=2.53687773 wER=0.530099 wMAE=68.3815 wBias=-14.1687 condBias=68.9583 dotDrift=-6.314sigma uMRED=0.2369084844 uER=0.558350 uMAE=136.3506 WCE=928 bias=-17.3750
[pop03_soft:01199] loss=0.218246 tau=6.00 collapse_w=0.500 mid_frac=0.292 hard=score=8.8702440486 wNMSE=0.27581541 wMSE=21011.7159 wMRED=2.37845427 wER=0.528864 wMAE=67.5803 wBias=-12.4798 condBias=71.4567 dotDrift=-5.510sigma uMRED=0.2372798310 uER=0.557617 uMAE=137.9756 WCE=928 bias=-16.3750
[pop03_hard:00000] loss=8.976716 tau=6.00 collapse_w=0.500 mid_frac=0.292 hard=score=8.8702440486 wNMSE=0.27581541 wMSE=21011.7159 wMRED=2.37845427 wER=0.528864 wMAE=67.5803 wBias=-12.4798 condBias=71.4567 dotDrift=-5.510sigma uMRED=0.2372798310 uER=0.557617 uMAE=137.9756 WCE=928 bias=-16.3750
[pop03_hard:00200] loss=8.973472 tau=6.00 collapse_w=0.500 mid_frac=0.286 hard=score=8.8702440486 wNMSE=0.27581541 wMSE=21011.7159 wMRED=2.37845427 wER=0.528864 wMAE=67.5803 wBias=-12.4798 condBias=71.4567 dotDrift=-5.510sigma uMRED=0.2372798310 uER=0.557617 uMAE=137.9756 WCE=928 bias=-16.3750
[pop03_hard:00400] loss=4.521718 tau=6.00 collapse_w=0.500 mid_frac=0.280 hard=score=4.4226358019 wNMSE=0.27208128 wMSE=20727.2486 wMRED=2.26571890 wER=0.518749 wMAE=66.1411 wBias=-8.5531 condBias=69.5917 dotDrift=-3.802sigma uMRED=0.2302639549 uER=0.552490 uMAE=133.7109 WCE=928 bias=-9.8750
[pop03_hard:00599] loss=0.557404 tau=6.00 collapse_w=0.500 mid_frac=0.238 hard=score=0.4704843691 wNMSE=0.2532649 wMSE=19293.8105 wMRED=2.22923726 wER=0.547927 wMAE=63.8681 wBias=-0.1209 condBias=65.3382 dotDrift=-0.056sigma uMRED=0.2094364189 uER=0.564209 uMAE=120.3213 WCE=1092 bias=16.6250
[pop03] done (conf=0.51, noise=1.0); global best score=0.2871018961 wNMSE=0.13941826 wMSE=10620.9329 wMRED=1.48545150 wER=0.298707 wMAE=35.4783 wBias=-0.2233 condBias=58.2739 dotDrift=-0.139sigma uMRED=0.0981717793 uER=0.356445 uMAE=43.4551 WCE=864 bias=-20.8750
[pop04_soft:00000] loss=38.749981 tau=1.50 collapse_w=0.000 mid_frac=0.333 hard=score=2517.2033983294 wNMSE=6.3848273 wMSE=486398.4205 wMRED=26.88745007 wER=0.577572 wMAE=397.5277 wBias=215.8840 condBias=420.6910 dotDrift=+19.811sigma uMRED=0.8499860183 uER=0.573730 uMAE=319.2930 WCE=2251 bias=128.1875
[pop04_soft:00200] loss=7.792462 tau=2.25 collapse_w=0.000 mid_frac=0.315 hard=score=1171.5321649012 wNMSE=2.8326388 wMSE=215791.4336 wMRED=12.92815806 wER=0.564091 wMAE=201.9865 wBias=-147.2808 condBias=275.7279 dotDrift=-20.291sigma uMRED=0.6532110367 uER=0.571533 uMAE=306.3716 WCE=3081 bias=-286.9375
[pop04_soft:00400] loss=1.618821 tau=3.00 collapse_w=0.000 mid_frac=0.310 hard=score=1.4674990439 wNMSE=0.73746412 wMSE=56180.2796 wMRED=4.18056093 wER=0.441112 wMAE=79.3867 wBias=2.0339 condBias=80.4718 dotDrift=+0.549sigma uMRED=0.3130252689 uER=0.506836 uMAE=173.0996 WCE=3808 bias=41.2500
[pop04_soft:00600] loss=0.401816 tau=3.75 collapse_w=0.000 mid_frac=0.196 hard=score=5.0285607591 wNMSE=0.19546539 wMSE=14890.6234 wMRED=2.00901747 wER=0.415611 wMAE=51.1301 wBias=-9.3025 condBias=67.8537 dotDrift=-4.879sigma uMRED=0.1669952868 uER=0.481689 uMAE=92.7090 WCE=808 bias=-44.2500
[pop04_soft:00800] loss=0.260413 tau=4.50 collapse_w=0.084 mid_frac=0.173 hard=score=7.1229882773 wNMSE=0.1845271 wMSE=14057.3398 wMRED=1.92107893 wER=0.418007 wMAE=48.9212 wBias=-11.2075 condBias=66.7588 dotDrift=-6.050sigma uMRED=0.1683315790 uER=0.483398 uMAE=89.7773 WCE=956 bias=-69.8750
[pop04_soft:01000] loss=0.201112 tau=5.25 collapse_w=0.293 mid_frac=0.167 hard=score=7.9953414766 wNMSE=0.18470757 wMSE=14071.0886 wMRED=1.91351689 wER=0.418007 wMAE=49.1292 wBias=-11.9094 condBias=66.6006 dotDrift=-6.426sigma uMRED=0.1684625222 uER=0.483398 uMAE=90.0742 WCE=956 bias=-70.8750
[pop04_soft:01199] loss=0.140850 tau=6.00 collapse_w=0.500 mid_frac=0.137 hard=score=7.9953414766 wNMSE=0.18470757 wMSE=14071.0886 wMRED=1.91351689 wER=0.418007 wMAE=49.1292 wBias=-11.9094 condBias=66.6006 dotDrift=-6.426sigma uMRED=0.1684625222 uER=0.483398 uMAE=90.0742 WCE=956 bias=-70.8750
[pop04_hard:00000] loss=8.068864 tau=6.00 collapse_w=0.500 mid_frac=0.137 hard=score=7.9953414766 wNMSE=0.18470757 wMSE=14071.0886 wMRED=1.91351689 wER=0.418007 wMAE=49.1292 wBias=-11.9094 condBias=66.6006 dotDrift=-6.426sigma uMRED=0.1684625222 uER=0.483398 uMAE=90.0742 WCE=956 bias=-70.8750
[pop04_hard:00200] loss=2.085254 tau=6.00 collapse_w=0.500 mid_frac=0.131 hard=score=2.0134864329 wNMSE=0.25114191 wMSE=19132.0802 wMRED=1.96579236 wER=0.418007 wMAE=54.0716 wBias=5.3869 condBias=69.6327 dotDrift=+2.493sigma uMRED=0.1829695210 uER=0.483398 uMAE=100.3867 WCE=956 bias=-38.8750
[pop04_hard:00400] loss=8.062556 tau=6.00 collapse_w=0.500 mid_frac=0.131 hard=score=7.9953414766 wNMSE=0.18470757 wMSE=14071.0886 wMRED=1.91351689 wER=0.418007 wMAE=49.1292 wBias=-11.9094 condBias=66.6006 dotDrift=-6.426sigma uMRED=0.1684625222 uER=0.483398 uMAE=90.0742 WCE=956 bias=-70.8750
[pop04_hard:00599] loss=8.061586 tau=6.00 collapse_w=0.500 mid_frac=0.131 hard=score=7.9953414766 wNMSE=0.18470757 wMSE=14071.0886 wMRED=1.91351689 wER=0.418007 wMAE=49.1292 wBias=-11.9094 condBias=66.6006 dotDrift=-6.426sigma uMRED=0.1684625222 uER=0.483398 uMAE=90.0742 WCE=956 bias=-70.8750
[pop04] done (conf=0.53, noise=0.5); global best score=0.2871018961 wNMSE=0.13941826 wMSE=10620.9329 wMRED=1.48545150 wER=0.298707 wMAE=35.4783 wBias=-0.2233 condBias=58.2739 dotDrift=-0.139sigma uMRED=0.0981717793 uER=0.356445 uMAE=43.4551 WCE=864 bias=-20.8750
[pop05_soft:00000] loss=42.252254 tau=1.50 collapse_w=0.000 mid_frac=0.435 hard=score=1332.6262486091 wNMSE=4.3499816 wMSE=331383.1468 wMRED=14.95908554 wER=0.582274 wMAE=277.5811 wBias=157.0022 condBias=317.3408 dotDrift=+17.455sigma uMRED=0.7330655221 uER=0.575928 uMAE=390.4463 WCE=3255 bias=37.5625
[pop05_soft:00200] loss=7.127520 tau=2.25 collapse_w=0.000 mid_frac=0.393 hard=score=47.5881974526 wNMSE=1.6779869 wMSE=127829.6427 wMRED=9.87933523 wER=0.577474 wMAE=174.3167 wBias=-28.7822 condBias=189.0487 dotDrift=-5.152sigma uMRED=0.5883298433 uER=0.571533 uMAE=322.9839 WCE=2760 bias=-71.6250
[pop05_soft:00400] loss=3.167259 tau=3.00 collapse_w=0.000 mid_frac=0.333 hard=score=295.6722928320 wNMSE=1.2543336 wMSE=95555.5808 wMRED=9.46094130 wER=0.462304 wMAE=138.5162 wBias=-73.8804 condBias=155.7971 dotDrift=-15.296sigma uMRED=0.4207479236 uER=0.554443 uMAE=229.3164 WCE=2528 bias=-19.3750
[pop05_soft:00600] loss=1.872545 tau=3.75 collapse_w=0.000 mid_frac=0.315 hard=score=158.1809780666 wNMSE=1.3329474 wMSE=101544.4053 wMRED=9.87161825 wER=0.480755 wMAE=142.1598 wBias=-53.8374 condBias=161.2030 dotDrift=-10.813sigma uMRED=0.4777973998 uER=0.547119 uMAE=227.8945 WCE=1488 bias=49.0000
[pop05_soft:00800] loss=1.544520 tau=4.50 collapse_w=0.084 mid_frac=0.292 hard=score=34.4044338317 wNMSE=1.2921286 wMSE=98434.8192 wMRED=10.29432244 wER=0.486135 wMAE=143.4036 wBias=-24.5125 condBias=155.2055 dotDrift=-5.000sigma uMRED=0.4486582037 uER=0.524658 uMAE=206.4688 WCE=1328 bias=48.5000
[pop05_soft:01000] loss=1.314538 tau=5.25 collapse_w=0.293 mid_frac=0.262 hard=score=28.5589927893 wNMSE=1.2906372 wMSE=98321.2023 wMRED=10.28998529 wER=0.472697 wMAE=143.4865 wBias=-22.1977 condBias=153.3764 dotDrift=-4.531sigma uMRED=0.4299793127 uER=0.507568 uMAE=191.4336 WCE=1344 bias=35.5000
[pop05_soft:01199] loss=1.088531 tau=6.00 collapse_w=0.500 mid_frac=0.262 hard=score=24.4766313839 wNMSE=1.2984747 wMSE=98918.2628 wMRED=10.39754205 wER=0.475364 wMAE=147.5404 wBias=-20.4261 condBias=151.3580 dotDrift=-4.157sigma uMRED=0.4308708159 uER=0.522461 uMAE=197.6309 WCE=1344 bias=42.5000
[pop05_hard:00000] loss=24.959354 tau=6.00 collapse_w=0.500 mid_frac=0.262 hard=score=24.4766313839 wNMSE=1.2984747 wMSE=98918.2628 wMRED=10.39754205 wER=0.475364 wMAE=147.5404 wBias=-20.4261 condBias=151.3580 dotDrift=-4.157sigma uMRED=0.4308708159 uER=0.522461 uMAE=197.6309 WCE=1344 bias=42.5000
[pop05_hard:00200] loss=23.564589 tau=6.00 collapse_w=0.500 mid_frac=0.256 hard=score=23.0869591297 wNMSE=1.2983057 wMSE=98905.3904 wMRED=10.39964225 wER=0.474941 wMAE=147.1906 wBias=-19.7822 condBias=151.5101 dotDrift=-4.026sigma uMRED=0.4308797968 uER=0.521484 uMAE=197.3477 WCE=1344 bias=43.5000
[pop05_hard:00400] loss=21.441940 tau=6.00 collapse_w=0.500 mid_frac=0.244 hard=score=20.9663642815 wNMSE=1.3012113 wMSE=99126.7382 wMRED=10.40835885 wER=0.470678 wMAE=146.7249 wBias=-18.7526 condBias=152.4317 dotDrift=-3.812sigma uMRED=0.4319064722 uER=0.510498 uMAE=196.3477 WCE=1344 bias=45.5000
[pop05_hard:00599] loss=13.048412 tau=6.00 collapse_w=0.500 mid_frac=0.238 hard=score=12.5641541227 wNMSE=1.2963074 wMSE=98753.1629 wMRED=10.57181151 wER=0.470654 wMAE=146.8804 wBias=-13.9875 condBias=152.7947 dotDrift=-2.849sigma uMRED=0.4208219634 uER=0.510254 uMAE=183.9609 WCE=1344 bias=63.5000
[pop05] done (conf=0.51, noise=1.0); global best score=0.2871018961 wNMSE=0.13941826 wMSE=10620.9329 wMRED=1.48545150 wER=0.298707 wMAE=35.4783 wBias=-0.2233 condBias=58.2739 dotDrift=-0.139sigma uMRED=0.0981717793 uER=0.356445 uMAE=43.4551 WCE=864 bias=-20.8750
[pop06_soft:00000] loss=17.380676 tau=1.50 collapse_w=0.000 mid_frac=0.286 hard=score=528.8642269094 wNMSE=9.350403 wMSE=712317.0325 wMRED=34.35522395 wER=0.579225 wMAE=366.5543 wBias=97.7560 condBias=340.9716 dotDrift=+7.413sigma uMRED=1.1322550367 uER=0.566895 uMAE=393.3730 WCE=3860 bias=141.0625
[pop06_soft:00200] loss=5.232977 tau=2.25 collapse_w=0.000 mid_frac=0.244 hard=score=82.3952665942 wNMSE=1.6161403 wMSE=123118.1421 wMRED=2.69367948 wER=0.522007 wMAE=98.5296 wBias=-38.5107 condBias=178.7445 dotDrift=-7.024sigma uMRED=0.4309500032 uER=0.542236 uMAE=265.5962 WCE=2480 bias=27.6875
[pop06_soft:00400] loss=0.856319 tau=3.00 collapse_w=0.000 mid_frac=0.167 hard=score=4.3354976307 wNMSE=0.39815038 wMSE=30331.2374 wMRED=2.40179154 wER=0.451101 wMAE=69.0944 wBias=8.1388 condBias=88.2918 dotDrift=+2.991sigma uMRED=0.3232639730 uER=0.512695 uMAE=198.9609 WCE=2232 bias=120.0000
[pop06_soft:00600] loss=0.377843 tau=3.75 collapse_w=0.000 mid_frac=0.137 hard=score=0.8153148061 wNMSE=0.27061088 wMSE=20615.2329 wMRED=2.22781442 wER=0.411283 wMAE=59.8217 wBias=2.5136 condBias=69.2770 dotDrift=+1.120sigma uMRED=0.1901298213 uER=0.489746 uMAE=116.3457 WCE=912 bias=17.0000
[pop06_soft:00800] loss=0.283810 tau=4.50 collapse_w=0.084 mid_frac=0.125 hard=score=8.1442141393 wNMSE=0.26131259 wMSE=19906.8859 wMRED=1.78002320 wER=0.364690 wMAE=50.3318 wBias=11.9447 condBias=73.7348 dotDrift=+5.418sigma uMRED=0.1910577976 uER=0.480957 uMAE=110.0625 WCE=904 bias=45.0000
[pop06_soft:01000] loss=0.235489 tau=5.25 collapse_w=0.293 mid_frac=0.125 hard=score=7.2685634207 wNMSE=0.26074086 wMSE=19863.3316 wMRED=1.76700500 wER=0.364690 wMAE=49.9945 wBias=11.2428 condBias=73.5101 dotDrift=+5.105sigma uMRED=0.1903684588 uER=0.480957 uMAE=109.9375 WCE=904 bias=44.0000
[pop06_soft:01199] loss=0.179230 tau=6.00 collapse_w=0.500 mid_frac=0.107 hard=score=7.2685634207 wNMSE=0.26074086 wMSE=19863.3316 wMRED=1.76700500 wER=0.364690 wMAE=49.9945 wBias=11.2428 condBias=73.5101 dotDrift=+5.105sigma uMRED=0.1903684588 uER=0.480957 uMAE=109.9375 WCE=904 bias=44.0000
[pop06_hard:00000] loss=7.337600 tau=6.00 collapse_w=0.500 mid_frac=0.107 hard=score=7.2685634207 wNMSE=0.26074086 wMSE=19863.3316 wMRED=1.76700500 wER=0.364690 wMAE=49.9945 wBias=11.2428 condBias=73.5101 dotDrift=+5.105sigma uMRED=0.1903684588 uER=0.480957 uMAE=109.9375 WCE=904 bias=44.0000
[pop06_hard:00200] loss=1.313057 tau=6.00 collapse_w=0.500 mid_frac=0.101 hard=score=1.2754949705 wNMSE=0.31394453 wMSE=23916.4058 wMRED=1.99481882 wER=0.393893 wMAE=57.4970 wBias=-3.5888 condBias=73.7466 dotDrift=-1.485sigma uMRED=0.2302276039 uER=0.489014 uMAE=143.1641 WCE=1700 bias=-24.0000
[pop06_hard:00400] loss=1.310813 tau=6.00 collapse_w=0.500 mid_frac=0.095 hard=score=1.2754949705 wNMSE=0.31394453 wMSE=23916.4058 wMRED=1.99481882 wER=0.393893 wMAE=57.4970 wBias=-3.5888 condBias=73.7466 dotDrift=-1.485sigma uMRED=0.2302276039 uER=0.489014 uMAE=143.1641 WCE=1700 bias=-24.0000
[pop06_hard:00599] loss=0.565392 tau=6.00 collapse_w=0.500 mid_frac=0.083 hard=score=0.4948877896 wNMSE=0.26527031 wMSE=20208.3864 wMRED=1.98294345 wER=0.393645 wMAE=55.6601 wBias=-0.7146 condBias=67.4514 dotDrift=-0.322sigma uMRED=0.1871357876 uER=0.486816 uMAE=110.9570 WCE=904 bias=9.0000
[pop06] done (conf=0.53, noise=0.5); global best score=0.2871018961 wNMSE=0.13941826 wMSE=10620.9329 wMRED=1.48545150 wER=0.298707 wMAE=35.4783 wBias=-0.2233 condBias=58.2739 dotDrift=-0.139sigma uMRED=0.0981717793 uER=0.356445 uMAE=43.4551 WCE=864 bias=-20.8750
[pop07_soft:00000] loss=11.564233 tau=1.50 collapse_w=0.000 mid_frac=0.429 hard=score=746.6505139438 wNMSE=9.4319163 wMSE=718526.7412 wMRED=31.46774087 wER=0.581933 wMAE=464.9990 wBias=116.5285 condBias=481.5217 dotDrift=+8.798sigma uMRED=1.0925538251 uER=0.573730 uMAE=396.0869 WCE=3396 bias=84.7500
[pop07_soft:00200] loss=7.591018 tau=2.25 collapse_w=0.000 mid_frac=0.440 hard=score=91.7699283890 wNMSE=4.13085 wMSE=314689.6250 wMRED=19.45223757 wER=0.581457 wMAE=282.0836 wBias=-39.6740 condBias=323.9941 dotDrift=-4.526sigma uMRED=0.7042566393 uER=0.569336 uMAE=258.5449 WCE=2752 bias=-36.1250
[pop07_soft:00400] loss=4.462436 tau=3.00 collapse_w=0.000 mid_frac=0.321 hard=score=86.8818422643 wNMSE=1.1748168 wMSE=89497.9647 wMRED=7.98227607 wER=0.488060 wMAE=137.5713 wBias=-39.7641 condBias=119.5570 dotDrift=-8.507sigma uMRED=0.3622313940 uER=0.557129 uMAE=176.3516 WCE=1504 bias=82.0000
[pop07_soft:00600] loss=3.914423 tau=3.75 collapse_w=0.000 mid_frac=0.292 hard=score=24.4624620721 wNMSE=1.5286296 wMSE=116451.5436 wMRED=11.97382670 wER=0.512315 wMAE=190.3906 wBias=20.3787 condBias=136.0043 dotDrift=+3.822sigma uMRED=0.4168760005 uER=0.563477 uMAE=172.0371 WCE=1504 bias=81.3750
[pop07_soft:00800] loss=3.409648 tau=4.50 collapse_w=0.084 mid_frac=0.304 hard=score=26.2312767586 wNMSE=1.5299822 wMSE=116554.5884 wMRED=11.98848004 wER=0.501538 wMAE=190.0648 wBias=21.1672 condBias=136.7077 dotDrift=+3.968sigma uMRED=0.4177176385 uER=0.554688 uMAE=172.0059 WCE=1504 bias=82.3750
[pop07_soft:01000] loss=3.038368 tau=5.25 collapse_w=0.293 mid_frac=0.274 hard=score=52.6918573365 wNMSE=1.572828 wMSE=119818.5958 wMRED=12.37454918 wER=0.541397 wMAE=197.6988 wBias=30.6307 condBias=145.2948 dotDrift=+5.663sigma uMRED=0.4312295207 uER=0.560547 uMAE=178.2949 WCE=1520 bias=89.7500
[pop07_soft:01199] loss=2.683049 tau=6.00 collapse_w=0.500 mid_frac=0.274 hard=score=44.8201584372 wNMSE=1.5756815 wMSE=120035.9791 wMRED=12.38824377 wER=0.541397 wMAE=197.5777 wBias=28.1353 condBias=146.5931 dotDrift=+5.197sigma uMRED=0.4330555660 uER=0.560547 uMAE=178.2344 WCE=1520 bias=85.7500
[pop07_hard:00000] loss=45.394577 tau=6.00 collapse_w=0.500 mid_frac=0.274 hard=score=44.8201584372 wNMSE=1.5756815 wMSE=120035.9791 wMRED=12.38824377 wER=0.541397 wMAE=197.5777 wBias=28.1353 condBias=146.5931 dotDrift=+5.197sigma uMRED=0.4330555660 uER=0.560547 uMAE=178.2344 WCE=1520 bias=85.7500
[pop07_hard:00200] loss=14.505991 tau=6.00 collapse_w=0.500 mid_frac=0.280 hard=score=13.9391237997 wNMSE=1.4831794 wMSE=112989.1383 wMRED=11.85704392 wER=0.492530 wMAE=186.1752 wBias=14.8729 condBias=132.3177 dotDrift=+2.832sigma uMRED=0.3965217989 uER=0.552490 uMAE=161.8906 WCE=1184 bias=59.7500
[pop07_hard:00400] loss=3.539630 tau=6.00 collapse_w=0.500 mid_frac=0.292 hard=score=3.0023490261 wNMSE=1.5929533 wMSE=121351.7494 wMRED=11.89164361 wER=0.501538 wMAE=189.7086 wBias=3.5973 condBias=142.4929 dotDrift=+0.661sigma uMRED=0.4347590893 uER=0.554688 uMAE=183.9375 WCE=2008 bias=-21.1250
[[pop07_hard:00599] loss=114.190956 tau=6.00 collapse_w=0.500 mid_frac=0.250 hard=score=113.8305331153 wNMSE=1.1593106 wMSE=88316.6972 wMRED=8.15869542 wER=0.469521 wMAE=139.9680 wBias=-45.6313 condBias=127.9740 dotDrift=-9.827sigma uMRED=0.3507855906 uER=0.548584 uMAE=162.7109 WCE=1520 bias=63.2500
[pop07] done (conf=0.51, noise=1.0); global best score=0.2871018961 wNMSE=0.13941826 wMSE=10620.9329 wMRED=1.48545150 wER=0.298707 wMAE=35.4783 wBias=-0.2233 condBias=58.2739 dotDrift=-0.139sigma uMRED=0.0981717793 uER=0.356445 uMAE=43.4551 WCE=864 bias=-20.8750
[pop08_soft:00000] loss=51.484776 tau=1.50 collapse_w=0.000 mid_frac=0.357 hard=score=1531.8269363024 wNMSE=25.645378 wMSE=1953673.9965 wMRED=43.01523982 wER=0.581627 wMAE=673.4579 wBias=166.2130 condBias=661.6765 dotDrift=+7.611sigma uMRED=1.1186297808 uER=0.570801 uMAE=330.8145 WCE=3796 bias=90.2500[[pop08_soft:00200] loss=11.114374 tau=2.25 collapse_w=0.000 mid_frac=0.310 hard=score=3535.9462819370 wNMSE=11.254603 wMSE=857379.6951 wMRED=33.59410957 wER=0.540700 wMAE=391.7838 wBias=-255.7366 condBias=498.8791 dotDrift=-17.676sigma uMRED=1.0385693561 uER=0.572998 uMAE=355.9307 WCE=3396 bias=-281.3750[[pop08_soft:00400] loss=4.483442 tau=3.00 collapse_w=0.000 mid_frac=0.298 hard=score=12.8193264144 wNMSE=0.80755302 wMSE=61519.6764 wMRED=3.28774732 wER=0.483721 wMAE=85.1438 wBias=-14.6993 condBias=66.7699 dotDrift=-3.793sigma uMRED=0.3381985166 uER=0.554443 uMAE=180.2891 WCE=3320 bias=25.2500[[pop08_soft:00600] loss=0.620087 tau=3.75 collapse_w=0.000 mid_frac=0.244 hard=score=2.6424882581 wNMSE=0.28085846 wMSE=21395.8977 wMRED=2.30100046 wER=0.437103 wMAE=63.1740 wBias=-6.3397 condBias=70.0434 dotDrift=-2.774sigma uMRED=0.2128781264 uER=0.517090 uMAE=132.4141 WCE=976 bias=-3.8750[[pop08_soft:00800] loss=0.349330 tau=4.50 collapse_w=0.084 mid_frac=0.232 hard=score=2.0919679264 wNMSE=0.26266337 wMSE=20009.7892 wMRED=2.16446962 wER=0.429731 wMAE=60.5023 wBias=-5.5325 condBias=67.3230 dotDrift=-2.503sigma uMRED=0.1988519633 uER=0.517822 uMAE=117.3125 WCE=840 bias=-19.5000[[pop08_soft:01000] loss=0.225458 tau=5.25 collapse_w=0.293 mid_frac=0.161 hard=score=1.0552154126 wNMSE=0.2719303 wMSE=20715.7469 wMRED=2.40591107 wER=0.422898 wMAE=58.7053 wBias=3.2583 condBias=76.8954 dotDrift=+1.449sigma uMRED=0.2103067484 uER=0.498779 uMAE=113.2441 WCE=856 bias=-29.5000[[pop08_soft:01199] loss=0.141967 tau=6.00 collapse_w=0.500 mid_frac=0.155 hard=score=0.9387511450 wNMSE=0.27188525 wMSE=20712.3155 wMRED=2.39957755 wER=0.422898 wMAE=58.5485 wBias=2.9073 condBias=76.8312 dotDrift=+1.293sigma uMRED=0.2102854258 uER=0.498779 uMAE=113.3164 WCE=856 bias=-30.0000
[pop08_hard:00000] loss=1.042837 tau=6.00 collapse_w=0.500 mid_frac=0.155 hard=score=0.9387511450 wNMSE=0.27188525 wMSE=20712.3155 wMRED=2.39957755 wER=0.422898 wMAE=58.5485 wBias=2.9073 condBias=76.8312 dotDrift=+1.293sigma uMRED=0.2102854258 uER=0.498779 uMAE=113.3164 WCE=856 bias=-30.0000[[pop08_hard:00200] loss=0.831119 tau=6.00 collapse_w=0.500 mid_frac=0.149 hard=score=0.7264256684 wNMSE=0.27228306 wMSE=20742.6202 wMRED=2.42241315 wER=0.437254 wMAE=59.2516 wBias=2.1188 condBias=76.8037 dotDrift=+0.942sigma uMRED=0.2112720928 uER=0.510498 uMAE=114.0664 WCE=856 bias=-31.0000[[pop08_hard:00400] loss=1.171647 tau=6.00 collapse_w=0.500 mid_frac=0.155 hard=score=1.1239681253 wNMSE=0.33398863 wMSE=25443.3727 wMRED=2.34082698 wER=0.437254 wMAE=60.2578 wBias=-2.9764 condBias=85.3531 dotDrift=-1.194sigma uMRED=0.2673854189 uER=0.510498 uMAE=154.3633 WCE=1916 bias=-95.5000[[pop08_hard:00599] loss=0.839534 tau=6.00 collapse_w=0.500 mid_frac=0.143 hard=score=0.7901407460 wNMSE=0.33672365 wMSE=25651.7275 wMRED=2.44117303 wER=0.437254 wMAE=61.6487 wBias=-1.5855 condBias=86.2310 dotDrift=-0.634sigma uMRED=0.2696709125 uER=0.510498 uMAE=154.8633 WCE=1916 bias=-95.0000
[pop08] done (conf=0.53, noise=0.5); global best score=0.2871018961 wNMSE=0.13941826 wMSE=10620.9329 wMRED=1.48545150 wER=0.298707 wMAE=35.4783 wBias=-0.2233 condBias=58.2739 dotDrift=-0.139sigma uMRED=0.0981717793 uER=0.356445 uMAE=43.4551 WCE=864 bias=-20.8750
[pop09_soft:00000] loss=21.905994 tau=1.50 collapse_w=0.000 mid_frac=0.387 hard=score=1698.2983989630 wNMSE=6.3917424 wMSE=486925.2126 wMRED=20.99081409 wER=0.582311 wMAE=356.4653 wBias=177.2225 condBias=330.8081 dotDrift=+16.254sigma uMRED=0.8685513895 uER=0.575928 uMAE=357.2832 WCE=3701 bias=80.5625[[pop09_soft:00200] loss=6.134805 tau=2.25 collapse_w=0.000 mid_frac=0.399 hard=score=1174.6719654839 wNMSE=9.5261085 wMSE=725702.3341 wMRED=19.81624050 wER=0.572843 wMAE=379.2701 wBias=-146.7503 condBias=410.3889 dotDrift=-11.025sigma uMRED=0.7615120404 uER=0.573730 uMAE=284.3916 WCE=3829 bias=-108.6875[[pop09_soft:00400] loss=2.401318 tau=3.00 collapse_w=0.000 mid_frac=0.339 hard=score=75.9848828356 wNMSE=0.90141371 wMSE=68670.0173 wMRED=6.31197347 wER=0.514964 wMAE=136.6922 wBias=-37.2303 condBias=106.4602 dotDrift=-9.093sigma uMRED=0.3498845823 uER=0.559814 uMAE=185.4590 WCE=1632 bias=-83.0000[[pop09_soft:00600] loss=1.102404 tau=3.75 collapse_w=0.000 mid_frac=0.333 hard=score=8.7191231402 wNMSE=0.44153373 wMSE=33636.1967 wMRED=3.75539354 wER=0.481011 wMAE=92.1750 wBias=-12.1377 condBias=73.4791 dotDrift=-4.236sigma uMRED=0.2856839674 uER=0.552979 uMAE=159.7910 WCE=1632 bias=-89.8750[[pop09_soft:00800] loss=0.753706 tau=4.50 collapse_w=0.084 mid_frac=0.298 hard=score=7.1065334599 wNMSE=0.44119599 wMSE=33610.4674 wMRED=3.77236003 wER=0.477786 wMAE=92.0912 wBias=-10.8375 condBias=71.9969 dotDrift=-3.783sigma uMRED=0.2823876674 uER=0.537598 uMAE=156.9688 WCE=1552 bias=-85.3750[[pop09_soft:01000] loss=0.589882 tau=5.25 collapse_w=0.293 mid_frac=0.268 hard=score=4.0181457126 wNMSE=0.4353927 wMSE=33168.3712 wMRED=3.71501642 wER=0.468414 wMAE=90.8462 wBias=-7.7538 condBias=70.2703 dotDrift=-2.725sigma uMRED=0.2782477076 uER=0.533203 uMAE=154.7422 WCE=1448 bias=-81.0000[[pop09_soft:01199] loss=0.455763 tau=6.00 collapse_w=0.500 mid_frac=0.256 hard=score=3.0575242146 wNMSE=0.43503147 wMSE=33140.8526 wMRED=3.71541161 wER=0.468210 wMAE=90.8917 wBias=-6.5061 condBias=69.9303 dotDrift=-2.287sigma uMRED=0.2776922998 uER=0.532959 uMAE=154.5371 WCE=1448 bias=-79.0000
[pop09_hard:00000] loss=3.201757 tau=6.00 collapse_w=0.500 mid_frac=0.256 hard=score=3.0575242146 wNMSE=0.43503147 wMSE=33140.8526 wMRED=3.71541161 wER=0.468210 wMAE=90.8917 wBias=-6.5061 condBias=69.9303 dotDrift=-2.287sigma uMRED=0.2776922998 uER=0.532959 uMAE=154.5371 WCE=1448 bias=-79.0000[[pop09_hard:00200] loss=1.326285 tau=6.00 collapse_w=0.500 mid_frac=0.250 hard=score=1.1779080019 wNMSE=0.41739541 wMSE=31797.3312 wMRED=3.70901135 wER=0.468210 wMAE=90.2357 wBias=-2.8018 condBias=73.5909 dotDrift=-1.006sigma uMRED=0.2592218465 uER=0.532959 uMAE=143.8809 WCE=1256 bias=-15.0000[[pop09_hard:00400] loss=1.175582 tau=6.00 collapse_w=0.500 mid_frac=0.220 hard=score=1.0372694836 wNMSE=0.41478786 wMSE=31598.6867 wMRED=3.68633281 wER=0.468057 wMAE=89.5801 wBias=2.3335 condBias=72.2684 dotDrift=+0.840sigma uMRED=0.2605144102 uER=0.530762 uMAE=149.2207 WCE=1424 bias=20.0000[[pop09_hard:00599] loss=0.900211 tau=6.00 collapse_w=0.500 mid_frac=0.232 hard=score=0.7447667769 wNMSE=0.40728258 wMSE=31026.9320 wMRED=3.67597910 wER=0.468210 wMAE=89.4109 wBias=0.8699 condBias=73.3595 dotDrift=+0.316sigma uMRED=0.2460391279 uER=0.532959 uMAE=141.0527 WCE=1040 bias=3.0000
[pop09] done (conf=0.51, noise=1.0); global best score=0.2871018961 wNMSE=0.13941826 wMSE=10620.9329 wMRED=1.48545150 wER=0.298707 wMAE=35.4783 wBias=-0.2233 condBias=58.2739 dotDrift=-0.139sigma uMRED=0.0981717793 uER=0.356445 uMAE=43.4551 WCE=864 bias=-20.8750
[pop10_soft:00000] loss=24.207022 tau=1.50 collapse_w=0.000 mid_frac=0.393 hard=score=5895.4428165096 wNMSE=19.086132 wMSE=1453988.3256 wMRED=43.88338534 wER=0.580454 wMAE=613.8439 wBias=330.1927 condBias=667.9507 dotDrift=+17.525sigma uMRED=1.2149193653 uER=0.569336 uMAE=404.7109 WCE=3458 bias=224.0625
[pop10_soft:00200] loss=7.855609 tau=2.25 collapse_w=0.000 mid_frac=0.315 hard=score=1048.6183308935 wNMSE=2.4865945 wMSE=189429.6536 wMRED=15.68710024 wER=0.581888 wMAE=191.1572 wBias=-139.3307 condBias=273.0365 dotDrift=-20.488sigma uMRED=0.5093484743 uER=0.571533 uMAE=195.7256 WCE=1664 bias=-84.3750
[pop10_soft:00400] loss=1.711409 tau=3.00 collapse_w=0.000 mid_frac=0.208 hard=score=2.2258360394 wNMSE=0.29933566 wMSE=22803.4974 wMRED=2.49356149 wER=0.456064 wMAE=67.0447 wBias=5.4558 condBias=87.6141 dotDrift=+2.312sigma uMRED=0.2952234781 uER=0.536865 uMAE=176.3594 WCE=1904 bias=80.7500
[pop10_soft:00600] loss=0.322956 tau=3.75 collapse_w=0.000 mid_frac=0.190 hard=score=3.7983506125 wNMSE=0.24261837 wMSE=18482.7542 wMRED=1.91048348 wER=0.426317 wMAE=55.3271 wBias=-7.8651 condBias=70.9517 dotDrift=-3.703sigma uMRED=0.2397444866 uER=0.510254 uMAE=142.7832 WCE=1448 bias=-23.5000
[pop10_soft:00800] loss=0.256417 tau=4.50 collapse_w=0.084 mid_frac=0.208 hard=score=6.5715223404 wNMSE=0.20548523 wMSE=15653.9377 wMRED=1.69784274 wER=0.408021 wMAE=48.4998 wBias=-10.6968 condBias=66.5201 dotDrift=-5.472sigma uMRED=0.2216082447 uER=0.490479 uMAE=133.9941 WCE=1496 bias=-33.6250
[pop10_soft:01000] loss=0.199925 tau=5.25 collapse_w=0.293 mid_frac=0.167 hard=score=10.6137722068 wNMSE=0.19277065 wMSE=14685.3367 wMRED=1.66059961 wER=0.403829 wMAE=45.4982 wBias=-13.7859 condBias=64.2861 dotDrift=-7.281sigma uMRED=0.2018384070 uER=0.476807 uMAE=121.6504 WCE=1496 bias=-33.6250
[pop10_soft:01199] loss=0.139487 tau=6.00 collapse_w=0.500 mid_frac=0.143 hard=score=10.6137722068 wNMSE=0.19277065 wMSE=14685.3367 wMRED=1.66059961 wER=0.403829 wMAE=45.4982 wBias=-13.7859 condBias=64.2861 dotDrift=-7.281sigma uMRED=0.2018384070 uER=0.476807 uMAE=121.6504 WCE=1496 bias=-33.6250
[pop10_hard:00000] loss=10.650384 tau=6.00 collapse_w=0.500 mid_frac=0.143 hard=score=10.6137722068 wNMSE=0.19277065 wMSE=14685.3367 wMRED=1.66059961 wER=0.403829 wMAE=45.4982 wBias=-13.7859 condBias=64.2861 dotDrift=-7.281sigma uMRED=0.2018384070 uER=0.476807 uMAE=121.6504 WCE=1496 bias=-33.6250
[pop10_hard:00200] loss=0.495047 tau=6.00 collapse_w=0.500 mid_frac=0.131 hard=score=0.4298898493 wNMSE=0.18895389 wMSE=14394.5745 wMRED=1.86036527 wER=0.403829 wMAE=46.4284 wBias=1.0457 condBias=64.5483 dotDrift=+0.558sigma uMRED=0.1891416473 uER=0.476807 uMAE=114.0781 WCE=1024 bias=34.3750
[pop10_hard:00400] loss=0.493766 tau=6.00 collapse_w=0.500 mid_frac=0.137 hard=score=5.8035698683 wNMSE=0.1790341 wMSE=13638.8815 wMRED=1.65417700 wER=0.403829 wMAE=44.9872 wBias=-10.0816 condBias=58.7873 dotDrift=-5.525sigma uMRED=0.1837450098 uER=0.476807 uMAE=113.4941 WCE=1024 bias=30.3750
[pop10_hard:00599] loss=0.851214 tau=6.00 collapse_w=0.500 mid_frac=0.131 hard=score=0.4298898493 wNMSE=0.18895389 wMSE=14394.5745 wMRED=1.86036527 wER=0.403829 wMAE=46.4284 wBias=1.0457 condBias=64.5483 dotDrift=+0.558sigma uMRED=0.1891416473 uER=0.476807 uMAE=114.0781 WCE=1024 bias=34.3750
[pop10] done (conf=0.53, noise=0.5); global best score=0.2871018961 wNMSE=0.13941826 wMSE=10620.9329 wMRED=1.48545150 wER=0.298707 wMAE=35.4783 wBias=-0.2233 condBias=58.2739 dotDrift=-0.139sigma uMRED=0.0981717793 uER=0.356445 uMAE=43.4551 WCE=864 bias=-20.8750
[pop11_soft:00000] loss=39.592857 tau=1.50 collapse_w=0.000 mid_frac=0.381 hard=score=277.7929232653 wNMSE=5.9694462 wMSE=454754.5344 wMRED=26.48106818 wER=0.569703 wMAE=378.3595 wBias=70.5514 condBias=381.2984 dotDrift=+6.696sigma uMRED=0.7917045266 uER=0.568604 uMAE=260.5278 WCE=2880 bias=-11.2500
[pop11_soft:00200] loss=12.015297 tau=2.25 collapse_w=0.000 mid_frac=0.399 hard=score=1881.1230985282 wNMSE=3.7808709 wMSE=288028.0921 wMRED=16.94603606 wER=0.574737 wMAE=245.4054 wBias=-186.7185 condBias=306.4337 dotDrift=-22.266sigma uMRED=0.7167880993 uER=0.572998 uMAE=301.6709 WCE=3028 bias=-254.9375
[pop11_soft:00400] loss=7.799884 tau=3.00 collapse_w=0.000 mid_frac=0.351 hard=score=302.0666487678 wNMSE=1.0963104 wMSE=83517.3151 wMRED=7.96578388 wER=0.542186 wMAE=136.8190 wBias=-74.6824 condBias=187.3914 dotDrift=-16.539sigma uMRED=0.3936843721 uER=0.564941 uMAE=189.8433 WCE=2900 bias=6.4375
[pop11_soft:00600] loss=4.278994 tau=3.75 collapse_w=0.000 mid_frac=0.339 hard=score=47.6041187515 wNMSE=0.47530941 wMSE=36209.2397 wMRED=3.97696937 wER=0.481943 wMAE=95.0729 wBias=-29.5255 condBias=66.2452 dotDrift=-9.930sigma uMRED=0.2738171603 uER=0.558105 uMAE=164.9971 WCE=1408 bias=46.5000
[pop11_soft:00800] loss=3.249965 tau=4.50 collapse_w=0.084 mid_frac=0.357 hard=score=10.6405305938 wNMSE=0.51011181 wMSE=38860.4992 wMRED=3.62104639 wER=0.467028 wMAE=93.2772 wBias=-13.5182 condBias=77.2271 dotDrift=-4.389sigma uMRED=0.3276261633 uER=0.559570 uMAE=209.8311 WCE=1488 bias=111.3750
[pop11_soft:01000] loss=2.710761 tau=5.25 collapse_w=0.293 mid_frac=0.321 hard=score=3.7276651883 wNMSE=0.45391172 wMSE=34579.1562 wMRED=3.56655323 wER=0.515363 wMAE=93.1221 wBias=7.4552 condBias=74.4782 dotDrift=+2.566sigma uMRED=0.2692743459 uER=0.564209 uMAE=166.0215 WCE=1488 bias=95.2500
[pop11_soft:01199] loss=2.274007 tau=6.00 collapse_w=0.500 mid_frac=0.304 hard=score=2.8742875555 wNMSE=0.41291211 wMSE=31455.7916 wMRED=3.48738738 wER=0.515363 wMAE=89.1659 wBias=6.3853 condBias=71.6526 dotDrift=+2.304sigma uMRED=0.2519926274 uER=0.564209 uMAE=155.5742 WCE=1488 bias=81.2500
[pop11_hard:00000] loss=3.008842 tau=6.00 collapse_w=0.500 mid_frac=0.304 hard=score=2.8742875555 wNMSE=0.41291211 wMSE=31455.7916 wMRED=3.48738738 wER=0.515363 wMAE=89.1659 wBias=6.3853 condBias=71.6526 dotDrift=+2.304sigma uMRED=0.2519926274 uER=0.564209 uMAE=155.5742 WCE=1488 bias=81.2500
[pop11_hard:00200] loss=0.926115 tau=6.00 collapse_w=0.500 mid_frac=0.310 hard=score=20.3586569876 wNMSE=0.35117891 wMSE=26752.9342 wMRED=3.37467758 wER=0.515363 wMAE=85.0669 wBias=-19.2157 condBias=47.6358 dotDrift=-7.519sigma uMRED=0.2067507953 uER=0.564209 uMAE=126.0029 WCE=976 bias=-30.750[p[pop11_hard:00400] loss=2.423327 tau=6.00 collapse_w=0.500 mid_frac=0.304 hard=score=2.2912213990 wNMSE=0.40527798 wMSE=30874.2206 wMRED=3.48203766 wER=0.515363 wMAE=88.3114 wBias=5.4873 condBias=70.3435 dotDrift=+1.999sigma uMRED=0.2353802491 uER=0.564209 uMAE=140.3467 WCE=1488 bias=65.2500
[pop11_hard:00599] loss=20.509768 tau=6.00 collapse_w=0.500 mid_frac=0.304 hard=score=2.2912213990 wNMSE=0.40527798 wMSE=30874.2206 wMRED=3.48203766 wER=0.515363 wMAE=88.3114 wBias=5.4873 condBias=70.3435 dotDrift=+1.999sigma uMRED=0.2353802491 uER=0.564209 uMAE=140.3467 WCE=1488 bias=65.2500
[pop11] done (conf=0.51, noise=1.0); global best score=0.2871018961 wNMSE=0.13941826 wMSE=10620.9329 wMRED=1.48545150 wER=0.298707 wMAE=35.4783 wBias=-0.2233 condBias=58.2739 dotDrift=-0.139sigma uMRED=0.0981717793 uER=0.356445 uMAE=43.4551 WCE=864 bias=-20.8750
[best] stage=quad_soft score=0.2871018961 wNMSE=0.13941826 wMSE=10620.9329 wMRED=1.48545150 wER=0.298707 wMAE=35.4783 wBias=-0.2233 condBias=58.2739 dotDrift=-0.139sigma uMRED=0.0981717793 uER=0.356445 uMAE=43.4551 WCE=864 bias=-20.8750
[best-json] /home/xuanqi/tony/work/FPGA/signed8x8_approx/signed8x8_2026_8_22/runs_qwen_default/rand218/best_signed88_inits.json
[best-rtl] /home/xuanqi/tony/work/FPGA/signed8x8_approx/signed8x8_2026_8_22/runs_qwen_default/rand218/best_rtl
Traceback (most recent call last):
  File "/home/xuanqi/tony/work/FPGA/signed8x8_approx/signed8x8_2026_8_22/../signed88_unified_trainer/refine.py", line 192, in <module>
    if __name__=='__main__': raise SystemExit(main())
  File "/home/xuanqi/tony/work/FPGA/signed8x8_approx/signed8x8_2026_8_22/../signed88_unified_trainer/refine.py", line 122, in main
    raise FileExistsError(
FileExistsError: refine output directory already contains protected artifact(s): ['steps.json']; use a new --out-dir
[design] default_split search_bits=168
[start] score=0.2871018961 wNMSE=0.13941826 wMSE=10620.9329 wMRED=1.48545150 wER=0.298707 wMAE=35.4783 wBias=-0.2233 condBias=58.2739 dotDrift=-0.139sigma uMRED=0.0981717793 uER=0.356445 uMAE=43.4551 WCE=864 bias=-20.8750
[single] ACCEPT ['mid_lut01:27'] 0.2871018961->0.2842386111 wNMSE=0.13935821 wBias=+0.00852
[single] round=2 no improvement
[pair] ACCEPT ['hi_lut45:39', 'lo_lut67:63'] 0.2842386111->0.1627980630 wNMSE=0.070832139 wBias=-0.61942
[pair] ACCEPT ['mid_lut45:39', 'hi_lut01:55'] 0.1627980630->0.1330024623 wNMSE=0.065676465 wBias=-0.16075
[pair] ACCEPT ['lo_lut67:31', 'mid_lut45:31'] 0.1330024623->0.1165533748 wNMSE=0.058368332 wBias=-0.16966
[pair] ACCEPT ['mid_lut23:31', 'mid_lut23:51'] 0.1165533748->0.1107988797 wNMSE=0.056157007 wBias=-0.10818
[basin] ACCEPT ['lo_lut45:47', 'mid_lut23:7'] 0.1107988797->0.1098272955 wNMSE=0.056078264 wBias=+0.02827
[basin] ACCEPT ['mid_lut01:19', 'mid_lut23:43'] 0.1098272955->0.1098255236 wNMSE=0.055964016 wBias=+0.00848
[basin] ACCEPT ['mid_lut45:19', 'lo_lut23:35'] 0.1098255236->0.1094366060 wNMSE=0.056023574 wBias=-0.05154
[basin] ACCEPT ['lo_lut45:15', 'mid_lut45:23', 'lo_lut45:47'] 0.1094366060->0.1092422153 wNMSE=0.056183311 wBias=+0.02583
[final] score=0.1092422153 wNMSE=0.056183311 wMSE=4280.0647 wMRED=1.34772299 wER=0.515958 wMAE=30.9546 wBias=0.0258 condBias=25.0896 dotDrift=+0.025sigma uMRED=0.0669724030 uER=0.514160 uMAE=31.0781 WCE=384 bias=-4.3750
[json] /home/xuanqi/tony/work/FPGA/signed8x8_approx/signed8x8_2026_8_22/runs_qwen_default/rand218/refined/best_signed88_inits.json
