[design] quality quad4 entries=56
[device] cuda
[initial] score=1.0730805068 wNMSE=0.011579193 wMSE=882.1070 wMRED=0.72124021 wER=0.249598 wMAE=11.8228 wBias=-4.4099 condBias=14.8384 dotDrift=-9.503sigma uMRED=0.0274522243 uER=0.250000 uMAE=13.6328 WCE=148 bias=5.7500
[quad_warmup_bit:00000] loss=0.132470 tau=1.50 collapse_w=0.000 mid_frac=0.429 hard=score=1.0730805068 wNMSE=0.011579193 wMSE=882.1070 wMRED=0.72124021 wER=0.249598 wMAE=11.8228 wBias=-4.4099 condBias=14.8384 dotDrift=-9.503sigma uMRED=0.0274522243 uER=0.250000 uMAE=13.6328 WCE=148 bias=5.7500
[quad_warmup_bit:00200] loss=0.097253 tau=1.50 collapse_w=0.000 mid_frac=0.482 hard=score=1.6299900637 wNMSE=0.0047206531 wMSE=359.6210 wMRED=0.42109597 wER=0.164476 wMAE=6.5634 wBias=-5.4851 condBias=10.9793 dotDrift=-18.511sigma uMRED=0.0144395583 uER=0.195312 uMAE=6.3438 WCE=64 bias=-2.1250
[quad_warmup_bit:00400] loss=0.077009 tau=1.50 collapse_w=0.000 mid_frac=0.393 hard=score=1.7212963903 wNMSE=0.0047014662 wMSE=358.1594 wMRED=0.42030073 wER=0.162220 wMAE=6.4652 wBias=-5.6361 condBias=11.2815 dotDrift=-19.060sigma uMRED=0.0138204924 uER=0.179688 uMAE=5.8438 WCE=80 bias=-3.6250
[quad_warmup_bit:00575] loss=0.063147 tau=1.50 collapse_w=0.000 mid_frac=0.321 hard=score=0.0083886254 wNMSE=0.0001439328 wMSE=10.9649 wMRED=0.02697352 wER=0.101286 wMAE=0.9204 wBias=-0.3654 condBias=1.6546 dotDrift=-7.062sigma uMRED=0.0023299979 uER=0.132812 uMAE=1.4375 WCE=16 bias=-0.5000 *BEST*
[quad_warmup_bit:00600] loss=0.061332 tau=1.50 collapse_w=0.000 mid_frac=0.286 hard=score=0.0083886254 wNMSE=0.0001439328 wMSE=10.9649 wMRED=0.02697352 wER=0.101286 wMAE=0.9204 wBias=-0.3654 condBias=1.6546 dotDrift=-7.062sigma uMRED=0.0023299979 uER=0.132812 uMAE=1.4375 WCE=16 bias=-0.5000
[quad_warmup_bit:00800] loss=0.049231 tau=1.50 collapse_w=0.000 mid_frac=0.232 hard=score=0.0083886254 wNMSE=0.0001439328 wMSE=10.9649 wMRED=0.02697352 wER=0.101286 wMAE=0.9204 wBias=-0.3654 condBias=1.6546 dotDrift=-7.062sigma uMRED=0.0023299979 uER=0.132812 uMAE=1.4375 WCE=16 bias=-0.5000
[quad_warmup_bit:00875] loss=0.045800 tau=1.50 collapse_w=0.000 mid_frac=0.196 hard=score=0.0066555733 wNMSE=0.00016400496 wMSE=12.4940 wMRED=0.02079279 wER=0.082765 wMAE=0.8653 wBias=-0.3102 condBias=1.7662 dotDrift=-5.617sigma uMRED=0.0022409797 uER=0.117188 uMAE=1.4375 WCE=20 bias=-0.5000 *BEST*
[quad_warmup_bit:01000] loss=0.040244 tau=1.50 collapse_w=0.000 mid_frac=0.161 hard=score=0.0066555733 wNMSE=0.00016400496 wMSE=12.4940 wMRED=0.02079279 wER=0.082765 wMAE=0.8653 wBias=-0.3102 condBias=1.7662 dotDrift=-5.617sigma uMRED=0.0022409797 uER=0.117188 uMAE=1.4375 WCE=20 bias=-0.5000
[quad_warmup_bit:01200] loss=0.035171 tau=1.50 collapse_w=0.000 mid_frac=0.125 hard=score=0.0066555733 wNMSE=0.00016400496 wMSE=12.4940 wMRED=0.02079279 wER=0.082765 wMAE=0.8653 wBias=-0.3102 condBias=1.7662 dotDrift=-5.617sigma uMRED=0.0022409797 uER=0.117188 uMAE=1.4375 WCE=20 bias=-0.5000
[quad_warmup_bit:01400] loss=0.033097 tau=1.50 collapse_w=0.000 mid_frac=0.107 hard=score=0.0066555733 wNMSE=0.00016400496 wMSE=12.4940 wMRED=0.02079279 wER=0.082765 wMAE=0.8653 wBias=-0.3102 condBias=1.7662 dotDrift=-5.617sigma uMRED=0.0022409797 uER=0.117188 uMAE=1.4375 WCE=20 bias=-0.5000
[quad_warmup_bit:01600] loss=0.032080 tau=1.50 collapse_w=0.000 mid_frac=0.107 hard=score=0.0066555733 wNMSE=0.00016400496 wMSE=12.4940 wMRED=0.02079279 wER=0.082765 wMAE=0.8653 wBias=-0.3102 condBias=1.7662 dotDrift=-5.617sigma uMRED=0.0022409797 uER=0.117188 uMAE=1.4375 WCE=20 bias=-0.5000
[quad_warmup_bit:01800] loss=0.031473 tau=1.50 collapse_w=0.000 mid_frac=0.107 hard=score=0.0066555733 wNMSE=0.00016400496 wMSE=12.4940 wMRED=0.02079279 wER=0.082765 wMAE=0.8653 wBias=-0.3102 condBias=1.7662 dotDrift=-5.617sigma uMRED=0.0022409797 uER=0.117188 uMAE=1.4375 WCE=20 bias=-0.5000
[quad_warmup_bit:02000] loss=0.031069 tau=1.50 collapse_w=0.000 mid_frac=0.107 hard=score=0.0066555733 wNMSE=0.00016400496 wMSE=12.4940 wMRED=0.02079279 wER=0.082765 wMAE=0.8653 wBias=-0.3102 condBias=1.7662 dotDrift=-5.617sigma uMRED=0.0022409797 uER=0.117188 uMAE=1.4375 WCE=20 bias=-0.5000
[quad_warmup_bit:02200] loss=0.030779 tau=1.50 collapse_w=0.000 mid_frac=0.107 hard=score=0.0066555733 wNMSE=0.00016400496 wMSE=12.4940 wMRED=0.02079279 wER=0.082765 wMAE=0.8653 wBias=-0.3102 condBias=1.7662 dotDrift=-5.617sigma uMRED=0.0022409797 uER=0.117188 uMAE=1.4375 WCE=20 bias=-0.5000
[quad_warmup_bit:02400] loss=0.030561 tau=1.50 collapse_w=0.000 mid_frac=0.107 hard=score=0.0066555733 wNMSE=0.00016400496 wMSE=12.4940 wMRED=0.02079279 wER=0.082765 wMAE=0.8653 wBias=-0.3102 condBias=1.7662 dotDrift=-5.617sigma uMRED=0.0022409797 uER=0.117188 uMAE=1.4375 WCE=20 bias=-0.5000
[quad_warmup_bit:02600] loss=0.030393 tau=1.50 collapse_w=0.000 mid_frac=0.107 hard=score=0.0066555733 wNMSE=0.00016400496 wMSE=12.4940 wMRED=0.02079279 wER=0.082765 wMAE=0.8653 wBias=-0.3102 condBias=1.7662 dotDrift=-5.617sigma uMRED=0.0022409797 uER=0.117188 uMAE=1.4375 WCE=20 bias=-0.5000
[quad_warmup_bit:02800] loss=0.030260 tau=1.50 collapse_w=0.000 mid_frac=0.107 hard=score=0.0066555733 wNMSE=0.00016400496 wMSE=12.4940 wMRED=0.02079279 wER=0.082765 wMAE=0.8653 wBias=-0.3102 condBias=1.7662 dotDrift=-5.617sigma uMRED=0.0022409797 uER=0.117188 uMAE=1.4375 WCE=20 bias=-0.5000
[quad_warmup_bit:03000] loss=0.030153 tau=1.50 collapse_w=0.000 mid_frac=0.107 hard=score=0.0066555733 wNMSE=0.00016400496 wMSE=12.4940 wMRED=0.02079279 wER=0.082765 wMAE=0.8653 wBias=-0.3102 condBias=1.7662 dotDrift=-5.617sigma uMRED=0.0022409797 uER=0.117188 uMAE=1.4375 WCE=20 bias=-0.5000
[quad_warmup_bit:03200] loss=0.030066 tau=1.50 collapse_w=0.000 mid_frac=0.107 hard=score=0.0066555733 wNMSE=0.00016400496 wMSE=12.4940 wMRED=0.02079279 wER=0.082765 wMAE=0.8653 wBias=-0.3102 condBias=1.7662 dotDrift=-5.617sigma uMRED=0.0022409797 uER=0.117188 uMAE=1.4375 WCE=20 bias=-0.5000
[quad_warmup_bit:03400] loss=0.029993 tau=1.50 collapse_w=0.000 mid_frac=0.107 hard=score=0.0066555733 wNMSE=0.00016400496 wMSE=12.4940 wMRED=0.02079279 wER=0.082765 wMAE=0.8653 wBias=-0.3102 condBias=1.7662 dotDrift=-5.617sigma uMRED=0.0022409797 uER=0.117188 uMAE=1.4375 WCE=20 bias=-0.5000
[quad_warmup_bit:03600] loss=0.029932 tau=1.50 collapse_w=0.000 mid_frac=0.107 hard=score=0.0066555733 wNMSE=0.00016400496 wMSE=12.4940 wMRED=0.02079279 wER=0.082765 wMAE=0.8653 wBias=-0.3102 condBias=1.7662 dotDrift=-5.617sigma uMRED=0.0022409797 uER=0.117188 uMAE=1.4375 WCE=20 bias=-0.5000
[quad_warmup_bit:03800] loss=0.029880 tau=1.50 collapse_w=0.000 mid_frac=0.107 hard=score=0.0066555733 wNMSE=0.00016400496 wMSE=12.4940 wMRED=0.02079279 wER=0.082765 wMAE=0.8653 wBias=-0.3102 condBias=1.7662 dotDrift=-5.617sigma uMRED=0.0022409797 uER=0.117188 uMAE=1.4375 WCE=20 bias=-0.5000
[quad_warmup_bit:04000] loss=0.029836 tau=1.50 collapse_w=0.000 mid_frac=0.107 hard=score=0.0066555733 wNMSE=0.00016400496 wMSE=12.4940 wMRED=0.02079279 wER=0.082765 wMAE=0.8653 wBias=-0.3102 condBias=1.7662 dotDrift=-5.617sigma uMRED=0.0022409797 uER=0.117188 uMAE=1.4375 WCE=20 bias=-0.5000
[quad_warmup_bit:04200] loss=0.029798 tau=1.50 collapse_w=0.000 mid_frac=0.107 hard=score=0.0066555733 wNMSE=0.00016400496 wMSE=12.4940 wMRED=0.02079279 wER=0.082765 wMAE=0.8653 wBias=-0.3102 condBias=1.7662 dotDrift=-5.617sigma uMRED=0.0022409797 uER=0.117188 uMAE=1.4375 WCE=20 bias=-0.5000
[quad_warmup_bit:04400] loss=0.029766 tau=1.50 collapse_w=0.000 mid_frac=0.107 hard=score=0.0066555733 wNMSE=0.00016400496 wMSE=12.4940 wMRED=0.02079279 wER=0.082765 wMAE=0.8653 wBias=-0.3102 condBias=1.7662 dotDrift=-5.617sigma uMRED=0.0022409797 uER=0.117188 uMAE=1.4375 WCE=20 bias=-0.5000
[quad_warmup_bit:04600] loss=0.029737 tau=1.50 collapse_w=0.000 mid_frac=0.107 hard=score=0.0066555733 wNMSE=0.00016400496 wMSE=12.4940 wMRED=0.02079279 wER=0.082765 wMAE=0.8653 wBias=-0.3102 condBias=1.7662 dotDrift=-5.617sigma uMRED=0.0022409797 uER=0.117188 uMAE=1.4375 WCE=20 bias=-0.5000
[quad_warmup_bit:04800] loss=0.029713 tau=1.50 collapse_w=0.000 mid_frac=0.107 hard=score=0.0066555733 wNMSE=0.00016400496 wMSE=12.4940 wMRED=0.02079279 wER=0.082765 wMAE=0.8653 wBias=-0.3102 condBias=1.7662 dotDrift=-5.617sigma uMRED=0.0022409797 uER=0.117188 uMAE=1.4375 WCE=20 bias=-0.5000
[quad_warmup_bit:05000] loss=0.029691 tau=1.50 collapse_w=0.000 mid_frac=0.107 hard=score=0.0066555733 wNMSE=0.00016400496 wMSE=12.4940 wMRED=0.02079279 wER=0.082765 wMAE=0.8653 wBias=-0.3102 condBias=1.7662 dotDrift=-5.617sigma uMRED=0.0022409797 uER=0.117188 uMAE=1.4375 WCE=20 bias=-0.5000
[quad_warmup_bit:05200] loss=0.029672 tau=1.50 collapse_w=0.000 mid_frac=0.107 hard=score=0.0066555733 wNMSE=0.00016400496 wMSE=12.4940 wMRED=0.02079279 wER=0.082765 wMAE=0.8653 wBias=-0.3102 condBias=1.7662 dotDrift=-5.617sigma uMRED=0.0022409797 uER=0.117188 uMAE=1.4375 WCE=20 bias=-0.5000
[quad_warmup_bit:05400] loss=0.029655 tau=1.50 collapse_w=0.000 mid_frac=0.107 hard=score=0.0066555733 wNMSE=0.00016400496 wMSE=12.4940 wMRED=0.02079279 wER=0.082765 wMAE=0.8653 wBias=-0.3102 condBias=1.7662 dotDrift=-5.617sigma uMRED=0.0022409797 uER=0.117188 uMAE=1.4375 WCE=20 bias=-0.5000
[quad_warmup_bit:05600] loss=0.029640 tau=1.50 collapse_w=0.000 mid_frac=0.107 hard=score=0.0066555733 wNMSE=0.00016400496 wMSE=12.4940 wMRED=0.02079279 wER=0.082765 wMAE=0.8653 wBias=-0.3102 condBias=1.7662 dotDrift=-5.617sigma uMRED=0.0022409797 uER=0.117188 uMAE=1.4375 WCE=20 bias=-0.5000
[quad_warmup_bit:05800] loss=0.029627 tau=1.50 collapse_w=0.000 mid_frac=0.107 hard=score=0.0066555733 wNMSE=0.00016400496 wMSE=12.4940 wMRED=0.02079279 wER=0.082765 wMAE=0.8653 wBias=-0.3102 condBias=1.7662 dotDrift=-5.617sigma uMRED=0.0022409797 uER=0.117188 uMAE=1.4375 WCE=20 bias=-0.5000
[quad_warmup_bit:05999] loss=0.029616 tau=1.50 collapse_w=0.000 mid_frac=0.107 hard=score=0.0066555733 wNMSE=0.00016400496 wMSE=12.4940 wMRED=0.02079279 wER=0.082765 wMAE=0.8653 wBias=-0.3102 condBias=1.7662 dotDrift=-5.617sigma uMRED=0.0022409797 uER=0.117188 uMAE=1.4375 WCE=20 bias=-0.5000
[quad_soft:00000] loss=0.035857 tau=1.50 collapse_w=0.000 mid_frac=0.107 hard=score=0.0066555733 wNMSE=0.00016400496 wMSE=12.4940 wMRED=0.02079279 wER=0.082765 wMAE=0.8653 wBias=-0.3102 condBias=1.7662 dotDrift=-5.617sigma uMRED=0.0022409797 uER=0.117188 uMAE=1.4375 WCE=20 bias=-0.5000
[quad_soft:00025] loss=0.035449 tau=1.51 collapse_w=0.000 mid_frac=0.089 hard=score=0.0055354984 wNMSE=0.00011872572 wMSE=9.0446 wMRED=0.02539628 wER=0.101286 wMAE=0.8400 wBias=-0.2850 condBias=1.5027 dotDrift=-6.064sigma uMRED=0.0021355625 uER=0.132812 uMAE=1.3125 WCE=16 bias=-0.3750 *BEST*
[quad_soft:00200] loss=0.034298 tau=1.59 collapse_w=0.000 mid_frac=0.089 hard=score=0.0055354984 wNMSE=0.00011872572 wMSE=9.0446 wMRED=0.02539628 wER=0.101286 wMAE=0.8400 wBias=-0.2850 condBias=1.5027 dotDrift=-6.064sigma uMRED=0.0021355625 uER=0.132812 uMAE=1.3125 WCE=16 bias=-0.3750
[quad_soft:00400] loss=0.033295 tau=1.68 collapse_w=0.000 mid_frac=0.089 hard=score=0.0055354984 wNMSE=0.00011872572 wMSE=9.0446 wMRED=0.02539628 wER=0.101286 wMAE=0.8400 wBias=-0.2850 condBias=1.5027 dotDrift=-6.064sigma uMRED=0.0021355625 uER=0.132812 uMAE=1.3125 WCE=16 bias=-0.3750
[quad_soft:00600] loss=0.032642 tau=1.77 collapse_w=0.000 mid_frac=0.089 hard=score=0.0055354984 wNMSE=0.00011872572 wMSE=9.0446 wMRED=0.02539628 wER=0.101286 wMAE=0.8400 wBias=-0.2850 condBias=1.5027 dotDrift=-6.064sigma uMRED=0.0021355625 uER=0.132812 uMAE=1.3125 WCE=16 bias=-0.3750
[quad_soft:00800] loss=0.032013 tau=1.86 collapse_w=0.000 mid_frac=0.089 hard=score=0.0055354984 wNMSE=0.00011872572 wMSE=9.0446 wMRED=0.02539628 wER=0.101286 wMAE=0.8400 wBias=-0.2850 condBias=1.5027 dotDrift=-6.064sigma uMRED=0.0021355625 uER=0.132812 uMAE=1.3125 WCE=16 bias=-0.3750
[quad_soft:01000] loss=0.031389 tau=1.95 collapse_w=0.000 mid_frac=0.089 hard=score=0.0055354984 wNMSE=0.00011872572 wMSE=9.0446 wMRED=0.02539628 wER=0.101286 wMAE=0.8400 wBias=-0.2850 condBias=1.5027 dotDrift=-6.064sigma uMRED=0.0021355625 uER=0.132812 uMAE=1.3125 WCE=16 bias=-0.3750
[quad_soft:01200] loss=0.030765 tau=2.04 collapse_w=0.000 mid_frac=0.089 hard=score=0.0055354984 wNMSE=0.00011872572 wMSE=9.0446 wMRED=0.02539628 wER=0.101286 wMAE=0.8400 wBias=-0.2850 condBias=1.5027 dotDrift=-6.064sigma uMRED=0.0021355625 uER=0.132812 uMAE=1.3125 WCE=16 bias=-0.3750
[quad_soft:01400] loss=0.030143 tau=2.13 collapse_w=0.000 mid_frac=0.089 hard=score=0.0055354984 wNMSE=0.00011872572 wMSE=9.0446 wMRED=0.02539628 wER=0.101286 wMAE=0.8400 wBias=-0.2850 condBias=1.5027 dotDrift=-6.064sigma uMRED=0.0021355625 uER=0.132812 uMAE=1.3125 WCE=16 bias=-0.3750
[quad_soft:01600] loss=0.029521 tau=2.22 collapse_w=0.000 mid_frac=0.107 hard=score=0.0055354984 wNMSE=0.00011872572 wMSE=9.0446 wMRED=0.02539628 wER=0.101286 wMAE=0.8400 wBias=-0.2850 condBias=1.5027 dotDrift=-6.064sigma uMRED=0.0021355625 uER=0.132812 uMAE=1.3125 WCE=16 bias=-0.3750
[quad_soft:01800] loss=0.028899 tau=2.31 collapse_w=0.000 mid_frac=0.107 hard=score=0.0055354984 wNMSE=0.00011872572 wMSE=9.0446 wMRED=0.02539628 wER=0.101286 wMAE=0.8400 wBias=-0.2850 condBias=1.5027 dotDrift=-6.064sigma uMRED=0.0021355625 uER=0.132812 uMAE=1.3125 WCE=16 bias=-0.3750
[quad_soft:02000] loss=0.028277 tau=2.40 collapse_w=0.000 mid_frac=0.107 hard=score=0.0055354984 wNMSE=0.00011872572 wMSE=9.0446 wMRED=0.02539628 wER=0.101286 wMAE=0.8400 wBias=-0.2850 condBias=1.5027 dotDrift=-6.064sigma uMRED=0.0021355625 uER=0.132812 uMAE=1.3125 WCE=16 bias=-0.3750
[quad_soft:02200] loss=0.027655 tau=2.49 collapse_w=0.000 mid_frac=0.107 hard=score=0.0055354984 wNMSE=0.00011872572 wMSE=9.0446 wMRED=0.02539628 wER=0.101286 wMAE=0.8400 wBias=-0.2850 condBias=1.5027 dotDrift=-6.064sigma uMRED=0.0021355625 uER=0.132812 uMAE=1.3125 WCE=16 bias=-0.3750
[quad_soft:02400] loss=0.027033 tau=2.58 collapse_w=0.000 mid_frac=0.107 hard=score=0.0055354984 wNMSE=0.00011872572 wMSE=9.0446 wMRED=0.02539628 wER=0.101286 wMAE=0.8400 wBias=-0.2850 condBias=1.5027 dotDrift=-6.064sigma uMRED=0.0021355625 uER=0.132812 uMAE=1.3125 WCE=16 bias=-0.3750
[quad_soft:02600] loss=0.026412 tau=2.67 collapse_w=0.000 mid_frac=0.107 hard=score=0.0055354984 wNMSE=0.00011872572 wMSE=9.0446 wMRED=0.02539628 wER=0.101286 wMAE=0.8400 wBias=-0.2850 condBias=1.5027 dotDrift=-6.064sigma uMRED=0.0021355625 uER=0.132812 uMAE=1.3125 WCE=16 bias=-0.3750
[quad_soft:02800] loss=0.025790 tau=2.76 collapse_w=0.000 mid_frac=0.107 hard=score=0.0055354984 wNMSE=0.00011872572 wMSE=9.0446 wMRED=0.02539628 wER=0.101286 wMAE=0.8400 wBias=-0.2850 condBias=1.5027 dotDrift=-6.064sigma uMRED=0.0021355625 uER=0.132812 uMAE=1.3125 WCE=16 bias=-0.3750
[quad_soft:03000] loss=0.025167 tau=2.85 collapse_w=0.000 mid_frac=0.107 hard=score=0.0055354984 wNMSE=0.00011872572 wMSE=9.0446 wMRED=0.02539628 wER=0.101286 wMAE=0.8400 wBias=-0.2850 condBias=1.5027 dotDrift=-6.064sigma uMRED=0.0021355625 uER=0.132812 uMAE=1.3125 WCE=16 bias=-0.3750
[quad_soft:03200] loss=0.024546 tau=2.94 collapse_w=0.000 mid_frac=0.107 hard=score=0.0055354984 wNMSE=0.00011872572 wMSE=9.0446 wMRED=0.02539628 wER=0.101286 wMAE=0.8400 wBias=-0.2850 condBias=1.5027 dotDrift=-6.064sigma uMRED=0.0021355625 uER=0.132812 uMAE=1.3125 WCE=16 bias=-0.3750
[quad_soft:03400] loss=0.023924 tau=3.03 collapse_w=0.000 mid_frac=0.107 hard=score=0.0055354984 wNMSE=0.00011872572 wMSE=9.0446 wMRED=0.02539628 wER=0.101286 wMAE=0.8400 wBias=-0.2850 condBias=1.5027 dotDrift=-6.064sigma uMRED=0.0021355625 uER=0.132812 uMAE=1.3125 WCE=16 bias=-0.3750
[quad_soft:03600] loss=0.023301 tau=3.12 collapse_w=0.000 mid_frac=0.107 hard=score=0.0055354984 wNMSE=0.00011872572 wMSE=9.0446 wMRED=0.02539628 wER=0.101286 wMAE=0.8400 wBias=-0.2850 condBias=1.5027 dotDrift=-6.064sigma uMRED=0.0021355625 uER=0.132812 uMAE=1.3125 WCE=16 bias=-0.3750
[quad_soft:03800] loss=0.022679 tau=3.21 collapse_w=0.000 mid_frac=0.107 hard=score=0.0055354984 wNMSE=0.00011872572 wMSE=9.0446 wMRED=0.02539628 wER=0.101286 wMAE=0.8400 wBias=-0.2850 condBias=1.5027 dotDrift=-6.064sigma uMRED=0.0021355625 uER=0.132812 uMAE=1.3125 WCE=16 bias=-0.3750
[quad_soft:04000] loss=0.022057 tau=3.30 collapse_w=0.000 mid_frac=0.107 hard=score=0.0055354984 wNMSE=0.00011872572 wMSE=9.0446 wMRED=0.02539628 wER=0.101286 wMAE=0.8400 wBias=-0.2850 condBias=1.5027 dotDrift=-6.064sigma uMRED=0.0021355625 uER=0.132812 uMAE=1.3125 WCE=16 bias=-0.3750
[quad_soft:04200] loss=0.021428 tau=3.39 collapse_w=0.000 mid_frac=0.107 hard=score=0.0055354984 wNMSE=0.00011872572 wMSE=9.0446 wMRED=0.02539628 wER=0.101286 wMAE=0.8400 wBias=-0.2850 condBias=1.5027 dotDrift=-6.064sigma uMRED=0.0021355625 uER=0.132812 uMAE=1.3125 WCE=16 bias=-0.3750
[quad_soft:04400] loss=0.020800 tau=3.48 collapse_w=0.000 mid_frac=0.107 hard=score=0.0055354984 wNMSE=0.00011872572 wMSE=9.0446 wMRED=0.02539628 wER=0.101286 wMAE=0.8400 wBias=-0.2850 condBias=1.5027 dotDrift=-6.064sigma uMRED=0.0021355625 uER=0.132812 uMAE=1.3125 WCE=16 bias=-0.3750
[quad_soft:04600] loss=0.020171 tau=3.57 collapse_w=0.000 mid_frac=0.107 hard=score=0.0055354984 wNMSE=0.00011872572 wMSE=9.0446 wMRED=0.02539628 wER=0.101286 wMAE=0.8400 wBias=-0.2850 condBias=1.5027 dotDrift=-6.064sigma uMRED=0.0021355625 uER=0.132812 uMAE=1.3125 WCE=16 bias=-0.3750
[quad_soft:04800] loss=0.019543 tau=3.66 collapse_w=0.000 mid_frac=0.107 hard=score=0.0055354984 wNMSE=0.00011872572 wMSE=9.0446 wMRED=0.02539628 wER=0.101286 wMAE=0.8400 wBias=-0.2850 condBias=1.5027 dotDrift=-6.064sigma uMRED=0.0021355625 uER=0.132812 uMAE=1.3125 WCE=16 bias=-0.3750
[quad_soft:05000] loss=0.018913 tau=3.75 collapse_w=0.000 mid_frac=0.107 hard=score=0.0055354984 wNMSE=0.00011872572 wMSE=9.0446 wMRED=0.02539628 wER=0.101286 wMAE=0.8400 wBias=-0.2850 condBias=1.5027 dotDrift=-6.064sigma uMRED=0.0021355625 uER=0.132812 uMAE=1.3125 WCE=16 bias=-0.3750
[quad_soft:05200] loss=0.018284 tau=3.84 collapse_w=0.000 mid_frac=0.125 hard=score=0.0055354984 wNMSE=0.00011872572 wMSE=9.0446 wMRED=0.02539628 wER=0.101286 wMAE=0.8400 wBias=-0.2850 condBias=1.5027 dotDrift=-6.064sigma uMRED=0.0021355625 uER=0.132812 uMAE=1.3125 WCE=16 bias=-0.3750
[quad_soft:05400] loss=0.017656 tau=3.93 collapse_w=0.000 mid_frac=0.143 hard=score=0.0055354984 wNMSE=0.00011872572 wMSE=9.0446 wMRED=0.02539628 wER=0.101286 wMAE=0.8400 wBias=-0.2850 condBias=1.5027 dotDrift=-6.064sigma uMRED=0.0021355625 uER=0.132812 uMAE=1.3125 WCE=16 bias=-0.3750
[quad_soft:05600] loss=0.017027 tau=4.02 collapse_w=0.000 mid_frac=0.143 hard=score=0.0055354984 wNMSE=0.00011872572 wMSE=9.0446 wMRED=0.02539628 wER=0.101286 wMAE=0.8400 wBias=-0.2850 condBias=1.5027 dotDrift=-6.064sigma uMRED=0.0021355625 uER=0.132812 uMAE=1.3125 WCE=16 bias=-0.3750
[quad_soft:05800] loss=0.016397 tau=4.11 collapse_w=0.000 mid_frac=0.143 hard=score=0.0055354984 wNMSE=0.00011872572 wMSE=9.0446 wMRED=0.02539628 wER=0.101286 wMAE=0.8400 wBias=-0.2850 condBias=1.5027 dotDrift=-6.064sigma uMRED=0.0021355625 uER=0.132812 uMAE=1.3125 WCE=16 bias=-0.3750
[quad_soft:06000] loss=0.015771 tau=4.20 collapse_w=0.000 mid_frac=0.143 hard=score=0.0055354984 wNMSE=0.00011872572 wMSE=9.0446 wMRED=0.02539628 wER=0.101286 wMAE=0.8400 wBias=-0.2850 condBias=1.5027 dotDrift=-6.064sigma uMRED=0.0021355625 uER=0.132812 uMAE=1.3125 WCE=16 bias=-0.3750
[quad_soft:06125] loss=0.015887 tau=4.26 collapse_w=0.016 mid_frac=0.125 hard=score=0.0033913430 wNMSE=0.00010196514 wMSE=7.7677 wMRED=0.02381904 wER=0.101286 wMAE=0.7596 wBias=-0.2045 condBias=1.3925 dotDrift=-4.696sigma uMRED=0.0019411271 uER=0.132812 uMAE=1.1875 WCE=16 bias=-0.2500 *BEST*
[quad_soft:06200] loss=0.015882 tau=4.29 collapse_w=0.025 mid_frac=0.143 hard=score=0.0033913430 wNMSE=0.00010196514 wMSE=7.7677 wMRED=0.02381904 wER=0.101286 wMAE=0.7596 wBias=-0.2045 condBias=1.3925 dotDrift=-4.696sigma uMRED=0.0019411271 uER=0.132812 uMAE=1.1875 WCE=16 bias=-0.2500
[quad_soft:06250] loss=0.015866 tau=4.31 collapse_w=0.031 mid_frac=0.125 hard=score=0.0013734682 wNMSE=8.8383708e-05 wMSE=6.7331 wMRED=0.01606106 wER=0.082765 wMAE=0.6240 wBias=-0.0689 condBias=1.2965 dotDrift=-1.700sigma uMRED=0.0016576735 uER=0.117188 uMAE=1.0625 WCE=16 bias=-0.1250 *BEST*
[quad_soft:06400] loss=0.015800 tau=4.38 collapse_w=0.050 mid_frac=0.107 hard=score=0.0013734682 wNMSE=8.8383708e-05 wMSE=6.7331 wMRED=0.01606106 wER=0.082765 wMAE=0.6240 wBias=-0.0689 condBias=1.2965 dotDrift=-1.700sigma uMRED=0.0016576735 uER=0.117188 uMAE=1.0625 WCE=16 bias=-0.1250
[quad_soft:06600] loss=0.015675 tau=4.47 collapse_w=0.075 mid_frac=0.107 hard=score=0.0013734682 wNMSE=8.8383708e-05 wMSE=6.7331 wMRED=0.01606106 wER=0.082765 wMAE=0.6240 wBias=-0.0689 condBias=1.2965 dotDrift=-1.700sigma uMRED=0.0016576735 uER=0.117188 uMAE=1.0625 WCE=16 bias=-0.1250
[quad_soft:06800] loss=0.015506 tau=4.56 collapse_w=0.100 mid_frac=0.054 hard=score=0.0013734682 wNMSE=8.8383708e-05 wMSE=6.7331 wMRED=0.01606106 wER=0.082765 wMAE=0.6240 wBias=-0.0689 condBias=1.2965 dotDrift=-1.700sigma uMRED=0.0016576735 uER=0.117188 uMAE=1.0625 WCE=16 bias=-0.1250
[quad_soft:07000] loss=0.015299 tau=4.65 collapse_w=0.125 mid_frac=0.036 hard=score=0.0013734682 wNMSE=8.8383708e-05 wMSE=6.7331 wMRED=0.01606106 wER=0.082765 wMAE=0.6240 wBias=-0.0689 condBias=1.2965 dotDrift=-1.700sigma uMRED=0.0016576735 uER=0.117188 uMAE=1.0625 WCE=16 bias=-0.1250
[quad_soft:07200] loss=0.015057 tau=4.74 collapse_w=0.150 mid_frac=0.018 hard=score=0.0013734682 wNMSE=8.8383708e-05 wMSE=6.7331 wMRED=0.01606106 wER=0.082765 wMAE=0.6240 wBias=-0.0689 condBias=1.2965 dotDrift=-1.700sigma uMRED=0.0016576735 uER=0.117188 uMAE=1.0625 WCE=16 bias=-0.1250
[quad_soft:07400] loss=0.014767 tau=4.83 collapse_w=0.175 mid_frac=0.018 hard=score=0.0013734682 wNMSE=8.8383708e-05 wMSE=6.7331 wMRED=0.01606106 wER=0.082765 wMAE=0.6240 wBias=-0.0689 condBias=1.2965 dotDrift=-1.700sigma uMRED=0.0016576735 uER=0.117188 uMAE=1.0625 WCE=16 bias=-0.1250
[quad_soft:07600] loss=0.014420 tau=4.92 collapse_w=0.200 mid_frac=0.018 hard=score=0.0013734682 wNMSE=8.8383708e-05 wMSE=6.7331 wMRED=0.01606106 wER=0.082765 wMAE=0.6240 wBias=-0.0689 condBias=1.2965 dotDrift=-1.700sigma uMRED=0.0016576735 uER=0.117188 uMAE=1.0625 WCE=16 bias=-0.1250
[quad_soft:07800] loss=0.014079 tau=5.01 collapse_w=0.225 mid_frac=0.018 hard=score=0.0013734682 wNMSE=8.8383708e-05 wMSE=6.7331 wMRED=0.01606106 wER=0.082765 wMAE=0.6240 wBias=-0.0689 condBias=1.2965 dotDrift=-1.700sigma uMRED=0.0016576735 uER=0.117188 uMAE=1.0625 WCE=16 bias=-0.1250
[quad_soft:08000] loss=0.013712 tau=5.10 collapse_w=0.250 mid_frac=0.018 hard=score=0.0013734682 wNMSE=8.8383708e-05 wMSE=6.7331 wMRED=0.01606106 wER=0.082765 wMAE=0.6240 wBias=-0.0689 condBias=1.2965 dotDrift=-1.700sigma uMRED=0.0016576735 uER=0.117188 uMAE=1.0625 WCE=16 bias=-0.1250
[quad_soft:08200] loss=0.013320 tau=5.19 collapse_w=0.275 mid_frac=0.018 hard=score=0.0013734682 wNMSE=8.8383708e-05 wMSE=6.7331 wMRED=0.01606106 wER=0.082765 wMAE=0.6240 wBias=-0.0689 condBias=1.2965 dotDrift=-1.700sigma uMRED=0.0016576735 uER=0.117188 uMAE=1.0625 WCE=16 bias=-0.1250
[quad_soft:08400] loss=0.012902 tau=5.28 collapse_w=0.300 mid_frac=0.018 hard=score=0.0013734682 wNMSE=8.8383708e-05 wMSE=6.7331 wMRED=0.01606106 wER=0.082765 wMAE=0.6240 wBias=-0.0689 condBias=1.2965 dotDrift=-1.700sigma uMRED=0.0016576735 uER=0.117188 uMAE=1.0625 WCE=16 bias=-0.1250
[quad_soft:08600] loss=0.012459 tau=5.37 collapse_w=0.325 mid_frac=0.018 hard=score=0.0013734682 wNMSE=8.8383708e-05 wMSE=6.7331 wMRED=0.01606106 wER=0.082765 wMAE=0.6240 wBias=-0.0689 condBias=1.2965 dotDrift=-1.700sigma uMRED=0.0016576735 uER=0.117188 uMAE=1.0625 WCE=16 bias=-0.1250
[quad_soft:08800] loss=0.011984 tau=5.46 collapse_w=0.350 mid_frac=0.018 hard=score=0.0013734682 wNMSE=8.8383708e-05 wMSE=6.7331 wMRED=0.01606106 wER=0.082765 wMAE=0.6240 wBias=-0.0689 condBias=1.2965 dotDrift=-1.700sigma uMRED=0.0016576735 uER=0.117188 uMAE=1.0625 WCE=16 bias=-0.1250
[quad_soft:09000] loss=0.011473 tau=5.55 collapse_w=0.375 mid_frac=0.018 hard=score=0.0013734682 wNMSE=8.8383708e-05 wMSE=6.7331 wMRED=0.01606106 wER=0.082765 wMAE=0.6240 wBias=-0.0689 condBias=1.2965 dotDrift=-1.700sigma uMRED=0.0016576735 uER=0.117188 uMAE=1.0625 WCE=16 bias=-0.1250
[quad_soft:09200] loss=0.010915 tau=5.64 collapse_w=0.400 mid_frac=0.018 hard=score=0.0013734682 wNMSE=8.8383708e-05 wMSE=6.7331 wMRED=0.01606106 wER=0.082765 wMAE=0.6240 wBias=-0.0689 condBias=1.2965 dotDrift=-1.700sigma uMRED=0.0016576735 uER=0.117188 uMAE=1.0625 WCE=16 bias=-0.1250
[quad_soft:09400] loss=0.010307 tau=5.73 collapse_w=0.425 mid_frac=0.018 hard=score=0.0013734682 wNMSE=8.8383708e-05 wMSE=6.7331 wMRED=0.01606106 wER=0.082765 wMAE=0.6240 wBias=-0.0689 condBias=1.2965 dotDrift=-1.700sigma uMRED=0.0016576735 uER=0.117188 uMAE=1.0625 WCE=16 bias=-0.1250
[quad_soft:09600] loss=0.009614 tau=5.82 collapse_w=0.450 mid_frac=0.018 hard=score=0.0013734682 wNMSE=8.8383708e-05 wMSE=6.7331 wMRED=0.01606106 wER=0.082765 wMAE=0.6240 wBias=-0.0689 condBias=1.2965 dotDrift=-1.700sigma uMRED=0.0016576735 uER=0.117188 uMAE=1.0625 WCE=16 bias=-0.1250
[quad_soft:09800] loss=0.008807 tau=5.91 collapse_w=0.475 mid_frac=0.018 hard=score=0.0013734682 wNMSE=8.8383708e-05 wMSE=6.7331 wMRED=0.01606106 wER=0.082765 wMAE=0.6240 wBias=-0.0689 condBias=1.2965 dotDrift=-1.700sigma uMRED=0.0016576735 uER=0.117188 uMAE=1.0625 WCE=16 bias=-0.1250
[quad_soft:09999] loss=0.007768 tau=6.00 collapse_w=0.500 mid_frac=0.018 hard=score=0.0013734682 wNMSE=8.8383708e-05 wMSE=6.7331 wMRED=0.01606106 wER=0.082765 wMAE=0.6240 wBias=-0.0689 condBias=1.2965 dotDrift=-1.700sigma uMRED=0.0016576735 uER=0.117188 uMAE=1.0625 WCE=16 bias=-0.1250
[quad_hard_ste:00000] loss=0.005202 tau=6.00 collapse_w=0.500 mid_frac=0.018 hard=score=0.0013734682 wNMSE=8.8383708e-05 wMSE=6.7331 wMRED=0.01606106 wER=0.082765 wMAE=0.6240 wBias=-0.0689 condBias=1.2965 dotDrift=-1.700sigma uMRED=0.0016576735 uER=0.117188 uMAE=1.0625 WCE=16 bias=-0.1250
[quad_hard_ste:00200] loss=0.004505 tau=6.00 collapse_w=0.500 mid_frac=0.018 hard=score=0.0013734682 wNMSE=8.8383708e-05 wMSE=6.7331 wMRED=0.01606106 wER=0.082765 wMAE=0.6240 wBias=-0.0689 condBias=1.2965 dotDrift=-1.700sigma uMRED=0.0016576735 uER=0.117188 uMAE=1.0625 WCE=16 bias=-0.1250
[quad_hard_ste:00400] loss=0.004084 tau=6.00 collapse_w=0.500 mid_frac=0.018 hard=score=0.0013734682 wNMSE=8.8383708e-05 wMSE=6.7331 wMRED=0.01606106 wER=0.082765 wMAE=0.6240 wBias=-0.0689 condBias=1.2965 dotDrift=-1.700sigma uMRED=0.0016576735 uER=0.117188 uMAE=1.0625 WCE=16 bias=-0.1250
[quad_hard_ste:00600] loss=0.003810 tau=6.00 collapse_w=0.500 mid_frac=0.018 hard=score=0.0013734682 wNMSE=8.8383708e-05 wMSE=6.7331 wMRED=0.01606106 wER=0.082765 wMAE=0.6240 wBias=-0.0689 condBias=1.2965 dotDrift=-1.700sigma uMRED=0.0016576735 uER=0.117188 uMAE=1.0625 WCE=16 bias=-0.1250
[quad_hard_ste:00800] loss=0.003631 tau=6.00 collapse_w=0.500 mid_frac=0.018 hard=score=0.0013734682 wNMSE=8.8383708e-05 wMSE=6.7331 wMRED=0.01606106 wER=0.082765 wMAE=0.6240 wBias=-0.0689 condBias=1.2965 dotDrift=-1.700sigma uMRED=0.0016576735 uER=0.117188 uMAE=1.0625 WCE=16 bias=-0.1250
[quad_hard_ste:01000] loss=0.003512 tau=6.00 collapse_w=0.500 mid_frac=0.018 hard=score=0.0013734682 wNMSE=8.8383708e-05 wMSE=6.7331 wMRED=0.01606106 wER=0.082765 wMAE=0.6240 wBias=-0.0689 condBias=1.2965 dotDrift=-1.700sigma uMRED=0.0016576735 uER=0.117188 uMAE=1.0625 WCE=16 bias=-0.1250
[quad_hard_ste:01200] loss=0.003430 tau=6.00 collapse_w=0.500 mid_frac=0.018 hard=score=0.0013734682 wNMSE=8.8383708e-05 wMSE=6.7331 wMRED=0.01606106 wER=0.082765 wMAE=0.6240 wBias=-0.0689 condBias=1.2965 dotDrift=-1.700sigma uMRED=0.0016576735 uER=0.117188 uMAE=1.0625 WCE=16 bias=-0.1250
[quad_hard_ste:01400] loss=0.003371 tau=6.00 collapse_w=0.500 mid_frac=0.018 hard=score=0.0013734682 wNMSE=8.8383708e-05 wMSE=6.7331 wMRED=0.01606106 wER=0.082765 wMAE=0.6240 wBias=-0.0689 condBias=1.2965 dotDrift=-1.700sigma uMRED=0.0016576735 uER=0.117188 uMAE=1.0625 WCE=16 bias=-0.1250
[quad_hard_ste:01600] loss=0.003328 tau=6.00 collapse_w=0.500 mid_frac=0.018 hard=score=0.0013734682 wNMSE=8.8383708e-05 wMSE=6.7331 wMRED=0.01606106 wER=0.082765 wMAE=0.6240 wBias=-0.0689 condBias=1.2965 dotDrift=-1.700sigma uMRED=0.0016576735 uER=0.117188 uMAE=1.0625 WCE=16 bias=-0.1250
[quad_hard_ste:01800] loss=0.003296 tau=6.00 collapse_w=0.500 mid_frac=0.018 hard=score=0.0013734682 wNMSE=8.8383708e-05 wMSE=6.7331 wMRED=0.01606106 wER=0.082765 wMAE=0.6240 wBias=-0.0689 condBias=1.2965 dotDrift=-1.700sigma uMRED=0.0016576735 uER=0.117188 uMAE=1.0625 WCE=16 bias=-0.1250
[quad_hard_ste:02000] loss=0.003271 tau=6.00 collapse_w=0.500 mid_frac=0.018 hard=score=0.0013734682 wNMSE=8.8383708e-05 wMSE=6.7331 wMRED=0.01606106 wER=0.082765 wMAE=0.6240 wBias=-0.0689 condBias=1.2965 dotDrift=-1.700sigma uMRED=0.0016576735 uER=0.117188 uMAE=1.0625 WCE=16 bias=-0.1250
[quad_hard_ste:02200] loss=0.003251 tau=6.00 collapse_w=0.500 mid_frac=0.018 hard=score=0.0013734682 wNMSE=8.8383708e-05 wMSE=6.7331 wMRED=0.01606106 wER=0.082765 wMAE=0.6240 wBias=-0.0689 condBias=1.2965 dotDrift=-1.700sigma uMRED=0.0016576735 uER=0.117188 uMAE=1.0625 WCE=16 bias=-0.1250
[quad_hard_ste:02400] loss=0.003235 tau=6.00 collapse_w=0.500 mid_frac=0.018 hard=score=0.0013734682 wNMSE=8.8383708e-05 wMSE=6.7331 wMRED=0.01606106 wER=0.082765 wMAE=0.6240 wBias=-0.0689 condBias=1.2965 dotDrift=-1.700sigma uMRED=0.0016576735 uER=0.117188 uMAE=1.0625 WCE=16 bias=-0.1250
[quad_hard_ste:02600] loss=0.003222 tau=6.00 collapse_w=0.500 mid_frac=0.018 hard=score=0.0013734682 wNMSE=8.8383708e-05 wMSE=6.7331 wMRED=0.01606106 wER=0.082765 wMAE=0.6240 wBias=-0.0689 condBias=1.2965 dotDrift=-1.700sigma uMRED=0.0016576735 uER=0.117188 uMAE=1.0625 WCE=16 bias=-0.1250
[quad_hard_ste:02800] loss=0.003212 tau=6.00 collapse_w=0.500 mid_frac=0.018 hard=score=0.0013734682 wNMSE=8.8383708e-05 wMSE=6.7331 wMRED=0.01606106 wER=0.082765 wMAE=0.6240 wBias=-0.0689 condBias=1.2965 dotDrift=-1.700sigma uMRED=0.0016576735 uER=0.117188 uMAE=1.0625 WCE=16 bias=-0.1250
[quad_hard_ste:03000] loss=0.003203 tau=6.00 collapse_w=0.500 mid_frac=0.018 hard=score=0.0013734682 wNMSE=8.8383708e-05 wMSE=6.7331 wMRED=0.01606106 wER=0.082765 wMAE=0.6240 wBias=-0.0689 condBias=1.2965 dotDrift=-1.700sigma uMRED=0.0016576735 uER=0.117188 uMAE=1.0625 WCE=16 bias=-0.1250
[quad_hard_ste:03200] loss=0.003196 tau=6.00 collapse_w=0.500 mid_frac=0.018 hard=score=0.0013734682 wNMSE=8.8383708e-05 wMSE=6.7331 wMRED=0.01606106 wER=0.082765 wMAE=0.6240 wBias=-0.0689 condBias=1.2965 dotDrift=-1.700sigma uMRED=0.0016576735 uER=0.117188 uMAE=1.0625 WCE=16 bias=-0.1250
[quad_hard_ste:03400] loss=0.003190 tau=6.00 collapse_w=0.500 mid_frac=0.018 hard=score=0.0013734682 wNMSE=8.8383708e-05 wMSE=6.7331 wMRED=0.01606106 wER=0.082765 wMAE=0.6240 wBias=-0.0689 condBias=1.2965 dotDrift=-1.700sigma uMRED=0.0016576735 uER=0.117188 uMAE=1.0625 WCE=16 bias=-0.1250
[quad_hard_ste:03600] loss=0.003184 tau=6.00 collapse_w=0.500 mid_frac=0.018 hard=score=0.0013734682 wNMSE=8.8383708e-05 wMSE=6.7331 wMRED=0.01606106 wER=0.082765 wMAE=0.6240 wBias=-0.0689 condBias=1.2965 dotDrift=-1.700sigma uMRED=0.0016576735 uER=0.117188 uMAE=1.0625 WCE=16 bias=-0.1250
[quad_hard_ste:03800] loss=0.003180 tau=6.00 collapse_w=0.500 mid_frac=0.018 hard=score=0.0013734682 wNMSE=8.8383708e-05 wMSE=6.7331 wMRED=0.01606106 wER=0.082765 wMAE=0.6240 wBias=-0.0689 condBias=1.2965 dotDrift=-1.700sigma uMRED=0.0016576735 uER=0.117188 uMAE=1.0625 WCE=16 bias=-0.1250
[quad_hard_ste:03999] loss=0.003176 tau=6.00 collapse_w=0.500 mid_frac=0.018 hard=score=0.0013734682 wNMSE=8.8383708e-05 wMSE=6.7331 wMRED=0.01606106 wER=0.082765 wMAE=0.6240 wBias=-0.0689 condBias=1.2965 dotDrift=-1.700sigma uMRED=0.0016576735 uER=0.117188 uMAE=1.0625 WCE=16 bias=-0.1250
[pop00_soft:00000] loss=0.389092 tau=1.50 collapse_w=0.000 mid_frac=0.214 hard=score=0.2114181215 wNMSE=0.029758771 wMSE=2267.0337 wMRED=1.26529442 wER=0.249382 wMAE=21.8735 wBias=-1.7133 condBias=23.7874 dotDrift=-2.303sigma uMRED=0.0421803119 uER=0.246094 uMAE=17.7734 WCE=136 bias=3.1875
[pop00_soft:00200] loss=0.226125 tau=2.25 collapse_w=0.000 mid_frac=0.214 hard=score=1.6084539554 wNMSE=0.025806959 wMSE=1965.9833 wMRED=1.23736618 wER=0.248989 wMAE=19.9152 wBias=-5.3861 condBias=22.1521 dotDrift=-7.774sigma uMRED=0.0366279196 uER=0.238281 uMAE=14.0312 WCE=136 bias=-9.8750
[pop00_soft:00400] loss=0.071965 tau=3.00 collapse_w=0.000 mid_frac=0.179 hard=score=0.1532961436 wNMSE=0.0014923562 wMSE=113.6882 wMRED=0.03927384 wER=0.115014 wMAE=2.1588 wBias=-1.6314 condBias=5.3289 dotDrift=-9.792sigma uMRED=0.0122779899 uER=0.187500 uMAE=10.2500 WCE=128 bias=-9.6250
[pop00_soft:00600] loss=0.038337 tau=3.75 collapse_w=0.000 mid_frac=0.125 hard=score=0.0863308820 wNMSE=0.0011529537 wMSE=87.8324 wMRED=0.03384967 wER=0.106938 wMAE=1.7217 wBias=-1.1944 condBias=4.6845 dotDrift=-8.156sigma uMRED=0.0098899283 uER=0.179688 uMAE=8.2500 WCE=128 bias=-7.6250
[pop00_soft:00800] loss=0.030204 tau=4.50 collapse_w=0.084 mid_frac=0.071 hard=score=0.0572594477 wNMSE=0.00096843304 wMSE=73.7756 wMRED=0.03211968 wER=0.103543 wMAE=1.4715 wBias=-0.9442 condBias=4.2937 dotDrift=-7.035sigma uMRED=0.0066998177 uER=0.148438 uMAE=5.2500 WCE=128 bias=-4.6250
[pop00_soft:01000] loss=0.026539 tau=5.25 collapse_w=0.293 mid_frac=0.036 hard=score=0.0572594477 wNMSE=0.00096843304 wMSE=73.7756 wMRED=0.03211968 wER=0.103543 wMAE=1.4715 wBias=-0.9442 condBias=4.2937 dotDrift=-7.035sigma uMRED=0.0066998177 uER=0.148438 uMAE=5.2500 WCE=128 bias=-4.6250
[pop00_soft:01199] loss=0.018844 tau=6.00 collapse_w=0.500 mid_frac=0.018 hard=score=0.0572594477 wNMSE=0.00096843304 wMSE=73.7756 wMRED=0.03211968 wER=0.103543 wMAE=1.4715 wBias=-0.9442 condBias=4.2937 dotDrift=-7.035sigma uMRED=0.0066998177 uER=0.148438 uMAE=5.2500 WCE=128 bias=-4.6250
[pop00_hard:00000] loss=0.062427 tau=6.00 collapse_w=0.500 mid_frac=0.018 hard=score=0.0572594477 wNMSE=0.00096843304 wMSE=73.7756 wMRED=0.03211968 wER=0.103543 wMAE=1.4715 wBias=-0.9442 condBias=4.2937 dotDrift=-7.035sigma uMRED=0.0066998177 uER=0.148438 uMAE=5.2500 WCE=128 bias=-4.6250
[pop00_hard:00200] loss=0.059694 tau=6.00 collapse_w=0.500 mid_frac=0.018 hard=score=0.0572594477 wNMSE=0.00096843304 wMSE=73.7756 wMRED=0.03211968 wER=0.103543 wMAE=1.4715 wBias=-0.9442 condBias=4.2937 dotDrift=-7.035sigma uMRED=0.0066998177 uER=0.148438 uMAE=5.2500 WCE=128 bias=-4.6250
[pop00_hard:00400] loss=0.058628 tau=6.00 collapse_w=0.500 mid_frac=0.018 hard=score=0.0572594477 wNMSE=0.00096843304 wMSE=73.7756 wMRED=0.03211968 wER=0.103543 wMAE=1.4715 wBias=-0.9442 condBias=4.2937 dotDrift=-7.035sigma uMRED=0.0066998177 uER=0.148438 uMAE=5.2500 WCE=128 bias=-4.6250
[pop00_hard:00599] loss=0.058727 tau=6.00 collapse_w=0.500 mid_frac=0.018 hard=score=0.0572594477 wNMSE=0.00096843304 wMSE=73.7756 wMRED=0.03211968 wER=0.103543 wMAE=1.4715 wBias=-0.9442 condBias=4.2937 dotDrift=-7.035sigma uMRED=0.0066998177 uER=0.148438 uMAE=5.2500 WCE=128 bias=-4.6250
[pop00] done (conf=0.53, noise=0.5); global best score=0.0013734682 wNMSE=8.8383708e-05 wMSE=6.7331 wMRED=0.01606106 wER=0.082765 wMAE=0.6240 wBias=-0.0689 condBias=1.2965 dotDrift=-1.700sigma uMRED=0.0016576735 uER=0.117188 uMAE=1.0625 WCE=16 bias=-0.1250
[pop01_soft:00000] loss=0.460120 tau=1.50 collapse_w=0.000 mid_frac=0.357 hard=score=0.8830063477 wNMSE=0.032987473 wMSE=2512.9974 wMRED=1.27966604 wER=0.249598 wMAE=23.1813 wBias=-3.9065 condBias=25.0464 dotDrift=-4.987sigma uMRED=0.0502820642 uER=0.250000 uMAE=24.5312 WCE=193 bias=7.5625
[pop01_soft:00200] loss=0.367482 tau=2.25 collapse_w=0.000 mid_frac=0.268 hard=score=1.9322257047 wNMSE=0.03122688 wMSE=2378.8749 wMRED=1.26341648 wER=0.249598 wMAE=22.3956 wBias=-5.9028 condBias=24.3689 dotDrift=-7.746sigma uMRED=0.0444842829 uER=0.250000 uMAE=19.5000 WCE=164 bias=-6.3750
[pop01_soft:00400] loss=0.271255 tau=3.00 collapse_w=0.000 mid_frac=0.250 hard=score=2.4253808939 wNMSE=0.031158592 wMSE=2373.6727 wMRED=1.26818607 wER=0.249598 wMAE=22.3494 wBias=-6.6340 condBias=24.3421 dotDrift=-8.715sigma uMRED=0.0455115900 uER=0.250000 uMAE=20.6250 WCE=164 bias=-14.7500
[pop01_soft:00600] loss=0.201844 tau=3.75 collapse_w=0.000 mid_frac=0.250 hard=score=2.6784455356 wNMSE=0.030445621 wMSE=2319.3583 wMRED=1.25947125 wER=0.249598 wMAE=22.1158 wBias=-6.9822 condBias=24.0619 dotDrift=-9.279sigma uMRED=0.0470682094 uER=0.250000 uMAE=22.4375 WCE=148 bias=-16.8750
[pop01_soft:00800] loss=0.129571 tau=4.50 collapse_w=0.084 mid_frac=0.196 hard=score=0.5219358345 wNMSE=0.0067891869 wMSE=517.2027 wMRED=0.07066478 wER=0.124814 wMAE=4.8108 wBias=-3.0533 condBias=11.3653 dotDrift=-8.593sigma uMRED=0.0218415445 uER=0.222656 uMAE=17.3750 WCE=164 bias=-15.0000
[pop01_soft:01000] loss=0.074262 tau=5.25 collapse_w=0.293 mid_frac=0.161 hard=score=0.5219358345 wNMSE=0.0067891869 wMSE=517.2027 wMRED=0.07066478 wER=0.124814 wMAE=4.8108 wBias=-3.0533 condBias=11.3653 dotDrift=-8.593sigma uMRED=0.0218415445 uER=0.222656 uMAE=17.3750 WCE=164 bias=-15.0000
[pop01_soft:01199] loss=0.056001 tau=6.00 collapse_w=0.500 mid_frac=0.161 hard=score=0.5219358345 wNMSE=0.0067891869 wMSE=517.2027 wMRED=0.07066478 wER=0.124814 wMAE=4.8108 wBias=-3.0533 condBias=11.3653 dotDrift=-8.593sigma uMRED=0.0218415445 uER=0.222656 uMAE=17.3750 WCE=164 bias=-15.0000
[pop01_hard:00000] loss=0.535623 tau=6.00 collapse_w=0.500 mid_frac=0.161 hard=score=0.5219358345 wNMSE=0.0067891869 wMSE=517.2027 wMRED=0.07066478 wER=0.124814 wMAE=4.8108 wBias=-3.0533 condBias=11.3653 dotDrift=-8.593sigma uMRED=0.0218415445 uER=0.222656 uMAE=17.3750 WCE=164 bias=-15.0000
[pop01_hard:00200] loss=0.532261 tau=6.00 collapse_w=0.500 mid_frac=0.161 hard=score=0.5219358345 wNMSE=0.0067891869 wMSE=517.2027 wMRED=0.07066478 wER=0.124814 wMAE=4.8108 wBias=-3.0533 condBias=11.3653 dotDrift=-8.593sigma uMRED=0.0218415445 uER=0.222656 uMAE=17.3750 WCE=164 bias=-15.0000
[pop01_hard:00400] loss=0.530412 tau=6.00 collapse_w=0.500 mid_frac=0.161 hard=score=0.5219358345 wNMSE=0.0067891869 wMSE=517.2027 wMRED=0.07066478 wER=0.124814 wMAE=4.8108 wBias=-3.0533 condBias=11.3653 dotDrift=-8.593sigma uMRED=0.0218415445 uER=0.222656 uMAE=17.3750 WCE=164 bias=-15.0000
[pop01_hard:00599] loss=0.530373 tau=6.00 collapse_w=0.500 mid_frac=0.143 hard=score=0.5219358345 wNMSE=0.0067891869 wMSE=517.2027 wMRED=0.07066478 wER=0.124814 wMAE=4.8108 wBias=-3.0533 condBias=11.3653 dotDrift=-8.593sigma uMRED=0.0218415445 uER=0.222656 uMAE=17.3750 WCE=164 bias=-15.0000
[pop01] done (conf=0.51, noise=1.0); global best score=0.0013734682 wNMSE=8.8383708e-05 wMSE=6.7331 wMRED=0.01606106 wER=0.082765 wMAE=0.6240 wBias=-0.0689 condBias=1.2965 dotDrift=-1.700sigma uMRED=0.0016576735 uER=0.117188 uMAE=1.0625 WCE=16 bias=-0.1250
[pop02_soft:00000] loss=0.410336 tau=1.50 collapse_w=0.000 mid_frac=0.375 hard=score=0.0986246978 wNMSE=0.056873438 wMSE=4332.6388 wMRED=1.80961017 wER=0.248817 wMAE=31.6477 wBias=-0.2227 condBias=32.8851 dotDrift=-0.217sigma uMRED=0.0531827360 uER=0.234375 uMAE=19.0000 WCE=159 bias=-2.6250
[pop02_soft:00200] loss=0.272419 tau=2.25 collapse_w=0.000 mid_frac=0.286 hard=score=0.1815647234 wNMSE=0.057081154 wMSE=4348.4627 wMRED=1.81365121 wER=0.246978 wMAE=31.5206 wBias=-1.2568 condBias=32.9451 dotDrift=-1.220sigma uMRED=0.0519451306 uER=0.222656 uMAE=17.8750 WCE=164 bias=-7.6250
[pop02_soft:00400] loss=0.137427 tau=3.00 collapse_w=0.000 mid_frac=0.179 hard=score=0.2326167152 wNMSE=0.010688683 wMSE=814.2677 wMRED=0.47085907 wER=0.175954 wMAE=9.9159 wBias=1.9630 condBias=14.2591 dotDrift=+4.403sigma uMRED=0.0285502419 uER=0.234375 uMAE=17.3125 WCE=148 bias=-12.8750
[pop02_soft:00600] loss=0.047158 tau=3.75 collapse_w=0.000 mid_frac=0.196 hard=score=0.9618818516 wNMSE=0.0063681298 wMSE=485.1264 wMRED=0.43080620 wER=0.151802 wMAE=7.4446 wBias=4.1894 condBias=11.0053 dotDrift=+12.173sigma uMRED=0.0205576916 uER=0.210938 uMAE=11.6875 WCE=128 bias=-7.3750
[pop02_soft:00800] loss=0.029173 tau=4.50 collapse_w=0.084 mid_frac=0.214 hard=score=1.6044428028 wNMSE=0.005202933 wMSE=396.3613 wMRED=0.41763612 wER=0.137228 wMAE=6.2229 wBias=5.4387 condBias=10.8867 dotDrift=+17.484sigma uMRED=0.0114980194 uER=0.148438 uMAE=3.7500 WCE=80 bias=0.8750
[pop02_soft:01000] loss=0.025875 tau=5.25 collapse_w=0.293 mid_frac=0.125 hard=score=1.6044428028 wNMSE=0.005202933 wMSE=396.3613 wMRED=0.41763612 wER=0.137228 wMAE=6.2229 wBias=5.4387 condBias=10.8867 dotDrift=+17.484sigma uMRED=0.0114980194 uER=0.148438 uMAE=3.7500 WCE=80 bias=0.8750
[pop02_soft:01199] loss=0.021262 tau=6.00 collapse_w=0.500 mid_frac=0.125 hard=score=1.6044428028 wNMSE=0.005202933 wMSE=396.3613 wMRED=0.41763612 wER=0.137228 wMAE=6.2229 wBias=5.4387 condBias=10.8867 dotDrift=+17.484sigma uMRED=0.0114980194 uER=0.148438 uMAE=3.7500 WCE=80 bias=0.8750
[pop02_hard:00000] loss=1.638201 tau=6.00 collapse_w=0.500 mid_frac=0.125 hard=score=1.6044428028 wNMSE=0.005202933 wMSE=396.3613 wMRED=0.41763612 wER=0.137228 wMAE=6.2229 wBias=5.4387 condBias=10.8867 dotDrift=+17.484sigma uMRED=0.0114980194 uER=0.148438 uMAE=3.7500 WCE=80 bias=0.8750
[pop02_hard:00200] loss=0.018437 tau=6.00 collapse_w=0.500 mid_frac=0.125 hard=score=0.0029569732 wNMSE=0.00010320946 wMSE=7.8625 wMRED=0.01625191 wER=0.083553 wMAE=0.6593 wBias=-0.1249 condBias=1.4010 dotDrift=-2.851sigma uMRED=0.0023560448 uER=0.132812 uMAE=1.7500 WCE=32 bias=-1.1250
[pop02_hard:00400] loss=0.016242 tau=6.00 collapse_w=0.500 mid_frac=0.125 hard=score=0.0029569732 wNMSE=0.00010320946 wMSE=7.8625 wMRED=0.01625191 wER=0.083553 wMAE=0.6593 wBias=-0.1249 condBias=1.4010 dotDrift=-2.851sigma uMRED=0.0023560448 uER=0.132812 uMAE=1.7500 WCE=32 bias=-1.1250
[pop02_hard:00599] loss=0.015010 tau=6.00 collapse_w=0.500 mid_frac=0.125 hard=score=0.0029569732 wNMSE=0.00010320946 wMSE=7.8625 wMRED=0.01625191 wER=0.083553 wMAE=0.6593 wBias=-0.1249 condBias=1.4010 dotDrift=-2.851sigma uMRED=0.0023560448 uER=0.132812 uMAE=1.7500 WCE=32 bias=-1.1250
[pop02] done (conf=0.53, noise=0.5); global best score=0.0013734682 wNMSE=8.8383708e-05 wMSE=6.7331 wMRED=0.01606106 wER=0.082765 wMAE=0.6240 wBias=-0.0689 condBias=1.2965 dotDrift=-1.700sigma uMRED=0.0016576735 uER=0.117188 uMAE=1.0625 WCE=16 bias=-0.1250
[pop03_soft:00000] loss=0.577682 tau=1.50 collapse_w=0.000 mid_frac=0.536 hard=score=15.9140661898 wNMSE=0.046459368 wMSE=3539.2912 wMRED=1.29042168 wER=0.249598 wMAE=26.0619 wBias=17.1526 condBias=34.3350 dotDrift=+18.452sigma uMRED=0.0473638106 uER=0.250000 uMAE=21.7969 WCE=208 bias=13.8125
[pop03_soft:00200] loss=0.427042 tau=2.25 collapse_w=0.000 mid_frac=0.429 hard=score=0.1068352067 wNMSE=0.061814151 wMSE=4709.0240 wMRED=1.95861759 wER=0.248542 wMAE=32.1574 wBias=-0.1710 condBias=34.2830 dotDrift=-0.159sigma uMRED=0.0536314103 uER=0.242188 uMAE=18.1641 WCE=189 bias=1.0000
[pop03_soft:00400] loss=0.284499 tau=3.00 collapse_w=0.000 mid_frac=0.464 hard=score=0.1066402425 wNMSE=0.061756043 wMSE=4704.5973 wMRED=1.95573030 wER=0.248124 wMAE=32.1430 wBias=-0.1685 condBias=34.2669 dotDrift=-0.157sigma uMRED=0.0535869720 uER=0.238281 uMAE=18.1562 WCE=188 bias=1.0000
[pop03_soft:00600] loss=0.210629 tau=3.75 collapse_w=0.000 mid_frac=0.464 hard=score=11.1388276572 wNMSE=0.036764164 wMSE=2800.7071 wMRED=1.15799042 wER=0.176772 wMAE=18.0467 wBias=-14.3447 condBias=28.7134 dotDrift=-17.348sigma uMRED=0.0370861050 uER=0.226562 uMAE=14.8438 WCE=180 bias=-2.3750
[pop03_soft:00800] loss=0.125823 tau=4.50 collapse_w=0.084 mid_frac=0.482 hard=score=0.5030325992 wNMSE=0.0045442961 wMSE=346.1861 wMRED=0.34968846 wER=0.176772 wMAE=6.7371 wBias=-3.0207 condBias=9.2957 dotDrift=-10.390sigma uMRED=0.0185127442 uER=0.226562 uMAE=10.7188 WCE=84 bias=1.8750
[pop03_soft:01000] loss=0.096372 tau=5.25 collapse_w=0.293 mid_frac=0.482 hard=score=0.5030325992 wNMSE=0.0045442961 wMSE=346.1861 wMRED=0.34968846 wER=0.176772 wMAE=6.7371 wBias=-3.0207 condBias=9.2957 dotDrift=-10.390sigma uMRED=0.0185127442 uER=0.226562 uMAE=10.7188 WCE=84 bias=1.8750
[pop03_soft:01199] loss=0.079941 tau=6.00 collapse_w=0.500 mid_frac=0.464 hard=score=0.5030325992 wNMSE=0.0045442961 wMSE=346.1861 wMRED=0.34968846 wER=0.176772 wMAE=6.7371 wBias=-3.0207 condBias=9.2957 dotDrift=-10.390sigma uMRED=0.0185127442 uER=0.226562 uMAE=10.7188 WCE=84 bias=1.8750
[pop03_hard:00000] loss=0.554235 tau=6.00 collapse_w=0.500 mid_frac=0.464 hard=score=0.5030325992 wNMSE=0.0045442961 wMSE=346.1861 wMRED=0.34968846 wER=0.176772 wMAE=6.7371 wBias=-3.0207 condBias=9.2957 dotDrift=-10.390sigma uMRED=0.0185127442 uER=0.226562 uMAE=10.7188 WCE=84 bias=1.8750
[pop03_hard:00200] loss=0.551525 tau=6.00 collapse_w=0.500 mid_frac=0.464 hard=score=0.5030325992 wNMSE=0.0045442961 wMSE=346.1861 wMRED=0.34968846 wER=0.176772 wMAE=6.7371 wBias=-3.0207 condBias=9.2957 dotDrift=-10.390sigma uMRED=0.0185127442 uER=0.226562 uMAE=10.7188 WCE=84 bias=1.8750
[pop03_hard:00400] loss=0.050054 tau=6.00 collapse_w=0.500 mid_frac=0.429 hard=score=0.0117748790 wNMSE=0.0023436114 wMSE=178.5372 wMRED=0.14899636 wER=0.166748 wMAE=3.9553 wBias=-0.2389 condBias=6.6756 dotDrift=-1.144sigma uMRED=0.0139417569 uER=0.218750 uMAE=9.7188 WCE=84 bias=2.8750
[pop03_hard:00599] loss=0.046132 tau=6.00 collapse_w=0.500 mid_frac=0.411 hard=score=0.0114208691 wNMSE=0.00269284 wMSE=205.1415 wMRED=0.15015421 wER=0.166748 wMAE=4.0998 wBias=-0.0943 condBias=7.1560 dotDrift=-0.421sigma uMRED=0.0150956598 uER=0.218750 uMAE=10.7188 WCE=112 bias=3.8750
[pop03] done (conf=0.51, noise=1.0); global best score=0.0013734682 wNMSE=8.8383708e-05 wMSE=6.7331 wMRED=0.01606106 wER=0.082765 wMAE=0.6240 wBias=-0.0689 condBias=1.2965 dotDrift=-1.700sigma uMRED=0.0016576735 uER=0.117188 uMAE=1.0625 WCE=16 bias=-0.1250
[pop04_soft:00000] loss=0.487371 tau=1.50 collapse_w=0.000 mid_frac=0.321 hard=score=9.4346483487 wNMSE=0.024223632 wMSE=1845.3649 wMRED=0.82205170 wER=0.249598 wMAE=18.8602 wBias=13.2078 condBias=26.4370 dotDrift=+19.677sigma uMRED=0.0443770998 uER=0.250000 uMAE=24.7031 WCE=185 bias=6.1875
[pop04_soft:00200] loss=0.222387 tau=2.25 collapse_w=0.000 mid_frac=0.375 hard=score=4.1728938990 wNMSE=0.0093003438 wMSE=708.5035 wMRED=0.38152937 wER=0.216412 wMAE=8.7808 wBias=-8.7808 condBias=17.5779 dotDrift=-21.113sigma uMRED=0.0267315039 uER=0.246094 uMAE=17.0000 WCE=164 bias=-17.0000
[pop04_soft:00400] loss=0.125406 tau=3.00 collapse_w=0.000 mid_frac=0.286 hard=score=1.6445244227 wNMSE=0.0067254446 wMSE=512.3468 wMRED=0.16030533 wER=0.194815 wMAE=5.5745 wBias=-5.4943 condBias=11.3117 dotDrift=-15.535sigma uMRED=0.0211275877 uER=0.242188 uMAE=15.4375 WCE=164 bias=-15.3750
[pop04_soft:00600] loss=0.063096 tau=3.75 collapse_w=0.000 mid_frac=0.232 hard=score=0.8800702822 wNMSE=0.0064460335 wMSE=491.0611 wMRED=0.07818962 wER=0.149604 wMAE=4.7501 wBias=-3.9985 condBias=11.0746 dotDrift=-11.548sigma uMRED=0.0195606610 uER=0.230469 uMAE=15.0625 WCE=164 bias=-14.6250
[pop04_soft:00800] loss=0.045236 tau=4.50 collapse_w=0.084 mid_frac=0.214 hard=score=0.5936305927 wNMSE=0.0048136502 wMSE=366.7056 wMRED=0.06706370 wER=0.130743 wMAE=4.0271 wBias=-3.2755 condBias=9.5701 dotDrift=-10.947sigma uMRED=0.0161016463 uER=0.222656 uMAE=12.3125 WCE=148 bias=-11.8750
[pop04_soft:01000] loss=0.037875 tau=5.25 collapse_w=0.293 mid_frac=0.143 hard=score=0.1337556858 wNMSE=0.0012742213 wMSE=97.0706 wMRED=0.03817829 wER=0.115802 wMAE=2.0247 wBias=-1.5181 condBias=4.9243 dotDrift=-9.861sigma uMRED=0.0113166546 uER=0.203125 uMAE=9.4375 WCE=128 bias=-9.1250
[pop04_soft:01199] loss=0.030876 tau=6.00 collapse_w=0.500 mid_frac=0.125 hard=score=0.1337556858 wNMSE=0.0012742213 wMSE=97.0706 wMRED=0.03817829 wER=0.115802 wMAE=2.0247 wBias=-1.5181 condBias=4.9243 dotDrift=-9.861sigma uMRED=0.0113166546 uER=0.203125 uMAE=9.4375 WCE=128 bias=-9.1250
[pop04_hard:00000] loss=0.150469 tau=6.00 collapse_w=0.500 mid_frac=0.125 hard=score=0.1337556858 wNMSE=0.0012742213 wMSE=97.0706 wMRED=0.03817829 wER=0.115802 wMAE=2.0247 wBias=-1.5181 condBias=4.9243 dotDrift=-9.861sigma uMRED=0.0113166546 uER=0.203125 uMAE=9.4375 WCE=128 bias=-9.1250
[pop04_hard:00200] loss=0.146145 tau=6.00 collapse_w=0.500 mid_frac=0.125 hard=score=0.1337556858 wNMSE=0.0012742213 wMSE=97.0706 wMRED=0.03817829 wER=0.115802 wMAE=2.0247 wBias=-1.5181 condBias=4.9243 dotDrift=-9.861sigma uMRED=0.0113166546 uER=0.203125 uMAE=9.4375 WCE=128 bias=-9.1250
[pop04_hard:00400] loss=0.144536 tau=6.00 collapse_w=0.500 mid_frac=0.125 hard=score=0.1337556858 wNMSE=0.0012742213 wMSE=97.0706 wMRED=0.03817829 wER=0.115802 wMAE=2.0247 wBias=-1.5181 condBias=4.9243 dotDrift=-9.861sigma uMRED=0.0113166546 uER=0.203125 uMAE=9.4375 WCE=128 bias=-9.1250
[pop04_hard:00599] loss=0.283666 tau=6.00 collapse_w=0.500 mid_frac=0.107 hard=score=0.2652594618 wNMSE=0.002497551 wMSE=190.2643 wMRED=0.20526209 wER=0.189445 wMAE=4.9370 wBias=2.1711 condBias=6.8923 dotDrift=+10.073sigma uMRED=0.0145589695 uER=0.218750 uMAE=10.0625 WCE=128 bias=-8.1250
[pop04] done (conf=0.53, noise=0.5); global best score=0.0013734682 wNMSE=8.8383708e-05 wMSE=6.7331 wMRED=0.01606106 wER=0.082765 wMAE=0.6240 wBias=-0.0689 condBias=1.2965 dotDrift=-1.700sigma uMRED=0.0016576735 uER=0.117188 uMAE=1.0625 WCE=16 bias=-0.1250
[pop05_soft:00000] loss=0.337309 tau=1.50 collapse_w=0.000 mid_frac=0.554 hard=score=1.3595240282 wNMSE=0.01752838 wMSE=1335.3183 wMRED=0.75158526 wER=0.249598 wMAE=16.6323 wBias=4.9563 condBias=18.2573 dotDrift=+8.680sigma uMRED=0.0386009815 uER=0.250000 uMAE=21.7188 WCE=182 bias=10.9375
[pop05_soft:00200] loss=0.182638 tau=2.25 collapse_w=0.000 mid_frac=0.429 hard=score=1.0024843297 wNMSE=0.010792228 wMSE=822.1558 wMRED=0.39011009 wER=0.249598 wMAE=9.8180 wBias=-4.2615 condBias=14.3267 dotDrift=-9.512sigma uMRED=0.0296740773 uER=0.250000 uMAE=19.0000 WCE=146 bias=-0.9375
[pop05_soft:00400] loss=0.113145 tau=3.00 collapse_w=0.000 mid_frac=0.464 hard=score=0.9293595389 wNMSE=0.010770704 wMSE=820.5161 wMRED=0.39496258 wER=0.194815 wMAE=9.6962 wBias=-4.0988 condBias=14.3125 dotDrift=-9.158sigma uMRED=0.0272289361 uER=0.242188 uMAE=16.5000 WCE=148 bias=3.1250
[pop05_soft:00600] loss=0.060858 tau=3.75 collapse_w=0.000 mid_frac=0.464 hard=score=0.2727858379 wNMSE=0.0090823733 wMSE=691.8984 wMRED=0.26495003 wER=0.178490 wMAE=7.8675 wBias=-2.1564 condBias=13.1432 dotDrift=-5.247sigma uMRED=0.0243952827 uER=0.238281 uMAE=16.0000 WCE=144 bias=4.2500
[pop05_soft:00800] loss=0.044329 tau=4.50 collapse_w=0.084 mid_frac=0.464 hard=score=1.4727895206 wNMSE=0.0051744393 wMSE=394.1906 wMRED=0.23543409 wER=0.178171 wMAE=5.6480 wBias=-5.2021 condBias=10.4152 dotDrift=-16.769sigma uMRED=0.0162401962 uER=0.234375 uMAE=10.0000 WCE=144 bias=-3.2500
[pop05_soft:01000] loss=0.045372 tau=5.25 collapse_w=0.293 mid_frac=0.446 hard=score=1.4727895206 wNMSE=0.0051744393 wMSE=394.1906 wMRED=0.23543409 wER=0.178171 wMAE=5.6480 wBias=-5.2021 condBias=10.4152 dotDrift=-16.769sigma uMRED=0.0162401962 uER=0.234375 uMAE=10.0000 WCE=144 bias=-3.2500
[pop05_soft:01199] loss=0.043748 tau=6.00 collapse_w=0.500 mid_frac=0.411 hard=score=1.4727895206 wNMSE=0.0051744393 wMSE=394.1906 wMRED=0.23543409 wER=0.178171 wMAE=5.6480 wBias=-5.2021 condBias=10.4152 dotDrift=-16.769sigma uMRED=0.0162401962 uER=0.234375 uMAE=10.0000 WCE=144 bias=-3.2500
[pop05_hard:00000] loss=1.511113 tau=6.00 collapse_w=0.500 mid_frac=0.411 hard=score=1.4727895206 wNMSE=0.0051744393 wMSE=394.1906 wMRED=0.23543409 wER=0.178171 wMAE=5.6480 wBias=-5.2021 condBias=10.4152 dotDrift=-16.769sigma uMRED=0.0162401962 uER=0.234375 uMAE=10.0000 WCE=144 bias=-3.2500
[pop05_hard:00200] loss=1.506685 tau=6.00 collapse_w=0.500 mid_frac=0.393 hard=score=1.4727895206 wNMSE=0.0051744393 wMSE=394.1906 wMRED=0.23543409 wER=0.178171 wMAE=5.6480 wBias=-5.2021 condBias=10.4152 dotDrift=-16.769sigma uMRED=0.0162401962 uER=0.234375 uMAE=10.0000 WCE=144 bias=-3.2500
[pop05_hard:00400] loss=1.505510 tau=6.00 collapse_w=0.500 mid_frac=0.393 hard=score=1.4727895206 wNMSE=0.0051744393 wMSE=394.1906 wMRED=0.23543409 wER=0.178171 wMAE=5.6480 wBias=-5.2021 condBias=10.4152 dotDrift=-16.769sigma uMRED=0.0162401962 uER=0.234375 uMAE=10.0000 WCE=144 bias=-3.2500
[pop05_hard:00599] loss=0.058521 tau=6.00 collapse_w=0.500 mid_frac=0.393 hard=score=0.0248115456 wNMSE=0.0059087447 wMSE=450.1303 wMRED=0.26319331 wER=0.178171 wMAE=6.5220 wBias=0.3616 condBias=10.6020 dotDrift=+1.091sigma uMRED=0.0175488746 uER=0.234375 uMAE=10.5000 WCE=144 bias=-1.2500
[pop05] done (conf=0.51, noise=1.0); global best score=0.0013734682 wNMSE=8.8383708e-05 wMSE=6.7331 wMRED=0.01606106 wER=0.082765 wMAE=0.6240 wBias=-0.0689 condBias=1.2965 dotDrift=-1.700sigma uMRED=0.0016576735 uER=0.117188 uMAE=1.0625 WCE=16 bias=-0.1250
[pop06_soft:00000] loss=0.448476 tau=1.50 collapse_w=0.000 mid_frac=0.357 hard=score=2.0202014314 wNMSE=0.054134498 wMSE=4123.9854 wMRED=1.76333985 wER=0.249598 wMAE=31.2340 wBias=5.9874 condBias=32.0821 dotDrift=+5.967sigma uMRED=0.0507206580 uER=0.250000 uMAE=17.8906 WCE=150 bias=1.0000
[pop06_soft:00200] loss=0.275776 tau=2.25 collapse_w=0.000 mid_frac=0.357 hard=score=16.5107980227 wNMSE=0.035304318 wMSE=2689.4955 wMRED=1.09410609 wER=0.193341 wMAE=17.9567 wBias=-17.4832 condBias=34.9973 dotDrift=-21.576sigma uMRED=0.0373848070 uER=0.230469 uMAE=15.5078 WCE=168 bias=-11.3125
[pop06_soft:00400] loss=0.179194 tau=3.00 collapse_w=0.000 mid_frac=0.339 hard=score=9.6889670133 wNMSE=0.020417378 wMSE=1555.4032 wMRED=0.84565049 wER=0.192558 wMAE=13.8672 wBias=-13.3920 condBias=26.8076 dotDrift=-21.732sigma uMRED=0.0291301019 uER=0.226562 uMAE=12.3125 WCE=128 bias=-8.1250
[pop06_soft:00600] loss=0.064859 tau=3.75 collapse_w=0.000 mid_frac=0.268 hard=score=3.3679264362 wNMSE=0.0064636506 wMSE=492.4032 wMRED=0.43772667 wER=0.173698 wMAE=7.9939 wBias=-7.8927 condBias=15.7999 dotDrift=-22.764sigma uMRED=0.0185729981 uER=0.218750 uMAE=9.1875 WCE=100 bias=-7.3750
[pop06_soft:00800] loss=0.031940 tau=4.50 collapse_w=0.084 mid_frac=0.214 hard=score=0.9813039527 wNMSE=0.0058024957 wMSE=442.0362 wMRED=0.44096831 wER=0.173698 wMAE=7.5083 wBias=4.2405 condBias=10.5046 dotDrift=+12.908sigma uMRED=0.0167562095 uER=0.218750 uMAE=7.8125 WCE=80 bias=-1.5000
[pop06_soft:01000] loss=0.030932 tau=5.25 collapse_w=0.293 mid_frac=0.196 hard=score=0.9813039527 wNMSE=0.0058024957 wMSE=442.0362 wMRED=0.44096831 wER=0.173698 wMAE=7.5083 wBias=4.2405 condBias=10.5046 dotDrift=+12.908sigma uMRED=0.0167562095 uER=0.218750 uMAE=7.8125 WCE=80 bias=-1.5000
[pop06_soft:01199] loss=0.027553 tau=6.00 collapse_w=0.500 mid_frac=0.161 hard=score=0.7619532062 wNMSE=0.0065450802 wMSE=498.6065 wMRED=0.44775301 wER=0.173698 wMAE=8.0226 wBias=3.7262 condBias=11.1568 dotDrift=+10.680sigma uMRED=0.0182513556 uER=0.218750 uMAE=8.8125 WCE=80 bias=-2.5000
[pop06_hard:00000] loss=0.802280 tau=6.00 collapse_w=0.500 mid_frac=0.161 hard=score=0.7619532062 wNMSE=0.0065450802 wMSE=498.6065 wMRED=0.44775301 wER=0.173698 wMAE=8.0226 wBias=3.7262 condBias=11.1568 dotDrift=+10.680sigma uMRED=0.0182513556 uER=0.218750 uMAE=8.8125 WCE=80 bias=-2.5000
[pop06_hard:00200] loss=2.999323 tau=6.00 collapse_w=0.500 mid_frac=0.161 hard=score=0.7619532062 wNMSE=0.0065450802 wMSE=498.6065 wMRED=0.44775301 wER=0.173698 wMAE=8.0226 wBias=3.7262 condBias=11.1568 dotDrift=+10.680sigma uMRED=0.0182513556 uER=0.218750 uMAE=8.8125 WCE=80 bias=-2.5000
[pop06_hard:00400] loss=2.997767 tau=6.00 collapse_w=0.500 mid_frac=0.161 hard=score=0.7619532062 wNMSE=0.0065450802 wMSE=498.6065 wMRED=0.44775301 wER=0.173698 wMAE=8.0226 wBias=3.7262 condBias=11.1568 dotDrift=+10.680sigma uMRED=0.0182513556 uER=0.218750 uMAE=8.8125 WCE=80 bias=-2.5000
[pop06_hard:00599] loss=2.996695 tau=6.00 collapse_w=0.500 mid_frac=0.161 hard=score=0.7619532062 wNMSE=0.0065450802 wMSE=498.6065 wMRED=0.44775301 wER=0.173698 wMAE=8.0226 wBias=3.7262 condBias=11.1568 dotDrift=+10.680sigma uMRED=0.0182513556 uER=0.218750 uMAE=8.8125 WCE=80 bias=-2.5000
[pop06] done (conf=0.53, noise=0.5); global best score=0.0013734682 wNMSE=8.8383708e-05 wMSE=6.7331 wMRED=0.01606106 wER=0.082765 wMAE=0.6240 wBias=-0.0689 condBias=1.2965 dotDrift=-1.700sigma uMRED=0.0016576735 uER=0.117188 uMAE=1.0625 WCE=16 bias=-0.1250
[pop07_soft:00000] loss=0.448206 tau=1.50 collapse_w=0.000 mid_frac=0.304 hard=score=0.5786368309 wNMSE=0.033092799 wMSE=2521.0212 wMRED=1.38619228 wER=0.249339 wMAE=23.3690 wBias=-3.1064 condBias=25.0847 dotDrift=-3.960sigma uMRED=0.0414490808 uER=0.246094 uMAE=15.1797 WCE=150 bias=2.1875
[pop07_soft:00200] loss=0.283506 tau=2.25 collapse_w=0.000 mid_frac=0.339 hard=score=11.9248221479 wNMSE=0.037970299 wMSE=2892.5909 wMRED=1.20128639 wER=0.235770 wMAE=18.8825 wBias=-14.8438 condBias=29.7130 dotDrift=-17.664sigma uMRED=0.0389096638 uER=0.238281 uMAE=15.7812 WCE=184 bias=-6.8125
[pop07_soft:00400] loss=0.112245 tau=3.00 collapse_w=0.000 mid_frac=0.339 hard=score=0.0577786362 wNMSE=0.0026487688 wMSE=201.7841 wMRED=0.13367570 wER=0.156469 wMAE=3.9787 wBias=-0.9385 condBias=7.0975 dotDrift=-4.228sigma uMRED=0.0143934433 uER=0.199219 uMAE=10.1875 WCE=104 bias=-1.3750
[pop07_soft:00600] loss=0.044284 tau=3.75 collapse_w=0.000 mid_frac=0.304 hard=score=0.0240569936 wNMSE=0.0018739836 wMSE=142.7607 wMRED=0.05354609 wER=0.128362 wMAE=2.9436 wBias=-0.5254 condBias=5.9701 dotDrift=-2.814sigma uMRED=0.0115427588 uER=0.203125 uMAE=8.8125 WCE=104 bias=-5.5000
[pop07_soft:00800] loss=0.032664 tau=4.50 collapse_w=0.084 mid_frac=0.321 hard=score=0.0081507146 wNMSE=0.0011758514 wMSE=89.5768 wMRED=0.04676139 wER=0.128362 wMAE=2.4293 wBias=-0.0111 condBias=4.7286 dotDrift=-0.075sigma uMRED=0.0100476127 uER=0.203125 uMAE=7.8125 WCE=104 bias=-4.5000
[pop07_soft:01000] loss=0.030775 tau=5.25 collapse_w=0.293 mid_frac=0.268 hard=score=0.0081507146 wNMSE=0.0011758514 wMSE=89.5768 wMRED=0.04676139 wER=0.128362 wMAE=2.4293 wBias=-0.0111 condBias=4.7286 dotDrift=-0.075sigma uMRED=0.0100476127 uER=0.203125 uMAE=7.8125 WCE=104 bias=-4.5000
[pop07_soft:01199] loss=0.027548 tau=6.00 collapse_w=0.500 mid_frac=0.250 hard=score=0.0081507146 wNMSE=0.0011758514 wMSE=89.5768 wMRED=0.04676139 wER=0.128362 wMAE=2.4293 wBias=-0.0111 condBias=4.7286 dotDrift=-0.075sigma uMRED=0.0100476127 uER=0.203125 uMAE=7.8125 WCE=104 bias=-4.5000
[pop07_hard:00000] loss=0.027788 tau=6.00 collapse_w=0.500 mid_frac=0.250 hard=score=0.0081507146 wNMSE=0.0011758514 wMSE=89.5768 wMRED=0.04676139 wER=0.128362 wMAE=2.4293 wBias=-0.0111 condBias=4.7286 dotDrift=-0.075sigma uMRED=0.0100476127 uER=0.203125 uMAE=7.8125 WCE=104 bias=-4.5000
[pop07_hard:00200] loss=0.024824 tau=6.00 collapse_w=0.500 mid_frac=0.250 hard=score=0.0081507146 wNMSE=0.0011758514 wMSE=89.5768 wMRED=0.04676139 wER=0.128362 wMAE=2.4293 wBias=-0.0111 condBias=4.7286 dotDrift=-0.075sigma uMRED=0.0100476127 uER=0.203125 uMAE=7.8125 WCE=104 bias=-4.5000
[pop07_hard:00400] loss=0.023159 tau=6.00 collapse_w=0.500 mid_frac=0.250 hard=score=0.0081507146 wNMSE=0.0011758514 wMSE=89.5768 wMRED=0.04676139 wER=0.128362 wMAE=2.4293 wBias=-0.0111 condBias=4.7286 dotDrift=-0.075sigma uMRED=0.0100476127 uER=0.203125 uMAE=7.8125 WCE=104 bias=-4.5000
[pop07_hard:00599] loss=0.022150 tau=6.00 collapse_w=0.500 mid_frac=0.250 hard=score=0.0081507146 wNMSE=0.0011758514 wMSE=89.5768 wMRED=0.04676139 wER=0.128362 wMAE=2.4293 wBias=-0.0111 condBias=4.7286 dotDrift=-0.075sigma uMRED=0.0100476127 uER=0.203125 uMAE=7.8125 WCE=104 bias=-4.5000
[pop07] done (conf=0.51, noise=1.0); global best score=0.0013734682 wNMSE=8.8383708e-05 wMSE=6.7331 wMRED=0.01606106 wER=0.082765 wMAE=0.6240 wBias=-0.0689 condBias=1.2965 dotDrift=-1.700sigma uMRED=0.0016576735 uER=0.117188 uMAE=1.0625 WCE=16 bias=-0.1250
[pop08_soft:00000] loss=0.371411 tau=1.50 collapse_w=0.000 mid_frac=0.321 hard=score=4.6662056857 wNMSE=0.0067855237 wMSE=516.9236 wMRED=0.46699642 wER=0.244552 wMAE=9.5050 wBias=9.2903 condBias=18.5957 dotDrift=+26.151sigma uMRED=0.0221467858 uER=0.226562 uMAE=12.1328 WCE=192 bias=9.3125
[pop08_soft:00200] loss=0.170039 tau=2.25 collapse_w=0.000 mid_frac=0.268 hard=score=0.0240597609 wNMSE=0.0075813218 wMSE=577.5478 wMRED=0.30855347 wER=0.175561 wMAE=7.7616 wBias=0.2617 condBias=12.0096 dotDrift=+0.697sigma uMRED=0.0217631065 uER=0.226562 uMAE=13.3203 WCE=145 bias=-9.8125
[pop08_soft:00400] loss=0.064337 tau=3.00 collapse_w=0.000 mid_frac=0.250 hard=score=0.0372539100 wNMSE=0.0083469603 wMSE=635.8744 wMRED=0.36888451 wER=0.175954 wMAE=8.4373 wBias=0.5373 condBias=12.6012 dotDrift=+1.364sigma uMRED=0.0252803818 uER=0.234375 uMAE=15.8750 WCE=148 bias=-12.5000
[pop08_soft:00600] loss=0.034955 tau=3.75 collapse_w=0.000 mid_frac=0.196 hard=score=0.8486364153 wNMSE=0.0065625621 wMSE=499.9383 wMRED=0.44129202 wER=0.156253 wMAE=7.8784 wBias=3.9364 condBias=11.1718 dotDrift=+11.267sigma uMRED=0.0162249134 uER=0.187500 uMAE=6.8750 WCE=80 bias=-1.7500
[pop08_soft:00800] loss=0.026835 tau=4.50 collapse_w=0.084 mid_frac=0.196 hard=score=0.0181313319 wNMSE=0.00096069593 wMSE=73.1862 wMRED=0.03423445 wER=0.098668 wMAE=1.9244 wBias=0.4869 condBias=4.2747 dotDrift=+3.643sigma uMRED=0.0053984968 uER=0.144531 uMAE=3.5625 WCE=64 bias=1.1250
[pop08_soft:01000] loss=0.025455 tau=5.25 collapse_w=0.293 mid_frac=0.107 hard=score=0.0117874779 wNMSE=0.0010312554 wMSE=78.5614 wMRED=0.03539230 wER=0.101944 wMAE=2.0690 wBias=0.3424 condBias=4.4289 dotDrift=+2.472sigma uMRED=0.0065523997 uER=0.164062 uMAE=4.5625 WCE=64 bias=0.1250
[pop08_soft:01199] loss=0.021553 tau=6.00 collapse_w=0.500 mid_frac=0.125 hard=score=0.0117874779 wNMSE=0.0010312554 wMSE=78.5614 wMRED=0.03539230 wER=0.101944 wMAE=2.0690 wBias=0.3424 condBias=4.4289 dotDrift=+2.472sigma uMRED=0.0065523997 uER=0.164062 uMAE=4.5625 WCE=64 bias=0.1250
[pop08_hard:00000] loss=0.028273 tau=6.00 collapse_w=0.500 mid_frac=0.125 hard=score=0.0117874779 wNMSE=0.0010312554 wMSE=78.5614 wMRED=0.03539230 wER=0.101944 wMAE=2.0690 wBias=0.3424 condBias=4.4289 dotDrift=+2.472sigma uMRED=0.0065523997 uER=0.164062 uMAE=4.5625 WCE=64 bias=0.1250
[pop08_hard:00200] loss=0.179673 tau=6.00 collapse_w=0.500 mid_frac=0.089 hard=score=0.1652144725 wNMSE=0.0013689974 wMSE=104.2907 wMRED=0.03850198 wER=0.101944 wMAE=2.2700 wBias=-1.7149 condBias=5.1034 dotDrift=-10.747sigma uMRED=0.0069837457 uER=0.164062 uMAE=4.8125 WCE=80 bias=-3.8750
[pop08_hard:00400] loss=0.176802 tau=6.00 collapse_w=0.500 mid_frac=0.089 hard=score=0.1652144725 wNMSE=0.0013689974 wMSE=104.2907 wMRED=0.03850198 wER=0.101944 wMAE=2.2700 wBias=-1.7149 condBias=5.1034 dotDrift=-10.747sigma uMRED=0.0069837457 uER=0.164062 uMAE=4.8125 WCE=80 bias=-3.8750
[pop08_hard:00599] loss=0.080849 tau=6.00 collapse_w=0.500 mid_frac=0.071 hard=score=0.0708109874 wNMSE=0.0012299401 wMSE=93.6973 wMRED=0.03437065 wER=0.094820 wMAE=1.9389 wBias=-1.0911 condBias=4.8375 dotDrift=-7.214sigma uMRED=0.0059699764 uER=0.148438 uMAE=4.1250 WCE=80 bias=-2.8750
[pop08] done (conf=0.53, noise=0.5); global best score=0.0013734682 wNMSE=8.8383708e-05 wMSE=6.7331 wMRED=0.01606106 wER=0.082765 wMAE=0.6240 wBias=-0.0689 condBias=1.2965 dotDrift=-1.700sigma uMRED=0.0016576735 uER=0.117188 uMAE=1.0625 WCE=16 bias=-0.1250
[pop09_soft:00000] loss=0.478008 tau=1.50 collapse_w=0.000 mid_frac=0.375 hard=score=15.8089145165 wNMSE=0.038726996 wMSE=2950.2364 wMRED=1.09942365 wER=0.249204 wMAE=22.0362 wBias=17.1036 condBias=34.2373 dotDrift=+20.153sigma uMRED=0.0377938381 uER=0.242188 uMAE=16.8594 WCE=156 bias=0.4375
[pop09_soft:00200] loss=0.223949 tau=2.25 collapse_w=0.000 mid_frac=0.321 hard=score=4.5418730114 wNMSE=0.01009898 wMSE=769.3439 wMRED=0.44717453 wER=0.249598 wMAE=9.6002 wBias=-9.1619 condBias=18.3407 dotDrift=-21.140sigma uMRED=0.0295671173 uER=0.250000 uMAE=18.7500 WCE=161 bias=-18.6875
[pop09_soft:00400] loss=0.143580 tau=3.00 collapse_w=0.000 mid_frac=0.339 hard=score=4.3476716596 wNMSE=0.0089018712 wMSE=678.1477 wMRED=0.42160794 wER=0.194815 wMAE=8.9658 wBias=-8.9658 condBias=17.9475 dotDrift=-22.035sigma uMRED=0.0283449888 uER=0.242188 uMAE=18.1250 WCE=144 bias=-18.1250
[pop09_soft:00600] loss=0.080669 tau=3.75 collapse_w=0.000 mid_frac=0.375 hard=score=0.6010301104 wNMSE=0.0017839249 wMSE=135.9000 wMRED=0.15709663 wER=0.192355 wMAE=3.3282 wBias=-3.3113 condBias=6.6282 dotDrift=-18.179sigma uMRED=0.0139867510 uER=0.226562 uMAE=10.1406 WCE=136 bias=-9.8750
[pop09_soft:00800] loss=0.050320 tau=4.50 collapse_w=0.084 mid_frac=0.375 hard=score=0.5604388134 wNMSE=0.0017390024 wMSE=132.4778 wMRED=0.15117822 wER=0.174680 wMAE=3.2134 wBias=-3.1956 condBias=6.3966 dotDrift=-17.769sigma uMRED=0.0137472915 uER=0.218750 uMAE=10.0312 WCE=136 bias=-9.7500
[pop09_soft:01000] loss=0.043289 tau=5.25 collapse_w=0.293 mid_frac=0.321 hard=score=0.6081004725 wNMSE=0.0017618914 wMSE=134.2215 wMRED=0.15893620 wER=0.192355 wMAE=3.3490 wBias=-3.3312 condBias=6.6680 dotDrift=-18.402sigma uMRED=0.0140307451 uER=0.226562 uMAE=10.1562 WCE=136 bias=-9.8750
[pop09_soft:01199] loss=0.037921 tau=6.00 collapse_w=0.500 mid_frac=0.321 hard=score=0.6081004725 wNMSE=0.0017618914 wMSE=134.2215 wMRED=0.15893620 wER=0.192355 wMAE=3.3490 wBias=-3.3312 condBias=6.6680 dotDrift=-18.402sigma uMRED=0.0140307451 uER=0.226562 uMAE=10.1562 WCE=136 bias=-9.8750
[pop09_hard:00000] loss=0.636560 tau=6.00 collapse_w=0.500 mid_frac=0.321 hard=score=0.6081004725 wNMSE=0.0017618914 wMSE=134.2215 wMRED=0.15893620 wER=0.192355 wMAE=3.3490 wBias=-3.3312 condBias=6.6680 dotDrift=-18.402sigma uMRED=0.0140307451 uER=0.226562 uMAE=10.1562 WCE=136 bias=-9.8750
[pop09_hard:00200] loss=0.634091 tau=6.00 collapse_w=0.500 mid_frac=0.321 hard=score=0.6081004725 wNMSE=0.0017618914 wMSE=134.2215 wMRED=0.15893620 wER=0.192355 wMAE=3.3490 wBias=-3.3312 condBias=6.6680 dotDrift=-18.402sigma uMRED=0.0140307451 uER=0.226562 uMAE=10.1562 WCE=136 bias=-9.8750
[pop09_hard:00400] loss=0.078396 tau=6.00 collapse_w=0.500 mid_frac=0.286 hard=score=0.0511252311 wNMSE=0.0018013383 wMSE=137.2266 wMRED=0.21915072 wER=0.238031 wMAE=3.9792 wBias=-0.8628 condBias=5.8541 dotDrift=-4.714sigma uMRED=0.0139400985 uER=0.222656 uMAE=9.5625 WCE=136 bias=-8.3750
[pop09_hard:00599] loss=0.076478 tau=6.00 collapse_w=0.500 mid_frac=0.286 hard=score=0.0511252311 wNMSE=0.0018013383 wMSE=137.2266 wMRED=0.21915072 wER=0.238031 wMAE=3.9792 wBias=-0.8628 condBias=5.8541 dotDrift=-4.714sigma uMRED=0.0139400985 uER=0.222656 uMAE=9.5625 WCE=136 bias=-8.3750
[pop09] done (conf=0.51, noise=1.0); global best score=0.0013734682 wNMSE=8.8383708e-05 wMSE=6.7331 wMRED=0.01606106 wER=0.082765 wMAE=0.6240 wBias=-0.0689 condBias=1.2965 dotDrift=-1.700sigma uMRED=0.0016576735 uER=0.117188 uMAE=1.0625 WCE=16 bias=-0.1250
[pop10_soft:00000] loss=0.546322 tau=1.50 collapse_w=0.000 mid_frac=0.393 hard=score=3.8020205637 wNMSE=0.009720926 wMSE=740.5436 wMRED=0.53661296 wER=0.239395 wMAE=11.0749 wBias=8.3809 condBias=16.7762 dotDrift=+19.710sigma uMRED=0.0210596642 uER=0.238281 uMAE=10.3750 WCE=128 bias=1.8125
[pop10_soft:00200] loss=0.226371 tau=2.25 collapse_w=0.000 mid_frac=0.357 hard=score=0.5551972879 wNMSE=0.0022219273 wMSE=169.2672 wMRED=0.19681803 wER=0.249598 wMAE=4.4828 wBias=-3.1783 condBias=6.5018 dotDrift=-15.635sigma uMRED=0.0178663041 uER=0.250000 uMAE=13.2812 WCE=135 bias=-13.0000
[pop10_soft:00400] loss=0.126185 tau=3.00 collapse_w=0.000 mid_frac=0.321 hard=score=0.5772027055 wNMSE=0.0018822311 wMSE=143.3890 wMRED=0.13082529 wER=0.187691 wMAE=3.4083 wBias=-3.2447 condBias=6.4950 dotDrift=-17.342sigma uMRED=0.0165157978 uER=0.226562 uMAE=12.9375 WCE=128 bias=-12.7500
[pop10_soft:00600] loss=0.060901 tau=3.75 collapse_w=0.000 mid_frac=0.357 hard=score=0.5307942019 wNMSE=0.0018537034 wMSE=141.2158 wMRED=0.12306732 wER=0.171366 wMAE=3.2727 wBias=-3.1091 condBias=6.2236 dotDrift=-16.745sigma uMRED=0.0162323442 uER=0.222656 uMAE=12.8125 WCE=128 bias=-12.6250
[pop10_soft:00800] loss=0.035390 tau=4.50 collapse_w=0.084 mid_frac=0.286 hard=score=0.3706943946 wNMSE=0.001666182 wMSE=126.9303 wMRED=0.11351135 wER=0.142481 wMAE=2.8806 wBias=-2.5878 condBias=5.6308 dotDrift=-14.700sigma uMRED=0.0148673485 uER=0.207031 uMAE=11.8125 WCE=128 bias=-11.5000
[pop10_soft:01000] loss=0.032984 tau=5.25 collapse_w=0.293 mid_frac=0.232 hard=score=0.2556276792 wNMSE=0.00084976405 wMSE=64.7353 wMRED=0.11612316 wER=0.156550 wMAE=2.4651 wBias=-2.1446 condBias=4.2928 dotDrift=-17.059sigma uMRED=0.0107809823 uER=0.195312 uMAE=8.1250 WCE=112 bias=-7.5000
[pop10_soft:01199] loss=0.030753 tau=6.00 collapse_w=0.500 mid_frac=0.214 hard=score=0.2556276792 wNMSE=0.00084976405 wMSE=64.7353 wMRED=0.11612316 wER=0.156550 wMAE=2.4651 wBias=-2.1446 condBias=4.2928 dotDrift=-17.059sigma uMRED=0.0107809823 uER=0.195312 uMAE=8.1250 WCE=112 bias=-7.5000
[pop10_hard:00000] loss=0.281401 tau=6.00 collapse_w=0.500 mid_frac=0.214 hard=score=0.2556276792 wNMSE=0.00084976405 wMSE=64.7353 wMRED=0.11612316 wER=0.156550 wMAE=2.4651 wBias=-2.1446 condBias=4.2928 dotDrift=-17.059sigma uMRED=0.0107809823 uER=0.195312 uMAE=8.1250 WCE=112 bias=-7.5000
[pop10_hard:00200] loss=0.278966 tau=6.00 collapse_w=0.500 mid_frac=0.214 hard=score=0.2556276792 wNMSE=0.00084976405 wMSE=64.7353 wMRED=0.11612316 wER=0.156550 wMAE=2.4651 wBias=-2.1446 condBias=4.2928 dotDrift=-17.059sigma uMRED=0.0107809823 uER=0.195312 uMAE=8.1250 WCE=112 bias=-7.5000
[pop10_hard:00400] loss=0.172893 tau=6.00 collapse_w=0.500 mid_frac=0.214 hard=score=0.1510155230 wNMSE=0.00075531005 wMSE=57.5398 wMRED=0.11275293 wER=0.152897 wMAE=2.2402 wBias=-1.6303 condBias=3.7898 dotDrift=-13.755sigma uMRED=0.0102625490 uER=0.191406 uMAE=7.8125 WCE=112 bias=-6.5000
[pop10_hard:00599] loss=0.109706 tau=6.00 collapse_w=0.500 mid_frac=0.196 hard=score=0.0892791225 wNMSE=0.00079544929 wMSE=60.5976 wMRED=0.11498743 wER=0.153936 wMAE=2.3528 wBias=-1.2285 condBias=3.8892 dotDrift=-10.101sigma uMRED=0.0098562191 uER=0.179688 uMAE=7.3125 WCE=112 bias=-5.0000
[pop10] done (conf=0.53, noise=0.5); global best score=0.0013734682 wNMSE=8.8383708e-05 wMSE=6.7331 wMRED=0.01606106 wER=0.082765 wMAE=0.6240 wBias=-0.0689 condBias=1.2965 dotDrift=-1.700sigma uMRED=0.0016576735 uER=0.117188 uMAE=1.0625 WCE=16 bias=-0.1250
[pop11_soft:00000] loss=0.511492 tau=1.50 collapse_w=0.000 mid_frac=0.393 hard=score=0.0982413241 wNMSE=0.058088882 wMSE=4425.2317 wMRED=1.78843202 wER=0.249598 wMAE=32.4128 wBias=0.0227 condBias=33.2340 dotDrift=+0.022sigma uMRED=0.0596031001 uER=0.250000 uMAE=24.7812 WCE=166 bias=1.0000
[pop11_soft:00200] loss=0.352858 tau=2.25 collapse_w=0.000 mid_frac=0.339 hard=score=10.2618774814 wNMSE=0.032093303 wMSE=2444.8792 wMRED=1.12666015 wER=0.241166 wMAE=18.3348 wBias=-13.7705 condBias=27.5676 dotDrift=-17.824sigma uMRED=0.0402778618 uER=0.242188 uMAE=18.5156 WCE=160 bias=-8.1875
[pop11_soft:00400] loss=0.166553 tau=3.00 collapse_w=0.000 mid_frac=0.393 hard=score=3.9877093247 wNMSE=0.010385225 wMSE=791.1501 wMRED=0.61387044 wER=0.167497 wMAE=9.3591 wBias=-8.5843 condBias=17.1828 dotDrift=-19.532sigma uMRED=0.0211377560 uER=0.203125 uMAE=9.4062 WCE=112 bias=-6.7500
[pop11_soft:00600] loss=0.088755 tau=3.75 collapse_w=0.000 mid_frac=0.375 hard=score=4.9150337091 wNMSE=0.01114865 wMSE=849.3081 wMRED=0.62262726 wER=0.172212 wMAE=9.8758 wBias=-9.5333 condBias=19.0828 dotDrift=-20.936sigma uMRED=0.0228203576 uER=0.214844 uMAE=10.5938 WCE=128 bias=-8.6250
[pop11_soft:00800] loss=0.063772 tau=4.50 collapse_w=0.084 mid_frac=0.339 hard=score=0.0403848523 wNMSE=0.0058444203 wMSE=445.2300 wMRED=0.26864916 wER=0.194451 wMAE=6.8070 wBias=-0.6600 condBias=10.5447 dotDrift=-2.002sigma uMRED=0.0199693980 uER=0.234375 uMAE=12.5000 WCE=132 bias=-8.8750
[pop11_soft:01000] loss=0.054735 tau=5.25 collapse_w=0.293 mid_frac=0.286 hard=score=0.0403848523 wNMSE=0.0058444203 wMSE=445.2300 wMRED=0.26864916 wER=0.194451 wMAE=6.8070 wBias=-0.6600 condBias=10.5447 dotDrift=-2.002sigma uMRED=0.0199693980 uER=0.234375 uMAE=12.5000 WCE=132 bias=-8.8750
[pop11_soft:01199] loss=0.043075 tau=6.00 collapse_w=0.500 mid_frac=0.232 hard=score=0.0403848523 wNMSE=0.0058444203 wMSE=445.2300 wMRED=0.26864916 wER=0.194451 wMAE=6.8070 wBias=-0.6600 condBias=10.5447 dotDrift=-2.002sigma uMRED=0.0199693980 uER=0.234375 uMAE=12.5000 WCE=132 bias=-8.8750
[pop11_hard:00000] loss=0.069805 tau=6.00 collapse_w=0.500 mid_frac=0.232 hard=score=0.0403848523 wNMSE=0.0058444203 wMSE=445.2300 wMRED=0.26864916 wER=0.194451 wMAE=6.8070 wBias=-0.6600 condBias=10.5447 dotDrift=-2.002sigma uMRED=0.0199693980 uER=0.234375 uMAE=12.5000 WCE=132 bias=-8.8750
[pop11_hard:00200] loss=0.066668 tau=6.00 collapse_w=0.500 mid_frac=0.232 hard=score=0.0403848523 wNMSE=0.0058444203 wMSE=445.2300 wMRED=0.26864916 wER=0.194451 wMAE=6.8070 wBias=-0.6600 condBias=10.5447 dotDrift=-2.002sigma uMRED=0.0199693980 uER=0.234375 uMAE=12.5000 WCE=132 bias=-8.8750
[pop11_hard:00400] loss=0.067066 tau=6.00 collapse_w=0.500 mid_frac=0.232 hard=score=0.0403848523 wNMSE=0.0058444203 wMSE=445.2300 wMRED=0.26864916 wER=0.194451 wMAE=6.8070 wBias=-0.6600 condBias=10.5447 dotDrift=-2.002sigma uMRED=0.0199693980 uER=0.234375 uMAE=12.5000 WCE=132 bias=-8.8750
[pop11_hard:00599] loss=0.066269 tau=6.00 collapse_w=0.500 mid_frac=0.214 hard=score=0.2648601640 wNMSE=0.0095628068 wMSE=728.4980 wMRED=0.46934127 wER=0.194451 wMAE=9.5888 wBias=2.1219 condBias=13.4870 dotDrift=+5.031sigma uMRED=0.0245403853 uER=0.234375 uMAE=13.5000 WCE=132 bias=-7.8750
[pop11] done (conf=0.51, noise=1.0); global best score=0.0013734682 wNMSE=8.8383708e-05 wMSE=6.7331 wMRED=0.01606106 wER=0.082765 wMAE=0.6240 wBias=-0.0689 condBias=1.2965 dotDrift=-1.700sigma uMRED=0.0016576735 uER=0.117188 uMAE=1.0625 WCE=16 bias=-0.1250
[best] stage=quad_soft score=0.0013734682 wNMSE=8.8383708e-05 wMSE=6.7331 wMRED=0.01606106 wER=0.082765 wMAE=0.6240 wBias=-0.0689 condBias=1.2965 dotDrift=-1.700sigma uMRED=0.0016576735 uER=0.117188 uMAE=1.0625 WCE=16 bias=-0.1250
[best-json] /home/xuanqi/tony/work/FPGA/signed8x8_approx/signed8x8_2026_8_22/runs_qwen_quality/rand227/best_signed88_inits.json
[best-rtl] /home/xuanqi/tony/work/FPGA/signed8x8_approx/signed8x8_2026_8_22/runs_qwen_quality/rand227/best_rtl
[design] quality search_bits=56
[start] score=0.0013734682 wNMSE=8.8383708e-05 wMSE=6.7331 wMRED=0.01606106 wER=0.082765 wMAE=0.6240 wBias=-0.0689 condBias=1.2965 dotDrift=-1.700sigma uMRED=0.0016576735 uER=0.117188 uMAE=1.0625 WCE=16 bias=-0.1250
[single] ACCEPT ['cp_lut01:27'] 0.0013734682->0.0011271378 wNMSE=8.9293335e-05 wBias=-0.01104
[single] round=2 no improvement
[pair] ACCEPT ['cp_lut23:51', 'cp_lut23:55'] 0.0011271378->0.0011122521 wNMSE=7.9219546e-05 wBias=+0.01021
[pair] ACCEPT ['cp_lut01:59', 'cp_lut01:63'] 0.0011122521->0.0011100218 wNMSE=7.2270689e-05 wBias=+0.01523
[pair] ACCEPT ['cp_lut01:51', 'cp_lut23:55'] 0.0011100218->0.0011035642 wNMSE=6.2826656e-05 wBias=-0.01796
[pair] ACCEPT ['cp_lut23:59', 'cp_lut23:43'] 0.0011035642->0.0010275014 wNMSE=9.5425363e-05 wBias=+0.01403
[final] score=0.0010275014 wNMSE=9.5425363e-05 wMSE=7.2695 wMRED=0.03480095 wER=0.225918 wMAE=1.0456 wBias=0.0140 condBias=1.3471 dotDrift=+0.333sigma uMRED=0.0023050101 uER=0.234375 uMAE=1.3281 WCE=14 bias=-0.1875
[json] /home/xuanqi/tony/work/FPGA/signed8x8_approx/signed8x8_2026_8_22/runs_qwen_quality/rand227/refined/best_signed88_inits.json
