[initial-infeasible] random start violates zero-product safety: zero_violations=112, workload_zero_probability=0.0581408845877; using guard baseline as deployable best
[design] balanced_split quad4 entries=112
[device] cuda
[safety] max_zero_violations=0 max_workload_zero_violation_probability=0
[initial] score=16.3970027806 wNMSE=0.39023118 wMSE=29727.9505 wMRED=5.04857605 wER=0.437105 wMAE=84.0941 wBias=-15.4318 condBias=85.4006 dotDrift=-5.728sigma uMRED=0.1892914678 uER=0.436523 uMAE=82.5117 WCE=562 bias=22.3750
[aligned-objective] schema=aligned_ai_metrics_v2 guard_tolerance=0.1 constraint_weight=10
[quad_warmup_bit:00000] loss=9.592353 tau=1.50 collapse_w=0.000 mid_frac=0.473 hard=score=16.3970027806 wNMSE=0.39023118 wMSE=29727.9505 wMRED=5.04857605 wER=0.437105 wMAE=84.0941 wBias=-15.4318 condBias=85.4006 dotDrift=-5.728sigma uMRED=0.1892914678 uER=0.436523 uMAE=82.5117 WCE=562 bias=22.3750
[quad_warmup_bit:00200] loss=4.311302 tau=1.50 collapse_w=0.000 mid_frac=0.491 hard=score=207.4888531753 wNMSE=0.46279833 wMSE=35256.1414 wMRED=5.54098907 wER=0.437165 wMAE=81.3236 wBias=-61.4439 condBias=109.3459 dotDrift=-20.943sigma uMRED=0.1822415193 uER=0.437500 uMAE=71.1953 WCE=714 bias=-35.8750
[quad_warmup_bit:00400] loss=3.100118 tau=1.50 collapse_w=0.000 mid_frac=0.446 hard=score=81.1721146328 wNMSE=0.12676811 wMSE=9657.2398 wMRED=2.36234541 wER=0.386237 wMAE=41.4538 wBias=-38.5566 condBias=62.0008 dotDrift=-25.110sigma uMRED=0.1111288132 uER=0.428711 uMAE=54.1445 WCE=584 bias=-33.3750
[quad_warmup_bit:00600] loss=2.325947 tau=1.50 collapse_w=0.000 mid_frac=0.357 hard=score=28.1197251191 wNMSE=0.087033392 wMSE=6630.2348 wMRED=1.37926851 wER=0.348486 wMAE=29.8470 wBias=-22.5028 condBias=47.3669 dotDrift=-17.687sigma uMRED=0.0899595343 uER=0.418945 uMAE=49.7344 WCE=600 bias=-26.1250
[quad_warmup_bit:00800] loss=1.810863 tau=1.50 collapse_w=0.000 mid_frac=0.259 hard=score=0.1796339202 wNMSE=0.021095993 wMSE=1607.1002 wMRED=0.72396608 wER=0.329738 wMAE=17.1777 wBias=0.0641 condBias=22.1815 dotDrift=+0.102sigma uMRED=0.0573589159 uER=0.409180 uMAE=35.2344 WCE=340 bias=-6.3750
[quad_warmup_bit:01000] loss=1.585118 tau=1.50 collapse_w=0.000 mid_frac=0.205 hard=score=0.1794563193 wNMSE=0.021170035 wMSE=1612.7408 wMRED=0.71599331 wER=0.343872 wMAE=17.3065 wBias=0.1090 condBias=22.3178 dotDrift=+0.174sigma uMRED=0.0574603716 uER=0.415039 uMAE=35.3438 WCE=340 bias=-6.3750
[quad_warmup_bit:01200] loss=1.500173 tau=1.50 collapse_w=0.000 mid_frac=0.196 hard=score=0.1578913702 wNMSE=0.016198548 wMSE=1234.0111 wMRED=0.71385439 wER=0.329153 wMAE=15.9483 wBias=0.2820 condBias=19.9498 dotDrift=+0.514sigma uMRED=0.0460282248 uER=0.406250 uMAE=26.2656 WCE=340 bias=-12.6250
[quad_warmup_bit:01400] loss=1.465573 tau=1.50 collapse_w=0.000 mid_frac=0.188 hard=score=0.1823029760 wNMSE=0.016108602 wMSE=1227.1590 wMRED=0.68679476 wER=0.307506 wMAE=15.8304 wBias=0.7653 condBias=19.9782 dotDrift=+1.398sigma uMRED=0.0456629673 uER=0.402344 uMAE=26.2500 WCE=340 bias=-12.1250
[quad_warmup_bit:01600] loss=1.451373 tau=1.50 collapse_w=0.000 mid_frac=0.161 hard=score=1.3536671209 wNMSE=0.010722059 wMSE=816.8103 wMRED=0.27957930 wER=0.243547 wMAE=10.3199 wBias=-4.8652 condBias=15.3170 dotDrift=-10.895sigma uMRED=0.0368628535 uER=0.380859 uMAE=24.6250 WCE=340 bias=-14.5000
[quad_warmup_bit:01800] loss=1.442703 tau=1.50 collapse_w=0.000 mid_frac=0.152 hard=score=1.3536671209 wNMSE=0.010722059 wMSE=816.8103 wMRED=0.27957930 wER=0.243547 wMAE=10.3199 wBias=-4.8652 condBias=15.3170 dotDrift=-10.895sigma uMRED=0.0368628535 uER=0.380859 uMAE=24.6250 WCE=340 bias=-14.5000
[quad_warmup_bit:02000] loss=0.865716 tau=1.50 collapse_w=0.000 mid_frac=0.125 hard=score=1.7503121567 wNMSE=0.010901575 wMSE=830.4858 wMRED=0.26671311 wER=0.234767 wMAE=9.9912 wBias=-5.5671 condBias=15.4502 dotDrift=-12.363sigma uMRED=0.0365498109 uER=0.374023 uMAE=24.6250 WCE=340 bias=-15.5000
[quad_warmup_bit:02200] loss=0.860830 tau=1.50 collapse_w=0.000 mid_frac=0.143 hard=score=1.7045949806 wNMSE=0.010715662 wMSE=816.3230 wMRED=0.26613418 wER=0.234767 wMAE=9.9189 wBias=-5.4948 condBias=15.1406 dotDrift=-12.308sigma uMRED=0.0359728594 uER=0.374023 uMAE=24.1250 WCE=324 bias=-15.0000
[quad_warmup_bit:02400] loss=0.855703 tau=1.50 collapse_w=0.000 mid_frac=0.125 hard=score=1.6086371669 wNMSE=0.010483929 wMSE=798.6695 wMRED=0.26300709 wER=0.235005 wMAE=9.7633 wBias=-5.3339 condBias=14.8820 dotDrift=-12.079sigma uMRED=0.0356669497 uER=0.377930 uMAE=23.9609 WCE=316 bias=-14.7500
[quad_warmup_bit:02600] loss=0.852071 tau=1.50 collapse_w=0.000 mid_frac=0.134 hard=score=2.2001438134 wNMSE=0.010512059 wMSE=800.8124 wMRED=0.22542983 wER=0.209911 wMAE=9.0883 wBias=-6.2765 condBias=14.9136 dotDrift=-14.195sigma uMRED=0.0346075626 uER=0.349609 uMAE=23.6484 WCE=316 bias=-16.2500
[quad_warmup_bit:02800] loss=0.857280 tau=1.50 collapse_w=0.000 mid_frac=0.143 hard=score=1.7943637816 wNMSE=0.010146174 wMSE=772.9391 wMRED=0.18849848 wER=0.193545 wMAE=8.5480 wBias=-5.6527 condBias=14.5512 dotDrift=-13.013sigma uMRED=0.0336641454 uER=0.345703 uMAE=23.4609 WCE=312 bias=-15.6250
[quad_warmup_bit:03000] loss=0.857415 tau=1.50 collapse_w=0.000 mid_frac=0.134 hard=score=1.8446549935 wNMSE=0.010250202 wMSE=780.8640 wMRED=0.19007572 wER=0.193545 wMAE=8.6284 wBias=-5.7331 condBias=14.6762 dotDrift=-13.131sigma uMRED=0.0338585808 uER=0.345703 uMAE=23.5859 WCE=316 bias=-15.7500
[quad_warmup_bit:03200] loss=0.853158 tau=1.50 collapse_w=0.000 mid_frac=0.143 hard=score=3.1729033823 wNMSE=0.013435984 wMSE=1023.5580 wMRED=0.21461889 wER=0.192720 wMAE=9.9159 wBias=-7.5355 condBias=18.0706 dotDrift=-15.074sigma uMRED=0.0356662406 uER=0.322266 uMAE=23.5547 WCE=284 bias=-16.7500
[quad_warmup_bit:03400] loss=0.849787 tau=1.50 collapse_w=0.000 mid_frac=0.143 hard=score=3.1729033823 wNMSE=0.013435984 wMSE=1023.5580 wMRED=0.21461889 wER=0.192720 wMAE=9.9159 wBias=-7.5355 condBias=18.0706 dotDrift=-15.074sigma uMRED=0.0356662406 uER=0.322266 uMAE=23.5547 WCE=284 bias=-16.7500
[quad_warmup_bit:03600] loss=0.276967 tau=1.50 collapse_w=0.000 mid_frac=0.152 hard=score=2.7578172896 wNMSE=0.012141541 wMSE=924.9469 wMRED=0.20783418 wER=0.192720 wMAE=9.4016 wBias=-7.0212 condBias=16.7615 dotDrift=-14.775sigma uMRED=0.0341710945 uER=0.322266 uMAE=22.5547 WCE=284 bias=-15.7500
[quad_warmup_bit:03800] loss=0.086894 tau=1.50 collapse_w=0.000 mid_frac=0.170 hard=score=2.7578172896 wNMSE=0.012141541 wMSE=924.9469 wMRED=0.20783418 wER=0.192720 wMAE=9.4016 wBias=-7.0212 condBias=16.7615 dotDrift=-14.775sigma uMRED=0.0341710945 uER=0.322266 uMAE=22.5547 WCE=284 bias=-15.7500
[quad_warmup_bit:04000] loss=0.079835 tau=1.50 collapse_w=0.000 mid_frac=0.170 hard=score=2.1840826735 wNMSE=0.011073863 wMSE=843.6108 wMRED=0.18177648 wER=0.192720 wMAE=8.6399 wBias=-6.2327 condBias=16.0642 dotDrift=-13.734sigma uMRED=0.0328181287 uER=0.322266 uMAE=22.0547 WCE=284 bias=-14.7500
[quad_warmup_bit:04200] loss=0.077850 tau=1.50 collapse_w=0.000 mid_frac=0.134 hard=score=0.9790265077 wNMSE=0.0081902065 wMSE=623.9329 wMRED=0.14498834 wER=0.171606 wMAE=7.0385 wBias=-4.1230 condBias=13.6551 dotDrift=-10.564sigma uMRED=0.0287237374 uER=0.299805 uMAE=19.7656 WCE=236 bias=-12.2500
[quad_warmup_bit:04400] loss=0.075506 tau=1.50 collapse_w=0.000 mid_frac=0.134 hard=score=1.0533904208 wNMSE=0.0083461182 wMSE=635.8103 wMRED=0.14811993 wER=0.171606 wMAE=7.1973 wBias=-4.2839 condBias=13.8718 dotDrift=-10.873sigma uMRED=0.0290561200 uER=0.299805 uMAE=19.9844 WCE=244 bias=-12.5000
[quad_warmup_bit:04600] loss=0.073717 tau=1.50 collapse_w=0.000 mid_frac=0.134 hard=score=1.0533904208 wNMSE=0.0083461182 wMSE=635.8103 wMRED=0.14811993 wER=0.171606 wMAE=7.1973 wBias=-4.2839 condBias=13.8718 dotDrift=-10.873sigma uMRED=0.0290561200 uER=0.299805 uMAE=19.9844 WCE=244 bias=-12.5000
[quad_warmup_bit:04800] loss=0.072028 tau=1.50 collapse_w=0.000 mid_frac=0.125 hard=score=1.0533904208 wNMSE=0.0083461182 wMSE=635.8103 wMRED=0.14811993 wER=0.171606 wMAE=7.1973 wBias=-4.2839 condBias=13.8718 dotDrift=-10.873sigma uMRED=0.0290561200 uER=0.299805 uMAE=19.9844 WCE=244 bias=-12.5000
[quad_warmup_bit:05000] loss=0.072139 tau=1.50 collapse_w=0.000 mid_frac=0.107 hard=score=0.6578628688 wNMSE=0.0068315527 wMSE=520.4301 wMRED=0.13195785 wER=0.164765 wMAE=6.0969 wBias=-3.3601 condBias=12.1834 dotDrift=-9.427sigma uMRED=0.0241437819 uER=0.265625 uMAE=16.5625 WCE=244 bias=-12.5000
[quad_warmup_bit:05200] loss=0.071499 tau=1.50 collapse_w=0.000 mid_frac=0.098 hard=score=0.6475876608 wNMSE=0.0067873136 wMSE=517.0600 wMRED=0.13185375 wER=0.164900 wMAE=6.0733 wBias=-3.3321 condBias=12.1590 dotDrift=-9.378sigma uMRED=0.0237457392 uER=0.267578 uMAE=16.1250 WCE=244 bias=-12.0000
[quad_warmup_bit:05400] loss=0.070980 tau=1.50 collapse_w=0.000 mid_frac=0.098 hard=score=0.2669883530 wNMSE=0.0045527014 wMSE=346.8264 wMRED=0.11066651 wER=0.156809 wMAE=4.8232 wBias=-2.0821 condBias=10.0656 dotDrift=-7.155sigma uMRED=0.0201917145 uER=0.259766 uMAE=14.1250 WCE=244 bias=-10.0000
[quad_warmup_bit:05600] loss=0.070399 tau=1.50 collapse_w=0.000 mid_frac=0.098 hard=score=0.2669883530 wNMSE=0.0045527014 wMSE=346.8264 wMRED=0.11066651 wER=0.156809 wMAE=4.8232 wBias=-2.0821 condBias=10.0656 dotDrift=-7.155sigma uMRED=0.0201917145 uER=0.259766 uMAE=14.1250 WCE=244 bias=-10.0000
[quad_warmup_bit:05800] loss=0.069412 tau=1.50 collapse_w=0.000 mid_frac=0.089 hard=score=0.2735181170 wNMSE=0.0045969405 wMSE=350.1966 wMRED=0.11077061 wER=0.156673 wMAE=4.8469 wBias=-2.1101 condBias=10.0951 dotDrift=-7.216sigma uMRED=0.0205897572 uER=0.257812 uMAE=14.5625 WCE=244 bias=-10.5000
[quad_warmup_bit:05999] loss=0.068202 tau=1.50 collapse_w=0.000 mid_frac=0.089 hard=score=0.2042388532 wNMSE=0.0033315081 wMSE=253.7955 wMRED=0.10806977 wER=0.156673 wMAE=4.5571 wBias=-1.8203 condBias=8.7997 dotDrift=-7.313sigma uMRED=0.0180040278 uER=0.257812 uMAE=12.5625 WCE=180 bias=-8.5000
[quad_soft:00000] loss=0.279124 tau=1.50 collapse_w=0.000 mid_frac=0.089 hard=score=0.1727598011 wNMSE=0.0031984892 wMSE=243.6620 wMRED=0.10491529 wER=0.156673 wMAE=4.3962 wBias=-1.6594 condBias=8.5563 dotDrift=-6.804sigma uMRED=0.0176151570 uER=0.257812 uMAE=12.3125 WCE=172 bias=-8.2500
[quad_soft:00200] loss=0.090157 tau=1.59 collapse_w=0.000 mid_frac=0.054 hard=score=0.2673338868 wNMSE=0.0027149417 wMSE=206.8252 wMRED=0.10208276 wER=0.164113 wMAE=4.1985 wBias=-2.1363 condBias=7.9435 dotDrift=-9.507sigma uMRED=0.0153029496 uER=0.251953 uMAE=9.9375 WCE=172 bias=-6.7500
[quad_soft:00400] loss=0.089090 tau=1.68 collapse_w=0.000 mid_frac=0.062 hard=score=0.0860082269 wNMSE=0.0041311846 wMSE=314.7151 wMRED=0.11972668 wER=0.170168 wMAE=5.1468 wBias=0.9876 condBias=10.0509 dotDrift=+3.563sigma uMRED=0.0173714714 uER=0.257812 uMAE=11.0000 WCE=172 bias=-1.7500
[quad_soft:00600] loss=0.087169 tau=1.77 collapse_w=0.000 mid_frac=0.062 hard=score=0.0312090624 wNMSE=0.0037997429 wMSE=289.4658 wMRED=0.11515645 wER=0.182395 wMAE=4.8342 wBias=0.2120 condBias=9.2511 dotDrift=+0.797sigma uMRED=0.0165784650 uER=0.256836 uMAE=10.5000 WCE=172 bias=-2.7500
[quad_soft:00800] loss=0.086596 tau=1.86 collapse_w=0.000 mid_frac=0.062 hard=score=0.0921867816 wNMSE=0.0022332315 wMSE=170.1284 wMRED=0.10172719 wER=0.188124 wMAE=3.7198 wBias=-1.1737 condBias=7.2842 dotDrift=-5.759sigma uMRED=0.0133078939 uER=0.250000 uMAE=8.6250 WCE=172 bias=-4.8750
[quad_soft:01000] loss=0.086027 tau=1.95 collapse_w=0.000 mid_frac=0.062 hard=score=0.0300209448 wNMSE=0.0011360406 wMSE=86.5440 wMRED=0.09632551 wER=0.185504 wMAE=3.1402 wBias=-0.5941 condBias=5.6102 dotDrift=-4.087sigma uMRED=0.0081364353 uER=0.234375 uMAE=4.6250 WCE=76 bias=-0.8750
[quad_soft:01200] loss=0.086393 tau=2.04 collapse_w=0.000 mid_frac=0.062 hard=score=0.0300209448 wNMSE=0.0011360406 wMSE=86.5440 wMRED=0.09632551 wER=0.185504 wMAE=3.1402 wBias=-0.5941 condBias=5.6102 dotDrift=-4.087sigma uMRED=0.0081364353 uER=0.234375 uMAE=4.6250 WCE=76 bias=-0.8750
[quad_soft:01400] loss=0.086823 tau=2.13 collapse_w=0.000 mid_frac=0.054 hard=score=0.0300209448 wNMSE=0.0011360406 wMSE=86.5440 wMRED=0.09632551 wER=0.185504 wMAE=3.1402 wBias=-0.5941 condBias=5.6102 dotDrift=-4.087sigma uMRED=0.0081364353 uER=0.234375 uMAE=4.6250 WCE=76 bias=-0.8750
[quad_soft:01600] loss=0.086341 tau=2.22 collapse_w=0.000 mid_frac=0.054 hard=score=0.0300209448 wNMSE=0.0011360406 wMSE=86.5440 wMRED=0.09632551 wER=0.185504 wMAE=3.1402 wBias=-0.5941 condBias=5.6102 dotDrift=-4.087sigma uMRED=0.0081364353 uER=0.234375 uMAE=4.6250 WCE=76 bias=-0.8750
[quad_soft:01800] loss=0.084073 tau=2.31 collapse_w=0.000 mid_frac=0.054 hard=score=0.0401880341 wNMSE=0.0010551381 wMSE=80.3808 wMRED=0.09354183 wER=0.185504 wMAE=2.9862 wBias=-0.7481 condBias=5.2998 dotDrift=-5.340sigma uMRED=0.0077541422 uER=0.234375 uMAE=4.3750 WCE=76 bias=-1.1250
[quad_soft:02000] loss=0.080311 tau=2.40 collapse_w=0.000 mid_frac=0.054 hard=score=0.0401880341 wNMSE=0.0010551381 wMSE=80.3808 wMRED=0.09354183 wER=0.185504 wMAE=2.9862 wBias=-0.7481 condBias=5.2998 dotDrift=-5.340sigma uMRED=0.0077541422 uER=0.234375 uMAE=4.3750 WCE=76 bias=-1.1250
[quad_soft:02200] loss=0.079847 tau=2.49 collapse_w=0.000 mid_frac=0.054 hard=score=0.0401880341 wNMSE=0.0010551381 wMSE=80.3808 wMRED=0.09354183 wER=0.185504 wMAE=2.9862 wBias=-0.7481 condBias=5.2998 dotDrift=-5.340sigma uMRED=0.0077541422 uER=0.234375 uMAE=4.3750 WCE=76 bias=-1.1250
[quad_soft:02400] loss=0.075677 tau=2.58 collapse_w=0.000 mid_frac=0.054 hard=score=0.0401880341 wNMSE=0.0010551381 wMSE=80.3808 wMRED=0.09354183 wER=0.185504 wMAE=2.9862 wBias=-0.7481 condBias=5.2998 dotDrift=-5.340sigma uMRED=0.0077541422 uER=0.234375 uMAE=4.3750 WCE=76 bias=-1.1250
[quad_soft:02600] loss=0.077538 tau=2.67 collapse_w=0.000 mid_frac=0.054 hard=score=0.0401880341 wNMSE=0.0010551381 wMSE=80.3808 wMRED=0.09354183 wER=0.185504 wMAE=2.9862 wBias=-0.7481 condBias=5.2998 dotDrift=-5.340sigma uMRED=0.0077541422 uER=0.234375 uMAE=4.3750 WCE=76 bias=-1.1250
[quad_soft:02800] loss=0.073665 tau=2.76 collapse_w=0.000 mid_frac=0.045 hard=score=0.0401880341 wNMSE=0.0010551381 wMSE=80.3808 wMRED=0.09354183 wER=0.185504 wMAE=2.9862 wBias=-0.7481 condBias=5.2998 dotDrift=-5.340sigma uMRED=0.0077541422 uER=0.234375 uMAE=4.3750 WCE=76 bias=-1.1250
[quad_soft:03000] loss=0.070022 tau=2.85 collapse_w=0.000 mid_frac=0.045 hard=score=0.0401880341 wNMSE=0.0010551381 wMSE=80.3808 wMRED=0.09354183 wER=0.185504 wMAE=2.9862 wBias=-0.7481 condBias=5.2998 dotDrift=-5.340sigma uMRED=0.0077541422 uER=0.234375 uMAE=4.3750 WCE=76 bias=-1.1250
[quad_soft:03200] loss=0.071550 tau=2.94 collapse_w=0.000 mid_frac=0.045 hard=score=0.0401880341 wNMSE=0.0010551381 wMSE=80.3808 wMRED=0.09354183 wER=0.185504 wMAE=2.9862 wBias=-0.7481 condBias=5.2998 dotDrift=-5.340sigma uMRED=0.0077541422 uER=0.234375 uMAE=4.3750 WCE=76 bias=-1.1250
[quad_soft:03400] loss=0.067564 tau=3.03 collapse_w=0.000 mid_frac=0.045 hard=score=0.0401880341 wNMSE=0.0010551381 wMSE=80.3808 wMRED=0.09354183 wER=0.185504 wMAE=2.9862 wBias=-0.7481 condBias=5.2998 dotDrift=-5.340sigma uMRED=0.0077541422 uER=0.234375 uMAE=4.3750 WCE=76 bias=-1.1250
[quad_soft:03600] loss=0.065559 tau=3.12 collapse_w=0.000 mid_frac=0.045 hard=score=0.0135357534 wNMSE=0.00096715353 wMSE=73.6781 wMRED=0.11976003 wER=0.220817 wMAE=3.0675 wBias=-0.2644 condBias=5.0185 dotDrift=-1.971sigma uMRED=0.0080496366 uER=0.265625 uMAE=4.3750 WCE=68 bias=-0.6250
[quad_soft:03800] loss=0.064282 tau=3.21 collapse_w=0.000 mid_frac=0.045 hard=score=0.0135357534 wNMSE=0.00096715353 wMSE=73.6781 wMRED=0.11976003 wER=0.220817 wMAE=3.0675 wBias=-0.2644 condBias=5.0185 dotDrift=-1.971sigma uMRED=0.0080496366 uER=0.265625 uMAE=4.3750 WCE=68 bias=-0.6250
[quad_soft:04000] loss=0.062282 tau=3.30 collapse_w=0.000 mid_frac=0.054 hard=score=0.0109974965 wNMSE=0.00091547688 wMSE=69.7414 wMRED=0.11818279 wER=0.220817 wMAE=2.9871 wBias=-0.1840 condBias=4.8454 dotDrift=-1.410sigma uMRED=0.0078552012 uER=0.265625 uMAE=4.2500 WCE=64 bias=-0.5000
[quad_soft:04200] loss=0.060963 tau=3.39 collapse_w=0.000 mid_frac=0.054 hard=score=0.0109974965 wNMSE=0.00091547688 wMSE=69.7414 wMRED=0.11818279 wER=0.220817 wMAE=2.9871 wBias=-0.1840 condBias=4.8454 dotDrift=-1.410sigma uMRED=0.0078552012 uER=0.265625 uMAE=4.2500 WCE=64 bias=-0.5000
[quad_soft:04400] loss=0.057993 tau=3.48 collapse_w=0.000 mid_frac=0.054 hard=score=0.0109974965 wNMSE=0.00091547688 wMSE=69.7414 wMRED=0.11818279 wER=0.220817 wMAE=2.9871 wBias=-0.1840 condBias=4.8454 dotDrift=-1.410sigma uMRED=0.0078552012 uER=0.265625 uMAE=4.2500 WCE=64 bias=-0.5000
[quad_soft:04600] loss=0.056232 tau=3.57 collapse_w=0.000 mid_frac=0.054 hard=score=0.0109974965 wNMSE=0.00091547688 wMSE=69.7414 wMRED=0.11818279 wER=0.220817 wMAE=2.9871 wBias=-0.1840 condBias=4.8454 dotDrift=-1.410sigma uMRED=0.0078552012 uER=0.265625 uMAE=4.2500 WCE=64 bias=-0.5000
[quad_soft:04800] loss=0.054486 tau=3.66 collapse_w=0.000 mid_frac=0.054 hard=score=0.0109974965 wNMSE=0.00091547688 wMSE=69.7414 wMRED=0.11818279 wER=0.220817 wMAE=2.9871 wBias=-0.1840 condBias=4.8454 dotDrift=-1.410sigma uMRED=0.0078552012 uER=0.265625 uMAE=4.2500 WCE=64 bias=-0.5000
[quad_soft:05000] loss=0.052839 tau=3.75 collapse_w=0.000 mid_frac=0.054 hard=score=0.0109974965 wNMSE=0.00091547688 wMSE=69.7414 wMRED=0.11818279 wER=0.220817 wMAE=2.9871 wBias=-0.1840 condBias=4.8454 dotDrift=-1.410sigma uMRED=0.0078552012 uER=0.265625 uMAE=4.2500 WCE=64 bias=-0.5000
[quad_soft:05200] loss=0.051153 tau=3.84 collapse_w=0.000 mid_frac=0.054 hard=score=0.0109974965 wNMSE=0.00091547688 wMSE=69.7414 wMRED=0.11818279 wER=0.220817 wMAE=2.9871 wBias=-0.1840 condBias=4.8454 dotDrift=-1.410sigma uMRED=0.0078552012 uER=0.265625 uMAE=4.2500 WCE=64 bias=-0.5000
[quad_soft:05400] loss=0.049506 tau=3.93 collapse_w=0.000 mid_frac=0.054 hard=score=0.0109974965 wNMSE=0.00091547688 wMSE=69.7414 wMRED=0.11818279 wER=0.220817 wMAE=2.9871 wBias=-0.1840 condBias=4.8454 dotDrift=-1.410sigma uMRED=0.0078552012 uER=0.265625 uMAE=4.2500 WCE=64 bias=-0.5000
[quad_soft:05600] loss=0.047777 tau=4.02 collapse_w=0.000 mid_frac=0.062 hard=score=0.0109974965 wNMSE=0.00091547688 wMSE=69.7414 wMRED=0.11818279 wER=0.220817 wMAE=2.9871 wBias=-0.1840 condBias=4.8454 dotDrift=-1.410sigma uMRED=0.0078552012 uER=0.265625 uMAE=4.2500 WCE=64 bias=-0.5000
[quad_soft:05800] loss=0.045756 tau=4.11 collapse_w=0.000 mid_frac=0.062 hard=score=0.0109974965 wNMSE=0.00091547688 wMSE=69.7414 wMRED=0.11818279 wER=0.220817 wMAE=2.9871 wBias=-0.1840 condBias=4.8454 dotDrift=-1.410sigma uMRED=0.0078552012 uER=0.265625 uMAE=4.2500 WCE=64 bias=-0.5000
[quad_soft:06000] loss=0.044237 tau=4.20 collapse_w=0.000 mid_frac=0.062 hard=score=0.0109974965 wNMSE=0.00091547688 wMSE=69.7414 wMRED=0.11818279 wER=0.220817 wMAE=2.9871 wBias=-0.1840 condBias=4.8454 dotDrift=-1.410sigma uMRED=0.0078552012 uER=0.265625 uMAE=4.2500 WCE=64 bias=-0.5000
[quad_soft:06200] loss=0.043250 tau=4.29 collapse_w=0.025 mid_frac=0.062 hard=score=0.0109974965 wNMSE=0.00091547688 wMSE=69.7414 wMRED=0.11818279 wER=0.220817 wMAE=2.9871 wBias=-0.1840 condBias=4.8454 dotDrift=-1.410sigma uMRED=0.0078552012 uER=0.265625 uMAE=4.2500 WCE=64 bias=-0.5000
[quad_soft:06400] loss=0.042494 tau=4.38 collapse_w=0.050 mid_frac=0.062 hard=score=0.0109974965 wNMSE=0.00091547688 wMSE=69.7414 wMRED=0.11818279 wER=0.220817 wMAE=2.9871 wBias=-0.1840 condBias=4.8454 dotDrift=-1.410sigma uMRED=0.0078552012 uER=0.265625 uMAE=4.2500 WCE=64 bias=-0.5000
[quad_soft:06600] loss=0.041239 tau=4.47 collapse_w=0.075 mid_frac=0.062 hard=score=0.0109974965 wNMSE=0.00091547688 wMSE=69.7414 wMRED=0.11818279 wER=0.220817 wMAE=2.9871 wBias=-0.1840 condBias=4.8454 dotDrift=-1.410sigma uMRED=0.0078552012 uER=0.265625 uMAE=4.2500 WCE=64 bias=-0.5000
[quad_soft:06800] loss=0.040208 tau=4.56 collapse_w=0.100 mid_frac=0.062 hard=score=0.0109974965 wNMSE=0.00091547688 wMSE=69.7414 wMRED=0.11818279 wER=0.220817 wMAE=2.9871 wBias=-0.1840 condBias=4.8454 dotDrift=-1.410sigma uMRED=0.0078552012 uER=0.265625 uMAE=4.2500 WCE=64 bias=-0.5000
[quad_soft:07000] loss=0.039180 tau=4.65 collapse_w=0.125 mid_frac=0.071 hard=score=0.0109974965 wNMSE=0.00091547688 wMSE=69.7414 wMRED=0.11818279 wER=0.220817 wMAE=2.9871 wBias=-0.1840 condBias=4.8454 dotDrift=-1.410sigma uMRED=0.0078552012 uER=0.265625 uMAE=4.2500 WCE=64 bias=-0.5000
[quad_soft:07200] loss=0.038114 tau=4.74 collapse_w=0.150 mid_frac=0.062 hard=score=0.0109974965 wNMSE=0.00091547688 wMSE=69.7414 wMRED=0.11818279 wER=0.220817 wMAE=2.9871 wBias=-0.1840 condBias=4.8454 dotDrift=-1.410sigma uMRED=0.0078552012 uER=0.265625 uMAE=4.2500 WCE=64 bias=-0.5000
[quad_soft:07400] loss=0.036960 tau=4.83 collapse_w=0.175 mid_frac=0.071 hard=score=0.0109974965 wNMSE=0.00091547688 wMSE=69.7414 wMRED=0.11818279 wER=0.220817 wMAE=2.9871 wBias=-0.1840 condBias=4.8454 dotDrift=-1.410sigma uMRED=0.0078552012 uER=0.265625 uMAE=4.2500 WCE=64 bias=-0.5000
[quad_soft:07600] loss=0.035728 tau=4.92 collapse_w=0.200 mid_frac=0.071 hard=score=0.0109974965 wNMSE=0.00091547688 wMSE=69.7414 wMRED=0.11818279 wER=0.220817 wMAE=2.9871 wBias=-0.1840 condBias=4.8454 dotDrift=-1.410sigma uMRED=0.0078552012 uER=0.265625 uMAE=4.2500 WCE=64 bias=-0.5000
[quad_soft:07800] loss=0.034437 tau=5.01 collapse_w=0.225 mid_frac=0.071 hard=score=0.0109974965 wNMSE=0.00091547688 wMSE=69.7414 wMRED=0.11818279 wER=0.220817 wMAE=2.9871 wBias=-0.1840 condBias=4.8454 dotDrift=-1.410sigma uMRED=0.0078552012 uER=0.265625 uMAE=4.2500 WCE=64 bias=-0.5000
[quad_soft:08000] loss=0.033100 tau=5.10 collapse_w=0.250 mid_frac=0.071 hard=score=0.0109974965 wNMSE=0.00091547688 wMSE=69.7414 wMRED=0.11818279 wER=0.220817 wMAE=2.9871 wBias=-0.1840 condBias=4.8454 dotDrift=-1.410sigma uMRED=0.0078552012 uER=0.265625 uMAE=4.2500 WCE=64 bias=-0.5000
[quad_soft:08200] loss=0.031653 tau=5.19 collapse_w=0.275 mid_frac=0.062 hard=score=0.0109974965 wNMSE=0.00091547688 wMSE=69.7414 wMRED=0.11818279 wER=0.220817 wMAE=2.9871 wBias=-0.1840 condBias=4.8454 dotDrift=-1.410sigma uMRED=0.0078552012 uER=0.265625 uMAE=4.2500 WCE=64 bias=-0.5000
[quad_soft:08400] loss=0.030108 tau=5.28 collapse_w=0.300 mid_frac=0.062 hard=score=0.0109974965 wNMSE=0.00091547688 wMSE=69.7414 wMRED=0.11818279 wER=0.220817 wMAE=2.9871 wBias=-0.1840 condBias=4.8454 dotDrift=-1.410sigma uMRED=0.0078552012 uER=0.265625 uMAE=4.2500 WCE=64 bias=-0.5000
[quad_soft:08600] loss=0.028508 tau=5.37 collapse_w=0.325 mid_frac=0.054 hard=score=0.0109974965 wNMSE=0.00091547688 wMSE=69.7414 wMRED=0.11818279 wER=0.220817 wMAE=2.9871 wBias=-0.1840 condBias=4.8454 dotDrift=-1.410sigma uMRED=0.0078552012 uER=0.265625 uMAE=4.2500 WCE=64 bias=-0.5000
[quad_soft:08800] loss=0.026848 tau=5.46 collapse_w=0.350 mid_frac=0.045 hard=score=0.0109974965 wNMSE=0.00091547688 wMSE=69.7414 wMRED=0.11818279 wER=0.220817 wMAE=2.9871 wBias=-0.1840 condBias=4.8454 dotDrift=-1.410sigma uMRED=0.0078552012 uER=0.265625 uMAE=4.2500 WCE=64 bias=-0.5000
[quad_soft:09000] loss=0.025117 tau=5.55 collapse_w=0.375 mid_frac=0.045 hard=score=0.0109974965 wNMSE=0.00091547688 wMSE=69.7414 wMRED=0.11818279 wER=0.220817 wMAE=2.9871 wBias=-0.1840 condBias=4.8454 dotDrift=-1.410sigma uMRED=0.0078552012 uER=0.265625 uMAE=4.2500 WCE=64 bias=-0.5000
[quad_soft:09200] loss=0.023270 tau=5.64 collapse_w=0.400 mid_frac=0.045 hard=score=0.0109974965 wNMSE=0.00091547688 wMSE=69.7414 wMRED=0.11818279 wER=0.220817 wMAE=2.9871 wBias=-0.1840 condBias=4.8454 dotDrift=-1.410sigma uMRED=0.0078552012 uER=0.265625 uMAE=4.2500 WCE=64 bias=-0.5000
[quad_soft:09400] loss=0.021260 tau=5.73 collapse_w=0.425 mid_frac=0.045 hard=score=0.0109974965 wNMSE=0.00091547688 wMSE=69.7414 wMRED=0.11818279 wER=0.220817 wMAE=2.9871 wBias=-0.1840 condBias=4.8454 dotDrift=-1.410sigma uMRED=0.0078552012 uER=0.265625 uMAE=4.2500 WCE=64 bias=-0.5000
[quad_soft:09600] loss=0.018134 tau=5.82 collapse_w=0.450 mid_frac=0.045 hard=score=0.0109974965 wNMSE=0.00091547688 wMSE=69.7414 wMRED=0.11818279 wER=0.220817 wMAE=2.9871 wBias=-0.1840 condBias=4.8454 dotDrift=-1.410sigma uMRED=0.0078552012 uER=0.265625 uMAE=4.2500 WCE=64 bias=-0.5000
[quad_soft:09800] loss=0.015323 tau=5.91 collapse_w=0.475 mid_frac=0.045 hard=score=0.0109974965 wNMSE=0.00091547688 wMSE=69.7414 wMRED=0.11818279 wER=0.220817 wMAE=2.9871 wBias=-0.1840 condBias=4.8454 dotDrift=-1.410sigma uMRED=0.0078552012 uER=0.265625 uMAE=4.2500 WCE=64 bias=-0.5000
[quad_soft:09999] loss=0.011736 tau=6.00 collapse_w=0.500 mid_frac=0.045 hard=score=0.0109974965 wNMSE=0.00091547688 wMSE=69.7414 wMRED=0.11818279 wER=0.220817 wMAE=2.9871 wBias=-0.1840 condBias=4.8454 dotDrift=-1.410sigma uMRED=0.0078552012 uER=0.265625 uMAE=4.2500 WCE=64 bias=-0.5000
[quad_hard_ste:00000] loss=0.291684 tau=6.00 collapse_w=0.000 mid_frac=0.045 hard=score=0.0109974965 wNMSE=0.00091547688 wMSE=69.7414 wMRED=0.11818279 wER=0.220817 wMAE=2.9871 wBias=-0.1840 condBias=4.8454 dotDrift=-1.410sigma uMRED=0.0078552012 uER=0.265625 uMAE=4.2500 WCE=64 bias=-0.5000
[quad_hard_ste:00200] loss=0.291684 tau=6.00 collapse_w=0.000 mid_frac=0.045 hard=score=0.0109974965 wNMSE=0.00091547688 wMSE=69.7414 wMRED=0.11818279 wER=0.220817 wMAE=2.9871 wBias=-0.1840 condBias=4.8454 dotDrift=-1.410sigma uMRED=0.0078552012 uER=0.265625 uMAE=4.2500 WCE=64 bias=-0.5000
[quad_hard_ste:00400] loss=8.263148 tau=6.00 collapse_w=0.000 mid_frac=0.045 hard=score=0.0109974965 wNMSE=0.00091547688 wMSE=69.7414 wMRED=0.11818279 wER=0.220817 wMAE=2.9871 wBias=-0.1840 condBias=4.8454 dotDrift=-1.410sigma uMRED=0.0078552012 uER=0.265625 uMAE=4.2500 WCE=64 bias=-0.5000
[quad_hard_ste:00600] loss=0.291684 tau=6.00 collapse_w=0.000 mid_frac=0.045 hard=score=0.0109974965 wNMSE=0.00091547688 wMSE=69.7414 wMRED=0.11818279 wER=0.220817 wMAE=2.9871 wBias=-0.1840 condBias=4.8454 dotDrift=-1.410sigma uMRED=0.0078552012 uER=0.265625 uMAE=4.2500 WCE=64 bias=-0.5000
[quad_hard_ste:00800] loss=8.263148 tau=6.00 collapse_w=0.000 mid_frac=0.045 hard=score=0.0109974965 wNMSE=0.00091547688 wMSE=69.7414 wMRED=0.11818279 wER=0.220817 wMAE=2.9871 wBias=-0.1840 condBias=4.8454 dotDrift=-1.410sigma uMRED=0.0078552012 uER=0.265625 uMAE=4.2500 WCE=64 bias=-0.5000
[quad_hard_ste:01000] loss=8.263148 tau=6.00 collapse_w=0.000 mid_frac=0.045 hard=score=0.0123956109 wNMSE=0.0013779478 wMSE=104.9726 wMRED=0.11965385 wER=0.221212 wMAE=3.2116 wBias=0.0405 condBias=5.7082 dotDrift=+0.253sigma uMRED=0.0124471625 uER=0.273438 uMAE=8.2500 WCE=168 bias=3.5000
[quad_hard_ste:01200] loss=8.263148 tau=6.00 collapse_w=0.000 mid_frac=0.045 hard=score=0.0123956109 wNMSE=0.0013779478 wMSE=104.9726 wMRED=0.11965385 wER=0.221212 wMAE=3.2116 wBias=0.0405 condBias=5.7082 dotDrift=+0.253sigma uMRED=0.0124471625 uER=0.273438 uMAE=8.2500 WCE=168 bias=3.5000
[quad_hard_ste:01400] loss=8.263148 tau=6.00 collapse_w=0.000 mid_frac=0.045 hard=score=0.0123956109 wNMSE=0.0013779478 wMSE=104.9726 wMRED=0.11965385 wER=0.221212 wMAE=3.2116 wBias=0.0405 condBias=5.7082 dotDrift=+0.253sigma uMRED=0.0124471625 uER=0.273438 uMAE=8.2500 WCE=168 bias=3.5000
[quad_hard_ste:01600] loss=8.263148 tau=6.00 collapse_w=0.000 mid_frac=0.045 hard=score=0.0123956109 wNMSE=0.0013779478 wMSE=104.9726 wMRED=0.11965385 wER=0.221212 wMAE=3.2116 wBias=0.0405 condBias=5.7082 dotDrift=+0.253sigma uMRED=0.0124471625 uER=0.273438 uMAE=8.2500 WCE=168 bias=3.5000
[quad_hard_ste:01800] loss=8.263148 tau=6.00 collapse_w=0.000 mid_frac=0.045 hard=score=0.0109974965 wNMSE=0.00091547688 wMSE=69.7414 wMRED=0.11818279 wER=0.220817 wMAE=2.9871 wBias=-0.1840 condBias=4.8454 dotDrift=-1.410sigma uMRED=0.0078552012 uER=0.265625 uMAE=4.2500 WCE=64 bias=-0.5000
[quad_hard_ste:02000] loss=0.291684 tau=6.00 collapse_w=0.000 mid_frac=0.045 hard=score=0.0109974965 wNMSE=0.00091547688 wMSE=69.7414 wMRED=0.11818279 wER=0.220817 wMAE=2.9871 wBias=-0.1840 condBias=4.8454 dotDrift=-1.410sigma uMRED=0.0078552012 uER=0.265625 uMAE=4.2500 WCE=64 bias=-0.5000
[quad_hard_ste:02200] loss=0.291684 tau=6.00 collapse_w=0.000 mid_frac=0.045 hard=score=0.0123956109 wNMSE=0.0013779478 wMSE=104.9726 wMRED=0.11965385 wER=0.221212 wMAE=3.2116 wBias=0.0405 condBias=5.7082 dotDrift=+0.253sigma uMRED=0.0124471625 uER=0.273438 uMAE=8.2500 WCE=168 bias=3.5000
[quad_hard_ste:02400] loss=0.291684 tau=6.00 collapse_w=0.000 mid_frac=0.045 hard=score=0.0109974965 wNMSE=0.00091547688 wMSE=69.7414 wMRED=0.11818279 wER=0.220817 wMAE=2.9871 wBias=-0.1840 condBias=4.8454 dotDrift=-1.410sigma uMRED=0.0078552012 uER=0.265625 uMAE=4.2500 WCE=64 bias=-0.5000
[quad_hard_ste:02600] loss=8.263148 tau=6.00 collapse_w=0.000 mid_frac=0.045 hard=score=0.0123956109 wNMSE=0.0013779478 wMSE=104.9726 wMRED=0.11965385 wER=0.221212 wMAE=3.2116 wBias=0.0405 condBias=5.7082 dotDrift=+0.253sigma uMRED=0.0124471625 uER=0.273438 uMAE=8.2500 WCE=168 bias=3.5000
[quad_hard_ste:02800] loss=0.291684 tau=6.00 collapse_w=0.000 mid_frac=0.045 hard=score=0.0109974965 wNMSE=0.00091547688 wMSE=69.7414 wMRED=0.11818279 wER=0.220817 wMAE=2.9871 wBias=-0.1840 condBias=4.8454 dotDrift=-1.410sigma uMRED=0.0078552012 uER=0.265625 uMAE=4.2500 WCE=64 bias=-0.5000
[quad_hard_ste:03000] loss=0.291684 tau=6.00 collapse_w=0.000 mid_frac=0.036 hard=score=0.0419494154 wNMSE=0.0013003386 wMSE=99.0603 wMRED=0.15901441 wER=0.249449 wMAE=3.9033 wBias=0.7323 condBias=5.5505 dotDrift=+4.709sigma uMRED=0.0099868140 uER=0.296875 uMAE=5.2500 WCE=64 bias=0.5000
[quad_hard_ste:03200] loss=11.163324 tau=6.00 collapse_w=0.000 mid_frac=0.036 hard=score=0.0659403155 wNMSE=0.0018053105 wMSE=137.5292 wMRED=0.16048548 wER=0.249449 wMAE=4.1278 wBias=0.9567 condBias=6.3815 dotDrift=+5.221sigma uMRED=0.0145787753 uER=0.296875 uMAE=9.2500 WCE=168 bias=4.5000
[quad_hard_ste:03400] loss=0.291684 tau=6.00 collapse_w=0.000 mid_frac=0.045 hard=score=0.0109974965 wNMSE=0.00091547688 wMSE=69.7414 wMRED=0.11818279 wER=0.220817 wMAE=2.9871 wBias=-0.1840 condBias=4.8454 dotDrift=-1.410sigma uMRED=0.0078552012 uER=0.265625 uMAE=4.2500 WCE=64 bias=-0.5000
[quad_hard_ste:03600] loss=11.163324 tau=6.00 collapse_w=0.000 mid_frac=0.036 hard=score=0.0659403155 wNMSE=0.0018053105 wMSE=137.5292 wMRED=0.16048548 wER=0.249449 wMAE=4.1278 wBias=0.9567 condBias=6.3815 dotDrift=+5.221sigma uMRED=0.0145787753 uER=0.296875 uMAE=9.2500 WCE=168 bias=4.5000
[quad_hard_ste:03800] loss=0.470786 tau=6.00 collapse_w=0.000 mid_frac=0.036 hard=score=0.0419494154 wNMSE=0.0013003386 wMSE=99.0603 wMRED=0.15901441 wER=0.249449 wMAE=3.9033 wBias=0.7323 condBias=5.5505 dotDrift=+4.709sigma uMRED=0.0099868140 uER=0.296875 uMAE=5.2500 WCE=64 bias=0.5000
[quad_hard_ste:03999] loss=11.163324 tau=6.00 collapse_w=0.000 mid_frac=0.036 hard=score=0.0659403155 wNMSE=0.0018053105 wMSE=137.5292 wMRED=0.16048548 wER=0.249449 wMAE=4.1278 wBias=0.9567 condBias=6.3815 dotDrift=+5.221sigma uMRED=0.0145787753 uER=0.296875 uMAE=9.2500 WCE=168 bias=4.5000
[pop00_soft:00000] loss=12.514273 tau=1.50 collapse_w=0.000 mid_frac=0.357 hard=score=450.3394978540 wNMSE=0.63943136 wMSE=48712.1085 wMRED=5.83588567 wER=0.437003 wMAE=104.9040 wBias=90.8142 condBias=156.5300 dotDrift=+26.334sigma uMRED=0.1905169665 uER=0.434570 uMAE=76.8086 WCE=720 bias=35.3750
[pop00_soft:00200] loss=64.139000 tau=2.25 collapse_w=0.000 mid_frac=0.348 hard=score=1.1729004509 wNMSE=0.050500756 wMSE=3847.1656 wMRED=0.94206074 wER=0.362589 wMAE=24.5364 wBias=3.8915 condBias=26.8071 dotDrift=+4.015sigma uMRED=0.0830404531 uER=0.423828 uMAE=54.0117 WCE=384 bias=-16.2500
[pop00_soft:00400] loss=57.418777 tau=3.00 collapse_w=0.000 mid_frac=0.223 hard=score=0.2539849620 wNMSE=0.023013207 wMSE=1753.1543 wMRED=0.63106653 wER=0.355825 wMAE=16.8512 wBias=-1.3766 condBias=19.5841 dotDrift=-2.104sigma uMRED=0.0635878231 uER=0.420898 uMAE=43.0078 WCE=368 bias=-20.2500
[pop00_soft:00600] loss=38.381020 tau=3.75 collapse_w=0.000 mid_frac=0.188 hard=score=0.1811653626 wNMSE=0.02224154 wMSE=1694.3684 wMRED=0.63738132 wER=0.343634 wMAE=15.6293 wBias=0.6305 condBias=19.5442 dotDrift=+0.980sigma uMRED=0.0590076782 uER=0.407227 uMAE=38.3945 WCE=356 bias=-18.7500
[pop00_soft:00800] loss=38.211334 tau=4.50 collapse_w=0.084 mid_frac=0.223 hard=score=0.1862598265 wNMSE=0.022209519 wMSE=1691.9290 wMRED=0.63622723 wER=0.343634 wMAE=15.5651 wBias=0.7109 condBias=19.5306 dotDrift=+1.106sigma uMRED=0.0588977376 uER=0.407227 uMAE=38.3320 WCE=356 bias=-18.6250
[pop00_soft:01000] loss=38.117821 tau=5.25 collapse_w=0.293 mid_frac=0.214 hard=score=0.1989196105 wNMSE=0.022183415 wMSE=1689.9404 wMRED=0.63595070 wER=0.343227 wMAE=15.4836 wBias=0.8649 condBias=19.5891 dotDrift=+1.347sigma uMRED=0.0587835301 uER=0.401367 uMAE=38.2305 WCE=356 bias=-18.3750
[pop00_soft:01199] loss=38.028271 tau=6.00 collapse_w=0.500 mid_frac=0.214 hard=score=0.2140611547 wNMSE=0.022144711 wMSE=1686.9920 wMRED=0.63364253 wER=0.343227 wMAE=15.3552 wBias=1.0258 condBias=19.5743 dotDrift=+1.598sigma uMRED=0.0585636488 uER=0.401367 uMAE=38.1055 WCE=356 bias=-18.1250
[pop00_hard:00000] loss=72.270180 tau=6.00 collapse_w=0.000 mid_frac=0.205 hard=score=0.2140611547 wNMSE=0.022144711 wMSE=1686.9920 wMRED=0.63364253 wER=0.343227 wMAE=15.3552 wBias=1.0258 condBias=19.5743 dotDrift=+1.598sigma uMRED=0.0585636488 uER=0.401367 uMAE=38.1055 WCE=356 bias=-18.1250
[pop00_hard:00200] loss=31.864731 tau=6.00 collapse_w=0.000 mid_frac=0.214 hard=score=0.3530570601 wNMSE=0.020678146 wMSE=1575.2685 wMRED=0.63221160 wER=0.343227 wMAE=15.1370 wBias=1.9237 condBias=18.7815 dotDrift=+3.102sigma uMRED=0.0538298628 uER=0.401367 uMAE=34.0352 WCE=318 bias=-2.1250
[pop00_hard:00400] loss=265.548950 tau=6.00 collapse_w=0.000 mid_frac=0.196 hard=score=87.6987350465 wNMSE=0.24858511 wMSE=18937.3022 wMRED=3.71580932 wER=0.341482 wMAE=49.3508 wBias=-39.8507 condBias=74.9014 dotDrift=-18.533sigma uMRED=0.1213151354 uER=0.397461 uMAE=48.4180 WCE=498 bias=3.3750
[pop00_hard:00599] loss=258.742523 tau=6.00 collapse_w=0.000 mid_frac=0.143 hard=score=83.1989385182 wNMSE=0.24505142 wMSE=18668.1045 wMRED=3.70763294 wER=0.342523 wMAE=48.9613 wBias=-38.7834 condBias=74.6650 dotDrift=-18.167sigma uMRED=0.1106998897 uER=0.398438 uMAE=39.3086 WCE=498 bias=-7.3750
[pop00] done (conf=0.53, noise=0.5); global best score=0.0309867233 wNMSE=0.0024237404 wMSE=184.6414 wMRED=0.15885366 wER=0.155645 wMAE=3.9358 wBias=-0.4356 condBias=7.7916 dotDrift=-2.051sigma uMRED=0.0105226322 uER=0.191406 uMAE=5.6250 WCE=80 bias=0.0000
[pop01_soft:00000] loss=20.488066 tau=1.50 collapse_w=0.000 mid_frac=0.357 hard=score=612.5497063447 wNMSE=1.5363778 wMSE=117041.8058 wMRED=10.08871933 wER=0.437165 wMAE=164.8488 wBias=105.5087 condBias=191.9129 dotDrift=+19.738sigma uMRED=0.2891599796 uER=0.437500 uMAE=103.4336 WCE=1128 bias=36.7500
[pop01_soft:00200] loss=213.844360 tau=2.25 collapse_w=0.000 mid_frac=0.357 hard=score=37.5275697128 wNMSE=1.5646067 wMSE=119192.2931 wMRED=11.87731530 wER=0.437165 wMAE=174.4409 wBias=22.0628 condBias=185.7054 dotDrift=+4.090sigma uMRED=0.3164940291 uER=0.437500 uMAE=102.4238 WCE=864 bias=-34.9375
[pop01_soft:00400] loss=242.787369 tau=3.00 collapse_w=0.000 mid_frac=0.286 hard=score=27.8684948571 wNMSE=0.9941135 wMSE=75731.9203 wMRED=9.50429260 wER=0.412310 wMAE=135.0821 wBias=-19.7395 condBias=146.5086 dotDrift=-4.591sigma uMRED=0.2447062031 uER=0.434570 uMAE=74.9883 WCE=835 bias=-14.6250
[pop01_soft:00600] loss=205.594971 tau=3.75 collapse_w=0.000 mid_frac=0.259 hard=score=121.1593928137 wNMSE=0.3869225 wMSE=29475.8939 wMRED=4.44197855 wER=0.412310 wMAE=77.5308 wBias=46.5638 condBias=113.2973 dotDrift=+17.358sigma uMRED=0.1370520552 uER=0.434570 uMAE=52.8125 WCE=512 bias=12.3750
[pop01_soft:00800] loss=149.994202 tau=4.50 collapse_w=0.084 mid_frac=0.232 hard=score=123.0430880399 wNMSE=0.38442672 wMSE=29285.7644 wMRED=4.43662575 wER=0.412263 wMAE=76.9730 wBias=46.9322 condBias=114.4112 dotDrift=+17.552sigma uMRED=0.1319543634 uER=0.433594 uMAE=49.1250 WCE=512 bias=12.3750
[pop01_soft:01000] loss=148.896194 tau=5.25 collapse_w=0.293 mid_frac=0.223 hard=score=148.0410078319 wNMSE=0.39374831 wMSE=29995.8868 wMRED=4.53607108 wER=0.412263 wMAE=80.0054 wBias=51.5885 condBias=123.5372 dotDrift=+19.063sigma uMRED=0.1352594154 uER=0.433594 uMAE=50.0625 WCE=512 bias=13.3750
[pop01_soft:01199] loss=148.487076 tau=6.00 collapse_w=0.500 mid_frac=0.223 hard=score=148.0410078319 wNMSE=0.39374831 wMSE=29995.8868 wMRED=4.53607108 wER=0.412263 wMAE=80.0054 wBias=51.5885 condBias=123.5372 dotDrift=+19.063sigma uMRED=0.1352594154 uER=0.433594 uMAE=50.0625 WCE=512 bias=13.3750
[pop01_hard:00000] loss=440.247284 tau=6.00 collapse_w=0.000 mid_frac=0.223 hard=score=148.0410078319 wNMSE=0.39374831 wMSE=29995.8868 wMRED=4.53607108 wER=0.412263 wMAE=80.0054 wBias=51.5885 condBias=123.5372 dotDrift=+19.063sigma uMRED=0.1352594154 uER=0.433594 uMAE=50.0625 WCE=512 bias=13.3750
[pop01_hard:00200] loss=350.559174 tau=6.00 collapse_w=0.000 mid_frac=0.196 hard=score=89.8627349401 wNMSE=0.404233 wMSE=30794.6139 wMRED=4.83445683 wER=0.412310 wMAE=82.3626 wBias=39.7656 condBias=110.9556 dotDrift=+14.503sigma uMRED=0.1434544718 uER=0.434570 uMAE=53.3516 WCE=512 bias=-2.6250
[pop01_hard:00400] loss=350.559174 tau=6.00 collapse_w=0.000 mid_frac=0.196 hard=score=89.8627349401 wNMSE=0.404233 wMSE=30794.6139 wMRED=4.83445683 wER=0.412310 wMAE=82.3626 wBias=39.7656 condBias=110.9556 dotDrift=+14.503sigma uMRED=0.1434544718 uER=0.434570 uMAE=53.3516 WCE=512 bias=-2.6250
[pop01_hard:00599] loss=355.704987 tau=6.00 collapse_w=0.000 mid_frac=0.188 hard=score=101.5974133035 wNMSE=0.41443055 wMSE=31571.4669 wMRED=4.84880752 wER=0.412310 wMAE=83.8793 wBias=42.3731 condBias=115.3546 dotDrift=+15.262sigma uMRED=0.1561178555 uER=0.434570 uMAE=63.0703 WCE=512 bias=15.3750
[pop01] done (conf=0.51, noise=1.0); global best score=0.0309867233 wNMSE=0.0024237404 wMSE=184.6414 wMRED=0.15885366 wER=0.155645 wMAE=3.9358 wBias=-0.4356 condBias=7.7916 dotDrift=-2.051sigma uMRED=0.0105226322 uER=0.191406 uMAE=5.6250 WCE=80 bias=0.0000
[pop02_soft:00000] loss=11.672576 tau=1.50 collapse_w=0.000 mid_frac=0.420 hard=score=364.5696667436 wNMSE=0.83868578 wMSE=63891.3813 wMRED=6.08350268 wER=0.437165 wMAE=112.3730 wBias=81.4365 condBias=143.8225 dotDrift=+20.619sigma uMRED=0.2257094310 uER=0.437500 uMAE=104.0117 WCE=827 bias=31.1875
[pop02_soft:00200] loss=54.482506 tau=2.25 collapse_w=0.000 mid_frac=0.339 hard=score=43.2461464204 wNMSE=0.087672052 wMSE=6678.8881 wMRED=1.51198043 wER=0.378987 wMAE=32.7148 wBias=-28.1602 condBias=44.6524 dotDrift=-22.053sigma uMRED=0.1147631361 uER=0.430664 uMAE=72.4688 WCE=540 bias=-39.1250
[pop02_soft:00400] loss=56.043552 tau=3.00 collapse_w=0.000 mid_frac=0.170 hard=score=0.2539521224 wNMSE=0.024899829 wMSE=1896.8779 wMRED=0.78054845 wER=0.378987 wMAE=19.1507 wBias=-1.0630 condBias=22.5974 dotDrift=-1.562sigma uMRED=0.0745986520 uER=0.430664 uMAE=49.9141 WCE=434 bias=-36.0625
[pop02_soft:00600] loss=37.864353 tau=3.75 collapse_w=0.000 mid_frac=0.188 hard=score=0.3382126741 wNMSE=0.017290492 wMSE=1317.1958 wMRED=0.54727726 wER=0.360722 wMAE=14.8875 wBias=-2.0029 condBias=18.6179 dotDrift=-3.532sigma uMRED=0.0597494325 uER=0.416016 uMAE=40.9883 WCE=426 bias=-27.6250
[pop02_soft:00800] loss=37.607925 tau=4.50 collapse_w=0.084 mid_frac=0.170 hard=score=0.2446015157 wNMSE=0.017136588 wMSE=1305.4714 wMRED=0.55624597 wER=0.360722 wMAE=14.8548 wBias=-1.5192 condBias=18.5684 dotDrift=-2.691sigma uMRED=0.0596250128 uER=0.416016 uMAE=40.8125 WCE=418 bias=-27.1250
[pop02_soft:01000] loss=37.543354 tau=5.25 collapse_w=0.293 mid_frac=0.179 hard=score=0.1876494981 wNMSE=0.016748219 wMSE=1275.8853 wMRED=0.56902930 wER=0.360722 wMAE=14.7942 wBias=-1.1654 condBias=18.0411 dotDrift=-2.088sigma uMRED=0.0576649127 uER=0.416016 uMAE=38.7500 WCE=414 bias=-24.8750
[pop02_soft:01199] loss=37.526932 tau=6.00 collapse_w=0.500 mid_frac=0.179 hard=score=0.2739635436 wNMSE=0.016324497 wMSE=1243.6060 wMRED=0.54308615 wER=0.360722 wMAE=14.1968 wBias=-1.7632 condBias=16.9734 dotDrift=-3.200sigma uMRED=0.0546439454 uER=0.416016 uMAE=36.8125 WCE=332 bias=-21.8750
[pop02_hard:00000] loss=77.760719 tau=6.00 collapse_w=0.000 mid_frac=0.179 hard=score=0.2739635436 wNMSE=0.016324497 wMSE=1243.6060 wMRED=0.54308615 wER=0.360722 wMAE=14.1968 wBias=-1.7632 condBias=16.9734 dotDrift=-3.200sigma uMRED=0.0546439454 uER=0.416016 uMAE=36.8125 WCE=332 bias=-21.8750
[pop02_hard:00200] loss=24.000040 tau=6.00 collapse_w=0.000 mid_frac=0.170 hard=score=0.1051759098 wNMSE=0.014204644 wMSE=1082.1148 wMRED=0.56532813 wER=0.360722 wMAE=14.2424 wBias=-0.5051 condBias=15.8580 dotDrift=-0.983sigma uMRED=0.0459889198 uER=0.416016 uMAE=28.8125 WCE=328 bias=-12.8750
[pop02_hard:00400] loss=24.000040 tau=6.00 collapse_w=0.000 mid_frac=0.161 hard=score=0.0960115325 wNMSE=0.01356012 wMSE=1033.0148 wMRED=0.56486488 wER=0.360722 wMAE=14.1465 wBias=0.3416 condBias=15.9085 dotDrift=+0.680sigma uMRED=0.0445469405 uER=0.416016 uMAE=27.1875 WCE=304 bias=3.1250
[pop02_hard:00599] loss=48.289669 tau=6.00 collapse_w=0.000 mid_frac=0.152 hard=score=1.5454664868 wNMSE=0.012527167 wMSE=954.3240 wMRED=0.45381895 wER=0.358088 wMAE=12.9418 wBias=-5.2221 condBias=13.8715 dotDrift=-10.819sigma uMRED=0.0417227074 uER=0.415039 uMAE=26.6602 WCE=304 bias=1.1250
[pop02] done (conf=0.53, noise=0.5); global best score=0.0309867233 wNMSE=0.0024237404 wMSE=184.6414 wMRED=0.15885366 wER=0.155645 wMAE=3.9358 wBias=-0.4356 condBias=7.7916 dotDrift=-2.051sigma uMRED=0.0105226322 uER=0.191406 uMAE=5.6250 WCE=80 bias=0.0000
[pop03_soft:00000] loss=11.109198 tau=1.50 collapse_w=0.000 mid_frac=0.420 hard=score=17.9866935897 wNMSE=0.66675967 wMSE=50793.9889 wMRED=8.17911073 wER=0.437165 wMAE=128.6448 wBias=15.1192 condBias=131.5525 dotDrift=+4.293sigma uMRED=0.2480323557 uER=0.437500 uMAE=93.3965 WCE=597 bias=22.7500
[pop03_soft:00200] loss=87.632057 tau=2.25 collapse_w=0.000 mid_frac=0.420 hard=score=17.3930088324 wNMSE=0.42418577 wMSE=32314.6230 wMRED=5.96919288 wER=0.436650 wMAE=90.9764 wBias=-15.8377 condBias=97.7370 dotDrift=-5.639sigma uMRED=0.1692898219 uER=0.431641 uMAE=58.0254 WCE=597 bias=-5.3750
[pop03_soft:00400] loss=98.548630 tau=3.00 collapse_w=0.000 mid_frac=0.312 hard=score=4.8787895677 wNMSE=0.040822447 wMSE=3109.8685 wMRED=1.50700180 wER=0.409153 wMAE=26.6604 wBias=-9.2061 condBias=30.7182 dotDrift=-10.565sigma uMRED=0.0674795939 uER=0.428711 uMAE=32.8281 WCE=256 bias=-0.6250
[pop03_soft:00600] loss=67.912857 tau=3.75 collapse_w=0.000 mid_frac=0.339 hard=score=3.2936964530 wNMSE=0.022045491 wMSE=1679.4334 wMRED=0.75435487 wER=0.412173 wMAE=18.1452 wBias=7.6321 condBias=21.2184 dotDrift=+11.919sigma uMRED=0.0480738925 uER=0.434570 uMAE=26.6699 WCE=256 bias=10.3125
[pop03_soft:00800] loss=66.716866 tau=4.50 collapse_w=0.084 mid_frac=0.330 hard=score=3.6070920846 wNMSE=0.021678207 wMSE=1651.4535 wMRED=0.75269060 wER=0.412173 wMAE=17.3038 wBias=8.0168 condBias=20.2418 dotDrift=+12.625sigma uMRED=0.0467985233 uER=0.434570 uMAE=26.1719 WCE=256 bias=12.9375
[pop03_soft:01000] loss=66.511765 tau=5.25 collapse_w=0.293 mid_frac=0.330 hard=score=3.7995903707 wNMSE=0.02147192 wMSE=1635.7385 wMRED=0.75220024 wER=0.412173 wMAE=17.2792 wBias=8.2376 condBias=20.2470 dotDrift=+13.035sigma uMRED=0.0470002283 uER=0.434570 uMAE=26.3594 WCE=256 bias=13.3125
[pop03_soft:01199] loss=66.349167 tau=6.00 collapse_w=0.500 mid_frac=0.321 hard=score=3.6926460843 wNMSE=0.021411042 wMSE=1631.1008 wMRED=0.75785088 wER=0.412173 wMAE=17.3006 wBias=8.1170 condBias=20.2092 dotDrift=+12.863sigma uMRED=0.0470570419 uER=0.434570 uMAE=26.3672 WCE=256 bias=13.1875
[pop03_hard:00000] loss=98.414871 tau=6.00 collapse_w=0.000 mid_frac=0.321 hard=score=3.6926460843 wNMSE=0.021411042 wMSE=1631.1008 wMRED=0.75785088 wER=0.412173 wMAE=17.3006 wBias=8.1170 condBias=20.2092 dotDrift=+12.863sigma uMRED=0.0470570419 uER=0.434570 uMAE=26.3672 WCE=256 bias=13.1875
[pop03_hard:00200] loss=151.365463 tau=6.00 collapse_w=0.000 mid_frac=0.312 hard=score=8.9867853563 wNMSE=0.029282945 wMSE=2230.7852 wMRED=0.68258823 wER=0.437165 wMAE=17.9209 wBias=-12.7688 condBias=24.6049 dotDrift=-17.302sigma uMRED=0.0524610159 uER=0.437500 uMAE=30.7520 WCE=350 bias=-15.8125
[pop03_hard:00400] loss=117.374580 tau=6.00 collapse_w=0.000 mid_frac=0.286 hard=score=2.7178109876 wNMSE=0.031168208 wMSE=2374.4052 wMRED=0.68523237 wER=0.437165 wMAE=18.2998 wBias=-6.8127 condBias=24.6507 dotDrift=-8.948sigma uMRED=0.0537293999 uER=0.437500 uMAE=31.5762 WCE=327 bias=-6.3125
[pop03_hard:00599] loss=103.705650 tau=6.00 collapse_w=0.000 mid_frac=0.259 hard=score=0.7763257538 wNMSE=0.033551685 wMSE=2555.9793 wMRED=0.70766674 wER=0.437165 wMAE=20.0394 wBias=-3.1202 condBias=25.6754 dotDrift=-3.950sigma uMRED=0.0601931358 uER=0.437500 uMAE=36.6680 WCE=318 bias=1.5000
[pop03] done (conf=0.51, noise=1.0); global best score=0.0309867233 wNMSE=0.0024237404 wMSE=184.6414 wMRED=0.15885366 wER=0.155645 wMAE=3.9358 wBias=-0.4356 condBias=7.7916 dotDrift=-2.051sigma uMRED=0.0105226322 uER=0.191406 uMAE=5.6250 WCE=80 bias=0.0000
[pop04_soft:00000] loss=15.347755 tau=1.50 collapse_w=0.000 mid_frac=0.339 hard=score=215.1924394226 wNMSE=0.40855359 wMSE=31123.7578 wMRED=5.27586145 wER=0.437114 wMAE=93.0681 wBias=62.6216 condBias=105.9985 dotDrift=+22.717sigma uMRED=0.1659019782 uER=0.436523 uMAE=65.9414 WCE=616 bias=17.9375
[pop04_soft:00200] loss=76.880745 tau=2.25 collapse_w=0.000 mid_frac=0.420 hard=score=30.3500997004 wNMSE=0.0929253 wMSE=7079.0824 wMRED=2.62601144 wER=0.412173 wMAE=41.3576 wBias=-23.4216 condBias=49.1906 dotDrift=-17.816sigma uMRED=0.1071911768 uER=0.434570 uMAE=53.4277 WCE=673 bias=-38.5000
[pop04_soft:00400] loss=71.292847 tau=3.00 collapse_w=0.000 mid_frac=0.312 hard=score=0.6970168759 wNMSE=0.022152291 wMSE=1687.5694 wMRED=0.73996148 wER=0.376216 wMAE=17.8526 wBias=3.1189 condBias=20.8130 dotDrift=+4.859sigma uMRED=0.0677622803 uER=0.418945 uMAE=44.2910 WCE=375 bias=-9.5625
[pop04_soft:00600] loss=66.181221 tau=3.75 collapse_w=0.000 mid_frac=0.268 hard=score=1.5778960537 wNMSE=0.017776794 wMSE=1354.2425 wMRED=0.69791228 wER=0.377358 wMAE=15.2174 wBias=5.1533 condBias=19.9232 dotDrift=+8.962sigma uMRED=0.0554572592 uER=0.424805 uMAE=35.1172 WCE=340 bias=-14.6875
[pop04_soft:00800] loss=37.619598 tau=4.50 collapse_w=0.084 mid_frac=0.268 hard=score=1.6815102237 wNMSE=0.017871093 wMSE=1361.4262 wMRED=0.68967207 wER=0.359809 wMAE=15.1964 wBias=5.3343 condBias=19.9684 dotDrift=+9.252sigma uMRED=0.0553476226 uER=0.416016 uMAE=35.1055 WCE=340 bias=-14.5000
[pop04_soft:01000] loss=37.552773 tau=5.25 collapse_w=0.293 mid_frac=0.268 hard=score=1.6815102237 wNMSE=0.017871093 wMSE=1361.4262 wMRED=0.68967207 wER=0.359809 wMAE=15.1964 wBias=5.3343 condBias=19.9684 dotDrift=+9.252sigma uMRED=0.0553476226 uER=0.416016 uMAE=35.1055 WCE=340 bias=-14.5000
[pop04_soft:01199] loss=37.532799 tau=6.00 collapse_w=0.500 mid_frac=0.259 hard=score=1.6815102237 wNMSE=0.017871093 wMSE=1361.4262 wMRED=0.68967207 wER=0.359809 wMAE=15.1964 wBias=5.3343 condBias=19.9684 dotDrift=+9.252sigma uMRED=0.0553476226 uER=0.416016 uMAE=35.1055 WCE=340 bias=-14.5000
[pop04_hard:00000] loss=68.083496 tau=6.00 collapse_w=0.000 mid_frac=0.259 hard=score=1.6815102237 wNMSE=0.017871093 wMSE=1361.4262 wMRED=0.68967207 wER=0.359809 wMAE=15.1964 wBias=5.3343 condBias=19.9684 dotDrift=+9.252sigma uMRED=0.0553476226 uER=0.416016 uMAE=35.1055 WCE=340 bias=-14.5000
[pop04_hard:00200] loss=53.195503 tau=6.00 collapse_w=0.000 mid_frac=0.188 hard=score=0.5863214040 wNMSE=0.013078053 wMSE=996.2907 wMRED=0.64974599 wER=0.328958 wMAE=13.4316 wBias=2.9148 condBias=15.6863 dotDrift=+5.910sigma uMRED=0.0463610414 uER=0.385742 uMAE=29.3711 WCE=340 bias=-12.7500
[pop04_hard:00400] loss=52.749332 tau=6.00 collapse_w=0.000 mid_frac=0.179 hard=score=0.4337871376 wNMSE=0.0078346199 wMSE=596.8441 wMRED=0.30918457 wER=0.311311 wMAE=8.0632 wBias=-2.6489 condBias=11.4803 dotDrift=-6.939sigma uMRED=0.0379856890 uER=0.379883 uMAE=27.4062 WCE=340 bias=-14.7500
[pop04_hard:00599] loss=59.133556 tau=6.00 collapse_w=0.000 mid_frac=0.152 hard=score=0.0730299164 wNMSE=0.0062611493 wMSE=476.9766 wMRED=0.21905240 wER=0.312357 wMAE=6.7934 wBias=-0.7831 condBias=10.1672 dotDrift=-2.295sigma uMRED=0.0344775507 uER=0.382812 uMAE=25.8125 WCE=324 bias=-12.7500
[pop04] done (conf=0.53, noise=0.5); global best score=0.0309867233 wNMSE=0.0024237404 wMSE=184.6414 wMRED=0.15885366 wER=0.155645 wMAE=3.9358 wBias=-0.4356 condBias=7.7916 dotDrift=-2.051sigma uMRED=0.0105226322 uER=0.191406 uMAE=5.6250 WCE=80 bias=0.0000
[pop05_soft:00000] loss=12.086439 tau=1.50 collapse_w=0.000 mid_frac=0.411 hard=score=39.6304692864 wNMSE=0.40178686 wMSE=30608.2662 wMRED=7.81489513 wER=0.433033 wMAE=46.1733 wBias=26.5679 condBias=65.5410 dotDrift=+9.719sigma uMRED=0.1726907531 uER=0.434570 uMAE=62.9731 WCE=3957 bias=33.6875
[pop05_soft:00200] loss=76.985695 tau=2.25 collapse_w=0.000 mid_frac=0.366 hard=score=28.1797055619 wNMSE=0.072232824 wMSE=5502.7223 wMRED=1.98120212 wER=0.378987 wMAE=34.1635 wBias=-22.6142 condBias=41.9062 dotDrift=-19.511sigma uMRED=0.0987966049 uER=0.430664 uMAE=55.0645 WCE=441 bias=-20.6250
[pop05_soft:00400] loss=83.104568 tau=3.00 collapse_w=0.000 mid_frac=0.375 hard=score=22.0458334512 wNMSE=0.049558994 wMSE=3775.4218 wMRED=1.86806094 wER=0.410624 wMAE=30.7258 wBias=-20.0332 condBias=35.8845 dotDrift=-20.866sigma uMRED=0.0892203144 uER=0.428711 uMAE=48.9531 WCE=378 bias=-17.0000
[pop05_soft:00600] loss=70.917877 tau=3.75 collapse_w=0.000 mid_frac=0.357 hard=score=2.9453293948 wNMSE=0.025252681 wMSE=1923.7582 wMRED=0.96396226 wER=0.360545 wMAE=19.3730 wBias=-7.0939 condBias=23.7440 dotDrift=-10.351sigma uMRED=0.0672560163 uER=0.418945 uMAE=42.6348 WCE=418 bias=-21.6875
[pop05_soft:00800] loss=66.330673 tau=4.50 collapse_w=0.084 mid_frac=0.348 hard=score=0.1802309063 wNMSE=0.019207236 wMSE=1463.2141 wMRED=0.66982322 wER=0.360545 wMAE=15.4548 wBias=0.5765 condBias=19.4684 dotDrift=+0.964sigma uMRED=0.0616290888 uER=0.418945 uMAE=41.3359 WCE=386 bias=-17.9375
[pop05_soft:01000] loss=66.180450 tau=5.25 collapse_w=0.293 mid_frac=0.348 hard=score=0.1947009221 wNMSE=0.019383262 wMSE=1476.6238 wMRED=0.67255106 wER=0.360545 wMAE=15.5277 wBias=0.7517 condBias=19.5085 dotDrift=+1.252sigma uMRED=0.0616213922 uER=0.418945 uMAE=41.2422 WCE=386 bias=-17.6875
[pop05_soft:01199] loss=66.133423 tau=6.00 collapse_w=0.500 mid_frac=0.357 hard=score=0.1651857807 wNMSE=0.018905054 wMSE=1440.1938 wMRED=0.66181751 wER=0.360545 wMAE=15.3026 wBias=0.3478 condBias=19.3140 dotDrift=+0.587sigma uMRED=0.0615437151 uER=0.418945 uMAE=41.4297 WCE=386 bias=-18.1875
[pop05_hard:00000] loss=74.473495 tau=6.00 collapse_w=0.000 mid_frac=0.357 hard=score=0.1651857807 wNMSE=0.018905054 wMSE=1440.1938 wMRED=0.66181751 wER=0.360545 wMAE=15.3026 wBias=0.3478 condBias=19.3140 dotDrift=+0.587sigma uMRED=0.0615437151 uER=0.418945 uMAE=41.4297 WCE=386 bias=-18.1875
[pop05_hard:00200] loss=57.737129 tau=6.00 collapse_w=0.000 mid_frac=0.312 hard=score=0.3110598289 wNMSE=0.013299804 wMSE=1013.1838 wMRED=0.33196400 wER=0.360545 wMAE=10.1633 wBias=-1.9716 condBias=17.5073 dotDrift=-3.964sigma uMRED=0.0559540652 uER=0.418945 uMAE=41.2441 WCE=386 bias=-11.1875
[pop05_hard:00400] loss=52.193794 tau=6.00 collapse_w=0.000 mid_frac=0.277 hard=score=0.4965431233 wNMSE=0.01105958 wMSE=842.5227 wMRED=0.32409421 wER=0.354489 wMAE=9.5512 wBias=-2.8052 condBias=13.9761 dotDrift=-6.185sigma uMRED=0.0498368084 uER=0.413086 uMAE=37.0156 WCE=386 bias=-10.6875
[pop05_hard:00599] loss=74.927521 tau=6.00 collapse_w=0.000 mid_frac=0.232 hard=score=0.1658494700 wNMSE=0.013047137 wMSE=993.9355 wMRED=0.28955840 wER=0.376201 wMAE=9.8588 wBias=1.2595 condBias=15.3459 dotDrift=+2.557sigma uMRED=0.0518530769 uER=0.416992 uMAE=38.5078 WCE=293 bias=5.5625
[pop05] done (conf=0.51, noise=1.0); global best score=0.0309867233 wNMSE=0.0024237404 wMSE=184.6414 wMRED=0.15885366 wER=0.155645 wMAE=3.9358 wBias=-0.4356 condBias=7.7916 dotDrift=-2.051sigma uMRED=0.0105226322 uER=0.191406 uMAE=5.6250 WCE=80 bias=0.0000
[pop06_soft:00000] loss=11.148617 tau=1.50 collapse_w=0.000 mid_frac=0.268 hard=score=25.3929806450 wNMSE=0.44648357 wMSE=34013.2773 wMRED=4.48911088 wER=0.403299 wMAE=71.7772 wBias=-20.2930 condBias=95.6043 dotDrift=-7.042sigma uMRED=0.1912380474 uER=0.423828 uMAE=93.6055 WCE=868 bias=46.0000
[pop06_soft:00200] loss=77.723885 tau=2.25 collapse_w=0.000 mid_frac=0.259 hard=score=68.4495218431 wNMSE=0.29514773 wMSE=22484.4594 wMRED=4.19682822 wER=0.398205 wMAE=59.9484 wBias=-35.0331 condBias=76.6182 dotDrift=-14.953sigma uMRED=0.1367664475 uER=0.422852 uMAE=55.8320 WCE=540 bias=-41.1250
[pop06_soft:00400] loss=62.589325 tau=3.00 collapse_w=0.000 mid_frac=0.223 hard=score=0.9457416201 wNMSE=0.0170632 wMSE=1299.8806 wMRED=0.72735075 wER=0.365034 wMAE=15.5607 wBias=3.8556 condBias=19.3170 dotDrift=+6.844sigma uMRED=0.0554548166 uER=0.421875 uMAE=35.2969 WCE=316 bias=-15.6250
[pop06_soft:00600] loss=37.723801 tau=3.75 collapse_w=0.000 mid_frac=0.205 hard=score=0.2944368884 wNMSE=0.010990794 wMSE=837.2826 wMRED=0.27995835 wER=0.322203 wMAE=8.9344 wBias=-2.0221 condBias=14.8252 dotDrift=-4.472sigma uMRED=0.0444219695 uER=0.401367 uMAE=32.4453 WCE=316 bias=-18.1250
[pop06_soft:00800] loss=37.667126 tau=4.50 collapse_w=0.084 mid_frac=0.223 hard=score=0.4079745370 wNMSE=0.011058543 wMSE=842.4437 wMRED=0.27999143 wER=0.322203 wMAE=8.9403 wBias=-2.4858 condBias=14.8758 dotDrift=-5.481sigma uMRED=0.0445648328 uER=0.401367 uMAE=32.5703 WCE=316 bias=-18.6250
[pop06_soft:01000] loss=37.677326 tau=5.25 collapse_w=0.293 mid_frac=0.232 hard=score=0.4079745370 wNMSE=0.011058543 wMSE=842.4437 wMRED=0.27999143 wER=0.322203 wMAE=8.9403 wBias=-2.4858 condBias=14.8758 dotDrift=-5.481sigma uMRED=0.0445648328 uER=0.401367 uMAE=32.5703 WCE=316 bias=-18.6250
[pop06_soft:01199] loss=37.650368 tau=6.00 collapse_w=0.500 mid_frac=0.223 hard=score=0.2767245836 wNMSE=0.010946215 wMSE=833.8866 wMRED=0.24508281 wER=0.322203 wMAE=8.4923 wBias=-1.9424 condBias=14.7994 dotDrift=-4.305sigma uMRED=0.0436847755 uER=0.401367 uMAE=32.3203 WCE=316 bias=-18.1250
[pop06_hard:00000] loss=62.738384 tau=6.00 collapse_w=0.000 mid_frac=0.223 hard=score=0.2767245836 wNMSE=0.010946215 wMSE=833.8866 wMRED=0.24508281 wER=0.322203 wMAE=8.4923 wBias=-1.9424 condBias=14.7994 dotDrift=-4.305sigma uMRED=0.0436847755 uER=0.401367 uMAE=32.3203 WCE=316 bias=-18.1250
[pop06_hard:00200] loss=52.449711 tau=6.00 collapse_w=0.000 mid_frac=0.196 hard=score=0.1575881038 wNMSE=0.010141839 wMSE=772.6089 wMRED=0.25474674 wER=0.322203 wMAE=8.4409 wBias=-1.2860 condBias=14.2869 dotDrift=-2.961sigma uMRED=0.0413635263 uER=0.401367 uMAE=30.1641 WCE=280 bias=-15.5000
[pop06_hard:00400] loss=52.449711 tau=6.00 collapse_w=0.000 mid_frac=0.196 hard=score=0.1575881038 wNMSE=0.010141839 wMSE=772.6089 wMRED=0.25474674 wER=0.322203 wMAE=8.4409 wBias=-1.2860 condBias=14.2869 dotDrift=-2.961sigma uMRED=0.0413635263 uER=0.401367 uMAE=30.1641 WCE=280 bias=-15.5000
[pop06_hard:00599] loss=28.744812 tau=6.00 collapse_w=0.000 mid_frac=0.196 hard=score=0.0688934972 wNMSE=0.0090736492 wMSE=691.2338 wMRED=0.25274500 wER=0.322203 wMAE=8.0890 wBias=0.0097 condBias=14.4399 dotDrift=+0.024sigma uMRED=0.0349757259 uER=0.401367 uMAE=23.9141 WCE=340 bias=8.5000
[pop06] done (conf=0.53, noise=0.5); global best score=0.0309867233 wNMSE=0.0024237404 wMSE=184.6414 wMRED=0.15885366 wER=0.155645 wMAE=3.9358 wBias=-0.4356 condBias=7.7916 dotDrift=-2.051sigma uMRED=0.0105226322 uER=0.191406 uMAE=5.6250 WCE=80 bias=0.0000
[pop07_soft:00000] loss=18.680716 tau=1.50 collapse_w=0.000 mid_frac=0.411 hard=score=343.5257385794 wNMSE=1.1408185 wMSE=86907.9614 wMRED=14.10694649 wER=0.436803 wMAE=119.0823 wBias=79.0298 condBias=153.1684 dotDrift=+17.157sigma uMRED=0.3292365146 uER=0.434570 uMAE=112.3008 WCE=3952 bias=66.9375
[pop07_soft:00200] loss=98.733932 tau=2.25 collapse_w=0.000 mid_frac=0.339 hard=score=19.1528301355 wNMSE=0.30220815 wMSE=23022.3247 wMRED=4.84330548 wER=0.437165 wMAE=77.6473 wBias=-17.6270 condBias=85.2911 dotDrift=-7.435sigma uMRED=0.1648253695 uER=0.437500 uMAE=66.0469 WCE=737 bias=-38.2500
[pop07_soft:00400] loss=83.377136 tau=3.00 collapse_w=0.000 mid_frac=0.348 hard=score=92.1080885752 wNMSE=0.13230463 wMSE=10079.0137 wMRED=3.12378860 wER=0.412173 wMAE=45.2480 wBias=-41.0663 condBias=65.3232 dotDrift=-26.179sigma uMRED=0.1109983389 uER=0.434570 uMAE=47.4746 WCE=504 bias=-17.4375
[pop07_soft:00600] loss=70.961525 tau=3.75 collapse_w=0.000 mid_frac=0.304 hard=score=1.4315550791 wNMSE=0.019469408 wMSE=1483.1864 wMRED=0.58061501 wER=0.412173 wMAE=15.3963 wBias=-4.8685 condBias=20.9088 dotDrift=-8.091sigma uMRED=0.0500130171 uER=0.434570 uMAE=31.3555 WCE=504 bias=3.3125
[pop07_soft:00800] loss=67.485596 tau=4.50 collapse_w=0.084 mid_frac=0.277 hard=score=1.1469249132 wNMSE=0.014467015 wMSE=1102.1024 wMRED=0.54729349 wER=0.357358 wMAE=13.7903 wBias=-4.3813 condBias=17.9224 dotDrift=-8.446sigma uMRED=0.0430175875 uER=0.416016 uMAE=26.1992 WCE=376 bias=0.6875
[pop07_soft:01000] loss=38.875168 tau=5.25 collapse_w=0.293 mid_frac=0.259 hard=score=1.6392186385 wNMSE=0.011076051 wMSE=843.7775 wMRED=0.53956936 wER=0.357358 wMAE=12.9327 wBias=-5.3774 condBias=15.0321 dotDrift=-11.848sigma uMRED=0.0337946512 uER=0.416016 uMAE=19.0195 WCE=220 bias=-7.3125
[pop07_soft:01199] loss=38.747726 tau=6.00 collapse_w=0.500 mid_frac=0.250 hard=score=1.0074046800 wNMSE=0.012112571 wMSE=922.7400 wMRED=0.55465042 wER=0.357358 wMAE=13.7388 wBias=-4.1273 condBias=15.5263 dotDrift=-8.696sigma uMRED=0.0353782083 uER=0.416016 uMAE=19.8105 WCE=220 bias=-5.3125
[pop07_hard:00000] loss=26.792410 tau=6.00 collapse_w=0.000 mid_frac=0.250 hard=score=1.0074046800 wNMSE=0.012112571 wMSE=922.7400 wMRED=0.55465042 wER=0.357358 wMAE=13.7388 wBias=-4.1273 condBias=15.5263 dotDrift=-8.696sigma uMRED=0.0353782083 uER=0.416016 uMAE=19.8105 WCE=220 bias=-5.3125
[pop07_hard:00200] loss=26.792410 tau=6.00 collapse_w=0.000 mid_frac=0.250 hard=score=1.0074046800 wNMSE=0.012112571 wMSE=922.7400 wMRED=0.55465042 wER=0.357358 wMAE=13.7388 wBias=-4.1273 condBias=15.5263 dotDrift=-8.696sigma uMRED=0.0353782083 uER=0.416016 uMAE=19.8105 WCE=220 bias=-5.3125
[pop07_hard:00400] loss=26.792410 tau=6.00 collapse_w=0.000 mid_frac=0.250 hard=score=1.0074046800 wNMSE=0.012112571 wMSE=922.7400 wMRED=0.55465042 wER=0.357358 wMAE=13.7388 wBias=-4.1273 condBias=15.5263 dotDrift=-8.696sigma uMRED=0.0353782083 uER=0.416016 uMAE=19.8105 WCE=220 bias=-5.3125
[pop07_hard:00599] loss=28.499926 tau=6.00 collapse_w=0.000 mid_frac=0.241 hard=score=0.2802235087 wNMSE=0.010321843 wMSE=786.3217 wMRED=0.54030169 wER=0.357122 wMAE=13.1360 wBias=-2.0700 condBias=10.7758 dotDrift=-4.725sigma uMRED=0.0326170740 uER=0.415039 uMAE=18.6816 WCE=148 bias=-1.3125
[pop07] done (conf=0.51, noise=1.0); global best score=0.0309867233 wNMSE=0.0024237404 wMSE=184.6414 wMRED=0.15885366 wER=0.155645 wMAE=3.9358 wBias=-0.4356 condBias=7.7916 dotDrift=-2.051sigma uMRED=0.0105226322 uER=0.191406 uMAE=5.6250 WCE=80 bias=0.0000
[pop08_soft:00000] loss=6.970883 tau=1.50 collapse_w=0.000 mid_frac=0.339 hard=score=62.3675116962 wNMSE=0.22172141 wMSE=16890.8161 wMRED=4.24440708 wER=0.421903 wMAE=62.3944 wBias=-33.3897 condBias=72.9766 dotDrift=-16.442sigma uMRED=0.1361054943 uER=0.416992 uMAE=56.0293 WCE=484 bias=-39.1875
[pop08_soft:00200] loss=58.333603 tau=2.25 collapse_w=0.000 mid_frac=0.295 hard=score=0.5800608892 wNMSE=0.050892104 wMSE=3876.9786 wMRED=1.65884971 wER=0.400555 wMAE=32.6890 wBias=-2.4223 condBias=26.8430 dotDrift=-2.490sigma uMRED=0.0798653309 uER=0.411133 uMAE=43.4473 WCE=372 bias=-29.1875
[pop08_soft:00400] loss=62.815205 tau=3.00 collapse_w=0.000 mid_frac=0.241 hard=score=6.9047544055 wNMSE=0.036794227 wMSE=2802.9973 wMRED=1.15604593 wER=0.388787 wMAE=24.0614 wBias=-11.1014 condBias=23.9879 dotDrift=-13.420sigma uMRED=0.0696054024 uER=0.422852 uMAE=40.2207 WCE=394 bias=-22.2500
[pop08_soft:00600] loss=66.576668 tau=3.75 collapse_w=0.000 mid_frac=0.161 hard=score=0.8048810226 wNMSE=0.012641768 wMSE=963.0544 wMRED=0.39783040 wER=0.328618 wMAE=11.7418 wBias=-3.6625 condBias=15.1644 dotDrift=-7.553sigma uMRED=0.0453851708 uER=0.388672 uMAE=30.9336 WCE=298 bias=-23.4375
[pop08_soft:00800] loss=37.812374 tau=4.50 collapse_w=0.084 mid_frac=0.161 hard=score=0.8048810226 wNMSE=0.012641768 wMSE=963.0544 wMRED=0.39783040 wER=0.328618 wMAE=11.7418 wBias=-3.6625 condBias=15.1644 dotDrift=-7.553sigma uMRED=0.0453851708 uER=0.388672 uMAE=30.9336 WCE=298 bias=-23.4375
[pop08_soft:01000] loss=37.659370 tau=5.25 collapse_w=0.293 mid_frac=0.143 hard=score=0.8556083256 wNMSE=0.012628177 wMSE=962.0191 wMRED=0.39779588 wER=0.328618 wMAE=11.6768 wBias=-3.7871 condBias=15.2830 dotDrift=-7.814sigma uMRED=0.0451671618 uER=0.388672 uMAE=30.3945 WCE=298 bias=-24.4375
[pop08_soft:01199] loss=37.613338 tau=6.00 collapse_w=0.500 mid_frac=0.143 hard=score=0.8071840114 wNMSE=0.012136381 wMSE=924.5538 wMRED=0.39706035 wER=0.328618 wMAE=11.5645 wBias=-3.6749 condBias=14.9667 dotDrift=-7.735sigma uMRED=0.0428711811 uER=0.388672 uMAE=28.3945 WCE=298 bias=-22.4375
[pop08_hard:00000] loss=71.643944 tau=6.00 collapse_w=0.000 mid_frac=0.143 hard=score=0.8071840114 wNMSE=0.012136381 wMSE=924.5538 wMRED=0.39706035 wER=0.328618 wMAE=11.5645 wBias=-3.6749 condBias=14.9667 dotDrift=-7.735sigma uMRED=0.0428711811 uER=0.388672 uMAE=28.3945 WCE=298 bias=-22.4375
[pop08_hard:00200] loss=60.868977 tau=6.00 collapse_w=0.000 mid_frac=0.098 hard=score=0.5644688629 wNMSE=0.011036954 wMSE=840.7991 wMRED=0.36027208 wER=0.328618 wMAE=10.9152 wBias=-3.0256 condBias=14.2333 dotDrift=-6.678sigma uMRED=0.0393194011 uER=0.388672 uMAE=25.8945 WCE=234 bias=-19.9375
[pop08_hard:00400] loss=33.013359 tau=6.00 collapse_w=0.000 mid_frac=0.071 hard=score=0.8672316770 wNMSE=0.012700163 wMSE=967.5029 wMRED=0.35500335 wER=0.329025 wMAE=10.5200 wBias=3.7656 condBias=16.8547 dotDrift=+7.748sigma uMRED=0.0386500883 uER=0.394531 uMAE=25.1230 WCE=240 bias=-6.4375
[pop08_hard:00599] loss=40.751583 tau=6.00 collapse_w=0.000 mid_frac=0.071 hard=score=0.0387343713 wNMSE=0.0064824297 wMSE=493.8338 wMRED=0.31738794 wER=0.329025 wMAE=8.5810 wBias=-0.2173 condBias=9.7408 dotDrift=-0.626sigma uMRED=0.0314726680 uER=0.394531 uMAE=21.2168 WCE=234 bias=-14.3125
[pop08] done (conf=0.53, noise=0.5); global best score=0.0309867233 wNMSE=0.0024237404 wMSE=184.6414 wMRED=0.15885366 wER=0.155645 wMAE=3.9358 wBias=-0.4356 condBias=7.7916 dotDrift=-2.051sigma uMRED=0.0105226322 uER=0.191406 uMAE=5.6250 WCE=80 bias=0.0000
[pop09_soft:00000] loss=12.967680 tau=1.50 collapse_w=0.000 mid_frac=0.384 hard=score=257.1118596837 wNMSE=0.59660609 wMSE=45449.6646 wMRED=5.30169725 wER=0.433798 wMAE=87.6539 wBias=68.2955 condBias=137.6688 dotDrift=+20.502sigma uMRED=0.1700671953 uER=0.434570 uMAE=69.0801 WCE=937 bias=50.4375
[pop09_soft:00200] loss=83.596130 tau=2.25 collapse_w=0.000 mid_frac=0.384 hard=score=12.6789481341 wNMSE=0.067968943 wMSE=5177.8983 wMRED=2.34070008 wER=0.435686 wMAE=32.4336 wBias=-15.0388 condBias=37.9037 dotDrift=-13.376sigma uMRED=0.0736993268 uER=0.425781 uMAE=31.1680 WCE=288 bias=-5.8125
[pop09_soft:00400] loss=93.204399 tau=3.00 collapse_w=0.000 mid_frac=0.375 hard=score=28.5964088381 wNMSE=0.053804489 wMSE=4098.8451 wMRED=1.75783926 wER=0.378656 wMAE=30.2470 wBias=-22.8493 condBias=37.5023 dotDrift=-22.841sigma uMRED=0.0732832497 uER=0.424805 uMAE=34.7324 WCE=247 bias=-9.4375
[pop09_soft:00600] loss=62.642166 tau=3.75 collapse_w=0.000 mid_frac=0.259 hard=score=5.6769793429 wNMSE=0.017626039 wMSE=1342.7579 wMRED=0.96431509 wER=0.378987 wMAE=17.5180 wBias=-10.1268 condBias=20.6679 dotDrift=-17.687sigma uMRED=0.0497588423 uER=0.430664 uMAE=27.4434 WCE=240 bias=-2.0625
[pop09_soft:00800] loss=39.022568 tau=4.50 collapse_w=0.084 mid_frac=0.223 hard=score=0.9374804131 wNMSE=0.010903268 wMSE=830.6149 wMRED=0.48987139 wER=0.368717 wMAE=11.8684 wBias=-3.9920 condBias=15.0094 dotDrift=-8.865sigma uMRED=0.0383971212 uER=0.418945 uMAE=24.5762 WCE=240 bias=-0.3125
[pop09_soft:01000] loss=38.258179 tau=5.25 collapse_w=0.293 mid_frac=0.223 hard=score=0.1090871788 wNMSE=0.0099757346 wMSE=759.9550 wMRED=0.32354448 wER=0.352783 wMAE=9.8254 wBias=-0.8387 condBias=14.4568 dotDrift=-1.947sigma uMRED=0.0351204965 uER=0.418945 uMAE=24.0078 WCE=240 bias=1.1875
[pop09_soft:01199] loss=38.205002 tau=6.00 collapse_w=0.500 mid_frac=0.241 hard=score=0.1090871788 wNMSE=0.0099757346 wMSE=759.9550 wMRED=0.32354448 wER=0.352783 wMAE=9.8254 wBias=-0.8387 condBias=14.4568 dotDrift=-1.947sigma uMRED=0.0351204965 uER=0.418945 uMAE=24.0078 WCE=240 bias=1.1875
[pop09_hard:00000] loss=13.730835 tau=6.00 collapse_w=0.000 mid_frac=0.241 hard=score=0.1090871788 wNMSE=0.0099757346 wMSE=759.9550 wMRED=0.32354448 wER=0.352783 wMAE=9.8254 wBias=-0.8387 condBias=14.4568 dotDrift=-1.947sigma uMRED=0.0351204965 uER=0.418945 uMAE=24.0078 WCE=240 bias=1.1875
[pop09_hard:00200] loss=76.963501 tau=6.00 collapse_w=0.000 mid_frac=0.241 hard=score=4.8321152409 wNMSE=0.033459698 wMSE=2548.9717 wMRED=0.37435590 wER=0.346118 wMAE=13.2484 wBias=-9.2510 condBias=23.2796 dotDrift=-11.727sigma uMRED=0.0448910580 uER=0.413086 uMAE=29.9336 WCE=404 bias=-15.0625
[pop09_hard:00400] loss=64.580765 tau=6.00 collapse_w=0.000 mid_frac=0.179 hard=score=3.0441327520 wNMSE=0.033309174 wMSE=2537.5047 wMRED=0.37994567 wER=0.330129 wMAE=13.4131 wBias=-7.2410 condBias=23.3405 dotDrift=-9.200sigma uMRED=0.0447172629 uER=0.405273 uMAE=29.3398 WCE=400 bias=-11.5625
[pop09_hard:00599] loss=49.652645 tau=6.00 collapse_w=0.000 mid_frac=0.134 hard=score=1.6597082900 wNMSE=0.037901217 wMSE=2887.3282 wMRED=0.38113653 wER=0.348890 wMAE=14.2988 wBias=-5.1424 condBias=25.1458 dotDrift=-6.125sigma uMRED=0.0546261875 uER=0.416016 uMAE=37.3086 WCE=392 bias=-2.4375
[pop09] done (conf=0.51, noise=1.0); global best score=0.0309867233 wNMSE=0.0024237404 wMSE=184.6414 wMRED=0.15885366 wER=0.155645 wMAE=3.9358 wBias=-0.4356 condBias=7.7916 dotDrift=-2.051sigma uMRED=0.0105226322 uER=0.191406 uMAE=5.6250 WCE=80 bias=0.0000
[pop10_soft:00000] loss=11.642691 tau=1.50 collapse_w=0.000 mid_frac=0.330 hard=score=142.1105614824 wNMSE=0.54786493 wMSE=41736.5452 wMRED=9.42252113 wER=0.429651 wMAE=80.0199 wBias=50.9128 condBias=87.1476 dotDrift=+15.950sigma uMRED=0.2317791516 uER=0.431641 uMAE=83.9902 WCE=3948 bias=30.8750
[pop10_soft:00200] loss=73.713959 tau=2.25 collapse_w=0.000 mid_frac=0.223 hard=score=1.4915520674 wNMSE=0.043082805 wMSE=3282.0635 wMRED=1.75871556 wER=0.403769 wMAE=29.0406 wBias=-4.6938 condBias=29.9099 dotDrift=-5.244sigma uMRED=0.0749786663 uER=0.428711 uMAE=38.9746 WCE=501 bias=-29.1875
[pop10_soft:00400] loss=62.716316 tau=3.00 collapse_w=0.000 mid_frac=0.196 hard=score=0.9809818990 wNMSE=0.020261746 wMSE=1543.5470 wMRED=0.43523598 wER=0.355399 wMAE=13.0011 wBias=-3.9420 condBias=20.9058 dotDrift=-6.422sigma uMRED=0.0569264842 uER=0.418945 uMAE=39.5586 WCE=408 bias=-7.6250
[pop10_soft:00600] loss=37.923771 tau=3.75 collapse_w=0.000 mid_frac=0.188 hard=score=0.2298775361 wNMSE=0.017050122 wMSE=1298.8844 wMRED=0.35489097 wER=0.362582 wMAE=11.4061 wBias=-1.4306 condBias=19.0051 dotDrift=-2.540sigma uMRED=0.0520454372 uER=0.421875 uMAE=37.0898 WCE=390 bias=-4.5000
[pop10_soft:00800] loss=37.712414 tau=4.50 collapse_w=0.084 mid_frac=0.188 hard=score=0.2420707882 wNMSE=0.017056677 wMSE=1299.3837 wMRED=0.35252775 wER=0.344447 wMAE=11.4597 wBias=-1.5067 condBias=19.0145 dotDrift=-2.675sigma uMRED=0.0520622865 uER=0.418945 uMAE=37.1172 WCE=390 bias=-4.6250
[pop10_soft:01000] loss=37.677094 tau=5.25 collapse_w=0.293 mid_frac=0.214 hard=score=0.1932489938 wNMSE=0.01702152 wMSE=1296.7054 wMRED=0.34031998 wER=0.330312 wMAE=11.2242 wBias=-1.1744 condBias=18.9879 dotDrift=-2.087sigma uMRED=0.0517123049 uER=0.413086 uMAE=36.9766 WCE=390 bias=-4.2500
[pop10_soft:01199] loss=37.650181 tau=6.00 collapse_w=0.500 mid_frac=0.214 hard=score=0.1932489938 wNMSE=0.01702152 wMSE=1296.7054 wMRED=0.34031998 wER=0.330312 wMAE=11.2242 wBias=-1.1744 condBias=18.9879 dotDrift=-2.087sigma uMRED=0.0517123049 uER=0.413086 uMAE=36.9766 WCE=390 bias=-4.2500
[pop10_hard:00000] loss=38.372829 tau=6.00 collapse_w=0.000 mid_frac=0.214 hard=score=0.1932489938 wNMSE=0.01702152 wMSE=1296.7054 wMRED=0.34031998 wER=0.330312 wMAE=11.2242 wBias=-1.1744 condBias=18.9879 dotDrift=-2.087sigma uMRED=0.0517123049 uER=0.413086 uMAE=36.9766 WCE=390 bias=-4.2500
[pop10_hard:00200] loss=36.853146 tau=6.00 collapse_w=0.000 mid_frac=0.152 hard=score=0.1483515736 wNMSE=0.014588266 wMSE=1111.3393 wMRED=0.33337132 wER=0.330312 wMAE=10.7629 wBias=-0.9044 condBias=17.8162 dotDrift=-1.736sigma uMRED=0.0424565140 uER=0.413086 uMAE=28.4766 WCE=322 bias=-8.1250
[pop10_hard:00400] loss=71.508835 tau=6.00 collapse_w=0.000 mid_frac=0.125 hard=score=0.0988623046 wNMSE=0.014285349 wMSE=1088.2630 wMRED=0.32081594 wER=0.330192 wMAE=10.3628 wBias=0.0823 condBias=17.2515 dotDrift=+0.160sigma uMRED=0.0387319732 uER=0.412109 uMAE=26.1289 WCE=276 bias=-0.1250
[pop10_hard:00599] loss=71.508835 tau=6.00 collapse_w=0.000 mid_frac=0.134 hard=score=3.7645331580 wNMSE=0.024446632 wMSE=1862.3531 wMRED=0.34560182 wER=0.330192 wMAE=11.8747 wBias=-8.1547 condBias=21.4645 dotDrift=-12.094sigma uMRED=0.0425797994 uER=0.412109 uMAE=28.3164 WCE=340 bias=-16.1250
[pop10] done (conf=0.53, noise=0.5); global best score=0.0309867233 wNMSE=0.0024237404 wMSE=184.6414 wMRED=0.15885366 wER=0.155645 wMAE=3.9358 wBias=-0.4356 condBias=7.7916 dotDrift=-2.051sigma uMRED=0.0105226322 uER=0.191406 uMAE=5.6250 WCE=80 bias=0.0000
[pop11_soft:00000] loss=13.741404 tau=1.50 collapse_w=0.000 mid_frac=0.446 hard=score=79.7585996424 wNMSE=0.7452244 wMSE=56771.4604 wMRED=7.51392783 wER=0.437023 wMAE=130.0290 wBias=36.9615 condBias=134.4041 dotDrift=+9.928sigma uMRED=0.2765928760 uER=0.434570 uMAE=117.3691 WCE=987 bias=47.3750
[pop11_soft:00200] loss=142.114502 tau=2.25 collapse_w=0.000 mid_frac=0.411 hard=score=3.6596776582 wNMSE=0.46350491 wMSE=35309.9693 wMRED=6.52075937 wER=0.426825 wMAE=100.9399 wBias=0.0665 condBias=102.0807 dotDrift=+0.023sigma uMRED=0.1991126366 uER=0.425781 uMAE=74.8965 WCE=554 bias=-22.1250
[pop11_soft:00400] loss=170.737625 tau=3.00 collapse_w=0.000 mid_frac=0.393 hard=score=6.0944985161 wNMSE=0.069047659 wMSE=5260.0753 wMRED=1.93897518 wER=0.408324 wMAE=39.2503 wBias=9.7732 condBias=53.9177 dotDrift=+8.624sigma uMRED=0.0863559206 uER=0.421875 uMAE=46.1621 WCE=392 bias=-1.5625
[pop11_soft:00600] loss=112.338699 tau=3.75 collapse_w=0.000 mid_frac=0.348 hard=score=5.6395698563 wNMSE=0.068627405 wMSE=5228.0601 wMRED=1.93366471 wER=0.408324 wMAE=39.2285 wBias=9.3347 condBias=53.6705 dotDrift=+8.262sigma uMRED=0.0864438147 uER=0.421875 uMAE=46.3105 WCE=392 bias=-2.0625
[pop11_soft:00800] loss=103.307007 tau=4.50 collapse_w=0.084 mid_frac=0.339 hard=score=4.7171365993 wNMSE=0.060284642 wMSE=4592.5055 wMRED=1.83460927 wER=0.407930 wMAE=36.2406 wBias=8.6293 condBias=43.9819 dotDrift=+8.149sigma uMRED=0.0810455374 uER=0.421875 uMAE=41.9883 WCE=392 bias=-5.3750
[pop11_soft:01000] loss=102.153305 tau=5.25 collapse_w=0.293 mid_frac=0.330 hard=score=4.1450614889 wNMSE=0.059192057 wMSE=4509.2720 wMRED=1.83243461 wER=0.411280 wMAE=36.1762 wBias=8.0123 condBias=42.9677 dotDrift=+7.636sigma uMRED=0.0809887298 uER=0.424805 uMAE=41.9883 WCE=360 bias=-6.3750
[pop11_soft:01199] loss=100.876335 tau=6.00 collapse_w=0.500 mid_frac=0.304 hard=score=3.6702049368 wNMSE=0.058080337 wMSE=4424.5808 wMRED=1.79796466 wER=0.411280 wMAE=35.7795 wBias=7.4689 condBias=42.0837 dotDrift=+7.186sigma uMRED=0.0807199476 uER=0.424805 uMAE=42.2383 WCE=360 bias=-6.8750
[pop11_hard:00000] loss=114.313560 tau=6.00 collapse_w=0.000 mid_frac=0.304 hard=score=3.6702049368 wNMSE=0.058080337 wMSE=4424.5808 wMRED=1.79796466 wER=0.411280 wMAE=35.7795 wBias=7.4689 condBias=42.0837 dotDrift=+7.186sigma uMRED=0.0807199476 uER=0.424805 uMAE=42.2383 WCE=360 bias=-6.8750
[pop11_hard:00200] loss=111.016609 tau=6.00 collapse_w=0.000 mid_frac=0.277 hard=score=2.9609449642 wNMSE=0.052406545 wMSE=3992.3493 wMRED=1.78834123 wER=0.411280 wMAE=34.6431 wBias=6.6130 condBias=40.6466 dotDrift=+6.698sigma uMRED=0.0677998725 uER=0.424805 uMAE=31.7383 WCE=212 bias=-12.3750
[pop11_hard:00400] loss=331.475159 tau=6.00 collapse_w=0.000 mid_frac=0.268 hard=score=79.0220296779 wNMSE=0.23799098 wMSE=18130.2376 wMRED=4.45221336 wER=0.411465 wMAE=61.9270 wBias=-37.8057 condBias=78.3661 dotDrift=-17.969sigma uMRED=0.1220475793 uER=0.428711 uMAE=39.8262 WCE=531 bias=-25.3750
[pop11_hard:00599] loss=240.213165 tau=6.00 collapse_w=0.000 mid_frac=0.214 hard=score=49.9139359863 wNMSE=0.23613485 wMSE=17988.8371 wMRED=4.44134511 wER=0.406635 wMAE=62.5199 wBias=-29.8252 condBias=77.7123 dotDrift=-14.232sigma uMRED=0.1287292266 uER=0.418945 uMAE=46.1191 WCE=527 bias=0.5625
[pop11] done (conf=0.51, noise=1.0); global best score=0.0309867233 wNMSE=0.0024237404 wMSE=184.6414 wMRED=0.15885366 wER=0.155645 wMAE=3.9358 wBias=-0.4356 condBias=7.7916 dotDrift=-2.051sigma uMRED=0.0105226322 uER=0.191406 uMAE=5.6250 WCE=80 bias=0.0000
[best] stage=guard_baseline score=0.0309867233 wNMSE=0.0024237404 wMSE=184.6414 wMRED=0.15885366 wER=0.155645 wMAE=3.9358 wBias=-0.4356 condBias=7.7916 dotDrift=-2.051sigma uMRED=0.0105226322 uER=0.191406 uMAE=5.6250 WCE=80 bias=0.0000
[best-json] /home/xuanqi/tony/work/FPGA/signed8x8_approx/signed8x8_2026_8_22/runs_qwen_aligned_v2_20260914/balanced/rand512/best_signed88_inits.json
[best-rtl] /home/xuanqi/tony/work/FPGA/signed8x8_approx/signed8x8_2026_8_22/runs_qwen_aligned_v2_20260914/balanced/rand512/best_rtl
[design] balanced_split search_bits=112
[safety] max_zero_violations=0 max_workload_zero_violation_probability=0
[metric-guard] relative_to_base=0.02 limits={'max_zero_violations': 0, 'max_workload_zero_violation_probability': 0.0, 'max_wce': 80, 'max_er': 0.19523437500000002, 'max_mred': 0.010733084807042093, 'max_ned': 0.000350189208984375, 'max_rmse': 17.219581876456818, 'max_nmse': 9.745882157349079e-06, 'max_abs_bias': 0.26378035962709584, 'max_workload_wce': 80, 'max_workload_er': 0.15875788810767935, 'max_workload_mred': 0.16203073665724843, 'max_workload_ned': 0.0002450249775910757, 'max_workload_rmse': 13.860047524219818, 'max_workload_nmse': 0.0024722151792031907, 'max_abs_workload_bias': 0.44427513714074085, 'max_conditional_bias_rms': 7.947400592741819}
[start] score=0.0309867233 wNMSE=0.0024237404 wMSE=184.6414 wMRED=0.15885366 wER=0.155645 wMAE=3.9358 wBias=-0.4356 condBias=7.7916 dotDrift=-2.051sigma uMRED=0.0105226322 uER=0.191406 uMAE=5.6250 WCE=80 bias=0.0000
[single] ACCEPT ['lo_lut23:47'] 0.0309867233->0.0233118611 wNMSE=0.0023228112 wBias=-0.27470
[single] round=2 no improvement
[pair] ACCEPT ['mid_lut23:47', 'mid_lut23:51'] 0.0233118611->0.0113911570 wNMSE=0.00078351931 wBias=-0.24771
[pair] round=2 no improvement
[final] score=0.0113911570 wNMSE=0.00078351931 wMSE=59.6888 wMRED=0.12811284 wER=0.155645 wMAE=2.5140 wBias=-0.2477 condBias=4.5812 dotDrift=-2.052sigma uMRED=0.0066776286 uER=0.191406 uMAE=3.3750 WCE=48 bias=0.2500
[json] /home/xuanqi/tony/work/FPGA/signed8x8_approx/signed8x8_2026_8_22/runs_qwen_aligned_v2_20260914/balanced/rand512/refined/best_signed88_inits.json
