[design] balanced_split quad4 entries=112
[device] cuda
[initial] score=633.3274449084 wNMSE=2.3795204 wMSE=153289.4152 wMRED=11.86246824 wER=0.436890 wMAE=201.8958 wBias=99.4712 condBias=218.2938 dotDrift=+16.260sigma uMRED=0.3612703972 uER=0.431641 uMAE=127.0059 WCE=1184 bias=68.0000
[quad_warmup_bit:00000] loss=5.621534 tau=1.50 collapse_w=0.000 mid_frac=0.420 hard=score=633.3274449084 wNMSE=2.3795204 wMSE=153289.4152 wMRED=11.86246824 wER=0.436890 wMAE=201.8958 wBias=99.4712 condBias=218.2938 dotDrift=+16.260sigma uMRED=0.3612703972 uER=0.431641 uMAE=127.0059 WCE=1184 bias=68.0000
[quad_warmup_bit:00075] loss=3.826286 tau=1.50 collapse_w=0.000 mid_frac=0.411 hard=score=606.5712701781 wNMSE=2.0809008 wMSE=134052.2516 wMRED=10.76702895 wER=0.436890 wMAE=181.0766 wBias=97.3692 condBias=206.0473 dotDrift=+17.020sigma uMRED=0.3109843289 uER=0.431641 uMAE=105.6582 WCE=1168 bias=21.8750 *BEST*
[quad_warmup_bit:00100] loss=3.296616 tau=1.50 collapse_w=0.000 mid_frac=0.411 hard=score=594.0545693100 wNMSE=2.059251 wMSE=132657.5637 wMRED=10.74004725 wER=0.437169 wMAE=180.3903 wBias=96.3563 condBias=204.9981 dotDrift=+16.931sigma uMRED=0.3098912789 uER=0.437500 uMAE=105.2012 WCE=1168 bias=20.6875 *BEST*
[quad_warmup_bit:00125] loss=2.801485 tau=1.50 collapse_w=0.000 mid_frac=0.411 hard=score=565.5529562392 wNMSE=2.0767653 wMSE=133785.8375 wMRED=10.75591792 wER=0.437169 wMAE=181.7864 wBias=94.0005 condBias=205.8108 dotDrift=+16.448sigma uMRED=0.3240235622 uER=0.437500 uMAE=116.2812 WCE=1168 bias=-1.2500 *BEST*
[quad_warmup_bit:00150] loss=2.342036 tau=1.50 collapse_w=0.000 mid_frac=0.411 hard=score=398.3408837069 wNMSE=1.6407739 wMSE=105699.1459 wMRED=9.84123979 wER=0.437169 wMAE=166.7711 wBias=78.8588 condBias=185.1215 dotDrift=+15.524sigma uMRED=0.3041441529 uER=0.437500 uMAE=112.2812 WCE=1040 bias=-5.7500 *BEST*
[quad_warmup_bit:00175] loss=1.920371 tau=1.50 collapse_w=0.000 mid_frac=0.411 hard=score=1.3906461712 wNMSE=0.43055791 wMSE=27736.6691 wMRED=5.44271855 wER=0.436912 wMAE=93.4244 wBias=3.1446 condBias=94.4424 dotDrift=+1.208sigma uMRED=0.2092840058 uER=0.431641 uMAE=93.8203 WCE=644 bias=-30.3750 *BEST*
[quad_warmup_bit:00200] loss=1.538792 tau=1.50 collapse_w=0.000 mid_frac=0.402 hard=score=4.9850723566 wNMSE=0.38369507 wMSE=24717.7510 wMRED=4.96709371 wER=0.402633 wMAE=83.8063 wBias=-8.2379 condBias=85.7763 dotDrift=-3.353sigma uMRED=0.1934337016 uER=0.425781 uMAE=87.6719 WCE=644 bias=-40.3750
[quad_warmup_bit:00400] loss=0.257373 tau=1.50 collapse_w=0.000 mid_frac=0.366 hard=score=245.9673703285 wNMSE=1.1129165 wMSE=71694.4126 wMRED=8.28630180 wER=0.402633 wMAE=129.5401 wBias=-61.9563 condBias=145.8733 dotDrift=-14.809sigma uMRED=0.2792253772 uER=0.425781 uMAE=110.0625 WCE=872 bias=-88.7500
[quad_warmup_bit:00600] loss=0.224513 tau=1.50 collapse_w=0.000 mid_frac=0.366 hard=score=239.6723278913 wNMSE=1.1086639 wMSE=71420.4600 wMRED=8.30689193 wER=0.386062 wMAE=129.4215 wBias=-61.1532 condBias=145.5205 dotDrift=-14.645sigma uMRED=0.2829110926 uER=0.414062 uMAE=113.2344 WCE=872 bias=-91.6250
[quad_warmup_bit:00800] loss=0.210851 tau=1.50 collapse_w=0.000 mid_frac=0.357 hard=score=228.3229558837 wNMSE=1.0950613 wMSE=70544.1766 wMRED=8.20746168 wER=0.386062 wMAE=127.7386 wBias=-59.6798 condBias=143.3667 dotDrift=-14.381sigma uMRED=0.2763208801 uER=0.414062 uMAE=108.9219 WCE=856 bias=-87.3750
[quad_warmup_bit:01000] loss=0.200074 tau=1.50 collapse_w=0.000 mid_frac=0.366 hard=score=593.6360449734 wNMSE=0.94074658 wMSE=60603.1753 wMRED=6.19312896 wER=0.340079 wMAE=96.6730 wBias=-96.4771 condBias=176.2661 dotDrift=-25.082sigma uMRED=0.2355117003 uER=0.406250 uMAE=101.2656 WCE=856 bias=-97.3750
[quad_warmup_bit:01200] loss=0.191516 tau=1.50 collapse_w=0.000 mid_frac=0.321 hard=score=570.0205919959 wNMSE=0.90616141 wMSE=58375.1883 wMRED=5.98296874 wER=0.320174 wMAE=94.5381 wBias=-94.5381 condBias=173.0667 dotDrift=-25.042sigma uMRED=0.2320783893 uER=0.394531 uMAE=100.5000 WCE=816 bias=-100.5000
[quad_warmup_bit:01400] loss=0.184202 tau=1.50 collapse_w=0.000 mid_frac=0.321 hard=score=543.0009666847 wNMSE=0.88477643 wMSE=56997.5613 wMRED=5.89370680 wER=0.301318 wMAE=92.2672 wBias=-92.2672 condBias=168.7425 dotDrift=-24.734sigma uMRED=0.2262879830 uER=0.390625 uMAE=97.3750 WCE=816 bias=-97.3750
[quad_warmup_bit:01600] loss=0.177523 tau=1.50 collapse_w=0.000 mid_frac=0.295 hard=score=473.4528141925 wNMSE=0.75844043 wMSE=48858.9583 wMRED=5.39389046 wER=0.297606 wMAE=86.1575 wBias=-86.1575 condBias=156.9916 dotDrift=-24.946sigma uMRED=0.2147905724 uER=0.373047 uMAE=94.6250 WCE=804 bias=-94.6250
[quad_warmup_bit:01800] loss=0.171463 tau=1.50 collapse_w=0.000 mid_frac=0.304 hard=score=439.1666548879 wNMSE=0.73539224 wMSE=47374.1875 wMRED=5.19590355 wER=0.297606 wMAE=82.9728 wBias=-82.9728 condBias=154.5456 dotDrift=-24.397sigma uMRED=0.2074113043 uER=0.373047 uMAE=91.1250 WCE=804 bias=-91.1250
[quad_warmup_bit:02000] loss=0.165639 tau=1.50 collapse_w=0.000 mid_frac=0.286 hard=score=420.3918721615 wNMSE=0.70420445 wMSE=45365.0603 wMRED=5.16837953 wER=0.297204 wMAE=81.2006 wBias=-81.1804 condBias=151.1090 dotDrift=-24.393sigma uMRED=0.1989543873 uER=0.364258 uMAE=85.5000 WCE=704 bias=-85.1250
[quad_warmup_bit:02200] loss=0.160243 tau=1.50 collapse_w=0.000 mid_frac=0.259 hard=score=411.6985901419 wNMSE=0.70185284 wMSE=45213.5691 wMRED=5.14046443 wER=0.275418 wMAE=80.3550 wBias=-80.3347 condBias=149.4274 dotDrift=-24.180sigma uMRED=0.1970298474 uER=0.356445 uMAE=84.5000 WCE=704 bias=-84.1250
[quad_warmup_bit:02400] loss=0.155804 tau=1.50 collapse_w=0.000 mid_frac=0.241 hard=score=403.0753158437 wNMSE=0.68913679 wMSE=44394.3972 wMRED=5.12699534 wER=0.275418 wMAE=79.5089 wBias=-79.4887 condBias=147.7450 dotDrift=-24.145sigma uMRED=0.1936794417 uER=0.356445 uMAE=82.5000 WCE=704 bias=-82.1250
[quad_warmup_bit:02600] loss=0.151887 tau=1.50 collapse_w=0.000 mid_frac=0.259 hard=score=384.1435306619 wNMSE=0.67899278 wMSE=43740.9174 wMRED=5.10503474 wER=0.271853 wMAE=77.6102 wBias=-77.5948 condBias=145.9483 dotDrift=-23.745sigma uMRED=0.1789039714 uER=0.325195 uMAE=70.6562 WCE=704 bias=-70.3750
[quad_warmup_bit:02800] loss=0.148127 tau=1.50 collapse_w=0.000 mid_frac=0.241 hard=score=385.0295018154 wNMSE=0.67949088 wMSE=43773.0048 wMRED=5.10707996 wER=0.271707 wMAE=77.6975 wBias=-77.6844 condBias=146.0080 dotDrift=-23.764sigma uMRED=0.1790693744 uER=0.322266 uMAE=70.7344 WCE=704 bias=-70.5000
[quad_warmup_bit:03000] loss=0.144132 tau=1.50 collapse_w=0.000 mid_frac=0.241 hard=score=443.2774249484 wNMSE=0.72513014 wMSE=46713.0995 wMRED=5.49645631 wER=0.271707 wMAE=83.3779 wBias=-83.3649 condBias=149.6687 dotDrift=-24.686sigma uMRED=0.1830398903 uER=0.322266 uMAE=68.7344 WCE=768 bias=-68.5000
[quad_warmup_bit:03200] loss=0.139420 tau=1.50 collapse_w=0.000 mid_frac=0.232 hard=score=322.4122806768 wNMSE=0.49815562 wMSE=32091.3337 wMRED=4.58180390 wER=0.271707 wMAE=71.1155 wBias=-71.1024 condBias=125.5513 dotDrift=-25.402sigma uMRED=0.1625540501 uER=0.322266 uMAE=64.7344 WCE=640 bias=-64.5000
[quad_warmup_bit:03400] loss=0.133639 tau=1.50 collapse_w=0.000 mid_frac=0.205 hard=score=208.4543527868 wNMSE=0.41505738 wMSE=26738.1204 wMRED=3.78586256 wER=0.223484 wMAE=57.6256 wBias=-57.1467 condBias=113.5726 dotDrift=-22.367sigma uMRED=0.1229547956 uER=0.279297 uMAE=43.9688 WCE=512 bias=-42.5000
[quad_warmup_bit:03600] loss=0.126993 tau=1.50 collapse_w=0.000 mid_frac=0.205 hard=score=208.4543527868 wNMSE=0.41505738 wMSE=26738.1204 wMRED=3.78586256 wER=0.223484 wMAE=57.6256 wBias=-57.1467 condBias=113.5726 dotDrift=-22.367sigma uMRED=0.1229547956 uER=0.279297 uMAE=43.9688 WCE=512 bias=-42.5000
[quad_warmup_bit:03800] loss=0.120057 tau=1.50 collapse_w=0.000 mid_frac=0.196 hard=score=158.9257247363 wNMSE=0.37916291 wMSE=24425.7877 wMRED=3.71084233 wER=0.222748 wMAE=52.8745 wBias=-49.8818 condBias=99.2036 dotDrift=-20.427sigma uMRED=0.0984152478 uER=0.263672 uMAE=27.0938 WCE=512 bias=-17.5000
[quad_warmup_bit:04000] loss=0.112333 tau=1.50 collapse_w=0.000 mid_frac=0.179 hard=score=158.9257247363 wNMSE=0.37916291 wMSE=24425.7877 wMRED=3.71084233 wER=0.222748 wMAE=52.8745 wBias=-49.8818 condBias=99.2036 dotDrift=-20.427sigma uMRED=0.0984152478 uER=0.263672 uMAE=27.0938 WCE=512 bias=-17.5000
[quad_warmup_bit:04200] loss=0.103550 tau=1.50 collapse_w=0.000 mid_frac=0.152 hard=score=158.9257247363 wNMSE=0.37916291 wMSE=24425.7877 wMRED=3.71084233 wER=0.222748 wMAE=52.8745 wBias=-49.8818 condBias=99.2036 dotDrift=-20.427sigma uMRED=0.0984152478 uER=0.263672 uMAE=27.0938 WCE=512 bias=-17.5000
[quad_warmup_bit:04400] loss=0.093905 tau=1.50 collapse_w=0.000 mid_frac=0.143 hard=score=169.8470882237 wNMSE=0.37769485 wMSE=24331.2146 wMRED=3.70181239 wER=0.216649 wMAE=52.1357 wBias=-51.5739 condBias=102.5818 dotDrift=-21.161sigma uMRED=0.0943759275 uER=0.244141 uMAE=24.4219 WCE=512 bias=-21.5000
[quad_warmup_bit:04500] loss=0.089657 tau=1.50 collapse_w=0.000 mid_frac=0.143 hard=score=0.4233683633 wNMSE=0.0057142628 wMSE=368.1145 wMRED=0.13619763 wER=0.157132 wMAE=5.3327 wBias=-2.5241 condBias=10.6084 dotDrift=-8.420sigma uMRED=0.0163898091 uER=0.228516 uMAE=9.7500 WCE=144 bias=-5.5000 *BEST*
[quad_warmup_bit:04600] loss=0.086026 tau=1.50 collapse_w=0.000 mid_frac=0.134 hard=score=0.4233683633 wNMSE=0.0057142628 wMSE=368.1145 wMRED=0.13619763 wER=0.157132 wMAE=5.3327 wBias=-2.5241 condBias=10.6084 dotDrift=-8.420sigma uMRED=0.0163898091 uER=0.228516 uMAE=9.7500 WCE=144 bias=-5.5000
[quad_warmup_bit:04800] loss=0.080200 tau=1.50 collapse_w=0.000 mid_frac=0.098 hard=score=0.4540442330 wNMSE=0.005831598 wMSE=375.6733 wMRED=0.13687759 wER=0.157132 wMAE=5.4182 wBias=-2.6175 condBias=10.6725 dotDrift=-8.643sigma uMRED=0.0172863942 uER=0.228516 uMAE=10.6250 WCE=144 bias=-6.5000
[quad_warmup_bit:05000] loss=0.075134 tau=1.50 collapse_w=0.000 mid_frac=0.080 hard=score=0.4540442330 wNMSE=0.005831598 wMSE=375.6733 wMRED=0.13687759 wER=0.157132 wMAE=5.4182 wBias=-2.6175 condBias=10.6725 dotDrift=-8.643sigma uMRED=0.0172863942 uER=0.228516 uMAE=10.6250 WCE=144 bias=-6.5000
[quad_warmup_bit:05200] loss=0.070329 tau=1.50 collapse_w=0.000 mid_frac=0.080 hard=score=0.4540442330 wNMSE=0.005831598 wMSE=375.6733 wMRED=0.13687759 wER=0.157132 wMAE=5.4182 wBias=-2.6175 condBias=10.6725 dotDrift=-8.643sigma uMRED=0.0172863942 uER=0.228516 uMAE=10.6250 WCE=144 bias=-6.5000
[quad_warmup_bit:05300] loss=0.068379 tau=1.50 collapse_w=0.000 mid_frac=0.071 hard=score=0.2667839424 wNMSE=0.0046508822 wMSE=299.6112 wMRED=0.12249365 wER=0.157132 wMAE=4.7850 wBias=-1.9844 condBias=9.5202 dotDrift=-7.337sigma uMRED=0.0155435880 uER=0.228516 uMAE=9.6250 WCE=144 bias=-5.5000 *BEST*
[quad_warmup_bit:05400] loss=0.066756 tau=1.50 collapse_w=0.000 mid_frac=0.062 hard=score=0.2667839424 wNMSE=0.0046508822 wMSE=299.6112 wMRED=0.12249365 wER=0.157132 wMAE=4.7850 wBias=-1.9844 condBias=9.5202 dotDrift=-7.337sigma uMRED=0.0155435880 uER=0.228516 uMAE=9.6250 WCE=144 bias=-5.5000
[quad_warmup_bit:05425] loss=0.066403 tau=1.50 collapse_w=0.000 mid_frac=0.071 hard=score=0.2436212541 wNMSE=0.004533547 wMSE=292.0524 wMRED=0.12181369 wER=0.157132 wMAE=4.6996 wBias=-1.8910 condBias=9.4483 dotDrift=-7.082sigma uMRED=0.0146470029 uER=0.228516 uMAE=8.7500 WCE=144 bias=-4.5000 *BEST*
[quad_warmup_bit:05600] loss=0.064374 tau=1.50 collapse_w=0.000 mid_frac=0.062 hard=score=0.2436212541 wNMSE=0.004533547 wMSE=292.0524 wMRED=0.12181369 wER=0.157132 wMAE=4.6996 wBias=-1.8910 condBias=9.4483 dotDrift=-7.082sigma uMRED=0.0146470029 uER=0.228516 uMAE=8.7500 WCE=144 bias=-4.5000
[quad_warmup_bit:05800] loss=0.062720 tau=1.50 collapse_w=0.000 mid_frac=0.062 hard=score=0.2436212541 wNMSE=0.004533547 wMSE=292.0524 wMRED=0.12181369 wER=0.157132 wMAE=4.6996 wBias=-1.8910 condBias=9.4483 dotDrift=-7.082sigma uMRED=0.0146470029 uER=0.228516 uMAE=8.7500 WCE=144 bias=-4.5000
[quad_warmup_bit:05999] loss=0.061529 tau=1.50 collapse_w=0.000 mid_frac=0.062 hard=score=0.2436212541 wNMSE=0.004533547 wMSE=292.0524 wMRED=0.12181369 wER=0.157132 wMAE=4.6996 wBias=-1.8910 condBias=9.4483 dotDrift=-7.082sigma uMRED=0.0146470029 uER=0.228516 uMAE=8.7500 WCE=144 bias=-4.5000
[quad_soft:00000] loss=0.204745 tau=1.50 collapse_w=0.000 mid_frac=0.062 hard=score=0.2436212541 wNMSE=0.004533547 wMSE=292.0524 wMRED=0.12181369 wER=0.157132 wMAE=4.6996 wBias=-1.8910 condBias=9.4483 dotDrift=-7.082sigma uMRED=0.0146470029 uER=0.228516 uMAE=8.7500 WCE=144 bias=-4.5000
[quad_soft:00025] loss=0.181031 tau=1.51 collapse_w=0.000 mid_frac=0.062 hard=score=0.2325087343 wNMSE=0.0045096708 wMSE=290.5143 wMRED=0.12150229 wER=0.156767 wMAE=4.6585 wBias=-1.8443 condBias=9.4418 dotDrift=-6.925sigma uMRED=0.0142296806 uER=0.222656 uMAE=8.3281 WCE=144 bias=-4.0000 *BEST*
[quad_soft:00050] loss=0.161742 tau=1.52 collapse_w=0.000 mid_frac=0.045 hard=score=0.1639999063 wNMSE=0.0041551867 wMSE=267.6784 wMRED=0.11431032 wER=0.156767 wMAE=4.3419 wBias=-1.5277 condBias=9.0175 dotDrift=-5.976sigma uMRED=0.0133582775 uER=0.222656 uMAE=7.8281 WCE=144 bias=-3.5000 *BEST*
[quad_soft:00200] loss=0.104812 tau=1.59 collapse_w=0.000 mid_frac=0.027 hard=score=0.4345193564 wNMSE=0.0043952923 wMSE=283.1460 wMRED=0.14690298 wER=0.177299 wMAE=4.6829 wBias=-2.5654 condBias=9.0682 dotDrift=-9.757sigma uMRED=0.0135947875 uER=0.238281 uMAE=7.5781 WCE=144 bias=-4.7500
[quad_soft:00250] loss=0.096908 tau=1.61 collapse_w=0.000 mid_frac=0.027 hard=score=0.1495497017 wNMSE=0.0017265683 wMSE=111.2260 wMRED=0.12820282 wER=0.177299 wMAE=3.6103 wBias=-1.4928 condBias=5.9998 dotDrift=-9.059sigma uMRED=0.0100407629 uER=0.238281 uMAE=5.5781 WCE=80 bias=-2.7500 *BEST*
[quad_soft:00400] loss=0.084023 tau=1.68 collapse_w=0.000 mid_frac=0.027 hard=score=0.4345193564 wNMSE=0.0043952923 wMSE=283.1460 wMRED=0.14690298 wER=0.177299 wMAE=4.6829 wBias=-2.5654 condBias=9.0682 dotDrift=-9.757sigma uMRED=0.0135947875 uER=0.238281 uMAE=7.5781 WCE=144 bias=-4.7500
[quad_soft:00600] loss=0.077118 tau=1.77 collapse_w=0.000 mid_frac=0.027 hard=score=0.2598819875 wNMSE=0.0040992496 wMSE=264.0749 wMRED=0.10865581 wER=0.156767 wMAE=4.0780 wBias=-1.9605 condBias=8.7778 dotDrift=-7.721sigma uMRED=0.0123244306 uER=0.222656 uMAE=7.0781 WCE=144 bias=-4.2500
[quad_soft:00800] loss=0.073636 tau=1.86 collapse_w=0.000 mid_frac=0.027 hard=score=0.2598819875 wNMSE=0.0040992496 wMSE=264.0749 wMRED=0.10865581 wER=0.156767 wMAE=4.0780 wBias=-1.9605 condBias=8.7778 dotDrift=-7.721sigma uMRED=0.0123244306 uER=0.222656 uMAE=7.0781 WCE=144 bias=-4.2500
[quad_soft:01000] loss=0.071262 tau=1.95 collapse_w=0.000 mid_frac=0.027 hard=score=0.2598819875 wNMSE=0.0040992496 wMSE=264.0749 wMRED=0.10865581 wER=0.156767 wMAE=4.0780 wBias=-1.9605 condBias=8.7778 dotDrift=-7.721sigma uMRED=0.0123244306 uER=0.222656 uMAE=7.0781 WCE=144 bias=-4.2500
[quad_soft:01200] loss=0.069339 tau=2.04 collapse_w=0.000 mid_frac=0.027 hard=score=0.2598819875 wNMSE=0.0040992496 wMSE=264.0749 wMRED=0.10865581 wER=0.156767 wMAE=4.0780 wBias=-1.9605 condBias=8.7778 dotDrift=-7.721sigma uMRED=0.0123244306 uER=0.222656 uMAE=7.0781 WCE=144 bias=-4.2500
[quad_soft:01400] loss=0.067666 tau=2.13 collapse_w=0.000 mid_frac=0.027 hard=score=0.2598819875 wNMSE=0.0040992496 wMSE=264.0749 wMRED=0.10865581 wER=0.156767 wMAE=4.0780 wBias=-1.9605 condBias=8.7778 dotDrift=-7.721sigma uMRED=0.0123244306 uER=0.222656 uMAE=7.0781 WCE=144 bias=-4.2500
[quad_soft:01600] loss=0.066150 tau=2.22 collapse_w=0.000 mid_frac=0.027 hard=score=0.2598819875 wNMSE=0.0040992496 wMSE=264.0749 wMRED=0.10865581 wER=0.156767 wMAE=4.0780 wBias=-1.9605 condBias=8.7778 dotDrift=-7.721sigma uMRED=0.0123244306 uER=0.222656 uMAE=7.0781 WCE=144 bias=-4.2500
[quad_soft:01800] loss=0.064720 tau=2.31 collapse_w=0.000 mid_frac=0.027 hard=score=0.2598819875 wNMSE=0.0040992496 wMSE=264.0749 wMRED=0.10865581 wER=0.156767 wMAE=4.0780 wBias=-1.9605 condBias=8.7778 dotDrift=-7.721sigma uMRED=0.0123244306 uER=0.222656 uMAE=7.0781 WCE=144 bias=-4.2500
[quad_soft:02000] loss=0.063340 tau=2.40 collapse_w=0.000 mid_frac=0.027 hard=score=0.2598819875 wNMSE=0.0040992496 wMSE=264.0749 wMRED=0.10865581 wER=0.156767 wMAE=4.0780 wBias=-1.9605 condBias=8.7778 dotDrift=-7.721sigma uMRED=0.0123244306 uER=0.222656 uMAE=7.0781 WCE=144 bias=-4.2500
[quad_soft:02200] loss=0.061989 tau=2.49 collapse_w=0.000 mid_frac=0.027 hard=score=0.2598819875 wNMSE=0.0040992496 wMSE=264.0749 wMRED=0.10865581 wER=0.156767 wMAE=4.0780 wBias=-1.9605 condBias=8.7778 dotDrift=-7.721sigma uMRED=0.0123244306 uER=0.222656 uMAE=7.0781 WCE=144 bias=-4.2500
[quad_soft:02400] loss=0.060658 tau=2.58 collapse_w=0.000 mid_frac=0.027 hard=score=0.2598819875 wNMSE=0.0040992496 wMSE=264.0749 wMRED=0.10865581 wER=0.156767 wMAE=4.0780 wBias=-1.9605 condBias=8.7778 dotDrift=-7.721sigma uMRED=0.0123244306 uER=0.222656 uMAE=7.0781 WCE=144 bias=-4.2500
[quad_soft:02600] loss=0.059338 tau=2.67 collapse_w=0.000 mid_frac=0.027 hard=score=0.2598819875 wNMSE=0.0040992496 wMSE=264.0749 wMRED=0.10865581 wER=0.156767 wMAE=4.0780 wBias=-1.9605 condBias=8.7778 dotDrift=-7.721sigma uMRED=0.0123244306 uER=0.222656 uMAE=7.0781 WCE=144 bias=-4.2500
[quad_soft:02800] loss=0.058027 tau=2.76 collapse_w=0.000 mid_frac=0.027 hard=score=0.2598819875 wNMSE=0.0040992496 wMSE=264.0749 wMRED=0.10865581 wER=0.156767 wMAE=4.0780 wBias=-1.9605 condBias=8.7778 dotDrift=-7.721sigma uMRED=0.0123244306 uER=0.222656 uMAE=7.0781 WCE=144 bias=-4.2500
[quad_soft:03000] loss=0.056724 tau=2.85 collapse_w=0.000 mid_frac=0.027 hard=score=0.2598819875 wNMSE=0.0040992496 wMSE=264.0749 wMRED=0.10865581 wER=0.156767 wMAE=4.0780 wBias=-1.9605 condBias=8.7778 dotDrift=-7.721sigma uMRED=0.0123244306 uER=0.222656 uMAE=7.0781 WCE=144 bias=-4.2500
[quad_soft:03200] loss=0.055416 tau=2.94 collapse_w=0.000 mid_frac=0.036 hard=score=0.2598819875 wNMSE=0.0040992496 wMSE=264.0749 wMRED=0.10865581 wER=0.156767 wMAE=4.0780 wBias=-1.9605 condBias=8.7778 dotDrift=-7.721sigma uMRED=0.0123244306 uER=0.222656 uMAE=7.0781 WCE=144 bias=-4.2500
[quad_soft:03400] loss=0.054116 tau=3.03 collapse_w=0.000 mid_frac=0.036 hard=score=0.2598819875 wNMSE=0.0040992496 wMSE=264.0749 wMRED=0.10865581 wER=0.156767 wMAE=4.0780 wBias=-1.9605 condBias=8.7778 dotDrift=-7.721sigma uMRED=0.0123244306 uER=0.222656 uMAE=7.0781 WCE=144 bias=-4.2500
[quad_soft:03600] loss=0.052815 tau=3.12 collapse_w=0.000 mid_frac=0.036 hard=score=0.2598819875 wNMSE=0.0040992496 wMSE=264.0749 wMRED=0.10865581 wER=0.156767 wMAE=4.0780 wBias=-1.9605 condBias=8.7778 dotDrift=-7.721sigma uMRED=0.0123244306 uER=0.222656 uMAE=7.0781 WCE=144 bias=-4.2500
[quad_soft:03800] loss=0.051510 tau=3.21 collapse_w=0.000 mid_frac=0.036 hard=score=0.2598819875 wNMSE=0.0040992496 wMSE=264.0749 wMRED=0.10865581 wER=0.156767 wMAE=4.0780 wBias=-1.9605 condBias=8.7778 dotDrift=-7.721sigma uMRED=0.0123244306 uER=0.222656 uMAE=7.0781 WCE=144 bias=-4.2500
[quad_soft:04000] loss=0.050207 tau=3.30 collapse_w=0.000 mid_frac=0.036 hard=score=0.2598819875 wNMSE=0.0040992496 wMSE=264.0749 wMRED=0.10865581 wER=0.156767 wMAE=4.0780 wBias=-1.9605 condBias=8.7778 dotDrift=-7.721sigma uMRED=0.0123244306 uER=0.222656 uMAE=7.0781 WCE=144 bias=-4.2500
[quad_soft:04200] loss=0.048838 tau=3.39 collapse_w=0.000 mid_frac=0.036 hard=score=0.2598819875 wNMSE=0.0040992496 wMSE=264.0749 wMRED=0.10865581 wER=0.156767 wMAE=4.0780 wBias=-1.9605 condBias=8.7778 dotDrift=-7.721sigma uMRED=0.0123244306 uER=0.222656 uMAE=7.0781 WCE=144 bias=-4.2500
[quad_soft:04400] loss=0.047464 tau=3.48 collapse_w=0.000 mid_frac=0.036 hard=score=0.2598819875 wNMSE=0.0040992496 wMSE=264.0749 wMRED=0.10865581 wER=0.156767 wMAE=4.0780 wBias=-1.9605 condBias=8.7778 dotDrift=-7.721sigma uMRED=0.0123244306 uER=0.222656 uMAE=7.0781 WCE=144 bias=-4.2500
[quad_soft:04600] loss=0.046087 tau=3.57 collapse_w=0.000 mid_frac=0.036 hard=score=0.2598819875 wNMSE=0.0040992496 wMSE=264.0749 wMRED=0.10865581 wER=0.156767 wMAE=4.0780 wBias=-1.9605 condBias=8.7778 dotDrift=-7.721sigma uMRED=0.0123244306 uER=0.222656 uMAE=7.0781 WCE=144 bias=-4.2500
[quad_soft:04800] loss=0.044715 tau=3.66 collapse_w=0.000 mid_frac=0.036 hard=score=0.2598819875 wNMSE=0.0040992496 wMSE=264.0749 wMRED=0.10865581 wER=0.156767 wMAE=4.0780 wBias=-1.9605 condBias=8.7778 dotDrift=-7.721sigma uMRED=0.0123244306 uER=0.222656 uMAE=7.0781 WCE=144 bias=-4.2500
[quad_soft:05000] loss=0.043341 tau=3.75 collapse_w=0.000 mid_frac=0.045 hard=score=0.2598819875 wNMSE=0.0040992496 wMSE=264.0749 wMRED=0.10865581 wER=0.156767 wMAE=4.0780 wBias=-1.9605 condBias=8.7778 dotDrift=-7.721sigma uMRED=0.0123244306 uER=0.222656 uMAE=7.0781 WCE=144 bias=-4.2500
[quad_soft:05200] loss=0.041960 tau=3.84 collapse_w=0.000 mid_frac=0.045 hard=score=0.2598819875 wNMSE=0.0040992496 wMSE=264.0749 wMRED=0.10865581 wER=0.156767 wMAE=4.0780 wBias=-1.9605 condBias=8.7778 dotDrift=-7.721sigma uMRED=0.0123244306 uER=0.222656 uMAE=7.0781 WCE=144 bias=-4.2500
[quad_soft:05400] loss=0.040584 tau=3.93 collapse_w=0.000 mid_frac=0.045 hard=score=0.2598819875 wNMSE=0.0040992496 wMSE=264.0749 wMRED=0.10865581 wER=0.156767 wMAE=4.0780 wBias=-1.9605 condBias=8.7778 dotDrift=-7.721sigma uMRED=0.0123244306 uER=0.222656 uMAE=7.0781 WCE=144 bias=-4.2500
[quad_soft:05600] loss=0.039206 tau=4.02 collapse_w=0.000 mid_frac=0.045 hard=score=0.2598819875 wNMSE=0.0040992496 wMSE=264.0749 wMRED=0.10865581 wER=0.156767 wMAE=4.0780 wBias=-1.9605 condBias=8.7778 dotDrift=-7.721sigma uMRED=0.0123244306 uER=0.222656 uMAE=7.0781 WCE=144 bias=-4.2500
[quad_soft:05800] loss=0.037824 tau=4.11 collapse_w=0.000 mid_frac=0.045 hard=score=0.2598819875 wNMSE=0.0040992496 wMSE=264.0749 wMRED=0.10865581 wER=0.156767 wMAE=4.0780 wBias=-1.9605 condBias=8.7778 dotDrift=-7.721sigma uMRED=0.0123244306 uER=0.222656 uMAE=7.0781 WCE=144 bias=-4.2500
[quad_soft:06000] loss=0.036448 tau=4.20 collapse_w=0.000 mid_frac=0.045 hard=score=0.2598819875 wNMSE=0.0040992496 wMSE=264.0749 wMRED=0.10865581 wER=0.156767 wMAE=4.0780 wBias=-1.9605 condBias=8.7778 dotDrift=-7.721sigma uMRED=0.0123244306 uER=0.222656 uMAE=7.0781 WCE=144 bias=-4.2500
[quad_soft:06200] loss=0.036013 tau=4.29 collapse_w=0.025 mid_frac=0.045 hard=score=0.2598819875 wNMSE=0.0040992496 wMSE=264.0749 wMRED=0.10865581 wER=0.156767 wMAE=4.0780 wBias=-1.9605 condBias=8.7778 dotDrift=-7.721sigma uMRED=0.0123244306 uER=0.222656 uMAE=7.0781 WCE=144 bias=-4.2500
[quad_soft:06275] loss=0.035804 tau=4.32 collapse_w=0.034 mid_frac=0.027 hard=score=0.0066268987 wNMSE=0.0008928553 wMSE=57.5180 wMRED=0.08225042 wER=0.152548 wMAE=2.5097 wBias=0.1846 condBias=4.3535 dotDrift=+1.557sigma uMRED=0.0065879659 uER=0.210938 uMAE=3.7812 WCE=48 bias=-0.2500 *BEST*
[quad_soft:06400] loss=0.035408 tau=4.38 collapse_w=0.050 mid_frac=0.027 hard=score=0.0066268987 wNMSE=0.0008928553 wMSE=57.5180 wMRED=0.08225042 wER=0.152548 wMAE=2.5097 wBias=0.1846 condBias=4.3535 dotDrift=+1.557sigma uMRED=0.0065879659 uER=0.210938 uMAE=3.7812 WCE=48 bias=-0.2500
[quad_soft:06600] loss=0.034705 tau=4.47 collapse_w=0.075 mid_frac=0.027 hard=score=0.0066268987 wNMSE=0.0008928553 wMSE=57.5180 wMRED=0.08225042 wER=0.152548 wMAE=2.5097 wBias=0.1846 condBias=4.3535 dotDrift=+1.557sigma uMRED=0.0065879659 uER=0.210938 uMAE=3.7812 WCE=48 bias=-0.2500
[quad_soft:06800] loss=0.033939 tau=4.56 collapse_w=0.100 mid_frac=0.018 hard=score=0.0087958857 wNMSE=0.00085905355 wMSE=55.3405 wMRED=0.08070754 wER=0.152548 wMAE=2.4308 wBias=0.2634 condBias=4.2085 dotDrift=+2.266sigma uMRED=0.0063935305 uER=0.210938 uMAE=3.6562 WCE=48 bias=-0.1250
[quad_soft:07000] loss=0.033116 tau=4.65 collapse_w=0.125 mid_frac=0.018 hard=score=0.0087958857 wNMSE=0.00085905355 wMSE=55.3405 wMRED=0.08070754 wER=0.152548 wMAE=2.4308 wBias=0.2634 condBias=4.2085 dotDrift=+2.266sigma uMRED=0.0063935305 uER=0.210938 uMAE=3.6562 WCE=48 bias=-0.1250
[quad_soft:07200] loss=0.032238 tau=4.74 collapse_w=0.150 mid_frac=0.018 hard=score=0.0087958857 wNMSE=0.00085905355 wMSE=55.3405 wMRED=0.08070754 wER=0.152548 wMAE=2.4308 wBias=0.2634 condBias=4.2085 dotDrift=+2.266sigma uMRED=0.0063935305 uER=0.210938 uMAE=3.6562 WCE=48 bias=-0.1250
[quad_soft:07400] loss=0.031330 tau=4.83 collapse_w=0.175 mid_frac=0.018 hard=score=0.0087958857 wNMSE=0.00085905355 wMSE=55.3405 wMRED=0.08070754 wER=0.152548 wMAE=2.4308 wBias=0.2634 condBias=4.2085 dotDrift=+2.266sigma uMRED=0.0063935305 uER=0.210938 uMAE=3.6562 WCE=48 bias=-0.1250
[quad_soft:07600] loss=0.030363 tau=4.92 collapse_w=0.200 mid_frac=0.018 hard=score=0.0087958857 wNMSE=0.00085905355 wMSE=55.3405 wMRED=0.08070754 wER=0.152548 wMAE=2.4308 wBias=0.2634 condBias=4.2085 dotDrift=+2.266sigma uMRED=0.0063935305 uER=0.210938 uMAE=3.6562 WCE=48 bias=-0.1250
[quad_soft:07800] loss=0.029360 tau=5.01 collapse_w=0.225 mid_frac=0.018 hard=score=0.0087958857 wNMSE=0.00085905355 wMSE=55.3405 wMRED=0.08070754 wER=0.152548 wMAE=2.4308 wBias=0.2634 condBias=4.2085 dotDrift=+2.266sigma uMRED=0.0063935305 uER=0.210938 uMAE=3.6562 WCE=48 bias=-0.1250
[quad_soft:08000] loss=0.028325 tau=5.10 collapse_w=0.250 mid_frac=0.018 hard=score=0.0087958857 wNMSE=0.00085905355 wMSE=55.3405 wMRED=0.08070754 wER=0.152548 wMAE=2.4308 wBias=0.2634 condBias=4.2085 dotDrift=+2.266sigma uMRED=0.0063935305 uER=0.210938 uMAE=3.6562 WCE=48 bias=-0.1250
[quad_soft:08200] loss=0.027234 tau=5.19 collapse_w=0.275 mid_frac=0.018 hard=score=0.0087958857 wNMSE=0.00085905355 wMSE=55.3405 wMRED=0.08070754 wER=0.152548 wMAE=2.4308 wBias=0.2634 condBias=4.2085 dotDrift=+2.266sigma uMRED=0.0063935305 uER=0.210938 uMAE=3.6562 WCE=48 bias=-0.1250
[quad_soft:08400] loss=0.026122 tau=5.28 collapse_w=0.300 mid_frac=0.018 hard=score=0.0087958857 wNMSE=0.00085905355 wMSE=55.3405 wMRED=0.08070754 wER=0.152548 wMAE=2.4308 wBias=0.2634 condBias=4.2085 dotDrift=+2.266sigma uMRED=0.0063935305 uER=0.210938 uMAE=3.6562 WCE=48 bias=-0.1250
[quad_soft:08600] loss=0.024973 tau=5.37 collapse_w=0.325 mid_frac=0.018 hard=score=0.0087958857 wNMSE=0.00085905355 wMSE=55.3405 wMRED=0.08070754 wER=0.152548 wMAE=2.4308 wBias=0.2634 condBias=4.2085 dotDrift=+2.266sigma uMRED=0.0063935305 uER=0.210938 uMAE=3.6562 WCE=48 bias=-0.1250
[quad_soft:08800] loss=0.023782 tau=5.46 collapse_w=0.350 mid_frac=0.018 hard=score=0.0087958857 wNMSE=0.00085905355 wMSE=55.3405 wMRED=0.08070754 wER=0.152548 wMAE=2.4308 wBias=0.2634 condBias=4.2085 dotDrift=+2.266sigma uMRED=0.0063935305 uER=0.210938 uMAE=3.6562 WCE=48 bias=-0.1250
[quad_soft:09000] loss=0.022508 tau=5.55 collapse_w=0.375 mid_frac=0.018 hard=score=0.0087958857 wNMSE=0.00085905355 wMSE=55.3405 wMRED=0.08070754 wER=0.152548 wMAE=2.4308 wBias=0.2634 condBias=4.2085 dotDrift=+2.266sigma uMRED=0.0063935305 uER=0.210938 uMAE=3.6562 WCE=48 bias=-0.1250
[quad_soft:09200] loss=0.021195 tau=5.64 collapse_w=0.400 mid_frac=0.018 hard=score=0.0087958857 wNMSE=0.00085905355 wMSE=55.3405 wMRED=0.08070754 wER=0.152548 wMAE=2.4308 wBias=0.2634 condBias=4.2085 dotDrift=+2.266sigma uMRED=0.0063935305 uER=0.210938 uMAE=3.6562 WCE=48 bias=-0.1250
[quad_soft:09400] loss=0.019830 tau=5.73 collapse_w=0.425 mid_frac=0.018 hard=score=0.0087958857 wNMSE=0.00085905355 wMSE=55.3405 wMRED=0.08070754 wER=0.152548 wMAE=2.4308 wBias=0.2634 condBias=4.2085 dotDrift=+2.266sigma uMRED=0.0063935305 uER=0.210938 uMAE=3.6562 WCE=48 bias=-0.1250
[quad_soft:09600] loss=0.018384 tau=5.82 collapse_w=0.450 mid_frac=0.018 hard=score=0.0087958857 wNMSE=0.00085905355 wMSE=55.3405 wMRED=0.08070754 wER=0.152548 wMAE=2.4308 wBias=0.2634 condBias=4.2085 dotDrift=+2.266sigma uMRED=0.0063935305 uER=0.210938 uMAE=3.6562 WCE=48 bias=-0.1250
[quad_soft:09800] loss=0.016830 tau=5.91 collapse_w=0.475 mid_frac=0.018 hard=score=0.0087958857 wNMSE=0.00085905355 wMSE=55.3405 wMRED=0.08070754 wER=0.152548 wMAE=2.4308 wBias=0.2634 condBias=4.2085 dotDrift=+2.266sigma uMRED=0.0063935305 uER=0.210938 uMAE=3.6562 WCE=48 bias=-0.1250
[quad_soft:09999] loss=0.015113 tau=6.00 collapse_w=0.500 mid_frac=0.018 hard=score=0.0087958857 wNMSE=0.00085905355 wMSE=55.3405 wMRED=0.08070754 wER=0.152548 wMAE=2.4308 wBias=0.2634 condBias=4.2085 dotDrift=+2.266sigma uMRED=0.0063935305 uER=0.210938 uMAE=3.6562 WCE=48 bias=-0.1250
[quad_hard_ste:00000] loss=0.016472 tau=6.00 collapse_w=0.500 mid_frac=0.018 hard=score=0.0087958857 wNMSE=0.00085905355 wMSE=55.3405 wMRED=0.08070754 wER=0.152548 wMAE=2.4308 wBias=0.2634 condBias=4.2085 dotDrift=+2.266sigma uMRED=0.0063935305 uER=0.210938 uMAE=3.6562 WCE=48 bias=-0.1250
[quad_hard_ste:00200] loss=0.018577 tau=6.00 collapse_w=0.500 mid_frac=0.018 hard=score=0.0087958857 wNMSE=0.00085905355 wMSE=55.3405 wMRED=0.08070754 wER=0.152548 wMAE=2.4308 wBias=0.2634 condBias=4.2085 dotDrift=+2.266sigma uMRED=0.0063935305 uER=0.210938 uMAE=3.6562 WCE=48 bias=-0.1250
[quad_hard_ste:00400] loss=0.018348 tau=6.00 collapse_w=0.500 mid_frac=0.027 hard=score=0.2405562162 wNMSE=0.0040654478 wMSE=261.8974 wMRED=0.10711293 wER=0.156767 wMAE=3.9992 wBias=-1.8816 condBias=8.7067 dotDrift=-7.441sigma uMRED=0.0121299952 uER=0.222656 uMAE=6.9531 WCE=144 bias=-4.1250
[quad_hard_ste:00600] loss=0.017821 tau=6.00 collapse_w=0.500 mid_frac=0.018 hard=score=0.0087958857 wNMSE=0.00085905355 wMSE=55.3405 wMRED=0.08070754 wER=0.152548 wMAE=2.4308 wBias=0.2634 condBias=4.2085 dotDrift=+2.266sigma uMRED=0.0063935305 uER=0.210938 uMAE=3.6562 WCE=48 bias=-0.1250
[quad_hard_ste:00800] loss=0.017493 tau=6.00 collapse_w=0.500 mid_frac=0.027 hard=score=0.2405562162 wNMSE=0.0040654478 wMSE=261.8974 wMRED=0.10711293 wER=0.156767 wMAE=3.9992 wBias=-1.8816 condBias=8.7067 dotDrift=-7.441sigma uMRED=0.0121299952 uER=0.222656 uMAE=6.9531 WCE=144 bias=-4.1250
[quad_hard_ste:01000] loss=0.245713 tau=6.00 collapse_w=0.500 mid_frac=0.036 hard=score=0.2405562162 wNMSE=0.0040654478 wMSE=261.8974 wMRED=0.10711293 wER=0.156767 wMAE=3.9992 wBias=-1.8816 condBias=8.7067 dotDrift=-7.441sigma uMRED=0.0121299952 uER=0.222656 uMAE=6.9531 WCE=144 bias=-4.1250
[quad_hard_ste:01200] loss=0.017094 tau=6.00 collapse_w=0.500 mid_frac=0.027 hard=score=0.0087958857 wNMSE=0.00085905355 wMSE=55.3405 wMRED=0.08070754 wER=0.152548 wMAE=2.4308 wBias=0.2634 condBias=4.2085 dotDrift=+2.266sigma uMRED=0.0063935305 uER=0.210938 uMAE=3.6562 WCE=48 bias=-0.1250
[quad_hard_ste:01400] loss=0.016966 tau=6.00 collapse_w=0.500 mid_frac=0.027 hard=score=0.0087958857 wNMSE=0.00085905355 wMSE=55.3405 wMRED=0.08070754 wER=0.152548 wMAE=2.4308 wBias=0.2634 condBias=4.2085 dotDrift=+2.266sigma uMRED=0.0063935305 uER=0.210938 uMAE=3.6562 WCE=48 bias=-0.1250
[quad_hard_ste:01600] loss=0.016869 tau=6.00 collapse_w=0.500 mid_frac=0.027 hard=score=0.0087958857 wNMSE=0.00085905355 wMSE=55.3405 wMRED=0.08070754 wER=0.152548 wMAE=2.4308 wBias=0.2634 condBias=4.2085 dotDrift=+2.266sigma uMRED=0.0063935305 uER=0.210938 uMAE=3.6562 WCE=48 bias=-0.1250
[quad_hard_ste:01800] loss=0.245244 tau=6.00 collapse_w=0.500 mid_frac=0.036 hard=score=0.2405562162 wNMSE=0.0040654478 wMSE=261.8974 wMRED=0.10711293 wER=0.156767 wMAE=3.9992 wBias=-1.8816 condBias=8.7067 dotDrift=-7.441sigma uMRED=0.0121299952 uER=0.222656 uMAE=6.9531 WCE=144 bias=-4.1250
[quad_hard_ste:02000] loss=0.016730 tau=6.00 collapse_w=0.500 mid_frac=0.027 hard=score=0.0087958857 wNMSE=0.00085905355 wMSE=55.3405 wMRED=0.08070754 wER=0.152548 wMAE=2.4308 wBias=0.2634 condBias=4.2085 dotDrift=+2.266sigma uMRED=0.0063935305 uER=0.210938 uMAE=3.6562 WCE=48 bias=-0.1250
[quad_hard_ste:02200] loss=0.016674 tau=6.00 collapse_w=0.500 mid_frac=0.027 hard=score=0.0087958857 wNMSE=0.00085905355 wMSE=55.3405 wMRED=0.08070754 wER=0.152548 wMAE=2.4308 wBias=0.2634 condBias=4.2085 dotDrift=+2.266sigma uMRED=0.0063935305 uER=0.210938 uMAE=3.6562 WCE=48 bias=-0.1250
[quad_hard_ste:02400] loss=0.245087 tau=6.00 collapse_w=0.500 mid_frac=0.036 hard=score=0.2405562162 wNMSE=0.0040654478 wMSE=261.8974 wMRED=0.10711293 wER=0.156767 wMAE=3.9992 wBias=-1.8816 condBias=8.7067 dotDrift=-7.441sigma uMRED=0.0121299952 uER=0.222656 uMAE=6.9531 WCE=144 bias=-4.1250
[quad_hard_ste:02600] loss=0.016601 tau=6.00 collapse_w=0.500 mid_frac=0.027 hard=score=0.0087958857 wNMSE=0.00085905355 wMSE=55.3405 wMRED=0.08070754 wER=0.152548 wMAE=2.4308 wBias=0.2634 condBias=4.2085 dotDrift=+2.266sigma uMRED=0.0063935305 uER=0.210938 uMAE=3.6562 WCE=48 bias=-0.1250
[quad_hard_ste:02800] loss=0.016574 tau=6.00 collapse_w=0.500 mid_frac=0.027 hard=score=0.0087958857 wNMSE=0.00085905355 wMSE=55.3405 wMRED=0.08070754 wER=0.152548 wMAE=2.4308 wBias=0.2634 condBias=4.2085 dotDrift=+2.266sigma uMRED=0.0063935305 uER=0.210938 uMAE=3.6562 WCE=48 bias=-0.1250
[quad_hard_ste:03000] loss=0.016546 tau=6.00 collapse_w=0.500 mid_frac=0.027 hard=score=0.0087958857 wNMSE=0.00085905355 wMSE=55.3405 wMRED=0.08070754 wER=0.152548 wMAE=2.4308 wBias=0.2634 condBias=4.2085 dotDrift=+2.266sigma uMRED=0.0063935305 uER=0.210938 uMAE=3.6562 WCE=48 bias=-0.1250
[quad_hard_ste:03200] loss=0.016519 tau=6.00 collapse_w=0.500 mid_frac=0.027 hard=score=0.0087958857 wNMSE=0.00085905355 wMSE=55.3405 wMRED=0.08070754 wER=0.152548 wMAE=2.4308 wBias=0.2634 condBias=4.2085 dotDrift=+2.266sigma uMRED=0.0063935305 uER=0.210938 uMAE=3.6562 WCE=48 bias=-0.1250
[quad_hard_ste:03400] loss=0.244958 tau=6.00 collapse_w=0.500 mid_frac=0.036 hard=score=0.2405562162 wNMSE=0.0040654478 wMSE=261.8974 wMRED=0.10711293 wER=0.156767 wMAE=3.9992 wBias=-1.8816 condBias=8.7067 dotDrift=-7.441sigma uMRED=0.0121299952 uER=0.222656 uMAE=6.9531 WCE=144 bias=-4.1250
[quad_hard_ste:03600] loss=0.016447 tau=6.00 collapse_w=0.500 mid_frac=0.027 hard=score=0.0087958857 wNMSE=0.00085905355 wMSE=55.3405 wMRED=0.08070754 wER=0.152548 wMAE=2.4308 wBias=0.2634 condBias=4.2085 dotDrift=+2.266sigma uMRED=0.0063935305 uER=0.210938 uMAE=3.6562 WCE=48 bias=-0.1250
[quad_hard_ste:03800] loss=0.016386 tau=6.00 collapse_w=0.500 mid_frac=0.036 hard=score=2.2027830724 wNMSE=0.0053498387 wMSE=344.6382 wMRED=0.45941238 wER=0.212065 wMAE=6.9511 wBias=-5.8678 condBias=11.6150 dotDrift=-20.229sigma uMRED=0.0138534068 uER=0.226562 uMAE=4.8281 WCE=64 bias=-2.1250
[quad_hard_ste:03999] loss=0.016328 tau=6.00 collapse_w=0.500 mid_frac=0.027 hard=score=0.0087958857 wNMSE=0.00085905355 wMSE=55.3405 wMRED=0.08070754 wER=0.152548 wMAE=2.4308 wBias=0.2634 condBias=4.2085 dotDrift=+2.266sigma uMRED=0.0063935305 uER=0.210938 uMAE=3.6562 WCE=48 bias=-0.1250
[pop00_soft:00000] loss=4.450053 tau=1.50 collapse_w=0.000 mid_frac=0.321 hard=score=419.4082464729 wNMSE=0.84082997 wMSE=54166.5175 wMRED=6.44538064 wER=0.411546 wMAE=117.0000 wBias=81.0552 condBias=149.2421 dotDrift=+22.289sigma uMRED=0.2093212501 uER=0.416016 uMAE=80.3398 WCE=778 bias=42.0625
[pop00_soft:00200] loss=1.401947 tau=2.25 collapse_w=0.000 mid_frac=0.312 hard=score=66.1227438585 wNMSE=0.11247851 wMSE=7245.8991 wMRED=2.32523044 wER=0.393430 wMAE=39.0932 wBias=-32.1912 condBias=51.8792 dotDrift=-24.203sigma uMRED=0.1067015261 uER=0.414062 uMAE=55.4531 WCE=533 bias=-32.1875
[pop00_soft:00400] loss=0.496928 tau=3.00 collapse_w=0.000 mid_frac=0.241 hard=score=16.0455279745 wNMSE=0.034451238 wMSE=2219.3590 wMRED=1.14650753 wER=0.306389 wMAE=18.9009 wBias=-15.8451 condBias=32.2984 dotDrift=-21.526sigma uMRED=0.0558589918 uER=0.355469 uMAE=29.1641 WCE=272 bias=-7.0000
[pop00_soft:00600] loss=0.094148 tau=3.75 collapse_w=0.000 mid_frac=0.250 hard=score=0.2742939117 wNMSE=0.014949231 wMSE=963.0339 wMRED=0.62297864 wER=0.317051 wMAE=13.4823 wBias=1.9045 condBias=16.7460 dotDrift=+3.928sigma uMRED=0.0359240119 uER=0.351562 uMAE=19.0938 WCE=244 bias=-10.3750
[pop00_soft:00800] loss=0.051375 tau=4.50 collapse_w=0.084 mid_frac=0.161 hard=score=0.5025137689 wNMSE=0.0068350173 wMSE=440.3139 wMRED=0.18325800 wER=0.223714 wMAE=5.9681 wBias=-2.7391 condBias=11.4360 dotDrift=-8.354sigma uMRED=0.0239163263 uER=0.303711 uMAE=15.5156 WCE=232 bias=-10.8750
[pop00_soft:01000] loss=0.042027 tau=5.25 collapse_w=0.293 mid_frac=0.161 hard=score=0.6521296863 wNMSE=0.0084969796 wMSE=547.3780 wMRED=0.18625832 wER=0.224442 wMAE=6.3519 wBias=-3.1229 condBias=12.5820 dotDrift=-8.543sigma uMRED=0.0330420185 uER=0.319336 uMAE=23.5156 WCE=296 bias=-18.8750
[pop00_soft:01199] loss=0.033620 tau=6.00 collapse_w=0.500 mid_frac=0.161 hard=score=0.6521296863 wNMSE=0.0084969796 wMSE=547.3780 wMRED=0.18625832 wER=0.224442 wMAE=6.3519 wBias=-3.1229 condBias=12.5820 dotDrift=-8.543sigma uMRED=0.0330420185 uER=0.319336 uMAE=23.5156 WCE=296 bias=-18.8750
[pop00_hard:00000] loss=0.671240 tau=6.00 collapse_w=0.500 mid_frac=0.161 hard=score=0.6521296863 wNMSE=0.0084969796 wMSE=547.3780 wMRED=0.18625832 wER=0.224442 wMAE=6.3519 wBias=-3.1229 condBias=12.5820 dotDrift=-8.543sigma uMRED=0.0330420185 uER=0.319336 uMAE=23.5156 WCE=296 bias=-18.8750
[pop00_hard:00200] loss=0.365372 tau=6.00 collapse_w=0.500 mid_frac=0.161 hard=score=0.3503033556 wNMSE=0.0065120451 wMSE=419.5079 wMRED=0.18094489 wER=0.224442 wMAE=5.8524 wBias=-2.2487 condBias=11.1906 dotDrift=-7.027sigma uMRED=0.0269649418 uER=0.319336 uMAE=18.8281 WCE=296 bias=-10.8750
[pop00_hard:00400] loss=0.035260 tau=6.00 collapse_w=0.500 mid_frac=0.152 hard=score=0.0235581234 wNMSE=0.0031281908 wMSE=201.5190 wMRED=0.15262542 wER=0.222333 wMAE=4.2501 wBias=-0.1037 condBias=7.1718 dotDrift=-0.467sigma uMRED=0.0211033524 uER=0.313477 uMAE=15.5469 WCE=296 bias=-6.8750
[pop00_hard:00599] loss=0.034247 tau=6.00 collapse_w=0.500 mid_frac=0.152 hard=score=0.0235581234 wNMSE=0.0031281908 wMSE=201.5190 wMRED=0.15262542 wER=0.222333 wMAE=4.2501 wBias=-0.1037 condBias=7.1718 dotDrift=-0.467sigma uMRED=0.0211033524 uER=0.313477 uMAE=15.5469 WCE=296 bias=-6.8750
[pop00] done (conf=0.53, noise=0.5); global best score=0.0066268987 wNMSE=0.0008928553 wMSE=57.5180 wMRED=0.08225042 wER=0.152548 wMAE=2.5097 wBias=0.1846 condBias=4.3535 dotDrift=+1.557sigma uMRED=0.0065879659 uER=0.210938 uMAE=3.7812 WCE=48 bias=-0.2500
[pop01_soft:00000] loss=5.333312 tau=1.50 collapse_w=0.000 mid_frac=0.402 hard=score=274.1592133634 wNMSE=0.69297474 wMSE=44641.6392 wMRED=4.89872776 wER=0.433035 wMAE=88.0952 wBias=65.5189 condBias=119.7622 dotDrift=+19.846sigma uMRED=0.1878416228 uER=0.427734 uMAE=88.8496 WCE=723 bias=33.0000
[pop01_soft:00200] loss=10.181127 tau=2.25 collapse_w=0.000 mid_frac=0.348 hard=score=162.1107409754 wNMSE=1.3728266 wMSE=88437.8990 wMRED=12.89544808 wER=0.436853 wMAE=110.6799 wBias=50.1309 condBias=130.3485 dotDrift=+10.789sigma uMRED=0.3023175254 uER=0.434570 uMAE=92.0659 WCE=3943 bias=-26.6250
[pop01_soft:00400] loss=1.351373 tau=3.00 collapse_w=0.000 mid_frac=0.330 hard=score=40.7404724732 wNMSE=0.63225742 wMSE=40730.2117 wMRED=5.25985736 wER=0.416171 wMAE=94.2256 wBias=24.9279 condBias=103.7871 dotDrift=+7.905sigma uMRED=0.1995954606 uER=0.431641 uMAE=87.4375 WCE=821 bias=-44.6875
[pop01_soft:00600] loss=0.655628 tau=3.75 collapse_w=0.000 mid_frac=0.384 hard=score=1.5574258314 wNMSE=0.067866884 wMSE=4372.0049 wMRED=0.73981059 wER=0.342754 wMAE=22.0120 wBias=-4.6909 condBias=37.9485 dotDrift=-4.540sigma uMRED=0.0805115044 uER=0.410156 uMAE=51.0234 WCE=612 bias=-29.8750
[pop01_soft:00800] loss=0.447118 tau=4.50 collapse_w=0.084 mid_frac=0.375 hard=score=0.5044927328 wNMSE=0.059580408 wMSE=3838.1877 wMRED=0.69568346 wER=0.298603 wMAE=19.1382 wBias=2.4203 condBias=31.5087 dotDrift=+2.500sigma uMRED=0.0827209106 uER=0.379883 uMAE=56.3438 WCE=576 bias=1.3750
[pop01_soft:01000] loss=0.347537 tau=5.25 collapse_w=0.293 mid_frac=0.339 hard=score=0.4006718602 wNMSE=0.055554217 wMSE=3578.8192 wMRED=0.69342082 wER=0.298603 wMAE=18.8620 wBias=2.1085 condBias=30.4904 dotDrift=+2.256sigma uMRED=0.0759425046 uER=0.379883 uMAE=50.5938 WCE=440 bias=-5.1250
[pop01_soft:01199] loss=0.269313 tau=6.00 collapse_w=0.500 mid_frac=0.330 hard=score=0.9395826263 wNMSE=0.051217909 wMSE=3299.4730 wMRED=0.68827856 wER=0.298603 wMAE=18.3164 wBias=3.6107 condBias=29.7004 dotDrift=+4.023sigma uMRED=0.0693498760 uER=0.379883 uMAE=45.0625 WCE=440 bias=10.8750
[pop01_hard:00000] loss=0.986861 tau=6.00 collapse_w=0.500 mid_frac=0.330 hard=score=0.9395826263 wNMSE=0.051217909 wMSE=3299.4730 wMRED=0.68827856 wER=0.298603 wMAE=18.3164 wBias=3.6107 condBias=29.7004 dotDrift=+4.023sigma uMRED=0.0693498760 uER=0.379883 uMAE=45.0625 WCE=440 bias=10.8750
[pop01_hard:00200] loss=0.672755 tau=6.00 collapse_w=0.500 mid_frac=0.339 hard=score=0.6225916604 wNMSE=0.049036744 wMSE=3158.9617 wMRED=0.68645658 wER=0.298603 wMAE=18.0420 wBias=2.8430 condBias=29.4188 dotDrift=+3.237sigma uMRED=0.0633920943 uER=0.379883 uMAE=39.2656 WCE=440 bias=-5.1250
[pop01_hard:00400] loss=0.251925 tau=6.00 collapse_w=0.500 mid_frac=0.330 hard=score=0.1902385196 wNMSE=0.052890987 wMSE=3407.2531 wMRED=0.68240256 wER=0.297895 wMAE=18.3750 wBias=1.0871 condBias=30.0738 dotDrift=+1.192sigma uMRED=0.0697461300 uER=0.377930 uMAE=44.7656 WCE=440 bias=-21.3750
[pop01_hard:00599] loss=0.300854 tau=6.00 collapse_w=0.500 mid_frac=0.312 hard=score=0.2434464886 wNMSE=0.050616677 wMSE=3260.7414 wMRED=0.59438179 wER=0.313234 wMAE=17.2886 wBias=-1.4501 condBias=29.3448 dotDrift=-1.625sigma uMRED=0.0728273925 uER=0.392578 uMAE=48.4219 WCE=440 bias=-26.5000
[pop01] done (conf=0.51, noise=1.0); global best score=0.0066268987 wNMSE=0.0008928553 wMSE=57.5180 wMRED=0.08225042 wER=0.152548 wMAE=2.5097 wBias=0.1846 condBias=4.3535 dotDrift=+1.557sigma uMRED=0.0065879659 uER=0.210938 uMAE=3.7812 WCE=48 bias=-0.2500
[pop02_soft:00000] loss=2.066339 tau=1.50 collapse_w=0.000 mid_frac=0.277 hard=score=3.2195643107 wNMSE=0.23353993 wMSE=15044.7119 wMRED=1.57041603 wER=0.423631 wMAE=41.8892 wBias=6.6404 condBias=64.8526 dotDrift=+3.465sigma uMRED=0.1464266836 uER=0.421875 uMAE=88.8281 WCE=752 bias=-18.0625
[pop02_soft:00200] loss=0.764986 tau=2.25 collapse_w=0.000 mid_frac=0.223 hard=score=2.4159051935 wNMSE=0.21483144 wMSE=13839.5051 wMRED=1.00419401 wER=0.382475 wMAE=32.4418 wBias=-5.6726 condBias=59.5698 dotDrift=-3.086sigma uMRED=0.1333502679 uER=0.407227 uMAE=85.6172 WCE=676 bias=-23.6250
[pop02_soft:00400] loss=0.207673 tau=3.00 collapse_w=0.000 mid_frac=0.223 hard=score=1.5567465669 wNMSE=0.096313853 wMSE=6204.5671 wMRED=0.78846860 wER=0.317879 wMAE=24.5485 wBias=4.6465 condBias=40.6881 dotDrift=+3.775sigma uMRED=0.1061917881 uER=0.395508 uMAE=70.0156 WCE=544 bias=-39.6250
[pop02_soft:00600] loss=0.099570 tau=3.75 collapse_w=0.000 mid_frac=0.214 hard=score=0.3064193374 wNMSE=0.039135187 wMSE=2521.1004 wMRED=0.65390822 wER=0.290937 wMAE=17.7232 wBias=1.8339 condBias=26.6067 dotDrift=+2.338sigma uMRED=0.0752286367 uER=0.354492 uMAE=50.1328 WCE=416 bias=3.3750
[pop02_soft:00800] loss=0.071335 tau=4.50 collapse_w=0.084 mid_frac=0.152 hard=score=0.0960687732 wNMSE=0.037871405 wMSE=2439.6872 wMRED=0.58195333 wER=0.228817 wMAE=15.6428 wBias=-0.3016 condBias=26.0146 dotDrift=-0.391sigma uMRED=0.0573103910 uER=0.313477 uMAE=35.6719 WCE=384 bias=-14.8750
[pop02_soft:01000] loss=0.060458 tau=5.25 collapse_w=0.293 mid_frac=0.125 hard=score=0.0930267612 wNMSE=0.040379124 wMSE=2601.2352 wMRED=0.58663844 wER=0.229699 wMAE=16.0737 wBias=0.0759 condBias=26.6953 dotDrift=+0.095sigma uMRED=0.0633564028 uER=0.319336 uMAE=40.1875 WCE=384 bias=-10.8750
[pop02_soft:01199] loss=0.048061 tau=6.00 collapse_w=0.500 mid_frac=0.125 hard=score=0.0930267612 wNMSE=0.040379124 wMSE=2601.2352 wMRED=0.58663844 wER=0.229699 wMAE=16.0737 wBias=0.0759 condBias=26.6953 dotDrift=+0.095sigma uMRED=0.0633564028 uER=0.319336 uMAE=40.1875 WCE=384 bias=-10.8750
[pop02_hard:00000] loss=0.125506 tau=6.00 collapse_w=0.500 mid_frac=0.125 hard=score=0.0930267612 wNMSE=0.040379124 wMSE=2601.2352 wMRED=0.58663844 wER=0.229699 wMAE=16.0737 wBias=0.0759 condBias=26.6953 dotDrift=+0.095sigma uMRED=0.0633564028 uER=0.319336 uMAE=40.1875 WCE=384 bias=-10.8750
[pop02_hard:00200] loss=9.510414 tau=6.00 collapse_w=0.500 mid_frac=0.116 hard=score=9.4831900011 wNMSE=0.03859713 wMSE=2486.4386 wMRED=0.53888590 wER=0.229699 wMAE=15.1769 wBias=-12.1591 condBias=25.4668 dotDrift=-15.606sigma uMRED=0.0616064438 uER=0.319336 uMAE=39.6875 WCE=384 bias=-14.8750
[pop02_hard:00400] loss=9.509512 tau=6.00 collapse_w=0.500 mid_frac=0.116 hard=score=9.4831900011 wNMSE=0.03859713 wMSE=2486.4386 wMRED=0.53888590 wER=0.229699 wMAE=15.1769 wBias=-12.1591 condBias=25.4668 dotDrift=-15.606sigma uMRED=0.0616064438 uER=0.319336 uMAE=39.6875 WCE=384 bias=-14.8750
[pop02_hard:00599] loss=1.404945 tau=6.00 collapse_w=0.500 mid_frac=0.098 hard=score=1.3756175454 wNMSE=0.026705462 wMSE=1720.3738 wMRED=0.51517465 wER=0.229699 wMAE=13.8469 wBias=-4.5447 condBias=19.8017 dotDrift=-7.013sigma uMRED=0.0564696508 uER=0.319336 uMAE=36.8750 WCE=320 bias=3.1250
[pop02] done (conf=0.53, noise=0.5); global best score=0.0066268987 wNMSE=0.0008928553 wMSE=57.5180 wMRED=0.08225042 wER=0.152548 wMAE=2.5097 wBias=0.1846 condBias=4.3535 dotDrift=+1.557sigma uMRED=0.0065879659 uER=0.210938 uMAE=3.7812 WCE=48 bias=-0.2500
[pop03_soft:00000] loss=6.821791 tau=1.50 collapse_w=0.000 mid_frac=0.366 hard=score=322.1635845873 wNMSE=1.052186 wMSE=67782.1343 wMRED=8.07528803 wER=0.437169 wMAE=134.4197 wBias=70.9827 condBias=145.9276 dotDrift=+17.449sigma uMRED=0.2487466502 uER=0.437500 uMAE=94.2539 WCE=837 bias=24.1875
[pop03_soft:00200] loss=11.761193 tau=2.25 collapse_w=0.000 mid_frac=0.321 hard=score=25.2358959742 wNMSE=0.58683098 wMSE=37803.8269 wMRED=6.01867355 wER=0.437169 wMAE=97.4909 wBias=19.5242 condBias=101.4456 dotDrift=+6.427sigma uMRED=0.2075887017 uER=0.437500 uMAE=88.6133 WCE=560 bias=-35.6250
[pop03_soft:00400] loss=1.567176 tau=3.00 collapse_w=0.000 mid_frac=0.304 hard=score=199.0002412222 wNMSE=0.36534117 wMSE=23535.3870 wMRED=4.01513954 wER=0.413531 wMAE=60.4642 wBias=-55.8440 condBias=104.6952 dotDrift=-23.297sigma uMRED=0.1458600562 uER=0.428711 uMAE=63.5547 WCE=548 bias=-41.2500
[pop03_soft:00600] loss=1.099728 tau=3.75 collapse_w=0.000 mid_frac=0.375 hard=score=125.7624596560 wNMSE=0.33081735 wMSE=21311.3524 wMRED=3.72129028 wER=0.415088 wMAE=57.1117 wBias=-44.3588 condBias=97.3964 dotDrift=-19.447sigma uMRED=0.1285113301 uER=0.431641 uMAE=53.1406 WCE=500 bias=-22.5000
[pop03_soft:00800] loss=0.866304 tau=4.50 collapse_w=0.084 mid_frac=0.393 hard=score=70.2303704303 wNMSE=0.3414223 wMSE=21994.5261 wMRED=3.76404976 wER=0.414686 wMAE=60.0491 wBias=-33.0799 condBias=82.7233 dotDrift=-14.275sigma uMRED=0.1443332931 uER=0.422852 uMAE=65.2344 WCE=500 bias=33.1250
[pop03_soft:01000] loss=0.724774 tau=5.25 collapse_w=0.293 mid_frac=0.357 hard=score=71.0879932473 wNMSE=0.34243496 wMSE=22059.7619 wMRED=3.76061386 wER=0.414686 wMAE=59.8454 wBias=-33.2837 condBias=82.3266 dotDrift=-14.342sigma uMRED=0.1454238764 uER=0.422852 uMAE=66.2344 WCE=500 bias=34.1250
[pop03_soft:01199] loss=0.583672 tau=6.00 collapse_w=0.500 mid_frac=0.321 hard=score=71.0879932473 wNMSE=0.34243496 wMSE=22059.7619 wMRED=3.76061386 wER=0.414686 wMAE=59.8454 wBias=-33.2837 condBias=82.3266 dotDrift=-14.342sigma uMRED=0.1454238764 uER=0.422852 uMAE=66.2344 WCE=500 bias=34.1250
[pop03_hard:00000] loss=71.281471 tau=6.00 collapse_w=0.500 mid_frac=0.321 hard=score=71.0879932473 wNMSE=0.34243496 wMSE=22059.7619 wMRED=3.76061386 wER=0.414686 wMAE=59.8454 wBias=-33.2837 condBias=82.3266 dotDrift=-14.342sigma uMRED=0.1454238764 uER=0.422852 uMAE=66.2344 WCE=500 bias=34.1250
[pop03_hard:00200] loss=39.768478 tau=6.00 collapse_w=0.500 mid_frac=0.312 hard=score=39.5808173079 wNMSE=0.43627742 wMSE=28105.1216 wMRED=3.91021516 wER=0.414686 wMAE=68.4256 wBias=-24.7035 condBias=81.0128 dotDrift=-9.431sigma uMRED=0.1738560739 uER=0.422852 uMAE=82.2344 WCE=720 bias=50.1250
[pop03_hard:00400] loss=39.769215 tau=6.00 collapse_w=0.500 mid_frac=0.304 hard=score=39.5808173079 wNMSE=0.43627742 wMSE=28105.1216 wMRED=3.91021516 wER=0.414686 wMAE=68.4256 wBias=-24.7035 condBias=81.0128 dotDrift=-9.431sigma uMRED=0.1738560739 uER=0.422852 uMAE=82.2344 WCE=720 bias=50.1250
[pop03_hard:00599] loss=39.768742 tau=6.00 collapse_w=0.500 mid_frac=0.304 hard=score=39.5808173079 wNMSE=0.43627742 wMSE=28105.1216 wMRED=3.91021516 wER=0.414686 wMAE=68.4256 wBias=-24.7035 condBias=81.0128 dotDrift=-9.431sigma uMRED=0.1738560739 uER=0.422852 uMAE=82.2344 WCE=720 bias=50.1250
[pop03] done (conf=0.51, noise=1.0); global best score=0.0066268987 wNMSE=0.0008928553 wMSE=57.5180 wMRED=0.08225042 wER=0.152548 wMAE=2.5097 wBias=0.1846 condBias=4.3535 dotDrift=+1.557sigma uMRED=0.0065879659 uER=0.210938 uMAE=3.7812 WCE=48 bias=-0.2500
[pop04_soft:00000] loss=3.929735 tau=1.50 collapse_w=0.000 mid_frac=0.402 hard=score=300.0993467810 wNMSE=2.1825094 wMSE=140597.9062 wMRED=11.11190565 wER=0.437169 wMAE=178.4379 wBias=68.3041 condBias=185.5091 dotDrift=+11.658sigma uMRED=0.3072518032 uER=0.437500 uMAE=101.4238 WCE=1025 bias=32.6250
[pop04_soft:00200] loss=1.934081 tau=2.25 collapse_w=0.000 mid_frac=0.339 hard=score=234.4848340085 wNMSE=0.6519996 wMSE=42002.0088 wMRED=6.08666965 wER=0.431691 wMAE=91.5096 wBias=-60.5754 condBias=116.4641 dotDrift=-18.917sigma uMRED=0.1975351529 uER=0.434570 uMAE=79.3516 WCE=756 bias=-35.2500
[pop04_soft:00400] loss=0.678328 tau=3.00 collapse_w=0.000 mid_frac=0.268 hard=score=0.2232918548 wNMSE=0.027628925 wMSE=1779.8636 wMRED=0.73302516 wER=0.362401 wMAE=18.2563 wBias=1.5160 condBias=22.5045 dotDrift=+2.300sigma uMRED=0.0705506083 uER=0.424805 uMAE=48.3984 WCE=480 bias=-23.1250
[pop04_soft:00600] loss=0.125736 tau=3.75 collapse_w=0.000 mid_frac=0.232 hard=score=0.8506177647 wNMSE=0.021432669 wMSE=1380.6989 wMRED=0.72696364 wER=0.355445 wMAE=17.1091 wBias=3.5311 condBias=20.9532 dotDrift=+6.082sigma uMRED=0.0576428654 uER=0.412109 uMAE=35.9531 WCE=328 bias=-16.7500
[pop04_soft:00800] loss=0.062217 tau=4.50 collapse_w=0.084 mid_frac=0.223 hard=score=1.3670744442 wNMSE=0.021255527 wMSE=1369.2874 wMRED=0.64556638 wER=0.292909 wMAE=14.8417 wBias=4.5241 condBias=20.3199 dotDrift=+7.825sigma uMRED=0.0576894825 uER=0.369141 uMAE=36.8594 WCE=472 bias=-23.8750
[pop04_soft:01000] loss=0.050122 tau=5.25 collapse_w=0.293 mid_frac=0.196 hard=score=0.0596170534 wNMSE=0.016657232 wMSE=1073.0638 wMRED=0.21507110 wER=0.220533 wMAE=8.3313 wBias=-0.3415 condBias=16.9262 dotDrift=-0.667sigma uMRED=0.0486476912 uER=0.349609 uMAE=34.8750 WCE=432 bias=5.1250
[pop04_soft:01199] loss=0.040154 tau=6.00 collapse_w=0.500 mid_frac=0.196 hard=score=0.0596170534 wNMSE=0.016657232 wMSE=1073.0638 wMRED=0.21507110 wER=0.220533 wMAE=8.3313 wBias=-0.3415 condBias=16.9262 dotDrift=-0.667sigma uMRED=0.0486476912 uER=0.349609 uMAE=34.8750 WCE=432 bias=5.1250
[pop04_hard:00000] loss=0.077303 tau=6.00 collapse_w=0.500 mid_frac=0.196 hard=score=0.0596170534 wNMSE=0.016657232 wMSE=1073.0638 wMRED=0.21507110 wER=0.220533 wMAE=8.3313 wBias=-0.3415 condBias=16.9262 dotDrift=-0.667sigma uMRED=0.0486476912 uER=0.349609 uMAE=34.8750 WCE=432 bias=5.1250
[pop04_hard:00200] loss=0.072318 tau=6.00 collapse_w=0.500 mid_frac=0.196 hard=score=0.0596170534 wNMSE=0.016657232 wMSE=1073.0638 wMRED=0.21507110 wER=0.220533 wMAE=8.3313 wBias=-0.3415 condBias=16.9262 dotDrift=-0.667sigma uMRED=0.0486476912 uER=0.349609 uMAE=34.8750 WCE=432 bias=5.1250
[pop04_hard:00400] loss=2.217630 tau=6.00 collapse_w=0.500 mid_frac=0.196 hard=score=0.0596170534 wNMSE=0.016657232 wMSE=1073.0638 wMRED=0.21507110 wER=0.220533 wMAE=8.3313 wBias=-0.3415 condBias=16.9262 dotDrift=-0.667sigma uMRED=0.0486476912 uER=0.349609 uMAE=34.8750 WCE=432 bias=5.1250
[pop04_hard:00599] loss=0.069714 tau=6.00 collapse_w=0.500 mid_frac=0.196 hard=score=2.1866216453 wNMSE=0.023751424 wMSE=1530.0738 wMRED=0.60910101 wER=0.272018 wMAE=14.4488 wBias=5.7761 condBias=20.5985 dotDrift=+9.451sigma uMRED=0.0577896658 uER=0.363281 uMAE=36.8750 WCE=432 bias=7.1250
[pop04] done (conf=0.53, noise=0.5); global best score=0.0066268987 wNMSE=0.0008928553 wMSE=57.5180 wMRED=0.08225042 wER=0.152548 wMAE=2.5097 wBias=0.1846 condBias=4.3535 dotDrift=+1.557sigma uMRED=0.0065879659 uER=0.210938 uMAE=3.7812 WCE=48 bias=-0.2500
[pop05_soft:00000] loss=10.942128 tau=1.50 collapse_w=0.000 mid_frac=0.464 hard=score=652.1609514131 wNMSE=2.0905963 wMSE=134676.8363 wMRED=10.28715466 wER=0.436587 wMAE=175.7325 wBias=100.9711 condBias=205.1256 dotDrift=+17.609sigma uMRED=0.3122709256 uER=0.431641 uMAE=111.2266 WCE=1090 bias=76.8750
[pop05_soft:00200] loss=61.658092 tau=2.25 collapse_w=0.000 mid_frac=0.420 hard=score=138.6979626252 wNMSE=1.4446955 wMSE=93067.7159 wMRED=9.32972302 wER=0.437169 wMAE=151.0012 wBias=46.2594 condBias=159.0266 dotDrift=+9.705sigma uMRED=0.2651938478 uER=0.437500 uMAE=90.1484 WCE=850 bias=-20.4375
[pop05_soft:00400] loss=2.914295 tau=3.00 collapse_w=0.000 mid_frac=0.411 hard=score=5.9865220089 wNMSE=0.80093929 wMSE=51596.7475 wMRED=7.45513087 wER=0.419379 wMAE=119.9701 wBias=8.4785 condBias=121.8910 dotDrift=+2.389sigma uMRED=0.2261275401 uER=0.434570 uMAE=85.0000 WCE=576 bias=-46.3125
[pop05_soft:00600] loss=1.745980 tau=3.75 collapse_w=0.000 mid_frac=0.473 hard=score=7.6354670667 wNMSE=0.63790463 wMSE=41094.0064 wMRED=6.71183025 wER=0.411891 wMAE=104.4571 wBias=10.1307 condBias=108.4292 dotDrift=+3.198sigma uMRED=0.1830480859 uER=0.418945 uMAE=60.2227 WCE=512 bias=-22.5000
[pop05_soft:00800] loss=1.250229 tau=4.50 collapse_w=0.084 mid_frac=0.438 hard=score=126.3509596319 wNMSE=0.2267165 wMSE=14605.1446 wMRED=3.35698324 wER=0.368610 wMAE=52.5132 wBias=-44.4984 condBias=75.3816 dotDrift=-23.565sigma uMRED=0.1209827329 uER=0.418945 uMAE=54.2383 WCE=576 bias=2.7500
[pop05_soft:01000] loss=1.018704 tau=5.25 collapse_w=0.293 mid_frac=0.446 hard=score=129.1768122020 wNMSE=0.22910561 wMSE=14759.0518 wMRED=3.38499931 wER=0.368610 wMAE=52.9692 wBias=-44.9941 condBias=76.3310 dotDrift=-23.703sigma uMRED=0.1216248400 uER=0.418945 uMAE=54.3477 WCE=576 bias=2.2500
[pop05_soft:01199] loss=0.831604 tau=6.00 collapse_w=0.500 mid_frac=0.438 hard=score=129.1768122020 wNMSE=0.22910561 wMSE=14759.0518 wMRED=3.38499931 wER=0.368610 wMAE=52.9692 wBias=-44.9941 condBias=76.3310 dotDrift=-23.703sigma uMRED=0.1216248400 uER=0.418945 uMAE=54.3477 WCE=576 bias=2.2500
[pop05_hard:00000] loss=129.355621 tau=6.00 collapse_w=0.500 mid_frac=0.438 hard=score=129.1768122020 wNMSE=0.22910561 wMSE=14759.0518 wMRED=3.38499931 wER=0.368610 wMAE=52.9692 wBias=-44.9941 condBias=76.3310 dotDrift=-23.703sigma uMRED=0.1216248400 uER=0.418945 uMAE=54.3477 WCE=576 bias=2.2500
[pop05_hard:00200] loss=106.006638 tau=6.00 collapse_w=0.500 mid_frac=0.438 hard=score=105.8261975815 wNMSE=0.24603356 wMSE=15849.5554 wMRED=3.44645294 wER=0.368610 wMAE=56.1914 wBias=-40.7040 condBias=75.9571 dotDrift=-20.692sigma uMRED=0.1325280902 uER=0.418945 uMAE=59.9570 WCE=576 bias=10.2500
[pop05_hard:00400] loss=22.519558 tau=6.00 collapse_w=0.500 mid_frac=0.438 hard=score=105.8261975815 wNMSE=0.24603356 wMSE=15849.5554 wMRED=3.44645294 wER=0.368610 wMAE=56.1914 wBias=-40.7040 condBias=75.9571 dotDrift=-20.692sigma uMRED=0.1325280902 uER=0.418945 uMAE=59.9570 WCE=576 bias=10.2500
[pop05_hard:00599] loss=22.518702 tau=6.00 collapse_w=0.500 mid_frac=0.438 hard=score=105.8261975815 wNMSE=0.24603356 wMSE=15849.5554 wMRED=3.44645294 wER=0.368610 wMAE=56.1914 wBias=-40.7040 condBias=75.9571 dotDrift=-20.692sigma uMRED=0.1325280902 uER=0.418945 uMAE=59.9570 WCE=576 bias=10.2500
[pop05] done (conf=0.51, noise=1.0); global best score=0.0066268987 wNMSE=0.0008928553 wMSE=57.5180 wMRED=0.08225042 wER=0.152548 wMAE=2.5097 wBias=0.1846 condBias=4.3535 dotDrift=+1.557sigma uMRED=0.0065879659 uER=0.210938 uMAE=3.7812 WCE=48 bias=-0.2500
[pop06_soft:00000] loss=3.569351 tau=1.50 collapse_w=0.000 mid_frac=0.393 hard=score=180.0494542855 wNMSE=0.30388674 wMSE=19576.4747 wMRED=3.60021469 wER=0.433981 wMAE=75.4116 wBias=53.1164 condBias=108.6177 dotDrift=+24.296sigma uMRED=0.1702999181 uER=0.427734 uMAE=85.6250 WCE=596 bias=29.8750
[pop06_soft:00200] loss=1.273089 tau=2.25 collapse_w=0.000 mid_frac=0.339 hard=score=2.9158488724 wNMSE=0.21834212 wMSE=14065.6647 wMRED=3.77696905 wER=0.401456 wMAE=63.3882 wBias=-6.2758 condBias=64.3443 dotDrift=-3.387sigma uMRED=0.1453405844 uER=0.422852 uMAE=66.8594 WCE=632 bias=-41.7500
[pop06_soft:00400] loss=0.701774 tau=3.00 collapse_w=0.000 mid_frac=0.348 hard=score=78.3681268770 wNMSE=0.15154619 wMSE=9762.6508 wMRED=2.76257100 wER=0.343438 wMAE=43.3264 wBias=-35.0377 condBias=60.4069 dotDrift=-22.695sigma uMRED=0.1216727606 uER=0.394531 uMAE=61.9766 WCE=648 bias=-17.1250
[pop06_soft:00600] loss=0.273569 tau=3.75 collapse_w=0.000 mid_frac=0.295 hard=score=8.7321982408 wNMSE=0.042432374 wMSE=2733.5062 wMRED=1.12611165 wER=0.326732 wMAE=23.5849 wBias=-11.6610 condBias=24.8958 dotDrift=-14.274sigma uMRED=0.0611827929 uER=0.376953 uMAE=34.7031 WCE=308 bias=-1.5000
[pop06_soft:00800] loss=0.184909 tau=4.50 collapse_w=0.084 mid_frac=0.286 hard=score=7.0927527041 wNMSE=0.043025991 wMSE=2771.7472 wMRED=1.11927380 wER=0.327305 wMAE=23.5841 wBias=-10.4966 condBias=23.6587 dotDrift=-12.760sigma uMRED=0.0644219573 uER=0.385742 uMAE=37.9766 WCE=308 bias=3.7500
[pop06_soft:01000] loss=0.145465 tau=5.25 collapse_w=0.293 mid_frac=0.259 hard=score=6.1992919716 wNMSE=0.046091654 wMSE=2969.2381 wMRED=1.11867111 wER=0.327305 wMAE=23.8571 wBias=-9.7962 condBias=23.6668 dotDrift=-11.506sigma uMRED=0.0735772567 uER=0.385742 uMAE=46.0391 WCE=384 bias=12.2500
[pop06_soft:01199] loss=0.096172 tau=6.00 collapse_w=0.500 mid_frac=0.232 hard=score=4.4328314650 wNMSE=0.040344416 wMSE=2598.9993 wMRED=1.02016363 wER=0.327305 wMAE=22.3277 wBias=-8.2668 condBias=22.1561 dotDrift=-10.378sigma uMRED=0.0712917631 uER=0.385742 uMAE=45.5391 WCE=384 bias=12.7500
[pop06_hard:00000] loss=4.493035 tau=6.00 collapse_w=0.500 mid_frac=0.232 hard=score=4.4328314650 wNMSE=0.040344416 wMSE=2598.9993 wMRED=1.02016363 wER=0.327305 wMAE=22.3277 wBias=-8.2668 condBias=22.1561 dotDrift=-10.378sigma uMRED=0.0712917631 uER=0.385742 uMAE=45.5391 WCE=384 bias=12.7500
[pop06_hard:00200] loss=4.489206 tau=6.00 collapse_w=0.500 mid_frac=0.214 hard=score=4.4328314650 wNMSE=0.040344416 wMSE=2598.9993 wMRED=1.02016363 wER=0.327305 wMAE=22.3277 wBias=-8.2668 condBias=22.1561 dotDrift=-10.378sigma uMRED=0.0712917631 uER=0.385742 uMAE=45.5391 WCE=384 bias=12.7500
[pop06_hard:00400] loss=2.290940 tau=6.00 collapse_w=0.500 mid_frac=0.196 hard=score=2.2374597649 wNMSE=0.03631895 wMSE=2339.6776 wMRED=0.98932064 wER=0.341537 wMAE=20.7004 wBias=-5.8201 condBias=20.5077 dotDrift=-7.701sigma uMRED=0.0653498066 uER=0.391602 uMAE=42.1797 WCE=384 bias=17.0000
[pop06_hard:00599] loss=0.822359 tau=6.00 collapse_w=0.500 mid_frac=0.179 hard=score=0.7720539849 wNMSE=0.036699689 wMSE=2364.2049 wMRED=0.95347004 wER=0.345277 wMAE=20.7035 wBias=-3.2862 condBias=20.8846 dotDrift=-4.325sigma uMRED=0.0668429753 uER=0.399414 uMAE=43.7578 WCE=400 bias=20.2500
[pop06] done (conf=0.53, noise=0.5); global best score=0.0066268987 wNMSE=0.0008928553 wMSE=57.5180 wMRED=0.08225042 wER=0.152548 wMAE=2.5097 wBias=0.1846 condBias=4.3535 dotDrift=+1.557sigma uMRED=0.0065879659 uER=0.210938 uMAE=3.7812 WCE=48 bias=-0.2500
[pop07_soft:00000] loss=1.706849 tau=1.50 collapse_w=0.000 mid_frac=0.527 hard=score=13.6407122565 wNMSE=1.1629319 wMSE=74916.4176 wMRED=7.52554119 wER=0.437169 wMAE=74.3142 wBias=13.6594 condBias=95.4986 dotDrift=+3.194sigma uMRED=0.2122684103 uER=0.437500 uMAE=79.7656 WCE=3840 bias=45.1875
[pop07_soft:00200] loss=1.003374 tau=2.25 collapse_w=0.000 mid_frac=0.500 hard=score=20.5434057088 wNMSE=0.17223713 wMSE=11095.5671 wMRED=3.07430697 wER=0.433087 wMAE=54.5384 wBias=-17.8209 condBias=62.4278 dotDrift=-10.828sigma uMRED=0.1369666620 uER=0.430664 uMAE=68.3164 WCE=716 bias=24.3750
[pop07_soft:00400] loss=0.479027 tau=3.00 collapse_w=0.000 mid_frac=0.420 hard=score=1.4924910412 wNMSE=0.059817117 wMSE=3853.4365 wMRED=1.30545466 wER=0.349777 wMAE=29.3014 wBias=-4.6514 condBias=25.4812 dotDrift=-4.796sigma uMRED=0.0782470458 uER=0.410156 uMAE=45.1797 WCE=324 bias=21.5000
[pop07_soft:00600] loss=0.234677 tau=3.75 collapse_w=0.000 mid_frac=0.402 hard=score=5.7894110009 wNMSE=0.041820686 wMSE=2694.1010 wMRED=1.08693103 wER=0.339319 wMAE=24.1489 wBias=9.4732 condBias=21.8162 dotDrift=+11.681sigma uMRED=0.0681498107 uER=0.406250 uMAE=39.8125 WCE=320 bias=16.3750
[pop07_soft:00800] loss=0.172966 tau=4.50 collapse_w=0.084 mid_frac=0.420 hard=score=8.4612744074 wNMSE=0.04302276 wMSE=2771.5390 wMRED=1.05057667 wER=0.325789 wMAE=23.5368 wBias=11.4764 condBias=23.9559 dotDrift=+13.952sigma uMRED=0.0714901716 uER=0.412109 uMAE=43.2969 WCE=320 bias=22.5000
[pop07_soft:01000] loss=0.136889 tau=5.25 collapse_w=0.293 mid_frac=0.348 hard=score=8.1132196913 wNMSE=0.041788149 wMSE=2692.0050 wMRED=1.00666924 wER=0.306888 wMAE=22.6729 wBias=11.2366 condBias=24.8743 dotDrift=+13.860sigma uMRED=0.0690983370 uER=0.407227 uMAE=42.2812 WCE=320 bias=21.0000
[pop07_soft:01199] loss=0.098854 tau=6.00 collapse_w=0.500 mid_frac=0.330 hard=score=8.1132196913 wNMSE=0.041788149 wMSE=2692.0050 wMRED=1.00666924 wER=0.306888 wMAE=22.6729 wBias=11.2366 condBias=24.8743 dotDrift=+13.860sigma uMRED=0.0690983370 uER=0.407227 uMAE=42.2812 WCE=320 bias=21.0000
[pop07_hard:00000] loss=8.179359 tau=6.00 collapse_w=0.500 mid_frac=0.330 hard=score=8.1132196913 wNMSE=0.041788149 wMSE=2692.0050 wMRED=1.00666924 wER=0.306888 wMAE=22.6729 wBias=11.2366 condBias=24.8743 dotDrift=+13.860sigma uMRED=0.0690983370 uER=0.407227 uMAE=42.2812 WCE=320 bias=21.0000
[pop07_hard:00200] loss=2.329133 tau=6.00 collapse_w=0.500 mid_frac=0.339 hard=score=2.2638777862 wNMSE=0.042726512 wMSE=2752.4546 wMRED=1.01107612 wER=0.307524 wMAE=22.3317 wBias=5.8454 condBias=22.2746 dotDrift=+7.131sigma uMRED=0.0721744853 uER=0.408203 uMAE=44.4844 WCE=400 bias=-15.0000
[pop07_hard:00400] loss=0.160319 tau=6.00 collapse_w=0.500 mid_frac=0.375 hard=score=0.0854656078 wNMSE=0.040083963 wMSE=2582.2208 wMRED=1.04738044 wER=0.340529 wMAE=22.9558 wBias=0.1761 condBias=20.3213 dotDrift=+0.222sigma uMRED=0.0700466120 uER=0.416016 uMAE=42.6406 WCE=400 bias=-24.1250
[pop07_hard:00599] loss=0.813243 tau=6.00 collapse_w=0.500 mid_frac=0.366 hard=score=0.7418151255 wNMSE=0.043876169 wMSE=2826.5159 wMRED=1.05800027 wER=0.339955 wMAE=23.6513 wBias=3.1867 condBias=22.2602 dotDrift=+3.836sigma uMRED=0.0734343268 uER=0.407227 uMAE=43.5625 WCE=428 bias=-20.1250
[pop07] done (conf=0.51, noise=1.0); global best score=0.0066268987 wNMSE=0.0008928553 wMSE=57.5180 wMRED=0.08225042 wER=0.152548 wMAE=2.5097 wBias=0.1846 condBias=4.3535 dotDrift=+1.557sigma uMRED=0.0065879659 uER=0.210938 uMAE=3.7812 WCE=48 bias=-0.2500
[pop08_soft:00000] loss=3.659837 tau=1.50 collapse_w=0.000 mid_frac=0.366 hard=score=130.7892630108 wNMSE=0.65195035 wMSE=41998.8359 wMRED=5.47866207 wER=0.435134 wMAE=83.9976 wBias=-45.1569 condBias=105.9711 dotDrift=-14.102sigma uMRED=0.1826661721 uER=0.433594 uMAE=71.0488 WCE=675 bias=-7.0000
[pop08_soft:00200] loss=1.493680 tau=2.25 collapse_w=0.000 mid_frac=0.321 hard=score=332.9845394554 wNMSE=0.75122951 wMSE=48394.4289 wMRED=6.16975676 wER=0.419249 wMAE=88.9589 wBias=-72.2180 condBias=125.4631 dotDrift=-21.010sigma uMRED=0.1770214343 uER=0.431641 uMAE=60.7480 WCE=841 bias=-39.8750
[pop08_soft:00400] loss=0.991676 tau=3.00 collapse_w=0.000 mid_frac=0.321 hard=score=327.8677431138 wNMSE=0.68470088 wMSE=44108.6349 wMRED=5.24504103 wER=0.361556 wMAE=75.9997 wBias=-71.6677 condBias=136.9980 dotDrift=-21.839sigma uMRED=0.1580811512 uER=0.401367 uMAE=56.2422 WCE=724 bias=-40.2500
[pop08_soft:00600] loss=0.523155 tau=3.75 collapse_w=0.000 mid_frac=0.321 hard=score=0.9475729668 wNMSE=0.042634583 wMSE=2746.5326 wMRED=0.92421959 wER=0.361767 wMAE=24.1958 wBias=-3.6615 condBias=21.4633 dotDrift=-4.471sigma uMRED=0.0852462558 uER=0.409180 uMAE=56.6406 WCE=488 bias=-42.2500
[pop08_soft:00800] loss=0.408953 tau=4.50 collapse_w=0.084 mid_frac=0.295 hard=score=0.8006960965 wNMSE=0.040290369 wMSE=2595.5176 wMRED=0.93153389 wER=0.361795 wMAE=23.7392 wBias=-3.3408 condBias=20.7121 dotDrift=-4.197sigma uMRED=0.0797613772 uER=0.404297 uMAE=51.5156 WCE=488 bias=-37.0000
[pop08_soft:01000] loss=0.332378 tau=5.25 collapse_w=0.293 mid_frac=0.250 hard=score=0.2852923901 wNMSE=0.039951346 wMSE=2573.6776 wMRED=0.94347532 wER=0.361921 wMAE=23.1884 wBias=-1.7485 condBias=21.9332 dotDrift=-2.206sigma uMRED=0.0815167450 uER=0.407227 uMAE=53.0312 WCE=484 bias=-38.2500
[pop08_soft:01199] loss=0.248822 tau=6.00 collapse_w=0.500 mid_frac=0.241 hard=score=4.0178004392 wNMSE=0.027566864 wMSE=1775.8656 wMRED=0.59173579 wER=0.361921 wMAE=17.5177 wBias=-7.8797 condBias=18.9876 dotDrift=-11.967sigma uMRED=0.0728199561 uER=0.407227 uMAE=51.1172 WCE=484 bias=-40.2500
[pop08_hard:00000] loss=4.054492 tau=6.00 collapse_w=0.500 mid_frac=0.241 hard=score=4.0178004392 wNMSE=0.027566864 wMSE=1775.8656 wMRED=0.59173579 wER=0.361921 wMAE=17.5177 wBias=-7.8797 condBias=18.9876 dotDrift=-11.967sigma uMRED=0.0728199561 uER=0.407227 uMAE=51.1172 WCE=484 bias=-40.2500
[pop08_hard:00200] loss=4.050538 tau=6.00 collapse_w=0.500 mid_frac=0.241 hard=score=4.0178004392 wNMSE=0.027566864 wMSE=1775.8656 wMRED=0.59173579 wER=0.361921 wMAE=17.5177 wBias=-7.8797 condBias=18.9876 dotDrift=-11.967sigma uMRED=0.0728199561 uER=0.407227 uMAE=51.1172 WCE=484 bias=-40.2500
[pop08_hard:00400] loss=0.459147 tau=6.00 collapse_w=0.500 mid_frac=0.188 hard=score=0.4316445252 wNMSE=0.026902439 wMSE=1733.0632 wMRED=0.48954322 wER=0.330381 wMAE=15.3891 wBias=-2.3805 condBias=21.5079 dotDrift=-3.660sigma uMRED=0.0764370102 uER=0.389648 uMAE=54.4922 WCE=484 bias=-27.2500
[pop08_hard:00599] loss=0.962051 tau=6.00 collapse_w=0.500 mid_frac=0.125 hard=score=0.9316790999 wNMSE=0.022947087 wMSE=1478.2582 wMRED=0.48035794 wER=0.330381 wMAE=14.9506 wBias=3.7115 condBias=18.6404 dotDrift=+6.178sigma uMRED=0.0590160828 uER=0.389648 uMAE=39.7422 WCE=320 bias=-3.7500
[pop08] done (conf=0.53, noise=0.5); global best score=0.0066268987 wNMSE=0.0008928553 wMSE=57.5180 wMRED=0.08225042 wER=0.152548 wMAE=2.5097 wBias=0.1846 condBias=4.3535 dotDrift=+1.557sigma uMRED=0.0065879659 uER=0.210938 uMAE=3.7812 WCE=48 bias=-0.2500
[pop09_soft:00000] loss=2.763528 tau=1.50 collapse_w=0.000 mid_frac=0.482 hard=score=15.0108917312 wNMSE=0.54055021 wMSE=34822.4058 wMRED=5.70834889 wER=0.437169 wMAE=97.5754 wBias=14.8992 condBias=98.9508 dotDrift=+5.110sigma uMRED=0.2165928355 uER=0.437500 uMAE=95.7852 WCE=637 bias=15.9375
[pop09_soft:00200] loss=1.519108 tau=2.25 collapse_w=0.000 mid_frac=0.455 hard=score=4.8674962915 wNMSE=0.50948065 wMSE=32820.8951 wMRED=5.53687584 wER=0.435591 wMAE=91.0224 wBias=7.9590 condBias=95.2531 dotDrift=+2.812sigma uMRED=0.1957104326 uER=0.433594 uMAE=83.5469 WCE=634 bias=3.0625
[pop09_soft:00400] loss=0.921160 tau=3.00 collapse_w=0.000 mid_frac=0.402 hard=score=5.2974061299 wNMSE=0.1155263 wMSE=7442.2386 wMRED=2.56541467 wER=0.337867 wMAE=38.9246 wBias=-8.9452 condBias=42.2878 dotDrift=-6.636sigma uMRED=0.0984161136 uER=0.401367 uMAE=49.3594 WCE=560 bias=8.6250
[pop09_soft:00600] loss=0.618667 tau=3.75 collapse_w=0.000 mid_frac=0.375 hard=score=0.1728358743 wNMSE=0.10073425 wMSE=6489.3301 wMRED=2.57974744 wER=0.380925 wMAE=41.3297 wBias=-0.4072 condBias=32.4071 dotDrift=-0.323sigma uMRED=0.0880826311 uER=0.419922 uMAE=39.7656 WCE=320 bias=10.5000
[pop09_soft:00800] loss=0.488737 tau=4.50 collapse_w=0.084 mid_frac=0.357 hard=score=0.4386087245 wNMSE=0.10333129 wMSE=6656.6325 wMRED=2.60136257 wER=0.365010 wMAE=42.1123 wBias=2.0530 condBias=33.7428 dotDrift=+1.610sigma uMRED=0.0956318554 uER=0.402344 uMAE=44.9062 WCE=400 bias=29.3750
[pop09_soft:01000] loss=0.403422 tau=5.25 collapse_w=0.293 mid_frac=0.348 hard=score=0.4386087245 wNMSE=0.10333129 wMSE=6656.6325 wMRED=2.60136257 wER=0.365010 wMAE=42.1123 wBias=2.0530 condBias=33.7428 dotDrift=+1.610sigma uMRED=0.0956318554 uER=0.402344 uMAE=44.9062 WCE=400 bias=29.3750
[pop09_soft:01199] loss=0.311784 tau=6.00 collapse_w=0.500 mid_frac=0.330 hard=score=0.7087886843 wNMSE=0.10522656 wMSE=6778.7260 wMRED=2.61288792 wER=0.365010 wMAE=42.9570 wBias=2.8977 condBias=34.4023 dotDrift=+2.252sigma uMRED=0.0986221475 uER=0.402344 uMAE=46.9062 WCE=400 bias=31.3750
[pop09_hard:00000] loss=0.849990 tau=6.00 collapse_w=0.500 mid_frac=0.330 hard=score=0.7087886843 wNMSE=0.10522656 wMSE=6778.7260 wMRED=2.61288792 wER=0.365010 wMAE=42.9570 wBias=2.8977 condBias=34.4023 dotDrift=+2.252sigma uMRED=0.0986221475 uER=0.402344 uMAE=46.9062 WCE=400 bias=31.3750
[pop09_hard:00200] loss=0.596531 tau=6.00 collapse_w=0.500 mid_frac=0.330 hard=score=0.4532552357 wNMSE=0.10438145 wMSE=6724.2841 wMRED=2.61229375 wER=0.365010 wMAE=42.8506 wBias=2.0916 condBias=34.4597 dotDrift=+1.632sigma uMRED=0.0969338355 uER=0.402344 uMAE=44.9531 WCE=400 bias=15.3750
[pop09_hard:00400] loss=0.328638 tau=6.00 collapse_w=0.500 mid_frac=0.339 hard=score=0.1790299592 wNMSE=0.10482942 wMSE=6753.1423 wMRED=2.61461039 wER=0.365010 wMAE=43.0728 wBias=-0.0535 condBias=34.6565 dotDrift=-0.042sigma uMRED=0.0989490585 uER=0.402344 uMAE=46.2344 WCE=400 bias=11.3750
[pop09_hard:00599] loss=0.327402 tau=6.00 collapse_w=0.500 mid_frac=0.339 hard=score=0.1790299592 wNMSE=0.10482942 wMSE=6753.1423 wMRED=2.61461039 wER=0.365010 wMAE=43.0728 wBias=-0.0535 condBias=34.6565 dotDrift=-0.042sigma uMRED=0.0989490585 uER=0.402344 uMAE=46.2344 WCE=400 bias=11.3750
[pop09] done (conf=0.51, noise=1.0); global best score=0.0066268987 wNMSE=0.0008928553 wMSE=57.5180 wMRED=0.08225042 wER=0.152548 wMAE=2.5097 wBias=0.1846 condBias=4.3535 dotDrift=+1.557sigma uMRED=0.0065879659 uER=0.210938 uMAE=3.7812 WCE=48 bias=-0.2500
[pop10_soft:00000] loss=3.062234 tau=1.50 collapse_w=0.000 mid_frac=0.411 hard=score=26.1687519614 wNMSE=0.6285557 wMSE=40491.7457 wMRED=4.43503182 wER=0.410095 wMAE=58.1711 wBias=19.8425 condBias=71.3478 dotDrift=+6.311sigma uMRED=0.1668410316 uER=0.431641 uMAE=76.4688 WCE=3904 bias=31.2500
[pop10_soft:00200] loss=1.234790 tau=2.25 collapse_w=0.000 mid_frac=0.348 hard=score=18.7613987488 wNMSE=0.046375999 wMSE=2987.5557 wMRED=1.18046835 wER=0.362938 wMAE=24.8690 wBias=-17.1336 condBias=33.2636 dotDrift=-20.062sigma uMRED=0.0709549231 uER=0.410156 uMAE=42.2188 WCE=332 bias=-30.2500
[pop10_soft:00400] loss=0.658570 tau=3.00 collapse_w=0.000 mid_frac=0.330 hard=score=9.4295054700 wNMSE=0.041235631 wMSE=2656.4116 wMRED=1.03850736 wER=0.361051 wMAE=23.5938 wBias=-12.1230 condBias=27.9917 dotDrift=-15.054sigma uMRED=0.0676850856 uER=0.406250 uMAE=42.6562 WCE=324 bias=-17.1250
[pop10_soft:00600] loss=0.165404 tau=3.75 collapse_w=0.000 mid_frac=0.304 hard=score=0.2180152536 wNMSE=0.019066978 wMSE=1228.3004 wMRED=0.60840980 wER=0.314886 wMAE=14.2686 wBias=-1.6306 condBias=18.9454 dotDrift=-2.978sigma uMRED=0.0516657066 uER=0.389648 uMAE=33.2812 WCE=292 bias=-25.1250
[pop10_soft:00800] loss=0.086240 tau=4.50 collapse_w=0.084 mid_frac=0.304 hard=score=0.4338628643 wNMSE=0.021553992 wMSE=1388.5146 wMRED=0.60040507 wER=0.315241 wMAE=14.6412 wBias=-2.4421 condBias=21.0754 dotDrift=-4.194sigma uMRED=0.0535025329 uER=0.379883 uMAE=34.2031 WCE=304 bias=-26.1250
[pop10_soft:01000] loss=0.065357 tau=5.25 collapse_w=0.293 mid_frac=0.241 hard=score=0.8565724653 wNMSE=0.016722475 wMSE=1077.2668 wMRED=0.50394667 wER=0.269107 wMAE=12.3261 wBias=3.5764 condBias=12.6481 dotDrift=+6.974sigma uMRED=0.0415699434 uER=0.354492 uMAE=27.7266 WCE=296 bias=-8.2500
[pop10_soft:01199] loss=0.049155 tau=6.00 collapse_w=0.500 mid_frac=0.196 hard=score=0.5102043301 wNMSE=0.018857905 wMSE=1214.8319 wMRED=0.50954260 wER=0.269180 wMAE=12.8588 wBias=2.7022 condBias=13.9889 dotDrift=+4.962sigma uMRED=0.0482398556 uER=0.355469 uMAE=32.9219 WCE=296 bias=-16.2500
[pop10_hard:00000] loss=0.551028 tau=6.00 collapse_w=0.500 mid_frac=0.196 hard=score=0.5102043301 wNMSE=0.018857905 wMSE=1214.8319 wMRED=0.50954260 wER=0.269180 wMAE=12.8588 wBias=2.7022 condBias=13.9889 dotDrift=+4.962sigma uMRED=0.0482398556 uER=0.355469 uMAE=32.9219 WCE=296 bias=-16.2500
[pop10_hard:00200] loss=0.122672 tau=6.00 collapse_w=0.500 mid_frac=0.223 hard=score=0.0804522442 wNMSE=0.01928986 wMSE=1242.6585 wMRED=0.52189934 wER=0.269180 wMAE=12.8810 wBias=-0.6819 condBias=19.8955 dotDrift=-1.238sigma uMRED=0.0495416502 uER=0.355469 uMAE=32.3281 WCE=296 bias=-24.2500
[pop10_hard:00400] loss=0.120225 tau=6.00 collapse_w=0.500 mid_frac=0.223 hard=score=0.5102043301 wNMSE=0.018857905 wMSE=1214.8319 wMRED=0.50954260 wER=0.269180 wMAE=12.8588 wBias=2.7022 condBias=13.9889 dotDrift=+4.962sigma uMRED=0.0482398556 uER=0.355469 uMAE=32.9219 WCE=296 bias=-16.2500
[pop10_hard:00599] loss=0.548197 tau=6.00 collapse_w=0.500 mid_frac=0.223 hard=score=0.5102043301 wNMSE=0.018857905 wMSE=1214.8319 wMRED=0.50954260 wER=0.269180 wMAE=12.8588 wBias=2.7022 condBias=13.9889 dotDrift=+4.962sigma uMRED=0.0482398556 uER=0.355469 uMAE=32.9219 WCE=296 bias=-16.2500
[pop10] done (conf=0.53, noise=0.5); global best score=0.0066268987 wNMSE=0.0008928553 wMSE=57.5180 wMRED=0.08225042 wER=0.152548 wMAE=2.5097 wBias=0.1846 condBias=4.3535 dotDrift=+1.557sigma uMRED=0.0065879659 uER=0.210938 uMAE=3.7812 WCE=48 bias=-0.2500
[pop11_soft:00000] loss=1.694365 tau=1.50 collapse_w=0.000 mid_frac=0.420 hard=score=30.3089534591 wNMSE=0.81243757 wMSE=52337.4702 wMRED=7.22375838 wER=0.433597 wMAE=117.1949 wBias=-21.3340 condBias=126.8461 dotDrift=-5.968sigma uMRED=0.2482897827 uER=0.431641 uMAE=99.3105 WCE=711 bias=26.1250
[pop11_soft:00200] loss=1.420110 tau=2.25 collapse_w=0.000 mid_frac=0.375 hard=score=193.9400308672 wNMSE=0.67767344 wMSE=43655.9251 wMRED=5.17367485 wER=0.319886 wMAE=83.8534 wBias=-55.0574 condBias=116.0918 dotDrift=-16.865sigma uMRED=0.2089199592 uER=0.403320 uMAE=93.6387 WCE=832 bias=30.8125
[pop11_soft:00400] loss=0.693966 tau=3.00 collapse_w=0.000 mid_frac=0.304 hard=score=0.6169707777 wNMSE=0.10370431 wMSE=6680.6626 wMRED=1.05889700 wER=0.295278 wMAE=27.8614 wBias=2.4372 condBias=39.3382 dotDrift=+1.908sigma uMRED=0.1102114246 uER=0.383789 uMAE=73.0938 WCE=832 bias=62.0000
[pop11_soft:00600] loss=0.342582 tau=3.75 collapse_w=0.000 mid_frac=0.321 hard=score=5.2798464800 wNMSE=0.019470869 wMSE=1254.3192 wMRED=0.61106502 wER=0.292902 wMAE=14.7114 wBias=9.0751 condBias=19.3438 dotDrift=+16.399sigma uMRED=0.0389329624 uER=0.324219 uMAE=20.7969 WCE=192 bias=7.3750
[pop11_soft:00800] loss=0.138815 tau=4.50 collapse_w=0.084 mid_frac=0.339 hard=score=0.1104101372 wNMSE=0.039137085 wMSE=2521.2226 wMRED=0.67318952 wER=0.311194 wMAE=18.0662 wBias=0.5613 condBias=27.4172 dotDrift=+0.715sigma uMRED=0.0605191074 uER=0.383789 uMAE=37.9062 WCE=396 bias=-22.0000
[pop11_soft:01000] loss=0.099919 tau=5.25 collapse_w=0.293 mid_frac=0.312 hard=score=0.1022083865 wNMSE=0.041505178 wMSE=2673.7759 wMRED=0.69380697 wER=0.311687 wMAE=18.6224 wBias=0.3351 condBias=28.3209 dotDrift=+0.415sigma uMRED=0.0699221993 uER=0.392578 uMAE=45.8594 WCE=400 bias=-29.8750
[pop11_soft:01199] loss=0.048390 tau=6.00 collapse_w=0.500 mid_frac=0.286 hard=score=4.3087503822 wNMSE=0.021054315 wMSE=1356.3252 wMRED=0.63434572 wER=0.302211 wMAE=15.1702 wBias=8.1759 condBias=20.1245 dotDrift=+14.208sigma uMRED=0.0571397471 uER=0.381836 uMAE=38.6406 WCE=400 bias=-11.8750
[pop11_hard:00000] loss=4.349161 tau=6.00 collapse_w=0.500 mid_frac=0.286 hard=score=4.3087503822 wNMSE=0.021054315 wMSE=1356.3252 wMRED=0.63434572 wER=0.302211 wMAE=15.1702 wBias=8.1759 condBias=20.1245 dotDrift=+14.208sigma uMRED=0.0571397471 uER=0.381836 uMAE=38.6406 WCE=400 bias=-11.8750
[pop11_hard:00200] loss=0.261173 tau=6.00 collapse_w=0.500 mid_frac=0.312 hard=score=0.2177794250 wNMSE=0.039967784 wMSE=2574.7365 wMRED=0.67510680 wER=0.302211 wMAE=17.5499 wBias=1.4076 condBias=27.8163 dotDrift=+1.775sigma uMRED=0.0663681746 uER=0.381836 uMAE=43.8594 WCE=400 bias=-27.8750
[pop11_hard:00400] loss=9.042265 tau=6.00 collapse_w=0.500 mid_frac=0.312 hard=score=9.0035939902 wNMSE=0.037405101 wMSE=2409.6477 wMRED=0.60602447 wER=0.281320 wMAE=15.8993 wBias=-11.8454 condBias=24.7224 dotDrift=-15.444sigma uMRED=0.0635714373 uER=0.375977 uMAE=43.2109 WCE=400 bias=-32.8750
[pop11_hard:00599] loss=9.041081 tau=6.00 collapse_w=0.500 mid_frac=0.312 hard=score=9.0035939902 wNMSE=0.037405101 wMSE=2409.6477 wMRED=0.60602447 wER=0.281320 wMAE=15.8993 wBias=-11.8454 condBias=24.7224 dotDrift=-15.444sigma uMRED=0.0635714373 uER=0.375977 uMAE=43.2109 WCE=400 bias=-32.8750
[pop11] done (conf=0.51, noise=1.0); global best score=0.0066268987 wNMSE=0.0008928553 wMSE=57.5180 wMRED=0.08225042 wER=0.152548 wMAE=2.5097 wBias=0.1846 condBias=4.3535 dotDrift=+1.557sigma uMRED=0.0065879659 uER=0.210938 uMAE=3.7812 WCE=48 bias=-0.2500
[best] stage=quad_soft score=0.0066268987 wNMSE=0.0008928553 wMSE=57.5180 wMRED=0.08225042 wER=0.152548 wMAE=2.5097 wBias=0.1846 condBias=4.3535 dotDrift=+1.557sigma uMRED=0.0065879659 uER=0.210938 uMAE=3.7812 WCE=48 bias=-0.2500
[best-json] /home/xuanqi/tony/work/FPGA/signed8x8_approx/signed8x8_2026_8_22/runs_module_groups/G1_qk/balanced_split/rand301/best_signed88_inits.json
[best-rtl] /home/xuanqi/tony/work/FPGA/signed8x8_approx/signed8x8_2026_8_22/runs_module_groups/G1_qk/balanced_split/rand301/best_rtl
[design] balanced_split search_bits=112
[start] score=0.0066268987 wNMSE=0.0008928553 wMSE=57.5180 wMRED=0.08225042 wER=0.152548 wMAE=2.5097 wBias=0.1846 condBias=4.3535 dotDrift=+1.557sigma uMRED=0.0065879659 uER=0.210938 uMAE=3.7812 WCE=48 bias=-0.2500
[single] ACCEPT ['lo_lut23:51'] 0.0066268987->0.0041659829 wNMSE=0.00083320942 wBias=+0.03701
[single] ACCEPT ['lo_lut45:15'] 0.0041659829->0.0040873488 wNMSE=0.00083426864 wBias=+0.01192
[single] round=3 no improvement
[pair] ACCEPT ['mid_lut01:59', 'mid_lut01:63'] 0.0040873488->0.0036607276 wNMSE=0.00071915901 wBias=+0.01559
[pair] ACCEPT ['lo_lut23:15', 'lo_lut23:11'] 0.0036607276->0.0035921948 wNMSE=0.00069165847 wBias=-0.01103
[pair] ACCEPT ['lo_lut23:59', 'mid_lut01:23'] 0.0035921948->0.0035568286 wNMSE=0.00068332824 wBias=-0.00706
[pair] ACCEPT ['lo_lut01:63', 'lo_lut23:27'] 0.0035568286->0.0035254311 wNMSE=0.00065942319 wBias=-0.00944
[final] score=0.0035254311 wNMSE=0.00065942319 wMSE=42.4802 wMRED=0.12951769 wER=0.334275 wMAE=2.8014 wBias=-0.0094 condBias=3.4482 dotDrift=-0.093sigma uMRED=0.0071447925 uER=0.362305 uMAE=3.8672 WCE=40 bias=-1.0000
[json] /home/xuanqi/tony/work/FPGA/signed8x8_approx/signed8x8_2026_8_22/runs_module_groups/G1_qk/balanced_split/rand301/refined/best_signed88_inits.json
