[initial-infeasible] random start violates zero-product safety: zero_violations=148, workload_zero_probability=0.0776177181068; using guard baseline as deployable best
[design] default_split quad4 entries=168
[device] cuda
[safety] max_zero_violations=0 max_workload_zero_violation_probability=0
[initial] score=908.9507587834 wNMSE=4.2721849 wMSE=325456.5692 wMRED=17.78537566 wER=0.582578 wMAE=313.7983 wBias=127.1071 condBias=336.2329 dotDrift=+14.259sigma uMRED=0.7886089986 uER=0.578125 uMAE=341.3862 WCE=2364 bias=78.3125
[aligned-objective] schema=aligned_ai_metrics_v2 guard_tolerance=0.1 constraint_weight=10
[quad_warmup_bit:00000] loss=38.128914 tau=1.50 collapse_w=0.000 mid_frac=0.429 hard=score=908.9507587834 wNMSE=4.2721849 wMSE=325456.5692 wMRED=17.78537566 wER=0.582578 wMAE=313.7983 wBias=127.1071 condBias=336.2329 dotDrift=+14.259sigma uMRED=0.7886089986 uER=0.578125 uMAE=341.3862 WCE=2364 bias=78.3125
[quad_warmup_bit:00200] loss=6.684332 tau=1.50 collapse_w=0.000 mid_frac=0.435 hard=score=2856.8541063746 wNMSE=12.127673 wMSE=923890.4451 wMRED=35.90992605 wER=0.579315 wMAE=425.1015 wBias=-226.2099 condBias=486.5995 dotDrift=-15.062sigma uMRED=1.0488781665 uER=0.572266 uMAE=341.0732 WCE=3871 bias=-183.9375
[quad_warmup_bit:00400] loss=4.293686 tau=1.50 collapse_w=0.000 mid_frac=0.452 hard=score=540.7349301609 wNMSE=1.4860079 wMSE=113204.6129 wMRED=7.03651871 wER=0.516120 wMAE=130.0592 wBias=-99.1757 condBias=181.1595 dotDrift=-18.865sigma uMRED=0.4282304872 uER=0.566406 uMAE=225.5210 WCE=2368 bias=-161.5625
[quad_warmup_bit:00600] loss=3.141420 tau=1.50 collapse_w=0.000 mid_frac=0.363 hard=score=24.9254303314 wNMSE=0.21180067 wMSE=16135.0501 wMRED=2.43151663 wER=0.443860 wMAE=51.6163 wBias=-20.8579 condBias=64.2041 dotDrift=-10.509sigma uMRED=0.2403135147 uER=0.548340 uMAE=156.0039 WCE=1904 bias=-86.1250
[quad_warmup_bit:00800] loss=2.344399 tau=1.50 collapse_w=0.000 mid_frac=0.286 hard=score=3.7882798189 wNMSE=0.2183672 wMSE=16635.2913 wMRED=1.84961749 wER=0.426178 wMAE=54.2676 wBias=-6.4623 condBias=65.8928 dotDrift=-3.207sigma uMRED=0.2149268709 uER=0.547607 uMAE=133.1719 WCE=1424 bias=-19.7500
[quad_warmup_bit:01000] loss=2.066906 tau=1.50 collapse_w=0.000 mid_frac=0.244 hard=score=1.6696705972 wNMSE=0.22522976 wMSE=17158.0832 wMRED=1.95980205 wER=0.397346 wMAE=54.5754 wBias=1.2666 condBias=68.6156 dotDrift=+0.619sigma uMRED=0.2147579947 uER=0.529541 uMAE=130.5000 WCE=1408 bias=-12.2500
[quad_warmup_bit:01200] loss=1.969109 tau=1.50 collapse_w=0.000 mid_frac=0.232 hard=score=2.7807057485 wNMSE=0.2189027 wMSE=16676.0857 wMRED=1.54439144 wER=0.353144 wMAE=49.0566 wBias=-5.0926 condBias=63.8192 dotDrift=-2.524sigma uMRED=0.2012672072 uER=0.513916 uMAE=126.8984 WCE=1408 bias=-17.2500
[quad_warmup_bit:01400] loss=1.935024 tau=1.50 collapse_w=0.000 mid_frac=0.220 hard=score=2.3568140684 wNMSE=0.22618138 wMSE=17230.5777 wMRED=1.48150640 wER=0.338201 wMAE=48.6244 wBias=3.3998 condBias=74.0151 dotDrift=+1.658sigma uMRED=0.2122971201 uER=0.509277 uMAE=126.9453 WCE=1408 bias=-3.0000
[quad_warmup_bit:01600] loss=1.493119 tau=1.50 collapse_w=0.000 mid_frac=0.214 hard=score=1.9994776788 wNMSE=0.21487534 wMSE=16369.2796 wMRED=1.39835822 wER=0.338440 wMAE=46.7628 wBias=-2.8037 condBias=70.6886 dotDrift=-1.402sigma uMRED=0.2089702490 uER=0.508545 uMAE=126.0703 WCE=1360 bias=-11.5000
[quad_warmup_bit:01800] loss=1.481069 tau=1.50 collapse_w=0.000 mid_frac=0.226 hard=score=2.6868253572 wNMSE=0.21468005 wMSE=16354.4028 wMRED=1.38055440 wER=0.330875 wMAE=46.1231 wBias=-4.5932 condBias=70.0618 dotDrift=-2.299sigma uMRED=0.2009755131 uER=0.496826 uMAE=127.3633 WCE=1360 bias=-32.0000
[quad_warmup_bit:02000] loss=1.471367 tau=1.50 collapse_w=0.000 mid_frac=0.226 hard=score=4.2211583377 wNMSE=0.19531613 wMSE=14879.2524 wMRED=1.31302453 wER=0.322292 wMAE=44.4487 wBias=-7.4461 condBias=61.2140 dotDrift=-3.907sigma uMRED=0.1906195199 uER=0.490723 uMAE=124.5156 WCE=1296 bias=-38.1250
[quad_warmup_bit:02200] loss=1.461690 tau=1.50 collapse_w=0.000 mid_frac=0.226 hard=score=3.0881669241 wNMSE=0.18397395 wMSE=14015.2008 wMRED=1.23890079 wER=0.321336 wMAE=41.7027 wBias=-5.9994 condBias=58.9503 dotDrift=-3.243sigma uMRED=0.1747271028 uER=0.484863 uMAE=112.7402 WCE=1264 bias=-39.1250
[quad_warmup_bit:02400] loss=1.454087 tau=1.50 collapse_w=0.000 mid_frac=0.214 hard=score=1.6874213285 wNMSE=0.18730636 wMSE=14269.0655 wMRED=1.21251775 wER=0.308882 wMAE=40.3298 wBias=-2.7289 condBias=63.0780 dotDrift=-1.462sigma uMRED=0.1739485460 uER=0.473877 uMAE=109.8984 WCE=1264 bias=-32.6250
[quad_warmup_bit:02600] loss=1.448827 tau=1.50 collapse_w=0.000 mid_frac=0.190 hard=score=30.3537251719 wNMSE=0.13897153 wMSE=10586.9008 wMRED=0.98127975 wER=0.283273 wMAE=33.2951 wBias=-23.2801 condBias=58.2642 dotDrift=-14.480sigma uMRED=0.1537036116 uER=0.460205 uMAE=98.5312 WCE=1216 bias=-66.1250
[quad_warmup_bit:02800] loss=1.442437 tau=1.50 collapse_w=0.000 mid_frac=0.202 hard=score=21.9464180742 wNMSE=0.12085873 wMSE=9207.0611 wMRED=0.87175491 wER=0.268176 wMAE=29.3302 wBias=-19.7453 condBias=52.8804 dotDrift=-13.170sigma uMRED=0.1378523203 uER=0.427246 uMAE=88.4805 WCE=1072 bias=-58.1250
[quad_warmup_bit:03000] loss=0.871586 tau=1.50 collapse_w=0.000 mid_frac=0.196 hard=score=21.9464180742 wNMSE=0.12085873 wMSE=9207.0611 wMRED=0.87175491 wER=0.268176 wMAE=29.3302 wBias=-19.7453 condBias=52.8804 dotDrift=-13.170sigma uMRED=0.1378523203 uER=0.427246 uMAE=88.4805 WCE=1072 bias=-58.1250
[quad_warmup_bit:03200] loss=0.867730 tau=1.50 collapse_w=0.000 mid_frac=0.202 hard=score=24.4969713622 wNMSE=0.12527429 wMSE=9543.4402 wMRED=0.89295765 wER=0.267749 wMAE=30.5327 wBias=-20.8897 condBias=54.6218 dotDrift=-13.685sigma uMRED=0.1412137785 uER=0.418457 uMAE=89.4883 WCE=1072 bias=-58.1250
[quad_warmup_bit:03400] loss=0.864847 tau=1.50 collapse_w=0.000 mid_frac=0.190 hard=score=24.4969713622 wNMSE=0.12527429 wMSE=9543.4402 wMRED=0.89295765 wER=0.267749 wMAE=30.5327 wBias=-20.8897 condBias=54.6218 dotDrift=-13.685sigma uMRED=0.1412137785 uER=0.418457 uMAE=89.4883 WCE=1072 bias=-58.1250
[quad_warmup_bit:03600] loss=0.863148 tau=1.50 collapse_w=0.000 mid_frac=0.173 hard=score=23.3800889771 wNMSE=0.1235058 wMSE=9408.7161 wMRED=0.88990865 wER=0.267120 wMAE=30.2002 wBias=-20.3996 condBias=53.9060 dotDrift=-13.460sigma uMRED=0.1323064551 uER=0.406738 uMAE=83.7969 WCE=1072 bias=-50.1250
[quad_warmup_bit:03800] loss=0.860829 tau=1.50 collapse_w=0.000 mid_frac=0.173 hard=score=18.0184766441 wNMSE=0.086289124 wMSE=6573.5362 wMRED=0.86307554 wER=0.267120 wMAE=27.7302 wBias=-17.9296 condBias=46.2552 dotDrift=-14.153sigma uMRED=0.1080209168 uER=0.406738 uMAE=67.7969 WCE=624 bias=-34.1250
[quad_warmup_bit:04000] loss=0.859823 tau=1.50 collapse_w=0.000 mid_frac=0.179 hard=score=5.4843250400 wNMSE=0.0792388 wMSE=6036.4400 wMRED=0.71090580 wER=0.250194 wMAE=24.6496 wBias=-9.5138 condBias=43.9483 dotDrift=-7.837sigma uMRED=0.0931920422 uER=0.380859 uMAE=60.4180 WCE=624 bias=-18.1250
[quad_warmup_bit:04200] loss=0.858988 tau=1.50 collapse_w=0.000 mid_frac=0.167 hard=score=5.4843250400 wNMSE=0.0792388 wMSE=6036.4400 wMRED=0.71090580 wER=0.250194 wMAE=24.6496 wBias=-9.5138 condBias=43.9483 dotDrift=-7.837sigma uMRED=0.0931920422 uER=0.380859 uMAE=60.4180 WCE=624 bias=-18.1250
[quad_warmup_bit:04400] loss=0.858501 tau=1.50 collapse_w=0.000 mid_frac=0.167 hard=score=5.4843250400 wNMSE=0.0792388 wMSE=6036.4400 wMRED=0.71090580 wER=0.250194 wMAE=24.6496 wBias=-9.5138 condBias=43.9483 dotDrift=-7.837sigma uMRED=0.0931920422 uER=0.380859 uMAE=60.4180 WCE=624 bias=-18.1250
[quad_warmup_bit:04600] loss=0.857564 tau=1.50 collapse_w=0.000 mid_frac=0.155 hard=score=12.6835729659 wNMSE=0.11993061 wMSE=9136.3564 wMRED=0.81586858 wER=0.256460 wMAE=29.8992 wBias=-14.7635 condBias=54.5347 dotDrift=-9.885sigma uMRED=0.1098819953 uER=0.386719 uMAE=68.4180 WCE=656 bias=-26.1250
[quad_warmup_bit:04800] loss=0.857071 tau=1.50 collapse_w=0.000 mid_frac=0.149 hard=score=8.6351590538 wNMSE=0.10238799 wMSE=7799.9532 wMRED=0.74422179 wER=0.256460 wMAE=27.3247 wBias=-12.0570 condBias=50.5949 dotDrift=-8.737sigma uMRED=0.1041935587 uER=0.386719 uMAE=66.3477 WCE=656 bias=-22.1250
[quad_warmup_bit:05000] loss=0.856377 tau=1.50 collapse_w=0.000 mid_frac=0.131 hard=score=0.4562004278 wNMSE=0.041552666 wMSE=3165.4969 wMRED=0.55493953 wER=0.246968 wMAE=17.2927 wBias=-1.6483 condBias=31.0341 dotDrift=-1.875sigma uMRED=0.0700908242 uER=0.366211 uMAE=48.3750 WCE=584 bias=-6.1250
[quad_warmup_bit:05200] loss=0.855579 tau=1.50 collapse_w=0.000 mid_frac=0.119 hard=score=0.3823781046 wNMSE=0.040412577 wMSE=3078.6445 wMRED=0.55344829 wER=0.246176 wMAE=16.9534 wBias=-1.1993 condBias=30.8573 dotDrift=-1.383sigma uMRED=0.0642061777 uER=0.350586 uMAE=41.9531 WCE=584 bias=1.8750
[quad_warmup_bit:05400] loss=0.855330 tau=1.50 collapse_w=0.000 mid_frac=0.119 hard=score=0.5145966934 wNMSE=0.054200196 wMSE=4128.9902 wMRED=0.61749441 wER=0.246176 wMAE=19.5442 wBias=1.3914 condBias=35.5930 dotDrift=+1.386sigma uMRED=0.0722520815 uER=0.350586 uMAE=45.9531 WCE=584 bias=5.8750
[quad_warmup_bit:05600] loss=0.857136 tau=1.50 collapse_w=0.000 mid_frac=0.107 hard=score=1.7270206406 wNMSE=0.058798974 wMSE=4479.3268 wMRED=0.78843655 wER=0.244821 wMAE=21.6023 wBias=4.8469 condBias=37.6655 dotDrift=+4.635sigma uMRED=0.0773049204 uER=0.350586 uMAE=47.5430 WCE=648 bias=9.3750
[quad_warmup_bit:05800] loss=0.856654 tau=1.50 collapse_w=0.000 mid_frac=0.119 hard=score=1.0559766356 wNMSE=0.057746551 wMSE=4399.1528 wMRED=0.76209858 wER=0.254052 wMAE=21.5219 wBias=3.3645 condBias=36.5924 dotDrift=+3.247sigma uMRED=0.0760926701 uER=0.354980 uMAE=47.2695 WCE=648 bias=7.3750
[quad_warmup_bit:05999] loss=0.106311 tau=1.50 collapse_w=0.000 mid_frac=0.113 hard=score=1.0559766356 wNMSE=0.057746551 wMSE=4399.1528 wMRED=0.76209858 wER=0.254052 wMAE=21.5219 wBias=3.3645 condBias=36.5924 dotDrift=+3.247sigma uMRED=0.0760926701 uER=0.354980 uMAE=47.2695 WCE=648 bias=7.3750
[quad_soft:00000] loss=0.256001 tau=1.50 collapse_w=0.000 mid_frac=0.113 hard=score=1.0559766356 wNMSE=0.057746551 wMSE=4399.1528 wMRED=0.76209858 wER=0.254052 wMAE=21.5219 wBias=3.3645 condBias=36.5924 dotDrift=+3.247sigma uMRED=0.0760926701 uER=0.354980 uMAE=47.2695 WCE=648 bias=7.3750
[quad_soft:00200] loss=0.206848 tau=1.59 collapse_w=0.000 mid_frac=0.107 hard=score=0.4063244614 wNMSE=0.040938482 wMSE=3118.7081 wMRED=0.53504541 wER=0.240432 wMAE=17.1577 wBias=-1.3104 condBias=31.2874 dotDrift=-1.502sigma uMRED=0.0643855638 uER=0.346191 uMAE=42.2500 WCE=576 bias=2.1250
[quad_soft:00400] loss=0.184777 tau=1.68 collapse_w=0.000 mid_frac=0.101 hard=score=0.6566828938 wNMSE=0.039900518 wMSE=3039.6356 wMRED=0.41653158 wER=0.240432 wMAE=15.4274 wBias=-2.5623 condBias=30.8711 dotDrift=-2.974sigma uMRED=0.0604812150 uER=0.346191 uMAE=40.6562 WCE=544 bias=0.8750
[quad_soft:00600] loss=0.181444 tau=1.77 collapse_w=0.000 mid_frac=0.101 hard=score=0.6566828938 wNMSE=0.039900518 wMSE=3039.6356 wMRED=0.41653158 wER=0.240432 wMAE=15.4274 wBias=-2.5623 condBias=30.8711 dotDrift=-2.974sigma uMRED=0.0604812150 uER=0.346191 uMAE=40.6562 WCE=544 bias=0.8750
[quad_soft:00800] loss=0.178196 tau=1.86 collapse_w=0.000 mid_frac=0.107 hard=score=0.3070232396 wNMSE=0.038423331 wMSE=2927.1030 wMRED=0.58532024 wER=0.284781 wMAE=16.5754 wBias=-0.5182 condBias=30.1723 dotDrift=-0.613sigma uMRED=0.0637961772 uER=0.379883 uMAE=41.5781 WCE=544 bias=2.8750
[quad_soft:01000] loss=0.176695 tau=1.95 collapse_w=0.000 mid_frac=0.107 hard=score=0.3070232396 wNMSE=0.038423331 wMSE=2927.1030 wMRED=0.58532024 wER=0.284781 wMAE=16.5754 wBias=-0.5182 condBias=30.1723 dotDrift=-0.613sigma uMRED=0.0637961772 uER=0.379883 uMAE=41.5781 WCE=544 bias=2.8750
[quad_soft:01200] loss=0.177359 tau=2.04 collapse_w=0.000 mid_frac=0.101 hard=score=0.3070232396 wNMSE=0.038423331 wMSE=2927.1030 wMRED=0.58532024 wER=0.284781 wMAE=16.5754 wBias=-0.5182 condBias=30.1723 dotDrift=-0.613sigma uMRED=0.0637961772 uER=0.379883 uMAE=41.5781 WCE=544 bias=2.8750
[quad_soft:01400] loss=0.180509 tau=2.13 collapse_w=0.000 mid_frac=0.095 hard=score=0.3155713058 wNMSE=0.038440018 wMSE=2928.3743 wMRED=0.58392713 wER=0.294997 wMAE=16.6448 wBias=-0.6538 condBias=30.1808 dotDrift=-0.773sigma uMRED=0.0638369447 uER=0.388672 uMAE=41.6562 WCE=544 bias=2.7500
[quad_soft:01600] loss=0.181131 tau=2.22 collapse_w=0.000 mid_frac=0.101 hard=score=0.3155713058 wNMSE=0.038440018 wMSE=2928.3743 wMRED=0.58392713 wER=0.294997 wMAE=16.6448 wBias=-0.6538 condBias=30.1808 dotDrift=-0.773sigma uMRED=0.0638369447 uER=0.388672 uMAE=41.6562 WCE=544 bias=2.7500
[quad_soft:01800] loss=0.180886 tau=2.31 collapse_w=0.000 mid_frac=0.101 hard=score=1.5655446306 wNMSE=0.066141093 wMSE=5038.6520 wMRED=0.68610624 wER=0.297836 wMAE=21.7405 wBias=4.4419 condBias=39.0222 dotDrift=+4.005sigma uMRED=0.0801446048 uER=0.394531 uMAE=49.4062 WCE=544 bias=10.5000
[quad_soft:02000] loss=0.179538 tau=2.40 collapse_w=0.000 mid_frac=0.095 hard=score=0.5446076998 wNMSE=0.072804076 wMSE=5546.2404 wMRED=0.91725671 wER=0.297836 wMAE=24.4471 wBias=-0.1482 condBias=41.2200 dotDrift=-0.127sigma uMRED=0.0862037320 uER=0.394531 uMAE=50.5469 WCE=512 bias=6.5000
[quad_soft:02200] loss=0.177449 tau=2.49 collapse_w=0.000 mid_frac=0.095 hard=score=0.5446076998 wNMSE=0.072804076 wMSE=5546.2404 wMRED=0.91725671 wER=0.297836 wMAE=24.4471 wBias=-0.1482 condBias=41.2200 dotDrift=-0.127sigma uMRED=0.0862037320 uER=0.394531 uMAE=50.5469 WCE=512 bias=6.5000
[quad_soft:02400] loss=0.179368 tau=2.58 collapse_w=0.000 mid_frac=0.089 hard=score=0.7563818929 wNMSE=0.0675445 wMSE=5145.5641 wMRED=0.73845949 wER=0.297836 wMAE=22.2051 wBias=2.1468 condBias=39.6500 dotDrift=+1.915sigma uMRED=0.0815656930 uER=0.394531 uMAE=49.5469 WCE=512 bias=8.5000
[quad_soft:02600] loss=0.174652 tau=2.67 collapse_w=0.000 mid_frac=0.089 hard=score=0.7563818929 wNMSE=0.0675445 wMSE=5145.5641 wMRED=0.73845949 wER=0.297836 wMAE=22.2051 wBias=2.1468 condBias=39.6500 dotDrift=+1.915sigma uMRED=0.0815656930 uER=0.394531 uMAE=49.5469 WCE=512 bias=8.5000
[quad_soft:02800] loss=0.174876 tau=2.76 collapse_w=0.000 mid_frac=0.089 hard=score=0.7563818929 wNMSE=0.0675445 wMSE=5145.5641 wMRED=0.73845949 wER=0.297836 wMAE=22.2051 wBias=2.1468 condBias=39.6500 dotDrift=+1.915sigma uMRED=0.0815656930 uER=0.394531 uMAE=49.5469 WCE=512 bias=8.5000
[quad_soft:03000] loss=0.172506 tau=2.85 collapse_w=0.000 mid_frac=0.089 hard=score=0.7563818929 wNMSE=0.0675445 wMSE=5145.5641 wMRED=0.73845949 wER=0.297836 wMAE=22.2051 wBias=2.1468 condBias=39.6500 dotDrift=+1.915sigma uMRED=0.0815656930 uER=0.394531 uMAE=49.5469 WCE=512 bias=8.5000
[quad_soft:03200] loss=0.172774 tau=2.94 collapse_w=0.000 mid_frac=0.089 hard=score=0.6736947122 wNMSE=0.066714189 wMSE=5082.3106 wMRED=0.73390032 wER=0.292606 wMAE=21.8932 wBias=1.8349 condBias=38.9255 dotDrift=+1.647sigma uMRED=0.0807726866 uER=0.382812 uMAE=49.0469 WCE=512 bias=8.0000
[quad_soft:03400] loss=0.173497 tau=3.03 collapse_w=0.000 mid_frac=0.089 hard=score=0.6736947122 wNMSE=0.066714189 wMSE=5082.3106 wMRED=0.73390032 wER=0.292606 wMAE=21.8932 wBias=1.8349 condBias=38.9255 dotDrift=+1.647sigma uMRED=0.0807726866 uER=0.382812 uMAE=49.0469 WCE=512 bias=8.0000
[quad_soft:03600] loss=0.171711 tau=3.12 collapse_w=0.000 mid_frac=0.089 hard=score=0.6736947122 wNMSE=0.066714189 wMSE=5082.3106 wMRED=0.73390032 wER=0.292606 wMAE=21.8932 wBias=1.8349 condBias=38.9255 dotDrift=+1.647sigma uMRED=0.0807726866 uER=0.382812 uMAE=49.0469 WCE=512 bias=8.0000
[quad_soft:03800] loss=0.170005 tau=3.21 collapse_w=0.000 mid_frac=0.089 hard=score=1.0871878459 wNMSE=0.069448881 wMSE=5290.6405 wMRED=0.76438349 wER=0.318050 wMAE=22.2058 wBias=3.1653 condBias=41.5273 dotDrift=+2.785sigma uMRED=0.0928655759 uER=0.406250 uMAE=52.6680 WCE=768 bias=24.5000
[quad_soft:04000] loss=0.167836 tau=3.30 collapse_w=0.000 mid_frac=0.089 hard=score=1.0871878459 wNMSE=0.069448881 wMSE=5290.6405 wMRED=0.76438349 wER=0.318050 wMAE=22.2058 wBias=3.1653 condBias=41.5273 dotDrift=+2.785sigma uMRED=0.0928655759 uER=0.406250 uMAE=52.6680 WCE=768 bias=24.5000
[quad_soft:04200] loss=0.164168 tau=3.39 collapse_w=0.000 mid_frac=0.089 hard=score=1.0871878459 wNMSE=0.069448881 wMSE=5290.6405 wMRED=0.76438349 wER=0.318050 wMAE=22.2058 wBias=3.1653 condBias=41.5273 dotDrift=+2.785sigma uMRED=0.0928655759 uER=0.406250 uMAE=52.6680 WCE=768 bias=24.5000
[quad_soft:04400] loss=0.160362 tau=3.48 collapse_w=0.000 mid_frac=0.089 hard=score=1.0871878459 wNMSE=0.069448881 wMSE=5290.6405 wMRED=0.76438349 wER=0.318050 wMAE=22.2058 wBias=3.1653 condBias=41.5273 dotDrift=+2.785sigma uMRED=0.0928655759 uER=0.406250 uMAE=52.6680 WCE=768 bias=24.5000
[quad_soft:04600] loss=0.157059 tau=3.57 collapse_w=0.000 mid_frac=0.089 hard=score=1.0871878459 wNMSE=0.069448881 wMSE=5290.6405 wMRED=0.76438349 wER=0.318050 wMAE=22.2058 wBias=3.1653 condBias=41.5273 dotDrift=+2.785sigma uMRED=0.0928655759 uER=0.406250 uMAE=52.6680 WCE=768 bias=24.5000
[quad_soft:04800] loss=0.153521 tau=3.66 collapse_w=0.000 mid_frac=0.089 hard=score=1.0871878459 wNMSE=0.069448881 wMSE=5290.6405 wMRED=0.76438349 wER=0.318050 wMAE=22.2058 wBias=3.1653 condBias=41.5273 dotDrift=+2.785sigma uMRED=0.0928655759 uER=0.406250 uMAE=52.6680 WCE=768 bias=24.5000
[quad_soft:05000] loss=0.149639 tau=3.75 collapse_w=0.000 mid_frac=0.089 hard=score=1.0871878459 wNMSE=0.069448881 wMSE=5290.6405 wMRED=0.76438349 wER=0.318050 wMAE=22.2058 wBias=3.1653 condBias=41.5273 dotDrift=+2.785sigma uMRED=0.0928655759 uER=0.406250 uMAE=52.6680 WCE=768 bias=24.5000
[quad_soft:05200] loss=0.146032 tau=3.84 collapse_w=0.000 mid_frac=0.089 hard=score=1.0871878459 wNMSE=0.069448881 wMSE=5290.6405 wMRED=0.76438349 wER=0.318050 wMAE=22.2058 wBias=3.1653 condBias=41.5273 dotDrift=+2.785sigma uMRED=0.0928655759 uER=0.406250 uMAE=52.6680 WCE=768 bias=24.5000
[quad_soft:05400] loss=0.141835 tau=3.93 collapse_w=0.000 mid_frac=0.089 hard=score=1.0871878459 wNMSE=0.069448881 wMSE=5290.6405 wMRED=0.76438349 wER=0.318050 wMAE=22.2058 wBias=3.1653 condBias=41.5273 dotDrift=+2.785sigma uMRED=0.0928655759 uER=0.406250 uMAE=52.6680 WCE=768 bias=24.5000
[quad_soft:05600] loss=0.138611 tau=4.02 collapse_w=0.000 mid_frac=0.089 hard=score=1.0871878459 wNMSE=0.069448881 wMSE=5290.6405 wMRED=0.76438349 wER=0.318050 wMAE=22.2058 wBias=3.1653 condBias=41.5273 dotDrift=+2.785sigma uMRED=0.0928655759 uER=0.406250 uMAE=52.6680 WCE=768 bias=24.5000
[quad_soft:05800] loss=0.134769 tau=4.11 collapse_w=0.000 mid_frac=0.089 hard=score=1.0871878459 wNMSE=0.069448881 wMSE=5290.6405 wMRED=0.76438349 wER=0.318050 wMAE=22.2058 wBias=3.1653 condBias=41.5273 dotDrift=+2.785sigma uMRED=0.0928655759 uER=0.406250 uMAE=52.6680 WCE=768 bias=24.5000
[quad_soft:06000] loss=0.132339 tau=4.20 collapse_w=0.000 mid_frac=0.089 hard=score=1.0871878459 wNMSE=0.069448881 wMSE=5290.6405 wMRED=0.76438349 wER=0.318050 wMAE=22.2058 wBias=3.1653 condBias=41.5273 dotDrift=+2.785sigma uMRED=0.0928655759 uER=0.406250 uMAE=52.6680 WCE=768 bias=24.5000
[quad_soft:06200] loss=0.128485 tau=4.29 collapse_w=0.025 mid_frac=0.095 hard=score=1.0871878459 wNMSE=0.069448881 wMSE=5290.6405 wMRED=0.76438349 wER=0.318050 wMAE=22.2058 wBias=3.1653 condBias=41.5273 dotDrift=+2.785sigma uMRED=0.0928655759 uER=0.406250 uMAE=52.6680 WCE=768 bias=24.5000
[quad_soft:06400] loss=0.125693 tau=4.38 collapse_w=0.050 mid_frac=0.089 hard=score=1.0871878459 wNMSE=0.069448881 wMSE=5290.6405 wMRED=0.76438349 wER=0.318050 wMAE=22.2058 wBias=3.1653 condBias=41.5273 dotDrift=+2.785sigma uMRED=0.0928655759 uER=0.406250 uMAE=52.6680 WCE=768 bias=24.5000
[quad_soft:06600] loss=0.123056 tau=4.47 collapse_w=0.075 mid_frac=0.083 hard=score=1.2550890847 wNMSE=0.069402672 wMSE=5287.1203 wMRED=0.76443700 wER=0.308818 wMAE=22.2131 wBias=3.6290 condBias=41.5002 dotDrift=+3.194sigma uMRED=0.0930084392 uER=0.401855 uMAE=52.7930 WCE=768 bias=25.0000
[quad_soft:06800] loss=0.119584 tau=4.56 collapse_w=0.100 mid_frac=0.077 hard=score=0.4965165111 wNMSE=0.041896935 wMSE=3191.7234 wMRED=0.65947422 wER=0.305022 wMAE=16.9635 wBias=-1.6207 condBias=33.6102 dotDrift=-1.836sigma uMRED=0.0763184860 uER=0.394043 uMAE=44.7930 WCE=768 bias=17.0000
[quad_soft:07000] loss=0.116576 tau=4.65 collapse_w=0.125 mid_frac=0.077 hard=score=0.4965165111 wNMSE=0.041896935 wMSE=3191.7234 wMRED=0.65947422 wER=0.305022 wMAE=16.9635 wBias=-1.6207 condBias=33.6102 dotDrift=-1.836sigma uMRED=0.0763184860 uER=0.394043 uMAE=44.7930 WCE=768 bias=17.0000
[quad_soft:07200] loss=0.113379 tau=4.74 collapse_w=0.150 mid_frac=0.071 hard=score=0.4965165111 wNMSE=0.041896935 wMSE=3191.7234 wMRED=0.65947422 wER=0.305022 wMAE=16.9635 wBias=-1.6207 condBias=33.6102 dotDrift=-1.836sigma uMRED=0.0763184860 uER=0.394043 uMAE=44.7930 WCE=768 bias=17.0000
[quad_soft:07400] loss=0.110355 tau=4.83 collapse_w=0.175 mid_frac=0.065 hard=score=0.4965165111 wNMSE=0.041896935 wMSE=3191.7234 wMRED=0.65947422 wER=0.305022 wMAE=16.9635 wBias=-1.6207 condBias=33.6102 dotDrift=-1.836sigma uMRED=0.0763184860 uER=0.394043 uMAE=44.7930 WCE=768 bias=17.0000
[quad_soft:07600] loss=0.107213 tau=4.92 collapse_w=0.200 mid_frac=0.065 hard=score=0.4965165111 wNMSE=0.041896935 wMSE=3191.7234 wMRED=0.65947422 wER=0.305022 wMAE=16.9635 wBias=-1.6207 condBias=33.6102 dotDrift=-1.836sigma uMRED=0.0763184860 uER=0.394043 uMAE=44.7930 WCE=768 bias=17.0000
[quad_soft:07800] loss=0.104097 tau=5.01 collapse_w=0.225 mid_frac=0.065 hard=score=0.4965165111 wNMSE=0.041896935 wMSE=3191.7234 wMRED=0.65947422 wER=0.305022 wMAE=16.9635 wBias=-1.6207 condBias=33.6102 dotDrift=-1.836sigma uMRED=0.0763184860 uER=0.394043 uMAE=44.7930 WCE=768 bias=17.0000
[quad_soft:08000] loss=0.100846 tau=5.10 collapse_w=0.250 mid_frac=0.065 hard=score=0.4965165111 wNMSE=0.041896935 wMSE=3191.7234 wMRED=0.65947422 wER=0.305022 wMAE=16.9635 wBias=-1.6207 condBias=33.6102 dotDrift=-1.836sigma uMRED=0.0763184860 uER=0.394043 uMAE=44.7930 WCE=768 bias=17.0000
[quad_soft:08200] loss=0.097525 tau=5.19 collapse_w=0.275 mid_frac=0.071 hard=score=0.4510506176 wNMSE=0.04178022 wMSE=3182.8321 wMRED=0.64801171 wER=0.296525 wMAE=16.8012 wBias=-1.3495 condBias=33.4900 dotDrift=-1.531sigma uMRED=0.0759756946 uER=0.385254 uMAE=44.6797 WCE=768 bias=17.2500
[quad_soft:08400] loss=0.094160 tau=5.28 collapse_w=0.300 mid_frac=0.071 hard=score=0.4510506176 wNMSE=0.04178022 wMSE=3182.8321 wMRED=0.64801171 wER=0.296525 wMAE=16.8012 wBias=-1.3495 condBias=33.4900 dotDrift=-1.531sigma uMRED=0.0759756946 uER=0.385254 uMAE=44.6797 WCE=768 bias=17.2500
[quad_soft:08600] loss=0.090675 tau=5.37 collapse_w=0.325 mid_frac=0.071 hard=score=0.4510506176 wNMSE=0.04178022 wMSE=3182.8321 wMRED=0.64801171 wER=0.296525 wMAE=16.8012 wBias=-1.3495 condBias=33.4900 dotDrift=-1.531sigma uMRED=0.0759756946 uER=0.385254 uMAE=44.6797 WCE=768 bias=17.2500
[quad_soft:08800] loss=0.087074 tau=5.46 collapse_w=0.350 mid_frac=0.071 hard=score=0.4510506176 wNMSE=0.04178022 wMSE=3182.8321 wMRED=0.64801171 wER=0.296525 wMAE=16.8012 wBias=-1.3495 condBias=33.4900 dotDrift=-1.531sigma uMRED=0.0759756946 uER=0.385254 uMAE=44.6797 WCE=768 bias=17.2500
[quad_soft:09000] loss=0.083377 tau=5.55 collapse_w=0.375 mid_frac=0.071 hard=score=0.4510506176 wNMSE=0.04178022 wMSE=3182.8321 wMRED=0.64801171 wER=0.296525 wMAE=16.8012 wBias=-1.3495 condBias=33.4900 dotDrift=-1.531sigma uMRED=0.0759756946 uER=0.385254 uMAE=44.6797 WCE=768 bias=17.2500
[quad_soft:09200] loss=0.079499 tau=5.64 collapse_w=0.400 mid_frac=0.071 hard=score=0.4510506176 wNMSE=0.04178022 wMSE=3182.8321 wMRED=0.64801171 wER=0.296525 wMAE=16.8012 wBias=-1.3495 condBias=33.4900 dotDrift=-1.531sigma uMRED=0.0759756946 uER=0.385254 uMAE=44.6797 WCE=768 bias=17.2500
[quad_soft:09400] loss=0.075404 tau=5.73 collapse_w=0.425 mid_frac=0.065 hard=score=0.4510506176 wNMSE=0.04178022 wMSE=3182.8321 wMRED=0.64801171 wER=0.296525 wMAE=16.8012 wBias=-1.3495 condBias=33.4900 dotDrift=-1.531sigma uMRED=0.0759756946 uER=0.385254 uMAE=44.6797 WCE=768 bias=17.2500
[quad_soft:09600] loss=0.071156 tau=5.82 collapse_w=0.450 mid_frac=0.065 hard=score=0.4510506176 wNMSE=0.04178022 wMSE=3182.8321 wMRED=0.64801171 wER=0.296525 wMAE=16.8012 wBias=-1.3495 condBias=33.4900 dotDrift=-1.531sigma uMRED=0.0759756946 uER=0.385254 uMAE=44.6797 WCE=768 bias=17.2500
[quad_soft:09800] loss=0.066497 tau=5.91 collapse_w=0.475 mid_frac=0.065 hard=score=0.4510506176 wNMSE=0.04178022 wMSE=3182.8321 wMRED=0.64801171 wER=0.296525 wMAE=16.8012 wBias=-1.3495 condBias=33.4900 dotDrift=-1.531sigma uMRED=0.0759756946 uER=0.385254 uMAE=44.6797 WCE=768 bias=17.2500
[quad_soft:09999] loss=0.060760 tau=6.00 collapse_w=0.500 mid_frac=0.065 hard=score=0.4510506176 wNMSE=0.04178022 wMSE=3182.8321 wMRED=0.64801171 wER=0.296525 wMAE=16.8012 wBias=-1.3495 condBias=33.4900 dotDrift=-1.531sigma uMRED=0.0759756946 uER=0.385254 uMAE=44.6797 WCE=768 bias=17.2500
[quad_hard_ste:00000] loss=11.142523 tau=6.00 collapse_w=0.000 mid_frac=0.065 hard=score=0.4510506176 wNMSE=0.04178022 wMSE=3182.8321 wMRED=0.64801171 wER=0.296525 wMAE=16.8012 wBias=-1.3495 condBias=33.4900 dotDrift=-1.531sigma uMRED=0.0759756946 uER=0.385254 uMAE=44.6797 WCE=768 bias=17.2500
[quad_hard_ste:00200] loss=1.360626 tau=6.00 collapse_w=0.000 mid_frac=0.048 hard=score=0.5505696800 wNMSE=0.038790654 wMSE=2955.0858 wMRED=0.64377384 wER=0.296525 wMAE=16.5663 wBias=-2.1962 condBias=30.0775 dotDrift=-2.586sigma uMRED=0.0642106533 uER=0.385254 uMAE=40.9727 WCE=512 bias=1.2500
[quad_hard_ste:00400] loss=54.381554 tau=6.00 collapse_w=0.000 mid_frac=0.048 hard=score=2.6657425776 wNMSE=0.099053836 wMSE=7545.9565 wMRED=0.66251194 wER=0.296525 wMAE=18.8079 wBias=-5.9005 condBias=50.0447 dotDrift=-4.347sigma uMRED=0.1220171460 uER=0.385254 uMAE=79.0820 WCE=1920 bias=-62.7500
[quad_hard_ste:00600] loss=54.381554 tau=6.00 collapse_w=0.000 mid_frac=0.060 hard=score=2.6657425776 wNMSE=0.099053836 wMSE=7545.9565 wMRED=0.66251194 wER=0.296525 wMAE=18.8079 wBias=-5.9005 condBias=50.0447 dotDrift=-4.347sigma uMRED=0.1220171460 uER=0.385254 uMAE=79.0820 WCE=1920 bias=-62.7500
[quad_hard_ste:00800] loss=11.142523 tau=6.00 collapse_w=0.000 mid_frac=0.060 hard=score=0.4510506176 wNMSE=0.04178022 wMSE=3182.8321 wMRED=0.64801171 wER=0.296525 wMAE=16.8012 wBias=-1.3495 condBias=33.4900 dotDrift=-1.531sigma uMRED=0.0759756946 uER=0.385254 uMAE=44.6797 WCE=768 bias=17.2500
[quad_hard_ste:01000] loss=44.587952 tau=6.00 collapse_w=0.000 mid_frac=0.060 hard=score=13.8083569557 wNMSE=0.12963126 wMSE=9875.3556 wMRED=0.74479904 wER=0.296921 wMAE=23.5885 wBias=15.4979 condBias=48.9299 dotDrift=+9.981sigma uMRED=0.1039474010 uER=0.393066 uMAE=63.8984 WCE=768 bias=41.2500
[quad_hard_ste:01200] loss=7.209783 tau=6.00 collapse_w=0.000 mid_frac=0.065 hard=score=0.5308391287 wNMSE=0.042907627 wMSE=3268.7183 wMRED=0.64950026 wER=0.296921 wMAE=17.1367 wBias=-1.7985 condBias=33.6566 dotDrift=-2.013sigma uMRED=0.0817774395 uER=0.393066 uMAE=51.0078 WCE=768 bias=9.2500
[quad_hard_ste:01400] loss=51.729401 tau=6.00 collapse_w=0.000 mid_frac=0.060 hard=score=8.5481290849 wNMSE=0.17634826 wMSE=13434.2730 wMRED=0.75499502 wER=0.296921 wMAE=25.3262 wBias=11.7936 condBias=55.1901 dotDrift=+6.512sigma uMRED=0.1379096798 uER=0.393066 uMAE=94.0078 WCE=1640 bias=-22.7500
[quad_hard_ste:01600] loss=44.587952 tau=6.00 collapse_w=0.000 mid_frac=0.060 hard=score=13.8083569557 wNMSE=0.12963126 wMSE=9875.3556 wMRED=0.74479904 wER=0.296921 wMAE=23.5885 wBias=15.4979 condBias=48.9299 dotDrift=+9.981sigma uMRED=0.1039474010 uER=0.393066 uMAE=63.8984 WCE=768 bias=41.2500
[quad_hard_ste:01800] loss=7.209783 tau=6.00 collapse_w=0.000 mid_frac=0.060 hard=score=13.8083569557 wNMSE=0.12963126 wMSE=9875.3556 wMRED=0.74479904 wER=0.296921 wMAE=23.5885 wBias=15.4979 condBias=48.9299 dotDrift=+9.981sigma uMRED=0.1039474010 uER=0.393066 uMAE=63.8984 WCE=768 bias=41.2500
[quad_hard_ste:02000] loss=59.618786 tau=6.00 collapse_w=0.000 mid_frac=0.060 hard=score=0.6716403876 wNMSE=0.03991806 wMSE=3040.9720 wMRED=0.64526239 wER=0.296921 wMAE=16.9018 wBias=-2.6452 condBias=30.2630 dotDrift=-3.070sigma uMRED=0.0700123982 uER=0.393066 uMAE=47.3008 WCE=512 bias=-6.7500
[quad_hard_ste:02200] loss=44.587952 tau=6.00 collapse_w=0.000 mid_frac=0.060 hard=score=0.5308391287 wNMSE=0.042907627 wMSE=3268.7183 wMRED=0.64950026 wER=0.296921 wMAE=17.1367 wBias=-1.7985 condBias=33.6566 dotDrift=-2.013sigma uMRED=0.0817774395 uER=0.393066 uMAE=51.0078 WCE=768 bias=9.2500
[quad_hard_ste:02400] loss=51.729401 tau=6.00 collapse_w=0.000 mid_frac=0.060 hard=score=8.5481290849 wNMSE=0.17634826 wMSE=13434.2730 wMRED=0.75499502 wER=0.296921 wMAE=25.3262 wBias=11.7936 condBias=55.1901 dotDrift=+6.512sigma uMRED=0.1379096798 uER=0.393066 uMAE=94.0078 WCE=1640 bias=-22.7500
[quad_hard_ste:02600] loss=4.634709 tau=6.00 collapse_w=0.000 mid_frac=0.060 hard=score=0.6716403876 wNMSE=0.03991806 wMSE=3040.9720 wMRED=0.64526239 wER=0.296921 wMAE=16.9018 wBias=-2.6452 condBias=30.2630 dotDrift=-3.070sigma uMRED=0.0700123982 uER=0.393066 uMAE=47.3008 WCE=512 bias=-6.7500
[quad_hard_ste:02800] loss=4.634709 tau=6.00 collapse_w=0.000 mid_frac=0.060 hard=score=0.6716403876 wNMSE=0.03991806 wMSE=3040.9720 wMRED=0.64526239 wER=0.296921 wMAE=16.9018 wBias=-2.6452 condBias=30.2630 dotDrift=-3.070sigma uMRED=0.0700123982 uER=0.393066 uMAE=47.3008 WCE=512 bias=-6.7500
[quad_hard_ste:03000] loss=44.587955 tau=6.00 collapse_w=0.000 mid_frac=0.060 hard=score=13.8083569557 wNMSE=0.12963126 wMSE=9875.3556 wMRED=0.74479904 wER=0.296921 wMAE=23.5885 wBias=15.4979 condBias=48.9299 dotDrift=+9.981sigma uMRED=0.1039474010 uER=0.393066 uMAE=63.8984 WCE=768 bias=41.2500
[quad_hard_ste:03200] loss=44.587955 tau=6.00 collapse_w=0.000 mid_frac=0.065 hard=score=13.8083569557 wNMSE=0.12963126 wMSE=9875.3556 wMRED=0.74479904 wER=0.296921 wMAE=23.5885 wBias=15.4979 condBias=48.9299 dotDrift=+9.981sigma uMRED=0.1039474010 uER=0.393066 uMAE=63.8984 WCE=768 bias=41.2500
[quad_hard_ste:03400] loss=7.209783 tau=6.00 collapse_w=0.000 mid_frac=0.065 hard=score=0.5308391287 wNMSE=0.042907627 wMSE=3268.7183 wMRED=0.64950026 wER=0.296921 wMAE=17.1367 wBias=-1.7985 condBias=33.6566 dotDrift=-2.013sigma uMRED=0.0817774395 uER=0.393066 uMAE=51.0078 WCE=768 bias=9.2500
[quad_hard_ste:03600] loss=7.209783 tau=6.00 collapse_w=0.000 mid_frac=0.065 hard=score=0.5308391287 wNMSE=0.042907627 wMSE=3268.7183 wMRED=0.64950026 wER=0.296921 wMAE=17.1367 wBias=-1.7985 condBias=33.6566 dotDrift=-2.013sigma uMRED=0.0817774395 uER=0.393066 uMAE=51.0078 WCE=768 bias=9.2500
[quad_hard_ste:03800] loss=7.209783 tau=6.00 collapse_w=0.000 mid_frac=0.065 hard=score=0.5308391287 wNMSE=0.042907627 wMSE=3268.7183 wMRED=0.64950026 wER=0.296921 wMAE=17.1367 wBias=-1.7985 condBias=33.6566 dotDrift=-2.013sigma uMRED=0.0817774395 uER=0.393066 uMAE=51.0078 WCE=768 bias=9.2500
[quad_hard_ste:03999] loss=23.908268 tau=6.00 collapse_w=0.000 mid_frac=0.065 hard=score=2.4405267716 wNMSE=0.18046763 wMSE=13748.0887 wMRED=0.88126743 wER=0.300717 wMAE=31.1524 wBias=4.9985 condBias=57.6697 dotDrift=+2.728sigma uMRED=0.1290746427 uER=0.400879 uMAE=76.6328 WCE=768 bias=25.2500
[pop00_soft:00000] loss=40.149807 tau=1.50 collapse_w=0.000 mid_frac=0.315 hard=score=2211.1660850545 wNMSE=15.326946 wMSE=1167612.2319 wMRED=44.49822499 wER=0.568919 wMAE=594.1909 wBias=196.9930 condBias=617.9795 dotDrift=+11.668sigma uMRED=1.1148821445 uER=0.560547 uMAE=324.1309 WCE=3204 bias=-29.5000
[pop00_soft:00200] loss=95.216988 tau=2.25 collapse_w=0.000 mid_frac=0.321 hard=score=2200.8909097239 wNMSE=5.9629505 wMSE=454259.6896 wMRED=23.38412489 wER=0.524464 wMAE=276.2362 wBias=-199.2195 condBias=422.7265 dotDrift=-18.917sigma uMRED=0.6681200419 uER=0.563477 uMAE=230.9609 WCE=2448 bias=-115.6250
[pop00_soft:00400] loss=78.187904 tau=3.00 collapse_w=0.000 mid_frac=0.220 hard=score=6.2020429583 wNMSE=0.24961538 wMSE=19015.7882 wMRED=2.45820365 wER=0.492438 wMAE=59.0834 wBias=-8.8029 condBias=79.8952 dotDrift=-4.086sigma uMRED=0.2491287834 uER=0.563965 uMAE=149.0566 WCE=1380 bias=8.1250
[pop00_soft:00600] loss=66.567184 tau=3.75 collapse_w=0.000 mid_frac=0.202 hard=score=2.5343931519 wNMSE=0.19879721 wMSE=15144.4420 wMRED=2.14593080 wER=0.468453 wMAE=49.5059 wBias=-4.1099 condBias=71.7463 dotDrift=-2.137sigma uMRED=0.2086827256 uER=0.554443 uMAE=125.8164 WCE=1316 bias=-1.2500
[pop00_soft:00800] loss=66.336151 tau=4.50 collapse_w=0.084 mid_frac=0.220 hard=score=2.4657866299 wNMSE=0.19379187 wMSE=14763.1336 wMRED=2.13783991 wER=0.468027 wMAE=48.8988 wBias=-4.1857 condBias=69.1738 dotDrift=-2.205sigma uMRED=0.2050092430 uER=0.545654 uMAE=122.8701 WCE=1240 bias=-3.6875
[pop00_soft:01000] loss=66.283310 tau=5.25 collapse_w=0.293 mid_frac=0.244 hard=score=1.5734680175 wNMSE=0.16793857 wMSE=12793.6201 wMRED=2.03238956 wER=0.467331 wMAE=46.6772 wBias=-2.1196 condBias=64.5638 dotDrift=-1.199sigma uMRED=0.1905877570 uER=0.544189 uMAE=113.9951 WCE=1224 bias=5.3125
[pop00_soft:01199] loss=66.275482 tau=6.00 collapse_w=0.500 mid_frac=0.238 hard=score=1.5871049086 wNMSE=0.16795381 wMSE=12794.7814 wMRED=2.03342532 wER=0.467331 wMAE=46.7074 wBias=-2.1775 condBias=64.5654 dotDrift=-1.232sigma uMRED=0.1906291083 uER=0.544189 uMAE=114.0156 WCE=1224 bias=5.2500
[pop00_hard:00000] loss=18.664476 tau=6.00 collapse_w=0.000 mid_frac=0.238 hard=score=1.5871049086 wNMSE=0.16795381 wMSE=12794.7814 wMRED=2.03342532 wER=0.467331 wMAE=46.7074 wBias=-2.1775 condBias=64.5654 dotDrift=-1.232sigma uMRED=0.1906291083 uER=0.544189 uMAE=114.0156 WCE=1224 bias=5.2500
[pop00_hard:00200] loss=53.052311 tau=6.00 collapse_w=0.000 mid_frac=0.202 hard=score=5.8935955032 wNMSE=0.18788487 wMSE=14313.1366 wMRED=2.03178775 wER=0.467331 wMAE=47.4136 wBias=-9.2267 condBias=62.0624 dotDrift=-4.936sigma uMRED=0.1913688806 uER=0.544189 uMAE=119.7695 WCE=1248 bias=-53.7500
[pop00_hard:00400] loss=28.452995 tau=6.00 collapse_w=0.000 mid_frac=0.167 hard=score=2.1535390590 wNMSE=0.19979229 wMSE=15220.2478 wMRED=2.02609699 wER=0.467897 wMAE=48.8763 wBias=-4.0641 condBias=59.9716 dotDrift=-2.108sigma uMRED=0.2131507496 uER=0.542725 uMAE=132.3008 WCE=1248 bias=-21.7500
[pop00_hard:00599] loss=25.265640 tau=6.00 collapse_w=0.000 mid_frac=0.173 hard=score=2.6347398597 wNMSE=0.16738079 wMSE=12751.1285 wMRED=1.93540509 wER=0.467201 wMAE=43.7920 wBias=5.4066 condBias=56.8416 dotDrift=+3.064sigma uMRED=0.1962886817 uER=0.541260 uMAE=123.4922 WCE=1248 bias=-7.7500
[pop00] done (conf=0.53, noise=0.5); global best score=0.5629904674 wNMSE=0.042308133 wMSE=3223.0486 wMRED=0.80731767 wER=0.207327 wMAE=17.1897 wBias=-1.9279 condBias=34.0002 dotDrift=-2.173sigma uMRED=0.0509231343 uER=0.252930 uMAE=23.6250 WCE=336 bias=0.0000
[pop01_soft:00000] loss=60.239349 tau=1.50 collapse_w=0.000 mid_frac=0.399 hard=score=873.5346575773 wNMSE=17.358192 wMSE=1322353.2132 wMRED=49.87966905 wER=0.582578 wMAE=649.1396 wBias=116.3684 condBias=675.9850 dotDrift=+6.477sigma uMRED=1.3184446019 uER=0.578125 uMAE=377.2886 WCE=3123 bias=34.5625
[pop01_soft:00200] loss=193.720276 tau=2.25 collapse_w=0.000 mid_frac=0.375 hard=score=174.3600585255 wNMSE=17.557096 wMSE=1337505.8186 wMRED=50.56457728 wER=0.582425 wMAE=644.7523 wBias=24.4123 condBias=675.4299 dotDrift=+1.351sigma uMRED=1.2741719197 uER=0.575928 uMAE=355.2158 WCE=3185 bias=-68.4375
[pop01_soft:00400] loss=167.844452 tau=3.00 collapse_w=0.000 mid_frac=0.363 hard=score=269.4163938404 wNMSE=1.1727599 wMSE=89341.2663 wMRED=7.07979946 wER=0.580814 wMAE=132.9574 wBias=-69.7004 condBias=139.5590 dotDrift=-14.924sigma uMRED=0.4663905837 uER=0.573730 uMAE=248.2861 WCE=2484 bias=56.7500
[pop01_soft:00600] loss=94.817963 tau=3.75 collapse_w=0.000 mid_frac=0.298 hard=score=3.4038052517 wNMSE=0.70664789 wMSE=53832.6882 wMRED=2.38757873 wER=0.524097 wMAE=79.3039 wBias=-2.6691 condBias=84.0254 dotDrift=-0.736sigma uMRED=0.3221262157 uER=0.559814 uMAE=197.9473 WCE=3166 bias=32.8750
[pop01_soft:00800] loss=88.178291 tau=4.50 collapse_w=0.084 mid_frac=0.292 hard=score=3.3989339876 wNMSE=0.36575921 wMSE=27863.6668 wMRED=2.29081422 wER=0.486361 wMAE=65.8898 wBias=-4.6779 condBias=82.2528 dotDrift=-1.794sigma uMRED=0.2897818279 uER=0.560303 uMAE=184.3770 WCE=1461 bias=33.5625
[pop01_soft:01000] loss=87.874306 tau=5.25 collapse_w=0.293 mid_frac=0.298 hard=score=4.8398124640 wNMSE=0.36479648 wMSE=27790.3256 wMRED=2.23513610 wER=0.486157 wMAE=64.1509 wBias=-6.9757 condBias=82.3910 dotDrift=-2.678sigma uMRED=0.2869990595 uER=0.555908 uMAE=180.3208 WCE=1432 bias=34.0625
[pop01_soft:01199] loss=87.785118 tau=6.00 collapse_w=0.500 mid_frac=0.292 hard=score=2.8987229798 wNMSE=0.36139713 wMSE=27531.3620 wMRED=2.12690008 wER=0.486157 wMAE=62.1417 wBias=-3.6621 condBias=81.3947 dotDrift=-1.413sigma uMRED=0.2847037908 uER=0.555908 uMAE=180.3208 WCE=1432 bias=38.0625
[pop01_hard:00000] loss=56.696198 tau=6.00 collapse_w=0.000 mid_frac=0.292 hard=score=2.8987229798 wNMSE=0.36139713 wMSE=27531.3620 wMRED=2.12690008 wER=0.486157 wMAE=62.1417 wBias=-3.6621 condBias=81.3947 dotDrift=-1.413sigma uMRED=0.2847037908 uER=0.555908 uMAE=180.3208 WCE=1432 bias=38.0625
[pop01_hard:00200] loss=35.652977 tau=6.00 collapse_w=0.000 mid_frac=0.250 hard=score=1.6048025919 wNMSE=0.21040486 wMSE=16028.7174 wMRED=1.91195866 wER=0.484608 wMAE=49.1142 wBias=2.6652 condBias=59.7676 dotDrift=+1.347sigma uMRED=0.2084092843 uER=0.550781 uMAE=133.5688 WCE=1246 bias=-27.9375
[pop01_hard:00400] loss=33.478661 tau=6.00 collapse_w=0.000 mid_frac=0.226 hard=score=1.3282453668 wNMSE=0.20952016 wMSE=15961.3201 wMRED=1.81281506 wER=0.484608 wMAE=47.8010 wBias=1.4987 condBias=59.5459 dotDrift=+0.759sigma uMRED=0.2091682142 uER=0.550781 uMAE=134.1362 WCE=1246 bias=-24.4375
[pop01_hard:00599] loss=44.405262 tau=6.00 collapse_w=0.000 mid_frac=0.214 hard=score=12.9440541795 wNMSE=0.23680472 wMSE=18039.8681 wMRED=2.51957137 wER=0.485016 wMAE=57.6965 wBias=-14.6322 condBias=57.6218 dotDrift=-6.972sigma uMRED=0.2194015216 uER=0.551514 uMAE=135.7642 WCE=1112 bias=-16.4375
[pop01] done (conf=0.51, noise=1.0); global best score=0.5629904674 wNMSE=0.042308133 wMSE=3223.0486 wMRED=0.80731767 wER=0.207327 wMAE=17.1897 wBias=-1.9279 condBias=34.0002 dotDrift=-2.173sigma uMRED=0.0509231343 uER=0.252930 uMAE=23.6250 WCE=336 bias=0.0000
[pop02_soft:00000] loss=51.119194 tau=1.50 collapse_w=0.000 mid_frac=0.274 hard=score=5018.6169216929 wNMSE=8.1356622 wMSE=619777.6439 wMRED=24.27198716 wER=0.577751 wMAE=375.0227 wBias=302.8916 condBias=521.9581 dotDrift=+24.623sigma uMRED=0.8259109848 uER=0.571533 uMAE=314.1470 WCE=2754 bias=199.3750
[pop02_soft:00200] loss=97.367744 tau=2.25 collapse_w=0.000 mid_frac=0.262 hard=score=86.4279502698 wNMSE=0.33905977 wMSE=25829.6942 wMRED=2.32055152 wER=0.531715 wMAE=63.3056 wBias=-39.3512 condBias=97.9295 dotDrift=-15.670sigma uMRED=0.2159660625 uER=0.566406 uMAE=118.6304 WCE=1366 bias=-41.0000
[pop02_soft:00400] loss=92.827171 tau=3.00 collapse_w=0.000 mid_frac=0.214 hard=score=497.9934927564 wNMSE=1.0222077 wMSE=77872.1475 wMRED=9.52847170 wER=0.516925 wMAE=117.8056 wBias=-95.1128 condBias=196.8492 dotDrift=-21.814sigma uMRED=0.3117233123 uER=0.565674 uMAE=112.4902 WCE=1002 bias=-59.0000
[pop02_soft:00600] loss=87.945480 tau=3.75 collapse_w=0.000 mid_frac=0.149 hard=score=1.6565909732 wNMSE=0.15545052 wMSE=11842.2759 wMRED=2.23780073 wER=0.485756 wMAE=47.6372 wBias=2.9398 condBias=61.1987 dotDrift=+1.729sigma uMRED=0.1406217866 uER=0.552979 uMAE=68.8770 WCE=758 bias=-14.8750
[pop02_soft:00800] loss=87.738052 tau=4.50 collapse_w=0.084 mid_frac=0.173 hard=score=1.5133151593 wNMSE=0.15257931 wMSE=11623.5459 wMRED=2.20394189 wER=0.484615 wMAE=46.2431 wBias=2.6193 condBias=59.9259 dotDrift=+1.555sigma uMRED=0.1368555863 uER=0.548584 uMAE=66.6152 WCE=758 bias=-16.0000
[pop02_soft:01000] loss=87.574326 tau=5.25 collapse_w=0.293 mid_frac=0.179 hard=score=2.4054224326 wNMSE=0.14827723 wMSE=11295.8118 wMRED=2.03077891 wER=0.484615 wMAE=44.3500 wBias=4.9143 condBias=58.9810 dotDrift=+2.959sigma uMRED=0.1327227746 uER=0.548584 uMAE=65.6152 WCE=758 bias=-14.0000
[pop02_soft:01199] loss=87.483017 tau=6.00 collapse_w=0.500 mid_frac=0.185 hard=score=2.0346940231 wNMSE=0.16134803 wMSE=12291.5503 wMRED=2.06336905 wER=0.484615 wMAE=46.4525 wBias=-4.0547 condBias=58.8419 dotDrift=-2.341sigma uMRED=0.1428113573 uER=0.548584 uMAE=74.1523 WCE=754 bias=-37.8750
[pop02_hard:00000] loss=29.511765 tau=6.00 collapse_w=0.000 mid_frac=0.185 hard=score=2.0346940231 wNMSE=0.16134803 wMSE=12291.5503 wMRED=2.06336905 wER=0.484615 wMAE=46.4525 wBias=-4.0547 condBias=58.8419 dotDrift=-2.341sigma uMRED=0.1428113573 uER=0.548584 uMAE=74.1523 WCE=754 bias=-37.8750
[pop02_hard:00200] loss=16.925344 tau=6.00 collapse_w=0.000 mid_frac=0.107 hard=score=1.3170155074 wNMSE=0.17142362 wMSE=13059.1125 wMRED=2.08827977 wER=0.466596 wMAE=46.6498 wBias=1.2661 condBias=61.4304 dotDrift=+0.709sigma uMRED=0.1552565563 uER=0.538330 uMAE=81.8525 WCE=872 bias=-13.2500
[pop02_hard:00400] loss=15.076951 tau=6.00 collapse_w=0.000 mid_frac=0.083 hard=score=1.3556863677 wNMSE=0.17096803 wMSE=13024.4054 wMRED=2.07970068 wER=0.466344 wMAE=46.4076 wBias=1.5668 condBias=61.2033 dotDrift=+0.879sigma uMRED=0.1524433951 uER=0.532959 uMAE=79.7568 WCE=872 bias=-10.1250
[pop02_hard:00599] loss=10.924878 tau=6.00 collapse_w=0.000 mid_frac=0.089 hard=score=1.5194997848 wNMSE=0.17188189 wMSE=13094.0239 wMRED=2.06812512 wER=0.465675 wMAE=46.6030 wBias=2.3275 condBias=61.3684 dotDrift=+1.302sigma uMRED=0.1589407323 uER=0.536865 uMAE=84.0039 WCE=872 bias=-0.8750
[pop02] done (conf=0.53, noise=0.5); global best score=0.5629904674 wNMSE=0.042308133 wMSE=3223.0486 wMRED=0.80731767 wER=0.207327 wMAE=17.1897 wBias=-1.9279 condBias=34.0002 dotDrift=-2.173sigma uMRED=0.0509231343 uER=0.252930 uMAE=23.6250 WCE=336 bias=0.0000
[pop03_soft:00000] loss=15.611671 tau=1.50 collapse_w=0.000 mid_frac=0.369 hard=score=284.5436520871 wNMSE=10.363308 wMSE=789480.4758 wMRED=34.51488807 wER=0.582191 wMAE=462.4067 wBias=-61.8786 condBias=492.5930 dotDrift=-4.457sigma uMRED=1.0264128340 uER=0.575928 uMAE=328.1455 WCE=2596 bias=-25.6250
[pop03_soft:00200] loss=121.165779 tau=2.25 collapse_w=0.000 mid_frac=0.339 hard=score=196.5343454737 wNMSE=7.6523102 wMSE=582955.7198 wMRED=30.37221200 wER=0.581454 wMAE=371.0340 wBias=-51.5549 condBias=392.1337 dotDrift=-4.321sigma uMRED=0.7687490942 uER=0.575928 uMAE=229.5547 WCE=2272 bias=-16.6250
[pop03_soft:00400] loss=163.587677 tau=3.00 collapse_w=0.000 mid_frac=0.298 hard=score=61.2208516935 wNMSE=2.5672642 wMSE=195575.1019 wMRED=17.34678263 wER=0.563540 wMAE=232.4683 wBias=28.9225 condBias=220.7937 dotDrift=+4.186sigma uMRED=0.4858675975 uER=0.570801 uMAE=174.2041 WCE=1168 bias=5.2500
[pop03_soft:00600] loss=133.199982 tau=3.75 collapse_w=0.000 mid_frac=0.268 hard=score=228.1939406432 wNMSE=1.1328889 wMSE=86303.8768 wMRED=8.71208202 wER=0.536622 wMAE=139.2631 wBias=-63.5445 condBias=178.5097 dotDrift=-13.843sigma uMRED=0.3475421251 uER=0.563477 uMAE=146.6826 WCE=1264 bias=-18.8750
[pop03_soft:00800] loss=127.426262 tau=4.50 collapse_w=0.084 mid_frac=0.250 hard=score=141.7945378418 wNMSE=1.0515739 wMSE=80109.2727 wMRED=8.18505299 wER=0.546083 wMAE=131.5787 wBias=-49.5564 condBias=158.7305 dotDrift=-11.206sigma uMRED=0.3402375466 uER=0.563232 uMAE=148.6836 WCE=1284 bias=-17.0000
[pop03_soft:01000] loss=126.172668 tau=5.25 collapse_w=0.293 mid_frac=0.256 hard=score=115.3945545223 wNMSE=1.0466594 wMSE=79734.8828 wMRED=8.10850681 wER=0.546083 wMAE=130.8640 wBias=-44.4290 condBias=149.5008 dotDrift=-10.070sigma uMRED=0.3349087343 uER=0.563232 uMAE=146.1953 WCE=1316 bias=-11.0000
[pop03_soft:01199] loss=125.508125 tau=6.00 collapse_w=0.500 mid_frac=0.256 hard=score=102.5382517189 wNMSE=1.0357273 wMSE=78902.0711 wMRED=8.02837291 wER=0.551599 wMAE=129.8725 wBias=-41.6930 condBias=145.9753 dotDrift=-9.499sigma uMRED=0.3331173506 uER=0.561768 uMAE=146.3281 WCE=1356 bias=-7.5000
[pop03_hard:00000] loss=246.154358 tau=6.00 collapse_w=0.000 mid_frac=0.256 hard=score=102.5382517189 wNMSE=1.0357273 wMSE=78902.0711 wMRED=8.02837291 wER=0.551599 wMAE=129.8725 wBias=-41.6930 condBias=145.9753 dotDrift=-9.499sigma uMRED=0.3331173506 uER=0.561768 uMAE=146.3281 WCE=1356 bias=-7.5000
[pop03_hard:00200] loss=237.227402 tau=6.00 collapse_w=0.000 mid_frac=0.244 hard=score=95.1367165543 wNMSE=1.0397403 wMSE=79207.7863 wMRED=8.03635841 wER=0.547200 wMAE=130.0581 wBias=-40.0361 condBias=143.0363 dotDrift=-9.104sigma uMRED=0.3331882906 uER=0.557617 uMAE=146.1484 WCE=1356 bias=-5.5000
[pop03_hard:00400] loss=223.501511 tau=6.00 collapse_w=0.000 mid_frac=0.232 hard=score=83.3185392417 wNMSE=0.99738472 wMSE=75981.1228 wMRED=7.96877545 wER=0.547200 wMAE=128.3482 wBias=-37.1674 condBias=148.4299 dotDrift=-8.630sigma uMRED=0.3028659828 uER=0.557617 uMAE=130.3652 WCE=1048 bias=-13.5000
[pop03_hard:00599] loss=215.740707 tau=6.00 collapse_w=0.000 mid_frac=0.208 hard=score=61.9408579486 wNMSE=1.0227266 wMSE=77911.6762 wMRED=8.03592068 wER=0.547200 wMAE=130.7655 wBias=-31.4021 condBias=141.7206 dotDrift=-7.200sigma uMRED=0.3223783885 uER=0.557617 uMAE=143.9473 WCE=1484 bias=51.0000
[pop03] done (conf=0.51, noise=1.0); global best score=0.5629904674 wNMSE=0.042308133 wMSE=3223.0486 wMRED=0.80731767 wER=0.207327 wMAE=17.1897 wBias=-1.9279 condBias=34.0002 dotDrift=-2.173sigma uMRED=0.0509231343 uER=0.252930 uMAE=23.6250 WCE=336 bias=0.0000
[pop04_soft:00000] loss=26.727654 tau=1.50 collapse_w=0.000 mid_frac=0.363 hard=score=3815.9624890229 wNMSE=4.7341736 wMSE=360651.0316 wMRED=18.15696637 wER=0.569818 wMAE=298.2739 wBias=264.7279 condBias=400.5240 dotDrift=+28.212sigma uMRED=0.6157733661 uER=0.568604 uMAE=275.9951 WCE=3216 bias=86.3750
[pop04_soft:00200] loss=87.409439 tau=2.25 collapse_w=0.000 mid_frac=0.345 hard=score=3.2921944314 wNMSE=0.35980689 wMSE=27410.2173 wMRED=2.05361263 wER=0.507470 wMAE=60.2254 wBias=-3.9104 condBias=85.3895 dotDrift=-1.512sigma uMRED=0.3001813391 uER=0.558105 uMAE=190.5752 WCE=1680 bias=33.1250
[pop04_soft:00400] loss=74.840637 tau=3.00 collapse_w=0.000 mid_frac=0.315 hard=score=5.6896552151 wNMSE=0.31674632 wMSE=24129.8471 wMRED=2.31446879 wER=0.471689 wMAE=63.6399 wBias=-7.6908 condBias=87.4713 dotDrift=-3.169sigma uMRED=0.2830409947 uER=0.547119 uMAE=167.7871 WCE=1360 bias=-46.2500
[pop04_soft:00600] loss=66.534592 tau=3.75 collapse_w=0.000 mid_frac=0.292 hard=score=3.8591968948 wNMSE=0.29277081 wMSE=22303.3842 wMRED=1.88801219 wER=0.458383 wMAE=54.4071 wBias=-5.7615 condBias=80.4998 dotDrift=-2.469sigma uMRED=0.2625606939 uER=0.542725 uMAE=159.3320 WCE=1304 bias=-40.7500
[pop04_soft:00800] loss=66.418999 tau=4.50 collapse_w=0.084 mid_frac=0.280 hard=score=5.0418198284 wNMSE=0.29737304 wMSE=22653.9839 wMRED=1.80704321 wER=0.458383 wMAE=52.5540 wBias=-7.4091 condBias=80.8758 dotDrift=-3.150sigma uMRED=0.2594565053 uER=0.542725 uMAE=158.1367 WCE=1304 bias=-43.7500
[pop04_soft:01000] loss=66.376656 tau=5.25 collapse_w=0.293 mid_frac=0.280 hard=score=4.8985852022 wNMSE=0.27153494 wMSE=20685.6286 wMRED=1.65994671 wER=0.434601 wMAE=50.3681 wBias=-7.4928 condBias=76.5655 dotDrift=-3.334sigma uMRED=0.2182916336 uER=0.532471 uMAE=130.0469 WCE=1128 bias=-13.7500
[pop04_soft:01199] loss=66.344322 tau=6.00 collapse_w=0.500 mid_frac=0.286 hard=score=4.8985852022 wNMSE=0.27153494 wMSE=20685.6286 wMRED=1.65994671 wER=0.434601 wMAE=50.3681 wBias=-7.4928 condBias=76.5655 dotDrift=-3.334sigma uMRED=0.2182916336 uER=0.532471 uMAE=130.0469 WCE=1128 bias=-13.7500
[pop04_hard:00000] loss=32.164211 tau=6.00 collapse_w=0.000 mid_frac=0.286 hard=score=4.8985852022 wNMSE=0.27153494 wMSE=20685.6286 wMRED=1.65994671 wER=0.434601 wMAE=50.3681 wBias=-7.4928 condBias=76.5655 dotDrift=-3.334sigma uMRED=0.2182916336 uER=0.532471 uMAE=130.0469 WCE=1128 bias=-13.7500
[pop04_hard:00200] loss=24.892862 tau=6.00 collapse_w=0.000 mid_frac=0.262 hard=score=3.2474472561 wNMSE=0.2654557 wMSE=20222.5097 wMRED=1.63862989 wER=0.432163 wMAE=49.0653 wBias=-5.2115 condBias=74.6329 dotDrift=-2.345sigma uMRED=0.2161099324 uER=0.530273 uMAE=127.6016 WCE=1128 bias=5.3750
[pop04_hard:00400] loss=38.901176 tau=6.00 collapse_w=0.000 mid_frac=0.232 hard=score=3.5247578404 wNMSE=0.3262641 wMSE=24854.9156 wMRED=2.01502354 wER=0.451648 wMAE=57.0535 wBias=-4.9772 condBias=80.8633 dotDrift=-2.021sigma uMRED=0.2715291581 uER=0.538330 uMAE=169.9004 WCE=1280 bias=-13.8750
[pop04_hard:00599] loss=29.716009 tau=6.00 collapse_w=0.000 mid_frac=0.185 hard=score=2.0677653412 wNMSE=0.29559009 wMSE=22518.1582 wMRED=1.88371444 wER=0.449338 wMAE=53.9033 wBias=1.7774 condBias=75.7638 dotDrift=+0.758sigma uMRED=0.2515128924 uER=0.531006 uMAE=156.7227 WCE=1280 bias=4.1250
[pop04] done (conf=0.53, noise=0.5); global best score=0.5629904674 wNMSE=0.042308133 wMSE=3223.0486 wMRED=0.80731767 wER=0.207327 wMAE=17.1897 wBias=-1.9279 condBias=34.0002 dotDrift=-2.173sigma uMRED=0.0509231343 uER=0.252930 uMAE=23.6250 WCE=336 bias=0.0000
[pop05_soft:00000] loss=48.792740 tau=1.50 collapse_w=0.000 mid_frac=0.345 hard=score=10399.6430653252 wNMSE=18.304358 wMSE=1394432.5436 wMRED=45.16821030 wER=0.570098 wMAE=564.7303 wBias=435.9192 condBias=748.9650 dotDrift=+23.626sigma uMRED=1.2846503122 uER=0.563477 uMAE=420.1763 WCE=3942 bias=226.1875
[pop05_soft:00200] loss=121.912758 tau=2.25 collapse_w=0.000 mid_frac=0.310 hard=score=271.0841376590 wNMSE=3.161961 wMSE=240879.3114 wMRED=7.01708819 wER=0.562864 wMAE=195.1425 wBias=-68.8168 condBias=208.2748 dotDrift=-8.974sigma uMRED=0.6360738718 uER=0.573730 uMAE=355.6665 WCE=3559 bias=-4.6875
[pop05_soft:00400] loss=77.682838 tau=3.00 collapse_w=0.000 mid_frac=0.315 hard=score=136.4626895593 wNMSE=0.80892729 wMSE=61624.3687 wMRED=5.77946413 wER=0.504136 wMAE=121.0724 wBias=-49.3986 condBias=120.2224 dotDrift=-12.736sigma uMRED=0.3337193399 uER=0.561768 uMAE=176.7598 WCE=1276 bias=-21.8125
[pop05_soft:00600] loss=70.530685 tau=3.75 collapse_w=0.000 mid_frac=0.262 hard=score=30.8583815707 wNMSE=0.17270201 wMSE=13156.5009 wMRED=2.31985053 wER=0.470811 wMAE=54.7289 wBias=-23.5404 condBias=56.0990 dotDrift=-13.135sigma uMRED=0.1809478795 uER=0.529541 uMAE=102.0303 WCE=1586 bias=-47.2500
[pop05_soft:00800] loss=67.830757 tau=4.50 collapse_w=0.084 mid_frac=0.250 hard=score=28.5733720382 wNMSE=0.17158911 wMSE=13071.7194 wMRED=2.29371364 wER=0.479952 wMAE=54.2157 wBias=-22.6317 condBias=55.3199 dotDrift=-12.669sigma uMRED=0.1804247591 uER=0.533936 uMAE=102.2759 WCE=1586 bias=-45.6875
[pop05_soft:01000] loss=67.446571 tau=5.25 collapse_w=0.293 mid_frac=0.244 hard=score=28.1468671151 wNMSE=0.17124916 wMSE=13045.8218 wMRED=2.28296275 wER=0.471174 wMAE=54.0674 wBias=-22.4577 condBias=55.2327 dotDrift=-12.584sigma uMRED=0.1801947805 uER=0.531494 uMAE=102.2393 WCE=1586 bias=-45.5000
[pop05_soft:01199] loss=67.276398 tau=6.00 collapse_w=0.500 mid_frac=0.244 hard=score=24.2566196836 wNMSE=0.16425619 wMSE=12513.0947 wMRED=2.22104459 wER=0.471174 wMAE=52.6307 wBias=-20.8009 condBias=54.0180 dotDrift=-11.901sigma uMRED=0.1787293306 uER=0.531494 uMAE=102.2705 WCE=1586 bias=-43.5000
[pop05_hard:00000] loss=69.917976 tau=6.00 collapse_w=0.000 mid_frac=0.244 hard=score=24.2566196836 wNMSE=0.16425619 wMSE=12513.0947 wMRED=2.22104459 wER=0.471174 wMAE=52.6307 wBias=-20.8009 condBias=54.0180 dotDrift=-11.901sigma uMRED=0.1787293306 uER=0.531494 uMAE=102.2705 WCE=1586 bias=-43.5000
[pop05_hard:00200] loss=52.375126 tau=6.00 collapse_w=0.000 mid_frac=0.232 hard=score=15.1350630104 wNMSE=0.1608949 wMSE=12257.0311 wMRED=2.11026108 wER=0.460461 wMAE=50.3091 wBias=-16.2047 condBias=53.9452 dotDrift=-9.368sigma uMRED=0.1837178546 uER=0.518555 uMAE=106.5332 WCE=1586 bias=-30.0000
[pop05_hard:00400] loss=48.085175 tau=6.00 collapse_w=0.000 mid_frac=0.202 hard=score=4.3594810842 wNMSE=0.16111501 wMSE=12273.7988 wMRED=2.16740626 wER=0.451299 wMAE=52.7984 wBias=7.4399 condBias=52.8797 dotDrift=+4.298sigma uMRED=0.1631687261 uER=0.513916 uMAE=89.6318 WCE=896 bias=60.5000
[pop05_hard:00599] loss=53.518875 tau=6.00 collapse_w=0.000 mid_frac=0.208 hard=score=0.9098304066 wNMSE=0.12495965 wMSE=9519.4705 wMRED=2.06988649 wER=0.449598 wMAE=48.0502 wBias=-1.2083 condBias=40.8137 dotDrift=-0.793sigma uMRED=0.1405692267 uER=0.509521 uMAE=79.1475 WCE=896 bias=44.5000
[pop05] done (conf=0.51, noise=1.0); global best score=0.5629904674 wNMSE=0.042308133 wMSE=3223.0486 wMRED=0.80731767 wER=0.207327 wMAE=17.1897 wBias=-1.9279 condBias=34.0002 dotDrift=-2.173sigma uMRED=0.0509231343 uER=0.252930 uMAE=23.6250 WCE=336 bias=0.0000
[pop06_soft:00000] loss=45.419739 tau=1.50 collapse_w=0.000 mid_frac=0.304 hard=score=2335.1046890273 wNMSE=3.6777011 wMSE=280168.5792 wMRED=16.12194054 wER=0.564046 wMAE=253.7339 wBias=206.5463 condBias=369.3378 dotDrift=+24.974sigma uMRED=0.5699084189 uER=0.554688 uMAE=246.0156 WCE=2432 bias=141.6250
[pop06_soft:00200] loss=87.464897 tau=2.25 collapse_w=0.000 mid_frac=0.304 hard=score=6.7820304023 wNMSE=0.26609593 wMSE=20271.2824 wMRED=3.79047355 wER=0.552680 wMAE=81.8220 wBias=-10.0357 condBias=57.3787 dotDrift=-4.511sigma uMRED=0.1826306655 uER=0.561279 uMAE=100.3936 WCE=784 bias=13.2500
[pop06_soft:00400] loss=76.425240 tau=3.00 collapse_w=0.000 mid_frac=0.244 hard=score=46.7318812863 wNMSE=0.20214972 wMSE=15399.8374 wMRED=2.78172510 wER=0.453431 wMAE=59.4874 wBias=-28.9770 condBias=65.6611 dotDrift=-14.944sigma uMRED=0.1997067872 uER=0.550781 uMAE=110.1025 WCE=1204 bias=-53.6250
[pop06_soft:00600] loss=87.734161 tau=3.75 collapse_w=0.000 mid_frac=0.190 hard=score=35.4079102200 wNMSE=0.18868988 wMSE=14374.4624 wMRED=2.40935125 wER=0.458886 wMAE=53.3136 wBias=-25.0890 condBias=65.3274 dotDrift=-13.393sigma uMRED=0.1940176374 uER=0.546387 uMAE=106.5117 WCE=1172 bias=-56.6250
[pop06_soft:00800] loss=87.470573 tau=4.50 collapse_w=0.084 mid_frac=0.202 hard=score=30.2931190861 wNMSE=0.17825267 wMSE=13579.3522 wMRED=2.15288359 wER=0.442682 wMAE=48.8075 wBias=-23.1675 condBias=62.7258 dotDrift=-12.724sigma uMRED=0.1795491103 uER=0.539062 uMAE=97.8281 WCE=1040 bias=-54.5000
[pop06_soft:01000] loss=87.390068 tau=5.25 collapse_w=0.293 mid_frac=0.226 hard=score=30.2931190861 wNMSE=0.17825267 wMSE=13579.3522 wMRED=2.15288359 wER=0.442682 wMAE=48.8075 wBias=-23.1675 condBias=62.7258 dotDrift=-12.724sigma uMRED=0.1795491103 uER=0.539062 uMAE=97.8281 WCE=1040 bias=-54.5000
[pop06_soft:01199] loss=87.317451 tau=6.00 collapse_w=0.500 mid_frac=0.214 hard=score=30.2931190861 wNMSE=0.17825267 wMSE=13579.3522 wMRED=2.15288359 wER=0.442682 wMAE=48.8075 wBias=-23.1675 condBias=62.7258 dotDrift=-12.724sigma uMRED=0.1795491103 uER=0.539062 uMAE=97.8281 WCE=1040 bias=-54.5000
[pop06_hard:00000] loss=77.357674 tau=6.00 collapse_w=0.000 mid_frac=0.214 hard=score=30.2931190861 wNMSE=0.17825267 wMSE=13579.3522 wMRED=2.15288359 wER=0.442682 wMAE=48.8075 wBias=-23.1675 condBias=62.7258 dotDrift=-12.724sigma uMRED=0.1795491103 uER=0.539062 uMAE=97.8281 WCE=1040 bias=-54.5000
[pop06_hard:00200] loss=23.653538 tau=6.00 collapse_w=0.000 mid_frac=0.167 hard=score=1.4911479381 wNMSE=0.14455452 wMSE=11012.2148 wMRED=1.80117330 wER=0.440549 wMAE=40.8069 wBias=2.9038 condBias=55.6081 dotDrift=+1.771sigma uMRED=0.1566025976 uER=0.530273 uMAE=92.8750 WCE=864 bias=-24.0000
[pop06_hard:00400] loss=56.098988 tau=6.00 collapse_w=0.000 mid_frac=0.167 hard=score=18.7663292464 wNMSE=0.15795788 wMSE=12033.2872 wMRED=2.09261832 wER=0.439720 wMAE=45.5325 wBias=-18.1515 condBias=52.9062 dotDrift=-10.590sigma uMRED=0.1497558790 uER=0.525879 uMAE=86.7031 WCE=864 bias=-24.0000
[pop06_hard:00599] loss=56.802376 tau=6.00 collapse_w=0.000 mid_frac=0.155 hard=score=4.6077446574 wNMSE=0.16862848 wMSE=12846.1776 wMRED=1.79961267 wER=0.439720 wMAE=40.7139 wBias=7.8431 condBias=63.7765 dotDrift=+4.429sigma uMRED=0.1801527738 uER=0.525879 uMAE=104.2344 WCE=1712 bias=48.0000
[pop06] done (conf=0.53, noise=0.5); global best score=0.5629904674 wNMSE=0.042308133 wMSE=3223.0486 wMRED=0.80731767 wER=0.207327 wMAE=17.1897 wBias=-1.9279 condBias=34.0002 dotDrift=-2.173sigma uMRED=0.0509231343 uER=0.252930 uMAE=23.6250 WCE=336 bias=0.0000
[pop07_soft:00000] loss=28.407093 tau=1.50 collapse_w=0.000 mid_frac=0.482 hard=score=255.3582609711 wNMSE=17.601222 wMSE=1340867.3277 wMRED=44.59860191 wER=0.582215 wMAE=594.2133 wBias=51.0609 condBias=601.0224 dotDrift=+2.822sigma uMRED=1.2939389870 uER=0.577393 uMAE=406.7407 WCE=3240 bias=87.3125
[pop07_soft:00200] loss=162.679993 tau=2.25 collapse_w=0.000 mid_frac=0.470 hard=score=254.7563241142 wNMSE=13.817696 wMSE=1052637.0224 wMRED=40.77841564 wER=0.582215 wMAE=503.7250 wBias=-54.7866 condBias=525.4856 dotDrift=-3.418sigma uMRED=1.0463287558 uER=0.577393 uMAE=304.5664 WCE=3015 bias=-54.0000
[pop07_soft:00400] loss=182.926498 tau=3.00 collapse_w=0.000 mid_frac=0.417 hard=score=514.8071735302 wNMSE=5.1638814 wMSE=393386.3256 wMRED=22.86977946 wER=0.581774 wMAE=289.7469 wBias=-93.8818 condBias=306.6499 dotDrift=-9.580sigma uMRED=0.6116157640 uER=0.576660 uMAE=193.6924 WCE=2120 bias=-72.1875
[pop07_soft:00600] loss=134.559814 tau=3.75 collapse_w=0.000 mid_frac=0.393 hard=score=20.9898256099 wNMSE=0.32610065 wMSE=24842.4633 wMRED=3.27154220 wER=0.570283 wMAE=78.8131 wBias=18.7828 condBias=62.6272 dotDrift=+7.627sigma uMRED=0.2323260718 uER=0.573730 uMAE=130.0625 WCE=3526 bias=-40.5625
[pop07_soft:00800] loss=93.301231 tau=4.50 collapse_w=0.084 mid_frac=0.327 hard=score=10.5216683128 wNMSE=0.24402911 wMSE=18590.2246 wMRED=2.93098162 wER=0.446400 wMAE=63.8139 wBias=-12.2497 condBias=68.4706 dotDrift=-5.750sigma uMRED=0.2118386641 uER=0.547119 uMAE=117.5317 WCE=1672 bias=-78.1875
[pop07_soft:01000] loss=91.045319 tau=5.25 collapse_w=0.293 mid_frac=0.315 hard=score=8.1299491731 wNMSE=0.23502767 wMSE=17904.4915 wMRED=2.82390796 wER=0.460248 wMAE=61.6610 wBias=-10.4093 condBias=68.8320 dotDrift=-4.979sigma uMRED=0.2055941563 uER=0.552979 uMAE=114.1787 WCE=1672 bias=-73.1250
[pop07_soft:01199] loss=90.639809 tau=6.00 collapse_w=0.500 mid_frac=0.298 hard=score=8.4980275419 wNMSE=0.23618801 wMSE=17992.8871 wMRED=2.83121085 wER=0.460248 wMAE=61.9718 wBias=-10.7313 condBias=69.1754 dotDrift=-5.120sigma uMRED=0.2063647191 uER=0.552979 uMAE=114.4912 WCE=1672 bias=-73.6250
[pop07_hard:00000] loss=71.277534 tau=6.00 collapse_w=0.000 mid_frac=0.298 hard=score=8.4980275419 wNMSE=0.23618801 wMSE=17992.8871 wMRED=2.83121085 wER=0.460248 wMAE=61.9718 wBias=-10.7313 condBias=69.1754 dotDrift=-5.120sigma uMRED=0.2063647191 uER=0.552979 uMAE=114.4912 WCE=1672 bias=-73.6250
[pop07_hard:00200] loss=21.496058 tau=6.00 collapse_w=0.000 mid_frac=0.274 hard=score=3.1364106211 wNMSE=0.20179982 wMSE=15373.1818 wMRED=2.77281570 wER=0.445973 wMAE=59.1640 wBias=-4.8858 condBias=61.2577 dotDrift=-2.522sigma uMRED=0.1727065134 uER=0.538330 uMAE=94.9512 WCE=1080 bias=-5.8750
[pop07_hard:00400] loss=21.824106 tau=6.00 collapse_w=0.000 mid_frac=0.286 hard=score=6.7870866548 wNMSE=0.23223645 wMSE=17691.8556 wMRED=2.80251340 wER=0.442249 wMAE=60.4510 wBias=-9.1302 condBias=67.9072 dotDrift=-4.393sigma uMRED=0.2012061180 uER=0.528809 uMAE=111.5342 WCE=1672 bias=-69.8750
[pop07_hard:00599] loss=21.824106 tau=6.00 collapse_w=0.000 mid_frac=0.286 hard=score=6.7870866548 wNMSE=0.23223645 wMSE=17691.8556 wMRED=2.80251340 wER=0.442249 wMAE=60.4510 wBias=-9.1302 condBias=67.9072 dotDrift=-4.393sigma uMRED=0.2012061180 uER=0.528809 uMAE=111.5342 WCE=1672 bias=-69.8750
[pop07] done (conf=0.51, noise=1.0); global best score=0.5629904674 wNMSE=0.042308133 wMSE=3223.0486 wMRED=0.80731767 wER=0.207327 wMAE=17.1897 wBias=-1.9279 condBias=34.0002 dotDrift=-2.173sigma uMRED=0.0509231343 uER=0.252930 uMAE=23.6250 WCE=336 bias=0.0000
[pop08_soft:00000] loss=28.781454 tau=1.50 collapse_w=0.000 mid_frac=0.345 hard=score=326.3651175897 wNMSE=11.909111 wMSE=907240.2867 wMRED=42.91996347 wER=0.576320 wMAE=563.8400 wBias=64.2104 condBias=585.7446 dotDrift=+4.314sigma uMRED=1.1147277904 uER=0.547363 uMAE=327.7422 WCE=2853 bias=89.1875
[pop08_soft:00200] loss=89.547592 tau=2.25 collapse_w=0.000 mid_frac=0.321 hard=score=223.4484599476 wNMSE=0.57378331 wMSE=43711.0167 wMRED=5.84387358 wER=0.462093 wMAE=92.2040 wBias=-63.7174 condBias=125.5319 dotDrift=-19.505sigma uMRED=0.2411555497 uER=0.529541 uMAE=125.1934 WCE=1125 bias=-52.5000
[pop08_soft:00400] loss=84.043015 tau=3.00 collapse_w=0.000 mid_frac=0.292 hard=score=3.2768922054 wNMSE=0.17487959 wMSE=13322.3894 wMRED=2.01884958 wER=0.503384 wMAE=54.1432 wBias=-5.8979 condBias=63.3201 dotDrift=-3.270sigma uMRED=0.1991102415 uER=0.557129 uMAE=120.0771 WCE=1332 bias=-40.8125
[pop08_soft:00600] loss=66.433235 tau=3.75 collapse_w=0.000 mid_frac=0.214 hard=score=1.3281352955 wNMSE=0.1540623 wMSE=11736.5210 wMRED=2.05028414 wER=0.472870 wMAE=46.9585 wBias=0.6903 condBias=64.3327 dotDrift=+0.408sigma uMRED=0.1922860304 uER=0.539307 uMAE=111.2949 WCE=1332 bias=-51.2500
[pop08_soft:00800] loss=66.270615 tau=4.50 collapse_w=0.084 mid_frac=0.226 hard=score=1.3623906979 wNMSE=0.15419287 wMSE=11746.4676 wMRED=2.04915836 wER=0.473002 wMAE=46.6522 wBias=-1.0468 condBias=64.2605 dotDrift=-0.618sigma uMRED=0.1920691242 uER=0.541016 uMAE=111.2061 WCE=1330 bias=-53.0000
[pop08_soft:01000] loss=66.184662 tau=5.25 collapse_w=0.293 mid_frac=0.226 hard=score=1.9381349146 wNMSE=0.14720013 wMSE=11213.7581 wMRED=1.95496866 wER=0.473747 wMAE=44.7055 wBias=3.6651 condBias=62.1291 dotDrift=+2.215sigma uMRED=0.1852650037 uER=0.542969 uMAE=107.7598 WCE=1332 bias=-46.3750
[pop08_soft:01199] loss=66.107765 tau=6.00 collapse_w=0.500 mid_frac=0.232 hard=score=1.9875433509 wNMSE=0.1472689 wMSE=11218.9969 wMRED=1.96068898 wER=0.474143 wMAE=44.7203 wBias=3.7858 condBias=62.1470 dotDrift=+2.288sigma uMRED=0.1852894699 uER=0.545410 uMAE=107.7061 WCE=1330 bias=-46.2500
[pop08_hard:00000] loss=41.734177 tau=6.00 collapse_w=0.000 mid_frac=0.232 hard=score=1.9875433509 wNMSE=0.1472689 wMSE=11218.9969 wMRED=1.96068898 wER=0.474143 wMAE=44.7203 wBias=3.7858 condBias=62.1470 dotDrift=+2.288sigma uMRED=0.1852894699 uER=0.545410 uMAE=107.7061 WCE=1330 bias=-46.2500
[pop08_hard:00200] loss=40.243877 tau=6.00 collapse_w=0.000 mid_frac=0.190 hard=score=1.1317593203 wNMSE=0.14059228 wMSE=10710.3697 wMRED=1.60232732 wER=0.459886 wMAE=40.0998 wBias=-0.6105 condBias=59.2669 dotDrift=-0.378sigma uMRED=0.1768505375 uER=0.534668 uMAE=105.5088 WCE=1330 bias=-46.7500
[pop08_hard:00400] loss=16.277931 tau=6.00 collapse_w=0.000 mid_frac=0.149 hard=score=1.1242132933 wNMSE=0.12841298 wMSE=9782.5467 wMRED=1.58104314 wER=0.448963 wMAE=39.3396 wBias=2.4158 condBias=49.4085 dotDrift=+1.563sigma uMRED=0.1515870582 uER=0.525879 uMAE=101.1064 WCE=1010 bias=-8.5000
[pop08_hard:00599] loss=21.502729 tau=6.00 collapse_w=0.000 mid_frac=0.161 hard=score=1.8510562240 wNMSE=0.11464079 wMSE=8733.3760 wMRED=1.57897645 wER=0.448963 wMAE=38.3150 wBias=4.3762 condBias=50.1154 dotDrift=+2.997sigma uMRED=0.1413270426 uER=0.525879 uMAE=83.4268 WCE=752 bias=23.5000
[pop08] done (conf=0.53, noise=0.5); global best score=0.5629904674 wNMSE=0.042308133 wMSE=3223.0486 wMRED=0.80731767 wER=0.207327 wMAE=17.1897 wBias=-1.9279 condBias=34.0002 dotDrift=-2.173sigma uMRED=0.0509231343 uER=0.252930 uMAE=23.6250 WCE=336 bias=0.0000
[pop09_soft:00000] loss=78.506790 tau=1.50 collapse_w=0.000 mid_frac=0.423 hard=score=4428.7467900461 wNMSE=29.425833 wMSE=2241670.4020 wMRED=53.81021281 wER=0.575465 wMAE=812.3750 wBias=278.9553 condBias=785.7668 dotDrift=+11.924sigma uMRED=1.6801712138 uER=0.575928 uMAE=571.3853 WCE=3956 bias=234.0625
[pop09_soft:00200] loss=177.215027 tau=2.25 collapse_w=0.000 mid_frac=0.423 hard=score=1603.4064523384 wNMSE=12.441007 wMSE=947760.3743 wMRED=37.48570512 wER=0.524524 wMAE=461.9796 wBias=-167.7197 condBias=475.3332 dotDrift=-11.026sigma uMRED=1.1438254169 uER=0.556885 uMAE=405.6494 WCE=3913 bias=-229.1250
[pop09_soft:00400] loss=137.194672 tau=3.00 collapse_w=0.000 mid_frac=0.387 hard=score=439.0536833685 wNMSE=1.5992716 wMSE=121833.0829 wMRED=10.27333223 wER=0.498197 wMAE=158.9568 wBias=88.7231 condBias=191.9239 dotDrift=+16.268sigma uMRED=0.4056215801 uER=0.544434 uMAE=186.8687 WCE=1434 bias=-5.4375
[pop09_soft:00600] loss=108.398888 tau=3.75 collapse_w=0.000 mid_frac=0.310 hard=score=415.1862139539 wNMSE=1.595375 wMSE=121536.2329 wMRED=9.68239524 wER=0.506766 wMAE=158.8660 wBias=86.1295 condBias=196.2269 dotDrift=+15.812sigma uMRED=0.3931499696 uER=0.549561 uMAE=188.9272 WCE=1424 bias=4.5000
[pop09_soft:00800] loss=73.602715 tau=4.50 collapse_w=0.084 mid_frac=0.286 hard=score=48.9509135852 wNMSE=0.24437987 wMSE=18616.9458 wMRED=2.21048810 wER=0.457453 wMAE=56.2450 wBias=-29.6918 condBias=66.4322 dotDrift=-13.927sigma uMRED=0.2491647216 uER=0.536133 uMAE=162.3779 WCE=1424 bias=-18.6875
[pop09_soft:01000] loss=39.025894 tau=5.25 collapse_w=0.293 mid_frac=0.250 hard=score=63.7727668318 wNMSE=0.25879118 wMSE=19714.8039 wMRED=2.21133691 wER=0.482018 wMAE=56.4591 wBias=-33.9832 condBias=68.6663 dotDrift=-15.490sigma uMRED=0.2563500626 uER=0.546387 uMAE=164.9160 WCE=1548 bias=-102.1875
[pop09_soft:01199] loss=38.647217 tau=6.00 collapse_w=0.500 mid_frac=0.268 hard=score=51.9665473909 wNMSE=0.22692373 wMSE=17287.1304 wMRED=2.16252213 wER=0.485600 wMAE=54.1791 wBias=-30.6696 condBias=61.0606 dotDrift=-14.929sigma uMRED=0.2333861714 uER=0.555908 uMAE=156.7744 WCE=1344 bias=-77.4375
[pop09_hard:00000] loss=126.542450 tau=6.00 collapse_w=0.000 mid_frac=0.268 hard=score=51.9665473909 wNMSE=0.22692373 wMSE=17287.1304 wMRED=2.16252213 wER=0.485600 wMAE=54.1791 wBias=-30.6696 condBias=61.0606 dotDrift=-14.929sigma uMRED=0.2333861714 uER=0.555908 uMAE=156.7744 WCE=1344 bias=-77.4375
[pop09_hard:00200] loss=120.661469 tau=6.00 collapse_w=0.000 mid_frac=0.244 hard=score=36.0393713599 wNMSE=0.21057004 wMSE=16041.3004 wMRED=2.15504656 wER=0.485600 wMAE=53.7073 wBias=-25.4231 condBias=59.3176 dotDrift=-12.847sigma uMRED=0.2259597130 uER=0.555908 uMAE=147.8652 WCE=1344 bias=-11.4375
[pop09_hard:00400] loss=114.413437 tau=6.00 collapse_w=0.000 mid_frac=0.232 hard=score=42.6797963635 wNMSE=0.20925162 wMSE=15940.8630 wMRED=2.14234843 wER=0.484872 wMAE=52.0846 wBias=-27.7205 condBias=61.6774 dotDrift=-14.052sigma uMRED=0.2225637321 uER=0.552979 uMAE=141.4985 WCE=1512 bias=-75.4375
[pop09_hard:00599] loss=81.173996 tau=6.00 collapse_w=0.000 mid_frac=0.196 hard=score=19.7427235438 wNMSE=0.21098516 wMSE=16072.9248 wMRED=2.04233844 wER=0.477082 wMAE=52.7887 wBias=-18.4150 condBias=64.8941 dotDrift=-9.296sigma uMRED=0.2284664396 uER=0.550781 uMAE=143.8213 WCE=1512 bias=-61.5000
[pop09] done (conf=0.51, noise=1.0); global best score=0.5629904674 wNMSE=0.042308133 wMSE=3223.0486 wMRED=0.80731767 wER=0.207327 wMAE=17.1897 wBias=-1.9279 condBias=34.0002 dotDrift=-2.173sigma uMRED=0.0509231343 uER=0.252930 uMAE=23.6250 WCE=336 bias=0.0000
[pop10_soft:00000] loss=44.958733 tau=1.50 collapse_w=0.000 mid_frac=0.304 hard=score=3736.8725848277 wNMSE=8.5170237 wMSE=648829.8971 wMRED=22.52318503 wER=0.579239 wMAE=367.4017 wBias=260.4843 condBias=503.9865 dotDrift=+20.696sigma uMRED=0.8031675509 uER=0.567871 uMAE=324.2539 WCE=3184 bias=121.5000
[pop10_soft:00200] loss=101.937019 tau=2.25 collapse_w=0.000 mid_frac=0.292 hard=score=418.6524485074 wNMSE=1.0614081 wMSE=80858.4479 wMRED=6.10272808 wER=0.523914 wMAE=111.8722 wBias=-87.3475 condBias=146.7543 dotDrift=-19.659sigma uMRED=0.4021903295 uER=0.556885 uMAE=218.2207 WCE=2380 bias=-41.3750
[pop10_soft:00400] loss=83.188347 tau=3.00 collapse_w=0.000 mid_frac=0.256 hard=score=26.7384092875 wNMSE=0.235005 wMSE=17902.7644 wMRED=2.53264969 wER=0.482152 wMAE=60.1634 wBias=-21.4801 condBias=70.9609 dotDrift=-10.274sigma uMRED=0.2363343857 uER=0.561279 uMAE=136.5645 WCE=1092 bias=-13.2500
[pop10_soft:00600] loss=66.344032 tau=3.75 collapse_w=0.000 mid_frac=0.179 hard=score=1.8557558929 wNMSE=0.20283502 wMSE=15452.0438 wMRED=1.86274618 wER=0.464884 wMAE=47.9550 wBias=-2.2792 condBias=70.2208 dotDrift=-1.173sigma uMRED=0.2148033973 uER=0.553711 uMAE=127.1562 WCE=1088 bias=1.8750
[pop10_soft:00800] loss=66.246918 tau=4.50 collapse_w=0.084 mid_frac=0.196 hard=score=1.7447290485 wNMSE=0.20262716 wMSE=15436.2091 wMRED=1.83577042 wER=0.448685 wMAE=47.8077 wBias=-1.7959 condBias=70.1863 dotDrift=-0.925sigma uMRED=0.2144066833 uER=0.547852 uMAE=127.0508 WCE=1088 bias=2.3750
[pop10_soft:01000] loss=66.143234 tau=5.25 collapse_w=0.293 mid_frac=0.208 hard=score=1.9452294476 wNMSE=0.1960785 wMSE=14937.3296 wMRED=1.82468922 wER=0.448724 wMAE=46.7039 wBias=-2.8056 condBias=69.0683 dotDrift=-1.469sigma uMRED=0.2017678223 uER=0.548584 uMAE=118.3320 WCE=1088 bias=-4.6250
[pop10_soft:01199] loss=66.095863 tau=6.00 collapse_w=0.500 mid_frac=0.208 hard=score=2.0980579079 wNMSE=0.19640307 wMSE=14962.0556 wMRED=1.76251761 wER=0.448724 wMAE=45.7843 wBias=-3.5287 condBias=66.6391 dotDrift=-1.846sigma uMRED=0.2032362177 uER=0.548584 uMAE=121.1152 WCE=1088 bias=7.3750
[pop10_hard:00000] loss=22.155649 tau=6.00 collapse_w=0.000 mid_frac=0.208 hard=score=2.0980579079 wNMSE=0.19640307 wMSE=14962.0556 wMRED=1.76251761 wER=0.448724 wMAE=45.7843 wBias=-3.5287 condBias=66.6391 dotDrift=-1.846sigma uMRED=0.2032362177 uER=0.548584 uMAE=121.1152 WCE=1088 bias=7.3750
[pop10_hard:00200] loss=30.869766 tau=6.00 collapse_w=0.000 mid_frac=0.179 hard=score=3.4650088095 wNMSE=0.1542599 wMSE=11751.5740 wMRED=1.65431092 wER=0.448367 wMAE=39.9981 wBias=6.6899 condBias=56.0828 dotDrift=+3.950sigma uMRED=0.1908314398 uER=0.547607 uMAE=117.8965 WCE=1196 bias=-18.6250
[pop10_hard:00400] loss=42.894791 tau=6.00 collapse_w=0.000 mid_frac=0.185 hard=score=3.9811545872 wNMSE=0.20428592 wMSE=15562.5743 wMRED=1.74087539 wER=0.448260 wMAE=45.4245 wBias=-6.7932 condBias=68.0197 dotDrift=-3.485sigma uMRED=0.2119819514 uER=0.539062 uMAE=126.1250 WCE=1132 bias=-36.2500
[pop10_hard:00599] loss=28.123957 tau=6.00 collapse_w=0.000 mid_frac=0.179 hard=score=1.1011182676 wNMSE=0.14233339 wMSE=10843.0087 wMRED=1.34755045 wER=0.438234 wMAE=35.2142 wBias=-1.8575 condBias=52.1237 dotDrift=-1.142sigma uMRED=0.1780307389 uER=0.534424 uMAE=112.2832 WCE=1132 bias=-22.2500
[pop10] done (conf=0.53, noise=0.5); global best score=0.5629904674 wNMSE=0.042308133 wMSE=3223.0486 wMRED=0.80731767 wER=0.207327 wMAE=17.1897 wBias=-1.9279 condBias=34.0002 dotDrift=-2.173sigma uMRED=0.0509231343 uER=0.252930 uMAE=23.6250 WCE=336 bias=0.0000
[pop11_soft:00000] loss=23.925943 tau=1.50 collapse_w=0.000 mid_frac=0.375 hard=score=2694.8978636543 wNMSE=12.973317 wMSE=988311.8823 wMRED=34.87486336 wER=0.566072 wMAE=435.5788 wBias=-218.9559 condBias=581.1418 dotDrift=-14.096sigma uMRED=1.0307854265 uER=0.566406 uMAE=333.7495 WCE=3644 bias=74.8125
[pop11_soft:00200] loss=110.208817 tau=2.25 collapse_w=0.000 mid_frac=0.351 hard=score=1404.8968671702 wNMSE=2.2334209 wMSE=170142.7989 wMRED=15.60829825 wER=0.522617 wMAE=188.1873 wBias=-160.2242 condBias=270.8634 dotDrift=-24.860sigma uMRED=0.4380503575 uER=0.554688 uMAE=134.7905 WCE=1872 bias=-56.8125
[pop11_soft:00400] loss=125.887939 tau=3.00 collapse_w=0.000 mid_frac=0.321 hard=score=45.6597258618 wNMSE=0.321079 wMSE=24459.9122 wMRED=3.33447285 wER=0.481959 wMAE=75.7773 wBias=-28.5580 condBias=60.2110 dotDrift=-11.686sigma uMRED=0.2098666038 uER=0.549316 uMAE=109.9404 WCE=1380 bias=-39.7500
[pop11_soft:00600] loss=96.360779 tau=3.75 collapse_w=0.000 mid_frac=0.262 hard=score=6.0628262335 wNMSE=0.32578062 wMSE=24818.0839 wMRED=3.28836413 wER=0.514340 wMAE=79.1078 wBias=-8.7726 condBias=55.3842 dotDrift=-3.564sigma uMRED=0.2124646291 uER=0.555420 uMAE=111.9287 WCE=1366 bias=-15.6250
[pop11_soft:00800] loss=89.644714 tau=4.50 collapse_w=0.084 mid_frac=0.262 hard=score=74.7397238822 wNMSE=0.43691997 wMSE=33284.7191 wMRED=4.26888240 wER=0.482567 wMAE=102.9502 wBias=36.7864 condBias=65.8925 dotDrift=+12.905sigma uMRED=0.2429432452 uER=0.542236 uMAE=123.6377 WCE=1318 bias=10.1250
[pop11_soft:01000] loss=88.201660 tau=5.25 collapse_w=0.293 mid_frac=0.250 hard=score=80.5926746434 wNMSE=0.43994018 wMSE=33514.7996 wMRED=4.31059828 wER=0.482694 wMAE=103.7888 wBias=38.2352 condBias=66.5713 dotDrift=+13.367sigma uMRED=0.2442803288 uER=0.544434 uMAE=123.9355 WCE=1318 bias=10.6875
[pop11_soft:01199] loss=87.603539 tau=6.00 collapse_w=0.500 mid_frac=0.250 hard=score=85.7161495023 wNMSE=0.4436206 wMSE=33795.1753 wMRED=4.32919684 wER=0.516952 wMAE=104.7660 wBias=39.4457 condBias=67.5256 dotDrift=+13.733sigma uMRED=0.2453688084 uER=0.550293 uMAE=124.4355 WCE=1318 bias=11.6875
[pop11_hard:00000] loss=192.063522 tau=6.00 collapse_w=0.000 mid_frac=0.250 hard=score=85.7161495023 wNMSE=0.4436206 wMSE=33795.1753 wMRED=4.32919684 wER=0.516952 wMAE=104.7660 wBias=39.4457 condBias=67.5256 dotDrift=+13.733sigma uMRED=0.2453688084 uER=0.550293 uMAE=124.4355 WCE=1318 bias=11.6875
[pop11_hard:00200] loss=156.313110 tau=6.00 collapse_w=0.000 mid_frac=0.226 hard=score=48.7108304517 wNMSE=0.44929266 wMSE=34227.2748 wMRED=4.28491263 wER=0.516952 wMAE=105.5973 wBias=29.4390 condBias=62.7442 dotDrift=+10.184sigma uMRED=0.2341177319 uER=0.550293 uMAE=127.3794 WCE=1382 bias=-18.3125
[pop11_hard:00400] loss=165.294327 tau=6.00 collapse_w=0.000 mid_frac=0.226 hard=score=8.8271310572 wNMSE=1.246181 wMSE=94934.5117 wMRED=4.85536234 wER=0.516952 wMAE=133.9717 wBias=-4.1735 condBias=155.8182 dotDrift=-0.867sigma uMRED=0.3266394877 uER=0.550293 uMAE=165.0933 WCE=2270 bias=-66.3125
[pop11_hard:00599] loss=81.668655 tau=6.00 collapse_w=0.000 mid_frac=0.208 hard=score=2.8893425468 wNMSE=0.32767732 wMSE=24962.5750 wMRED=2.79419466 wER=0.486881 wMAE=77.7779 wBias=1.9017 condBias=82.9232 dotDrift=+0.770sigma uMRED=0.1725311083 uER=0.542480 uMAE=94.5088 WCE=614 bias=1.6875
[pop11] done (conf=0.51, noise=1.0); global best score=0.5629904674 wNMSE=0.042308133 wMSE=3223.0486 wMRED=0.80731767 wER=0.207327 wMAE=17.1897 wBias=-1.9279 condBias=34.0002 dotDrift=-2.173sigma uMRED=0.0509231343 uER=0.252930 uMAE=23.6250 WCE=336 bias=0.0000
[best] stage=guard_baseline score=0.5629904674 wNMSE=0.042308133 wMSE=3223.0486 wMRED=0.80731767 wER=0.207327 wMAE=17.1897 wBias=-1.9279 condBias=34.0002 dotDrift=-2.173sigma uMRED=0.0509231343 uER=0.252930 uMAE=23.6250 WCE=336 bias=0.0000
[best-json] /home/xuanqi/tony/work/FPGA/signed8x8_approx/signed8x8_2026_8_22/runs_qwen_aligned_v2_20260914/default/rand514/best_signed88_inits.json
[best-rtl] /home/xuanqi/tony/work/FPGA/signed8x8_approx/signed8x8_2026_8_22/runs_qwen_aligned_v2_20260914/default/rand514/best_rtl
[design] default_split search_bits=168
[safety] max_zero_violations=0 max_workload_zero_violation_probability=0
[metric-guard] relative_to_base=0.02 limits={'max_zero_violations': 0, 'max_workload_zero_violation_probability': 0.0, 'max_wce': 336, 'max_er': 0.25798828125, 'max_mred': 0.05194159699258835, 'max_ned': 0.001470794677734375, 'max_rmse': 70.11340813282436, 'max_nmse': 0.0001615764673455242, 'max_abs_bias': 1.074041178505275, 'max_workload_wce': 336, 'max_workload_er': 0.2114733974431658, 'max_workload_mred': 0.8234640261831421, 'max_workload_ned': 0.0010701567513685636, 'max_workload_rmse': 57.90733801654324, 'max_workload_nmse': 0.043154295571426936, 'max_abs_workload_bias': 1.966495293433808, 'max_conditional_bias_rms': 34.680202271755206}
[start] score=0.5629904674 wNMSE=0.042308133 wMSE=3223.0486 wMRED=0.80731767 wER=0.207327 wMAE=17.1897 wBias=-1.9279 condBias=34.0002 dotDrift=-2.173sigma uMRED=0.0509231343 uER=0.252930 uMAE=23.6250 WCE=336 bias=0.0000
[single] ACCEPT ['mid_lut23:47'] 0.5629904674->0.4254589646 wNMSE=0.040544269 wBias=-1.28400
[single] round=2 no improvement
[pair] ACCEPT ['hi_lut23:47', 'hi_lut23:51'] 0.4254589646->0.2093670247 wNMSE=0.014086166 wBias=-1.16826
[pair] ACCEPT ['lo_lut23:47', 'lo_lut23:51'] 0.2093670247->0.2007686392 wNMSE=0.013661598 wBias=-1.16140
[pair] round=3 no improvement
[final] score=0.2007686392 wNMSE=0.013661598 wMSE=1040.7454 wMRED=0.65008969 wER=0.207327 wMAE=10.9337 wBias=-1.1614 condBias=19.8643 dotDrift=-2.304sigma uMRED=0.0321789185 uER=0.252930 uMAE=14.1250 WCE=200 bias=1.0000
[json] /home/xuanqi/tony/work/FPGA/signed8x8_approx/signed8x8_2026_8_22/runs_qwen_aligned_v2_20260914/default/rand514/refined/best_signed88_inits.json
