[initial-infeasible] random start violates zero-product safety: zero_violations=148, workload_zero_probability=0.0776177181068; using guard baseline as deployable best
[design] default_split quad4 entries=168
[device] cuda
[safety] max_zero_violations=0 max_workload_zero_violation_probability=0
[initial] score=544.7623019584 wNMSE=6.7255338 wMSE=512353.5617 wMRED=27.65185707 wER=0.574584 wMAE=353.1597 wBias=-95.2217 condBias=386.5471 dotDrift=-8.514sigma uMRED=0.9238423296 uER=0.573730 uMAE=362.5581 WCE=2374 bias=105.2500
[aligned-objective] schema=aligned_ai_metrics_v2 loss_mode=legacy_aligned guard_tolerance=0.1 constraint_weight=10
[quad_warmup_bit:00000] loss=13.602882 tau=1.50 collapse_w=0.000 mid_frac=0.476 hard=score=544.7623019584 wNMSE=6.7255338 wMSE=512353.5617 wMRED=27.65185707 wER=0.574584 wMAE=353.1597 wBias=-95.2217 condBias=386.5471 dotDrift=-8.514sigma uMRED=0.9238423296 uER=0.573730 uMAE=362.5581 WCE=2374 bias=105.2500
[quad_warmup_bit:00200] loss=5.095284 tau=1.50 collapse_w=0.000 mid_frac=0.458 hard=score=2715.5715725930 wNMSE=5.933582 wMSE=452022.3929 wMRED=21.93279667 wER=0.534737 wMAE=267.3373 wBias=-222.2468 condBias=415.3796 dotDrift=-21.156sigma uMRED=0.7153620665 uER=0.564209 uMAE=269.5645 WCE=2376 bias=-129.8750
[quad_warmup_bit:00400] loss=3.510031 tau=1.50 collapse_w=0.000 mid_frac=0.399 hard=score=4.5297474357 wNMSE=0.65275134 wMSE=49726.8299 wMRED=2.04744072 wER=0.419777 wMAE=62.6875 wBias=-5.7169 condBias=77.3793 dotDrift=-1.641sigma uMRED=0.3504936379 uER=0.547852 uMAE=202.4297 WCE=3348 bias=-38.5000
[quad_warmup_bit:00600] loss=2.610049 tau=1.50 collapse_w=0.000 mid_frac=0.357 hard=score=3.8865293582 wNMSE=0.35488314 wMSE=27035.1243 wMRED=2.21281600 wER=0.422040 wMAE=64.5493 wBias=-4.9767 condBias=88.6628 dotDrift=-1.937sigma uMRED=0.3085168349 uER=0.550049 uMAE=196.0312 WCE=1680 bias=-44.7500
[quad_warmup_bit:00800] loss=2.184292 tau=1.50 collapse_w=0.000 mid_frac=0.274 hard=score=3.8094569595 wNMSE=0.35223921 wMSE=26833.7087 wMRED=2.19014757 wER=0.420079 wMAE=64.9734 wBias=-4.9403 condBias=87.7020 dotDrift=-1.930sigma uMRED=0.2991774145 uER=0.538330 uMAE=194.0195 WCE=1680 bias=-60.5000
[quad_warmup_bit:01000] loss=2.018733 tau=1.50 collapse_w=0.000 mid_frac=0.250 hard=score=2.7608654067 wNMSE=0.35042828 wMSE=26695.7514 wMRED=1.97112484 wER=0.363367 wMAE=62.8687 wBias=-2.3178 condBias=87.3251 dotDrift=-0.908sigma uMRED=0.2951757506 uER=0.524170 uMAE=193.1230 WCE=1680 bias=-57.8750
[quad_warmup_bit:01200] loss=1.954668 tau=1.50 collapse_w=0.000 mid_frac=0.238 hard=score=4.5351399974 wNMSE=0.29141276 wMSE=22199.9275 wMRED=1.94017557 wER=0.362880 wMAE=59.0589 wBias=-6.5278 condBias=83.5571 dotDrift=-2.804sigma uMRED=0.2579069539 uER=0.521484 uMAE=163.5723 WCE=1680 bias=-88.8750
[quad_warmup_bit:01400] loss=1.926647 tau=1.50 collapse_w=0.000 mid_frac=0.232 hard=score=5.1313902501 wNMSE=0.2845864 wMSE=21679.8935 wMRED=1.88515386 wER=0.358157 wMAE=56.9600 wBias=-7.3857 condBias=82.6712 dotDrift=-3.210sigma uMRED=0.2499621206 uER=0.518555 uMAE=156.7695 WCE=1680 bias=-83.3750
[quad_warmup_bit:01600] loss=1.484462 tau=1.50 collapse_w=0.000 mid_frac=0.226 hard=score=6.4262253288 wNMSE=0.27023451 wMSE=20586.5610 wMRED=1.39879600 wER=0.308444 wMAE=49.1944 wBias=-9.1228 condBias=78.4837 dotDrift=-4.069sigma uMRED=0.2367733535 uER=0.500244 uMAE=155.2715 WCE=1680 bias=-83.3750
[quad_warmup_bit:01800] loss=1.471459 tau=1.50 collapse_w=0.000 mid_frac=0.226 hard=score=9.8317615106 wNMSE=0.27553265 wMSE=20990.1757 wMRED=1.33571981 wER=0.299341 wMAE=47.8475 wBias=-12.0709 condBias=79.4282 dotDrift=-5.332sigma uMRED=0.2361163387 uER=0.494385 uMAE=155.5430 WCE=1680 bias=-87.3750
[quad_warmup_bit:02000] loss=1.461068 tau=1.50 collapse_w=0.000 mid_frac=0.220 hard=score=5.8578604298 wNMSE=0.27732275 wMSE=21126.5458 wMRED=1.22736872 wER=0.277815 wMAE=45.6337 wBias=-8.4814 condBias=79.2842 dotDrift=-3.735sigma uMRED=0.2322046071 uER=0.477295 uMAE=152.0840 WCE=1680 bias=-78.5000
[quad_warmup_bit:02200] loss=1.450649 tau=1.50 collapse_w=0.000 mid_frac=0.226 hard=score=4.0365097814 wNMSE=0.27597584 wMSE=21023.9376 wMRED=1.05457176 wER=0.260517 wMAE=43.7937 wBias=-6.1864 condBias=78.9789 dotDrift=-2.731sigma uMRED=0.2293994430 uER=0.473389 uMAE=152.0840 WCE=1680 bias=-76.5000
[quad_warmup_bit:02400] loss=1.445898 tau=1.50 collapse_w=0.000 mid_frac=0.214 hard=score=7.4217319307 wNMSE=0.27864681 wMSE=21227.4134 wMRED=0.87029174 wER=0.235204 wMAE=41.0947 wBias=-10.0421 condBias=79.5780 dotDrift=-4.411sigma uMRED=0.2273188258 uER=0.461670 uMAE=152.5840 WCE=1680 bias=-80.5000
[quad_warmup_bit:02600] loss=1.441530 tau=1.50 collapse_w=0.000 mid_frac=0.196 hard=score=7.1578831882 wNMSE=0.27903279 wMSE=21256.8176 wMRED=0.87089788 wER=0.235204 wMAE=41.2608 wBias=-9.7928 condBias=79.5439 dotDrift=-4.299sigma uMRED=0.2283357416 uER=0.461670 uMAE=153.9824 WCE=1680 bias=-78.5000
[quad_warmup_bit:02800] loss=0.871733 tau=1.50 collapse_w=0.000 mid_frac=0.196 hard=score=7.4237670074 wNMSE=0.27892898 wMSE=21248.9089 wMRED=0.87054913 wER=0.233514 wMAE=41.1280 wBias=-10.0420 condBias=79.5779 dotDrift=-4.409sigma uMRED=0.2275619710 uER=0.449951 uMAE=152.9004 WCE=1680 bias=-80.5000
[quad_warmup_bit:03000] loss=0.868973 tau=1.50 collapse_w=0.000 mid_frac=0.208 hard=score=4.7870471936 wNMSE=0.281187 wMSE=21420.9258 wMRED=0.83600712 wER=0.233514 wMAE=40.2130 wBias=-7.2233 condBias=79.0209 dotDrift=-3.159sigma uMRED=0.2239292303 uER=0.449951 uMAE=150.7812 WCE=1616 bias=-74.5000
[quad_warmup_bit:03200] loss=0.867231 tau=1.50 collapse_w=0.000 mid_frac=0.208 hard=score=4.7870471936 wNMSE=0.281187 wMSE=21420.9258 wMRED=0.83600712 wER=0.233514 wMAE=40.2130 wBias=-7.2233 condBias=79.0209 dotDrift=-3.159sigma uMRED=0.2239292303 uER=0.449951 uMAE=150.7812 WCE=1616 bias=-74.5000
[quad_warmup_bit:03400] loss=0.865642 tau=1.50 collapse_w=0.000 mid_frac=0.208 hard=score=4.5227060101 wNMSE=0.27822533 wMSE=21195.3044 wMRED=0.83330627 wER=0.233514 wMAE=39.9232 wBias=-6.9335 condBias=78.0876 dotDrift=-3.048sigma uMRED=0.2213435010 uER=0.449951 uMAE=148.7812 WCE=1616 bias=-72.5000
[quad_warmup_bit:03600] loss=0.864219 tau=1.50 collapse_w=0.000 mid_frac=0.202 hard=score=3.5239248844 wNMSE=0.25557743 wMSE=19469.9796 wMRED=0.81988972 wER=0.233514 wMAE=38.6882 wBias=-5.6985 condBias=74.6753 dotDrift=-2.614sigma uMRED=0.2092007318 uER=0.449951 uMAE=140.7812 WCE=1616 bias=-64.5000
[quad_warmup_bit:03800] loss=0.863295 tau=1.50 collapse_w=0.000 mid_frac=0.202 hard=score=3.5239248844 wNMSE=0.25557743 wMSE=19469.9796 wMRED=0.81988972 wER=0.233514 wMAE=38.6882 wBias=-5.6985 condBias=74.6753 dotDrift=-2.614sigma uMRED=0.2092007318 uER=0.449951 uMAE=140.7812 WCE=1616 bias=-64.5000
[quad_warmup_bit:04000] loss=0.862353 tau=1.50 collapse_w=0.000 mid_frac=0.202 hard=score=3.5239248844 wNMSE=0.25557743 wMSE=19469.9796 wMRED=0.81988972 wER=0.233514 wMAE=38.6882 wBias=-5.6985 condBias=74.6753 dotDrift=-2.614sigma uMRED=0.2092007318 uER=0.449951 uMAE=140.7812 WCE=1616 bias=-64.5000
[quad_warmup_bit:04200] loss=0.861395 tau=1.50 collapse_w=0.000 mid_frac=0.202 hard=score=3.5003185468 wNMSE=0.2552324 wMSE=19443.6954 wMRED=0.81973220 wER=0.233514 wMAE=38.6602 wBias=-5.6704 condBias=74.5207 dotDrift=-2.603sigma uMRED=0.2086884317 uER=0.449951 uMAE=140.2812 WCE=1600 bias=-64.0000
[quad_warmup_bit:04400] loss=0.860768 tau=1.50 collapse_w=0.000 mid_frac=0.196 hard=score=2.6649399685 wNMSE=0.23566212 wMSE=17952.8242 wMRED=0.81007211 wER=0.230722 wMAE=37.4898 wBias=-4.4887 condBias=70.1776 dotDrift=-2.144sigma uMRED=0.1908156399 uER=0.426514 uMAE=126.4570 WCE=1280 bias=-50.0000
[quad_warmup_bit:04600] loss=0.859977 tau=1.50 collapse_w=0.000 mid_frac=0.190 hard=score=2.6649399685 wNMSE=0.23566212 wMSE=17952.8242 wMRED=0.81007211 wER=0.230722 wMAE=37.4898 wBias=-4.4887 condBias=70.1776 dotDrift=-2.144sigma uMRED=0.1908156399 uER=0.426514 uMAE=126.4570 WCE=1280 bias=-50.0000
[quad_warmup_bit:04800] loss=0.859353 tau=1.50 collapse_w=0.000 mid_frac=0.190 hard=score=2.6649399685 wNMSE=0.23566212 wMSE=17952.8242 wMRED=0.81007211 wER=0.230722 wMAE=37.4898 wBias=-4.4887 condBias=70.1776 dotDrift=-2.144sigma uMRED=0.1908156399 uER=0.426514 uMAE=126.4570 WCE=1280 bias=-50.0000
[quad_warmup_bit:05000] loss=0.858816 tau=1.50 collapse_w=0.000 mid_frac=0.190 hard=score=1.9447473808 wNMSE=0.2536591 wMSE=19323.8402 wMRED=1.03351460 wER=0.248020 wMAE=40.9942 wBias=2.0936 condBias=72.6596 dotDrift=+0.964sigma uMRED=0.2093094472 uER=0.430420 uMAE=137.3555 WCE=1280 bias=-30.0000
[quad_warmup_bit:05200] loss=0.858127 tau=1.50 collapse_w=0.000 mid_frac=0.185 hard=score=1.8192054917 wNMSE=0.24920354 wMSE=18984.4142 wMRED=1.02914942 wER=0.248020 wMAE=40.4962 wBias=1.5955 condBias=72.0189 dotDrift=+0.741sigma uMRED=0.2042535500 uER=0.430420 uMAE=133.3555 WCE=1280 bias=-34.0000
[quad_warmup_bit:05400] loss=0.859287 tau=1.50 collapse_w=0.000 mid_frac=0.179 hard=score=2.6178602215 wNMSE=0.24544037 wMSE=18697.7347 wMRED=1.03988431 wER=0.248020 wMAE=40.7656 wBias=4.1862 condBias=71.4134 dotDrift=+1.959sigma uMRED=0.2045203226 uER=0.430420 uMAE=133.3555 WCE=1280 bias=-30.0000
[quad_warmup_bit:05600] loss=0.857907 tau=1.50 collapse_w=0.000 mid_frac=0.179 hard=score=2.6178602215 wNMSE=0.24544037 wMSE=18697.7347 wMRED=1.03988431 wER=0.248020 wMAE=40.7656 wBias=4.1862 condBias=71.4134 dotDrift=+1.959sigma uMRED=0.2045203226 uER=0.430420 uMAE=133.3555 WCE=1280 bias=-30.0000
[quad_warmup_bit:05800] loss=0.107657 tau=1.50 collapse_w=0.000 mid_frac=0.167 hard=score=1.6905803661 wNMSE=0.24541612 wMSE=18695.8875 wMRED=1.02054653 wER=0.245240 wMAE=39.4536 wBias=0.7050 condBias=71.4844 dotDrift=+0.330sigma uMRED=0.1941653176 uER=0.403809 uMAE=124.3555 WCE=1280 bias=-40.0000
[quad_warmup_bit:05999] loss=0.106629 tau=1.50 collapse_w=0.000 mid_frac=0.167 hard=score=2.2058013742 wNMSE=0.2247463 wMSE=17121.2534 wMRED=0.99351683 wER=0.241901 wMAE=36.8228 wBias=3.6240 condBias=67.1958 dotDrift=+1.773sigma uMRED=0.1632302897 uER=0.376465 uMAE=102.4375 WCE=1024 bias=-16.0000
[quad_soft:00000] loss=0.253857 tau=1.50 collapse_w=0.000 mid_frac=0.167 hard=score=2.2058013742 wNMSE=0.2247463 wMSE=17121.2534 wMRED=0.99351683 wER=0.241901 wMAE=36.8228 wBias=3.6240 condBias=67.1958 dotDrift=+1.773sigma uMRED=0.1632302897 uER=0.376465 uMAE=102.4375 WCE=1024 bias=-16.0000
[quad_soft:00200] loss=0.201011 tau=1.59 collapse_w=0.000 mid_frac=0.137 hard=score=22.5449313332 wNMSE=0.1299695 wMSE=9901.1231 wMRED=0.68825946 wER=0.241901 wMAE=27.9471 wBias=-19.9773 condBias=56.2223 dotDrift=-12.849sigma uMRED=0.1343935632 uER=0.376465 uMAE=86.8906 WCE=1024 bias=-53.6250
[quad_soft:00400] loss=0.431951 tau=1.68 collapse_w=0.000 mid_frac=0.125 hard=score=17.3363506043 wNMSE=0.11859389 wMSE=9034.5245 wMRED=0.64862012 wER=0.238019 wMAE=25.9045 wBias=-17.4772 condBias=49.9807 dotDrift=-11.768sigma uMRED=0.1277769405 uER=0.367676 uMAE=83.4180 WCE=1024 bias=-49.6250
[quad_soft:00600] loss=0.185577 tau=1.77 collapse_w=0.000 mid_frac=0.113 hard=score=14.4447288799 wNMSE=0.11455913 wMSE=8727.1551 wMRED=0.77577191 wER=0.283580 wMAE=26.0456 wBias=-15.8969 condBias=49.1442 dotDrift=-10.891sigma uMRED=0.1283698855 uER=0.389160 uMAE=82.9609 WCE=1024 bias=-48.1250
[quad_soft:00800] loss=0.186713 tau=1.86 collapse_w=0.000 mid_frac=0.113 hard=score=15.0013186728 wNMSE=0.11563358 wMSE=8809.0076 wMRED=0.78004711 wER=0.288052 wMAE=26.3106 wBias=-16.2088 condBias=49.8843 dotDrift=-11.053sigma uMRED=0.1291171916 uER=0.393555 uMAE=83.4141 WCE=1024 bias=-48.6250
[quad_soft:01000] loss=0.189124 tau=1.95 collapse_w=0.000 mid_frac=0.119 hard=score=15.2717182224 wNMSE=0.11573208 wMSE=8816.5114 wMRED=0.77941641 wER=0.288052 wMAE=26.2648 wBias=-16.3628 condBias=49.9549 dotDrift=-11.153sigma uMRED=0.1290168066 uER=0.393555 uMAE=83.2969 WCE=1024 bias=-48.8750
[quad_soft:01200] loss=0.188569 tau=2.04 collapse_w=0.000 mid_frac=0.113 hard=score=15.2717182224 wNMSE=0.11573208 wMSE=8816.5114 wMRED=0.77941641 wER=0.288052 wMAE=26.2648 wBias=-16.3628 condBias=49.9549 dotDrift=-11.153sigma uMRED=0.1290168066 uER=0.393555 uMAE=83.2969 WCE=1024 bias=-48.8750
[quad_soft:01400] loss=0.193475 tau=2.13 collapse_w=0.000 mid_frac=0.107 hard=score=15.2717182224 wNMSE=0.11573208 wMSE=8816.5114 wMRED=0.77941641 wER=0.288052 wMAE=26.2648 wBias=-16.3628 condBias=49.9549 dotDrift=-11.153sigma uMRED=0.1290168066 uER=0.393555 uMAE=83.2969 WCE=1024 bias=-48.8750
[quad_soft:01600] loss=0.193016 tau=2.22 collapse_w=0.000 mid_frac=0.107 hard=score=15.2717182224 wNMSE=0.11573208 wMSE=8816.5114 wMRED=0.77941641 wER=0.288052 wMAE=26.2648 wBias=-16.3628 condBias=49.9549 dotDrift=-11.153sigma uMRED=0.1290168066 uER=0.393555 uMAE=83.2969 WCE=1024 bias=-48.8750
[quad_soft:01800] loss=0.193759 tau=2.31 collapse_w=0.000 mid_frac=0.107 hard=score=15.2717182224 wNMSE=0.11573208 wMSE=8816.5114 wMRED=0.77941641 wER=0.288052 wMAE=26.2648 wBias=-16.3628 condBias=49.9549 dotDrift=-11.153sigma uMRED=0.1290168066 uER=0.393555 uMAE=83.2969 WCE=1024 bias=-48.8750
[quad_soft:02000] loss=0.192375 tau=2.40 collapse_w=0.000 mid_frac=0.107 hard=score=15.2717182224 wNMSE=0.11573208 wMSE=8816.5114 wMRED=0.77941641 wER=0.288052 wMAE=26.2648 wBias=-16.3628 condBias=49.9549 dotDrift=-11.153sigma uMRED=0.1290168066 uER=0.393555 uMAE=83.2969 WCE=1024 bias=-48.8750
[quad_soft:02200] loss=0.194274 tau=2.49 collapse_w=0.000 mid_frac=0.107 hard=score=14.4649403207 wNMSE=0.11542033 wMSE=8792.7616 wMRED=0.77853705 wER=0.275759 wMAE=26.2342 wBias=-15.8991 condBias=49.7629 dotDrift=-10.851sigma uMRED=0.1288587365 uER=0.387695 uMAE=83.2422 WCE=1024 bias=-48.3750
[quad_soft:02400] loss=0.194110 tau=2.58 collapse_w=0.000 mid_frac=0.119 hard=score=13.6487084537 wNMSE=0.11503574 wMSE=8763.4634 wMRED=0.80409168 wER=0.300563 wMAE=26.2900 wBias=-15.4154 condBias=49.5679 dotDrift=-10.539sigma uMRED=0.1290056268 uER=0.409668 uMAE=83.1875 WCE=1024 bias=-47.8750
[quad_soft:02600] loss=0.189216 tau=2.67 collapse_w=0.000 mid_frac=0.119 hard=score=14.4311320054 wNMSE=0.11534749 wMSE=8787.2131 wMRED=0.80497103 wER=0.312856 wMAE=26.3206 wBias=-15.8791 condBias=49.7606 dotDrift=-10.841sigma uMRED=0.1291636969 uER=0.415527 uMAE=83.2422 WCE=1024 bias=-48.3750
[quad_soft:02800] loss=0.190472 tau=2.76 collapse_w=0.000 mid_frac=0.119 hard=score=14.4311320054 wNMSE=0.11534749 wMSE=8787.2131 wMRED=0.80497103 wER=0.312856 wMAE=26.3206 wBias=-15.8791 condBias=49.7606 dotDrift=-10.841sigma uMRED=0.1291636969 uER=0.415527 uMAE=83.2422 WCE=1024 bias=-48.3750
[quad_soft:03000] loss=0.187699 tau=2.85 collapse_w=0.000 mid_frac=0.119 hard=score=14.4311320054 wNMSE=0.11534749 wMSE=8787.2131 wMRED=0.80497103 wER=0.312856 wMAE=26.3206 wBias=-15.8791 condBias=49.7606 dotDrift=-10.841sigma uMRED=0.1291636969 uER=0.415527 uMAE=83.2422 WCE=1024 bias=-48.3750
[quad_soft:03200] loss=0.188579 tau=2.94 collapse_w=0.000 mid_frac=0.119 hard=score=14.4311320054 wNMSE=0.11534749 wMSE=8787.2131 wMRED=0.80497103 wER=0.312856 wMAE=26.3206 wBias=-15.8791 condBias=49.7606 dotDrift=-10.841sigma uMRED=0.1291636969 uER=0.415527 uMAE=83.2422 WCE=1024 bias=-48.3750
[quad_soft:03400] loss=0.186107 tau=3.03 collapse_w=0.000 mid_frac=0.119 hard=score=13.6487084537 wNMSE=0.11503574 wMSE=8763.4634 wMRED=0.80409168 wER=0.300563 wMAE=26.2900 wBias=-15.4154 condBias=49.5679 dotDrift=-10.539sigma uMRED=0.1290056268 uER=0.409668 uMAE=83.1875 WCE=1024 bias=-47.8750
[quad_soft:03600] loss=0.188065 tau=3.12 collapse_w=0.000 mid_frac=0.119 hard=score=13.6487084537 wNMSE=0.11503574 wMSE=8763.4634 wMRED=0.80409168 wER=0.300563 wMAE=26.2900 wBias=-15.4154 condBias=49.5679 dotDrift=-10.539sigma uMRED=0.1290056268 uER=0.409668 uMAE=83.1875 WCE=1024 bias=-47.8750
[quad_soft:03800] loss=0.186886 tau=3.21 collapse_w=0.000 mid_frac=0.119 hard=score=6.0862414299 wNMSE=0.070863003 wMSE=5398.3688 wMRED=0.69912890 wER=0.300563 wMAE=21.0403 wBias=-10.1657 condBias=39.4270 dotDrift=-8.855sigma uMRED=0.1123156737 uER=0.409668 uMAE=75.1875 WCE=1024 bias=-39.8750
[quad_soft:04000] loss=0.187340 tau=3.30 collapse_w=0.000 mid_frac=0.119 hard=score=6.6068989850 wNMSE=0.071111337 wMSE=5417.2870 wMRED=0.70000826 wER=0.312856 wMAE=21.0709 wBias=-10.6294 condBias=39.6105 dotDrift=-9.243sigma uMRED=0.1124737437 uER=0.415527 uMAE=75.2422 WCE=1024 bias=-40.3750
[quad_soft:04200] loss=0.185348 tau=3.39 collapse_w=0.000 mid_frac=0.119 hard=score=5.9754378882 wNMSE=0.070613665 wMSE=5379.3741 wMRED=0.69952769 wER=0.300563 wMAE=20.9974 wBias=-10.0599 condBias=39.6195 dotDrift=-8.778sigma uMRED=0.1130147774 uER=0.409668 uMAE=74.1875 WCE=1024 bias=-37.8750
[quad_soft:04400] loss=0.179083 tau=3.48 collapse_w=0.000 mid_frac=0.119 hard=score=6.4907319835 wNMSE=0.070856355 wMSE=5397.8624 wMRED=0.70040704 wER=0.312856 wMAE=21.0281 wBias=-10.5236 condBias=39.8008 dotDrift=-9.167sigma uMRED=0.1131728474 uER=0.415527 uMAE=74.2422 WCE=1024 bias=-38.3750
[quad_soft:04600] loss=0.175155 tau=3.57 collapse_w=0.000 mid_frac=0.119 hard=score=6.4907319835 wNMSE=0.070856355 wMSE=5397.8624 wMRED=0.70040704 wER=0.312856 wMAE=21.0281 wBias=-10.5236 condBias=39.8008 dotDrift=-9.167sigma uMRED=0.1131728474 uER=0.415527 uMAE=74.2422 WCE=1024 bias=-38.3750
[quad_soft:04800] loss=0.171462 tau=3.66 collapse_w=0.000 mid_frac=0.125 hard=score=6.4907319835 wNMSE=0.070856355 wMSE=5397.8624 wMRED=0.70040704 wER=0.312856 wMAE=21.0281 wBias=-10.5236 condBias=39.8008 dotDrift=-9.167sigma uMRED=0.1131728474 uER=0.415527 uMAE=74.2422 WCE=1024 bias=-38.3750
[quad_soft:05000] loss=0.169519 tau=3.75 collapse_w=0.000 mid_frac=0.125 hard=score=6.4907319835 wNMSE=0.070856355 wMSE=5397.8624 wMRED=0.70040704 wER=0.312856 wMAE=21.0281 wBias=-10.5236 condBias=39.8008 dotDrift=-9.167sigma uMRED=0.1131728474 uER=0.415527 uMAE=74.2422 WCE=1024 bias=-38.3750
[quad_soft:05200] loss=0.164223 tau=3.84 collapse_w=0.000 mid_frac=0.125 hard=score=6.4907319835 wNMSE=0.070856355 wMSE=5397.8624 wMRED=0.70040704 wER=0.312856 wMAE=21.0281 wBias=-10.5236 condBias=39.8008 dotDrift=-9.167sigma uMRED=0.1131728474 uER=0.415527 uMAE=74.2422 WCE=1024 bias=-38.3750
[quad_soft:05400] loss=0.161031 tau=3.93 collapse_w=0.000 mid_frac=0.125 hard=score=6.4907319835 wNMSE=0.070856355 wMSE=5397.8624 wMRED=0.70040704 wER=0.312856 wMAE=21.0281 wBias=-10.5236 condBias=39.8008 dotDrift=-9.167sigma uMRED=0.1131728474 uER=0.415527 uMAE=74.2422 WCE=1024 bias=-38.3750
[quad_soft:05600] loss=0.157378 tau=4.02 collapse_w=0.000 mid_frac=0.125 hard=score=6.4907319835 wNMSE=0.070856355 wMSE=5397.8624 wMRED=0.70040704 wER=0.312856 wMAE=21.0281 wBias=-10.5236 condBias=39.8008 dotDrift=-9.167sigma uMRED=0.1131728474 uER=0.415527 uMAE=74.2422 WCE=1024 bias=-38.3750
[quad_soft:05800] loss=0.154352 tau=4.11 collapse_w=0.000 mid_frac=0.125 hard=score=6.4907319835 wNMSE=0.070856355 wMSE=5397.8624 wMRED=0.70040704 wER=0.312856 wMAE=21.0281 wBias=-10.5236 condBias=39.8008 dotDrift=-9.167sigma uMRED=0.1131728474 uER=0.415527 uMAE=74.2422 WCE=1024 bias=-38.3750
[quad_soft:06000] loss=0.149934 tau=4.20 collapse_w=0.000 mid_frac=0.125 hard=score=6.4907319835 wNMSE=0.070856355 wMSE=5397.8624 wMRED=0.70040704 wER=0.312856 wMAE=21.0281 wBias=-10.5236 condBias=39.8008 dotDrift=-9.167sigma uMRED=0.1131728474 uER=0.415527 uMAE=74.2422 WCE=1024 bias=-38.3750
[quad_soft:06200] loss=0.147717 tau=4.29 collapse_w=0.025 mid_frac=0.125 hard=score=6.4907319835 wNMSE=0.070856355 wMSE=5397.8624 wMRED=0.70040704 wER=0.312856 wMAE=21.0281 wBias=-10.5236 condBias=39.8008 dotDrift=-9.167sigma uMRED=0.1131728474 uER=0.415527 uMAE=74.2422 WCE=1024 bias=-38.3750
[quad_soft:06400] loss=0.144747 tau=4.38 collapse_w=0.050 mid_frac=0.125 hard=score=6.4907319835 wNMSE=0.070856355 wMSE=5397.8624 wMRED=0.70040704 wER=0.312856 wMAE=21.0281 wBias=-10.5236 condBias=39.8008 dotDrift=-9.167sigma uMRED=0.1131728474 uER=0.415527 uMAE=74.2422 WCE=1024 bias=-38.3750
[quad_soft:06600] loss=0.143204 tau=4.47 collapse_w=0.075 mid_frac=0.125 hard=score=6.4907319835 wNMSE=0.070856355 wMSE=5397.8624 wMRED=0.70040704 wER=0.312856 wMAE=21.0281 wBias=-10.5236 condBias=39.8008 dotDrift=-9.167sigma uMRED=0.1131728474 uER=0.415527 uMAE=74.2422 WCE=1024 bias=-38.3750
[quad_soft:06800] loss=0.139550 tau=4.56 collapse_w=0.100 mid_frac=0.125 hard=score=6.4907319835 wNMSE=0.070856355 wMSE=5397.8624 wMRED=0.70040704 wER=0.312856 wMAE=21.0281 wBias=-10.5236 condBias=39.8008 dotDrift=-9.167sigma uMRED=0.1131728474 uER=0.415527 uMAE=74.2422 WCE=1024 bias=-38.3750
[quad_soft:07000] loss=0.139204 tau=4.65 collapse_w=0.125 mid_frac=0.125 hard=score=6.4907319835 wNMSE=0.070856355 wMSE=5397.8624 wMRED=0.70040704 wER=0.312856 wMAE=21.0281 wBias=-10.5236 condBias=39.8008 dotDrift=-9.167sigma uMRED=0.1131728474 uER=0.415527 uMAE=74.2422 WCE=1024 bias=-38.3750
[quad_soft:07200] loss=0.134066 tau=4.74 collapse_w=0.150 mid_frac=0.125 hard=score=17.2456298445 wNMSE=0.1746165 wMSE=13302.3468 wMRED=0.85646627 wER=0.312856 wMAE=30.0399 wBias=17.2721 condBias=55.8855 dotDrift=+9.584sigma uMRED=0.1416675313 uER=0.415527 uMAE=89.8203 WCE=1024 bias=9.6250
[quad_soft:07400] loss=0.131015 tau=4.83 collapse_w=0.175 mid_frac=0.119 hard=score=17.2456298445 wNMSE=0.1746165 wMSE=13302.3468 wMRED=0.85646627 wER=0.312856 wMAE=30.0399 wBias=17.2721 condBias=55.8855 dotDrift=+9.584sigma uMRED=0.1416675313 uER=0.415527 uMAE=89.8203 WCE=1024 bias=9.6250
[quad_soft:07600] loss=0.127972 tau=4.92 collapse_w=0.200 mid_frac=0.113 hard=score=18.4488822837 wNMSE=0.17589 wMSE=13399.3627 wMRED=0.85985325 wER=0.308266 wMAE=29.9605 wBias=17.8960 condBias=56.8334 dotDrift=+9.894sigma uMRED=0.1419550852 uER=0.405273 uMAE=89.5781 WCE=1024 bias=10.6250
[quad_soft:07800] loss=0.125085 tau=5.01 collapse_w=0.225 mid_frac=0.113 hard=score=18.4488822837 wNMSE=0.17589 wMSE=13399.3627 wMRED=0.85985325 wER=0.308266 wMAE=29.9605 wBias=17.8960 condBias=56.8334 dotDrift=+9.894sigma uMRED=0.1419550852 uER=0.405273 uMAE=89.5781 WCE=1024 bias=10.6250
[quad_soft:08000] loss=0.122146 tau=5.10 collapse_w=0.250 mid_frac=0.107 hard=score=18.4488822837 wNMSE=0.17589 wMSE=13399.3627 wMRED=0.85985325 wER=0.308266 wMAE=29.9605 wBias=17.8960 condBias=56.8334 dotDrift=+9.894sigma uMRED=0.1419550852 uER=0.405273 uMAE=89.5781 WCE=1024 bias=10.6250
[quad_soft:08200] loss=0.118938 tau=5.19 collapse_w=0.275 mid_frac=0.107 hard=score=18.4488822837 wNMSE=0.17589 wMSE=13399.3627 wMRED=0.85985325 wER=0.308266 wMAE=29.9605 wBias=17.8960 condBias=56.8334 dotDrift=+9.894sigma uMRED=0.1419550852 uER=0.405273 uMAE=89.5781 WCE=1024 bias=10.6250
[quad_soft:08400] loss=0.115045 tau=5.28 collapse_w=0.300 mid_frac=0.101 hard=score=18.1898925081 wNMSE=0.17587826 wMSE=13398.4686 wMRED=0.86744600 wER=0.318482 wMAE=30.0889 wBias=17.7604 condBias=56.8191 dotDrift=+9.820sigma uMRED=0.1421625855 uER=0.414062 uMAE=89.6719 WCE=1024 bias=10.5000
[quad_soft:08600] loss=0.111842 tau=5.37 collapse_w=0.325 mid_frac=0.101 hard=score=18.1898925081 wNMSE=0.17587826 wMSE=13398.4686 wMRED=0.86744600 wER=0.318482 wMAE=30.0889 wBias=17.7604 condBias=56.8191 dotDrift=+9.820sigma uMRED=0.1421625855 uER=0.414062 uMAE=89.6719 WCE=1024 bias=10.5000
[quad_soft:08800] loss=0.108575 tau=5.46 collapse_w=0.350 mid_frac=0.101 hard=score=18.1898925081 wNMSE=0.17587826 wMSE=13398.4686 wMRED=0.86744600 wER=0.318482 wMAE=30.0889 wBias=17.7604 condBias=56.8191 dotDrift=+9.820sigma uMRED=0.1421625855 uER=0.414062 uMAE=89.6719 WCE=1024 bias=10.5000
[quad_soft:09000] loss=0.105067 tau=5.55 collapse_w=0.375 mid_frac=0.113 hard=score=12.2580396788 wNMSE=0.15127679 wMSE=11524.3198 wMRED=0.76783662 wER=0.304779 wMAE=25.1310 wBias=14.4669 condBias=51.8719 dotDrift=+8.625sigma uMRED=0.1264774223 uER=0.401855 uMAE=82.1719 WCE=1024 bias=4.5000
[quad_soft:09200] loss=0.101590 tau=5.64 collapse_w=0.400 mid_frac=0.113 hard=score=12.2580396788 wNMSE=0.15127679 wMSE=11524.3198 wMRED=0.76783662 wER=0.304779 wMAE=25.1310 wBias=14.4669 condBias=51.8719 dotDrift=+8.625sigma uMRED=0.1264774223 uER=0.401855 uMAE=82.1719 WCE=1024 bias=4.5000
[quad_soft:09400] loss=0.098018 tau=5.73 collapse_w=0.425 mid_frac=0.113 hard=score=12.2580396788 wNMSE=0.15127679 wMSE=11524.3198 wMRED=0.76783662 wER=0.304779 wMAE=25.1310 wBias=14.4669 condBias=51.8719 dotDrift=+8.625sigma uMRED=0.1264774223 uER=0.401855 uMAE=82.1719 WCE=1024 bias=4.5000
[quad_soft:09600] loss=0.094264 tau=5.82 collapse_w=0.450 mid_frac=0.113 hard=score=12.2580396788 wNMSE=0.15127679 wMSE=11524.3198 wMRED=0.76783662 wER=0.304779 wMAE=25.1310 wBias=14.4669 condBias=51.8719 dotDrift=+8.625sigma uMRED=0.1264774223 uER=0.401855 uMAE=82.1719 WCE=1024 bias=4.5000
[quad_soft:09800] loss=0.090114 tau=5.91 collapse_w=0.475 mid_frac=0.113 hard=score=12.2580396788 wNMSE=0.15127679 wMSE=11524.3198 wMRED=0.76783662 wER=0.304779 wMAE=25.1310 wBias=14.4669 condBias=51.8719 dotDrift=+8.625sigma uMRED=0.1264774223 uER=0.401855 uMAE=82.1719 WCE=1024 bias=4.5000
[quad_soft:09999] loss=0.085391 tau=6.00 collapse_w=0.500 mid_frac=0.113 hard=score=12.2580396788 wNMSE=0.15127679 wMSE=11524.3198 wMRED=0.76783662 wER=0.304779 wMAE=25.1310 wBias=14.4669 condBias=51.8719 dotDrift=+8.625sigma uMRED=0.1264774223 uER=0.401855 uMAE=82.1719 WCE=1024 bias=4.5000
[quad_hard_ste:00000] loss=27.685066 tau=6.00 collapse_w=0.000 mid_frac=0.113 hard=score=12.2580396788 wNMSE=0.15127679 wMSE=11524.3198 wMRED=0.76783662 wER=0.304779 wMAE=25.1310 wBias=14.4669 condBias=51.8719 dotDrift=+8.625sigma uMRED=0.1264774223 uER=0.401855 uMAE=82.1719 WCE=1024 bias=4.5000
[quad_hard_ste:00200] loss=19.795961 tau=6.00 collapse_w=0.000 mid_frac=0.089 hard=score=1.7333323133 wNMSE=0.095640715 wMSE=7285.9437 wMRED=0.77523389 wER=0.318482 wMAE=23.8942 wBias=4.3848 condBias=46.3463 dotDrift=+3.288sigma uMRED=0.1249896293 uER=0.414062 uMAE=80.0781 WCE=1192 bias=42.5000
[quad_hard_ste:00400] loss=24.640867 tau=6.00 collapse_w=0.000 mid_frac=0.089 hard=score=0.5365881325 wNMSE=0.0681984 wMSE=5195.3784 wMRED=0.67027111 wER=0.314686 wMAE=18.6445 wBias=-0.8649 condBias=39.4967 dotDrift=-0.768sigma uMRED=0.1082996761 uER=0.406250 uMAE=72.0781 WCE=1192 bias=34.5000
[quad_hard_ste:00600] loss=24.640867 tau=6.00 collapse_w=0.000 mid_frac=0.089 hard=score=0.5365881325 wNMSE=0.0681984 wMSE=5195.3784 wMRED=0.67027111 wER=0.314686 wMAE=18.6445 wBias=-0.8649 condBias=39.4967 dotDrift=-0.768sigma uMRED=0.1082996761 uER=0.406250 uMAE=72.0781 WCE=1192 bias=34.5000
[quad_hard_ste:00800] loss=20.906673 tau=6.00 collapse_w=0.000 mid_frac=0.083 hard=score=0.4523054419 wNMSE=0.063325126 wMSE=4824.1306 wMRED=0.79865672 wER=0.314686 wMAE=19.9076 wBias=-0.1956 condBias=37.4061 dotDrift=-0.180sigma uMRED=0.1065006549 uER=0.406250 uMAE=69.7344 WCE=1024 bias=-25.5000
[quad_hard_ste:01000] loss=20.906673 tau=6.00 collapse_w=0.000 mid_frac=0.083 hard=score=1.2549847624 wNMSE=0.069386654 wMSE=5285.9000 wMRED=0.80060182 wER=0.314686 wMAE=20.1331 wBias=3.7252 condBias=39.3546 dotDrift=+3.279sigma uMRED=0.1112698005 uER=0.406250 uMAE=72.9688 WCE=1192 bias=38.5000
[quad_hard_ste:01200] loss=20.906673 tau=6.00 collapse_w=0.000 mid_frac=0.089 hard=score=1.6858900592 wNMSE=0.062136872 wMSE=4733.6091 wMRED=0.66832602 wER=0.314686 wMAE=18.4190 wBias=-4.7857 condBias=37.5556 dotDrift=-4.452sigma uMRED=0.1035305305 uER=0.406250 uMAE=68.8438 WCE=1024 bias=-29.5000
[quad_hard_ste:01400] loss=30.616369 tau=6.00 collapse_w=0.000 mid_frac=0.083 hard=score=1.2549847624 wNMSE=0.069386654 wMSE=5285.9000 wMRED=0.80060182 wER=0.314686 wMAE=20.1331 wBias=3.7252 condBias=39.3546 dotDrift=+3.279sigma uMRED=0.1112698005 uER=0.406250 uMAE=72.9688 WCE=1192 bias=38.5000
[quad_hard_ste:01600] loss=30.616371 tau=6.00 collapse_w=0.000 mid_frac=0.083 hard=score=1.2549847624 wNMSE=0.069386654 wMSE=5285.9000 wMRED=0.80060182 wER=0.314686 wMAE=20.1331 wBias=3.7252 condBias=39.3546 dotDrift=+3.279sigma uMRED=0.1112698005 uER=0.406250 uMAE=72.9688 WCE=1192 bias=38.5000
[quad_hard_ste:01800] loss=20.906673 tau=6.00 collapse_w=0.000 mid_frac=0.089 hard=score=1.6858900592 wNMSE=0.062136872 wMSE=4733.6091 wMRED=0.66832602 wER=0.314686 wMAE=18.4190 wBias=-4.7857 condBias=37.5556 dotDrift=-4.452sigma uMRED=0.1035305305 uER=0.406250 uMAE=68.8438 WCE=1024 bias=-29.5000
[quad_hard_ste:02000] loss=24.640867 tau=6.00 collapse_w=0.000 mid_frac=0.089 hard=score=1.6858900592 wNMSE=0.062136872 wMSE=4733.6091 wMRED=0.66832602 wER=0.314686 wMAE=18.4190 wBias=-4.7857 condBias=37.5556 dotDrift=-4.452sigma uMRED=0.1035305305 uER=0.406250 uMAE=68.8438 WCE=1024 bias=-29.5000
[quad_hard_ste:02200] loss=24.640867 tau=6.00 collapse_w=0.000 mid_frac=0.089 hard=score=1.2549847624 wNMSE=0.069386654 wMSE=5285.9000 wMRED=0.80060182 wER=0.314686 wMAE=20.1331 wBias=3.7252 condBias=39.3546 dotDrift=+3.279sigma uMRED=0.1112698005 uER=0.406250 uMAE=72.9688 WCE=1192 bias=38.5000
[quad_hard_ste:02400] loss=24.640867 tau=6.00 collapse_w=0.000 mid_frac=0.095 hard=score=1.6858900592 wNMSE=0.062136872 wMSE=4733.6091 wMRED=0.66832602 wER=0.314686 wMAE=18.4190 wBias=-4.7857 condBias=37.5556 dotDrift=-4.452sigma uMRED=0.1035305305 uER=0.406250 uMAE=68.8438 WCE=1024 bias=-29.5000
[quad_hard_ste:02600] loss=27.399370 tau=6.00 collapse_w=0.000 mid_frac=0.095 hard=score=0.5365881325 wNMSE=0.0681984 wMSE=5195.3784 wMRED=0.67027111 wER=0.314686 wMAE=18.6445 wBias=-0.8649 condBias=39.4967 dotDrift=-0.768sigma uMRED=0.1082996761 uER=0.406250 uMAE=72.0781 WCE=1192 bias=34.5000
[quad_hard_ste:02800] loss=25.308556 tau=6.00 collapse_w=0.000 mid_frac=0.071 hard=score=0.7814969446 wNMSE=0.11620865 wMSE=8852.8161 wMRED=0.81354861 wER=0.314686 wMAE=22.0832 wBias=0.8675 condBias=47.8050 dotDrift=+0.590sigma uMRED=0.1530391144 uER=0.406250 uMAE=106.7305 WCE=1640 bias=-9.5000
[quad_hard_ste:03000] loss=21.254137 tau=6.00 collapse_w=0.000 mid_frac=0.054 hard=score=0.8644081402 wNMSE=0.11633614 wMSE=8862.5285 wMRED=0.82270126 wER=0.311736 wMAE=22.5088 wBias=1.8740 condBias=45.1948 dotDrift=+1.274sigma uMRED=0.1510276380 uER=0.409668 uMAE=111.1367 WCE=1640 bias=-0.7500
[quad_hard_ste:03200] loss=45.464466 tau=6.00 collapse_w=0.000 mid_frac=0.048 hard=score=25.1364962276 wNMSE=0.14339893 wMSE=10924.1815 wMRED=2.50338738 wER=0.336510 wMAE=38.0957 wBias=-21.1198 condBias=53.2411 dotDrift=-12.932sigma uMRED=0.1648036273 uER=0.417480 uMAE=95.9023 WCE=1192 bias=-0.7500
[quad_hard_ste:03400] loss=47.903839 tau=6.00 collapse_w=0.000 mid_frac=0.048 hard=score=24.1514027164 wNMSE=0.14486801 wMSE=11036.0965 wMRED=2.50179225 wER=0.336510 wMAE=38.2671 wBias=-20.6965 condBias=51.8532 dotDrift=-12.609sigma uMRED=0.1620072125 uER=0.417480 uMAE=99.9023 WCE=1192 bias=7.2500
[quad_hard_ste:03600] loss=84.394547 tau=6.00 collapse_w=0.000 mid_frac=0.048 hard=score=33.7448556477 wNMSE=0.13880648 wMSE=10574.3271 wMRED=2.49984715 wER=0.336510 wMAE=38.0416 wBias=-24.6173 condBias=50.3903 dotDrift=-15.321sigma uMRED=0.1572380669 uER=0.417480 uMAE=96.6680 WCE=1128 bias=-56.7500
[quad_hard_ste:03800] loss=84.394547 tau=6.00 collapse_w=0.000 mid_frac=0.042 hard=score=33.7448556477 wNMSE=0.13880648 wMSE=10574.3271 wMRED=2.49984715 wER=0.336510 wMAE=38.0416 wBias=-24.6173 condBias=50.3903 dotDrift=-15.321sigma uMRED=0.1572380669 uER=0.417480 uMAE=96.6680 WCE=1128 bias=-56.7500
[quad_hard_ste:03999] loss=47.903835 tau=6.00 collapse_w=0.000 mid_frac=0.042 hard=score=24.1514027164 wNMSE=0.14486801 wMSE=11036.0965 wMRED=2.50179225 wER=0.336510 wMAE=38.2671 wBias=-20.6965 condBias=51.8532 dotDrift=-12.609sigma uMRED=0.1620072125 uER=0.417480 uMAE=99.9023 WCE=1192 bias=7.2500
[pop00_soft:00000] loss=34.423786 tau=1.50 collapse_w=0.000 mid_frac=0.310 hard=score=166.5380852063 wNMSE=6.3469166 wMSE=483510.3699 wMRED=22.14660149 wER=0.574524 wMAE=355.5147 wBias=47.0020 condBias=372.8414 dotDrift=+4.326sigma uMRED=0.8696690203 uER=0.567139 uMAE=343.6919 WCE=3395 bias=125.6250
[pop00_soft:00200] loss=89.169754 tau=2.25 collapse_w=0.000 mid_frac=0.315 hard=score=7.1455389644 wNMSE=0.72407259 wMSE=55160.1074 wMRED=6.80641731 wER=0.544452 wMAE=127.2144 wBias=2.4015 condBias=108.5430 dotDrift=+0.654sigma uMRED=0.3413185999 uER=0.562012 uMAE=191.0591 WCE=1365 bias=-54.6875
[pop00_soft:00400] loss=76.708412 tau=3.00 collapse_w=0.000 mid_frac=0.250 hard=score=6.2925731843 wNMSE=0.24858789 wMSE=18937.5142 wMRED=2.14608730 wER=0.464050 wMAE=57.0650 wBias=-8.8982 condBias=78.4787 dotDrift=-4.138sigma uMRED=0.2517733276 uER=0.555176 uMAE=156.5938 WCE=1296 bias=-43.3750
[pop00_soft:00600] loss=66.338120 tau=3.75 collapse_w=0.000 mid_frac=0.196 hard=score=4.6404185820 wNMSE=0.16167249 wMSE=12316.2679 wMRED=1.87020922 wER=0.444604 wMAE=43.0806 wBias=-7.8082 condBias=63.1522 dotDrift=-4.503sigma uMRED=0.1899394140 uER=0.536621 uMAE=116.9453 WCE=1024 bias=-4.2500
[pop00_soft:00800] loss=66.200035 tau=4.50 collapse_w=0.084 mid_frac=0.202 hard=score=6.8629205869 wNMSE=0.15952863 wMSE=12152.9476 wMRED=1.86971004 wER=0.444566 wMAE=42.0015 wBias=-10.1246 condBias=63.0309 dotDrift=-5.878sigma uMRED=0.1880971602 uER=0.532715 uMAE=114.4141 WCE=1024 bias=-8.7500
[pop00_soft:01000] loss=66.174957 tau=5.25 collapse_w=0.293 mid_frac=0.214 hard=score=6.8629205869 wNMSE=0.15952863 wMSE=12152.9476 wMRED=1.86971004 wER=0.444566 wMAE=42.0015 wBias=-10.1246 condBias=63.0309 dotDrift=-5.878sigma uMRED=0.1880971602 uER=0.532715 uMAE=114.4141 WCE=1024 bias=-8.7500
[pop00_soft:01199] loss=66.086830 tau=6.00 collapse_w=0.500 mid_frac=0.214 hard=score=9.3576519332 wNMSE=0.16307272 wMSE=12422.9380 wMRED=1.74358649 wER=0.419730 wMAE=41.8780 wBias=-12.1687 condBias=63.5275 dotDrift=-6.987sigma uMRED=0.1872807034 uER=0.520996 uMAE=114.5391 WCE=1030 bias=-10.7500
[pop00_hard:00000] loss=31.699041 tau=6.00 collapse_w=0.000 mid_frac=0.214 hard=score=9.3576519332 wNMSE=0.16307272 wMSE=12422.9380 wMRED=1.74358649 wER=0.419730 wMAE=41.8780 wBias=-12.1687 condBias=63.5275 dotDrift=-6.987sigma uMRED=0.1872807034 uER=0.520996 uMAE=114.5391 WCE=1030 bias=-10.7500
[pop00_hard:00200] loss=20.289204 tau=6.00 collapse_w=0.000 mid_frac=0.161 hard=score=4.8592153864 wNMSE=0.1238112 wMSE=9431.9815 wMRED=1.68118372 wER=0.420031 wMAE=39.3735 wBias=-8.3838 condBias=55.5305 dotDrift=-5.525sigma uMRED=0.1626840475 uER=0.521973 uMAE=99.2188 WCE=1024 bias=7.2500
[pop00_hard:00400] loss=28.976873 tau=6.00 collapse_w=0.000 mid_frac=0.131 hard=score=2.0862126002 wNMSE=0.15837986 wMSE=12065.4344 wMRED=1.49879798 wER=0.395052 wMAE=40.4298 wBias=-3.7961 condBias=63.1116 dotDrift=-2.212sigma uMRED=0.1885455183 uER=0.509766 uMAE=115.9531 WCE=1398 bias=-19.7500
[pop00_hard:00599] loss=19.627804 tau=6.00 collapse_w=0.000 mid_frac=0.071 hard=score=1.5772694797 wNMSE=0.17153916 wMSE=13067.9143 wMRED=1.51440137 wER=0.395982 wMAE=41.8694 wBias=-1.0153 condBias=68.5242 dotDrift=-0.568sigma uMRED=0.2014536137 uER=0.514160 uMAE=125.0820 WCE=1312 bias=-1.8750
[pop00] done (conf=0.53, noise=0.5); global best score=0.5629904674 wNMSE=0.042308133 wMSE=3223.0486 wMRED=0.80731767 wER=0.207327 wMAE=17.1897 wBias=-1.9279 condBias=34.0002 dotDrift=-2.173sigma uMRED=0.0509231343 uER=0.252930 uMAE=23.6250 WCE=336 bias=0.0000
[pop01_soft:00000] loss=99.536171 tau=1.50 collapse_w=0.000 mid_frac=0.429 hard=score=8465.3360219924 wNMSE=18.464293 wMSE=1406616.4176 wMRED=38.45306757 wER=0.574135 wMAE=618.8600 wBias=392.8211 condBias=692.0931 dotDrift=+21.198sigma uMRED=1.2410509342 uER=0.568604 uMAE=453.5098 WCE=3776 bias=-33.3125
[pop01_soft:00200] loss=605.875000 tau=2.25 collapse_w=0.000 mid_frac=0.399 hard=score=172.4560667260 wNMSE=24.061498 wMSE=1833013.4633 wMRED=53.19771475 wER=0.580129 wMAE=694.1833 wBias=11.4839 condBias=722.0455 dotDrift=+0.543sigma uMRED=1.4965041653 uER=0.575928 uMAE=462.5127 WCE=3139 bias=-280.5000
[pop01_soft:00400] loss=284.025757 tau=3.00 collapse_w=0.000 mid_frac=0.393 hard=score=414.2929294412 wNMSE=17.242917 wMSE=1313571.5315 wMRED=45.36217106 wER=0.560850 wMAE=573.8614 wBias=-74.3651 condBias=604.7003 dotDrift=-4.153sigma uMRED=1.2458967771 uER=0.571533 uMAE=384.1538 WCE=3123 bias=-126.0000
[pop01_soft:00600] loss=142.098465 tau=3.75 collapse_w=0.000 mid_frac=0.417 hard=score=634.4137791693 wNMSE=0.99909245 wMSE=76111.2184 wMRED=9.46711696 wER=0.540484 wMAE=126.7997 wBias=-107.6973 condBias=184.7360 dotDrift=-24.984sigma uMRED=0.3717505435 uER=0.570068 uMAE=176.2197 WCE=1376 bias=-70.1250
[pop01_soft:00800] loss=97.592201 tau=4.50 collapse_w=0.084 mid_frac=0.357 hard=score=40.9000151873 wNMSE=0.28188412 wMSE=21474.0330 wMRED=2.75596163 wER=0.528803 wMAE=67.5895 wBias=-26.8517 condBias=76.0860 dotDrift=-11.727sigma uMRED=0.2666567792 uER=0.570801 uMAE=156.6484 WCE=1810 bias=-91.9375
[pop01_soft:01000] loss=94.890419 tau=5.25 collapse_w=0.293 mid_frac=0.333 hard=score=32.4042321256 wNMSE=0.25840235 wMSE=19685.1834 wMRED=2.67578400 wER=0.489777 wMAE=62.8991 wBias=-23.8542 condBias=70.1207 dotDrift=-10.881sigma uMRED=0.2563061575 uER=0.563965 uMAE=150.9971 WCE=1814 bias=-85.6875
[pop01_soft:01199] loss=94.337646 tau=6.00 collapse_w=0.500 mid_frac=0.345 hard=score=35.0446572665 wNMSE=0.25601987 wMSE=19503.6846 wMRED=2.66367759 wER=0.488636 wMAE=62.0370 wBias=-24.8828 condBias=69.0760 dotDrift=-11.403sigma uMRED=0.2536078763 uER=0.559570 uMAE=149.2520 WCE=1814 bias=-87.6875
[pop01_hard:00000] loss=115.247696 tau=6.00 collapse_w=0.000 mid_frac=0.345 hard=score=35.0446572665 wNMSE=0.25601987 wMSE=19503.6846 wMRED=2.66367759 wER=0.488636 wMAE=62.0370 wBias=-24.8828 condBias=69.0760 dotDrift=-11.403sigma uMRED=0.2536078763 uER=0.559570 uMAE=149.2520 WCE=1814 bias=-87.6875
[pop01_hard:00200] loss=70.529030 tau=6.00 collapse_w=0.000 mid_frac=0.315 hard=score=18.6961250696 wNMSE=0.25667411 wMSE=19553.5250 wMRED=2.67103639 wER=0.489777 wMAE=63.2867 wBias=-17.7722 condBias=65.7842 dotDrift=-8.134sigma uMRED=0.2490973514 uER=0.563965 uMAE=149.4644 WCE=1542 bias=-44.1875
[pop01_hard:00400] loss=60.729107 tau=6.00 collapse_w=0.000 mid_frac=0.274 hard=score=1.6558108339 wNMSE=0.1825997 wMSE=13910.5098 wMRED=2.52694154 wER=0.527726 wMAE=55.7145 wBias=-1.9665 condBias=52.2951 dotDrift=-1.067sigma uMRED=0.1931628414 uER=0.568604 uMAE=113.9487 WCE=1234 bias=10.3125
[pop01_hard:00599] loss=67.265228 tau=6.00 collapse_w=0.000 mid_frac=0.280 hard=score=2.0238648434 wNMSE=0.18026758 wMSE=13732.8483 wMRED=2.51954757 wER=0.527619 wMAE=55.1712 wBias=-3.3710 condBias=50.6767 dotDrift=-1.841sigma uMRED=0.1900345441 uER=0.566406 uMAE=110.7441 WCE=1286 bias=-0.1875
[pop01] done (conf=0.51, noise=1.0); global best score=0.5629904674 wNMSE=0.042308133 wMSE=3223.0486 wMRED=0.80731767 wER=0.207327 wMAE=17.1897 wBias=-1.9279 condBias=34.0002 dotDrift=-2.173sigma uMRED=0.0509231343 uER=0.252930 uMAE=23.6250 WCE=336 bias=0.0000
[pop02_soft:00000] loss=17.051168 tau=1.50 collapse_w=0.000 mid_frac=0.321 hard=score=991.7596714753 wNMSE=7.7739629 wMSE=592223.2651 wMRED=29.72511017 wER=0.566172 wMAE=357.1529 wBias=-130.8027 condBias=418.7817 dotDrift=-10.878sigma uMRED=0.8485168239 uER=0.566406 uMAE=277.0166 WCE=2592 bias=-159.8750
[pop02_soft:00200] loss=87.236931 tau=2.25 collapse_w=0.000 mid_frac=0.327 hard=score=1039.6195510880 wNMSE=8.6501045 wMSE=658968.0385 wMRED=29.39988143 wER=0.544344 wMAE=279.3281 wBias=-134.0612 condBias=441.7941 dotDrift=-10.569sigma uMRED=0.7546071856 uER=0.557617 uMAE=207.8496 WCE=3332 bias=-82.7500
[pop02_soft:00400] loss=123.752419 tau=3.00 collapse_w=0.000 mid_frac=0.232 hard=score=23.8623563583 wNMSE=0.26534117 wMSE=20213.7846 wMRED=2.65485510 wER=0.528390 wMAE=70.1730 wBias=20.0862 condBias=72.0768 dotDrift=+9.042sigma uMRED=0.2242992089 uER=0.559082 uMAE=126.4111 WCE=1430 bias=-17.3125
[pop02_soft:00600] loss=96.930588 tau=3.75 collapse_w=0.000 mid_frac=0.232 hard=score=3.8942310655 wNMSE=0.17752787 wMSE=13524.1366 wMRED=2.50844130 wER=0.489125 wMAE=59.7225 wBias=6.3299 condBias=57.1118 dotDrift=+3.484sigma uMRED=0.1577453437 uER=0.543213 uMAE=83.0459 WCE=816 bias=-7.1250
[pop02_soft:00800] loss=68.203743 tau=4.50 collapse_w=0.084 mid_frac=0.202 hard=score=2.9351168170 wNMSE=0.17690143 wMSE=13476.4140 wMRED=2.48481859 wER=0.458278 wMAE=58.0799 wBias=-4.7784 condBias=54.5745 dotDrift=-2.634sigma uMRED=0.1569743293 uER=0.528564 uMAE=82.9316 WCE=652 bias=-22.6250
[pop02_soft:01000] loss=67.543411 tau=5.25 collapse_w=0.293 mid_frac=0.202 hard=score=10.1756221488 wNMSE=0.15417521 wMSE=11745.1226 wMRED=2.00676641 wER=0.420140 wMAE=51.9346 wBias=-12.7207 condBias=53.3573 dotDrift=-7.512sigma uMRED=0.1351853227 uER=0.514648 uMAE=73.1836 WCE=684 bias=-33.8750
[pop02_soft:01199] loss=67.354752 tau=6.00 collapse_w=0.500 mid_frac=0.190 hard=score=8.0213664004 wNMSE=0.15996596 wMSE=12186.2638 wMRED=2.00296435 wER=0.420089 wMAE=52.3564 wBias=-11.0110 condBias=52.0273 dotDrift=-6.384sigma uMRED=0.1453139432 uER=0.513916 uMAE=80.1836 WCE=684 bias=-24.8750
[pop02_hard:00000] loss=29.970936 tau=6.00 collapse_w=0.000 mid_frac=0.185 hard=score=8.0213664004 wNMSE=0.15996596 wMSE=12186.2638 wMRED=2.00296435 wER=0.420089 wMAE=52.3564 wBias=-11.0110 condBias=52.0273 dotDrift=-6.384sigma uMRED=0.1453139432 uER=0.513916 uMAE=80.1836 WCE=684 bias=-24.8750
[pop02_hard:00200] loss=7.670834 tau=6.00 collapse_w=0.000 mid_frac=0.167 hard=score=0.7832693424 wNMSE=0.11504629 wMSE=8764.2671 wMRED=1.84475873 wER=0.419172 wMAE=45.7012 wBias=-0.1938 condBias=37.4223 dotDrift=-0.133sigma uMRED=0.1172423064 uER=0.510986 uMAE=67.3867 WCE=588 bias=-6.3750
[pop02_hard:00400] loss=4.958907 tau=6.00 collapse_w=0.000 mid_frac=0.149 hard=score=0.7676524499 wNMSE=0.11409311 wMSE=8691.6536 wMRED=1.84224648 wER=0.419046 wMAE=45.5738 wBias=0.5854 condBias=36.8718 dotDrift=+0.402sigma uMRED=0.1120721549 uER=0.509521 uMAE=65.2402 WCE=588 bias=3.6250
[pop02_hard:00599] loss=4.226153 tau=6.00 collapse_w=0.000 mid_frac=0.149 hard=score=7.9182750430 wNMSE=0.15055899 wMSE=11469.6377 wMRED=1.98674608 wER=0.419453 wMAE=50.8455 wBias=-10.9797 condBias=53.0652 dotDrift=-6.561sigma uMRED=0.1251743356 uER=0.510254 uMAE=67.5371 WCE=684 bias=-20.3750
[pop02] done (conf=0.53, noise=0.5); global best score=0.5629904674 wNMSE=0.042308133 wMSE=3223.0486 wMRED=0.80731767 wER=0.207327 wMAE=17.1897 wBias=-1.9279 condBias=34.0002 dotDrift=-2.173sigma uMRED=0.0509231343 uER=0.252930 uMAE=23.6250 WCE=336 bias=0.0000
[pop03_soft:00000] loss=42.073051 tau=1.50 collapse_w=0.000 mid_frac=0.440 hard=score=2317.6293101286 wNMSE=20.720338 wMSE=1578482.7326 wMRED=53.64279840 wER=0.566525 wMAE=655.0827 wBias=200.5685 condBias=618.6935 dotDrift=+10.217sigma uMRED=1.4940239301 uER=0.560547 uMAE=463.1948 WCE=3360 bias=62.0625
[pop03_soft:00200] loss=113.671799 tau=2.25 collapse_w=0.000 mid_frac=0.405 hard=score=458.2311707977 wNMSE=4.1170943 wMSE=313641.7077 wMRED=21.32763060 wER=0.474760 wMAE=168.5232 wBias=-88.6863 condBias=309.5349 dotDrift=-10.135sigma uMRED=0.7774790719 uER=0.547119 uMAE=300.8530 WCE=3800 bias=-60.3125
[pop03_soft:00400] loss=125.216148 tau=3.00 collapse_w=0.000 mid_frac=0.369 hard=score=90.7994391359 wNMSE=3.143557 wMSE=239477.2882 wMRED=20.44825002 wER=0.505909 wMAE=135.7745 wBias=-35.1641 condBias=266.9388 dotDrift=-4.599sigma uMRED=0.6496345441 uER=0.537842 uMAE=232.5586 WCE=3784 bias=-85.5000
[pop03_soft:00600] loss=115.468224 tau=3.75 collapse_w=0.000 mid_frac=0.315 hard=score=6.9487965694 wNMSE=0.45025936 wMSE=34300.9182 wMRED=3.36082928 wER=0.499214 wMAE=85.8060 wBias=8.1590 condBias=90.1314 dotDrift=+2.819sigma uMRED=0.3497999669 uER=0.539307 uMAE=211.1382 WCE=2032 bias=-72.9375
[pop03_soft:00800] loss=95.032181 tau=4.50 collapse_w=0.084 mid_frac=0.274 hard=score=3.3873187730 wNMSE=0.35897856 wMSE=27347.1143 wMRED=2.81650277 wER=0.495877 wMAE=79.0256 wBias=3.7427 condBias=76.3727 dotDrift=+1.448sigma uMRED=0.2691134767 uER=0.531250 uMAE=160.9795 WCE=1470 bias=-24.0000
[pop03_soft:01000] loss=89.696365 tau=5.25 collapse_w=0.293 mid_frac=0.238 hard=score=2.5105592041 wNMSE=0.32492801 wMSE=24753.1318 wMRED=2.54622495 wER=0.478950 wMAE=74.1295 wBias=-1.8266 condBias=74.3957 dotDrift=-0.743sigma uMRED=0.2637402833 uER=0.519531 uMAE=159.3467 WCE=1454 bias=-26.6250
[pop03_soft:01199] loss=89.309982 tau=6.00 collapse_w=0.500 mid_frac=0.250 hard=score=6.0979335097 wNMSE=0.39095525 wMSE=29783.1101 wMRED=2.56547667 wER=0.443161 wMAE=75.3872 wBias=-7.8713 condBias=85.4148 dotDrift=-2.919sigma uMRED=0.3268782280 uER=0.515625 uMAE=201.2295 WCE=2000 bias=-92.5000
[pop03_hard:00000] loss=100.077415 tau=6.00 collapse_w=0.000 mid_frac=0.250 hard=score=6.0979335097 wNMSE=0.39095525 wMSE=29783.1101 wMRED=2.56547667 wER=0.443161 wMAE=75.3872 wBias=-7.8713 condBias=85.4148 dotDrift=-2.919sigma uMRED=0.3268782280 uER=0.515625 uMAE=201.2295 WCE=2000 bias=-92.5000
[pop03_hard:00200] loss=21.821032 tau=6.00 collapse_w=0.000 mid_frac=0.244 hard=score=3.2240408161 wNMSE=0.32434684 wMSE=24708.8576 wMRED=2.54498812 wER=0.443161 wMAE=72.9095 wBias=-4.1670 condBias=74.5277 dotDrift=-1.697sigma uMRED=0.2633917268 uER=0.515625 uMAE=159.0029 WCE=1454 bias=-28.5000
[pop03_hard:00400] loss=21.821032 tau=6.00 collapse_w=0.000 mid_frac=0.244 hard=score=2.3841172470 wNMSE=0.28921619 wMSE=22032.5927 wMRED=2.53091594 wER=0.443161 wMAE=70.9875 wBias=-2.2066 condBias=70.1787 dotDrift=-0.951sigma uMRED=0.2215669587 uER=0.515625 uMAE=127.5068 WCE=1008 bias=3.5000
[pop03_hard:00599] loss=26.904665 tau=6.00 collapse_w=0.000 mid_frac=0.238 hard=score=3.6597486210 wNMSE=0.26922817 wMSE=20509.8981 wMRED=2.36276722 wER=0.441763 wMAE=64.0826 wBias=5.6658 condBias=61.7390 dotDrift=+2.532sigma uMRED=0.2073011429 uER=0.513184 uMAE=122.2842 WCE=1392 bias=5.5000
[pop03] done (conf=0.51, noise=1.0); global best score=0.5629904674 wNMSE=0.042308133 wMSE=3223.0486 wMRED=0.80731767 wER=0.207327 wMAE=17.1897 wBias=-1.9279 condBias=34.0002 dotDrift=-2.173sigma uMRED=0.0509231343 uER=0.252930 uMAE=23.6250 WCE=336 bias=0.0000
[pop04_soft:00000] loss=48.704872 tau=1.50 collapse_w=0.000 mid_frac=0.345 hard=score=11887.0976205288 wNMSE=18.646599 wMSE=1420504.5224 wMRED=24.67832146 wER=0.576941 wMAE=503.7321 wBias=466.3152 condBias=810.2543 dotDrift=+25.040sigma uMRED=0.7676716807 uER=0.567139 uMAE=296.3584 WCE=4073 bias=128.8125
[pop04_soft:00200] loss=98.202690 tau=2.25 collapse_w=0.000 mid_frac=0.304 hard=score=66.7518848898 wNMSE=0.35110861 wMSE=26747.5788 wMRED=2.48780425 wER=0.531106 wMAE=59.1815 wBias=-34.5615 condBias=80.5611 dotDrift=-13.525sigma uMRED=0.2996888261 uER=0.556641 uMAE=192.6973 WCE=2128 bias=-57.8750
[pop04_soft:00400] loss=76.750771 tau=3.00 collapse_w=0.000 mid_frac=0.250 hard=score=13.2765019607 wNMSE=0.37864628 wMSE=28845.4083 wMRED=2.30924460 wER=0.492250 wMAE=69.2401 wBias=-14.3964 condBias=76.9800 dotDrift=-5.425sigma uMRED=0.2637503959 uER=0.566895 uMAE=165.6562 WCE=1386 bias=-48.2500
[pop04_soft:00600] loss=66.362999 tau=3.75 collapse_w=0.000 mid_frac=0.190 hard=score=8.6528937140 wNMSE=0.26027796 wMSE=19828.0675 wMRED=1.93678785 wER=0.462326 wMAE=55.3919 wBias=-11.1742 condBias=78.0529 dotDrift=-5.079sigma uMRED=0.2464454171 uER=0.557373 uMAE=146.3770 WCE=1386 bias=-38.8750
[pop04_soft:00800] loss=66.199188 tau=4.50 collapse_w=0.084 mid_frac=0.220 hard=score=8.3721490663 wNMSE=0.21405775 wMSE=16306.9957 wMRED=1.88410065 wER=0.474987 wMAE=50.3376 wBias=-11.2462 condBias=69.9712 dotDrift=-5.636sigma uMRED=0.2178679258 uER=0.559570 uMAE=128.3770 WCE=1052 bias=-24.8750
[pop04_soft:01000] loss=66.154335 tau=5.25 collapse_w=0.293 mid_frac=0.202 hard=score=11.5629988973 wNMSE=0.21627067 wMSE=16475.5769 wMRED=1.76144307 wER=0.463575 wMAE=50.1387 wBias=-13.6122 condBias=70.3920 dotDrift=-6.787sigma uMRED=0.2161872539 uER=0.549316 uMAE=128.0820 WCE=1080 bias=-26.8750
[pop04_soft:01199] loss=66.097267 tau=6.00 collapse_w=0.500 mid_frac=0.220 hard=score=9.2544292622 wNMSE=0.21387535 wMSE=16293.1001 wMRED=1.70732506 wER=0.463575 wMAE=49.1341 wBias=-11.9554 condBias=69.8882 dotDrift=-5.994sigma uMRED=0.2150396195 uER=0.549316 uMAE=128.0820 WCE=1080 bias=-24.8750
[pop04_hard:00000] loss=40.689411 tau=6.00 collapse_w=0.000 mid_frac=0.220 hard=score=9.2544292622 wNMSE=0.21387535 wMSE=16293.1001 wMRED=1.70732506 wER=0.463575 wMAE=49.1341 wBias=-11.9554 condBias=69.8882 dotDrift=-5.994sigma uMRED=0.2150396195 uER=0.549316 uMAE=128.0820 WCE=1080 bias=-24.8750
[pop04_hard:00200] loss=39.746796 tau=6.00 collapse_w=0.000 mid_frac=0.196 hard=score=8.7527444062 wNMSE=0.2135456 wMSE=16267.9797 wMRED=1.69592450 wER=0.455977 wMAE=48.7919 wBias=-11.5612 condBias=69.8266 dotDrift=-5.801sigma uMRED=0.2146453922 uER=0.546387 uMAE=127.8945 WCE=1080 bias=-24.3750
[pop04_hard:00400] loss=21.163849 tau=6.00 collapse_w=0.000 mid_frac=0.167 hard=score=3.4219842413 wNMSE=0.2027784 wMSE=15447.7305 wMRED=1.84962005 wER=0.447104 wMAE=50.0602 wBias=-6.0153 condBias=67.2677 dotDrift=-3.097sigma uMRED=0.1887763773 uER=0.544189 uMAE=111.7061 WCE=794 bias=10.2500
[pop04_hard:00599] loss=23.913610 tau=6.00 collapse_w=0.000 mid_frac=0.155 hard=score=1.1267209054 wNMSE=0.18661989 wMSE=14216.7700 wMRED=1.77745112 wER=0.447104 wMAE=48.6497 wBias=-0.5058 condBias=56.8752 dotDrift=-0.271sigma uMRED=0.1788435991 uER=0.544189 uMAE=109.8818 WCE=778 bias=18.2500
[pop04] done (conf=0.53, noise=0.5); global best score=0.5629904674 wNMSE=0.042308133 wMSE=3223.0486 wMRED=0.80731767 wER=0.207327 wMAE=17.1897 wBias=-1.9279 condBias=34.0002 dotDrift=-2.173sigma uMRED=0.0509231343 uER=0.252930 uMAE=23.6250 WCE=336 bias=0.0000
[pop05_soft:00000] loss=47.390423 tau=1.50 collapse_w=0.000 mid_frac=0.375 hard=score=3660.3865415146 wNMSE=27.000392 wMSE=2056899.4882 wMRED=53.30472534 wER=0.582578 wMAE=791.8062 wBias=253.4808 condBias=800.5249 dotDrift=+11.311sigma uMRED=1.4802069251 uER=0.578125 uMAE=463.7129 WCE=4091 bias=108.5625
[pop05_soft:00200] loss=188.269501 tau=2.25 collapse_w=0.000 mid_frac=0.333 hard=score=191.2588513054 wNMSE=16.165654 wMSE=1231505.2690 wMRED=44.78734771 wER=0.581738 wMAE=578.4368 wBias=-37.9403 condBias=600.9693 dotDrift=-2.188sigma uMRED=1.2223853881 uER=0.573730 uMAE=351.2754 WCE=2989 bias=-35.0625
[pop05_soft:00400] loss=181.921844 tau=3.00 collapse_w=0.000 mid_frac=0.399 hard=score=597.2951411486 wNMSE=2.6942425 wMSE=205248.3504 wMRED=13.73313657 wER=0.561771 wMAE=189.5540 wBias=-103.1161 condBias=256.3743 dotDrift=-14.567sigma uMRED=0.4669157132 uER=0.570801 uMAE=176.8979 WCE=1568 bias=-73.8750
[pop05_soft:00600] loss=183.426514 tau=3.75 collapse_w=0.000 mid_frac=0.327 hard=score=670.3942934816 wNMSE=3.2660101 wMSE=248805.8107 wMRED=14.08350104 wER=0.577582 wMAE=211.0045 wBias=-109.2356 condBias=290.8590 dotDrift=-14.016sigma uMRED=0.5402403196 uER=0.568604 uMAE=204.3340 WCE=3168 bias=-98.6250
[pop05_soft:00800] loss=175.031784 tau=4.50 collapse_w=0.084 mid_frac=0.315 hard=score=409.0273077945 wNMSE=2.9447164 wMSE=224329.5473 wMRED=15.57898860 wER=0.582223 wMAE=226.3753 wBias=-83.8119 condBias=271.3791 dotDrift=-11.325sigma uMRED=0.5107693352 uER=0.571533 uMAE=191.8965 WCE=3202 bias=-79.2500
[pop05_soft:01000] loss=172.533722 tau=5.25 collapse_w=0.293 mid_frac=0.315 hard=score=734.5439816466 wNMSE=2.8562574 wMSE=217590.7025 wMRED=14.36288454 wER=0.576742 wMAE=202.0401 wBias=-114.6747 condBias=270.8768 dotDrift=-15.734sigma uMRED=0.4857254725 uER=0.567139 uMAE=186.0010 WCE=1670 bias=-88.1250
[pop05_soft:01199] loss=171.275604 tau=6.00 collapse_w=0.500 mid_frac=0.310 hard=score=418.0717332268 wNMSE=2.9602212 wMSE=225510.7045 wMRED=15.71818687 wER=0.581326 wMAE=226.6588 wBias=-84.7698 condBias=272.7675 dotDrift=-11.425sigma uMRED=0.5100866298 uER=0.569336 uMAE=192.4551 WCE=1670 bias=-79.3750
[pop05_hard:00000] loss=660.851135 tau=6.00 collapse_w=0.000 mid_frac=0.310 hard=score=418.0717332268 wNMSE=2.9602212 wMSE=225510.7045 wMRED=15.71818687 wER=0.581326 wMAE=226.6588 wBias=-84.7698 condBias=272.7675 dotDrift=-11.425sigma uMRED=0.5100866298 uER=0.569336 uMAE=192.4551 WCE=1670 bias=-79.3750
[pop05_hard:00200] loss=478.975891 tau=6.00 collapse_w=0.000 mid_frac=0.292 hard=score=269.2724189829 wNMSE=3.0619342 wMSE=233259.2396 wMRED=16.47745302 wER=0.581326 wMAE=241.1898 wBias=-66.3090 condBias=263.7535 dotDrift=-8.787sigma uMRED=0.5567610735 uER=0.569336 uMAE=219.1138 WCE=1670 bias=-11.3750
[pop05_hard:00400] loss=416.206818 tau=6.00 collapse_w=0.000 mid_frac=0.274 hard=score=214.7036415217 wNMSE=3.0414517 wMSE=231698.8750 wMRED=16.47068150 wER=0.582223 wMAE=239.1594 wBias=-58.2748 condBias=254.6893 dotDrift=-7.748sigma uMRED=0.5491029522 uER=0.571533 uMAE=214.2031 WCE=1670 bias=2.6250
[pop05_hard:00599] loss=318.798431 tau=6.00 collapse_w=0.000 mid_frac=0.268 hard=score=85.9464081077 wNMSE=4.4778835 wMSE=341126.7585 wMRED=25.47540682 wER=0.582223 wMAE=234.5512 wBias=31.7444 condBias=293.4457 dotDrift=+3.478sigma uMRED=0.6850531928 uER=0.571533 uMAE=196.9731 WCE=3648 bias=-14.3750
[pop05] done (conf=0.51, noise=1.0); global best score=0.5629904674 wNMSE=0.042308133 wMSE=3223.0486 wMRED=0.80731767 wER=0.207327 wMAE=17.1897 wBias=-1.9279 condBias=34.0002 dotDrift=-2.173sigma uMRED=0.0509231343 uER=0.252930 uMAE=23.6250 WCE=336 bias=0.0000
[pop06_soft:00000] loss=73.393417 tau=1.50 collapse_w=0.000 mid_frac=0.351 hard=score=5334.1102385242 wNMSE=30.391903 wMSE=2315265.9807 wMRED=61.28505527 wER=0.554489 wMAE=733.7168 wBias=307.1980 condBias=748.8763 dotDrift=+12.921sigma uMRED=1.5561004874 uER=0.569336 uMAE=413.3447 WCE=4024 bias=128.9375
[pop06_soft:00200] loss=184.145279 tau=2.25 collapse_w=0.000 mid_frac=0.286 hard=score=3157.9637221787 wNMSE=11.756238 wMSE=895594.3632 wMRED=37.39600896 wER=0.529015 wMAE=478.6015 wBias=-238.4350 condBias=557.5937 dotDrift=-16.125sigma uMRED=1.0830242597 uER=0.570801 uMAE=335.8438 WCE=3337 bias=-163.2500
[pop06_soft:00400] loss=121.235794 tau=3.00 collapse_w=0.000 mid_frac=0.321 hard=score=128.3952961693 wNMSE=0.37246586 wMSE=28374.5815 wMRED=4.89748190 wER=0.485502 wMAE=78.5232 wBias=-48.3036 condBias=90.3626 dotDrift=-18.352sigma uMRED=0.2936224397 uER=0.558105 uMAE=148.9453 WCE=2811 bias=26.6875
[pop06_soft:00600] loss=67.503876 tau=3.75 collapse_w=0.000 mid_frac=0.292 hard=score=12.3108865708 wNMSE=0.1344106 wMSE=10239.4471 wMRED=1.73776004 wER=0.501826 wMAE=43.1772 wBias=-14.4279 condBias=56.2585 dotDrift=-9.125sigma uMRED=0.1696550676 uER=0.558350 uMAE=106.6875 WCE=808 bias=-11.0000
[pop06_soft:00800] loss=66.338974 tau=4.50 collapse_w=0.084 mid_frac=0.298 hard=score=9.1080800609 wNMSE=0.12630091 wMSE=9621.6484 wMRED=1.64644209 wER=0.484548 wMAE=40.1878 wBias=-12.2522 condBias=54.7192 dotDrift=-7.994sigma uMRED=0.1642013003 uER=0.557373 uMAE=104.9844 WCE=768 bias=-8.2500
[pop06_soft:01000] loss=66.274246 tau=5.25 collapse_w=0.293 mid_frac=0.286 hard=score=8.7884964906 wNMSE=0.12597025 wMSE=9596.4588 wMRED=1.64002470 wER=0.484548 wMAE=40.0201 wBias=-12.0103 condBias=54.6406 dotDrift=-7.847sigma uMRED=0.1639647253 uER=0.557373 uMAE=104.8906 WCE=768 bias=-8.0000
[pop06_soft:01199] loss=66.223885 tau=6.00 collapse_w=0.500 mid_frac=0.298 hard=score=11.4430983668 wNMSE=0.12857066 wMSE=9794.5585 wMRED=1.66581987 wER=0.484548 wMAE=40.3599 wBias=-13.8943 condBias=55.0258 dotDrift=-8.985sigma uMRED=0.1641624597 uER=0.557373 uMAE=104.4375 WCE=768 bias=-9.5000
[pop06_hard:00000] loss=28.915531 tau=6.00 collapse_w=0.000 mid_frac=0.298 hard=score=11.4430983668 wNMSE=0.12857066 wMSE=9794.5585 wMRED=1.66581987 wER=0.484548 wMAE=40.3599 wBias=-13.8943 condBias=55.0258 dotDrift=-8.985sigma uMRED=0.1641624597 uER=0.557373 uMAE=104.4375 WCE=768 bias=-9.5000
[pop06_hard:00200] loss=19.854923 tau=6.00 collapse_w=0.000 mid_frac=0.268 hard=score=4.1794637825 wNMSE=0.12885531 wMSE=9816.2430 wMRED=1.89387642 wER=0.475540 wMAE=40.5405 wBias=-7.5622 condBias=56.3046 dotDrift=-4.885sigma uMRED=0.1673667019 uER=0.555176 uMAE=103.9629 WCE=768 bias=-6.3750
[pop06_hard:00400] loss=24.848152 tau=6.00 collapse_w=0.000 mid_frac=0.244 hard=score=0.7632589563 wNMSE=0.10776298 wMSE=8209.4221 wMRED=1.81621723 wER=0.459373 wMAE=37.8363 wBias=0.3612 condBias=46.2616 dotDrift=+0.255sigma uMRED=0.1498027057 uER=0.550049 uMAE=95.4766 WCE=768 bias=30.1250
[pop06_hard:00599] loss=22.095383 tau=6.00 collapse_w=0.000 mid_frac=0.232 hard=score=1.0102717982 wNMSE=0.1366118 wMSE=10407.1359 wMRED=1.81917264 wER=0.459105 wMAE=39.0305 wBias=-0.2279 condBias=52.0707 dotDrift=-0.143sigma uMRED=0.1788797891 uER=0.549316 uMAE=111.8672 WCE=1376 bias=-9.8750
[pop06] done (conf=0.53, noise=0.5); global best score=0.5629904674 wNMSE=0.042308133 wMSE=3223.0486 wMRED=0.80731767 wER=0.207327 wMAE=17.1897 wBias=-1.9279 condBias=34.0002 dotDrift=-2.173sigma uMRED=0.0509231343 uER=0.252930 uMAE=23.6250 WCE=336 bias=0.0000
[pop07_soft:00000] loss=37.468338 tau=1.50 collapse_w=0.000 mid_frac=0.440 hard=score=4349.9809822666 wNMSE=9.6583502 wMSE=735776.5548 wMRED=30.92308935 wER=0.580131 wMAE=470.0427 wBias=280.9365 condBias=522.6179 dotDrift=+20.961sigma uMRED=0.9706701690 uER=0.573730 uMAE=353.0918 WCE=2798 bias=128.8750
[pop07_soft:00200] loss=115.678780 tau=2.25 collapse_w=0.000 mid_frac=0.369 hard=score=1143.7435955678 wNMSE=8.1556508 wMSE=621300.3858 wMRED=30.44185633 wER=0.582578 wMAE=403.3247 wBias=-140.6360 condBias=467.8455 dotDrift=-11.419sigma uMRED=0.9222199456 uER=0.578125 uMAE=311.6816 WCE=2898 bias=-47.6250
[pop07_soft:00400] loss=133.021103 tau=3.00 collapse_w=0.000 mid_frac=0.327 hard=score=159.2569806270 wNMSE=1.3002007 wMSE=99049.7522 wMRED=8.47204947 wER=0.559349 wMAE=163.6129 wBias=52.6941 condBias=163.3204 dotDrift=+10.716sigma uMRED=0.4060884688 uER=0.573730 uMAE=188.2363 WCE=1664 bias=52.2500
[pop07_soft:00600] loss=94.480186 tau=3.75 collapse_w=0.000 mid_frac=0.304 hard=score=72.1345061589 wNMSE=0.49766108 wMSE=37911.9984 wMRED=4.23304275 wER=0.536926 wMAE=95.4462 wBias=35.4135 condBias=98.8352 dotDrift=+11.640sigma uMRED=0.2329546986 uER=0.571533 uMAE=119.4004 WCE=1216 bias=23.6875
[pop07_soft:00800] loss=88.140816 tau=4.50 collapse_w=0.084 mid_frac=0.292 hard=score=13.4410684153 wNMSE=0.18435269 wMSE=14044.0533 wMRED=2.08476654 wER=0.504911 wMAE=51.9321 wBias=-14.8390 condBias=68.6978 dotDrift=-8.014sigma uMRED=0.1937194726 uER=0.569092 uMAE=109.6787 WCE=1216 bias=-2.6250
[pop07_soft:01000] loss=87.849350 tau=5.25 collapse_w=0.293 mid_frac=0.304 hard=score=4.6950853184 wNMSE=0.17381012 wMSE=13240.9165 wMRED=1.92706372 wER=0.500975 wMAE=49.1649 wBias=-7.7522 condBias=66.8707 dotDrift=-4.312sigma uMRED=0.1904639483 uER=0.564697 uMAE=109.8154 WCE=1216 bias=5.8750
[pop07_soft:01199] loss=66.506989 tau=6.00 collapse_w=0.500 mid_frac=0.280 hard=score=4.9262879905 wNMSE=0.17507617 wMSE=13337.3653 wMRED=1.79727072 wER=0.494915 wMAE=46.8925 wBias=-8.0233 condBias=66.8680 dotDrift=-4.446sigma uMRED=0.1875284259 uER=0.562500 uMAE=109.1582 WCE=1216 bias=5.8750
[pop07_hard:00000] loss=23.329144 tau=6.00 collapse_w=0.000 mid_frac=0.280 hard=score=4.9262879905 wNMSE=0.17507617 wMSE=13337.3653 wMRED=1.79727072 wER=0.494915 wMAE=46.8925 wBias=-8.0233 condBias=66.8680 dotDrift=-4.446sigma uMRED=0.1875284259 uER=0.562500 uMAE=109.1582 WCE=1216 bias=5.8750
[pop07_hard:00200] loss=25.258812 tau=6.00 collapse_w=0.000 mid_frac=0.274 hard=score=5.6033531180 wNMSE=0.17158472 wMSE=13071.3850 wMRED=1.79349196 wER=0.494915 wMAE=46.9111 wBias=-8.8700 condBias=64.2124 dotDrift=-4.965sigma uMRED=0.1784465968 uER=0.562500 uMAE=110.5488 WCE=1024 bias=-10.1250
[pop07_hard:00400] loss=24.035912 tau=6.00 collapse_w=0.000 mid_frac=0.256 hard=score=4.6308626724 wNMSE=0.17203519 wMSE=13105.7021 wMRED=1.79432281 wER=0.494915 wMAE=46.8366 wBias=-7.7608 condBias=64.8372 dotDrift=-4.339sigma uMRED=0.1795622646 uER=0.562500 uMAE=108.7207 WCE=1072 bias=9.8750
[pop07_hard:00599] loss=26.619534 tau=6.00 collapse_w=0.000 mid_frac=0.214 hard=score=2.7206177558 wNMSE=0.18995028 wMSE=14470.4797 wMRED=1.57742846 wER=0.482413 wMAE=42.7869 wBias=4.7999 condBias=66.9743 dotDrift=+2.554sigma uMRED=0.2162761328 uER=0.559570 uMAE=136.0811 WCE=1656 bias=-2.5000
[pop07] done (conf=0.51, noise=1.0); global best score=0.5629904674 wNMSE=0.042308133 wMSE=3223.0486 wMRED=0.80731767 wER=0.207327 wMAE=17.1897 wBias=-1.9279 condBias=34.0002 dotDrift=-2.173sigma uMRED=0.0509231343 uER=0.252930 uMAE=23.6250 WCE=336 bias=0.0000
[pop08_soft:00000] loss=17.733192 tau=1.50 collapse_w=0.000 mid_frac=0.339 hard=score=152.1991333397 wNMSE=1.7691176 wMSE=134772.0063 wMRED=14.68613455 wER=0.581601 wMAE=203.3839 wBias=-50.2315 condBias=225.9868 dotDrift=-8.757sigma uMRED=0.5459636279 uER=0.566406 uMAE=225.1475 WCE=2246 bias=-38.3750
[pop08_soft:00200] loss=71.847412 tau=2.25 collapse_w=0.000 mid_frac=0.339 hard=score=222.1833608234 wNMSE=0.70297662 wMSE=53553.0094 wMRED=7.75711770 wER=0.531346 wMAE=104.1161 wBias=-63.0375 condBias=144.3709 dotDrift=-17.434sigma uMRED=0.3243910487 uER=0.537842 uMAE=144.4785 WCE=2256 bias=-123.2500
[pop08_soft:00400] loss=77.304489 tau=3.00 collapse_w=0.000 mid_frac=0.238 hard=score=24.6903584751 wNMSE=0.24024302 wMSE=18301.7991 wMRED=2.49777906 wER=0.476338 wMAE=61.7468 wBias=-20.6564 condBias=67.4012 dotDrift=-9.772sigma uMRED=0.2362324465 uER=0.559570 uMAE=136.4951 WCE=1572 bias=-62.6250
[pop08_soft:00600] loss=66.733353 tau=3.75 collapse_w=0.000 mid_frac=0.190 hard=score=3.6953503357 wNMSE=0.18980152 wMSE=14459.1474 wMRED=1.70838818 wER=0.456282 wMAE=44.9475 wBias=-6.5566 condBias=64.9233 dotDrift=-3.490sigma uMRED=0.2126046498 uER=0.541992 uMAE=128.3994 WCE=1742 bias=-64.3750
[pop08_soft:00800] loss=66.526306 tau=4.50 collapse_w=0.084 mid_frac=0.196 hard=score=3.5311299703 wNMSE=0.18957517 wMSE=14441.9042 wMRED=1.70539141 wER=0.456250 wMAE=44.7893 wBias=-6.3247 condBias=64.8848 dotDrift=-3.368sigma uMRED=0.2124540630 uER=0.541260 uMAE=128.3330 WCE=1742 bias=-64.1250
[pop08_soft:01000] loss=66.431351 tau=5.25 collapse_w=0.293 mid_frac=0.208 hard=score=3.4731996308 wNMSE=0.18961982 wMSE=14445.3053 wMRED=1.70657342 wER=0.456250 wMAE=44.8091 wBias=-6.2371 condBias=64.9136 dotDrift=-3.321sigma uMRED=0.2124923047 uER=0.541260 uMAE=128.3350 WCE=1742 bias=-64.0000
[pop08_soft:01199] loss=66.354683 tau=6.00 collapse_w=0.500 mid_frac=0.214 hard=score=3.4731996308 wNMSE=0.18961982 wMSE=14445.3053 wMRED=1.70657342 wER=0.456250 wMAE=44.8091 wBias=-6.2371 condBias=64.9136 dotDrift=-3.321sigma uMRED=0.2124923047 uER=0.541260 uMAE=128.3350 WCE=1742 bias=-64.0000
[pop08_hard:00000] loss=62.843807 tau=6.00 collapse_w=0.000 mid_frac=0.214 hard=score=3.4731996308 wNMSE=0.18961982 wMSE=14445.3053 wMRED=1.70657342 wER=0.456250 wMAE=44.8091 wBias=-6.2371 condBias=64.9136 dotDrift=-3.321sigma uMRED=0.2124923047 uER=0.541260 uMAE=128.3350 WCE=1742 bias=-64.0000
[pop08_hard:00200] loss=10.867304 tau=6.00 collapse_w=0.000 mid_frac=0.202 hard=score=0.9783508056 wNMSE=0.12796477 wMSE=9748.4021 wMRED=1.67637766 wER=0.456250 wMAE=41.0799 wBias=-0.5808 condBias=53.2705 dotDrift=-0.376sigma uMRED=0.1610011802 uER=0.541260 uMAE=89.9131 WCE=886 bias=3.0000
[pop08_hard:00400] loss=10.497254 tau=6.00 collapse_w=0.000 mid_frac=0.155 hard=score=0.7941193676 wNMSE=0.11298696 wMSE=8607.3869 wMRED=1.60637150 wER=0.427986 wMAE=39.0074 wBias=1.0752 condBias=46.6437 dotDrift=+0.742sigma uMRED=0.1371909373 uER=0.527832 uMAE=77.2139 WCE=886 bias=-4.8750
[pop08_hard:00599] loss=9.390565 tau=6.00 collapse_w=0.000 mid_frac=0.143 hard=score=0.8596965513 wNMSE=0.11232863 wMSE=8557.2350 wMRED=1.57380636 wER=0.427986 wMAE=38.6026 wBias=1.6187 condBias=46.2580 dotDrift=+1.120sigma uMRED=0.1365496092 uER=0.527832 uMAE=77.0674 WCE=886 bias=-4.3750
[pop08] done (conf=0.53, noise=0.5); global best score=0.5629904674 wNMSE=0.042308133 wMSE=3223.0486 wMRED=0.80731767 wER=0.207327 wMAE=17.1897 wBias=-1.9279 condBias=34.0002 dotDrift=-2.173sigma uMRED=0.0509231343 uER=0.252930 uMAE=23.6250 WCE=336 bias=0.0000
[pop09_soft:00000] loss=86.313042 tau=1.50 collapse_w=0.000 mid_frac=0.440 hard=score=14442.8536093288 wNMSE=21.190754 wMSE=1614319.1717 wMRED=26.69369481 wER=0.582578 wMAE=579.2774 wBias=514.1967 condBias=899.1744 dotDrift=+25.901sigma uMRED=0.8843895792 uER=0.578125 uMAE=381.6963 WCE=4004 bias=191.1875
[pop09_soft:00200] loss=292.943024 tau=2.25 collapse_w=0.000 mid_frac=0.393 hard=score=1972.6532395011 wNMSE=10.349027 wMSE=788392.5764 wMRED=32.01854275 wER=0.582578 wMAE=433.6883 wBias=-186.2216 condBias=499.4331 dotDrift=-13.423sigma uMRED=1.0460320157 uER=0.578125 uMAE=383.1909 WCE=2967 bias=-194.5625
[pop09_soft:00400] loss=193.171921 tau=3.00 collapse_w=0.000 mid_frac=0.369 hard=score=59.2966582964 wNMSE=0.4638703 wMSE=35337.8044 wMRED=3.14144316 wER=0.564789 wMAE=90.1519 wBias=-32.0560 condBias=102.2405 dotDrift=-10.914sigma uMRED=0.3235739827 uER=0.575928 uMAE=198.3848 WCE=1524 bias=-130.8750
[pop09_soft:00600] loss=148.359970 tau=3.75 collapse_w=0.000 mid_frac=0.333 hard=score=94.0719110273 wNMSE=0.33494269 wMSE=25516.0535 wMRED=3.17262796 wER=0.532193 wMAE=75.5002 wBias=-41.2944 condBias=78.0886 dotDrift=-16.545sigma uMRED=0.2659286776 uER=0.570068 uMAE=163.5688 WCE=1268 bias=-59.6875
[pop09_soft:00800] loss=113.127769 tau=4.50 collapse_w=0.084 mid_frac=0.315 hard=score=149.8302975559 wNMSE=0.35892979 wMSE=27343.3992 wMRED=3.85642045 wER=0.535941 wMAE=83.5683 wBias=-52.3696 condBias=82.9750 dotDrift=-20.269sigma uMRED=0.2772126415 uER=0.571533 uMAE=165.0107 WCE=1268 bias=-63.0625
[pop09_soft:01000] loss=107.131920 tau=5.25 collapse_w=0.293 mid_frac=0.262 hard=score=211.3002685494 wNMSE=0.37245319 wMSE=28373.6163 wMRED=3.76626171 wER=0.502756 wMAE=81.3943 wBias=-62.3317 condBias=89.4544 dotDrift=-23.683sigma uMRED=0.2689731320 uER=0.567627 uMAE=157.4468 WCE=1332 bias=-78.1875
[pop09_soft:01199] loss=77.684456 tau=6.00 collapse_w=0.500 mid_frac=0.274 hard=score=245.6358854440 wNMSE=0.39128861 wMSE=29808.5054 wMRED=3.82182057 wER=0.502756 wMAE=81.7902 wBias=-67.1900 condBias=96.5301 dotDrift=-24.907sigma uMRED=0.2758705735 uER=0.567627 uMAE=155.9048 WCE=1268 bias=-86.1875
[pop09_hard:00000] loss=337.299286 tau=6.00 collapse_w=0.000 mid_frac=0.274 hard=score=245.6358854440 wNMSE=0.39128861 wMSE=29808.5054 wMRED=3.82182057 wER=0.502756 wMAE=81.7902 wBias=-67.1900 condBias=96.5301 dotDrift=-24.907sigma uMRED=0.2758705735 uER=0.567627 uMAE=155.9048 WCE=1268 bias=-86.1875
[pop09_hard:00200] loss=276.856689 tau=6.00 collapse_w=0.000 mid_frac=0.250 hard=score=202.9337315752 wNMSE=0.34490156 wMSE=26274.7236 wMRED=3.76123990 wER=0.502853 wMAE=79.5044 wBias=-61.0890 condBias=87.7009 dotDrift=-24.120sigma uMRED=0.2578840337 uER=0.568359 uMAE=147.4463 WCE=1058 bias=-64.1875
[pop09_hard:00400] loss=205.644821 tau=6.00 collapse_w=0.000 mid_frac=0.232 hard=score=147.6416124973 wNMSE=0.34718011 wMSE=26448.3045 wMRED=3.73237229 wER=0.502853 wMAE=78.6665 wBias=-51.9819 condBias=85.7603 dotDrift=-20.457sigma uMRED=0.2641784528 uER=0.568359 uMAE=148.7334 WCE=1704 bias=32.0625
[pop09_hard:00599] loss=40.169918 tau=6.00 collapse_w=0.000 mid_frac=0.226 hard=score=15.8799127524 wNMSE=0.28170144 wMSE=21460.1164 wMRED=2.96638037 wER=0.504911 wMAE=71.4723 wBias=-15.9182 condBias=74.4991 dotDrift=-6.954sigma uMRED=0.2421612717 uER=0.569092 uMAE=143.0913 WCE=1054 bias=2.3125
[pop09] done (conf=0.51, noise=1.0); global best score=0.5629904674 wNMSE=0.042308133 wMSE=3223.0486 wMRED=0.80731767 wER=0.207327 wMAE=17.1897 wBias=-1.9279 condBias=34.0002 dotDrift=-2.173sigma uMRED=0.0509231343 uER=0.252930 uMAE=23.6250 WCE=336 bias=0.0000
[pop10_soft:00000] loss=27.373705 tau=1.50 collapse_w=0.000 mid_frac=0.274 hard=score=430.8719343856 wNMSE=0.69689728 wMSE=53089.8826 wMRED=6.62435664 wER=0.557347 wMAE=111.2005 wBias=88.8132 condBias=144.9894 dotDrift=+24.669sigma uMRED=0.3118861034 uER=0.551758 uMAE=145.4370 WCE=2906 bias=17.3750
[pop10_soft:00200] loss=66.092644 tau=2.25 collapse_w=0.000 mid_frac=0.274 hard=score=216.6861061262 wNMSE=0.57807854 wMSE=44038.2287 wMRED=6.53696495 wER=0.510365 wMAE=94.9054 wBias=-62.5114 condBias=134.5288 dotDrift=-19.064sigma uMRED=0.3204183277 uER=0.555420 uMAE=154.3789 WCE=1296 bias=-71.2500
[pop10_soft:00400] loss=92.913284 tau=3.00 collapse_w=0.000 mid_frac=0.220 hard=score=212.5396342134 wNMSE=1.1689968 wMSE=89054.5938 wMRED=9.46510477 wER=0.546546 wMAE=133.3619 wBias=-61.3326 condBias=145.2163 dotDrift=-13.154sigma uMRED=0.3700445454 uER=0.571533 uMAE=154.8379 WCE=1222 bias=6.9375
[pop10_soft:00600] loss=88.899918 tau=3.75 collapse_w=0.000 mid_frac=0.173 hard=score=3.8745470375 wNMSE=0.39778025 wMSE=30303.0410 wMRED=2.92294647 wER=0.482012 wMAE=72.2665 wBias=4.2541 condBias=95.2278 dotDrift=+1.564sigma uMRED=0.3027798172 uER=0.550537 uMAE=170.2266 WCE=1536 bias=36.7500
[pop10_soft:00800] loss=87.897102 tau=4.50 collapse_w=0.084 mid_frac=0.202 hard=score=17.0273262614 wNMSE=0.2740454 wMSE=20876.8765 wMRED=2.62446161 wER=0.474783 wMAE=59.3609 wBias=16.6975 condBias=77.7779 dotDrift=+7.396sigma uMRED=0.2295749363 uER=0.555176 uMAE=126.0781 WCE=1192 bias=29.8750
[pop10_soft:01000] loss=87.697914 tau=5.25 collapse_w=0.293 mid_frac=0.220 hard=score=15.7770969935 wNMSE=0.27287615 wMSE=20787.8022 wMRED=2.61148217 wER=0.474783 wMAE=59.0108 wBias=15.9956 condBias=77.1781 dotDrift=+7.100sigma uMRED=0.2289018864 uER=0.555176 uMAE=125.7090 WCE=1192 bias=28.8750
[pop10_soft:01199] loss=87.587791 tau=6.00 collapse_w=0.500 mid_frac=0.214 hard=score=27.4599570274 wNMSE=0.27174559 wMSE=20701.6755 wMRED=2.49403210 wER=0.462842 wMAE=55.4576 wBias=21.7565 condBias=76.7401 dotDrift=+9.678sigma uMRED=0.2217302634 uER=0.549805 uMAE=121.8711 WCE=1192 bias=35.8750
[pop10_hard:00000] loss=72.184036 tau=6.00 collapse_w=0.000 mid_frac=0.208 hard=score=26.9204383363 wNMSE=0.27113849 wMSE=20655.4270 wMRED=2.48593842 wER=0.462197 wMAE=55.2871 wBias=21.5278 condBias=76.5562 dotDrift=+9.587sigma uMRED=0.2215551098 uER=0.545410 uMAE=121.8594 WCE=1192 bias=35.6250
[pop10_hard:00200] loss=10.584875 tau=6.00 collapse_w=0.000 mid_frac=0.190 hard=score=1.4715140514 wNMSE=0.1655647 wMSE=12612.7780 wMRED=2.06991269 wER=0.474203 wMAE=49.0574 wBias=2.5546 condBias=53.3978 dotDrift=+1.456sigma uMRED=0.1500811847 uER=0.550781 uMAE=77.7793 WCE=768 bias=3.1250
[pop10_hard:00400] loss=12.946739 tau=6.00 collapse_w=0.000 mid_frac=0.190 hard=score=2.0708742370 wNMSE=0.16317476 wMSE=12430.7114 wMRED=2.08379591 wER=0.480891 wMAE=48.2637 wBias=4.2662 condBias=52.8512 dotDrift=+2.449sigma uMRED=0.1472006234 uER=0.554443 uMAE=75.6797 WCE=768 bias=6.1250
[pop10_hard:00599] loss=59.906700 tau=6.00 collapse_w=0.000 mid_frac=0.167 hard=score=5.8649394947 wNMSE=0.2477051 wMSE=18870.2630 wMRED=2.00549769 wER=0.472776 wMAE=49.9901 wBias=8.8156 condBias=66.1293 dotDrift=+4.107sigma uMRED=0.2082488611 uER=0.551514 uMAE=122.9297 WCE=1870 bias=-21.8750
[pop10] done (conf=0.53, noise=0.5); global best score=0.5629904674 wNMSE=0.042308133 wMSE=3223.0486 wMRED=0.80731767 wER=0.207327 wMAE=17.1897 wBias=-1.9279 condBias=34.0002 dotDrift=-2.173sigma uMRED=0.0509231343 uER=0.252930 uMAE=23.6250 WCE=336 bias=0.0000
[pop11_soft:00000] loss=44.730698 tau=1.50 collapse_w=0.000 mid_frac=0.381 hard=score=4882.0684427328 wNMSE=10.414703 wMSE=793395.7659 wMRED=30.56603484 wER=0.581963 wMAE=442.5228 wBias=298.1509 condBias=514.2444 dotDrift=+21.423sigma uMRED=0.9246009641 uER=0.573730 uMAE=340.7754 WCE=2942 bias=190.6875
[pop11_soft:00200] loss=122.603905 tau=2.25 collapse_w=0.000 mid_frac=0.381 hard=score=2928.6292419056 wNMSE=8.7525511 wMSE=666772.4571 wMRED=27.88049118 wER=0.562513 wMAE=333.2144 wBias=-229.7970 condBias=464.2459 dotDrift=-18.011sigma uMRED=0.7923015642 uER=0.571533 uMAE=267.9458 WCE=2876 bias=-73.6875
[pop11_soft:00400] loss=111.582344 tau=3.00 collapse_w=0.000 mid_frac=0.381 hard=score=368.4959857874 wNMSE=1.6908403 wMSE=128808.8155 wMRED=8.04003925 wER=0.537101 wMAE=134.7281 wBias=-81.6472 condBias=166.2039 dotDrift=-14.560sigma uMRED=0.3905119430 uER=0.564209 uMAE=179.7539 WCE=2896 bias=-25.0625
[pop11_soft:00600] loss=90.531517 tau=3.75 collapse_w=0.000 mid_frac=0.357 hard=score=14.4232096593 wNMSE=0.19176385 wMSE=14608.6383 wMRED=2.50167546 wER=0.508276 wMAE=56.4200 wBias=-15.4776 condBias=57.6237 dotDrift=-8.196sigma uMRED=0.1780302912 uER=0.539307 uMAE=99.7559 WCE=968 bias=13.3750
[pop11_soft:00800] loss=89.198105 tau=4.50 collapse_w=0.084 mid_frac=0.327 hard=score=10.1698098892 wNMSE=0.18606079 wMSE=14174.1770 wMRED=2.39824406 wER=0.506693 wMAE=55.2201 wBias=-12.6938 condBias=54.2399 dotDrift=-6.824sigma uMRED=0.1730644139 uER=0.536377 uMAE=99.6143 WCE=976 bias=16.3750
[pop11_soft:01000] loss=88.299332 tau=5.25 collapse_w=0.293 mid_frac=0.327 hard=score=20.9822889450 wNMSE=0.14215388 wMSE=10829.3333 wMRED=2.00670227 wER=0.515867 wMAE=50.8503 wBias=-19.1868 condBias=50.2389 dotDrift=-11.800sigma uMRED=0.1589418376 uER=0.539307 uMAE=92.0850 WCE=980 bias=-12.3750
[pop11_soft:01199] loss=88.088707 tau=6.00 collapse_w=0.500 mid_frac=0.315 hard=score=22.2943452014 wNMSE=0.14387051 wMSE=10960.1068 wMRED=2.00840949 wER=0.513165 wMAE=50.8043 wBias=-19.8007 condBias=51.6993 dotDrift=-12.105sigma uMRED=0.1593140879 uER=0.544434 uMAE=92.0332 WCE=986 bias=-12.6250
[pop11_hard:00000] loss=81.096809 tau=6.00 collapse_w=0.000 mid_frac=0.315 hard=score=22.2943452014 wNMSE=0.14387051 wMSE=10960.1068 wMRED=2.00840949 wER=0.513165 wMAE=50.8043 wBias=-19.8007 condBias=51.6993 dotDrift=-12.105sigma uMRED=0.1593140879 uER=0.544434 uMAE=92.0332 WCE=986 bias=-12.6250
[pop11_hard:00200] loss=79.261261 tau=6.00 collapse_w=0.000 mid_frac=0.310 hard=score=21.1888978982 wNMSE=0.14218434 wMSE=10831.6538 wMRED=2.00569276 wER=0.516746 wMAE=50.7952 wBias=-19.2864 condBias=50.3613 dotDrift=-11.860sigma uMRED=0.1588924213 uER=0.553223 uMAE=92.0527 WCE=986 bias=-11.6250
[pop11_hard:00400] loss=65.282784 tau=6.00 collapse_w=0.000 mid_frac=0.304 hard=score=10.4088879202 wNMSE=0.13284453 wMSE=10120.1436 wMRED=1.87936252 wER=0.525964 wMAE=49.0462 wBias=-13.2189 condBias=47.1844 dotDrift=-8.410sigma uMRED=0.1577226015 uER=0.549561 uMAE=91.0254 WCE=986 bias=9.3750
[pop11_hard:00599] loss=57.288834 tau=6.00 collapse_w=0.000 mid_frac=0.286 hard=score=23.4797237473 wNMSE=0.17456038 wMSE=13298.0723 wMRED=2.88888063 wER=0.550107 wMAE=63.0479 wBias=20.2838 condBias=51.3297 dotDrift=+11.257sigma uMRED=0.1589183041 uER=0.553955 uMAE=92.8154 WCE=986 bias=9.3750
[pop11] done (conf=0.51, noise=1.0); global best score=0.5629904674 wNMSE=0.042308133 wMSE=3223.0486 wMRED=0.80731767 wER=0.207327 wMAE=17.1897 wBias=-1.9279 condBias=34.0002 dotDrift=-2.173sigma uMRED=0.0509231343 uER=0.252930 uMAE=23.6250 WCE=336 bias=0.0000
[best] stage=guard_baseline score=0.5629904674 wNMSE=0.042308133 wMSE=3223.0486 wMRED=0.80731767 wER=0.207327 wMAE=17.1897 wBias=-1.9279 condBias=34.0002 dotDrift=-2.173sigma uMRED=0.0509231343 uER=0.252930 uMAE=23.6250 WCE=336 bias=0.0000
[best-json] /home/xuanqi/tony/work/FPGA/signed8x8_approx/signed8x8_2026_8_22/runs_qwen_legacy_refactor_20260916/default/rand612/best_signed88_inits.json
[best-rtl] /home/xuanqi/tony/work/FPGA/signed8x8_approx/signed8x8_2026_8_22/runs_qwen_legacy_refactor_20260916/default/rand612/best_rtl
[design] default_split search_bits=168
[safety] max_zero_violations=0 max_workload_zero_violation_probability=0
[metric-guard] relative_to_base=0.02 limits={'max_zero_violations': 0, 'max_workload_zero_violation_probability': 0.0, 'max_wce': 336, 'max_er': 0.25798828125, 'max_mred': 0.05194159699258835, 'max_ned': 0.001470794677734375, 'max_rmse': 70.11340813282436, 'max_nmse': 0.0001615764673455242, 'max_abs_bias': 1.074041178505275, 'max_workload_wce': 336, 'max_workload_er': 0.2114733974431658, 'max_workload_mred': 0.8234640261831421, 'max_workload_ned': 0.0010701567513685636, 'max_workload_rmse': 57.90733801654324, 'max_workload_nmse': 0.043154295571426936, 'max_abs_workload_bias': 1.966495293433808, 'max_conditional_bias_rms': 34.680202271755206}
[start] score=0.5629904674 wNMSE=0.042308133 wMSE=3223.0486 wMRED=0.80731767 wER=0.207327 wMAE=17.1897 wBias=-1.9279 condBias=34.0002 dotDrift=-2.173sigma uMRED=0.0509231343 uER=0.252930 uMAE=23.6250 WCE=336 bias=0.0000
[single] ACCEPT ['mid_lut23:47'] 0.5629904674->0.4254589646 wNMSE=0.040544269 wBias=-1.28400
[single] round=2 no improvement
[pair] ACCEPT ['hi_lut23:47', 'hi_lut23:51'] 0.4254589646->0.2093670247 wNMSE=0.014086166 wBias=-1.16826
[pair] ACCEPT ['lo_lut23:47', 'lo_lut23:51'] 0.2093670247->0.2007686392 wNMSE=0.013661598 wBias=-1.16140
[pair] round=3 no improvement
[final] score=0.2007686392 wNMSE=0.013661598 wMSE=1040.7454 wMRED=0.65008969 wER=0.207327 wMAE=10.9337 wBias=-1.1614 condBias=19.8643 dotDrift=-2.304sigma uMRED=0.0321789185 uER=0.252930 uMAE=14.1250 WCE=200 bias=1.0000
[json] /home/xuanqi/tony/work/FPGA/signed8x8_approx/signed8x8_2026_8_22/runs_qwen_legacy_refactor_20260916/default/rand612/refined/best_signed88_inits.json
