[design] balanced_split quad4 entries=112
[device] cuda
[initial] score=240.9114967265 wNMSE=2.443528 wMSE=127819.7050 wMRED=12.99970080 wER=0.437075 wMAE=177.4530 wBias=55.0193 condBias=183.6845 dotDrift=+9.849sigma uMRED=0.3131401727 uER=0.437500 uMAE=104.2031 WCE=956 bias=53.8750
[quad_warmup_bit:00000] loss=2.545552 tau=1.50 collapse_w=0.000 mid_frac=0.500 hard=score=240.9114967265 wNMSE=2.443528 wMSE=127819.7050 wMRED=12.99970080 wER=0.437075 wMAE=177.4530 wBias=55.0193 condBias=183.6845 dotDrift=+9.849sigma uMRED=0.3131401727 uER=0.437500 uMAE=104.2031 WCE=956 bias=53.8750
[quad_warmup_bit:00025] loss=1.989644 tau=1.50 collapse_w=0.000 mid_frac=0.500 hard=score=204.7657103073 wNMSE=2.3894594 wMSE=124991.4056 wMRED=12.84697670 wER=0.437075 wMAE=174.5256 wBias=50.6635 condBias=181.4531 dotDrift=+9.171sigma uMRED=0.3041451204 uER=0.437500 uMAE=99.6719 WCE=956 bias=47.1250 *BEST*
[quad_warmup_bit:00050] loss=1.510768 tau=1.50 collapse_w=0.000 mid_frac=0.509 hard=score=202.3705704524 wNMSE=2.3865628 wMSE=124839.8815 wMRED=12.82818722 wER=0.437075 wMAE=174.2274 wBias=50.3616 condBias=181.1217 dotDrift=+9.122sigma uMRED=0.3036420393 uER=0.437500 uMAE=99.4531 WCE=956 bias=46.8750 *BEST*
[quad_warmup_bit:00075] loss=1.110946 tau=1.50 collapse_w=0.000 mid_frac=0.491 hard=score=197.3709106961 wNMSE=2.3743258 wMSE=124199.7701 wMRED=12.81775033 wER=0.437075 wMAE=173.9477 wBias=49.7263 condBias=180.6431 dotDrift=+9.030sigma uMRED=0.3032583260 uER=0.437500 uMAE=99.3770 WCE=956 bias=45.8750 *BEST*
[quad_warmup_bit:00100] loss=0.791941 tau=1.50 collapse_w=0.000 mid_frac=0.455 hard=score=130.4682263206 wNMSE=2.5403349 wMSE=132883.6221 wMRED=13.32426382 wER=0.437075 wMAE=178.4669 wBias=40.1885 condBias=187.2777 dotDrift=+7.056sigma uMRED=0.3078042611 uER=0.437500 uMAE=97.4316 WCE=956 bias=38.6250 *BEST*
[quad_warmup_bit:00125] loss=0.573274 tau=1.50 collapse_w=0.000 mid_frac=0.420 hard=score=65.7496133211 wNMSE=2.646866 wMSE=138456.2135 wMRED=14.13255701 wER=0.437075 wMAE=188.4857 wBias=28.0076 condBias=199.3310 dotDrift=+4.817sigma uMRED=0.3236320676 uER=0.437500 uMAE=100.6055 WCE=956 bias=34.6875 *BEST*
[quad_warmup_bit:00200] loss=0.314449 tau=1.50 collapse_w=0.000 mid_frac=0.384 hard=score=125.1767782195 wNMSE=1.218891 wMSE=63759.5680 wMRED=9.43301951 wER=0.436926 wMAE=121.2698 wBias=-39.6457 condBias=139.5670 dotDrift=-10.049sigma uMRED=0.2196579033 uER=0.434570 uMAE=68.5781 WCE=848 bias=-6.1875
[quad_warmup_bit:00400] loss=0.249640 tau=1.50 collapse_w=0.000 mid_frac=0.366 hard=score=226.5435565745 wNMSE=1.1614276 wMSE=60753.6861 wMRED=8.76801778 wER=0.386016 wMAE=111.5897 wBias=-53.5525 condBias=134.0148 dotDrift=-13.905sigma uMRED=0.2083535612 uER=0.411133 uMAE=66.4141 WCE=844 bias=-17.8750
[quad_warmup_bit:00600] loss=0.234496 tau=1.50 collapse_w=0.000 mid_frac=0.375 hard=score=223.3066816928 wNMSE=1.1636926 wMSE=60872.1654 wMRED=8.80251454 wER=0.367601 wMAE=111.5374 wBias=-53.1646 condBias=134.0329 dotDrift=-13.791sigma uMRED=0.2087596752 uER=0.399414 uMAE=66.4531 WCE=848 bias=-17.5000
[quad_warmup_bit:00800] loss=0.221383 tau=1.50 collapse_w=0.000 mid_frac=0.384 hard=score=218.7320502984 wNMSE=1.1594253 wMSE=60648.9439 wMRED=8.80162901 wER=0.367110 wMAE=111.4689 wBias=-52.6133 condBias=133.8089 dotDrift=-13.673sigma uMRED=0.2086508631 uER=0.387695 uMAE=66.2891 WCE=848 bias=-17.3750
[quad_warmup_bit:01000] loss=0.209937 tau=1.50 collapse_w=0.000 mid_frac=0.357 hard=score=205.0878357989 wNMSE=1.1422651 wMSE=59751.3065 wMRED=8.68594971 wER=0.361429 wMAE=109.8005 wBias=-50.9351 condBias=131.3467 dotDrift=-13.336sigma uMRED=0.2061731758 uER=0.381836 uMAE=65.6953 WCE=832 bias=-16.6250
[quad_warmup_bit:01200] loss=0.199570 tau=1.50 collapse_w=0.000 mid_frac=0.366 hard=score=124.2788423150 wNMSE=1.0478702 wMSE=54813.5575 wMRED=8.02017470 wER=0.361429 wMAE=102.9925 wBias=-39.5615 condBias=113.0283 dotDrift=-10.815sigma uMRED=0.1996962217 uER=0.381836 uMAE=68.6641 WCE=736 bias=-29.6250
[quad_warmup_bit:01400] loss=0.189891 tau=1.50 collapse_w=0.000 mid_frac=0.357 hard=score=368.8393751293 wNMSE=0.88135294 wMSE=46103.1231 wMRED=5.90918625 wER=0.292006 wMAE=74.7064 wBias=-68.4762 condBias=142.0912 dotDrift=-20.411sigma uMRED=0.1533582780 uER=0.351562 uMAE=53.6641 WCE=704 bias=-48.1250
[quad_warmup_bit:01600] loss=0.180745 tau=1.50 collapse_w=0.000 mid_frac=0.357 hard=score=310.3388792745 wNMSE=0.72694409 wMSE=38026.0746 wMRED=5.37798171 wER=0.284387 wMAE=68.0822 wBias=-62.8140 condBias=130.0404 dotDrift=-20.616sigma uMRED=0.1402081734 uER=0.318359 uMAE=49.1406 WCE=640 bias=-46.1250
[quad_warmup_bit:01800] loss=0.171450 tau=1.50 collapse_w=0.000 mid_frac=0.339 hard=score=304.5029926820 wNMSE=0.71897915 wMSE=37609.4329 wMRED=5.36415843 wER=0.284387 wMAE=67.5198 wBias=-62.2196 condBias=128.8545 dotDrift=-20.533sigma uMRED=0.1390907825 uER=0.318359 uMAE=48.6406 WCE=640 bias=-45.1250
[quad_warmup_bit:02000] loss=0.161638 tau=1.50 collapse_w=0.000 mid_frac=0.312 hard=score=275.3900291871 wNMSE=0.70656661 wMSE=36960.1390 wMRED=5.35842782 wER=0.284387 wMAE=69.0404 wBias=-59.1588 condBias=127.7244 dotDrift=-19.694sigma uMRED=0.1396821945 uER=0.318359 uMAE=49.1406 WCE=640 bias=-44.1250
[quad_warmup_bit:02200] loss=0.152934 tau=1.50 collapse_w=0.000 mid_frac=0.304 hard=score=275.3900291871 wNMSE=0.70656661 wMSE=36960.1390 wMRED=5.35842782 wER=0.284387 wMAE=69.0404 wBias=-59.1588 condBias=127.7244 dotDrift=-19.694sigma uMRED=0.1396821945 uER=0.318359 uMAE=49.1406 WCE=640 bias=-44.1250
[quad_warmup_bit:02400] loss=0.145250 tau=1.50 collapse_w=0.000 mid_frac=0.268 hard=score=158.5813344609 wNMSE=0.43188075 wMSE=22591.4617 wMRED=4.22410446 wER=0.264386 wMAE=54.8429 wBias=-44.8845 condBias=99.5235 dotDrift=-19.112sigma uMRED=0.1117592213 uER=0.304688 uMAE=40.2188 WCE=512 bias=-34.1250
[quad_warmup_bit:02600] loss=0.137634 tau=1.50 collapse_w=0.000 mid_frac=0.259 hard=score=156.7558524601 wNMSE=0.43088476 wMSE=22539.3620 wMRED=4.21934217 wER=0.261558 wMAE=54.3656 wBias=-44.6247 condBias=98.7032 dotDrift=-19.023sigma uMRED=0.1065915565 uER=0.279297 uMAE=36.1562 WCE=512 bias=-30.3750
[quad_warmup_bit:02800] loss=0.129499 tau=1.50 collapse_w=0.000 mid_frac=0.250 hard=score=149.3067424792 wNMSE=0.42871434 wMSE=22425.8286 wMRED=4.19789010 wER=0.252023 wMAE=53.2882 wBias=-43.5473 condBias=96.5673 dotDrift=-18.611sigma uMRED=0.1030375318 uER=0.268555 uMAE=34.1562 WCE=512 bias=-28.3750
[quad_warmup_bit:03000] loss=0.120398 tau=1.50 collapse_w=0.000 mid_frac=0.232 hard=score=194.0274839512 wNMSE=0.44957825 wMSE=23517.2092 wMRED=4.20935130 wER=0.207553 wMAE=50.2471 wBias=-49.6689 condBias=98.9527 dotDrift=-20.729sigma uMRED=0.1018547078 uER=0.256836 uMAE=33.1562 WCE=512 bias=-30.3750
[quad_warmup_bit:03150] loss=0.112929 tau=1.50 collapse_w=0.000 mid_frac=0.188 hard=score=0.0585916145 wNMSE=0.0072153825 wMSE=377.4330 wMRED=0.15473338 wER=0.157567 wMAE=5.0522 wBias=-0.5929 condBias=10.4231 dotDrift=-1.953sigma uMRED=0.0261268023 uER=0.245117 uMAE=19.2344 WCE=320 bias=-14.3750 *BEST*
[quad_warmup_bit:03175] loss=0.111643 tau=1.50 collapse_w=0.000 mid_frac=0.188 hard=score=0.0423937334 wNMSE=0.0065923992 wMSE=344.8450 wMRED=0.15283185 wER=0.156648 wMAE=4.8558 wBias=-0.3965 condBias=9.9942 dotDrift=-1.366sigma uMRED=0.0215639561 uER=0.225586 uMAE=15.2344 WCE=320 bias=-10.3750 *BEST*
[quad_warmup_bit:03200] loss=0.110351 tau=1.50 collapse_w=0.000 mid_frac=0.179 hard=score=0.0423937334 wNMSE=0.0065923992 wMSE=344.8450 wMRED=0.15283185 wER=0.156648 wMAE=4.8558 wBias=-0.3965 condBias=9.9942 dotDrift=-1.366sigma uMRED=0.0215639561 uER=0.225586 uMAE=15.2344 WCE=320 bias=-10.3750
[quad_warmup_bit:03375] loss=0.101398 tau=1.50 collapse_w=0.000 mid_frac=0.134 hard=score=0.0328511285 wNMSE=0.0055450545 wMSE=290.0590 wMRED=0.13627855 wER=0.156648 wMAE=4.2205 wBias=0.2388 condBias=9.1009 dotDrift=+0.897sigma uMRED=0.0198211500 uER=0.225586 uMAE=14.2344 WCE=320 bias=-9.3750 *BEST*
[quad_warmup_bit:03400] loss=0.100178 tau=1.50 collapse_w=0.000 mid_frac=0.134 hard=score=0.0328511285 wNMSE=0.0055450545 wMSE=290.0590 wMRED=0.13627855 wER=0.156648 wMAE=4.2205 wBias=0.2388 condBias=9.1009 dotDrift=+0.897sigma uMRED=0.0198211500 uER=0.225586 uMAE=14.2344 WCE=320 bias=-9.3750
[quad_warmup_bit:03600] loss=0.091294 tau=1.50 collapse_w=0.000 mid_frac=0.134 hard=score=0.0328511285 wNMSE=0.0055450545 wMSE=290.0590 wMRED=0.13627855 wER=0.156648 wMAE=4.2205 wBias=0.2388 condBias=9.1009 dotDrift=+0.897sigma uMRED=0.0198211500 uER=0.225586 uMAE=14.2344 WCE=320 bias=-9.3750
[quad_warmup_bit:03800] loss=0.083916 tau=1.50 collapse_w=0.000 mid_frac=0.116 hard=score=0.0831885141 wNMSE=0.0050356541 wMSE=263.4125 wMRED=0.11201843 wER=0.148674 wMAE=3.6150 wBias=-0.8424 condBias=8.7632 dotDrift=-3.322sigma uMRED=0.0193515860 uER=0.220703 uMAE=14.2344 WCE=320 bias=-10.8750
[quad_warmup_bit:04000] loss=0.077883 tau=1.50 collapse_w=0.000 mid_frac=0.116 hard=score=0.0831885141 wNMSE=0.0050356541 wMSE=263.4125 wMRED=0.11201843 wER=0.148674 wMAE=3.6150 wBias=-0.8424 condBias=8.7632 dotDrift=-3.322sigma uMRED=0.0193515860 uER=0.220703 uMAE=14.2344 WCE=320 bias=-10.8750
[quad_warmup_bit:04050] loss=0.076561 tau=1.50 collapse_w=0.000 mid_frac=0.107 hard=score=0.0235932106 wNMSE=0.0023999889 wMSE=125.5422 wMRED=0.10801364 wER=0.148333 wMAE=3.2089 wBias=-0.4323 condBias=6.4815 dotDrift=-2.469sigma uMRED=0.0102819209 uER=0.214844 uMAE=6.2969 WCE=80 bias=-2.8750 *BEST*
[quad_warmup_bit:04100] loss=0.075312 tau=1.50 collapse_w=0.000 mid_frac=0.098 hard=score=0.0174339610 wNMSE=0.0023681456 wMSE=123.8765 wMRED=0.10775647 wER=0.147924 wMAE=3.1789 wBias=-0.3298 condBias=6.4639 dotDrift=-1.897sigma uMRED=0.0094757564 uER=0.205078 uMAE=5.5625 WCE=80 bias=-0.8750 *BEST*
[quad_warmup_bit:04200] loss=0.073045 tau=1.50 collapse_w=0.000 mid_frac=0.098 hard=score=0.0174339610 wNMSE=0.0023681456 wMSE=123.8765 wMRED=0.10775647 wER=0.147924 wMAE=3.1789 wBias=-0.3298 condBias=6.4639 dotDrift=-1.897sigma uMRED=0.0094757564 uER=0.205078 uMAE=5.5625 WCE=80 bias=-0.8750
[quad_warmup_bit:04400] loss=0.069419 tau=1.50 collapse_w=0.000 mid_frac=0.098 hard=score=0.0174339610 wNMSE=0.0023681456 wMSE=123.8765 wMRED=0.10775647 wER=0.147924 wMAE=3.1789 wBias=-0.3298 condBias=6.4639 dotDrift=-1.897sigma uMRED=0.0094757564 uER=0.205078 uMAE=5.5625 WCE=80 bias=-0.8750
[quad_warmup_bit:04600] loss=0.066738 tau=1.50 collapse_w=0.000 mid_frac=0.098 hard=score=0.0749039638 wNMSE=0.0018199163 wMSE=95.1989 wMRED=0.10481866 wER=0.155544 wMAE=3.0722 wBias=-0.9242 condBias=5.7006 dotDrift=-6.062sigma uMRED=0.0088307803 uER=0.212891 uMAE=5.0625 WCE=80 bias=-1.8750
[quad_warmup_bit:04800] loss=0.064697 tau=1.50 collapse_w=0.000 mid_frac=0.098 hard=score=0.0749039638 wNMSE=0.0018199163 wMSE=95.1989 wMRED=0.10481866 wER=0.155544 wMAE=3.0722 wBias=-0.9242 condBias=5.7006 dotDrift=-6.062sigma uMRED=0.0088307803 uER=0.212891 uMAE=5.0625 WCE=80 bias=-1.8750
[quad_warmup_bit:05000] loss=0.063118 tau=1.50 collapse_w=0.000 mid_frac=0.098 hard=score=0.0749039638 wNMSE=0.0018199163 wMSE=95.1989 wMRED=0.10481866 wER=0.155544 wMAE=3.0722 wBias=-0.9242 condBias=5.7006 dotDrift=-6.062sigma uMRED=0.0088307803 uER=0.212891 uMAE=5.0625 WCE=80 bias=-1.8750
[quad_warmup_bit:05200] loss=0.061893 tau=1.50 collapse_w=0.000 mid_frac=0.089 hard=score=0.0749039638 wNMSE=0.0018199163 wMSE=95.1989 wMRED=0.10481866 wER=0.155544 wMAE=3.0722 wBias=-0.9242 condBias=5.7006 dotDrift=-6.062sigma uMRED=0.0088307803 uER=0.212891 uMAE=5.0625 WCE=80 bias=-1.8750
[quad_warmup_bit:05400] loss=0.060926 tau=1.50 collapse_w=0.000 mid_frac=0.089 hard=score=0.0749039638 wNMSE=0.0018199163 wMSE=95.1989 wMRED=0.10481866 wER=0.155544 wMAE=3.0722 wBias=-0.9242 condBias=5.7006 dotDrift=-6.062sigma uMRED=0.0088307803 uER=0.212891 uMAE=5.0625 WCE=80 bias=-1.8750
[quad_warmup_bit:05600] loss=0.060173 tau=1.50 collapse_w=0.000 mid_frac=0.089 hard=score=0.0749039638 wNMSE=0.0018199163 wMSE=95.1989 wMRED=0.10481866 wER=0.155544 wMAE=3.0722 wBias=-0.9242 condBias=5.7006 dotDrift=-6.062sigma uMRED=0.0088307803 uER=0.212891 uMAE=5.0625 WCE=80 bias=-1.8750
[quad_warmup_bit:05800] loss=0.059584 tau=1.50 collapse_w=0.000 mid_frac=0.089 hard=score=0.0749039638 wNMSE=0.0018199163 wMSE=95.1989 wMRED=0.10481866 wER=0.155544 wMAE=3.0722 wBias=-0.9242 condBias=5.7006 dotDrift=-6.062sigma uMRED=0.0088307803 uER=0.212891 uMAE=5.0625 WCE=80 bias=-1.8750
[quad_warmup_bit:05999] loss=0.059113 tau=1.50 collapse_w=0.000 mid_frac=0.089 hard=score=0.0749039638 wNMSE=0.0018199163 wMSE=95.1989 wMRED=0.10481866 wER=0.155544 wMAE=3.0722 wBias=-0.9242 condBias=5.7006 dotDrift=-6.062sigma uMRED=0.0088307803 uER=0.212891 uMAE=5.0625 WCE=80 bias=-1.8750
[quad_soft:00000] loss=0.168998 tau=1.50 collapse_w=0.000 mid_frac=0.089 hard=score=0.0749039638 wNMSE=0.0018199163 wMSE=95.1989 wMRED=0.10481866 wER=0.155544 wMAE=3.0722 wBias=-0.9242 condBias=5.7006 dotDrift=-6.062sigma uMRED=0.0088307803 uER=0.212891 uMAE=5.0625 WCE=80 bias=-1.8750
[quad_soft:00200] loss=0.097299 tau=1.59 collapse_w=0.000 mid_frac=0.098 hard=score=0.1918195959 wNMSE=0.0021850548 wMSE=114.2991 wMRED=0.14882377 wER=0.176068 wMAE=3.6774 wBias=-1.5294 condBias=6.1395 dotDrift=-9.156sigma uMRED=0.0101011372 uER=0.228516 uMAE=5.5625 WCE=80 bias=-2.3750
[quad_soft:00400] loss=0.082883 tau=1.68 collapse_w=0.000 mid_frac=0.089 hard=score=0.1557441155 wNMSE=0.0020890377 wMSE=109.2765 wMRED=0.14529760 wER=0.176068 wMAE=3.5194 wBias=-1.3714 condBias=5.9191 dotDrift=-8.396sigma uMRED=0.0097122664 uER=0.228516 uMAE=5.3125 WCE=80 bias=-2.1250
[quad_soft:00600] loss=0.077128 tau=1.77 collapse_w=0.000 mid_frac=0.080 hard=score=0.0537963519 wNMSE=0.0017238992 wMSE=90.1763 wMRED=0.10129248 wER=0.155544 wMAE=2.9142 wBias=-0.7662 condBias=5.4626 dotDrift=-5.164sigma uMRED=0.0084419095 uER=0.212891 uMAE=4.8125 WCE=80 bias=-1.6250
[quad_soft:00800] loss=0.074420 tau=1.86 collapse_w=0.000 mid_frac=0.089 hard=score=0.1616350202 wNMSE=0.0030317986 wMSE=158.5918 wMRED=0.11255186 wER=0.155544 wMAE=3.4487 wBias=1.3887 condBias=6.3753 dotDrift=+7.057sigma uMRED=0.0094968859 uER=0.212891 uMAE=5.3906 WCE=96 bias=2.3750
[quad_soft:01000] loss=0.072388 tau=1.95 collapse_w=0.000 mid_frac=0.089 hard=score=0.1616350202 wNMSE=0.0030317986 wMSE=158.5918 wMRED=0.11255186 wER=0.155544 wMAE=3.4487 wBias=1.3887 condBias=6.3753 dotDrift=+7.057sigma uMRED=0.0094968859 uER=0.212891 uMAE=5.3906 WCE=96 bias=2.3750
[quad_soft:01200] loss=0.070709 tau=2.04 collapse_w=0.000 mid_frac=0.089 hard=score=0.1616350202 wNMSE=0.0030317986 wMSE=158.5918 wMRED=0.11255186 wER=0.155544 wMAE=3.4487 wBias=1.3887 condBias=6.3753 dotDrift=+7.057sigma uMRED=0.0094968859 uER=0.212891 uMAE=5.3906 WCE=96 bias=2.3750
[quad_soft:01400] loss=0.069187 tau=2.13 collapse_w=0.000 mid_frac=0.089 hard=score=0.1616350202 wNMSE=0.0030317986 wMSE=158.5918 wMRED=0.11255186 wER=0.155544 wMAE=3.4487 wBias=1.3887 condBias=6.3753 dotDrift=+7.057sigma uMRED=0.0094968859 uER=0.212891 uMAE=5.3906 WCE=96 bias=2.3750
[quad_soft:01600] loss=0.067750 tau=2.22 collapse_w=0.000 mid_frac=0.089 hard=score=0.1616350202 wNMSE=0.0030317986 wMSE=158.5918 wMRED=0.11255186 wER=0.155544 wMAE=3.4487 wBias=1.3887 condBias=6.3753 dotDrift=+7.057sigma uMRED=0.0094968859 uER=0.212891 uMAE=5.3906 WCE=96 bias=2.3750
[quad_soft:01800] loss=0.066363 tau=2.31 collapse_w=0.000 mid_frac=0.089 hard=score=0.1616350202 wNMSE=0.0030317986 wMSE=158.5918 wMRED=0.11255186 wER=0.155544 wMAE=3.4487 wBias=1.3887 condBias=6.3753 dotDrift=+7.057sigma uMRED=0.0094968859 uER=0.212891 uMAE=5.3906 WCE=96 bias=2.3750
[quad_soft:02000] loss=0.065005 tau=2.40 collapse_w=0.000 mid_frac=0.089 hard=score=0.1616350202 wNMSE=0.0030317986 wMSE=158.5918 wMRED=0.11255186 wER=0.155544 wMAE=3.4487 wBias=1.3887 condBias=6.3753 dotDrift=+7.057sigma uMRED=0.0094968859 uER=0.212891 uMAE=5.3906 WCE=96 bias=2.3750
[quad_soft:02200] loss=0.063666 tau=2.49 collapse_w=0.000 mid_frac=0.089 hard=score=0.1616350202 wNMSE=0.0030317986 wMSE=158.5918 wMRED=0.11255186 wER=0.155544 wMAE=3.4487 wBias=1.3887 condBias=6.3753 dotDrift=+7.057sigma uMRED=0.0094968859 uER=0.212891 uMAE=5.3906 WCE=96 bias=2.3750
[quad_soft:02400] loss=0.062336 tau=2.58 collapse_w=0.000 mid_frac=0.089 hard=score=0.1616350202 wNMSE=0.0030317986 wMSE=158.5918 wMRED=0.11255186 wER=0.155544 wMAE=3.4487 wBias=1.3887 condBias=6.3753 dotDrift=+7.057sigma uMRED=0.0094968859 uER=0.212891 uMAE=5.3906 WCE=96 bias=2.3750
[quad_soft:02600] loss=0.061014 tau=2.67 collapse_w=0.000 mid_frac=0.089 hard=score=0.1616350202 wNMSE=0.0030317986 wMSE=158.5918 wMRED=0.11255186 wER=0.155544 wMAE=3.4487 wBias=1.3887 condBias=6.3753 dotDrift=+7.057sigma uMRED=0.0094968859 uER=0.212891 uMAE=5.3906 WCE=96 bias=2.3750
[quad_soft:02800] loss=0.059695 tau=2.76 collapse_w=0.000 mid_frac=0.089 hard=score=0.1616350202 wNMSE=0.0030317986 wMSE=158.5918 wMRED=0.11255186 wER=0.155544 wMAE=3.4487 wBias=1.3887 condBias=6.3753 dotDrift=+7.057sigma uMRED=0.0094968859 uER=0.212891 uMAE=5.3906 WCE=96 bias=2.3750
[quad_soft:03000] loss=0.058380 tau=2.85 collapse_w=0.000 mid_frac=0.089 hard=score=0.1616350202 wNMSE=0.0030317986 wMSE=158.5918 wMRED=0.11255186 wER=0.155544 wMAE=3.4487 wBias=1.3887 condBias=6.3753 dotDrift=+7.057sigma uMRED=0.0094968859 uER=0.212891 uMAE=5.3906 WCE=96 bias=2.3750
[quad_soft:03200] loss=0.057061 tau=2.94 collapse_w=0.000 mid_frac=0.089 hard=score=0.0728352030 wNMSE=0.0029347883 wMSE=153.5173 wMRED=0.11249750 wER=0.176068 wMAE=3.4477 wBias=0.8928 condBias=6.2686 dotDrift=+4.612sigma uMRED=0.0094968859 uER=0.228516 uMAE=5.3906 WCE=96 bias=1.8750
[quad_soft:03400] loss=0.055742 tau=3.03 collapse_w=0.000 mid_frac=0.089 hard=score=0.0728352030 wNMSE=0.0029347883 wMSE=153.5173 wMRED=0.11249750 wER=0.176068 wMAE=3.4477 wBias=0.8928 condBias=6.2686 dotDrift=+4.612sigma uMRED=0.0094968859 uER=0.228516 uMAE=5.3906 WCE=96 bias=1.8750
[quad_soft:03600] loss=0.054427 tau=3.12 collapse_w=0.000 mid_frac=0.089 hard=score=0.0728352030 wNMSE=0.0029347883 wMSE=153.5173 wMRED=0.11249750 wER=0.176068 wMAE=3.4477 wBias=0.8928 condBias=6.2686 dotDrift=+4.612sigma uMRED=0.0094968859 uER=0.228516 uMAE=5.3906 WCE=96 bias=1.8750
[quad_soft:03800] loss=0.053104 tau=3.21 collapse_w=0.000 mid_frac=0.098 hard=score=0.0728352030 wNMSE=0.0029347883 wMSE=153.5173 wMRED=0.11249750 wER=0.176068 wMAE=3.4477 wBias=0.8928 condBias=6.2686 dotDrift=+4.612sigma uMRED=0.0094968859 uER=0.228516 uMAE=5.3906 WCE=96 bias=1.8750
[quad_soft:04000] loss=0.051782 tau=3.30 collapse_w=0.000 mid_frac=0.098 hard=score=0.0728352030 wNMSE=0.0029347883 wMSE=153.5173 wMRED=0.11249750 wER=0.176068 wMAE=3.4477 wBias=0.8928 condBias=6.2686 dotDrift=+4.612sigma uMRED=0.0094968859 uER=0.228516 uMAE=5.3906 WCE=96 bias=1.8750
[quad_soft:04200] loss=0.050378 tau=3.39 collapse_w=0.000 mid_frac=0.098 hard=score=0.0728352030 wNMSE=0.0029347883 wMSE=153.5173 wMRED=0.11249750 wER=0.176068 wMAE=3.4477 wBias=0.8928 condBias=6.2686 dotDrift=+4.612sigma uMRED=0.0094968859 uER=0.228516 uMAE=5.3906 WCE=96 bias=1.8750
[quad_soft:04400] loss=0.048974 tau=3.48 collapse_w=0.000 mid_frac=0.098 hard=score=0.0728352030 wNMSE=0.0029347883 wMSE=153.5173 wMRED=0.11249750 wER=0.176068 wMAE=3.4477 wBias=0.8928 condBias=6.2686 dotDrift=+4.612sigma uMRED=0.0094968859 uER=0.228516 uMAE=5.3906 WCE=96 bias=1.8750
[quad_soft:04600] loss=0.047560 tau=3.57 collapse_w=0.000 mid_frac=0.107 hard=score=0.0728352030 wNMSE=0.0029347883 wMSE=153.5173 wMRED=0.11249750 wER=0.176068 wMAE=3.4477 wBias=0.8928 condBias=6.2686 dotDrift=+4.612sigma uMRED=0.0094968859 uER=0.228516 uMAE=5.3906 WCE=96 bias=1.8750
[quad_soft:04800] loss=0.046157 tau=3.66 collapse_w=0.000 mid_frac=0.098 hard=score=0.0728352030 wNMSE=0.0029347883 wMSE=153.5173 wMRED=0.11249750 wER=0.176068 wMAE=3.4477 wBias=0.8928 condBias=6.2686 dotDrift=+4.612sigma uMRED=0.0094968859 uER=0.228516 uMAE=5.3906 WCE=96 bias=1.8750
[quad_soft:05000] loss=0.044747 tau=3.75 collapse_w=0.000 mid_frac=0.098 hard=score=0.0728352030 wNMSE=0.0029347883 wMSE=153.5173 wMRED=0.11249750 wER=0.176068 wMAE=3.4477 wBias=0.8928 condBias=6.2686 dotDrift=+4.612sigma uMRED=0.0094968859 uER=0.228516 uMAE=5.3906 WCE=96 bias=1.8750
[quad_soft:05200] loss=0.043336 tau=3.84 collapse_w=0.000 mid_frac=0.098 hard=score=0.0728352030 wNMSE=0.0029347883 wMSE=153.5173 wMRED=0.11249750 wER=0.176068 wMAE=3.4477 wBias=0.8928 condBias=6.2686 dotDrift=+4.612sigma uMRED=0.0094968859 uER=0.228516 uMAE=5.3906 WCE=96 bias=1.8750
[quad_soft:05400] loss=0.041930 tau=3.93 collapse_w=0.000 mid_frac=0.098 hard=score=0.0728352030 wNMSE=0.0029347883 wMSE=153.5173 wMRED=0.11249750 wER=0.176068 wMAE=3.4477 wBias=0.8928 condBias=6.2686 dotDrift=+4.612sigma uMRED=0.0094968859 uER=0.228516 uMAE=5.3906 WCE=96 bias=1.8750
[quad_soft:05600] loss=0.040509 tau=4.02 collapse_w=0.000 mid_frac=0.098 hard=score=0.0728352030 wNMSE=0.0029347883 wMSE=153.5173 wMRED=0.11249750 wER=0.176068 wMAE=3.4477 wBias=0.8928 condBias=6.2686 dotDrift=+4.612sigma uMRED=0.0094968859 uER=0.228516 uMAE=5.3906 WCE=96 bias=1.8750
[quad_soft:05800] loss=0.039094 tau=4.11 collapse_w=0.000 mid_frac=0.098 hard=score=0.0728352030 wNMSE=0.0029347883 wMSE=153.5173 wMRED=0.11249750 wER=0.176068 wMAE=3.4477 wBias=0.8928 condBias=6.2686 dotDrift=+4.612sigma uMRED=0.0094968859 uER=0.228516 uMAE=5.3906 WCE=96 bias=1.8750
[quad_soft:06000] loss=0.037684 tau=4.20 collapse_w=0.000 mid_frac=0.098 hard=score=0.0728352030 wNMSE=0.0029347883 wMSE=153.5173 wMRED=0.11249750 wER=0.176068 wMAE=3.4477 wBias=0.8928 condBias=6.2686 dotDrift=+4.612sigma uMRED=0.0094968859 uER=0.228516 uMAE=5.3906 WCE=96 bias=1.8750
[quad_soft:06200] loss=0.037183 tau=4.29 collapse_w=0.025 mid_frac=0.098 hard=score=0.0728352030 wNMSE=0.0029347883 wMSE=153.5173 wMRED=0.11249750 wER=0.176068 wMAE=3.4477 wBias=0.8928 condBias=6.2686 dotDrift=+4.612sigma uMRED=0.0094968859 uER=0.228516 uMAE=5.3906 WCE=96 bias=1.8750
[quad_soft:06225] loss=0.037107 tau=4.30 collapse_w=0.028 mid_frac=0.089 hard=score=0.0073429559 wNMSE=0.001032541 wMSE=54.0117 wMRED=0.09263503 wER=0.171854 wMAE=2.4233 wBias=-0.1846 condBias=4.1855 dotDrift=-1.608sigma uMRED=0.0063010340 uER=0.216797 uMAE=3.5312 WCE=48 bias=-0.1250 *BEST*
[quad_soft:06400] loss=0.036509 tau=4.38 collapse_w=0.050 mid_frac=0.089 hard=score=0.0073429559 wNMSE=0.001032541 wMSE=54.0117 wMRED=0.09263503 wER=0.171854 wMAE=2.4233 wBias=-0.1846 condBias=4.1855 dotDrift=-1.608sigma uMRED=0.0063010340 uER=0.216797 uMAE=3.5312 WCE=48 bias=-0.1250
[quad_soft:06600] loss=0.035743 tau=4.47 collapse_w=0.075 mid_frac=0.089 hard=score=0.0073429559 wNMSE=0.001032541 wMSE=54.0117 wMRED=0.09263503 wER=0.171854 wMAE=2.4233 wBias=-0.1846 condBias=4.1855 dotDrift=-1.608sigma uMRED=0.0063010340 uER=0.216797 uMAE=3.5312 WCE=48 bias=-0.1250
[quad_soft:06800] loss=0.034930 tau=4.56 collapse_w=0.100 mid_frac=0.089 hard=score=0.0073429559 wNMSE=0.001032541 wMSE=54.0117 wMRED=0.09263503 wER=0.171854 wMAE=2.4233 wBias=-0.1846 condBias=4.1855 dotDrift=-1.608sigma uMRED=0.0063010340 uER=0.216797 uMAE=3.5312 WCE=48 bias=-0.1250
[quad_soft:07000] loss=0.034074 tau=4.65 collapse_w=0.125 mid_frac=0.089 hard=score=0.0073429559 wNMSE=0.001032541 wMSE=54.0117 wMRED=0.09263503 wER=0.171854 wMAE=2.4233 wBias=-0.1846 condBias=4.1855 dotDrift=-1.608sigma uMRED=0.0063010340 uER=0.216797 uMAE=3.5312 WCE=48 bias=-0.1250
[quad_soft:07200] loss=0.033172 tau=4.74 collapse_w=0.150 mid_frac=0.080 hard=score=0.0073429559 wNMSE=0.001032541 wMSE=54.0117 wMRED=0.09263503 wER=0.171854 wMAE=2.4233 wBias=-0.1846 condBias=4.1855 dotDrift=-1.608sigma uMRED=0.0063010340 uER=0.216797 uMAE=3.5312 WCE=48 bias=-0.1250
[quad_soft:07400] loss=0.032237 tau=4.83 collapse_w=0.175 mid_frac=0.080 hard=score=0.0073429559 wNMSE=0.001032541 wMSE=54.0117 wMRED=0.09263503 wER=0.171854 wMAE=2.4233 wBias=-0.1846 condBias=4.1855 dotDrift=-1.608sigma uMRED=0.0063010340 uER=0.216797 uMAE=3.5312 WCE=48 bias=-0.1250
[quad_soft:07600] loss=0.031278 tau=4.92 collapse_w=0.200 mid_frac=0.080 hard=score=0.0073429559 wNMSE=0.001032541 wMSE=54.0117 wMRED=0.09263503 wER=0.171854 wMAE=2.4233 wBias=-0.1846 condBias=4.1855 dotDrift=-1.608sigma uMRED=0.0063010340 uER=0.216797 uMAE=3.5312 WCE=48 bias=-0.1250
[quad_soft:07800] loss=0.030290 tau=5.01 collapse_w=0.225 mid_frac=0.071 hard=score=0.0073429559 wNMSE=0.001032541 wMSE=54.0117 wMRED=0.09263503 wER=0.171854 wMAE=2.4233 wBias=-0.1846 condBias=4.1855 dotDrift=-1.608sigma uMRED=0.0063010340 uER=0.216797 uMAE=3.5312 WCE=48 bias=-0.1250
[quad_soft:08000] loss=0.029245 tau=5.10 collapse_w=0.250 mid_frac=0.071 hard=score=0.0073429559 wNMSE=0.001032541 wMSE=54.0117 wMRED=0.09263503 wER=0.171854 wMAE=2.4233 wBias=-0.1846 condBias=4.1855 dotDrift=-1.608sigma uMRED=0.0063010340 uER=0.216797 uMAE=3.5312 WCE=48 bias=-0.1250
[quad_soft:08200] loss=0.028162 tau=5.19 collapse_w=0.275 mid_frac=0.071 hard=score=0.0073429559 wNMSE=0.001032541 wMSE=54.0117 wMRED=0.09263503 wER=0.171854 wMAE=2.4233 wBias=-0.1846 condBias=4.1855 dotDrift=-1.608sigma uMRED=0.0063010340 uER=0.216797 uMAE=3.5312 WCE=48 bias=-0.1250
[quad_soft:08400] loss=0.027066 tau=5.28 collapse_w=0.300 mid_frac=0.071 hard=score=0.0073429559 wNMSE=0.001032541 wMSE=54.0117 wMRED=0.09263503 wER=0.171854 wMAE=2.4233 wBias=-0.1846 condBias=4.1855 dotDrift=-1.608sigma uMRED=0.0063010340 uER=0.216797 uMAE=3.5312 WCE=48 bias=-0.1250
[quad_soft:08600] loss=0.025939 tau=5.37 collapse_w=0.325 mid_frac=0.071 hard=score=0.0073429559 wNMSE=0.001032541 wMSE=54.0117 wMRED=0.09263503 wER=0.171854 wMAE=2.4233 wBias=-0.1846 condBias=4.1855 dotDrift=-1.608sigma uMRED=0.0063010340 uER=0.216797 uMAE=3.5312 WCE=48 bias=-0.1250
[quad_soft:08800] loss=0.024731 tau=5.46 collapse_w=0.350 mid_frac=0.071 hard=score=0.0073429559 wNMSE=0.001032541 wMSE=54.0117 wMRED=0.09263503 wER=0.171854 wMAE=2.4233 wBias=-0.1846 condBias=4.1855 dotDrift=-1.608sigma uMRED=0.0063010340 uER=0.216797 uMAE=3.5312 WCE=48 bias=-0.1250
[quad_soft:09000] loss=0.023493 tau=5.55 collapse_w=0.375 mid_frac=0.071 hard=score=0.0073429559 wNMSE=0.001032541 wMSE=54.0117 wMRED=0.09263503 wER=0.171854 wMAE=2.4233 wBias=-0.1846 condBias=4.1855 dotDrift=-1.608sigma uMRED=0.0063010340 uER=0.216797 uMAE=3.5312 WCE=48 bias=-0.1250
[quad_soft:09200] loss=0.022228 tau=5.64 collapse_w=0.400 mid_frac=0.062 hard=score=0.0073429559 wNMSE=0.001032541 wMSE=54.0117 wMRED=0.09263503 wER=0.171854 wMAE=2.4233 wBias=-0.1846 condBias=4.1855 dotDrift=-1.608sigma uMRED=0.0063010340 uER=0.216797 uMAE=3.5312 WCE=48 bias=-0.1250
[quad_soft:09400] loss=0.020907 tau=5.73 collapse_w=0.425 mid_frac=0.062 hard=score=0.0073429559 wNMSE=0.001032541 wMSE=54.0117 wMRED=0.09263503 wER=0.171854 wMAE=2.4233 wBias=-0.1846 condBias=4.1855 dotDrift=-1.608sigma uMRED=0.0063010340 uER=0.216797 uMAE=3.5312 WCE=48 bias=-0.1250
[quad_soft:09600] loss=0.019514 tau=5.82 collapse_w=0.450 mid_frac=0.062 hard=score=0.0073429559 wNMSE=0.001032541 wMSE=54.0117 wMRED=0.09263503 wER=0.171854 wMAE=2.4233 wBias=-0.1846 condBias=4.1855 dotDrift=-1.608sigma uMRED=0.0063010340 uER=0.216797 uMAE=3.5312 WCE=48 bias=-0.1250
[quad_soft:09800] loss=0.018019 tau=5.91 collapse_w=0.475 mid_frac=0.062 hard=score=0.0073429559 wNMSE=0.001032541 wMSE=54.0117 wMRED=0.09263503 wER=0.171854 wMAE=2.4233 wBias=-0.1846 condBias=4.1855 dotDrift=-1.608sigma uMRED=0.0063010340 uER=0.216797 uMAE=3.5312 WCE=48 bias=-0.1250
[quad_soft:09999] loss=0.016349 tau=6.00 collapse_w=0.500 mid_frac=0.062 hard=score=0.0073429559 wNMSE=0.001032541 wMSE=54.0117 wMRED=0.09263503 wER=0.171854 wMAE=2.4233 wBias=-0.1846 condBias=4.1855 dotDrift=-1.608sigma uMRED=0.0063010340 uER=0.216797 uMAE=3.5312 WCE=48 bias=-0.1250
[quad_hard_ste:00000] loss=0.016754 tau=6.00 collapse_w=0.500 mid_frac=0.062 hard=score=0.0073429559 wNMSE=0.001032541 wMSE=54.0117 wMRED=0.09263503 wER=0.171854 wMAE=2.4233 wBias=-0.1846 condBias=4.1855 dotDrift=-1.608sigma uMRED=0.0063010340 uER=0.216797 uMAE=3.5312 WCE=48 bias=-0.1250
[quad_hard_ste:00200] loss=0.015976 tau=6.00 collapse_w=0.500 mid_frac=0.062 hard=score=0.0073429559 wNMSE=0.001032541 wMSE=54.0117 wMRED=0.09263503 wER=0.171854 wMAE=2.4233 wBias=-0.1846 condBias=4.1855 dotDrift=-1.608sigma uMRED=0.0063010340 uER=0.216797 uMAE=3.5312 WCE=48 bias=-0.1250
[quad_hard_ste:00400] loss=0.015499 tau=6.00 collapse_w=0.500 mid_frac=0.062 hard=score=0.0073429559 wNMSE=0.001032541 wMSE=54.0117 wMRED=0.09263503 wER=0.171854 wMAE=2.4233 wBias=-0.1846 condBias=4.1855 dotDrift=-1.608sigma uMRED=0.0063010340 uER=0.216797 uMAE=3.5312 WCE=48 bias=-0.1250
[quad_hard_ste:00600] loss=0.015183 tau=6.00 collapse_w=0.500 mid_frac=0.062 hard=score=0.0073429559 wNMSE=0.001032541 wMSE=54.0117 wMRED=0.09263503 wER=0.171854 wMAE=2.4233 wBias=-0.1846 condBias=4.1855 dotDrift=-1.608sigma uMRED=0.0063010340 uER=0.216797 uMAE=3.5312 WCE=48 bias=-0.1250
[quad_hard_ste:00800] loss=0.014966 tau=6.00 collapse_w=0.500 mid_frac=0.062 hard=score=0.0073429559 wNMSE=0.001032541 wMSE=54.0117 wMRED=0.09263503 wER=0.171854 wMAE=2.4233 wBias=-0.1846 condBias=4.1855 dotDrift=-1.608sigma uMRED=0.0063010340 uER=0.216797 uMAE=3.5312 WCE=48 bias=-0.1250
[quad_hard_ste:01000] loss=0.014812 tau=6.00 collapse_w=0.500 mid_frac=0.062 hard=score=0.0073429559 wNMSE=0.001032541 wMSE=54.0117 wMRED=0.09263503 wER=0.171854 wMAE=2.4233 wBias=-0.1846 condBias=4.1855 dotDrift=-1.608sigma uMRED=0.0063010340 uER=0.216797 uMAE=3.5312 WCE=48 bias=-0.1250
[quad_hard_ste:01200] loss=0.014698 tau=6.00 collapse_w=0.500 mid_frac=0.062 hard=score=0.0073429559 wNMSE=0.001032541 wMSE=54.0117 wMRED=0.09263503 wER=0.171854 wMAE=2.4233 wBias=-0.1846 condBias=4.1855 dotDrift=-1.608sigma uMRED=0.0063010340 uER=0.216797 uMAE=3.5312 WCE=48 bias=-0.1250
[quad_hard_ste:01400] loss=0.014611 tau=6.00 collapse_w=0.500 mid_frac=0.062 hard=score=0.0073429559 wNMSE=0.001032541 wMSE=54.0117 wMRED=0.09263503 wER=0.171854 wMAE=2.4233 wBias=-0.1846 condBias=4.1855 dotDrift=-1.608sigma uMRED=0.0063010340 uER=0.216797 uMAE=3.5312 WCE=48 bias=-0.1250
[quad_hard_ste:01600] loss=0.014543 tau=6.00 collapse_w=0.500 mid_frac=0.062 hard=score=0.0073429559 wNMSE=0.001032541 wMSE=54.0117 wMRED=0.09263503 wER=0.171854 wMAE=2.4233 wBias=-0.1846 condBias=4.1855 dotDrift=-1.608sigma uMRED=0.0063010340 uER=0.216797 uMAE=3.5312 WCE=48 bias=-0.1250
[quad_hard_ste:01800] loss=0.014488 tau=6.00 collapse_w=0.500 mid_frac=0.062 hard=score=0.0073429559 wNMSE=0.001032541 wMSE=54.0117 wMRED=0.09263503 wER=0.171854 wMAE=2.4233 wBias=-0.1846 condBias=4.1855 dotDrift=-1.608sigma uMRED=0.0063010340 uER=0.216797 uMAE=3.5312 WCE=48 bias=-0.1250
[quad_hard_ste:02000] loss=0.014443 tau=6.00 collapse_w=0.500 mid_frac=0.062 hard=score=0.0073429559 wNMSE=0.001032541 wMSE=54.0117 wMRED=0.09263503 wER=0.171854 wMAE=2.4233 wBias=-0.1846 condBias=4.1855 dotDrift=-1.608sigma uMRED=0.0063010340 uER=0.216797 uMAE=3.5312 WCE=48 bias=-0.1250
[quad_hard_ste:02200] loss=0.014406 tau=6.00 collapse_w=0.500 mid_frac=0.062 hard=score=0.0073429559 wNMSE=0.001032541 wMSE=54.0117 wMRED=0.09263503 wER=0.171854 wMAE=2.4233 wBias=-0.1846 condBias=4.1855 dotDrift=-1.608sigma uMRED=0.0063010340 uER=0.216797 uMAE=3.5312 WCE=48 bias=-0.1250
[quad_hard_ste:02400] loss=0.014374 tau=6.00 collapse_w=0.500 mid_frac=0.062 hard=score=0.0073429559 wNMSE=0.001032541 wMSE=54.0117 wMRED=0.09263503 wER=0.171854 wMAE=2.4233 wBias=-0.1846 condBias=4.1855 dotDrift=-1.608sigma uMRED=0.0063010340 uER=0.216797 uMAE=3.5312 WCE=48 bias=-0.1250
[quad_hard_ste:02600] loss=0.014347 tau=6.00 collapse_w=0.500 mid_frac=0.062 hard=score=0.0073429559 wNMSE=0.001032541 wMSE=54.0117 wMRED=0.09263503 wER=0.171854 wMAE=2.4233 wBias=-0.1846 condBias=4.1855 dotDrift=-1.608sigma uMRED=0.0063010340 uER=0.216797 uMAE=3.5312 WCE=48 bias=-0.1250
[quad_hard_ste:02800] loss=0.014324 tau=6.00 collapse_w=0.500 mid_frac=0.062 hard=score=0.0073429559 wNMSE=0.001032541 wMSE=54.0117 wMRED=0.09263503 wER=0.171854 wMAE=2.4233 wBias=-0.1846 condBias=4.1855 dotDrift=-1.608sigma uMRED=0.0063010340 uER=0.216797 uMAE=3.5312 WCE=48 bias=-0.1250
[quad_hard_ste:03000] loss=0.014304 tau=6.00 collapse_w=0.500 mid_frac=0.062 hard=score=0.0073429559 wNMSE=0.001032541 wMSE=54.0117 wMRED=0.09263503 wER=0.171854 wMAE=2.4233 wBias=-0.1846 condBias=4.1855 dotDrift=-1.608sigma uMRED=0.0063010340 uER=0.216797 uMAE=3.5312 WCE=48 bias=-0.1250
[quad_hard_ste:03200] loss=0.014286 tau=6.00 collapse_w=0.500 mid_frac=0.062 hard=score=0.0073429559 wNMSE=0.001032541 wMSE=54.0117 wMRED=0.09263503 wER=0.171854 wMAE=2.4233 wBias=-0.1846 condBias=4.1855 dotDrift=-1.608sigma uMRED=0.0063010340 uER=0.216797 uMAE=3.5312 WCE=48 bias=-0.1250
[quad_hard_ste:03400] loss=0.014270 tau=6.00 collapse_w=0.500 mid_frac=0.062 hard=score=0.0073429559 wNMSE=0.001032541 wMSE=54.0117 wMRED=0.09263503 wER=0.171854 wMAE=2.4233 wBias=-0.1846 condBias=4.1855 dotDrift=-1.608sigma uMRED=0.0063010340 uER=0.216797 uMAE=3.5312 WCE=48 bias=-0.1250
[quad_hard_ste:03600] loss=0.014256 tau=6.00 collapse_w=0.500 mid_frac=0.062 hard=score=0.0073429559 wNMSE=0.001032541 wMSE=54.0117 wMRED=0.09263503 wER=0.171854 wMAE=2.4233 wBias=-0.1846 condBias=4.1855 dotDrift=-1.608sigma uMRED=0.0063010340 uER=0.216797 uMAE=3.5312 WCE=48 bias=-0.1250
[quad_hard_ste:03800] loss=0.014244 tau=6.00 collapse_w=0.500 mid_frac=0.062 hard=score=0.0073429559 wNMSE=0.001032541 wMSE=54.0117 wMRED=0.09263503 wER=0.171854 wMAE=2.4233 wBias=-0.1846 condBias=4.1855 dotDrift=-1.608sigma uMRED=0.0063010340 uER=0.216797 uMAE=3.5312 WCE=48 bias=-0.1250
[quad_hard_ste:03999] loss=0.014232 tau=6.00 collapse_w=0.500 mid_frac=0.062 hard=score=0.0073429559 wNMSE=0.001032541 wMSE=54.0117 wMRED=0.09263503 wER=0.171854 wMAE=2.4233 wBias=-0.1846 condBias=4.1855 dotDrift=-1.608sigma uMRED=0.0063010340 uER=0.216797 uMAE=3.5312 WCE=48 bias=-0.1250
[pop00_soft:00000] loss=3.095394 tau=1.50 collapse_w=0.000 mid_frac=0.348 hard=score=59.5946233119 wNMSE=0.24123968 wMSE=12619.1248 wMRED=3.22283395 wER=0.424607 wMAE=52.7817 wBias=27.4641 condBias=73.6465 dotDrift=+15.647sigma uMRED=0.1132743030 uER=0.431641 uMAE=52.7617 WCE=496 bias=15.0000
[pop00_soft:00200] loss=1.177470 tau=2.25 collapse_w=0.000 mid_frac=0.295 hard=score=1.2504492557 wNMSE=0.017086481 wMSE=893.7851 wMRED=0.38841740 wER=0.361974 wMAE=10.4338 wBias=-3.9030 condBias=15.3656 dotDrift=-8.355sigma uMRED=0.0483942926 uER=0.406250 uMAE=35.2969 WCE=476 bias=-26.6250
[pop00_soft:00400] loss=0.242078 tau=3.00 collapse_w=0.000 mid_frac=0.250 hard=score=0.2505048861 wNMSE=0.017250122 wMSE=902.3451 wMRED=0.69064496 wER=0.358618 wMAE=14.4642 wBias=1.6284 condBias=16.5548 dotDrift=+3.469sigma uMRED=0.0429946340 uER=0.406250 uMAE=26.4922 WCE=204 bias=-9.0000
[pop00_soft:00600] loss=0.084628 tau=3.75 collapse_w=0.000 mid_frac=0.277 hard=score=0.3748052056 wNMSE=0.014307312 wMSE=748.4082 wMRED=0.62100301 wER=0.334467 wMAE=12.6106 wBias=2.0744 condBias=15.3875 dotDrift=+4.853sigma uMRED=0.0371387157 uER=0.384766 uMAE=22.9688 WCE=192 bias=-11.2500
[pop00_soft:00800] loss=0.056016 tau=4.50 collapse_w=0.084 mid_frac=0.259 hard=score=0.6507501192 wNMSE=0.010798518 wMSE=564.8650 wMRED=0.49195579 wER=0.246545 wMAE=9.2073 wBias=2.8193 condBias=12.7318 dotDrift=+7.592sigma uMRED=0.0267358698 uER=0.317383 uMAE=15.8594 WCE=144 bias=-7.1250
[pop00_soft:01000] loss=0.047377 tau=5.25 collapse_w=0.293 mid_frac=0.214 hard=score=0.6507501192 wNMSE=0.010798518 wMSE=564.8650 wMRED=0.49195579 wER=0.246545 wMAE=9.2073 wBias=2.8193 condBias=12.7318 dotDrift=+7.592sigma uMRED=0.0267358698 uER=0.317383 uMAE=15.8594 WCE=144 bias=-7.1250
[pop00_soft:01199] loss=0.037051 tau=6.00 collapse_w=0.500 mid_frac=0.205 hard=score=0.6507501192 wNMSE=0.010798518 wMSE=564.8650 wMRED=0.49195579 wER=0.246545 wMAE=9.2073 wBias=2.8193 condBias=12.7318 dotDrift=+7.592sigma uMRED=0.0267358698 uER=0.317383 uMAE=15.8594 WCE=144 bias=-7.1250
[pop00_hard:00000] loss=0.694995 tau=6.00 collapse_w=0.500 mid_frac=0.205 hard=score=0.6507501192 wNMSE=0.010798518 wMSE=564.8650 wMRED=0.49195579 wER=0.246545 wMAE=9.2073 wBias=2.8193 condBias=12.7318 dotDrift=+7.592sigma uMRED=0.0267358698 uER=0.317383 uMAE=15.8594 WCE=144 bias=-7.1250
[pop00_hard:00200] loss=0.696882 tau=6.00 collapse_w=0.500 mid_frac=0.232 hard=score=0.6507501192 wNMSE=0.010798518 wMSE=564.8650 wMRED=0.49195579 wER=0.246545 wMAE=9.2073 wBias=2.8193 condBias=12.7318 dotDrift=+7.592sigma uMRED=0.0267358698 uER=0.317383 uMAE=15.8594 WCE=144 bias=-7.1250
[pop00_hard:00400] loss=0.058714 tau=6.00 collapse_w=0.500 mid_frac=0.232 hard=score=0.0241002553 wNMSE=0.0064248629 wMSE=336.0813 wMRED=0.26641939 wER=0.246545 wMAE=6.1465 wBias=-0.2415 condBias=9.6481 dotDrift=-0.843sigma uMRED=0.0221648825 uER=0.317383 uMAE=14.8594 WCE=144 bias=-8.1250
[pop00_hard:00599] loss=0.054347 tau=6.00 collapse_w=0.500 mid_frac=0.232 hard=score=0.0241002553 wNMSE=0.0064248629 wMSE=336.0813 wMRED=0.26641939 wER=0.246545 wMAE=6.1465 wBias=-0.2415 condBias=9.6481 dotDrift=-0.843sigma uMRED=0.0221648825 uER=0.317383 uMAE=14.8594 WCE=144 bias=-8.1250
[pop00] done (conf=0.53, noise=0.5); global best score=0.0073429559 wNMSE=0.001032541 wMSE=54.0117 wMRED=0.09263503 wER=0.171854 wMAE=2.4233 wBias=-0.1846 condBias=4.1855 dotDrift=-1.608sigma uMRED=0.0063010340 uER=0.216797 uMAE=3.5312 WCE=48 bias=-0.1250
[pop01_soft:00000] loss=7.597480 tau=1.50 collapse_w=0.000 mid_frac=0.393 hard=score=1215.5493918036 wNMSE=2.2845256 wMSE=119502.3714 wMRED=9.40137616 wER=0.437075 wMAE=143.7260 wBias=124.3744 condBias=238.4358 dotDrift=+23.026sigma uMRED=0.2649594827 uER=0.437500 uMAE=101.2090 WCE=1047 bias=93.6250
[pop01_soft:00200] loss=5.722375 tau=2.25 collapse_w=0.000 mid_frac=0.411 hard=score=8.7354266422 wNMSE=1.5550024 wMSE=81341.3848 wMRED=12.56274365 wER=0.437075 wMAE=61.4380 wBias=-9.0829 condBias=99.0855 dotDrift=-2.038sigma uMRED=0.2321643748 uER=0.437500 uMAE=70.8418 WCE=3940 bias=-47.1250
[pop01_soft:00400] loss=0.961841 tau=3.00 collapse_w=0.000 mid_frac=0.438 hard=score=52.3192710137 wNMSE=0.11839154 wMSE=6193.0013 wMRED=2.64438594 wER=0.433284 wMAE=37.6907 wBias=-25.7916 condBias=48.1011 dotDrift=-20.975sigma uMRED=0.0889573706 uER=0.425781 uMAE=40.5000 WCE=356 bias=-11.3750
[pop01_soft:00600] loss=0.298091 tau=3.75 collapse_w=0.000 mid_frac=0.420 hard=score=1.0248425557 wNMSE=0.01702827 wMSE=890.7401 wMRED=0.50918646 wER=0.365300 wMAE=11.9056 wBias=3.5394 condBias=15.6040 dotDrift=+7.590sigma uMRED=0.0481861239 uER=0.399414 uMAE=32.0391 WCE=272 bias=16.1250
[pop01_soft:00800] loss=0.139128 tau=4.50 collapse_w=0.084 mid_frac=0.420 hard=score=2.3124181791 wNMSE=0.016817036 wMSE=879.6906 wMRED=0.49821081 wER=0.363507 wMAE=11.4580 wBias=5.3829 condBias=15.8355 dotDrift=+11.615sigma uMRED=0.0471912344 uER=0.384766 uMAE=31.3828 WCE=272 bias=18.6250
[pop01_soft:01000] loss=0.103066 tau=5.25 collapse_w=0.293 mid_frac=0.357 hard=score=3.4514705563 wNMSE=0.02000088 wMSE=1046.2358 wMRED=0.53548636 wER=0.365300 wMAE=12.8814 wBias=6.5898 condBias=17.7635 dotDrift=+13.039sigma uMRED=0.0518663411 uER=0.399414 uMAE=34.3828 WCE=304 bias=19.6250
[pop01_soft:01199] loss=0.074524 tau=6.00 collapse_w=0.500 mid_frac=0.348 hard=score=7.3553265991 wNMSE=0.026618882 wMSE=1392.4202 wMRED=0.76102277 wER=0.365300 wMAE=15.9422 wBias=9.6506 condBias=20.5540 dotDrift=+16.552sigma uMRED=0.0564373284 uER=0.399414 uMAE=35.3828 WCE=304 bias=20.6250
[pop01_hard:00000] loss=7.413260 tau=6.00 collapse_w=0.500 mid_frac=0.348 hard=score=7.3553265991 wNMSE=0.026618882 wMSE=1392.4202 wMRED=0.76102277 wER=0.365300 wMAE=15.9422 wBias=9.6506 condBias=20.5540 dotDrift=+16.552sigma uMRED=0.0564373284 uER=0.399414 uMAE=35.3828 WCE=304 bias=20.6250
[pop01_hard:00200] loss=1.554015 tau=6.00 collapse_w=0.500 mid_frac=0.384 hard=score=1.5108125142 wNMSE=0.026590416 wMSE=1390.9311 wMRED=0.54209566 wER=0.365300 wMAE=13.5546 wBias=4.2871 condBias=19.7249 dotDrift=+7.357sigma uMRED=0.0648666420 uER=0.399414 uMAE=45.7109 WCE=480 bias=-12.3750
[pop01_hard:00400] loss=0.533165 tau=6.00 collapse_w=0.500 mid_frac=0.411 hard=score=0.4820851687 wNMSE=0.023907194 wMSE=1250.5731 wMRED=0.51841759 wER=0.380146 wMAE=12.3851 wBias=2.2984 condBias=18.2779 dotDrift=+4.160sigma uMRED=0.0586539251 uER=0.405273 uMAE=41.1406 WCE=496 bias=-19.0000
[pop01_hard:00599] loss=7.982467 tau=6.00 collapse_w=0.500 mid_frac=0.402 hard=score=0.4820851687 wNMSE=0.023907194 wMSE=1250.5731 wMRED=0.51841759 wER=0.380146 wMAE=12.3851 wBias=2.2984 condBias=18.2779 dotDrift=+4.160sigma uMRED=0.0586539251 uER=0.405273 uMAE=41.1406 WCE=496 bias=-19.0000
[pop01] done (conf=0.51, noise=1.0); global best score=0.0073429559 wNMSE=0.001032541 wMSE=54.0117 wMRED=0.09263503 wER=0.171854 wMAE=2.4233 wBias=-0.1846 condBias=4.1855 dotDrift=-1.608sigma uMRED=0.0063010340 uER=0.216797 uMAE=3.5312 WCE=48 bias=-0.1250
[pop02_soft:00000] loss=4.879426 tau=1.50 collapse_w=0.000 mid_frac=0.348 hard=score=16.2108543141 wNMSE=1.1516264 wMSE=60240.9900 wMRED=10.13055643 wER=0.437075 wMAE=142.4384 wBias=13.4495 condBias=147.0013 dotDrift=+3.507sigma uMRED=0.2626922795 uER=0.437500 uMAE=96.8105 WCE=676 bias=36.5000
[pop02_soft:00200] loss=1.852270 tau=2.25 collapse_w=0.000 mid_frac=0.295 hard=score=288.2561523726 wNMSE=0.83356637 wMSE=43603.4320 wMRED=7.21951989 wER=0.394042 wMAE=92.2828 wBias=-60.5156 condBias=120.1714 dotDrift=-18.548sigma uMRED=0.2012371047 uER=0.422852 uMAE=78.7676 WCE=792 bias=-55.9375
[pop02_soft:00400] loss=0.632363 tau=3.00 collapse_w=0.000 mid_frac=0.295 hard=score=0.1115450225 wNMSE=0.021427632 wMSE=1120.8685 wMRED=0.48870862 wER=0.313473 wMAE=12.4826 wBias=-0.8181 condBias=18.4534 dotDrift=-1.564sigma uMRED=0.0571519250 uER=0.394531 uMAE=39.4688 WCE=384 bias=-26.8750
[pop02_soft:00600] loss=0.152442 tau=3.75 collapse_w=0.000 mid_frac=0.268 hard=score=0.4022818817 wNMSE=0.030314668 wMSE=1585.7449 wMRED=0.81513285 wER=0.362600 wMAE=17.5734 wBias=-2.0251 condBias=23.0722 dotDrift=-3.255sigma uMRED=0.0665771758 uER=0.418945 uMAE=42.8125 WCE=384 bias=-37.3750
[pop02_soft:00800] loss=0.068539 tau=4.50 collapse_w=0.084 mid_frac=0.277 hard=score=0.1139609561 wNMSE=0.027510463 wMSE=1439.0583 wMRED=0.83520515 wER=0.356591 wMAE=16.8780 wBias=0.7647 condBias=20.0169 dotDrift=+1.290sigma uMRED=0.0604381588 uER=0.407227 uMAE=39.0156 WCE=328 bias=-18.1250
[pop02_soft:01000] loss=0.055080 tau=5.25 collapse_w=0.293 mid_frac=0.196 hard=score=0.0786287392 wNMSE=0.028785023 wMSE=1505.7299 wMRED=0.78428849 wER=0.346262 wMAE=16.0584 wBias=0.1483 condBias=21.1183 dotDrift=+0.245sigma uMRED=0.0676556487 uER=0.395508 uMAE=44.7969 WCE=396 bias=-22.6250
[pop02_soft:01199] loss=0.042653 tau=6.00 collapse_w=0.500 mid_frac=0.161 hard=score=0.1218650840 wNMSE=0.027638562 wMSE=1445.7591 wMRED=0.73949722 wER=0.332149 wMAE=15.3870 wBias=-0.7634 condBias=20.6595 dotDrift=-1.285sigma uMRED=0.0653166105 uER=0.392578 uMAE=43.4688 WCE=396 bias=-38.1250
[pop02_hard:00000] loss=0.169363 tau=6.00 collapse_w=0.500 mid_frac=0.161 hard=score=0.1218650840 wNMSE=0.027638562 wMSE=1445.7591 wMRED=0.73949722 wER=0.332149 wMAE=15.3870 wBias=-0.7634 condBias=20.6595 dotDrift=-1.285sigma uMRED=0.0653166105 uER=0.392578 uMAE=43.4688 WCE=396 bias=-38.1250
[pop02_hard:00200] loss=0.164115 tau=6.00 collapse_w=0.500 mid_frac=0.161 hard=score=0.1218650840 wNMSE=0.027638562 wMSE=1445.7591 wMRED=0.73949722 wER=0.332149 wMAE=15.3870 wBias=-0.7634 condBias=20.6595 dotDrift=-1.285sigma uMRED=0.0653166105 uER=0.392578 uMAE=43.4688 WCE=396 bias=-38.1250
[pop02_hard:00400] loss=0.159751 tau=6.00 collapse_w=0.500 mid_frac=0.152 hard=score=0.1198149735 wNMSE=0.028285595 wMSE=1479.6050 wMRED=0.74028338 wER=0.332149 wMAE=15.4532 wBias=0.7535 condBias=20.9177 dotDrift=+1.254sigma uMRED=0.0663852918 uER=0.392578 uMAE=44.2969 WCE=396 bias=-22.1250
[pop02_hard:00599] loss=0.160239 tau=6.00 collapse_w=0.500 mid_frac=0.161 hard=score=0.1218650840 wNMSE=0.027638562 wMSE=1445.7591 wMRED=0.73949722 wER=0.332149 wMAE=15.3870 wBias=-0.7634 condBias=20.6595 dotDrift=-1.285sigma uMRED=0.0653166105 uER=0.392578 uMAE=43.4688 WCE=396 bias=-38.1250
[pop02] done (conf=0.53, noise=0.5); global best score=0.0073429559 wNMSE=0.001032541 wMSE=54.0117 wMRED=0.09263503 wER=0.171854 wMAE=2.4233 wBias=-0.1846 condBias=4.1855 dotDrift=-1.608sigma uMRED=0.0063010340 uER=0.216797 uMAE=3.5312 WCE=48 bias=-0.1250
[pop03_soft:00000] loss=3.087734 tau=1.50 collapse_w=0.000 mid_frac=0.500 hard=score=97.6289334243 wNMSE=1.2231281 wMSE=63981.2079 wMRED=12.65194798 wER=0.437075 wMAE=72.5519 wBias=34.9877 condBias=82.3648 dotDrift=+8.853sigma uMRED=0.2440710880 uER=0.437500 uMAE=82.4092 WCE=3946 bias=49.9375
[pop03_soft:00200] loss=1.216207 tau=2.25 collapse_w=0.000 mid_frac=0.411 hard=score=20.1192678692 wNMSE=0.20886262 wMSE=10925.4970 wMRED=3.99879134 wER=0.411665 wMAE=56.2444 wBias=-15.8592 condBias=60.1823 dotDrift=-9.710sigma uMRED=0.1222026922 uER=0.425781 uMAE=55.5312 WCE=468 bias=-9.2500
[pop03_soft:00400] loss=0.693453 tau=3.00 collapse_w=0.000 mid_frac=0.446 hard=score=0.7573724378 wNMSE=0.12908411 wMSE=6752.3238 wMRED=2.91452531 wER=0.382032 wMAE=42.6721 wBias=2.4991 condBias=44.3304 dotDrift=+1.946sigma uMRED=0.1095923771 uER=0.414062 uMAE=56.1172 WCE=504 bias=39.2500
[pop03_soft:00600] loss=0.307115 tau=3.75 collapse_w=0.000 mid_frac=0.420 hard=score=2.6458118815 wNMSE=0.054429047 wMSE=2847.1557 wMRED=1.68840271 wER=0.396990 wMAE=27.7602 wBias=5.6871 condBias=24.1902 dotDrift=+6.821sigma uMRED=0.0679615494 uER=0.397461 uMAE=37.8359 WCE=468 bias=-14.0000
[pop03_soft:00800] loss=0.144460 tau=4.50 collapse_w=0.084 mid_frac=0.411 hard=score=1.7588792951 wNMSE=0.020740403 wMSE=1084.9199 wMRED=0.85566112 wER=0.306999 wMAE=14.3104 wBias=-4.6652 condBias=16.7505 dotDrift=-9.065sigma uMRED=0.0489356377 uER=0.375000 uMAE=30.0312 WCE=332 bias=12.8750
[pop03_soft:01000] loss=0.078603 tau=5.25 collapse_w=0.293 mid_frac=0.384 hard=score=0.7248437384 wNMSE=0.020261259 wMSE=1059.8561 wMRED=0.76333768 wER=0.289974 wMAE=13.2674 wBias=-2.9245 condBias=16.3272 dotDrift=-5.749sigma uMRED=0.0475290241 uER=0.370117 uMAE=29.9531 WCE=332 bias=14.8750
[pop03_soft:01199] loss=0.058068 tau=6.00 collapse_w=0.500 mid_frac=0.375 hard=score=0.2305654192 wNMSE=0.018534329 wMSE=969.5213 wMRED=0.57535045 wER=0.275799 wMAE=11.9174 wBias=-1.5068 condBias=14.6066 dotDrift=-3.097sigma uMRED=0.0445466814 uER=0.367188 uMAE=29.4531 WCE=332 bias=15.8750
[pop03_hard:00000] loss=0.276418 tau=6.00 collapse_w=0.500 mid_frac=0.375 hard=score=0.2305654192 wNMSE=0.018534329 wMSE=969.5213 wMRED=0.57535045 wER=0.275799 wMAE=11.9174 wBias=-1.5068 condBias=14.6066 dotDrift=-3.097sigma uMRED=0.0445466814 uER=0.367188 uMAE=29.4531 WCE=332 bias=15.8750
[pop03_hard:00200] loss=9.131302 tau=6.00 collapse_w=0.500 mid_frac=0.366 hard=score=9.0848998321 wNMSE=0.023002562 wMSE=1203.2523 wMRED=0.65536259 wER=0.278205 wMAE=13.6588 wBias=10.7364 condBias=19.6169 dotDrift=+19.809sigma uMRED=0.0477411517 uER=0.368164 uMAE=30.3047 WCE=332 bias=19.8750
[pop03_hard:00400] loss=0.272354 tau=6.00 collapse_w=0.500 mid_frac=0.375 hard=score=0.2305654192 wNMSE=0.018534329 wMSE=969.5213 wMRED=0.57535045 wER=0.275799 wMAE=11.9174 wBias=-1.5068 condBias=14.6066 dotDrift=-3.097sigma uMRED=0.0445466814 uER=0.367188 uMAE=29.4531 WCE=332 bias=15.8750
[pop03_hard:00599] loss=0.271738 tau=6.00 collapse_w=0.500 mid_frac=0.375 hard=score=0.2305654192 wNMSE=0.018534329 wMSE=969.5213 wMRED=0.57535045 wER=0.275799 wMAE=11.9174 wBias=-1.5068 condBias=14.6066 dotDrift=-3.097sigma uMRED=0.0445466814 uER=0.367188 uMAE=29.4531 WCE=332 bias=15.8750
[pop03] done (conf=0.51, noise=1.0); global best score=0.0073429559 wNMSE=0.001032541 wMSE=54.0117 wMRED=0.09263503 wER=0.171854 wMAE=2.4233 wBias=-0.1846 condBias=4.1855 dotDrift=-1.608sigma uMRED=0.0063010340 uER=0.216797 uMAE=3.5312 WCE=48 bias=-0.1250
[pop04_soft:00000] loss=5.217602 tau=1.50 collapse_w=0.000 mid_frac=0.321 hard=score=101.0318664738 wNMSE=2.3328963 wMSE=122032.6145 wMRED=13.10037620 wER=0.435939 wMAE=172.0002 wBias=35.2435 condBias=183.6801 dotDrift=+6.457sigma uMRED=0.2734935648 uER=0.431641 uMAE=70.0898 WCE=897 bias=24.2500
[pop04_soft:00200] loss=2.143269 tau=2.25 collapse_w=0.000 mid_frac=0.339 hard=score=198.8161468014 wNMSE=1.1731232 wMSE=61365.4765 wMRED=8.86164848 wER=0.405500 wMAE=120.1384 wBias=-50.1385 condBias=132.8726 dotDrift=-12.954sigma uMRED=0.2503294754 uER=0.402344 uMAE=94.1719 WCE=824 bias=-74.5000
[pop04_soft:00400] loss=1.193950 tau=3.00 collapse_w=0.000 mid_frac=0.286 hard=score=3.0123326463 wNMSE=0.16440917 wMSE=8600.1597 wMRED=3.40312382 wER=0.399916 wMAE=48.3815 wBias=5.8909 condBias=48.4314 dotDrift=+4.065sigma uMRED=0.1014875172 uER=0.395508 uMAE=42.5547 WCE=292 bias=-11.3750
[pop04_soft:00600] loss=0.456180 tau=3.75 collapse_w=0.000 mid_frac=0.268 hard=score=25.0854828149 wNMSE=0.15200856 wMSE=7951.4904 wMRED=2.93875954 wER=0.400311 wMAE=45.3049 wBias=17.8114 condBias=41.7392 dotDrift=+12.784sigma uMRED=0.0962174704 uER=0.404297 uMAE=43.5938 WCE=320 bias=-12.3750
[pop04_soft:00800] loss=0.227739 tau=4.50 collapse_w=0.084 mid_frac=0.250 hard=score=9.1255968602 wNMSE=0.038852224 wMSE=2032.3400 wMRED=1.18737825 wER=0.359029 wMAE=21.7961 wBias=-10.7392 condBias=30.9646 dotDrift=-15.246sigma uMRED=0.0633383231 uER=0.375000 uMAE=35.5547 WCE=284 bias=-15.6250
[pop04_soft:01000] loss=0.169208 tau=5.25 collapse_w=0.293 mid_frac=0.205 hard=score=8.4461312708 wNMSE=0.03749796 wMSE=1961.4992 wMRED=1.18469685 wER=0.359029 wMAE=21.5194 wBias=-10.3292 condBias=30.1955 dotDrift=-14.926sigma uMRED=0.0570459444 uER=0.375000 uMAE=30.0078 WCE=284 bias=-7.6250
[pop04_soft:01199] loss=0.119147 tau=6.00 collapse_w=0.500 mid_frac=0.161 hard=score=8.4461312708 wNMSE=0.03749796 wMSE=1961.4992 wMRED=1.18469685 wER=0.359029 wMAE=21.5194 wBias=-10.3292 condBias=30.1955 dotDrift=-14.926sigma uMRED=0.0570459444 uER=0.375000 uMAE=30.0078 WCE=284 bias=-7.6250
[pop04_hard:00000] loss=8.518661 tau=6.00 collapse_w=0.500 mid_frac=0.161 hard=score=8.4461312708 wNMSE=0.03749796 wMSE=1961.4992 wMRED=1.18469685 wER=0.359029 wMAE=21.5194 wBias=-10.3292 condBias=30.1955 dotDrift=-14.926sigma uMRED=0.0570459444 uER=0.375000 uMAE=30.0078 WCE=284 bias=-7.6250
[pop04_hard:00200] loss=8.514172 tau=6.00 collapse_w=0.500 mid_frac=0.161 hard=score=8.4461312708 wNMSE=0.03749796 wMSE=1961.4992 wMRED=1.18469685 wER=0.359029 wMAE=21.5194 wBias=-10.3292 condBias=30.1955 dotDrift=-14.926sigma uMRED=0.0570459444 uER=0.375000 uMAE=30.0078 WCE=284 bias=-7.6250
[pop04_hard:00400] loss=5.697765 tau=6.00 collapse_w=0.500 mid_frac=0.143 hard=score=5.6310353056 wNMSE=0.036280525 wMSE=1897.8158 wMRED=1.17191906 wER=0.359029 wMAE=21.3712 wBias=-8.4105 condBias=30.7666 dotDrift=-12.356sigma uMRED=0.0551760412 uER=0.375000 uMAE=29.7109 WCE=284 bias=-3.6250
[pop04_hard:00599] loss=35.080326 tau=6.00 collapse_w=0.500 mid_frac=0.143 hard=score=34.9254584409 wNMSE=0.14948529 wMSE=7819.4991 wMRED=2.89401521 wER=0.382949 wMAE=44.5027 wBias=21.0483 condBias=40.6008 dotDrift=+15.234sigma uMRED=0.0849280255 uER=0.378906 uMAE=35.2422 WCE=284 bias=4.3750
[pop04] done (conf=0.53, noise=0.5); global best score=0.0073429559 wNMSE=0.001032541 wMSE=54.0117 wMRED=0.09263503 wER=0.171854 wMAE=2.4233 wBias=-0.1846 condBias=4.1855 dotDrift=-1.608sigma uMRED=0.0063010340 uER=0.216797 uMAE=3.5312 WCE=48 bias=-0.1250
[pop05_soft:00000] loss=3.230169 tau=1.50 collapse_w=0.000 mid_frac=0.429 hard=score=109.9155321925 wNMSE=0.850705 wMSE=44499.9448 wMRED=7.55021053 wER=0.436817 wMAE=101.6790 wBias=-37.2123 condBias=116.3237 dotDrift=-11.290sigma uMRED=0.2338198898 uER=0.436523 uMAE=101.5723 WCE=866 bias=18.4375
[pop05_soft:00200] loss=1.791478 tau=2.25 collapse_w=0.000 mid_frac=0.420 hard=score=174.3972150050 wNMSE=0.81763143 wMSE=42769.8832 wMRED=7.44796199 wER=0.436817 wMAE=98.7371 wBias=-46.9976 condBias=116.4187 dotDrift=-14.544sigma uMRED=0.2038897092 uER=0.436523 uMAE=77.8223 WCE=712 bias=-9.0625
[pop05_soft:00400] loss=0.672563 tau=3.00 collapse_w=0.000 mid_frac=0.357 hard=score=1.7808643266 wNMSE=0.052205695 wMSE=2730.8533 wMRED=0.86809530 wER=0.326519 wMAE=20.2756 wBias=4.5968 condBias=30.7812 dotDrift=+5.630sigma uMRED=0.0758416171 uER=0.415039 uMAE=50.0469 WCE=560 bias=20.7500
[pop05_soft:00600] loss=0.235220 tau=3.75 collapse_w=0.000 mid_frac=0.357 hard=score=6.0288072919 wNMSE=0.029256488 wMSE=1530.3920 wMRED=0.78360081 wER=0.305861 wMAE=17.1420 wBias=8.7323 condBias=18.0875 dotDrift=+14.286sigma uMRED=0.0466814563 uER=0.395508 uMAE=29.3750 WCE=256 bias=7.7500
[pop05_soft:00800] loss=0.081342 tau=4.50 collapse_w=0.084 mid_frac=0.330 hard=score=4.4365715308 wNMSE=0.026512606 wMSE=1386.8609 wMRED=0.73859743 wER=0.313520 wMAE=15.6152 wBias=7.4816 condBias=16.9939 dotDrift=+12.857sigma uMRED=0.0447698912 uER=0.379883 uMAE=27.7656 WCE=256 bias=-2.1250
[pop05_soft:01000] loss=0.059198 tau=5.25 collapse_w=0.293 mid_frac=0.277 hard=score=0.2246670790 wNMSE=0.019642554 wMSE=1027.4920 wMRED=0.24426035 wER=0.226554 wMAE=8.8868 wBias=1.5309 condBias=9.3154 dotDrift=+3.057sigma uMRED=0.0361050344 uER=0.355469 uMAE=27.0312 WCE=256 bias=-0.6250
[pop05_soft:01199] loss=0.047603 tau=6.00 collapse_w=0.500 mid_frac=0.277 hard=score=0.3393854518 wNMSE=0.018401699 wMSE=962.5835 wMRED=0.24456930 wER=0.226554 wMAE=8.6779 wBias=1.9539 condBias=10.3962 dotDrift=+4.031sigma uMRED=0.0359115866 uER=0.355469 uMAE=26.5312 WCE=256 bias=0.3750
[pop05_hard:00000] loss=0.368163 tau=6.00 collapse_w=0.500 mid_frac=0.277 hard=score=0.3393854518 wNMSE=0.018401699 wMSE=962.5835 wMRED=0.24456930 wER=0.226554 wMAE=8.6779 wBias=1.9539 condBias=10.3962 dotDrift=+4.031sigma uMRED=0.0359115866 uER=0.355469 uMAE=26.5312 WCE=256 bias=0.3750
[pop05_hard:00200] loss=0.255297 tau=6.00 collapse_w=0.500 mid_frac=0.268 hard=score=0.2246670790 wNMSE=0.019642554 wMSE=1027.4920 wMRED=0.24426035 wER=0.226554 wMAE=8.8868 wBias=1.5309 condBias=9.3154 dotDrift=+3.057sigma uMRED=0.0361050344 uER=0.355469 uMAE=27.0312 WCE=256 bias=-0.6250
[pop05_hard:00400] loss=0.254151 tau=6.00 collapse_w=0.500 mid_frac=0.268 hard=score=0.2246670790 wNMSE=0.019642554 wMSE=1027.4920 wMRED=0.24426035 wER=0.226554 wMAE=8.8868 wBias=1.5309 condBias=9.3154 dotDrift=+3.057sigma uMRED=0.0361050344 uER=0.355469 uMAE=27.0312 WCE=256 bias=-0.6250
[pop05_hard:00599] loss=0.265893 tau=6.00 collapse_w=0.500 mid_frac=0.268 hard=score=0.2246670790 wNMSE=0.019642554 wMSE=1027.4920 wMRED=0.24426035 wER=0.226554 wMAE=8.8868 wBias=1.5309 condBias=9.3154 dotDrift=+3.057sigma uMRED=0.0361050344 uER=0.355469 uMAE=27.0312 WCE=256 bias=-0.6250
[pop05] done (conf=0.51, noise=1.0); global best score=0.0073429559 wNMSE=0.001032541 wMSE=54.0117 wMRED=0.09263503 wER=0.171854 wMAE=2.4233 wBias=-0.1846 condBias=4.1855 dotDrift=-1.608sigma uMRED=0.0063010340 uER=0.216797 uMAE=3.5312 WCE=48 bias=-0.1250
[pop06_soft:00000] loss=4.018591 tau=1.50 collapse_w=0.000 mid_frac=0.321 hard=score=155.8464585417 wNMSE=0.25069775 wMSE=13113.8716 wMRED=2.32885632 wER=0.413347 wMAE=48.0304 wBias=44.5483 condBias=73.9514 dotDrift=+24.897sigma uMRED=0.1232487205 uER=0.431641 uMAE=67.9336 WCE=608 bias=26.6875
[pop06_soft:00200] loss=1.153188 tau=2.25 collapse_w=0.000 mid_frac=0.295 hard=score=19.4116775848 wNMSE=0.12165232 wMSE=6363.5708 wMRED=2.97023000 wER=0.412085 wMAE=40.6621 wBias=-15.6393 condBias=43.8363 dotDrift=-12.547sigma uMRED=0.1025318821 uER=0.425781 uMAE=51.7734 WCE=436 bias=-29.1250
[pop06_soft:00400] loss=0.353798 tau=3.00 collapse_w=0.000 mid_frac=0.321 hard=score=1.4479894442 wNMSE=0.02311692 wMSE=1209.2343 wMRED=0.75661501 wER=0.329052 wMAE=15.0984 wBias=4.2107 condBias=18.6539 dotDrift=+7.750sigma uMRED=0.0599610336 uER=0.400391 uMAE=41.0938 WCE=340 bias=-17.2500
[pop06_soft:00600] loss=0.098064 tau=3.75 collapse_w=0.000 mid_frac=0.304 hard=score=4.6410512097 wNMSE=0.019920648 wMSE=1042.0390 wMRED=0.73926900 wER=0.339215 wMAE=14.5952 wBias=7.6603 condBias=17.4998 dotDrift=+15.187sigma uMRED=0.0467322648 uER=0.401367 uMAE=29.3359 WCE=224 bias=1.7500
[pop06_soft:00800] loss=0.057422 tau=4.50 collapse_w=0.084 mid_frac=0.188 hard=score=0.7892897418 wNMSE=0.0078890893 wMSE=412.6742 wMRED=0.22200763 wER=0.252664 wMAE=6.4271 wBias=3.1221 condBias=11.3196 dotDrift=+9.836sigma uMRED=0.0298694889 uER=0.363281 uMAE=20.4922 WCE=204 bias=1.8750
[pop06_soft:01000] loss=0.045908 tau=5.25 collapse_w=0.293 mid_frac=0.152 hard=score=0.3710678727 wNMSE=0.0072774275 wMSE=380.6785 wMRED=0.17192442 wER=0.222695 wMAE=5.4551 wBias=2.1029 condBias=10.9856 dotDrift=+6.898sigma uMRED=0.0284649821 uER=0.349609 uMAE=20.0547 WCE=204 bias=0.8750
[pop06_soft:01199] loss=0.035076 tau=6.00 collapse_w=0.500 mid_frac=0.152 hard=score=0.3710678727 wNMSE=0.0072774275 wMSE=380.6785 wMRED=0.17192442 wER=0.222695 wMAE=5.4551 wBias=2.1029 condBias=10.9856 dotDrift=+6.898sigma uMRED=0.0284649821 uER=0.349609 uMAE=20.0547 WCE=204 bias=0.8750
[pop06_hard:00000] loss=0.392982 tau=6.00 collapse_w=0.500 mid_frac=0.152 hard=score=0.3710678727 wNMSE=0.0072774275 wMSE=380.6785 wMRED=0.17192442 wER=0.222695 wMAE=5.4551 wBias=2.1029 condBias=10.9856 dotDrift=+6.898sigma uMRED=0.0284649821 uER=0.349609 uMAE=20.0547 WCE=204 bias=0.8750
[pop06_hard:00200] loss=0.394752 tau=6.00 collapse_w=0.500 mid_frac=0.161 hard=score=0.3710678727 wNMSE=0.0072774275 wMSE=380.6785 wMRED=0.17192442 wER=0.222695 wMAE=5.4551 wBias=2.1029 condBias=10.9856 dotDrift=+6.898sigma uMRED=0.0284649821 uER=0.349609 uMAE=20.0547 WCE=204 bias=0.8750
[pop06_hard:00400] loss=0.146305 tau=6.00 collapse_w=0.500 mid_frac=0.170 hard=score=0.1112314144 wNMSE=0.0081868536 wMSE=428.2501 wMRED=0.16677754 wER=0.239215 wMAE=5.5945 wBias=1.0374 condBias=11.4639 dotDrift=+3.208sigma uMRED=0.0331212504 uER=0.352539 uMAE=24.3125 WCE=220 bias=-7.7500
[pop06_hard:00599] loss=0.064517 tau=6.00 collapse_w=0.500 mid_frac=0.152 hard=score=0.0352875559 wNMSE=0.0083819737 wMSE=438.4568 wMRED=0.21999456 wER=0.280823 wMAE=6.3883 wBias=-0.3163 condBias=11.3952 dotDrift=-0.967sigma uMRED=0.0339751032 uER=0.360352 uMAE=24.4141 WCE=220 bias=-8.1250
[pop06] done (conf=0.53, noise=0.5); global best score=0.0073429559 wNMSE=0.001032541 wMSE=54.0117 wMRED=0.09263503 wER=0.171854 wMAE=2.4233 wBias=-0.1846 condBias=4.1855 dotDrift=-1.608sigma uMRED=0.0063010340 uER=0.216797 uMAE=3.5312 WCE=48 bias=-0.1250
[pop07_soft:00000] loss=4.268528 tau=1.50 collapse_w=0.000 mid_frac=0.500 hard=score=75.8003493923 wNMSE=0.23022305 wMSE=12042.8501 wMRED=2.72212628 wER=0.415457 wMAE=51.2313 wBias=31.0264 condBias=60.1875 dotDrift=+18.094sigma uMRED=0.1490871100 uER=0.430664 uMAE=86.1484 WCE=704 bias=43.3750
[pop07_soft:00200] loss=1.519391 tau=2.25 collapse_w=0.000 mid_frac=0.411 hard=score=0.9840016200 wNMSE=0.22140384 wMSE=11581.5218 wMRED=2.83353299 wER=0.427594 wMAE=49.4366 wBias=-2.5112 condBias=57.3972 dotDrift=-1.493sigma uMRED=0.1384828212 uER=0.431641 uMAE=76.6855 WCE=745 bias=-8.4375
[pop07_soft:00400] loss=0.915851 tau=3.00 collapse_w=0.000 mid_frac=0.411 hard=score=4.2896129049 wNMSE=0.2176169 wMSE=11383.4291 wMRED=3.02047575 wER=0.436265 wMAE=51.4811 wBias=-6.9772 condBias=56.7162 dotDrift=-4.185sigma uMRED=0.1343271305 uER=0.428711 uMAE=70.9258 WCE=712 bias=-7.8750
[pop07_soft:00600] loss=0.279578 tau=3.75 collapse_w=0.000 mid_frac=0.348 hard=score=0.9227631786 wNMSE=0.039651966 wMSE=2074.1741 wMRED=1.01100243 wER=0.431727 wMAE=22.0652 wBias=3.2701 condBias=17.3989 dotDrift=+4.595sigma uMRED=0.0718840196 uER=0.422852 uMAE=47.8281 WCE=388 bias=14.7500
[pop07_soft:00800] loss=0.166914 tau=4.50 collapse_w=0.084 mid_frac=0.384 hard=score=0.2741456990 wNMSE=0.040462552 wMSE=2116.5755 wMRED=1.01176894 wER=0.400837 wMAE=21.5527 wBias=1.5406 condBias=19.5181 dotDrift=+2.143sigma uMRED=0.0728101966 uER=0.418945 uMAE=47.3750 WCE=388 bias=16.7500
[pop07_soft:01000] loss=0.117809 tau=5.25 collapse_w=0.293 mid_frac=0.339 hard=score=0.1756922857 wNMSE=0.039387823 wMSE=2060.3569 wMRED=1.02437208 wER=0.401421 wMAE=21.4495 wBias=1.1018 condBias=18.7758 dotDrift=+1.553sigma uMRED=0.0691820728 uER=0.414062 uMAE=43.7031 WCE=300 bias=12.5000
[pop07_soft:01199] loss=0.083637 tau=6.00 collapse_w=0.500 mid_frac=0.339 hard=score=0.1756922857 wNMSE=0.039387823 wMSE=2060.3569 wMRED=1.02437208 wER=0.401421 wMAE=21.4495 wBias=1.1018 condBias=18.7758 dotDrift=+1.553sigma uMRED=0.0691820728 uER=0.414062 uMAE=43.7031 WCE=300 bias=12.5000
[pop07_hard:00000] loss=0.245971 tau=6.00 collapse_w=0.500 mid_frac=0.339 hard=score=0.1756922857 wNMSE=0.039387823 wMSE=2060.3569 wMRED=1.02437208 wER=0.401421 wMAE=21.4495 wBias=1.1018 condBias=18.7758 dotDrift=+1.553sigma uMRED=0.0691820728 uER=0.414062 uMAE=43.7031 WCE=300 bias=12.5000
[pop07_hard:00200] loss=0.245070 tau=6.00 collapse_w=0.500 mid_frac=0.330 hard=score=0.1756922857 wNMSE=0.039387823 wMSE=2060.3569 wMRED=1.02437208 wER=0.401421 wMAE=21.4495 wBias=1.1018 condBias=18.7758 dotDrift=+1.553sigma uMRED=0.0691820728 uER=0.414062 uMAE=43.7031 WCE=300 bias=12.5000
[pop07_hard:00400] loss=0.155546 tau=6.00 collapse_w=0.500 mid_frac=0.339 hard=score=0.0828264191 wNMSE=0.036116893 wMSE=1889.2563 wMRED=1.01711297 wER=0.401095 wMAE=20.8161 wBias=0.3433 condBias=17.5569 dotDrift=+0.506sigma uMRED=0.0603864870 uER=0.410156 uMAE=36.6953 WCE=284 bias=4.5000
[pop07_hard:00599] loss=0.160429 tau=6.00 collapse_w=0.500 mid_frac=0.330 hard=score=0.0938234025 wNMSE=0.037197669 wMSE=1945.7911 wMRED=1.01824568 wER=0.401095 wMAE=20.9265 wBias=-0.4425 condBias=18.0268 dotDrift=-0.642sigma uMRED=0.0628867930 uER=0.410156 uMAE=38.8047 WCE=352 bias=-11.5000
[pop07] done (conf=0.51, noise=1.0); global best score=0.0073429559 wNMSE=0.001032541 wMSE=54.0117 wMRED=0.09263503 wER=0.171854 wMAE=2.4233 wBias=-0.1846 condBias=4.1855 dotDrift=-1.608sigma uMRED=0.0063010340 uER=0.216797 uMAE=3.5312 WCE=48 bias=-0.1250
[pop08_soft:00000] loss=5.381627 tau=1.50 collapse_w=0.000 mid_frac=0.250 hard=score=22.1377152354 wNMSE=1.080827 wMSE=56537.5082 wMRED=8.60063400 wER=0.391298 wMAE=118.0954 wBias=16.1554 condBias=120.0162 dotDrift=+4.348sigma uMRED=0.2064550402 uER=0.396484 uMAE=63.0176 WCE=537 bias=10.5000
[pop08_soft:00200] loss=1.745527 tau=2.25 collapse_w=0.000 mid_frac=0.250 hard=score=2.2932535757 wNMSE=1.1587477 wMSE=60613.5036 wMRED=8.98858415 wER=0.414374 wMAE=120.0040 wBias=-2.5121 condBias=123.8268 dotDrift=-0.653sigma uMRED=0.2323560603 uER=0.418945 uMAE=85.6328 WCE=601 bias=-40.4375
[pop08_soft:00400] loss=0.469190 tau=3.00 collapse_w=0.000 mid_frac=0.241 hard=score=0.0591211885 wNMSE=0.015784354 wMSE=825.6715 wMRED=0.38395580 wER=0.325500 wMAE=10.5273 wBias=-0.4666 condBias=14.4335 dotDrift=-1.039sigma uMRED=0.0410128043 uER=0.367188 uMAE=27.1016 WCE=288 bias=-6.6250
[pop08_soft:00600] loss=0.098789 tau=3.75 collapse_w=0.000 mid_frac=0.232 hard=score=0.0857535616 wNMSE=0.018933194 wMSE=990.3857 wMRED=0.37185738 wER=0.288787 wMAE=10.8637 wBias=-0.6890 condBias=16.3770 dotDrift=-1.401sigma uMRED=0.0464984164 uER=0.353516 uMAE=31.2266 WCE=312 bias=-12.2500
[pop08_soft:00800] loss=0.053516 tau=4.50 collapse_w=0.084 mid_frac=0.196 hard=score=0.4290406139 wNMSE=0.010791331 wMSE=564.4890 wMRED=0.26539233 wER=0.251980 wMAE=7.5261 wBias=-2.2520 condBias=11.3891 dotDrift=-6.066sigma uMRED=0.0351317549 uER=0.333984 uMAE=24.6406 WCE=248 bias=-17.1250
[pop08_soft:01000] loss=0.040398 tau=5.25 collapse_w=0.293 mid_frac=0.098 hard=score=0.5036825932 wNMSE=0.0074287383 wMSE=388.5935 wMRED=0.17413159 wER=0.206523 wMAE=5.7482 wBias=-2.4804 condBias=10.4478 dotDrift=-8.053sigma uMRED=0.0220104162 uER=0.303711 uMAE=14.4531 WCE=160 bias=-6.8750
[pop08_soft:01199] loss=0.030241 tau=6.00 collapse_w=0.500 mid_frac=0.080 hard=score=0.5036825932 wNMSE=0.0074287383 wMSE=388.5935 wMRED=0.17413159 wER=0.206523 wMAE=5.7482 wBias=-2.4804 condBias=10.4478 dotDrift=-8.053sigma uMRED=0.0220104162 uER=0.303711 uMAE=14.4531 WCE=160 bias=-6.8750
[pop08_hard:00000] loss=0.524475 tau=6.00 collapse_w=0.500 mid_frac=0.080 hard=score=0.5036825932 wNMSE=0.0074287383 wMSE=388.5935 wMRED=0.17413159 wER=0.206523 wMAE=5.7482 wBias=-2.4804 condBias=10.4478 dotDrift=-8.053sigma uMRED=0.0220104162 uER=0.303711 uMAE=14.4531 WCE=160 bias=-6.8750
[pop08_hard:00200] loss=0.519857 tau=6.00 collapse_w=0.500 mid_frac=0.080 hard=score=0.5036825932 wNMSE=0.0074287383 wMSE=388.5935 wMRED=0.17413159 wER=0.206523 wMAE=5.7482 wBias=-2.4804 condBias=10.4478 dotDrift=-8.053sigma uMRED=0.0220104162 uER=0.303711 uMAE=14.4531 WCE=160 bias=-6.8750
[pop08_hard:00400] loss=0.517542 tau=6.00 collapse_w=0.500 mid_frac=0.080 hard=score=0.5036825932 wNMSE=0.0074287383 wMSE=388.5935 wMRED=0.17413159 wER=0.206523 wMAE=5.7482 wBias=-2.4804 condBias=10.4478 dotDrift=-8.053sigma uMRED=0.0220104162 uER=0.303711 uMAE=14.4531 WCE=160 bias=-6.8750
[pop08_hard:00599] loss=0.516431 tau=6.00 collapse_w=0.500 mid_frac=0.071 hard=score=0.5036825932 wNMSE=0.0074287383 wMSE=388.5935 wMRED=0.17413159 wER=0.206523 wMAE=5.7482 wBias=-2.4804 condBias=10.4478 dotDrift=-8.053sigma uMRED=0.0220104162 uER=0.303711 uMAE=14.4531 WCE=160 bias=-6.8750
[pop08] done (conf=0.53, noise=0.5); global best score=0.0073429559 wNMSE=0.001032541 wMSE=54.0117 wMRED=0.09263503 wER=0.171854 wMAE=2.4233 wBias=-0.1846 condBias=4.1855 dotDrift=-1.608sigma uMRED=0.0063010340 uER=0.216797 uMAE=3.5312 WCE=48 bias=-0.1250
[pop09_soft:00000] loss=4.457627 tau=1.50 collapse_w=0.000 mid_frac=0.402 hard=score=90.0284253452 wNMSE=1.7223848 wMSE=90097.0720 wMRED=11.93271906 wER=0.436096 wMAE=166.1355 wBias=33.3378 condBias=175.3113 dotDrift=+7.108sigma uMRED=0.2876181363 uER=0.428711 uMAE=94.1445 WCE=850 bias=11.6875
[pop09_soft:00200] loss=1.962529 tau=2.25 collapse_w=0.000 mid_frac=0.420 hard=score=259.4180239509 wNMSE=0.66578919 wMSE=34827.0932 wMRED=6.33580446 wER=0.437075 wMAE=88.1800 wBias=-57.4116 condBias=110.9099 dotDrift=-19.689sigma uMRED=0.2003609817 uER=0.437500 uMAE=88.5156 WCE=686 bias=-60.1875
[pop09_soft:00400] loss=1.525933 tau=3.00 collapse_w=0.000 mid_frac=0.455 hard=score=130.0255133475 wNMSE=0.53342138 wMSE=27903.0006 wMRED=5.37044040 wER=0.419157 wMAE=72.8400 wBias=-40.5774 condBias=100.8602 dotDrift=-15.547sigma uMRED=0.1497277204 uER=0.416992 uMAE=58.4062 WCE=544 bias=-18.7500
[pop09_soft:00600] loss=0.781728 tau=3.75 collapse_w=0.000 mid_frac=0.438 hard=score=175.1401869845 wNMSE=0.46215011 wMSE=24174.8369 wMRED=4.32963941 wER=0.325690 wMAE=56.0310 wBias=-47.1787 condBias=93.6618 dotDrift=-19.420sigma uMRED=0.1183342083 uER=0.402344 uMAE=44.4844 WCE=512 bias=1.3750
[pop09_soft:00800] loss=0.129828 tau=4.50 collapse_w=0.084 mid_frac=0.384 hard=score=2.9980732063 wNMSE=0.026567774 wMSE=1389.7467 wMRED=0.35713575 wER=0.289593 wMAE=12.0337 wBias=-6.1134 condBias=20.5522 dotDrift=-10.495sigma uMRED=0.0567437751 uER=0.402344 uMAE=41.5781 WCE=464 bias=-20.3750
[pop09_soft:01000] loss=0.095127 tau=5.25 collapse_w=0.293 mid_frac=0.384 hard=score=7.4025467716 wNMSE=0.027676939 wMSE=1447.7666 wMRED=0.52150342 wER=0.351478 wMAE=13.8106 wBias=-9.6749 condBias=20.5515 dotDrift=-16.273sigma uMRED=0.0593973568 uER=0.415039 uMAE=42.0781 WCE=464 bias=-21.8750
[pop09_soft:01199] loss=0.075066 tau=6.00 collapse_w=0.500 mid_frac=0.375 hard=score=7.4025467716 wNMSE=0.027676939 wMSE=1447.7666 wMRED=0.52150342 wER=0.351478 wMAE=13.8106 wBias=-9.6749 condBias=20.5515 dotDrift=-16.273sigma uMRED=0.0593973568 uER=0.415039 uMAE=42.0781 WCE=464 bias=-21.8750
[pop09_hard:00000] loss=7.441478 tau=6.00 collapse_w=0.500 mid_frac=0.375 hard=score=7.4025467716 wNMSE=0.027676939 wMSE=1447.7666 wMRED=0.52150342 wER=0.351478 wMAE=13.8106 wBias=-9.6749 condBias=20.5515 dotDrift=-16.273sigma uMRED=0.0593973568 uER=0.415039 uMAE=42.0781 WCE=464 bias=-21.8750
[pop09_hard:00200] loss=2.753050 tau=6.00 collapse_w=0.500 mid_frac=0.366 hard=score=2.7161215340 wNMSE=0.021938283 wMSE=1147.5804 wMRED=0.38078772 wER=0.311716 wMAE=11.6855 wBias=-5.8284 condBias=19.3027 dotDrift=-11.011sigma uMRED=0.0464835451 uER=0.406250 uMAE=31.9219 WCE=320 bias=-4.8750
[pop09_hard:00400] loss=0.335867 tau=6.00 collapse_w=0.500 mid_frac=0.339 hard=score=0.2968585102 wNMSE=0.017280593 wMSE=903.9390 wMRED=0.34901482 wER=0.295476 wMAE=10.6704 wBias=-1.7990 condBias=12.4714 dotDrift=-3.830sigma uMRED=0.0428722614 uER=0.400391 uMAE=30.8047 WCE=320 bias=4.3750
[pop09_hard:00599] loss=0.115141 tau=6.00 collapse_w=0.500 mid_frac=0.321 hard=score=2.3729360298 wNMSE=0.026909257 wMSE=1407.6095 wMRED=0.75931852 wER=0.316683 wMAE=16.5264 wBias=5.4361 condBias=17.5584 dotDrift=+9.273sigma uMRED=0.0525435116 uER=0.410156 uMAE=34.2109 WCE=320 bias=9.3750
[pop09] done (conf=0.51, noise=1.0); global best score=0.0073429559 wNMSE=0.001032541 wMSE=54.0117 wMRED=0.09263503 wER=0.171854 wMAE=2.4233 wBias=-0.1846 condBias=4.1855 dotDrift=-1.608sigma uMRED=0.0063010340 uER=0.216797 uMAE=3.5312 WCE=48 bias=-0.1250
[pop10_soft:00000] loss=3.573049 tau=1.50 collapse_w=0.000 mid_frac=0.312 hard=score=246.7094182228 wNMSE=0.68782221 wMSE=35979.6293 wMRED=5.90482970 wER=0.434576 wMAE=85.9123 wBias=55.9908 condBias=103.6365 dotDrift=+18.892sigma uMRED=0.1649000343 uER=0.425781 uMAE=67.8887 WCE=612 bias=48.0625
[pop10_soft:00200] loss=1.628771 tau=2.25 collapse_w=0.000 mid_frac=0.304 hard=score=16.2344534860 wNMSE=0.042238331 wMSE=2209.4656 wMRED=1.25308573 wER=0.352036 wMAE=18.5383 wBias=-14.3563 condBias=27.0794 dotDrift=-19.547sigma uMRED=0.0631099410 uER=0.398438 uMAE=36.9277 WCE=352 bias=14.0625
[pop10_soft:00400] loss=0.552442 tau=3.00 collapse_w=0.000 mid_frac=0.241 hard=score=0.0788990676 wNMSE=0.013975032 wMSE=731.0268 wMRED=0.30978101 wER=0.287411 wMAE=8.9216 wBias=0.6565 condBias=15.5798 dotDrift=+1.554sigma uMRED=0.0475550366 uER=0.356445 uMAE=35.0000 WCE=352 bias=21.5000
[pop10_soft:00600] loss=0.115689 tau=3.75 collapse_w=0.000 mid_frac=0.223 hard=score=0.1496942783 wNMSE=0.014486243 wMSE=757.7680 wMRED=0.29239134 wER=0.261126 wMAE=8.4922 wBias=-1.1622 condBias=14.5827 dotDrift=-2.702sigma uMRED=0.0470356544 uER=0.347656 uMAE=35.1719 WCE=344 bias=0.8750
[pop10_soft:00800] loss=0.058977 tau=4.50 collapse_w=0.084 mid_frac=0.188 hard=score=0.0717035629 wNMSE=0.012911524 wMSE=675.3952 wMRED=0.26774473 wER=0.245255 wMAE=7.7788 wBias=0.6296 condBias=12.8383 dotDrift=+1.550sigma uMRED=0.0420558368 uER=0.324219 uMAE=31.3125 WCE=344 bias=2.3750
[pop10_soft:01000] loss=0.049213 tau=5.25 collapse_w=0.293 mid_frac=0.170 hard=score=0.1594923864 wNMSE=0.012597787 wMSE=658.9838 wMRED=0.22424290 wER=0.225166 wMAE=7.1920 wBias=1.2348 condBias=12.7166 dotDrift=+3.078sigma uMRED=0.0409371190 uER=0.313477 uMAE=30.8750 WCE=344 bias=2.8750
[pop10_soft:01199] loss=0.038029 tau=6.00 collapse_w=0.500 mid_frac=0.161 hard=score=0.0434134731 wNMSE=0.012220857 wMSE=639.2668 wMRED=0.17622994 wER=0.197319 wMAE=6.3545 wBias=0.2156 condBias=12.5404 dotDrift=+0.546sigma uMRED=0.0396243251 uER=0.305664 uMAE=30.3750 WCE=344 bias=1.8750
[pop10_hard:00000] loss=0.060800 tau=6.00 collapse_w=0.500 mid_frac=0.161 hard=score=0.0434134731 wNMSE=0.012220857 wMSE=639.2668 wMRED=0.17622994 wER=0.197319 wMAE=6.3545 wBias=0.2156 condBias=12.5404 dotDrift=+0.546sigma uMRED=0.0396243251 uER=0.305664 uMAE=30.3750 WCE=344 bias=1.8750
[pop10_hard:00200] loss=0.221509 tau=6.00 collapse_w=0.500 mid_frac=0.161 hard=score=0.2078418303 wNMSE=0.010517342 wMSE=550.1568 wMRED=0.16704191 wER=0.197319 wMAE=5.6583 wBias=-1.4766 condBias=11.8833 dotDrift=-4.029sigma uMRED=0.0371253332 uER=0.305664 uMAE=28.5938 WCE=344 bias=-2.1250
[pop10_hard:00400] loss=0.067678 tau=6.00 collapse_w=0.500 mid_frac=0.161 hard=score=0.0540347158 wNMSE=0.010894272 wMSE=569.8738 wMRED=0.21505487 wER=0.225166 wMAE=6.4959 wBias=-0.4574 condBias=12.0691 dotDrift=-1.226sigma uMRED=0.0384381271 uER=0.313477 uMAE=29.0938 WCE=344 bias=-1.1250
[pop10_hard:00599] loss=0.044493 tau=6.00 collapse_w=0.500 mid_frac=0.134 hard=score=0.1032596892 wNMSE=0.0051279694 wMSE=268.2415 wMRED=0.18979973 wER=0.224927 wMAE=5.0256 wBias=1.0129 condBias=8.6288 dotDrift=+3.958sigma uMRED=0.0257584102 uER=0.308594 uMAE=19.0938 WCE=240 bias=8.8750
[pop10] done (conf=0.53, noise=0.5); global best score=0.0073429559 wNMSE=0.001032541 wMSE=54.0117 wMRED=0.09263503 wER=0.171854 wMAE=2.4233 wBias=-0.1846 condBias=4.1855 dotDrift=-1.608sigma uMRED=0.0063010340 uER=0.216797 uMAE=3.5312 WCE=48 bias=-0.1250
[pop11_soft:00000] loss=8.441068 tau=1.50 collapse_w=0.000 mid_frac=0.455 hard=score=1419.5653143058 wNMSE=2.3125347 wMSE=120967.5118 wMRED=10.14613531 wER=0.437075 wMAE=154.2224 wBias=134.4230 condBias=261.5667 dotDrift=+24.735sigma uMRED=0.2466604603 uER=0.437500 uMAE=86.6621 WCE=1121 bias=63.3125
[pop11_soft:00200] loss=16.816853 tau=2.25 collapse_w=0.000 mid_frac=0.393 hard=score=5.3816655337 wNMSE=0.74679795 wMSE=39064.6199 wMRED=6.03636129 wER=0.437075 wMAE=66.3437 wBias=7.3209 condBias=51.8221 dotDrift=+2.371sigma uMRED=0.1853638017 uER=0.437500 uMAE=85.3086 WCE=3876 bias=-61.6875
[pop11_soft:00400] loss=1.778638 tau=3.00 collapse_w=0.000 mid_frac=0.384 hard=score=115.3915782907 wNMSE=0.165547 wMSE=8659.6792 wMRED=2.68069340 wER=0.418963 wMAE=41.6545 wBias=-38.3347 condBias=61.0718 dotDrift=-26.365sigma uMRED=0.1341474370 uER=0.433594 uMAE=75.8145 WCE=585 bias=-74.2500
[pop11_soft:00600] loss=0.725621 tau=3.75 collapse_w=0.000 mid_frac=0.402 hard=score=3.9855150474 wNMSE=0.074005645 wMSE=3871.1976 wMRED=1.47576713 wER=0.385908 wMAE=29.1910 wBias=-7.0016 condBias=31.7500 dotDrift=-7.202sigma uMRED=0.0845742787 uER=0.426758 uMAE=51.7578 WCE=412 bias=-38.4375
[pop11_soft:00800] loss=0.436120 tau=4.50 collapse_w=0.084 mid_frac=0.375 hard=score=2.5446767544 wNMSE=0.064368802 wMSE=3367.0992 wMRED=1.39414107 wER=0.393057 wMAE=27.4773 wBias=-5.5531 condBias=29.0859 dotDrift=-6.125sigma uMRED=0.0797004195 uER=0.423828 uMAE=49.3555 WCE=396 bias=-20.9375
[pop11_soft:01000] loss=0.336882 tau=5.25 collapse_w=0.293 mid_frac=0.304 hard=score=2.8786800213 wNMSE=0.068102766 wMSE=3562.4210 wMRED=1.39471068 wER=0.392847 wMAE=27.4942 wBias=-5.9124 condBias=28.3698 dotDrift=-6.340sigma uMRED=0.0782478265 uER=0.420898 uMAE=47.7500 WCE=524 bias=-26.9375
[pop11_soft:01199] loss=0.234410 tau=6.00 collapse_w=0.500 mid_frac=0.286 hard=score=0.4166078360 wNMSE=0.057364049 wMSE=3000.6842 wMRED=1.23335688 wER=0.394722 wMAE=25.3471 wBias=-1.9456 condBias=22.4479 dotDrift=-2.273sigma uMRED=0.0805199667 uER=0.424805 uMAE=49.9297 WCE=524 bias=-28.9375
[pop11_hard:00000] loss=0.485930 tau=6.00 collapse_w=0.500 mid_frac=0.286 hard=score=0.4166078360 wNMSE=0.057364049 wMSE=3000.6842 wMRED=1.23335688 wER=0.394722 wMAE=25.3471 wBias=-1.9456 condBias=22.4479 dotDrift=-2.273sigma uMRED=0.0805199667 uER=0.424805 uMAE=49.9297 WCE=524 bias=-28.9375
[pop11_hard:00200] loss=0.179860 tau=6.00 collapse_w=0.500 mid_frac=0.277 hard=score=0.1081018136 wNMSE=0.045863938 wMSE=2399.1192 wMRED=1.21926453 wER=0.394598 wMAE=24.1757 wBias=-0.4287 condBias=18.4741 dotDrift=-0.560sigma uMRED=0.0649797991 uER=0.423828 uMAE=37.9336 WCE=348 bias=-12.9375
[pop11_hard:00400] loss=0.178797 tau=6.00 collapse_w=0.500 mid_frac=0.277 hard=score=0.1081018136 wNMSE=0.045863938 wMSE=2399.1192 wMRED=1.21926453 wER=0.394598 wMAE=24.1757 wBias=-0.4287 condBias=18.4741 dotDrift=-0.560sigma uMRED=0.0649797991 uER=0.423828 uMAE=37.9336 WCE=348 bias=-12.9375
[pop11_hard:00599] loss=0.178446 tau=6.00 collapse_w=0.500 mid_frac=0.277 hard=score=16.0192597706 wNMSE=0.074567934 wMSE=3900.6106 wMRED=1.87967543 wER=0.418401 wMAE=35.9061 wBias=14.2505 condBias=23.3970 dotDrift=+14.603sigma uMRED=0.0769495883 uER=0.427734 uMAE=40.7773 WCE=348 bias=-8.9375
[pop11] done (conf=0.51, noise=1.0); global best score=0.0073429559 wNMSE=0.001032541 wMSE=54.0117 wMRED=0.09263503 wER=0.171854 wMAE=2.4233 wBias=-0.1846 condBias=4.1855 dotDrift=-1.608sigma uMRED=0.0063010340 uER=0.216797 uMAE=3.5312 WCE=48 bias=-0.1250
[best] stage=quad_soft score=0.0073429559 wNMSE=0.001032541 wMSE=54.0117 wMRED=0.09263503 wER=0.171854 wMAE=2.4233 wBias=-0.1846 condBias=4.1855 dotDrift=-1.608sigma uMRED=0.0063010340 uER=0.216797 uMAE=3.5312 WCE=48 bias=-0.1250
[best-json] /home/xuanqi/tony/work/FPGA/signed8x8_approx/signed8x8_2026_8_22/runs_module_groups/G2_v/balanced_split/rand302/best_signed88_inits.json
[best-rtl] /home/xuanqi/tony/work/FPGA/signed8x8_approx/signed8x8_2026_8_22/runs_module_groups/G2_v/balanced_split/rand302/best_rtl
[design] balanced_split search_bits=112
[start] score=0.0073429559 wNMSE=0.001032541 wMSE=54.0117 wMRED=0.09263503 wER=0.171854 wMAE=2.4233 wBias=-0.1846 condBias=4.1855 dotDrift=-1.608sigma uMRED=0.0063010340 uER=0.216797 uMAE=3.5312 WCE=48 bias=-0.1250
[single] ACCEPT ['lo_lut23:3'] 0.0073429559->0.0047162940 wNMSE=0.0010475072 wBias=+0.01112
[single] ACCEPT ['lo_lut45:15'] 0.0047162940->0.0047153089 wNMSE=0.0010468338 wBias=-0.01367
[single] ACCEPT ['lo_lut45:19'] 0.0047153089->0.0047105462 wNMSE=0.0010502649 wBias=+0.00989
[single] round=4 no improvement
[pair] ACCEPT ['lo_lut23:51', 'lo_lut01:63'] 0.0047105462->0.0039997335 wNMSE=0.0009553022 wBias=-0.01321
[pair] ACCEPT ['mid_lut01:63', 'mid_lut01:55'] 0.0039997335->0.0037970121 wNMSE=0.00082629623 wBias=-0.01373
[pair] ACCEPT ['lo_lut45:15', 'lo_lut45:19'] 0.0037970121->0.0037944866 wNMSE=0.00082118514 wBias=-0.01250
[pair] round=4 no improvement
[final] score=0.0037944866 wNMSE=0.00082118514 wMSE=42.9558 wMRED=0.16450239 wER=0.332966 wMAE=2.9315 wBias=-0.0125 condBias=3.4725 dotDrift=-0.122sigma uMRED=0.0072473952 uER=0.342773 uMAE=3.6562 WCE=40 bias=-0.1250
[json] /home/xuanqi/tony/work/FPGA/signed8x8_approx/signed8x8_2026_8_22/runs_module_groups/G2_v/balanced_split/rand302/refined/best_signed88_inits.json
