[design] quality quad4 entries=56
[device] cuda
[initial] score=0.0563505383 wNMSE=0.00017081905 wMSE=5095.1875 wMRED=0.07588822 wER=0.242188 wMAE=28.6875 wBias=17.1875 condBias=35.6903 dotDrift=+15.410sigma uMRED=0.0758882163 uER=0.242188 uMAE=28.6875 WCE=252 bias=17.1875
[quad_warmup_bit:00000] loss=0.132594 tau=1.50 collapse_w=0.000 mid_frac=0.696 hard=score=0.0563505383 wNMSE=0.00017081905 wMSE=5095.1875 wMRED=0.07588822 wER=0.242188 wMAE=28.6875 wBias=17.1875 condBias=35.6903 dotDrift=+15.410sigma uMRED=0.0758882163 uER=0.242188 uMAE=28.6875 WCE=252 bias=17.1875
[quad_warmup_bit:00025] loss=0.129326 tau=1.50 collapse_w=0.000 mid_frac=0.696 hard=score=0.0285162025 wNMSE=0.00010062489 wMSE=3001.4375 wMRED=0.06264306 wER=0.242188 wMAE=20.1875 wBias=9.6875 condBias=27.3927 dotDrift=+11.317sigma uMRED=0.0626430598 uER=0.242188 uMAE=20.1875 WCE=252 bias=9.6875 *BEST*
[quad_warmup_bit:00075] loss=0.123363 tau=1.50 collapse_w=0.000 mid_frac=0.661 hard=score=0.0256778748 wNMSE=9.1719664e-05 wMSE=2735.8125 wMRED=0.06106322 wER=0.242188 wMAE=19.1875 wBias=8.5625 condBias=26.1525 dotDrift=+10.477sigma uMRED=0.0610632154 uER=0.242188 uMAE=19.1875 WCE=252 bias=8.5625 *BEST*
[quad_warmup_bit:00100] loss=0.120599 tau=1.50 collapse_w=0.000 mid_frac=0.661 hard=score=0.0215032305 wNMSE=8.4444616e-05 wMSE=2518.8125 wMRED=0.05880698 wER=0.242188 wMAE=17.1875 wBias=6.5625 condBias=25.0939 dotDrift=+8.369sigma uMRED=0.0588069797 uER=0.242188 uMAE=17.1875 WCE=252 bias=6.5625 *BEST*
[quad_warmup_bit:00175] loss=0.112750 tau=1.50 collapse_w=0.000 mid_frac=0.643 hard=score=0.0151010820 wNMSE=6.4974643e-05 wMSE=1938.0625 wMRED=0.05254396 wER=0.242188 wMAE=14.6094 wBias=3.3125 condBias=22.0117 dotDrift=+4.816sigma uMRED=0.0525439629 uER=0.242188 uMAE=14.6094 WCE=220 bias=3.3125 *BEST*
[quad_warmup_bit:00200] loss=0.110207 tau=1.50 collapse_w=0.000 mid_frac=0.607 hard=score=0.0152167369 wNMSE=6.4811206e-05 wMSE=1933.1875 wMRED=0.05229470 wER=0.242188 wMAE=14.6094 wBias=3.4375 condBias=21.9840 dotDrift=+5.004sigma uMRED=0.0522946992 uER=0.242188 uMAE=14.6094 WCE=220 bias=3.4375
[quad_warmup_bit:00250] loss=0.105173 tau=1.50 collapse_w=0.000 mid_frac=0.554 hard=score=0.0144724774 wNMSE=5.8730506e-05 wMSE=1751.8125 wMRED=0.04999739 wER=0.226562 wMAE=13.9375 wBias=3.6875 condBias=20.9273 dotDrift=+5.639sigma uMRED=0.0499973864 uER=0.226562 uMAE=13.9375 WCE=204 bias=3.6875 *BEST*
[quad_warmup_bit:00275] loss=0.102671 tau=1.50 collapse_w=0.000 mid_frac=0.518 hard=score=0.0065554636 wNMSE=9.6490771e-06 wMSE=287.8125 wMRED=0.01556257 wER=0.218750 wMAE=6.3906 wBias=3.6875 condBias=8.4825 dotDrift=+13.911sigma uMRED=0.0155625702 uER=0.218750 uMAE=6.3906 WCE=76 bias=3.6875 *BEST*
[quad_warmup_bit:00300] loss=0.100175 tau=1.50 collapse_w=0.000 mid_frac=0.500 hard=score=0.0043324393 wNMSE=5.5924835e-06 wMSE=166.8125 wMRED=0.00772235 wER=0.210938 wMAE=4.6875 wBias=1.6875 condBias=6.4578 dotDrift=+8.362sigma uMRED=0.0077223492 uER=0.210938 uMAE=4.6875 WCE=64 bias=1.6875 *BEST*
[quad_warmup_bit:00325] loss=0.097693 tau=1.50 collapse_w=0.000 mid_frac=0.464 hard=score=0.0042229302 wNMSE=5.2572279e-06 wMSE=156.8125 wMRED=0.00724672 wER=0.195312 wMAE=4.4375 wBias=1.4375 condBias=6.2612 dotDrift=+7.347sigma uMRED=0.0072467243 uER=0.195312 uMAE=4.4375 WCE=64 bias=1.4375 *BEST*
[quad_warmup_bit:00400] loss=0.090472 tau=1.50 collapse_w=0.000 mid_frac=0.464 hard=score=0.0060544588 wNMSE=7.2771433e-06 wMSE=217.0625 wMRED=0.00729742 wER=0.179688 wMAE=4.5781 wBias=3.6875 condBias=7.3750 dotDrift=+16.018sigma uMRED=0.0072974216 uER=0.179688 uMAE=4.5781 WCE=68 bias=3.6875
[quad_warmup_bit:00525] loss=0.079218 tau=1.50 collapse_w=0.000 mid_frac=0.339 hard=score=0.0040710688 wNMSE=4.8947327e-06 wMSE=146.0000 wMRED=0.00559486 wER=0.156250 wMAE=3.6250 wBias=1.0000 condBias=6.0415 dotDrift=+5.297sigma uMRED=0.0055948632 uER=0.156250 uMAE=3.6250 WCE=64 bias=1.0000 *BEST*
[quad_warmup_bit:00600] loss=0.072929 tau=1.50 collapse_w=0.000 mid_frac=0.286 hard=score=0.0009878600 wNMSE=5.3640906e-07 wMSE=16.0000 wMRED=0.00210923 wER=0.125000 wMAE=1.2500 wBias=0.0000 condBias=2.0000 dotDrift=+0.000sigma uMRED=0.0021092349 uER=0.125000 uMAE=1.2500 WCE=16 bias=0.0000 *BEST*
[quad_warmup_bit:00800] loss=0.059049 tau=1.50 collapse_w=0.000 mid_frac=0.179 hard=score=0.0009878600 wNMSE=5.3640906e-07 wMSE=16.0000 wMRED=0.00210923 wER=0.125000 wMAE=1.2500 wBias=0.0000 condBias=2.0000 dotDrift=+0.000sigma uMRED=0.0021092349 uER=0.125000 uMAE=1.2500 WCE=16 bias=0.0000
[quad_warmup_bit:01000] loss=0.051067 tau=1.50 collapse_w=0.000 mid_frac=0.089 hard=score=0.0009887372 wNMSE=5.028835e-07 wMSE=15.0000 wMRED=0.00182578 wER=0.109375 wMAE=1.1250 wBias=0.1250 condBias=1.9365 dotDrift=+2.066sigma uMRED=0.0018257813 uER=0.109375 uMAE=1.1250 WCE=16 bias=0.1250
[quad_warmup_bit:01200] loss=0.047867 tau=1.50 collapse_w=0.000 mid_frac=0.071 hard=score=0.0010048211 wNMSE=3.3525566e-07 wMSE=10.0000 wMRED=0.00143691 wER=0.109375 wMAE=0.8750 wBias=0.3750 condBias=1.5811 dotDrift=+7.589sigma uMRED=0.0014369105 uER=0.109375 uMAE=0.8750 WCE=16 bias=0.3750
[quad_warmup_bit:01400] loss=0.046402 tau=1.50 collapse_w=0.000 mid_frac=0.071 hard=score=0.0010048211 wNMSE=3.3525566e-07 wMSE=10.0000 wMRED=0.00143691 wER=0.109375 wMAE=0.8750 wBias=0.3750 condBias=1.5811 dotDrift=+7.589sigma uMRED=0.0014369105 uER=0.109375 uMAE=0.8750 WCE=16 bias=0.3750
[quad_warmup_bit:01600] loss=0.045601 tau=1.50 collapse_w=0.000 mid_frac=0.071 hard=score=0.0010048211 wNMSE=3.3525566e-07 wMSE=10.0000 wMRED=0.00143691 wER=0.109375 wMAE=0.8750 wBias=0.3750 condBias=1.5811 dotDrift=+7.589sigma uMRED=0.0014369105 uER=0.109375 uMAE=0.8750 WCE=16 bias=0.3750
[quad_warmup_bit:01800] loss=0.045107 tau=1.50 collapse_w=0.000 mid_frac=0.071 hard=score=0.0010048211 wNMSE=3.3525566e-07 wMSE=10.0000 wMRED=0.00143691 wER=0.109375 wMAE=0.8750 wBias=0.3750 condBias=1.5811 dotDrift=+7.589sigma uMRED=0.0014369105 uER=0.109375 uMAE=0.8750 WCE=16 bias=0.3750
[quad_warmup_bit:02000] loss=0.044777 tau=1.50 collapse_w=0.000 mid_frac=0.071 hard=score=0.0010048211 wNMSE=3.3525566e-07 wMSE=10.0000 wMRED=0.00143691 wER=0.109375 wMAE=0.8750 wBias=0.3750 condBias=1.5811 dotDrift=+7.589sigma uMRED=0.0014369105 uER=0.109375 uMAE=0.8750 WCE=16 bias=0.3750
[quad_warmup_bit:02200] loss=0.044543 tau=1.50 collapse_w=0.000 mid_frac=0.071 hard=score=0.0010048211 wNMSE=3.3525566e-07 wMSE=10.0000 wMRED=0.00143691 wER=0.109375 wMAE=0.8750 wBias=0.3750 condBias=1.5811 dotDrift=+7.589sigma uMRED=0.0014369105 uER=0.109375 uMAE=0.8750 WCE=16 bias=0.3750
[quad_warmup_bit:02400] loss=0.044369 tau=1.50 collapse_w=0.000 mid_frac=0.071 hard=score=0.0010048211 wNMSE=3.3525566e-07 wMSE=10.0000 wMRED=0.00143691 wER=0.109375 wMAE=0.8750 wBias=0.3750 condBias=1.5811 dotDrift=+7.589sigma uMRED=0.0014369105 uER=0.109375 uMAE=0.8750 WCE=16 bias=0.3750
[quad_warmup_bit:02600] loss=0.044235 tau=1.50 collapse_w=0.000 mid_frac=0.071 hard=score=0.0010048211 wNMSE=3.3525566e-07 wMSE=10.0000 wMRED=0.00143691 wER=0.109375 wMAE=0.8750 wBias=0.3750 condBias=1.5811 dotDrift=+7.589sigma uMRED=0.0014369105 uER=0.109375 uMAE=0.8750 WCE=16 bias=0.3750
[quad_warmup_bit:02800] loss=0.044130 tau=1.50 collapse_w=0.000 mid_frac=0.071 hard=score=0.0010048211 wNMSE=3.3525566e-07 wMSE=10.0000 wMRED=0.00143691 wER=0.109375 wMAE=0.8750 wBias=0.3750 condBias=1.5811 dotDrift=+7.589sigma uMRED=0.0014369105 uER=0.109375 uMAE=0.8750 WCE=16 bias=0.3750
[quad_warmup_bit:03000] loss=0.044047 tau=1.50 collapse_w=0.000 mid_frac=0.071 hard=score=0.0010048211 wNMSE=3.3525566e-07 wMSE=10.0000 wMRED=0.00143691 wER=0.109375 wMAE=0.8750 wBias=0.3750 condBias=1.5811 dotDrift=+7.589sigma uMRED=0.0014369105 uER=0.109375 uMAE=0.8750 WCE=16 bias=0.3750
[quad_warmup_bit:03200] loss=0.043979 tau=1.50 collapse_w=0.000 mid_frac=0.071 hard=score=0.0010048211 wNMSE=3.3525566e-07 wMSE=10.0000 wMRED=0.00143691 wER=0.109375 wMAE=0.8750 wBias=0.3750 condBias=1.5811 dotDrift=+7.589sigma uMRED=0.0014369105 uER=0.109375 uMAE=0.8750 WCE=16 bias=0.3750
[quad_warmup_bit:03400] loss=0.043923 tau=1.50 collapse_w=0.000 mid_frac=0.071 hard=score=0.0010048211 wNMSE=3.3525566e-07 wMSE=10.0000 wMRED=0.00143691 wER=0.109375 wMAE=0.8750 wBias=0.3750 condBias=1.5811 dotDrift=+7.589sigma uMRED=0.0014369105 uER=0.109375 uMAE=0.8750 WCE=16 bias=0.3750
[quad_warmup_bit:03600] loss=0.043876 tau=1.50 collapse_w=0.000 mid_frac=0.071 hard=score=0.0010048211 wNMSE=3.3525566e-07 wMSE=10.0000 wMRED=0.00143691 wER=0.109375 wMAE=0.8750 wBias=0.3750 condBias=1.5811 dotDrift=+7.589sigma uMRED=0.0014369105 uER=0.109375 uMAE=0.8750 WCE=16 bias=0.3750
[quad_warmup_bit:03800] loss=0.043836 tau=1.50 collapse_w=0.000 mid_frac=0.071 hard=score=0.0010048211 wNMSE=3.3525566e-07 wMSE=10.0000 wMRED=0.00143691 wER=0.109375 wMAE=0.8750 wBias=0.3750 condBias=1.5811 dotDrift=+7.589sigma uMRED=0.0014369105 uER=0.109375 uMAE=0.8750 WCE=16 bias=0.3750
[quad_warmup_bit:04000] loss=0.043802 tau=1.50 collapse_w=0.000 mid_frac=0.071 hard=score=0.0010048211 wNMSE=3.3525566e-07 wMSE=10.0000 wMRED=0.00143691 wER=0.109375 wMAE=0.8750 wBias=0.3750 condBias=1.5811 dotDrift=+7.589sigma uMRED=0.0014369105 uER=0.109375 uMAE=0.8750 WCE=16 bias=0.3750
[quad_warmup_bit:04200] loss=0.043773 tau=1.50 collapse_w=0.000 mid_frac=0.071 hard=score=0.0010048211 wNMSE=3.3525566e-07 wMSE=10.0000 wMRED=0.00143691 wER=0.109375 wMAE=0.8750 wBias=0.3750 condBias=1.5811 dotDrift=+7.589sigma uMRED=0.0014369105 uER=0.109375 uMAE=0.8750 WCE=16 bias=0.3750
[quad_warmup_bit:04400] loss=0.043748 tau=1.50 collapse_w=0.000 mid_frac=0.071 hard=score=0.0010048211 wNMSE=3.3525566e-07 wMSE=10.0000 wMRED=0.00143691 wER=0.109375 wMAE=0.8750 wBias=0.3750 condBias=1.5811 dotDrift=+7.589sigma uMRED=0.0014369105 uER=0.109375 uMAE=0.8750 WCE=16 bias=0.3750
[quad_warmup_bit:04600] loss=0.043726 tau=1.50 collapse_w=0.000 mid_frac=0.071 hard=score=0.0010048211 wNMSE=3.3525566e-07 wMSE=10.0000 wMRED=0.00143691 wER=0.109375 wMAE=0.8750 wBias=0.3750 condBias=1.5811 dotDrift=+7.589sigma uMRED=0.0014369105 uER=0.109375 uMAE=0.8750 WCE=16 bias=0.3750
[quad_warmup_bit:04800] loss=0.043707 tau=1.50 collapse_w=0.000 mid_frac=0.071 hard=score=0.0010048211 wNMSE=3.3525566e-07 wMSE=10.0000 wMRED=0.00143691 wER=0.109375 wMAE=0.8750 wBias=0.3750 condBias=1.5811 dotDrift=+7.589sigma uMRED=0.0014369105 uER=0.109375 uMAE=0.8750 WCE=16 bias=0.3750
[quad_warmup_bit:05000] loss=0.043691 tau=1.50 collapse_w=0.000 mid_frac=0.071 hard=score=0.0010048211 wNMSE=3.3525566e-07 wMSE=10.0000 wMRED=0.00143691 wER=0.109375 wMAE=0.8750 wBias=0.3750 condBias=1.5811 dotDrift=+7.589sigma uMRED=0.0014369105 uER=0.109375 uMAE=0.8750 WCE=16 bias=0.3750
[quad_warmup_bit:05200] loss=0.043676 tau=1.50 collapse_w=0.000 mid_frac=0.071 hard=score=0.0010048211 wNMSE=3.3525566e-07 wMSE=10.0000 wMRED=0.00143691 wER=0.109375 wMAE=0.8750 wBias=0.3750 condBias=1.5811 dotDrift=+7.589sigma uMRED=0.0014369105 uER=0.109375 uMAE=0.8750 WCE=16 bias=0.3750
[quad_warmup_bit:05400] loss=0.043663 tau=1.50 collapse_w=0.000 mid_frac=0.071 hard=score=0.0010048211 wNMSE=3.3525566e-07 wMSE=10.0000 wMRED=0.00143691 wER=0.109375 wMAE=0.8750 wBias=0.3750 condBias=1.5811 dotDrift=+7.589sigma uMRED=0.0014369105 uER=0.109375 uMAE=0.8750 WCE=16 bias=0.3750
[quad_warmup_bit:05600] loss=0.043652 tau=1.50 collapse_w=0.000 mid_frac=0.071 hard=score=0.0010048211 wNMSE=3.3525566e-07 wMSE=10.0000 wMRED=0.00143691 wER=0.109375 wMAE=0.8750 wBias=0.3750 condBias=1.5811 dotDrift=+7.589sigma uMRED=0.0014369105 uER=0.109375 uMAE=0.8750 WCE=16 bias=0.3750
[quad_warmup_bit:05800] loss=0.043642 tau=1.50 collapse_w=0.000 mid_frac=0.071 hard=score=0.0010048211 wNMSE=3.3525566e-07 wMSE=10.0000 wMRED=0.00143691 wER=0.109375 wMAE=0.8750 wBias=0.3750 condBias=1.5811 dotDrift=+7.589sigma uMRED=0.0014369105 uER=0.109375 uMAE=0.8750 WCE=16 bias=0.3750
[quad_warmup_bit:05999] loss=0.043633 tau=1.50 collapse_w=0.000 mid_frac=0.071 hard=score=0.0010048211 wNMSE=3.3525566e-07 wMSE=10.0000 wMRED=0.00143691 wER=0.109375 wMAE=0.8750 wBias=0.3750 condBias=1.5811 dotDrift=+7.589sigma uMRED=0.0014369105 uER=0.109375 uMAE=0.8750 WCE=16 bias=0.3750
[quad_soft:00000] loss=0.044060 tau=1.50 collapse_w=0.000 mid_frac=0.071 hard=score=0.0010048211 wNMSE=3.3525566e-07 wMSE=10.0000 wMRED=0.00143691 wER=0.109375 wMAE=0.8750 wBias=0.3750 condBias=1.5811 dotDrift=+7.589sigma uMRED=0.0014369105 uER=0.109375 uMAE=0.8750 WCE=16 bias=0.3750
[quad_soft:00200] loss=0.043169 tau=1.59 collapse_w=0.000 mid_frac=0.071 hard=score=0.0010048211 wNMSE=3.3525566e-07 wMSE=10.0000 wMRED=0.00143691 wER=0.109375 wMAE=0.8750 wBias=0.3750 condBias=1.5811 dotDrift=+7.589sigma uMRED=0.0014369105 uER=0.109375 uMAE=0.8750 WCE=16 bias=0.3750
[quad_soft:00400] loss=0.042333 tau=1.68 collapse_w=0.000 mid_frac=0.107 hard=score=0.0009953549 wNMSE=3.6878123e-07 wMSE=11.0000 wMRED=0.00172036 wER=0.125000 wMAE=1.0000 wBias=0.2500 condBias=1.6583 dotDrift=+4.824sigma uMRED=0.0017203641 uER=0.125000 uMAE=1.0000 WCE=16 bias=0.2500
[quad_soft:00600] loss=0.041505 tau=1.77 collapse_w=0.000 mid_frac=0.107 hard=score=0.0009953549 wNMSE=3.6878123e-07 wMSE=11.0000 wMRED=0.00172036 wER=0.125000 wMAE=1.0000 wBias=0.2500 condBias=1.6583 dotDrift=+4.824sigma uMRED=0.0017203641 uER=0.125000 uMAE=1.0000 WCE=16 bias=0.2500
[quad_soft:00800] loss=0.040679 tau=1.86 collapse_w=0.000 mid_frac=0.107 hard=score=0.0009953549 wNMSE=3.6878123e-07 wMSE=11.0000 wMRED=0.00172036 wER=0.125000 wMAE=1.0000 wBias=0.2500 condBias=1.6583 dotDrift=+4.824sigma uMRED=0.0017203641 uER=0.125000 uMAE=1.0000 WCE=16 bias=0.2500
[quad_soft:01000] loss=0.039854 tau=1.95 collapse_w=0.000 mid_frac=0.107 hard=score=0.0009953549 wNMSE=3.6878123e-07 wMSE=11.0000 wMRED=0.00172036 wER=0.125000 wMAE=1.0000 wBias=0.2500 condBias=1.6583 dotDrift=+4.824sigma uMRED=0.0017203641 uER=0.125000 uMAE=1.0000 WCE=16 bias=0.2500
[quad_soft:01200] loss=0.039030 tau=2.04 collapse_w=0.000 mid_frac=0.107 hard=score=0.0009953549 wNMSE=3.6878123e-07 wMSE=11.0000 wMRED=0.00172036 wER=0.125000 wMAE=1.0000 wBias=0.2500 condBias=1.6583 dotDrift=+4.824sigma uMRED=0.0017203641 uER=0.125000 uMAE=1.0000 WCE=16 bias=0.2500
[quad_soft:01400] loss=0.038206 tau=2.13 collapse_w=0.000 mid_frac=0.107 hard=score=0.0009953549 wNMSE=3.6878123e-07 wMSE=11.0000 wMRED=0.00172036 wER=0.125000 wMAE=1.0000 wBias=0.2500 condBias=1.6583 dotDrift=+4.824sigma uMRED=0.0017203641 uER=0.125000 uMAE=1.0000 WCE=16 bias=0.2500
[quad_soft:01600] loss=0.037382 tau=2.22 collapse_w=0.000 mid_frac=0.107 hard=score=0.0009953549 wNMSE=3.6878123e-07 wMSE=11.0000 wMRED=0.00172036 wER=0.125000 wMAE=1.0000 wBias=0.2500 condBias=1.6583 dotDrift=+4.824sigma uMRED=0.0017203641 uER=0.125000 uMAE=1.0000 WCE=16 bias=0.2500
[quad_soft:01800] loss=0.036558 tau=2.31 collapse_w=0.000 mid_frac=0.107 hard=score=0.0009953549 wNMSE=3.6878123e-07 wMSE=11.0000 wMRED=0.00172036 wER=0.125000 wMAE=1.0000 wBias=0.2500 condBias=1.6583 dotDrift=+4.824sigma uMRED=0.0017203641 uER=0.125000 uMAE=1.0000 WCE=16 bias=0.2500
[quad_soft:02000] loss=0.035734 tau=2.40 collapse_w=0.000 mid_frac=0.107 hard=score=0.0009953549 wNMSE=3.6878123e-07 wMSE=11.0000 wMRED=0.00172036 wER=0.125000 wMAE=1.0000 wBias=0.2500 condBias=1.6583 dotDrift=+4.824sigma uMRED=0.0017203641 uER=0.125000 uMAE=1.0000 WCE=16 bias=0.2500
[quad_soft:02200] loss=0.034910 tau=2.49 collapse_w=0.000 mid_frac=0.107 hard=score=0.0009953549 wNMSE=3.6878123e-07 wMSE=11.0000 wMRED=0.00172036 wER=0.125000 wMAE=1.0000 wBias=0.2500 condBias=1.6583 dotDrift=+4.824sigma uMRED=0.0017203641 uER=0.125000 uMAE=1.0000 WCE=16 bias=0.2500
[quad_soft:02400] loss=0.034086 tau=2.58 collapse_w=0.000 mid_frac=0.107 hard=score=0.0009953549 wNMSE=3.6878123e-07 wMSE=11.0000 wMRED=0.00172036 wER=0.125000 wMAE=1.0000 wBias=0.2500 condBias=1.6583 dotDrift=+4.824sigma uMRED=0.0017203641 uER=0.125000 uMAE=1.0000 WCE=16 bias=0.2500
[quad_soft:02600] loss=0.033262 tau=2.67 collapse_w=0.000 mid_frac=0.107 hard=score=0.0009953549 wNMSE=3.6878123e-07 wMSE=11.0000 wMRED=0.00172036 wER=0.125000 wMAE=1.0000 wBias=0.2500 condBias=1.6583 dotDrift=+4.824sigma uMRED=0.0017203641 uER=0.125000 uMAE=1.0000 WCE=16 bias=0.2500
[quad_soft:02800] loss=0.032438 tau=2.76 collapse_w=0.000 mid_frac=0.107 hard=score=0.0009953549 wNMSE=3.6878123e-07 wMSE=11.0000 wMRED=0.00172036 wER=0.125000 wMAE=1.0000 wBias=0.2500 condBias=1.6583 dotDrift=+4.824sigma uMRED=0.0017203641 uER=0.125000 uMAE=1.0000 WCE=16 bias=0.2500
[quad_soft:03000] loss=0.031614 tau=2.85 collapse_w=0.000 mid_frac=0.107 hard=score=0.0009953549 wNMSE=3.6878123e-07 wMSE=11.0000 wMRED=0.00172036 wER=0.125000 wMAE=1.0000 wBias=0.2500 condBias=1.6583 dotDrift=+4.824sigma uMRED=0.0017203641 uER=0.125000 uMAE=1.0000 WCE=16 bias=0.2500
[quad_soft:03200] loss=0.030790 tau=2.94 collapse_w=0.000 mid_frac=0.107 hard=score=0.0009953549 wNMSE=3.6878123e-07 wMSE=11.0000 wMRED=0.00172036 wER=0.125000 wMAE=1.0000 wBias=0.2500 condBias=1.6583 dotDrift=+4.824sigma uMRED=0.0017203641 uER=0.125000 uMAE=1.0000 WCE=16 bias=0.2500
[quad_soft:03400] loss=0.029966 tau=3.03 collapse_w=0.000 mid_frac=0.107 hard=score=0.0009953549 wNMSE=3.6878123e-07 wMSE=11.0000 wMRED=0.00172036 wER=0.125000 wMAE=1.0000 wBias=0.2500 condBias=1.6583 dotDrift=+4.824sigma uMRED=0.0017203641 uER=0.125000 uMAE=1.0000 WCE=16 bias=0.2500
[quad_soft:03600] loss=0.029142 tau=3.12 collapse_w=0.000 mid_frac=0.107 hard=score=0.0009953549 wNMSE=3.6878123e-07 wMSE=11.0000 wMRED=0.00172036 wER=0.125000 wMAE=1.0000 wBias=0.2500 condBias=1.6583 dotDrift=+4.824sigma uMRED=0.0017203641 uER=0.125000 uMAE=1.0000 WCE=16 bias=0.2500
[quad_soft:03800] loss=0.028317 tau=3.21 collapse_w=0.000 mid_frac=0.107 hard=score=0.0009953549 wNMSE=3.6878123e-07 wMSE=11.0000 wMRED=0.00172036 wER=0.125000 wMAE=1.0000 wBias=0.2500 condBias=1.6583 dotDrift=+4.824sigma uMRED=0.0017203641 uER=0.125000 uMAE=1.0000 WCE=16 bias=0.2500
[quad_soft:04000] loss=0.027493 tau=3.30 collapse_w=0.000 mid_frac=0.107 hard=score=0.0009953549 wNMSE=3.6878123e-07 wMSE=11.0000 wMRED=0.00172036 wER=0.125000 wMAE=1.0000 wBias=0.2500 condBias=1.6583 dotDrift=+4.824sigma uMRED=0.0017203641 uER=0.125000 uMAE=1.0000 WCE=16 bias=0.2500
[quad_soft:04200] loss=0.026669 tau=3.39 collapse_w=0.000 mid_frac=0.107 hard=score=0.0009953549 wNMSE=3.6878123e-07 wMSE=11.0000 wMRED=0.00172036 wER=0.125000 wMAE=1.0000 wBias=0.2500 condBias=1.6583 dotDrift=+4.824sigma uMRED=0.0017203641 uER=0.125000 uMAE=1.0000 WCE=16 bias=0.2500
[quad_soft:04400] loss=0.025845 tau=3.48 collapse_w=0.000 mid_frac=0.125 hard=score=0.0009953549 wNMSE=3.6878123e-07 wMSE=11.0000 wMRED=0.00172036 wER=0.125000 wMAE=1.0000 wBias=0.2500 condBias=1.6583 dotDrift=+4.824sigma uMRED=0.0017203641 uER=0.125000 uMAE=1.0000 WCE=16 bias=0.2500
[quad_soft:04600] loss=0.025021 tau=3.57 collapse_w=0.000 mid_frac=0.125 hard=score=0.0009953549 wNMSE=3.6878123e-07 wMSE=11.0000 wMRED=0.00172036 wER=0.125000 wMAE=1.0000 wBias=0.2500 condBias=1.6583 dotDrift=+4.824sigma uMRED=0.0017203641 uER=0.125000 uMAE=1.0000 WCE=16 bias=0.2500
[quad_soft:04800] loss=0.024197 tau=3.66 collapse_w=0.000 mid_frac=0.125 hard=score=0.0009953549 wNMSE=3.6878123e-07 wMSE=11.0000 wMRED=0.00172036 wER=0.125000 wMAE=1.0000 wBias=0.2500 condBias=1.6583 dotDrift=+4.824sigma uMRED=0.0017203641 uER=0.125000 uMAE=1.0000 WCE=16 bias=0.2500
[quad_soft:05000] loss=0.023372 tau=3.75 collapse_w=0.000 mid_frac=0.125 hard=score=0.0009953549 wNMSE=3.6878123e-07 wMSE=11.0000 wMRED=0.00172036 wER=0.125000 wMAE=1.0000 wBias=0.2500 condBias=1.6583 dotDrift=+4.824sigma uMRED=0.0017203641 uER=0.125000 uMAE=1.0000 WCE=16 bias=0.2500
[quad_soft:05200] loss=0.022548 tau=3.84 collapse_w=0.000 mid_frac=0.125 hard=score=0.0009953549 wNMSE=3.6878123e-07 wMSE=11.0000 wMRED=0.00172036 wER=0.125000 wMAE=1.0000 wBias=0.2500 condBias=1.6583 dotDrift=+4.824sigma uMRED=0.0017203641 uER=0.125000 uMAE=1.0000 WCE=16 bias=0.2500
[quad_soft:05400] loss=0.021724 tau=3.93 collapse_w=0.000 mid_frac=0.125 hard=score=0.0009953549 wNMSE=3.6878123e-07 wMSE=11.0000 wMRED=0.00172036 wER=0.125000 wMAE=1.0000 wBias=0.2500 condBias=1.6583 dotDrift=+4.824sigma uMRED=0.0017203641 uER=0.125000 uMAE=1.0000 WCE=16 bias=0.2500
[quad_soft:05600] loss=0.020899 tau=4.02 collapse_w=0.000 mid_frac=0.125 hard=score=0.0009953549 wNMSE=3.6878123e-07 wMSE=11.0000 wMRED=0.00172036 wER=0.125000 wMAE=1.0000 wBias=0.2500 condBias=1.6583 dotDrift=+4.824sigma uMRED=0.0017203641 uER=0.125000 uMAE=1.0000 WCE=16 bias=0.2500
[quad_soft:05800] loss=0.020075 tau=4.11 collapse_w=0.000 mid_frac=0.125 hard=score=0.0009953549 wNMSE=3.6878123e-07 wMSE=11.0000 wMRED=0.00172036 wER=0.125000 wMAE=1.0000 wBias=0.2500 condBias=1.6583 dotDrift=+4.824sigma uMRED=0.0017203641 uER=0.125000 uMAE=1.0000 WCE=16 bias=0.2500
[quad_soft:06000] loss=0.019254 tau=4.20 collapse_w=0.000 mid_frac=0.125 hard=score=0.0009953549 wNMSE=3.6878123e-07 wMSE=11.0000 wMRED=0.00172036 wER=0.125000 wMAE=1.0000 wBias=0.2500 condBias=1.6583 dotDrift=+4.824sigma uMRED=0.0017203641 uER=0.125000 uMAE=1.0000 WCE=16 bias=0.2500
[quad_soft:06200] loss=0.019199 tau=4.29 collapse_w=0.025 mid_frac=0.107 hard=score=0.0010048211 wNMSE=3.3525566e-07 wMSE=10.0000 wMRED=0.00143691 wER=0.109375 wMAE=0.8750 wBias=0.3750 condBias=1.5811 dotDrift=+7.589sigma uMRED=0.0014369105 uER=0.109375 uMAE=0.8750 WCE=16 bias=0.3750
[quad_soft:06400] loss=0.019013 tau=4.38 collapse_w=0.050 mid_frac=0.089 hard=score=0.0010048211 wNMSE=3.3525566e-07 wMSE=10.0000 wMRED=0.00143691 wER=0.109375 wMAE=0.8750 wBias=0.3750 condBias=1.5811 dotDrift=+7.589sigma uMRED=0.0014369105 uER=0.109375 uMAE=0.8750 WCE=16 bias=0.3750
[quad_soft:06600] loss=0.018760 tau=4.47 collapse_w=0.075 mid_frac=0.089 hard=score=0.0010048211 wNMSE=3.3525566e-07 wMSE=10.0000 wMRED=0.00143691 wER=0.109375 wMAE=0.8750 wBias=0.3750 condBias=1.5811 dotDrift=+7.589sigma uMRED=0.0014369105 uER=0.109375 uMAE=0.8750 WCE=16 bias=0.3750
[quad_soft:06800] loss=0.018485 tau=4.56 collapse_w=0.100 mid_frac=0.071 hard=score=0.0010048211 wNMSE=3.3525566e-07 wMSE=10.0000 wMRED=0.00143691 wER=0.109375 wMAE=0.8750 wBias=0.3750 condBias=1.5811 dotDrift=+7.589sigma uMRED=0.0014369105 uER=0.109375 uMAE=0.8750 WCE=16 bias=0.3750
[quad_soft:07000] loss=0.018179 tau=4.65 collapse_w=0.125 mid_frac=0.071 hard=score=0.0010048211 wNMSE=3.3525566e-07 wMSE=10.0000 wMRED=0.00143691 wER=0.109375 wMAE=0.8750 wBias=0.3750 condBias=1.5811 dotDrift=+7.589sigma uMRED=0.0014369105 uER=0.109375 uMAE=0.8750 WCE=16 bias=0.3750
[quad_soft:07200] loss=0.017847 tau=4.74 collapse_w=0.150 mid_frac=0.054 hard=score=0.0010048211 wNMSE=3.3525566e-07 wMSE=10.0000 wMRED=0.00143691 wER=0.109375 wMAE=0.8750 wBias=0.3750 condBias=1.5811 dotDrift=+7.589sigma uMRED=0.0014369105 uER=0.109375 uMAE=0.8750 WCE=16 bias=0.3750
[quad_soft:07400] loss=0.017488 tau=4.83 collapse_w=0.175 mid_frac=0.036 hard=score=0.0010048211 wNMSE=3.3525566e-07 wMSE=10.0000 wMRED=0.00143691 wER=0.109375 wMAE=0.8750 wBias=0.3750 condBias=1.5811 dotDrift=+7.589sigma uMRED=0.0014369105 uER=0.109375 uMAE=0.8750 WCE=16 bias=0.3750
[quad_soft:07600] loss=0.017106 tau=4.92 collapse_w=0.200 mid_frac=0.036 hard=score=0.0010048211 wNMSE=3.3525566e-07 wMSE=10.0000 wMRED=0.00143691 wER=0.109375 wMAE=0.8750 wBias=0.3750 condBias=1.5811 dotDrift=+7.589sigma uMRED=0.0014369105 uER=0.109375 uMAE=0.8750 WCE=16 bias=0.3750
[quad_soft:07800] loss=0.016700 tau=5.01 collapse_w=0.225 mid_frac=0.036 hard=score=0.0010048211 wNMSE=3.3525566e-07 wMSE=10.0000 wMRED=0.00143691 wER=0.109375 wMAE=0.8750 wBias=0.3750 condBias=1.5811 dotDrift=+7.589sigma uMRED=0.0014369105 uER=0.109375 uMAE=0.8750 WCE=16 bias=0.3750
[quad_soft:08000] loss=0.016269 tau=5.10 collapse_w=0.250 mid_frac=0.036 hard=score=0.0010048211 wNMSE=3.3525566e-07 wMSE=10.0000 wMRED=0.00143691 wER=0.109375 wMAE=0.8750 wBias=0.3750 condBias=1.5811 dotDrift=+7.589sigma uMRED=0.0014369105 uER=0.109375 uMAE=0.8750 WCE=16 bias=0.3750
[quad_soft:08200] loss=0.015813 tau=5.19 collapse_w=0.275 mid_frac=0.036 hard=score=0.0010048211 wNMSE=3.3525566e-07 wMSE=10.0000 wMRED=0.00143691 wER=0.109375 wMAE=0.8750 wBias=0.3750 condBias=1.5811 dotDrift=+7.589sigma uMRED=0.0014369105 uER=0.109375 uMAE=0.8750 WCE=16 bias=0.3750
[quad_soft:08400] loss=0.015326 tau=5.28 collapse_w=0.300 mid_frac=0.036 hard=score=0.0010048211 wNMSE=3.3525566e-07 wMSE=10.0000 wMRED=0.00143691 wER=0.109375 wMAE=0.8750 wBias=0.3750 condBias=1.5811 dotDrift=+7.589sigma uMRED=0.0014369105 uER=0.109375 uMAE=0.8750 WCE=16 bias=0.3750
[quad_soft:08600] loss=0.014806 tau=5.37 collapse_w=0.325 mid_frac=0.036 hard=score=0.0010048211 wNMSE=3.3525566e-07 wMSE=10.0000 wMRED=0.00143691 wER=0.109375 wMAE=0.8750 wBias=0.3750 condBias=1.5811 dotDrift=+7.589sigma uMRED=0.0014369105 uER=0.109375 uMAE=0.8750 WCE=16 bias=0.3750
[quad_soft:08800] loss=0.014243 tau=5.46 collapse_w=0.350 mid_frac=0.036 hard=score=0.0010048211 wNMSE=3.3525566e-07 wMSE=10.0000 wMRED=0.00143691 wER=0.109375 wMAE=0.8750 wBias=0.3750 condBias=1.5811 dotDrift=+7.589sigma uMRED=0.0014369105 uER=0.109375 uMAE=0.8750 WCE=16 bias=0.3750
[quad_soft:09000] loss=0.013630 tau=5.55 collapse_w=0.375 mid_frac=0.036 hard=score=0.0010048211 wNMSE=3.3525566e-07 wMSE=10.0000 wMRED=0.00143691 wER=0.109375 wMAE=0.8750 wBias=0.3750 condBias=1.5811 dotDrift=+7.589sigma uMRED=0.0014369105 uER=0.109375 uMAE=0.8750 WCE=16 bias=0.3750
[quad_soft:09200] loss=0.012957 tau=5.64 collapse_w=0.400 mid_frac=0.036 hard=score=0.0010048211 wNMSE=3.3525566e-07 wMSE=10.0000 wMRED=0.00143691 wER=0.109375 wMAE=0.8750 wBias=0.3750 condBias=1.5811 dotDrift=+7.589sigma uMRED=0.0014369105 uER=0.109375 uMAE=0.8750 WCE=16 bias=0.3750
[quad_soft:09400] loss=0.012205 tau=5.73 collapse_w=0.425 mid_frac=0.036 hard=score=0.0010048211 wNMSE=3.3525566e-07 wMSE=10.0000 wMRED=0.00143691 wER=0.109375 wMAE=0.8750 wBias=0.3750 condBias=1.5811 dotDrift=+7.589sigma uMRED=0.0014369105 uER=0.109375 uMAE=0.8750 WCE=16 bias=0.3750
[quad_soft:09600] loss=0.011348 tau=5.82 collapse_w=0.450 mid_frac=0.036 hard=score=0.0010048211 wNMSE=3.3525566e-07 wMSE=10.0000 wMRED=0.00143691 wER=0.109375 wMAE=0.8750 wBias=0.3750 condBias=1.5811 dotDrift=+7.589sigma uMRED=0.0014369105 uER=0.109375 uMAE=0.8750 WCE=16 bias=0.3750
[quad_soft:09800] loss=0.010335 tau=5.91 collapse_w=0.475 mid_frac=0.036 hard=score=0.0010048211 wNMSE=3.3525566e-07 wMSE=10.0000 wMRED=0.00143691 wER=0.109375 wMAE=0.8750 wBias=0.3750 condBias=1.5811 dotDrift=+7.589sigma uMRED=0.0014369105 uER=0.109375 uMAE=0.8750 WCE=16 bias=0.3750
[quad_soft:09999] loss=0.009036 tau=6.00 collapse_w=0.500 mid_frac=0.036 hard=score=0.0010048211 wNMSE=3.3525566e-07 wMSE=10.0000 wMRED=0.00143691 wER=0.109375 wMAE=0.8750 wBias=0.3750 condBias=1.5811 dotDrift=+7.589sigma uMRED=0.0014369105 uER=0.109375 uMAE=0.8750 WCE=16 bias=0.3750
[quad_hard_ste:00000] loss=0.005264 tau=6.00 collapse_w=0.500 mid_frac=0.036 hard=score=0.0010048211 wNMSE=3.3525566e-07 wMSE=10.0000 wMRED=0.00143691 wER=0.109375 wMAE=0.8750 wBias=0.3750 condBias=1.5811 dotDrift=+7.589sigma uMRED=0.0014369105 uER=0.109375 uMAE=0.8750 WCE=16 bias=0.3750
[quad_hard_ste:00200] loss=0.004492 tau=6.00 collapse_w=0.500 mid_frac=0.036 hard=score=0.0010048211 wNMSE=3.3525566e-07 wMSE=10.0000 wMRED=0.00143691 wER=0.109375 wMAE=0.8750 wBias=0.3750 condBias=1.5811 dotDrift=+7.589sigma uMRED=0.0014369105 uER=0.109375 uMAE=0.8750 WCE=16 bias=0.3750
[quad_hard_ste:00400] loss=0.004049 tau=6.00 collapse_w=0.500 mid_frac=0.036 hard=score=0.0010048211 wNMSE=3.3525566e-07 wMSE=10.0000 wMRED=0.00143691 wER=0.109375 wMAE=0.8750 wBias=0.3750 condBias=1.5811 dotDrift=+7.589sigma uMRED=0.0014369105 uER=0.109375 uMAE=0.8750 WCE=16 bias=0.3750
[quad_hard_ste:00600] loss=0.003788 tau=6.00 collapse_w=0.500 mid_frac=0.036 hard=score=0.0010048211 wNMSE=3.3525566e-07 wMSE=10.0000 wMRED=0.00143691 wER=0.109375 wMAE=0.8750 wBias=0.3750 condBias=1.5811 dotDrift=+7.589sigma uMRED=0.0014369105 uER=0.109375 uMAE=0.8750 WCE=16 bias=0.3750
[quad_hard_ste:00800] loss=0.003625 tau=6.00 collapse_w=0.500 mid_frac=0.036 hard=score=0.0010048211 wNMSE=3.3525566e-07 wMSE=10.0000 wMRED=0.00143691 wER=0.109375 wMAE=0.8750 wBias=0.3750 condBias=1.5811 dotDrift=+7.589sigma uMRED=0.0014369105 uER=0.109375 uMAE=0.8750 WCE=16 bias=0.3750
[quad_hard_ste:01000] loss=0.003518 tau=6.00 collapse_w=0.500 mid_frac=0.036 hard=score=0.0010048211 wNMSE=3.3525566e-07 wMSE=10.0000 wMRED=0.00143691 wER=0.109375 wMAE=0.8750 wBias=0.3750 condBias=1.5811 dotDrift=+7.589sigma uMRED=0.0014369105 uER=0.109375 uMAE=0.8750 WCE=16 bias=0.3750
[quad_hard_ste:01200] loss=0.003444 tau=6.00 collapse_w=0.500 mid_frac=0.036 hard=score=0.0010048211 wNMSE=3.3525566e-07 wMSE=10.0000 wMRED=0.00143691 wER=0.109375 wMAE=0.8750 wBias=0.3750 condBias=1.5811 dotDrift=+7.589sigma uMRED=0.0014369105 uER=0.109375 uMAE=0.8750 WCE=16 bias=0.3750
[quad_hard_ste:01400] loss=0.003391 tau=6.00 collapse_w=0.500 mid_frac=0.036 hard=score=0.0010048211 wNMSE=3.3525566e-07 wMSE=10.0000 wMRED=0.00143691 wER=0.109375 wMAE=0.8750 wBias=0.3750 condBias=1.5811 dotDrift=+7.589sigma uMRED=0.0014369105 uER=0.109375 uMAE=0.8750 WCE=16 bias=0.3750
[quad_hard_ste:01600] loss=0.003352 tau=6.00 collapse_w=0.500 mid_frac=0.036 hard=score=0.0010048211 wNMSE=3.3525566e-07 wMSE=10.0000 wMRED=0.00143691 wER=0.109375 wMAE=0.8750 wBias=0.3750 condBias=1.5811 dotDrift=+7.589sigma uMRED=0.0014369105 uER=0.109375 uMAE=0.8750 WCE=16 bias=0.3750
[quad_hard_ste:01800] loss=0.003323 tau=6.00 collapse_w=0.500 mid_frac=0.036 hard=score=0.0010048211 wNMSE=3.3525566e-07 wMSE=10.0000 wMRED=0.00143691 wER=0.109375 wMAE=0.8750 wBias=0.3750 condBias=1.5811 dotDrift=+7.589sigma uMRED=0.0014369105 uER=0.109375 uMAE=0.8750 WCE=16 bias=0.3750
[quad_hard_ste:02000] loss=0.003300 tau=6.00 collapse_w=0.500 mid_frac=0.036 hard=score=0.0010048211 wNMSE=3.3525566e-07 wMSE=10.0000 wMRED=0.00143691 wER=0.109375 wMAE=0.8750 wBias=0.3750 condBias=1.5811 dotDrift=+7.589sigma uMRED=0.0014369105 uER=0.109375 uMAE=0.8750 WCE=16 bias=0.3750
[quad_hard_ste:02200] loss=0.003282 tau=6.00 collapse_w=0.500 mid_frac=0.036 hard=score=0.0010048211 wNMSE=3.3525566e-07 wMSE=10.0000 wMRED=0.00143691 wER=0.109375 wMAE=0.8750 wBias=0.3750 condBias=1.5811 dotDrift=+7.589sigma uMRED=0.0014369105 uER=0.109375 uMAE=0.8750 WCE=16 bias=0.3750
[quad_hard_ste:02400] loss=0.003267 tau=6.00 collapse_w=0.500 mid_frac=0.036 hard=score=0.0010048211 wNMSE=3.3525566e-07 wMSE=10.0000 wMRED=0.00143691 wER=0.109375 wMAE=0.8750 wBias=0.3750 condBias=1.5811 dotDrift=+7.589sigma uMRED=0.0014369105 uER=0.109375 uMAE=0.8750 WCE=16 bias=0.3750
[quad_hard_ste:02600] loss=0.003255 tau=6.00 collapse_w=0.500 mid_frac=0.036 hard=score=0.0010048211 wNMSE=3.3525566e-07 wMSE=10.0000 wMRED=0.00143691 wER=0.109375 wMAE=0.8750 wBias=0.3750 condBias=1.5811 dotDrift=+7.589sigma uMRED=0.0014369105 uER=0.109375 uMAE=0.8750 WCE=16 bias=0.3750
[quad_hard_ste:02800] loss=0.003246 tau=6.00 collapse_w=0.500 mid_frac=0.036 hard=score=0.0010048211 wNMSE=3.3525566e-07 wMSE=10.0000 wMRED=0.00143691 wER=0.109375 wMAE=0.8750 wBias=0.3750 condBias=1.5811 dotDrift=+7.589sigma uMRED=0.0014369105 uER=0.109375 uMAE=0.8750 WCE=16 bias=0.3750
[quad_hard_ste:03000] loss=0.003238 tau=6.00 collapse_w=0.500 mid_frac=0.036 hard=score=0.0010048211 wNMSE=3.3525566e-07 wMSE=10.0000 wMRED=0.00143691 wER=0.109375 wMAE=0.8750 wBias=0.3750 condBias=1.5811 dotDrift=+7.589sigma uMRED=0.0014369105 uER=0.109375 uMAE=0.8750 WCE=16 bias=0.3750
[quad_hard_ste:03200] loss=0.003231 tau=6.00 collapse_w=0.500 mid_frac=0.036 hard=score=0.0010048211 wNMSE=3.3525566e-07 wMSE=10.0000 wMRED=0.00143691 wER=0.109375 wMAE=0.8750 wBias=0.3750 condBias=1.5811 dotDrift=+7.589sigma uMRED=0.0014369105 uER=0.109375 uMAE=0.8750 WCE=16 bias=0.3750
[quad_hard_ste:03400] loss=0.003225 tau=6.00 collapse_w=0.500 mid_frac=0.036 hard=score=0.0010048211 wNMSE=3.3525566e-07 wMSE=10.0000 wMRED=0.00143691 wER=0.109375 wMAE=0.8750 wBias=0.3750 condBias=1.5811 dotDrift=+7.589sigma uMRED=0.0014369105 uER=0.109375 uMAE=0.8750 WCE=16 bias=0.3750
[quad_hard_ste:03600] loss=0.003220 tau=6.00 collapse_w=0.500 mid_frac=0.036 hard=score=0.0010048211 wNMSE=3.3525566e-07 wMSE=10.0000 wMRED=0.00143691 wER=0.109375 wMAE=0.8750 wBias=0.3750 condBias=1.5811 dotDrift=+7.589sigma uMRED=0.0014369105 uER=0.109375 uMAE=0.8750 WCE=16 bias=0.3750
[quad_hard_ste:03800] loss=0.003216 tau=6.00 collapse_w=0.500 mid_frac=0.036 hard=score=0.0010048211 wNMSE=3.3525566e-07 wMSE=10.0000 wMRED=0.00143691 wER=0.109375 wMAE=0.8750 wBias=0.3750 condBias=1.5811 dotDrift=+7.589sigma uMRED=0.0014369105 uER=0.109375 uMAE=0.8750 WCE=16 bias=0.3750
[quad_hard_ste:03999] loss=0.003212 tau=6.00 collapse_w=0.500 mid_frac=0.036 hard=score=0.0010048211 wNMSE=3.3525566e-07 wMSE=10.0000 wMRED=0.00143691 wER=0.109375 wMAE=0.8750 wBias=0.3750 condBias=1.5811 dotDrift=+7.589sigma uMRED=0.0014369105 uER=0.109375 uMAE=0.8750 WCE=16 bias=0.3750
[pop00_soft:00000] loss=0.127581 tau=1.50 collapse_w=0.000 mid_frac=0.161 hard=score=0.0401886119 wNMSE=7.2375412e-05 wMSE=2158.8125 wMRED=0.02167638 wER=0.230469 wMAE=18.3359 wBias=14.5625 condBias=29.1250 dotDrift=+20.059sigma uMRED=0.0216763824 uER=0.230469 uMAE=18.3359 WCE=178 bias=14.5625
[pop00_soft:00200] loss=0.074337 tau=2.25 collapse_w=0.000 mid_frac=0.250 hard=score=0.0092708247 wNMSE=1.9689984e-05 wMSE=587.3125 wMRED=0.00884424 wER=0.175781 wMAE=7.1250 wBias=-3.1875 condBias=12.1173 dotDrift=-8.418sigma uMRED=0.0088442393 uER=0.175781 uMAE=7.1250 WCE=128 bias=-3.1875
[pop00_soft:00400] loss=0.038733 tau=3.00 collapse_w=0.000 mid_frac=0.054 hard=score=0.0012313537 wNMSE=6.3698576e-07 wMSE=19.0000 wMRED=0.00202022 wER=0.109375 wMAE=1.2500 wBias=0.0000 condBias=2.1794 dotDrift=+0.000sigma uMRED=0.0020202167 uER=0.109375 uMAE=1.2500 WCE=20 bias=0.0000
[pop00_soft:00600] loss=0.025057 tau=3.75 collapse_w=0.000 mid_frac=0.054 hard=score=0.0009946065 wNMSE=4.023068e-07 wMSE=12.0000 wMRED=0.00163135 wER=0.109375 wMAE=1.0000 wBias=0.2500 condBias=1.7321 dotDrift=+4.619sigma uMRED=0.0016313459 uER=0.109375 uMAE=1.0000 WCE=16 bias=0.2500
[pop00_soft:00800] loss=0.020117 tau=4.50 collapse_w=0.084 mid_frac=0.018 hard=score=0.0010048211 wNMSE=3.3525566e-07 wMSE=10.0000 wMRED=0.00143691 wER=0.109375 wMAE=0.8750 wBias=0.3750 condBias=1.5811 dotDrift=+7.589sigma uMRED=0.0014369105 uER=0.109375 uMAE=0.8750 WCE=16 bias=0.3750
[pop00_soft:01000] loss=0.017499 tau=5.25 collapse_w=0.293 mid_frac=0.018 hard=score=0.0010048211 wNMSE=3.3525566e-07 wMSE=10.0000 wMRED=0.00143691 wER=0.109375 wMAE=0.8750 wBias=0.3750 condBias=1.5811 dotDrift=+7.589sigma uMRED=0.0014369105 uER=0.109375 uMAE=0.8750 WCE=16 bias=0.3750
[pop00_soft:01199] loss=0.010519 tau=6.00 collapse_w=0.500 mid_frac=0.018 hard=score=0.0010048211 wNMSE=3.3525566e-07 wMSE=10.0000 wMRED=0.00143691 wER=0.109375 wMAE=0.8750 wBias=0.3750 condBias=1.5811 dotDrift=+7.589sigma uMRED=0.0014369105 uER=0.109375 uMAE=0.8750 WCE=16 bias=0.3750
[pop00_hard:00000] loss=0.007397 tau=6.00 collapse_w=0.500 mid_frac=0.018 hard=score=0.0010048211 wNMSE=3.3525566e-07 wMSE=10.0000 wMRED=0.00143691 wER=0.109375 wMAE=0.8750 wBias=0.3750 condBias=1.5811 dotDrift=+7.589sigma uMRED=0.0014369105 uER=0.109375 uMAE=0.8750 WCE=16 bias=0.3750
[pop00_hard:00200] loss=0.005478 tau=6.00 collapse_w=0.500 mid_frac=0.018 hard=score=0.0010048211 wNMSE=3.3525566e-07 wMSE=10.0000 wMRED=0.00143691 wER=0.109375 wMAE=0.8750 wBias=0.3750 condBias=1.5811 dotDrift=+7.589sigma uMRED=0.0014369105 uER=0.109375 uMAE=0.8750 WCE=16 bias=0.3750
[pop00_hard:00400] loss=0.004408 tau=6.00 collapse_w=0.500 mid_frac=0.018 hard=score=0.0010048211 wNMSE=3.3525566e-07 wMSE=10.0000 wMRED=0.00143691 wER=0.109375 wMAE=0.8750 wBias=0.3750 condBias=1.5811 dotDrift=+7.589sigma uMRED=0.0014369105 uER=0.109375 uMAE=0.8750 WCE=16 bias=0.3750
[pop00_hard:00599] loss=0.003778 tau=6.00 collapse_w=0.500 mid_frac=0.018 hard=score=0.0010048211 wNMSE=3.3525566e-07 wMSE=10.0000 wMRED=0.00143691 wER=0.109375 wMAE=0.8750 wBias=0.3750 condBias=1.5811 dotDrift=+7.589sigma uMRED=0.0014369105 uER=0.109375 uMAE=0.8750 WCE=16 bias=0.3750
[pop00] done (conf=0.53, noise=0.5); global best score=0.0009878600 wNMSE=5.3640906e-07 wMSE=16.0000 wMRED=0.00210923 wER=0.125000 wMAE=1.2500 wBias=0.0000 condBias=2.0000 dotDrift=+0.000sigma uMRED=0.0021092349 uER=0.125000 uMAE=1.2500 WCE=16 bias=0.0000
[pop01_soft:00000] loss=0.132494 tau=1.50 collapse_w=0.000 mid_frac=0.500 hard=score=0.0213974820 wNMSE=6.1492175e-05 wMSE=1834.1875 wMRED=0.03968557 wER=0.246094 wMAE=17.3828 wBias=8.9375 condBias=21.4137 dotDrift=+13.356sigma uMRED=0.0396855721 uER=0.246094 uMAE=17.3828 WCE=168 bias=8.9375
[pop01_soft:00200] loss=0.084518 tau=2.25 collapse_w=0.000 mid_frac=0.375 hard=score=0.0081900174 wNMSE=9.7538445e-06 wMSE=290.9375 wMRED=0.00838344 wER=0.203125 wMAE=5.5391 wBias=-4.6875 condBias=9.3750 dotDrift=-17.588sigma uMRED=0.0083834408 uER=0.203125 uMAE=5.5391 WCE=84 bias=-4.6875
[pop01_soft:00400] loss=0.048786 tau=3.00 collapse_w=0.000 mid_frac=0.304 hard=score=0.0018298154 wNMSE=8.2137638e-07 wMSE=24.5000 wMRED=0.00315004 wER=0.171875 wMAE=1.6875 wBias=-0.8750 condBias=2.4749 dotDrift=-11.314sigma uMRED=0.0031500412 uER=0.171875 uMAE=1.6875 WCE=28 bias=-0.8750
[pop01_soft:00600] loss=0.031752 tau=3.75 collapse_w=0.000 mid_frac=0.232 hard=score=0.0018298154 wNMSE=8.2137638e-07 wMSE=24.5000 wMRED=0.00315004 wER=0.171875 wMAE=1.6875 wBias=-0.8750 condBias=2.4749 dotDrift=-11.314sigma uMRED=0.0031500412 uER=0.171875 uMAE=1.6875 WCE=28 bias=-0.8750
[pop01_soft:00800] loss=0.025719 tau=4.50 collapse_w=0.084 mid_frac=0.179 hard=score=0.0015331409 wNMSE=7.2079968e-07 wMSE=21.5000 wMRED=0.00277251 wER=0.164062 wMAE=1.5625 wBias=-0.6250 condBias=2.3184 dotDrift=-8.627sigma uMRED=0.0027725116 uER=0.164062 uMAE=1.5625 WCE=24 bias=-0.6250
[pop01_soft:01000] loss=0.022749 tau=5.25 collapse_w=0.293 mid_frac=0.125 hard=score=0.0015331409 wNMSE=7.2079968e-07 wMSE=21.5000 wMRED=0.00277251 wER=0.164062 wMAE=1.5625 wBias=-0.6250 condBias=2.3184 dotDrift=-8.627sigma uMRED=0.0027725116 uER=0.164062 uMAE=1.5625 WCE=24 bias=-0.6250
[pop01_soft:01199] loss=0.016597 tau=6.00 collapse_w=0.500 mid_frac=0.125 hard=score=0.0015331409 wNMSE=7.2079968e-07 wMSE=21.5000 wMRED=0.00277251 wER=0.164062 wMAE=1.5625 wBias=-0.6250 condBias=2.3184 dotDrift=-8.627sigma uMRED=0.0027725116 uER=0.164062 uMAE=1.5625 WCE=24 bias=-0.6250
[pop01_hard:00000] loss=0.013819 tau=6.00 collapse_w=0.500 mid_frac=0.125 hard=score=0.0015331409 wNMSE=7.2079968e-07 wMSE=21.5000 wMRED=0.00277251 wER=0.164062 wMAE=1.5625 wBias=-0.6250 condBias=2.3184 dotDrift=-8.627sigma uMRED=0.0027725116 uER=0.164062 uMAE=1.5625 WCE=24 bias=-0.6250
[pop01_hard:00200] loss=0.012025 tau=6.00 collapse_w=0.500 mid_frac=0.125 hard=score=0.0015331409 wNMSE=7.2079968e-07 wMSE=21.5000 wMRED=0.00277251 wER=0.164062 wMAE=1.5625 wBias=-0.6250 condBias=2.3184 dotDrift=-8.627sigma uMRED=0.0027725116 uER=0.164062 uMAE=1.5625 WCE=24 bias=-0.6250
[pop01_hard:00400] loss=0.011005 tau=6.00 collapse_w=0.500 mid_frac=0.125 hard=score=0.0015331409 wNMSE=7.2079968e-07 wMSE=21.5000 wMRED=0.00277251 wER=0.164062 wMAE=1.5625 wBias=-0.6250 condBias=2.3184 dotDrift=-8.627sigma uMRED=0.0027725116 uER=0.164062 uMAE=1.5625 WCE=24 bias=-0.6250
[pop01_hard:00599] loss=0.010402 tau=6.00 collapse_w=0.500 mid_frac=0.125 hard=score=0.0015331409 wNMSE=7.2079968e-07 wMSE=21.5000 wMRED=0.00277251 wER=0.164062 wMAE=1.5625 wBias=-0.6250 condBias=2.3184 dotDrift=-8.627sigma uMRED=0.0027725116 uER=0.164062 uMAE=1.5625 WCE=24 bias=-0.6250
[pop01] done (conf=0.51, noise=1.0); global best score=0.0009878600 wNMSE=5.3640906e-07 wMSE=16.0000 wMRED=0.00210923 wER=0.125000 wMAE=1.2500 wBias=0.0000 condBias=2.0000 dotDrift=+0.000sigma uMRED=0.0021092349 uER=0.125000 uMAE=1.2500 WCE=16 bias=0.0000
[pop02_soft:00000] loss=0.131699 tau=1.50 collapse_w=0.000 mid_frac=0.375 hard=score=0.0577314374 wNMSE=7.6421529e-05 wMSE=2279.5000 wMRED=0.04513480 wER=0.246094 wMAE=20.6406 wBias=18.5000 condBias=37.0000 dotDrift=+24.799sigma uMRED=0.0451348016 uER=0.246094 uMAE=20.6406 WCE=172 bias=18.5000
[pop02_soft:00200] loss=0.075183 tau=2.25 collapse_w=0.000 mid_frac=0.161 hard=score=0.0110832263 wNMSE=1.9008996e-05 wMSE=567.0000 wMRED=0.00685561 wER=0.183594 wMAE=5.5000 wBias=4.2500 condBias=11.9059 dotDrift=+11.423sigma uMRED=0.0068556087 uER=0.183594 uMAE=5.5000 WCE=140 bias=4.2500
[pop02_soft:00400] loss=0.037458 tau=3.00 collapse_w=0.000 mid_frac=0.036 hard=score=0.0009887372 wNMSE=5.028835e-07 wMSE=15.0000 wMRED=0.00182578 wER=0.109375 wMAE=1.1250 wBias=0.1250 condBias=1.9365 dotDrift=+2.066sigma uMRED=0.0018257813 uER=0.109375 uMAE=1.1250 WCE=16 bias=0.1250
[pop02_soft:00600] loss=0.024427 tau=3.75 collapse_w=0.000 mid_frac=0.000 hard=score=0.0010048211 wNMSE=3.3525566e-07 wMSE=10.0000 wMRED=0.00143691 wER=0.109375 wMAE=0.8750 wBias=0.3750 condBias=1.5811 dotDrift=+7.589sigma uMRED=0.0014369105 uER=0.109375 uMAE=0.8750 WCE=16 bias=0.3750
[pop02_soft:00800] loss=0.020177 tau=4.50 collapse_w=0.084 mid_frac=0.000 hard=score=0.0010048211 wNMSE=3.3525566e-07 wMSE=10.0000 wMRED=0.00143691 wER=0.109375 wMAE=0.8750 wBias=0.3750 condBias=1.5811 dotDrift=+7.589sigma uMRED=0.0014369105 uER=0.109375 uMAE=0.8750 WCE=16 bias=0.3750
[pop02_soft:01000] loss=0.017590 tau=5.25 collapse_w=0.293 mid_frac=0.000 hard=score=0.0010048211 wNMSE=3.3525566e-07 wMSE=10.0000 wMRED=0.00143691 wER=0.109375 wMAE=0.8750 wBias=0.3750 condBias=1.5811 dotDrift=+7.589sigma uMRED=0.0014369105 uER=0.109375 uMAE=0.8750 WCE=16 bias=0.3750
[pop02_soft:01199] loss=0.010127 tau=6.00 collapse_w=0.500 mid_frac=0.000 hard=score=0.0010048211 wNMSE=3.3525566e-07 wMSE=10.0000 wMRED=0.00143691 wER=0.109375 wMAE=0.8750 wBias=0.3750 condBias=1.5811 dotDrift=+7.589sigma uMRED=0.0014369105 uER=0.109375 uMAE=0.8750 WCE=16 bias=0.3750
[pop02_hard:00000] loss=0.006828 tau=6.00 collapse_w=0.500 mid_frac=0.000 hard=score=0.0010048211 wNMSE=3.3525566e-07 wMSE=10.0000 wMRED=0.00143691 wER=0.109375 wMAE=0.8750 wBias=0.3750 condBias=1.5811 dotDrift=+7.589sigma uMRED=0.0014369105 uER=0.109375 uMAE=0.8750 WCE=16 bias=0.3750
[pop02_hard:00200] loss=0.004787 tau=6.00 collapse_w=0.500 mid_frac=0.000 hard=score=0.0010048211 wNMSE=3.3525566e-07 wMSE=10.0000 wMRED=0.00143691 wER=0.109375 wMAE=0.8750 wBias=0.3750 condBias=1.5811 dotDrift=+7.589sigma uMRED=0.0014369105 uER=0.109375 uMAE=0.8750 WCE=16 bias=0.3750
[pop02_hard:00400] loss=0.003655 tau=6.00 collapse_w=0.500 mid_frac=0.000 hard=score=0.0010048211 wNMSE=3.3525566e-07 wMSE=10.0000 wMRED=0.00143691 wER=0.109375 wMAE=0.8750 wBias=0.3750 condBias=1.5811 dotDrift=+7.589sigma uMRED=0.0014369105 uER=0.109375 uMAE=0.8750 WCE=16 bias=0.3750
[pop02_hard:00599] loss=0.002990 tau=6.00 collapse_w=0.500 mid_frac=0.000 hard=score=0.0010048211 wNMSE=3.3525566e-07 wMSE=10.0000 wMRED=0.00143691 wER=0.109375 wMAE=0.8750 wBias=0.3750 condBias=1.5811 dotDrift=+7.589sigma uMRED=0.0014369105 uER=0.109375 uMAE=0.8750 WCE=16 bias=0.3750
[pop02] done (conf=0.53, noise=0.5); global best score=0.0009878600 wNMSE=5.3640906e-07 wMSE=16.0000 wMRED=0.00210923 wER=0.125000 wMAE=1.2500 wBias=0.0000 condBias=2.0000 dotDrift=+0.000sigma uMRED=0.0021092349 uER=0.125000 uMAE=1.2500 WCE=16 bias=0.0000
[pop03_soft:00000] loss=0.141510 tau=1.50 collapse_w=0.000 mid_frac=0.482 hard=score=0.0088419595 wNMSE=5.2727335e-05 wMSE=1572.7500 wMRED=0.04187924 wER=0.234375 wMAE=16.6562 wBias=2.2500 condBias=19.8290 dotDrift=+3.631sigma uMRED=0.0418792356 uER=0.234375 uMAE=16.6562 WCE=131 bias=2.2500
[pop03_soft:00200] loss=0.093384 tau=2.25 collapse_w=0.000 mid_frac=0.393 hard=score=0.0094016065 wNMSE=4.3566474e-05 wMSE=1299.5000 wMRED=0.03775433 wER=0.234375 wMAE=13.0625 wBias=3.1250 condBias=18.0243 dotDrift=+5.548sigma uMRED=0.0377543297 uER=0.234375 uMAE=13.0625 WCE=130 bias=3.1250
[pop03_soft:00400] loss=0.050548 tau=3.00 collapse_w=0.000 mid_frac=0.232 hard=score=0.0012401162 wNMSE=6.8727411e-07 wMSE=20.5000 wMRED=0.00260450 wER=0.218750 wMAE=1.5625 wBias=0.1250 condBias=2.2638 dotDrift=+1.767sigma uMRED=0.0026044997 uER=0.218750 uMAE=1.5625 WCE=20 bias=0.1250
[pop03_soft:00600] loss=0.031837 tau=3.75 collapse_w=0.000 mid_frac=0.232 hard=score=0.0012347547 wNMSE=6.7051133e-07 wMSE=20.0000 wMRED=0.00222191 wER=0.125000 wMAE=1.3750 wBias=0.1250 condBias=2.2361 dotDrift=+1.789sigma uMRED=0.0022219117 uER=0.125000 uMAE=1.3750 WCE=20 bias=0.1250
[pop03_soft:00800] loss=0.025249 tau=4.50 collapse_w=0.084 mid_frac=0.179 hard=score=0.0009887372 wNMSE=5.028835e-07 wMSE=15.0000 wMRED=0.00182578 wER=0.109375 wMAE=1.1250 wBias=0.1250 condBias=1.9365 dotDrift=+2.066sigma uMRED=0.0018257813 uER=0.109375 uMAE=1.1250 WCE=16 bias=0.1250
[pop03_soft:01000] loss=0.022895 tau=5.25 collapse_w=0.293 mid_frac=0.143 hard=score=0.0009887372 wNMSE=5.028835e-07 wMSE=15.0000 wMRED=0.00182578 wER=0.109375 wMAE=1.1250 wBias=0.1250 condBias=1.9365 dotDrift=+2.066sigma uMRED=0.0018257813 uER=0.109375 uMAE=1.1250 WCE=16 bias=0.1250
[pop03_soft:01199] loss=0.017534 tau=6.00 collapse_w=0.500 mid_frac=0.143 hard=score=0.0009887372 wNMSE=5.028835e-07 wMSE=15.0000 wMRED=0.00182578 wER=0.109375 wMAE=1.1250 wBias=0.1250 condBias=1.9365 dotDrift=+2.066sigma uMRED=0.0018257813 uER=0.109375 uMAE=1.1250 WCE=16 bias=0.1250
[pop03_hard:00000] loss=0.013635 tau=6.00 collapse_w=0.500 mid_frac=0.143 hard=score=0.0009887372 wNMSE=5.028835e-07 wMSE=15.0000 wMRED=0.00182578 wER=0.109375 wMAE=1.1250 wBias=0.1250 condBias=1.9365 dotDrift=+2.066sigma uMRED=0.0018257813 uER=0.109375 uMAE=1.1250 WCE=16 bias=0.1250
[pop03_hard:00200] loss=0.011676 tau=6.00 collapse_w=0.500 mid_frac=0.143 hard=score=0.0009887372 wNMSE=5.028835e-07 wMSE=15.0000 wMRED=0.00182578 wER=0.109375 wMAE=1.1250 wBias=0.1250 condBias=1.9365 dotDrift=+2.066sigma uMRED=0.0018257813 uER=0.109375 uMAE=1.1250 WCE=16 bias=0.1250
[pop03_hard:00400] loss=0.010573 tau=6.00 collapse_w=0.500 mid_frac=0.143 hard=score=0.0009887372 wNMSE=5.028835e-07 wMSE=15.0000 wMRED=0.00182578 wER=0.109375 wMAE=1.1250 wBias=0.1250 condBias=1.9365 dotDrift=+2.066sigma uMRED=0.0018257813 uER=0.109375 uMAE=1.1250 WCE=16 bias=0.1250
[pop03_hard:00599] loss=0.009920 tau=6.00 collapse_w=0.500 mid_frac=0.143 hard=score=0.0009887372 wNMSE=5.028835e-07 wMSE=15.0000 wMRED=0.00182578 wER=0.109375 wMAE=1.1250 wBias=0.1250 condBias=1.9365 dotDrift=+2.066sigma uMRED=0.0018257813 uER=0.109375 uMAE=1.1250 WCE=16 bias=0.1250
[pop03] done (conf=0.51, noise=1.0); global best score=0.0009878600 wNMSE=5.3640906e-07 wMSE=16.0000 wMRED=0.00210923 wER=0.125000 wMAE=1.2500 wBias=0.0000 condBias=2.0000 dotDrift=+0.000sigma uMRED=0.0021092349 uER=0.125000 uMAE=1.2500 WCE=16 bias=0.0000
[pop04_soft:00000] loss=0.117626 tau=1.50 collapse_w=0.000 mid_frac=0.304 hard=score=0.0135085928 wNMSE=3.402845e-05 wMSE=1015.0000 wMRED=0.02967536 wER=0.246094 wMAE=13.5625 wBias=6.3750 condBias=15.9295 dotDrift=+12.806sigma uMRED=0.0296753599 uER=0.246094 uMAE=13.5625 WCE=128 bias=6.3750
[pop04_soft:00200] loss=0.064428 tau=2.25 collapse_w=0.000 mid_frac=0.125 hard=score=0.0054586042 wNMSE=5.4981929e-06 wMSE=164.0000 wMRED=0.00415844 wER=0.140625 wMAE=3.2500 wBias=2.0000 condBias=6.4031 dotDrift=+9.995sigma uMRED=0.0041584354 uER=0.140625 uMAE=3.2500 WCE=80 bias=2.0000
[pop04_soft:00400] loss=0.037557 tau=3.00 collapse_w=0.000 mid_frac=0.107 hard=score=0.0009887372 wNMSE=5.028835e-07 wMSE=15.0000 wMRED=0.00182578 wER=0.109375 wMAE=1.1250 wBias=0.1250 condBias=1.9365 dotDrift=+2.066sigma uMRED=0.0018257813 uER=0.109375 uMAE=1.1250 WCE=16 bias=0.1250
[pop04_soft:00600] loss=0.024817 tau=3.75 collapse_w=0.000 mid_frac=0.054 hard=score=0.0010048211 wNMSE=3.3525566e-07 wMSE=10.0000 wMRED=0.00143691 wER=0.109375 wMAE=0.8750 wBias=0.3750 condBias=1.5811 dotDrift=+7.589sigma uMRED=0.0014369105 uER=0.109375 uMAE=0.8750 WCE=16 bias=0.3750
[pop04_soft:00800] loss=0.020040 tau=4.50 collapse_w=0.084 mid_frac=0.000 hard=score=0.0010048211 wNMSE=3.3525566e-07 wMSE=10.0000 wMRED=0.00143691 wER=0.109375 wMAE=0.8750 wBias=0.3750 condBias=1.5811 dotDrift=+7.589sigma uMRED=0.0014369105 uER=0.109375 uMAE=0.8750 WCE=16 bias=0.3750
[pop04_soft:01000] loss=0.017043 tau=5.25 collapse_w=0.293 mid_frac=0.000 hard=score=0.0010048211 wNMSE=3.3525566e-07 wMSE=10.0000 wMRED=0.00143691 wER=0.109375 wMAE=0.8750 wBias=0.3750 condBias=1.5811 dotDrift=+7.589sigma uMRED=0.0014369105 uER=0.109375 uMAE=0.8750 WCE=16 bias=0.3750
[pop04_soft:01199] loss=0.009675 tau=6.00 collapse_w=0.500 mid_frac=0.000 hard=score=0.0010048211 wNMSE=3.3525566e-07 wMSE=10.0000 wMRED=0.00143691 wER=0.109375 wMAE=0.8750 wBias=0.3750 condBias=1.5811 dotDrift=+7.589sigma uMRED=0.0014369105 uER=0.109375 uMAE=0.8750 WCE=16 bias=0.3750
[pop04_hard:00000] loss=0.006296 tau=6.00 collapse_w=0.500 mid_frac=0.000 hard=score=0.0010048211 wNMSE=3.3525566e-07 wMSE=10.0000 wMRED=0.00143691 wER=0.109375 wMAE=0.8750 wBias=0.3750 condBias=1.5811 dotDrift=+7.589sigma uMRED=0.0014369105 uER=0.109375 uMAE=0.8750 WCE=16 bias=0.3750
[pop04_hard:00200] loss=0.004461 tau=6.00 collapse_w=0.500 mid_frac=0.000 hard=score=0.0010048211 wNMSE=3.3525566e-07 wMSE=10.0000 wMRED=0.00143691 wER=0.109375 wMAE=0.8750 wBias=0.3750 condBias=1.5811 dotDrift=+7.589sigma uMRED=0.0014369105 uER=0.109375 uMAE=0.8750 WCE=16 bias=0.3750
[pop04_hard:00400] loss=0.003440 tau=6.00 collapse_w=0.500 mid_frac=0.000 hard=score=0.0010048211 wNMSE=3.3525566e-07 wMSE=10.0000 wMRED=0.00143691 wER=0.109375 wMAE=0.8750 wBias=0.3750 condBias=1.5811 dotDrift=+7.589sigma uMRED=0.0014369105 uER=0.109375 uMAE=0.8750 WCE=16 bias=0.3750
[pop04_hard:00599] loss=0.002840 tau=6.00 collapse_w=0.500 mid_frac=0.000 hard=score=0.0010048211 wNMSE=3.3525566e-07 wMSE=10.0000 wMRED=0.00143691 wER=0.109375 wMAE=0.8750 wBias=0.3750 condBias=1.5811 dotDrift=+7.589sigma uMRED=0.0014369105 uER=0.109375 uMAE=0.8750 WCE=16 bias=0.3750
[pop04] done (conf=0.53, noise=0.5); global best score=0.0009878600 wNMSE=5.3640906e-07 wMSE=16.0000 wMRED=0.00210923 wER=0.125000 wMAE=1.2500 wBias=0.0000 condBias=2.0000 dotDrift=+0.000sigma uMRED=0.0021092349 uER=0.125000 uMAE=1.2500 WCE=16 bias=0.0000
[pop05_soft:00000] loss=0.143096 tau=1.50 collapse_w=0.000 mid_frac=0.357 hard=score=0.0104230257 wNMSE=4.0088196e-05 wMSE=1195.7500 wMRED=0.02547987 wER=0.250000 wMAE=14.1484 wBias=3.2500 condBias=17.2898 dotDrift=+6.015sigma uMRED=0.0254798668 uER=0.250000 uMAE=14.1484 WCE=145 bias=3.2500
[pop05_soft:00200] loss=0.090305 tau=2.25 collapse_w=0.000 mid_frac=0.286 hard=score=0.0060470307 wNMSE=1.4847635e-05 wMSE=442.8750 wMRED=0.01451953 wER=0.234375 wMAE=7.8984 wBias=-2.5000 condBias=10.5223 dotDrift=-7.603sigma uMRED=0.0145195315 uER=0.234375 uMAE=7.8984 WCE=84 bias=-2.5000
[pop05_soft:00400] loss=0.052141 tau=3.00 collapse_w=0.000 mid_frac=0.214 hard=score=0.0023719651 wNMSE=2.0806805e-06 wMSE=62.0625 wMRED=0.00510345 wER=0.191406 wMAE=2.8047 wBias=1.5625 condBias=3.9390 dotDrift=+12.694sigma uMRED=0.0051034525 uER=0.191406 uMAE=2.8047 WCE=33 bias=1.5625
[pop05_soft:00600] loss=0.030115 tau=3.75 collapse_w=0.000 mid_frac=0.143 hard=score=0.0022794029 wNMSE=1.5086505e-06 wMSE=45.0000 wMRED=0.00349467 wER=0.144531 wMAE=2.2500 wBias=1.5000 condBias=3.3541 dotDrift=+14.311sigma uMRED=0.0034946664 uER=0.144531 uMAE=2.2500 WCE=32 bias=1.5000
[pop05_soft:00800] loss=0.023072 tau=4.50 collapse_w=0.084 mid_frac=0.125 hard=score=0.0010953927 wNMSE=7.3756246e-07 wMSE=22.0000 wMRED=0.00254540 wER=0.140625 wMAE=1.6250 wBias=0.8750 condBias=2.3452 dotDrift=+11.939sigma uMRED=0.0025453983 uER=0.140625 uMAE=1.6250 WCE=16 bias=0.8750
[pop05_soft:01000] loss=0.021141 tau=5.25 collapse_w=0.293 mid_frac=0.125 hard=score=0.0010953927 wNMSE=7.3756246e-07 wMSE=22.0000 wMRED=0.00254540 wER=0.140625 wMAE=1.6250 wBias=0.8750 condBias=2.3452 dotDrift=+11.939sigma uMRED=0.0025453983 uER=0.140625 uMAE=1.6250 WCE=16 bias=0.8750
[pop05_soft:01199] loss=0.015305 tau=6.00 collapse_w=0.500 mid_frac=0.125 hard=score=0.0010953927 wNMSE=7.3756246e-07 wMSE=22.0000 wMRED=0.00254540 wER=0.140625 wMAE=1.6250 wBias=0.8750 condBias=2.3452 dotDrift=+11.939sigma uMRED=0.0025453983 uER=0.140625 uMAE=1.6250 WCE=16 bias=0.8750
[pop05_hard:00000] loss=0.012825 tau=6.00 collapse_w=0.500 mid_frac=0.125 hard=score=0.0010953927 wNMSE=7.3756246e-07 wMSE=22.0000 wMRED=0.00254540 wER=0.140625 wMAE=1.6250 wBias=0.8750 condBias=2.3452 dotDrift=+11.939sigma uMRED=0.0025453983 uER=0.140625 uMAE=1.6250 WCE=16 bias=0.8750
[pop05_hard:00200] loss=0.010663 tau=6.00 collapse_w=0.500 mid_frac=0.107 hard=score=0.0010953927 wNMSE=7.3756246e-07 wMSE=22.0000 wMRED=0.00254540 wER=0.140625 wMAE=1.6250 wBias=0.8750 condBias=2.3452 dotDrift=+11.939sigma uMRED=0.0025453983 uER=0.140625 uMAE=1.6250 WCE=16 bias=0.8750
[pop05_hard:00400] loss=0.009505 tau=6.00 collapse_w=0.500 mid_frac=0.107 hard=score=0.0010953927 wNMSE=7.3756246e-07 wMSE=22.0000 wMRED=0.00254540 wER=0.140625 wMAE=1.6250 wBias=0.8750 condBias=2.3452 dotDrift=+11.939sigma uMRED=0.0025453983 uER=0.140625 uMAE=1.6250 WCE=16 bias=0.8750
[pop05_hard:00599] loss=0.008827 tau=6.00 collapse_w=0.500 mid_frac=0.107 hard=score=0.0010953927 wNMSE=7.3756246e-07 wMSE=22.0000 wMRED=0.00254540 wER=0.140625 wMAE=1.6250 wBias=0.8750 condBias=2.3452 dotDrift=+11.939sigma uMRED=0.0025453983 uER=0.140625 uMAE=1.6250 WCE=16 bias=0.8750
[pop05] done (conf=0.51, noise=1.0); global best score=0.0009878600 wNMSE=5.3640906e-07 wMSE=16.0000 wMRED=0.00210923 wER=0.125000 wMAE=1.2500 wBias=0.0000 condBias=2.0000 dotDrift=+0.000sigma uMRED=0.0021092349 uER=0.125000 uMAE=1.2500 WCE=16 bias=0.0000
[pop06_soft:00000] loss=0.127754 tau=1.50 collapse_w=0.000 mid_frac=0.429 hard=score=0.0281755259 wNMSE=0.0001319231 wMSE=3935.0000 wMRED=0.06497186 wER=0.250000 wMAE=27.7500 wBias=10.2500 condBias=31.3648 dotDrift=+10.458sigma uMRED=0.0649718644 uER=0.250000 uMAE=27.7500 WCE=220 bias=10.2500
[pop06_soft:00200] loss=0.069190 tau=2.25 collapse_w=0.000 mid_frac=0.161 hard=score=0.0093165294 wNMSE=1.7299192e-05 wMSE=516.0000 wMRED=0.00675230 wER=0.156250 wMAE=5.6250 wBias=3.2500 condBias=11.3578 dotDrift=+9.157sigma uMRED=0.0067522985 uER=0.156250 uMAE=5.6250 WCE=128 bias=3.2500
[pop06_soft:00400] loss=0.034794 tau=3.00 collapse_w=0.000 mid_frac=0.071 hard=score=0.0010211057 wNMSE=3.6878123e-07 wMSE=11.0000 wMRED=0.00163861 wER=0.125000 wMAE=1.0000 wBias=0.5000 condBias=1.6583 dotDrift=+9.648sigma uMRED=0.0016386055 uER=0.125000 uMAE=1.0000 WCE=16 bias=0.5000
[pop06_soft:00600] loss=0.024075 tau=3.75 collapse_w=0.000 mid_frac=0.071 hard=score=0.0010211057 wNMSE=3.6878123e-07 wMSE=11.0000 wMRED=0.00163861 wER=0.125000 wMAE=1.0000 wBias=0.5000 condBias=1.6583 dotDrift=+9.648sigma uMRED=0.0016386055 uER=0.125000 uMAE=1.0000 WCE=16 bias=0.5000
[pop06_soft:00800] loss=0.019837 tau=4.50 collapse_w=0.084 mid_frac=0.018 hard=score=0.0010048211 wNMSE=3.3525566e-07 wMSE=10.0000 wMRED=0.00143691 wER=0.109375 wMAE=0.8750 wBias=0.3750 condBias=1.5811 dotDrift=+7.589sigma uMRED=0.0014369105 uER=0.109375 uMAE=0.8750 WCE=16 bias=0.3750
[pop06_soft:01000] loss=0.017251 tau=5.25 collapse_w=0.293 mid_frac=0.018 hard=score=0.0010048211 wNMSE=3.3525566e-07 wMSE=10.0000 wMRED=0.00143691 wER=0.109375 wMAE=0.8750 wBias=0.3750 condBias=1.5811 dotDrift=+7.589sigma uMRED=0.0014369105 uER=0.109375 uMAE=0.8750 WCE=16 bias=0.3750
[pop06_soft:01199] loss=0.010459 tau=6.00 collapse_w=0.500 mid_frac=0.018 hard=score=0.0010048211 wNMSE=3.3525566e-07 wMSE=10.0000 wMRED=0.00143691 wER=0.109375 wMAE=0.8750 wBias=0.3750 condBias=1.5811 dotDrift=+7.589sigma uMRED=0.0014369105 uER=0.109375 uMAE=0.8750 WCE=16 bias=0.3750
[pop06_hard:00000] loss=0.007268 tau=6.00 collapse_w=0.500 mid_frac=0.018 hard=score=0.0010048211 wNMSE=3.3525566e-07 wMSE=10.0000 wMRED=0.00143691 wER=0.109375 wMAE=0.8750 wBias=0.3750 condBias=1.5811 dotDrift=+7.589sigma uMRED=0.0014369105 uER=0.109375 uMAE=0.8750 WCE=16 bias=0.3750
[pop06_hard:00200] loss=0.005392 tau=6.00 collapse_w=0.500 mid_frac=0.018 hard=score=0.0010048211 wNMSE=3.3525566e-07 wMSE=10.0000 wMRED=0.00143691 wER=0.109375 wMAE=0.8750 wBias=0.3750 condBias=1.5811 dotDrift=+7.589sigma uMRED=0.0014369105 uER=0.109375 uMAE=0.8750 WCE=16 bias=0.3750
[pop06_hard:00400] loss=0.004350 tau=6.00 collapse_w=0.500 mid_frac=0.018 hard=score=0.0010048211 wNMSE=3.3525566e-07 wMSE=10.0000 wMRED=0.00143691 wER=0.109375 wMAE=0.8750 wBias=0.3750 condBias=1.5811 dotDrift=+7.589sigma uMRED=0.0014369105 uER=0.109375 uMAE=0.8750 WCE=16 bias=0.3750
[pop06_hard:00599] loss=0.003738 tau=6.00 collapse_w=0.500 mid_frac=0.018 hard=score=0.0010048211 wNMSE=3.3525566e-07 wMSE=10.0000 wMRED=0.00143691 wER=0.109375 wMAE=0.8750 wBias=0.3750 condBias=1.5811 dotDrift=+7.589sigma uMRED=0.0014369105 uER=0.109375 uMAE=0.8750 WCE=16 bias=0.3750
[pop06] done (conf=0.53, noise=0.5); global best score=0.0009878600 wNMSE=5.3640906e-07 wMSE=16.0000 wMRED=0.00210923 wER=0.125000 wMAE=1.2500 wBias=0.0000 condBias=2.0000 dotDrift=+0.000sigma uMRED=0.0021092349 uER=0.125000 uMAE=1.2500 WCE=16 bias=0.0000
[pop07_soft:00000] loss=0.144966 tau=1.50 collapse_w=0.000 mid_frac=0.393 hard=score=0.0235575068 wNMSE=0.00013100744 wMSE=3907.6875 wMRED=0.05386246 wER=0.250000 wMAE=25.2656 wBias=8.5625 condBias=31.2557 dotDrift=+8.766sigma uMRED=0.0538624619 uER=0.250000 uMAE=25.2656 WCE=216 bias=8.5625
[pop07_soft:00200] loss=0.098663 tau=2.25 collapse_w=0.000 mid_frac=0.393 hard=score=0.0079535081 wNMSE=3.3642906e-05 wMSE=1003.5000 wMRED=0.02961184 wER=0.234375 wMAE=12.5000 wBias=-0.5000 condBias=15.8390 dotDrift=-1.010sigma uMRED=0.0296118427 uER=0.234375 uMAE=12.5000 WCE=128 bias=-0.5000
[pop07_soft:00400] loss=0.063265 tau=3.00 collapse_w=0.000 mid_frac=0.393 hard=score=0.0068664051 wNMSE=1.2572087e-05 wMSE=375.0000 wMRED=0.00937302 wER=0.199219 wMAE=6.6250 wBias=-3.7500 condBias=9.6825 dotDrift=-12.394sigma uMRED=0.0093730152 uER=0.199219 uMAE=6.6250 WCE=80 bias=-3.7500
[pop07_soft:00600] loss=0.039955 tau=3.75 collapse_w=0.000 mid_frac=0.321 hard=score=0.0039699882 wNMSE=4.9953094e-06 wMSE=149.0000 wMRED=0.00607599 wER=0.175781 wMAE=3.8750 wBias=0.5000 condBias=6.1033 dotDrift=+2.622sigma uMRED=0.0060759877 uER=0.175781 uMAE=3.8750 WCE=64 bias=0.5000
[pop07_soft:00800] loss=0.032129 tau=4.50 collapse_w=0.084 mid_frac=0.268 hard=score=0.0040118920 wNMSE=4.9953094e-06 wMSE=149.0000 wMRED=0.00570612 wER=0.164062 wMAE=3.7500 wBias=0.7500 condBias=6.1033 dotDrift=+3.932sigma uMRED=0.0057061202 uER=0.164062 uMAE=3.7500 WCE=64 bias=0.7500
[pop07_soft:01000] loss=0.029976 tau=5.25 collapse_w=0.293 mid_frac=0.214 hard=score=0.0040118920 wNMSE=4.9953094e-06 wMSE=149.0000 wMRED=0.00570612 wER=0.164062 wMAE=3.7500 wBias=0.7500 condBias=6.1033 dotDrift=+3.932sigma uMRED=0.0057061202 uER=0.164062 uMAE=3.7500 WCE=64 bias=0.7500
[pop07_soft:01199] loss=0.023876 tau=6.00 collapse_w=0.500 mid_frac=0.214 hard=score=0.0040118920 wNMSE=4.9953094e-06 wMSE=149.0000 wMRED=0.00570612 wER=0.164062 wMAE=3.7500 wBias=0.7500 condBias=6.1033 dotDrift=+3.932sigma uMRED=0.0057061202 uER=0.164062 uMAE=3.7500 WCE=64 bias=0.7500
[pop07_hard:00000] loss=0.020173 tau=6.00 collapse_w=0.500 mid_frac=0.214 hard=score=0.0040118920 wNMSE=4.9953094e-06 wMSE=149.0000 wMRED=0.00570612 wER=0.164062 wMAE=3.7500 wBias=0.7500 condBias=6.1033 dotDrift=+3.932sigma uMRED=0.0057061202 uER=0.164062 uMAE=3.7500 WCE=64 bias=0.7500
[pop07_hard:00200] loss=0.018016 tau=6.00 collapse_w=0.500 mid_frac=0.214 hard=score=0.0040118920 wNMSE=4.9953094e-06 wMSE=149.0000 wMRED=0.00570612 wER=0.164062 wMAE=3.7500 wBias=0.7500 condBias=6.1033 dotDrift=+3.932sigma uMRED=0.0057061202 uER=0.164062 uMAE=3.7500 WCE=64 bias=0.7500
[pop07_hard:00400] loss=0.016711 tau=6.00 collapse_w=0.500 mid_frac=0.214 hard=score=0.0040118920 wNMSE=4.9953094e-06 wMSE=149.0000 wMRED=0.00570612 wER=0.164062 wMAE=3.7500 wBias=0.7500 condBias=6.1033 dotDrift=+3.932sigma uMRED=0.0057061202 uER=0.164062 uMAE=3.7500 WCE=64 bias=0.7500
[pop07_hard:00599] loss=0.015919 tau=6.00 collapse_w=0.500 mid_frac=0.214 hard=score=0.0040118920 wNMSE=4.9953094e-06 wMSE=149.0000 wMRED=0.00570612 wER=0.164062 wMAE=3.7500 wBias=0.7500 condBias=6.1033 dotDrift=+3.932sigma uMRED=0.0057061202 uER=0.164062 uMAE=3.7500 WCE=64 bias=0.7500
[pop07] done (conf=0.51, noise=1.0); global best score=0.0009878600 wNMSE=5.3640906e-07 wMSE=16.0000 wMRED=0.00210923 wER=0.125000 wMAE=1.2500 wBias=0.0000 condBias=2.0000 dotDrift=+0.000sigma uMRED=0.0021092349 uER=0.125000 uMAE=1.2500 WCE=16 bias=0.0000
[pop08_soft:00000] loss=0.115660 tau=1.50 collapse_w=0.000 mid_frac=0.250 hard=score=0.0099325415 wNMSE=3.0709419e-05 wMSE=916.0000 wMRED=0.01921584 wER=0.207031 wMAE=9.5000 wBias=-0.7500 condBias=15.1327 dotDrift=-1.586sigma uMRED=0.0192158357 uER=0.207031 uMAE=9.5000 WCE=160 bias=-0.7500
[pop08_soft:00200] loss=0.061665 tau=2.25 collapse_w=0.000 mid_frac=0.232 hard=score=0.0045492360 wNMSE=4.2577469e-06 wMSE=127.0000 wMRED=0.00386144 wER=0.128906 wMAE=2.8750 wBias=2.1250 condBias=5.6347 dotDrift=+12.068sigma uMRED=0.0038614426 uER=0.128906 uMAE=2.8750 WCE=64 bias=2.1250
[pop08_soft:00400] loss=0.036275 tau=3.00 collapse_w=0.000 mid_frac=0.089 hard=score=0.0009887372 wNMSE=5.028835e-07 wMSE=15.0000 wMRED=0.00182578 wER=0.109375 wMAE=1.1250 wBias=0.1250 condBias=1.9365 dotDrift=+2.066sigma uMRED=0.0018257813 uER=0.109375 uMAE=1.1250 WCE=16 bias=0.1250
[pop08_soft:00600] loss=0.024653 tau=3.75 collapse_w=0.000 mid_frac=0.143 hard=score=0.0010048211 wNMSE=3.3525566e-07 wMSE=10.0000 wMRED=0.00143691 wER=0.109375 wMAE=0.8750 wBias=0.3750 condBias=1.5811 dotDrift=+7.589sigma uMRED=0.0014369105 uER=0.109375 uMAE=0.8750 WCE=16 bias=0.3750
[pop08_soft:00800] loss=0.019778 tau=4.50 collapse_w=0.084 mid_frac=0.089 hard=score=0.0010048211 wNMSE=3.3525566e-07 wMSE=10.0000 wMRED=0.00143691 wER=0.109375 wMAE=0.8750 wBias=0.3750 condBias=1.5811 dotDrift=+7.589sigma uMRED=0.0014369105 uER=0.109375 uMAE=0.8750 WCE=16 bias=0.3750
[pop08_soft:01000] loss=0.017156 tau=5.25 collapse_w=0.293 mid_frac=0.018 hard=score=0.0010048211 wNMSE=3.3525566e-07 wMSE=10.0000 wMRED=0.00143691 wER=0.109375 wMAE=0.8750 wBias=0.3750 condBias=1.5811 dotDrift=+7.589sigma uMRED=0.0014369105 uER=0.109375 uMAE=0.8750 WCE=16 bias=0.3750
[pop08_soft:01199] loss=0.010355 tau=6.00 collapse_w=0.500 mid_frac=0.018 hard=score=0.0010048211 wNMSE=3.3525566e-07 wMSE=10.0000 wMRED=0.00143691 wER=0.109375 wMAE=0.8750 wBias=0.3750 condBias=1.5811 dotDrift=+7.589sigma uMRED=0.0014369105 uER=0.109375 uMAE=0.8750 WCE=16 bias=0.3750
[pop08_hard:00000] loss=0.007045 tau=6.00 collapse_w=0.500 mid_frac=0.018 hard=score=0.0010048211 wNMSE=3.3525566e-07 wMSE=10.0000 wMRED=0.00143691 wER=0.109375 wMAE=0.8750 wBias=0.3750 condBias=1.5811 dotDrift=+7.589sigma uMRED=0.0014369105 uER=0.109375 uMAE=0.8750 WCE=16 bias=0.3750
[pop08_hard:00200] loss=0.005274 tau=6.00 collapse_w=0.500 mid_frac=0.018 hard=score=0.0010048211 wNMSE=3.3525566e-07 wMSE=10.0000 wMRED=0.00143691 wER=0.109375 wMAE=0.8750 wBias=0.3750 condBias=1.5811 dotDrift=+7.589sigma uMRED=0.0014369105 uER=0.109375 uMAE=0.8750 WCE=16 bias=0.3750
[pop08_hard:00400] loss=0.004267 tau=6.00 collapse_w=0.500 mid_frac=0.018 hard=score=0.0010048211 wNMSE=3.3525566e-07 wMSE=10.0000 wMRED=0.00143691 wER=0.109375 wMAE=0.8750 wBias=0.3750 condBias=1.5811 dotDrift=+7.589sigma uMRED=0.0014369105 uER=0.109375 uMAE=0.8750 WCE=16 bias=0.3750
[pop08_hard:00599] loss=0.003676 tau=6.00 collapse_w=0.500 mid_frac=0.018 hard=score=0.0010048211 wNMSE=3.3525566e-07 wMSE=10.0000 wMRED=0.00143691 wER=0.109375 wMAE=0.8750 wBias=0.3750 condBias=1.5811 dotDrift=+7.589sigma uMRED=0.0014369105 uER=0.109375 uMAE=0.8750 WCE=16 bias=0.3750
[pop08] done (conf=0.53, noise=0.5); global best score=0.0009878600 wNMSE=5.3640906e-07 wMSE=16.0000 wMRED=0.00210923 wER=0.125000 wMAE=1.2500 wBias=0.0000 condBias=2.0000 dotDrift=+0.000sigma uMRED=0.0021092349 uER=0.125000 uMAE=1.2500 WCE=16 bias=0.0000
[pop09_soft:00000] loss=0.131652 tau=1.50 collapse_w=0.000 mid_frac=0.464 hard=score=0.0359291881 wNMSE=5.0435024e-05 wMSE=1504.3750 wMRED=0.04109154 wER=0.250000 wMAE=17.0625 wBias=14.1250 condBias=28.2500 dotDrift=+23.307sigma uMRED=0.0410915446 uER=0.250000 uMAE=17.0625 WCE=137 bias=14.1250
[pop09_soft:00200] loss=0.082117 tau=2.25 collapse_w=0.000 mid_frac=0.411 hard=score=0.0036578918 wNMSE=2.8161476e-06 wMSE=84.0000 wMRED=0.00540679 wER=0.195312 wMAE=3.3750 wBias=-2.6250 condBias=5.2500 dotDrift=-18.330sigma uMRED=0.0054067856 uER=0.195312 uMAE=3.3750 WCE=44 bias=-2.6250
[pop09_soft:00400] loss=0.047411 tau=3.00 collapse_w=0.000 mid_frac=0.232 hard=score=0.0012400859 wNMSE=5.3640906e-07 wMSE=16.0000 wMRED=0.00202005 wER=0.117188 wMAE=1.2188 wBias=-0.2500 condBias=2.0000 dotDrift=-4.000sigma uMRED=0.0020200524 uER=0.117188 uMAE=1.2188 WCE=20 bias=-0.2500
[pop09_soft:00600] loss=0.030500 tau=3.75 collapse_w=0.000 mid_frac=0.179 hard=score=0.0012513946 wNMSE=6.3698576e-07 wMSE=19.0000 wMRED=0.00221449 wER=0.117188 wMAE=1.3438 wBias=-0.3750 condBias=2.1794 dotDrift=-5.506sigma uMRED=0.0022144878 uER=0.117188 uMAE=1.3438 WCE=20 bias=-0.3750
[pop09_soft:00800] loss=0.023682 tau=4.50 collapse_w=0.084 mid_frac=0.107 hard=score=0.0009963454 wNMSE=6.034602e-07 wMSE=18.0000 wMRED=0.00208355 wER=0.117188 wMAE=1.3125 wBias=-0.2500 condBias=2.1213 dotDrift=-3.771sigma uMRED=0.0020835524 uER=0.117188 uMAE=1.3125 WCE=16 bias=-0.2500
[pop09_soft:01000] loss=0.021101 tau=5.25 collapse_w=0.293 mid_frac=0.107 hard=score=0.0009963454 wNMSE=6.034602e-07 wMSE=18.0000 wMRED=0.00208355 wER=0.117188 wMAE=1.3125 wBias=-0.2500 condBias=2.1213 dotDrift=-3.771sigma uMRED=0.0020835524 uER=0.117188 uMAE=1.3125 WCE=16 bias=-0.2500
[pop09_soft:01199] loss=0.014969 tau=6.00 collapse_w=0.500 mid_frac=0.107 hard=score=0.0009963454 wNMSE=6.034602e-07 wMSE=18.0000 wMRED=0.00208355 wER=0.117188 wMAE=1.3125 wBias=-0.2500 condBias=2.1213 dotDrift=-3.771sigma uMRED=0.0020835524 uER=0.117188 uMAE=1.3125 WCE=16 bias=-0.2500
[pop09_hard:00000] loss=0.011475 tau=6.00 collapse_w=0.500 mid_frac=0.107 hard=score=0.0009963454 wNMSE=6.034602e-07 wMSE=18.0000 wMRED=0.00208355 wER=0.117188 wMAE=1.3125 wBias=-0.2500 condBias=2.1213 dotDrift=-3.771sigma uMRED=0.0020835524 uER=0.117188 uMAE=1.3125 WCE=16 bias=-0.2500
[pop09_hard:00200] loss=0.009737 tau=6.00 collapse_w=0.500 mid_frac=0.107 hard=score=0.0009963454 wNMSE=6.034602e-07 wMSE=18.0000 wMRED=0.00208355 wER=0.117188 wMAE=1.3125 wBias=-0.2500 condBias=2.1213 dotDrift=-3.771sigma uMRED=0.0020835524 uER=0.117188 uMAE=1.3125 WCE=16 bias=-0.2500
[pop09_hard:00400] loss=0.008766 tau=6.00 collapse_w=0.500 mid_frac=0.107 hard=score=0.0009963454 wNMSE=6.034602e-07 wMSE=18.0000 wMRED=0.00208355 wER=0.117188 wMAE=1.3125 wBias=-0.2500 condBias=2.1213 dotDrift=-3.771sigma uMRED=0.0020835524 uER=0.117188 uMAE=1.3125 WCE=16 bias=-0.2500
[pop09_hard:00599] loss=0.008189 tau=6.00 collapse_w=0.500 mid_frac=0.107 hard=score=0.0009963454 wNMSE=6.034602e-07 wMSE=18.0000 wMRED=0.00208355 wER=0.117188 wMAE=1.3125 wBias=-0.2500 condBias=2.1213 dotDrift=-3.771sigma uMRED=0.0020835524 uER=0.117188 uMAE=1.3125 WCE=16 bias=-0.2500
[pop09] done (conf=0.51, noise=1.0); global best score=0.0009878600 wNMSE=5.3640906e-07 wMSE=16.0000 wMRED=0.00210923 wER=0.125000 wMAE=1.2500 wBias=0.0000 condBias=2.0000 dotDrift=+0.000sigma uMRED=0.0021092349 uER=0.125000 uMAE=1.2500 WCE=16 bias=0.0000
[pop10_soft:00000] loss=0.121935 tau=1.50 collapse_w=0.000 mid_frac=0.321 hard=score=0.0175858807 wNMSE=6.0176296e-05 wMSE=1794.9375 wMRED=0.04215127 wER=0.246094 wMAE=17.4453 wBias=-7.8125 condBias=21.1834 dotDrift=-11.802sigma uMRED=0.0421512732 uER=0.246094 uMAE=17.4453 WCE=148 bias=-7.8125
[pop10_soft:00200] loss=0.064783 tau=2.25 collapse_w=0.000 mid_frac=0.196 hard=score=0.0010520140 wNMSE=5.5526719e-07 wMSE=16.5625 wMRED=0.00220440 wER=0.171875 wMAE=1.3125 wBias=0.0625 condBias=2.0349 dotDrift=+0.983sigma uMRED=0.0022043986 uER=0.171875 uMAE=1.3125 WCE=17 bias=0.0625
[pop10_soft:00400] loss=0.034592 tau=3.00 collapse_w=0.000 mid_frac=0.125 hard=score=0.0009953549 wNMSE=3.6878123e-07 wMSE=11.0000 wMRED=0.00172036 wER=0.125000 wMAE=1.0000 wBias=0.2500 condBias=1.6583 dotDrift=+4.824sigma uMRED=0.0017203641 uER=0.125000 uMAE=1.0000 WCE=16 bias=0.2500
[pop10_soft:00600] loss=0.024004 tau=3.75 collapse_w=0.000 mid_frac=0.125 hard=score=0.0009953549 wNMSE=3.6878123e-07 wMSE=11.0000 wMRED=0.00172036 wER=0.125000 wMAE=1.0000 wBias=0.2500 condBias=1.6583 dotDrift=+4.824sigma uMRED=0.0017203641 uER=0.125000 uMAE=1.0000 WCE=16 bias=0.2500
[pop10_soft:00800] loss=0.019789 tau=4.50 collapse_w=0.084 mid_frac=0.054 hard=score=0.0010048211 wNMSE=3.3525566e-07 wMSE=10.0000 wMRED=0.00143691 wER=0.109375 wMAE=0.8750 wBias=0.3750 condBias=1.5811 dotDrift=+7.589sigma uMRED=0.0014369105 uER=0.109375 uMAE=0.8750 WCE=16 bias=0.3750
[pop10_soft:01000] loss=0.017083 tau=5.25 collapse_w=0.293 mid_frac=0.018 hard=score=0.0010048211 wNMSE=3.3525566e-07 wMSE=10.0000 wMRED=0.00143691 wER=0.109375 wMAE=0.8750 wBias=0.3750 condBias=1.5811 dotDrift=+7.589sigma uMRED=0.0014369105 uER=0.109375 uMAE=0.8750 WCE=16 bias=0.3750
[pop10_soft:01199] loss=0.010318 tau=6.00 collapse_w=0.500 mid_frac=0.018 hard=score=0.0010048211 wNMSE=3.3525566e-07 wMSE=10.0000 wMRED=0.00143691 wER=0.109375 wMAE=0.8750 wBias=0.3750 condBias=1.5811 dotDrift=+7.589sigma uMRED=0.0014369105 uER=0.109375 uMAE=0.8750 WCE=16 bias=0.3750
[pop10_hard:00000] loss=0.007076 tau=6.00 collapse_w=0.500 mid_frac=0.018 hard=score=0.0010048211 wNMSE=3.3525566e-07 wMSE=10.0000 wMRED=0.00143691 wER=0.109375 wMAE=0.8750 wBias=0.3750 condBias=1.5811 dotDrift=+7.589sigma uMRED=0.0014369105 uER=0.109375 uMAE=0.8750 WCE=16 bias=0.3750
[pop10_hard:00200] loss=0.005288 tau=6.00 collapse_w=0.500 mid_frac=0.018 hard=score=0.0010048211 wNMSE=3.3525566e-07 wMSE=10.0000 wMRED=0.00143691 wER=0.109375 wMAE=0.8750 wBias=0.3750 condBias=1.5811 dotDrift=+7.589sigma uMRED=0.0014369105 uER=0.109375 uMAE=0.8750 WCE=16 bias=0.3750
[pop10_hard:00400] loss=0.004276 tau=6.00 collapse_w=0.500 mid_frac=0.018 hard=score=0.0010048211 wNMSE=3.3525566e-07 wMSE=10.0000 wMRED=0.00143691 wER=0.109375 wMAE=0.8750 wBias=0.3750 condBias=1.5811 dotDrift=+7.589sigma uMRED=0.0014369105 uER=0.109375 uMAE=0.8750 WCE=16 bias=0.3750
[pop10_hard:00599] loss=0.003682 tau=6.00 collapse_w=0.500 mid_frac=0.018 hard=score=0.0010048211 wNMSE=3.3525566e-07 wMSE=10.0000 wMRED=0.00143691 wER=0.109375 wMAE=0.8750 wBias=0.3750 condBias=1.5811 dotDrift=+7.589sigma uMRED=0.0014369105 uER=0.109375 uMAE=0.8750 WCE=16 bias=0.3750
[pop10] done (conf=0.53, noise=0.5); global best score=0.0009878600 wNMSE=5.3640906e-07 wMSE=16.0000 wMRED=0.00210923 wER=0.125000 wMAE=1.2500 wBias=0.0000 condBias=2.0000 dotDrift=+0.000sigma uMRED=0.0021092349 uER=0.125000 uMAE=1.2500 WCE=16 bias=0.0000
[pop11_soft:00000] loss=0.131580 tau=1.50 collapse_w=0.000 mid_frac=0.357 hard=score=0.0108036521 wNMSE=9.1765761e-05 wMSE=2737.1875 wMRED=0.05818734 wER=0.242188 wMAE=22.5000 wBias=-0.3125 condBias=26.1591 dotDrift=-0.382sigma uMRED=0.0581873411 uER=0.242188 uMAE=22.5000 WCE=173 bias=-0.3125
[pop11_soft:00200] loss=0.081639 tau=2.25 collapse_w=0.000 mid_frac=0.214 hard=score=0.0082072449 wNMSE=3.2366839e-05 wMSE=965.4375 wMRED=0.02312494 wER=0.179688 wMAE=8.6797 wBias=0.0625 condBias=15.5357 dotDrift=+0.129sigma uMRED=0.0231249355 uER=0.179688 uMAE=8.6797 WCE=133 bias=0.0625
[pop11_soft:00400] loss=0.049296 tau=3.00 collapse_w=0.000 mid_frac=0.196 hard=score=0.0079754143 wNMSE=3.2802671e-05 wMSE=978.4375 wMRED=0.02287297 wER=0.167969 wMAE=8.4844 wBias=0.3125 condBias=15.6400 dotDrift=+0.639sigma uMRED=0.0228729670 uER=0.167969 uMAE=8.4844 WCE=129 bias=0.3125
[pop11_soft:00600] loss=0.030019 tau=3.75 collapse_w=0.000 mid_frac=0.143 hard=score=0.0010007204 wNMSE=3.499231e-07 wMSE=10.4375 wMRED=0.00158102 wER=0.140625 wMAE=0.9375 wBias=0.3125 condBias=1.6154 dotDrift=+6.191sigma uMRED=0.0015810236 uER=0.140625 uMAE=0.9375 WCE=16 bias=0.3125
[pop11_soft:00800] loss=0.023994 tau=4.50 collapse_w=0.084 mid_frac=0.125 hard=score=0.0010007204 wNMSE=3.499231e-07 wMSE=10.4375 wMRED=0.00158102 wER=0.140625 wMAE=0.9375 wBias=0.3125 condBias=1.6154 dotDrift=+6.191sigma uMRED=0.0015810236 uER=0.140625 uMAE=0.9375 WCE=16 bias=0.3125
[pop11_soft:01000] loss=0.022007 tau=5.25 collapse_w=0.293 mid_frac=0.089 hard=score=0.0010007204 wNMSE=3.499231e-07 wMSE=10.4375 wMRED=0.00158102 wER=0.140625 wMAE=0.9375 wBias=0.3125 condBias=1.6154 dotDrift=+6.191sigma uMRED=0.0015810236 uER=0.140625 uMAE=0.9375 WCE=16 bias=0.3125
[pop11_soft:01199] loss=0.016250 tau=6.00 collapse_w=0.500 mid_frac=0.089 hard=score=0.0010007204 wNMSE=3.499231e-07 wMSE=10.4375 wMRED=0.00158102 wER=0.140625 wMAE=0.9375 wBias=0.3125 condBias=1.6154 dotDrift=+6.191sigma uMRED=0.0015810236 uER=0.140625 uMAE=0.9375 WCE=16 bias=0.3125
[pop11_hard:00000] loss=0.012546 tau=6.00 collapse_w=0.500 mid_frac=0.089 hard=score=0.0010007204 wNMSE=3.499231e-07 wMSE=10.4375 wMRED=0.00158102 wER=0.140625 wMAE=0.9375 wBias=0.3125 condBias=1.6154 dotDrift=+6.191sigma uMRED=0.0015810236 uER=0.140625 uMAE=0.9375 WCE=16 bias=0.3125
[pop11_hard:00200] loss=0.010755 tau=6.00 collapse_w=0.500 mid_frac=0.089 hard=score=0.0010007204 wNMSE=3.499231e-07 wMSE=10.4375 wMRED=0.00158102 wER=0.140625 wMAE=0.9375 wBias=0.3125 condBias=1.6154 dotDrift=+6.191sigma uMRED=0.0015810236 uER=0.140625 uMAE=0.9375 WCE=16 bias=0.3125
[pop11_hard:00400] loss=0.009722 tau=6.00 collapse_w=0.500 mid_frac=0.089 hard=score=0.0010007204 wNMSE=3.499231e-07 wMSE=10.4375 wMRED=0.00158102 wER=0.140625 wMAE=0.9375 wBias=0.3125 condBias=1.6154 dotDrift=+6.191sigma uMRED=0.0015810236 uER=0.140625 uMAE=0.9375 WCE=16 bias=0.3125
[pop11_hard:00599] loss=0.009110 tau=6.00 collapse_w=0.500 mid_frac=0.089 hard=score=0.0010007204 wNMSE=3.499231e-07 wMSE=10.4375 wMRED=0.00158102 wER=0.140625 wMAE=0.9375 wBias=0.3125 condBias=1.6154 dotDrift=+6.191sigma uMRED=0.0015810236 uER=0.140625 uMAE=0.9375 WCE=16 bias=0.3125
[pop11] done (conf=0.51, noise=1.0); global best score=0.0009878600 wNMSE=5.3640906e-07 wMSE=16.0000 wMRED=0.00210923 wER=0.125000 wMAE=1.2500 wBias=0.0000 condBias=2.0000 dotDrift=+0.000sigma uMRED=0.0021092349 uER=0.125000 uMAE=1.2500 WCE=16 bias=0.0000
[best] stage=quad_warmup_bit score=0.0009878600 wNMSE=5.3640906e-07 wMSE=16.0000 wMRED=0.00210923 wER=0.125000 wMAE=1.2500 wBias=0.0000 condBias=2.0000 dotDrift=+0.000sigma uMRED=0.0021092349 uER=0.125000 uMAE=1.2500 WCE=16 bias=0.0000
[best-json] /home/xuanqi/tony/work/FPGA/signed8x8_approx/signed8x8_2026_8_22/runs_uniform/quality/rand223/best_signed88_inits.json
[best-rtl] /home/xuanqi/tony/work/FPGA/signed8x8_approx/signed8x8_2026_8_22/runs_uniform/quality/rand223/best_rtl
[design] quality search_bits=56
[start] score=0.0009878600 wNMSE=5.3640906e-07 wMSE=16.0000 wMRED=0.00210923 wER=0.125000 wMAE=1.2500 wBias=0.0000 condBias=2.0000 dotDrift=+0.000sigma uMRED=0.0021092349 uER=0.125000 uMAE=1.2500 WCE=16 bias=0.0000
[single] round=1 no improvement
[pair] ACCEPT ['cp_lut23:51', 'cp_lut23:47'] 0.0009878600->0.0004973411 wNMSE=1.6762783e-07 wBias=+0.00000
[pair] ACCEPT ['cp_lut23:7', 'cp_lut23:31'] 0.0004973411->0.0004960898 wNMSE=1.3410227e-07 wBias=+0.00000
[pair] round=3 no improvement
[final] score=0.0004960898 wNMSE=1.3410227e-07 wMSE=4.0000 wMRED=0.00114843 wER=0.109375 wMAE=0.6250 wBias=0.0000 condBias=1.0000 dotDrift=+0.000sigma uMRED=0.0011484255 uER=0.109375 uMAE=0.6250 WCE=8 bias=0.0000
[json] /home/xuanqi/tony/work/FPGA/signed8x8_approx/signed8x8_2026_8_22/runs_uniform/quality/rand223/refined/best_signed88_inits.json
