[design] balanced_split quad4 entries=112
[device] cuda
[initial] score=74.7400692400 wNMSE=0.61253977 wMSE=58689.4238 wMRED=5.89484368 wER=0.436753 wMAE=122.5692 wBias=41.4984 condBias=129.8000 dotDrift=+10.963sigma uMRED=0.2381500871 uER=0.434570 uMAE=89.7988 WCE=697 bias=-7.3125
[quad_warmup_bit:00000] loss=1.871016 tau=1.50 collapse_w=0.000 mid_frac=0.473 hard=score=69.0642088771 wNMSE=0.60685752 wMSE=58144.9892 wMRED=5.83162637 wER=0.436753 wMAE=121.5726 wBias=39.8701 condBias=127.7532 dotDrift=+10.582sigma uMRED=0.2365349030 uER=0.434570 uMAE=89.5449 WCE=681 bias=-7.8125 *BEST*
[quad_warmup_bit:00025] loss=1.448261 tau=1.50 collapse_w=0.000 mid_frac=0.464 hard=score=54.9159738804 wNMSE=0.60752082 wMSE=58208.5423 wMRED=5.84241158 wER=0.436753 wMAE=122.6400 wBias=35.4713 condBias=128.0855 dotDrift=+9.409sigma uMRED=0.2394873747 uER=0.434570 uMAE=91.6699 WCE=681 bias=-14.0625 *BEST*
[quad_warmup_bit:00050] loss=1.084973 tau=1.50 collapse_w=0.000 mid_frac=0.455 hard=score=21.1316980065 wNMSE=0.556624 wMSE=53331.9523 wMRED=5.69673989 wER=0.437141 wMAE=114.0652 wBias=21.7067 condBias=120.9873 dotDrift=+6.016sigma uMRED=0.2211638103 uER=0.436523 uMAE=83.0645 WCE=681 bias=-33.0000 *BEST*
[quad_warmup_bit:00075] loss=0.785857 tau=1.50 collapse_w=0.000 mid_frac=0.446 hard=score=12.7319365666 wNMSE=0.61147897 wMSE=58587.7858 wMRED=5.76694778 wER=0.437141 wMAE=119.2630 wBias=16.5183 condBias=127.4505 dotDrift=+4.368sigma uMRED=0.2344973874 uER=0.436523 uMAE=91.0273 WCE=768 bias=-40.9375 *BEST*
[quad_warmup_bit:00200] loss=0.250016 tau=1.50 collapse_w=0.000 mid_frac=0.438 hard=score=292.9657760767 wNMSE=0.66640405 wMSE=63850.3356 wMRED=5.83430385 wER=0.425486 wMAE=113.3631 wBias=-82.6066 condBias=146.7267 dotDrift=-20.922sigma uMRED=0.2457212376 uER=0.434570 uMAE=96.8125 WCE=892 bias=-83.6250
[quad_warmup_bit:00400] loss=0.216440 tau=1.50 collapse_w=0.000 mid_frac=0.464 hard=score=399.5817328979 wNMSE=0.64266382 wMSE=61575.7069 wMRED=5.15047808 wER=0.370808 wMAE=101.3224 wBias=-96.5266 condBias=174.0860 dotDrift=-24.896sigma uMRED=0.2284950182 uER=0.421875 uMAE=93.9062 WCE=888 bias=-88.1250
[quad_warmup_bit:00600] loss=0.200256 tau=1.50 collapse_w=0.000 mid_frac=0.446 hard=score=393.5987512539 wNMSE=0.63920053 wMSE=61243.8787 wMRED=5.11419564 wER=0.324721 wMAE=100.6140 wBias=-95.7998 condBias=172.9201 dotDrift=-24.775sigma uMRED=0.2268234918 uER=0.407227 uMAE=93.1719 WCE=888 bias=-87.3750
[quad_warmup_bit:00800] loss=0.185938 tau=1.50 collapse_w=0.000 mid_frac=0.411 hard=score=395.3971303844 wNMSE=0.64252758 wMSE=61562.6537 wMRED=5.12110543 wER=0.306069 wMAE=100.8686 wBias=-96.0182 condBias=173.4555 dotDrift=-24.767sigma uMRED=0.2272205234 uER=0.388672 uMAE=93.2109 WCE=896 bias=-87.3750
[quad_warmup_bit:01000] loss=0.172090 tau=1.50 collapse_w=0.000 mid_frac=0.384 hard=score=396.8828584473 wNMSE=0.6124033 wMSE=58676.3488 wMRED=4.90674224 wER=0.295192 wMAE=96.2327 wBias=-96.2072 condBias=172.1805 dotDrift=-25.419sigma uMRED=0.2178217341 uER=0.371094 uMAE=88.0000 WCE=848 bias=-87.6250
[quad_warmup_bit:01200] loss=0.161343 tau=1.50 collapse_w=0.000 mid_frac=0.393 hard=score=397.3705390076 wNMSE=0.61396304 wMSE=58825.7920 wMRED=4.90508371 wER=0.298021 wMAE=96.2860 wBias=-96.2662 condBias=172.1179 dotDrift=-25.402sigma uMRED=0.2187909819 uER=0.374023 uMAE=88.6562 WCE=848 bias=-88.3750
[quad_warmup_bit:01400] loss=0.152524 tau=1.50 collapse_w=0.000 mid_frac=0.375 hard=score=369.3076746308 wNMSE=0.59173718 wMSE=56696.2605 wMRED=4.85471722 wER=0.298021 wMAE=92.8188 wBias=-92.7990 condBias=168.3432 dotDrift=-24.943sigma uMRED=0.2110025205 uER=0.374023 uMAE=83.6562 WCE=848 bias=-83.3750
[quad_warmup_bit:01600] loss=0.144244 tau=1.50 collapse_w=0.000 mid_frac=0.375 hard=score=264.0391322753 wNMSE=0.5244757 wMSE=50251.7199 wMRED=4.15031866 wER=0.244960 wMAE=79.1214 wBias=-78.4370 condBias=155.3957 dotDrift=-22.394sigma uMRED=0.1800924725 uER=0.332031 uMAE=71.1875 WCE=704 bias=-68.3750
[quad_warmup_bit:01800] loss=0.135321 tau=1.50 collapse_w=0.000 mid_frac=0.339 hard=score=42.0426823315 wNMSE=0.10489619 wMSE=10050.4442 wMRED=1.24343764 wER=0.240645 wMAE=31.8446 wBias=-31.2748 condBias=61.0852 dotDrift=-19.966sigma uMRED=0.0924137099 uER=0.305664 uMAE=50.9375 WCE=640 bias=-50.3750
[quad_warmup_bit:02000] loss=0.126866 tau=1.50 collapse_w=0.000 mid_frac=0.312 hard=score=28.3845266906 wNMSE=0.088762604 wMSE=8504.6333 wMRED=0.88297836 wER=0.233068 wMAE=26.1375 wBias=-25.6792 condBias=49.7513 dotDrift=-17.821sigma uMRED=0.0822413485 uER=0.299805 uMAE=48.9688 WCE=640 bias=-48.5000
[quad_warmup_bit:02025] loss=0.125900 tau=1.50 collapse_w=0.000 mid_frac=0.304 hard=score=8.8810702223 wNMSE=0.079197894 wMSE=7588.2074 wMRED=0.29429056 wER=0.190218 wMAE=18.9780 wBias=-14.2773 condBias=45.3004 dotDrift=-10.490sigma uMRED=0.0679709635 uER=0.288086 uMAE=47.0469 WCE=640 bias=-44.5000 *BEST*
[quad_warmup_bit:02075] loss=0.124024 tau=1.50 collapse_w=0.000 mid_frac=0.295 hard=score=8.7480216875 wNMSE=0.079099735 wMSE=7578.8024 wMRED=0.29377365 wER=0.189234 wMAE=18.8686 wBias=-14.1679 condBias=45.2658 dotDrift=-10.416sigma uMRED=0.0659347560 uER=0.268555 uMAE=45.0469 WCE=640 bias=-42.5000 *BEST*
[quad_warmup_bit:02200] loss=0.119502 tau=1.50 collapse_w=0.000 mid_frac=0.295 hard=score=8.7480216875 wNMSE=0.079099735 wMSE=7578.8024 wMRED=0.29377365 wER=0.189234 wMAE=18.8686 wBias=-14.1679 condBias=45.2658 dotDrift=-10.416sigma uMRED=0.0659347560 uER=0.268555 uMAE=45.0469 WCE=640 bias=-42.5000
[quad_warmup_bit:02275] loss=0.116811 tau=1.50 collapse_w=0.000 mid_frac=0.295 hard=score=3.4956374727 wNMSE=0.034078089 wMSE=3265.1324 wMRED=0.22253556 wER=0.189234 wMAE=13.6194 wBias=-8.9187 condBias=30.9117 dotDrift=-9.989sigma uMRED=0.0525331333 uER=0.268555 uMAE=37.0469 WCE=640 bias=-34.5000 *BEST*
[quad_warmup_bit:02400] loss=0.112320 tau=1.50 collapse_w=0.000 mid_frac=0.286 hard=score=3.4956374727 wNMSE=0.034078089 wMSE=3265.1324 wMRED=0.22253556 wER=0.189234 wMAE=13.6194 wBias=-8.9187 condBias=30.9117 dotDrift=-9.989sigma uMRED=0.0525331333 uER=0.268555 uMAE=37.0469 WCE=640 bias=-34.5000
[quad_warmup_bit:02450] loss=0.110555 tau=1.50 collapse_w=0.000 mid_frac=0.304 hard=score=3.2173758124 wNMSE=0.031839418 wMSE=3050.6381 wMRED=0.20039266 wER=0.192067 wMAE=12.6725 wBias=-8.5510 condBias=29.9612 dotDrift=-9.908sigma uMRED=0.0509415281 uER=0.271484 uMAE=36.2969 WCE=640 bias=-34.0000 *BEST*
[quad_warmup_bit:02575] loss=0.106339 tau=1.50 collapse_w=0.000 mid_frac=0.268 hard=score=1.8039798240 wNMSE=0.019637578 wMSE=1881.5401 wMRED=0.18400350 wER=0.190390 wMAE=10.6652 wBias=-6.4046 condBias=22.2317 dotDrift=-9.450sigma uMRED=0.0366100122 uER=0.262695 uMAE=25.6094 WCE=320 bias=-22.0000 *BEST*
[quad_warmup_bit:02600] loss=0.105536 tau=1.50 collapse_w=0.000 mid_frac=0.268 hard=score=1.8039798240 wNMSE=0.019637578 wMSE=1881.5401 wMRED=0.18400350 wER=0.190390 wMAE=10.6652 wBias=-6.4046 condBias=22.2317 dotDrift=-9.450sigma uMRED=0.0366100122 uER=0.262695 uMAE=25.6094 WCE=320 bias=-22.0000
[quad_warmup_bit:02800] loss=0.099527 tau=1.50 collapse_w=0.000 mid_frac=0.250 hard=score=6.8115839421 wNMSE=0.063230331 wMSE=6058.3033 wMRED=0.24240411 wER=0.180161 wMAE=15.5560 wBias=-12.4975 condBias=39.4413 dotDrift=-10.276sigma uMRED=0.0499377045 uER=0.255859 uMAE=33.7344 WCE=564 bias=-31.0000
[quad_warmup_bit:03000] loss=0.094347 tau=1.50 collapse_w=0.000 mid_frac=0.214 hard=score=6.0687262724 wNMSE=0.061875042 wMSE=5928.4486 wMRED=0.23829959 wER=0.177421 wMAE=14.9053 wBias=-11.7835 condBias=39.0699 dotDrift=-9.795sigma uMRED=0.0440532860 uER=0.240234 uMAE=28.3594 WCE=564 bias=-25.0000
[quad_warmup_bit:03200] loss=0.089956 tau=1.50 collapse_w=0.000 mid_frac=0.205 hard=score=5.6024464892 wNMSE=0.060873541 wMSE=5832.4916 wMRED=0.23621727 wER=0.176613 wMAE=14.5305 wBias=-11.3131 condBias=38.7756 dotDrift=-9.481sigma uMRED=0.0364734370 uER=0.224609 uMAE=21.6875 WCE=564 bias=-17.0000
[quad_warmup_bit:03400] loss=0.086152 tau=1.50 collapse_w=0.000 mid_frac=0.179 hard=score=5.6024464892 wNMSE=0.060873541 wMSE=5832.4916 wMRED=0.23621727 wER=0.176613 wMAE=14.5305 wBias=-11.3131 condBias=38.7756 dotDrift=-9.481sigma uMRED=0.0364734370 uER=0.224609 uMAE=21.6875 WCE=564 bias=-17.0000
[quad_warmup_bit:03500] loss=0.084387 tau=1.50 collapse_w=0.000 mid_frac=0.143 hard=score=0.0362551862 wNMSE=0.0017546023 wMSE=168.1141 wMRED=0.09374109 wER=0.166605 wMAE=4.0320 wBias=-0.8146 condBias=7.5545 dotDrift=-4.021sigma uMRED=0.0096701918 uER=0.205078 uMAE=5.6875 WCE=80 bias=-1.0000 *BEST*
[quad_warmup_bit:03600] loss=0.082496 tau=1.50 collapse_w=0.000 mid_frac=0.134 hard=score=0.0362551862 wNMSE=0.0017546023 wMSE=168.1141 wMRED=0.09374109 wER=0.166605 wMAE=4.0320 wBias=-0.8146 condBias=7.5545 dotDrift=-4.021sigma uMRED=0.0096701918 uER=0.205078 uMAE=5.6875 WCE=80 bias=-1.0000
[quad_warmup_bit:03800] loss=0.077861 tau=1.50 collapse_w=0.000 mid_frac=0.134 hard=score=0.1138562893 wNMSE=0.0013870639 wMSE=132.8991 wMRED=0.09122344 wER=0.176777 wMAE=3.9188 wBias=-1.5788 condBias=6.7555 dotDrift=-8.765sigma uMRED=0.0090252157 uER=0.212891 uMAE=5.1875 WCE=80 bias=-2.0000
[quad_warmup_bit:04000] loss=0.074110 tau=1.50 collapse_w=0.000 mid_frac=0.134 hard=score=0.1138562893 wNMSE=0.0013870639 wMSE=132.8991 wMRED=0.09122344 wER=0.176777 wMAE=3.9188 wBias=-1.5788 condBias=6.7555 dotDrift=-8.765sigma uMRED=0.0090252157 uER=0.212891 uMAE=5.1875 WCE=80 bias=-2.0000
[quad_warmup_bit:04200] loss=0.071891 tau=1.50 collapse_w=0.000 mid_frac=0.125 hard=score=0.1138562893 wNMSE=0.0013870639 wMSE=132.8991 wMRED=0.09122344 wER=0.176777 wMAE=3.9188 wBias=-1.5788 condBias=6.7555 dotDrift=-8.765sigma uMRED=0.0090252157 uER=0.212891 uMAE=5.1875 WCE=80 bias=-2.0000
[quad_warmup_bit:04400] loss=0.070421 tau=1.50 collapse_w=0.000 mid_frac=0.125 hard=score=0.1138562893 wNMSE=0.0013870639 wMSE=132.8991 wMRED=0.09122344 wER=0.176777 wMAE=3.9188 wBias=-1.5788 condBias=6.7555 dotDrift=-8.765sigma uMRED=0.0090252157 uER=0.212891 uMAE=5.1875 WCE=80 bias=-2.0000
[quad_warmup_bit:04600] loss=0.069302 tau=1.50 collapse_w=0.000 mid_frac=0.125 hard=score=0.1138562893 wNMSE=0.0013870639 wMSE=132.8991 wMRED=0.09122344 wER=0.176777 wMAE=3.9188 wBias=-1.5788 condBias=6.7555 dotDrift=-8.765sigma uMRED=0.0090252157 uER=0.212891 uMAE=5.1875 WCE=80 bias=-2.0000
[quad_warmup_bit:04800] loss=0.068431 tau=1.50 collapse_w=0.000 mid_frac=0.125 hard=score=0.1138562893 wNMSE=0.0013870639 wMSE=132.8991 wMRED=0.09122344 wER=0.176777 wMAE=3.9188 wBias=-1.5788 condBias=6.7555 dotDrift=-8.765sigma uMRED=0.0090252157 uER=0.212891 uMAE=5.1875 WCE=80 bias=-2.0000
[quad_warmup_bit:05000] loss=0.067731 tau=1.50 collapse_w=0.000 mid_frac=0.125 hard=score=0.1138562893 wNMSE=0.0013870639 wMSE=132.8991 wMRED=0.09122344 wER=0.176777 wMAE=3.9188 wBias=-1.5788 condBias=6.7555 dotDrift=-8.765sigma uMRED=0.0090252157 uER=0.212891 uMAE=5.1875 WCE=80 bias=-2.0000
[quad_warmup_bit:05200] loss=0.067166 tau=1.50 collapse_w=0.000 mid_frac=0.125 hard=score=0.1185471718 wNMSE=0.0023495526 wMSE=225.1183 wMRED=0.10302529 wER=0.176777 wMAE=4.6393 wBias=1.5958 condBias=7.6512 dotDrift=+6.807sigma uMRED=0.0100801921 uER=0.212891 uMAE=5.7656 WCE=96 bias=2.0000
[quad_warmup_bit:05325] loss=0.066866 tau=1.50 collapse_w=0.000 mid_frac=0.125 hard=score=0.0046031804 wNMSE=0.00080803544 wMSE=77.4205 wMRED=0.08076223 wER=0.169925 wMAE=3.1252 wBias=0.0085 condBias=5.1668 dotDrift=+0.062sigma uMRED=0.0068427756 uER=0.201172 uMAE=3.8906 WCE=52 bias=0.0000 *BEST*
[quad_warmup_bit:05400] loss=0.066705 tau=1.50 collapse_w=0.000 mid_frac=0.125 hard=score=0.0046031804 wNMSE=0.00080803544 wMSE=77.4205 wMRED=0.08076223 wER=0.169925 wMAE=3.1252 wBias=0.0085 condBias=5.1668 dotDrift=+0.062sigma uMRED=0.0068427756 uER=0.201172 uMAE=3.8906 WCE=52 bias=0.0000
[quad_warmup_bit:05600] loss=0.066327 tau=1.50 collapse_w=0.000 mid_frac=0.125 hard=score=0.0046031804 wNMSE=0.00080803544 wMSE=77.4205 wMRED=0.08076223 wER=0.169925 wMAE=3.1252 wBias=0.0085 condBias=5.1668 dotDrift=+0.062sigma uMRED=0.0068427756 uER=0.201172 uMAE=3.8906 WCE=52 bias=0.0000
[quad_warmup_bit:05800] loss=0.066008 tau=1.50 collapse_w=0.000 mid_frac=0.125 hard=score=0.0046031804 wNMSE=0.00080803544 wMSE=77.4205 wMRED=0.08076223 wER=0.169925 wMAE=3.1252 wBias=0.0085 condBias=5.1668 dotDrift=+0.062sigma uMRED=0.0068427756 uER=0.201172 uMAE=3.8906 WCE=52 bias=0.0000
[quad_warmup_bit:05999] loss=0.065738 tau=1.50 collapse_w=0.000 mid_frac=0.125 hard=score=0.0046031804 wNMSE=0.00080803544 wMSE=77.4205 wMRED=0.08076223 wER=0.169925 wMAE=3.1252 wBias=0.0085 condBias=5.1668 dotDrift=+0.062sigma uMRED=0.0068427756 uER=0.201172 uMAE=3.8906 WCE=52 bias=0.0000
[quad_soft:00000] loss=0.132814 tau=1.50 collapse_w=0.000 mid_frac=0.125 hard=score=0.0046031804 wNMSE=0.00080803544 wMSE=77.4205 wMRED=0.08076223 wER=0.169925 wMAE=3.1252 wBias=0.0085 condBias=5.1668 dotDrift=+0.062sigma uMRED=0.0068427756 uER=0.201172 uMAE=3.8906 WCE=52 bias=0.0000
[quad_soft:00200] loss=0.093356 tau=1.59 collapse_w=0.000 mid_frac=0.107 hard=score=0.0046031804 wNMSE=0.00080803544 wMSE=77.4205 wMRED=0.08076223 wER=0.169925 wMAE=3.1252 wBias=0.0085 condBias=5.1668 dotDrift=+0.062sigma uMRED=0.0068427756 uER=0.201172 uMAE=3.8906 WCE=52 bias=0.0000
[quad_soft:00400] loss=0.085048 tau=1.68 collapse_w=0.000 mid_frac=0.098 hard=score=0.0046031804 wNMSE=0.00080803544 wMSE=77.4205 wMRED=0.08076223 wER=0.169925 wMAE=3.1252 wBias=0.0085 condBias=5.1668 dotDrift=+0.062sigma uMRED=0.0068427756 uER=0.201172 uMAE=3.8906 WCE=52 bias=0.0000
[quad_soft:00600] loss=0.080939 tau=1.77 collapse_w=0.000 mid_frac=0.098 hard=score=0.0046031804 wNMSE=0.00080803544 wMSE=77.4205 wMRED=0.08076223 wER=0.169925 wMAE=3.1252 wBias=0.0085 condBias=5.1668 dotDrift=+0.062sigma uMRED=0.0068427756 uER=0.201172 uMAE=3.8906 WCE=52 bias=0.0000
[quad_soft:00800] loss=0.078652 tau=1.86 collapse_w=0.000 mid_frac=0.098 hard=score=0.0046031804 wNMSE=0.00080803544 wMSE=77.4205 wMRED=0.08076223 wER=0.169925 wMAE=3.1252 wBias=0.0085 condBias=5.1668 dotDrift=+0.062sigma uMRED=0.0068427756 uER=0.201172 uMAE=3.8906 WCE=52 bias=0.0000
[quad_soft:01000] loss=0.076798 tau=1.95 collapse_w=0.000 mid_frac=0.107 hard=score=0.0059967324 wNMSE=0.00072595904 wMSE=69.5565 wMRED=0.07733682 wER=0.169925 wMAE=2.9278 wBias=0.2059 condBias=4.7928 dotDrift=+1.580sigma uMRED=0.0064539048 uER=0.201172 uMAE=3.6406 WCE=48 bias=0.2500
[quad_soft:01200] loss=0.075125 tau=2.04 collapse_w=0.000 mid_frac=0.107 hard=score=0.0059967324 wNMSE=0.00072595904 wMSE=69.5565 wMRED=0.07733682 wER=0.169925 wMAE=2.9278 wBias=0.2059 condBias=4.7928 dotDrift=+1.580sigma uMRED=0.0064539048 uER=0.201172 uMAE=3.6406 WCE=48 bias=0.2500
[quad_soft:01400] loss=0.073548 tau=2.13 collapse_w=0.000 mid_frac=0.107 hard=score=0.0059967324 wNMSE=0.00072595904 wMSE=69.5565 wMRED=0.07733682 wER=0.169925 wMAE=2.9278 wBias=0.2059 condBias=4.7928 dotDrift=+1.580sigma uMRED=0.0064539048 uER=0.201172 uMAE=3.6406 WCE=48 bias=0.2500
[quad_soft:01600] loss=0.072024 tau=2.22 collapse_w=0.000 mid_frac=0.107 hard=score=0.0059967324 wNMSE=0.00072595904 wMSE=69.5565 wMRED=0.07733682 wER=0.169925 wMAE=2.9278 wBias=0.2059 condBias=4.7928 dotDrift=+1.580sigma uMRED=0.0064539048 uER=0.201172 uMAE=3.6406 WCE=48 bias=0.2500
[quad_soft:01800] loss=0.070534 tau=2.31 collapse_w=0.000 mid_frac=0.107 hard=score=0.0059967324 wNMSE=0.00072595904 wMSE=69.5565 wMRED=0.07733682 wER=0.169925 wMAE=2.9278 wBias=0.2059 condBias=4.7928 dotDrift=+1.580sigma uMRED=0.0064539048 uER=0.201172 uMAE=3.6406 WCE=48 bias=0.2500
[quad_soft:02000] loss=0.069063 tau=2.40 collapse_w=0.000 mid_frac=0.107 hard=score=0.0059967324 wNMSE=0.00072595904 wMSE=69.5565 wMRED=0.07733682 wER=0.169925 wMAE=2.9278 wBias=0.2059 condBias=4.7928 dotDrift=+1.580sigma uMRED=0.0064539048 uER=0.201172 uMAE=3.6406 WCE=48 bias=0.2500
[quad_soft:02200] loss=0.067604 tau=2.49 collapse_w=0.000 mid_frac=0.107 hard=score=0.0059967324 wNMSE=0.00072595904 wMSE=69.5565 wMRED=0.07733682 wER=0.169925 wMAE=2.9278 wBias=0.2059 condBias=4.7928 dotDrift=+1.580sigma uMRED=0.0064539048 uER=0.201172 uMAE=3.6406 WCE=48 bias=0.2500
[quad_soft:02400] loss=0.066152 tau=2.58 collapse_w=0.000 mid_frac=0.116 hard=score=0.0077845165 wNMSE=0.00072079604 wMSE=69.0618 wMRED=0.07757834 wER=0.188279 wMAE=2.9379 wBias=-0.2908 condBias=4.7999 dotDrift=-2.239sigma uMRED=0.0064954694 uER=0.216797 uMAE=3.6562 WCE=48 bias=-0.2500
[quad_soft:02600] loss=0.064702 tau=2.67 collapse_w=0.000 mid_frac=0.125 hard=score=0.0077845165 wNMSE=0.00072079604 wMSE=69.0618 wMRED=0.07757834 wER=0.188279 wMAE=2.9379 wBias=-0.2908 condBias=4.7999 dotDrift=-2.239sigma uMRED=0.0064954694 uER=0.216797 uMAE=3.6562 WCE=48 bias=-0.2500
[quad_soft:02800] loss=0.063256 tau=2.76 collapse_w=0.000 mid_frac=0.125 hard=score=0.0077845165 wNMSE=0.00072079604 wMSE=69.0618 wMRED=0.07757834 wER=0.188279 wMAE=2.9379 wBias=-0.2908 condBias=4.7999 dotDrift=-2.239sigma uMRED=0.0064954694 uER=0.216797 uMAE=3.6562 WCE=48 bias=-0.2500
[quad_soft:03000] loss=0.061810 tau=2.85 collapse_w=0.000 mid_frac=0.125 hard=score=0.0077845165 wNMSE=0.00072079604 wMSE=69.0618 wMRED=0.07757834 wER=0.188279 wMAE=2.9379 wBias=-0.2908 condBias=4.7999 dotDrift=-2.239sigma uMRED=0.0064954694 uER=0.216797 uMAE=3.6562 WCE=48 bias=-0.2500
[quad_soft:03200] loss=0.060364 tau=2.94 collapse_w=0.000 mid_frac=0.125 hard=score=0.0077845165 wNMSE=0.00072079604 wMSE=69.0618 wMRED=0.07757834 wER=0.188279 wMAE=2.9379 wBias=-0.2908 condBias=4.7999 dotDrift=-2.239sigma uMRED=0.0064954694 uER=0.216797 uMAE=3.6562 WCE=48 bias=-0.2500
[quad_soft:03400] loss=0.058918 tau=3.03 collapse_w=0.000 mid_frac=0.125 hard=score=0.0077845165 wNMSE=0.00072079604 wMSE=69.0618 wMRED=0.07757834 wER=0.188279 wMAE=2.9379 wBias=-0.2908 condBias=4.7999 dotDrift=-2.239sigma uMRED=0.0064954694 uER=0.216797 uMAE=3.6562 WCE=48 bias=-0.2500
[quad_soft:03600] loss=0.057472 tau=3.12 collapse_w=0.000 mid_frac=0.125 hard=score=0.0077845165 wNMSE=0.00072079604 wMSE=69.0618 wMRED=0.07757834 wER=0.188279 wMAE=2.9379 wBias=-0.2908 condBias=4.7999 dotDrift=-2.239sigma uMRED=0.0064954694 uER=0.216797 uMAE=3.6562 WCE=48 bias=-0.2500
[quad_soft:03800] loss=0.056023 tau=3.21 collapse_w=0.000 mid_frac=0.125 hard=score=0.0077845165 wNMSE=0.00072079604 wMSE=69.0618 wMRED=0.07757834 wER=0.188279 wMAE=2.9379 wBias=-0.2908 condBias=4.7999 dotDrift=-2.239sigma uMRED=0.0064954694 uER=0.216797 uMAE=3.6562 WCE=48 bias=-0.2500
[quad_soft:04000] loss=0.054573 tau=3.30 collapse_w=0.000 mid_frac=0.125 hard=score=0.0077845165 wNMSE=0.00072079604 wMSE=69.0618 wMRED=0.07757834 wER=0.188279 wMAE=2.9379 wBias=-0.2908 condBias=4.7999 dotDrift=-2.239sigma uMRED=0.0064954694 uER=0.216797 uMAE=3.6562 WCE=48 bias=-0.2500
[quad_soft:04200] loss=0.053062 tau=3.39 collapse_w=0.000 mid_frac=0.125 hard=score=0.0077845165 wNMSE=0.00072079604 wMSE=69.0618 wMRED=0.07757834 wER=0.188279 wMAE=2.9379 wBias=-0.2908 condBias=4.7999 dotDrift=-2.239sigma uMRED=0.0064954694 uER=0.216797 uMAE=3.6562 WCE=48 bias=-0.2500
[quad_soft:04400] loss=0.051546 tau=3.48 collapse_w=0.000 mid_frac=0.125 hard=score=0.0077845165 wNMSE=0.00072079604 wMSE=69.0618 wMRED=0.07757834 wER=0.188279 wMAE=2.9379 wBias=-0.2908 condBias=4.7999 dotDrift=-2.239sigma uMRED=0.0064954694 uER=0.216797 uMAE=3.6562 WCE=48 bias=-0.2500
[quad_soft:04600] loss=0.050034 tau=3.57 collapse_w=0.000 mid_frac=0.125 hard=score=0.0077845165 wNMSE=0.00072079604 wMSE=69.0618 wMRED=0.07757834 wER=0.188279 wMAE=2.9379 wBias=-0.2908 condBias=4.7999 dotDrift=-2.239sigma uMRED=0.0064954694 uER=0.216797 uMAE=3.6562 WCE=48 bias=-0.2500
[quad_soft:04800] loss=0.048524 tau=3.66 collapse_w=0.000 mid_frac=0.125 hard=score=0.0077845165 wNMSE=0.00072079604 wMSE=69.0618 wMRED=0.07757834 wER=0.188279 wMAE=2.9379 wBias=-0.2908 condBias=4.7999 dotDrift=-2.239sigma uMRED=0.0064954694 uER=0.216797 uMAE=3.6562 WCE=48 bias=-0.2500
[quad_soft:05000] loss=0.047011 tau=3.75 collapse_w=0.000 mid_frac=0.125 hard=score=0.0077845165 wNMSE=0.00072079604 wMSE=69.0618 wMRED=0.07757834 wER=0.188279 wMAE=2.9379 wBias=-0.2908 condBias=4.7999 dotDrift=-2.239sigma uMRED=0.0064954694 uER=0.216797 uMAE=3.6562 WCE=48 bias=-0.2500
[quad_soft:05200] loss=0.045496 tau=3.84 collapse_w=0.000 mid_frac=0.125 hard=score=0.0077845165 wNMSE=0.00072079604 wMSE=69.0618 wMRED=0.07757834 wER=0.188279 wMAE=2.9379 wBias=-0.2908 condBias=4.7999 dotDrift=-2.239sigma uMRED=0.0064954694 uER=0.216797 uMAE=3.6562 WCE=48 bias=-0.2500
[quad_soft:05400] loss=0.043980 tau=3.93 collapse_w=0.000 mid_frac=0.125 hard=score=0.0077845165 wNMSE=0.00072079604 wMSE=69.0618 wMRED=0.07757834 wER=0.188279 wMAE=2.9379 wBias=-0.2908 condBias=4.7999 dotDrift=-2.239sigma uMRED=0.0064954694 uER=0.216797 uMAE=3.6562 WCE=48 bias=-0.2500
[quad_soft:05600] loss=0.042466 tau=4.02 collapse_w=0.000 mid_frac=0.125 hard=score=0.0077845165 wNMSE=0.00072079604 wMSE=69.0618 wMRED=0.07757834 wER=0.188279 wMAE=2.9379 wBias=-0.2908 condBias=4.7999 dotDrift=-2.239sigma uMRED=0.0064954694 uER=0.216797 uMAE=3.6562 WCE=48 bias=-0.2500
[quad_soft:05800] loss=0.040951 tau=4.11 collapse_w=0.000 mid_frac=0.125 hard=score=0.0077845165 wNMSE=0.00072079604 wMSE=69.0618 wMRED=0.07757834 wER=0.188279 wMAE=2.9379 wBias=-0.2908 condBias=4.7999 dotDrift=-2.239sigma uMRED=0.0064954694 uER=0.216797 uMAE=3.6562 WCE=48 bias=-0.2500
[quad_soft:06000] loss=0.039433 tau=4.20 collapse_w=0.000 mid_frac=0.125 hard=score=0.0077845165 wNMSE=0.00072079604 wMSE=69.0618 wMRED=0.07757834 wER=0.188279 wMAE=2.9379 wBias=-0.2908 condBias=4.7999 dotDrift=-2.239sigma uMRED=0.0064954694 uER=0.216797 uMAE=3.6562 WCE=48 bias=-0.2500
[quad_soft:06200] loss=0.038780 tau=4.29 collapse_w=0.025 mid_frac=0.125 hard=score=0.0077845165 wNMSE=0.00072079604 wMSE=69.0618 wMRED=0.07757834 wER=0.188279 wMAE=2.9379 wBias=-0.2908 condBias=4.7999 dotDrift=-2.239sigma uMRED=0.0064954694 uER=0.216797 uMAE=3.6562 WCE=48 bias=-0.2500
[quad_soft:06400] loss=0.037959 tau=4.38 collapse_w=0.050 mid_frac=0.125 hard=score=0.0077845165 wNMSE=0.00072079604 wMSE=69.0618 wMRED=0.07757834 wER=0.188279 wMAE=2.9379 wBias=-0.2908 condBias=4.7999 dotDrift=-2.239sigma uMRED=0.0064954694 uER=0.216797 uMAE=3.6562 WCE=48 bias=-0.2500
[quad_soft:06600] loss=0.037088 tau=4.47 collapse_w=0.075 mid_frac=0.107 hard=score=0.0059967324 wNMSE=0.00072595904 wMSE=69.5565 wMRED=0.07733682 wER=0.169925 wMAE=2.9278 wBias=0.2059 condBias=4.7928 dotDrift=+1.580sigma uMRED=0.0064539048 uER=0.201172 uMAE=3.6406 WCE=48 bias=0.2500
[quad_soft:06800] loss=0.036178 tau=4.56 collapse_w=0.100 mid_frac=0.098 hard=score=0.0080845738 wNMSE=0.00069728237 wMSE=66.8089 wMRED=0.07562411 wER=0.169925 wMAE=2.8291 wBias=0.3046 condBias=4.6264 dotDrift=+2.385sigma uMRED=0.0062594694 uER=0.201172 uMAE=3.5156 WCE=48 bias=0.3750
[quad_soft:07000] loss=0.035234 tau=4.65 collapse_w=0.125 mid_frac=0.089 hard=score=0.0080845738 wNMSE=0.00069728237 wMSE=66.8089 wMRED=0.07562411 wER=0.169925 wMAE=2.8291 wBias=0.3046 condBias=4.6264 dotDrift=+2.385sigma uMRED=0.0062594694 uER=0.201172 uMAE=3.5156 WCE=48 bias=0.3750
[quad_soft:07200] loss=0.034256 tau=4.74 collapse_w=0.150 mid_frac=0.062 hard=score=0.0080845738 wNMSE=0.00069728237 wMSE=66.8089 wMRED=0.07562411 wER=0.169925 wMAE=2.8291 wBias=0.3046 condBias=4.6264 dotDrift=+2.385sigma uMRED=0.0062594694 uER=0.201172 uMAE=3.5156 WCE=48 bias=0.3750
[quad_soft:07400] loss=0.033250 tau=4.83 collapse_w=0.175 mid_frac=0.062 hard=score=0.0080845738 wNMSE=0.00069728237 wMSE=66.8089 wMRED=0.07562411 wER=0.169925 wMAE=2.8291 wBias=0.3046 condBias=4.6264 dotDrift=+2.385sigma uMRED=0.0062594694 uER=0.201172 uMAE=3.5156 WCE=48 bias=0.3750
[quad_soft:07600] loss=0.032212 tau=4.92 collapse_w=0.200 mid_frac=0.062 hard=score=0.0080845738 wNMSE=0.00069728237 wMSE=66.8089 wMRED=0.07562411 wER=0.169925 wMAE=2.8291 wBias=0.3046 condBias=4.6264 dotDrift=+2.385sigma uMRED=0.0062594694 uER=0.201172 uMAE=3.5156 WCE=48 bias=0.3750
[quad_soft:07800] loss=0.031141 tau=5.01 collapse_w=0.225 mid_frac=0.054 hard=score=0.0080845738 wNMSE=0.00069728237 wMSE=66.8089 wMRED=0.07562411 wER=0.169925 wMAE=2.8291 wBias=0.3046 condBias=4.6264 dotDrift=+2.385sigma uMRED=0.0062594694 uER=0.201172 uMAE=3.5156 WCE=48 bias=0.3750
[quad_soft:08000] loss=0.030002 tau=5.10 collapse_w=0.250 mid_frac=0.036 hard=score=0.0080845738 wNMSE=0.00069728237 wMSE=66.8089 wMRED=0.07562411 wER=0.169925 wMAE=2.8291 wBias=0.3046 condBias=4.6264 dotDrift=+2.385sigma uMRED=0.0062594694 uER=0.201172 uMAE=3.5156 WCE=48 bias=0.3750
[quad_soft:08200] loss=0.028821 tau=5.19 collapse_w=0.275 mid_frac=0.036 hard=score=0.0080845738 wNMSE=0.00069728237 wMSE=66.8089 wMRED=0.07562411 wER=0.169925 wMAE=2.8291 wBias=0.3046 condBias=4.6264 dotDrift=+2.385sigma uMRED=0.0062594694 uER=0.201172 uMAE=3.5156 WCE=48 bias=0.3750
[quad_soft:08400] loss=0.027629 tau=5.28 collapse_w=0.300 mid_frac=0.036 hard=score=0.0080845738 wNMSE=0.00069728237 wMSE=66.8089 wMRED=0.07562411 wER=0.169925 wMAE=2.8291 wBias=0.3046 condBias=4.6264 dotDrift=+2.385sigma uMRED=0.0062594694 uER=0.201172 uMAE=3.5156 WCE=48 bias=0.3750
[quad_soft:08600] loss=0.026399 tau=5.37 collapse_w=0.325 mid_frac=0.036 hard=score=0.0080845738 wNMSE=0.00069728237 wMSE=66.8089 wMRED=0.07562411 wER=0.169925 wMAE=2.8291 wBias=0.3046 condBias=4.6264 dotDrift=+2.385sigma uMRED=0.0062594694 uER=0.201172 uMAE=3.5156 WCE=48 bias=0.3750
[quad_soft:08800] loss=0.025126 tau=5.46 collapse_w=0.350 mid_frac=0.036 hard=score=0.0080845738 wNMSE=0.00069728237 wMSE=66.8089 wMRED=0.07562411 wER=0.169925 wMAE=2.8291 wBias=0.3046 condBias=4.6264 dotDrift=+2.385sigma uMRED=0.0062594694 uER=0.201172 uMAE=3.5156 WCE=48 bias=0.3750
[quad_soft:09000] loss=0.023813 tau=5.55 collapse_w=0.375 mid_frac=0.036 hard=score=0.0080845738 wNMSE=0.00069728237 wMSE=66.8089 wMRED=0.07562411 wER=0.169925 wMAE=2.8291 wBias=0.3046 condBias=4.6264 dotDrift=+2.385sigma uMRED=0.0062594694 uER=0.201172 uMAE=3.5156 WCE=48 bias=0.3750
[quad_soft:09200] loss=0.022407 tau=5.64 collapse_w=0.400 mid_frac=0.036 hard=score=0.0080845738 wNMSE=0.00069728237 wMSE=66.8089 wMRED=0.07562411 wER=0.169925 wMAE=2.8291 wBias=0.3046 condBias=4.6264 dotDrift=+2.385sigma uMRED=0.0062594694 uER=0.201172 uMAE=3.5156 WCE=48 bias=0.3750
[quad_soft:09400] loss=0.020861 tau=5.73 collapse_w=0.425 mid_frac=0.036 hard=score=0.0080845738 wNMSE=0.00069728237 wMSE=66.8089 wMRED=0.07562411 wER=0.169925 wMAE=2.8291 wBias=0.3046 condBias=4.6264 dotDrift=+2.385sigma uMRED=0.0062594694 uER=0.201172 uMAE=3.5156 WCE=48 bias=0.3750
[quad_soft:09600] loss=0.019290 tau=5.82 collapse_w=0.450 mid_frac=0.036 hard=score=0.0080845738 wNMSE=0.00069728237 wMSE=66.8089 wMRED=0.07562411 wER=0.169925 wMAE=2.8291 wBias=0.3046 condBias=4.6264 dotDrift=+2.385sigma uMRED=0.0062594694 uER=0.201172 uMAE=3.5156 WCE=48 bias=0.3750
[quad_soft:09800] loss=0.017599 tau=5.91 collapse_w=0.475 mid_frac=0.036 hard=score=0.0080845738 wNMSE=0.00069728237 wMSE=66.8089 wMRED=0.07562411 wER=0.169925 wMAE=2.8291 wBias=0.3046 condBias=4.6264 dotDrift=+2.385sigma uMRED=0.0062594694 uER=0.201172 uMAE=3.5156 WCE=48 bias=0.3750
[quad_soft:09999] loss=0.015727 tau=6.00 collapse_w=0.500 mid_frac=0.036 hard=score=0.0080845738 wNMSE=0.00069728237 wMSE=66.8089 wMRED=0.07562411 wER=0.169925 wMAE=2.8291 wBias=0.3046 condBias=4.6264 dotDrift=+2.385sigma uMRED=0.0062594694 uER=0.201172 uMAE=3.5156 WCE=48 bias=0.3750
[quad_hard_ste:00000] loss=0.015900 tau=6.00 collapse_w=0.500 mid_frac=0.036 hard=score=0.0080845738 wNMSE=0.00069728237 wMSE=66.8089 wMRED=0.07562411 wER=0.169925 wMAE=2.8291 wBias=0.3046 condBias=4.6264 dotDrift=+2.385sigma uMRED=0.0062594694 uER=0.201172 uMAE=3.5156 WCE=48 bias=0.3750
[quad_hard_ste:00200] loss=0.017887 tau=6.00 collapse_w=0.500 mid_frac=0.036 hard=score=0.0080845738 wNMSE=0.00069728237 wMSE=66.8089 wMRED=0.07562411 wER=0.169925 wMAE=2.8291 wBias=0.3046 condBias=4.6264 dotDrift=+2.385sigma uMRED=0.0062594694 uER=0.201172 uMAE=3.5156 WCE=48 bias=0.3750
[quad_hard_ste:00400] loss=0.372567 tau=6.00 collapse_w=0.500 mid_frac=0.036 hard=score=0.3675162546 wNMSE=0.003975885 wMSE=380.9425 wMRED=0.10988625 wER=0.176777 wMAE=5.2100 wBias=-2.8700 condBias=10.4914 dotDrift=-9.411sigma uMRED=0.0119959342 uER=0.212891 uMAE=6.8125 WCE=144 bias=-3.6250
[quad_hard_ste:00600] loss=0.371938 tau=6.00 collapse_w=0.500 mid_frac=0.036 hard=score=0.3675162546 wNMSE=0.003975885 wMSE=380.9425 wMRED=0.10988625 wER=0.176777 wMAE=5.2100 wBias=-2.8700 condBias=10.4914 dotDrift=-9.411sigma uMRED=0.0119959342 uER=0.212891 uMAE=6.8125 WCE=144 bias=-3.6250
[quad_hard_ste:00800] loss=0.371536 tau=6.00 collapse_w=0.500 mid_frac=0.036 hard=score=0.3675162546 wNMSE=0.003975885 wMSE=380.9425 wMRED=0.10988625 wER=0.176777 wMAE=5.2100 wBias=-2.8700 condBias=10.4914 dotDrift=-9.411sigma uMRED=0.0119959342 uER=0.212891 uMAE=6.8125 WCE=144 bias=-3.6250
[quad_hard_ste:01000] loss=0.371233 tau=6.00 collapse_w=0.500 mid_frac=0.036 hard=score=0.3675162546 wNMSE=0.003975885 wMSE=380.9425 wMRED=0.10988625 wER=0.176777 wMAE=5.2100 wBias=-2.8700 condBias=10.4914 dotDrift=-9.411sigma uMRED=0.0119959342 uER=0.212891 uMAE=6.8125 WCE=144 bias=-3.6250
[quad_hard_ste:01200] loss=0.370993 tau=6.00 collapse_w=0.500 mid_frac=0.036 hard=score=0.3675162546 wNMSE=0.003975885 wMSE=380.9425 wMRED=0.10988625 wER=0.176777 wMAE=5.2100 wBias=-2.8700 condBias=10.4914 dotDrift=-9.411sigma uMRED=0.0119959342 uER=0.212891 uMAE=6.8125 WCE=144 bias=-3.6250
[quad_hard_ste:01400] loss=0.370800 tau=6.00 collapse_w=0.500 mid_frac=0.036 hard=score=0.3675162546 wNMSE=0.003975885 wMSE=380.9425 wMRED=0.10988625 wER=0.176777 wMAE=5.2100 wBias=-2.8700 condBias=10.4914 dotDrift=-9.411sigma uMRED=0.0119959342 uER=0.212891 uMAE=6.8125 WCE=144 bias=-3.6250
[quad_hard_ste:01600] loss=0.370642 tau=6.00 collapse_w=0.500 mid_frac=0.036 hard=score=0.3675162546 wNMSE=0.003975885 wMSE=380.9425 wMRED=0.10988625 wER=0.176777 wMAE=5.2100 wBias=-2.8700 condBias=10.4914 dotDrift=-9.411sigma uMRED=0.0119959342 uER=0.212891 uMAE=6.8125 WCE=144 bias=-3.6250
[quad_hard_ste:01800] loss=0.370512 tau=6.00 collapse_w=0.500 mid_frac=0.036 hard=score=0.3675162546 wNMSE=0.003975885 wMSE=380.9425 wMRED=0.10988625 wER=0.176777 wMAE=5.2100 wBias=-2.8700 condBias=10.4914 dotDrift=-9.411sigma uMRED=0.0119959342 uER=0.212891 uMAE=6.8125 WCE=144 bias=-3.6250
[quad_hard_ste:02000] loss=0.370405 tau=6.00 collapse_w=0.500 mid_frac=0.036 hard=score=0.3675162546 wNMSE=0.003975885 wMSE=380.9425 wMRED=0.10988625 wER=0.176777 wMAE=5.2100 wBias=-2.8700 condBias=10.4914 dotDrift=-9.411sigma uMRED=0.0119959342 uER=0.212891 uMAE=6.8125 WCE=144 bias=-3.6250
[quad_hard_ste:02200] loss=0.370314 tau=6.00 collapse_w=0.500 mid_frac=0.036 hard=score=0.3675162546 wNMSE=0.003975885 wMSE=380.9425 wMRED=0.10988625 wER=0.176777 wMAE=5.2100 wBias=-2.8700 condBias=10.4914 dotDrift=-9.411sigma uMRED=0.0119959342 uER=0.212891 uMAE=6.8125 WCE=144 bias=-3.6250
[quad_hard_ste:02400] loss=0.370237 tau=6.00 collapse_w=0.500 mid_frac=0.036 hard=score=0.3675162546 wNMSE=0.003975885 wMSE=380.9425 wMRED=0.10988625 wER=0.176777 wMAE=5.2100 wBias=-2.8700 condBias=10.4914 dotDrift=-9.411sigma uMRED=0.0119959342 uER=0.212891 uMAE=6.8125 WCE=144 bias=-3.6250
[quad_hard_ste:02600] loss=0.370170 tau=6.00 collapse_w=0.500 mid_frac=0.036 hard=score=0.3675162546 wNMSE=0.003975885 wMSE=380.9425 wMRED=0.10988625 wER=0.176777 wMAE=5.2100 wBias=-2.8700 condBias=10.4914 dotDrift=-9.411sigma uMRED=0.0119959342 uER=0.212891 uMAE=6.8125 WCE=144 bias=-3.6250
[quad_hard_ste:02800] loss=0.370113 tau=6.00 collapse_w=0.500 mid_frac=0.036 hard=score=0.3675162546 wNMSE=0.003975885 wMSE=380.9425 wMRED=0.10988625 wER=0.176777 wMAE=5.2100 wBias=-2.8700 condBias=10.4914 dotDrift=-9.411sigma uMRED=0.0119959342 uER=0.212891 uMAE=6.8125 WCE=144 bias=-3.6250
[quad_hard_ste:03000] loss=0.370062 tau=6.00 collapse_w=0.500 mid_frac=0.036 hard=score=0.3675162546 wNMSE=0.003975885 wMSE=380.9425 wMRED=0.10988625 wER=0.176777 wMAE=5.2100 wBias=-2.8700 condBias=10.4914 dotDrift=-9.411sigma uMRED=0.0119959342 uER=0.212891 uMAE=6.8125 WCE=144 bias=-3.6250
[quad_hard_ste:03200] loss=0.370017 tau=6.00 collapse_w=0.500 mid_frac=0.036 hard=score=0.3675162546 wNMSE=0.003975885 wMSE=380.9425 wMRED=0.10988625 wER=0.176777 wMAE=5.2100 wBias=-2.8700 condBias=10.4914 dotDrift=-9.411sigma uMRED=0.0119959342 uER=0.212891 uMAE=6.8125 WCE=144 bias=-3.6250
[quad_hard_ste:03400] loss=0.369976 tau=6.00 collapse_w=0.500 mid_frac=0.036 hard=score=0.3675162546 wNMSE=0.003975885 wMSE=380.9425 wMRED=0.10988625 wER=0.176777 wMAE=5.2100 wBias=-2.8700 condBias=10.4914 dotDrift=-9.411sigma uMRED=0.0119959342 uER=0.212891 uMAE=6.8125 WCE=144 bias=-3.6250
[quad_hard_ste:03600] loss=0.369939 tau=6.00 collapse_w=0.500 mid_frac=0.036 hard=score=0.3675162546 wNMSE=0.003975885 wMSE=380.9425 wMRED=0.10988625 wER=0.176777 wMAE=5.2100 wBias=-2.8700 condBias=10.4914 dotDrift=-9.411sigma uMRED=0.0119959342 uER=0.212891 uMAE=6.8125 WCE=144 bias=-3.6250
[quad_hard_ste:03800] loss=0.369906 tau=6.00 collapse_w=0.500 mid_frac=0.036 hard=score=0.3675162546 wNMSE=0.003975885 wMSE=380.9425 wMRED=0.10988625 wER=0.176777 wMAE=5.2100 wBias=-2.8700 condBias=10.4914 dotDrift=-9.411sigma uMRED=0.0119959342 uER=0.212891 uMAE=6.8125 WCE=144 bias=-3.6250
[quad_hard_ste:03999] loss=0.369875 tau=6.00 collapse_w=0.500 mid_frac=0.036 hard=score=0.3675162546 wNMSE=0.003975885 wMSE=380.9425 wMRED=0.10988625 wER=0.176777 wMAE=5.2100 wBias=-2.8700 condBias=10.4914 dotDrift=-9.411sigma uMRED=0.0119959342 uER=0.212891 uMAE=6.8125 WCE=144 bias=-3.6250
[pop00_soft:00000] loss=2.465045 tau=1.50 collapse_w=0.000 mid_frac=0.330 hard=score=2.7956235285 wNMSE=0.094026144 wMSE=9008.9502 wMRED=1.67540055 wER=0.428408 wMAE=42.8280 wBias=7.7794 condBias=50.9445 dotDrift=+5.246sigma uMRED=0.1222658844 uER=0.428711 uMAE=69.6602 WCE=751 bias=41.5625
[pop00_soft:00200] loss=1.063242 tau=2.25 collapse_w=0.000 mid_frac=0.268 hard=score=50.0370272629 wNMSE=0.081342232 wMSE=7793.6633 wMRED=1.89579809 wER=0.379875 wMAE=37.6320 wBias=-34.1490 condBias=54.4484 dotDrift=-24.756sigma uMRED=0.0997996538 uER=0.410156 uMAE=48.8848 WCE=632 bias=-42.6875
[pop00_soft:00400] loss=0.624665 tau=3.00 collapse_w=0.000 mid_frac=0.241 hard=score=23.7239632766 wNMSE=0.036418153 wMSE=3489.3415 wMRED=1.18097512 wER=0.278265 wMAE=24.3225 wBias=-23.5110 condBias=46.0092 dotDrift=-25.473sigma uMRED=0.0624315904 uER=0.333008 uMAE=29.4375 WCE=356 bias=-26.8750
[pop00_soft:00600] loss=0.164860 tau=3.75 collapse_w=0.000 mid_frac=0.134 hard=score=3.2447940578 wNMSE=0.013077679 wMSE=1253.0149 wMRED=0.28574121 wER=0.288382 wMAE=12.7826 wBias=-8.6527 condBias=19.0060 dotDrift=-15.644sigma uMRED=0.0430481950 uER=0.345703 uMAE=28.7500 WCE=356 bias=-25.5000
[pop00_soft:00800] loss=0.059485 tau=4.50 collapse_w=0.084 mid_frac=0.161 hard=score=1.0656437484 wNMSE=0.0086686056 wMSE=830.5673 wMRED=0.20396823 wER=0.226709 wMAE=8.9060 wBias=-4.9112 condBias=15.0634 dotDrift=-10.906sigma uMRED=0.0341112399 uER=0.291016 uMAE=23.6094 WCE=332 bias=-20.2500
[pop00_soft:01000] loss=0.047035 tau=5.25 collapse_w=0.293 mid_frac=0.143 hard=score=1.5880863158 wNMSE=0.0088129412 wMSE=844.3965 wMRED=0.17115625 wER=0.199954 wMAE=8.3092 wBias=-6.0268 condBias=15.2878 dotDrift=-13.274sigma uMRED=0.0335609238 uER=0.275391 uMAE=23.7344 WCE=336 bias=-21.3750
[pop00_soft:01199] loss=0.035858 tau=6.00 collapse_w=0.500 mid_frac=0.116 hard=score=1.7996853729 wNMSE=0.0091804517 wMSE=879.6089 wMRED=0.17629336 wER=0.207567 wMAE=8.7053 wBias=-6.4229 condBias=16.0945 dotDrift=-13.860sigma uMRED=0.0343539302 uER=0.281250 uMAE=24.2344 WCE=336 bias=-21.8750
[pop00_hard:00000] loss=1.816469 tau=6.00 collapse_w=0.500 mid_frac=0.116 hard=score=1.7996853729 wNMSE=0.0091804517 wMSE=879.6089 wMRED=0.17629336 wER=0.207567 wMAE=8.7053 wBias=-6.4229 condBias=16.0945 dotDrift=-13.860sigma uMRED=0.0343539302 uER=0.281250 uMAE=24.2344 WCE=336 bias=-21.8750
[pop00_hard:00200] loss=0.436259 tau=6.00 collapse_w=0.500 mid_frac=0.107 hard=score=0.4227669940 wNMSE=0.010887574 wMSE=1043.1738 wMRED=0.18537562 wER=0.215853 wMAE=9.8704 wBias=-3.0087 condBias=17.0197 dotDrift=-5.962sigma uMRED=0.0377860975 uER=0.296875 uMAE=26.4219 WCE=304 bias=-16.8750
[pop00_hard:00400] loss=0.381316 tau=6.00 collapse_w=0.500 mid_frac=0.098 hard=score=0.3536938834 wNMSE=0.015347706 wMSE=1470.5135 wMRED=0.49744834 wER=0.268545 wMAE=15.5680 wBias=2.6889 condBias=20.3748 dotDrift=+4.488sigma uMRED=0.0469280721 uER=0.312500 uMAE=28.4219 WCE=304 bias=-14.8750
[pop00_hard:00599] loss=0.380081 tau=6.00 collapse_w=0.500 mid_frac=0.098 hard=score=0.3536938834 wNMSE=0.015347706 wMSE=1470.5135 wMRED=0.49744834 wER=0.268545 wMAE=15.5680 wBias=2.6889 condBias=20.3748 dotDrift=+4.488sigma uMRED=0.0469280721 uER=0.312500 uMAE=28.4219 WCE=304 bias=-14.8750
[pop00] done (conf=0.53, noise=0.5); global best score=0.0046031804 wNMSE=0.00080803544 wMSE=77.4205 wMRED=0.08076223 wER=0.169925 wMAE=3.1252 wBias=0.0085 condBias=5.1668 dotDrift=+0.062sigma uMRED=0.0068427756 uER=0.201172 uMAE=3.8906 WCE=52 bias=0.0000
[pop01_soft:00000] loss=2.406520 tau=1.50 collapse_w=0.000 mid_frac=0.464 hard=score=10.0580377376 wNMSE=0.2153753 wMSE=20635.8068 wMRED=3.36679543 wER=0.437049 wMAE=66.8201 wBias=-15.0560 condBias=63.6846 dotDrift=-6.708sigma uMRED=0.1552580140 uER=0.434570 uMAE=70.4023 WCE=682 bias=12.9375
[pop01_soft:00200] loss=1.148703 tau=2.25 collapse_w=0.000 mid_frac=0.438 hard=score=180.5795369287 wNMSE=0.49800134 wMSE=47715.1253 wMRED=4.39931327 wER=0.426804 wMAE=78.7772 wBias=-64.8275 condBias=123.8582 dotDrift=-18.994sigma uMRED=0.1795176539 uER=0.431641 uMAE=70.3633 WCE=771 bias=-22.0625
[pop01_soft:00400] loss=1.070282 tau=3.00 collapse_w=0.000 mid_frac=0.464 hard=score=122.2670731041 wNMSE=0.45792507 wMSE=43875.2877 wMRED=4.15855846 wER=0.426616 wMAE=77.6154 wBias=-53.2970 condBias=115.3032 dotDrift=-16.284sigma uMRED=0.1693692422 uER=0.428711 uMAE=66.2266 WCE=732 bias=-9.6250
[pop01_soft:00600] loss=0.914073 tau=3.75 collapse_w=0.000 mid_frac=0.473 hard=score=43.6390066093 wNMSE=0.19558278 wMSE=18739.4216 wMRED=2.74073339 wER=0.422709 wMAE=54.9275 wBias=-31.8161 condBias=73.1662 dotDrift=-14.875sigma uMRED=0.1280800380 uER=0.428711 uMAE=57.7500 WCE=540 bias=-2.3750
[pop01_soft:00800] loss=0.634472 tau=4.50 collapse_w=0.084 mid_frac=0.473 hard=score=16.4714261141 wNMSE=0.050767017 wMSE=4864.1527 wMRED=1.29439189 wER=0.374013 wMAE=28.6690 wBias=-19.5597 condBias=39.4168 dotDrift=-17.949sigma uMRED=0.0762219644 uER=0.408203 uMAE=40.1797 WCE=476 bias=-15.7500
[pop01_soft:01000] loss=0.492694 tau=5.25 collapse_w=0.293 mid_frac=0.402 hard=score=17.1318845538 wNMSE=0.051002917 wMSE=4886.7551 wMRED=1.29527488 wER=0.366606 wMAE=28.5943 wBias=-19.9504 condBias=39.6121 dotDrift=-18.265sigma uMRED=0.0761604122 uER=0.405273 uMAE=39.8359 WCE=476 bias=-16.6250
[pop01_soft:01199] loss=0.384502 tau=6.00 collapse_w=0.500 mid_frac=0.384 hard=score=15.6718785506 wNMSE=0.052756013 wMSE=5054.7249 wMRED=1.29708790 wER=0.366606 wMAE=28.9224 wBias=-19.0743 condBias=37.8607 dotDrift=-17.170sigma uMRED=0.0833830296 uER=0.405273 uMAE=46.0859 WCE=476 bias=-0.6250
[pop01_hard:00000] loss=15.747546 tau=6.00 collapse_w=0.500 mid_frac=0.384 hard=score=15.6718785506 wNMSE=0.052756013 wMSE=5054.7249 wMRED=1.29708790 wER=0.366606 wMAE=28.9224 wBias=-19.0743 condBias=37.8607 dotDrift=-17.170sigma uMRED=0.0833830296 uER=0.405273 uMAE=46.0859 WCE=476 bias=-0.6250
[pop01_hard:00200] loss=15.746784 tau=6.00 collapse_w=0.500 mid_frac=0.384 hard=score=15.6718785506 wNMSE=0.052756013 wMSE=5054.7249 wMRED=1.29708790 wER=0.366606 wMAE=28.9224 wBias=-19.0743 condBias=37.8607 dotDrift=-17.170sigma uMRED=0.0833830296 uER=0.405273 uMAE=46.0859 WCE=476 bias=-0.6250
[pop01_hard:00400] loss=15.749753 tau=6.00 collapse_w=0.500 mid_frac=0.384 hard=score=15.6718785506 wNMSE=0.052756013 wMSE=5054.7249 wMRED=1.29708790 wER=0.366606 wMAE=28.9224 wBias=-19.0743 condBias=37.8607 dotDrift=-17.170sigma uMRED=0.0833830296 uER=0.405273 uMAE=46.0859 WCE=476 bias=-0.6250
[pop01_hard:00599] loss=0.403275 tau=6.00 collapse_w=0.500 mid_frac=0.339 hard=score=0.3230344241 wNMSE=0.13198721 wMSE=12646.1233 wMRED=1.46915546 wER=0.354793 wMAE=40.3409 wBias=-1.4526 condBias=54.4566 dotDrift=-0.827sigma uMRED=0.1013394622 uER=0.400391 uMAE=54.2109 WCE=608 bias=28.0000
[pop01] done (conf=0.51, noise=1.0); global best score=0.0046031804 wNMSE=0.00080803544 wMSE=77.4205 wMRED=0.08076223 wER=0.169925 wMAE=3.1252 wBias=0.0085 condBias=5.1668 dotDrift=+0.062sigma uMRED=0.0068427756 uER=0.201172 uMAE=3.8906 WCE=52 bias=0.0000
[pop02_soft:00000] loss=3.065456 tau=1.50 collapse_w=0.000 mid_frac=0.366 hard=score=33.3871376868 wNMSE=1.238472 wMSE=118662.0263 wMRED=9.14218503 wER=0.437186 wMAE=182.4856 wBias=27.0405 condBias=186.6002 dotDrift=+5.024sigma uMRED=0.3628261832 uER=0.437500 uMAE=132.9023 WCE=899 bias=6.3125
[pop02_soft:00200] loss=1.586670 tau=2.25 collapse_w=0.000 mid_frac=0.268 hard=score=18.9993619055 wNMSE=0.72414636 wMSE=69382.8136 wMRED=7.16628682 wER=0.418783 wMAE=140.8980 wBias=-20.3864 condBias=145.0769 dotDrift=-4.953sigma uMRED=0.2923672006 uER=0.428711 uMAE=111.2891 WCE=783 bias=-37.3125
[pop02_soft:00400] loss=1.184464 tau=3.00 collapse_w=0.000 mid_frac=0.268 hard=score=156.1389653302 wNMSE=0.37381965 wMSE=35816.8740 wMRED=3.93240319 wER=0.371570 wMAE=83.6874 wBias=-60.3004 condBias=107.0996 dotDrift=-20.392sigma uMRED=0.1947341303 uER=0.410156 uMAE=85.5312 WCE=664 bias=-40.1250
[pop02_soft:00600] loss=0.350401 tau=3.75 collapse_w=0.000 mid_frac=0.250 hard=score=10.1090810198 wNMSE=0.037433253 wMSE=3586.6015 wMRED=0.36000227 wER=0.307117 wMAE=17.9263 wBias=-15.3070 condBias=30.9704 dotDrift=-16.358sigma uMRED=0.0629202498 uER=0.359375 uMAE=42.5703 WCE=472 bias=-39.5000
[pop02_soft:00800] loss=0.098439 tau=4.50 collapse_w=0.084 mid_frac=0.205 hard=score=5.8581497426 wNMSE=0.027001841 wMSE=2587.1340 wMRED=0.28878842 wER=0.239781 wMAE=14.9470 wBias=-11.6391 condBias=26.4284 dotDrift=-14.645sigma uMRED=0.0439457238 uER=0.317383 uMAE=28.1016 WCE=352 bias=-19.8750
[pop02_soft:01000] loss=0.071284 tau=5.25 collapse_w=0.293 mid_frac=0.179 hard=score=5.8581497426 wNMSE=0.027001841 wMSE=2587.1340 wMRED=0.28878842 wER=0.239781 wMAE=14.9470 wBias=-11.6391 condBias=26.4284 dotDrift=-14.645sigma uMRED=0.0439457238 uER=0.317383 uMAE=28.1016 WCE=352 bias=-19.8750
[pop02_soft:01199] loss=0.048568 tau=6.00 collapse_w=0.500 mid_frac=0.134 hard=score=5.8581497426 wNMSE=0.027001841 wMSE=2587.1340 wMRED=0.28878842 wER=0.239781 wMAE=14.9470 wBias=-11.6391 condBias=26.4284 dotDrift=-14.645sigma uMRED=0.0439457238 uER=0.317383 uMAE=28.1016 WCE=352 bias=-19.8750
[pop02_hard:00000] loss=5.880925 tau=6.00 collapse_w=0.500 mid_frac=0.134 hard=score=5.8581497426 wNMSE=0.027001841 wMSE=2587.1340 wMRED=0.28878842 wER=0.239781 wMAE=14.9470 wBias=-11.6391 condBias=26.4284 dotDrift=-14.645sigma uMRED=0.0439457238 uER=0.317383 uMAE=28.1016 WCE=352 bias=-19.8750
[pop02_hard:00200] loss=0.116620 tau=6.00 collapse_w=0.500 mid_frac=0.125 hard=score=0.0963966127 wNMSE=0.016198555 wMSE=1552.0361 wMRED=0.25796470 wER=0.239781 wMAE=12.9253 wBias=-1.1406 condBias=20.3765 dotDrift=-1.853sigma uMRED=0.0396454856 uER=0.317383 uMAE=25.7891 WCE=256 bias=-3.8750
[pop02_hard:00400] loss=0.059687 tau=6.00 collapse_w=0.500 mid_frac=0.098 hard=score=0.0433331998 wNMSE=0.017841362 wMSE=1709.4388 wMRED=0.25315691 wER=0.240095 wMAE=13.3680 wBias=0.0212 condBias=21.3061 dotDrift=+0.033sigma uMRED=0.0443477690 uER=0.320312 uMAE=29.6094 WCE=256 bias=0.6250
[pop02_hard:00599] loss=0.057873 tau=6.00 collapse_w=0.500 mid_frac=0.098 hard=score=0.0433331998 wNMSE=0.017841362 wMSE=1709.4388 wMRED=0.25315691 wER=0.240095 wMAE=13.3680 wBias=0.0212 condBias=21.3061 dotDrift=+0.033sigma uMRED=0.0443477690 uER=0.320312 uMAE=29.6094 WCE=256 bias=0.6250
[pop02] done (conf=0.53, noise=0.5); global best score=0.0046031804 wNMSE=0.00080803544 wMSE=77.4205 wMRED=0.08076223 wER=0.169925 wMAE=3.1252 wBias=0.0085 condBias=5.1668 dotDrift=+0.062sigma uMRED=0.0068427756 uER=0.201172 uMAE=3.8906 WCE=52 bias=0.0000
[pop03_soft:00000] loss=6.439830 tau=1.50 collapse_w=0.000 mid_frac=0.455 hard=score=341.2684398371 wNMSE=0.53391627 wMSE=51156.2516 wMRED=4.85367271 wER=0.437186 wMAE=114.7615 wBias=89.1887 condBias=189.2403 dotDrift=+25.237sigma uMRED=0.2264903465 uER=0.437500 uMAE=98.8047 WCE=754 bias=60.6250
[pop03_soft:00200] loss=22.295101 tau=2.25 collapse_w=0.000 mid_frac=0.402 hard=score=114.1179366928 wNMSE=0.75464476 wMSE=72304.9646 wMRED=7.12228862 wER=0.423094 wMAE=107.2777 wBias=51.3240 condBias=146.8331 dotDrift=+12.216sigma uMRED=0.2550850796 uER=0.434570 uMAE=92.4355 WCE=3860 bias=-21.3125
[pop03_soft:00400] loss=1.413346 tau=3.00 collapse_w=0.000 mid_frac=0.357 hard=score=4.3128099566 wNMSE=0.081015166 wMSE=7762.3261 wMRED=1.37083453 wER=0.404220 wMAE=42.2137 wBias=-9.8432 condBias=36.1011 dotDrift=-7.150sigma uMRED=0.1216932771 uER=0.430664 uMAE=75.1914 WCE=669 bias=-46.3125
[pop03_soft:00600] loss=0.510516 tau=3.75 collapse_w=0.000 mid_frac=0.393 hard=score=25.0087178577 wNMSE=0.065251041 wMSE=6251.9141 wMRED=1.22177198 wER=0.404220 wMAE=36.5953 wBias=-24.1157 condBias=42.9620 dotDrift=-19.520sigma uMRED=0.1156458414 uER=0.430664 uMAE=73.1406 WCE=668 bias=-51.3750
[pop03_soft:00800] loss=0.328738 tau=4.50 collapse_w=0.084 mid_frac=0.375 hard=score=15.5597103737 wNMSE=0.054701714 wMSE=5241.1489 wMRED=1.19112579 wER=0.394617 wMAE=34.0510 wBias=-19.0071 condBias=39.7308 dotDrift=-16.803sigma uMRED=0.0977398086 uER=0.417969 uMAE=60.6523 WCE=476 bias=-44.0000
[pop03_soft:01000] loss=0.252774 tau=5.25 collapse_w=0.293 mid_frac=0.348 hard=score=15.2523383501 wNMSE=0.047603252 wMSE=4561.0221 wMRED=1.18074284 wER=0.391891 wMAE=32.8772 wBias=-18.8258 condBias=39.0247 dotDrift=-17.840sigma uMRED=0.0911061321 uER=0.416016 uMAE=55.0898 WCE=428 bias=-43.5000
[pop03_soft:01199] loss=0.185947 tau=6.00 collapse_w=0.500 mid_frac=0.295 hard=score=22.0292035114 wNMSE=0.044803989 wMSE=4292.8157 wMRED=1.12423247 wER=0.391891 wMAE=31.9704 wBias=-22.6507 condBias=39.6815 dotDrift=-22.125sigma uMRED=0.0911874405 uER=0.416016 uMAE=54.7148 WCE=428 bias=-51.0000
[pop03_hard:00000] loss=22.100761 tau=6.00 collapse_w=0.500 mid_frac=0.295 hard=score=22.0292035114 wNMSE=0.044803989 wMSE=4292.8157 wMRED=1.12423247 wER=0.391891 wMAE=31.9704 wBias=-22.6507 condBias=39.6815 dotDrift=-22.125sigma uMRED=0.0911874405 uER=0.416016 uMAE=54.7148 WCE=428 bias=-51.0000
[pop03_hard:00200] loss=19.621181 tau=6.00 collapse_w=0.500 mid_frac=0.286 hard=score=19.5546517867 wNMSE=0.041179307 wMSE=3945.5231 wMRED=1.10883735 wER=0.391891 wMAE=30.6586 wBias=-21.3390 condBias=37.1214 dotDrift=-21.742sigma uMRED=0.0881971483 uER=0.416016 uMAE=52.7148 WCE=428 bias=-49.0000
[pop03_hard:00400] loss=6.996406 tau=6.00 collapse_w=0.500 mid_frac=0.259 hard=score=6.9305300015 wNMSE=0.044626359 wMSE=4275.7964 wMRED=1.13674674 wER=0.389726 wMAE=31.5305 wBias=-12.6450 condBias=32.8762 dotDrift=-12.376sigma uMRED=0.0827098968 uER=0.414062 uMAE=48.7930 WCE=428 bias=-37.0000
[pop03_hard:00599] loss=5.527982 tau=6.00 collapse_w=0.500 mid_frac=0.223 hard=score=5.4600926536 wNMSE=0.040345255 wMSE=3865.6099 wMRED=1.11811153 wER=0.389831 wMAE=30.1876 wBias=-11.2120 condBias=32.8307 dotDrift=-11.541sigma uMRED=0.0700028907 uER=0.415039 uMAE=38.0039 WCE=364 bias=-25.5000
[pop03] done (conf=0.51, noise=1.0); global best score=0.0046031804 wNMSE=0.00080803544 wMSE=77.4205 wMRED=0.08076223 wER=0.169925 wMAE=3.1252 wBias=0.0085 condBias=5.1668 dotDrift=+0.062sigma uMRED=0.0068427756 uER=0.201172 uMAE=3.8906 WCE=52 bias=0.0000
[pop04_soft:00000] loss=2.694781 tau=1.50 collapse_w=0.000 mid_frac=0.393 hard=score=6.1963048356 wNMSE=0.65782216 wMSE=63028.0767 wMRED=6.69750227 wER=0.436087 wMAE=125.1778 wBias=10.9516 condBias=129.7096 dotDrift=+2.792sigma uMRED=0.2629066604 uER=0.431641 uMAE=98.8965 WCE=616 bias=44.1875
[pop04_soft:00200] loss=1.102371 tau=2.25 collapse_w=0.000 mid_frac=0.357 hard=score=228.5379163593 wNMSE=0.55355685 wMSE=53038.0794 wMRED=4.93057070 wER=0.407512 wMAE=94.7133 wBias=-72.9505 condBias=131.3776 dotDrift=-20.273sigma uMRED=0.2268633379 uER=0.416992 uMAE=98.4492 WCE=824 bias=-36.3750
[pop04_soft:00400] loss=0.633534 tau=3.00 collapse_w=0.000 mid_frac=0.348 hard=score=24.1328646766 wNMSE=0.11188259 wMSE=10719.8345 wMRED=2.34189714 wER=0.386293 wMAE=48.4175 wBias=-23.6509 condBias=59.6502 dotDrift=-14.620sigma uMRED=0.1376059105 uER=0.405273 uMAE=71.9375 WCE=512 bias=31.0000
[pop04_soft:00600] loss=0.256898 tau=3.75 collapse_w=0.000 mid_frac=0.312 hard=score=2.2217042802 wNMSE=0.046749603 wMSE=4479.2313 wMRED=1.02377813 wER=0.373091 wMAE=29.2015 wBias=-7.0419 condBias=31.3250 dotDrift=-6.734sigma uMRED=0.0827622852 uER=0.396484 uMAE=49.6406 WCE=464 bias=4.1250
[pop04_soft:00800] loss=0.159704 tau=4.50 collapse_w=0.084 mid_frac=0.241 hard=score=0.0928542069 wNMSE=0.033821909 wMSE=3240.5870 wMRED=0.97846330 wER=0.371631 wMAE=26.0374 wBias=0.2059 condBias=30.5900 dotDrift=+0.231sigma uMRED=0.0731524306 uER=0.384766 uMAE=42.6953 WCE=400 bias=-3.5000
[pop04_soft:01000] loss=0.096421 tau=5.25 collapse_w=0.293 mid_frac=0.188 hard=score=3.9457437028 wNMSE=0.016389841 wMSE=1570.3638 wMRED=0.47272685 wER=0.333374 wMAE=15.3476 wBias=9.5474 condBias=20.8307 dotDrift=+15.419sigma uMRED=0.0491651461 uER=0.373047 uMAE=31.5078 WCE=328 bias=-8.6250
[pop04_soft:01199] loss=0.058553 tau=6.00 collapse_w=0.500 mid_frac=0.179 hard=score=3.9457437028 wNMSE=0.016389841 wMSE=1570.3638 wMRED=0.47272685 wER=0.333374 wMAE=15.3476 wBias=9.5474 condBias=20.8307 dotDrift=+15.419sigma uMRED=0.0491651461 uER=0.373047 uMAE=31.5078 WCE=328 bias=-8.6250
[pop04_hard:00000] loss=3.982924 tau=6.00 collapse_w=0.500 mid_frac=0.179 hard=score=3.9457437028 wNMSE=0.016389841 wMSE=1570.3638 wMRED=0.47272685 wER=0.333374 wMAE=15.3476 wBias=9.5474 condBias=20.8307 dotDrift=+15.419sigma uMRED=0.0491651461 uER=0.373047 uMAE=31.5078 WCE=328 bias=-8.6250
[pop04_hard:00200] loss=0.140000 tau=6.00 collapse_w=0.500 mid_frac=0.179 hard=score=3.9457437028 wNMSE=0.016389841 wMSE=1570.3638 wMRED=0.47272685 wER=0.333374 wMAE=15.3476 wBias=9.5474 condBias=20.8307 dotDrift=+15.419sigma uMRED=0.0491651461 uER=0.373047 uMAE=31.5078 WCE=328 bias=-8.6250
[pop04_hard:00400] loss=3.977661 tau=6.00 collapse_w=0.500 mid_frac=0.179 hard=score=3.9457437028 wNMSE=0.016389841 wMSE=1570.3638 wMRED=0.47272685 wER=0.333374 wMAE=15.3476 wBias=9.5474 condBias=20.8307 dotDrift=+15.419sigma uMRED=0.0491651461 uER=0.373047 uMAE=31.5078 WCE=328 bias=-8.6250
[pop04_hard:00599] loss=3.976400 tau=6.00 collapse_w=0.500 mid_frac=0.179 hard=score=3.9457437028 wNMSE=0.016389841 wMSE=1570.3638 wMRED=0.47272685 wER=0.333374 wMAE=15.3476 wBias=9.5474 condBias=20.8307 dotDrift=+15.419sigma uMRED=0.0491651461 uER=0.373047 uMAE=31.5078 WCE=328 bias=-8.6250
[pop04] done (conf=0.53, noise=0.5); global best score=0.0046031804 wNMSE=0.00080803544 wMSE=77.4205 wMRED=0.08076223 wER=0.169925 wMAE=3.1252 wBias=0.0085 condBias=5.1668 dotDrift=+0.062sigma uMRED=0.0068427756 uER=0.201172 uMAE=3.8906 WCE=52 bias=0.0000
[pop05_soft:00000] loss=1.255773 tau=1.50 collapse_w=0.000 mid_frac=0.393 hard=score=7.6784440950 wNMSE=0.38412509 wMSE=36804.2721 wMRED=5.16128222 wER=0.437186 wMAE=97.6435 wBias=-12.7965 condBias=108.1809 dotDrift=-4.269sigma uMRED=0.2170770493 uER=0.437500 uMAE=87.7129 WCE=704 bias=40.0625
[pop05_soft:00200] loss=0.764704 tau=2.25 collapse_w=0.000 mid_frac=0.393 hard=score=87.4432239604 wNMSE=0.11451044 wMSE=10971.6174 wMRED=1.81066426 wER=0.378844 wMAE=45.3568 wBias=45.1603 condBias=82.0927 dotDrift=+27.593sigma uMRED=0.1190189409 uER=0.410156 uMAE=65.7109 WCE=640 bias=63.0000
[pop05_soft:00400] loss=0.330832 tau=3.00 collapse_w=0.000 mid_frac=0.339 hard=score=6.4651160695 wNMSE=0.023704915 wMSE=2271.2449 wMRED=0.40787748 wER=0.338829 wMAE=17.2744 wBias=12.2332 condBias=25.6104 dotDrift=+16.428sigma uMRED=0.0626135937 uER=0.395508 uMAE=43.1719 WCE=464 bias=41.2500
[pop05_soft:00600] loss=0.101898 tau=3.75 collapse_w=0.000 mid_frac=0.321 hard=score=0.9982775286 wNMSE=0.017013574 wMSE=1630.1258 wMRED=0.34596118 wER=0.310347 wMAE=14.2546 wBias=4.7060 condBias=20.2056 dotDrift=+7.460sigma uMRED=0.0510791076 uER=0.359375 uMAE=34.8125 WCE=400 bias=2.6250
[pop05_soft:00800] loss=0.070351 tau=4.50 collapse_w=0.084 mid_frac=0.348 hard=score=0.0490508783 wNMSE=0.012806013 wMSE=1226.9857 wMRED=0.31359934 wER=0.296795 wMAE=12.5836 wBias=0.3419 condBias=17.6041 dotDrift=+0.625sigma uMRED=0.0404331611 uER=0.349609 uMAE=26.8203 WCE=400 bias=-8.8750
[pop05_soft:01000] loss=0.059757 tau=5.25 collapse_w=0.293 mid_frac=0.312 hard=score=0.0676047244 wNMSE=0.013051055 wMSE=1250.4640 wMRED=0.31015386 wER=0.296795 wMAE=12.4819 wBias=0.7367 condBias=17.6724 dotDrift=+1.333sigma uMRED=0.0403423764 uER=0.349609 uMAE=26.8125 WCE=400 bias=-8.3750
[pop05_soft:01199] loss=0.047534 tau=6.00 collapse_w=0.500 mid_frac=0.304 hard=score=0.0676047244 wNMSE=0.013051055 wMSE=1250.4640 wMRED=0.31015386 wER=0.296795 wMAE=12.4819 wBias=0.7367 condBias=17.6724 dotDrift=+1.333sigma uMRED=0.0403423764 uER=0.349609 uMAE=26.8125 WCE=400 bias=-8.3750
[pop05_hard:00000] loss=0.092454 tau=6.00 collapse_w=0.500 mid_frac=0.304 hard=score=0.0676047244 wNMSE=0.013051055 wMSE=1250.4640 wMRED=0.31015386 wER=0.296795 wMAE=12.4819 wBias=0.7367 condBias=17.6724 dotDrift=+1.333sigma uMRED=0.0403423764 uER=0.349609 uMAE=26.8125 WCE=400 bias=-8.3750
[pop05_hard:00200] loss=0.091836 tau=6.00 collapse_w=0.500 mid_frac=0.312 hard=score=0.0676047244 wNMSE=0.013051055 wMSE=1250.4640 wMRED=0.31015386 wER=0.296795 wMAE=12.4819 wBias=0.7367 condBias=17.6724 dotDrift=+1.333sigma uMRED=0.0403423764 uER=0.349609 uMAE=26.8125 WCE=400 bias=-8.3750
[pop05_hard:00400] loss=4.177348 tau=6.00 collapse_w=0.500 mid_frac=0.304 hard=score=4.1519291737 wNMSE=0.032714256 wMSE=3134.4591 wMRED=0.36400555 wER=0.296795 wMAE=16.1616 wBias=-9.7618 condBias=29.6639 dotDrift=-11.159sigma uMRED=0.0494496363 uER=0.349609 uMAE=31.9062 WCE=400 bias=-24.3750
[pop05_hard:00599] loss=4.177824 tau=6.00 collapse_w=0.500 mid_frac=0.304 hard=score=4.1519291737 wNMSE=0.032714256 wMSE=3134.4591 wMRED=0.36400555 wER=0.296795 wMAE=16.1616 wBias=-9.7618 condBias=29.6639 dotDrift=-11.159sigma uMRED=0.0494496363 uER=0.349609 uMAE=31.9062 WCE=400 bias=-24.3750
[pop05] done (conf=0.51, noise=1.0); global best score=0.0046031804 wNMSE=0.00080803544 wMSE=77.4205 wMRED=0.08076223 wER=0.169925 wMAE=3.1252 wBias=0.0085 condBias=5.1668 dotDrift=+0.062sigma uMRED=0.0068427756 uER=0.201172 uMAE=3.8906 WCE=52 bias=0.0000
[pop06_soft:00000] loss=2.346586 tau=1.50 collapse_w=0.000 mid_frac=0.330 hard=score=315.3549629199 wNMSE=0.74924051 wMSE=71787.1665 wMRED=5.22744258 wER=0.402767 wMAE=112.2061 wBias=85.6954 condBias=170.4583 dotDrift=+20.470sigma uMRED=0.2327639402 uER=0.425781 uMAE=98.2871 WCE=817 bias=55.3125
[pop06_soft:00200] loss=1.219045 tau=2.25 collapse_w=0.000 mid_frac=0.312 hard=score=18.2486938376 wNMSE=0.29496564 wMSE=28261.6161 wMRED=3.96855291 wER=0.380170 wMAE=78.5330 wBias=-20.3781 condBias=83.8302 dotDrift=-7.758sigma uMRED=0.1726780273 uER=0.414062 uMAE=71.1406 WCE=656 bias=-37.0000
[pop06_soft:00400] loss=0.872707 tau=3.00 collapse_w=0.000 mid_frac=0.304 hard=score=10.8100412466 wNMSE=0.076594328 wMSE=7338.7512 wMRED=1.03654931 wER=0.348135 wMAE=28.9616 wBias=-15.7769 condBias=44.0325 dotDrift=-11.787sigma uMRED=0.0920884547 uER=0.399414 uMAE=55.2344 WCE=672 bias=13.6250
[pop06_soft:00600] loss=0.439298 tau=3.75 collapse_w=0.000 mid_frac=0.304 hard=score=0.1802694271 wNMSE=0.021816577 wMSE=2090.3171 wMRED=0.32788692 wER=0.291193 wMAE=16.5388 wBias=1.7028 condBias=22.3345 dotDrift=+2.384sigma uMRED=0.0506407150 uER=0.374023 uMAE=34.7656 WCE=384 bias=5.1250
[pop06_soft:00800] loss=0.257939 tau=4.50 collapse_w=0.084 mid_frac=0.277 hard=score=12.4231237049 wNMSE=0.03300225 wMSE=3162.0527 wMRED=0.65866376 wER=0.325922 wMAE=22.8297 wBias=16.9925 condBias=32.5879 dotDrift=+19.340sigma uMRED=0.0586436683 uER=0.366211 uMAE=33.9297 WCE=384 bias=28.8750
[pop06_soft:01000] loss=0.177324 tau=5.25 collapse_w=0.293 mid_frac=0.205 hard=score=8.5894422747 wNMSE=0.01783288 wMSE=1708.6261 wMRED=0.60018860 wER=0.308108 wMAE=18.3704 wBias=14.1302 condBias=24.0543 dotDrift=+21.878sigma uMRED=0.0483442448 uER=0.366211 uMAE=28.0938 WCE=384 bias=24.3750
[pop06_soft:01199] loss=0.130610 tau=6.00 collapse_w=0.500 mid_frac=0.170 hard=score=7.9976514765 wNMSE=0.017669257 wMSE=1692.9489 wMRED=0.58316959 wER=0.294955 wMAE=18.2743 wBias=13.6319 condBias=23.8379 dotDrift=+21.204sigma uMRED=0.0478127784 uER=0.360352 uMAE=27.9453 WCE=384 bias=23.8750
[pop06_hard:00000] loss=8.036148 tau=6.00 collapse_w=0.500 mid_frac=0.170 hard=score=7.9976514765 wNMSE=0.017669257 wMSE=1692.9489 wMRED=0.58316959 wER=0.294955 wMAE=18.2743 wBias=13.6319 condBias=23.8379 dotDrift=+21.204sigma uMRED=0.0478127784 uER=0.360352 uMAE=27.9453 WCE=384 bias=23.8750
[pop06_hard:00200] loss=4.478080 tau=6.00 collapse_w=0.500 mid_frac=0.188 hard=score=4.4302686770 wNMSE=0.012771702 wMSE=1223.6983 wMRED=0.54646324 wER=0.286400 wMAE=15.3290 wBias=10.1364 condBias=19.7262 dotDrift=+18.545sigma uMRED=0.0384157889 uER=0.342773 uMAE=21.4375 WCE=272 bias=15.8750
[pop06_hard:00400] loss=0.162608 tau=6.00 collapse_w=0.500 mid_frac=0.268 hard=score=0.0978813712 wNMSE=0.017092303 wMSE=1637.6691 wMRED=0.60577252 wER=0.336313 wMAE=18.9617 wBias=1.0628 condBias=22.1100 dotDrift=+1.681sigma uMRED=0.0530143937 uER=0.382812 uMAE=33.1172 WCE=336 bias=-11.1250
[pop06_hard:00599] loss=0.134945 tau=6.00 collapse_w=0.500 mid_frac=0.250 hard=score=0.0741724187 wNMSE=0.015312664 wMSE=1467.1560 wMRED=0.55526363 wER=0.316632 wMAE=17.5095 wBias=-0.8601 condBias=20.3752 dotDrift=-1.437sigma uMRED=0.0472502193 uER=0.374023 uMAE=29.6016 WCE=256 bias=-11.1250
[pop06] done (conf=0.53, noise=0.5); global best score=0.0046031804 wNMSE=0.00080803544 wMSE=77.4205 wMRED=0.08076223 wER=0.169925 wMAE=3.1252 wBias=0.0085 condBias=5.1668 dotDrift=+0.062sigma uMRED=0.0068427756 uER=0.201172 uMAE=3.8906 WCE=52 bias=0.0000
[pop07_soft:00000] loss=2.689194 tau=1.50 collapse_w=0.000 mid_frac=0.420 hard=score=37.7943209672 wNMSE=0.3916876 wMSE=37528.8607 wMRED=5.58397737 wER=0.436061 wMAE=65.6582 wBias=29.4210 condBias=75.7837 dotDrift=+9.720sigma uMRED=0.2265196767 uER=0.431641 uMAE=96.4150 WCE=3954 bias=46.6250
[pop07_soft:00200] loss=1.098194 tau=2.25 collapse_w=0.000 mid_frac=0.366 hard=score=45.8287610118 wNMSE=0.13173618 wMSE=12622.0712 wMRED=1.62942360 wER=0.426941 wMAE=42.2132 wBias=-32.6502 condBias=62.1012 dotDrift=-18.599sigma uMRED=0.1189825237 uER=0.434570 uMAE=67.0820 WCE=674 bias=-21.5000
[pop07_soft:00400] loss=0.722590 tau=3.00 collapse_w=0.000 mid_frac=0.366 hard=score=70.7272542064 wNMSE=0.14242849 wMSE=13646.5365 wMRED=2.28965379 wER=0.404768 wMAE=50.1730 wBias=-40.5930 condBias=68.3655 dotDrift=-22.239sigma uMRED=0.1285427651 uER=0.416992 uMAE=64.3828 WCE=648 bias=-12.6250
[pop07_soft:00600] loss=0.433455 tau=3.75 collapse_w=0.000 mid_frac=0.357 hard=score=29.1417155319 wNMSE=0.097183551 wMSE=9311.4716 wMRED=1.55977188 wER=0.346712 wMAE=36.3098 wBias=-26.0182 condBias=49.4669 dotDrift=-17.256sigma uMRED=0.1016056750 uER=0.380859 uMAE=55.8984 WCE=640 bias=-0.1250
[pop07_soft:00800] loss=0.228035 tau=4.50 collapse_w=0.084 mid_frac=0.330 hard=score=1.2604179479 wNMSE=0.041418642 wMSE=3968.4546 wMRED=0.55387695 wER=0.347499 wMAE=20.5225 wBias=-5.2486 condBias=27.0240 dotDrift=-5.332sigma uMRED=0.0552059044 uER=0.374023 uMAE=35.6250 WCE=416 bias=-6.3750
[pop07_soft:01000] loss=0.144552 tau=5.25 collapse_w=0.293 mid_frac=0.304 hard=score=1.1802395758 wNMSE=0.041738358 wMSE=3999.0877 wMRED=0.54848175 wER=0.338807 wMAE=20.7033 wBias=-5.0656 condBias=27.1285 dotDrift=-5.127sigma uMRED=0.0591065366 uER=0.394531 uMAE=39.8906 WCE=416 bias=-3.2500
[pop07_soft:01199] loss=0.103472 tau=6.00 collapse_w=0.500 mid_frac=0.277 hard=score=1.2929500410 wNMSE=0.041782101 wMSE=4003.2787 wMRED=0.54831315 wER=0.334193 wMAE=20.7768 wBias=-5.3197 condBias=27.0633 dotDrift=-5.381sigma uMRED=0.0591107938 uER=0.386719 uMAE=39.8906 WCE=416 bias=-3.5000
[pop07_hard:00000] loss=1.332456 tau=6.00 collapse_w=0.500 mid_frac=0.277 hard=score=1.2929500410 wNMSE=0.041782101 wMSE=4003.2787 wMRED=0.54831315 wER=0.334193 wMAE=20.7768 wBias=-5.3197 condBias=27.0633 dotDrift=-5.381sigma uMRED=0.0591107938 uER=0.386719 uMAE=39.8906 WCE=416 bias=-3.5000
[pop07_hard:00200] loss=0.942157 tau=6.00 collapse_w=0.500 mid_frac=0.268 hard=score=0.9090486318 wNMSE=0.040211799 wMSE=3852.8231 wMRED=0.52271642 wER=0.312682 wMAE=19.9547 wBias=-4.4017 condBias=26.4459 dotDrift=-4.538sigma uMRED=0.0583853084 uER=0.378906 uMAE=39.8906 WCE=416 bias=-2.5000
[pop07_hard:00400] loss=0.338326 tau=6.00 collapse_w=0.500 mid_frac=0.268 hard=score=0.3022312741 wNMSE=0.040121264 wMSE=3844.1486 wMRED=0.56222788 wER=0.371037 wMAE=20.8169 wBias=-2.2768 condBias=26.2622 dotDrift=-2.350sigma uMRED=0.0593371530 uER=0.387695 uMAE=40.0781 WCE=416 bias=-1.5000
[pop07_hard:00599] loss=0.702496 tau=6.00 collapse_w=0.500 mid_frac=0.259 hard=score=0.6498707461 wNMSE=0.050992641 wMSE=4885.7705 wMRED=0.92299967 wER=0.368016 wMAE=26.4302 wBias=3.5998 condBias=29.8511 dotDrift=+3.296sigma uMRED=0.0694307767 uER=0.373047 uMAE=41.5781 WCE=416 bias=1.5000
[pop07] done (conf=0.51, noise=1.0); global best score=0.0046031804 wNMSE=0.00080803544 wMSE=77.4205 wMRED=0.08076223 wER=0.169925 wMAE=3.1252 wBias=0.0085 condBias=5.1668 dotDrift=+0.062sigma uMRED=0.0068427756 uER=0.201172 uMAE=3.8906 WCE=52 bias=0.0000
[pop08_soft:00000] loss=2.095670 tau=1.50 collapse_w=0.000 mid_frac=0.348 hard=score=28.2302038358 wNMSE=0.22502486 wMSE=21560.3627 wMRED=0.92523453 wER=0.421062 wMAE=42.6254 wBias=25.5095 condBias=75.4463 dotDrift=+11.119sigma uMRED=0.1481273645 uER=0.431641 uMAE=100.3281 WCE=850 bias=64.8750
[pop08_soft:00200] loss=1.014059 tau=2.25 collapse_w=0.000 mid_frac=0.321 hard=score=2.9838376222 wNMSE=0.035217761 wMSE=3374.3280 wMRED=0.61672968 wER=0.306537 wMAE=19.3166 wBias=-8.2313 condBias=29.2892 dotDrift=-9.069sigma uMRED=0.0757774798 uER=0.373047 uMAE=50.4609 WCE=520 bias=-22.2500
[pop08_soft:00400] loss=0.555256 tau=3.00 collapse_w=0.000 mid_frac=0.312 hard=score=0.0452577702 wNMSE=0.013311002 wMSE=1275.3703 wMRED=0.25469914 wER=0.284480 wMAE=11.9666 wBias=0.1579 condBias=18.5034 dotDrift=+0.283sigma uMRED=0.0433142531 uER=0.358398 uMAE=30.6719 WCE=384 bias=17.8750
[pop08_soft:00600] loss=0.170381 tau=3.75 collapse_w=0.000 mid_frac=0.268 hard=score=0.4088803377 wNMSE=0.017406011 wMSE=1667.7264 wMRED=0.25227684 wER=0.269916 wMAE=13.3630 wBias=-2.8769 condBias=20.5112 dotDrift=-4.509sigma uMRED=0.0573177034 uER=0.350586 uMAE=41.8984 WCE=468 bias=-27.6250
[pop08_soft:00800] loss=0.063740 tau=4.50 collapse_w=0.084 mid_frac=0.259 hard=score=0.3594019418 wNMSE=0.01471835 wMSE=1410.2129 wMRED=0.23694898 wER=0.258077 wMAE=12.6152 wBias=-2.7209 condBias=18.8591 dotDrift=-4.637sigma uMRED=0.0478313444 uER=0.344727 uMAE=33.8359 WCE=336 bias=-20.0000
[pop08_soft:01000] loss=0.052050 tau=5.25 collapse_w=0.293 mid_frac=0.214 hard=score=0.3904441192 wNMSE=0.012936685 wMSE=1239.5058 wMRED=0.21812704 wER=0.247725 wMAE=11.5394 wBias=-2.8617 condBias=17.8470 dotDrift=-5.202sigma uMRED=0.0423468431 uER=0.336914 uMAE=29.8359 WCE=336 bias=-17.0000
[pop08_soft:01199] loss=0.040064 tau=6.00 collapse_w=0.500 mid_frac=0.179 hard=score=0.3904441192 wNMSE=0.012936685 wMSE=1239.5058 wMRED=0.21812704 wER=0.247725 wMAE=11.5394 wBias=-2.8617 condBias=17.8470 dotDrift=-5.202sigma uMRED=0.0423468431 uER=0.336914 uMAE=29.8359 WCE=336 bias=-17.0000
[pop08_hard:00000] loss=0.411585 tau=6.00 collapse_w=0.500 mid_frac=0.179 hard=score=0.3904441192 wNMSE=0.012936685 wMSE=1239.5058 wMRED=0.21812704 wER=0.247725 wMAE=11.5394 wBias=-2.8617 condBias=17.8470 dotDrift=-5.202sigma uMRED=0.0423468431 uER=0.336914 uMAE=29.8359 WCE=336 bias=-17.0000
[pop08_hard:00200] loss=0.408025 tau=6.00 collapse_w=0.500 mid_frac=0.170 hard=score=0.3904441192 wNMSE=0.012936685 wMSE=1239.5058 wMRED=0.21812704 wER=0.247725 wMAE=11.5394 wBias=-2.8617 condBias=17.8470 dotDrift=-5.202sigma uMRED=0.0423468431 uER=0.336914 uMAE=29.8359 WCE=336 bias=-17.0000
[pop08_hard:00400] loss=0.068999 tau=6.00 collapse_w=0.500 mid_frac=0.161 hard=score=0.2745064568 wNMSE=0.011165896 wMSE=1069.8407 wMRED=0.21543686 wER=0.247725 wMAE=11.0690 wBias=-2.3913 condBias=16.5637 dotDrift=-4.679sigma uMRED=0.0331629205 uER=0.336914 uMAE=21.8359 WCE=212 bias=-9.0000
[pop08_hard:00599] loss=0.067308 tau=6.00 collapse_w=0.500 mid_frac=0.152 hard=score=0.0505487944 wNMSE=0.0076221617 wMSE=730.3041 wMRED=0.17843975 wER=0.240873 wMAE=8.5958 wBias=0.7833 condBias=12.6626 dotDrift=+1.855sigma uMRED=0.0271773536 uER=0.325195 uMAE=18.4609 WCE=212 bias=-5.0000
[pop08] done (conf=0.53, noise=0.5); global best score=0.0046031804 wNMSE=0.00080803544 wMSE=77.4205 wMRED=0.08076223 wER=0.169925 wMAE=3.1252 wBias=0.0085 condBias=5.1668 dotDrift=+0.062sigma uMRED=0.0068427756 uER=0.201172 uMAE=3.8906 WCE=52 bias=0.0000
[pop09_soft:00000] loss=1.664646 tau=1.50 collapse_w=0.000 mid_frac=0.393 hard=score=11.1901508120 wNMSE=0.51624015 wMSE=49462.6446 wMRED=5.68587965 wER=0.430830 wMAE=106.8163 wBias=-15.5148 condBias=115.2519 dotDrift=-4.465sigma uMRED=0.2269774891 uER=0.431641 uMAE=88.5312 WCE=748 bias=35.3125
[pop09_soft:00200] loss=1.384267 tau=2.25 collapse_w=0.000 mid_frac=0.375 hard=score=38.3426954284 wNMSE=0.46348884 wMSE=44408.3712 wMRED=5.22210060 wER=0.425463 wMAE=95.6852 wBias=-29.6344 condBias=106.7395 dotDrift=-9.000sigma uMRED=0.1918822541 uER=0.422852 uMAE=67.6875 WCE=686 bias=10.6250
[pop09_soft:00400] loss=0.991471 tau=3.00 collapse_w=0.000 mid_frac=0.411 hard=score=36.3647892379 wNMSE=0.45880384 wMSE=43959.4859 wMRED=5.21050710 wER=0.419833 wMAE=94.4432 wBias=-28.8453 condBias=106.2074 dotDrift=-8.805sigma uMRED=0.1899026172 uER=0.416992 uMAE=66.3438 WCE=684 bias=12.0000
[pop09_soft:00600] loss=0.372179 tau=3.75 collapse_w=0.000 mid_frac=0.375 hard=score=9.7199507529 wNMSE=0.027981116 wMSE=2680.9616 wMRED=1.00411680 wER=0.365109 wMAE=22.5318 wBias=-15.0220 condBias=28.5717 dotDrift=-18.568sigma uMRED=0.0696695996 uER=0.402344 uMAE=40.5703 WCE=404 bias=15.8750
[pop09_soft:00800] loss=0.190707 tau=4.50 collapse_w=0.084 mid_frac=0.321 hard=score=5.2844865797 wNMSE=0.023942582 wMSE=2294.0165 wMRED=0.87480889 wER=0.326279 wMAE=20.7113 wBias=-11.0507 condBias=25.3129 dotDrift=-14.766sigma uMRED=0.0606483867 uER=0.366211 uMAE=34.6094 WCE=340 bias=14.6250
[pop09_soft:01000] loss=0.126138 tau=5.25 collapse_w=0.293 mid_frac=0.286 hard=score=1.4011446814 wNMSE=0.02464381 wMSE=2361.2035 wMRED=0.88390998 wER=0.358384 wMAE=23.4543 wBias=-5.5885 condBias=26.5215 dotDrift=-7.360sigma uMRED=0.0587179264 uER=0.375000 uMAE=32.0938 WCE=340 bias=12.6250
[pop09_soft:01199] loss=0.089137 tau=6.00 collapse_w=0.500 mid_frac=0.277 hard=score=2.9448034745 wNMSE=0.023594307 wMSE=2260.6472 wMRED=0.87948671 wER=0.358384 wMAE=22.6687 wBias=-8.2119 condBias=25.3681 dotDrift=-11.054sigma uMRED=0.0571858633 uER=0.375000 uMAE=30.6875 WCE=340 bias=8.6250
[pop09_hard:00000] loss=3.002594 tau=6.00 collapse_w=0.500 mid_frac=0.277 hard=score=2.9448034745 wNMSE=0.023594307 wMSE=2260.6472 wMRED=0.87948671 wER=0.358384 wMAE=22.6687 wBias=-8.2119 condBias=25.3681 dotDrift=-11.054sigma uMRED=0.0571858633 uER=0.375000 uMAE=30.6875 WCE=340 bias=8.6250
[pop09_hard:00200] loss=1.455044 tau=6.00 collapse_w=0.500 mid_frac=0.268 hard=score=1.4011446814 wNMSE=0.02464381 wMSE=2361.2035 wMRED=0.88390998 wER=0.358384 wMAE=23.4543 wBias=-5.5885 condBias=26.5215 dotDrift=-7.360sigma uMRED=0.0587179264 uER=0.375000 uMAE=32.0938 WCE=340 bias=12.6250
[pop09_hard:00400] loss=0.374085 tau=6.00 collapse_w=0.500 mid_frac=0.232 hard=score=0.3202485649 wNMSE=0.025898579 wMSE=2481.4269 wMRED=0.88623011 wER=0.358384 wMAE=24.5179 wBias=-2.4196 condBias=29.1406 dotDrift=-3.109sigma uMRED=0.0589400617 uER=0.375000 uMAE=33.1797 WCE=340 bias=16.6250
[pop09_hard:00599] loss=0.794209 tau=6.00 collapse_w=0.500 mid_frac=0.214 hard=score=0.7392394267 wNMSE=0.033814958 wMSE=3239.9209 wMRED=0.94052371 wER=0.358384 wMAE=27.2108 wBias=3.9297 condBias=26.2942 dotDrift=+4.418sigma uMRED=0.0656005037 uER=0.375000 uMAE=35.9688 WCE=340 bias=24.6250
[pop09] done (conf=0.51, noise=1.0); global best score=0.0046031804 wNMSE=0.00080803544 wMSE=77.4205 wMRED=0.08076223 wER=0.169925 wMAE=3.1252 wBias=0.0085 condBias=5.1668 dotDrift=+0.062sigma uMRED=0.0068427756 uER=0.201172 uMAE=3.8906 WCE=52 bias=0.0000
[pop10_soft:00000] loss=2.087618 tau=1.50 collapse_w=0.000 mid_frac=0.339 hard=score=24.4341599091 wNMSE=0.23658247 wMSE=22667.7349 wMRED=3.46765584 wER=0.435983 wMAE=78.9606 wBias=23.6818 condBias=88.8705 dotDrift=+10.067sigma uMRED=0.1731749343 uER=0.430664 uMAE=81.9922 WCE=668 bias=7.1875
[pop10_soft:00200] loss=0.797146 tau=2.25 collapse_w=0.000 mid_frac=0.304 hard=score=30.4242337339 wNMSE=0.12253001 wMSE=11739.9978 wMRED=1.79502727 wER=0.413150 wMAE=45.2448 wBias=-26.5543 condBias=63.8487 dotDrift=-15.685sigma uMRED=0.1225756012 uER=0.425781 uMAE=68.8516 WCE=644 bias=-22.8750
[pop10_soft:00400] loss=0.244615 tau=3.00 collapse_w=0.000 mid_frac=0.268 hard=score=0.1132573698 wNMSE=0.013110844 wMSE=1256.1925 wMRED=0.54140619 wER=0.341654 wMAE=16.1925 wBias=-1.2778 condBias=19.9591 dotDrift=-2.307sigma uMRED=0.0468094617 uER=0.376953 uMAE=28.0469 WCE=324 bias=-17.1250
[pop10_soft:00600] loss=0.086592 tau=3.75 collapse_w=0.000 mid_frac=0.232 hard=score=1.3871446290 wNMSE=0.0070534938 wMSE=675.8181 wMRED=0.17258689 wER=0.234886 wMAE=8.4944 wBias=-5.6335 condBias=14.6363 dotDrift=-13.869sigma uMRED=0.0332281978 uER=0.341797 uMAE=23.6250 WCE=304 bias=-17.5000
[pop10_soft:00800] loss=0.053321 tau=4.50 collapse_w=0.084 mid_frac=0.205 hard=score=1.0314646428 wNMSE=0.0062765157 wMSE=601.3733 wMRED=0.15472533 wER=0.247671 wMAE=7.5850 wBias=-4.8436 condBias=13.7939 dotDrift=-12.641sigma uMRED=0.0290524764 uER=0.330078 uMAE=20.6094 WCE=296 bias=-18.0000
[pop10_soft:01000] loss=0.043960 tau=5.25 collapse_w=0.293 mid_frac=0.134 hard=score=0.9597787478 wNMSE=0.0061426923 wMSE=588.5513 wMRED=0.15347434 wER=0.245262 wMAE=7.4094 wBias=-4.6680 condBias=13.5129 dotDrift=-12.314sigma uMRED=0.0278985734 uER=0.318359 uMAE=19.6094 WCE=296 bias=-17.0000
[pop10_soft:01199] loss=0.032617 tau=6.00 collapse_w=0.500 mid_frac=0.134 hard=score=0.9597787478 wNMSE=0.0061426923 wMSE=588.5513 wMRED=0.15347434 wER=0.245262 wMAE=7.4094 wBias=-4.6680 condBias=13.5129 dotDrift=-12.314sigma uMRED=0.0278985734 uER=0.318359 uMAE=19.6094 WCE=296 bias=-17.0000
[pop10_hard:00000] loss=0.975930 tau=6.00 collapse_w=0.500 mid_frac=0.134 hard=score=0.9597787478 wNMSE=0.0061426923 wMSE=588.5513 wMRED=0.15347434 wER=0.245262 wMAE=7.4094 wBias=-4.6680 condBias=13.5129 dotDrift=-12.314sigma uMRED=0.0278985734 uER=0.318359 uMAE=19.6094 WCE=296 bias=-17.0000
[pop10_hard:00200] loss=0.972076 tau=6.00 collapse_w=0.500 mid_frac=0.125 hard=score=0.9597787478 wNMSE=0.0061426923 wMSE=588.5513 wMRED=0.15347434 wER=0.245262 wMAE=7.4094 wBias=-4.6680 condBias=13.5129 dotDrift=-12.314sigma uMRED=0.0278985734 uER=0.318359 uMAE=19.6094 WCE=296 bias=-17.0000
[pop10_hard:00400] loss=0.072577 tau=6.00 collapse_w=0.500 mid_frac=0.116 hard=score=0.0594643120 wNMSE=0.018092962 wMSE=1733.5455 wMRED=0.20932022 wER=0.252763 wMAE=11.8820 wBias=0.5813 condBias=19.8018 dotDrift=+0.893sigma uMRED=0.0390525852 uER=0.333008 uMAE=26.6562 WCE=296 bias=-9.0000
[pop10_hard:00599] loss=0.968854 tau=6.00 collapse_w=0.500 mid_frac=0.125 hard=score=0.9597787478 wNMSE=0.0061426923 wMSE=588.5513 wMRED=0.15347434 wER=0.245262 wMAE=7.4094 wBias=-4.6680 condBias=13.5129 dotDrift=-12.314sigma uMRED=0.0278985734 uER=0.318359 uMAE=19.6094 WCE=296 bias=-17.0000
[pop10] done (conf=0.53, noise=0.5); global best score=0.0046031804 wNMSE=0.00080803544 wMSE=77.4205 wMRED=0.08076223 wER=0.169925 wMAE=3.1252 wBias=0.0085 condBias=5.1668 dotDrift=+0.062sigma uMRED=0.0068427756 uER=0.201172 uMAE=3.8906 WCE=52 bias=0.0000
[pop11_soft:00000] loss=1.612634 tau=1.50 collapse_w=0.000 mid_frac=0.402 hard=score=101.5809843771 wNMSE=0.14353112 wMSE=13752.1829 wMRED=2.05050681 wER=0.437186 wMAE=56.8590 wBias=48.6741 condBias=80.3952 dotDrift=+26.564sigma uMRED=0.1373678788 uER=0.437500 uMAE=74.8086 WCE=675 bias=20.8125
[pop11_soft:00200] loss=1.085342 tau=2.25 collapse_w=0.000 mid_frac=0.366 hard=score=0.4235996066 wNMSE=0.075748995 wMSE=7257.7572 wMRED=2.28162218 wER=0.431519 wMAE=48.3339 wBias=2.4756 condBias=40.8692 dotDrift=+1.860sigma uMRED=0.1150391830 uER=0.431641 uMAE=58.4199 WCE=437 bias=-26.3125
[pop11_soft:00400] loss=0.835448 tau=3.00 collapse_w=0.000 mid_frac=0.393 hard=score=4.7179263717 wNMSE=0.030120259 wMSE=2885.9198 wMRED=0.65093522 wER=0.407333 wMAE=23.0835 wBias=10.4132 condBias=29.0260 dotDrift=+12.406sigma uMRED=0.0659283687 uER=0.428711 uMAE=42.3340 WCE=528 bias=16.3125
[pop11_soft:00600] loss=0.502046 tau=3.75 collapse_w=0.000 mid_frac=0.402 hard=score=15.2009468362 wNMSE=0.043371667 wMSE=4155.5803 wMRED=0.65597934 wER=0.398547 wMAE=25.3815 wBias=18.7888 condBias=34.7224 dotDrift=+18.654sigma uMRED=0.0837427970 uER=0.425781 uMAE=56.6328 WCE=656 bias=48.8750
[pop11_soft:00800] loss=0.358708 tau=4.50 collapse_w=0.084 mid_frac=0.384 hard=score=16.6196920696 wNMSE=0.043936222 wMSE=4209.6721 wMRED=0.64573505 wER=0.393991 wMAE=25.3112 wBias=19.6515 condBias=35.0755 dotDrift=+19.384sigma uMRED=0.0851584785 uER=0.424805 uMAE=58.1797 WCE=656 bias=50.7500
[pop11_soft:01000] loss=0.292894 tau=5.25 collapse_w=0.293 mid_frac=0.357 hard=score=14.9910521237 wNMSE=0.036940416 wMSE=3539.3812 wMRED=0.64166692 wER=0.382292 wMAE=24.5279 wBias=18.6690 condBias=32.0637 dotDrift=+20.083sigma uMRED=0.0797983587 uER=0.421875 uMAE=53.9844 WCE=528 bias=46.5000
[pop11_soft:01199] loss=0.227978 tau=6.00 collapse_w=0.500 mid_frac=0.348 hard=score=14.9910521237 wNMSE=0.036940416 wMSE=3539.3812 wMRED=0.64166692 wER=0.382292 wMAE=24.5279 wBias=18.6690 condBias=32.0637 dotDrift=+20.083sigma uMRED=0.0797983587 uER=0.421875 uMAE=53.9844 WCE=528 bias=46.5000
[pop11_hard:00000] loss=15.031931 tau=6.00 collapse_w=0.500 mid_frac=0.348 hard=score=14.9910521237 wNMSE=0.036940416 wMSE=3539.3812 wMRED=0.64166692 wER=0.382292 wMAE=24.5279 wBias=18.6690 condBias=32.0637 dotDrift=+20.083sigma uMRED=0.0797983587 uER=0.421875 uMAE=53.9844 WCE=528 bias=46.5000
[pop11_hard:00200] loss=10.865273 tau=6.00 collapse_w=0.500 mid_frac=0.330 hard=score=10.8186386430 wNMSE=0.02807083 wMSE=2689.5573 wMRED=0.62602523 wER=0.382292 wMAE=22.8853 wBias=15.8577 condBias=26.1398 dotDrift=+19.569sigma uMRED=0.0668269540 uER=0.421875 uMAE=45.0469 WCE=416 bias=30.5000
[pop11_hard:00400] loss=4.435764 tau=6.00 collapse_w=0.500 mid_frac=0.339 hard=score=4.3669283701 wNMSE=0.02581466 wMSE=2473.3864 wMRED=0.61439425 wER=0.398313 wMAE=23.1050 wBias=10.0456 condBias=21.9048 dotDrift=+12.927sigma uMRED=0.0574242913 uER=0.421875 uMAE=37.5703 WCE=244 bias=6.6250
[pop11_hard:00599] loss=0.948464 tau=6.00 collapse_w=0.500 mid_frac=0.357 hard=score=0.8723937229 wNMSE=0.029031146 wMSE=2781.5684 wMRED=0.61552400 wER=0.408367 wMAE=24.6200 wBias=4.3562 condBias=21.5404 dotDrift=+5.286sigma uMRED=0.0702326135 uER=0.422852 uMAE=47.6797 WCE=344 bias=-23.3750
[pop11] done (conf=0.51, noise=1.0); global best score=0.0046031804 wNMSE=0.00080803544 wMSE=77.4205 wMRED=0.08076223 wER=0.169925 wMAE=3.1252 wBias=0.0085 condBias=5.1668 dotDrift=+0.062sigma uMRED=0.0068427756 uER=0.201172 uMAE=3.8906 WCE=52 bias=0.0000
[best] stage=quad_warmup_bit score=0.0046031804 wNMSE=0.00080803544 wMSE=77.4205 wMRED=0.08076223 wER=0.169925 wMAE=3.1252 wBias=0.0085 condBias=5.1668 dotDrift=+0.062sigma uMRED=0.0068427756 uER=0.201172 uMAE=3.8906 WCE=52 bias=0.0000
[best-json] /home/xuanqi/tony/work/FPGA/signed8x8_approx/signed8x8_2026_8_22/runs_module_groups/G4_gate_up/balanced_split/rand303/best_signed88_inits.json
[best-rtl] /home/xuanqi/tony/work/FPGA/signed8x8_approx/signed8x8_2026_8_22/runs_module_groups/G4_gate_up/balanced_split/rand303/best_rtl
[design] balanced_split search_bits=112
[start] score=0.0046031804 wNMSE=0.00080803544 wMSE=77.4205 wMRED=0.08076223 wER=0.169925 wMAE=3.1252 wBias=0.0085 condBias=5.1668 dotDrift=+0.062sigma uMRED=0.0068427756 uER=0.201172 uMAE=3.8906 WCE=52 bias=0.0000
[single] round=1 no improvement
[pair] ACCEPT ['lo_lut23:51', 'lo_lut23:47'] 0.0046031804->0.0038300282 wNMSE=0.00067337189 wBias=+0.01506
[pair] ACCEPT ['mid_lut01:55', 'mid_lut01:63'] 0.0038300282->0.0034253823 wNMSE=0.0005719221 wBias=+0.01568
[pair] ACCEPT ['lo_lut23:15', 'lo_lut01:59'] 0.0034253823->0.0033600754 wNMSE=0.00054535241 wBias=-0.00968
[pair] ACCEPT ['lo_lut23:3', 'lo_lut23:31'] 0.0033600754->0.0033412257 wNMSE=0.00054693878 wBias=+0.00177
[final] score=0.0033412257 wNMSE=0.00054693878 wMSE=52.4040 wMRED=0.11563195 wER=0.328096 wMAE=3.2587 wBias=0.0018 condBias=3.7013 dotDrift=+0.016sigma uMRED=0.0072152488 uER=0.333984 uMAE=3.7344 WCE=40 bias=0.0000
[json] /home/xuanqi/tony/work/FPGA/signed8x8_approx/signed8x8_2026_8_22/runs_module_groups/G4_gate_up/balanced_split/rand303/refined/best_signed88_inits.json
