[design] default_split quad4 entries=168
[device] cuda
[initial] score=55.1573499136 wNMSE=4.3125053 wMSE=413195.1402 wMRED=13.71695086 wER=0.578118 wMAE=288.9033 wBias=33.3491 condBias=360.9377 dotDrift=+3.320sigma uMRED=0.8948560293 uER=0.575928 uMAE=440.1362 WCE=3441 bias=165.6875
[quad_warmup_bit:00000] loss=5.248707 tau=1.50 collapse_w=0.000 mid_frac=0.512 hard=score=55.1573499136 wNMSE=4.3125053 wMSE=413195.1402 wMRED=13.71695086 wER=0.578118 wMAE=288.9033 wBias=33.3491 condBias=360.9377 dotDrift=+3.320sigma uMRED=0.8948560293 uER=0.575928 uMAE=440.1362 WCE=3441 bias=165.6875
[quad_warmup_bit:00025] loss=3.116368 tau=1.50 collapse_w=0.000 mid_frac=0.512 hard=score=47.8793015965 wNMSE=4.2413721 wMSE=406379.6317 wMRED=13.75114966 wER=0.578118 wMAE=287.4506 wBias=30.7370 condBias=358.4861 dotDrift=+3.086sigma uMRED=0.8863978300 uER=0.575928 uMAE=430.7427 WCE=3441 bias=156.5000 *BEST*
[quad_warmup_bit:00050] loss=1.575549 tau=1.50 collapse_w=0.000 mid_frac=0.500 hard=score=20.6970580464 wNMSE=4.3703823 wMSE=418740.5151 wMRED=14.39100049 wER=0.578118 wMAE=298.3194 wBias=17.3493 condBias=367.8676 dotDrift=+1.716sigma uMRED=0.9040835537 uER=0.575928 uMAE=433.2642 WCE=3441 bias=150.5625 *BEST*
[quad_warmup_bit:00075] loss=0.691640 tau=1.50 collapse_w=0.000 mid_frac=0.506 hard=score=10.6757299309 wNMSE=4.1772637 wMSE=400237.1992 wMRED=14.45511630 wER=0.578118 wMAE=293.9188 wBias=8.6489 condBias=360.5145 dotDrift=+0.875sigma uMRED=0.8778994787 uER=0.575928 uMAE=405.6704 WCE=3377 bias=105.0625 *BEST*
[quad_warmup_bit:00100] loss=0.514248 tau=1.50 collapse_w=0.000 mid_frac=0.506 hard=score=7.7621689212 wNMSE=4.1309243 wMSE=395797.2705 wMRED=14.18296216 wER=0.578118 wMAE=290.1486 wBias=2.9638 condBias=359.2551 dotDrift=+0.302sigma uMRED=0.8693103255 uER=0.575928 uMAE=404.3682 WCE=3377 bias=94.5000 *BEST*
[quad_warmup_bit:00175] loss=0.485943 tau=1.50 collapse_w=0.000 mid_frac=0.506 hard=score=7.2564706863 wNMSE=3.9939251 wMSE=382670.9336 wMRED=14.04473553 wER=0.576308 wMAE=283.6096 wBias=-2.1877 condBias=344.2571 dotDrift=-0.226sigma uMRED=0.8542724378 uER=0.575195 uMAE=396.4863 WCE=3121 bias=85.3125 *BEST*
[quad_warmup_bit:00200] loss=0.478485 tau=1.50 collapse_w=0.000 mid_frac=0.488 hard=score=7.0343935485 wNMSE=3.9779773 wMSE=381142.9222 wMRED=13.96111600 wER=0.567858 wMAE=281.7139 wBias=-0.8040 condBias=342.3083 dotDrift=-0.083sigma uMRED=0.8495880331 uER=0.570801 uMAE=393.9434 WCE=3121 bias=87.5625 *BEST*
[quad_warmup_bit:00225] loss=0.471041 tau=1.50 collapse_w=0.000 mid_frac=0.482 hard=score=7.0042729969 wNMSE=3.9756698 wMSE=380921.8320 wMRED=13.93987697 wER=0.567858 wMAE=281.5865 wBias=-0.3178 condBias=342.0421 dotDrift=-0.033sigma uMRED=0.8490609726 uER=0.570801 uMAE=393.7476 WCE=3121 bias=87.0625 *BEST*
[quad_warmup_bit:00275] loss=0.456167 tau=1.50 collapse_w=0.000 mid_frac=0.464 hard=score=6.9987486825 wNMSE=3.973295 wMSE=380694.2957 wMRED=13.93313149 wER=0.567858 wMAE=280.9974 wBias=0.3295 condBias=341.8216 dotDrift=+0.034sigma uMRED=0.8478594509 uER=0.570801 uMAE=392.4805 WCE=3120 bias=89.0000 *BEST*
[quad_warmup_bit:00400] loss=0.421275 tau=1.50 collapse_w=0.000 mid_frac=0.464 hard=score=16.4870793626 wNMSE=2.5707329 wMSE=246310.2695 wMRED=12.79438874 wER=0.539597 wMAE=247.9951 wBias=-16.6432 condBias=279.9770 dotDrift=-2.146sigma uMRED=0.7579998199 uER=0.548828 uMAE=351.7461 WCE=2832 bias=39.0000
[quad_warmup_bit:00600] loss=0.372198 tau=1.50 collapse_w=0.000 mid_frac=0.440 hard=score=13.4277753515 wNMSE=2.350376 wMSE=225197.1548 wMRED=11.67971466 wER=0.463824 wMAE=228.0696 wBias=-14.7580 condBias=258.6384 dotDrift=-1.990sigma uMRED=0.7198835956 uER=0.502686 uMAE=340.0996 WCE=2816 bias=36.8750
[quad_warmup_bit:00800] loss=0.330729 tau=1.50 collapse_w=0.000 mid_frac=0.411 hard=score=191.0393728969 wNMSE=1.4325577 wMSE=137258.0042 wMRED=11.10029519 wER=0.463824 wMAE=191.2447 wBias=-66.3998 condBias=213.9021 dotDrift=-11.470sigma uMRED=0.6282630045 uER=0.502686 uMAE=299.0781 WCE=2432 bias=23.3750
[quad_warmup_bit:01000] loss=0.295292 tau=1.50 collapse_w=0.000 mid_frac=0.399 hard=score=80.1559301853 wNMSE=0.52182906 wMSE=49998.1369 wMRED=2.49192524 wER=0.407768 wMAE=96.9525 wBias=-43.0431 condBias=104.7260 dotDrift=-12.320sigma uMRED=0.3252999315 uER=0.471436 uMAE=201.9688 WCE=2432 bias=-91.5000
[quad_warmup_bit:01200] loss=0.264799 tau=1.50 collapse_w=0.000 mid_frac=0.351 hard=score=35.0085005136 wNMSE=0.35582116 wMSE=34092.3808 wMRED=2.19522961 wER=0.383775 wMAE=86.9019 wBias=-28.3622 condBias=77.7109 dotDrift=-9.831sigma uMRED=0.2529264553 uER=0.462646 uMAE=165.2812 WCE=1280 bias=-13.5000
[quad_warmup_bit:01400] loss=0.242016 tau=1.50 collapse_w=0.000 mid_frac=0.321 hard=score=42.2307710518 wNMSE=0.54595183 wMSE=52309.4179 wMRED=2.14750205 wER=0.361876 wMAE=91.2326 wBias=-31.0831 condBias=76.9969 dotDrift=-8.698sigma uMRED=0.3215264843 uER=0.459717 uMAE=209.9355 WCE=2944 bias=-53.5000
[quad_warmup_bit:01600] loss=0.224378 tau=1.50 collapse_w=0.000 mid_frac=0.292 hard=score=30.9113326131 wNMSE=0.51748666 wMSE=49582.0776 wMRED=2.08716844 wER=0.357888 wMAE=84.8068 wBias=-26.5163 condBias=75.8739 dotDrift=-7.621sigma uMRED=0.3070260448 uER=0.438721 uMAE=188.5137 WCE=2496 bias=-44.5000
[quad_warmup_bit:01800] loss=0.210016 tau=1.50 collapse_w=0.000 mid_frac=0.250 hard=score=9.8961898075 wNMSE=0.35059642 wMSE=33591.7815 wMRED=2.15464520 wER=0.353880 wMAE=74.9233 wBias=-14.6680 condBias=80.6107 dotDrift=-5.122sigma uMRED=0.2742684123 uER=0.431396 uMAE=162.1484 WCE=2496 bias=24.3750
[quad_warmup_bit:01925] loss=0.202330 tau=1.50 collapse_w=0.000 mid_frac=0.220 hard=score=5.4155671834 wNMSE=0.3228912 wMSE=30937.2542 wMRED=1.85593320 wER=0.338132 wMAE=68.7112 wBias=-10.5376 condBias=78.7820 dotDrift=-3.834sigma uMRED=0.2596221945 uER=0.406006 uMAE=150.5527 WCE=2816 bias=17.3750 *BEST*
[quad_warmup_bit:01950] loss=0.200917 tau=1.50 collapse_w=0.000 mid_frac=0.226 hard=score=2.1872907890 wNMSE=0.32638703 wMSE=31272.2015 wMRED=2.02622702 wER=0.354178 wMAE=70.9814 wBias=-5.9298 condBias=79.1712 dotDrift=-2.146sigma uMRED=0.2650320054 uER=0.409912 uMAE=152.0137 WCE=2816 bias=21.3750 *BEST*
[quad_warmup_bit:02000] loss=0.198210 tau=1.50 collapse_w=0.000 mid_frac=0.214 hard=score=2.1872907890 wNMSE=0.32638703 wMSE=31272.2015 wMRED=2.02622702 wER=0.354178 wMAE=70.9814 wBias=-5.9298 condBias=79.1712 dotDrift=-2.146sigma uMRED=0.2650320054 uER=0.409912 uMAE=152.0137 WCE=2816 bias=21.3750
[quad_warmup_bit:02050] loss=0.195663 tau=1.50 collapse_w=0.000 mid_frac=0.196 hard=score=0.8560165563 wNMSE=0.29058003 wMSE=27841.4163 wMRED=1.99168131 wER=0.351229 wMAE=67.3509 wBias=-2.2994 condBias=71.8151 dotDrift=-0.882sigma uMRED=0.2355750084 uER=0.395264 uMAE=132.0137 WCE=2816 bias=41.3750 *BEST*
[quad_warmup_bit:02100] loss=0.193251 tau=1.50 collapse_w=0.000 mid_frac=0.185 hard=score=0.6572244772 wNMSE=0.28645162 wMSE=27445.8594 wMRED=1.98019281 wER=0.347885 wMAE=66.1871 wBias=-0.8356 condBias=71.0594 dotDrift=-0.323sigma uMRED=0.2256323491 uER=0.379639 uMAE=125.4746 WCE=2816 bias=49.3750 *BEST*
[quad_warmup_bit:02125] loss=0.192089 tau=1.50 collapse_w=0.000 mid_frac=0.179 hard=score=0.6486942758 wNMSE=0.28632311 wMSE=27433.5465 wMRED=1.98006414 wER=0.348346 wMAE=66.1874 wBias=-0.7180 condBias=70.9719 dotDrift=-0.277sigma uMRED=0.2248993263 uER=0.383789 uMAE=125.2012 WCE=2816 bias=51.3750 *BEST*
[quad_warmup_bit:02200] loss=0.188707 tau=1.50 collapse_w=0.000 mid_frac=0.179 hard=score=1.5083840949 wNMSE=0.20083747 wMSE=19242.8900 wMRED=1.92921160 wER=0.348346 wMAE=61.0465 wBias=-5.1112 condBias=58.2500 dotDrift=-2.358sigma uMRED=0.1715010662 uER=0.383789 uMAE=91.9668 WCE=1152 bias=24.3750
[quad_warmup_bit:02400] loss=0.179943 tau=1.50 collapse_w=0.000 mid_frac=0.173 hard=score=35.2784340942 wNMSE=0.4018848 wMSE=38505.8874 wMRED=3.21890475 wER=0.355037 wMAE=83.2452 wBias=-28.4104 condBias=89.1644 dotDrift=-9.266sigma uMRED=0.2481147270 uER=0.385742 uMAE=130.9746 WCE=2356 bias=10.3750
[quad_warmup_bit:02600] loss=0.172130 tau=1.50 collapse_w=0.000 mid_frac=0.149 hard=score=23.4507358113 wNMSE=0.43618265 wMSE=41792.0759 wMRED=3.30135963 wER=0.357688 wMAE=88.5345 wBias=-22.9949 condBias=90.8941 dotDrift=-7.199sigma uMRED=0.2633704317 uER=0.387939 uMAE=138.8730 WCE=2356 bias=18.3750
[quad_warmup_bit:02800] loss=0.166443 tau=1.50 collapse_w=0.000 mid_frac=0.137 hard=score=11.8322742213 wNMSE=0.40571899 wMSE=38873.2537 wMRED=3.20826634 wER=0.362366 wMAE=82.1243 wBias=-16.0420 condBias=97.8667 dotDrift=-5.207sigma uMRED=0.2465811810 uER=0.383057 uMAE=130.9062 WCE=2228 bias=20.8750
[quad_warmup_bit:03000] loss=0.161357 tau=1.50 collapse_w=0.000 mid_frac=0.137 hard=score=20.9567800231 wNMSE=0.53406569 wMSE=51170.5678 wMRED=2.94041906 wER=0.312567 wMAE=56.8830 wBias=21.6464 condBias=71.6052 dotDrift=+6.124sigma uMRED=0.2508354378 uER=0.367676 uMAE=123.5840 WCE=3840 bias=32.8750
[quad_warmup_bit:03200] loss=0.157149 tau=1.50 collapse_w=0.000 mid_frac=0.119 hard=score=2.6556626464 wNMSE=0.21009503 wMSE=20129.8874 wMRED=1.57075901 wER=0.314373 wMAE=45.0224 wBias=7.2057 condBias=63.7130 dotDrift=+3.250sigma uMRED=0.1825410458 uER=0.359863 uMAE=104.2246 WCE=2228 bias=6.8750
[quad_warmup_bit:03400] loss=0.154376 tau=1.50 collapse_w=0.000 mid_frac=0.119 hard=score=2.6556626464 wNMSE=0.21009503 wMSE=20129.8874 wMRED=1.57075901 wER=0.314373 wMAE=45.0224 wBias=7.2057 condBias=63.7130 dotDrift=+3.250sigma uMRED=0.1825410458 uER=0.359863 uMAE=104.2246 WCE=2228 bias=6.8750
[quad_warmup_bit:03600] loss=0.152086 tau=1.50 collapse_w=0.000 mid_frac=0.119 hard=score=1.8026637997 wNMSE=0.21655988 wMSE=20749.3057 wMRED=1.59455995 wER=0.321860 wMAE=46.6098 wBias=5.6184 condBias=67.1576 dotDrift=+2.496sigma uMRED=0.1860950705 uER=0.365723 uMAE=106.2246 WCE=2228 bias=4.8750
[quad_warmup_bit:03800] loss=0.150294 tau=1.50 collapse_w=0.000 mid_frac=0.119 hard=score=3.7274570029 wNMSE=0.20575073 wMSE=19713.6454 wMRED=1.55298405 wER=0.316826 wMAE=44.5150 wBias=8.7930 condBias=60.4925 dotDrift=+4.008sigma uMRED=0.1798641513 uER=0.356934 uMAE=103.1445 WCE=2228 bias=8.8750
[quad_warmup_bit:04000] loss=0.148898 tau=1.50 collapse_w=0.000 mid_frac=0.107 hard=score=2.9780349117 wNMSE=0.12547936 wMSE=12022.5848 wMRED=1.52957462 wER=0.315973 wMAE=40.8681 wBias=8.0022 condBias=57.1320 dotDrift=+4.671sigma uMRED=0.0959981784 uER=0.341309 uMAE=40.5508 WCE=720 bias=-9.1250
[quad_warmup_bit:04200] loss=0.147766 tau=1.50 collapse_w=0.000 mid_frac=0.101 hard=score=2.9780349117 wNMSE=0.12547936 wMSE=12022.5848 wMRED=1.52957462 wER=0.315973 wMAE=40.8681 wBias=8.0022 condBias=57.1320 dotDrift=+4.671sigma uMRED=0.0959981784 uER=0.341309 uMAE=40.5508 WCE=720 bias=-9.1250
[quad_warmup_bit:04400] loss=0.146885 tau=1.50 collapse_w=0.000 mid_frac=0.101 hard=score=2.9780349117 wNMSE=0.12547936 wMSE=12022.5848 wMRED=1.52957462 wER=0.315973 wMAE=40.8681 wBias=8.0022 condBias=57.1320 dotDrift=+4.671sigma uMRED=0.0959981784 uER=0.341309 uMAE=40.5508 WCE=720 bias=-9.1250
[quad_warmup_bit:04600] loss=0.146262 tau=1.50 collapse_w=0.000 mid_frac=0.101 hard=score=2.9780349117 wNMSE=0.12547936 wMSE=12022.5848 wMRED=1.52957462 wER=0.315973 wMAE=40.8681 wBias=8.0022 condBias=57.1320 dotDrift=+4.671sigma uMRED=0.0959981784 uER=0.341309 uMAE=40.5508 WCE=720 bias=-9.1250
[quad_warmup_bit:04800] loss=0.145775 tau=1.50 collapse_w=0.000 mid_frac=0.101 hard=score=2.9780349117 wNMSE=0.12547936 wMSE=12022.5848 wMRED=1.52957462 wER=0.315973 wMAE=40.8681 wBias=8.0022 condBias=57.1320 dotDrift=+4.671sigma uMRED=0.0959981784 uER=0.341309 uMAE=40.5508 WCE=720 bias=-9.1250
[quad_warmup_bit:05000] loss=0.145375 tau=1.50 collapse_w=0.000 mid_frac=0.107 hard=score=2.9780349117 wNMSE=0.12547936 wMSE=12022.5848 wMRED=1.52957462 wER=0.315973 wMAE=40.8681 wBias=8.0022 condBias=57.1320 dotDrift=+4.671sigma uMRED=0.0959981784 uER=0.341309 uMAE=40.5508 WCE=720 bias=-9.1250
[quad_warmup_bit:05200] loss=0.145037 tau=1.50 collapse_w=0.000 mid_frac=0.101 hard=score=2.9780349117 wNMSE=0.12547936 wMSE=12022.5848 wMRED=1.52957462 wER=0.315973 wMAE=40.8681 wBias=8.0022 condBias=57.1320 dotDrift=+4.671sigma uMRED=0.0959981784 uER=0.341309 uMAE=40.5508 WCE=720 bias=-9.1250
[quad_warmup_bit:05400] loss=0.144745 tau=1.50 collapse_w=0.000 mid_frac=0.095 hard=score=19.1692127548 wNMSE=0.065506479 wMSE=6276.3884 wMRED=1.38071740 wER=0.313586 wMAE=31.3278 wBias=21.0951 condBias=43.5804 dotDrift=+17.041sigma uMRED=0.0702996896 uER=0.338379 uMAE=27.3320 WCE=464 bias=6.8750
[quad_warmup_bit:05600] loss=0.144495 tau=1.50 collapse_w=0.000 mid_frac=0.095 hard=score=19.1692127548 wNMSE=0.065506479 wMSE=6276.3884 wMRED=1.38071740 wER=0.313586 wMAE=31.3278 wBias=21.0951 condBias=43.5804 dotDrift=+17.041sigma uMRED=0.0702996896 uER=0.338379 uMAE=27.3320 WCE=464 bias=6.8750
[quad_warmup_bit:05800] loss=0.144285 tau=1.50 collapse_w=0.000 mid_frac=0.095 hard=score=19.1692127548 wNMSE=0.065506479 wMSE=6276.3884 wMRED=1.38071740 wER=0.313586 wMAE=31.3278 wBias=21.0951 condBias=43.5804 dotDrift=+17.041sigma uMRED=0.0702996896 uER=0.338379 uMAE=27.3320 WCE=464 bias=6.8750
[quad_warmup_bit:05999] loss=0.144105 tau=1.50 collapse_w=0.000 mid_frac=0.095 hard=score=19.1692127548 wNMSE=0.065506479 wMSE=6276.3884 wMRED=1.38071740 wER=0.313586 wMAE=31.3278 wBias=21.0951 condBias=43.5804 dotDrift=+17.041sigma uMRED=0.0702996896 uER=0.338379 uMAE=27.3320 WCE=464 bias=6.8750
[quad_soft:00000] loss=0.738987 tau=1.50 collapse_w=0.000 mid_frac=0.095 hard=score=19.1692127548 wNMSE=0.065506479 wMSE=6276.3884 wMRED=1.38071740 wER=0.313586 wMAE=31.3278 wBias=21.0951 condBias=43.5804 dotDrift=+17.041sigma uMRED=0.0702996896 uER=0.338379 uMAE=27.3320 WCE=464 bias=6.8750
[quad_soft:00200] loss=0.379449 tau=1.59 collapse_w=0.000 mid_frac=0.071 hard=score=1.0842411890 wNMSE=0.12404835 wMSE=11885.4750 wMRED=1.36954973 wER=0.332009 wMAE=39.6910 wBias=4.4469 condBias=56.8933 dotDrift=+2.611sigma uMRED=0.0977575576 uER=0.358154 uMAE=44.7617 WCE=736 bias=-19.6250
[quad_soft:00300] loss=0.335547 tau=1.64 collapse_w=0.000 mid_frac=0.065 hard=score=0.6096433645 wNMSE=0.13777314 wMSE=13200.4922 wMRED=1.52177165 wER=0.331491 wMAE=43.4467 wBias=-2.7756 condBias=64.6731 dotDrift=-1.546sigma uMRED=0.1088549382 uER=0.361816 uMAE=49.3613 WCE=864 bias=-27.1250 *BEST*
[quad_soft:00325] loss=0.330235 tau=1.65 collapse_w=0.000 mid_frac=0.077 hard=score=0.2767627378 wNMSE=0.13402105 wMSE=12840.9923 wMRED=1.32141651 wER=0.321967 wMAE=40.4926 wBias=-0.2124 condBias=63.8821 dotDrift=-0.120sigma uMRED=0.1022968994 uER=0.353027 uMAE=47.6113 WCE=864 bias=-25.1250 *BEST*
[quad_soft:00400] loss=0.318930 tau=1.68 collapse_w=0.000 mid_frac=0.077 hard=score=0.2919608078 wNMSE=0.13403575 wMSE=12842.4003 wMRED=1.31489189 wER=0.316020 wMAE=40.2954 wBias=-0.6343 condBias=63.8072 dotDrift=-0.358sigma uMRED=0.1020435598 uER=0.345703 uMAE=47.4297 WCE=864 bias=-25.6250
[quad_soft:00600] loss=0.305317 tau=1.77 collapse_w=0.000 mid_frac=0.071 hard=score=0.2919608078 wNMSE=0.13403575 wMSE=12842.4003 wMRED=1.31489189 wER=0.316020 wMAE=40.2954 wBias=-0.6343 condBias=63.8072 dotDrift=-0.358sigma uMRED=0.1020435598 uER=0.345703 uMAE=47.4297 WCE=864 bias=-25.6250
[quad_soft:00725] loss=0.300246 tau=1.83 collapse_w=0.000 mid_frac=0.083 hard=score=0.2734206300 wNMSE=0.13389322 wMSE=12828.7439 wMRED=1.35459492 wER=0.311663 wMAE=40.3529 wBias=-0.0208 condBias=63.7800 dotDrift=-0.012sigma uMRED=0.1023681734 uER=0.344238 uMAE=47.2559 WCE=848 bias=-25.1250 *BEST*
[quad_soft:00800] loss=0.297718 tau=1.86 collapse_w=0.000 mid_frac=0.077 hard=score=0.2734206300 wNMSE=0.13389322 wMSE=12828.7439 wMRED=1.35459492 wER=0.311663 wMAE=40.3529 wBias=-0.0208 condBias=63.7800 dotDrift=-0.012sigma uMRED=0.1023681734 uER=0.344238 uMAE=47.2559 WCE=848 bias=-25.1250
[quad_soft:01000] loss=0.292062 tau=1.95 collapse_w=0.000 mid_frac=0.083 hard=score=0.2734206300 wNMSE=0.13389322 wMSE=12828.7439 wMRED=1.35459492 wER=0.311663 wMAE=40.3529 wBias=-0.0208 condBias=63.7800 dotDrift=-0.012sigma uMRED=0.1023681734 uER=0.344238 uMAE=47.2559 WCE=848 bias=-25.1250
[quad_soft:01200] loss=0.282160 tau=2.04 collapse_w=0.000 mid_frac=0.077 hard=score=0.5148730465 wNMSE=0.13361783 wMSE=12802.3583 wMRED=1.48686829 wER=0.354611 wMAE=41.1435 wBias=2.3899 condBias=63.5964 dotDrift=+1.352sigma uMRED=0.1038271643 uER=0.382324 uMAE=46.7852 WCE=808 bias=-22.7500
[quad_soft:01300] loss=0.279892 tau=2.09 collapse_w=0.000 mid_frac=0.065 hard=score=0.2707088658 wNMSE=0.1337361 wMSE=12813.6896 wMRED=1.50622242 wER=0.354611 wMAE=41.3205 wBias=0.0860 condBias=63.6842 dotDrift=+0.049sigma uMRED=0.1046115133 uER=0.382324 uMAE=46.9414 WCE=808 bias=-24.7500 *BEST*
[quad_soft:01400] loss=0.278285 tau=2.13 collapse_w=0.000 mid_frac=0.071 hard=score=0.2707088658 wNMSE=0.1337361 wMSE=12813.6896 wMRED=1.50622242 wER=0.354611 wMAE=41.3205 wBias=0.0860 condBias=63.6842 dotDrift=+0.049sigma uMRED=0.1046115133 uER=0.382324 uMAE=46.9414 WCE=808 bias=-24.7500
[quad_soft:01600] loss=0.275490 tau=2.22 collapse_w=0.000 mid_frac=0.071 hard=score=0.2707088658 wNMSE=0.1337361 wMSE=12813.6896 wMRED=1.50622242 wER=0.354611 wMAE=41.3205 wBias=0.0860 condBias=63.6842 dotDrift=+0.049sigma uMRED=0.1046115133 uER=0.382324 uMAE=46.9414 WCE=808 bias=-24.7500
[quad_soft:01800] loss=0.271054 tau=2.31 collapse_w=0.000 mid_frac=0.065 hard=score=0.2910538226 wNMSE=0.13244854 wMSE=12690.3248 wMRED=1.49808010 wER=0.341022 wMAE=40.8974 wBias=0.7258 condBias=63.4370 dotDrift=+0.412sigma uMRED=0.0978778990 uER=0.370605 uMAE=41.6055 WCE=808 bias=-16.6250
[quad_soft:02000] loss=0.268167 tau=2.40 collapse_w=0.000 mid_frac=0.077 hard=score=0.2724678978 wNMSE=0.13369774 wMSE=12810.0147 wMRED=1.49961939 wER=0.341022 wMAE=41.1807 wBias=0.2259 condBias=63.6619 dotDrift=+0.128sigma uMRED=0.1043280597 uER=0.370605 uMAE=46.8164 WCE=808 bias=-24.6250
[quad_soft:02200] loss=0.265346 tau=2.49 collapse_w=0.000 mid_frac=0.077 hard=score=0.2824404730 wNMSE=0.13361241 wMSE=12801.8385 wMRED=1.49728520 wER=0.341022 wMAE=41.0779 wBias=-0.5384 condBias=63.5409 dotDrift=-0.305sigma uMRED=0.1040672850 uER=0.370605 uMAE=46.4414 WCE=808 bias=-25.6250
[quad_soft:02400] loss=0.262407 tau=2.58 collapse_w=0.000 mid_frac=0.065 hard=score=0.4406949605 wNMSE=0.13221491 wMSE=12667.9396 wMRED=1.48902874 wER=0.322141 wMAE=40.3559 wBias=2.0061 condBias=63.2266 dotDrift=+1.141sigma uMRED=0.0955061572 uER=0.354980 uMAE=40.1055 WCE=808 bias=-15.6250
[quad_soft:02600] loss=0.259254 tau=2.67 collapse_w=0.000 mid_frac=0.065 hard=score=0.4406949605 wNMSE=0.13221491 wMSE=12667.9396 wMRED=1.48902874 wER=0.322141 wMAE=40.3559 wBias=2.0061 condBias=63.2266 dotDrift=+1.141sigma uMRED=0.0955061572 uER=0.354980 uMAE=40.1055 WCE=808 bias=-15.6250
[quad_soft:02800] loss=0.256345 tau=2.76 collapse_w=0.000 mid_frac=0.065 hard=score=0.4406949605 wNMSE=0.13221491 wMSE=12667.9396 wMRED=1.48902874 wER=0.322141 wMAE=40.3559 wBias=2.0061 condBias=63.2266 dotDrift=+1.141sigma uMRED=0.0955061572 uER=0.354980 uMAE=40.1055 WCE=808 bias=-15.6250
[quad_soft:03000] loss=0.253373 tau=2.85 collapse_w=0.000 mid_frac=0.071 hard=score=0.3672589426 wNMSE=0.13341268 wMSE=12782.7019 wMRED=1.49063593 wER=0.322141 wMAE=40.6327 wBias=1.5062 condBias=63.4564 dotDrift=+0.853sigma uMRED=0.1020009002 uER=0.354980 uMAE=45.1914 WCE=808 bias=-23.6250
[quad_soft:03200] loss=0.250347 tau=2.94 collapse_w=0.000 mid_frac=0.071 hard=score=0.3672589426 wNMSE=0.13341268 wMSE=12782.7019 wMRED=1.49063593 wER=0.322141 wMAE=40.6327 wBias=1.5062 condBias=63.4564 dotDrift=+0.853sigma uMRED=0.1020009002 uER=0.354980 uMAE=45.1914 WCE=808 bias=-23.6250
[quad_soft:03400] loss=0.247276 tau=3.03 collapse_w=0.000 mid_frac=0.065 hard=score=0.3672589426 wNMSE=0.13341268 wMSE=12782.7019 wMRED=1.49063593 wER=0.322141 wMAE=40.6327 wBias=1.5062 condBias=63.4564 dotDrift=+0.853sigma uMRED=0.1020009002 uER=0.354980 uMAE=45.1914 WCE=808 bias=-23.6250
[quad_soft:03600] loss=0.244158 tau=3.12 collapse_w=0.000 mid_frac=0.065 hard=score=0.2667122568 wNMSE=0.13130378 wMSE=12580.6415 wMRED=1.57477529 wER=0.356584 wMAE=40.9128 wBias=0.0562 condBias=63.0590 dotDrift=+0.032sigma uMRED=0.0984812269 uER=0.386230 uMAE=40.9805 WCE=808 bias=-17.5000 *BEST*
[quad_soft:03800] loss=0.240962 tau=3.21 collapse_w=0.000 mid_frac=0.065 hard=score=0.2667122568 wNMSE=0.13130378 wMSE=12580.6415 wMRED=1.57477529 wER=0.356584 wMAE=40.9128 wBias=0.0562 condBias=63.0590 dotDrift=+0.032sigma uMRED=0.0984812269 uER=0.386230 uMAE=40.9805 WCE=808 bias=-17.5000
[quad_soft:04000] loss=0.237641 tau=3.30 collapse_w=0.000 mid_frac=0.060 hard=score=0.6745565959 wNMSE=0.11967281 wMSE=11466.2405 wMRED=1.53063823 wER=0.354042 wMAE=38.3833 wBias=3.2308 condBias=55.7008 dotDrift=+1.931sigma uMRED=0.0919375390 uER=0.381836 uMAE=37.6016 WCE=688 bias=-13.5000
[quad_soft:04200] loss=0.232373 tau=3.39 collapse_w=0.000 mid_frac=0.060 hard=score=0.6745565959 wNMSE=0.11967281 wMSE=11466.2405 wMRED=1.53063823 wER=0.354042 wMAE=38.3833 wBias=3.2308 condBias=55.7008 dotDrift=+1.931sigma uMRED=0.0919375390 uER=0.381836 uMAE=37.6016 WCE=688 bias=-13.5000
[quad_soft:04400] loss=0.227098 tau=3.48 collapse_w=0.000 mid_frac=0.060 hard=score=0.6745565959 wNMSE=0.11967281 wMSE=11466.2405 wMRED=1.53063823 wER=0.354042 wMAE=38.3833 wBias=3.2308 condBias=55.7008 dotDrift=+1.931sigma uMRED=0.0919375390 uER=0.381836 uMAE=37.6016 WCE=688 bias=-13.5000
[quad_soft:04600] loss=0.221819 tau=3.57 collapse_w=0.000 mid_frac=0.060 hard=score=0.6745565959 wNMSE=0.11967281 wMSE=11466.2405 wMRED=1.53063823 wER=0.354042 wMAE=38.3833 wBias=3.2308 condBias=55.7008 dotDrift=+1.931sigma uMRED=0.0919375390 uER=0.381836 uMAE=37.6016 WCE=688 bias=-13.5000
[quad_soft:04800] loss=0.216510 tau=3.66 collapse_w=0.000 mid_frac=0.060 hard=score=0.6745565959 wNMSE=0.11967281 wMSE=11466.2405 wMRED=1.53063823 wER=0.354042 wMAE=38.3833 wBias=3.2308 condBias=55.7008 dotDrift=+1.931sigma uMRED=0.0919375390 uER=0.381836 uMAE=37.6016 WCE=688 bias=-13.5000
[quad_soft:05000] loss=0.211188 tau=3.75 collapse_w=0.000 mid_frac=0.060 hard=score=0.6745565959 wNMSE=0.11967281 wMSE=11466.2405 wMRED=1.53063823 wER=0.354042 wMAE=38.3833 wBias=3.2308 condBias=55.7008 dotDrift=+1.931sigma uMRED=0.0919375390 uER=0.381836 uMAE=37.6016 WCE=688 bias=-13.5000
[quad_soft:05200] loss=0.205871 tau=3.84 collapse_w=0.000 mid_frac=0.065 hard=score=0.6745565959 wNMSE=0.11967281 wMSE=11466.2405 wMRED=1.53063823 wER=0.354042 wMAE=38.3833 wBias=3.2308 condBias=55.7008 dotDrift=+1.931sigma uMRED=0.0919375390 uER=0.381836 uMAE=37.6016 WCE=688 bias=-13.5000
[quad_soft:05400] loss=0.200529 tau=3.93 collapse_w=0.000 mid_frac=0.065 hard=score=0.7303278105 wNMSE=0.11952612 wMSE=11452.1860 wMRED=1.52721281 wER=0.354042 wMAE=38.1859 wBias=3.4282 condBias=55.6015 dotDrift=+2.050sigma uMRED=0.0915486682 uER=0.381836 uMAE=37.3516 WCE=688 bias=-13.2500
[quad_soft:05600] loss=0.195213 tau=4.02 collapse_w=0.000 mid_frac=0.071 hard=score=0.7303278105 wNMSE=0.11952612 wMSE=11452.1860 wMRED=1.52721281 wER=0.354042 wMAE=38.1859 wBias=3.4282 condBias=55.6015 dotDrift=+2.050sigma uMRED=0.0915486682 uER=0.381836 uMAE=37.3516 WCE=688 bias=-13.2500
[quad_soft:05800] loss=0.189826 tau=4.11 collapse_w=0.000 mid_frac=0.071 hard=score=0.7303278105 wNMSE=0.11952612 wMSE=11452.1860 wMRED=1.52721281 wER=0.354042 wMAE=38.1859 wBias=3.4282 condBias=55.6015 dotDrift=+2.050sigma uMRED=0.0915486682 uER=0.381836 uMAE=37.3516 WCE=688 bias=-13.2500
[quad_soft:06000] loss=0.184450 tau=4.20 collapse_w=0.000 mid_frac=0.071 hard=score=0.7303278105 wNMSE=0.11952612 wMSE=11452.1860 wMRED=1.52721281 wER=0.354042 wMAE=38.1859 wBias=3.4282 condBias=55.6015 dotDrift=+2.050sigma uMRED=0.0915486682 uER=0.381836 uMAE=37.3516 WCE=688 bias=-13.2500
[quad_soft:06200] loss=0.180146 tau=4.29 collapse_w=0.025 mid_frac=0.071 hard=score=0.7303278105 wNMSE=0.11952612 wMSE=11452.1860 wMRED=1.52721281 wER=0.354042 wMAE=38.1859 wBias=3.4282 condBias=55.6015 dotDrift=+2.050sigma uMRED=0.0915486682 uER=0.381836 uMAE=37.3516 WCE=688 bias=-13.2500
[quad_soft:06400] loss=0.175719 tau=4.38 collapse_w=0.050 mid_frac=0.060 hard=score=0.7303278105 wNMSE=0.11952612 wMSE=11452.1860 wMRED=1.52721281 wER=0.354042 wMAE=38.1859 wBias=3.4282 condBias=55.6015 dotDrift=+2.050sigma uMRED=0.0915486682 uER=0.381836 uMAE=37.3516 WCE=688 bias=-13.2500
[quad_soft:06600] loss=0.171237 tau=4.47 collapse_w=0.075 mid_frac=0.060 hard=score=0.7303278105 wNMSE=0.11952612 wMSE=11452.1860 wMRED=1.52721281 wER=0.354042 wMAE=38.1859 wBias=3.4282 condBias=55.6015 dotDrift=+2.050sigma uMRED=0.0915486682 uER=0.381836 uMAE=37.3516 WCE=688 bias=-13.2500
[quad_soft:06800] loss=0.166600 tau=4.56 collapse_w=0.100 mid_frac=0.054 hard=score=0.7303278105 wNMSE=0.11952612 wMSE=11452.1860 wMRED=1.52721281 wER=0.354042 wMAE=38.1859 wBias=3.4282 condBias=55.6015 dotDrift=+2.050sigma uMRED=0.0915486682 uER=0.381836 uMAE=37.3516 WCE=688 bias=-13.2500
[quad_soft:07000] loss=0.161926 tau=4.65 collapse_w=0.125 mid_frac=0.048 hard=score=11.7939410190 wNMSE=0.057973303 wMSE=5554.6104 wMRED=1.36701575 wER=0.354042 wMAE=28.3820 wBias=16.5211 condBias=40.3944 dotDrift=+14.187sigma uMRED=0.0651215915 uER=0.381836 uMAE=24.0156 WCE=432 bias=2.7500
[quad_soft:07200] loss=0.157186 tau=4.74 collapse_w=0.150 mid_frac=0.048 hard=score=11.7939410190 wNMSE=0.057973303 wMSE=5554.6104 wMRED=1.36701575 wER=0.354042 wMAE=28.3820 wBias=16.5211 condBias=40.3944 dotDrift=+14.187sigma uMRED=0.0651215915 uER=0.381836 uMAE=24.0156 WCE=432 bias=2.7500
[quad_soft:07400] loss=0.152366 tau=4.83 collapse_w=0.175 mid_frac=0.054 hard=score=11.7939410190 wNMSE=0.057973303 wMSE=5554.6104 wMRED=1.36701575 wER=0.354042 wMAE=28.3820 wBias=16.5211 condBias=40.3944 dotDrift=+14.187sigma uMRED=0.0651215915 uER=0.381836 uMAE=24.0156 WCE=432 bias=2.7500
[quad_soft:07600] loss=0.147471 tau=4.92 collapse_w=0.200 mid_frac=0.054 hard=score=11.7939410190 wNMSE=0.057973303 wMSE=5554.6104 wMRED=1.36701575 wER=0.354042 wMAE=28.3820 wBias=16.5211 condBias=40.3944 dotDrift=+14.187sigma uMRED=0.0651215915 uER=0.381836 uMAE=24.0156 WCE=432 bias=2.7500
[quad_soft:07800] loss=0.142542 tau=5.01 collapse_w=0.225 mid_frac=0.054 hard=score=11.7939410190 wNMSE=0.057973303 wMSE=5554.6104 wMRED=1.36701575 wER=0.354042 wMAE=28.3820 wBias=16.5211 condBias=40.3944 dotDrift=+14.187sigma uMRED=0.0651215915 uER=0.381836 uMAE=24.0156 WCE=432 bias=2.7500
[quad_soft:08000] loss=0.137538 tau=5.10 collapse_w=0.250 mid_frac=0.048 hard=score=11.7939410190 wNMSE=0.057973303 wMSE=5554.6104 wMRED=1.36701575 wER=0.354042 wMAE=28.3820 wBias=16.5211 condBias=40.3944 dotDrift=+14.187sigma uMRED=0.0651215915 uER=0.381836 uMAE=24.0156 WCE=432 bias=2.7500
[quad_soft:08200] loss=0.132425 tau=5.19 collapse_w=0.275 mid_frac=0.042 hard=score=11.7939410190 wNMSE=0.057973303 wMSE=5554.6104 wMRED=1.36701575 wER=0.354042 wMAE=28.3820 wBias=16.5211 condBias=40.3944 dotDrift=+14.187sigma uMRED=0.0651215915 uER=0.381836 uMAE=24.0156 WCE=432 bias=2.7500
[quad_soft:08400] loss=0.127287 tau=5.28 collapse_w=0.300 mid_frac=0.042 hard=score=11.7939410190 wNMSE=0.057973303 wMSE=5554.6104 wMRED=1.36701575 wER=0.354042 wMAE=28.3820 wBias=16.5211 condBias=40.3944 dotDrift=+14.187sigma uMRED=0.0651215915 uER=0.381836 uMAE=24.0156 WCE=432 bias=2.7500
[quad_soft:08600] loss=0.122067 tau=5.37 collapse_w=0.325 mid_frac=0.042 hard=score=11.7939410190 wNMSE=0.057973303 wMSE=5554.6104 wMRED=1.36701575 wER=0.354042 wMAE=28.3820 wBias=16.5211 condBias=40.3944 dotDrift=+14.187sigma uMRED=0.0651215915 uER=0.381836 uMAE=24.0156 WCE=432 bias=2.7500
[quad_soft:08800] loss=0.116768 tau=5.46 collapse_w=0.350 mid_frac=0.042 hard=score=11.7939410190 wNMSE=0.057973303 wMSE=5554.6104 wMRED=1.36701575 wER=0.354042 wMAE=28.3820 wBias=16.5211 condBias=40.3944 dotDrift=+14.187sigma uMRED=0.0651215915 uER=0.381836 uMAE=24.0156 WCE=432 bias=2.7500
[quad_soft:09000] loss=0.111403 tau=5.55 collapse_w=0.375 mid_frac=0.036 hard=score=14.8742375824 wNMSE=0.061305188 wMSE=5873.8491 wMRED=1.28565960 wER=0.319598 wMAE=28.0289 wBias=18.5697 condBias=41.4642 dotDrift=+15.507sigma uMRED=0.0625521003 uER=0.350586 uMAE=23.2656 WCE=432 bias=4.7500
[quad_soft:09200] loss=0.105923 tau=5.64 collapse_w=0.400 mid_frac=0.036 hard=score=14.8742375824 wNMSE=0.061305188 wMSE=5873.8491 wMRED=1.28565960 wER=0.319598 wMAE=28.0289 wBias=18.5697 condBias=41.4642 dotDrift=+15.507sigma uMRED=0.0625521003 uER=0.350586 uMAE=23.2656 WCE=432 bias=4.7500
[quad_soft:09400] loss=0.100292 tau=5.73 collapse_w=0.425 mid_frac=0.030 hard=score=14.8742375824 wNMSE=0.061305188 wMSE=5873.8491 wMRED=1.28565960 wER=0.319598 wMAE=28.0289 wBias=18.5697 condBias=41.4642 dotDrift=+15.507sigma uMRED=0.0625521003 uER=0.350586 uMAE=23.2656 WCE=432 bias=4.7500
[quad_soft:09600] loss=0.094525 tau=5.82 collapse_w=0.450 mid_frac=0.030 hard=score=14.8742375824 wNMSE=0.061305188 wMSE=5873.8491 wMRED=1.28565960 wER=0.319598 wMAE=28.0289 wBias=18.5697 condBias=41.4642 dotDrift=+15.507sigma uMRED=0.0625521003 uER=0.350586 uMAE=23.2656 WCE=432 bias=4.7500
[quad_soft:09800] loss=0.088555 tau=5.91 collapse_w=0.475 mid_frac=0.030 hard=score=14.8742375824 wNMSE=0.061305188 wMSE=5873.8491 wMRED=1.28565960 wER=0.319598 wMAE=28.0289 wBias=18.5697 condBias=41.4642 dotDrift=+15.507sigma uMRED=0.0625521003 uER=0.350586 uMAE=23.2656 WCE=432 bias=4.7500
[quad_soft:09999] loss=0.082277 tau=6.00 collapse_w=0.500 mid_frac=0.030 hard=score=14.8742375824 wNMSE=0.061305188 wMSE=5873.8491 wMRED=1.28565960 wER=0.319598 wMAE=28.0289 wBias=18.5697 condBias=41.4642 dotDrift=+15.507sigma uMRED=0.0625521003 uER=0.350586 uMAE=23.2656 WCE=432 bias=4.7500
[quad_hard_ste:00000] loss=14.928189 tau=6.00 collapse_w=0.500 mid_frac=0.030 hard=score=14.8742375824 wNMSE=0.061305188 wMSE=5873.8491 wMRED=1.28565960 wER=0.319598 wMAE=28.0289 wBias=18.5697 condBias=41.4642 dotDrift=+15.507sigma uMRED=0.0625521003 uER=0.350586 uMAE=23.2656 WCE=432 bias=4.7500
[quad_hard_ste:00200] loss=0.788152 tau=6.00 collapse_w=0.500 mid_frac=0.054 hard=score=0.7303278105 wNMSE=0.11952612 wMSE=11452.1860 wMRED=1.52721281 wER=0.354042 wMAE=38.1859 wBias=3.4282 condBias=55.6015 dotDrift=+2.050sigma uMRED=0.0915486682 uER=0.381836 uMAE=37.3516 WCE=688 bias=-13.2500
[quad_hard_ste:00400] loss=242.460617 tau=6.00 collapse_w=0.500 mid_frac=0.030 hard=score=242.1927747029 wNMSE=0.64062069 wMSE=61379.9480 wMRED=6.17146523 wER=0.319598 wMAE=82.2340 wBias=-75.0810 condBias=149.5952 dotDrift=-19.395sigma uMRED=0.1820874326 uER=0.350586 uMAE=39.4219 WCE=928 bias=-27.2500
[quad_hard_ste:00600] loss=242.459244 tau=6.00 collapse_w=0.500 mid_frac=0.030 hard=score=242.1927747029 wNMSE=0.64062069 wMSE=61379.9480 wMRED=6.17146523 wER=0.319598 wMAE=82.2340 wBias=-75.0810 condBias=149.5952 dotDrift=-19.395sigma uMRED=0.1820874326 uER=0.350586 uMAE=39.4219 WCE=928 bias=-27.2500
[quad_hard_ste:00800] loss=202.277451 tau=6.00 collapse_w=0.500 mid_frac=0.024 hard=score=202.0073378029 wNMSE=0.66349543 wMSE=63571.6515 wMRED=6.26762464 wER=0.319598 wMAE=87.2039 wBias=-68.5346 condBias=136.6939 dotDrift=-17.396sigma uMRED=0.1927636939 uER=0.350586 uMAE=44.1016 WCE=928 bias=-19.2500
[quad_hard_ste:01000] loss=202.276581 tau=6.00 collapse_w=0.500 mid_frac=0.018 hard=score=202.0073378029 wNMSE=0.66349543 wMSE=63571.6515 wMRED=6.26762464 wER=0.319598 wMAE=87.2039 wBias=-68.5346 condBias=136.6939 dotDrift=-17.396sigma uMRED=0.1927636939 uER=0.350586 uMAE=44.1016 WCE=928 bias=-19.2500
[quad_hard_ste:01200] loss=202.275909 tau=6.00 collapse_w=0.500 mid_frac=0.018 hard=score=202.0073378029 wNMSE=0.66349543 wMSE=63571.6515 wMRED=6.26762464 wER=0.319598 wMAE=87.2039 wBias=-68.5346 condBias=136.6939 dotDrift=-17.396sigma uMRED=0.1927636939 uER=0.350586 uMAE=44.1016 WCE=928 bias=-19.2500
[quad_hard_ste:01400] loss=202.275528 tau=6.00 collapse_w=0.500 mid_frac=0.012 hard=score=202.0073378029 wNMSE=0.66349543 wMSE=63571.6515 wMRED=6.26762464 wER=0.319598 wMAE=87.2039 wBias=-68.5346 condBias=136.6939 dotDrift=-17.396sigma uMRED=0.1927636939 uER=0.350586 uMAE=44.1016 WCE=928 bias=-19.2500
[quad_hard_ste:01600] loss=202.275223 tau=6.00 collapse_w=0.500 mid_frac=0.012 hard=score=202.0073378029 wNMSE=0.66349543 wMSE=63571.6515 wMRED=6.26762464 wER=0.319598 wMAE=87.2039 wBias=-68.5346 condBias=136.6939 dotDrift=-17.396sigma uMRED=0.1927636939 uER=0.350586 uMAE=44.1016 WCE=928 bias=-19.2500
[quad_hard_ste:01800] loss=202.274933 tau=6.00 collapse_w=0.500 mid_frac=0.012 hard=score=202.0073378029 wNMSE=0.66349543 wMSE=63571.6515 wMRED=6.26762464 wER=0.319598 wMAE=87.2039 wBias=-68.5346 condBias=136.6939 dotDrift=-17.396sigma uMRED=0.1927636939 uER=0.350586 uMAE=44.1016 WCE=928 bias=-19.2500
[quad_hard_ste:02000] loss=202.274796 tau=6.00 collapse_w=0.500 mid_frac=0.012 hard=score=202.0073378029 wNMSE=0.66349543 wMSE=63571.6515 wMRED=6.26762464 wER=0.319598 wMAE=87.2039 wBias=-68.5346 condBias=136.6939 dotDrift=-17.396sigma uMRED=0.1927636939 uER=0.350586 uMAE=44.1016 WCE=928 bias=-19.2500
[quad_hard_ste:02200] loss=202.274719 tau=6.00 collapse_w=0.500 mid_frac=0.012 hard=score=202.0073378029 wNMSE=0.66349543 wMSE=63571.6515 wMRED=6.26762464 wER=0.319598 wMAE=87.2039 wBias=-68.5346 condBias=136.6939 dotDrift=-17.396sigma uMRED=0.1927636939 uER=0.350586 uMAE=44.1016 WCE=928 bias=-19.2500
[quad_hard_ste:02400] loss=202.274628 tau=6.00 collapse_w=0.500 mid_frac=0.012 hard=score=202.0073378029 wNMSE=0.66349543 wMSE=63571.6515 wMRED=6.26762464 wER=0.319598 wMAE=87.2039 wBias=-68.5346 condBias=136.6939 dotDrift=-17.396sigma uMRED=0.1927636939 uER=0.350586 uMAE=44.1016 WCE=928 bias=-19.2500
[quad_hard_ste:02600] loss=202.274582 tau=6.00 collapse_w=0.500 mid_frac=0.012 hard=score=202.0073378029 wNMSE=0.66349543 wMSE=63571.6515 wMRED=6.26762464 wER=0.319598 wMAE=87.2039 wBias=-68.5346 condBias=136.6939 dotDrift=-17.396sigma uMRED=0.1927636939 uER=0.350586 uMAE=44.1016 WCE=928 bias=-19.2500
[quad_hard_ste:02800] loss=202.274521 tau=6.00 collapse_w=0.500 mid_frac=0.012 hard=score=202.0073378029 wNMSE=0.66349543 wMSE=63571.6515 wMRED=6.26762464 wER=0.319598 wMAE=87.2039 wBias=-68.5346 condBias=136.6939 dotDrift=-17.396sigma uMRED=0.1927636939 uER=0.350586 uMAE=44.1016 WCE=928 bias=-19.2500
[quad_hard_ste:03000] loss=202.274460 tau=6.00 collapse_w=0.500 mid_frac=0.012 hard=score=202.0073378029 wNMSE=0.66349543 wMSE=63571.6515 wMRED=6.26762464 wER=0.319598 wMAE=87.2039 wBias=-68.5346 condBias=136.6939 dotDrift=-17.396sigma uMRED=0.1927636939 uER=0.350586 uMAE=44.1016 WCE=928 bias=-19.2500
[quad_hard_ste:03200] loss=202.274414 tau=6.00 collapse_w=0.500 mid_frac=0.012 hard=score=202.0073378029 wNMSE=0.66349543 wMSE=63571.6515 wMRED=6.26762464 wER=0.319598 wMAE=87.2039 wBias=-68.5346 condBias=136.6939 dotDrift=-17.396sigma uMRED=0.1927636939 uER=0.350586 uMAE=44.1016 WCE=928 bias=-19.2500
[quad_hard_ste:03400] loss=202.274368 tau=6.00 collapse_w=0.500 mid_frac=0.012 hard=score=202.0073378029 wNMSE=0.66349543 wMSE=63571.6515 wMRED=6.26762464 wER=0.319598 wMAE=87.2039 wBias=-68.5346 condBias=136.6939 dotDrift=-17.396sigma uMRED=0.1927636939 uER=0.350586 uMAE=44.1016 WCE=928 bias=-19.2500
[quad_hard_ste:03600] loss=202.274323 tau=6.00 collapse_w=0.500 mid_frac=0.012 hard=score=202.0073378029 wNMSE=0.66349543 wMSE=63571.6515 wMRED=6.26762464 wER=0.319598 wMAE=87.2039 wBias=-68.5346 condBias=136.6939 dotDrift=-17.396sigma uMRED=0.1927636939 uER=0.350586 uMAE=44.1016 WCE=928 bias=-19.2500
[quad_hard_ste:03800] loss=202.274292 tau=6.00 collapse_w=0.500 mid_frac=0.012 hard=score=202.0073378029 wNMSE=0.66349543 wMSE=63571.6515 wMRED=6.26762464 wER=0.319598 wMAE=87.2039 wBias=-68.5346 condBias=136.6939 dotDrift=-17.396sigma uMRED=0.1927636939 uER=0.350586 uMAE=44.1016 WCE=928 bias=-19.2500
[quad_hard_ste:03999] loss=202.274246 tau=6.00 collapse_w=0.500 mid_frac=0.012 hard=score=202.0073378029 wNMSE=0.66349543 wMSE=63571.6515 wMRED=6.26762464 wER=0.319598 wMAE=87.2039 wBias=-68.5346 condBias=136.6939 dotDrift=-17.396sigma uMRED=0.1927636939 uER=0.350586 uMAE=44.1016 WCE=928 bias=-19.2500
[pop00_soft:00000] loss=10.013960 tau=1.50 collapse_w=0.000 mid_frac=0.345 hard=score=59.8873897729 wNMSE=8.2413534 wMSE=789630.8285 wMRED=22.55529017 wER=0.571337 wMAE=353.8808 wBias=-32.6520 condBias=428.5549 dotDrift=-2.352sigma uMRED=1.0383042078 uER=0.575928 uMAE=374.5498 WCE=3604 bias=23.0625
[pop00_soft:00200] loss=3.771034 tau=2.25 collapse_w=0.000 mid_frac=0.321 hard=score=15.4448287113 wNMSE=1.1179928 wMSE=107118.5187 wMRED=4.12120498 wER=0.507886 wMAE=129.1271 wBias=-17.9184 condBias=106.6277 dotDrift=-3.504sigma uMRED=0.4286639845 uER=0.557617 uMAE=228.3267 WCE=3104 bias=-29.3125
[pop00_soft:00400] loss=1.141576 tau=3.00 collapse_w=0.000 mid_frac=0.226 hard=score=42.7443041219 wNMSE=0.32633433 wMSE=31267.1515 wMRED=2.70433585 wER=0.499992 wMAE=89.9057 wBias=-31.3559 condBias=106.0453 dotDrift=-11.349sigma uMRED=0.2496145204 uER=0.541260 uMAE=144.6699 WCE=1232 bias=-44.1250
[pop00_soft:00600] loss=0.407815 tau=3.75 collapse_w=0.000 mid_frac=0.214 hard=score=49.5177234249 wNMSE=0.28498424 wMSE=27305.2655 wMRED=2.01105475 wER=0.449859 wMAE=69.6757 wBias=-33.8167 condBias=92.5470 dotDrift=-13.097sigma uMRED=0.2535489672 uER=0.500000 uMAE=146.2461 WCE=1688 bias=-131.7500
[pop00_soft:00800] loss=0.302554 tau=4.50 collapse_w=0.084 mid_frac=0.190 hard=score=26.9355713897 wNMSE=0.25946404 wMSE=24860.0922 wMRED=1.78642948 wER=0.404124 wMAE=63.3147 wBias=-24.8366 condBias=89.6672 dotDrift=-10.081sigma uMRED=0.2521531046 uER=0.486328 uMAE=149.0586 WCE=1568 bias=-133.8750
[pop00_soft:01000] loss=0.237099 tau=5.25 collapse_w=0.293 mid_frac=0.173 hard=score=9.9059479321 wNMSE=0.23738921 wMSE=22745.0312 wMRED=1.76031008 wER=0.404124 wMAE=62.2820 wBias=-14.8703 condBias=75.5331 dotDrift=-6.310sigma uMRED=0.2304141271 uER=0.486328 uMAE=143.9648 WCE=1168 bias=-69.8750
[pop00_soft:01199] loss=0.169158 tau=6.00 collapse_w=0.500 mid_frac=0.143 hard=score=9.9059479321 wNMSE=0.23738921 wMSE=22745.0312 wMRED=1.76031008 wER=0.404124 wMAE=62.2820 wBias=-14.8703 condBias=75.5331 dotDrift=-6.310sigma uMRED=0.2304141271 uER=0.486328 uMAE=143.9648 WCE=1168 bias=-69.8750
[pop00_hard:00000] loss=9.963849 tau=6.00 collapse_w=0.500 mid_frac=0.143 hard=score=9.9059479321 wNMSE=0.23738921 wMSE=22745.0312 wMRED=1.76031008 wER=0.404124 wMAE=62.2820 wBias=-14.8703 condBias=75.5331 dotDrift=-6.310sigma uMRED=0.2304141271 uER=0.486328 uMAE=143.9648 WCE=1168 bias=-69.8750
[pop00_hard:00200] loss=0.515989 tau=6.00 collapse_w=0.500 mid_frac=0.131 hard=score=0.4728871700 wNMSE=0.17728375 wMSE=16986.1321 wMRED=1.56071597 wER=0.400471 wMAE=51.8485 wBias=-1.7774 condBias=60.7523 dotDrift=-0.873sigma uMRED=0.2006408539 uER=0.479736 uMAE=130.1230 WCE=1168 bias=-53.8750
[pop00_hard:00400] loss=0.371882 tau=6.00 collapse_w=0.500 mid_frac=0.113 hard=score=0.3339388895 wNMSE=0.17619183 wMSE=16881.5113 wMRED=1.52717442 wER=0.386497 wMAE=51.1423 wBias=-0.0070 condBias=59.6346 dotDrift=-0.003sigma uMRED=0.1905676834 uER=0.471680 uMAE=128.0781 WCE=1168 bias=-37.1250
[pop00_hard:00599] loss=0.370689 tau=6.00 collapse_w=0.500 mid_frac=0.113 hard=score=0.3339388895 wNMSE=0.17619183 wMSE=16881.5113 wMRED=1.52717442 wER=0.386497 wMAE=51.1423 wBias=-0.0070 condBias=59.6346 dotDrift=-0.003sigma uMRED=0.1905676834 uER=0.471680 uMAE=128.0781 WCE=1168 bias=-37.1250
[pop00] done (conf=0.53, noise=0.5); global best score=0.2667122568 wNMSE=0.13130378 wMSE=12580.6415 wMRED=1.57477529 wER=0.356584 wMAE=40.9128 wBias=0.0562 condBias=63.0590 dotDrift=+0.032sigma uMRED=0.0984812269 uER=0.386230 uMAE=40.9805 WCE=808 bias=-17.5000
[pop01_soft:00000] loss=23.387264 tau=1.50 collapse_w=0.000 mid_frac=0.423 hard=score=648.3332380952 wNMSE=22.95733 wMSE=2199616.3437 wMRED=47.98169607 wER=0.580288 wMAE=770.6712 wBias=119.5303 condBias=801.7982 dotDrift=+5.158sigma uMRED=1.6241906316 uER=0.578125 uMAE=471.6387 WCE=3960 bias=65.6250
[pop01_soft:00200] loss=12.496986 tau=2.25 collapse_w=0.000 mid_frac=0.411 hard=score=67.7093270178 wNMSE=23.619122 wMSE=2263024.7711 wMRED=48.72900527 wER=0.563515 wMAE=789.1514 wBias=25.9312 condBias=818.4799 dotDrift=+1.103sigma uMRED=1.6886357170 uER=0.573730 uMAE=500.7358 WCE=3715 bias=-97.0000
[pop01_soft:00400] loss=7.722228 tau=3.00 collapse_w=0.000 mid_frac=0.345 hard=score=6.0091161088 wNMSE=1.1058193 wMSE=105952.1348 wMRED=10.20200359 wER=0.548482 wMAE=187.9743 wBias=9.5213 condBias=184.4041 dotDrift=+1.872sigma uMRED=0.4959697486 uER=0.569092 uMAE=232.0020 WCE=1556 bias=78.6250
[pop01_soft:00600] loss=2.605093 tau=3.75 collapse_w=0.000 mid_frac=0.339 hard=score=46.9873127631 wNMSE=0.95248281 wMSE=91260.4705 wMRED=9.90308241 wER=0.512864 wMAE=168.9064 wBias=-32.5371 condBias=169.8486 dotDrift=-6.893sigma uMRED=0.4941757634 uER=0.556885 uMAE=222.7637 WCE=1788 bias=108.7500
[pop01_soft:00800] loss=1.318841 tau=4.50 collapse_w=0.084 mid_frac=0.292 hard=score=223.0111293152 wNMSE=0.62124389 wMSE=59523.3945 wMRED=6.37905090 wER=0.518517 wMAE=119.8653 wBias=-72.0310 condBias=142.2130 dotDrift=-18.895sigma uMRED=0.4070160460 uER=0.556641 uMAE=203.4414 WCE=1732 bias=88.2500
[pop01_soft:01000] loss=0.822053 tau=5.25 collapse_w=0.293 mid_frac=0.268 hard=score=71.5299037097 wNMSE=0.31361844 wMSE=30048.8010 wMRED=3.06830381 wER=0.510696 wMAE=81.6601 wBias=-40.7271 condBias=85.2332 dotDrift=-15.037sigma uMRED=0.2738265774 uER=0.554443 uMAE=159.1328 WCE=1696 bias=47.0000
[pop01_soft:01199] loss=0.623841 tau=6.00 collapse_w=0.500 mid_frac=0.250 hard=score=71.5299037097 wNMSE=0.31361844 wMSE=30048.8010 wMRED=3.06830381 wER=0.510696 wMAE=81.6601 wBias=-40.7271 condBias=85.2332 dotDrift=-15.037sigma uMRED=0.2738265774 uER=0.554443 uMAE=159.1328 WCE=1696 bias=47.0000
[pop01_hard:00000] loss=71.630379 tau=6.00 collapse_w=0.500 mid_frac=0.250 hard=score=71.5299037097 wNMSE=0.31361844 wMSE=30048.8010 wMRED=3.06830381 wER=0.510696 wMAE=81.6601 wBias=-40.7271 condBias=85.2332 dotDrift=-15.037sigma uMRED=0.2738265774 uER=0.554443 uMAE=159.1328 WCE=1696 bias=47.0000
[pop01_hard:00200] loss=51.205975 tau=6.00 collapse_w=0.500 mid_frac=0.238 hard=score=51.1124172116 wNMSE=0.31406487 wMSE=30091.5753 wMRED=3.01348337 wER=0.509594 wMAE=83.6910 wBias=-34.3778 condBias=79.7216 dotDrift=-12.683sigma uMRED=0.2683093074 uER=0.553711 uMAE=161.6328 WCE=1696 bias=55.0000
[pop01_hard:00400] loss=51.206036 tau=6.00 collapse_w=0.500 mid_frac=0.238 hard=score=51.1124172116 wNMSE=0.31406487 wMSE=30091.5753 wMRED=3.01348337 wER=0.509594 wMAE=83.6910 wBias=-34.3778 condBias=79.7216 dotDrift=-12.683sigma uMRED=0.2683093074 uER=0.553711 uMAE=161.6328 WCE=1696 bias=55.0000
[pop01_hard:00599] loss=26.065252 tau=6.00 collapse_w=0.500 mid_frac=0.226 hard=score=25.8221883400 wNMSE=0.56355427 wMSE=53995.9640 wMRED=5.91261943 wER=0.511696 wMAE=130.1705 wBias=24.0516 condBias=109.9524 dotDrift=+6.624sigma uMRED=0.3433381335 uER=0.555908 uMAE=176.7754 WCE=1696 bias=77.0000
[pop01] done (conf=0.51, noise=1.0); global best score=0.2667122568 wNMSE=0.13130378 wMSE=12580.6415 wMRED=1.57477529 wER=0.356584 wMAE=40.9128 wBias=0.0562 condBias=63.0590 dotDrift=+0.032sigma uMRED=0.0984812269 uER=0.386230 uMAE=40.9805 WCE=808 bias=-17.5000
[pop02_soft:00000] loss=21.400724 tau=1.50 collapse_w=0.000 mid_frac=0.339 hard=score=205.8109338294 wNMSE=2.9276448 wMSE=280507.1524 wMRED=9.85127116 wER=0.541252 wMAE=227.2788 wBias=68.4460 condBias=301.3649 dotDrift=+8.271sigma uMRED=0.5806993642 uER=0.551025 uMAE=270.5635 WCE=3424 bias=159.1250
[pop02_soft:00200] loss=5.552088 tau=2.25 collapse_w=0.000 mid_frac=0.321 hard=score=388.6952799900 wNMSE=1.5894738 wMSE=152292.6464 wMRED=7.71193199 wER=0.532355 wMAE=185.4260 wBias=-95.0190 condBias=218.0692 dotDrift=-15.583sigma uMRED=0.5070642814 uER=0.556885 uMAE=245.0117 WCE=2164 bias=-123.3125
[pop02_soft:00400] loss=1.367162 tau=3.00 collapse_w=0.000 mid_frac=0.256 hard=score=264.5276675420 wNMSE=0.41852115 wMSE=40099.8705 wMRED=5.18656595 wER=0.482080 wMAE=103.8384 wBias=-78.5506 condBias=133.2880 dotDrift=-25.105sigma uMRED=0.2292988933 uER=0.513916 uMAE=96.9453 WCE=736 bias=-15.5000
[pop02_soft:00600] loss=0.180684 tau=3.75 collapse_w=0.000 mid_frac=0.196 hard=score=0.3986897993 wNMSE=0.1812021 wMSE=17361.5614 wMRED=1.72876909 wER=0.458202 wMAE=54.1197 wBias=-0.6538 condBias=77.4682 dotDrift=-0.318sigma uMRED=0.1787301127 uER=0.490479 uMAE=95.8906 WCE=1104 bias=-42.8750
[pop02_soft:00750] loss=0.113082 tau=4.31 collapse_w=0.032 mid_frac=0.190 hard=score=0.2068622355 wNMSE=0.098087959 wMSE=9398.1259 wMRED=1.29285650 wER=0.402842 wMAE=39.7981 wBias=-0.2084 condBias=55.2778 dotDrift=-0.138sigma uMRED=0.1264345455 uER=0.457764 uMAE=72.9453 WCE=624 bias=-6.3750 *BEST*
[pop02_soft:00800] loss=0.105027 tau=4.50 collapse_w=0.084 mid_frac=0.179 hard=score=0.6173456586 wNMSE=0.092169492 wMSE=8831.0583 wMRED=0.90052538 wER=0.329712 wMAE=33.3223 wBias=-3.1545 condBias=53.5629 dotDrift=-2.148sigma uMRED=0.1170417933 uER=0.412842 uMAE=68.5703 WCE=624 bias=-2.3750
[pop02_soft:01000] loss=0.081552 tau=5.25 collapse_w=0.293 mid_frac=0.149 hard=score=3.7785964373 wNMSE=0.094464957 wMSE=9050.9943 wMRED=0.90915409 wER=0.343296 wMAE=33.6649 wBias=-9.1496 condBias=54.3617 dotDrift=-6.155sigma uMRED=0.1201947055 uER=0.423828 uMAE=70.4297 WCE=656 bias=-34.5000
[pop02_soft:01199] loss=0.057138 tau=6.00 collapse_w=0.500 mid_frac=0.143 hard=score=3.7785964373 wNMSE=0.094464957 wMSE=9050.9943 wMRED=0.90915409 wER=0.343296 wMAE=33.6649 wBias=-9.1496 condBias=54.3617 dotDrift=-6.155sigma uMRED=0.1201947055 uER=0.423828 uMAE=70.4297 WCE=656 bias=-34.5000
[pop02_hard:00000] loss=3.818560 tau=6.00 collapse_w=0.500 mid_frac=0.143 hard=score=3.7785964373 wNMSE=0.094464957 wMSE=9050.9943 wMRED=0.90915409 wER=0.343296 wMAE=33.6649 wBias=-9.1496 condBias=54.3617 dotDrift=-6.155sigma uMRED=0.1201947055 uER=0.423828 uMAE=70.4297 WCE=656 bias=-34.5000
[pop02_hard:00200] loss=0.691299 tau=6.00 collapse_w=0.500 mid_frac=0.137 hard=score=0.6558975701 wNMSE=0.092182608 wMSE=8832.3150 wMRED=0.90693149 wER=0.343296 wMAE=33.4513 wBias=-3.2943 condBias=53.5671 dotDrift=-2.243sigma uMRED=0.1172502573 uER=0.423828 uMAE=68.6641 WCE=624 bias=-2.5000
[pop02_hard:00400] loss=0.543056 tau=6.00 collapse_w=0.500 mid_frac=0.119 hard=score=0.5117055540 wNMSE=0.092167675 wMSE=8830.8842 wMRED=0.87803163 wER=0.330982 wMAE=33.0264 wBias=-2.7344 condBias=53.5659 dotDrift=-1.862sigma uMRED=0.1165848212 uER=0.415771 uMAE=68.4766 WCE=624 bias=-2.0000
[pop02_hard:00500] loss=0.231667 tau=6.00 collapse_w=0.500 mid_frac=0.107 hard=score=0.2004539403 wNMSE=0.093659146 wMSE=8973.7869 wMRED=0.88635518 wER=0.337185 wMAE=33.9793 wBias=-0.4229 condBias=53.2523 dotDrift=-0.286sigma uMRED=0.1131930486 uER=0.427490 uMAE=70.8379 WCE=624 bias=16.0000 *BEST*
[pop02_hard:00599] loss=0.263942 tau=6.00 collapse_w=0.500 mid_frac=0.107 hard=score=0.2319962037 wNMSE=0.087312603 wMSE=8365.7040 wMRED=0.86255424 wER=0.337185 wMAE=32.3920 wBias=1.1644 condBias=49.2542 dotDrift=+0.815sigma uMRED=0.1096390239 uER=0.427490 uMAE=68.8379 WCE=560 bias=18.0000
[pop02] done (conf=0.53, noise=0.5); global best score=0.2004539403 wNMSE=0.093659146 wMSE=8973.7869 wMRED=0.88635518 wER=0.337185 wMAE=33.9793 wBias=-0.4229 condBias=53.2523 dotDrift=-0.286sigma uMRED=0.1131930486 uER=0.427490 uMAE=70.8379 WCE=624 bias=16.0000
[pop03_soft:00000] loss=20.642000 tau=1.50 collapse_w=0.000 mid_frac=0.429 hard=score=183.0569002968 wNMSE=4.8126616 wMSE=461116.7305 wMRED=15.13650678 wER=0.580288 wMAE=331.8793 wBias=-63.9045 condBias=400.6552 dotDrift=-6.023sigma uMRED=0.7852516822 uER=0.578125 uMAE=333.6831 WCE=3504 bias=-39.6250
[pop03_soft:00200] loss=6.504869 tau=2.25 collapse_w=0.000 mid_frac=0.393 hard=score=616.4561658709 wNMSE=3.9136236 wMSE=374976.9845 wMRED=14.50669849 wER=0.575590 wMAE=303.8103 wBias=-119.4140 condBias=361.7102 dotDrift=-12.481sigma uMRED=0.8230485687 uER=0.575928 uMAE=360.8794 WCE=2640 bias=-182.2500
[pop03_soft:00400] loss=3.586162 tau=3.00 collapse_w=0.000 mid_frac=0.435 hard=score=502.2416417647 wNMSE=1.9215372 wMSE=184108.7164 wMRED=9.77354031 wER=0.548104 wMAE=195.7597 wBias=-108.0023 condBias=229.3272 dotDrift=-16.109sigma uMRED=0.5008427026 uER=0.566406 uMAE=223.9863 WCE=2320 bias=-148.7500
[pop03_soft:00600] loss=2.422162 tau=3.75 collapse_w=0.000 mid_frac=0.369 hard=score=304.1523323680 wNMSE=0.90266543 wMSE=86487.3055 wMRED=9.15224144 wER=0.544375 wMAE=150.2033 wBias=-84.1086 condBias=163.7216 dotDrift=-18.304sigma uMRED=0.4058305594 uER=0.557617 uMAE=170.9512 WCE=1352 bias=-114.2500
[pop03_soft:00800] loss=1.906023 tau=4.50 collapse_w=0.084 mid_frac=0.345 hard=score=87.8540423209 wNMSE=0.71963969 wMSE=68951.0151 wMRED=7.16109039 wER=0.538918 wMAE=138.7013 wBias=-44.9649 condBias=145.0110 dotDrift=-10.959sigma uMRED=0.3614298695 uER=0.554688 uMAE=164.0430 WCE=1420 bias=-110.2500
[pop03_soft:01000] loss=1.199679 tau=5.25 collapse_w=0.293 mid_frac=0.369 hard=score=285.1131634702 wNMSE=0.73546947 wMSE=70467.7185 wMRED=6.90491189 wER=0.518932 wMAE=121.2457 wBias=-81.4370 condBias=177.6110 dotDrift=-19.634sigma uMRED=0.3549550811 uER=0.542969 uMAE=151.5684 WCE=2784 bias=-48.1250
[pop03_soft:01199] loss=0.958983 tau=6.00 collapse_w=0.500 mid_frac=0.345 hard=score=287.2538017288 wNMSE=0.73654407 wMSE=70570.6794 wMRED=6.91078592 wER=0.518932 wMAE=121.1731 wBias=-81.7436 condBias=177.7199 dotDrift=-19.693sigma uMRED=0.3551305079 uER=0.542969 uMAE=151.6758 WCE=2784 bias=-48.3750
[pop03_hard:00000] loss=287.496613 tau=6.00 collapse_w=0.500 mid_frac=0.345 hard=score=287.2538017288 wNMSE=0.73654407 wMSE=70570.6794 wMRED=6.91078592 wER=0.518932 wMAE=121.1731 wBias=-81.7436 condBias=177.7199 dotDrift=-19.693sigma uMRED=0.3551305079 uER=0.542969 uMAE=151.6758 WCE=2784 bias=-48.3750
[pop03_hard:00200] loss=285.353577 tau=6.00 collapse_w=0.500 mid_frac=0.345 hard=score=285.1131634702 wNMSE=0.73546947 wMSE=70467.7185 wMRED=6.90491189 wER=0.518932 wMAE=121.2457 wBias=-81.4370 condBias=177.6110 dotDrift=-19.634sigma uMRED=0.3549550811 uER=0.542969 uMAE=151.5684 WCE=2784 bias=-48.1250
[pop03_hard:00400] loss=285.355652 tau=6.00 collapse_w=0.500 mid_frac=0.339 hard=score=285.1131634702 wNMSE=0.73546947 wMSE=70467.7185 wMRED=6.90491189 wER=0.518932 wMAE=121.2457 wBias=-81.4370 condBias=177.6110 dotDrift=-19.634sigma uMRED=0.3549550811 uER=0.542969 uMAE=151.5684 WCE=2784 bias=-48.1250
[pop03_hard:00599] loss=51.085552 tau=6.00 collapse_w=0.500 mid_frac=0.315 hard=score=50.8378657598 wNMSE=0.89885868 wMSE=86122.5689 wMRED=6.93881593 wER=0.516024 wMAE=129.1659 wBias=-33.9209 condBias=147.4677 dotDrift=-7.398sigma uMRED=0.4125610306 uER=0.548096 uMAE=193.8105 WCE=2776 bias=74.8750
[pop03] done (conf=0.51, noise=1.0); global best score=0.2004539403 wNMSE=0.093659146 wMSE=8973.7869 wMRED=0.88635518 wER=0.337185 wMAE=33.9793 wBias=-0.4229 condBias=53.2523 dotDrift=-0.286sigma uMRED=0.1131930486 uER=0.427490 uMAE=70.8379 WCE=624 bias=16.0000
[pop04_soft:00000] loss=19.421793 tau=1.50 collapse_w=0.000 mid_frac=0.345 hard=score=575.3812171156 wNMSE=2.4078695 wMSE=230705.7976 wMRED=8.51810520 wER=0.575478 wMAE=232.8259 wBias=115.6104 condBias=266.0477 dotDrift=+15.404sigma uMRED=0.5509157083 uER=0.570801 uMAE=264.5264 WCE=3584 bias=42.5625
[pop04_soft:00200] loss=4.544894 tau=2.25 collapse_w=0.000 mid_frac=0.315 hard=score=17.6421119078 wNMSE=1.752796 wMSE=167941.0719 wMRED=3.26149938 wER=0.474646 wMAE=139.0952 wBias=-18.6108 condBias=206.7836 dotDrift=-2.906sigma uMRED=0.4104621850 uER=0.529541 uMAE=243.2480 WCE=2488 bias=-57.8750
[pop04_soft:00400] loss=0.672121 tau=3.00 collapse_w=0.000 mid_frac=0.202 hard=score=25.1750617850 wNMSE=0.34467581 wMSE=33024.5088 wMRED=2.57411172 wER=0.476808 wMAE=87.3660 wBias=-23.9504 condBias=91.9706 dotDrift=-8.435sigma uMRED=0.2872663488 uER=0.535156 uMAE=170.5527 WCE=1664 bias=7.2500
[pop04_soft:00600] loss=0.366172 tau=3.75 collapse_w=0.000 mid_frac=0.208 hard=score=9.7443577926 wNMSE=0.32942978 wMSE=31563.7366 wMRED=1.99382436 wER=0.466549 wMAE=75.4018 wBias=-14.6046 condBias=91.5411 dotDrift=-5.261sigma uMRED=0.2777109930 uER=0.527100 uMAE=172.1504 WCE=1664 bias=-12.7500
[pop04_soft:00800] loss=0.262796 tau=4.50 collapse_w=0.084 mid_frac=0.143 hard=score=2.0172731915 wNMSE=0.29678413 wMSE=28435.8513 wMRED=1.93436701 wER=0.428142 wMAE=66.6644 wBias=-5.8766 condBias=89.6881 dotDrift=-2.230sigma uMRED=0.2480762091 uER=0.507568 uMAE=143.2227 WCE=1152 bias=-85.5000
[pop04_soft:01000] loss=0.174251 tau=5.25 collapse_w=0.293 mid_frac=0.125 hard=score=4.2563937646 wNMSE=0.21713222 wMSE=20804.1428 wMRED=1.66526625 wER=0.417945 wMAE=53.8027 wBias=9.4790 condBias=71.9961 dotDrift=+4.206sigma uMRED=0.2094374625 uER=0.498535 uMAE=123.9238 WCE=1152 bias=-64.0000
[pop04_soft:01199] loss=0.118786 tau=6.00 collapse_w=0.500 mid_frac=0.131 hard=score=5.2837143105 wNMSE=0.21982522 wMSE=21062.1677 wMRED=1.66798987 wER=0.419438 wMAE=54.7028 wBias=10.6698 condBias=72.1001 dotDrift=+4.705sigma uMRED=0.2152482996 uER=0.507324 uMAE=130.5625 WCE=1152 bias=-56.0000
[pop04_hard:00000] loss=5.337952 tau=6.00 collapse_w=0.500 mid_frac=0.131 hard=score=5.2837143105 wNMSE=0.21982522 wMSE=21062.1677 wMRED=1.66798987 wER=0.419438 wMAE=54.7028 wBias=10.6698 condBias=72.1001 dotDrift=+4.705sigma uMRED=0.2152482996 uER=0.507324 uMAE=130.5625 WCE=1152 bias=-56.0000
[pop04_hard:00200] loss=0.678582 tau=6.00 collapse_w=0.500 mid_frac=0.119 hard=score=0.6195949320 wNMSE=0.29341143 wMSE=28112.7014 wMRED=1.87353766 wER=0.419418 wMAE=65.4662 wBias=-1.4823 condBias=86.4571 dotDrift=-0.566sigma uMRED=0.2331670099 uER=0.507080 uMAE=138.2168 WCE=1152 bias=-56.0000
[pop04_hard:00400] loss=0.676671 tau=6.00 collapse_w=0.500 mid_frac=0.119 hard=score=1.5357029576 wNMSE=0.23773397 wMSE=22778.0635 wMRED=1.75613032 wER=0.419418 wMAE=58.9198 wBias=5.0641 condBias=76.2257 dotDrift=+2.147sigma uMRED=0.2164770567 uER=0.507080 uMAE=130.2168 WCE=1152 bias=-48.0000
[pop04_hard:00599] loss=0.676046 tau=6.00 collapse_w=0.500 mid_frac=0.119 hard=score=0.6195949320 wNMSE=0.29341143 wMSE=28112.7014 wMRED=1.87353766 wER=0.419418 wMAE=65.4662 wBias=-1.4823 condBias=86.4571 dotDrift=-0.566sigma uMRED=0.2331670099 uER=0.507080 uMAE=138.2168 WCE=1152 bias=-56.0000
[pop04] done (conf=0.53, noise=0.5); global best score=0.2004539403 wNMSE=0.093659146 wMSE=8973.7869 wMRED=0.88635518 wER=0.337185 wMAE=33.9793 wBias=-0.4229 condBias=53.2523 dotDrift=-0.286sigma uMRED=0.1131930486 uER=0.427490 uMAE=70.8379 WCE=624 bias=16.0000
[pop05_soft:00000] loss=6.915350 tau=1.50 collapse_w=0.000 mid_frac=0.399 hard=score=36.5130248947 wNMSE=3.1054987 wMSE=297547.9128 wMRED=14.84282576 wER=0.580288 wMAE=284.6546 wBias=-26.9910 condBias=303.0214 dotDrift=-3.167sigma uMRED=0.7358084897 uER=0.578125 uMAE=299.5903 WCE=2664 bias=-42.1250
[pop05_soft:00200] loss=5.053925 tau=2.25 collapse_w=0.000 mid_frac=0.393 hard=score=25.9776337409 wNMSE=0.99671709 wMSE=95498.7010 wMRED=5.79391829 wER=0.558060 wMAE=152.5333 wBias=-23.8432 condBias=146.2447 dotDrift=-4.938sigma uMRED=0.4217029749 uER=0.556152 uMAE=215.4922 WCE=2096 bias=65.0000
[pop05_soft:00400] loss=2.322508 tau=3.00 collapse_w=0.000 mid_frac=0.369 hard=score=34.2788353466 wNMSE=0.78827388 wMSE=75527.0795 wMRED=5.26996243 wER=0.559940 wMAE=135.1665 wBias=-27.7487 condBias=105.9938 dotDrift=-6.462sigma uMRED=0.3681435266 uER=0.549561 uMAE=183.8691 WCE=3440 bias=39.0000
[pop05_soft:00600] loss=0.878032 tau=3.75 collapse_w=0.000 mid_frac=0.327 hard=score=47.1529367319 wNMSE=0.5467057 wMSE=52381.6478 wMRED=3.82935356 wER=0.449127 wMAE=108.5203 wBias=-32.8615 condBias=85.2740 dotDrift=-9.189sigma uMRED=0.2997885764 uER=0.505615 uMAE=168.1953 WCE=3248 bias=-41.1250
[pop05_soft:00800] loss=0.703320 tau=4.50 collapse_w=0.084 mid_frac=0.327 hard=score=46.8350197924 wNMSE=0.54188713 wMSE=51919.9655 wMRED=3.79960100 wER=0.445774 wMAE=106.1436 wBias=-32.7570 condBias=82.2693 dotDrift=-9.201sigma uMRED=0.2950550165 uER=0.499023 uMAE=164.9922 WCE=3248 bias=-41.0000
[pop05_soft:01000] loss=0.574502 tau=5.25 collapse_w=0.293 mid_frac=0.280 hard=score=42.2371685728 wNMSE=0.54354405 wMSE=52078.7202 wMRED=3.79443702 wER=0.443200 wMAE=105.2458 wBias=-31.0693 condBias=83.4561 dotDrift=-8.713sigma uMRED=0.3093092396 uER=0.496826 uMAE=167.2266 WCE=3248 bias=5.0000
[pop05_soft:01199] loss=0.317597 tau=6.00 collapse_w=0.500 mid_frac=0.268 hard=score=3.9387703497 wNMSE=0.40640384 wMSE=38938.8719 wMRED=2.46844205 wER=0.443570 wMAE=77.7967 wBias=8.5527 condBias=97.2852 dotDrift=+2.774sigma uMRED=0.2906704497 uER=0.497070 uMAE=158.5781 WCE=3248 bias=1.0000
[pop05_hard:00000] loss=3.934512 tau=6.00 collapse_w=0.500 mid_frac=0.268 hard=score=3.9387703497 wNMSE=0.40640384 wMSE=38938.8719 wMRED=2.46844205 wER=0.443570 wMAE=77.7967 wBias=8.5527 condBias=97.2852 dotDrift=+2.774sigma uMRED=0.2906704497 uER=0.497070 uMAE=158.5781 WCE=3248 bias=1.0000
[pop05_hard:00200] loss=1.111829 tau=6.00 collapse_w=0.500 mid_frac=0.256 hard=score=1.1344355114 wNMSE=0.39573897 wMSE=37917.0358 wMRED=2.15636933 wER=0.419710 wMAE=72.0991 wBias=2.8551 condBias=93.5702 dotDrift=+0.938sigma uMRED=0.2815284751 uER=0.490479 uMAE=156.5781 WCE=3248 bias=-1.0000
[pop05_hard:00400] loss=0.964359 tau=6.00 collapse_w=0.500 mid_frac=0.256 hard=score=0.9882878016 wNMSE=0.39428998 wMSE=37778.2028 wMRED=2.15428772 wER=0.422285 wMAE=71.9743 wBias=2.1992 condBias=92.5361 dotDrift=+0.724sigma uMRED=0.2810625878 uER=0.492676 uMAE=156.3125 WCE=3264 bias=-2.0000
[pop05_hard:00599] loss=0.700935 tau=6.00 collapse_w=0.500 mid_frac=0.262 hard=score=0.6387768606 wNMSE=0.30391067 wMSE=29118.6676 wMRED=2.01413105 wER=0.422285 wMAE=68.6764 wBias=1.3268 condBias=90.9038 dotDrift=+0.498sigma uMRED=0.2590545120 uER=0.492676 uMAE=151.5625 WCE=1344 bias=-4.0000
[pop05] done (conf=0.51, noise=1.0); global best score=0.2004539403 wNMSE=0.093659146 wMSE=8973.7869 wMRED=0.88635518 wER=0.337185 wMAE=33.9793 wBias=-0.4229 condBias=53.2523 dotDrift=-0.286sigma uMRED=0.1131930486 uER=0.427490 uMAE=70.8379 WCE=624 bias=16.0000
[pop06_soft:00000] loss=5.442591 tau=1.50 collapse_w=0.000 mid_frac=0.393 hard=score=1011.5670135758 wNMSE=5.0448628 wMSE=483364.6846 wMRED=17.55542343 wER=0.564902 wMAE=325.4537 wBias=-153.0285 condBias=443.5481 dotDrift=-14.087sigma uMRED=0.7670314673 uER=0.567139 uMAE=285.8418 WCE=2160 bias=-36.2500
[pop06_soft:00200] loss=3.969896 tau=2.25 collapse_w=0.000 mid_frac=0.345 hard=score=115.7806421786 wNMSE=2.7595361 wMSE=264400.1109 wMRED=17.50440044 wER=0.534010 wMAE=187.2600 wBias=51.0379 condBias=239.0707 dotDrift=+6.352sigma uMRED=0.7689093454 uER=0.549561 uMAE=293.5664 WCE=3808 bias=178.1250
[pop06_soft:00400] loss=0.406836 tau=3.00 collapse_w=0.000 mid_frac=0.250 hard=score=11.4574804794 wNMSE=0.19661627 wMSE=18838.4433 wMRED=1.75788027 wER=0.464519 wMAE=59.8348 wBias=16.0869 condBias=71.8675 dotDrift=+7.501sigma uMRED=0.2267589383 uER=0.513916 uMAE=147.8652 WCE=1248 bias=9.2500
[pop06_soft:00600] loss=0.144816 tau=3.75 collapse_w=0.000 mid_frac=0.226 hard=score=9.8704954221 wNMSE=0.11185285 wMSE=10716.9851 wMRED=1.47010684 wER=0.428270 wMAE=42.3372 wBias=15.0109 condBias=52.3288 dotDrift=+9.280sigma uMRED=0.1686834845 uER=0.469238 uMAE=105.1426 WCE=1024 bias=12.6250
[pop06_soft:00800] loss=0.101967 tau=4.50 collapse_w=0.084 mid_frac=0.202 hard=score=0.3102123478 wNMSE=0.058071979 wMSE=5564.0648 wMRED=0.84533226 wER=0.367126 wMAE=27.7832 wBias=1.7482 condBias=43.3459 dotDrift=+1.500sigma uMRED=0.1291895471 uER=0.439697 uMAE=82.7051 WCE=1296 bias=22.8750
[pop06_soft:01000] loss=0.078460 tau=5.25 collapse_w=0.293 mid_frac=0.167 hard=score=0.3117006580 wNMSE=0.040520892 wMSE=3882.4383 wMRED=0.82178420 wER=0.360498 wMAE=25.5476 wBias=2.1263 condBias=36.3086 dotDrift=+2.184sigma uMRED=0.1044785075 uER=0.427246 uMAE=64.7285 WCE=784 bias=8.8750
[pop06_soft:01199] loss=0.054968 tau=6.00 collapse_w=0.500 mid_frac=0.143 hard=score=0.3117006580 wNMSE=0.040520892 wMSE=3882.4383 wMRED=0.82178420 wER=0.360498 wMAE=25.5476 wBias=2.1263 condBias=36.3086 dotDrift=+2.184sigma uMRED=0.1044785075 uER=0.427246 uMAE=64.7285 WCE=784 bias=8.8750
[pop06_hard:00000] loss=0.339350 tau=6.00 collapse_w=0.500 mid_frac=0.143 hard=score=0.3117006580 wNMSE=0.040520892 wMSE=3882.4383 wMRED=0.82178420 wER=0.360498 wMAE=25.5476 wBias=2.1263 condBias=36.3086 dotDrift=+2.184sigma uMRED=0.1044785075 uER=0.427246 uMAE=64.7285 WCE=784 bias=8.8750
[pop06_hard:00200] loss=0.204134 tau=6.00 collapse_w=0.500 mid_frac=0.161 hard=score=0.1638821920 wNMSE=0.038227971 wMSE=3662.7461 wMRED=0.81806999 wER=0.360498 wMAE=25.3326 wBias=1.2502 condBias=33.1131 dotDrift=+1.322sigma uMRED=0.0928674515 uER=0.427246 uMAE=61.3145 WCE=544 bias=-7.1250 *BEST*
[pop06_hard:00400] loss=0.634414 tau=6.00 collapse_w=0.500 mid_frac=0.149 hard=score=0.5835054291 wNMSE=0.040538754 wMSE=3884.1496 wMRED=1.03034696 wER=0.363941 wMAE=27.7429 wBias=-3.3576 condBias=34.8036 dotDrift=-3.448sigma uMRED=0.0965258268 uER=0.429443 uMAE=60.6094 WCE=512 bias=-11.1250
[pop06_hard:00550] loss=0.173493 tau=6.00 collapse_w=0.500 mid_frac=0.131 hard=score=0.1263786972 wNMSE=0.041112211 wMSE=3939.0944 wMRED=1.02714725 wER=0.363605 wMAE=28.2441 wBias=-0.7341 condBias=33.9501 dotDrift=-0.749sigma uMRED=0.0969054986 uER=0.428711 uMAE=61.6250 WCE=512 bias=-7.1250 *BEST*
[pop06_hard:00599] loss=0.171730 tau=6.00 collapse_w=0.500 mid_frac=0.125 hard=score=0.1263786972 wNMSE=0.041112211 wMSE=3939.0944 wMRED=1.02714725 wER=0.363605 wMAE=28.2441 wBias=-0.7341 condBias=33.9501 dotDrift=-0.749sigma uMRED=0.0969054986 uER=0.428711 uMAE=61.6250 WCE=512 bias=-7.1250
[pop06] done (conf=0.53, noise=0.5); global best score=0.1263786972 wNMSE=0.041112211 wMSE=3939.0944 wMRED=1.02714725 wER=0.363605 wMAE=28.2441 wBias=-0.7341 condBias=33.9501 dotDrift=-0.749sigma uMRED=0.0969054986 uER=0.428711 uMAE=61.6250 WCE=512 bias=-7.1250
[pop07_soft:00000] loss=5.889162 tau=1.50 collapse_w=0.000 mid_frac=0.446 hard=score=285.9788238275 wNMSE=9.1297259 wMSE=874748.6865 wMRED=27.47961734 wER=0.580288 wMAE=461.4983 wBias=-79.6285 condBias=469.1118 dotDrift=-5.449sigma uMRED=1.1230880146 uER=0.578125 uMAE=396.6304 WCE=3444 bias=83.0000
[pop07_soft:00200] loss=4.900828 tau=2.25 collapse_w=0.000 mid_frac=0.429 hard=score=580.7321477773 wNMSE=1.8483153 wMSE=177093.0930 wMRED=11.26748291 wER=0.568234 wMAE=235.8638 wBias=116.2568 condBias=212.2573 dotDrift=+17.681sigma uMRED=0.6326750843 uER=0.573730 uMAE=281.9058 WCE=3444 bias=226.0625
[pop07_soft:00400] loss=3.204410 tau=3.00 collapse_w=0.000 mid_frac=0.381 hard=score=245.0696202904 wNMSE=0.55129912 wMSE=52821.7588 wMRED=5.53621315 wER=0.521679 wMAE=134.4399 wBias=75.5399 condBias=154.6375 dotDrift=+21.035sigma uMRED=0.3439993706 uER=0.561035 uMAE=172.2734 WCE=1320 bias=123.2500
[pop07_soft:00600] loss=2.146065 tau=3.75 collapse_w=0.000 mid_frac=0.351 hard=score=25.8768137700 wNMSE=0.28916665 wMSE=27705.9956 wMRED=2.38433278 wER=0.501247 wMAE=88.6534 wBias=24.3731 condBias=72.1344 dotDrift=+9.371sigma uMRED=0.2731302091 uER=0.552490 uMAE=172.0000 WCE=1328 bias=128.0000
[pop07_soft:00800] loss=0.740284 tau=4.50 collapse_w=0.084 mid_frac=0.310 hard=score=0.9600790281 wNMSE=0.28936983 wMSE=27725.4634 wMRED=2.41732152 wER=0.511400 wMAE=85.4169 wBias=3.3065 condBias=70.1552 dotDrift=+1.271sigma uMRED=0.2545236647 uER=0.552490 uMAE=153.3340 WCE=1496 bias=-35.1250
[pop07_soft:01000] loss=0.508990 tau=5.25 collapse_w=0.293 mid_frac=0.304 hard=score=0.7447807652 wNMSE=0.28998253 wMSE=27784.1674 wMRED=2.41419735 wER=0.501675 wMAE=82.9782 wBias=-2.4337 condBias=70.6449 dotDrift=-0.934sigma uMRED=0.2604050154 uER=0.536377 uMAE=159.3066 WCE=1496 bias=-33.7500
[pop07_soft:01199] loss=0.342272 tau=6.00 collapse_w=0.500 mid_frac=0.274 hard=score=0.7031897931 wNMSE=0.29232957 wMSE=28009.0448 wMRED=2.41202196 wER=0.504209 wMAE=83.1237 wBias=-2.1764 condBias=72.6949 dotDrift=-0.832sigma uMRED=0.2607741734 uER=0.537109 uMAE=158.7578 WCE=1496 bias=-33.0000
[pop07_hard:00000] loss=0.786379 tau=6.00 collapse_w=0.500 mid_frac=0.274 hard=score=0.7031897931 wNMSE=0.29232957 wMSE=28009.0448 wMRED=2.41202196 wER=0.504209 wMAE=83.1237 wBias=-2.1764 condBias=72.6949 dotDrift=-0.832sigma uMRED=0.2607741734 uER=0.537109 uMAE=158.7578 WCE=1496 bias=-33.0000
[pop07_hard:00200] loss=1.111130 tau=6.00 collapse_w=0.500 mid_frac=0.268 hard=score=1.0334144620 wNMSE=0.29375635 wMSE=28145.7496 wMRED=2.39373169 wER=0.511124 wMAE=84.7056 wBias=3.5212 condBias=72.6487 dotDrift=+1.343sigma uMRED=0.2617918284 uER=0.541504 uMAE=159.4355 WCE=1496 bias=-31.0000
[pop07_hard:00400] loss=0.779671 tau=6.00 collapse_w=0.500 mid_frac=0.274 hard=score=0.7031897931 wNMSE=0.29232957 wMSE=28009.0448 wMRED=2.41202196 wER=0.504209 wMAE=83.1237 wBias=-2.1764 condBias=72.6949 dotDrift=-0.832sigma uMRED=0.2607741734 uER=0.537109 uMAE=158.7578 WCE=1496 bias=-33.0000
[pop07_hard:00599] loss=1.108186 tau=6.00 collapse_w=0.500 mid_frac=0.274 hard=score=0.7031897931 wNMSE=0.29232957 wMSE=28009.0448 wMRED=2.41202196 wER=0.504209 wMAE=83.1237 wBias=-2.1764 condBias=72.6949 dotDrift=-0.832sigma uMRED=0.2607741734 uER=0.537109 uMAE=158.7578 WCE=1496 bias=-33.0000
[pop07] done (conf=0.51, noise=1.0); global best score=0.1263786972 wNMSE=0.041112211 wMSE=3939.0944 wMRED=1.02714725 wER=0.363605 wMAE=28.2441 wBias=-0.7341 condBias=33.9501 dotDrift=-0.749sigma uMRED=0.0969054986 uER=0.428711 uMAE=61.6250 WCE=512 bias=-7.1250
[pop08_soft:00000] loss=14.714157 tau=1.50 collapse_w=0.000 mid_frac=0.375 hard=score=175.3395503339 wNMSE=3.0323582 wMSE=290540.0816 wMRED=15.45902242 wER=0.580288 wMAE=281.4882 wBias=63.0762 condBias=310.0486 dotDrift=+7.489sigma uMRED=0.6794062611 uER=0.578125 uMAE=273.3779 WCE=2176 bias=41.6875
[pop08_soft:00200] loss=3.607836 tau=2.25 collapse_w=0.000 mid_frac=0.381 hard=score=610.8370234703 wNMSE=1.4763003 wMSE=141449.1217 wMRED=6.51102756 wER=0.547964 wMAE=141.9071 wBias=-119.2856 condBias=198.7780 dotDrift=-20.299sigma uMRED=0.4420829378 uER=0.559814 uMAE=220.7231 WCE=2320 bias=-35.3125
[pop08_soft:00400] loss=0.395676 tau=3.00 collapse_w=0.000 mid_frac=0.238 hard=score=1.7506008089 wNMSE=0.14606493 wMSE=13994.9556 wMRED=1.73760216 wER=0.461004 wMAE=53.0272 wBias=5.7989 condBias=69.5753 dotDrift=+3.137sigma uMRED=0.1719045770 uER=0.517090 uMAE=101.7812 WCE=1008 bias=-13.5000
[pop08_soft:00600] loss=0.144915 tau=3.75 collapse_w=0.000 mid_frac=0.202 hard=score=4.2102963609 wNMSE=0.1443086 wMSE=13826.6758 wMRED=1.32983526 wER=0.397566 wMAE=46.2976 wBias=9.5846 condBias=67.0718 dotDrift=+5.217sigma uMRED=0.1512148097 uER=0.496094 uMAE=97.8906 WCE=656 bias=24.6250
[pop08_soft:00800] loss=0.101959 tau=4.50 collapse_w=0.084 mid_frac=0.208 hard=score=3.4043468257 wNMSE=0.14331734 wMSE=13731.7000 wMRED=1.22850994 wER=0.383242 wMAE=44.8042 wBias=8.5415 condBias=66.1862 dotDrift=+4.665sigma uMRED=0.1572558262 uER=0.489990 uMAE=97.7188 WCE=768 bias=38.1250
[pop08_soft:01000] loss=0.080361 tau=5.25 collapse_w=0.293 mid_frac=0.179 hard=score=3.4043468257 wNMSE=0.14331734 wMSE=13731.7000 wMRED=1.22850994 wER=0.383242 wMAE=44.8042 wBias=8.5415 condBias=66.1862 dotDrift=+4.665sigma uMRED=0.1572558262 uER=0.489990 uMAE=97.7188 WCE=768 bias=38.1250
[pop08_soft:01199] loss=0.054890 tau=6.00 collapse_w=0.500 mid_frac=0.161 hard=score=4.4490253289 wNMSE=0.14813954 wMSE=14193.7304 wMRED=1.24390506 wER=0.385816 wMAE=46.1160 wBias=9.8533 condBias=68.9773 dotDrift=+5.293sigma uMRED=0.1602461184 uER=0.492188 uMAE=99.7188 WCE=768 bias=40.1250
[pop08_hard:00000] loss=4.499906 tau=6.00 collapse_w=0.500 mid_frac=0.161 hard=score=4.4490253289 wNMSE=0.14813954 wMSE=14193.7304 wMRED=1.24390506 wER=0.385816 wMAE=46.1160 wBias=9.8533 condBias=68.9773 dotDrift=+5.293sigma uMRED=0.1602461184 uER=0.492188 uMAE=99.7188 WCE=768 bias=40.1250
[pop08_hard:00200] loss=67.584518 tau=6.00 collapse_w=0.500 mid_frac=0.173 hard=score=67.5749371084 wNMSE=0.68060269 wMSE=65210.7539 wMRED=1.60513973 wER=0.383242 wMAE=69.8499 wBias=-39.3947 condBias=130.4580 dotDrift=-9.873sigma uMRED=0.2690333246 uER=0.489990 uMAE=167.0156 WCE=2000 bias=-105.8750
[pop08_hard:00400] loss=2.839925 tau=6.00 collapse_w=0.500 mid_frac=0.161 hard=score=2.7842065116 wNMSE=0.14133917 wMSE=13542.1645 wMRED=1.22484780 wER=0.383242 wMAE=44.6211 wBias=7.6654 condBias=64.7535 dotDrift=+4.216sigma uMRED=0.1459495333 uER=0.489990 uMAE=94.8906 WCE=640 bias=22.1250
[pop08_hard:00599] loss=2.839229 tau=6.00 collapse_w=0.500 mid_frac=0.173 hard=score=67.5749371084 wNMSE=0.68060269 wMSE=65210.7539 wMRED=1.60513973 wER=0.383242 wMAE=69.8499 wBias=-39.3947 condBias=130.4580 dotDrift=-9.873sigma uMRED=0.2690333246 uER=0.489990 uMAE=167.0156 WCE=2000 bias=-105.8750
[pop08] done (conf=0.53, noise=0.5); global best score=0.1263786972 wNMSE=0.041112211 wMSE=3939.0944 wMRED=1.02714725 wER=0.363605 wMAE=28.2441 wBias=-0.7341 condBias=33.9501 dotDrift=-0.749sigma uMRED=0.0969054986 uER=0.428711 uMAE=61.6250 WCE=512 bias=-7.1250
[pop09_soft:00000] loss=9.159402 tau=1.50 collapse_w=0.000 mid_frac=0.500 hard=score=17.7544963749 wNMSE=8.2051643 wMSE=786163.4305 wMRED=26.74728491 wER=0.580288 wMAE=493.1305 wBias=8.1104 condBias=491.1701 dotDrift=+0.585sigma uMRED=1.1396573503 uER=0.578125 uMAE=402.5771 WCE=2761 bias=-35.1875
[pop09_soft:00200] loss=4.942558 tau=2.25 collapse_w=0.000 mid_frac=0.440 hard=score=112.4839551389 wNMSE=1.4124632 wMSE=135332.6820 wMRED=2.45624686 wER=0.505943 wMAE=107.1388 wBias=-50.7479 condBias=176.5791 dotDrift=-8.829sigma uMRED=0.3835483058 uER=0.561768 uMAE=237.3965 WCE=2432 bias=-122.4375
[pop09_soft:00400] loss=1.551453 tau=3.00 collapse_w=0.000 mid_frac=0.393 hard=score=24.5283016874 wNMSE=0.3342094 wMSE=32021.6880 wMRED=1.60907468 wER=0.464970 wMAE=72.2283 wBias=-23.6728 condBias=81.2204 dotDrift=-8.467sigma uMRED=0.2843803158 uER=0.547119 uMAE=198.6250 WCE=1432 bias=-133.6250
[pop09_soft:00600] loss=0.294421 tau=3.75 collapse_w=0.000 mid_frac=0.381 hard=score=4.6757013686 wNMSE=0.24365705 wMSE=23345.5732 wMRED=1.84764335 wER=0.457561 wMAE=64.7524 wBias=-9.9304 condBias=77.7823 dotDrift=-4.160sigma uMRED=0.2289596449 uER=0.527100 uMAE=144.9297 WCE=1280 bias=-62.8750
[pop09_soft:00800] loss=0.177421 tau=4.50 collapse_w=0.084 mid_frac=0.351 hard=score=16.4081550823 wNMSE=0.19109108 wMSE=18309.0569 wMRED=1.60252563 wER=0.438724 wMAE=53.7611 wBias=-19.3545 condBias=72.3163 dotDrift=-9.154sigma uMRED=0.2208267477 uER=0.514648 uMAE=139.7109 WCE=1248 bias=-75.5000
[pop09_soft:01000] loss=0.137686 tau=5.25 collapse_w=0.293 mid_frac=0.351 hard=score=12.0501173427 wNMSE=0.18556811 wMSE=17779.8831 wMRED=1.58088342 wER=0.438724 wMAE=52.6186 wBias=-16.5204 condBias=70.9984 dotDrift=-7.929sigma uMRED=0.2180051212 uER=0.514648 uMAE=138.2109 WCE=1248 bias=-72.5000
[pop09_soft:01199] loss=0.101940 tau=6.00 collapse_w=0.500 mid_frac=0.321 hard=score=13.2013551705 wNMSE=0.18772775 wMSE=17986.8053 wMRED=1.58567312 wER=0.433067 wMAE=52.7645 wBias=-17.3126 condBias=72.4926 dotDrift=-8.262sigma uMRED=0.2187313745 uER=0.510254 uMAE=138.4727 WCE=1248 bias=-73.5000
[pop09_hard:00000] loss=13.252638 tau=6.00 collapse_w=0.500 mid_frac=0.321 hard=score=13.2013551705 wNMSE=0.18772775 wMSE=17986.8053 wMRED=1.58567312 wER=0.433067 wMAE=52.7645 wBias=-17.3126 condBias=72.4926 dotDrift=-8.262sigma uMRED=0.2187313745 uER=0.510254 uMAE=138.4727 WCE=1248 bias=-73.5000
[pop09_hard:00200] loss=13.249650 tau=6.00 collapse_w=0.500 mid_frac=0.321 hard=score=13.2013551705 wNMSE=0.18772775 wMSE=17986.8053 wMRED=1.58567312 wER=0.433067 wMAE=52.7645 wBias=-17.3126 condBias=72.4926 dotDrift=-8.262sigma uMRED=0.2187313745 uER=0.510254 uMAE=138.4727 WCE=1248 bias=-73.5000
[pop09_hard:00400] loss=13.248358 tau=6.00 collapse_w=0.500 mid_frac=0.321 hard=score=13.2013551705 wNMSE=0.18772775 wMSE=17986.8053 wMRED=1.58567312 wER=0.433067 wMAE=52.7645 wBias=-17.3126 condBias=72.4926 dotDrift=-8.262sigma uMRED=0.2187313745 uER=0.510254 uMAE=138.4727 WCE=1248 bias=-73.5000
[pop09_hard:00599] loss=13.247670 tau=6.00 collapse_w=0.500 mid_frac=0.321 hard=score=13.2013551705 wNMSE=0.18772775 wMSE=17986.8053 wMRED=1.58567312 wER=0.433067 wMAE=52.7645 wBias=-17.3126 condBias=72.4926 dotDrift=-8.262sigma uMRED=0.2187313745 uER=0.510254 uMAE=138.4727 WCE=1248 bias=-73.5000
[pop09] done (conf=0.51, noise=1.0); global best score=0.1263786972 wNMSE=0.041112211 wMSE=3939.0944 wMRED=1.02714725 wER=0.363605 wMAE=28.2441 wBias=-0.7341 condBias=33.9501 dotDrift=-0.749sigma uMRED=0.0969054986 uER=0.428711 uMAE=61.6250 WCE=512 bias=-7.1250
[pop10_soft:00000] loss=28.524300 tau=1.50 collapse_w=0.000 mid_frac=0.310 hard=score=1654.8893986237 wNMSE=18.8263 wMSE=1803808.9085 wMRED=44.70991429 wER=0.578544 wMAE=698.3980 wBias=194.9076 condBias=725.0378 dotDrift=+9.288sigma uMRED=1.4034202254 uER=0.571533 uMAE=369.4834 WCE=4023 bias=-29.5625
[pop10_soft:00200] loss=8.082527 tau=2.25 collapse_w=0.000 mid_frac=0.262 hard=score=3779.6681653551 wNMSE=9.9983395 wMSE=957973.3693 wMRED=25.85743555 wER=0.555044 wMAE=420.0512 wBias=-296.5922 condBias=623.3794 dotDrift=-19.394sigma uMRED=1.1196925086 uER=0.559814 uMAE=408.2681 WCE=3350 bias=-362.5625
[pop10_soft:00400] loss=3.250767 tau=3.00 collapse_w=0.000 mid_frac=0.244 hard=score=74.5299540698 wNMSE=0.31773133 wMSE=30442.8708 wMRED=2.18784755 wER=0.488646 wMAE=69.4545 wBias=-41.5902 condBias=77.7998 dotDrift=-15.256sigma uMRED=0.2774984738 uER=0.528809 uMAE=183.7832 WCE=1808 bias=-66.3750
[pop10_soft:00600] loss=0.296312 tau=3.75 collapse_w=0.000 mid_frac=0.220 hard=score=5.2385222826 wNMSE=0.19034762 wMSE=18237.8237 wMRED=1.78389522 wER=0.432101 wMAE=56.9853 wBias=-10.6494 condBias=71.4319 dotDrift=-5.047sigma uMRED=0.2178509237 uER=0.489990 uMAE=131.4062 WCE=1316 bias=-37.5000
[pop10_soft:00800] loss=0.148390 tau=4.50 collapse_w=0.084 mid_frac=0.202 hard=score=11.1762397929 wNMSE=0.089035503 wMSE=8530.7807 wMRED=1.08647524 wER=0.401813 wMAE=34.2033 wBias=-16.0385 condBias=46.1163 dotDrift=-11.113sigma uMRED=0.1349242751 uER=0.464844 uMAE=81.8184 WCE=664 bias=-55.2500
[pop10_soft:01000] loss=0.102018 tau=5.25 collapse_w=0.293 mid_frac=0.179 hard=score=19.6856766107 wNMSE=0.097548946 wMSE=9346.4812 wMRED=1.10624561 wER=0.378175 wMAE=35.2643 wBias=-21.3509 condBias=52.1682 dotDrift=-14.134sigma uMRED=0.1312380921 uER=0.446533 uMAE=74.6465 WCE=656 bias=-51.2500
[pop10_soft:01199] loss=0.070896 tau=6.00 collapse_w=0.500 mid_frac=0.185 hard=score=19.6856766107 wNMSE=0.097548946 wMSE=9346.4812 wMRED=1.10624561 wER=0.378175 wMAE=35.2643 wBias=-21.3509 condBias=52.1682 dotDrift=-14.134sigma uMRED=0.1312380921 uER=0.446533 uMAE=74.6465 WCE=656 bias=-51.2500
[pop10_hard:00000] loss=19.736933 tau=6.00 collapse_w=0.500 mid_frac=0.185 hard=score=19.6856766107 wNMSE=0.097548946 wMSE=9346.4812 wMRED=1.10624561 wER=0.378175 wMAE=35.2643 wBias=-21.3509 condBias=52.1682 dotDrift=-14.134sigma uMRED=0.1312380921 uER=0.446533 uMAE=74.6465 WCE=656 bias=-51.2500
[pop10_hard:00200] loss=19.732573 tau=6.00 collapse_w=0.500 mid_frac=0.179 hard=score=19.6856766107 wNMSE=0.097548946 wMSE=9346.4812 wMRED=1.10624561 wER=0.378175 wMAE=35.2643 wBias=-21.3509 condBias=52.1682 dotDrift=-14.134sigma uMRED=0.1312380921 uER=0.446533 uMAE=74.6465 WCE=656 bias=-51.2500
[pop10_hard:00400] loss=5.175103 tau=6.00 collapse_w=0.500 mid_frac=0.161 hard=score=5.1557830133 wNMSE=0.15501987 wMSE=14852.9570 wMRED=1.13787772 wER=0.383210 wMAE=41.8329 wBias=-10.6412 condBias=62.9931 dotDrift=-5.588sigma uMRED=0.1769484704 uER=0.455322 uMAE=107.0527 WCE=1232 bias=-13.2500
[pop10_hard:00599] loss=14.545301 tau=6.00 collapse_w=0.500 mid_frac=0.161 hard=score=3.0416592585 wNMSE=0.14229753 wMSE=13633.9881 wMRED=1.10225868 wER=0.383210 wMAE=39.2083 wBias=-8.0166 condBias=59.7124 dotDrift=-4.394sigma uMRED=0.1702476591 uER=0.455322 uMAE=103.0527 WCE=1232 bias=-9.2500
[pop10] done (conf=0.53, noise=0.5); global best score=0.1263786972 wNMSE=0.041112211 wMSE=3939.0944 wMRED=1.02714725 wER=0.363605 wMAE=28.2441 wBias=-0.7341 condBias=33.9501 dotDrift=-0.749sigma uMRED=0.0969054986 uER=0.428711 uMAE=61.6250 WCE=512 bias=-7.1250
[pop11_soft:00000] loss=19.662271 tau=1.50 collapse_w=0.000 mid_frac=0.399 hard=score=518.4080690011 wNMSE=11.816526 wMSE=1132179.7328 wMRED=33.69586152 wER=0.580288 wMAE=587.1370 wBias=108.0229 condBias=593.0868 dotDrift=+6.497sigma uMRED=1.3404888537 uER=0.578125 uMAE=454.5674 WCE=3089 bias=172.5625
[pop11_soft:00200] loss=9.502835 tau=2.25 collapse_w=0.000 mid_frac=0.369 hard=score=400.8071256122 wNMSE=10.596943 wMSE=1015327.4919 wMRED=33.06560911 wER=0.579789 wMAE=537.0697 wBias=-94.7022 condBias=558.0047 dotDrift=-6.015sigma uMRED=1.1729797626 uER=0.573730 uMAE=354.9028 WCE=2876 bias=-202.1875
[pop11_soft:00400] loss=4.392257 tau=3.00 collapse_w=0.000 mid_frac=0.351 hard=score=173.3830828496 wNMSE=0.9060468 wMSE=86811.2861 wMRED=2.75990246 wER=0.546377 wMAE=102.3748 wBias=-63.3754 condBias=162.5048 dotDrift=-13.766sigma uMRED=0.3250265172 uER=0.556152 uMAE=197.0508 WCE=2212 bias=-107.5000
[pop11_soft:00600] loss=0.979443 tau=3.75 collapse_w=0.000 mid_frac=0.327 hard=score=3.1702241264 wNMSE=0.2137484 wMSE=20479.9287 wMRED=1.71282944 wER=0.541268 wMAE=62.9021 wBias=8.0133 condBias=75.4666 dotDrift=+3.584sigma uMRED=0.2215564725 uER=0.553711 uMAE=140.8613 WCE=1320 bias=45.3750
[pop11_soft:00800] loss=0.725102 tau=4.50 collapse_w=0.084 mid_frac=0.310 hard=score=6.5186157012 wNMSE=0.21276068 wMSE=20385.2915 wMRED=1.64460147 wER=0.539645 wMAE=61.9176 wBias=11.9411 condBias=75.8658 dotDrift=+5.353sigma uMRED=0.2291593909 uER=0.544434 uMAE=143.1367 WCE=1328 bias=33.1250
[pop11_soft:01000] loss=0.583102 tau=5.25 collapse_w=0.293 mid_frac=0.280 hard=score=3.2127255629 wNMSE=0.1781827 wMSE=17072.2626 wMRED=1.60615314 wER=0.521852 wMAE=58.2822 wBias=8.1550 condBias=68.5895 dotDrift=+3.994sigma uMRED=0.2020438250 uER=0.539307 uMAE=125.0156 WCE=1328 bias=14.6250
[pop11_soft:01199] loss=0.458571 tau=6.00 collapse_w=0.500 mid_frac=0.286 hard=score=5.1205809719 wNMSE=0.17910716 wMSE=17160.8387 wMRED=1.60978549 wER=0.521852 wMAE=58.4043 wBias=10.5366 condBias=69.8926 dotDrift=+5.148sigma uMRED=0.2086450734 uER=0.539307 uMAE=126.9941 WCE=1328 bias=30.6250
[pop11_hard:00000] loss=5.169731 tau=6.00 collapse_w=0.500 mid_frac=0.286 hard=score=5.1205809719 wNMSE=0.17910716 wMSE=17160.8387 wMRED=1.60978549 wER=0.521852 wMAE=58.4043 wBias=10.5366 condBias=69.8926 dotDrift=+5.148sigma uMRED=0.2086450734 uER=0.539307 uMAE=126.9941 WCE=1328 bias=30.6250
[pop11_hard:00200] loss=0.696335 tau=6.00 collapse_w=0.500 mid_frac=0.298 hard=score=0.6321817015 wNMSE=0.17734901 wMSE=16992.3844 wMRED=1.61376374 wER=0.522473 wMAE=58.4252 wBias=2.5356 condBias=67.6664 dotDrift=+1.245sigma uMRED=0.1923116712 uER=0.534180 uMAE=121.6934 WCE=1128 bias=-53.3750
[pop11_hard:00400] loss=0.941908 tau=6.00 collapse_w=0.500 mid_frac=0.286 hard=score=0.8808051872 wNMSE=0.20730495 wMSE=19862.5606 wMRED=1.63814469 wER=0.522473 wMAE=61.2281 wBias=-3.3196 condBias=71.9925 dotDrift=-1.507sigma uMRED=0.2145443938 uER=0.534180 uMAE=137.6934 WCE=1128 bias=-85.3750
[pop11_hard:00599] loss=0.705763 tau=6.00 collapse_w=0.500 mid_frac=0.280 hard=score=0.6480926983 wNMSE=0.20638384 wMSE=19774.3059 wMRED=1.63516682 wER=0.522457 wMAE=61.1450 wBias=-2.3788 condBias=70.9392 dotDrift=-1.083sigma uMRED=0.2057777012 uER=0.533936 uMAE=136.3164 WCE=1128 bias=-69.3750
[pop11] done (conf=0.51, noise=1.0); global best score=0.1263786972 wNMSE=0.041112211 wMSE=3939.0944 wMRED=1.02714725 wER=0.363605 wMAE=28.2441 wBias=-0.7341 condBias=33.9501 dotDrift=-0.749sigma uMRED=0.0969054986 uER=0.428711 uMAE=61.6250 WCE=512 bias=-7.1250
[best] stage=pop06_hard score=0.1263786972 wNMSE=0.041112211 wMSE=3939.0944 wMRED=1.02714725 wER=0.363605 wMAE=28.2441 wBias=-0.7341 condBias=33.9501 dotDrift=-0.749sigma uMRED=0.0969054986 uER=0.428711 uMAE=61.6250 WCE=512 bias=-7.1250
[best-json] /home/xuanqi/tony/work/FPGA/signed8x8_approx/signed8x8_2026_8_22/runs_module_groups/G4_gate_up/default_split/rand300/best_signed88_inits.json
[best-rtl] /home/xuanqi/tony/work/FPGA/signed8x8_approx/signed8x8_2026_8_22/runs_module_groups/G4_gate_up/default_split/rand300/best_rtl
[design] default_split search_bits=168
[start] score=0.1263786972 wNMSE=0.041112211 wMSE=3939.0944 wMRED=1.02714725 wER=0.363605 wMAE=28.2441 wBias=-0.7341 condBias=33.9501 dotDrift=-0.749sigma uMRED=0.0969054986 uER=0.428711 uMAE=61.6250 WCE=512 bias=-7.1250
[single] ACCEPT ['lo_lut45:39'] 0.1263786972->0.1014178604 wNMSE=0.040220652 wBias=+0.05815
[single] ACCEPT ['lo_lut67:19'] 0.1014178604->0.1009981144 wNMSE=0.040167764 wBias=-0.05120
[single] ACCEPT ['lo_lut45:47'] 0.1009981144->0.1005488651 wNMSE=0.040047924 wBias=+0.00763
[single] ACCEPT ['lo_lut45:51'] 0.1005488651->0.1005301670 wNMSE=0.040076259 wBias=-0.04704
[single] ACCEPT ['mid_lut45:19'] 0.1005301670->0.1004481370 wNMSE=0.039776923 wBias=+0.06248
[single] ACCEPT ['lo_lut45:11'] 0.1004481370->0.1000301906 wNMSE=0.039723616 wBias=-0.02533
[single] round=7 no improvement
[pair] ACCEPT ['lo_lut45:63', 'mid_lut45:39'] 0.1000301906->0.0871499363 wNMSE=0.034130287 wBias=+0.30051
[pair] ACCEPT ['lo_lut67:59', 'hi_lut23:7'] 0.0871499363->0.0765411440 wNMSE=0.030850197 wBias=-0.01909
[pair] ACCEPT ['mid_lut45:47', 'lo_lut23:51'] 0.0765411440->0.0749610178 wNMSE=0.030439131 wBias=+0.02527
[pair] ACCEPT ['mid_lut23:39', 'mid_lut23:63'] 0.0749610178->0.0736983535 wNMSE=0.029827102 wBias=-0.08204
[basin] ACCEPT ['lo_lut01:51', 'lo_lut01:59', 'lo_lut45:51'] 0.0736983535->0.0736618301 wNMSE=0.029849053 wBias=-0.02493
[basin] ACCEPT ['lo_lut23:15', 'mid_lut01:23', 'mid_lut01:63', 'lo_lut01:51'] 0.0736618301->0.0730996271 wNMSE=0.029610207 wBias=+0.04339
[basin] ACCEPT ['lo_lut45:7', 'mid_lut01:23', 'lo_lut23:63'] 0.0730996271->0.0728849892 wNMSE=0.029521495 wBias=-0.01435
[final] score=0.0728849892 wNMSE=0.029521495 wMSE=2828.5503 wMRED=0.53607435 wER=0.395511 wMAE=21.5721 wBias=-0.0143 condBias=22.5038 dotDrift=-0.017sigma uMRED=0.0799348306 uER=0.489990 uMAE=61.2607 WCE=512 bias=-1.7500
[json] /home/xuanqi/tony/work/FPGA/signed8x8_approx/signed8x8_2026_8_22/runs_module_groups/G4_gate_up/default_split/rand300/refined/best_signed88_inits.json
