[design] quality quad4 entries=56
[device] cuda
[initial] score=23.1638207689 wNMSE=0.1266777 wMSE=9650.3524 wMRED=2.49015048 wER=0.249055 wMAE=46.2353 wBias=20.6553 condBias=49.0754 dotDrift=+13.457sigma uMRED=0.0758882163 uER=0.242188 uMAE=28.6875 WCE=252 bias=17.1875
[quad_warmup_bit:00000] loss=0.413711 tau=1.50 collapse_w=0.000 mid_frac=0.696 hard=score=23.1638207689 wNMSE=0.1266777 wMSE=9650.3524 wMRED=2.49015048 wER=0.249055 wMAE=46.2353 wBias=20.6553 condBias=49.0754 dotDrift=+13.457sigma uMRED=0.0758882163 uER=0.242188 uMAE=28.6875 WCE=252 bias=17.1875
[quad_warmup_bit:00025] loss=0.384089 tau=1.50 collapse_w=0.000 mid_frac=0.714 hard=score=15.9786982093 wNMSE=0.11661777 wMSE=8883.9830 wMRED=2.48960944 wER=0.249055 wMAE=43.5149 wBias=17.1286 condBias=47.0865 dotDrift=+11.630sigma uMRED=0.0655019969 uER=0.242188 uMAE=20.6875 WCE=252 bias=8.8125 *BEST*
[quad_warmup_bit:00075] loss=0.331001 tau=1.50 collapse_w=0.000 mid_frac=0.714 hard=score=14.6859494019 wNMSE=0.11455371 wMSE=8726.7422 wMRED=2.47483794 wER=0.249055 wMAE=42.6658 wBias=16.4141 condBias=46.6679 dotDrift=+11.245sigma uMRED=0.0626933335 uER=0.242188 uMAE=18.6875 WCE=252 bias=6.8125 *BEST*
[quad_warmup_bit:00100] loss=0.306390 tau=1.50 collapse_w=0.000 mid_frac=0.696 hard=score=14.1230939845 wNMSE=0.11418237 wMSE=8698.4534 wMRED=2.47238248 wER=0.249055 wMAE=42.3443 wBias=16.0926 condBias=46.5921 dotDrift=+11.043sigma uMRED=0.0598601464 uER=0.242188 uMAE=16.1875 WCE=252 bias=4.3125 *BEST*
[quad_warmup_bit:00125] loss=0.282261 tau=1.50 collapse_w=0.000 mid_frac=0.679 hard=score=13.6817541180 wNMSE=0.11448372 wMSE=8721.4106 wMRED=2.47577483 wER=0.249055 wMAE=42.6015 wBias=15.8355 condBias=46.6536 dotDrift=+10.852sigma uMRED=0.0606077194 uER=0.242188 uMAE=16.6875 WCE=252 bias=3.8125 *BEST*
[quad_warmup_bit:00150] loss=0.258562 tau=1.50 collapse_w=0.000 mid_frac=0.679 hard=score=13.2201279869 wNMSE=0.11410904 wMSE=8692.8670 wMRED=2.47496766 wER=0.249598 wMAE=42.6690 wBias=15.5625 condBias=46.5772 dotDrift=+10.683sigma uMRED=0.0626511626 uER=0.250000 uMAE=18.7188 WCE=252 bias=1.5625 *BEST*
[quad_warmup_bit:00175] loss=0.235640 tau=1.50 collapse_w=0.000 mid_frac=0.679 hard=score=7.3741513295 wNMSE=0.092355731 wMSE=7035.6925 wMRED=2.27859725 wER=0.249598 wMAE=39.1245 wBias=11.5843 condBias=41.9033 dotDrift=+8.839sigma uMRED=0.0596226169 uER=0.250000 uMAE=18.9219 WCE=220 bias=-1.4375 *BEST*
[quad_warmup_bit:00200] loss=0.214001 tau=1.50 collapse_w=0.000 mid_frac=0.696 hard=score=7.1783134424 wNMSE=0.092575761 wMSE=7052.4545 wMRED=2.27941069 wER=0.249598 wMAE=39.2742 wBias=11.4258 condBias=41.9531 dotDrift=+8.708sigma uMRED=0.0624885475 uER=0.250000 uMAE=21.7344 WCE=220 bias=-4.4375 *BEST*
[quad_warmup_bit:00250] loss=0.176429 tau=1.50 collapse_w=0.000 mid_frac=0.661 hard=score=5.1799956240 wNMSE=0.083143651 wMSE=6333.9130 wMRED=2.18298310 wER=0.249598 wMAE=37.4821 wBias=9.6796 condBias=39.7587 dotDrift=+7.784sigma uMRED=0.0602824985 uER=0.250000 uMAE=21.1719 WCE=204 bias=-4.8125 *BEST*
[quad_warmup_bit:00300] loss=0.148071 tau=1.50 collapse_w=0.000 mid_frac=0.625 hard=score=1.4458527316 wNMSE=0.032573586 wMSE=2481.4674 wMRED=1.39317620 wER=0.249598 wMAE=22.7256 wBias=-5.0769 condBias=24.8871 dotDrift=-6.523sigma uMRED=0.0427579138 uER=0.250000 uMAE=17.1719 WCE=156 bias=-8.8125 *BEST*
[quad_warmup_bit:00400] loss=0.115816 tau=1.50 collapse_w=0.000 mid_frac=0.607 hard=score=10.8530204389 wNMSE=0.028092 wMSE=2140.0585 wMRED=1.01696495 wER=0.230737 wMAE=16.7201 wBias=-14.1679 condBias=28.3595 dotDrift=-19.601sigma uMRED=0.0397794599 uER=0.242188 uMAE=19.5156 WCE=156 bias=-16.3125
[quad_warmup_bit:00600] loss=0.094686 tau=1.50 collapse_w=0.000 mid_frac=0.500 hard=score=12.8647940484 wNMSE=0.026432792 wMSE=2013.6595 wMRED=0.95634518 wER=0.167878 wMAE=15.4329 wBias=-15.4329 condBias=30.8920 dotDrift=-22.011sigma uMRED=0.0376308186 uER=0.226562 uMAE=18.7500 WCE=148 bias=-18.7500
[quad_warmup_bit:00800] loss=0.084562 tau=1.50 collapse_w=0.000 mid_frac=0.518 hard=score=12.5379508142 wNMSE=0.025780971 wMSE=1964.0036 wMRED=0.93760070 wER=0.167878 wMAE=15.2356 wBias=-15.2356 condBias=30.4971 dotDrift=-22.002sigma uMRED=0.0367104577 uER=0.226562 uMAE=18.1250 WCE=144 bias=-18.1250
[quad_warmup_bit:01000] loss=0.075510 tau=1.50 collapse_w=0.000 mid_frac=0.411 hard=score=9.8941831013 wNMSE=0.020517713 wMSE=1563.0467 wMRED=0.83424027 wER=0.167097 wMAE=13.5335 wBias=-13.5335 condBias=27.0903 dotDrift=-21.908sigma uMRED=0.0305992658 uER=0.210938 uMAE=14.0000 WCE=128 bias=-14.0000
[quad_warmup_bit:01200] loss=0.068465 tau=1.50 collapse_w=0.000 mid_frac=0.375 hard=score=9.3628843330 wNMSE=0.019907674 wMSE=1516.5737 wMRED=0.83034203 wER=0.166309 wMAE=13.1850 wBias=-13.1643 condBias=26.3513 dotDrift=-21.634sigma uMRED=0.0281287213 uER=0.195312 uMAE=11.8125 WCE=128 bias=-11.5000
[quad_warmup_bit:01400] loss=0.063404 tau=1.50 collapse_w=0.000 mid_frac=0.286 hard=score=8.2911687279 wNMSE=0.019008542 wMSE=1448.0775 wMRED=0.81785728 wER=0.144267 wMAE=12.4342 wBias=-12.3857 condBias=24.7931 dotDrift=-20.831sigma uMRED=0.0225159803 uER=0.152344 uMAE=7.0000 WCE=128 bias=-6.3750
[quad_warmup_bit:01600] loss=0.059699 tau=1.50 collapse_w=0.000 mid_frac=0.268 hard=score=8.2911687279 wNMSE=0.019008542 wMSE=1448.0775 wMRED=0.81785728 wER=0.144267 wMAE=12.4342 wBias=-12.3857 condBias=24.7931 dotDrift=-20.831sigma uMRED=0.0225159803 uER=0.152344 uMAE=7.0000 WCE=128 bias=-6.3750
[quad_warmup_bit:01800] loss=0.055987 tau=1.50 collapse_w=0.000 mid_frac=0.286 hard=score=8.2911687279 wNMSE=0.019008542 wMSE=1448.0775 wMRED=0.81785728 wER=0.144267 wMAE=12.4342 wBias=-12.3857 condBias=24.7931 dotDrift=-20.831sigma uMRED=0.0225159803 uER=0.152344 uMAE=7.0000 WCE=128 bias=-6.3750
[quad_warmup_bit:02000] loss=0.051779 tau=1.50 collapse_w=0.000 mid_frac=0.232 hard=score=8.2911687279 wNMSE=0.019008542 wMSE=1448.0775 wMRED=0.81785728 wER=0.144267 wMAE=12.4342 wBias=-12.3857 condBias=24.7931 dotDrift=-20.831sigma uMRED=0.0225159803 uER=0.152344 uMAE=7.0000 WCE=128 bias=-6.3750
[quad_warmup_bit:02100] loss=0.049884 tau=1.50 collapse_w=0.000 mid_frac=0.196 hard=score=0.0918664058 wNMSE=0.0011633964 wMSE=88.6280 wMRED=0.03278495 wER=0.090592 wMAE=1.8135 wBias=-1.2584 condBias=4.7048 dotDrift=-8.555sigma uMRED=0.0050368364 uER=0.136719 uMAE=3.3125 WCE=80 bias=-2.3750 *BEST*
[quad_warmup_bit:02200] loss=0.048225 tau=1.50 collapse_w=0.000 mid_frac=0.196 hard=score=0.0918664058 wNMSE=0.0011633964 wMSE=88.6280 wMRED=0.03278495 wER=0.090592 wMAE=1.8135 wBias=-1.2584 condBias=4.7048 dotDrift=-8.555sigma uMRED=0.0050368364 uER=0.136719 uMAE=3.3125 WCE=80 bias=-2.3750
[quad_warmup_bit:02400] loss=0.045528 tau=1.50 collapse_w=0.000 mid_frac=0.179 hard=score=0.0918664058 wNMSE=0.0011633964 wMSE=88.6280 wMRED=0.03278495 wER=0.090592 wMAE=1.8135 wBias=-1.2584 condBias=4.7048 dotDrift=-8.555sigma uMRED=0.0050368364 uER=0.136719 uMAE=3.3125 WCE=80 bias=-2.3750
[quad_warmup_bit:02600] loss=0.043446 tau=1.50 collapse_w=0.000 mid_frac=0.161 hard=score=0.0918664058 wNMSE=0.0011633964 wMSE=88.6280 wMRED=0.03278495 wER=0.090592 wMAE=1.8135 wBias=-1.2584 condBias=4.7048 dotDrift=-8.555sigma uMRED=0.0050368364 uER=0.136719 uMAE=3.3125 WCE=80 bias=-2.3750
[quad_warmup_bit:02800] loss=0.041190 tau=1.50 collapse_w=0.000 mid_frac=0.143 hard=score=0.0918664058 wNMSE=0.0011633964 wMSE=88.6280 wMRED=0.03278495 wER=0.090592 wMAE=1.8135 wBias=-1.2584 condBias=4.7048 dotDrift=-8.555sigma uMRED=0.0050368364 uER=0.136719 uMAE=3.3125 WCE=80 bias=-2.3750
[quad_warmup_bit:02925] loss=0.038255 tau=1.50 collapse_w=0.000 mid_frac=0.107 hard=score=0.0040231395 wNMSE=0.00013035136 wMSE=9.9302 wMRED=0.01921555 wER=0.082765 wMAE=0.7848 wBias=-0.2298 condBias=1.5746 dotDrift=-4.667sigma uMRED=0.0020465443 uER=0.117188 uMAE=1.3125 WCE=16 bias=-0.3750 *BEST*
[quad_warmup_bit:03000] loss=0.036689 tau=1.50 collapse_w=0.000 mid_frac=0.089 hard=score=0.0040231395 wNMSE=0.00013035136 wMSE=9.9302 wMRED=0.01921555 wER=0.082765 wMAE=0.7848 wBias=-0.2298 condBias=1.5746 dotDrift=-4.667sigma uMRED=0.0020465443 uER=0.117188 uMAE=1.3125 WCE=16 bias=-0.3750
[quad_warmup_bit:03200] loss=0.033998 tau=1.50 collapse_w=0.000 mid_frac=0.089 hard=score=0.0040231395 wNMSE=0.00013035136 wMSE=9.9302 wMRED=0.01921555 wER=0.082765 wMAE=0.7848 wBias=-0.2298 condBias=1.5746 dotDrift=-4.667sigma uMRED=0.0020465443 uER=0.117188 uMAE=1.3125 WCE=16 bias=-0.3750
[quad_warmup_bit:03400] loss=0.032651 tau=1.50 collapse_w=0.000 mid_frac=0.089 hard=score=0.0040231395 wNMSE=0.00013035136 wMSE=9.9302 wMRED=0.01921555 wER=0.082765 wMAE=0.7848 wBias=-0.2298 condBias=1.5746 dotDrift=-4.667sigma uMRED=0.0020465443 uER=0.117188 uMAE=1.3125 WCE=16 bias=-0.3750
[quad_warmup_bit:03600] loss=0.031938 tau=1.50 collapse_w=0.000 mid_frac=0.089 hard=score=0.0040231395 wNMSE=0.00013035136 wMSE=9.9302 wMRED=0.01921555 wER=0.082765 wMAE=0.7848 wBias=-0.2298 condBias=1.5746 dotDrift=-4.667sigma uMRED=0.0020465443 uER=0.117188 uMAE=1.3125 WCE=16 bias=-0.3750
[quad_warmup_bit:03800] loss=0.031481 tau=1.50 collapse_w=0.000 mid_frac=0.089 hard=score=0.0040231395 wNMSE=0.00013035136 wMSE=9.9302 wMRED=0.01921555 wER=0.082765 wMAE=0.7848 wBias=-0.2298 condBias=1.5746 dotDrift=-4.667sigma uMRED=0.0020465443 uER=0.117188 uMAE=1.3125 WCE=16 bias=-0.3750
[quad_warmup_bit:04000] loss=0.031148 tau=1.50 collapse_w=0.000 mid_frac=0.089 hard=score=0.0040231395 wNMSE=0.00013035136 wMSE=9.9302 wMRED=0.01921555 wER=0.082765 wMAE=0.7848 wBias=-0.2298 condBias=1.5746 dotDrift=-4.667sigma uMRED=0.0020465443 uER=0.117188 uMAE=1.3125 WCE=16 bias=-0.3750
[quad_warmup_bit:04200] loss=0.030891 tau=1.50 collapse_w=0.000 mid_frac=0.089 hard=score=0.0040231395 wNMSE=0.00013035136 wMSE=9.9302 wMRED=0.01921555 wER=0.082765 wMAE=0.7848 wBias=-0.2298 condBias=1.5746 dotDrift=-4.667sigma uMRED=0.0020465443 uER=0.117188 uMAE=1.3125 WCE=16 bias=-0.3750
[quad_warmup_bit:04400] loss=0.030687 tau=1.50 collapse_w=0.000 mid_frac=0.089 hard=score=0.0040231395 wNMSE=0.00013035136 wMSE=9.9302 wMRED=0.01921555 wER=0.082765 wMAE=0.7848 wBias=-0.2298 condBias=1.5746 dotDrift=-4.667sigma uMRED=0.0020465443 uER=0.117188 uMAE=1.3125 WCE=16 bias=-0.3750
[quad_warmup_bit:04600] loss=0.030522 tau=1.50 collapse_w=0.000 mid_frac=0.089 hard=score=0.0040231395 wNMSE=0.00013035136 wMSE=9.9302 wMRED=0.01921555 wER=0.082765 wMAE=0.7848 wBias=-0.2298 condBias=1.5746 dotDrift=-4.667sigma uMRED=0.0020465443 uER=0.117188 uMAE=1.3125 WCE=16 bias=-0.3750
[quad_warmup_bit:04800] loss=0.030387 tau=1.50 collapse_w=0.000 mid_frac=0.089 hard=score=0.0040231395 wNMSE=0.00013035136 wMSE=9.9302 wMRED=0.01921555 wER=0.082765 wMAE=0.7848 wBias=-0.2298 condBias=1.5746 dotDrift=-4.667sigma uMRED=0.0020465443 uER=0.117188 uMAE=1.3125 WCE=16 bias=-0.3750
[quad_warmup_bit:05000] loss=0.030274 tau=1.50 collapse_w=0.000 mid_frac=0.089 hard=score=0.0040231395 wNMSE=0.00013035136 wMSE=9.9302 wMRED=0.01921555 wER=0.082765 wMAE=0.7848 wBias=-0.2298 condBias=1.5746 dotDrift=-4.667sigma uMRED=0.0020465443 uER=0.117188 uMAE=1.3125 WCE=16 bias=-0.3750
[quad_warmup_bit:05200] loss=0.030180 tau=1.50 collapse_w=0.000 mid_frac=0.089 hard=score=0.0040231395 wNMSE=0.00013035136 wMSE=9.9302 wMRED=0.01921555 wER=0.082765 wMAE=0.7848 wBias=-0.2298 condBias=1.5746 dotDrift=-4.667sigma uMRED=0.0020465443 uER=0.117188 uMAE=1.3125 WCE=16 bias=-0.3750
[quad_warmup_bit:05400] loss=0.030101 tau=1.50 collapse_w=0.000 mid_frac=0.089 hard=score=0.0040231395 wNMSE=0.00013035136 wMSE=9.9302 wMRED=0.01921555 wER=0.082765 wMAE=0.7848 wBias=-0.2298 condBias=1.5746 dotDrift=-4.667sigma uMRED=0.0020465443 uER=0.117188 uMAE=1.3125 WCE=16 bias=-0.3750
[quad_warmup_bit:05600] loss=0.030033 tau=1.50 collapse_w=0.000 mid_frac=0.089 hard=score=0.0040231395 wNMSE=0.00013035136 wMSE=9.9302 wMRED=0.01921555 wER=0.082765 wMAE=0.7848 wBias=-0.2298 condBias=1.5746 dotDrift=-4.667sigma uMRED=0.0020465443 uER=0.117188 uMAE=1.3125 WCE=16 bias=-0.3750
[quad_warmup_bit:05800] loss=0.029975 tau=1.50 collapse_w=0.000 mid_frac=0.089 hard=score=0.0040231395 wNMSE=0.00013035136 wMSE=9.9302 wMRED=0.01921555 wER=0.082765 wMAE=0.7848 wBias=-0.2298 condBias=1.5746 dotDrift=-4.667sigma uMRED=0.0020465443 uER=0.117188 uMAE=1.3125 WCE=16 bias=-0.3750
[quad_warmup_bit:05999] loss=0.029924 tau=1.50 collapse_w=0.000 mid_frac=0.089 hard=score=0.0040231395 wNMSE=0.00013035136 wMSE=9.9302 wMRED=0.01921555 wER=0.082765 wMAE=0.7848 wBias=-0.2298 condBias=1.5746 dotDrift=-4.667sigma uMRED=0.0020465443 uER=0.117188 uMAE=1.3125 WCE=16 bias=-0.3750
[quad_soft:00000] loss=0.037660 tau=1.50 collapse_w=0.000 mid_frac=0.089 hard=score=0.0040231395 wNMSE=0.00013035136 wMSE=9.9302 wMRED=0.01921555 wER=0.082765 wMAE=0.7848 wBias=-0.2298 condBias=1.5746 dotDrift=-4.667sigma uMRED=0.0020465443 uER=0.117188 uMAE=1.3125 WCE=16 bias=-0.3750
[quad_soft:00025] loss=0.036906 tau=1.51 collapse_w=0.000 mid_frac=0.089 hard=score=0.0013734682 wNMSE=8.8383708e-05 wMSE=6.7331 wMRED=0.01606106 wER=0.082765 wMAE=0.6240 wBias=-0.0689 condBias=1.2965 dotDrift=-1.700sigma uMRED=0.0016576735 uER=0.117188 uMAE=1.0625 WCE=16 bias=-0.1250 *BEST*
[quad_soft:00200] loss=0.034761 tau=1.59 collapse_w=0.000 mid_frac=0.107 hard=score=0.0033913430 wNMSE=0.00010196514 wMSE=7.7677 wMRED=0.02381904 wER=0.101286 wMAE=0.7596 wBias=-0.2045 condBias=1.3925 dotDrift=-4.696sigma uMRED=0.0019411271 uER=0.132812 uMAE=1.1875 WCE=16 bias=-0.2500
[quad_soft:00400] loss=0.033460 tau=1.68 collapse_w=0.000 mid_frac=0.125 hard=score=0.0033913430 wNMSE=0.00010196514 wMSE=7.7677 wMRED=0.02381904 wER=0.101286 wMAE=0.7596 wBias=-0.2045 condBias=1.3925 dotDrift=-4.696sigma uMRED=0.0019411271 uER=0.132812 uMAE=1.1875 WCE=16 bias=-0.2500
[quad_soft:00600] loss=0.032725 tau=1.77 collapse_w=0.000 mid_frac=0.125 hard=score=0.0033913430 wNMSE=0.00010196514 wMSE=7.7677 wMRED=0.02381904 wER=0.101286 wMAE=0.7596 wBias=-0.2045 condBias=1.3925 dotDrift=-4.696sigma uMRED=0.0019411271 uER=0.132812 uMAE=1.1875 WCE=16 bias=-0.2500
[quad_soft:00800] loss=0.032057 tau=1.86 collapse_w=0.000 mid_frac=0.125 hard=score=0.0033913430 wNMSE=0.00010196514 wMSE=7.7677 wMRED=0.02381904 wER=0.101286 wMAE=0.7596 wBias=-0.2045 condBias=1.3925 dotDrift=-4.696sigma uMRED=0.0019411271 uER=0.132812 uMAE=1.1875 WCE=16 bias=-0.2500
[quad_soft:01000] loss=0.031413 tau=1.95 collapse_w=0.000 mid_frac=0.125 hard=score=0.0033913430 wNMSE=0.00010196514 wMSE=7.7677 wMRED=0.02381904 wER=0.101286 wMAE=0.7596 wBias=-0.2045 condBias=1.3925 dotDrift=-4.696sigma uMRED=0.0019411271 uER=0.132812 uMAE=1.1875 WCE=16 bias=-0.2500
[quad_soft:01200] loss=0.030780 tau=2.04 collapse_w=0.000 mid_frac=0.125 hard=score=0.0033913430 wNMSE=0.00010196514 wMSE=7.7677 wMRED=0.02381904 wER=0.101286 wMAE=0.7596 wBias=-0.2045 condBias=1.3925 dotDrift=-4.696sigma uMRED=0.0019411271 uER=0.132812 uMAE=1.1875 WCE=16 bias=-0.2500
[quad_soft:01400] loss=0.030151 tau=2.13 collapse_w=0.000 mid_frac=0.125 hard=score=0.0033913430 wNMSE=0.00010196514 wMSE=7.7677 wMRED=0.02381904 wER=0.101286 wMAE=0.7596 wBias=-0.2045 condBias=1.3925 dotDrift=-4.696sigma uMRED=0.0019411271 uER=0.132812 uMAE=1.1875 WCE=16 bias=-0.2500
[quad_soft:01600] loss=0.029526 tau=2.22 collapse_w=0.000 mid_frac=0.125 hard=score=0.0033913430 wNMSE=0.00010196514 wMSE=7.7677 wMRED=0.02381904 wER=0.101286 wMAE=0.7596 wBias=-0.2045 condBias=1.3925 dotDrift=-4.696sigma uMRED=0.0019411271 uER=0.132812 uMAE=1.1875 WCE=16 bias=-0.2500
[quad_soft:01800] loss=0.028903 tau=2.31 collapse_w=0.000 mid_frac=0.125 hard=score=0.0033913430 wNMSE=0.00010196514 wMSE=7.7677 wMRED=0.02381904 wER=0.101286 wMAE=0.7596 wBias=-0.2045 condBias=1.3925 dotDrift=-4.696sigma uMRED=0.0019411271 uER=0.132812 uMAE=1.1875 WCE=16 bias=-0.2500
[quad_soft:02000] loss=0.028279 tau=2.40 collapse_w=0.000 mid_frac=0.125 hard=score=0.0033913430 wNMSE=0.00010196514 wMSE=7.7677 wMRED=0.02381904 wER=0.101286 wMAE=0.7596 wBias=-0.2045 condBias=1.3925 dotDrift=-4.696sigma uMRED=0.0019411271 uER=0.132812 uMAE=1.1875 WCE=16 bias=-0.2500
[quad_soft:02200] loss=0.027656 tau=2.49 collapse_w=0.000 mid_frac=0.125 hard=score=0.0033913430 wNMSE=0.00010196514 wMSE=7.7677 wMRED=0.02381904 wER=0.101286 wMAE=0.7596 wBias=-0.2045 condBias=1.3925 dotDrift=-4.696sigma uMRED=0.0019411271 uER=0.132812 uMAE=1.1875 WCE=16 bias=-0.2500
[quad_soft:02400] loss=0.027035 tau=2.58 collapse_w=0.000 mid_frac=0.125 hard=score=0.0033913430 wNMSE=0.00010196514 wMSE=7.7677 wMRED=0.02381904 wER=0.101286 wMAE=0.7596 wBias=-0.2045 condBias=1.3925 dotDrift=-4.696sigma uMRED=0.0019411271 uER=0.132812 uMAE=1.1875 WCE=16 bias=-0.2500
[quad_soft:02600] loss=0.026412 tau=2.67 collapse_w=0.000 mid_frac=0.125 hard=score=0.0033913430 wNMSE=0.00010196514 wMSE=7.7677 wMRED=0.02381904 wER=0.101286 wMAE=0.7596 wBias=-0.2045 condBias=1.3925 dotDrift=-4.696sigma uMRED=0.0019411271 uER=0.132812 uMAE=1.1875 WCE=16 bias=-0.2500
[quad_soft:02800] loss=0.025790 tau=2.76 collapse_w=0.000 mid_frac=0.125 hard=score=0.0033913430 wNMSE=0.00010196514 wMSE=7.7677 wMRED=0.02381904 wER=0.101286 wMAE=0.7596 wBias=-0.2045 condBias=1.3925 dotDrift=-4.696sigma uMRED=0.0019411271 uER=0.132812 uMAE=1.1875 WCE=16 bias=-0.2500
[quad_soft:03000] loss=0.025169 tau=2.85 collapse_w=0.000 mid_frac=0.125 hard=score=0.0033913430 wNMSE=0.00010196514 wMSE=7.7677 wMRED=0.02381904 wER=0.101286 wMAE=0.7596 wBias=-0.2045 condBias=1.3925 dotDrift=-4.696sigma uMRED=0.0019411271 uER=0.132812 uMAE=1.1875 WCE=16 bias=-0.2500
[quad_soft:03200] loss=0.024546 tau=2.94 collapse_w=0.000 mid_frac=0.125 hard=score=0.0033913430 wNMSE=0.00010196514 wMSE=7.7677 wMRED=0.02381904 wER=0.101286 wMAE=0.7596 wBias=-0.2045 condBias=1.3925 dotDrift=-4.696sigma uMRED=0.0019411271 uER=0.132812 uMAE=1.1875 WCE=16 bias=-0.2500
[quad_soft:03400] loss=0.023923 tau=3.03 collapse_w=0.000 mid_frac=0.125 hard=score=0.0033913430 wNMSE=0.00010196514 wMSE=7.7677 wMRED=0.02381904 wER=0.101286 wMAE=0.7596 wBias=-0.2045 condBias=1.3925 dotDrift=-4.696sigma uMRED=0.0019411271 uER=0.132812 uMAE=1.1875 WCE=16 bias=-0.2500
[quad_soft:03600] loss=0.023301 tau=3.12 collapse_w=0.000 mid_frac=0.125 hard=score=0.0033913430 wNMSE=0.00010196514 wMSE=7.7677 wMRED=0.02381904 wER=0.101286 wMAE=0.7596 wBias=-0.2045 condBias=1.3925 dotDrift=-4.696sigma uMRED=0.0019411271 uER=0.132812 uMAE=1.1875 WCE=16 bias=-0.2500
[quad_soft:03800] loss=0.022679 tau=3.21 collapse_w=0.000 mid_frac=0.125 hard=score=0.0033913430 wNMSE=0.00010196514 wMSE=7.7677 wMRED=0.02381904 wER=0.101286 wMAE=0.7596 wBias=-0.2045 condBias=1.3925 dotDrift=-4.696sigma uMRED=0.0019411271 uER=0.132812 uMAE=1.1875 WCE=16 bias=-0.2500
[quad_soft:04000] loss=0.022057 tau=3.30 collapse_w=0.000 mid_frac=0.125 hard=score=0.0033913430 wNMSE=0.00010196514 wMSE=7.7677 wMRED=0.02381904 wER=0.101286 wMAE=0.7596 wBias=-0.2045 condBias=1.3925 dotDrift=-4.696sigma uMRED=0.0019411271 uER=0.132812 uMAE=1.1875 WCE=16 bias=-0.2500
[quad_soft:04200] loss=0.021429 tau=3.39 collapse_w=0.000 mid_frac=0.125 hard=score=0.0033913430 wNMSE=0.00010196514 wMSE=7.7677 wMRED=0.02381904 wER=0.101286 wMAE=0.7596 wBias=-0.2045 condBias=1.3925 dotDrift=-4.696sigma uMRED=0.0019411271 uER=0.132812 uMAE=1.1875 WCE=16 bias=-0.2500
[quad_soft:04400] loss=0.020800 tau=3.48 collapse_w=0.000 mid_frac=0.125 hard=score=0.0033913430 wNMSE=0.00010196514 wMSE=7.7677 wMRED=0.02381904 wER=0.101286 wMAE=0.7596 wBias=-0.2045 condBias=1.3925 dotDrift=-4.696sigma uMRED=0.0019411271 uER=0.132812 uMAE=1.1875 WCE=16 bias=-0.2500
[quad_soft:04600] loss=0.020171 tau=3.57 collapse_w=0.000 mid_frac=0.143 hard=score=0.0033913430 wNMSE=0.00010196514 wMSE=7.7677 wMRED=0.02381904 wER=0.101286 wMAE=0.7596 wBias=-0.2045 condBias=1.3925 dotDrift=-4.696sigma uMRED=0.0019411271 uER=0.132812 uMAE=1.1875 WCE=16 bias=-0.2500
[quad_soft:04800] loss=0.019543 tau=3.66 collapse_w=0.000 mid_frac=0.143 hard=score=0.0033913430 wNMSE=0.00010196514 wMSE=7.7677 wMRED=0.02381904 wER=0.101286 wMAE=0.7596 wBias=-0.2045 condBias=1.3925 dotDrift=-4.696sigma uMRED=0.0019411271 uER=0.132812 uMAE=1.1875 WCE=16 bias=-0.2500
[quad_soft:05000] loss=0.018913 tau=3.75 collapse_w=0.000 mid_frac=0.143 hard=score=0.0033913430 wNMSE=0.00010196514 wMSE=7.7677 wMRED=0.02381904 wER=0.101286 wMAE=0.7596 wBias=-0.2045 condBias=1.3925 dotDrift=-4.696sigma uMRED=0.0019411271 uER=0.132812 uMAE=1.1875 WCE=16 bias=-0.2500
[quad_soft:05200] loss=0.018285 tau=3.84 collapse_w=0.000 mid_frac=0.143 hard=score=0.0033913430 wNMSE=0.00010196514 wMSE=7.7677 wMRED=0.02381904 wER=0.101286 wMAE=0.7596 wBias=-0.2045 condBias=1.3925 dotDrift=-4.696sigma uMRED=0.0019411271 uER=0.132812 uMAE=1.1875 WCE=16 bias=-0.2500
[quad_soft:05400] loss=0.017656 tau=3.93 collapse_w=0.000 mid_frac=0.143 hard=score=0.0033913430 wNMSE=0.00010196514 wMSE=7.7677 wMRED=0.02381904 wER=0.101286 wMAE=0.7596 wBias=-0.2045 condBias=1.3925 dotDrift=-4.696sigma uMRED=0.0019411271 uER=0.132812 uMAE=1.1875 WCE=16 bias=-0.2500
[quad_soft:05600] loss=0.017027 tau=4.02 collapse_w=0.000 mid_frac=0.143 hard=score=0.0033913430 wNMSE=0.00010196514 wMSE=7.7677 wMRED=0.02381904 wER=0.101286 wMAE=0.7596 wBias=-0.2045 condBias=1.3925 dotDrift=-4.696sigma uMRED=0.0019411271 uER=0.132812 uMAE=1.1875 WCE=16 bias=-0.2500
[quad_soft:05800] loss=0.016397 tau=4.11 collapse_w=0.000 mid_frac=0.143 hard=score=0.0033913430 wNMSE=0.00010196514 wMSE=7.7677 wMRED=0.02381904 wER=0.101286 wMAE=0.7596 wBias=-0.2045 condBias=1.3925 dotDrift=-4.696sigma uMRED=0.0019411271 uER=0.132812 uMAE=1.1875 WCE=16 bias=-0.2500
[quad_soft:06000] loss=0.015771 tau=4.20 collapse_w=0.000 mid_frac=0.143 hard=score=0.0033913430 wNMSE=0.00010196514 wMSE=7.7677 wMRED=0.02381904 wER=0.101286 wMAE=0.7596 wBias=-0.2045 condBias=1.3925 dotDrift=-4.696sigma uMRED=0.0019411271 uER=0.132812 uMAE=1.1875 WCE=16 bias=-0.2500
[quad_soft:06200] loss=0.015862 tau=4.29 collapse_w=0.025 mid_frac=0.107 hard=score=0.0033913430 wNMSE=0.00010196514 wMSE=7.7677 wMRED=0.02381904 wER=0.101286 wMAE=0.7596 wBias=-0.2045 condBias=1.3925 dotDrift=-4.696sigma uMRED=0.0019411271 uER=0.132812 uMAE=1.1875 WCE=16 bias=-0.2500
[quad_soft:06400] loss=0.015809 tau=4.38 collapse_w=0.050 mid_frac=0.089 hard=score=0.0013734682 wNMSE=8.8383708e-05 wMSE=6.7331 wMRED=0.01606106 wER=0.082765 wMAE=0.6240 wBias=-0.0689 condBias=1.2965 dotDrift=-1.700sigma uMRED=0.0016576735 uER=0.117188 uMAE=1.0625 WCE=16 bias=-0.1250
[quad_soft:06600] loss=0.015688 tau=4.47 collapse_w=0.075 mid_frac=0.071 hard=score=0.0013734682 wNMSE=8.8383708e-05 wMSE=6.7331 wMRED=0.01606106 wER=0.082765 wMAE=0.6240 wBias=-0.0689 condBias=1.2965 dotDrift=-1.700sigma uMRED=0.0016576735 uER=0.117188 uMAE=1.0625 WCE=16 bias=-0.1250
[quad_soft:06800] loss=0.015517 tau=4.56 collapse_w=0.100 mid_frac=0.054 hard=score=0.0013734682 wNMSE=8.8383708e-05 wMSE=6.7331 wMRED=0.01606106 wER=0.082765 wMAE=0.6240 wBias=-0.0689 condBias=1.2965 dotDrift=-1.700sigma uMRED=0.0016576735 uER=0.117188 uMAE=1.0625 WCE=16 bias=-0.1250
[quad_soft:07000] loss=0.015307 tau=4.65 collapse_w=0.125 mid_frac=0.036 hard=score=0.0013734682 wNMSE=8.8383708e-05 wMSE=6.7331 wMRED=0.01606106 wER=0.082765 wMAE=0.6240 wBias=-0.0689 condBias=1.2965 dotDrift=-1.700sigma uMRED=0.0016576735 uER=0.117188 uMAE=1.0625 WCE=16 bias=-0.1250
[quad_soft:07200] loss=0.015062 tau=4.74 collapse_w=0.150 mid_frac=0.018 hard=score=0.0013734682 wNMSE=8.8383708e-05 wMSE=6.7331 wMRED=0.01606106 wER=0.082765 wMAE=0.6240 wBias=-0.0689 condBias=1.2965 dotDrift=-1.700sigma uMRED=0.0016576735 uER=0.117188 uMAE=1.0625 WCE=16 bias=-0.1250
[quad_soft:07400] loss=0.014785 tau=4.83 collapse_w=0.175 mid_frac=0.018 hard=score=0.0013734682 wNMSE=8.8383708e-05 wMSE=6.7331 wMRED=0.01606106 wER=0.082765 wMAE=0.6240 wBias=-0.0689 condBias=1.2965 dotDrift=-1.700sigma uMRED=0.0016576735 uER=0.117188 uMAE=1.0625 WCE=16 bias=-0.1250
[quad_soft:07600] loss=0.014417 tau=4.92 collapse_w=0.200 mid_frac=0.018 hard=score=0.0013734682 wNMSE=8.8383708e-05 wMSE=6.7331 wMRED=0.01606106 wER=0.082765 wMAE=0.6240 wBias=-0.0689 condBias=1.2965 dotDrift=-1.700sigma uMRED=0.0016576735 uER=0.117188 uMAE=1.0625 WCE=16 bias=-0.1250
[quad_soft:07800] loss=0.014063 tau=5.01 collapse_w=0.225 mid_frac=0.018 hard=score=0.0013734682 wNMSE=8.8383708e-05 wMSE=6.7331 wMRED=0.01606106 wER=0.082765 wMAE=0.6240 wBias=-0.0689 condBias=1.2965 dotDrift=-1.700sigma uMRED=0.0016576735 uER=0.117188 uMAE=1.0625 WCE=16 bias=-0.1250
[quad_soft:08000] loss=0.013682 tau=5.10 collapse_w=0.250 mid_frac=0.018 hard=score=0.0013734682 wNMSE=8.8383708e-05 wMSE=6.7331 wMRED=0.01606106 wER=0.082765 wMAE=0.6240 wBias=-0.0689 condBias=1.2965 dotDrift=-1.700sigma uMRED=0.0016576735 uER=0.117188 uMAE=1.0625 WCE=16 bias=-0.1250
[quad_soft:08200] loss=0.013278 tau=5.19 collapse_w=0.275 mid_frac=0.018 hard=score=0.0013734682 wNMSE=8.8383708e-05 wMSE=6.7331 wMRED=0.01606106 wER=0.082765 wMAE=0.6240 wBias=-0.0689 condBias=1.2965 dotDrift=-1.700sigma uMRED=0.0016576735 uER=0.117188 uMAE=1.0625 WCE=16 bias=-0.1250
[quad_soft:08400] loss=0.012850 tau=5.28 collapse_w=0.300 mid_frac=0.018 hard=score=0.0013734682 wNMSE=8.8383708e-05 wMSE=6.7331 wMRED=0.01606106 wER=0.082765 wMAE=0.6240 wBias=-0.0689 condBias=1.2965 dotDrift=-1.700sigma uMRED=0.0016576735 uER=0.117188 uMAE=1.0625 WCE=16 bias=-0.1250
[quad_soft:08600] loss=0.012393 tau=5.37 collapse_w=0.325 mid_frac=0.018 hard=score=0.0013734682 wNMSE=8.8383708e-05 wMSE=6.7331 wMRED=0.01606106 wER=0.082765 wMAE=0.6240 wBias=-0.0689 condBias=1.2965 dotDrift=-1.700sigma uMRED=0.0016576735 uER=0.117188 uMAE=1.0625 WCE=16 bias=-0.1250
[quad_soft:08800] loss=0.011907 tau=5.46 collapse_w=0.350 mid_frac=0.018 hard=score=0.0013734682 wNMSE=8.8383708e-05 wMSE=6.7331 wMRED=0.01606106 wER=0.082765 wMAE=0.6240 wBias=-0.0689 condBias=1.2965 dotDrift=-1.700sigma uMRED=0.0016576735 uER=0.117188 uMAE=1.0625 WCE=16 bias=-0.1250
[quad_soft:09000] loss=0.011387 tau=5.55 collapse_w=0.375 mid_frac=0.018 hard=score=0.0013734682 wNMSE=8.8383708e-05 wMSE=6.7331 wMRED=0.01606106 wER=0.082765 wMAE=0.6240 wBias=-0.0689 condBias=1.2965 dotDrift=-1.700sigma uMRED=0.0016576735 uER=0.117188 uMAE=1.0625 WCE=16 bias=-0.1250
[quad_soft:09200] loss=0.010823 tau=5.64 collapse_w=0.400 mid_frac=0.018 hard=score=0.0013734682 wNMSE=8.8383708e-05 wMSE=6.7331 wMRED=0.01606106 wER=0.082765 wMAE=0.6240 wBias=-0.0689 condBias=1.2965 dotDrift=-1.700sigma uMRED=0.0016576735 uER=0.117188 uMAE=1.0625 WCE=16 bias=-0.1250
[quad_soft:09400] loss=0.010211 tau=5.73 collapse_w=0.425 mid_frac=0.018 hard=score=0.0013734682 wNMSE=8.8383708e-05 wMSE=6.7331 wMRED=0.01606106 wER=0.082765 wMAE=0.6240 wBias=-0.0689 condBias=1.2965 dotDrift=-1.700sigma uMRED=0.0016576735 uER=0.117188 uMAE=1.0625 WCE=16 bias=-0.1250
[quad_soft:09600] loss=0.009518 tau=5.82 collapse_w=0.450 mid_frac=0.018 hard=score=0.0013734682 wNMSE=8.8383708e-05 wMSE=6.7331 wMRED=0.01606106 wER=0.082765 wMAE=0.6240 wBias=-0.0689 condBias=1.2965 dotDrift=-1.700sigma uMRED=0.0016576735 uER=0.117188 uMAE=1.0625 WCE=16 bias=-0.1250
[quad_soft:09800] loss=0.008688 tau=5.91 collapse_w=0.475 mid_frac=0.018 hard=score=0.0013734682 wNMSE=8.8383708e-05 wMSE=6.7331 wMRED=0.01606106 wER=0.082765 wMAE=0.6240 wBias=-0.0689 condBias=1.2965 dotDrift=-1.700sigma uMRED=0.0016576735 uER=0.117188 uMAE=1.0625 WCE=16 bias=-0.1250
[quad_soft:09999] loss=0.007659 tau=6.00 collapse_w=0.500 mid_frac=0.018 hard=score=0.0013734682 wNMSE=8.8383708e-05 wMSE=6.7331 wMRED=0.01606106 wER=0.082765 wMAE=0.6240 wBias=-0.0689 condBias=1.2965 dotDrift=-1.700sigma uMRED=0.0016576735 uER=0.117188 uMAE=1.0625 WCE=16 bias=-0.1250
[quad_hard_ste:00000] loss=0.005071 tau=6.00 collapse_w=0.500 mid_frac=0.018 hard=score=0.0013734682 wNMSE=8.8383708e-05 wMSE=6.7331 wMRED=0.01606106 wER=0.082765 wMAE=0.6240 wBias=-0.0689 condBias=1.2965 dotDrift=-1.700sigma uMRED=0.0016576735 uER=0.117188 uMAE=1.0625 WCE=16 bias=-0.1250
[quad_hard_ste:00200] loss=0.004389 tau=6.00 collapse_w=0.500 mid_frac=0.018 hard=score=0.0013734682 wNMSE=8.8383708e-05 wMSE=6.7331 wMRED=0.01606106 wER=0.082765 wMAE=0.6240 wBias=-0.0689 condBias=1.2965 dotDrift=-1.700sigma uMRED=0.0016576735 uER=0.117188 uMAE=1.0625 WCE=16 bias=-0.1250
[quad_hard_ste:00400] loss=0.003996 tau=6.00 collapse_w=0.500 mid_frac=0.018 hard=score=0.0013734682 wNMSE=8.8383708e-05 wMSE=6.7331 wMRED=0.01606106 wER=0.082765 wMAE=0.6240 wBias=-0.0689 condBias=1.2965 dotDrift=-1.700sigma uMRED=0.0016576735 uER=0.117188 uMAE=1.0625 WCE=16 bias=-0.1250
[quad_hard_ste:00600] loss=0.003750 tau=6.00 collapse_w=0.500 mid_frac=0.018 hard=score=0.0013734682 wNMSE=8.8383708e-05 wMSE=6.7331 wMRED=0.01606106 wER=0.082765 wMAE=0.6240 wBias=-0.0689 condBias=1.2965 dotDrift=-1.700sigma uMRED=0.0016576735 uER=0.117188 uMAE=1.0625 WCE=16 bias=-0.1250
[quad_hard_ste:00800] loss=0.003591 tau=6.00 collapse_w=0.500 mid_frac=0.018 hard=score=0.0013734682 wNMSE=8.8383708e-05 wMSE=6.7331 wMRED=0.01606106 wER=0.082765 wMAE=0.6240 wBias=-0.0689 condBias=1.2965 dotDrift=-1.700sigma uMRED=0.0016576735 uER=0.117188 uMAE=1.0625 WCE=16 bias=-0.1250
[quad_hard_ste:01000] loss=0.003484 tau=6.00 collapse_w=0.500 mid_frac=0.018 hard=score=0.0013734682 wNMSE=8.8383708e-05 wMSE=6.7331 wMRED=0.01606106 wER=0.082765 wMAE=0.6240 wBias=-0.0689 condBias=1.2965 dotDrift=-1.700sigma uMRED=0.0016576735 uER=0.117188 uMAE=1.0625 WCE=16 bias=-0.1250
[quad_hard_ste:01200] loss=0.003409 tau=6.00 collapse_w=0.500 mid_frac=0.018 hard=score=0.0013734682 wNMSE=8.8383708e-05 wMSE=6.7331 wMRED=0.01606106 wER=0.082765 wMAE=0.6240 wBias=-0.0689 condBias=1.2965 dotDrift=-1.700sigma uMRED=0.0016576735 uER=0.117188 uMAE=1.0625 WCE=16 bias=-0.1250
[quad_hard_ste:01400] loss=0.003356 tau=6.00 collapse_w=0.500 mid_frac=0.018 hard=score=0.0013734682 wNMSE=8.8383708e-05 wMSE=6.7331 wMRED=0.01606106 wER=0.082765 wMAE=0.6240 wBias=-0.0689 condBias=1.2965 dotDrift=-1.700sigma uMRED=0.0016576735 uER=0.117188 uMAE=1.0625 WCE=16 bias=-0.1250
[quad_hard_ste:01600] loss=0.003317 tau=6.00 collapse_w=0.500 mid_frac=0.018 hard=score=0.0013734682 wNMSE=8.8383708e-05 wMSE=6.7331 wMRED=0.01606106 wER=0.082765 wMAE=0.6240 wBias=-0.0689 condBias=1.2965 dotDrift=-1.700sigma uMRED=0.0016576735 uER=0.117188 uMAE=1.0625 WCE=16 bias=-0.1250
[quad_hard_ste:01800] loss=0.003287 tau=6.00 collapse_w=0.500 mid_frac=0.018 hard=score=0.0013734682 wNMSE=8.8383708e-05 wMSE=6.7331 wMRED=0.01606106 wER=0.082765 wMAE=0.6240 wBias=-0.0689 condBias=1.2965 dotDrift=-1.700sigma uMRED=0.0016576735 uER=0.117188 uMAE=1.0625 WCE=16 bias=-0.1250
[quad_hard_ste:02000] loss=0.003263 tau=6.00 collapse_w=0.500 mid_frac=0.018 hard=score=0.0013734682 wNMSE=8.8383708e-05 wMSE=6.7331 wMRED=0.01606106 wER=0.082765 wMAE=0.6240 wBias=-0.0689 condBias=1.2965 dotDrift=-1.700sigma uMRED=0.0016576735 uER=0.117188 uMAE=1.0625 WCE=16 bias=-0.1250
[quad_hard_ste:02200] loss=0.003245 tau=6.00 collapse_w=0.500 mid_frac=0.018 hard=score=0.0013734682 wNMSE=8.8383708e-05 wMSE=6.7331 wMRED=0.01606106 wER=0.082765 wMAE=0.6240 wBias=-0.0689 condBias=1.2965 dotDrift=-1.700sigma uMRED=0.0016576735 uER=0.117188 uMAE=1.0625 WCE=16 bias=-0.1250
[quad_hard_ste:02400] loss=0.003230 tau=6.00 collapse_w=0.500 mid_frac=0.018 hard=score=0.0013734682 wNMSE=8.8383708e-05 wMSE=6.7331 wMRED=0.01606106 wER=0.082765 wMAE=0.6240 wBias=-0.0689 condBias=1.2965 dotDrift=-1.700sigma uMRED=0.0016576735 uER=0.117188 uMAE=1.0625 WCE=16 bias=-0.1250
[quad_hard_ste:02600] loss=0.003218 tau=6.00 collapse_w=0.500 mid_frac=0.018 hard=score=0.0013734682 wNMSE=8.8383708e-05 wMSE=6.7331 wMRED=0.01606106 wER=0.082765 wMAE=0.6240 wBias=-0.0689 condBias=1.2965 dotDrift=-1.700sigma uMRED=0.0016576735 uER=0.117188 uMAE=1.0625 WCE=16 bias=-0.1250
[quad_hard_ste:02800] loss=0.003208 tau=6.00 collapse_w=0.500 mid_frac=0.018 hard=score=0.0013734682 wNMSE=8.8383708e-05 wMSE=6.7331 wMRED=0.01606106 wER=0.082765 wMAE=0.6240 wBias=-0.0689 condBias=1.2965 dotDrift=-1.700sigma uMRED=0.0016576735 uER=0.117188 uMAE=1.0625 WCE=16 bias=-0.1250
[quad_hard_ste:03000] loss=0.003200 tau=6.00 collapse_w=0.500 mid_frac=0.018 hard=score=0.0013734682 wNMSE=8.8383708e-05 wMSE=6.7331 wMRED=0.01606106 wER=0.082765 wMAE=0.6240 wBias=-0.0689 condBias=1.2965 dotDrift=-1.700sigma uMRED=0.0016576735 uER=0.117188 uMAE=1.0625 WCE=16 bias=-0.1250
[quad_hard_ste:03200] loss=0.003193 tau=6.00 collapse_w=0.500 mid_frac=0.018 hard=score=0.0013734682 wNMSE=8.8383708e-05 wMSE=6.7331 wMRED=0.01606106 wER=0.082765 wMAE=0.6240 wBias=-0.0689 condBias=1.2965 dotDrift=-1.700sigma uMRED=0.0016576735 uER=0.117188 uMAE=1.0625 WCE=16 bias=-0.1250
[quad_hard_ste:03400] loss=0.003187 tau=6.00 collapse_w=0.500 mid_frac=0.018 hard=score=0.0013734682 wNMSE=8.8383708e-05 wMSE=6.7331 wMRED=0.01606106 wER=0.082765 wMAE=0.6240 wBias=-0.0689 condBias=1.2965 dotDrift=-1.700sigma uMRED=0.0016576735 uER=0.117188 uMAE=1.0625 WCE=16 bias=-0.1250
[quad_hard_ste:03600] loss=0.003182 tau=6.00 collapse_w=0.500 mid_frac=0.018 hard=score=0.0013734682 wNMSE=8.8383708e-05 wMSE=6.7331 wMRED=0.01606106 wER=0.082765 wMAE=0.6240 wBias=-0.0689 condBias=1.2965 dotDrift=-1.700sigma uMRED=0.0016576735 uER=0.117188 uMAE=1.0625 WCE=16 bias=-0.1250
[quad_hard_ste:03800] loss=0.003178 tau=6.00 collapse_w=0.500 mid_frac=0.018 hard=score=0.0013734682 wNMSE=8.8383708e-05 wMSE=6.7331 wMRED=0.01606106 wER=0.082765 wMAE=0.6240 wBias=-0.0689 condBias=1.2965 dotDrift=-1.700sigma uMRED=0.0016576735 uER=0.117188 uMAE=1.0625 WCE=16 bias=-0.1250
[quad_hard_ste:03999] loss=0.003174 tau=6.00 collapse_w=0.500 mid_frac=0.018 hard=score=0.0013734682 wNMSE=8.8383708e-05 wMSE=6.7331 wMRED=0.01606106 wER=0.082765 wMAE=0.6240 wBias=-0.0689 condBias=1.2965 dotDrift=-1.700sigma uMRED=0.0016576735 uER=0.117188 uMAE=1.0625 WCE=16 bias=-0.1250
[pop00_soft:00000] loss=0.421189 tau=1.50 collapse_w=0.000 mid_frac=0.179 hard=score=0.3351927346 wNMSE=0.0028161928 wMSE=214.5386 wMRED=0.04778376 wER=0.171824 wMAE=3.1425 wBias=2.4388 condBias=7.3194 dotDrift=+10.656sigma uMRED=0.0200903697 uER=0.230469 uMAE=17.3359 WCE=178 bias=13.5625
[pop00_soft:00200] loss=0.248069 tau=2.25 collapse_w=0.000 mid_frac=0.286 hard=score=1.1330792507 wNMSE=0.0055333366 wMSE=421.5316 wMRED=0.15090553 wER=0.184791 wMAE=5.1493 wBias=-4.5544 condBias=10.2605 dotDrift=-14.197sigma uMRED=0.0208578382 uER=0.234375 uMAE=15.5938 WCE=140 bias=-4.6875
[pop00_soft:00400] loss=0.119160 tau=3.00 collapse_w=0.000 mid_frac=0.232 hard=score=0.0446963576 wNMSE=0.0007594342 wMSE=57.8540 wMRED=0.03658501 wER=0.115802 wMAE=1.8266 wBias=-0.8367 condBias=3.8006 dotDrift=-7.041sigma uMRED=0.0100179263 uER=0.203125 uMAE=8.3750 WCE=96 bias=0.8750
[pop00_soft:00600] loss=0.036847 tau=3.75 collapse_w=0.000 mid_frac=0.304 hard=score=1.0047114141 wNMSE=0.0057786314 wMSE=440.2182 wMRED=0.43771493 wER=0.169477 wMAE=7.3424 wBias=4.2916 condBias=10.4831 dotDrift=+13.091sigma uMRED=0.0182088899 uER=0.218750 uMAE=9.4375 WCE=80 bias=-5.1250
[pop00_soft:00800] loss=0.026840 tau=4.50 collapse_w=0.084 mid_frac=0.321 hard=score=0.0678733486 wNMSE=0.00051023545 wMSE=38.8699 wMRED=0.03481353 wER=0.113188 wMAE=1.5818 wBias=-1.0752 condBias=3.1153 dotDrift=-11.037sigma uMRED=0.0073618460 uER=0.187500 uMAE=5.9375 WCE=80 bias=-5.6250
[pop00_soft:01000] loss=0.027463 tau=5.25 collapse_w=0.293 mid_frac=0.268 hard=score=0.0678733486 wNMSE=0.00051023545 wMSE=38.8699 wMRED=0.03481353 wER=0.113188 wMAE=1.5818 wBias=-1.0752 condBias=3.1153 dotDrift=-11.037sigma uMRED=0.0073618460 uER=0.187500 uMAE=5.9375 WCE=80 bias=-5.6250
[pop00_soft:01199] loss=0.026371 tau=6.00 collapse_w=0.500 mid_frac=0.214 hard=score=0.0678733486 wNMSE=0.00051023545 wMSE=38.8699 wMRED=0.03481353 wER=0.113188 wMAE=1.5818 wBias=-1.0752 condBias=3.1153 dotDrift=-11.037sigma uMRED=0.0073618460 uER=0.187500 uMAE=5.9375 WCE=80 bias=-5.6250
[pop00_hard:00000] loss=0.088455 tau=6.00 collapse_w=0.500 mid_frac=0.214 hard=score=0.0678733486 wNMSE=0.00051023545 wMSE=38.8699 wMRED=0.03481353 wER=0.113188 wMAE=1.5818 wBias=-1.0752 condBias=3.1153 dotDrift=-11.037sigma uMRED=0.0073618460 uER=0.187500 uMAE=5.9375 WCE=80 bias=-5.6250
[pop00_hard:00200] loss=0.084972 tau=6.00 collapse_w=0.500 mid_frac=0.214 hard=score=0.0678733486 wNMSE=0.00051023545 wMSE=38.8699 wMRED=0.03481353 wER=0.113188 wMAE=1.5818 wBias=-1.0752 condBias=3.1153 dotDrift=-11.037sigma uMRED=0.0073618460 uER=0.187500 uMAE=5.9375 WCE=80 bias=-5.6250
[pop00_hard:00400] loss=0.083179 tau=6.00 collapse_w=0.500 mid_frac=0.214 hard=score=0.0678733486 wNMSE=0.00051023545 wMSE=38.8699 wMRED=0.03481353 wER=0.113188 wMAE=1.5818 wBias=-1.0752 condBias=3.1153 dotDrift=-11.037sigma uMRED=0.0073618460 uER=0.187500 uMAE=5.9375 WCE=80 bias=-5.6250
[pop00_hard:00599] loss=0.082296 tau=6.00 collapse_w=0.500 mid_frac=0.214 hard=score=0.0678733486 wNMSE=0.00051023545 wMSE=38.8699 wMRED=0.03481353 wER=0.113188 wMAE=1.5818 wBias=-1.0752 condBias=3.1153 dotDrift=-11.037sigma uMRED=0.0073618460 uER=0.187500 uMAE=5.9375 WCE=80 bias=-5.6250
[pop00] done (conf=0.53, noise=0.5); global best score=0.0013734682 wNMSE=8.8383708e-05 wMSE=6.7331 wMRED=0.01606106 wER=0.082765 wMAE=0.6240 wBias=-0.0689 condBias=1.2965 dotDrift=-1.700sigma uMRED=0.0016576735 uER=0.117188 uMAE=1.0625 WCE=16 bias=-0.1250
[pop01_soft:00000] loss=0.595330 tau=1.50 collapse_w=0.000 mid_frac=0.518 hard=score=20.7511461397 wNMSE=0.046079106 wMSE=3510.3227 wMRED=1.13284698 wER=0.239099 wMAE=23.8208 wBias=19.6001 condBias=39.2356 dotDrift=+21.172sigma uMRED=0.0397248057 uER=0.246094 uMAE=17.3828 WCE=168 bias=9.1875
[pop01_soft:00200] loss=0.552282 tau=2.25 collapse_w=0.000 mid_frac=0.339 hard=score=2.3248359079 wNMSE=0.0069184929 wMSE=527.0532 wMRED=0.24599175 wER=0.216412 wMAE=6.5440 wBias=-6.5440 condBias=13.1004 dotDrift=-18.243sigma uMRED=0.0217371389 uER=0.246094 uMAE=14.6250 WCE=165 bias=-14.6250
[pop01_soft:00400] loss=0.230907 tau=3.00 collapse_w=0.000 mid_frac=0.339 hard=score=2.1988693050 wNMSE=0.0067895182 wMSE=517.2279 wMRED=0.23244242 wER=0.216412 wMAE=6.3630 wBias=-6.3630 condBias=12.7382 dotDrift=-17.906sigma uMRED=0.0213047995 uER=0.246094 uMAE=14.4375 WCE=164 bias=-14.4375
[pop01_soft:00600] loss=0.185421 tau=3.75 collapse_w=0.000 mid_frac=0.393 hard=score=1.6560734443 wNMSE=0.0060372489 wMSE=459.9198 wMRED=0.20520786 wER=0.184248 wMAE=5.5159 wBias=-5.5159 condBias=11.0426 dotDrift=-16.461sigma uMRED=0.0175970635 uER=0.226562 uMAE=11.5000 WCE=160 bias=-11.5000
[pop01_soft:00800] loss=0.149231 tau=4.50 collapse_w=0.084 mid_frac=0.429 hard=score=1.6560734443 wNMSE=0.0060372489 wMSE=459.9198 wMRED=0.20520786 wER=0.184248 wMAE=5.5159 wBias=-5.5159 condBias=11.0426 dotDrift=-16.461sigma uMRED=0.0175970635 uER=0.226562 uMAE=11.5000 WCE=160 bias=-11.5000
[pop01_soft:01000] loss=0.117657 tau=5.25 collapse_w=0.293 mid_frac=0.375 hard=score=0.9952041010 wNMSE=0.0057101379 wMSE=435.0003 wMRED=0.11967651 wER=0.162268 wMAE=4.6088 wBias=-4.2606 condBias=10.4229 dotDrift=-13.074sigma uMRED=0.0161578844 uER=0.222656 uMAE=11.3906 WCE=160 bias=-11.1250
[pop01_soft:01199] loss=0.094531 tau=6.00 collapse_w=0.500 mid_frac=0.357 hard=score=0.9952041010 wNMSE=0.0057101379 wMSE=435.0003 wMRED=0.11967651 wER=0.162268 wMAE=4.6088 wBias=-4.2606 condBias=10.4229 dotDrift=-13.074sigma uMRED=0.0161578844 uER=0.222656 uMAE=11.3906 WCE=160 bias=-11.1250
[pop01_hard:00000] loss=1.030183 tau=6.00 collapse_w=0.500 mid_frac=0.357 hard=score=0.9952041010 wNMSE=0.0057101379 wMSE=435.0003 wMRED=0.11967651 wER=0.162268 wMAE=4.6088 wBias=-4.2606 condBias=10.4229 dotDrift=-13.074sigma uMRED=0.0161578844 uER=0.222656 uMAE=11.3906 WCE=160 bias=-11.1250
[pop01_hard:00200] loss=1.028044 tau=6.00 collapse_w=0.500 mid_frac=0.357 hard=score=0.9952041010 wNMSE=0.0057101379 wMSE=435.0003 wMRED=0.11967651 wER=0.162268 wMAE=4.6088 wBias=-4.2606 condBias=10.4229 dotDrift=-13.074sigma uMRED=0.0161578844 uER=0.222656 uMAE=11.3906 WCE=160 bias=-11.1250
[pop01_hard:00400] loss=0.911515 tau=6.00 collapse_w=0.500 mid_frac=0.357 hard=score=0.8783979193 wNMSE=0.0047336928 wMSE=360.6144 wMRED=0.11628416 wER=0.162268 wMAE=4.3516 wBias=-4.0035 condBias=9.4900 dotDrift=-13.493sigma uMRED=0.0154103114 uER=0.222656 uMAE=10.8906 WCE=144 bias=-10.6250
[pop01_hard:00599] loss=6.344343 tau=6.00 collapse_w=0.500 mid_frac=0.357 hard=score=0.8783979193 wNMSE=0.0047336928 wMSE=360.6144 wMRED=0.11628416 wER=0.162268 wMAE=4.3516 wBias=-4.0035 condBias=9.4900 dotDrift=-13.493sigma uMRED=0.0154103114 uER=0.222656 uMAE=10.8906 WCE=144 bias=-10.6250
[pop01] done (conf=0.51, noise=1.0); global best score=0.0013734682 wNMSE=8.8383708e-05 wMSE=6.7331 wMRED=0.01606106 wER=0.082765 wMAE=0.6240 wBias=-0.0689 condBias=1.2965 dotDrift=-1.700sigma uMRED=0.0016576735 uER=0.117188 uMAE=1.0625 WCE=16 bias=-0.1250
[pop02_soft:00000] loss=0.462865 tau=1.50 collapse_w=0.000 mid_frac=0.393 hard=score=30.7377389327 wNMSE=0.036907825 wMSE=2811.6513 wMRED=1.30012745 wER=0.249383 wMAE=24.8975 wBias=23.8750 condBias=47.7897 dotDrift=+28.817sigma uMRED=0.0459670416 uER=0.246094 uMAE=21.1406 WCE=172 bias=19.2500
[pop02_soft:00200] loss=0.275160 tau=2.25 collapse_w=0.000 mid_frac=0.268 hard=score=15.8157049166 wNMSE=0.036621438 wMSE=2789.8342 wMRED=1.11579829 wER=0.249598 wMAE=19.2290 wBias=-17.1088 condBias=34.2488 dotDrift=-20.731sigma uMRED=0.0472517749 uER=0.250000 uMAE=24.3750 WCE=164 bias=-11.5000
[pop02_soft:00400] loss=0.150302 tau=3.00 collapse_w=0.000 mid_frac=0.214 hard=score=0.7469174283 wNMSE=0.0087227673 wMSE=664.5035 wMRED=0.46159350 wER=0.175173 wMAE=9.2859 wBias=3.6728 condBias=12.8811 dotDrift=+9.119sigma uMRED=0.0270576429 uER=0.218750 uMAE=16.3750 WCE=128 bias=0.8750
[pop02_soft:00600] loss=0.053125 tau=3.75 collapse_w=0.000 mid_frac=0.196 hard=score=0.5987590063 wNMSE=0.0075534925 wMSE=575.4277 wMRED=0.45550852 wER=0.174631 wMAE=8.5973 wBias=3.2816 condBias=11.9863 dotDrift=+8.755sigma uMRED=0.0208975903 uER=0.210938 uMAE=10.8125 WCE=128 bias=-6.3750
[pop02_soft:00800] loss=0.032638 tau=4.50 collapse_w=0.084 mid_frac=0.107 hard=score=0.9625957019 wNMSE=0.0057653918 wMSE=439.2096 wMRED=0.44089279 wER=0.172374 wMAE=7.4622 wBias=4.1995 condBias=10.4710 dotDrift=+12.824sigma uMRED=0.0151000990 uER=0.195312 uMAE=6.1250 WCE=80 bias=-1.5000
[pop02_soft:01000] loss=0.029685 tau=5.25 collapse_w=0.293 mid_frac=0.089 hard=score=0.9625957019 wNMSE=0.0057653918 wMSE=439.2096 wMRED=0.44089279 wER=0.172374 wMAE=7.4622 wBias=4.1995 condBias=10.4710 dotDrift=+12.824sigma uMRED=0.0151000990 uER=0.195312 uMAE=6.1250 WCE=80 bias=-1.5000
[pop02_soft:01199] loss=0.024496 tau=6.00 collapse_w=0.500 mid_frac=0.089 hard=score=0.9625957019 wNMSE=0.0057653918 wMSE=439.2096 wMRED=0.44089279 wER=0.172374 wMAE=7.4622 wBias=4.1995 condBias=10.4710 dotDrift=+12.824sigma uMRED=0.0151000990 uER=0.195312 uMAE=6.1250 WCE=80 bias=-1.5000
[pop02_hard:00000] loss=1.000837 tau=6.00 collapse_w=0.500 mid_frac=0.089 hard=score=0.9625957019 wNMSE=0.0057653918 wMSE=439.2096 wMRED=0.44089279 wER=0.172374 wMAE=7.4622 wBias=4.1995 condBias=10.4710 dotDrift=+12.824sigma uMRED=0.0151000990 uER=0.195312 uMAE=6.1250 WCE=80 bias=-1.5000
[pop02_hard:00200] loss=1.001329 tau=6.00 collapse_w=0.500 mid_frac=0.089 hard=score=0.9625957019 wNMSE=0.0057653918 wMSE=439.2096 wMRED=0.44089279 wER=0.172374 wMAE=7.4622 wBias=4.1995 condBias=10.4710 dotDrift=+12.824sigma uMRED=0.0151000990 uER=0.195312 uMAE=6.1250 WCE=80 bias=-1.5000
[pop02_hard:00400] loss=0.122371 tau=6.00 collapse_w=0.500 mid_frac=0.054 hard=score=0.1040929828 wNMSE=0.00066566824 wMSE=50.7108 wMRED=0.03950858 wER=0.118699 wMAE=1.8985 wBias=-1.3642 condBias=3.5584 dotDrift=-12.261sigma uMRED=0.0059581245 uER=0.179688 uMAE=4.1250 WCE=48 bias=-3.5000
[pop02_hard:00599] loss=0.118074 tau=6.00 collapse_w=0.500 mid_frac=0.054 hard=score=0.1040929828 wNMSE=0.00066566824 wMSE=50.7108 wMRED=0.03950858 wER=0.118699 wMAE=1.8985 wBias=-1.3642 condBias=3.5584 dotDrift=-12.261sigma uMRED=0.0059581245 uER=0.179688 uMAE=4.1250 WCE=48 bias=-3.5000
[pop02] done (conf=0.53, noise=0.5); global best score=0.0013734682 wNMSE=8.8383708e-05 wMSE=6.7331 wMRED=0.01606106 wER=0.082765 wMAE=0.6240 wBias=-0.0689 condBias=1.2965 dotDrift=-1.700sigma uMRED=0.0016576735 uER=0.117188 uMAE=1.0625 WCE=16 bias=-0.1250
[pop03_soft:00000] loss=0.532387 tau=1.50 collapse_w=0.000 mid_frac=0.464 hard=score=2.6718307285 wNMSE=0.035338125 wMSE=2692.0709 wMRED=1.38314446 wER=0.249204 wMAE=24.4653 wBias=6.9649 condBias=25.9206 dotDrift=+8.591sigma uMRED=0.0426276115 uER=0.242188 uMAE=17.1875 WCE=131 bias=1.2500
[pop03_soft:00200] loss=0.400418 tau=2.25 collapse_w=0.000 mid_frac=0.393 hard=score=0.6104271880 wNMSE=0.039123148 wMSE=2980.4154 wMRED=1.49132095 wER=0.249598 wMAE=25.9342 wBias=3.1763 condBias=27.2738 dotDrift=+3.724sigma uMRED=0.0460046186 uER=0.250000 uMAE=18.7188 WCE=134 bias=-6.8125
[pop03_soft:00400] loss=0.251131 tau=3.00 collapse_w=0.000 mid_frac=0.411 hard=score=0.6882518442 wNMSE=0.039279505 wMSE=2992.3267 wMRED=1.49491225 wER=0.249598 wMAE=25.9747 wBias=3.3961 condBias=27.3283 dotDrift=+3.973sigma uMRED=0.0460307342 uER=0.250000 uMAE=18.6875 WCE=132 bias=-6.6250
[pop03_soft:00600] loss=0.177164 tau=3.75 collapse_w=0.000 mid_frac=0.446 hard=score=4.8407761339 wNMSE=0.011642683 wMSE=886.9437 wMRED=0.62363994 wER=0.169871 wMAE=10.1393 wBias=-9.4597 condBias=18.9353 dotDrift=-20.329sigma uMRED=0.0261831235 uER=0.222656 uMAE=13.8125 WCE=132 bias=-9.2500
[pop03_soft:00800] loss=0.126823 tau=4.50 collapse_w=0.084 mid_frac=0.446 hard=score=4.4568871269 wNMSE=0.011372599 wMSE=866.3686 wMRED=0.61946730 wER=0.169871 wMAE=10.0449 wBias=-9.0762 condBias=18.1677 dotDrift=-19.735sigma uMRED=0.0259710962 uER=0.222656 uMAE=13.6875 WCE=116 bias=-7.1250
[pop03_soft:01000] loss=0.101276 tau=5.25 collapse_w=0.293 mid_frac=0.357 hard=score=4.3879664296 wNMSE=0.011701941 wMSE=891.4580 wMRED=0.61487203 wER=0.151010 wMAE=9.9872 wBias=-9.0041 condBias=18.0233 dotDrift=-19.300sigma uMRED=0.0268098023 uER=0.214844 uMAE=14.5625 WCE=128 bias=-7.8750
[pop03_soft:01199] loss=0.073770 tau=6.00 collapse_w=0.500 mid_frac=0.321 hard=score=4.9652829870 wNMSE=0.011021686 wMSE=839.6360 wMRED=0.61159280 wER=0.151010 wMAE=9.5823 wBias=-9.5823 condBias=19.1808 dotDrift=-21.164sigma uMRED=0.0236877327 uER=0.214844 uMAE=11.8750 WCE=128 bias=-11.8750
[pop03_hard:00000] loss=5.017763 tau=6.00 collapse_w=0.500 mid_frac=0.321 hard=score=4.9652829870 wNMSE=0.011021686 wMSE=839.6360 wMRED=0.61159280 wER=0.151010 wMAE=9.5823 wBias=-9.5823 condBias=19.1808 dotDrift=-21.164sigma uMRED=0.0236877327 uER=0.214844 uMAE=11.8750 WCE=128 bias=-11.8750
[pop03_hard:00200] loss=5.014778 tau=6.00 collapse_w=0.500 mid_frac=0.321 hard=score=4.9652829870 wNMSE=0.011021686 wMSE=839.6360 wMRED=0.61159280 wER=0.151010 wMAE=9.5823 wBias=-9.5823 condBias=19.1808 dotDrift=-21.164sigma uMRED=0.0236877327 uER=0.214844 uMAE=11.8750 WCE=128 bias=-11.8750
[pop03_hard:00400] loss=5.014585 tau=6.00 collapse_w=0.500 mid_frac=0.321 hard=score=4.9652829870 wNMSE=0.011021686 wMSE=839.6360 wMRED=0.61159280 wER=0.151010 wMAE=9.5823 wBias=-9.5823 condBias=19.1808 dotDrift=-21.164sigma uMRED=0.0236877327 uER=0.214844 uMAE=11.8750 WCE=128 bias=-11.8750
[pop03_hard:00599] loss=4.490759 tau=6.00 collapse_w=0.500 mid_frac=0.304 hard=score=4.4393438877 wNMSE=0.010934516 wMSE=832.9953 wMRED=0.63782753 wER=0.205793 wMAE=9.9346 wBias=-9.0581 condBias=18.1320 dotDrift=-20.086sigma uMRED=0.0228548886 uER=0.222656 uMAE=10.7500 WCE=128 bias=-10.6250
[pop03] done (conf=0.51, noise=1.0); global best score=0.0013734682 wNMSE=8.8383708e-05 wMSE=6.7331 wMRED=0.01606106 wER=0.082765 wMAE=0.6240 wBias=-0.0689 condBias=1.2965 dotDrift=-1.700sigma uMRED=0.0016576735 uER=0.117188 uMAE=1.0625 WCE=16 bias=-0.1250
[pop04_soft:00000] loss=0.397805 tau=1.50 collapse_w=0.000 mid_frac=0.357 hard=score=8.0602338962 wNMSE=0.013483848 wMSE=1027.2044 wMRED=0.84508925 wER=0.249598 wMAE=15.5933 wBias=12.2176 condBias=24.4560 dotDrift=+24.397sigma uMRED=0.0304373011 uER=0.250000 uMAE=14.0625 WCE=128 bias=5.3750
[pop04_soft:00200] loss=0.190982 tau=2.25 collapse_w=0.000 mid_frac=0.304 hard=score=14.5269197796 wNMSE=0.028576214 wMSE=2176.9462 wMRED=0.96009296 wER=0.194815 wMAE=16.5814 wBias=-16.4013 condBias=32.8316 dotDrift=-22.498sigma uMRED=0.0396636369 uER=0.242188 uMAE=19.8125 WCE=148 bias=-16.6250
[pop04_soft:00400] loss=0.073439 tau=3.00 collapse_w=0.000 mid_frac=0.286 hard=score=0.2703965565 wNMSE=0.010301173 wMSE=784.7470 wMRED=0.46711835 wER=0.175954 wMAE=9.6858 wBias=2.1369 condBias=13.9983 dotDrift=+4.882sigma uMRED=0.0263242900 uER=0.234375 uMAE=15.2500 WCE=148 bias=-7.6250
[pop04_soft:00600] loss=0.035191 tau=3.75 collapse_w=0.000 mid_frac=0.286 hard=score=0.7799849662 wNMSE=0.006581871 wMSE=501.4093 wMRED=0.44825975 wER=0.173698 wMAE=8.0797 wBias=3.7708 condBias=11.1882 dotDrift=+10.777sigma uMRED=0.0184551262 uER=0.218750 uMAE=8.9375 WCE=80 bias=-1.0000
[pop04_soft:00800] loss=0.027573 tau=4.50 collapse_w=0.084 mid_frac=0.250 hard=score=0.1662433426 wNMSE=0.0013659782 wMSE=104.0607 wMRED=0.03615394 wER=0.103697 wMAE=2.2548 wBias=-1.7205 condBias=5.0977 dotDrift=-10.794sigma uMRED=0.0093391985 uER=0.199219 uMAE=7.2500 WCE=80 bias=-6.6250
[pop04_soft:01000] loss=0.029074 tau=5.25 collapse_w=0.293 mid_frac=0.214 hard=score=0.1662433426 wNMSE=0.0013659782 wMSE=104.0607 wMRED=0.03615394 wER=0.103697 wMAE=2.2548 wBias=-1.7205 condBias=5.0977 dotDrift=-10.794sigma uMRED=0.0093391985 uER=0.199219 uMAE=7.2500 WCE=80 bias=-6.6250
[pop04_soft:01199] loss=0.026226 tau=6.00 collapse_w=0.500 mid_frac=0.196 hard=score=0.1662433426 wNMSE=0.0013659782 wMSE=104.0607 wMRED=0.03615394 wER=0.103697 wMAE=2.2548 wBias=-1.7205 condBias=5.0977 dotDrift=-10.794sigma uMRED=0.0093391985 uER=0.199219 uMAE=7.2500 WCE=80 bias=-6.6250
[pop04_hard:00000] loss=0.185959 tau=6.00 collapse_w=0.500 mid_frac=0.196 hard=score=0.1662433426 wNMSE=0.0013659782 wMSE=104.0607 wMRED=0.03615394 wER=0.103697 wMAE=2.2548 wBias=-1.7205 condBias=5.0977 dotDrift=-10.794sigma uMRED=0.0093391985 uER=0.199219 uMAE=7.2500 WCE=80 bias=-6.6250
[pop04_hard:00200] loss=0.029204 tau=6.00 collapse_w=0.500 mid_frac=0.196 hard=score=0.1662433426 wNMSE=0.0013659782 wMSE=104.0607 wMRED=0.03615394 wER=0.103697 wMAE=2.2548 wBias=-1.7205 condBias=5.0977 dotDrift=-10.794sigma uMRED=0.0093391985 uER=0.199219 uMAE=7.2500 WCE=80 bias=-6.6250
[pop04_hard:00400] loss=0.181033 tau=6.00 collapse_w=0.500 mid_frac=0.179 hard=score=0.0128245493 wNMSE=0.0012060455 wMSE=91.8770 wMRED=0.03469953 wER=0.103697 wMAE=2.1596 wBias=0.3368 condBias=4.7898 dotDrift=+2.249sigma uMRED=0.0091277235 uER=0.199219 uMAE=7.1250 WCE=80 bias=-2.6250
[pop04_hard:00599] loss=0.026403 tau=6.00 collapse_w=0.500 mid_frac=0.179 hard=score=0.0128245493 wNMSE=0.0012060455 wMSE=91.8770 wMRED=0.03469953 wER=0.103697 wMAE=2.1596 wBias=0.3368 condBias=4.7898 dotDrift=+2.249sigma uMRED=0.0091277235 uER=0.199219 uMAE=7.1250 WCE=80 bias=-2.6250
[pop04] done (conf=0.53, noise=0.5); global best score=0.0013734682 wNMSE=8.8383708e-05 wMSE=6.7331 wMRED=0.01606106 wER=0.082765 wMAE=0.6240 wBias=-0.0689 condBias=1.2965 dotDrift=-1.700sigma uMRED=0.0016576735 uER=0.117188 uMAE=1.0625 WCE=16 bias=-0.1250
[pop05_soft:00000] loss=0.317198 tau=1.50 collapse_w=0.000 mid_frac=0.339 hard=score=0.1721501341 wNMSE=0.007252412 wMSE=552.4913 wMRED=0.57830071 wER=0.249598 wMAE=10.7168 wBias=1.6820 condBias=11.7441 dotDrift=+4.580sigma uMRED=0.0256911925 uER=0.250000 uMAE=14.2031 WCE=145 bias=3.3750
[pop05_soft:00200] loss=0.137954 tau=2.25 collapse_w=0.000 mid_frac=0.339 hard=score=1.3042036751 wNMSE=0.0030969578 wMSE=235.9273 wMRED=0.32181048 wER=0.227221 wMAE=5.5974 wBias=-4.9049 condBias=9.8183 dotDrift=-20.437sigma uMRED=0.0158900082 uER=0.242188 uMAE=9.2734 WCE=81 bias=-4.3750
[pop05_soft:00400] loss=0.052913 tau=3.00 collapse_w=0.000 mid_frac=0.268 hard=score=0.4138914532 wNMSE=0.0010937327 wMSE=83.3209 wMRED=0.11797097 wER=0.206011 wMAE=2.8504 wBias=-2.7514 condBias=5.5076 dotDrift=-19.291sigma uMRED=0.0111971016 uER=0.226562 uMAE=8.1016 WCE=80 bias=-8.0625
[pop05_soft:00600] loss=0.029820 tau=3.75 collapse_w=0.000 mid_frac=0.232 hard=score=0.3119418301 wNMSE=0.00092971933 wMSE=70.8263 wMRED=0.10729373 wER=0.137288 wMAE=2.3833 wBias=-2.3833 condBias=4.7707 dotDrift=-18.124sigma uMRED=0.0088251679 uER=0.175781 uMAE=6.1250 WCE=80 bias=-6.1250
[pop05_soft:00800] loss=0.022917 tau=4.50 collapse_w=0.084 mid_frac=0.179 hard=score=0.0836121412 wNMSE=0.0021153898 wMSE=161.1511 wMRED=0.04134712 wER=0.101528 wMAE=2.4875 wBias=1.1770 condBias=6.3441 dotDrift=+5.934sigma uMRED=0.0086449066 uER=0.160156 uMAE=6.2500 WCE=96 bias=0.3750
[pop05_soft:01000] loss=0.021979 tau=5.25 collapse_w=0.293 mid_frac=0.161 hard=score=0.0836121412 wNMSE=0.0021153898 wMSE=161.1511 wMRED=0.04134712 wER=0.101528 wMAE=2.4875 wBias=1.1770 condBias=6.3441 dotDrift=+5.934sigma uMRED=0.0086449066 uER=0.160156 uMAE=6.2500 WCE=96 bias=0.3750
[pop05_soft:01199] loss=0.019092 tau=6.00 collapse_w=0.500 mid_frac=0.143 hard=score=0.0836121412 wNMSE=0.0021153898 wMSE=161.1511 wMRED=0.04134712 wER=0.101528 wMAE=2.4875 wBias=1.1770 condBias=6.3441 dotDrift=+5.934sigma uMRED=0.0086449066 uER=0.160156 uMAE=6.2500 WCE=96 bias=0.3750
[pop05_hard:00000] loss=0.096722 tau=6.00 collapse_w=0.500 mid_frac=0.143 hard=score=0.0836121412 wNMSE=0.0021153898 wMSE=161.1511 wMRED=0.04134712 wER=0.101528 wMAE=2.4875 wBias=1.1770 condBias=6.3441 dotDrift=+5.934sigma uMRED=0.0086449066 uER=0.160156 uMAE=6.2500 WCE=96 bias=0.3750
[pop05_hard:00200] loss=0.059828 tau=6.00 collapse_w=0.500 mid_frac=0.143 hard=score=0.0476909932 wNMSE=0.0007247836 wMSE=55.2143 wMRED=0.03088739 wER=0.101528 wMAE=1.6598 wBias=-0.8803 condBias=3.7141 dotDrift=-7.582sigma uMRED=0.0060859605 uER=0.160156 uMAE=4.5000 WCE=80 bias=-3.6250
[pop05_hard:00400] loss=0.058456 tau=6.00 collapse_w=0.500 mid_frac=0.143 hard=score=0.0476909932 wNMSE=0.0007247836 wMSE=55.2143 wMRED=0.03088739 wER=0.101528 wMAE=1.6598 wBias=-0.8803 condBias=3.7141 dotDrift=-7.582sigma uMRED=0.0060859605 uER=0.160156 uMAE=4.5000 WCE=80 bias=-3.6250
[pop05_hard:00599] loss=0.057539 tau=6.00 collapse_w=0.500 mid_frac=0.143 hard=score=0.0476909932 wNMSE=0.0007247836 wMSE=55.2143 wMRED=0.03088739 wER=0.101528 wMAE=1.6598 wBias=-0.8803 condBias=3.7141 dotDrift=-7.582sigma uMRED=0.0060859605 uER=0.160156 uMAE=4.5000 WCE=80 bias=-3.6250
[pop05] done (conf=0.51, noise=1.0); global best score=0.0013734682 wNMSE=8.8383708e-05 wMSE=6.7331 wMRED=0.01606106 wER=0.082765 wMAE=0.6240 wBias=-0.0689 condBias=1.2965 dotDrift=-1.700sigma uMRED=0.0016576735 uER=0.117188 uMAE=1.0625 WCE=16 bias=-0.1250
[pop06_soft:00000] loss=0.492418 tau=1.50 collapse_w=0.000 mid_frac=0.411 hard=score=2.2642367727 wNMSE=0.065660035 wMSE=5002.0048 wMRED=1.84729948 wER=0.249598 wMAE=34.9138 wBias=6.3259 condBias=35.3330 dotDrift=+5.724sigma uMRED=0.0633858517 uER=0.250000 uMAE=26.7500 WCE=188 bias=9.2500
[pop06_soft:00200] loss=0.274407 tau=2.25 collapse_w=0.000 mid_frac=0.286 hard=score=13.7869689744 wNMSE=0.027642856 wMSE=2105.8426 wMRED=0.95102945 wER=0.194815 wMAE=16.2700 wBias=-15.9776 condBias=31.9836 dotDrift=-22.283sigma uMRED=0.0379228502 uER=0.242188 uMAE=18.3125 WCE=144 bias=-12.7500
[pop06_soft:00400] loss=0.182622 tau=3.00 collapse_w=0.000 mid_frac=0.286 hard=score=8.8523470810 wNMSE=0.021649217 wMSE=1649.2451 wMRED=0.83634105 wER=0.175412 wMAE=14.1986 wBias=-12.7964 condBias=25.6162 dotDrift=-20.166sigma uMRED=0.0331921333 uER=0.226562 uMAE=16.0000 WCE=140 bias=-2.0000
[pop06_soft:00600] loss=0.086484 tau=3.75 collapse_w=0.000 mid_frac=0.250 hard=score=9.4834498634 wNMSE=0.02165629 wMSE=1649.7839 wMRED=0.83733572 wER=0.172798 wMAE=14.0901 wBias=-13.2464 condBias=26.5170 dotDrift=-20.872sigma uMRED=0.0314213932 uER=0.210938 uMAE=14.3750 WCE=148 bias=-4.2500
[pop06_soft:00800] loss=0.040402 tau=4.50 collapse_w=0.084 mid_frac=0.161 hard=score=0.6906649202 wNMSE=0.0051369759 wMSE=391.3367 wMRED=0.06529492 wER=0.121736 wMAE=4.0454 wBias=-3.5388 condBias=9.8866 dotDrift=-11.449sigma uMRED=0.0158314863 uER=0.210938 uMAE=11.9375 WCE=148 bias=-11.6250
[pop06_soft:01000] loss=0.029964 tau=5.25 collapse_w=0.293 mid_frac=0.125 hard=score=0.1277650812 wNMSE=0.0012135591 wMSE=92.4494 wMRED=0.03815611 wER=0.115259 wMAE=1.9881 wBias=-1.4815 condBias=4.8059 dotDrift=-9.861sigma uMRED=0.0098509020 uER=0.195312 uMAE=7.9375 WCE=128 bias=-7.6250
[pop06_soft:01199] loss=0.026806 tau=6.00 collapse_w=0.500 mid_frac=0.125 hard=score=0.1277650812 wNMSE=0.0012135591 wMSE=92.4494 wMRED=0.03815611 wER=0.115259 wMAE=1.9881 wBias=-1.4815 condBias=4.8059 dotDrift=-9.861sigma uMRED=0.0098509020 uER=0.195312 uMAE=7.9375 WCE=128 bias=-7.6250
[pop06_hard:00000] loss=0.144285 tau=6.00 collapse_w=0.500 mid_frac=0.125 hard=score=0.1277650812 wNMSE=0.0012135591 wMSE=92.4494 wMRED=0.03815611 wER=0.115259 wMAE=1.9881 wBias=-1.4815 condBias=4.8059 dotDrift=-9.861sigma uMRED=0.0098509020 uER=0.195312 uMAE=7.9375 WCE=128 bias=-7.6250
[pop06_hard:00200] loss=0.071269 tau=6.00 collapse_w=0.500 mid_frac=0.107 hard=score=0.0558356788 wNMSE=0.00042271246 wMSE=32.2024 wMRED=0.03458719 wER=0.113003 wMAE=1.5175 wBias=-0.9831 condBias=2.8352 dotDrift=-11.088sigma uMRED=0.0056755176 uER=0.179688 uMAE=4.2500 WCE=52 bias=-3.6250
[pop06_hard:00400] loss=0.070079 tau=6.00 collapse_w=0.500 mid_frac=0.107 hard=score=0.0558356788 wNMSE=0.00042271246 wMSE=32.2024 wMRED=0.03458719 wER=0.113003 wMAE=1.5175 wBias=-0.9831 condBias=2.8352 dotDrift=-11.088sigma uMRED=0.0056755176 uER=0.179688 uMAE=4.2500 WCE=52 bias=-3.6250
[pop06_hard:00599] loss=0.069046 tau=6.00 collapse_w=0.500 mid_frac=0.107 hard=score=0.0558356788 wNMSE=0.00042271246 wMSE=32.2024 wMRED=0.03458719 wER=0.113003 wMAE=1.5175 wBias=-0.9831 condBias=2.8352 dotDrift=-11.088sigma uMRED=0.0056755176 uER=0.179688 uMAE=4.2500 WCE=52 bias=-3.6250
[pop06] done (conf=0.53, noise=0.5); global best score=0.0013734682 wNMSE=8.8383708e-05 wMSE=6.7331 wMRED=0.01606106 wER=0.082765 wMAE=0.6240 wBias=-0.0689 condBias=1.2965 dotDrift=-1.700sigma uMRED=0.0016576735 uER=0.117188 uMAE=1.0625 WCE=16 bias=-0.1250
[pop07_soft:00000] loss=0.480300 tau=1.50 collapse_w=0.000 mid_frac=0.375 hard=score=29.5276632949 wNMSE=0.072736641 wMSE=5541.1032 wMRED=1.38012731 wER=0.249598 wMAE=30.4566 wBias=23.3767 condBias=46.7944 dotDrift=+20.099sigma uMRED=0.0538624619 uER=0.250000 uMAE=25.2656 WCE=216 bias=8.5625
[pop07_soft:00200] loss=0.392319 tau=2.25 collapse_w=0.000 mid_frac=0.339 hard=score=0.1008179528 wNMSE=0.053005975 wMSE=4038.0141 wMRED=1.75097866 wER=0.249598 wMAE=31.0014 wBias=-0.4551 condBias=31.7473 dotDrift=-0.458sigma uMRED=0.0566225779 uER=0.250000 uMAE=23.3125 WCE=152 bias=-12.6250
[pop07_soft:00400] loss=0.319826 tau=3.00 collapse_w=0.000 mid_frac=0.375 hard=score=0.0874694305 wNMSE=0.051414151 wMSE=3916.7483 wMRED=1.71011080 wER=0.249598 wMAE=30.6106 wBias=0.1136 condBias=31.2669 dotDrift=+0.116sigma uMRED=0.0557594653 uER=0.250000 uMAE=23.0625 WCE=144 bias=-12.1250
[pop07_soft:00600] loss=0.186709 tau=3.75 collapse_w=0.000 mid_frac=0.393 hard=score=0.8740773526 wNMSE=0.0058326153 wMSE=444.3307 wMRED=0.15720150 wER=0.194451 wMAE=5.4861 wBias=-3.9890 condBias=10.5344 dotDrift=-12.111sigma uMRED=0.0198674139 uER=0.234375 uMAE=14.1875 WCE=148 bias=-11.8750
[pop07_soft:00800] loss=0.112910 tau=4.50 collapse_w=0.084 mid_frac=0.393 hard=score=0.3808229031 wNMSE=0.0056646523 wMSE=431.5352 wMRED=0.07806929 wER=0.149240 wMAE=4.6863 wBias=-2.5981 condBias=10.3817 dotDrift=-8.004sigma uMRED=0.0184606430 uER=0.222656 uMAE=14.0000 WCE=148 bias=-11.3750
[pop07_soft:01000] loss=0.093499 tau=5.25 collapse_w=0.293 mid_frac=0.375 hard=score=0.3808229031 wNMSE=0.0056646523 wMSE=431.5352 wMRED=0.07806929 wER=0.149240 wMAE=4.6863 wBias=-2.5981 condBias=10.3817 dotDrift=-8.004sigma uMRED=0.0184606430 uER=0.222656 uMAE=14.0000 WCE=148 bias=-11.3750
[pop07_soft:01199] loss=0.075065 tau=6.00 collapse_w=0.500 mid_frac=0.357 hard=score=0.3808229031 wNMSE=0.0056646523 wMSE=431.5352 wMRED=0.07806929 wER=0.149240 wMAE=4.6863 wBias=-2.5981 condBias=10.3817 dotDrift=-8.004sigma uMRED=0.0184606430 uER=0.222656 uMAE=14.0000 WCE=148 bias=-11.3750
[pop07_hard:00000] loss=0.406585 tau=6.00 collapse_w=0.500 mid_frac=0.357 hard=score=0.3808229031 wNMSE=0.0056646523 wMSE=431.5352 wMRED=0.07806929 wER=0.149240 wMAE=4.6863 wBias=-2.5981 condBias=10.3817 dotDrift=-8.004sigma uMRED=0.0184606430 uER=0.222656 uMAE=14.0000 WCE=148 bias=-11.3750
[pop07_hard:00200] loss=0.404567 tau=6.00 collapse_w=0.500 mid_frac=0.357 hard=score=0.3808229031 wNMSE=0.0056646523 wMSE=431.5352 wMRED=0.07806929 wER=0.149240 wMAE=4.6863 wBias=-2.5981 condBias=10.3817 dotDrift=-8.004sigma uMRED=0.0184606430 uER=0.222656 uMAE=14.0000 WCE=148 bias=-11.3750
[pop07_hard:00400] loss=0.407979 tau=6.00 collapse_w=0.500 mid_frac=0.357 hard=score=0.3808229031 wNMSE=0.0056646523 wMSE=431.5352 wMRED=0.07806929 wER=0.149240 wMAE=4.6863 wBias=-2.5981 condBias=10.3817 dotDrift=-8.004sigma uMRED=0.0184606430 uER=0.222656 uMAE=14.0000 WCE=148 bias=-11.3750
[pop07_hard:00599] loss=9.161847 tau=6.00 collapse_w=0.500 mid_frac=0.321 hard=score=9.0979740350 wNMSE=0.028813636 wMSE=2195.0331 wMRED=0.83667890 wER=0.227563 wMAE=18.6613 wBias=12.9654 condBias=25.9571 dotDrift=+17.711sigma uMRED=0.0352546579 uER=0.238281 uMAE=18.0000 WCE=148 bias=-3.1250
[pop07] done (conf=0.51, noise=1.0); global best score=0.0013734682 wNMSE=8.8383708e-05 wMSE=6.7331 wMRED=0.01606106 wER=0.082765 wMAE=0.6240 wBias=-0.0689 condBias=1.2965 dotDrift=-1.700sigma uMRED=0.0016576735 uER=0.117188 uMAE=1.0625 WCE=16 bias=-0.1250
[pop08_soft:00000] loss=0.378815 tau=1.50 collapse_w=0.000 mid_frac=0.268 hard=score=0.9144949628 wNMSE=0.0083173021 wMSE=633.6150 wMRED=0.42322342 wER=0.244164 wMAE=9.0997 wBias=4.0728 condBias=12.5783 dotDrift=+10.355sigma uMRED=0.0213042697 uER=0.218750 uMAE=11.5000 WCE=152 bias=-2.5000
[pop08_soft:00200] loss=0.183511 tau=2.25 collapse_w=0.000 mid_frac=0.304 hard=score=0.5191913578 wNMSE=0.0066626846 wMSE=507.5657 wMRED=0.24742675 wER=0.234064 wMAE=6.7019 wBias=-3.0462 condBias=11.2590 dotDrift=-8.653sigma uMRED=0.0218856528 uER=0.238281 uMAE=15.0000 WCE=160 bias=-11.5000
[pop08_soft:00400] loss=0.079006 tau=3.00 collapse_w=0.000 mid_frac=0.232 hard=score=0.4561221274 wNMSE=0.010717043 wMSE=816.4282 wMRED=0.46253016 wER=0.157791 wMAE=9.4977 wBias=2.8263 condBias=14.2777 dotDrift=+6.331sigma uMRED=0.0236185574 uER=0.218750 uMAE=12.8125 WCE=164 bias=-5.2500
[pop08_soft:00600] loss=0.040808 tau=3.75 collapse_w=0.000 mid_frac=0.214 hard=score=0.4177757866 wNMSE=0.0093766644 wMSE=714.3176 wMRED=0.46134686 wER=0.173379 wMAE=9.0645 wBias=2.7085 condBias=13.3547 dotDrift=+6.486sigma uMRED=0.0217304340 uER=0.214844 uMAE=11.3125 WCE=144 bias=-6.0000
[pop08_soft:00800] loss=0.030741 tau=4.50 collapse_w=0.084 mid_frac=0.179 hard=score=1.4094675205 wNMSE=0.0053753831 wMSE=409.4986 wMRED=0.42557924 wER=0.147473 wMAE=6.7093 wBias=5.0942 condBias=10.1969 dotDrift=+16.111sigma uMRED=0.0122863321 uER=0.156250 uMAE=4.0625 WCE=80 bias=1.6250
[pop08_soft:01000] loss=0.027525 tau=5.25 collapse_w=0.293 mid_frac=0.071 hard=score=1.2556641887 wNMSE=0.0055165021 wMSE=420.2491 wMRED=0.42689570 wER=0.147792 wMAE=6.8773 wBias=4.8051 condBias=10.2423 dotDrift=+15.001sigma uMRED=0.0137123797 uER=0.160156 uMAE=5.3125 WCE=80 bias=-0.3750
[pop08_soft:01199] loss=0.021009 tau=6.00 collapse_w=0.500 mid_frac=0.071 hard=score=1.2556641887 wNMSE=0.0055165021 wMSE=420.2491 wMRED=0.42689570 wER=0.147792 wMAE=6.8773 wBias=4.8051 condBias=10.2423 dotDrift=+15.001sigma uMRED=0.0137123797 uER=0.160156 uMAE=5.3125 WCE=80 bias=-0.3750
[pop08_hard:00000] loss=1.288708 tau=6.00 collapse_w=0.500 mid_frac=0.071 hard=score=1.2556641887 wNMSE=0.0055165021 wMSE=420.2491 wMRED=0.42689570 wER=0.147792 wMAE=6.8773 wBias=4.8051 condBias=10.2423 dotDrift=+15.001sigma uMRED=0.0137123797 uER=0.160156 uMAE=5.3125 WCE=80 bias=-0.3750
[pop08_hard:00200] loss=0.047736 tau=6.00 collapse_w=0.500 mid_frac=0.071 hard=score=0.0355096831 wNMSE=0.00041677861 wMSE=31.7503 wMRED=0.02551150 wER=0.094117 wMAE=1.3136 wBias=-0.7586 condBias=2.8154 dotDrift=-8.616sigma uMRED=0.0045704051 uER=0.144531 uMAE=3.3125 WCE=64 bias=-2.3750
[pop08_hard:00400] loss=0.045355 tau=6.00 collapse_w=0.500 mid_frac=0.071 hard=score=0.0355096831 wNMSE=0.00041677861 wMSE=31.7503 wMRED=0.02551150 wER=0.094117 wMAE=1.3136 wBias=-0.7586 condBias=2.8154 dotDrift=-8.616sigma uMRED=0.0045704051 uER=0.144531 uMAE=3.3125 WCE=64 bias=-2.3750
[pop08_hard:00599] loss=0.181399 tau=6.00 collapse_w=0.500 mid_frac=0.071 hard=score=0.0355096831 wNMSE=0.00041677861 wMSE=31.7503 wMRED=0.02551150 wER=0.094117 wMAE=1.3136 wBias=-0.7586 condBias=2.8154 dotDrift=-8.616sigma uMRED=0.0045704051 uER=0.144531 uMAE=3.3125 WCE=64 bias=-2.3750
[pop08] done (conf=0.53, noise=0.5); global best score=0.0013734682 wNMSE=8.8383708e-05 wMSE=6.7331 wMRED=0.01606106 wER=0.082765 wMAE=0.6240 wBias=-0.0689 condBias=1.2965 dotDrift=-1.700sigma uMRED=0.0016576735 uER=0.117188 uMAE=1.0625 WCE=16 bias=-0.1250
[pop09_soft:00000] loss=0.431708 tau=1.50 collapse_w=0.000 mid_frac=0.464 hard=score=31.1175287277 wNMSE=0.034997034 wMSE=2666.0865 wMRED=1.23369578 wER=0.249598 wMAE=24.1827 wBias=24.0243 condBias=48.0876 dotDrift=+29.778sigma uMRED=0.0410915446 uER=0.250000 uMAE=17.0625 WCE=137 bias=14.1250
[pop09_soft:00200] loss=0.220944 tau=2.25 collapse_w=0.000 mid_frac=0.429 hard=score=1.2778657990 wNMSE=0.0057256365 wMSE=436.1810 wMRED=0.23400060 wER=0.226575 wMAE=5.8455 wBias=-4.8384 condBias=10.4364 dotDrift=-14.827sigma uMRED=0.0170992529 uER=0.238281 uMAE=10.7812 WCE=156 bias=-10.6250
[pop09_soft:00400] loss=0.121276 tau=3.00 collapse_w=0.000 mid_frac=0.393 hard=score=0.6730201333 wNMSE=0.0051838986 wMSE=394.9112 wMRED=0.09077170 wER=0.147535 wMAE=4.0021 wBias=-3.4907 condBias=9.9308 dotDrift=-11.242sigma uMRED=0.0134675769 uER=0.214844 uMAE=9.4688 WCE=156 bias=-9.1250
[pop09_soft:00600] loss=0.064021 tau=3.75 collapse_w=0.000 mid_frac=0.357 hard=score=0.2993241814 wNMSE=0.0096593961 wMSE=735.8562 wMRED=0.42166512 wER=0.159780 wMAE=8.8997 wBias=2.2612 condBias=13.5550 dotDrift=+5.335sigma uMRED=0.0216831161 uER=0.210938 uMAE=11.6250 WCE=156 bias=-7.3750
[pop09_soft:00800] loss=0.045779 tau=4.50 collapse_w=0.084 mid_frac=0.339 hard=score=0.3885872635 wNMSE=0.010116257 wMSE=770.6601 wMRED=0.45821069 wER=0.159780 wMAE=9.1700 wBias=2.5998 condBias=13.8716 dotDrift=+5.994sigma uMRED=0.0220558649 uER=0.210938 uMAE=11.5000 WCE=156 bias=-7.1250
[pop09_soft:01000] loss=0.041762 tau=5.25 collapse_w=0.293 mid_frac=0.286 hard=score=0.7246777605 wNMSE=0.0069872666 wMSE=532.2925 wMRED=0.44464129 wER=0.159780 wMAE=8.1414 wBias=3.6285 condBias=11.5278 dotDrift=+10.065sigma uMRED=0.0190655728 uER=0.210938 uMAE=9.5000 WCE=92 bias=-5.1250
[pop09_soft:01199] loss=0.036440 tau=6.00 collapse_w=0.500 mid_frac=0.286 hard=score=0.7246777605 wNMSE=0.0069872666 wMSE=532.2925 wMRED=0.44464129 wER=0.159780 wMAE=8.1414 wBias=3.6285 condBias=11.5278 dotDrift=+10.065sigma uMRED=0.0190655728 uER=0.210938 uMAE=9.5000 WCE=92 bias=-5.1250
[pop09_hard:00000] loss=0.768876 tau=6.00 collapse_w=0.500 mid_frac=0.286 hard=score=0.7246777605 wNMSE=0.0069872666 wMSE=532.2925 wMRED=0.44464129 wER=0.159780 wMAE=8.1414 wBias=3.6285 condBias=11.5278 dotDrift=+10.065sigma uMRED=0.0190655728 uER=0.210938 uMAE=9.5000 WCE=92 bias=-5.1250
[pop09_hard:00200] loss=0.766618 tau=6.00 collapse_w=0.500 mid_frac=0.304 hard=score=0.2099962814 wNMSE=0.001887543 wMSE=143.7937 wMRED=0.04325708 wER=0.106105 wMAE=2.5777 wBias=-1.9352 condBias=5.9926 dotDrift=-10.328sigma uMRED=0.0099235982 uER=0.195312 uMAE=7.5000 WCE=92 bias=-7.1250
[pop09_hard:00400] loss=0.765261 tau=6.00 collapse_w=0.500 mid_frac=0.304 hard=score=0.2099962814 wNMSE=0.001887543 wMSE=143.7937 wMRED=0.04325708 wER=0.106105 wMAE=2.5777 wBias=-1.9352 condBias=5.9926 dotDrift=-10.328sigma uMRED=0.0099235982 uER=0.195312 uMAE=7.5000 WCE=92 bias=-7.1250
[pop09_hard:00599] loss=0.764392 tau=6.00 collapse_w=0.500 mid_frac=0.286 hard=score=0.7246777605 wNMSE=0.0069872666 wMSE=532.2925 wMRED=0.44464129 wER=0.159780 wMAE=8.1414 wBias=3.6285 condBias=11.5278 dotDrift=+10.065sigma uMRED=0.0190655728 uER=0.210938 uMAE=9.5000 WCE=92 bias=-5.1250
[pop09] done (conf=0.51, noise=1.0); global best score=0.0013734682 wNMSE=8.8383708e-05 wMSE=6.7331 wMRED=0.01606106 wER=0.082765 wMAE=0.6240 wBias=-0.0689 condBias=1.2965 dotDrift=-1.700sigma uMRED=0.0016576735 uER=0.117188 uMAE=1.0625 WCE=16 bias=-0.1250
[pop10_soft:00000] loss=0.438743 tau=1.50 collapse_w=0.000 mid_frac=0.321 hard=score=2.7615485745 wNMSE=0.033621681 wMSE=2561.3117 wMRED=1.23427051 wER=0.248815 wMAE=22.3500 wBias=-7.0856 condBias=25.2852 dotDrift=-8.960sigma uMRED=0.0429442796 uER=0.246094 uMAE=17.9453 WCE=148 bias=-7.3125
[pop10_soft:00200] loss=0.268510 tau=2.25 collapse_w=0.000 mid_frac=0.304 hard=score=14.8188944879 wNMSE=0.029071006 wMSE=2214.6396 wMRED=0.95958588 wER=0.227742 wMAE=16.6319 wBias=-16.5650 condBias=33.1591 dotDrift=-22.528sigma uMRED=0.0382849394 uER=0.242188 uMAE=18.3281 WCE=164 bias=-18.3125
[pop10_soft:00400] loss=0.140638 tau=3.00 collapse_w=0.000 mid_frac=0.196 hard=score=0.7393913044 wNMSE=0.0052969675 wMSE=403.5249 wMRED=0.06615991 wER=0.121736 wMAE=4.1705 wBias=-3.6639 condBias=10.0393 dotDrift=-11.673sigma uMRED=0.0174265415 uER=0.210938 uMAE=13.4375 WCE=148 bias=-13.1250
[pop10_soft:00600] loss=0.044317 tau=3.75 collapse_w=0.000 mid_frac=0.196 hard=score=0.2509450706 wNMSE=0.010184491 wMSE=775.8581 wMRED=0.46538795 wER=0.175412 wMAE=9.5815 wBias=2.0525 condBias=13.9186 dotDrift=+4.716sigma uMRED=0.0257971292 uER=0.226562 uMAE=14.8125 WCE=144 bias=-10.5000
[pop10_soft:00800] loss=0.025315 tau=4.50 collapse_w=0.084 mid_frac=0.196 hard=score=0.0108620025 wNMSE=0.000201083 wMSE=15.3186 wMRED=0.02442451 wER=0.102312 wMAE=0.8725 wBias=-0.3382 condBias=1.9551 dotDrift=-5.530sigma uMRED=0.0041634059 uER=0.156250 uMAE=3.3750 WCE=72 bias=-2.7500
[pop10_soft:01000] loss=0.022503 tau=5.25 collapse_w=0.293 mid_frac=0.107 hard=score=0.0186710859 wNMSE=0.00024970074 wMSE=19.0223 wMRED=0.02757899 wER=0.102312 wMAE=1.0333 wBias=-0.4990 condBias=2.1789 dotDrift=-7.323sigma uMRED=0.0045522766 uER=0.156250 uMAE=3.6250 WCE=80 bias=-3.0000
[pop10_soft:01199] loss=0.018922 tau=6.00 collapse_w=0.500 mid_frac=0.107 hard=score=0.0186710859 wNMSE=0.00024970074 wMSE=19.0223 wMRED=0.02757899 wER=0.102312 wMAE=1.0333 wBias=-0.4990 condBias=2.1789 dotDrift=-7.323sigma uMRED=0.0045522766 uER=0.156250 uMAE=3.6250 WCE=80 bias=-3.0000
[pop10_hard:00000] loss=0.031325 tau=6.00 collapse_w=0.500 mid_frac=0.107 hard=score=0.0186710859 wNMSE=0.00024970074 wMSE=19.0223 wMRED=0.02757899 wER=0.102312 wMAE=1.0333 wBias=-0.4990 condBias=2.1789 dotDrift=-7.323sigma uMRED=0.0045522766 uER=0.156250 uMAE=3.6250 WCE=80 bias=-3.0000
[pop10_hard:00200] loss=0.028264 tau=6.00 collapse_w=0.500 mid_frac=0.107 hard=score=0.0186710859 wNMSE=0.00024970074 wMSE=19.0223 wMRED=0.02757899 wER=0.102312 wMAE=1.0333 wBias=-0.4990 condBias=2.1789 dotDrift=-7.323sigma uMRED=0.0045522766 uER=0.156250 uMAE=3.6250 WCE=80 bias=-3.0000
[pop10_hard:00400] loss=0.026036 tau=6.00 collapse_w=0.500 mid_frac=0.089 hard=score=0.0186710859 wNMSE=0.00024970074 wMSE=19.0223 wMRED=0.02757899 wER=0.102312 wMAE=1.0333 wBias=-0.4990 condBias=2.1789 dotDrift=-7.323sigma uMRED=0.0045522766 uER=0.156250 uMAE=3.6250 WCE=80 bias=-3.0000
[pop10_hard:00599] loss=0.024782 tau=6.00 collapse_w=0.500 mid_frac=0.089 hard=score=0.0186710859 wNMSE=0.00024970074 wMSE=19.0223 wMRED=0.02757899 wER=0.102312 wMAE=1.0333 wBias=-0.4990 condBias=2.1789 dotDrift=-7.323sigma uMRED=0.0045522766 uER=0.156250 uMAE=3.6250 WCE=80 bias=-3.0000
[pop10] done (conf=0.53, noise=0.5); global best score=0.0013734682 wNMSE=8.8383708e-05 wMSE=6.7331 wMRED=0.01606106 wER=0.082765 wMAE=0.6240 wBias=-0.0689 condBias=1.2965 dotDrift=-1.700sigma uMRED=0.0016576735 uER=0.117188 uMAE=1.0625 WCE=16 bias=-0.1250
[pop11_soft:00000] loss=0.495428 tau=1.50 collapse_w=0.000 mid_frac=0.357 hard=score=0.1220138461 wNMSE=0.060971079 wMSE=4644.7985 wMRED=1.88904842 wER=0.247222 wMAE=33.0504 wBias=-0.5942 condBias=34.0489 dotDrift=-0.558sigma uMRED=0.0583103961 uER=0.238281 uMAE=22.5000 WCE=173 bias=-0.1875
[pop11_soft:00200] loss=0.384173 tau=2.25 collapse_w=0.000 mid_frac=0.339 hard=score=1.4648769952 wNMSE=0.06624016 wMSE=5046.1990 wMRED=1.96884334 wER=0.249234 wMAE=33.4579 wBias=-5.0143 condBias=35.4903 dotDrift=-4.518sigma uMRED=0.0592882633 uER=0.242188 uMAE=22.4844 WCE=189 bias=-14.9375
[pop11_soft:00400] loss=0.326391 tau=3.00 collapse_w=0.000 mid_frac=0.375 hard=score=0.6063084054 wNMSE=0.058300407 wMSE=4441.3457 wMRED=1.82922941 wER=0.249234 wMAE=31.6666 wBias=-3.0721 condBias=33.2954 dotDrift=-2.950sigma uMRED=0.0559333598 uER=0.242188 uMAE=21.5469 WCE=165 bias=-13.9375
[pop11_soft:00600] loss=0.249462 tau=3.75 collapse_w=0.000 mid_frac=0.393 hard=score=0.0900367377 wNMSE=0.047193138 wMSE=3595.1900 wMRED=1.62792449 wER=0.245863 wMAE=28.5834 wBias=0.4113 condBias=29.9558 dotDrift=+0.439sigma uMRED=0.0486239171 uER=0.230469 uMAE=18.1094 WCE=153 bias=-10.3125
[pop11_soft:00800] loss=0.184198 tau=4.50 collapse_w=0.084 mid_frac=0.339 hard=score=0.0831426587 wNMSE=0.046972328 wMSE=3578.3686 wMRED=1.61634354 wER=0.248817 wMAE=28.9267 wBias=-0.2275 condBias=29.8859 dotDrift=-0.243sigma uMRED=0.0512662442 uER=0.234375 uMAE=20.5469 WCE=149 bias=-12.9375
[pop11_soft:01000] loss=0.147348 tau=5.25 collapse_w=0.293 mid_frac=0.232 hard=score=0.0810625826 wNMSE=0.046742702 wMSE=3560.8757 wMRED=1.61433159 wER=0.248817 wMAE=28.8390 wBias=-0.1399 condBias=29.8127 dotDrift=-0.150sigma uMRED=0.0510645491 uER=0.234375 uMAE=20.4219 WCE=149 bias=-12.8125
[pop11_soft:01199] loss=0.113011 tau=6.00 collapse_w=0.500 mid_frac=0.232 hard=score=0.0810625826 wNMSE=0.046742702 wMSE=3560.8757 wMRED=1.61433159 wER=0.248817 wMAE=28.8390 wBias=-0.1399 condBias=29.8127 dotDrift=-0.150sigma uMRED=0.0510645491 uER=0.234375 uMAE=20.4219 WCE=149 bias=-12.8125
[pop11_hard:00000] loss=0.180210 tau=6.00 collapse_w=0.500 mid_frac=0.232 hard=score=0.0810625826 wNMSE=0.046742702 wMSE=3560.8757 wMRED=1.61433159 wER=0.248817 wMAE=28.8390 wBias=-0.1399 condBias=29.8127 dotDrift=-0.150sigma uMRED=0.0510645491 uER=0.234375 uMAE=20.4219 WCE=149 bias=-12.8125
[pop11_hard:00200] loss=0.176789 tau=6.00 collapse_w=0.500 mid_frac=0.232 hard=score=0.0810625826 wNMSE=0.046742702 wMSE=3560.8757 wMRED=1.61433159 wER=0.248817 wMAE=28.8390 wBias=-0.1399 condBias=29.8127 dotDrift=-0.150sigma uMRED=0.0510645491 uER=0.234375 uMAE=20.4219 WCE=149 bias=-12.8125
[pop11_hard:00400] loss=0.173922 tau=6.00 collapse_w=0.500 mid_frac=0.196 hard=score=0.0810625826 wNMSE=0.046742702 wMSE=3560.8757 wMRED=1.61433159 wER=0.248817 wMAE=28.8390 wBias=-0.1399 condBias=29.8127 dotDrift=-0.150sigma uMRED=0.0510645491 uER=0.234375 uMAE=20.4219 WCE=149 bias=-12.8125
[pop11_hard:00599] loss=0.172374 tau=6.00 collapse_w=0.500 mid_frac=0.196 hard=score=0.0810625826 wNMSE=0.046742702 wMSE=3560.8757 wMRED=1.61433159 wER=0.248817 wMAE=28.8390 wBias=-0.1399 condBias=29.8127 dotDrift=-0.150sigma uMRED=0.0510645491 uER=0.234375 uMAE=20.4219 WCE=149 bias=-12.8125
[pop11] done (conf=0.51, noise=1.0); global best score=0.0013734682 wNMSE=8.8383708e-05 wMSE=6.7331 wMRED=0.01606106 wER=0.082765 wMAE=0.6240 wBias=-0.0689 condBias=1.2965 dotDrift=-1.700sigma uMRED=0.0016576735 uER=0.117188 uMAE=1.0625 WCE=16 bias=-0.1250
[best] stage=quad_soft score=0.0013734682 wNMSE=8.8383708e-05 wMSE=6.7331 wMRED=0.01606106 wER=0.082765 wMAE=0.6240 wBias=-0.0689 condBias=1.2965 dotDrift=-1.700sigma uMRED=0.0016576735 uER=0.117188 uMAE=1.0625 WCE=16 bias=-0.1250
[best-json] /home/xuanqi/tony/work/FPGA/signed8x8_approx/signed8x8_2026_8_22/runs_qwen_quality/rand223/best_signed88_inits.json
[best-rtl] /home/xuanqi/tony/work/FPGA/signed8x8_approx/signed8x8_2026_8_22/runs_qwen_quality/rand223/best_rtl
[design] quality search_bits=56
[start] score=0.0013734682 wNMSE=8.8383708e-05 wMSE=6.7331 wMRED=0.01606106 wER=0.082765 wMAE=0.6240 wBias=-0.0689 condBias=1.2965 dotDrift=-1.700sigma uMRED=0.0016576735 uER=0.117188 uMAE=1.0625 WCE=16 bias=-0.1250
[single] ACCEPT ['cp_lut01:27'] 0.0013734682->0.0011271378 wNMSE=8.9293335e-05 wBias=-0.01104
[single] round=2 no improvement
[pair] ACCEPT ['cp_lut23:51', 'cp_lut23:55'] 0.0011271378->0.0011122521 wNMSE=7.9219546e-05 wBias=+0.01021
[pair] ACCEPT ['cp_lut01:59', 'cp_lut01:63'] 0.0011122521->0.0011100218 wNMSE=7.2270689e-05 wBias=+0.01523
[pair] ACCEPT ['cp_lut01:51', 'cp_lut23:55'] 0.0011100218->0.0011035642 wNMSE=6.2826656e-05 wBias=-0.01796
[pair] ACCEPT ['cp_lut23:59', 'cp_lut23:43'] 0.0011035642->0.0010275014 wNMSE=9.5425363e-05 wBias=+0.01403
[final] score=0.0010275014 wNMSE=9.5425363e-05 wMSE=7.2695 wMRED=0.03480095 wER=0.225918 wMAE=1.0456 wBias=0.0140 condBias=1.3471 dotDrift=+0.333sigma uMRED=0.0023050101 uER=0.234375 uMAE=1.3281 WCE=14 bias=-0.1875
[json] /home/xuanqi/tony/work/FPGA/signed8x8_approx/signed8x8_2026_8_22/runs_qwen_quality/rand223/refined/best_signed88_inits.json
