[design] balanced_split quad4 entries=112
[device] cuda
[initial] score=137.8359969054 wNMSE=0.96291205 wMSE=62031.0815 wMRED=7.37610193 wER=0.436894 wMAE=125.8505 wBias=46.2601 condBias=132.6181 dotDrift=+11.887sigma uMRED=0.2381500871 uER=0.434570 uMAE=89.7988 WCE=697 bias=-7.3125
[quad_warmup_bit:00000] loss=3.313895 tau=1.50 collapse_w=0.000 mid_frac=0.473 hard=score=127.2418061851 wNMSE=0.95330659 wMSE=61412.2945 wMRED=7.29326339 wER=0.436894 wMAE=124.6457 wBias=44.4258 condBias=130.3491 dotDrift=+11.473sigma uMRED=0.2365349030 uER=0.434570 uMAE=89.5449 WCE=681 bias=-7.8125 *BEST*
[quad_warmup_bit:00025] loss=2.590362 tau=1.50 collapse_w=0.000 mid_frac=0.464 hard=score=111.3753232914 wNMSE=0.95351552 wMSE=61425.7543 wMRED=7.30082986 wER=0.436894 wMAE=125.2912 wBias=41.5186 condBias=130.4962 dotDrift=+10.721sigma uMRED=0.2394873747 uER=0.434570 uMAE=91.6699 WCE=681 bias=-14.0625 *BEST*
[quad_warmup_bit:00050] loss=1.954270 tau=1.50 collapse_w=0.000 mid_frac=0.455 hard=score=67.4248365619 wNMSE=0.90056357 wMSE=58014.5739 wMRED=7.18549969 wER=0.437127 wMAE=119.3673 wBias=32.1703 condBias=125.7237 dotDrift=+8.548sigma uMRED=0.2211638103 uER=0.436523 uMAE=83.0645 WCE=681 bias=-33.0000 *BEST*
[quad_warmup_bit:00075] loss=1.414965 tau=1.50 collapse_w=0.000 mid_frac=0.446 hard=score=53.6963104597 wNMSE=0.95332109 wMSE=61413.2287 wMRED=7.23536354 wER=0.437169 wMAE=122.7549 wBias=28.5984 condBias=129.7274 dotDrift=+7.386sigma uMRED=0.2346075744 uER=0.437500 uMAE=91.1387 WCE=768 bias=-41.1875 *BEST*
[quad_warmup_bit:00100] loss=0.977924 tau=1.50 collapse_w=0.000 mid_frac=0.446 hard=score=29.9308593201 wNMSE=1.7064228 wMSE=109928.2625 wMRED=10.89431298 wER=0.437169 wMAE=171.7747 wBias=-20.6677 condBias=177.8148 dotDrift=-3.989sigma uMRED=0.3168816188 uER=0.437500 uMAE=106.9902 WCE=892 bias=-59.1875 *BEST*
[quad_warmup_bit:00200] loss=0.255936 tau=1.50 collapse_w=0.000 mid_frac=0.446 hard=score=586.7853648967 wNMSE=0.98814146 wMSE=63656.3672 wMRED=6.50875201 wER=0.379603 wMAE=101.5827 wBias=-95.9113 condBias=171.8010 dotDrift=-24.329sigma uMRED=0.2314599825 uER=0.425781 uMAE=94.9844 WCE=892 bias=-89.0000
[quad_warmup_bit:00400] loss=0.219992 tau=1.50 collapse_w=0.000 mid_frac=0.482 hard=score=601.7109164858 wNMSE=0.98646521 wMSE=63548.3827 wMRED=6.43208165 wER=0.355700 wMAE=100.2799 wBias=-97.1267 condBias=174.6104 dotDrift=-24.658sigma uMRED=0.2308590761 uER=0.421875 uMAE=95.2812 WCE=888 bias=-89.6250
[quad_warmup_bit:00600] loss=0.202187 tau=1.50 collapse_w=0.000 mid_frac=0.429 hard=score=587.2294421038 wNMSE=0.96819095 wMSE=62371.1494 wMRED=6.37065969 wER=0.304725 wMAE=99.2374 wBias=-95.9498 condBias=172.5341 dotDrift=-24.589sigma uMRED=0.2285662980 uER=0.407227 uMAE=94.1719 WCE=888 bias=-88.3750
[quad_warmup_bit:00800] loss=0.186965 tau=1.50 collapse_w=0.000 mid_frac=0.420 hard=score=585.2944275151 wNMSE=0.97438438 wMSE=62770.1320 wMRED=6.37164210 wER=0.284058 wMAE=99.0779 wBias=-95.7903 condBias=172.2822 dotDrift=-24.469sigma uMRED=0.2280107360 uER=0.388672 uMAE=93.6719 WCE=896 bias=-87.8750
[quad_warmup_bit:01000] loss=0.172196 tau=1.50 collapse_w=0.000 mid_frac=0.393 hard=score=589.6346275944 wNMSE=0.93367839 wMSE=60147.8401 wMRED=6.19149083 wER=0.278385 wMAE=96.1531 wBias=-96.1531 condBias=170.5618 dotDrift=-25.092sigma uMRED=0.2222667235 uER=0.382812 uMAE=90.3750 WCE=864 bias=-90.3750
[quad_warmup_bit:01200] loss=0.160005 tau=1.50 collapse_w=0.000 mid_frac=0.402 hard=score=567.7295247192 wNMSE=0.91908398 wMSE=59207.6636 wMRED=6.08676754 wER=0.277983 wMAE=94.3623 wBias=-94.3468 condBias=168.9029 dotDrift=-24.815sigma uMRED=0.2187909819 uER=0.374023 uMAE=88.6562 WCE=848 bias=-88.3750
[quad_warmup_bit:01400] loss=0.149840 tau=1.50 collapse_w=0.000 mid_frac=0.384 hard=score=539.2707422026 wNMSE=0.89105549 wMSE=57402.0602 wMRED=5.98194769 wER=0.277983 wMAE=91.9640 wBias=-91.9485 condBias=166.1407 dotDrift=-24.562sigma uMRED=0.2109815874 uER=0.374023 uMAE=84.1562 WCE=832 bias=-83.8750
[quad_warmup_bit:01600] loss=0.140225 tau=1.50 collapse_w=0.000 mid_frac=0.375 hard=score=392.3201042548 wNMSE=0.7883067 wMSE=50782.9526 wMRED=5.18036096 wER=0.235656 wMAE=79.0154 wBias=-78.3985 condBias=155.7738 dotDrift=-22.265sigma uMRED=0.1836464972 uER=0.342773 uMAE=73.1875 WCE=704 bias=-70.3750
[quad_warmup_bit:01750] loss=0.132294 tau=1.50 collapse_w=0.000 mid_frac=0.348 hard=score=28.9570991638 wNMSE=0.093545008 wMSE=6026.1973 wMRED=1.03035753 wER=0.216145 wMAE=21.6751 wBias=-21.2660 condBias=41.4630 dotDrift=-17.532sigma uMRED=0.0822413485 uER=0.299805 uMAE=48.9688 WCE=640 bias=-48.5000 *BEST*
[quad_warmup_bit:01800] loss=0.129700 tau=1.50 collapse_w=0.000 mid_frac=0.339 hard=score=28.9570991638 wNMSE=0.093545008 wMSE=6026.1973 wMRED=1.03035753 wER=0.216145 wMAE=21.6751 wBias=-21.2660 condBias=41.4630 dotDrift=-17.532sigma uMRED=0.0822413485 uER=0.299805 uMAE=48.9688 WCE=640 bias=-48.5000
[quad_warmup_bit:02000] loss=0.119906 tau=1.50 collapse_w=0.000 mid_frac=0.295 hard=score=5.2069073489 wNMSE=0.076751789 wMSE=4944.3731 wMRED=0.25734782 wER=0.165302 wMAE=13.1908 wBias=-8.9081 condBias=36.6091 dotDrift=-8.108sigma uMRED=0.0659347560 uER=0.268555 uMAE=45.0469 WCE=640 bias=-42.5000 *BEST*
[quad_warmup_bit:02025] loss=0.118806 tau=1.50 collapse_w=0.000 mid_frac=0.295 hard=score=2.0335650605 wNMSE=0.033365074 wMSE=2149.3880 wMRED=0.20347146 wER=0.165302 wMAE=9.8066 wBias=-5.5239 condBias=25.0970 dotDrift=-7.625sigma uMRED=0.0525331333 uER=0.268555 uMAE=37.0469 WCE=640 bias=-34.5000 *BEST*
[quad_warmup_bit:02200] loss=0.111567 tau=1.50 collapse_w=0.000 mid_frac=0.304 hard=score=2.2945655312 wNMSE=0.033185723 wMSE=2137.8342 wMRED=0.19660970 wER=0.167210 wMAE=9.6243 wBias=-5.8839 condBias=25.0528 dotDrift=-8.144sigma uMRED=0.0526843343 uER=0.271484 uMAE=37.2969 WCE=640 bias=-35.0000
[quad_warmup_bit:02400] loss=0.103585 tau=1.50 collapse_w=0.000 mid_frac=0.286 hard=score=2.2945655312 wNMSE=0.033185723 wMSE=2137.8342 wMRED=0.19660970 wER=0.167210 wMAE=9.6243 wBias=-5.8839 condBias=25.0528 dotDrift=-8.144sigma uMRED=0.0526843343 uER=0.271484 uMAE=37.2969 WCE=640 bias=-35.0000
[quad_warmup_bit:02450] loss=0.101657 tau=1.50 collapse_w=0.000 mid_frac=0.295 hard=score=1.8423644479 wNMSE=0.030826516 wMSE=1985.8533 wMRED=0.18222577 wER=0.167210 wMAE=8.9912 wBias=-5.2507 condBias=24.1947 dotDrift=-7.541sigma uMRED=0.0509415281 uER=0.271484 uMAE=36.2969 WCE=640 bias=-34.0000 *BEST*
[quad_warmup_bit:02550] loss=0.097995 tau=1.50 collapse_w=0.000 mid_frac=0.268 hard=score=1.3172473030 wNMSE=0.018296638 wMSE=1178.6749 wMRED=0.15377080 wER=0.156399 wMAE=7.1904 wBias=-4.4685 condBias=17.7331 dotDrift=-8.330sigma uMRED=0.0319441205 uER=0.255859 uMAE=21.7344 WCE=308 bias=-19.0000 *BEST*
[quad_warmup_bit:02600] loss=0.096272 tau=1.50 collapse_w=0.000 mid_frac=0.268 hard=score=4.0494208329 wNMSE=0.060190363 wMSE=3877.4811 wMRED=0.20764716 wER=0.156399 wMAE=10.5745 wBias=-7.8527 condBias=31.6350 dotDrift=-8.071sigma uMRED=0.0453457432 uER=0.255859 uMAE=29.7344 WCE=564 bias=-27.0000
[quad_warmup_bit:02800] loss=0.090029 tau=1.50 collapse_w=0.000 mid_frac=0.232 hard=score=4.1517045897 wNMSE=0.060816756 wMSE=3917.8336 wMRED=0.20845067 wER=0.156399 wMAE=10.6753 wBias=-7.9535 condBias=31.7916 dotDrift=-8.132sigma uMRED=0.0476417238 uER=0.255859 uMAE=31.7344 WCE=564 bias=-29.0000
[quad_warmup_bit:03000] loss=0.084721 tau=1.50 collapse_w=0.000 mid_frac=0.214 hard=score=3.7820795933 wNMSE=0.060161861 wMSE=3875.6450 wMRED=0.20577169 wER=0.154734 wMAE=10.3457 wBias=-7.5799 condBias=31.6585 dotDrift=-7.792sigma uMRED=0.0440532860 uER=0.240234 uMAE=28.3594 WCE=564 bias=-25.0000
[quad_warmup_bit:03200] loss=0.080308 tau=1.50 collapse_w=0.000 mid_frac=0.205 hard=score=3.7820795933 wNMSE=0.060161861 wMSE=3875.6450 wMRED=0.20577169 wER=0.154734 wMAE=10.3457 wBias=-7.5799 condBias=31.6585 dotDrift=-7.792sigma uMRED=0.0440532860 uER=0.240234 uMAE=28.3594 WCE=564 bias=-25.0000
[quad_warmup_bit:03325] loss=0.077788 tau=1.50 collapse_w=0.000 mid_frac=0.179 hard=score=0.0188582639 wNMSE=0.0019669288 wMSE=126.7101 wMRED=0.09546331 wER=0.147899 wMAE=3.2491 wBias=-0.4085 condBias=6.5636 dotDrift=-2.323sigma uMRED=0.0096701918 uER=0.205078 uMAE=5.6875 WCE=80 bias=-1.0000 *BEST*
[quad_warmup_bit:03400] loss=0.076275 tau=1.50 collapse_w=0.000 mid_frac=0.134 hard=score=0.0188582639 wNMSE=0.0019669288 wMSE=126.7101 wMRED=0.09546331 wER=0.147899 wMAE=3.2491 wBias=-0.4085 condBias=6.5636 dotDrift=-2.323sigma uMRED=0.0096701918 uER=0.205078 uMAE=5.6875 WCE=80 bias=-1.0000
[quad_warmup_bit:03600] loss=0.071587 tau=1.50 collapse_w=0.000 mid_frac=0.134 hard=score=0.0709776403 wNMSE=0.0015248479 wMSE=98.2312 wMRED=0.09289455 wER=0.155467 wMAE=3.1430 wBias=-0.9990 condBias=5.8219 dotDrift=-6.451sigma uMRED=0.0090252157 uER=0.212891 uMAE=5.1875 WCE=80 bias=-2.0000
[quad_warmup_bit:03800] loss=0.067502 tau=1.50 collapse_w=0.000 mid_frac=0.116 hard=score=0.0709776403 wNMSE=0.0015248479 wMSE=98.2312 wMRED=0.09289455 wER=0.155467 wMAE=3.1430 wBias=-0.9990 condBias=5.8219 dotDrift=-6.451sigma uMRED=0.0090252157 uER=0.212891 uMAE=5.1875 WCE=80 bias=-2.0000
[quad_warmup_bit:04000] loss=0.065258 tau=1.50 collapse_w=0.000 mid_frac=0.107 hard=score=0.0709776403 wNMSE=0.0015248479 wMSE=98.2312 wMRED=0.09289455 wER=0.155467 wMAE=3.1430 wBias=-0.9990 condBias=5.8219 dotDrift=-6.451sigma uMRED=0.0090252157 uER=0.212891 uMAE=5.1875 WCE=80 bias=-2.0000
[quad_warmup_bit:04200] loss=0.063691 tau=1.50 collapse_w=0.000 mid_frac=0.107 hard=score=0.0709776403 wNMSE=0.0015248479 wMSE=98.2312 wMRED=0.09289455 wER=0.155467 wMAE=3.1430 wBias=-0.9990 condBias=5.8219 dotDrift=-6.451sigma uMRED=0.0090252157 uER=0.212891 uMAE=5.1875 WCE=80 bias=-2.0000
[quad_warmup_bit:04400] loss=0.062477 tau=1.50 collapse_w=0.000 mid_frac=0.116 hard=score=0.0709776403 wNMSE=0.0015248479 wMSE=98.2312 wMRED=0.09289455 wER=0.155467 wMAE=3.1430 wBias=-0.9990 condBias=5.8219 dotDrift=-6.451sigma uMRED=0.0090252157 uER=0.212891 uMAE=5.1875 WCE=80 bias=-2.0000
[quad_warmup_bit:04600] loss=0.061517 tau=1.50 collapse_w=0.000 mid_frac=0.116 hard=score=0.0709776403 wNMSE=0.0015248479 wMSE=98.2312 wMRED=0.09289455 wER=0.155467 wMAE=3.1430 wBias=-0.9990 condBias=5.8219 dotDrift=-6.451sigma uMRED=0.0090252157 uER=0.212891 uMAE=5.1875 WCE=80 bias=-2.0000
[quad_warmup_bit:04800] loss=0.060744 tau=1.50 collapse_w=0.000 mid_frac=0.116 hard=score=0.0709776403 wNMSE=0.0015248479 wMSE=98.2312 wMRED=0.09289455 wER=0.155467 wMAE=3.1430 wBias=-0.9990 condBias=5.8219 dotDrift=-6.451sigma uMRED=0.0090252157 uER=0.212891 uMAE=5.1875 WCE=80 bias=-2.0000
[quad_warmup_bit:05000] loss=0.060112 tau=1.50 collapse_w=0.000 mid_frac=0.116 hard=score=0.0709776403 wNMSE=0.0015248479 wMSE=98.2312 wMRED=0.09289455 wER=0.155467 wMAE=3.1430 wBias=-0.9990 condBias=5.8219 dotDrift=-6.451sigma uMRED=0.0090252157 uER=0.212891 uMAE=5.1875 WCE=80 bias=-2.0000
[quad_warmup_bit:05200] loss=0.059587 tau=1.50 collapse_w=0.000 mid_frac=0.116 hard=score=0.0709776403 wNMSE=0.0015248479 wMSE=98.2312 wMRED=0.09289455 wER=0.155467 wMAE=3.1430 wBias=-0.9990 condBias=5.8219 dotDrift=-6.451sigma uMRED=0.0090252157 uER=0.212891 uMAE=5.1875 WCE=80 bias=-2.0000
[quad_warmup_bit:05400] loss=0.059151 tau=1.50 collapse_w=0.000 mid_frac=0.116 hard=score=0.0709776403 wNMSE=0.0015248479 wMSE=98.2312 wMRED=0.09289455 wER=0.155467 wMAE=3.1430 wBias=-0.9990 condBias=5.8219 dotDrift=-6.451sigma uMRED=0.0090252157 uER=0.212891 uMAE=5.1875 WCE=80 bias=-2.0000
[quad_warmup_bit:05600] loss=0.058778 tau=1.50 collapse_w=0.000 mid_frac=0.116 hard=score=0.0709776403 wNMSE=0.0015248479 wMSE=98.2312 wMRED=0.09289455 wER=0.155467 wMAE=3.1430 wBias=-0.9990 condBias=5.8219 dotDrift=-6.451sigma uMRED=0.0090252157 uER=0.212891 uMAE=5.1875 WCE=80 bias=-2.0000
[quad_warmup_bit:05800] loss=0.058463 tau=1.50 collapse_w=0.000 mid_frac=0.116 hard=score=0.0709776403 wNMSE=0.0015248479 wMSE=98.2312 wMRED=0.09289455 wER=0.155467 wMAE=3.1430 wBias=-0.9990 condBias=5.8219 dotDrift=-6.451sigma uMRED=0.0090252157 uER=0.212891 uMAE=5.1875 WCE=80 bias=-2.0000
[quad_warmup_bit:05999] loss=0.058199 tau=1.50 collapse_w=0.000 mid_frac=0.116 hard=score=0.0709776403 wNMSE=0.0015248479 wMSE=98.2312 wMRED=0.09289455 wER=0.155467 wMAE=3.1430 wBias=-0.9990 condBias=5.8219 dotDrift=-6.451sigma uMRED=0.0090252157 uER=0.212891 uMAE=5.1875 WCE=80 bias=-2.0000
[quad_soft:00000] loss=0.136202 tau=1.50 collapse_w=0.000 mid_frac=0.116 hard=score=0.0709776403 wNMSE=0.0015248479 wMSE=98.2312 wMRED=0.09289455 wER=0.155467 wMAE=3.1430 wBias=-0.9990 condBias=5.8219 dotDrift=-6.451sigma uMRED=0.0090252157 uER=0.212891 uMAE=5.1875 WCE=80 bias=-2.0000
[quad_soft:00200] loss=0.088206 tau=1.59 collapse_w=0.000 mid_frac=0.098 hard=score=0.0935344090 wNMSE=0.0025805613 wMSE=166.2405 wMRED=0.10273646 wER=0.155467 wMAE=3.6743 wBias=1.1461 condBias=6.6742 dotDrift=+5.689sigma uMRED=0.0100801921 uER=0.212891 uMAE=5.7656 WCE=96 bias=2.0000
[quad_soft:00400] loss=0.078609 tau=1.68 collapse_w=0.000 mid_frac=0.089 hard=score=0.1178857610 wNMSE=0.0024835787 wMSE=159.9929 wMRED=0.09965070 wER=0.155467 wMAE=3.5166 wBias=1.3038 condBias=6.4490 dotDrift=+6.597sigma uMRED=0.0096913213 uER=0.212891 uMAE=5.5156 WCE=96 bias=2.2500
[quad_soft:00600] loss=0.074115 tau=1.77 collapse_w=0.000 mid_frac=0.098 hard=score=0.0523394756 wNMSE=0.0014278652 wMSE=91.9835 wMRED=0.08980879 wER=0.155467 wMAE=2.9852 wBias=-0.8413 condBias=5.5623 dotDrift=-5.614sigma uMRED=0.0086363449 uER=0.212891 uMAE=4.9375 WCE=80 bias=-1.7500
[quad_soft:00800] loss=0.071833 tau=1.86 collapse_w=0.000 mid_frac=0.116 hard=score=0.0511468364 wNMSE=0.002407505 wMSE=155.0922 wMRED=0.09958735 wER=0.175999 wMAE=3.5155 wBias=0.8080 condBias=6.3567 dotDrift=+4.153sigma uMRED=0.0096913213 uER=0.228516 uMAE=5.5156 WCE=96 bias=1.7500
[quad_soft:01000] loss=0.070042 tau=1.95 collapse_w=0.000 mid_frac=0.116 hard=score=0.0511468364 wNMSE=0.002407505 wMSE=155.0922 wMRED=0.09958735 wER=0.175999 wMAE=3.5155 wBias=0.8080 condBias=6.3567 dotDrift=+4.153sigma uMRED=0.0096913213 uER=0.228516 uMAE=5.5156 WCE=96 bias=1.7500
[quad_soft:01200] loss=0.068474 tau=2.04 collapse_w=0.000 mid_frac=0.116 hard=score=0.0511468364 wNMSE=0.002407505 wMSE=155.0922 wMRED=0.09958735 wER=0.175999 wMAE=3.5155 wBias=0.8080 condBias=6.3567 dotDrift=+4.153sigma uMRED=0.0096913213 uER=0.228516 uMAE=5.5156 WCE=96 bias=1.7500
[quad_soft:01400] loss=0.067025 tau=2.13 collapse_w=0.000 mid_frac=0.116 hard=score=0.0511468364 wNMSE=0.002407505 wMSE=155.0922 wMRED=0.09958735 wER=0.175999 wMAE=3.5155 wBias=0.8080 condBias=6.3567 dotDrift=+4.153sigma uMRED=0.0096913213 uER=0.228516 uMAE=5.5156 WCE=96 bias=1.7500
[quad_soft:01600] loss=0.065638 tau=2.22 collapse_w=0.000 mid_frac=0.116 hard=score=0.0511468364 wNMSE=0.002407505 wMSE=155.0922 wMRED=0.09958735 wER=0.175999 wMAE=3.5155 wBias=0.8080 condBias=6.3567 dotDrift=+4.153sigma uMRED=0.0096913213 uER=0.228516 uMAE=5.5156 WCE=96 bias=1.7500
[quad_soft:01800] loss=0.064292 tau=2.31 collapse_w=0.000 mid_frac=0.116 hard=score=0.0511468364 wNMSE=0.002407505 wMSE=155.0922 wMRED=0.09958735 wER=0.175999 wMAE=3.5155 wBias=0.8080 condBias=6.3567 dotDrift=+4.153sigma uMRED=0.0096913213 uER=0.228516 uMAE=5.5156 WCE=96 bias=1.7500
[quad_soft:02000] loss=0.062971 tau=2.40 collapse_w=0.000 mid_frac=0.125 hard=score=0.0511468364 wNMSE=0.002407505 wMSE=155.0922 wMRED=0.09958735 wER=0.175999 wMAE=3.5155 wBias=0.8080 condBias=6.3567 dotDrift=+4.153sigma uMRED=0.0096913213 uER=0.228516 uMAE=5.5156 WCE=96 bias=1.7500
[quad_soft:02200] loss=0.061659 tau=2.49 collapse_w=0.000 mid_frac=0.125 hard=score=0.0511468364 wNMSE=0.002407505 wMSE=155.0922 wMRED=0.09958735 wER=0.175999 wMAE=3.5155 wBias=0.8080 condBias=6.3567 dotDrift=+4.153sigma uMRED=0.0096913213 uER=0.228516 uMAE=5.5156 WCE=96 bias=1.7500
[quad_soft:02400] loss=0.060358 tau=2.58 collapse_w=0.000 mid_frac=0.125 hard=score=0.0511468364 wNMSE=0.002407505 wMSE=155.0922 wMRED=0.09958735 wER=0.175999 wMAE=3.5155 wBias=0.8080 condBias=6.3567 dotDrift=+4.153sigma uMRED=0.0096913213 uER=0.228516 uMAE=5.5156 WCE=96 bias=1.7500
[quad_soft:02600] loss=0.059061 tau=2.67 collapse_w=0.000 mid_frac=0.125 hard=score=0.0511468364 wNMSE=0.002407505 wMSE=155.0922 wMRED=0.09958735 wER=0.175999 wMAE=3.5155 wBias=0.8080 condBias=6.3567 dotDrift=+4.153sigma uMRED=0.0096913213 uER=0.228516 uMAE=5.5156 WCE=96 bias=1.7500
[quad_soft:02800] loss=0.057767 tau=2.76 collapse_w=0.000 mid_frac=0.125 hard=score=0.0511468364 wNMSE=0.002407505 wMSE=155.0922 wMRED=0.09958735 wER=0.175999 wMAE=3.5155 wBias=0.8080 condBias=6.3567 dotDrift=+4.153sigma uMRED=0.0096913213 uER=0.228516 uMAE=5.5156 WCE=96 bias=1.7500
[quad_soft:03000] loss=0.056473 tau=2.85 collapse_w=0.000 mid_frac=0.125 hard=score=0.0511468364 wNMSE=0.002407505 wMSE=155.0922 wMRED=0.09958735 wER=0.175999 wMAE=3.5155 wBias=0.8080 condBias=6.3567 dotDrift=+4.153sigma uMRED=0.0096913213 uER=0.228516 uMAE=5.5156 WCE=96 bias=1.7500
[quad_soft:03200] loss=0.055180 tau=2.94 collapse_w=0.000 mid_frac=0.125 hard=score=0.0511468364 wNMSE=0.002407505 wMSE=155.0922 wMRED=0.09958735 wER=0.175999 wMAE=3.5155 wBias=0.8080 condBias=6.3567 dotDrift=+4.153sigma uMRED=0.0096913213 uER=0.228516 uMAE=5.5156 WCE=96 bias=1.7500
[quad_soft:03400] loss=0.053888 tau=3.03 collapse_w=0.000 mid_frac=0.125 hard=score=0.0511468364 wNMSE=0.002407505 wMSE=155.0922 wMRED=0.09958735 wER=0.175999 wMAE=3.5155 wBias=0.8080 condBias=6.3567 dotDrift=+4.153sigma uMRED=0.0096913213 uER=0.228516 uMAE=5.5156 WCE=96 bias=1.7500
[quad_soft:03600] loss=0.052594 tau=3.12 collapse_w=0.000 mid_frac=0.125 hard=score=0.0511468364 wNMSE=0.002407505 wMSE=155.0922 wMRED=0.09958735 wER=0.175999 wMAE=3.5155 wBias=0.8080 condBias=6.3567 dotDrift=+4.153sigma uMRED=0.0096913213 uER=0.228516 uMAE=5.5156 WCE=96 bias=1.7500
[quad_soft:03800] loss=0.051297 tau=3.21 collapse_w=0.000 mid_frac=0.125 hard=score=0.0511468364 wNMSE=0.002407505 wMSE=155.0922 wMRED=0.09958735 wER=0.175999 wMAE=3.5155 wBias=0.8080 condBias=6.3567 dotDrift=+4.153sigma uMRED=0.0096913213 uER=0.228516 uMAE=5.5156 WCE=96 bias=1.7500
[quad_soft:04000] loss=0.050001 tau=3.30 collapse_w=0.000 mid_frac=0.125 hard=score=0.0511468364 wNMSE=0.002407505 wMSE=155.0922 wMRED=0.09958735 wER=0.175999 wMAE=3.5155 wBias=0.8080 condBias=6.3567 dotDrift=+4.153sigma uMRED=0.0096913213 uER=0.228516 uMAE=5.5156 WCE=96 bias=1.7500
[quad_soft:04200] loss=0.048635 tau=3.39 collapse_w=0.000 mid_frac=0.125 hard=score=0.0511468364 wNMSE=0.002407505 wMSE=155.0922 wMRED=0.09958735 wER=0.175999 wMAE=3.5155 wBias=0.8080 condBias=6.3567 dotDrift=+4.153sigma uMRED=0.0096913213 uER=0.228516 uMAE=5.5156 WCE=96 bias=1.7500
[quad_soft:04400] loss=0.047269 tau=3.48 collapse_w=0.000 mid_frac=0.125 hard=score=0.0511468364 wNMSE=0.002407505 wMSE=155.0922 wMRED=0.09958735 wER=0.175999 wMAE=3.5155 wBias=0.8080 condBias=6.3567 dotDrift=+4.153sigma uMRED=0.0096913213 uER=0.228516 uMAE=5.5156 WCE=96 bias=1.7500
[quad_soft:04600] loss=0.045901 tau=3.57 collapse_w=0.000 mid_frac=0.125 hard=score=0.0511468364 wNMSE=0.002407505 wMSE=155.0922 wMRED=0.09958735 wER=0.175999 wMAE=3.5155 wBias=0.8080 condBias=6.3567 dotDrift=+4.153sigma uMRED=0.0096913213 uER=0.228516 uMAE=5.5156 WCE=96 bias=1.7500
[quad_soft:04800] loss=0.044532 tau=3.66 collapse_w=0.000 mid_frac=0.125 hard=score=0.0511468364 wNMSE=0.002407505 wMSE=155.0922 wMRED=0.09958735 wER=0.175999 wMAE=3.5155 wBias=0.8080 condBias=6.3567 dotDrift=+4.153sigma uMRED=0.0096913213 uER=0.228516 uMAE=5.5156 WCE=96 bias=1.7500
[quad_soft:05000] loss=0.043163 tau=3.75 collapse_w=0.000 mid_frac=0.125 hard=score=0.0511468364 wNMSE=0.002407505 wMSE=155.0922 wMRED=0.09958735 wER=0.175999 wMAE=3.5155 wBias=0.8080 condBias=6.3567 dotDrift=+4.153sigma uMRED=0.0096913213 uER=0.228516 uMAE=5.5156 WCE=96 bias=1.7500
[quad_soft:05200] loss=0.041791 tau=3.84 collapse_w=0.000 mid_frac=0.125 hard=score=0.0511468364 wNMSE=0.002407505 wMSE=155.0922 wMRED=0.09958735 wER=0.175999 wMAE=3.5155 wBias=0.8080 condBias=6.3567 dotDrift=+4.153sigma uMRED=0.0096913213 uER=0.228516 uMAE=5.5156 WCE=96 bias=1.7500
[quad_soft:05400] loss=0.040421 tau=3.93 collapse_w=0.000 mid_frac=0.125 hard=score=0.0511468364 wNMSE=0.002407505 wMSE=155.0922 wMRED=0.09958735 wER=0.175999 wMAE=3.5155 wBias=0.8080 condBias=6.3567 dotDrift=+4.153sigma uMRED=0.0096913213 uER=0.228516 uMAE=5.5156 WCE=96 bias=1.7500
[quad_soft:05600] loss=0.039048 tau=4.02 collapse_w=0.000 mid_frac=0.125 hard=score=0.0511468364 wNMSE=0.002407505 wMSE=155.0922 wMRED=0.09958735 wER=0.175999 wMAE=3.5155 wBias=0.8080 condBias=6.3567 dotDrift=+4.153sigma uMRED=0.0096913213 uER=0.228516 uMAE=5.5156 WCE=96 bias=1.7500
[quad_soft:05800] loss=0.037672 tau=4.11 collapse_w=0.000 mid_frac=0.125 hard=score=0.0511468364 wNMSE=0.002407505 wMSE=155.0922 wMRED=0.09958735 wER=0.175999 wMAE=3.5155 wBias=0.8080 condBias=6.3567 dotDrift=+4.153sigma uMRED=0.0096913213 uER=0.228516 uMAE=5.5156 WCE=96 bias=1.7500
[quad_soft:06000] loss=0.036303 tau=4.20 collapse_w=0.000 mid_frac=0.116 hard=score=0.0511468364 wNMSE=0.002407505 wMSE=155.0922 wMRED=0.09958735 wER=0.175999 wMAE=3.5155 wBias=0.8080 condBias=6.3567 dotDrift=+4.153sigma uMRED=0.0096913213 uER=0.228516 uMAE=5.5156 WCE=96 bias=1.7500
[quad_soft:06175] loss=0.035883 tau=4.28 collapse_w=0.022 mid_frac=0.098 hard=score=0.0088713488 wNMSE=0.0008706066 wMSE=56.0847 wMRED=0.08223640 wER=0.171779 wMAE=2.4954 wBias=-0.2645 condBias=4.3368 dotDrift=-2.260sigma uMRED=0.0064954694 uER=0.216797 uMAE=3.6562 WCE=48 bias=-0.2500 *BEST*
[quad_soft:06200] loss=0.035809 tau=4.29 collapse_w=0.025 mid_frac=0.098 hard=score=0.0088713488 wNMSE=0.0008706066 wMSE=56.0847 wMRED=0.08223640 wER=0.171779 wMAE=2.4954 wBias=-0.2645 condBias=4.3368 dotDrift=-2.260sigma uMRED=0.0064954694 uER=0.216797 uMAE=3.6562 WCE=48 bias=-0.2500
[quad_soft:06400] loss=0.035150 tau=4.38 collapse_w=0.050 mid_frac=0.107 hard=score=0.0088713488 wNMSE=0.0008706066 wMSE=56.0847 wMRED=0.08223640 wER=0.171779 wMAE=2.4954 wBias=-0.2645 condBias=4.3368 dotDrift=-2.260sigma uMRED=0.0064954694 uER=0.216797 uMAE=3.6562 WCE=48 bias=-0.2500
[quad_soft:06600] loss=0.034428 tau=4.47 collapse_w=0.075 mid_frac=0.107 hard=score=0.0088713488 wNMSE=0.0008706066 wMSE=56.0847 wMRED=0.08223640 wER=0.171779 wMAE=2.4954 wBias=-0.2645 condBias=4.3368 dotDrift=-2.260sigma uMRED=0.0064954694 uER=0.216797 uMAE=3.6562 WCE=48 bias=-0.2500
[quad_soft:06625] loss=0.034337 tau=4.48 collapse_w=0.078 mid_frac=0.098 hard=score=0.0065334258 wNMSE=0.000834229 wMSE=53.7413 wMRED=0.08069352 wER=0.171779 wMAE=2.4166 wBias=-0.1856 condBias=4.1714 dotDrift=-1.621sigma uMRED=0.0063010340 uER=0.216797 uMAE=3.5312 WCE=48 bias=-0.1250 *BEST*
[quad_soft:06800] loss=0.033657 tau=4.56 collapse_w=0.100 mid_frac=0.098 hard=score=0.0065334258 wNMSE=0.000834229 wMSE=53.7413 wMRED=0.08069352 wER=0.171779 wMAE=2.4166 wBias=-0.1856 condBias=4.1714 dotDrift=-1.621sigma uMRED=0.0063010340 uER=0.216797 uMAE=3.5312 WCE=48 bias=-0.1250
[quad_soft:07000] loss=0.032849 tau=4.65 collapse_w=0.125 mid_frac=0.098 hard=score=0.0065334258 wNMSE=0.000834229 wMSE=53.7413 wMRED=0.08069352 wER=0.171779 wMAE=2.4166 wBias=-0.1856 condBias=4.1714 dotDrift=-1.621sigma uMRED=0.0063010340 uER=0.216797 uMAE=3.5312 WCE=48 bias=-0.1250
[quad_soft:07200] loss=0.032017 tau=4.74 collapse_w=0.150 mid_frac=0.080 hard=score=0.0104979766 wNMSE=0.00085639327 wMSE=55.1691 wMRED=0.08056069 wER=0.151248 wMAE=2.4106 wBias=0.3101 condBias=4.2233 dotDrift=+2.672sigma uMRED=0.0062594694 uER=0.201172 uMAE=3.5156 WCE=48 bias=0.3750
[quad_soft:07400] loss=0.031150 tau=4.83 collapse_w=0.175 mid_frac=0.071 hard=score=0.0104979766 wNMSE=0.00085639327 wMSE=55.1691 wMRED=0.08056069 wER=0.151248 wMAE=2.4106 wBias=0.3101 condBias=4.2233 dotDrift=+2.672sigma uMRED=0.0062594694 uER=0.201172 uMAE=3.5156 WCE=48 bias=0.3750
[quad_soft:07600] loss=0.030256 tau=4.92 collapse_w=0.200 mid_frac=0.071 hard=score=0.0104979766 wNMSE=0.00085639327 wMSE=55.1691 wMRED=0.08056069 wER=0.151248 wMAE=2.4106 wBias=0.3101 condBias=4.2233 dotDrift=+2.672sigma uMRED=0.0062594694 uER=0.201172 uMAE=3.5156 WCE=48 bias=0.3750
[quad_soft:07800] loss=0.029336 tau=5.01 collapse_w=0.225 mid_frac=0.071 hard=score=0.0104979766 wNMSE=0.00085639327 wMSE=55.1691 wMRED=0.08056069 wER=0.151248 wMAE=2.4106 wBias=0.3101 condBias=4.2233 dotDrift=+2.672sigma uMRED=0.0062594694 uER=0.201172 uMAE=3.5156 WCE=48 bias=0.3750
[quad_soft:08000] loss=0.028377 tau=5.10 collapse_w=0.250 mid_frac=0.054 hard=score=0.0104979766 wNMSE=0.00085639327 wMSE=55.1691 wMRED=0.08056069 wER=0.151248 wMAE=2.4106 wBias=0.3101 condBias=4.2233 dotDrift=+2.672sigma uMRED=0.0062594694 uER=0.201172 uMAE=3.5156 WCE=48 bias=0.3750
[quad_soft:08200] loss=0.027367 tau=5.19 collapse_w=0.275 mid_frac=0.054 hard=score=0.0104979766 wNMSE=0.00085639327 wMSE=55.1691 wMRED=0.08056069 wER=0.151248 wMAE=2.4106 wBias=0.3101 condBias=4.2233 dotDrift=+2.672sigma uMRED=0.0062594694 uER=0.201172 uMAE=3.5156 WCE=48 bias=0.3750
[quad_soft:08400] loss=0.026309 tau=5.28 collapse_w=0.300 mid_frac=0.054 hard=score=0.0104979766 wNMSE=0.00085639327 wMSE=55.1691 wMRED=0.08056069 wER=0.151248 wMAE=2.4106 wBias=0.3101 condBias=4.2233 dotDrift=+2.672sigma uMRED=0.0062594694 uER=0.201172 uMAE=3.5156 WCE=48 bias=0.3750
[quad_soft:08600] loss=0.025225 tau=5.37 collapse_w=0.325 mid_frac=0.054 hard=score=0.0104979766 wNMSE=0.00085639327 wMSE=55.1691 wMRED=0.08056069 wER=0.151248 wMAE=2.4106 wBias=0.3101 condBias=4.2233 dotDrift=+2.672sigma uMRED=0.0062594694 uER=0.201172 uMAE=3.5156 WCE=48 bias=0.3750
[quad_soft:08800] loss=0.024102 tau=5.46 collapse_w=0.350 mid_frac=0.054 hard=score=0.0104979766 wNMSE=0.00085639327 wMSE=55.1691 wMRED=0.08056069 wER=0.151248 wMAE=2.4106 wBias=0.3101 condBias=4.2233 dotDrift=+2.672sigma uMRED=0.0062594694 uER=0.201172 uMAE=3.5156 WCE=48 bias=0.3750
[quad_soft:09000] loss=0.022948 tau=5.55 collapse_w=0.375 mid_frac=0.054 hard=score=0.0104979766 wNMSE=0.00085639327 wMSE=55.1691 wMRED=0.08056069 wER=0.151248 wMAE=2.4106 wBias=0.3101 condBias=4.2233 dotDrift=+2.672sigma uMRED=0.0062594694 uER=0.201172 uMAE=3.5156 WCE=48 bias=0.3750
[quad_soft:09200] loss=0.021750 tau=5.64 collapse_w=0.400 mid_frac=0.054 hard=score=0.0104979766 wNMSE=0.00085639327 wMSE=55.1691 wMRED=0.08056069 wER=0.151248 wMAE=2.4106 wBias=0.3101 condBias=4.2233 dotDrift=+2.672sigma uMRED=0.0062594694 uER=0.201172 uMAE=3.5156 WCE=48 bias=0.3750
[quad_soft:09400] loss=0.020501 tau=5.73 collapse_w=0.425 mid_frac=0.054 hard=score=0.0104979766 wNMSE=0.00085639327 wMSE=55.1691 wMRED=0.08056069 wER=0.151248 wMAE=2.4106 wBias=0.3101 condBias=4.2233 dotDrift=+2.672sigma uMRED=0.0062594694 uER=0.201172 uMAE=3.5156 WCE=48 bias=0.3750
[quad_soft:09600] loss=0.019170 tau=5.82 collapse_w=0.450 mid_frac=0.054 hard=score=0.0104979766 wNMSE=0.00085639327 wMSE=55.1691 wMRED=0.08056069 wER=0.151248 wMAE=2.4106 wBias=0.3101 condBias=4.2233 dotDrift=+2.672sigma uMRED=0.0062594694 uER=0.201172 uMAE=3.5156 WCE=48 bias=0.3750
[quad_soft:09800] loss=0.017683 tau=5.91 collapse_w=0.475 mid_frac=0.054 hard=score=0.0104979766 wNMSE=0.00085639327 wMSE=55.1691 wMRED=0.08056069 wER=0.151248 wMAE=2.4106 wBias=0.3101 condBias=4.2233 dotDrift=+2.672sigma uMRED=0.0062594694 uER=0.201172 uMAE=3.5156 WCE=48 bias=0.3750
[quad_soft:09999] loss=0.016059 tau=6.00 collapse_w=0.500 mid_frac=0.054 hard=score=0.0104979766 wNMSE=0.00085639327 wMSE=55.1691 wMRED=0.08056069 wER=0.151248 wMAE=2.4106 wBias=0.3101 condBias=4.2233 dotDrift=+2.672sigma uMRED=0.0062594694 uER=0.201172 uMAE=3.5156 WCE=48 bias=0.3750
[quad_hard_ste:00000] loss=0.018966 tau=6.00 collapse_w=0.500 mid_frac=0.054 hard=score=0.0104979766 wNMSE=0.00085639327 wMSE=55.1691 wMRED=0.08056069 wER=0.151248 wMAE=2.4106 wBias=0.3101 condBias=4.2233 dotDrift=+2.672sigma uMRED=0.0062594694 uER=0.201172 uMAE=3.5156 WCE=48 bias=0.3750
[quad_hard_ste:00200] loss=0.020703 tau=6.00 collapse_w=0.500 mid_frac=0.054 hard=score=0.0104979766 wNMSE=0.00085639327 wMSE=55.1691 wMRED=0.08056069 wER=0.151248 wMAE=2.4106 wBias=0.3101 condBias=4.2233 dotDrift=+2.672sigma uMRED=0.0062594694 uER=0.201172 uMAE=3.5156 WCE=48 bias=0.3750
[quad_hard_ste:00400] loss=0.234804 tau=6.00 collapse_w=0.500 mid_frac=0.054 hard=score=0.2295308251 wNMSE=0.0040627876 wMSE=261.7260 wMRED=0.10696608 wER=0.155467 wMAE=3.9789 wBias=-1.8349 condBias=8.7139 dotDrift=-7.259sigma uMRED=0.0119959342 uER=0.212891 uMAE=6.8125 WCE=144 bias=-3.6250
[quad_hard_ste:00600] loss=0.234250 tau=6.00 collapse_w=0.500 mid_frac=0.054 hard=score=0.2295308251 wNMSE=0.0040627876 wMSE=261.7260 wMRED=0.10696608 wER=0.155467 wMAE=3.9789 wBias=-1.8349 condBias=8.7139 dotDrift=-7.259sigma uMRED=0.0119959342 uER=0.212891 uMAE=6.8125 WCE=144 bias=-3.6250
[quad_hard_ste:00800] loss=0.233883 tau=6.00 collapse_w=0.500 mid_frac=0.054 hard=score=0.2295308251 wNMSE=0.0040627876 wMSE=261.7260 wMRED=0.10696608 wER=0.155467 wMAE=3.9789 wBias=-1.8349 condBias=8.7139 dotDrift=-7.259sigma uMRED=0.0119959342 uER=0.212891 uMAE=6.8125 WCE=144 bias=-3.6250
[quad_hard_ste:01000] loss=0.233603 tau=6.00 collapse_w=0.500 mid_frac=0.054 hard=score=0.2295308251 wNMSE=0.0040627876 wMSE=261.7260 wMRED=0.10696608 wER=0.155467 wMAE=3.9789 wBias=-1.8349 condBias=8.7139 dotDrift=-7.259sigma uMRED=0.0119959342 uER=0.212891 uMAE=6.8125 WCE=144 bias=-3.6250
[quad_hard_ste:01200] loss=0.233379 tau=6.00 collapse_w=0.500 mid_frac=0.054 hard=score=0.2295308251 wNMSE=0.0040627876 wMSE=261.7260 wMRED=0.10696608 wER=0.155467 wMAE=3.9789 wBias=-1.8349 condBias=8.7139 dotDrift=-7.259sigma uMRED=0.0119959342 uER=0.212891 uMAE=6.8125 WCE=144 bias=-3.6250
[quad_hard_ste:01400] loss=0.233198 tau=6.00 collapse_w=0.500 mid_frac=0.054 hard=score=0.2295308251 wNMSE=0.0040627876 wMSE=261.7260 wMRED=0.10696608 wER=0.155467 wMAE=3.9789 wBias=-1.8349 condBias=8.7139 dotDrift=-7.259sigma uMRED=0.0119959342 uER=0.212891 uMAE=6.8125 WCE=144 bias=-3.6250
[quad_hard_ste:01600] loss=0.233050 tau=6.00 collapse_w=0.500 mid_frac=0.054 hard=score=0.2295308251 wNMSE=0.0040627876 wMSE=261.7260 wMRED=0.10696608 wER=0.155467 wMAE=3.9789 wBias=-1.8349 condBias=8.7139 dotDrift=-7.259sigma uMRED=0.0119959342 uER=0.212891 uMAE=6.8125 WCE=144 bias=-3.6250
[quad_hard_ste:01800] loss=0.232927 tau=6.00 collapse_w=0.500 mid_frac=0.054 hard=score=0.2295308251 wNMSE=0.0040627876 wMSE=261.7260 wMRED=0.10696608 wER=0.155467 wMAE=3.9789 wBias=-1.8349 condBias=8.7139 dotDrift=-7.259sigma uMRED=0.0119959342 uER=0.212891 uMAE=6.8125 WCE=144 bias=-3.6250
[quad_hard_ste:02000] loss=0.232826 tau=6.00 collapse_w=0.500 mid_frac=0.054 hard=score=0.2295308251 wNMSE=0.0040627876 wMSE=261.7260 wMRED=0.10696608 wER=0.155467 wMAE=3.9789 wBias=-1.8349 condBias=8.7139 dotDrift=-7.259sigma uMRED=0.0119959342 uER=0.212891 uMAE=6.8125 WCE=144 bias=-3.6250
[quad_hard_ste:02200] loss=0.232741 tau=6.00 collapse_w=0.500 mid_frac=0.054 hard=score=0.2295308251 wNMSE=0.0040627876 wMSE=261.7260 wMRED=0.10696608 wER=0.155467 wMAE=3.9789 wBias=-1.8349 condBias=8.7139 dotDrift=-7.259sigma uMRED=0.0119959342 uER=0.212891 uMAE=6.8125 WCE=144 bias=-3.6250
[quad_hard_ste:02400] loss=0.232668 tau=6.00 collapse_w=0.500 mid_frac=0.054 hard=score=0.2295308251 wNMSE=0.0040627876 wMSE=261.7260 wMRED=0.10696608 wER=0.155467 wMAE=3.9789 wBias=-1.8349 condBias=8.7139 dotDrift=-7.259sigma uMRED=0.0119959342 uER=0.212891 uMAE=6.8125 WCE=144 bias=-3.6250
[quad_hard_ste:02600] loss=0.232606 tau=6.00 collapse_w=0.500 mid_frac=0.054 hard=score=0.2295308251 wNMSE=0.0040627876 wMSE=261.7260 wMRED=0.10696608 wER=0.155467 wMAE=3.9789 wBias=-1.8349 condBias=8.7139 dotDrift=-7.259sigma uMRED=0.0119959342 uER=0.212891 uMAE=6.8125 WCE=144 bias=-3.6250
[quad_hard_ste:02800] loss=0.232552 tau=6.00 collapse_w=0.500 mid_frac=0.054 hard=score=0.2295308251 wNMSE=0.0040627876 wMSE=261.7260 wMRED=0.10696608 wER=0.155467 wMAE=3.9789 wBias=-1.8349 condBias=8.7139 dotDrift=-7.259sigma uMRED=0.0119959342 uER=0.212891 uMAE=6.8125 WCE=144 bias=-3.6250
[quad_hard_ste:03000] loss=0.232505 tau=6.00 collapse_w=0.500 mid_frac=0.054 hard=score=0.2295308251 wNMSE=0.0040627876 wMSE=261.7260 wMRED=0.10696608 wER=0.155467 wMAE=3.9789 wBias=-1.8349 condBias=8.7139 dotDrift=-7.259sigma uMRED=0.0119959342 uER=0.212891 uMAE=6.8125 WCE=144 bias=-3.6250
[quad_hard_ste:03200] loss=0.232463 tau=6.00 collapse_w=0.500 mid_frac=0.054 hard=score=0.2295308251 wNMSE=0.0040627876 wMSE=261.7260 wMRED=0.10696608 wER=0.155467 wMAE=3.9789 wBias=-1.8349 condBias=8.7139 dotDrift=-7.259sigma uMRED=0.0119959342 uER=0.212891 uMAE=6.8125 WCE=144 bias=-3.6250
[quad_hard_ste:03400] loss=0.232425 tau=6.00 collapse_w=0.500 mid_frac=0.054 hard=score=0.2295308251 wNMSE=0.0040627876 wMSE=261.7260 wMRED=0.10696608 wER=0.155467 wMAE=3.9789 wBias=-1.8349 condBias=8.7139 dotDrift=-7.259sigma uMRED=0.0119959342 uER=0.212891 uMAE=6.8125 WCE=144 bias=-3.6250
[quad_hard_ste:03600] loss=0.232391 tau=6.00 collapse_w=0.500 mid_frac=0.054 hard=score=0.2295308251 wNMSE=0.0040627876 wMSE=261.7260 wMRED=0.10696608 wER=0.155467 wMAE=3.9789 wBias=-1.8349 condBias=8.7139 dotDrift=-7.259sigma uMRED=0.0119959342 uER=0.212891 uMAE=6.8125 WCE=144 bias=-3.6250
[quad_hard_ste:03800] loss=0.232360 tau=6.00 collapse_w=0.500 mid_frac=0.054 hard=score=0.2295308251 wNMSE=0.0040627876 wMSE=261.7260 wMRED=0.10696608 wER=0.155467 wMAE=3.9789 wBias=-1.8349 condBias=8.7139 dotDrift=-7.259sigma uMRED=0.0119959342 uER=0.212891 uMAE=6.8125 WCE=144 bias=-3.6250
[quad_hard_ste:03999] loss=0.232332 tau=6.00 collapse_w=0.500 mid_frac=0.054 hard=score=0.2295308251 wNMSE=0.0040627876 wMSE=261.7260 wMRED=0.10696608 wER=0.155467 wMAE=3.9789 wBias=-1.8349 condBias=8.7139 dotDrift=-7.259sigma uMRED=0.0119959342 uER=0.212891 uMAE=6.8125 WCE=144 bias=-3.6250
[pop00_soft:00000] loss=3.243838 tau=1.50 collapse_w=0.000 mid_frac=0.321 hard=score=0.5968368847 wNMSE=0.11758541 wMSE=7574.8871 wMRED=2.04961929 wER=0.429125 wMAE=40.3162 wBias=2.3467 condBias=47.3413 dotDrift=+1.726sigma uMRED=0.1222658844 uER=0.428711 uMAE=69.6602 WCE=751 bias=41.5625
[pop00_soft:00200] loss=1.319719 tau=2.25 collapse_w=0.000 mid_frac=0.277 hard=score=78.6832171650 wNMSE=0.1199322 wMSE=7726.0682 wMRED=2.37568022 wER=0.370977 wMAE=37.7534 wBias=-35.1211 condBias=55.6249 dotDrift=-25.572sigma uMRED=0.0997375863 uER=0.416016 uMAE=48.8164 WCE=633 bias=-42.6250
[pop00_soft:00400] loss=0.660468 tau=3.00 collapse_w=0.000 mid_frac=0.250 hard=score=6.9048587906 wNMSE=0.01411187 wMSE=909.0909 wMRED=0.51283101 wER=0.275710 wMAE=11.0714 wBias=-10.3850 condBias=19.8381 dotDrift=-22.044sigma uMRED=0.0442633916 uER=0.360352 uMAE=27.6875 WCE=348 bias=-25.0000
[pop00_soft:00600] loss=0.114546 tau=3.75 collapse_w=0.000 mid_frac=0.134 hard=score=1.8623591172 wNMSE=0.014117899 wMSE=909.4793 wMRED=0.29843943 wER=0.258075 wMAE=10.5261 wBias=-5.3460 condBias=16.1481 dotDrift=-11.345sigma uMRED=0.0430777840 uER=0.339844 uMAE=28.6250 WCE=356 bias=-24.3750
[pop00_soft:00800] loss=0.054001 tau=4.50 collapse_w=0.084 mid_frac=0.179 hard=score=0.9188171715 wNMSE=0.0079087583 wMSE=509.4846 wMRED=0.19443988 wER=0.211981 wMAE=6.3510 wBias=-3.7318 condBias=12.0457 dotDrift=-10.581sigma uMRED=0.0311202952 uER=0.291016 uMAE=21.6094 WCE=332 bias=-19.0000
[pop00_soft:01000] loss=0.043503 tau=5.25 collapse_w=0.293 mid_frac=0.143 hard=score=0.8493383770 wNMSE=0.0084480503 wMSE=544.2259 wMRED=0.18639188 wER=0.217654 wMAE=6.2040 wBias=-3.5848 condBias=12.6825 dotDrift=-9.835sigma uMRED=0.0327562247 uER=0.296875 uMAE=23.1094 WCE=300 bias=-20.5000
[pop00_soft:01199] loss=0.034159 tau=6.00 collapse_w=0.500 mid_frac=0.152 hard=score=0.8493383770 wNMSE=0.0084480503 wMSE=544.2259 wMRED=0.18639188 wER=0.217654 wMAE=6.2040 wBias=-3.5848 condBias=12.6825 dotDrift=-9.835sigma uMRED=0.0327562247 uER=0.296875 uMAE=23.1094 WCE=300 bias=-20.5000
[pop00_hard:00000] loss=0.867887 tau=6.00 collapse_w=0.500 mid_frac=0.152 hard=score=0.8493383770 wNMSE=0.0084480503 wMSE=544.2259 wMRED=0.18639188 wER=0.217654 wMAE=6.2040 wBias=-3.5848 condBias=12.6825 dotDrift=-9.835sigma uMRED=0.0327562247 uER=0.296875 uMAE=23.1094 WCE=300 bias=-20.5000
[pop00_hard:00200] loss=0.863737 tau=6.00 collapse_w=0.500 mid_frac=0.152 hard=score=0.8493383770 wNMSE=0.0084480503 wMSE=544.2259 wMRED=0.18639188 wER=0.217654 wMAE=6.2040 wBias=-3.5848 condBias=12.6825 dotDrift=-9.835sigma uMRED=0.0327562247 uER=0.296875 uMAE=23.1094 WCE=300 bias=-20.5000
[pop00_hard:00400] loss=0.488471 tau=6.00 collapse_w=0.500 mid_frac=0.143 hard=score=0.8493383770 wNMSE=0.0084480503 wMSE=544.2259 wMRED=0.18639188 wER=0.217654 wMAE=6.2040 wBias=-3.5848 condBias=12.6825 dotDrift=-9.835sigma uMRED=0.0327562247 uER=0.296875 uMAE=23.1094 WCE=300 bias=-20.5000
[pop00_hard:00599] loss=0.862002 tau=6.00 collapse_w=0.500 mid_frac=0.143 hard=score=0.4549027126 wNMSE=0.015542243 wMSE=1001.2359 wMRED=0.58042179 wER=0.269140 wMAE=12.3215 wBias=2.5327 condBias=17.2814 dotDrift=+5.123sigma uMRED=0.0418981993 uER=0.310547 uMAE=25.1094 WCE=300 bias=-18.5000
[pop00] done (conf=0.53, noise=0.5); global best score=0.0065334258 wNMSE=0.000834229 wMSE=53.7413 wMRED=0.08069352 wER=0.171779 wMAE=2.4166 wBias=-0.1856 condBias=4.1714 dotDrift=-1.621sigma uMRED=0.0063010340 uER=0.216797 uMAE=3.5312 WCE=48 bias=-0.1250
[pop01_soft:00000] loss=3.203669 tau=1.50 collapse_w=0.000 mid_frac=0.473 hard=score=19.4673094986 wNMSE=0.33387502 wMSE=21508.3285 wMRED=4.22734927 wER=0.437041 wMAE=68.6509 wBias=-17.2471 condBias=65.2546 dotDrift=-7.526sigma uMRED=0.1552580140 uER=0.434570 uMAE=70.4023 WCE=682 bias=12.9375
[pop01_soft:00200] loss=1.462487 tau=2.25 collapse_w=0.000 mid_frac=0.446 hard=score=309.5158038450 wNMSE=0.7857117 wMSE=50615.7820 wMRED=5.52919774 wER=0.425447 wMAE=80.1953 wBias=-69.6079 condBias=133.1768 dotDrift=-19.801sigma uMRED=0.1741965943 uER=0.431641 uMAE=65.9238 WCE=771 bias=-14.1250
[pop01_soft:00400] loss=1.393992 tau=3.00 collapse_w=0.000 mid_frac=0.464 hard=score=224.0174340794 wNMSE=0.72484138 wMSE=46694.4980 wMRED=5.22233214 wER=0.407408 wMAE=79.3982 wBias=-59.1809 condBias=127.9616 dotDrift=-17.528sigma uMRED=0.1693408504 uER=0.425781 uMAE=66.0859 WCE=732 bias=-10.1250
[pop01_soft:00600] loss=1.072053 tau=3.75 collapse_w=0.000 mid_frac=0.500 hard=score=27.9792880046 wNMSE=0.071250734 wMSE=4589.9935 wMRED=1.59109963 wER=0.381263 wMAE=27.2488 wBias=-20.9188 condBias=42.1041 dotDrift=-19.761sigma uMRED=0.0762886913 uER=0.414062 uMAE=40.1797 WCE=476 bias=-15.8750
[pop01_soft:00800] loss=0.736969 tau=4.50 collapse_w=0.084 mid_frac=0.455 hard=score=25.7213788028 wNMSE=0.064540456 wMSE=4157.7154 wMRED=1.58075093 wER=0.364972 wMAE=26.4071 wBias=-20.0622 condBias=40.5569 dotDrift=-19.913sigma uMRED=0.0661101700 uER=0.408203 uMAE=32.1797 WCE=220 bias=-7.7500
[pop01_soft:01000] loss=0.428477 tau=5.25 collapse_w=0.293 mid_frac=0.402 hard=score=26.4125967592 wNMSE=0.064820662 wMSE=4175.7664 wMRED=1.58143624 wER=0.357811 wMAE=26.3515 wBias=-20.3312 condBias=40.6872 dotDrift=-20.136sigma uMRED=0.0661215979 uER=0.405273 uMAE=32.0859 WCE=220 bias=-8.1250
[pop01_soft:01199] loss=0.322694 tau=6.00 collapse_w=0.500 mid_frac=0.375 hard=score=26.4125967592 wNMSE=0.064820662 wMSE=4175.7664 wMRED=1.58143624 wER=0.357811 wMAE=26.3515 wBias=-20.3312 condBias=40.6872 dotDrift=-20.136sigma uMRED=0.0661215979 uER=0.405273 uMAE=32.0859 WCE=220 bias=-8.1250
[pop01_hard:00000] loss=26.513233 tau=6.00 collapse_w=0.500 mid_frac=0.375 hard=score=26.4125967592 wNMSE=0.064820662 wMSE=4175.7664 wMRED=1.58143624 wER=0.357811 wMAE=26.3515 wBias=-20.3312 condBias=40.6872 dotDrift=-20.136sigma uMRED=0.0661215979 uER=0.405273 uMAE=32.0859 WCE=220 bias=-8.1250
[pop01_hard:00200] loss=26.512325 tau=6.00 collapse_w=0.500 mid_frac=0.375 hard=score=26.4125967592 wNMSE=0.064820662 wMSE=4175.7664 wMRED=1.58143624 wER=0.357811 wMAE=26.3515 wBias=-20.3312 condBias=40.6872 dotDrift=-20.136sigma uMRED=0.0661215979 uER=0.405273 uMAE=32.0859 WCE=220 bias=-8.1250
[pop01_hard:00400] loss=24.572948 tau=6.00 collapse_w=0.500 mid_frac=0.357 hard=score=24.4789789517 wNMSE=0.067154532 wMSE=4326.1150 wMRED=1.58375359 wER=0.357811 wMAE=26.6451 wBias=-19.5635 condBias=39.1663 dotDrift=-19.036sigma uMRED=0.0733442154 uER=0.405273 uMAE=38.3359 WCE=408 bias=7.8750
[pop01_hard:00599] loss=2.226838 tau=6.00 collapse_w=0.500 mid_frac=0.286 hard=score=2.1262703798 wNMSE=0.079215402 wMSE=5103.0798 wMRED=1.84486826 wER=0.369274 wMAE=32.3055 wBias=-5.5418 condBias=35.3400 dotDrift=-4.965sigma uMRED=0.0935869298 uER=0.411133 uMAE=51.1484 WCE=536 bias=37.6250
[pop01] done (conf=0.51, noise=1.0); global best score=0.0065334258 wNMSE=0.000834229 wMSE=53.7413 wMRED=0.08069352 wER=0.171779 wMAE=2.4166 wBias=-0.1856 condBias=4.1714 dotDrift=-1.621sigma uMRED=0.0063010340 uER=0.216797 uMAE=3.5312 WCE=48 bias=-0.1250
[pop02_soft:00000] loss=4.238604 tau=1.50 collapse_w=0.000 mid_frac=0.357 hard=score=64.3581359531 wNMSE=1.9547424 wMSE=125925.0895 wMRED=11.46609608 wER=0.437169 wMAE=189.0632 wBias=30.9792 condBias=192.2465 dotDrift=+5.587sigma uMRED=0.3629886633 uER=0.437500 uMAE=133.0273 WCE=899 bias=5.9375
[pop02_soft:00200] loss=2.035946 tau=2.25 collapse_w=0.000 mid_frac=0.277 hard=score=23.7962701547 wNMSE=1.133577 wMSE=73025.3682 wMRED=8.98057762 wER=0.416041 wMAE=144.7381 wBias=-18.5558 condBias=148.6861 dotDrift=-4.395sigma uMRED=0.2923672006 uER=0.428711 uMAE=111.2891 WCE=783 bias=-37.3125
[pop02_soft:00400] loss=1.383255 tau=3.00 collapse_w=0.000 mid_frac=0.241 hard=score=346.1092266502 wNMSE=0.51501072 wMSE=33177.1440 wMRED=4.78907364 wER=0.358826 wMAE=76.0314 wBias=-73.6728 condBias=129.2505 dotDrift=-25.886sigma uMRED=0.1810934071 uER=0.410156 uMAE=77.3750 WCE=668 bias=-56.3750
[pop02_soft:00600] loss=0.257093 tau=3.75 collapse_w=0.000 mid_frac=0.214 hard=score=5.4735820176 wNMSE=0.028160895 wMSE=1814.1333 wMRED=0.32433956 wER=0.276701 wMAE=11.9605 wBias=-9.2197 condBias=22.4087 dotDrift=-13.854sigma uMRED=0.0476220688 uER=0.355469 uMAE=30.7891 WCE=356 bias=-23.0000
[pop02_soft:00800] loss=0.082526 tau=4.50 collapse_w=0.084 mid_frac=0.188 hard=score=5.9570249553 wNMSE=0.030534238 wMSE=1967.0247 wMRED=0.28563185 wER=0.218194 wMAE=12.0925 wBias=-9.6188 condBias=23.6410 dotDrift=-13.880sigma uMRED=0.0527168573 uER=0.334961 uMAE=34.8594 WCE=372 bias=-28.5000
[pop02_soft:01000] loss=0.059265 tau=5.25 collapse_w=0.293 mid_frac=0.170 hard=score=5.9570249553 wNMSE=0.030534238 wMSE=1967.0247 wMRED=0.28563185 wER=0.218194 wMAE=12.0925 wBias=-9.6188 condBias=23.6410 dotDrift=-13.880sigma uMRED=0.0527168573 uER=0.334961 uMAE=34.8594 WCE=372 bias=-28.5000
[pop02_soft:01199] loss=0.045736 tau=6.00 collapse_w=0.500 mid_frac=0.143 hard=score=5.9570249553 wNMSE=0.030534238 wMSE=1967.0247 wMRED=0.28563185 wER=0.218194 wMAE=12.0925 wBias=-9.6188 condBias=23.6410 dotDrift=-13.880sigma uMRED=0.0527168573 uER=0.334961 uMAE=34.8594 WCE=372 bias=-28.5000
[pop02_hard:00000] loss=5.977602 tau=6.00 collapse_w=0.500 mid_frac=0.143 hard=score=5.9570249553 wNMSE=0.030534238 wMSE=1967.0247 wMRED=0.28563185 wER=0.218194 wMAE=12.0925 wBias=-9.6188 condBias=23.6410 dotDrift=-13.880sigma uMRED=0.0527168573 uER=0.334961 uMAE=34.8594 WCE=372 bias=-28.5000
[pop02_hard:00200] loss=0.308360 tau=6.00 collapse_w=0.500 mid_frac=0.125 hard=score=0.2888053444 wNMSE=0.016309372 wMSE=1050.6546 wMRED=0.25213185 wER=0.217979 wMAE=10.0008 wBias=-1.9762 condBias=16.3203 dotDrift=-3.902sigma uMRED=0.0398887891 uER=0.332031 uMAE=26.1484 WCE=256 bias=-4.5000
[pop02_hard:00400] loss=0.210433 tau=6.00 collapse_w=0.500 mid_frac=0.116 hard=score=0.1931319747 wNMSE=0.017662423 wMSE=1137.8186 wMRED=0.25663049 wER=0.218194 wMAE=10.4246 wBias=-1.5391 condBias=16.9631 dotDrift=-2.920sigma uMRED=0.0447781201 uER=0.334961 uMAE=29.9531 WCE=256 bias=-0.5000
[pop02_hard:00599] loss=0.136635 tau=6.00 collapse_w=0.500 mid_frac=0.098 hard=score=0.1041644310 wNMSE=0.014152437 wMSE=911.7042 wMRED=0.21595106 wER=0.213975 wMAE=8.5020 wBias=1.0287 condBias=14.5447 dotDrift=+2.181sigma uMRED=0.0385761245 uER=0.323242 uMAE=26.5781 WCE=256 bias=4.0000
[pop02] done (conf=0.53, noise=0.5); global best score=0.0065334258 wNMSE=0.000834229 wMSE=53.7413 wMRED=0.08069352 wER=0.171779 wMAE=2.4166 wBias=-0.1856 condBias=4.1714 dotDrift=-1.621sigma uMRED=0.0063010340 uER=0.216797 uMAE=3.5312 WCE=48 bias=-0.1250
[pop03_soft:00000] loss=9.594035 tau=1.50 collapse_w=0.000 mid_frac=0.455 hard=score=530.1391938257 wNMSE=0.81041472 wMSE=52207.1575 wMRED=6.00917587 wER=0.437169 wMAE=116.0876 wBias=91.1543 condBias=193.7851 dotDrift=+25.532sigma uMRED=0.2265860633 uER=0.437500 uMAE=98.8359 WCE=754 bias=60.7500
[pop03_soft:00200] loss=39.689793 tau=2.25 collapse_w=0.000 mid_frac=0.393 hard=score=222.5932450610 wNMSE=1.3151725 wMSE=84723.8071 wMRED=9.24195547 wER=0.419379 wMAE=114.6182 wBias=58.8364 condBias=167.5369 dotDrift=+12.937sigma uMRED=0.2550850796 uER=0.434570 uMAE=92.4355 WCE=3860 bias=-21.3125
[pop03_soft:00400] loss=2.293451 tau=3.00 collapse_w=0.000 mid_frac=0.357 hard=score=22.4898754356 wNMSE=0.86006834 wMSE=55405.8590 wMRED=5.60394016 wER=0.395477 wMAE=61.8148 wBias=-18.2038 condBias=88.7552 dotDrift=-4.950sigma uMRED=0.2060656274 uER=0.430664 uMAE=94.8574 WCE=3860 bias=-62.3125
[pop03_soft:00600] loss=0.673633 tau=3.75 collapse_w=0.000 mid_frac=0.420 hard=score=21.0564332920 wNMSE=0.08046816 wMSE=5183.7829 wMRED=1.43877023 wER=0.395477 wMAE=32.7039 wBias=-18.1226 condBias=39.3569 dotDrift=-16.109sigma uMRED=0.1131481223 uER=0.430664 uMAE=72.9453 WCE=668 bias=-43.3750
[pop03_soft:00800] loss=0.421809 tau=4.50 collapse_w=0.084 mid_frac=0.366 hard=score=30.5547976602 wNMSE=0.068394519 wMSE=4405.9953 wMRED=1.46596949 wER=0.385768 wMAE=31.5051 wBias=-21.8725 condBias=41.2178 dotDrift=-21.089sigma uMRED=0.0947685040 uER=0.418945 uMAE=55.9180 WCE=428 bias=-52.2500
[pop03_soft:01000] loss=0.329851 tau=5.25 collapse_w=0.293 mid_frac=0.339 hard=score=31.1917339401 wNMSE=0.06848731 wMSE=4411.9729 wMRED=1.47473230 wER=0.383867 wMAE=31.4167 wBias=-22.1006 condBias=41.0256 dotDrift=-21.295sigma uMRED=0.0947362295 uER=0.416016 uMAE=55.8242 WCE=428 bias=-52.2500
[pop03_soft:01199] loss=0.245155 tau=6.00 collapse_w=0.500 mid_frac=0.277 hard=score=27.7145489480 wNMSE=0.068089358 wMSE=4386.3368 wMRED=1.37104153 wER=0.383867 wMAE=30.4592 wBias=-20.8266 condBias=38.1981 dotDrift=-20.126sigma uMRED=0.1018017984 uER=0.416016 uMAE=62.9180 WCE=476 bias=-59.2500
[pop03_hard:00000] loss=27.793333 tau=6.00 collapse_w=0.500 mid_frac=0.277 hard=score=27.7145489480 wNMSE=0.068089358 wMSE=4386.3368 wMRED=1.37104153 wER=0.383867 wMAE=30.4592 wBias=-20.8266 condBias=38.1981 dotDrift=-20.126sigma uMRED=0.1018017984 uER=0.416016 uMAE=62.9180 WCE=476 bias=-59.2500
[pop03_hard:00200] loss=25.589037 tau=6.00 collapse_w=0.500 mid_frac=0.268 hard=score=25.5151458746 wNMSE=0.064584773 wMSE=4160.5703 wMRED=1.35951618 wER=0.383867 wMAE=29.6145 wBias=-19.9819 condBias=36.5239 dotDrift=-19.826sigma uMRED=0.0988115063 uER=0.416016 uMAE=60.9180 WCE=476 bias=-57.2500
[pop03_hard:00400] loss=10.598239 tau=6.00 collapse_w=0.500 mid_frac=0.250 hard=score=10.5233512381 wNMSE=0.072968924 wMSE=4700.6798 wMRED=1.40871355 wER=0.382029 wMAE=31.6317 wBias=-12.7781 condBias=33.7961 dotDrift=-11.928sigma uMRED=0.0975953790 uER=0.415039 uMAE=59.9336 WCE=476 bias=-53.2500
[pop03_hard:00599] loss=8.144626 tau=6.00 collapse_w=0.500 mid_frac=0.214 hard=score=8.0715333493 wNMSE=0.06921846 wMSE=4459.0738 wMRED=1.39031862 wER=0.382029 wMAE=30.6555 wBias=-11.1700 condBias=33.9693 dotDrift=-10.706sigma uMRED=0.0897359624 uER=0.415039 uMAE=54.3945 WCE=476 bias=-42.2500
[pop03] done (conf=0.51, noise=1.0); global best score=0.0065334258 wNMSE=0.000834229 wMSE=53.7413 wMRED=0.08069352 wER=0.171779 wMAE=2.4166 wBias=-0.1856 condBias=4.1714 dotDrift=-1.621sigma uMRED=0.0063010340 uER=0.216797 uMAE=3.5312 WCE=48 bias=-0.1250
[pop04_soft:00000] loss=3.692011 tau=1.50 collapse_w=0.000 mid_frac=0.402 hard=score=13.8114772930 wNMSE=1.066857 wMSE=68727.2488 wMRED=8.47306004 wER=0.436508 wMAE=132.4079 wBias=13.7916 condBias=135.5076 dotDrift=+3.367sigma uMRED=0.2629066604 uER=0.431641 uMAE=98.8965 WCE=616 bias=44.1875
[pop04_soft:00200] loss=1.369455 tau=2.25 collapse_w=0.000 mid_frac=0.357 hard=score=361.4013384744 wNMSE=0.83125261 wMSE=53549.5410 wMRED=6.16088286 wER=0.404608 wMAE=94.3568 wBias=-75.2322 condBias=134.5062 dotDrift=-20.807sigma uMRED=0.2268633379 uER=0.416992 uMAE=98.4492 WCE=824 bias=-36.3750
[pop04_soft:00400] loss=0.651795 tau=3.00 collapse_w=0.000 mid_frac=0.321 hard=score=0.3872758648 wNMSE=0.067791789 wMSE=4367.1673 wMRED=1.30394209 wER=0.366754 wMAE=29.1198 wBias=-1.9489 condBias=30.1669 dotDrift=-1.887sigma uMRED=0.1020043694 uER=0.396484 uMAE=64.8438 WCE=448 bias=36.3750
[pop04_soft:00600] loss=0.259529 tau=3.75 collapse_w=0.000 mid_frac=0.277 hard=score=4.1155987612 wNMSE=0.055575832 wMSE=3580.2117 wMRED=1.22597308 wER=0.360929 wMAE=26.1901 wBias=-7.9304 condBias=26.5135 dotDrift=-8.482sigma uMRED=0.0778182706 uER=0.387695 uMAE=46.7344 WCE=400 bias=-14.1250
[pop04_soft:00800] loss=0.155125 tau=4.50 collapse_w=0.084 mid_frac=0.223 hard=score=0.4643085584 wNMSE=0.042962322 wMSE=2767.6456 wMRED=1.19377747 wER=0.378875 wMAE=24.4243 wBias=-2.3643 condBias=29.6384 dotDrift=-2.876sigma uMRED=0.0725878820 uER=0.390625 uMAE=42.4844 WCE=368 bias=-4.7500
[pop04_soft:01000] loss=0.098858 tau=5.25 collapse_w=0.293 mid_frac=0.170 hard=score=3.1514295199 wNMSE=0.022920075 wMSE=1476.5181 wMRED=0.58127259 wER=0.336714 wMAE=15.4058 wBias=6.9746 condBias=19.0992 dotDrift=+11.617sigma uMRED=0.0554200370 uER=0.378906 uMAE=35.1484 WCE=328 bias=-12.7500
[pop04_soft:01199] loss=0.063561 tau=6.00 collapse_w=0.500 mid_frac=0.170 hard=score=3.1514295199 wNMSE=0.022920075 wMSE=1476.5181 wMRED=0.58127259 wER=0.336714 wMAE=15.4058 wBias=6.9746 condBias=19.0992 dotDrift=+11.617sigma uMRED=0.0554200370 uER=0.378906 uMAE=35.1484 WCE=328 bias=-12.7500
[pop04_hard:00000] loss=3.192712 tau=6.00 collapse_w=0.500 mid_frac=0.170 hard=score=3.1514295199 wNMSE=0.022920075 wMSE=1476.5181 wMRED=0.58127259 wER=0.336714 wMAE=15.4058 wBias=6.9746 condBias=19.0992 dotDrift=+11.617sigma uMRED=0.0554200370 uER=0.378906 uMAE=35.1484 WCE=328 bias=-12.7500
[pop04_hard:00200] loss=0.118248 tau=6.00 collapse_w=0.500 mid_frac=0.170 hard=score=0.0809708237 wNMSE=0.035051505 wMSE=2258.0284 wMRED=0.60926595 wER=0.336714 wMAE=16.9322 wBias=0.2063 condBias=24.9813 dotDrift=+0.278sigma uMRED=0.0606566452 uER=0.378906 uMAE=37.8672 WCE=376 bias=-28.7500
[pop04_hard:00400] loss=0.237836 tau=6.00 collapse_w=0.500 mid_frac=0.170 hard=score=1.9869838460 wNMSE=0.032684735 wMSE=2105.5604 wMRED=0.59381878 wER=0.336714 wMAE=16.6344 wBias=5.4725 condBias=22.8354 dotDrift=+7.633sigma uMRED=0.0713677608 uER=0.378906 uMAE=47.7109 WCE=504 bias=-28.7500
[pop04_hard:00599] loss=2.015537 tau=6.00 collapse_w=0.500 mid_frac=0.170 hard=score=1.9869838460 wNMSE=0.032684735 wMSE=2105.5604 wMRED=0.59381878 wER=0.336714 wMAE=16.6344 wBias=5.4725 condBias=22.8354 dotDrift=+7.633sigma uMRED=0.0713677608 uER=0.378906 uMAE=47.7109 WCE=504 bias=-28.7500
[pop04] done (conf=0.53, noise=0.5); global best score=0.0065334258 wNMSE=0.000834229 wMSE=53.7413 wMRED=0.08069352 wER=0.171779 wMAE=2.4166 wBias=-0.1856 condBias=4.1714 dotDrift=-1.621sigma uMRED=0.0063010340 uER=0.216797 uMAE=3.5312 WCE=48 bias=-0.1250
[pop05_soft:00000] loss=1.514567 tau=1.50 collapse_w=0.000 mid_frac=0.393 hard=score=21.8186760355 wNMSE=0.60284017 wMSE=38835.1432 wMRED=6.50724882 wER=0.437169 wMAE=101.2362 wBias=-18.0777 condBias=111.1238 dotDrift=-5.871sigma uMRED=0.2170770493 uER=0.437500 uMAE=87.7129 WCE=704 bias=40.0625
[pop05_soft:00200] loss=0.938820 tau=2.25 collapse_w=0.000 mid_frac=0.375 hard=score=127.3675414470 wNMSE=0.17099199 wMSE=11015.3549 wMRED=2.27475919 wER=0.393312 wMAE=44.8513 wBias=44.6915 condBias=82.6243 dotDrift=+27.252sigma uMRED=0.1224627804 uER=0.416992 uMAE=68.0859 WCE=704 bias=65.5000
[pop05_soft:00400] loss=0.387861 tau=3.00 collapse_w=0.000 mid_frac=0.330 hard=score=6.3508198164 wNMSE=0.027054078 wMSE=1742.8317 wMRED=0.45676799 wER=0.334116 wMAE=14.5928 wBias=9.9361 condBias=23.2462 dotDrift=+15.232sigma uMRED=0.0655823021 uER=0.405273 uMAE=45.6875 WCE=464 bias=25.5000
[pop05_soft:00600] loss=0.133708 tau=3.75 collapse_w=0.000 mid_frac=0.304 hard=score=0.5654996526 wNMSE=0.027883196 wMSE=1796.2438 wMRED=0.35855530 wER=0.293830 wMAE=12.7785 wBias=2.7725 condBias=23.4609 dotDrift=+4.187sigma uMRED=0.0624423123 uER=0.386719 uMAE=43.9688 WCE=512 bias=-19.6250
[pop05_soft:00800] loss=0.091488 tau=4.50 collapse_w=0.084 mid_frac=0.348 hard=score=0.4073327919 wNMSE=0.01752704 wMSE=1129.0971 wMRED=0.31141853 wER=0.286789 wMAE=10.6076 wBias=2.3548 condBias=19.6166 dotDrift=+4.485sigma uMRED=0.0437817609 uER=0.361328 uMAE=29.5391 WCE=408 bias=-4.8750
[pop05_soft:01000] loss=0.070861 tau=5.25 collapse_w=0.293 mid_frac=0.330 hard=score=0.3822303864 wNMSE=0.014859827 wMSE=957.2745 wMRED=0.28416085 wER=0.300469 wMAE=9.2949 wBias=2.2901 condBias=16.4549 dotDrift=+4.737sigma uMRED=0.0438273904 uER=0.373047 uMAE=30.5469 WCE=408 bias=-10.2500
[pop05_soft:01199] loss=0.053148 tau=6.00 collapse_w=0.500 mid_frac=0.304 hard=score=0.3822303864 wNMSE=0.014859827 wMSE=957.2745 wMRED=0.28416085 wER=0.300469 wMAE=9.2949 wBias=2.2901 condBias=16.4549 dotDrift=+4.737sigma uMRED=0.0438273904 uER=0.373047 uMAE=30.5469 WCE=408 bias=-10.2500
[pop05_hard:00000] loss=0.405651 tau=6.00 collapse_w=0.500 mid_frac=0.304 hard=score=0.3822303864 wNMSE=0.014859827 wMSE=957.2745 wMRED=0.28416085 wER=0.300469 wMAE=9.2949 wBias=2.2901 condBias=16.4549 dotDrift=+4.737sigma uMRED=0.0438273904 uER=0.373047 uMAE=30.5469 WCE=408 bias=-10.2500
[pop05_hard:00200] loss=1.370691 tau=6.00 collapse_w=0.500 mid_frac=0.312 hard=score=1.3459331162 wNMSE=0.029516882 wMSE=1901.4863 wMRED=0.31383835 wER=0.300469 wMAE=11.1391 wBias=-4.4782 condBias=22.0277 dotDrift=-6.573sigma uMRED=0.0503058088 uER=0.373047 uMAE=34.3750 WCE=408 bias=-26.2500
[pop05_hard:00400] loss=1.368638 tau=6.00 collapse_w=0.500 mid_frac=0.304 hard=score=1.3459331162 wNMSE=0.029516882 wMSE=1901.4863 wMRED=0.31383835 wER=0.300469 wMAE=11.1391 wBias=-4.4782 condBias=22.0277 dotDrift=-6.573sigma uMRED=0.0503058088 uER=0.373047 uMAE=34.3750 WCE=408 bias=-26.2500
[pop05_hard:00599] loss=0.136247 tau=6.00 collapse_w=0.500 mid_frac=0.214 hard=score=0.1106570651 wNMSE=0.029829536 wMSE=1921.6276 wMRED=0.39468460 wER=0.307387 wMAE=12.9087 wBias=-0.8105 condBias=21.4736 dotDrift=-1.183sigma uMRED=0.0514515560 uER=0.380859 uMAE=34.7656 WCE=392 bias=-21.2500
[pop05] done (conf=0.51, noise=1.0); global best score=0.0065334258 wNMSE=0.000834229 wMSE=53.7413 wMRED=0.08069352 wER=0.171779 wMAE=2.4166 wBias=-0.1856 condBias=4.1714 dotDrift=-1.621sigma uMRED=0.0063010340 uER=0.216797 uMAE=3.5312 WCE=48 bias=-0.1250
[pop06_soft:00000] loss=3.388751 tau=1.50 collapse_w=0.000 mid_frac=0.330 hard=score=620.5615565818 wNMSE=1.1928552 wMSE=76844.0861 wMRED=6.54154904 wER=0.396349 wMAE=116.0577 wBias=98.6082 condBias=196.5764 dotDrift=+22.766sigma uMRED=0.2327639402 uER=0.425781 uMAE=98.2871 WCE=817 bias=55.3125
[pop06_soft:00200] loss=1.531468 tau=2.25 collapse_w=0.000 mid_frac=0.321 hard=score=23.2285700440 wNMSE=0.43977483 wMSE=28330.4259 wMRED=4.97568651 wER=0.372375 wMAE=79.4403 wBias=-18.8152 condBias=84.1727 dotDrift=-7.154sigma uMRED=0.1774335516 uER=0.414062 uMAE=74.5938 WCE=656 bias=-55.7500
[pop06_soft:00400] loss=1.093825 tau=3.00 collapse_w=0.000 mid_frac=0.304 hard=score=6.3303932927 wNMSE=0.061777243 wMSE=3979.7084 wMRED=1.21029322 wER=0.357571 wMAE=23.2946 wBias=-9.8649 condBias=32.6224 dotDrift=-10.008sigma uMRED=0.0965021398 uER=0.395508 uMAE=60.5078 WCE=672 bias=38.2500
[pop06_soft:00600] loss=0.515944 tau=3.75 collapse_w=0.000 mid_frac=0.321 hard=score=3.5288330527 wNMSE=0.030774661 wMSE=1982.5128 wMRED=0.71641443 wER=0.306531 wMAE=18.8772 wBias=7.3704 condBias=23.3957 dotDrift=+10.594sigma uMRED=0.0597826895 uER=0.383789 uMAE=36.7656 WCE=384 bias=7.1250
[pop06_soft:00800] loss=0.284737 tau=4.50 collapse_w=0.084 mid_frac=0.250 hard=score=6.0997424796 wNMSE=0.018728504 wMSE=1206.4958 wMRED=0.67347696 wER=0.295797 wMAE=15.5648 wBias=9.7488 condBias=20.5354 dotDrift=+17.963sigma uMRED=0.0442823174 uER=0.354492 uMAE=25.4297 WCE=384 bias=19.8750
[pop06_soft:01000] loss=0.220422 tau=5.25 collapse_w=0.293 mid_frac=0.161 hard=score=10.3545400773 wNMSE=0.020810049 wMSE=1340.5896 wMRED=0.65609360 wER=0.278231 wMAE=15.6735 wBias=12.7248 condBias=21.3568 dotDrift=+22.243sigma uMRED=0.0471194516 uER=0.365234 uMAE=27.6562 WCE=384 bias=25.3750
[pop06_soft:01199] loss=0.134487 tau=6.00 collapse_w=0.500 mid_frac=0.152 hard=score=10.3545400773 wNMSE=0.020810049 wMSE=1340.5896 wMRED=0.65609360 wER=0.278231 wMAE=15.6735 wBias=12.7248 condBias=21.3568 dotDrift=+22.243sigma uMRED=0.0471194516 uER=0.365234 uMAE=27.6562 WCE=384 bias=25.3750
[pop06_hard:00000] loss=10.394841 tau=6.00 collapse_w=0.500 mid_frac=0.152 hard=score=10.3545400773 wNMSE=0.020810049 wMSE=1340.5896 wMRED=0.65609360 wER=0.278231 wMAE=15.6735 wBias=12.7248 condBias=21.3568 dotDrift=+22.243sigma uMRED=0.0471194516 uER=0.365234 uMAE=27.6562 WCE=384 bias=25.3750
[pop06_hard:00200] loss=4.465833 tau=6.00 collapse_w=0.500 mid_frac=0.188 hard=score=4.4133252534 wNMSE=0.016284921 wMSE=1049.0794 wMRED=0.62729119 wER=0.273668 wMAE=13.9060 wBias=8.2890 condBias=18.4788 dotDrift=+16.379sigma uMRED=0.0394554466 uER=0.350586 uMAE=22.3906 WCE=272 bias=13.3750
[pop06_hard:00400] loss=0.294062 tau=6.00 collapse_w=0.500 mid_frac=0.277 hard=score=0.2239105333 wNMSE=0.021751166 wMSE=1401.2166 wMRED=0.65593776 wER=0.297847 wMAE=16.3143 wBias=1.6122 condBias=20.3434 dotDrift=+2.756sigma uMRED=0.0590327699 uER=0.379883 uMAE=39.0156 WCE=336 bias=-20.1250
[pop06_hard:00599] loss=9.197791 tau=6.00 collapse_w=0.500 mid_frac=0.268 hard=score=9.1337257695 wNMSE=0.018503688 wMSE=1192.0131 wMRED=0.59608531 wER=0.297504 wMAE=15.0350 wBias=-11.9534 condBias=19.2508 dotDrift=-22.158sigma uMRED=0.0548835366 uER=0.376953 uMAE=36.8906 WCE=336 bias=-27.6250
[pop06] done (conf=0.53, noise=0.5); global best score=0.0065334258 wNMSE=0.000834229 wMSE=53.7413 wMRED=0.08069352 wER=0.171779 wMAE=2.4166 wBias=-0.1856 condBias=4.1714 dotDrift=-1.621sigma uMRED=0.0063010340 uER=0.216797 uMAE=3.5312 WCE=48 bias=-0.1250
[pop07_soft:00000] loss=3.672348 tau=1.50 collapse_w=0.000 mid_frac=0.420 hard=score=46.9928034415 wNMSE=0.59233415 wMSE=38158.3425 wMRED=7.33020635 wER=0.436496 wMAE=58.9773 wBias=26.8848 condBias=64.7557 dotDrift=+8.808sigma uMRED=0.2265196767 uER=0.431641 uMAE=96.4150 WCE=3954 bias=46.6250
[pop07_soft:00200] loss=1.451268 tau=2.25 collapse_w=0.000 mid_frac=0.357 hard=score=38.9469935519 wNMSE=0.13561114 wMSE=8736.1100 wMRED=1.54157311 wER=0.425579 wMAE=33.0877 wBias=-24.6666 condBias=49.5958 dotDrift=-16.890sigma uMRED=0.1117992806 uER=0.434570 uMAE=67.0020 WCE=676 bias=-20.1250
[pop07_soft:00400] loss=0.882001 tau=3.00 collapse_w=0.000 mid_frac=0.366 hard=score=106.4761267598 wNMSE=0.18948212 wMSE=12206.4946 wMRED=2.82008206 wER=0.399518 wMAE=47.6082 wBias=-40.8508 condBias=65.9219 dotDrift=-23.664sigma uMRED=0.1288078986 uER=0.416992 uMAE=65.3828 WCE=648 bias=-10.6250
[pop07_soft:00600] loss=0.323713 tau=3.75 collapse_w=0.000 mid_frac=0.330 hard=score=4.2676699448 wNMSE=0.040615967 wMSE=2616.4927 wMRED=0.50388794 wER=0.268538 wMAE=13.2582 wBias=-8.1067 condBias=23.4311 dotDrift=-10.143sigma uMRED=0.0519146833 uER=0.364258 uMAE=35.0781 WCE=432 bias=-10.0000
[pop07_soft:00800] loss=0.163411 tau=4.50 collapse_w=0.084 mid_frac=0.366 hard=score=1.0290436420 wNMSE=0.037825159 wMSE=2436.7080 wMRED=0.31095195 wER=0.269526 wMAE=12.0124 wBias=-3.8603 condBias=22.1422 dotDrift=-5.005sigma uMRED=0.0505127515 uER=0.365234 uMAE=36.0234 WCE=416 bias=-2.8750
[pop07_soft:01000] loss=0.127764 tau=5.25 collapse_w=0.293 mid_frac=0.348 hard=score=0.9388154674 wNMSE=0.038339765 wMSE=2469.8591 wMRED=0.31216976 wER=0.270190 wMAE=12.1934 wBias=-3.6694 condBias=22.5001 dotDrift=-4.725sigma uMRED=0.0544389903 uER=0.379883 uMAE=39.8359 WCE=416 bias=1.1250
[pop07_soft:01199] loss=0.098519 tau=6.00 collapse_w=0.500 mid_frac=0.330 hard=score=0.5868550835 wNMSE=0.036772545 wMSE=2368.8983 wMRED=0.28487936 wER=0.248404 wMAE=11.4161 wBias=-2.8238 condBias=22.0200 dotDrift=-3.713sigma uMRED=0.0537135049 uER=0.372070 uMAE=39.8359 WCE=416 bias=2.1250
[pop07_hard:00000] loss=0.613310 tau=6.00 collapse_w=0.500 mid_frac=0.330 hard=score=0.5868550835 wNMSE=0.036772545 wMSE=2368.8983 wMRED=0.28487936 wER=0.248404 wMAE=11.4161 wBias=-2.8238 condBias=22.0200 dotDrift=-3.713sigma uMRED=0.0537135049 uER=0.372070 uMAE=39.8359 WCE=416 bias=2.1250
[pop07_hard:00200] loss=0.610064 tau=6.00 collapse_w=0.500 mid_frac=0.330 hard=score=0.5868550835 wNMSE=0.036772545 wMSE=2368.8983 wMRED=0.28487936 wER=0.248404 wMAE=11.4161 wBias=-2.8238 condBias=22.0200 dotDrift=-3.713sigma uMRED=0.0537135049 uER=0.372070 uMAE=39.8359 WCE=416 bias=2.1250
[pop07_hard:00400] loss=0.489562 tau=6.00 collapse_w=0.500 mid_frac=0.330 hard=score=0.4664703326 wNMSE=0.037296597 wMSE=2402.6579 wMRED=0.29434106 wER=0.248404 wMAE=11.7631 wBias=-2.4638 condBias=22.2602 dotDrift=-3.217sigma uMRED=0.0543294103 uER=0.372070 uMAE=40.0859 WCE=416 bias=2.6250
[pop07_hard:00599] loss=0.108831 tau=6.00 collapse_w=0.500 mid_frac=0.330 hard=score=0.0826379533 wNMSE=0.037542243 wMSE=2418.4825 wMRED=0.35753601 wER=0.358817 wMAE=13.3251 wBias=-0.1229 condBias=22.2774 dotDrift=-0.160sigma uMRED=0.0557840974 uER=0.400391 uMAE=40.5078 WCE=416 bias=3.6250
[pop07] done (conf=0.51, noise=1.0); global best score=0.0065334258 wNMSE=0.000834229 wMSE=53.7413 wMRED=0.08069352 wER=0.171779 wMAE=2.4166 wBias=-0.1856 condBias=4.1714 dotDrift=-1.621sigma uMRED=0.0063010340 uER=0.216797 uMAE=3.5312 WCE=48 bias=-0.1250
[pop08_soft:00000] loss=2.698628 tau=1.50 collapse_w=0.000 mid_frac=0.348 hard=score=16.2809097087 wNMSE=0.22884321 wMSE=14742.1476 wMRED=0.96048456 wER=0.420864 wMAE=32.1182 wBias=15.7983 condBias=62.5005 dotDrift=+8.327sigma uMRED=0.1481498424 uER=0.431641 uMAE=100.3594 WCE=850 bias=65.1250
[pop08_soft:00200] loss=1.259745 tau=2.25 collapse_w=0.000 mid_frac=0.312 hard=score=3.3742673066 wNMSE=0.03422094 wMSE=2204.5231 wMRED=0.64455431 wER=0.295053 wMAE=15.5871 wBias=-7.1914 condBias=23.6612 dotDrift=-9.802sigma uMRED=0.0681001450 uER=0.374023 uMAE=44.3906 WCE=520 bias=-2.2500
[pop08_soft:00400] loss=0.569252 tau=3.00 collapse_w=0.000 mid_frac=0.304 hard=score=0.1134375728 wNMSE=0.015806903 wMSE=1018.2854 wMRED=0.30589040 wER=0.299965 wMAE=10.2045 wBias=-1.0192 condBias=15.9286 dotDrift=-2.044sigma uMRED=0.0466574538 uER=0.370117 uMAE=32.5078 WCE=384 bias=6.3750
[pop08_soft:00600] loss=0.122350 tau=3.75 collapse_w=0.000 mid_frac=0.286 hard=score=0.6091826819 wNMSE=0.019066434 wMSE=1228.2654 wMRED=0.31012898 wER=0.303159 wMAE=10.7531 wBias=-2.9461 condBias=17.7150 dotDrift=-5.380sigma uMRED=0.0584985171 uER=0.370117 uMAE=42.1484 WCE=460 bias=-28.1250
[pop08_soft:00800] loss=0.057816 tau=4.50 collapse_w=0.084 mid_frac=0.268 hard=score=0.1408249789 wNMSE=0.018666157 wMSE=1202.4794 wMRED=0.25747720 wER=0.254115 wMAE=10.3891 wBias=-1.2018 condBias=17.4868 dotDrift=-2.218sigma uMRED=0.0581022005 uER=0.360352 uMAE=41.7578 WCE=336 bias=-11.6250
[pop08_soft:01000] loss=0.048768 tau=5.25 collapse_w=0.293 mid_frac=0.188 hard=score=0.2442830360 wNMSE=0.01306309 wMSE=841.5281 wMRED=0.23220114 wER=0.245224 wMAE=8.5537 wBias=-1.7913 condBias=14.3935 dotDrift=-3.952sigma uMRED=0.0417320375 uER=0.346680 uMAE=29.2109 WCE=336 bias=-16.0000
[pop08_soft:01199] loss=0.037776 tau=6.00 collapse_w=0.500 mid_frac=0.152 hard=score=0.2442830360 wNMSE=0.01306309 wMSE=841.5281 wMRED=0.23220114 wER=0.245224 wMAE=8.5537 wBias=-1.7913 condBias=14.3935 dotDrift=-3.952sigma uMRED=0.0417320375 uER=0.346680 uMAE=29.2109 WCE=336 bias=-16.0000
[pop08_hard:00000] loss=0.264098 tau=6.00 collapse_w=0.500 mid_frac=0.152 hard=score=0.2442830360 wNMSE=0.01306309 wMSE=841.5281 wMRED=0.23220114 wER=0.245224 wMAE=8.5537 wBias=-1.7913 condBias=14.3935 dotDrift=-3.952sigma uMRED=0.0417320375 uER=0.346680 uMAE=29.2109 WCE=336 bias=-16.0000
[pop08_hard:00200] loss=0.259770 tau=6.00 collapse_w=0.500 mid_frac=0.143 hard=score=0.2442830360 wNMSE=0.01306309 wMSE=841.5281 wMRED=0.23220114 wER=0.245224 wMAE=8.5537 wBias=-1.7913 condBias=14.3935 dotDrift=-3.952sigma uMRED=0.0417320375 uER=0.346680 uMAE=29.2109 WCE=336 bias=-16.0000
[pop08_hard:00400] loss=0.081331 tau=6.00 collapse_w=0.500 mid_frac=0.125 hard=score=0.0747530280 wNMSE=0.01592987 wMSE=1026.2070 wMRED=0.23408316 wER=0.245224 wMAE=8.7942 wBias=-0.5821 condBias=15.7741 dotDrift=-1.163sigma uMRED=0.0470359663 uER=0.346680 uMAE=33.9141 WCE=480 bias=8.0000
[pop08_hard:00599] loss=0.077283 tau=6.00 collapse_w=0.500 mid_frac=0.116 hard=score=0.0603353481 wNMSE=0.0076984002 wMSE=495.9332 wMRED=0.20296074 wER=0.243115 wMAE=6.6161 wBias=0.7568 condBias=10.6097 dotDrift=+2.175sigma uMRED=0.0269356277 uER=0.340820 uMAE=18.0078 WCE=204 bias=-4.0000
[pop08] done (conf=0.53, noise=0.5); global best score=0.0065334258 wNMSE=0.000834229 wMSE=53.7413 wMRED=0.08069352 wER=0.171779 wMAE=2.4166 wBias=-0.1856 condBias=4.1714 dotDrift=-1.621sigma uMRED=0.0063010340 uER=0.216797 uMAE=3.5312 WCE=48 bias=-0.1250
[pop09_soft:00000] loss=2.086395 tau=1.50 collapse_w=0.000 mid_frac=0.393 hard=score=19.9995884396 wNMSE=0.8126181 wMSE=52349.1001 wMRED=7.18611507 wER=0.431647 wMAE=111.8743 wBias=-17.1043 condBias=119.4308 dotDrift=-4.784sigma uMRED=0.2270518470 uER=0.434570 uMAE=88.5391 WCE=748 bias=35.5625
[pop09_soft:00200] loss=1.743415 tau=2.25 collapse_w=0.000 mid_frac=0.375 hard=score=60.3908361434 wNMSE=0.73997196 wMSE=47669.2139 wMRED=6.58705589 wER=0.427562 wMAE=99.8792 wBias=-30.4979 condBias=111.1047 dotDrift=-8.940sigma uMRED=0.1903871080 uER=0.422852 uMAE=66.6875 WCE=686 bias=11.6250
[pop09_soft:00400] loss=1.127093 tau=3.00 collapse_w=0.000 mid_frac=0.393 hard=score=14.9380766316 wNMSE=0.13889267 wMSE=8947.5071 wMRED=2.74052635 wER=0.372468 wMAE=46.9743 wBias=15.2039 condBias=46.3949 dotDrift=+10.287sigma uMRED=0.1039153690 uER=0.405273 uMAE=49.5000 WCE=404 bias=27.5000
[pop09_soft:00600] loss=0.425059 tau=3.75 collapse_w=0.000 mid_frac=0.366 hard=score=11.3456255032 wNMSE=0.037418496 wMSE=2410.5107 wMRED=1.22562997 wER=0.356770 wMAE=21.2432 wBias=-13.3033 condBias=28.0951 dotDrift=-17.341sigma uMRED=0.0702042730 uER=0.390625 uMAE=41.2969 WCE=404 bias=22.2500
[pop09_soft:00800] loss=0.197099 tau=4.50 collapse_w=0.084 mid_frac=0.357 hard=score=3.6706063759 wNMSE=0.03319496 wMSE=2138.4292 wMRED=1.12512664 wER=0.369013 wMAE=22.2736 wBias=-7.5099 condBias=28.5156 dotDrift=-10.394sigma uMRED=0.0594954582 uER=0.384766 uMAE=32.8203 WCE=356 bias=13.1250
[pop09_soft:01000] loss=0.126521 tau=5.25 collapse_w=0.293 mid_frac=0.295 hard=score=5.4320054808 wNMSE=0.033468362 wMSE=2156.0419 wMRED=1.13182047 wER=0.369013 wMAE=22.4131 wBias=-9.1726 condBias=28.5660 dotDrift=-12.643sigma uMRED=0.0585724877 uER=0.384766 uMAE=31.0156 WCE=340 bias=7.6250
[pop09_soft:01199] loss=0.092355 tau=6.00 collapse_w=0.500 mid_frac=0.286 hard=score=5.4320054808 wNMSE=0.033468362 wMSE=2156.0419 wMRED=1.13182047 wER=0.369013 wMAE=22.4131 wBias=-9.1726 condBias=28.5660 dotDrift=-12.643sigma uMRED=0.0585724877 uER=0.384766 uMAE=31.0156 WCE=340 bias=7.6250
[pop09_hard:00000] loss=5.503115 tau=6.00 collapse_w=0.500 mid_frac=0.286 hard=score=5.4320054808 wNMSE=0.033468362 wMSE=2156.0419 wMRED=1.13182047 wER=0.369013 wMAE=22.4131 wBias=-9.1726 condBias=28.5660 dotDrift=-12.643sigma uMRED=0.0585724877 uER=0.384766 uMAE=31.0156 WCE=340 bias=7.6250
[pop09_hard:00200] loss=3.714082 tau=6.00 collapse_w=0.500 mid_frac=0.277 hard=score=3.6466933722 wNMSE=0.034222054 wMSE=2204.5949 wMRED=1.13290903 wER=0.369013 wMAE=22.7924 wBias=-7.4832 condBias=29.1868 dotDrift=-10.200sigma uMRED=0.0597665213 uER=0.384766 uMAE=32.2500 WCE=340 bias=11.6250
[pop09_hard:00400] loss=1.552902 tau=6.00 collapse_w=0.500 mid_frac=0.277 hard=score=1.5080579381 wNMSE=0.019591886 wMSE=1262.1151 wMRED=0.67161507 wER=0.369013 wMAE=15.7875 wBias=4.7793 condBias=18.5385 dotDrift=+8.610sigma uMRED=0.0508803274 uER=0.384766 uMAE=30.6094 WCE=340 bias=15.6250
[pop09_hard:00599] loss=3.713911 tau=6.00 collapse_w=0.500 mid_frac=0.277 hard=score=3.6466933722 wNMSE=0.034222054 wMSE=2204.5949 wMRED=1.13290903 wER=0.369013 wMAE=22.7924 wBias=-7.4832 condBias=29.1868 dotDrift=-10.200sigma uMRED=0.0597665213 uER=0.384766 uMAE=32.2500 WCE=340 bias=11.6250
[pop09] done (conf=0.51, noise=1.0); global best score=0.0065334258 wNMSE=0.000834229 wMSE=53.7413 wMRED=0.08069352 wER=0.171779 wMAE=2.4166 wBias=-0.1856 condBias=4.1714 dotDrift=-1.621sigma uMRED=0.0063010340 uER=0.216797 uMAE=3.5312 WCE=48 bias=-0.1250
[pop10_soft:00000] loss=2.968047 tau=1.50 collapse_w=0.000 mid_frac=0.330 hard=score=66.0495355997 wNMSE=0.34496047 wMSE=22222.4561 wMRED=4.32774823 wER=0.436443 wMAE=80.0452 wBias=32.0709 condBias=89.3829 dotDrift=+13.769sigma uMRED=0.1733190552 uER=0.430664 uMAE=82.0547 WCE=668 bias=7.0625
[pop10_soft:00200] loss=0.958340 tau=2.25 collapse_w=0.000 mid_frac=0.286 hard=score=37.0897875077 wNMSE=0.14988512 wMSE=9655.6442 wMRED=2.18171119 wER=0.418537 wMAE=41.5058 wBias=-24.0425 condBias=58.6704 dotDrift=-15.659sigma uMRED=0.1227589235 uER=0.427734 uMAE=68.9141 WCE=644 bias=-23.8750
[pop10_soft:00400] loss=0.241804 tau=3.00 collapse_w=0.000 mid_frac=0.268 hard=score=0.0990104808 wNMSE=0.016315342 wMSE=1051.0392 wMRED=0.63176018 wER=0.326817 wMAE=14.3197 wBias=0.8808 condBias=18.0617 dotDrift=+1.739sigma uMRED=0.0468094617 uER=0.376953 uMAE=28.0469 WCE=324 bias=-17.1250
[pop10_soft:00600] loss=0.075478 tau=3.75 collapse_w=0.000 mid_frac=0.205 hard=score=0.0594421878 wNMSE=0.018184852 wMSE=1171.4736 wMRED=0.23737375 wER=0.243556 wMAE=9.2387 wBias=-0.4700 condBias=16.4839 dotDrift=-0.879sigma uMRED=0.0415612063 uER=0.353516 uMAE=28.2812 WCE=300 bias=-11.1250
[pop10_soft:00800] loss=0.048591 tau=4.50 collapse_w=0.084 mid_frac=0.196 hard=score=0.0512511415 wNMSE=0.018069993 wMSE=1164.0743 wMRED=0.19764089 wER=0.229201 wMAE=8.5600 wBias=0.3177 condBias=16.4436 dotDrift=+0.596sigma uMRED=0.0400599086 uER=0.344727 uMAE=27.5469 WCE=292 bias=-9.8750
[pop10_soft:01000] loss=0.040735 tau=5.25 collapse_w=0.293 mid_frac=0.125 hard=score=0.5554025645 wNMSE=0.0064660915 wMSE=416.5475 wMRED=0.15286245 wER=0.223183 wMAE=5.4986 wBias=-2.8795 condBias=11.2847 dotDrift=-9.029sigma uMRED=0.0275097026 uER=0.318359 uMAE=19.3594 WCE=288 bias=-16.7500
[pop10_soft:01199] loss=0.030652 tau=6.00 collapse_w=0.500 mid_frac=0.134 hard=score=0.5554025645 wNMSE=0.0064660915 wMSE=416.5475 wMRED=0.15286245 wER=0.223183 wMAE=5.4986 wBias=-2.8795 condBias=11.2847 dotDrift=-9.029sigma uMRED=0.0275097026 uER=0.318359 uMAE=19.3594 WCE=288 bias=-16.7500
[pop10_hard:00000] loss=0.570490 tau=6.00 collapse_w=0.500 mid_frac=0.134 hard=score=0.5554025645 wNMSE=0.0064660915 wMSE=416.5475 wMRED=0.15286245 wER=0.223183 wMAE=5.4986 wBias=-2.8795 condBias=11.2847 dotDrift=-9.029sigma uMRED=0.0275097026 uER=0.318359 uMAE=19.3594 WCE=288 bias=-16.7500
[pop10_hard:00200] loss=0.566890 tau=6.00 collapse_w=0.500 mid_frac=0.125 hard=score=0.5554025645 wNMSE=0.0064660915 wMSE=416.5475 wMRED=0.15286245 wER=0.223183 wMAE=5.4986 wBias=-2.8795 condBias=11.2847 dotDrift=-9.029sigma uMRED=0.0275097026 uER=0.318359 uMAE=19.3594 WCE=288 bias=-16.7500
[pop10_hard:00400] loss=0.565119 tau=6.00 collapse_w=0.500 mid_frac=0.125 hard=score=0.5554025645 wNMSE=0.0064660915 wMSE=416.5475 wMRED=0.15286245 wER=0.223183 wMAE=5.4986 wBias=-2.8795 condBias=11.2847 dotDrift=-9.029sigma uMRED=0.0275097026 uER=0.318359 uMAE=19.3594 WCE=288 bias=-16.7500
[pop10_hard:00599] loss=0.564098 tau=6.00 collapse_w=0.500 mid_frac=0.116 hard=score=0.0604967956 wNMSE=0.017935124 wMSE=1155.3860 wMRED=0.19548259 wER=0.227749 wMAE=8.3847 wBias=0.5047 condBias=16.3369 dotDrift=+0.950sigma uMRED=0.0387594260 uER=0.333008 uMAE=26.4375 WCE=288 bias=-8.7500
[pop10] done (conf=0.53, noise=0.5); global best score=0.0065334258 wNMSE=0.000834229 wMSE=53.7413 wMRED=0.08069352 wER=0.171779 wMAE=2.4166 wBias=-0.1856 condBias=4.1714 dotDrift=-1.621sigma uMRED=0.0063010340 uER=0.216797 uMAE=3.5312 WCE=48 bias=-0.1250
[pop11_soft:00000] loss=2.095105 tau=1.50 collapse_w=0.000 mid_frac=0.402 hard=score=141.8682274190 wNMSE=0.17794783 wMSE=11463.4523 wMRED=2.43433520 wER=0.437169 wMAE=52.8402 wBias=47.1758 condBias=77.6628 dotDrift=+28.200sigma uMRED=0.1370704419 uER=0.437500 uMAE=74.9609 WCE=667 bias=20.5625
[pop11_soft:00200] loss=1.350819 tau=2.25 collapse_w=0.000 mid_frac=0.375 hard=score=1.2012276083 wNMSE=0.1150637 wMSE=7412.4376 wMRED=2.87798281 wER=0.437169 wMAE=49.2335 wBias=3.9224 condBias=41.5708 dotDrift=+2.916sigma uMRED=0.1130051383 uER=0.437500 uMAE=56.8594 WCE=373 bias=-24.6875
[pop11_soft:00400] loss=1.039991 tau=3.00 collapse_w=0.000 mid_frac=0.393 hard=score=10.4499679797 wNMSE=0.035460152 wMSE=2284.3536 wMRED=0.74068892 wER=0.402890 wMAE=20.3741 wBias=12.7650 condBias=25.7730 dotDrift=+17.093sigma uMRED=0.0705874259 uER=0.431641 uMAE=45.8398 WCE=528 bias=24.8125
[pop11_soft:00600] loss=0.608801 tau=3.75 collapse_w=0.000 mid_frac=0.393 hard=score=16.8186572806 wNMSE=0.046478436 wMSE=2994.1547 wMRED=0.76346971 wER=0.375000 wMAE=21.2236 wBias=16.2081 condBias=29.8988 dotDrift=+18.957sigma uMRED=0.0861736687 uER=0.422852 uMAE=58.3828 WCE=656 bias=51.1250
[pop11_soft:00800] loss=0.469013 tau=4.50 collapse_w=0.084 mid_frac=0.384 hard=score=16.5583251930 wNMSE=0.039959712 wMSE=2574.2165 wMRED=0.72434311 wER=0.386552 wMAE=20.5051 wBias=16.0902 condBias=27.8002 dotDrift=+20.296sigma uMRED=0.0801348729 uER=0.425781 uMAE=53.6172 WCE=528 bias=48.0000
[pop11_soft:01000] loss=0.382787 tau=5.25 collapse_w=0.293 mid_frac=0.321 hard=score=15.9466737067 wNMSE=0.039898873 wMSE=2570.2973 wMRED=0.72674703 wER=0.372448 wMAE=20.4325 wBias=15.7885 condBias=27.7904 dotDrift=+19.931sigma uMRED=0.0799462117 uER=0.422852 uMAE=53.4219 WCE=528 bias=47.7500
[pop11_soft:01199] loss=0.299764 tau=6.00 collapse_w=0.500 mid_frac=0.321 hard=score=15.9466737067 wNMSE=0.039898873 wMSE=2570.2973 wMRED=0.72674703 wER=0.372448 wMAE=20.4325 wBias=15.7885 condBias=27.7904 dotDrift=+19.931sigma uMRED=0.0799462117 uER=0.422852 uMAE=53.4219 WCE=528 bias=47.7500
[pop11_hard:00000] loss=15.989940 tau=6.00 collapse_w=0.500 mid_frac=0.321 hard=score=15.9466737067 wNMSE=0.039898873 wMSE=2570.2973 wMRED=0.72674703 wER=0.372448 wMAE=20.4325 wBias=15.7885 condBias=27.7904 dotDrift=+19.931sigma uMRED=0.0799462117 uER=0.422852 uMAE=53.4219 WCE=528 bias=47.7500
[pop11_hard:00200] loss=10.113167 tau=6.00 collapse_w=0.500 mid_frac=0.304 hard=score=10.0546298571 wNMSE=0.028545525 wMSE=1838.9112 wMRED=0.70970121 wER=0.372448 wMAE=19.0141 wBias=12.5380 condBias=21.8894 dotDrift=+18.712sigma uMRED=0.0603682817 uER=0.422852 uMAE=39.6094 WCE=244 bias=15.7500
[pop11_hard:00400] loss=8.091446 tau=6.00 collapse_w=0.500 mid_frac=0.312 hard=score=8.0209471655 wNMSE=0.027144249 wMSE=1748.6406 wMRED=0.67486281 wER=0.391531 wMAE=18.4739 wBias=11.1917 condBias=21.2432 dotDrift=+17.129sigma uMRED=0.0555137288 uER=0.419922 uMAE=35.1016 WCE=244 bias=9.6250
[pop11_hard:00599] loss=3.948054 tau=6.00 collapse_w=0.500 mid_frac=0.330 hard=score=3.8726176162 wNMSE=0.031503809 wMSE=2029.4848 wMRED=0.67354836 wER=0.390591 wMAE=19.5133 wBias=7.7329 condBias=21.9606 dotDrift=+10.986sigma uMRED=0.0682833963 uER=0.414062 uMAE=44.7266 WCE=360 bias=-17.6250
[pop11] done (conf=0.51, noise=1.0); global best score=0.0065334258 wNMSE=0.000834229 wMSE=53.7413 wMRED=0.08069352 wER=0.171779 wMAE=2.4166 wBias=-0.1856 condBias=4.1714 dotDrift=-1.621sigma uMRED=0.0063010340 uER=0.216797 uMAE=3.5312 WCE=48 bias=-0.1250
[best] stage=quad_soft score=0.0065334258 wNMSE=0.000834229 wMSE=53.7413 wMRED=0.08069352 wER=0.171779 wMAE=2.4166 wBias=-0.1856 condBias=4.1714 dotDrift=-1.621sigma uMRED=0.0063010340 uER=0.216797 uMAE=3.5312 WCE=48 bias=-0.1250
[best-json] /home/xuanqi/tony/work/FPGA/signed8x8_approx/signed8x8_2026_8_22/runs_module_groups/G1_qk/balanced_split/rand303/best_signed88_inits.json
[best-rtl] /home/xuanqi/tony/work/FPGA/signed8x8_approx/signed8x8_2026_8_22/runs_module_groups/G1_qk/balanced_split/rand303/best_rtl
[design] balanced_split search_bits=112
[start] score=0.0065334258 wNMSE=0.000834229 wMSE=53.7413 wMRED=0.08069352 wER=0.171779 wMAE=2.4166 wBias=-0.1856 condBias=4.1714 dotDrift=-1.621sigma uMRED=0.0063010340 uER=0.216797 uMAE=3.5312 WCE=48 bias=-0.1250
[single] ACCEPT ['lo_lut23:3'] 0.0065334258->0.0043753823 wNMSE=0.00084637659 wBias=+0.01000
[single] round=2 no improvement
[pair] ACCEPT ['lo_lut23:51', 'lo_lut01:63'] 0.0043753823->0.0037046269 wNMSE=0.00076801228 wBias=-0.01302
[pair] ACCEPT ['mid_lut01:63', 'mid_lut01:55'] 0.0037046269->0.0035422293 wNMSE=0.00066412352 wBias=-0.01325
[pair] round=3 no improvement
[final] score=0.0035422293 wNMSE=0.00066412352 wMSE=42.7830 wMRED=0.14331768 wER=0.332911 wMAE=2.9260 wBias=-0.0133 condBias=3.4615 dotDrift=-0.130sigma uMRED=0.0072473952 uER=0.342773 uMAE=3.6562 WCE=40 bias=-0.1250
[json] /home/xuanqi/tony/work/FPGA/signed8x8_approx/signed8x8_2026_8_22/runs_module_groups/G1_qk/balanced_split/rand303/refined/best_signed88_inits.json
