[design] default_split quad4 entries=168
[device] cuda
[initial] score=188.8164446268 wNMSE=35.200832 wMSE=741707.6910 wMRED=56.10377190 wER=0.586801 wMAE=500.3155 wBias=25.4298 condBias=512.3290 dotDrift=+1.890sigma uMRED=1.1230546597 uER=0.575928 uMAE=384.6084 WCE=3216 bias=-5.3125
[quad_warmup_bit:00000] loss=76.480148 tau=1.50 collapse_w=0.000 mid_frac=0.482 hard=score=166.3841411042 wNMSE=35.10715 wMSE=739733.7468 wMRED=55.95210111 wER=0.586801 wMAE=498.2506 wBias=23.0772 condBias=510.4667 dotDrift=+1.717sigma uMRED=1.1212699912 uER=0.575928 uMAE=384.2930 WCE=3216 bias=-5.8125 *BEST*
[quad_warmup_bit:00025] loss=60.960674 tau=1.50 collapse_w=0.000 mid_frac=0.470 hard=score=94.8696679449 wNMSE=36.61708 wMSE=771549.1000 wMRED=57.52620795 wER=0.586801 wMAE=505.0009 wBias=12.2901 condBias=519.0461 dotDrift=+0.895sigma uMRED=1.1269160005 uER=0.575928 uMAE=378.7490 WCE=3344 bias=-82.0625 *BEST*
[quad_warmup_bit:00050] loss=46.808865 tau=1.50 collapse_w=0.000 mid_frac=0.476 hard=score=69.4995304628 wNMSE=36.268322 wMSE=764200.5097 wMRED=57.42949379 wER=0.586887 wMAE=501.1193 wBias=5.0327 condBias=514.3268 dotDrift=+0.368sigma uMRED=1.1236799119 uER=0.578125 uMAE=381.9858 WCE=3360 bias=-118.0625 *BEST*
[quad_warmup_bit:00075] loss=34.182098 tau=1.50 collapse_w=0.000 mid_frac=0.476 hard=score=62.0559172638 wNMSE=34.558291 wMSE=728168.8744 wMRED=56.99073290 wER=0.586887 wMAE=485.6927 wBias=-0.7338 condBias=501.6114 dotDrift=-0.055sigma uMRED=0.9774809030 uER=0.578125 uMAE=331.6309 WCE=3160 bias=-135.2500 *BEST*
[quad_warmup_bit:00200] loss=1.459911 tau=1.50 collapse_w=0.000 mid_frac=0.446 hard=score=14324.2857636212 wNMSE=50.68977 wMSE=1068071.1345 wMRED=62.93370586 wER=0.546754 wMAE=460.4774 wBias=-270.6211 condBias=614.0121 dotDrift=-16.759sigma uMRED=1.1276594031 uER=0.573730 uMAE=393.1748 WCE=3916 bias=-321.9375
[quad_warmup_bit:00400] loss=1.146166 tau=1.50 collapse_w=0.000 mid_frac=0.458 hard=score=8869.9913170550 wNMSE=30.673117 wMSE=646305.3836 wMRED=49.91356237 wER=0.477586 wMAE=371.6430 wBias=-212.9687 condBias=486.1520 dotDrift=-16.954sigma uMRED=0.9664167370 uER=0.567871 uMAE=366.0273 WCE=3132 bias=-291.8750
[quad_warmup_bit:00600] loss=0.925562 tau=1.50 collapse_w=0.000 mid_frac=0.435 hard=score=5569.3441941891 wNMSE=25.601543 wMSE=539443.5451 wMRED=43.69176437 wER=0.462158 wMAE=326.1737 wBias=-168.6119 condBias=411.6720 dotDrift=-14.692sigma uMRED=0.8752789476 uER=0.553955 uMAE=344.8340 WCE=3044 bias=-274.8750
[quad_warmup_bit:00800] loss=0.772526 tau=1.50 collapse_w=0.000 mid_frac=0.429 hard=score=204.7225373742 wNMSE=3.8111334 wMSE=80303.4131 wMRED=11.44879284 wER=0.406414 wMAE=129.9770 wBias=31.9093 condBias=130.4240 dotDrift=+7.207sigma uMRED=0.4757418037 uER=0.525146 uMAE=276.4551 WCE=2916 bias=-206.1250
[quad_warmup_bit:01000] loss=0.662184 tau=1.50 collapse_w=0.000 mid_frac=0.393 hard=score=13527.0309723050 wNMSE=38.491325 wMSE=811040.8195 wMRED=48.54991072 wER=0.322199 wMAE=295.3500 wBias=-263.1333 condBias=528.9002 dotDrift=-18.700sigma uMRED=0.8265925403 uER=0.507568 uMAE=261.0508 WCE=3328 bias=-224.1250
[quad_warmup_bit:01200] loss=0.560743 tau=1.50 collapse_w=0.000 mid_frac=0.363 hard=score=1044.5117402113 wNMSE=2.058866 wMSE=43381.8369 wMRED=10.91973439 wER=0.286820 wMAE=78.7221 wBias=-73.1678 condBias=135.8219 dotDrift=-22.483sigma uMRED=0.3666296389 uER=0.494385 uMAE=190.0215 WCE=1664 bias=-164.3750
[quad_warmup_bit:01400] loss=0.467163 tau=1.50 collapse_w=0.000 mid_frac=0.310 hard=score=876.9338607516 wNMSE=2.0072095 wMSE=42293.3961 wMRED=10.55698692 wER=0.250856 wMAE=76.1508 wBias=-67.0237 condBias=125.3445 dotDrift=-20.858sigma uMRED=0.3613383364 uER=0.455322 uMAE=184.0762 WCE=1664 bias=-92.3750
[quad_warmup_bit:01600] loss=0.375978 tau=1.50 collapse_w=0.000 mid_frac=0.286 hard=score=880.4573502810 wNMSE=2.004856 wMSE=42243.8058 wMRED=10.55650976 wER=0.247479 wMAE=76.0853 wBias=-67.1590 condBias=125.4296 dotDrift=-20.912sigma uMRED=0.3592692788 uER=0.444336 uMAE=182.7949 WCE=1664 bias=-94.5000
[quad_warmup_bit:01800] loss=0.281895 tau=1.50 collapse_w=0.000 mid_frac=0.274 hard=score=2.7537178708 wNMSE=1.5806684 wMSE=33305.8588 wMRED=4.19757225 wER=0.240054 wMAE=41.6861 wBias=-1.6315 condBias=53.4762 dotDrift=-0.572sigma uMRED=0.3069285716 uER=0.414551 uMAE=162.3496 WCE=3840 bias=-57.0000 *BEST*
[quad_warmup_bit:01825] loss=0.272342 tau=1.50 collapse_w=0.000 mid_frac=0.268 hard=score=2.2649185487 wNMSE=1.5678085 wMSE=33034.8902 wMRED=4.13851808 wER=0.240054 wMAE=40.8152 wBias=-0.5034 condBias=52.6544 dotDrift=-0.177sigma uMRED=0.3044388609 uER=0.414551 uMAE=161.3496 WCE=3840 bias=-55.0000 *BEST*
[quad_warmup_bit:02000] loss=0.221201 tau=1.50 collapse_w=0.000 mid_frac=0.256 hard=score=3.1072722432 wNMSE=1.5947709 wMSE=33603.0076 wMRED=4.08148464 wER=0.252511 wMAE=41.5455 wBias=2.0552 condBias=57.7217 dotDrift=+0.718sigma uMRED=0.3197362623 uER=0.416016 uMAE=164.8672 WCE=3840 bias=-39.5000
[quad_warmup_bit:02200] loss=0.181870 tau=1.50 collapse_w=0.000 mid_frac=0.226 hard=score=9.3237975327 wNMSE=0.93808592 wMSE=19766.1675 wMRED=2.37297660 wER=0.232388 wMAE=35.0398 wBias=6.3423 condBias=58.5181 dotDrift=+2.887sigma uMRED=0.2971033955 uER=0.408203 uMAE=166.9922 WCE=3520 bias=-42.5000
[quad_warmup_bit:02400] loss=0.156034 tau=1.50 collapse_w=0.000 mid_frac=0.173 hard=score=14.3096998271 wNMSE=0.58634573 wMSE=12354.7403 wMRED=2.23841385 wER=0.236977 wMAE=33.0135 wBias=8.2294 condBias=60.0056 dotDrift=+4.738sigma uMRED=0.2697911584 uER=0.395996 uMAE=155.5234 WCE=3328 bias=-32.5000
[quad_warmup_bit:02600] loss=0.139773 tau=1.50 collapse_w=0.000 mid_frac=0.149 hard=score=10.1976148884 wNMSE=0.50745515 wMSE=10692.4572 wMRED=2.17703445 wER=0.234845 wMAE=31.2373 wBias=6.9119 condBias=56.7431 dotDrift=+4.278sigma uMRED=0.2495522038 uER=0.374756 uMAE=146.1875 WCE=1332 bias=-37.5000
[quad_warmup_bit:02800] loss=0.129923 tau=1.50 collapse_w=0.000 mid_frac=0.143 hard=score=11.6130838059 wNMSE=0.50781384 wMSE=10700.0150 wMRED=2.28536683 wER=0.225032 wMAE=31.2644 wBias=7.4196 condBias=56.9135 dotDrift=+4.591sigma uMRED=0.2498456468 uER=0.378418 uMAE=145.7188 WCE=1332 bias=-38.0000
[quad_warmup_bit:03000] loss=0.124174 tau=1.50 collapse_w=0.000 mid_frac=0.119 hard=score=6.7387064414 wNMSE=0.46092209 wMSE=9711.9711 wMRED=2.23988383 wER=0.224020 wMAE=29.4088 wBias=5.5105 condBias=54.5218 dotDrift=+3.579sigma uMRED=0.2345899421 uER=0.376221 uMAE=137.8203 WCE=1332 bias=-46.0000
[quad_warmup_bit:03200] loss=0.120452 tau=1.50 collapse_w=0.000 mid_frac=0.119 hard=score=16.3477179309 wNMSE=0.50206271 wMSE=10578.8345 wMRED=2.25351927 wER=0.225032 wMAE=30.6269 wBias=8.9155 condBias=56.4198 dotDrift=+5.548sigma uMRED=0.2462888043 uER=0.378418 uMAE=143.7188 WCE=1216 bias=-34.0000
[quad_warmup_bit:03400] loss=0.117836 tau=1.50 collapse_w=0.000 mid_frac=0.113 hard=score=19.1195095535 wNMSE=0.46437381 wMSE=9784.7013 wMRED=2.24648471 wER=0.224938 wMAE=29.9246 wBias=9.6978 condBias=54.3490 dotDrift=+6.275sigma uMRED=0.2072295309 uER=0.374512 uMAE=114.4453 WCE=1204 bias=-2.0000
[quad_warmup_bit:03600] loss=0.115866 tau=1.50 collapse_w=0.000 mid_frac=0.113 hard=score=13.4596328940 wNMSE=0.38248265 wMSE=8059.1938 wMRED=1.92399974 wER=0.201411 wMAE=24.8958 wBias=8.0996 condBias=49.8694 dotDrift=+5.774sigma uMRED=0.1769728977 uER=0.347168 uMAE=99.6484 WCE=1204 bias=-16.0000
[quad_warmup_bit:03800] loss=0.114323 tau=1.50 collapse_w=0.000 mid_frac=0.107 hard=score=13.4596328940 wNMSE=0.38248265 wMSE=8059.1938 wMRED=1.92399974 wER=0.201411 wMAE=24.8958 wBias=8.0996 condBias=49.8694 dotDrift=+5.774sigma uMRED=0.1769728977 uER=0.347168 uMAE=99.6484 WCE=1204 bias=-16.0000
[quad_warmup_bit:04000] loss=0.113080 tau=1.50 collapse_w=0.000 mid_frac=0.107 hard=score=8.7952862972 wNMSE=0.31173731 wMSE=6568.5369 wMRED=1.90493836 wER=0.201243 wMAE=23.5318 wBias=6.4968 condBias=45.2258 dotDrift=+5.130sigma uMRED=0.1348408260 uER=0.343262 uMAE=71.1094 WCE=1204 bias=-48.0000
[quad_warmup_bit:04200] loss=0.112066 tau=1.50 collapse_w=0.000 mid_frac=0.101 hard=score=25.6797881662 wNMSE=0.20469862 wMSE=4313.1520 wMRED=1.79900637 wER=0.200645 wMAE=19.8121 wBias=11.3987 condBias=36.2334 dotDrift=+11.108sigma uMRED=0.1063487816 uER=0.341064 uMAE=57.3672 WCE=1204 bias=-32.0000
[quad_warmup_bit:04400] loss=0.111233 tau=1.50 collapse_w=0.000 mid_frac=0.095 hard=score=25.6797881662 wNMSE=0.20469862 wMSE=4313.1520 wMRED=1.79900637 wER=0.200645 wMAE=19.8121 wBias=11.3987 condBias=36.2334 dotDrift=+11.108sigma uMRED=0.1063487816 uER=0.341064 uMAE=57.3672 WCE=1204 bias=-32.0000
[quad_warmup_bit:04600] loss=0.110539 tau=1.50 collapse_w=0.000 mid_frac=0.089 hard=score=25.6797881662 wNMSE=0.20469862 wMSE=4313.1520 wMRED=1.79900637 wER=0.200645 wMAE=19.8121 wBias=11.3987 condBias=36.2334 dotDrift=+11.108sigma uMRED=0.1063487816 uER=0.341064 uMAE=57.3672 WCE=1204 bias=-32.0000
[quad_warmup_bit:04800] loss=0.109954 tau=1.50 collapse_w=0.000 mid_frac=0.089 hard=score=25.6797881662 wNMSE=0.20469862 wMSE=4313.1520 wMRED=1.79900637 wER=0.200645 wMAE=19.8121 wBias=11.3987 condBias=36.2334 dotDrift=+11.108sigma uMRED=0.1063487816 uER=0.341064 uMAE=57.3672 WCE=1204 bias=-32.0000
[quad_warmup_bit:05000] loss=0.109456 tau=1.50 collapse_w=0.000 mid_frac=0.089 hard=score=25.6797881662 wNMSE=0.20469862 wMSE=4313.1520 wMRED=1.79900637 wER=0.200645 wMAE=19.8121 wBias=11.3987 condBias=36.2334 dotDrift=+11.108sigma uMRED=0.1063487816 uER=0.341064 uMAE=57.3672 WCE=1204 bias=-32.0000
[quad_warmup_bit:05200] loss=0.109027 tau=1.50 collapse_w=0.000 mid_frac=0.089 hard=score=25.6797881662 wNMSE=0.20469862 wMSE=4313.1520 wMRED=1.79900637 wER=0.200645 wMAE=19.8121 wBias=11.3987 condBias=36.2334 dotDrift=+11.108sigma uMRED=0.1063487816 uER=0.341064 uMAE=57.3672 WCE=1204 bias=-32.0000
[quad_warmup_bit:05400] loss=0.108654 tau=1.50 collapse_w=0.000 mid_frac=0.089 hard=score=25.6797881662 wNMSE=0.20469862 wMSE=4313.1520 wMRED=1.79900637 wER=0.200645 wMAE=19.8121 wBias=11.3987 condBias=36.2334 dotDrift=+11.108sigma uMRED=0.1063487816 uER=0.341064 uMAE=57.3672 WCE=1204 bias=-32.0000
[quad_warmup_bit:05600] loss=0.108327 tau=1.50 collapse_w=0.000 mid_frac=0.089 hard=score=25.6797881662 wNMSE=0.20469862 wMSE=4313.1520 wMRED=1.79900637 wER=0.200645 wMAE=19.8121 wBias=11.3987 condBias=36.2334 dotDrift=+11.108sigma uMRED=0.1063487816 uER=0.341064 uMAE=57.3672 WCE=1204 bias=-32.0000
[quad_warmup_bit:05800] loss=0.108039 tau=1.50 collapse_w=0.000 mid_frac=0.089 hard=score=25.6797881662 wNMSE=0.20469862 wMSE=4313.1520 wMRED=1.79900637 wER=0.200645 wMAE=19.8121 wBias=11.3987 condBias=36.2334 dotDrift=+11.108sigma uMRED=0.1063487816 uER=0.341064 uMAE=57.3672 WCE=1204 bias=-32.0000
[quad_warmup_bit:05999] loss=0.107785 tau=1.50 collapse_w=0.000 mid_frac=0.089 hard=score=25.6797881662 wNMSE=0.20469862 wMSE=4313.1520 wMRED=1.79900637 wER=0.200645 wMAE=19.8121 wBias=11.3987 condBias=36.2334 dotDrift=+11.108sigma uMRED=0.1063487816 uER=0.341064 uMAE=57.3672 WCE=1204 bias=-32.0000
[quad_soft:00000] loss=0.788340 tau=1.50 collapse_w=0.000 mid_frac=0.089 hard=score=25.6797881662 wNMSE=0.20469862 wMSE=4313.1520 wMRED=1.79900637 wER=0.200645 wMAE=19.8121 wBias=11.3987 condBias=36.2334 dotDrift=+11.108sigma uMRED=0.1063487816 uER=0.341064 uMAE=57.3672 WCE=1204 bias=-32.0000
[quad_soft:00200] loss=0.377837 tau=1.59 collapse_w=0.000 mid_frac=0.095 hard=score=14.7316570647 wNMSE=0.22350388 wMSE=4709.3929 wMRED=1.95845330 wER=0.234728 wMAE=22.3305 wBias=8.5713 condBias=38.1334 dotDrift=+7.994sigma uMRED=0.1220264770 uER=0.364990 uMAE=66.7422 WCE=1204 bias=-43.6250
[quad_soft:00400] loss=0.333272 tau=1.68 collapse_w=0.000 mid_frac=0.089 hard=score=17.6001237868 wNMSE=0.2250252 wMSE=4741.4481 wMRED=2.06848322 wER=0.222339 wMAE=22.3985 wBias=9.3920 condBias=38.5617 dotDrift=+8.729sigma uMRED=0.1220308382 uER=0.364990 uMAE=66.3203 WCE=1204 bias=-42.6250
[quad_soft:00600] loss=0.326324 tau=1.77 collapse_w=0.000 mid_frac=0.083 hard=score=26.6474644746 wNMSE=0.21138549 wMSE=4454.0495 wMRED=1.81290186 wER=0.201655 wMAE=20.1784 wBias=11.6120 condBias=37.4200 dotDrift=+11.136sigma uMRED=0.1160651516 uER=0.353271 uMAE=64.3203 WCE=1204 bias=-40.6250
[quad_soft:00800] loss=0.305128 tau=1.86 collapse_w=0.000 mid_frac=0.089 hard=score=19.4984207025 wNMSE=0.20207799 wMSE=4257.9334 wMRED=1.81499275 wER=0.222721 wMAE=20.2589 wBias=9.9073 condBias=36.6464 dotDrift=+9.717sigma uMRED=0.1127639633 uER=0.371338 uMAE=62.4082 WCE=1204 bias=-38.6250
[quad_soft:01000] loss=0.286447 tau=1.95 collapse_w=0.000 mid_frac=0.089 hard=score=28.2712092410 wNMSE=0.21047339 wMSE=4434.8307 wMRED=2.13982302 wER=0.261253 wMAE=21.1120 wBias=11.9669 condBias=37.2808 dotDrift=+11.501sigma uMRED=0.1126677546 uER=0.400146 uMAE=61.4648 WCE=1164 bias=-36.6250
[quad_soft:01200] loss=0.286144 tau=2.04 collapse_w=0.000 mid_frac=0.077 hard=score=28.4643217016 wNMSE=0.21044223 wMSE=4434.1743 wMRED=2.13982050 wER=0.261250 wMAE=21.1041 wBias=12.0083 condBias=37.2800 dotDrift=+11.541sigma uMRED=0.1122182908 uER=0.398682 uMAE=60.8691 WCE=1164 bias=-34.6250
[quad_soft:01400] loss=0.287044 tau=2.13 collapse_w=0.000 mid_frac=0.077 hard=score=28.4163249154 wNMSE=0.21043589 wMSE=4434.0405 wMRED=2.13980442 wER=0.261237 wMAE=21.1025 wBias=11.9981 condBias=37.2783 dotDrift=+11.532sigma uMRED=0.1121961723 uER=0.400146 uMAE=60.8398 WCE=1164 bias=-35.1250
[quad_soft:01600] loss=0.287702 tau=2.22 collapse_w=0.000 mid_frac=0.071 hard=score=28.4643217016 wNMSE=0.21044223 wMSE=4434.1743 wMRED=2.13982050 wER=0.261250 wMAE=21.1041 wBias=12.0083 condBias=37.2800 dotDrift=+11.541sigma uMRED=0.1122182908 uER=0.398682 uMAE=60.8691 WCE=1164 bias=-34.6250
[quad_soft:01800] loss=0.288890 tau=2.31 collapse_w=0.000 mid_frac=0.071 hard=score=28.4643217016 wNMSE=0.21044223 wMSE=4434.1743 wMRED=2.13982050 wER=0.261250 wMAE=21.1041 wBias=12.0083 condBias=37.2800 dotDrift=+11.541sigma uMRED=0.1122182908 uER=0.398682 uMAE=60.8691 WCE=1164 bias=-34.6250
[quad_soft:02000] loss=0.290206 tau=2.40 collapse_w=0.000 mid_frac=0.071 hard=score=28.4643217016 wNMSE=0.21044223 wMSE=4434.1743 wMRED=2.13982050 wER=0.261250 wMAE=21.1041 wBias=12.0083 condBias=37.2800 dotDrift=+11.541sigma uMRED=0.1122182908 uER=0.398682 uMAE=60.8691 WCE=1164 bias=-34.6250
[quad_soft:02200] loss=0.291401 tau=2.49 collapse_w=0.000 mid_frac=0.071 hard=score=28.4643217016 wNMSE=0.21044223 wMSE=4434.1743 wMRED=2.13982050 wER=0.261250 wMAE=21.1041 wBias=12.0083 condBias=37.2800 dotDrift=+11.541sigma uMRED=0.1122182908 uER=0.398682 uMAE=60.8691 WCE=1164 bias=-34.6250
[quad_soft:02400] loss=0.292393 tau=2.58 collapse_w=0.000 mid_frac=0.077 hard=score=27.0616560442 wNMSE=0.20734896 wMSE=4368.9967 wMRED=2.13166480 wER=0.263904 wMAE=20.9734 wBias=11.7056 condBias=36.6030 dotDrift=+11.334sigma uMRED=0.1109264345 uER=0.404541 uMAE=60.3379 WCE=1164 bias=-35.6250
[quad_soft:02600] loss=0.293110 tau=2.67 collapse_w=0.000 mid_frac=0.077 hard=score=27.0616560442 wNMSE=0.20734896 wMSE=4368.9967 wMRED=2.13166480 wER=0.263904 wMAE=20.9734 wBias=11.7056 condBias=36.6030 dotDrift=+11.334sigma uMRED=0.1109264345 uER=0.404541 uMAE=60.3379 WCE=1164 bias=-35.6250
[quad_soft:02800] loss=0.293480 tau=2.76 collapse_w=0.000 mid_frac=0.077 hard=score=27.4371432721 wNMSE=0.20693235 wMSE=4360.2184 wMRED=2.12923095 wER=0.263904 wMAE=20.8908 wBias=11.7882 condBias=36.5087 dotDrift=+11.425sigma uMRED=0.1105375637 uER=0.404541 uMAE=60.0879 WCE=1156 bias=-35.3750
[quad_soft:03000] loss=0.293517 tau=2.85 collapse_w=0.000 mid_frac=0.071 hard=score=35.9560068988 wNMSE=0.21449228 wMSE=4519.5118 wMRED=2.12686747 wER=0.248939 wMAE=20.8121 wBias=13.5166 condBias=37.0819 dotDrift=+12.868sigma uMRED=0.1089976351 uER=0.395752 uMAE=59.2285 WCE=1156 bias=-33.3750
[quad_soft:03200] loss=0.293448 tau=2.94 collapse_w=0.000 mid_frac=0.071 hard=score=36.8623061117 wNMSE=0.21338536 wMSE=4496.1881 wMRED=2.12556221 wER=0.248545 wMAE=20.6828 wBias=13.6885 condBias=36.9710 dotDrift=+13.065sigma uMRED=0.1064917011 uER=0.387695 uMAE=56.4941 WCE=1156 bias=-29.3750
[quad_soft:03400] loss=0.293327 tau=3.03 collapse_w=0.000 mid_frac=0.071 hard=score=36.8623061117 wNMSE=0.21338536 wMSE=4496.1881 wMRED=2.12556221 wER=0.248545 wMAE=20.6828 wBias=13.6885 condBias=36.9710 dotDrift=+13.065sigma uMRED=0.1064917011 uER=0.387695 uMAE=56.4941 WCE=1156 bias=-29.3750
[quad_soft:03600] loss=0.293097 tau=3.12 collapse_w=0.000 mid_frac=0.077 hard=score=36.8623061117 wNMSE=0.21338536 wMSE=4496.1881 wMRED=2.12556221 wER=0.248545 wMAE=20.6828 wBias=13.6885 condBias=36.9710 dotDrift=+13.065sigma uMRED=0.1064917011 uER=0.387695 uMAE=56.4941 WCE=1156 bias=-29.3750
[quad_soft:03800] loss=0.291812 tau=3.21 collapse_w=0.000 mid_frac=0.071 hard=score=36.8623061117 wNMSE=0.21338536 wMSE=4496.1881 wMRED=2.12556221 wER=0.248545 wMAE=20.6828 wBias=13.6885 condBias=36.9710 dotDrift=+13.065sigma uMRED=0.1064917011 uER=0.387695 uMAE=56.4941 WCE=1156 bias=-29.3750
[quad_soft:04000] loss=0.291221 tau=3.30 collapse_w=0.000 mid_frac=0.071 hard=score=36.8623061117 wNMSE=0.21338536 wMSE=4496.1881 wMRED=2.12556221 wER=0.248545 wMAE=20.6828 wBias=13.6885 condBias=36.9710 dotDrift=+13.065sigma uMRED=0.1064917011 uER=0.387695 uMAE=56.4941 WCE=1156 bias=-29.3750
[quad_soft:04200] loss=0.286101 tau=3.39 collapse_w=0.000 mid_frac=0.071 hard=score=36.8623061117 wNMSE=0.21338536 wMSE=4496.1881 wMRED=2.12556221 wER=0.248545 wMAE=20.6828 wBias=13.6885 condBias=36.9710 dotDrift=+13.065sigma uMRED=0.1064917011 uER=0.387695 uMAE=56.4941 WCE=1156 bias=-29.3750
[quad_soft:04400] loss=0.280989 tau=3.48 collapse_w=0.000 mid_frac=0.071 hard=score=36.8623061117 wNMSE=0.21338536 wMSE=4496.1881 wMRED=2.12556221 wER=0.248545 wMAE=20.6828 wBias=13.6885 condBias=36.9710 dotDrift=+13.065sigma uMRED=0.1064917011 uER=0.387695 uMAE=56.4941 WCE=1156 bias=-29.3750
[quad_soft:04600] loss=0.275883 tau=3.57 collapse_w=0.000 mid_frac=0.071 hard=score=36.8623061117 wNMSE=0.21338536 wMSE=4496.1881 wMRED=2.12556221 wER=0.248545 wMAE=20.6828 wBias=13.6885 condBias=36.9710 dotDrift=+13.065sigma uMRED=0.1064917011 uER=0.387695 uMAE=56.4941 WCE=1156 bias=-29.3750
[quad_soft:04800] loss=0.270775 tau=3.66 collapse_w=0.000 mid_frac=0.071 hard=score=36.8623061117 wNMSE=0.21338536 wMSE=4496.1881 wMRED=2.12556221 wER=0.248545 wMAE=20.6828 wBias=13.6885 condBias=36.9710 dotDrift=+13.065sigma uMRED=0.1064917011 uER=0.387695 uMAE=56.4941 WCE=1156 bias=-29.3750
[quad_soft:05000] loss=0.265623 tau=3.75 collapse_w=0.000 mid_frac=0.071 hard=score=36.8623061117 wNMSE=0.21338536 wMSE=4496.1881 wMRED=2.12556221 wER=0.248545 wMAE=20.6828 wBias=13.6885 condBias=36.9710 dotDrift=+13.065sigma uMRED=0.1064917011 uER=0.387695 uMAE=56.4941 WCE=1156 bias=-29.3750
[quad_soft:05200] loss=0.260465 tau=3.84 collapse_w=0.000 mid_frac=0.071 hard=score=36.8623061117 wNMSE=0.21338536 wMSE=4496.1881 wMRED=2.12556221 wER=0.248545 wMAE=20.6828 wBias=13.6885 condBias=36.9710 dotDrift=+13.065sigma uMRED=0.1064917011 uER=0.387695 uMAE=56.4941 WCE=1156 bias=-29.3750
[quad_soft:05400] loss=0.255272 tau=3.93 collapse_w=0.000 mid_frac=0.071 hard=score=36.8623061117 wNMSE=0.21338536 wMSE=4496.1881 wMRED=2.12556221 wER=0.248545 wMAE=20.6828 wBias=13.6885 condBias=36.9710 dotDrift=+13.065sigma uMRED=0.1064917011 uER=0.387695 uMAE=56.4941 WCE=1156 bias=-29.3750
[quad_soft:05600] loss=0.250069 tau=4.02 collapse_w=0.000 mid_frac=0.071 hard=score=36.8623061117 wNMSE=0.21338536 wMSE=4496.1881 wMRED=2.12556221 wER=0.248545 wMAE=20.6828 wBias=13.6885 condBias=36.9710 dotDrift=+13.065sigma uMRED=0.1064917011 uER=0.387695 uMAE=56.4941 WCE=1156 bias=-29.3750
[quad_soft:05800] loss=0.244869 tau=4.11 collapse_w=0.000 mid_frac=0.071 hard=score=36.8623061117 wNMSE=0.21338536 wMSE=4496.1881 wMRED=2.12556221 wER=0.248545 wMAE=20.6828 wBias=13.6885 condBias=36.9710 dotDrift=+13.065sigma uMRED=0.1064917011 uER=0.387695 uMAE=56.4941 WCE=1156 bias=-29.3750
[quad_soft:06000] loss=0.239615 tau=4.20 collapse_w=0.000 mid_frac=0.071 hard=score=42.8362362677 wNMSE=0.21656333 wMSE=4563.1503 wMRED=2.13939930 wER=0.248211 wMAE=21.0119 wBias=14.7679 condBias=37.4466 dotDrift=+13.992sigma uMRED=0.1072534051 uER=0.386230 uMAE=56.9141 WCE=1156 bias=-25.3750
[quad_soft:06200] loss=0.235388 tau=4.29 collapse_w=0.025 mid_frac=0.065 hard=score=43.0728966239 wNMSE=0.21639794 wMSE=4559.6655 wMRED=2.13818238 wER=0.248211 wMAE=20.9706 wBias=14.8092 condBias=37.4075 dotDrift=+14.036sigma uMRED=0.1070589697 uER=0.386230 uMAE=56.7891 WCE=1152 bias=-25.2500
[quad_soft:06400] loss=0.231069 tau=4.38 collapse_w=0.050 mid_frac=0.065 hard=score=43.0728966239 wNMSE=0.21639794 wMSE=4559.6655 wMRED=2.13818238 wER=0.248211 wMAE=20.9706 wBias=14.8092 condBias=37.4075 dotDrift=+14.036sigma uMRED=0.1070589697 uER=0.386230 uMAE=56.7891 WCE=1152 bias=-25.2500
[quad_soft:06600] loss=0.226586 tau=4.47 collapse_w=0.075 mid_frac=0.060 hard=score=43.0728966239 wNMSE=0.21639794 wMSE=4559.6655 wMRED=2.13818238 wER=0.248211 wMAE=20.9706 wBias=14.8092 condBias=37.4075 dotDrift=+14.036sigma uMRED=0.1070589697 uER=0.386230 uMAE=56.7891 WCE=1152 bias=-25.2500
[quad_soft:06800] loss=0.222026 tau=4.56 collapse_w=0.100 mid_frac=0.054 hard=score=40.0181202680 wNMSE=0.21316962 wMSE=4491.6424 wMRED=2.12904767 wER=0.247832 wMAE=20.5345 wBias=14.2695 condBias=37.0538 dotDrift=+13.627sigma uMRED=0.1055989492 uER=0.383301 uMAE=55.3535 WCE=1152 bias=-27.2500
[quad_soft:07000] loss=0.217350 tau=4.65 collapse_w=0.125 mid_frac=0.048 hard=score=40.0181202680 wNMSE=0.21316962 wMSE=4491.6424 wMRED=2.12904767 wER=0.247832 wMAE=20.5345 wBias=14.2695 condBias=37.0538 dotDrift=+13.627sigma uMRED=0.1055989492 uER=0.383301 uMAE=55.3535 WCE=1152 bias=-27.2500
[quad_soft:07200] loss=0.212594 tau=4.74 collapse_w=0.150 mid_frac=0.048 hard=score=40.0181202680 wNMSE=0.21316962 wMSE=4491.6424 wMRED=2.12904767 wER=0.247832 wMAE=20.5345 wBias=14.2695 condBias=37.0538 dotDrift=+13.627sigma uMRED=0.1055989492 uER=0.383301 uMAE=55.3535 WCE=1152 bias=-27.2500
[quad_soft:07400] loss=0.207737 tau=4.83 collapse_w=0.175 mid_frac=0.048 hard=score=40.0181202680 wNMSE=0.21316962 wMSE=4491.6424 wMRED=2.12904767 wER=0.247832 wMAE=20.5345 wBias=14.2695 condBias=37.0538 dotDrift=+13.627sigma uMRED=0.1055989492 uER=0.383301 uMAE=55.3535 WCE=1152 bias=-27.2500
[quad_soft:07600] loss=0.202796 tau=4.92 collapse_w=0.200 mid_frac=0.054 hard=score=39.4722065567 wNMSE=0.21242509 wMSE=4475.9546 wMRED=2.12583188 wER=0.248302 wMAE=20.4570 wBias=14.1711 condBias=36.8601 dotDrift=+13.556sigma uMRED=0.1052819772 uER=0.384766 uMAE=55.1797 WCE=1152 bias=-27.5000
[quad_soft:07800] loss=0.197821 tau=5.01 collapse_w=0.225 mid_frac=0.054 hard=score=39.4722065567 wNMSE=0.21242509 wMSE=4475.9546 wMRED=2.12583188 wER=0.248302 wMAE=20.4570 wBias=14.1711 condBias=36.8601 dotDrift=+13.556sigma uMRED=0.1052819772 uER=0.384766 uMAE=55.1797 WCE=1152 bias=-27.5000
[quad_soft:08000] loss=0.192770 tau=5.10 collapse_w=0.250 mid_frac=0.054 hard=score=39.4722065567 wNMSE=0.21242509 wMSE=4475.9546 wMRED=2.12583188 wER=0.248302 wMAE=20.4570 wBias=14.1711 condBias=36.8601 dotDrift=+13.556sigma uMRED=0.1052819772 uER=0.384766 uMAE=55.1797 WCE=1152 bias=-27.5000
[quad_soft:08200] loss=0.187682 tau=5.19 collapse_w=0.275 mid_frac=0.054 hard=score=39.4722065567 wNMSE=0.21242509 wMSE=4475.9546 wMRED=2.12583188 wER=0.248302 wMAE=20.4570 wBias=14.1711 condBias=36.8601 dotDrift=+13.556sigma uMRED=0.1052819772 uER=0.384766 uMAE=55.1797 WCE=1152 bias=-27.5000
[quad_soft:08400] loss=0.182492 tau=5.28 collapse_w=0.300 mid_frac=0.054 hard=score=39.4722065567 wNMSE=0.21242509 wMSE=4475.9546 wMRED=2.12583188 wER=0.248302 wMAE=20.4570 wBias=14.1711 condBias=36.8601 dotDrift=+13.556sigma uMRED=0.1052819772 uER=0.384766 uMAE=55.1797 WCE=1152 bias=-27.5000
[quad_soft:08600] loss=0.177262 tau=5.37 collapse_w=0.325 mid_frac=0.054 hard=score=39.4722065567 wNMSE=0.21242509 wMSE=4475.9546 wMRED=2.12583188 wER=0.248302 wMAE=20.4570 wBias=14.1711 condBias=36.8601 dotDrift=+13.556sigma uMRED=0.1052819772 uER=0.384766 uMAE=55.1797 WCE=1152 bias=-27.5000
[quad_soft:08800] loss=0.171902 tau=5.46 collapse_w=0.350 mid_frac=0.054 hard=score=39.4722065567 wNMSE=0.21242509 wMSE=4475.9546 wMRED=2.12583188 wER=0.248302 wMAE=20.4570 wBias=14.1711 condBias=36.8601 dotDrift=+13.556sigma uMRED=0.1052819772 uER=0.384766 uMAE=55.1797 WCE=1152 bias=-27.5000
[quad_soft:09000] loss=0.166484 tau=5.55 collapse_w=0.375 mid_frac=0.054 hard=score=39.4722065567 wNMSE=0.21242509 wMSE=4475.9546 wMRED=2.12583188 wER=0.248302 wMAE=20.4570 wBias=14.1711 condBias=36.8601 dotDrift=+13.556sigma uMRED=0.1052819772 uER=0.384766 uMAE=55.1797 WCE=1152 bias=-27.5000
[quad_soft:09200] loss=0.160955 tau=5.64 collapse_w=0.400 mid_frac=0.048 hard=score=40.0181202680 wNMSE=0.21316962 wMSE=4491.6424 wMRED=2.12904767 wER=0.247832 wMAE=20.5345 wBias=14.2695 condBias=37.0538 dotDrift=+13.627sigma uMRED=0.1055989492 uER=0.383301 uMAE=55.3535 WCE=1152 bias=-27.2500
[quad_soft:09400] loss=0.155288 tau=5.73 collapse_w=0.425 mid_frac=0.048 hard=score=40.0181202680 wNMSE=0.21316962 wMSE=4491.6424 wMRED=2.12904767 wER=0.247832 wMAE=20.5345 wBias=14.2695 condBias=37.0538 dotDrift=+13.627sigma uMRED=0.1055989492 uER=0.383301 uMAE=55.3535 WCE=1152 bias=-27.2500
[quad_soft:09600] loss=0.149507 tau=5.82 collapse_w=0.450 mid_frac=0.048 hard=score=48.5332379187 wNMSE=0.20893518 wMSE=4402.4195 wMRED=2.12854798 wER=0.247832 wMAE=20.4910 wBias=15.7314 condBias=36.6225 dotDrift=+15.174sigma uMRED=0.1031151337 uER=0.383301 uMAE=53.6973 WCE=1024 bias=36.7500
[quad_soft:09800] loss=0.143564 tau=5.91 collapse_w=0.475 mid_frac=0.054 hard=score=47.9314214122 wNMSE=0.20819065 wMSE=4386.7317 wMRED=2.12533219 wER=0.248302 wMAE=20.4134 wBias=15.6330 condBias=36.4266 dotDrift=+15.106sigma uMRED=0.1027981616 uER=0.384766 uMAE=53.5234 WCE=1024 bias=36.5000
[quad_soft:09999] loss=0.137427 tau=6.00 collapse_w=0.500 mid_frac=0.054 hard=score=47.9314214122 wNMSE=0.20819065 wMSE=4386.7317 wMRED=2.12533219 wER=0.248302 wMAE=20.4134 wBias=15.6330 condBias=36.4266 dotDrift=+15.106sigma uMRED=0.1027981616 uER=0.384766 uMAE=53.5234 WCE=1024 bias=36.5000
[quad_hard_ste:00000] loss=47.997654 tau=6.00 collapse_w=0.500 mid_frac=0.054 hard=score=47.9314214122 wNMSE=0.20819065 wMSE=4386.7317 wMRED=2.12533219 wER=0.248302 wMAE=20.4134 wBias=15.6330 condBias=36.4266 dotDrift=+15.106sigma uMRED=0.1027981616 uER=0.384766 uMAE=53.5234 WCE=1024 bias=36.5000
[quad_hard_ste:00200] loss=27.673660 tau=6.00 collapse_w=0.500 mid_frac=0.054 hard=score=27.6005774894 wNMSE=0.20379638 wMSE=4294.1412 wMRED=2.34762925 wER=0.264949 wMAE=21.1883 wBias=11.8254 condBias=36.1203 dotDrift=+11.549sigma uMRED=0.1080473033 uER=0.386963 uMAE=56.1680 WCE=1160 bias=-29.7500
[quad_hard_ste:00400] loss=279.531677 tau=6.00 collapse_w=0.500 mid_frac=0.101 hard=score=279.2514713335 wNMSE=1.062608 wMSE=22389.9410 wMRED=6.46528370 wER=0.328861 wMAE=60.0384 wBias=-37.7792 condBias=85.1847 dotDrift=-16.159sigma uMRED=0.1767185634 uER=0.426270 uMAE=82.7207 WCE=1188 bias=-65.1250
[quad_hard_ste:00600] loss=5.318521 tau=6.00 collapse_w=0.500 mid_frac=0.095 hard=score=5.2278233638 wNMSE=0.23717318 wMSE=4997.4151 wMRED=2.60041374 wER=0.290723 wMAE=26.0686 wBias=4.9511 condBias=38.7922 dotDrift=+4.482sigma uMRED=0.1334138700 uER=0.415283 uMAE=71.1582 WCE=1188 bias=-49.1250
[quad_hard_ste:00800] loss=6.093015 tau=6.00 collapse_w=0.500 mid_frac=0.095 hard=score=273.5760390093 wNMSE=1.0544178 wMSE=22217.3674 wMRED=6.42662706 wER=0.315945 wMAE=59.6573 wBias=-37.3920 condBias=84.4176 dotDrift=-16.055sigma uMRED=0.1757276797 uER=0.414551 uMAE=82.4238 WCE=1188 bias=-64.6250
[quad_hard_ste:01000] loss=6.093005 tau=6.00 collapse_w=0.500 mid_frac=0.095 hard=score=6.0026381428 wNMSE=0.23751209 wMSE=5004.5562 wMRED=2.59967871 wER=0.277808 wMAE=26.0385 wBias=5.3383 condBias=38.8929 dotDrift=+4.830sigma uMRED=0.1330522398 uER=0.403564 uMAE=70.9863 WCE=1188 bias=-48.6250
[quad_hard_ste:01200] loss=273.854126 tau=6.00 collapse_w=0.500 mid_frac=0.101 hard=score=273.5760390093 wNMSE=1.0544178 wMSE=22217.3674 wMRED=6.42662706 wER=0.315945 wMAE=59.6573 wBias=-37.3920 condBias=84.4176 dotDrift=-16.055sigma uMRED=0.1757276797 uER=0.414551 uMAE=82.4238 WCE=1188 bias=-64.6250
[quad_hard_ste:01400] loss=5.986314 tau=6.00 collapse_w=0.500 mid_frac=0.095 hard=score=5.9142271090 wNMSE=0.24685098 wMSE=5201.3335 wMRED=2.22945212 wER=0.315945 wMAE=30.2272 wBias=-5.3029 condBias=29.6792 dotDrift=-4.706sigma uMRED=0.1290483145 uER=0.414551 uMAE=72.2988 WCE=1184 bias=-52.5000
[quad_hard_ste:01475] loss=2.296470 tau=6.00 collapse_w=0.500 mid_frac=0.071 hard=score=2.2327119028 wNMSE=0.22795664 wMSE=4803.2159 wMRED=2.09875151 wER=0.306037 wMAE=27.9710 wBias=-3.0467 condBias=27.7240 dotDrift=-2.813sigma uMRED=0.1200105380 uER=0.402832 uMAE=68.2988 WCE=1184 bias=-48.5000 *BEST*
[quad_hard_ste:01525] loss=0.971222 tau=6.00 collapse_w=0.500 mid_frac=0.060 hard=score=0.9005204707 wNMSE=0.21993913 wMSE=4634.2810 wMRED=2.09787424 wER=0.306037 wMAE=27.8885 wBias=-1.5848 condBias=26.6884 dotDrift=-1.490sigma uMRED=0.1151277048 uER=0.402832 uMAE=64.8613 WCE=1024 bias=15.5000 *BEST*
[quad_hard_ste:01575] loss=0.709961 tau=6.00 collapse_w=0.500 mid_frac=0.054 hard=score=0.6611246146 wNMSE=0.23444944 wMSE=4940.0239 wMRED=1.82579768 wER=0.263765 wMAE=27.1447 wBias=-1.0513 condBias=27.9738 dotDrift=-0.957sigma uMRED=0.1170978872 uER=0.380371 uMAE=67.2988 WCE=1184 bias=-46.5000 *BEST*
[quad_hard_ste:01600] loss=0.521928 tau=6.00 collapse_w=0.500 mid_frac=0.054 hard=score=0.6611246146 wNMSE=0.23444944 wMSE=4940.0239 wMRED=1.82579768 wER=0.263765 wMAE=27.1447 wBias=-1.0513 condBias=27.9738 dotDrift=-0.957sigma uMRED=0.1170978872 uER=0.380371 uMAE=67.2988 WCE=1184 bias=-46.5000
[quad_hard_ste:01625] loss=0.521744 tau=6.00 collapse_w=0.500 mid_frac=0.054 hard=score=0.4653727177 wNMSE=0.22748326 wMSE=4793.2414 wMRED=1.82502592 wER=0.263765 wMAE=27.0730 wBias=0.4107 condBias=27.0662 dotDrift=+0.380sigma uMRED=0.1128822678 uER=0.380371 uMAE=64.3613 WCE=1024 bias=17.5000 *BEST*
[quad_hard_ste:01800] loss=0.520681 tau=6.00 collapse_w=0.500 mid_frac=0.054 hard=score=0.4653727177 wNMSE=0.22748326 wMSE=4793.2414 wMRED=1.82502592 wER=0.263765 wMAE=27.0730 wBias=0.4107 condBias=27.0662 dotDrift=+0.380sigma uMRED=0.1128822678 uER=0.380371 uMAE=64.3613 WCE=1024 bias=17.5000
[quad_hard_ste:02000] loss=0.519685 tau=6.00 collapse_w=0.500 mid_frac=0.048 hard=score=0.6611246146 wNMSE=0.23444944 wMSE=4940.0239 wMRED=1.82579768 wER=0.263765 wMAE=27.1447 wBias=-1.0513 condBias=27.9738 dotDrift=-0.957sigma uMRED=0.1170978872 uER=0.380371 uMAE=67.2988 WCE=1184 bias=-46.5000
[quad_hard_ste:02200] loss=0.706653 tau=6.00 collapse_w=0.500 mid_frac=0.048 hard=score=0.6611246146 wNMSE=0.23444944 wMSE=4940.0239 wMRED=1.82579768 wER=0.263765 wMAE=27.1447 wBias=-1.0513 condBias=27.9738 dotDrift=-0.957sigma uMRED=0.1170978872 uER=0.380371 uMAE=67.2988 WCE=1184 bias=-46.5000
[quad_hard_ste:02400] loss=0.705933 tau=6.00 collapse_w=0.500 mid_frac=0.048 hard=score=0.6611246146 wNMSE=0.23444944 wMSE=4940.0239 wMRED=1.82579768 wER=0.263765 wMAE=27.1447 wBias=-1.0513 condBias=27.9738 dotDrift=-0.957sigma uMRED=0.1170978872 uER=0.380371 uMAE=67.2988 WCE=1184 bias=-46.5000
[quad_hard_ste:02600] loss=0.517482 tau=6.00 collapse_w=0.500 mid_frac=0.042 hard=score=0.4653727177 wNMSE=0.22748326 wMSE=4793.2414 wMRED=1.82502592 wER=0.263765 wMAE=27.0730 wBias=0.4107 condBias=27.0662 dotDrift=+0.380sigma uMRED=0.1128822678 uER=0.380371 uMAE=64.3613 WCE=1024 bias=17.5000
[quad_hard_ste:02800] loss=0.516949 tau=6.00 collapse_w=0.500 mid_frac=0.042 hard=score=0.4653727177 wNMSE=0.22748326 wMSE=4793.2414 wMRED=1.82502592 wER=0.263765 wMAE=27.0730 wBias=0.4107 condBias=27.0662 dotDrift=+0.380sigma uMRED=0.1128822678 uER=0.380371 uMAE=64.3613 WCE=1024 bias=17.5000
[quad_hard_ste:03000] loss=0.704315 tau=6.00 collapse_w=0.500 mid_frac=0.042 hard=score=0.4653727177 wNMSE=0.22748326 wMSE=4793.2414 wMRED=1.82502592 wER=0.263765 wMAE=27.0730 wBias=0.4107 condBias=27.0662 dotDrift=+0.380sigma uMRED=0.1128822678 uER=0.380371 uMAE=64.3613 WCE=1024 bias=17.5000
[quad_hard_ste:03200] loss=0.703896 tau=6.00 collapse_w=0.500 mid_frac=0.036 hard=score=0.4653727177 wNMSE=0.22748326 wMSE=4793.2414 wMRED=1.82502592 wER=0.263765 wMAE=27.0730 wBias=0.4107 condBias=27.0662 dotDrift=+0.380sigma uMRED=0.1128822678 uER=0.380371 uMAE=64.3613 WCE=1024 bias=17.5000
[quad_hard_ste:03400] loss=0.703522 tau=6.00 collapse_w=0.500 mid_frac=0.036 hard=score=0.4653727177 wNMSE=0.22748326 wMSE=4793.2414 wMRED=1.82502592 wER=0.263765 wMAE=27.0730 wBias=0.4107 condBias=27.0662 dotDrift=+0.380sigma uMRED=0.1128822678 uER=0.380371 uMAE=64.3613 WCE=1024 bias=17.5000
[quad_hard_ste:03600] loss=0.703186 tau=6.00 collapse_w=0.500 mid_frac=0.036 hard=score=0.4653727177 wNMSE=0.22748326 wMSE=4793.2414 wMRED=1.82502592 wER=0.263765 wMAE=27.0730 wBias=0.4107 condBias=27.0662 dotDrift=+0.380sigma uMRED=0.1128822678 uER=0.380371 uMAE=64.3613 WCE=1024 bias=17.5000
[quad_hard_ste:03800] loss=0.515042 tau=6.00 collapse_w=0.500 mid_frac=0.036 hard=score=0.4653727177 wNMSE=0.22748326 wMSE=4793.2414 wMRED=1.82502592 wER=0.263765 wMAE=27.0730 wBias=0.4107 condBias=27.0662 dotDrift=+0.380sigma uMRED=0.1128822678 uER=0.380371 uMAE=64.3613 WCE=1024 bias=17.5000
[quad_hard_ste:03999] loss=0.702599 tau=6.00 collapse_w=0.500 mid_frac=0.036 hard=score=0.4653727177 wNMSE=0.22748326 wMSE=4793.2414 wMRED=1.82502592 wER=0.263765 wMAE=27.0730 wBias=0.4107 condBias=27.0662 dotDrift=+0.380sigma uMRED=0.1128822678 uER=0.380371 uMAE=64.3613 WCE=1024 bias=17.5000
[pop00_soft:00000] loss=160.808167 tau=1.50 collapse_w=0.000 mid_frac=0.339 hard=score=155.8944408774 wNMSE=3.3937474 wMSE=71508.7807 wMRED=12.32265153 wER=0.583710 wMAE=107.9739 wBias=27.8802 condBias=98.3023 dotDrift=+6.673sigma uMRED=0.4766038346 uER=0.571533 uMAE=273.7495 WCE=3880 bias=89.9375
[pop00_soft:00200] loss=13.886510 tau=2.25 collapse_w=0.000 mid_frac=0.304 hard=score=856.9649799135 wNMSE=8.1331268 wMSE=171371.0265 wMRED=12.72066275 wER=0.547691 wMAE=156.5638 wBias=-65.8932 condBias=208.4344 dotDrift=-10.187sigma uMRED=0.5060322419 uER=0.571533 uMAE=278.0762 WCE=3568 bias=-209.0000
[pop00_soft:00400] loss=2.151912 tau=3.00 collapse_w=0.000 mid_frac=0.185 hard=score=99.5060565861 wNMSE=0.67016763 wMSE=14120.9300 wMRED=3.96799444 wER=0.413857 wMAE=49.5170 wBias=-22.4925 condBias=59.5045 dotDrift=-12.114sigma uMRED=0.3034259516 uER=0.557373 uMAE=185.5923 WCE=1576 bias=-40.9375
[pop00_soft:00600] loss=0.724768 tau=3.75 collapse_w=0.000 mid_frac=0.161 hard=score=43.4412121341 wNMSE=0.50016649 wMSE=10538.8797 wMRED=3.03256867 wER=0.318190 wMAE=39.3353 wBias=-14.7998 condBias=49.6445 dotDrift=-9.227sigma uMRED=0.2486955386 uER=0.479736 uMAE=152.1719 WCE=1536 bias=-38.6250
[pop00_soft:00800] loss=0.588910 tau=4.50 collapse_w=0.084 mid_frac=0.143 hard=score=50.0994210590 wNMSE=0.50259025 wMSE=10589.9502 wMRED=3.00797540 wER=0.311712 wMAE=39.7658 wBias=-15.9169 condBias=48.6420 dotDrift=-9.899sigma uMRED=0.2432836356 uER=0.483154 uMAE=146.4570 WCE=1512 bias=-56.8750
[pop00_soft:01000] loss=0.470508 tau=5.25 collapse_w=0.293 mid_frac=0.107 hard=score=25.7779870685 wNMSE=0.52093177 wMSE=10976.4196 wMRED=2.71338476 wER=0.311712 wMAE=41.2362 wBias=-11.3200 condBias=47.0031 dotDrift=-6.915sigma uMRED=0.2391205135 uER=0.483154 uMAE=144.8008 WCE=1432 bias=-53.8750
[pop00_soft:01199] loss=0.368142 tau=6.00 collapse_w=0.500 mid_frac=0.095 hard=score=25.7779870685 wNMSE=0.52093177 wMSE=10976.4196 wMRED=2.71338476 wER=0.311712 wMAE=41.2362 wBias=-11.3200 condBias=47.0031 dotDrift=-6.915sigma uMRED=0.2391205135 uER=0.483154 uMAE=144.8008 WCE=1432 bias=-53.8750
[pop00_hard:00000] loss=25.866385 tau=6.00 collapse_w=0.500 mid_frac=0.095 hard=score=25.7779870685 wNMSE=0.52093177 wMSE=10976.4196 wMRED=2.71338476 wER=0.311712 wMAE=41.2362 wBias=-11.3200 condBias=47.0031 dotDrift=-6.915sigma uMRED=0.2391205135 uER=0.483154 uMAE=144.8008 WCE=1432 bias=-53.8750
[pop00_hard:00200] loss=5.709265 tau=6.00 collapse_w=0.500 mid_frac=0.095 hard=score=5.6412239748 wNMSE=0.47629824 wMSE=10035.9580 wMRED=2.40582190 wER=0.310671 wMAE=37.2887 wBias=-4.9709 condBias=44.9065 dotDrift=-3.176sigma uMRED=0.2238434905 uER=0.477051 uMAE=137.1074 WCE=1432 bias=-41.8750
[pop00_hard:00400] loss=1.341496 tau=6.00 collapse_w=0.500 mid_frac=0.083 hard=score=1.2725071110 wNMSE=0.56332705 wMSE=11869.7196 wMRED=2.49561269 wER=0.311712 wMAE=40.5243 wBias=-1.1527 condBias=51.8376 dotDrift=-0.677sigma uMRED=0.2531100640 uER=0.483154 uMAE=151.4023 WCE=1432 bias=-25.8750
[pop00_hard:00599] loss=1.073465 tau=6.00 collapse_w=0.500 mid_frac=0.077 hard=score=1.0006007220 wNMSE=0.56173666 wMSE=11836.2089 wMRED=2.59131251 wER=0.323482 wMAE=41.1637 wBias=0.0450 condBias=51.5059 dotDrift=+0.026sigma uMRED=0.2498959738 uER=0.474365 uMAE=148.1719 WCE=1432 bias=-20.8750
[pop00] done (conf=0.53, noise=0.5); global best score=0.4653727177 wNMSE=0.22748326 wMSE=4793.2414 wMRED=1.82502592 wER=0.263765 wMAE=27.0730 wBias=0.4107 condBias=27.0662 dotDrift=+0.380sigma uMRED=0.1128822678 uER=0.380371 uMAE=64.3613 WCE=1024 bias=17.5000
[pop01_soft:00000] loss=258.873932 tau=1.50 collapse_w=0.000 mid_frac=0.452 hard=score=17196.4147080887 wNMSE=123.96583 wMSE=2612052.2179 wMRED=97.72083703 wER=0.586785 wMAE=907.1052 wBias=295.5153 condBias=912.9402 dotDrift=+11.702sigma uMRED=1.7393276110 uER=0.575195 uMAE=579.8062 WCE=3615 bias=32.1250
[pop01_soft:00200] loss=919.385437 tau=2.25 collapse_w=0.000 mid_frac=0.429 hard=score=291.5469969528 wNMSE=67.027888 wMSE=1412327.4101 wMRED=77.99170490 wER=0.586851 wMAE=668.2183 wBias=29.9915 condBias=688.0442 dotDrift=+1.615sigma uMRED=1.4257397045 uER=0.575928 uMAE=469.2783 WCE=3449 bias=-171.7500
[pop01_soft:00400] loss=93.537071 tau=3.00 collapse_w=0.000 mid_frac=0.369 hard=score=647.9842752237 wNMSE=78.618673 wMSE=1656553.8716 wMRED=84.60681153 wER=0.504070 wMAE=698.6452 wBias=-51.4389 condBias=741.3624 dotDrift=-2.558sigma uMRED=1.4497938211 uER=0.570801 uMAE=453.4688 WCE=3961 bias=-314.8750
[pop01_soft:00600] loss=69.397324 tau=3.75 collapse_w=0.000 mid_frac=0.429 hard=score=16710.0619993935 wNMSE=32.834679 wMSE=691851.0821 wMRED=46.33069909 wER=0.496630 wMAE=330.4742 wBias=-292.6697 condBias=506.0753 dotDrift=-22.519sigma uMRED=1.0585532084 uER=0.566406 uMAE=403.8218 WCE=3245 bias=-116.3125
[pop01_soft:00800] loss=45.195599 tau=4.50 collapse_w=0.084 mid_frac=0.411 hard=score=6353.4154830298 wNMSE=8.9017298 wMSE=187566.0634 wMRED=25.46128047 wER=0.429201 wMAE=185.7342 wBias=-180.5526 condBias=280.9597 dotDrift=-26.681sigma uMRED=0.6157258509 uER=0.560303 uMAE=250.8706 WCE=1877 bias=-118.6875
[pop01_soft:01000] loss=35.652035 tau=5.25 collapse_w=0.293 mid_frac=0.435 hard=score=4558.7490772463 wNMSE=7.7045862 wMSE=162341.3587 wMRED=22.81777219 wER=0.501605 wMAE=169.1730 wBias=-152.9000 condBias=249.5519 dotDrift=-24.287sigma uMRED=0.5659916704 uER=0.558350 uMAE=241.5898 WCE=1728 bias=-51.1875
[pop01_soft:01199] loss=28.024786 tau=6.00 collapse_w=0.500 mid_frac=0.423 hard=score=3775.7838851991 wNMSE=7.5503115 wMSE=159090.6754 wMRED=23.06815754 wER=0.522328 wMAE=172.8923 wBias=-139.1110 condBias=242.1362 dotDrift=-22.321sigma uMRED=0.5369845499 uER=0.564209 uMAE=227.0601 WCE=1664 bias=0.1875
[pop01_hard:00000] loss=3776.873047 tau=6.00 collapse_w=0.500 mid_frac=0.417 hard=score=3775.7838851991 wNMSE=7.5503115 wMSE=159090.6754 wMRED=23.06815754 wER=0.522328 wMAE=172.8923 wBias=-139.1110 condBias=242.1362 dotDrift=-22.321sigma uMRED=0.5369845499 uER=0.564209 uMAE=227.0601 WCE=1664 bias=0.1875
[pop01_hard:00200] loss=3776.870850 tau=6.00 collapse_w=0.500 mid_frac=0.417 hard=score=3775.7838851991 wNMSE=7.5503115 wMSE=159090.6754 wMRED=23.06815754 wER=0.522328 wMAE=172.8923 wBias=-139.1110 condBias=242.1362 dotDrift=-22.321sigma uMRED=0.5369845499 uER=0.564209 uMAE=227.0601 WCE=1664 bias=0.1875
[pop01_hard:00400] loss=2793.323730 tau=6.00 collapse_w=0.500 mid_frac=0.405 hard=score=2792.2307265462 wNMSE=8.9887893 wMSE=189400.4710 wMRED=23.53038408 wER=0.522328 wMAE=187.6920 wBias=-119.5036 condBias=261.2191 dotDrift=-17.574sigma uMRED=0.6352818183 uER=0.564209 uMAE=270.7983 WCE=2042 bias=64.1875
[pop01_hard:00599] loss=435.285583 tau=6.00 collapse_w=0.500 mid_frac=0.357 hard=score=434.4393087168 wNMSE=7.6607481 wMSE=161417.6556 wMRED=19.05571016 wER=0.528606 wMAE=172.2197 wBias=-46.5085 condBias=218.9778 dotDrift=-7.409sigma uMRED=0.6164642010 uER=0.566406 uMAE=286.6196 WCE=2686 bias=113.5625
[pop01] done (conf=0.51, noise=1.0); global best score=0.4653727177 wNMSE=0.22748326 wMSE=4793.2414 wMRED=1.82502592 wER=0.263765 wMAE=27.0730 wBias=0.4107 condBias=27.0662 dotDrift=+0.380sigma uMRED=0.1128822678 uER=0.380371 uMAE=64.3613 WCE=1024 bias=17.5000
[pop02_soft:00000] loss=216.196838 tau=1.50 collapse_w=0.000 mid_frac=0.381 hard=score=99.0212440652 wNMSE=10.765998 wMSE=226847.5709 wMRED=27.48299318 wER=0.580395 wMAE=245.6472 wBias=-19.7691 condBias=253.3098 dotDrift=-2.656sigma uMRED=0.6215186476 uER=0.569336 uMAE=260.1016 WCE=2120 bias=101.8125
[pop02_soft:00200] loss=19.862831 tau=2.25 collapse_w=0.000 mid_frac=0.298 hard=score=15387.0875738187 wNMSE=28.999075 wMSE=611032.0596 wMRED=41.01910920 wER=0.430983 wMAE=287.0071 wBias=-280.8684 condBias=488.7775 dotDrift=-22.996sigma uMRED=0.8984059170 uER=0.566895 uMAE=321.3921 WCE=3161 bias=-286.3750
[pop02_soft:00400] loss=11.080715 tau=3.00 collapse_w=0.000 mid_frac=0.232 hard=score=207.1175549615 wNMSE=8.4785757 wMSE=178649.8919 wMRED=30.73168901 wER=0.425427 wMAE=95.4780 wBias=-31.6490 condBias=176.3607 dotDrift=-4.792sigma uMRED=0.4537039753 uER=0.559570 uMAE=176.2012 WCE=3920 bias=44.2500
[pop02_soft:00600] loss=0.854459 tau=3.75 collapse_w=0.000 mid_frac=0.238 hard=score=198.4537810084 wNMSE=0.54415107 wMSE=11465.6674 wMRED=4.32207868 wER=0.382248 wMAE=48.7036 wBias=-31.8820 condBias=53.0409 dotDrift=-19.056sigma uMRED=0.2046502827 uER=0.519287 uMAE=110.4219 WCE=1080 bias=-51.2500
[pop02_soft:00800] loss=0.448431 tau=4.50 collapse_w=0.084 mid_frac=0.202 hard=score=0.6858823078 wNMSE=0.38563021 wMSE=8125.5151 wMRED=2.92130435 wER=0.380238 wMAE=36.3201 wBias=-0.0546 condBias=43.6625 dotDrift=-0.039sigma uMRED=0.1760029852 uER=0.514648 uMAE=95.5488 WCE=988 bias=-40.8750
[pop02_soft:01000] loss=0.310713 tau=5.25 collapse_w=0.293 mid_frac=0.155 hard=score=0.6847840403 wNMSE=0.38155334 wMSE=8039.6125 wMRED=2.82164223 wER=0.354460 wMAE=35.6200 wBias=-0.2095 condBias=43.2809 dotDrift=-0.150sigma uMRED=0.1747378124 uER=0.504395 uMAE=95.1895 WCE=980 bias=-41.1250
[pop02_soft:01199] loss=0.200032 tau=6.00 collapse_w=0.500 mid_frac=0.149 hard=score=30.7313248148 wNMSE=0.37885299 wMSE=7982.7141 wMRED=2.71155010 wER=0.282164 wMAE=31.0361 wBias=12.4281 condBias=52.2566 dotDrift=+8.902sigma uMRED=0.1725256041 uER=0.481934 uMAE=93.2852 WCE=980 bias=-35.1250
[pop02_hard:00000] loss=30.841286 tau=6.00 collapse_w=0.500 mid_frac=0.149 hard=score=30.7313248148 wNMSE=0.37885299 wMSE=7982.7141 wMRED=2.71155010 wER=0.282164 wMAE=31.0361 wBias=12.4281 condBias=52.2566 dotDrift=+8.902sigma uMRED=0.1725256041 uER=0.481934 uMAE=93.2852 WCE=980 bias=-35.1250
[pop02_hard:00200] loss=2.010060 tau=6.00 collapse_w=0.500 mid_frac=0.149 hard=score=1.9245002383 wNMSE=0.49501033 wMSE=10430.2357 wMRED=2.94064954 wER=0.334367 wMAE=34.1167 wBias=2.2344 condBias=59.5327 dotDrift=+1.400sigma uMRED=0.2420999221 uER=0.505859 uMAE=138.6641 WCE=1780 bias=-113.6250
[pop02_hard:00400] loss=2.010561 tau=6.00 collapse_w=0.500 mid_frac=0.155 hard=score=14.6513656141 wNMSE=0.50277527 wMSE=10593.8487 wMRED=2.77588088 wER=0.364794 wMAE=37.8252 wBias=-8.4078 condBias=52.2615 dotDrift=-5.228sigma uMRED=0.2415205140 uER=0.514648 uMAE=139.8418 WCE=1780 bias=-117.6250
[pop02_hard:00599] loss=2.009299 tau=6.00 collapse_w=0.500 mid_frac=0.149 hard=score=1.9245002383 wNMSE=0.49501033 wMSE=10430.2357 wMRED=2.94064954 wER=0.334367 wMAE=34.1167 wBias=2.2344 condBias=59.5327 dotDrift=+1.400sigma uMRED=0.2420999221 uER=0.505859 uMAE=138.6641 WCE=1780 bias=-113.6250
[pop02] done (conf=0.53, noise=0.5); global best score=0.4653727177 wNMSE=0.22748326 wMSE=4793.2414 wMRED=1.82502592 wER=0.263765 wMAE=27.0730 wBias=0.4107 condBias=27.0662 dotDrift=+0.380sigma uMRED=0.1128822678 uER=0.380371 uMAE=64.3613 WCE=1024 bias=17.5000
[pop03_soft:00000] loss=46.755646 tau=1.50 collapse_w=0.000 mid_frac=0.429 hard=score=211.8592511422 wNMSE=35.758407 wMSE=753456.2118 wMRED=57.46664796 wER=0.586887 wMAE=487.4632 wBias=-27.7942 condBias=510.2087 dotDrift=-2.049sigma uMRED=1.1660809510 uER=0.578125 uMAE=429.6387 WCE=3041 bias=-16.9375
[pop03_soft:00200] loss=18.131451 tau=2.25 collapse_w=0.000 mid_frac=0.417 hard=score=624.3206380331 wNMSE=18.574585 wMSE=391380.3039 wMRED=39.38362852 wER=0.586702 wMAE=355.9768 wBias=55.1612 condBias=354.3185 dotDrift=+5.643sigma uMRED=0.8095325043 uER=0.573730 uMAE=290.5562 WCE=3056 bias=81.9375
[pop03_soft:00400] loss=12.055293 tau=3.00 collapse_w=0.000 mid_frac=0.417 hard=score=214.2138546034 wNMSE=3.7446076 wMSE=78901.6660 wMRED=19.69121443 wER=0.586872 wMAE=80.9065 wBias=32.7621 condBias=119.4237 dotDrift=+7.465sigma uMRED=0.3675585644 uER=0.577393 uMAE=154.4512 WCE=3938 bias=133.6250
[pop03_soft:00600] loss=1.654428 tau=3.75 collapse_w=0.000 mid_frac=0.345 hard=score=11.2252153074 wNMSE=0.54617777 wMSE=11508.3715 wMRED=3.50414132 wER=0.513021 wMAE=52.4489 wBias=7.2676 condBias=55.3616 dotDrift=+4.336sigma uMRED=0.2353167506 uER=0.555420 uMAE=139.4688 WCE=1424 bias=-51.5000
[pop03_soft:00800] loss=0.638159 tau=4.50 collapse_w=0.084 mid_frac=0.274 hard=score=5.4150113835 wNMSE=0.50336823 wMSE=10606.3427 wMRED=3.31097969 wER=0.504177 wMAE=50.8365 wBias=4.7943 condBias=53.9772 dotDrift=+2.979sigma uMRED=0.2157761843 uER=0.536133 uMAE=122.2539 WCE=1540 bias=-91.0000
[pop03_soft:01000] loss=0.478445 tau=5.25 collapse_w=0.293 mid_frac=0.262 hard=score=13.9247222752 wNMSE=0.37562313 wMSE=7914.6586 wMRED=3.27995733 wER=0.498734 wMAE=47.0720 wBias=8.2408 condBias=41.6824 dotDrift=+5.928sigma uMRED=0.1722041335 uER=0.533936 uMAE=101.1602 WCE=1172 bias=-59.8750
[pop03_soft:01199] loss=0.376394 tau=6.00 collapse_w=0.500 mid_frac=0.268 hard=score=13.9247222752 wNMSE=0.37562313 wMSE=7914.6586 wMRED=3.27995733 wER=0.498734 wMAE=47.0720 wBias=8.2408 condBias=41.6824 dotDrift=+5.928sigma uMRED=0.1722041335 uER=0.533936 uMAE=101.1602 WCE=1172 bias=-59.8750
[pop03_hard:00000] loss=14.060766 tau=6.00 collapse_w=0.500 mid_frac=0.268 hard=score=13.9247222752 wNMSE=0.37562313 wMSE=7914.6586 wMRED=3.27995733 wER=0.498734 wMAE=47.0720 wBias=8.2408 condBias=41.6824 dotDrift=+5.928sigma uMRED=0.1722041335 uER=0.533936 uMAE=101.1602 WCE=1172 bias=-59.8750
[pop03_hard:00200] loss=2.843517 tau=6.00 collapse_w=0.500 mid_frac=0.280 hard=score=2.7203553215 wNMSE=0.51204069 wMSE=10789.0778 wMRED=3.40671682 wER=0.498734 wMAE=51.3538 wBias=3.0072 condBias=53.8346 dotDrift=+1.853sigma uMRED=0.2167533582 uER=0.533936 uMAE=122.7090 WCE=1540 bias=-91.8750
[pop03_hard:00400] loss=1.890506 tau=6.00 collapse_w=0.500 mid_frac=0.268 hard=score=1.7630107196 wNMSE=0.51664471 wMSE=10886.0880 wMRED=3.49538576 wER=0.504757 wMAE=51.9387 wBias=2.0110 condBias=54.4935 dotDrift=+1.234sigma uMRED=0.2185673734 uER=0.536133 uMAE=123.4883 WCE=1540 bias=-92.8750
[pop03_hard:00599] loss=1.145952 tau=6.00 collapse_w=0.500 mid_frac=0.274 hard=score=1.0133539110 wNMSE=0.54132561 wMSE=11406.1330 wMRED=3.61649768 wER=0.511319 wMAE=54.0291 wBias=-0.2452 condBias=55.8527 dotDrift=-0.147sigma uMRED=0.2244379197 uER=0.538818 uMAE=125.4570 WCE=1540 bias=-96.8750
[pop03] done (conf=0.51, noise=1.0); global best score=0.4653727177 wNMSE=0.22748326 wMSE=4793.2414 wMRED=1.82502592 wER=0.263765 wMAE=27.0730 wBias=0.4107 condBias=27.0662 dotDrift=+0.380sigma uMRED=0.1128822678 uER=0.380371 uMAE=64.3613 WCE=1024 bias=17.5000
[pop04_soft:00000] loss=99.515999 tau=1.50 collapse_w=0.000 mid_frac=0.345 hard=score=1261.2401068268 wNMSE=6.3892429 wMSE=134626.0976 wMRED=18.01268519 wER=0.552895 wMAE=194.1832 wBias=80.1147 condBias=237.8675 dotDrift=+13.974sigma uMRED=0.4819580681 uER=0.571533 uMAE=265.4639 WCE=2832 bias=77.5625
[pop04_soft:00200] loss=17.342016 tau=2.25 collapse_w=0.000 mid_frac=0.333 hard=score=13.1780491764 wNMSE=2.3679759 wMSE=49895.0115 wMRED=11.75067690 wER=0.532609 wMAE=117.9453 wBias=-6.6009 condBias=114.8123 dotDrift=-1.891sigma uMRED=0.3410662434 uER=0.569336 uMAE=195.1436 WCE=1472 bias=-37.8750
[pop04_soft:00400] loss=7.837397 tau=3.00 collapse_w=0.000 mid_frac=0.280 hard=score=874.4134436766 wNMSE=16.485526 wMSE=347362.2929 wMRED=38.36610801 wER=0.473366 wMAE=152.6313 wBias=-65.9729 condBias=344.0356 dotDrift=-7.164sigma uMRED=0.6433895674 uER=0.565674 uMAE=200.1641 WCE=3668 bias=40.5000
[pop04_soft:00600] loss=1.511116 tau=3.75 collapse_w=0.000 mid_frac=0.214 hard=score=9.5027896516 wNMSE=0.69882168 wMSE=14724.6921 wMRED=3.31854853 wER=0.335620 wMAE=45.4069 wBias=-6.5412 condBias=57.5728 dotDrift=-3.450sigma uMRED=0.2860939857 uER=0.516357 uMAE=170.3145 WCE=1552 bias=-17.8750
[pop04_soft:00800] loss=0.438572 tau=4.50 collapse_w=0.084 mid_frac=0.167 hard=score=10.1582157600 wNMSE=0.72412263 wMSE=15257.8021 wMRED=3.22565996 wER=0.333872 wMAE=41.4059 wBias=6.7393 condBias=71.2997 dotDrift=+3.492sigma uMRED=0.3221925457 uER=0.495850 uMAE=187.5508 WCE=1776 bias=-49.5000
[pop04_soft:01000] loss=0.294213 tau=5.25 collapse_w=0.293 mid_frac=0.113 hard=score=71.0718048359 wNMSE=0.46601296 wMSE=9819.2395 wMRED=3.07284650 wER=0.334437 wMAE=34.9154 wBias=19.0020 condBias=57.2669 dotDrift=+12.273sigma uMRED=0.2025386879 uER=0.506592 uMAE=112.4941 WCE=1392 bias=63.5000
[pop04_soft:01199] loss=0.213886 tau=6.00 collapse_w=0.500 mid_frac=0.107 hard=score=71.0718048359 wNMSE=0.46601296 wMSE=9819.2395 wMRED=3.07284650 wER=0.334437 wMAE=34.9154 wBias=19.0020 condBias=57.2669 dotDrift=+12.273sigma uMRED=0.2025386879 uER=0.506592 uMAE=112.4941 WCE=1392 bias=63.5000
[pop04_hard:00000] loss=71.178932 tau=6.00 collapse_w=0.500 mid_frac=0.107 hard=score=71.0718048359 wNMSE=0.46601296 wMSE=9819.2395 wMRED=3.07284650 wER=0.334437 wMAE=34.9154 wBias=19.0020 condBias=57.2669 dotDrift=+12.273sigma uMRED=0.2025386879 uER=0.506592 uMAE=112.4941 WCE=1392 bias=63.5000
[pop04_hard:00200] loss=13.590822 tau=6.00 collapse_w=0.500 mid_frac=0.119 hard=score=13.5016890935 wNMSE=0.5044402 wMSE=10628.9299 wMRED=3.04131844 wER=0.334449 wMAE=34.8241 wBias=8.0337 condBias=59.3648 dotDrift=+4.987sigma uMRED=0.2695718425 uER=0.506836 uMAE=162.8457 WCE=1744 bias=-64.5000
[pop04_hard:00400] loss=14.429667 tau=6.00 collapse_w=0.500 mid_frac=0.119 hard=score=14.3564349088 wNMSE=2.5054621 wMSE=52791.9497 wMRED=3.43307796 wER=0.334449 wMAE=50.0969 wBias=-7.2390 condBias=123.3902 dotDrift=-2.016sigma uMRED=0.3954417915 uER=0.506836 uMAE=226.8457 WCE=2488 bias=-128.5000
[pop04_hard:00599] loss=10.584840 tau=6.00 collapse_w=0.500 mid_frac=0.095 hard=score=10.5168929090 wNMSE=2.4211068 wMSE=51014.5206 wMRED=3.42454758 wER=0.334449 wMAE=49.2290 wBias=-5.7771 condBias=121.2444 dotDrift=-1.637sigma uMRED=0.3447868523 uER=0.506836 uMAE=189.2051 WCE=2488 bias=-64.5000
[pop04] done (conf=0.53, noise=0.5); global best score=0.4653727177 wNMSE=0.22748326 wMSE=4793.2414 wMRED=1.82502592 wER=0.263765 wMAE=27.0730 wBias=0.4107 condBias=27.0662 dotDrift=+0.380sigma uMRED=0.1128822678 uER=0.380371 uMAE=64.3613 WCE=1024 bias=17.5000
[pop05_soft:00000] loss=142.652863 tau=1.50 collapse_w=0.000 mid_frac=0.423 hard=score=3872.6786302424 wNMSE=16.936208 wMSE=356858.4944 wMRED=28.12096594 wER=0.586663 wMAE=318.6187 wBias=140.5919 condBias=331.4387 dotDrift=+15.062sigma uMRED=0.8826132074 uER=0.573730 uMAE=451.3730 WCE=3422 bias=150.1250
[pop05_soft:00200] loss=31.568808 tau=2.25 collapse_w=0.000 mid_frac=0.387 hard=score=2670.6876480027 wNMSE=6.8203412 wMSE=143709.6583 wMRED=18.76783229 wER=0.541390 wMAE=151.0625 wBias=-116.9583 condBias=204.3040 dotDrift=-19.745sigma uMRED=0.5966706584 uER=0.569336 uMAE=277.4653 WCE=2928 bias=-169.9375
[pop05_soft:00400] loss=16.284409 tau=3.00 collapse_w=0.000 mid_frac=0.345 hard=score=237.4969488668 wNMSE=8.8196217 wMSE=185835.9844 wMRED=27.70048571 wER=0.475500 wMAE=96.2414 wBias=-33.9109 condBias=208.9649 dotDrift=-5.034sigma uMRED=0.5714860298 uER=0.557617 uMAE=205.6934 WCE=3876 bias=-56.2500
[pop05_soft:00600] loss=9.208042 tau=3.75 collapse_w=0.000 mid_frac=0.339 hard=score=20.3934172869 wNMSE=0.54486842 wMSE=11480.7825 wMRED=3.35115630 wER=0.463641 wMAE=41.1139 wBias=9.9936 condBias=59.1184 dotDrift=+5.969sigma uMRED=0.2388027124 uER=0.557617 uMAE=132.4434 WCE=1492 bias=58.1250
[pop05_soft:00800] loss=3.868208 tau=4.50 collapse_w=0.084 mid_frac=0.208 hard=score=1.1977651723 wNMSE=0.67010979 wMSE=14119.7114 wMRED=3.13576650 wER=0.413595 wMAE=42.8157 wBias=0.0183 condBias=65.7358 dotDrift=+0.010sigma uMRED=0.3028137458 uER=0.551514 uMAE=180.9199 WCE=1656 bias=-42.7500
[pop05_soft:01000] loss=3.250252 tau=5.25 collapse_w=0.293 mid_frac=0.202 hard=score=9.0191528468 wNMSE=0.65019716 wMSE=13700.1375 wMRED=2.66153241 wER=0.428365 wMAE=40.5987 wBias=-6.3650 condBias=63.1491 dotDrift=-3.480sigma uMRED=0.2990934806 uER=0.560059 uMAE=181.5908 WCE=1664 bias=-48.0625
[pop05_soft:01199] loss=2.806948 tau=6.00 collapse_w=0.500 mid_frac=0.196 hard=score=9.6420499106 wNMSE=0.65018485 wMSE=13699.8781 wMRED=2.65307126 wER=0.411419 wMAE=40.5109 wBias=-6.6119 condBias=63.1328 dotDrift=-3.615sigma uMRED=0.2989539767 uER=0.557861 uMAE=181.5527 WCE=1664 bias=-49.0000
[pop05_hard:00000] loss=9.716520 tau=6.00 collapse_w=0.500 mid_frac=0.196 hard=score=9.6420499106 wNMSE=0.65018485 wMSE=13699.8781 wMRED=2.65307126 wER=0.411419 wMAE=40.5109 wBias=-6.6119 condBias=63.1328 dotDrift=-3.615sigma uMRED=0.2989539767 uER=0.557861 uMAE=181.5527 WCE=1664 bias=-49.0000
[pop05_hard:00200] loss=9.713790 tau=6.00 collapse_w=0.500 mid_frac=0.190 hard=score=9.6420499106 wNMSE=0.65018485 wMSE=13699.8781 wMRED=2.65307126 wER=0.411419 wMAE=40.5109 wBias=-6.6119 condBias=63.1328 dotDrift=-3.615sigma uMRED=0.2989539767 uER=0.557861 uMAE=181.5527 WCE=1664 bias=-49.0000
[pop05_hard:00400] loss=7.994573 tau=6.00 collapse_w=0.500 mid_frac=0.173 hard=score=4.7013455335 wNMSE=0.60276135 wMSE=12700.6296 wMRED=2.66570197 wER=0.413654 wMAE=39.8921 wBias=-4.3407 condBias=60.2600 dotDrift=-2.465sigma uMRED=0.2689640639 uER=0.553711 uMAE=160.7715 WCE=1224 bias=16.2500
[pop05_hard:00599] loss=1.074210 tau=6.00 collapse_w=0.500 mid_frac=0.149 hard=score=0.9708809241 wNMSE=0.55408932 wMSE=11675.0739 wMRED=2.96196438 wER=0.390450 wMAE=39.2096 wBias=0.0476 condBias=57.9327 dotDrift=+0.028sigma uMRED=0.2466343327 uER=0.544922 uMAE=144.9238 WCE=1224 bias=35.0000
[pop05] done (conf=0.51, noise=1.0); global best score=0.4653727177 wNMSE=0.22748326 wMSE=4793.2414 wMRED=1.82502592 wER=0.263765 wMAE=27.0730 wBias=0.4107 condBias=27.0662 dotDrift=+0.380sigma uMRED=0.1128822678 uER=0.380371 uMAE=64.3613 WCE=1024 bias=17.5000
[pop06_soft:00000] loss=248.318359 tau=1.50 collapse_w=0.000 mid_frac=0.292 hard=score=51685.6628840838 wNMSE=114.03673 wMSE=2402838.6952 wMRED=69.67574434 wER=0.584379 wMAE=804.4846 wBias=514.5594 condBias=1017.4872 dotDrift=+21.245sigma uMRED=1.2249194875 uER=0.569336 uMAE=387.5576 WCE=3790 bias=175.2500
[pop06_soft:00200] loss=26.540628 tau=2.25 collapse_w=0.000 mid_frac=0.298 hard=score=22627.0263337022 wNMSE=34.81704 wMSE=733620.9155 wMRED=47.51165241 wER=0.497627 wMAE=341.2250 wBias=-340.6901 condBias=552.4252 dotDrift=-25.457sigma uMRED=1.1477485190 uER=0.570801 uMAE=454.9229 WCE=3433 bias=-454.8125
[pop06_soft:00400] loss=6.837227 tau=3.00 collapse_w=0.000 mid_frac=0.262 hard=score=170.8882143913 wNMSE=0.91923775 wMSE=19369.0227 wMRED=4.52987671 wER=0.423198 wMAE=46.2330 wBias=-29.5173 condBias=61.4004 dotDrift=-13.574sigma uMRED=0.3022200024 uER=0.553711 uMAE=153.8652 WCE=3416 bias=5.8750
[pop06_soft:00600] loss=0.405101 tau=3.75 collapse_w=0.000 mid_frac=0.202 hard=score=49.2548431536 wNMSE=0.46041725 wMSE=9701.3338 wMRED=2.95182209 wER=0.392775 wMAE=36.0083 wBias=-15.7855 condBias=50.4829 dotDrift=-10.257sigma uMRED=0.2252948428 uER=0.533203 uMAE=133.2227 WCE=1424 bias=8.5000
[pop06_soft:00800] loss=0.232735 tau=4.50 collapse_w=0.084 mid_frac=0.179 hard=score=78.3432498665 wNMSE=0.47591083 wMSE=10027.7948 wMRED=2.95693193 wER=0.385247 wMAE=36.1879 wBias=-19.9694 condBias=51.9164 dotDrift=-12.763sigma uMRED=0.2207201004 uER=0.500732 uMAE=127.1758 WCE=1308 bias=-76.2500
[pop06_soft:01000] loss=0.174604 tau=5.25 collapse_w=0.293 mid_frac=0.173 hard=score=4.0687159548 wNMSE=0.38054006 wMSE=8018.2619 wMRED=2.92172329 wER=0.357882 wMAE=34.0254 wBias=-4.1334 condBias=51.2299 dotDrift=-2.954sigma uMRED=0.2094684010 uER=0.501709 uMAE=116.8398 WCE=1306 bias=-98.1250
[pop06_soft:01199] loss=0.122237 tau=6.00 collapse_w=0.500 mid_frac=0.155 hard=score=4.1187394122 wNMSE=0.35623979 wMSE=7506.2371 wMRED=2.80538196 wER=0.357882 wMAE=32.5827 wBias=-4.2049 condBias=48.7078 dotDrift=-3.106sigma uMRED=0.1964631957 uER=0.501709 uMAE=111.4102 WCE=1024 bias=-36.1250
[pop06_hard:00000] loss=4.232815 tau=6.00 collapse_w=0.500 mid_frac=0.155 hard=score=4.1187394122 wNMSE=0.35623979 wMSE=7506.2371 wMRED=2.80538196 wER=0.357882 wMAE=32.5827 wBias=-4.2049 condBias=48.7078 dotDrift=-3.106sigma uMRED=0.1964631957 uER=0.501709 uMAE=111.4102 WCE=1024 bias=-36.1250
[pop06_hard:00200] loss=4.229841 tau=6.00 collapse_w=0.500 mid_frac=0.155 hard=score=4.1187394122 wNMSE=0.35623979 wMSE=7506.2371 wMRED=2.80538196 wER=0.357882 wMAE=32.5827 wBias=-4.2049 condBias=48.7078 dotDrift=-3.106sigma uMRED=0.1964631957 uER=0.501709 uMAE=111.4102 WCE=1024 bias=-36.1250
[pop06_hard:00400] loss=4.228740 tau=6.00 collapse_w=0.500 mid_frac=0.155 hard=score=4.1187394122 wNMSE=0.35623979 wMSE=7506.2371 wMRED=2.80538196 wER=0.357882 wMAE=32.5827 wBias=-4.2049 condBias=48.7078 dotDrift=-3.106sigma uMRED=0.1964631957 uER=0.501709 uMAE=111.4102 WCE=1024 bias=-36.1250
[pop06_hard:00599] loss=12.931352 tau=6.00 collapse_w=0.500 mid_frac=0.143 hard=score=12.8364403251 wNMSE=0.46001642 wMSE=9692.8879 wMRED=2.53680164 wER=0.357882 wMAE=32.6557 wBias=7.8715 condBias=50.2786 dotDrift=+5.117sigma uMRED=0.2095880120 uER=0.501709 uMAE=122.4297 WCE=1056 bias=-0.1250
[pop06] done (conf=0.53, noise=0.5); global best score=0.4653727177 wNMSE=0.22748326 wMSE=4793.2414 wMRED=1.82502592 wER=0.263765 wMAE=27.0730 wBias=0.4107 condBias=27.0662 dotDrift=+0.380sigma uMRED=0.1128822678 uER=0.380371 uMAE=64.3613 WCE=1024 bias=17.5000
[pop07_soft:00000] loss=97.368813 tau=1.50 collapse_w=0.000 mid_frac=0.399 hard=score=4376.9625939111 wNMSE=20.789471 wMSE=438049.6098 wMRED=48.74408388 wER=0.586887 wMAE=299.9491 wBias=149.4973 condBias=308.2292 dotDrift=+14.456sigma uMRED=0.9269565941 uER=0.578125 uMAE=323.0586 WCE=3882 bias=63.3750
[pop07_soft:00200] loss=19.934223 tau=2.25 collapse_w=0.000 mid_frac=0.363 hard=score=1010.4184742783 wNMSE=3.9028897 wMSE=82236.7872 wMRED=14.22571478 wER=0.570543 wMAE=130.2263 wBias=-71.8357 condBias=164.1024 dotDrift=-16.032sigma uMRED=0.4791743425 uER=0.575928 uMAE=245.2104 WCE=1716 bias=-190.1250
[pop07_soft:00400] loss=12.835368 tau=3.00 collapse_w=0.000 mid_frac=0.327 hard=score=250.6697376862 wNMSE=1.3308299 wMSE=28041.5750 wMRED=4.17938749 wER=0.529590 wMAE=59.8339 wBias=35.7623 condBias=75.6261 dotDrift=+13.668sigma uMRED=0.3740264106 uER=0.570557 uMAE=225.6396 WCE=3694 bias=124.6250
[pop07_soft:00600] loss=5.512641 tau=3.75 collapse_w=0.000 mid_frac=0.327 hard=score=133.8999747689 wNMSE=0.68392806 wMSE=14410.8726 wMRED=3.28174005 wER=0.530366 wMAE=51.3728 wBias=26.1205 condBias=64.2389 dotDrift=+13.926sigma uMRED=0.2981499690 uER=0.564941 uMAE=171.9180 WCE=3298 bias=89.2500
[pop07_soft:00800] loss=1.138344 tau=4.50 collapse_w=0.084 mid_frac=0.280 hard=score=42.5941571263 wNMSE=0.56529282 wMSE=11911.1400 wMRED=2.89101550 wER=0.451484 wMAE=43.8309 wBias=14.6214 condBias=60.5868 dotDrift=+8.574sigma uMRED=0.2464145263 uER=0.551514 uMAE=144.9629 WCE=1312 bias=20.2500
[pop07_soft:01000] loss=0.504335 tau=5.25 collapse_w=0.293 mid_frac=0.286 hard=score=29.3317171443 wNMSE=0.561059 wMSE=11821.9302 wMRED=2.84584440 wER=0.479534 wMAE=44.0517 wBias=12.0715 condBias=58.4423 dotDrift=+7.106sigma uMRED=0.2629172495 uER=0.555420 uMAE=158.3555 WCE=1216 bias=27.8750
[pop07_soft:01199] loss=0.382403 tau=6.00 collapse_w=0.500 mid_frac=0.286 hard=score=29.3317171443 wNMSE=0.561059 wMSE=11821.9302 wMRED=2.84584440 wER=0.479534 wMAE=44.0517 wBias=12.0715 condBias=58.4423 dotDrift=+7.106sigma uMRED=0.2629172495 uER=0.555420 uMAE=158.3555 WCE=1216 bias=27.8750
[pop07_hard:00000] loss=29.445187 tau=6.00 collapse_w=0.500 mid_frac=0.286 hard=score=29.3317171443 wNMSE=0.561059 wMSE=11821.9302 wMRED=2.84584440 wER=0.479534 wMAE=44.0517 wBias=12.0715 condBias=58.4423 dotDrift=+7.106sigma uMRED=0.2629172495 uER=0.555420 uMAE=158.3555 WCE=1216 bias=27.8750
[pop07_hard:00200] loss=5.455487 tau=6.00 collapse_w=0.500 mid_frac=0.286 hard=score=5.3529969910 wNMSE=0.68878094 wMSE=14513.1264 wMRED=2.89943789 wER=0.479593 wMAE=46.6258 wBias=4.6102 condBias=66.2647 dotDrift=+2.449sigma uMRED=0.2985661945 uER=0.556885 uMAE=176.7734 WCE=1488 bias=-108.6250
[pop07_hard:00400] loss=3.029876 tau=6.00 collapse_w=0.500 mid_frac=0.292 hard=score=2.9290089493 wNMSE=0.62513223 wMSE=13172.0006 wMRED=2.88913193 wER=0.479593 wMAE=45.3161 wBias=-3.0262 condBias=66.5464 dotDrift=-1.688sigma uMRED=0.2882430155 uER=0.556885 uMAE=168.6016 WCE=1488 bias=-140.6250
[pop07_hard:00599] loss=5.453655 tau=6.00 collapse_w=0.500 mid_frac=0.286 hard=score=5.3529969910 wNMSE=0.68878094 wMSE=14513.1264 wMRED=2.89943789 wER=0.479593 wMAE=46.6258 wBias=4.6102 condBias=66.2647 dotDrift=+2.449sigma uMRED=0.2985661945 uER=0.556885 uMAE=176.7734 WCE=1488 bias=-108.6250
[pop07] done (conf=0.51, noise=1.0); global best score=0.4653727177 wNMSE=0.22748326 wMSE=4793.2414 wMRED=1.82502592 wER=0.263765 wMAE=27.0730 wBias=0.4107 condBias=27.0662 dotDrift=+0.380sigma uMRED=0.1128822678 uER=0.380371 uMAE=64.3613 WCE=1024 bias=17.5000
[pop08_soft:00000] loss=272.864227 tau=1.50 collapse_w=0.000 mid_frac=0.339 hard=score=27003.1885365437 wNMSE=33.193997 wMSE=699422.1988 wMRED=51.50931210 wER=0.585647 wMAE=425.8396 wBias=372.3051 condBias=612.5779 dotDrift=+28.491sigma uMRED=0.8992245906 uER=0.575195 uMAE=307.4976 WCE=3880 bias=189.0625
[pop08_soft:00200] loss=27.139448 tau=2.25 collapse_w=0.000 mid_frac=0.262 hard=score=12380.8843863789 wNMSE=22.139936 wMSE=466504.9152 wMRED=38.45269911 wER=0.551775 wMAE=279.8036 wBias=-251.9584 condBias=417.5619 dotDrift=-23.609sigma uMRED=0.8567417408 uER=0.573730 uMAE=339.1382 WCE=2677 bias=-296.5000
[pop08_soft:00400] loss=6.922340 tau=3.00 collapse_w=0.000 mid_frac=0.220 hard=score=364.0434096472 wNMSE=1.7053152 wMSE=35932.2583 wMRED=7.60378892 wER=0.430677 wMAE=84.2488 wBias=-43.1073 condBias=97.2118 dotDrift=-14.554sigma uMRED=0.3362606513 uER=0.563232 uMAE=186.9458 WCE=1764 bias=-116.8125
[pop08_soft:00600] loss=0.464063 tau=3.75 collapse_w=0.000 mid_frac=0.185 hard=score=4.3372781865 wNMSE=0.49150201 wMSE=10356.3128 wMRED=2.49783241 wER=0.399790 wMAE=37.2419 wBias=-4.1865 condBias=56.4996 dotDrift=-2.633sigma uMRED=0.2448848951 uER=0.550781 uMAE=152.2520 WCE=1836 bias=-37.5000
[pop08_soft:00800] loss=0.299909 tau=4.50 collapse_w=0.084 mid_frac=0.167 hard=score=17.1709939954 wNMSE=0.49080706 wMSE=10341.6695 wMRED=2.29539643 wER=0.377615 wMAE=31.9426 wBias=9.1336 condBias=59.7938 dotDrift=+5.748sigma uMRED=0.2482810225 uER=0.533203 uMAE=146.5508 WCE=1800 bias=-9.2500
[pop08_soft:01000] loss=0.235094 tau=5.25 collapse_w=0.293 mid_frac=0.149 hard=score=23.1514042283 wNMSE=0.49870261 wMSE=10508.0347 wMRED=2.35348135 wER=0.373812 wMAE=32.2606 wBias=10.6821 condBias=60.1223 dotDrift=+6.669sigma uMRED=0.2487402922 uER=0.533203 uMAE=146.6445 WCE=1784 bias=-7.7500
[pop08_soft:01199] loss=0.182814 tau=6.00 collapse_w=0.500 mid_frac=0.143 hard=score=23.1514042283 wNMSE=0.49870261 wMSE=10508.0347 wMRED=2.35348135 wER=0.373812 wMAE=32.2606 wBias=10.6821 condBias=60.1223 dotDrift=+6.669sigma uMRED=0.2487402922 uER=0.533203 uMAE=146.6445 WCE=1784 bias=-7.7500
[pop08_hard:00000] loss=23.207470 tau=6.00 collapse_w=0.500 mid_frac=0.143 hard=score=23.1514042283 wNMSE=0.49870261 wMSE=10508.0347 wMRED=2.35348135 wER=0.373812 wMAE=32.2606 wBias=10.6821 condBias=60.1223 dotDrift=+6.669sigma uMRED=0.2487402922 uER=0.533203 uMAE=146.6445 WCE=1784 bias=-7.7500
[pop08_hard:00200] loss=11.152166 tau=6.00 collapse_w=0.500 mid_frac=0.155 hard=score=11.0938074348 wNMSE=0.5952353 wMSE=12542.0503 wMRED=2.36634042 wER=0.373812 wMAE=33.2805 wBias=7.1648 condBias=64.5294 dotDrift=+4.094sigma uMRED=0.2678353283 uER=0.533203 uMAE=167.7207 WCE=1784 bias=-87.7500
[pop08_hard:00400] loss=1.238449 tau=6.00 collapse_w=0.500 mid_frac=0.161 hard=score=1.1723487577 wNMSE=0.64206466 wMSE=13528.7797 wMRED=2.51998696 wER=0.354356 wMAE=36.0741 wBias=-0.5576 condBias=59.3832 dotDrift=-0.307sigma uMRED=0.2618216567 uER=0.524414 uMAE=173.8047 WCE=1792 bias=-114.2500
[pop08_hard:00599] loss=1.194792 tau=6.00 collapse_w=0.500 mid_frac=0.155 hard=score=1.1294635894 wNMSE=0.64035263 wMSE=13492.7058 wMRED=2.51567332 wER=0.338122 wMAE=35.8760 wBias=0.3394 condBias=59.4138 dotDrift=+0.187sigma uMRED=0.2608384588 uER=0.520508 uMAE=173.1562 WCE=1784 bias=-113.2500
[pop08] done (conf=0.53, noise=0.5); global best score=0.4653727177 wNMSE=0.22748326 wMSE=4793.2414 wMRED=1.82502592 wER=0.263765 wMAE=27.0730 wBias=0.4107 condBias=27.0662 dotDrift=+0.380sigma uMRED=0.1128822678 uER=0.380371 uMAE=64.3613 WCE=1024 bias=17.5000
[pop09_soft:00000] loss=162.740616 tau=1.50 collapse_w=0.000 mid_frac=0.488 hard=score=9016.8116379660 wNMSE=12.314605 wMSE=259477.8819 wMRED=19.74716035 wER=0.585297 wMAE=242.6779 wBias=215.0836 condBias=387.0392 dotDrift=+27.023sigma uMRED=0.6064184381 uER=0.573730 uMAE=276.1113 WCE=2894 bias=235.5625
[pop09_soft:00200] loss=31.596092 tau=2.25 collapse_w=0.000 mid_frac=0.399 hard=score=4635.6179442649 wNMSE=50.441613 wMSE=1062842.2815 wMRED=66.65009625 wER=0.551672 wMAE=498.6446 wBias=-152.9909 condBias=598.4910 dotDrift=-9.498sigma uMRED=0.9461237488 uER=0.573730 uMAE=242.3525 WCE=3667 bias=-146.1250
[pop09_soft:00400] loss=17.434000 tau=3.00 collapse_w=0.000 mid_frac=0.423 hard=score=4688.9197528796 wNMSE=7.8026062 wMSE=164406.7118 wMRED=16.15783973 wER=0.497985 wMAE=183.1768 wBias=155.0538 condBias=303.3717 dotDrift=+24.474sigma uMRED=0.3262234164 uER=0.566406 uMAE=140.0576 WCE=1690 bias=-37.3125
[pop09_soft:00600] loss=3.961073 tau=3.75 collapse_w=0.000 mid_frac=0.321 hard=score=42.1973539145 wNMSE=0.46138043 wMSE=9721.6286 wMRED=2.98767000 wER=0.454926 wMAE=37.8560 wBias=14.5852 condBias=51.9441 dotDrift=+9.467sigma uMRED=0.2444519364 uER=0.556152 uMAE=150.6934 WCE=1460 bias=-2.7500
[pop09_soft:00800] loss=0.556714 tau=4.50 collapse_w=0.084 mid_frac=0.351 hard=score=1.1767696438 wNMSE=0.31737569 wMSE=6687.3417 wMRED=2.32397745 wER=0.419368 wMAE=30.9273 wBias=1.7540 condBias=40.5433 dotDrift=+1.373sigma uMRED=0.1969122898 uER=0.559570 uMAE=132.1045 WCE=1312 bias=4.2500
[pop09_soft:01000] loss=0.244292 tau=5.25 collapse_w=0.293 mid_frac=0.363 hard=score=2.8175861645 wNMSE=0.21868041 wMSE=4607.7588 wMRED=2.07505335 wER=0.394289 wMAE=25.5428 wBias=3.5114 condBias=33.9489 dotDrift=+3.311sigma uMRED=0.1660698937 uER=0.557373 uMAE=103.2285 WCE=1184 bias=37.0000
[pop09_soft:01199] loss=0.174050 tau=6.00 collapse_w=0.500 mid_frac=0.333 hard=score=7.9669551883 wNMSE=0.20895855 wMSE=4402.9119 wMRED=1.82819520 wER=0.394289 wMAE=23.2250 wBias=6.2340 condBias=33.4511 dotDrift=+6.013sigma uMRED=0.1632545983 uER=0.557373 uMAE=103.5547 WCE=1184 bias=40.0000
[pop09_hard:00000] loss=8.034190 tau=6.00 collapse_w=0.500 mid_frac=0.333 hard=score=7.9669551883 wNMSE=0.20895855 wMSE=4402.9119 wMRED=1.82819520 wER=0.394289 wMAE=23.2250 wBias=6.2340 condBias=33.4511 dotDrift=+6.013sigma uMRED=0.1632545983 uER=0.557373 uMAE=103.5547 WCE=1184 bias=40.0000
[pop09_hard:00200] loss=0.699751 tau=6.00 collapse_w=0.500 mid_frac=0.363 hard=score=0.6616452239 wNMSE=0.18858539 wMSE=3973.6344 wMRED=1.72359958 wER=0.394289 wMAE=21.3821 wBias=1.1333 condBias=32.7223 dotDrift=+1.151sigma uMRED=0.1582656040 uER=0.557373 uMAE=104.2129 WCE=1716 bias=-59.0000
[pop09_hard:00400] loss=0.520406 tau=6.00 collapse_w=0.500 mid_frac=0.369 hard=score=0.4971814257 wNMSE=0.20821274 wMSE=4387.1971 wMRED=1.72047878 wER=0.393637 wMAE=21.4505 wBias=0.2361 condBias=36.5705 dotDrift=+0.228sigma uMRED=0.1803959075 uER=0.550781 uMAE=122.3457 WCE=2180 bias=-85.0000
[pop09_hard:00425] loss=0.452030 tau=6.00 collapse_w=0.500 mid_frac=0.363 hard=score=0.4131944077 wNMSE=0.1835818 wMSE=3868.2049 wMRED=1.57296054 wER=0.399150 wMAE=20.6329 wBias=-0.2626 condBias=31.6407 dotDrift=-0.270sigma uMRED=0.1633886662 uER=0.553711 uMAE=110.4395 WCE=1716 bias=-69.5000 *BEST*
[pop09_hard:00575] loss=0.313669 tau=6.00 collapse_w=0.500 mid_frac=0.363 hard=score=0.2262995091 wNMSE=0.10237736 wMSE=2157.1670 wMRED=1.54952139 wER=0.398930 wMAE=19.4975 wBias=0.3570 condBias=21.1465 dotDrift=+0.492sigma uMRED=0.1148359429 uER=0.550781 uMAE=74.5430 WCE=660 bias=-9.5000 *BEST*
[pop09_hard:00599] loss=1.846681 tau=6.00 collapse_w=0.500 mid_frac=0.375 hard=score=1.8194773038 wNMSE=0.17318162 wMSE=3649.0654 wMRED=1.36757592 wER=0.398930 wMAE=19.3574 wBias=-2.7258 condBias=29.8532 dotDrift=-2.888sigma uMRED=0.1572715155 uER=0.550781 uMAE=108.6523 WCE=1716 bias=-74.5000
[pop09] done (conf=0.51, noise=1.0); global best score=0.2262995091 wNMSE=0.10237736 wMSE=2157.1670 wMRED=1.54952139 wER=0.398930 wMAE=19.4975 wBias=0.3570 condBias=21.1465 dotDrift=+0.492sigma uMRED=0.1148359429 uER=0.550781 uMAE=74.5430 WCE=660 bias=-9.5000
[pop10_soft:00000] loss=255.789642 tau=1.50 collapse_w=0.000 mid_frac=0.286 hard=score=11981.6803826228 wNMSE=22.400372 wMSE=471992.4819 wMRED=29.59571789 wER=0.580759 wMAE=341.6474 wBias=247.8287 condBias=462.9205 dotDrift=+23.087sigma uMRED=0.7756680898 uER=0.562744 uMAE=327.6484 WCE=2802 bias=92.8125
[pop10_soft:00200] loss=27.017962 tau=2.25 collapse_w=0.000 mid_frac=0.286 hard=score=8660.2494071291 wNMSE=11.869364 wMSE=250096.3154 wMRED=26.91641341 wER=0.431149 wMAE=210.8577 wBias=-210.8056 condBias=326.3897 dotDrift=-26.978sigma uMRED=0.8380265781 uER=0.569092 uMAE=379.6011 WCE=3417 bias=-376.5000
[pop10_soft:00400] loss=17.710188 tau=3.00 collapse_w=0.000 mid_frac=0.244 hard=score=740.1160365297 wNMSE=1.345117 wMSE=28342.6159 wMRED=7.18684772 wER=0.409093 wMAE=68.9152 wBias=-61.6092 condBias=97.8893 dotDrift=-23.421sigma uMRED=0.4107651534 uER=0.562256 uMAE=244.7461 WCE=1856 bias=-221.4375
[pop10_soft:00600] loss=0.702271 tau=3.75 collapse_w=0.000 mid_frac=0.274 hard=score=20.3453518473 wNMSE=0.447942 wMSE=9438.4709 wMRED=2.51331376 wER=0.413869 wMAE=34.8598 wBias=-10.0198 condBias=54.9586 dotDrift=-6.601sigma uMRED=0.2378609262 uER=0.562500 uMAE=141.8643 WCE=1398 bias=-26.6250
[pop10_soft:00800] loss=0.194580 tau=4.50 collapse_w=0.084 mid_frac=0.220 hard=score=2.2659535942 wNMSE=0.34255164 wMSE=7217.8177 wMRED=1.68443577 wER=0.363853 wMAE=23.3166 wBias=2.8841 condBias=45.3714 dotDrift=+2.173sigma uMRED=0.2315930686 uER=0.518555 uMAE=150.3125 WCE=1664 bias=55.5000
[pop10_soft:01000] loss=0.122197 tau=5.25 collapse_w=0.293 mid_frac=0.220 hard=score=0.5937025167 wNMSE=0.20888427 wMSE=4401.3469 wMRED=1.45470645 wER=0.297715 wMAE=18.7369 wBias=0.9677 condBias=35.8511 dotDrift=+0.934sigma uMRED=0.1638166544 uER=0.492188 uMAE=107.5605 WCE=1200 bias=-21.7500
[pop10_soft:01199] loss=0.081019 tau=6.00 collapse_w=0.500 mid_frac=0.190 hard=score=1.2271375355 wNMSE=0.20713183 wMSE=4364.4216 wMRED=1.39257689 wER=0.280926 wMAE=17.5616 wBias=2.0525 condBias=35.9786 dotDrift=+1.988sigma uMRED=0.1624386240 uER=0.474609 uMAE=106.8809 WCE=1200 bias=-20.2500
[pop10_hard:00000] loss=1.265539 tau=6.00 collapse_w=0.500 mid_frac=0.190 hard=score=1.2271375355 wNMSE=0.20713183 wMSE=4364.4216 wMRED=1.39257689 wER=0.280926 wMAE=17.5616 wBias=2.0525 condBias=35.9786 dotDrift=+1.988sigma uMRED=0.1624386240 uER=0.474609 uMAE=106.8809 WCE=1200 bias=-20.2500
[pop10_hard:00200] loss=0.689262 tau=6.00 collapse_w=0.500 mid_frac=0.190 hard=score=0.6432219263 wNMSE=0.19557859 wMSE=4120.9862 wMRED=1.39120459 wER=0.280926 wMAE=17.4427 wBias=-1.1531 condBias=35.0133 dotDrift=-1.150sigma uMRED=0.1580071962 uER=0.474609 uMAE=103.7871 WCE=1040 bias=-84.2500
[pop10_hard:00400] loss=0.688220 tau=6.00 collapse_w=0.500 mid_frac=0.185 hard=score=1.2271375355 wNMSE=0.20713183 wMSE=4364.4216 wMRED=1.39257689 wER=0.280926 wMAE=17.5616 wBias=2.0525 condBias=35.9786 dotDrift=+1.988sigma uMRED=0.1624386240 uER=0.474609 uMAE=106.8809 WCE=1200 bias=-20.2500
[pop10_hard:00599] loss=1.263810 tau=6.00 collapse_w=0.500 mid_frac=0.190 hard=score=0.6432219263 wNMSE=0.19557859 wMSE=4120.9862 wMRED=1.39120459 wER=0.280926 wMAE=17.4427 wBias=-1.1531 condBias=35.0133 dotDrift=-1.150sigma uMRED=0.1580071962 uER=0.474609 uMAE=103.7871 WCE=1040 bias=-84.2500
[pop10] done (conf=0.53, noise=0.5); global best score=0.2262995091 wNMSE=0.10237736 wMSE=2157.1670 wMRED=1.54952139 wER=0.398930 wMAE=19.4975 wBias=0.3570 condBias=21.1465 dotDrift=+0.492sigma uMRED=0.1148359429 uER=0.550781 uMAE=74.5430 WCE=660 bias=-9.5000
[pop11_soft:00000] loss=199.311569 tau=1.50 collapse_w=0.000 mid_frac=0.405 hard=score=7734.6976875814 wNMSE=22.584294 wMSE=475867.8579 wMRED=36.41839610 wER=0.576306 wMAE=381.3529 wBias=198.9710 condBias=387.9012 dotDrift=+18.460sigma uMRED=0.8014064918 uER=0.571533 uMAE=325.2817 WCE=3312 bias=-10.7500
[pop11_soft:00200] loss=28.723061 tau=2.25 collapse_w=0.000 mid_frac=0.363 hard=score=16439.5357392653 wNMSE=40.041478 wMSE=843703.6993 wMRED=49.10615978 wER=0.586789 wMAE=348.1046 wBias=-290.1509 condBias=537.3297 dotDrift=-20.217sigma uMRED=0.9450099140 uER=0.575928 uMAE=322.2314 WCE=3285 bias=-254.8750
[pop11_soft:00400] loss=10.339490 tau=3.00 collapse_w=0.000 mid_frac=0.351 hard=score=715.1687065739 wNMSE=3.7062211 wMSE=78092.8323 wMRED=12.89612776 wER=0.586138 wMAE=124.5423 wBias=-60.3457 condBias=153.1053 dotDrift=-13.820sigma uMRED=0.4317421074 uER=0.569336 uMAE=205.6851 WCE=1904 bias=-126.4375
[pop11_soft:00600] loss=0.858522 tau=3.75 collapse_w=0.000 mid_frac=0.339 hard=score=1.8495861798 wNMSE=0.44690104 wMSE=9416.5371 wMRED=3.54136620 wER=0.496160 wMAE=40.7008 wBias=2.3075 condBias=53.0890 dotDrift=+1.522sigma uMRED=0.2192434982 uER=0.563477 uMAE=120.2427 WCE=946 bias=4.0625
[pop11_soft:00800] loss=0.428311 tau=4.50 collapse_w=0.084 mid_frac=0.268 hard=score=0.7770862905 wNMSE=0.42234855 wMSE=8899.1979 wMRED=3.33830213 wER=0.416599 wMAE=36.5686 wBias=0.3628 condBias=50.8007 dotDrift=+0.246sigma uMRED=0.2044556378 uER=0.544189 uMAE=113.0986 WCE=893 bias=-4.3125
[pop11_soft:01000] loss=0.213842 tau=5.25 collapse_w=0.293 mid_frac=0.292 hard=score=13.5567526766 wNMSE=0.43451159 wMSE=9155.4821 wMRED=2.90254384 wER=0.407334 wMAE=33.6064 wBias=8.1113 condBias=49.5125 dotDrift=+5.425sigma uMRED=0.2121908639 uER=0.539795 uMAE=129.1826 WCE=1152 bias=63.3125
[pop11_soft:01199] loss=0.158169 tau=6.00 collapse_w=0.500 mid_frac=0.268 hard=score=22.0381700584 wNMSE=0.43460966 wMSE=9157.5486 wMRED=2.85365996 wER=0.472823 wMAE=34.8179 wBias=10.4640 condBias=49.2451 dotDrift=+6.998sigma uMRED=0.2117352486 uER=0.543457 uMAE=129.2017 WCE=1152 bias=63.8125
[pop11_hard:00000] loss=22.154806 tau=6.00 collapse_w=0.500 mid_frac=0.268 hard=score=22.0381700584 wNMSE=0.43460966 wMSE=9157.5486 wMRED=2.85365996 wER=0.472823 wMAE=34.8179 wBias=10.4640 condBias=49.2451 dotDrift=+6.998sigma uMRED=0.2117352486 uER=0.543457 uMAE=129.2017 WCE=1152 bias=63.8125
[pop11_hard:00200] loss=9.569366 tau=6.00 collapse_w=0.500 mid_frac=0.262 hard=score=9.4620159054 wNMSE=0.8919768 wMSE=18794.6141 wMRED=2.98342436 wER=0.472823 wMAE=39.5235 wBias=-6.3735 condBias=74.2708 dotDrift=-2.975sigma uMRED=0.2604119171 uER=0.543457 uMAE=149.2876 WCE=1428 bias=-64.1875
[pop11_hard:00400] loss=4.003555 tau=6.00 collapse_w=0.500 mid_frac=0.256 hard=score=3.8973993010 wNMSE=0.95086788 wMSE=20035.4929 wMRED=3.01114560 wER=0.472823 wMAE=40.7353 wBias=3.4302 condBias=75.3180 dotDrift=+1.551sigma uMRED=0.2648181387 uER=0.543457 uMAE=152.2681 WCE=1428 bias=-32.1875
[pop11_hard:00599] loss=9.565966 tau=6.00 collapse_w=0.500 mid_frac=0.262 hard=score=9.4620159054 wNMSE=0.8919768 wMSE=18794.6141 wMRED=2.98342436 wER=0.472823 wMAE=39.5235 wBias=-6.3735 condBias=74.2708 dotDrift=-2.975sigma uMRED=0.2604119171 uER=0.543457 uMAE=149.2876 WCE=1428 bias=-64.1875
[pop11] done (conf=0.51, noise=1.0); global best score=0.2262995091 wNMSE=0.10237736 wMSE=2157.1670 wMRED=1.54952139 wER=0.398930 wMAE=19.4975 wBias=0.3570 condBias=21.1465 dotDrift=+0.492sigma uMRED=0.1148359429 uER=0.550781 uMAE=74.5430 WCE=660 bias=-9.5000
[best] stage=pop09_hard score=0.2262995091 wNMSE=0.10237736 wMSE=2157.1670 wMRED=1.54952139 wER=0.398930 wMAE=19.4975 wBias=0.3570 condBias=21.1465 dotDrift=+0.492sigma uMRED=0.1148359429 uER=0.550781 uMAE=74.5430 WCE=660 bias=-9.5000
[best-json] /home/xuanqi/tony/work/FPGA/signed8x8_approx/signed8x8_2026_8_22/runs_module_groups/G5_down/default_split/rand303/best_signed88_inits.json
[best-rtl] /home/xuanqi/tony/work/FPGA/signed8x8_approx/signed8x8_2026_8_22/runs_module_groups/G5_down/default_split/rand303/best_rtl
[design] default_split search_bits=168
[start] score=0.2262995091 wNMSE=0.10237736 wMSE=2157.1670 wMRED=1.54952139 wER=0.398930 wMAE=19.4975 wBias=0.3570 condBias=21.1465 dotDrift=+0.492sigma uMRED=0.1148359429 uER=0.550781 uMAE=74.5430 WCE=660 bias=-9.5000
[single] ACCEPT ['mid_lut67:51'] 0.2262995091->0.1972290118 wNMSE=0.10296006 wBias=+0.04532
[single] ACCEPT ['lo_lut67:11'] 0.1972290118->0.1943204118 wNMSE=0.10163339 wBias=+0.14524
[single] ACCEPT ['lo_lut45:27'] 0.1943204118->0.1897289448 wNMSE=0.10134176 wBias=+0.04035
[single] ACCEPT ['mid_lut45:15'] 0.1897289448->0.1890861772 wNMSE=0.10023198 wBias=+0.08182
[single] ACCEPT ['lo_lut01:23'] 0.1890861772->0.1882239223 wNMSE=0.10031783 wBias=+0.02600
[single] ACCEPT ['mid_lut45:11'] 0.1882239223->0.1870375411 wNMSE=0.09946517 wBias=+0.12673
[single] ACCEPT ['lo_lut23:7'] 0.1870375411->0.1844069623 wNMSE=0.099509284 wBias=+0.00264
[single] ACCEPT ['lo_lut45:11'] 0.1844069623->0.1837025333 wNMSE=0.099307505 wBias=+0.02762
[single] ACCEPT ['lo_lut45:47'] 0.1837025333->0.1835076627 wNMSE=0.099111168 wBias=+0.04820
[single] ACCEPT ['lo_lut45:51'] 0.1835076627->0.1833232730 wNMSE=0.099201232 wBias=+0.02863
[single] ACCEPT ['lo_lut45:15'] 0.1833232730->0.1832446938 wNMSE=0.099126501 wBias=+0.03892
[single] round=12 no improvement
[pair] ACCEPT ['hi_lut45:43', 'hi_lut01:31'] 0.1832446938->0.1531463996 wNMSE=0.077821437 wBias=-0.02511
[pair] ACCEPT ['mid_lut67:19', 'mid_lut45:11'] 0.1531463996->0.1466924689 wNMSE=0.074703785 wBias=+0.03001
[pair] ACCEPT ['mid_lut23:47', 'mid_lut45:27'] 0.1466924689->0.1408196919 wNMSE=0.072797258 wBias=-0.05945
[pair] ACCEPT ['mid_lut45:7', 'mid_lut23:7'] 0.1408196919->0.1368494916 wNMSE=0.069273355 wBias=-0.01784
[basin] ACCEPT ['lo_lut23:3', 'lo_lut01:31'] 0.1368494916->0.1354561914 wNMSE=0.06898461 wBias=-0.00284
[basin] ACCEPT ['lo_lut45:11', 'mid_lut45:43'] 0.1354561914->0.1342847388 wNMSE=0.067621605 wBias=+0.05512
[basin] ACCEPT ['lo_lut45:19', 'mid_lut45:23', 'lo_lut45:55'] 0.1342847388->0.1341623537 wNMSE=0.067951002 wBias=+0.01356
[basin] ACCEPT ['lo_lut67:15', 'lo_lut01:63', 'lo_lut45:47'] 0.1341623537->0.1330720956 wNMSE=0.067465998 wBias=+0.01052
[final] score=0.1330720956 wNMSE=0.067465998 wMSE=1421.5587 wMRED=1.41315098 wER=0.490653 wMAE=17.9274 wBias=0.0105 condBias=14.1564 dotDrift=+0.018sigma uMRED=0.0731694600 uER=0.563477 uMAE=49.7993 WCE=512 bias=5.3750
[json] /home/xuanqi/tony/work/FPGA/signed8x8_approx/signed8x8_2026_8_22/runs_module_groups/G5_down/default_split/rand303/refined/best_signed88_inits.json
