[design] default_split quad4 entries=168
[device] cuda
[initial] score=240.8856472152 wNMSE=21.274872 wMSE=1620727.3528 wMRED=52.33797931 wER=0.582425 wMAE=688.5068 wBias=61.9722 condBias=693.7560 dotDrift=+3.115sigma uMRED=1.5158125706 uER=0.575928 uMAE=482.1484 WCE=3274 bias=38.1875
[quad_warmup_bit:00000] loss=33.786488 tau=1.50 collapse_w=0.000 mid_frac=0.518 hard=score=234.3493694289 wNMSE=21.292893 wMSE=1622100.1561 wMRED=52.34670968 wER=0.582578 wMAE=689.5029 wBias=60.9761 condBias=694.5095 dotDrift=+3.064sigma uMRED=1.5259243650 uER=0.578125 uMAE=490.1484 WCE=3274 bias=30.1875 *BEST*
[quad_warmup_bit:00025] loss=27.321009 tau=1.50 collapse_w=0.000 mid_frac=0.494 hard=score=202.3957723703 wNMSE=21.20757 wMSE=1615600.2303 wMRED=52.18393211 wER=0.582578 wMAE=688.2649 wBias=55.9113 condBias=693.3987 dotDrift=+2.815sigma uMRED=1.5496464811 uER=0.578125 uMAE=507.1016 WCE=3274 bias=1.6875 *BEST*
[quad_warmup_bit:00050] loss=21.395128 tau=1.50 collapse_w=0.000 mid_frac=0.464 hard=score=80.4353668348 wNMSE=20.541825 wMSE=1564883.5712 wMRED=50.87388992 wER=0.582578 wMAE=668.5957 wBias=29.7078 condBias=674.3585 dotDrift=+1.520sigma uMRED=1.5244139210 uER=0.578125 uMAE=503.0200 WCE=3274 bias=-7.3125 *BEST*
[quad_warmup_bit:00075] loss=16.056507 tau=1.50 collapse_w=0.000 mid_frac=0.458 hard=score=53.3028736862 wNMSE=22.040695 wMSE=1679067.9872 wMRED=54.62402352 wER=0.582578 wMAE=713.3555 wBias=-17.5190 condBias=729.9705 dotDrift=-0.865sigma uMRED=1.6052427099 uER=0.578125 uMAE=517.9121 WCE=3786 bias=-32.0625 *BEST*
[quad_warmup_bit:00200] loss=0.948291 tau=1.50 collapse_w=0.000 mid_frac=0.393 hard=score=601.3727265954 wNMSE=21.568442 wMSE=1643091.5770 wMRED=54.57506803 wER=0.582578 wMAE=691.2544 wBias=-102.5431 condBias=728.6069 dotDrift=-5.120sigma uMRED=1.5024455238 uER=0.578125 uMAE=464.3682 WCE=3950 bias=-185.8125
[quad_warmup_bit:00400] loss=0.783202 tau=1.50 collapse_w=0.000 mid_frac=0.387 hard=score=920.0635075329 wNMSE=19.556211 wMSE=1489799.1207 wMRED=52.10732458 wER=0.582578 wMAE=654.2464 wBias=-128.4609 condBias=698.3521 dotDrift=-6.736sigma uMRED=1.4394717654 uER=0.578125 uMAE=448.3867 WCE=3924 bias=-186.2500
[quad_warmup_bit:00600] loss=0.679968 tau=1.50 collapse_w=0.000 mid_frac=0.387 hard=score=7351.8396863554 wNMSE=12.766195 wMSE=972533.2905 wMRED=33.65678784 wER=0.557486 wMAE=404.8181 wBias=-369.1762 condBias=646.7720 dotDrift=-23.959sigma uMRED=1.0504978731 uER=0.568604 uMAE=373.1680 WCE=3792 bias=-255.0000
[quad_warmup_bit:00800] loss=0.579176 tau=1.50 collapse_w=0.000 mid_frac=0.393 hard=score=8027.1183950628 wNMSE=12.608331 wMSE=960507.1749 wMRED=33.32933576 wER=0.404419 wMAE=393.9771 wBias=-385.8202 condBias=669.3508 dotDrift=-25.195sigma uMRED=1.0396984972 uER=0.535889 uMAE=363.7344 WCE=3760 bias=-317.2500
[quad_warmup_bit:01000] loss=0.493713 tau=1.50 collapse_w=0.000 mid_frac=0.375 hard=score=6057.3127128071 wNMSE=11.026065 wMSE=839969.5514 wMRED=29.17805462 wER=0.402534 wMAE=344.2155 wBias=-335.0722 condBias=628.9436 dotDrift=-23.398sigma uMRED=0.9408412585 uER=0.529297 uMAE=340.6094 WCE=3200 bias=-291.7500
[quad_warmup_bit:01200] loss=0.424237 tau=1.50 collapse_w=0.000 mid_frac=0.369 hard=score=913.2154916913 wNMSE=1.6642068 wMSE=126779.8678 wMRED=9.10636702 wER=0.364191 wMAE=139.4577 wBias=-130.0970 condBias=246.4641 dotDrift=-23.384sigma uMRED=0.5204726280 uER=0.494141 uMAE=267.3262 WCE=2272 bias=-217.1250
[quad_warmup_bit:01400] loss=0.370365 tau=1.50 collapse_w=0.000 mid_frac=0.345 hard=score=367.7690957162 wNMSE=0.98859448 wMSE=75311.4799 wMRED=7.50637751 wER=0.338359 wMAE=111.1061 wBias=-82.4855 condBias=162.6604 dotDrift=-19.237sigma uMRED=0.4505950707 uER=0.477295 uMAE=239.5312 WCE=2144 bias=-127.1250
[quad_warmup_bit:01600] loss=0.332126 tau=1.50 collapse_w=0.000 mid_frac=0.321 hard=score=345.5043257360 wNMSE=0.94349186 wMSE=71875.5457 wMRED=7.48727351 wER=0.337526 wMAE=108.8362 wBias=-79.9482 condBias=159.9742 dotDrift=-19.085sigma uMRED=0.4103098186 uER=0.464111 uMAE=210.3594 WCE=1888 bias=-93.1250
[quad_warmup_bit:01800] loss=0.301905 tau=1.50 collapse_w=0.000 mid_frac=0.292 hard=score=280.2421351526 wNMSE=1.0515077 wMSE=80104.2282 wMRED=7.27047077 wER=0.292905 wMAE=105.7892 wBias=-71.9365 condBias=146.7870 dotDrift=-16.267sigma uMRED=0.4412127293 uER=0.444336 uMAE=224.8750 WCE=3264 bias=-36.1250
[quad_warmup_bit:02000] loss=0.275194 tau=1.50 collapse_w=0.000 mid_frac=0.268 hard=score=104.1787075820 wNMSE=0.59701952 wMSE=45481.1596 wMRED=5.09045401 wER=0.292905 wMAE=79.9777 wBias=-43.7699 condBias=100.8860 dotDrift=-13.135sigma uMRED=0.3337058425 uER=0.444336 uMAE=174.9844 WCE=3264 bias=31.8750
[quad_warmup_bit:02200] loss=0.248343 tau=1.50 collapse_w=0.000 mid_frac=0.238 hard=score=89.5469895777 wNMSE=0.59039828 wMSE=44976.7514 wMRED=5.09376974 wER=0.293426 wMAE=80.4733 wBias=-40.5427 condBias=101.2029 dotDrift=-12.235sigma uMRED=0.3407065960 uER=0.450928 uMAE=181.1914 WCE=3264 bias=55.8750
[quad_warmup_bit:02400] loss=0.216747 tau=1.50 collapse_w=0.000 mid_frac=0.226 hard=score=94.8812448473 wNMSE=0.51803903 wMSE=39464.3975 wMRED=4.98768769 wER=0.292334 wMAE=77.0092 wBias=-41.7824 condBias=98.2642 dotDrift=-13.461sigma uMRED=0.3230747038 uER=0.429688 uMAE=169.7207 WCE=2384 bias=38.8750
[quad_warmup_bit:02475] loss=0.202667 tau=1.50 collapse_w=0.000 mid_frac=0.214 hard=score=2.3037948255 wNMSE=0.298491 wMSE=22739.1504 wMRED=0.92670721 wER=0.239552 wMAE=41.1484 wBias=5.5603 condBias=71.6182 dotDrift=+2.360sigma uMRED=0.2569546859 uER=0.415771 uMAE=161.9551 WCE=3328 bias=55.8750 *BEST*
[quad_warmup_bit:02550] loss=0.188028 tau=1.50 collapse_w=0.000 mid_frac=0.208 hard=score=1.7664870088 wNMSE=0.29621193 wMSE=22565.5304 wMRED=0.92427395 wER=0.239113 wMAE=40.8142 wBias=4.5801 condBias=71.3357 dotDrift=+1.951sigma uMRED=0.2514715302 uER=0.409912 uMAE=157.4082 WCE=3328 bias=39.8750 *BEST*
[quad_warmup_bit:02600] loss=0.178613 tau=1.50 collapse_w=0.000 mid_frac=0.196 hard=score=1.2855284791 wNMSE=0.28770818 wMSE=21917.7116 wMRED=0.91360207 wER=0.237795 wMAE=39.7759 wBias=3.5144 condBias=68.8888 dotDrift=+1.519sigma uMRED=0.2397807253 uER=0.401123 uMAE=149.5840 WCE=3328 bias=31.8750 *BEST*
[quad_warmup_bit:02800] loss=0.148754 tau=1.50 collapse_w=0.000 mid_frac=0.202 hard=score=1.4874732491 wNMSE=0.28887757 wMSE=22006.7958 wMRED=0.90679334 wER=0.237795 wMAE=39.5754 wBias=4.0144 condBias=68.3908 dotDrift=+1.732sigma uMRED=0.2394530647 uER=0.401123 uMAE=149.3574 WCE=3328 bias=30.8750
[quad_warmup_bit:02825] loss=0.146060 tau=1.50 collapse_w=0.000 mid_frac=0.202 hard=score=0.5054062691 wNMSE=0.24142261 wMSE=18391.6602 wMRED=0.81005138 wER=0.232111 wMAE=35.3452 wBias=0.5761 condBias=61.4981 dotDrift=+0.272sigma uMRED=0.2210353489 uER=0.386475 uMAE=141.1543 WCE=2352 bias=23.8750 *BEST*
[quad_warmup_bit:02850] loss=0.143509 tau=1.50 collapse_w=0.000 mid_frac=0.202 hard=score=0.3584350788 wNMSE=0.14511127 wMSE=11054.6283 wMRED=0.78412974 wER=0.231050 wMAE=31.8429 wBias=-1.1968 condBias=56.2529 dotDrift=-0.728sigma uMRED=0.1378451657 uER=0.366943 uMAE=80.2402 WCE=816 bias=-10.1250 *BEST*
[quad_warmup_bit:03000] loss=0.130855 tau=1.50 collapse_w=0.000 mid_frac=0.208 hard=score=0.5987112243 wNMSE=0.14034702 wMSE=10691.6857 wMRED=0.77323055 wER=0.236734 wMAE=32.0595 wBias=-2.4754 condBias=53.9297 dotDrift=-1.532sigma uMRED=0.1342905417 uER=0.381592 uMAE=79.2402 WCE=816 bias=-14.1250
[quad_warmup_bit:03200] loss=0.119706 tau=1.50 collapse_w=0.000 mid_frac=0.173 hard=score=1.4038590470 wNMSE=0.13292409 wMSE=10126.2048 wMRED=0.76931327 wER=0.235362 wMAE=31.1262 wBias=-4.6135 condBias=52.6316 dotDrift=-2.934sigma uMRED=0.1206148727 uER=0.372803 uMAE=68.3203 WCE=848 bias=-27.1250
[quad_warmup_bit:03400] loss=0.112638 tau=1.50 collapse_w=0.000 mid_frac=0.155 hard=score=0.4183457882 wNMSE=0.13049483 wMSE=9941.1429 wMRED=0.73452221 wER=0.235490 wMAE=30.1933 wBias=-1.7948 condBias=51.2270 dotDrift=-1.152sigma uMRED=0.1163462786 uER=0.372070 uMAE=66.0879 WCE=720 bias=-21.1250
[quad_warmup_bit:03475] loss=0.110612 tau=1.50 collapse_w=0.000 mid_frac=0.161 hard=score=0.2819170094 wNMSE=0.11193888 wMSE=8527.5438 wMRED=0.70723609 wER=0.231566 wMAE=27.6137 wBias=1.1653 condBias=47.3549 dotDrift=+0.808sigma uMRED=0.0889929497 uER=0.343018 uMAE=47.3848 WCE=592 bias=2.8750 *BEST*
[quad_warmup_bit:03600] loss=0.107455 tau=1.50 collapse_w=0.000 mid_frac=0.149 hard=score=1.6865271384 wNMSE=0.16670631 wMSE=12699.7463 wMRED=0.73459972 wER=0.226943 wMAE=29.7722 wBias=4.9732 condBias=59.5116 dotDrift=+2.824sigma uMRED=0.1506962570 uER=0.347900 uMAE=92.0723 WCE=1536 bias=52.8750
[quad_warmup_bit:03800] loss=0.103062 tau=1.50 collapse_w=0.000 mid_frac=0.131 hard=score=1.4786745566 wNMSE=0.16674418 wMSE=12702.6307 wMRED=0.70655703 wER=0.221728 wMAE=28.7220 wBias=4.5642 condBias=60.0322 dotDrift=+2.592sigma uMRED=0.1487371039 uER=0.341309 uMAE=90.6250 WCE=1536 bias=52.3750
[quad_warmup_bit:04000] loss=0.099825 tau=1.50 collapse_w=0.000 mid_frac=0.119 hard=score=1.4786745566 wNMSE=0.16674418 wMSE=12702.6307 wMRED=0.70655703 wER=0.221728 wMAE=28.7220 wBias=4.5642 condBias=60.0322 dotDrift=+2.592sigma uMRED=0.1487371039 uER=0.341309 uMAE=90.6250 WCE=1536 bias=52.3750
[quad_warmup_bit:04200] loss=0.097522 tau=1.50 collapse_w=0.000 mid_frac=0.125 hard=score=0.6398341013 wNMSE=0.11889906 wMSE=9057.7729 wMRED=0.69297402 wER=0.221395 wMAE=26.8278 wBias=2.7743 condBias=51.1560 dotDrift=+1.866sigma uMRED=0.1056354250 uER=0.336914 uMAE=58.3203 WCE=592 bias=20.8750
[quad_warmup_bit:04400] loss=0.095696 tau=1.50 collapse_w=0.000 mid_frac=0.119 hard=score=0.3690904238 wNMSE=0.12464486 wMSE=9495.4900 wMRED=0.71416125 wER=0.227275 wMAE=28.0779 wBias=1.5243 condBias=54.0311 dotDrift=+1.001sigma uMRED=0.1091894497 uER=0.342773 uMAE=60.3203 WCE=656 bias=18.8750
[quad_warmup_bit:04600] loss=0.094206 tau=1.50 collapse_w=0.000 mid_frac=0.113 hard=score=0.3690904238 wNMSE=0.12464486 wMSE=9495.4900 wMRED=0.71416125 wER=0.227275 wMAE=28.0779 wBias=1.5243 condBias=54.0311 dotDrift=+1.001sigma uMRED=0.1091894497 uER=0.342773 uMAE=60.3203 WCE=656 bias=18.8750
[quad_warmup_bit:04800] loss=0.093068 tau=1.50 collapse_w=0.000 mid_frac=0.113 hard=score=1.2921664729 wNMSE=0.068925123 wMSE=5250.7404 wMRED=0.56130787 wER=0.215155 wMAE=19.5270 wBias=-4.6238 condBias=38.5308 dotDrift=-4.084sigma uMRED=0.0767740328 uER=0.314453 uMAE=43.4219 WCE=528 bias=6.8750
[quad_warmup_bit:05000] loss=0.092090 tau=1.50 collapse_w=0.000 mid_frac=0.107 hard=score=0.8166596886 wNMSE=0.068981357 wMSE=5255.0243 wMRED=0.58853702 wER=0.233661 wMAE=19.9661 wBias=-3.5369 condBias=38.4078 dotDrift=-3.123sigma uMRED=0.0776035785 uER=0.329102 uMAE=43.8359 WCE=544 bias=7.8750
[quad_warmup_bit:05200] loss=0.091258 tau=1.50 collapse_w=0.000 mid_frac=0.107 hard=score=0.8166596886 wNMSE=0.068981357 wMSE=5255.0243 wMRED=0.58853702 wER=0.233661 wMAE=19.9661 wBias=-3.5369 condBias=38.4078 dotDrift=-3.123sigma uMRED=0.0776035785 uER=0.329102 uMAE=43.8359 WCE=544 bias=7.8750
[quad_warmup_bit:05400] loss=0.090636 tau=1.50 collapse_w=0.000 mid_frac=0.107 hard=score=0.8166596886 wNMSE=0.068981357 wMSE=5255.0243 wMRED=0.58853702 wER=0.233661 wMAE=19.9661 wBias=-3.5369 condBias=38.4078 dotDrift=-3.123sigma uMRED=0.0776035785 uER=0.329102 uMAE=43.8359 WCE=544 bias=7.8750
[quad_warmup_bit:05600] loss=0.090130 tau=1.50 collapse_w=0.000 mid_frac=0.107 hard=score=0.5689888786 wNMSE=0.086728883 wMSE=6607.0372 wMRED=0.59521291 wER=0.233661 wMAE=20.8921 wBias=-2.6108 condBias=42.9317 dotDrift=-2.056sigma uMRED=0.0990310288 uER=0.329102 uMAE=59.8359 WCE=1056 bias=23.8750
[quad_warmup_bit:05800] loss=0.089695 tau=1.50 collapse_w=0.000 mid_frac=0.107 hard=score=0.5689888786 wNMSE=0.086728883 wMSE=6607.0372 wMRED=0.59521291 wER=0.233661 wMAE=20.8921 wBias=-2.6108 condBias=42.9317 dotDrift=-2.056sigma uMRED=0.0990310288 uER=0.329102 uMAE=59.8359 WCE=1056 bias=23.8750
[quad_warmup_bit:05999] loss=0.089353 tau=1.50 collapse_w=0.000 mid_frac=0.089 hard=score=1.0068243707 wNMSE=0.086724345 wMSE=6606.6915 wMRED=0.56518847 wER=0.206475 wMAE=20.3649 wBias=-3.8730 condBias=43.0945 dotDrift=-3.050sigma uMRED=0.0980893419 uER=0.306641 uMAE=59.3828 WCE=1024 bias=22.6250
[quad_soft:00000] loss=0.346205 tau=1.50 collapse_w=0.000 mid_frac=0.089 hard=score=1.0068243707 wNMSE=0.086724345 wMSE=6606.6915 wMRED=0.56518847 wER=0.206475 wMAE=20.3649 wBias=-3.8730 condBias=43.0945 dotDrift=-3.050sigma uMRED=0.0980893419 uER=0.306641 uMAE=59.3828 WCE=1024 bias=22.6250
[quad_soft:00200] loss=0.206142 tau=1.59 collapse_w=0.000 mid_frac=0.077 hard=score=0.4970723514 wNMSE=0.054104378 wMSE=4121.6908 wMRED=0.66262806 wER=0.220289 wMAE=17.1309 wBias=2.5360 condBias=35.8212 dotDrift=+2.528sigma uMRED=0.0819273978 uER=0.306641 uMAE=48.9297 WCE=1024 bias=34.8750
[quad_soft:00275] loss=0.190642 tau=1.62 collapse_w=0.000 mid_frac=0.077 hard=score=0.2369622864 wNMSE=0.034270472 wMSE=2610.7367 wMRED=0.41459650 wER=0.233842 wMAE=11.8160 wBias=1.4878 condBias=27.9543 dotDrift=+1.864sigma uMRED=0.0677816760 uER=0.318359 uMAE=43.0391 WCE=1024 bias=31.7500 *BEST*
[quad_soft:00400] loss=0.169051 tau=1.68 collapse_w=0.000 mid_frac=0.077 hard=score=0.2369622864 wNMSE=0.034270472 wMSE=2610.7367 wMRED=0.41459650 wER=0.233842 wMAE=11.8160 wBias=1.4878 condBias=27.9543 dotDrift=+1.864sigma uMRED=0.0677816760 uER=0.318359 uMAE=43.0391 WCE=1024 bias=31.7500
[quad_soft:00600] loss=0.152484 tau=1.77 collapse_w=0.000 mid_frac=0.077 hard=score=0.2369622864 wNMSE=0.034270472 wMSE=2610.7367 wMRED=0.41459650 wER=0.233842 wMAE=11.8160 wBias=1.4878 condBias=27.9543 dotDrift=+1.864sigma uMRED=0.0677816760 uER=0.318359 uMAE=43.0391 WCE=1024 bias=31.7500
[quad_soft:00675] loss=0.151217 tau=1.80 collapse_w=0.000 mid_frac=0.077 hard=score=0.1743968048 wNMSE=0.034272495 wMSE=2610.8909 wMRED=0.41458439 wER=0.243906 wMAE=11.8210 wBias=1.0241 condBias=27.9718 dotDrift=+1.283sigma uMRED=0.0677043277 uER=0.327148 uMAE=43.0312 WCE=1024 bias=31.2500 *BEST*
[quad_soft:00800] loss=0.149084 tau=1.86 collapse_w=0.000 mid_frac=0.083 hard=score=0.1743968048 wNMSE=0.034272495 wMSE=2610.8909 wMRED=0.41458439 wER=0.243906 wMAE=11.8210 wBias=1.0241 condBias=27.9718 dotDrift=+1.283sigma uMRED=0.0677043277 uER=0.327148 uMAE=43.0312 WCE=1024 bias=31.2500
[quad_soft:01000] loss=0.144522 tau=1.95 collapse_w=0.000 mid_frac=0.083 hard=score=0.6229416987 wNMSE=0.033389935 wMSE=2543.6571 wMRED=0.54405083 wER=0.280052 wMAE=12.1623 wBias=3.0681 condBias=27.4761 dotDrift=+3.893sigma uMRED=0.0694372532 uER=0.354492 uMAE=43.4062 WCE=1024 bias=33.2500
[quad_soft:01200] loss=0.138983 tau=2.04 collapse_w=0.000 mid_frac=0.083 hard=score=0.6229416987 wNMSE=0.033389935 wMSE=2543.6571 wMRED=0.54405083 wER=0.280052 wMAE=12.1623 wBias=3.0681 condBias=27.4761 dotDrift=+3.893sigma uMRED=0.0694372532 uER=0.354492 uMAE=43.4062 WCE=1024 bias=33.2500
[quad_soft:01400] loss=0.136481 tau=2.13 collapse_w=0.000 mid_frac=0.083 hard=score=0.6229416987 wNMSE=0.033389935 wMSE=2543.6571 wMRED=0.54405083 wER=0.280052 wMAE=12.1623 wBias=3.0681 condBias=27.4761 dotDrift=+3.893sigma uMRED=0.0694372532 uER=0.354492 uMAE=43.4062 WCE=1024 bias=33.2500
[quad_soft:01600] loss=0.134352 tau=2.22 collapse_w=0.000 mid_frac=0.089 hard=score=0.6229416987 wNMSE=0.033389935 wMSE=2543.6571 wMRED=0.54405083 wER=0.280052 wMAE=12.1623 wBias=3.0681 condBias=27.4761 dotDrift=+3.893sigma uMRED=0.0694372532 uER=0.354492 uMAE=43.4062 WCE=1024 bias=33.2500
[quad_soft:01800] loss=0.132265 tau=2.31 collapse_w=0.000 mid_frac=0.089 hard=score=0.6026048174 wNMSE=0.033403279 wMSE=2544.6737 wMRED=0.54410018 wER=0.280059 wMAE=12.1964 wBias=3.0058 condBias=27.4603 dotDrift=+3.814sigma uMRED=0.0695499805 uER=0.356934 uMAE=43.6719 WCE=1024 bias=32.7500
[quad_soft:02000] loss=0.130165 tau=2.40 collapse_w=0.000 mid_frac=0.089 hard=score=0.6026048174 wNMSE=0.033403279 wMSE=2544.6737 wMRED=0.54410018 wER=0.280059 wMAE=12.1964 wBias=3.0058 condBias=27.4603 dotDrift=+3.814sigma uMRED=0.0695499805 uER=0.356934 uMAE=43.6719 WCE=1024 bias=32.7500
[quad_soft:02200] loss=0.128092 tau=2.49 collapse_w=0.000 mid_frac=0.089 hard=score=0.6026048174 wNMSE=0.033403279 wMSE=2544.6737 wMRED=0.54410018 wER=0.280059 wMAE=12.1964 wBias=3.0058 condBias=27.4603 dotDrift=+3.814sigma uMRED=0.0695499805 uER=0.356934 uMAE=43.6719 WCE=1024 bias=32.7500
[quad_soft:02400] loss=0.125996 tau=2.58 collapse_w=0.000 mid_frac=0.089 hard=score=0.6026048174 wNMSE=0.033403279 wMSE=2544.6737 wMRED=0.54410018 wER=0.280059 wMAE=12.1964 wBias=3.0058 condBias=27.4603 dotDrift=+3.814sigma uMRED=0.0695499805 uER=0.356934 uMAE=43.6719 WCE=1024 bias=32.7500
[quad_soft:02600] loss=0.123917 tau=2.67 collapse_w=0.000 mid_frac=0.089 hard=score=0.6026048174 wNMSE=0.033403279 wMSE=2544.6737 wMRED=0.54410018 wER=0.280059 wMAE=12.1964 wBias=3.0058 condBias=27.4603 dotDrift=+3.814sigma uMRED=0.0695499805 uER=0.356934 uMAE=43.6719 WCE=1024 bias=32.7500
[quad_soft:02800] loss=0.121867 tau=2.76 collapse_w=0.000 mid_frac=0.095 hard=score=0.6026048174 wNMSE=0.033403279 wMSE=2544.6737 wMRED=0.54410018 wER=0.280059 wMAE=12.1964 wBias=3.0058 condBias=27.4603 dotDrift=+3.814sigma uMRED=0.0695499805 uER=0.356934 uMAE=43.6719 WCE=1024 bias=32.7500
[quad_soft:03000] loss=0.119746 tau=2.85 collapse_w=0.000 mid_frac=0.095 hard=score=0.6026048174 wNMSE=0.033403279 wMSE=2544.6737 wMRED=0.54410018 wER=0.280059 wMAE=12.1964 wBias=3.0058 condBias=27.4603 dotDrift=+3.814sigma uMRED=0.0695499805 uER=0.356934 uMAE=43.6719 WCE=1024 bias=32.7500
[quad_soft:03200] loss=0.117654 tau=2.94 collapse_w=0.000 mid_frac=0.095 hard=score=0.6026048174 wNMSE=0.033403279 wMSE=2544.6737 wMRED=0.54410018 wER=0.280059 wMAE=12.1964 wBias=3.0058 condBias=27.4603 dotDrift=+3.814sigma uMRED=0.0695499805 uER=0.356934 uMAE=43.6719 WCE=1024 bias=32.7500
[quad_soft:03400] loss=0.115583 tau=3.03 collapse_w=0.000 mid_frac=0.095 hard=score=0.6026048174 wNMSE=0.033403279 wMSE=2544.6737 wMRED=0.54410018 wER=0.280059 wMAE=12.1964 wBias=3.0058 condBias=27.4603 dotDrift=+3.814sigma uMRED=0.0695499805 uER=0.356934 uMAE=43.6719 WCE=1024 bias=32.7500
[quad_soft:03600] loss=0.113465 tau=3.12 collapse_w=0.000 mid_frac=0.095 hard=score=0.6026048174 wNMSE=0.033403279 wMSE=2544.6737 wMRED=0.54410018 wER=0.280059 wMAE=12.1964 wBias=3.0058 condBias=27.4603 dotDrift=+3.814sigma uMRED=0.0695499805 uER=0.356934 uMAE=43.6719 WCE=1024 bias=32.7500
[quad_soft:03800] loss=0.111332 tau=3.21 collapse_w=0.000 mid_frac=0.095 hard=score=0.6026048174 wNMSE=0.033403279 wMSE=2544.6737 wMRED=0.54410018 wER=0.280059 wMAE=12.1964 wBias=3.0058 condBias=27.4603 dotDrift=+3.814sigma uMRED=0.0695499805 uER=0.356934 uMAE=43.6719 WCE=1024 bias=32.7500
[quad_soft:04000] loss=0.109211 tau=3.30 collapse_w=0.000 mid_frac=0.095 hard=score=0.6026048174 wNMSE=0.033403279 wMSE=2544.6737 wMRED=0.54410018 wER=0.280059 wMAE=12.1964 wBias=3.0058 condBias=27.4603 dotDrift=+3.814sigma uMRED=0.0695499805 uER=0.356934 uMAE=43.6719 WCE=1024 bias=32.7500
[quad_soft:04200] loss=0.106559 tau=3.39 collapse_w=0.000 mid_frac=0.101 hard=score=0.6026048174 wNMSE=0.033403279 wMSE=2544.6737 wMRED=0.54410018 wER=0.280059 wMAE=12.1964 wBias=3.0058 condBias=27.4603 dotDrift=+3.814sigma uMRED=0.0695499805 uER=0.356934 uMAE=43.6719 WCE=1024 bias=32.7500
[quad_soft:04400] loss=0.103887 tau=3.48 collapse_w=0.000 mid_frac=0.101 hard=score=0.6026048174 wNMSE=0.033403279 wMSE=2544.6737 wMRED=0.54410018 wER=0.280059 wMAE=12.1964 wBias=3.0058 condBias=27.4603 dotDrift=+3.814sigma uMRED=0.0695499805 uER=0.356934 uMAE=43.6719 WCE=1024 bias=32.7500
[quad_soft:04600] loss=0.101186 tau=3.57 collapse_w=0.000 mid_frac=0.101 hard=score=0.6026048174 wNMSE=0.033403279 wMSE=2544.6737 wMRED=0.54410018 wER=0.280059 wMAE=12.1964 wBias=3.0058 condBias=27.4603 dotDrift=+3.814sigma uMRED=0.0695499805 uER=0.356934 uMAE=43.6719 WCE=1024 bias=32.7500
[quad_soft:04800] loss=0.098528 tau=3.66 collapse_w=0.000 mid_frac=0.101 hard=score=0.6026048174 wNMSE=0.033403279 wMSE=2544.6737 wMRED=0.54410018 wER=0.280059 wMAE=12.1964 wBias=3.0058 condBias=27.4603 dotDrift=+3.814sigma uMRED=0.0695499805 uER=0.356934 uMAE=43.6719 WCE=1024 bias=32.7500
[quad_soft:05000] loss=0.095824 tau=3.75 collapse_w=0.000 mid_frac=0.101 hard=score=0.6026048174 wNMSE=0.033403279 wMSE=2544.6737 wMRED=0.54410018 wER=0.280059 wMAE=12.1964 wBias=3.0058 condBias=27.4603 dotDrift=+3.814sigma uMRED=0.0695499805 uER=0.356934 uMAE=43.6719 WCE=1024 bias=32.7500
[quad_soft:05200] loss=0.093142 tau=3.84 collapse_w=0.000 mid_frac=0.101 hard=score=0.6026048174 wNMSE=0.033403279 wMSE=2544.6737 wMRED=0.54410018 wER=0.280059 wMAE=12.1964 wBias=3.0058 condBias=27.4603 dotDrift=+3.814sigma uMRED=0.0695499805 uER=0.356934 uMAE=43.6719 WCE=1024 bias=32.7500
[quad_soft:05400] loss=0.090447 tau=3.93 collapse_w=0.000 mid_frac=0.101 hard=score=0.6026048174 wNMSE=0.033403279 wMSE=2544.6737 wMRED=0.54410018 wER=0.280059 wMAE=12.1964 wBias=3.0058 condBias=27.4603 dotDrift=+3.814sigma uMRED=0.0695499805 uER=0.356934 uMAE=43.6719 WCE=1024 bias=32.7500
[quad_soft:05600] loss=0.087762 tau=4.02 collapse_w=0.000 mid_frac=0.101 hard=score=0.6026048174 wNMSE=0.033403279 wMSE=2544.6737 wMRED=0.54410018 wER=0.280059 wMAE=12.1964 wBias=3.0058 condBias=27.4603 dotDrift=+3.814sigma uMRED=0.0695499805 uER=0.356934 uMAE=43.6719 WCE=1024 bias=32.7500
[quad_soft:05800] loss=0.085054 tau=4.11 collapse_w=0.000 mid_frac=0.101 hard=score=0.6026048174 wNMSE=0.033403279 wMSE=2544.6737 wMRED=0.54410018 wER=0.280059 wMAE=12.1964 wBias=3.0058 condBias=27.4603 dotDrift=+3.814sigma uMRED=0.0695499805 uER=0.356934 uMAE=43.6719 WCE=1024 bias=32.7500
[quad_soft:06000] loss=0.082370 tau=4.20 collapse_w=0.000 mid_frac=0.101 hard=score=0.6026048174 wNMSE=0.033403279 wMSE=2544.6737 wMRED=0.54410018 wER=0.280059 wMAE=12.1964 wBias=3.0058 condBias=27.4603 dotDrift=+3.814sigma uMRED=0.0695499805 uER=0.356934 uMAE=43.6719 WCE=1024 bias=32.7500
[quad_soft:06200] loss=0.080745 tau=4.29 collapse_w=0.025 mid_frac=0.101 hard=score=0.6026048174 wNMSE=0.033403279 wMSE=2544.6737 wMRED=0.54410018 wER=0.280059 wMAE=12.1964 wBias=3.0058 condBias=27.4603 dotDrift=+3.814sigma uMRED=0.0695499805 uER=0.356934 uMAE=43.6719 WCE=1024 bias=32.7500
[quad_soft:06400] loss=0.078993 tau=4.38 collapse_w=0.050 mid_frac=0.089 hard=score=0.6026048174 wNMSE=0.033403279 wMSE=2544.6737 wMRED=0.54410018 wER=0.280059 wMAE=12.1964 wBias=3.0058 condBias=27.4603 dotDrift=+3.814sigma uMRED=0.0695499805 uER=0.356934 uMAE=43.6719 WCE=1024 bias=32.7500
[quad_soft:06600] loss=0.077142 tau=4.47 collapse_w=0.075 mid_frac=0.089 hard=score=0.6026048174 wNMSE=0.033403279 wMSE=2544.6737 wMRED=0.54410018 wER=0.280059 wMAE=12.1964 wBias=3.0058 condBias=27.4603 dotDrift=+3.814sigma uMRED=0.0695499805 uER=0.356934 uMAE=43.6719 WCE=1024 bias=32.7500
[quad_soft:06800] loss=0.075225 tau=4.56 collapse_w=0.100 mid_frac=0.089 hard=score=0.6026048174 wNMSE=0.033403279 wMSE=2544.6737 wMRED=0.54410018 wER=0.280059 wMAE=12.1964 wBias=3.0058 condBias=27.4603 dotDrift=+3.814sigma uMRED=0.0695499805 uER=0.356934 uMAE=43.6719 WCE=1024 bias=32.7500
[quad_soft:07000] loss=0.073217 tau=4.65 collapse_w=0.125 mid_frac=0.077 hard=score=0.8153595748 wNMSE=0.033361255 wMSE=2541.4723 wMRED=0.53636005 wER=0.256443 wMAE=12.0551 wBias=3.6052 condBias=27.4011 dotDrift=+4.577sigma uMRED=0.0693689614 uER=0.336426 uMAE=43.5586 WCE=1024 bias=33.3750
[quad_soft:07200] loss=0.071182 tau=4.74 collapse_w=0.150 mid_frac=0.077 hard=score=0.8153595748 wNMSE=0.033361255 wMSE=2541.4723 wMRED=0.53636005 wER=0.256443 wMAE=12.0551 wBias=3.6052 condBias=27.4011 dotDrift=+4.577sigma uMRED=0.0693689614 uER=0.336426 uMAE=43.5586 WCE=1024 bias=33.3750
[quad_soft:07400] loss=0.069090 tau=4.83 collapse_w=0.175 mid_frac=0.077 hard=score=0.8153595748 wNMSE=0.033361255 wMSE=2541.4723 wMRED=0.53636005 wER=0.256443 wMAE=12.0551 wBias=3.6052 condBias=27.4011 dotDrift=+4.577sigma uMRED=0.0693689614 uER=0.336426 uMAE=43.5586 WCE=1024 bias=33.3750
[quad_soft:07600] loss=0.066982 tau=4.92 collapse_w=0.200 mid_frac=0.077 hard=score=0.8153595748 wNMSE=0.033361255 wMSE=2541.4723 wMRED=0.53636005 wER=0.256443 wMAE=12.0551 wBias=3.6052 condBias=27.4011 dotDrift=+4.577sigma uMRED=0.0693689614 uER=0.336426 uMAE=43.5586 WCE=1024 bias=33.3750
[quad_soft:07800] loss=0.064830 tau=5.01 collapse_w=0.225 mid_frac=0.077 hard=score=0.8153595748 wNMSE=0.033361255 wMSE=2541.4723 wMRED=0.53636005 wER=0.256443 wMAE=12.0551 wBias=3.6052 condBias=27.4011 dotDrift=+4.577sigma uMRED=0.0693689614 uER=0.336426 uMAE=43.5586 WCE=1024 bias=33.3750
[quad_soft:08000] loss=0.062622 tau=5.10 collapse_w=0.250 mid_frac=0.077 hard=score=0.8153595748 wNMSE=0.033361255 wMSE=2541.4723 wMRED=0.53636005 wER=0.256443 wMAE=12.0551 wBias=3.6052 condBias=27.4011 dotDrift=+4.577sigma uMRED=0.0693689614 uER=0.336426 uMAE=43.5586 WCE=1024 bias=33.3750
[quad_soft:08200] loss=0.060397 tau=5.19 collapse_w=0.275 mid_frac=0.077 hard=score=0.8153595748 wNMSE=0.033361255 wMSE=2541.4723 wMRED=0.53636005 wER=0.256443 wMAE=12.0551 wBias=3.6052 condBias=27.4011 dotDrift=+4.577sigma uMRED=0.0693689614 uER=0.336426 uMAE=43.5586 WCE=1024 bias=33.3750
[quad_soft:08400] loss=0.058116 tau=5.28 collapse_w=0.300 mid_frac=0.077 hard=score=0.8153595748 wNMSE=0.033361255 wMSE=2541.4723 wMRED=0.53636005 wER=0.256443 wMAE=12.0551 wBias=3.6052 condBias=27.4011 dotDrift=+4.577sigma uMRED=0.0693689614 uER=0.336426 uMAE=43.5586 WCE=1024 bias=33.3750
[quad_soft:08600] loss=0.055753 tau=5.37 collapse_w=0.325 mid_frac=0.077 hard=score=0.8153595748 wNMSE=0.033361255 wMSE=2541.4723 wMRED=0.53636005 wER=0.256443 wMAE=12.0551 wBias=3.6052 condBias=27.4011 dotDrift=+4.577sigma uMRED=0.0693689614 uER=0.336426 uMAE=43.5586 WCE=1024 bias=33.3750
[quad_soft:08800] loss=0.053330 tau=5.46 collapse_w=0.350 mid_frac=0.077 hard=score=0.8153595748 wNMSE=0.033361255 wMSE=2541.4723 wMRED=0.53636005 wER=0.256443 wMAE=12.0551 wBias=3.6052 condBias=27.4011 dotDrift=+4.577sigma uMRED=0.0693689614 uER=0.336426 uMAE=43.5586 WCE=1024 bias=33.3750
[quad_soft:09000] loss=0.050875 tau=5.55 collapse_w=0.375 mid_frac=0.077 hard=score=0.8153595748 wNMSE=0.033361255 wMSE=2541.4723 wMRED=0.53636005 wER=0.256443 wMAE=12.0551 wBias=3.6052 condBias=27.4011 dotDrift=+4.577sigma uMRED=0.0693689614 uER=0.336426 uMAE=43.5586 WCE=1024 bias=33.3750
[quad_soft:09200] loss=0.048357 tau=5.64 collapse_w=0.400 mid_frac=0.071 hard=score=0.8153595748 wNMSE=0.033361255 wMSE=2541.4723 wMRED=0.53636005 wER=0.256443 wMAE=12.0551 wBias=3.6052 condBias=27.4011 dotDrift=+4.577sigma uMRED=0.0693689614 uER=0.336426 uMAE=43.5586 WCE=1024 bias=33.3750
[quad_soft:09400] loss=0.045766 tau=5.73 collapse_w=0.425 mid_frac=0.071 hard=score=0.8153595748 wNMSE=0.033361255 wMSE=2541.4723 wMRED=0.53636005 wER=0.256443 wMAE=12.0551 wBias=3.6052 condBias=27.4011 dotDrift=+4.577sigma uMRED=0.0693689614 uER=0.336426 uMAE=43.5586 WCE=1024 bias=33.3750
[quad_soft:09600] loss=0.043067 tau=5.82 collapse_w=0.450 mid_frac=0.071 hard=score=0.8153595748 wNMSE=0.033361255 wMSE=2541.4723 wMRED=0.53636005 wER=0.256443 wMAE=12.0551 wBias=3.6052 condBias=27.4011 dotDrift=+4.577sigma uMRED=0.0693689614 uER=0.336426 uMAE=43.5586 WCE=1024 bias=33.3750
[quad_soft:09800] loss=0.040230 tau=5.91 collapse_w=0.475 mid_frac=0.071 hard=score=0.8153595748 wNMSE=0.033361255 wMSE=2541.4723 wMRED=0.53636005 wER=0.256443 wMAE=12.0551 wBias=3.6052 condBias=27.4011 dotDrift=+4.577sigma uMRED=0.0693689614 uER=0.336426 uMAE=43.5586 WCE=1024 bias=33.3750
[quad_soft:09999] loss=0.037227 tau=6.00 collapse_w=0.500 mid_frac=0.065 hard=score=0.8153595748 wNMSE=0.033361255 wMSE=2541.4723 wMRED=0.53636005 wER=0.256443 wMAE=12.0551 wBias=3.6052 condBias=27.4011 dotDrift=+4.577sigma uMRED=0.0693689614 uER=0.336426 uMAE=43.5586 WCE=1024 bias=33.3750
[quad_hard_ste:00000] loss=0.803165 tau=6.00 collapse_w=0.500 mid_frac=0.065 hard=score=0.8153595748 wNMSE=0.033361255 wMSE=2541.4723 wMRED=0.53636005 wER=0.256443 wMAE=12.0551 wBias=3.6052 condBias=27.4011 dotDrift=+4.577sigma uMRED=0.0693689614 uER=0.336426 uMAE=43.5586 WCE=1024 bias=33.3750
[quad_hard_ste:00075] loss=0.112585 tau=6.00 collapse_w=0.500 mid_frac=0.077 hard=score=0.1312876514 wNMSE=0.037139026 wMSE=2829.2643 wMRED=0.53752238 wER=0.256443 wMAE=12.1956 wBias=-0.0991 condBias=29.0545 dotDrift=-0.119sigma uMRED=0.0725243421 uER=0.336426 uMAE=45.7148 WCE=1160 bias=-30.6250 *BEST*
[quad_hard_ste:00200] loss=0.112766 tau=6.00 collapse_w=0.500 mid_frac=0.089 hard=score=0.8153595748 wNMSE=0.033361255 wMSE=2541.4723 wMRED=0.53636005 wER=0.256443 wMAE=12.0551 wBias=3.6052 condBias=27.4011 dotDrift=+4.577sigma uMRED=0.0693689614 uER=0.336426 uMAE=43.5586 WCE=1024 bias=33.3750
[quad_hard_ste:00400] loss=0.114531 tau=6.00 collapse_w=0.500 mid_frac=0.083 hard=score=0.1312876514 wNMSE=0.037139026 wMSE=2829.2643 wMRED=0.53752238 wER=0.256443 wMAE=12.1956 wBias=-0.0991 condBias=29.0545 dotDrift=-0.119sigma uMRED=0.0725243421 uER=0.336426 uMAE=45.7148 WCE=1160 bias=-30.6250
[quad_hard_ste:00600] loss=0.271610 tau=6.00 collapse_w=0.500 mid_frac=0.089 hard=score=0.2810037336 wNMSE=0.033157554 wMSE=2525.9543 wMRED=0.52751995 wER=0.309864 wMAE=12.4705 wBias=1.7505 condBias=26.9417 dotDrift=+2.229sigma uMRED=0.0693248863 uER=0.357422 uMAE=43.6172 WCE=1024 bias=32.3750
[quad_hard_ste:00800] loss=0.271252 tau=6.00 collapse_w=0.500 mid_frac=0.089 hard=score=0.2810037336 wNMSE=0.033157554 wMSE=2525.9543 wMRED=0.52751995 wER=0.309864 wMAE=12.4705 wBias=1.7505 condBias=26.9417 dotDrift=+2.229sigma uMRED=0.0693248863 uER=0.357422 uMAE=43.6172 WCE=1024 bias=32.3750
[quad_hard_ste:01000] loss=0.318741 tau=6.00 collapse_w=0.500 mid_frac=0.095 hard=score=0.3353266567 wNMSE=0.036988635 wMSE=2817.8074 wMRED=0.52871608 wER=0.309864 wMAE=12.6130 wBias=-1.9538 condBias=28.6870 dotDrift=-2.356sigma uMRED=0.0725735878 uER=0.357422 uMAE=45.8047 WCE=1160 bias=-31.6250
[quad_hard_ste:01200] loss=0.369614 tau=6.00 collapse_w=0.500 mid_frac=0.095 hard=score=0.3353266567 wNMSE=0.036988635 wMSE=2817.8074 wMRED=0.52871608 wER=0.309864 wMAE=12.6130 wBias=-1.9538 condBias=28.6870 dotDrift=-2.356sigma uMRED=0.0725735878 uER=0.357422 uMAE=45.8047 WCE=1160 bias=-31.6250
[quad_hard_ste:01400] loss=0.369571 tau=6.00 collapse_w=0.500 mid_frac=0.095 hard=score=0.2492988615 wNMSE=0.036916777 wMSE=2812.3332 wMRED=0.52799193 wER=0.296464 wMAE=12.5709 wBias=-1.4901 condBias=28.5825 dotDrift=-1.798sigma uMRED=0.0725238784 uER=0.345703 uMAE=45.7578 WCE=1160 bias=-31.1250
[quad_hard_ste:01600] loss=0.318620 tau=6.00 collapse_w=0.500 mid_frac=0.113 hard=score=0.3353266567 wNMSE=0.036988635 wMSE=2817.8074 wMRED=0.52871608 wER=0.309864 wMAE=12.6130 wBias=-1.9538 condBias=28.6870 dotDrift=-2.356sigma uMRED=0.0725735878 uER=0.357422 uMAE=45.8047 WCE=1160 bias=-31.6250
[quad_hard_ste:01800] loss=0.369544 tau=6.00 collapse_w=0.500 mid_frac=0.113 hard=score=0.3353266567 wNMSE=0.036988635 wMSE=2817.8074 wMRED=0.52871608 wER=0.309864 wMAE=12.6130 wBias=-1.9538 condBias=28.6870 dotDrift=-2.356sigma uMRED=0.0725735878 uER=0.357422 uMAE=45.8047 WCE=1160 bias=-31.6250
[quad_hard_ste:02000] loss=0.369540 tau=6.00 collapse_w=0.500 mid_frac=0.107 hard=score=0.3797194297 wNMSE=0.033139005 wMSE=2524.5412 wMRED=0.52682959 wER=0.296464 wMAE=12.4303 wBias=2.2143 condBias=26.9002 dotDrift=+2.820sigma uMRED=0.0693684977 uER=0.345703 uMAE=43.6016 WCE=1024 bias=32.8750
[quad_hard_ste:02200] loss=0.232414 tau=6.00 collapse_w=0.500 mid_frac=0.107 hard=score=0.2492988615 wNMSE=0.036916777 wMSE=2812.3332 wMRED=0.52799193 wER=0.296464 wMAE=12.5709 wBias=-1.4901 condBias=28.5825 dotDrift=-1.798sigma uMRED=0.0725238784 uER=0.345703 uMAE=45.7578 WCE=1160 bias=-31.1250
[quad_hard_ste:02400] loss=0.369574 tau=6.00 collapse_w=0.500 mid_frac=0.107 hard=score=0.3797194297 wNMSE=0.033139005 wMSE=2524.5412 wMRED=0.52682959 wER=0.296464 wMAE=12.4303 wBias=2.2143 condBias=26.9002 dotDrift=+2.820sigma uMRED=0.0693684977 uER=0.345703 uMAE=43.6016 WCE=1024 bias=32.8750
[quad_hard_ste:02600] loss=0.318682 tau=6.00 collapse_w=0.500 mid_frac=0.113 hard=score=0.3353266567 wNMSE=0.036988635 wMSE=2817.8074 wMRED=0.52871608 wER=0.309864 wMAE=12.6130 wBias=-1.9538 condBias=28.6870 dotDrift=-2.356sigma uMRED=0.0725735878 uER=0.357422 uMAE=45.8047 WCE=1160 bias=-31.6250
[quad_hard_ste:02800] loss=0.232505 tau=6.00 collapse_w=0.500 mid_frac=0.107 hard=score=0.3797194297 wNMSE=0.033139005 wMSE=2524.5412 wMRED=0.52682959 wER=0.296464 wMAE=12.4303 wBias=2.2143 condBias=26.9002 dotDrift=+2.820sigma uMRED=0.0693684977 uER=0.345703 uMAE=43.6016 WCE=1024 bias=32.8750
[quad_hard_ste:03000] loss=0.369678 tau=6.00 collapse_w=0.500 mid_frac=0.107 hard=score=0.3797194297 wNMSE=0.033139005 wMSE=2524.5412 wMRED=0.52682959 wER=0.296464 wMAE=12.4303 wBias=2.2143 condBias=26.9002 dotDrift=+2.820sigma uMRED=0.0693684977 uER=0.345703 uMAE=43.6016 WCE=1024 bias=32.8750
[quad_hard_ste:03200] loss=0.232600 tau=6.00 collapse_w=0.500 mid_frac=0.107 hard=score=0.2492988615 wNMSE=0.036916777 wMSE=2812.3332 wMRED=0.52799193 wER=0.296464 wMAE=12.5709 wBias=-1.4901 condBias=28.5825 dotDrift=-1.798sigma uMRED=0.0725238784 uER=0.345703 uMAE=45.7578 WCE=1160 bias=-31.1250
[quad_hard_ste:03400] loss=0.369794 tau=6.00 collapse_w=0.500 mid_frac=0.107 hard=score=0.3797194297 wNMSE=0.033139005 wMSE=2524.5412 wMRED=0.52682959 wER=0.296464 wMAE=12.4303 wBias=2.2143 condBias=26.9002 dotDrift=+2.820sigma uMRED=0.0693684977 uER=0.345703 uMAE=43.6016 WCE=1024 bias=32.8750
[quad_hard_ste:03600] loss=0.369852 tau=6.00 collapse_w=0.500 mid_frac=0.107 hard=score=0.3797194297 wNMSE=0.033139005 wMSE=2524.5412 wMRED=0.52682959 wER=0.296464 wMAE=12.4303 wBias=2.2143 condBias=26.9002 dotDrift=+2.820sigma uMRED=0.0693684977 uER=0.345703 uMAE=43.6016 WCE=1024 bias=32.8750
[quad_hard_ste:03800] loss=0.369924 tau=6.00 collapse_w=0.500 mid_frac=0.107 hard=score=0.3797194297 wNMSE=0.033139005 wMSE=2524.5412 wMRED=0.52682959 wER=0.296464 wMAE=12.4303 wBias=2.2143 condBias=26.9002 dotDrift=+2.820sigma uMRED=0.0693684977 uER=0.345703 uMAE=43.6016 WCE=1024 bias=32.8750
[quad_hard_ste:03999] loss=0.106306 tau=6.00 collapse_w=0.500 mid_frac=0.107 hard=score=0.1190314398 wNMSE=0.034121123 wMSE=2599.3593 wMRED=0.46730433 wER=0.268750 wMAE=12.3589 wBias=0.1702 condBias=27.5422 dotDrift=+0.214sigma uMRED=0.0687572765 uER=0.322266 uMAE=43.3516 WCE=1024 bias=30.8750 *BEST*
[pop00_soft:00000] loss=34.823627 tau=1.50 collapse_w=0.000 mid_frac=0.286 hard=score=82.0387912340 wNMSE=13.741012 wMSE=1046795.2124 wMRED=44.70477731 wER=0.580097 wMAE=520.1833 wBias=33.1253 condBias=493.3368 dotDrift=+2.072sigma uMRED=1.1954720674 uER=0.575928 uMAE=362.8262 WCE=3384 bias=94.7500
[pop00_soft:00200] loss=7.701222 tau=2.25 collapse_w=0.000 mid_frac=0.280 hard=score=1145.7560927744 wNMSE=12.592703 wMSE=959316.5720 wMRED=38.34673132 wER=0.550708 wMAE=441.3162 wBias=-144.6148 condBias=431.1254 dotDrift=-9.450sigma uMRED=1.0784156171 uER=0.560547 uMAE=331.5010 WCE=3480 bias=-187.0000
[pop00_soft:00400] loss=2.946386 tau=3.00 collapse_w=0.000 mid_frac=0.268 hard=score=429.2722163263 wNMSE=0.78627615 wMSE=59898.7973 wMRED=8.82778300 wER=0.487579 wMAE=116.9092 wBias=-89.1913 condBias=163.2204 dotDrift=-23.323sigma uMRED=0.3426775817 uER=0.556152 uMAE=159.0820 WCE=1384 bias=16.8750
[pop00_soft:00600] loss=0.559313 tau=3.75 collapse_w=0.000 mid_frac=0.214 hard=score=1.5504474938 wNMSE=0.44796979 wMSE=34126.4980 wMRED=3.55732222 wER=0.417313 wMAE=79.8502 wBias=-3.7697 condBias=86.2030 dotDrift=-1.306sigma uMRED=0.3092459674 uER=0.497314 uMAE=178.5996 WCE=1828 bias=-130.8750
[pop00_soft:00800] loss=0.397469 tau=4.50 collapse_w=0.084 mid_frac=0.208 hard=score=1.5487155336 wNMSE=0.4373452 wMSE=33317.1132 wMRED=3.51435884 wER=0.398132 wMAE=78.3282 wBias=-3.8555 condBias=82.8871 dotDrift=-1.352sigma uMRED=0.2904825629 uER=0.472412 uMAE=168.6602 WCE=1728 bias=-114.0000
[pop00_soft:01000] loss=0.306968 tau=5.25 collapse_w=0.293 mid_frac=0.167 hard=score=0.8730720680 wNMSE=0.43226309 wMSE=32929.9563 wMRED=3.46544002 wER=0.385259 wMAE=76.5184 wBias=-1.5541 condBias=82.3835 dotDrift=-0.548sigma uMRED=0.2866207908 uER=0.465332 uMAE=166.6602 WCE=1712 bias=-111.2500
[pop00_soft:01199] loss=0.215865 tau=6.00 collapse_w=0.500 mid_frac=0.161 hard=score=0.8965568826 wNMSE=0.37493516 wMSE=28562.6939 wMRED=3.44994815 wER=0.385259 wMAE=74.3859 wBias=2.1502 condBias=74.6972 dotDrift=+0.814sigma uMRED=0.2373624710 uER=0.465332 uMAE=130.0352 WCE=1508 bias=-47.2500
[pop00_hard:00000] loss=1.020356 tau=6.00 collapse_w=0.500 mid_frac=0.161 hard=score=0.8965568826 wNMSE=0.37493516 wMSE=28562.6939 wMRED=3.44994815 wER=0.385259 wMAE=74.3859 wBias=2.1502 condBias=74.6972 dotDrift=+0.814sigma uMRED=0.2373624710 uER=0.465332 uMAE=130.0352 WCE=1508 bias=-47.2500
[pop00_hard:00200] loss=1.018368 tau=6.00 collapse_w=0.500 mid_frac=0.149 hard=score=0.8965568826 wNMSE=0.37493516 wMSE=28562.6939 wMRED=3.44994815 wER=0.385259 wMAE=74.3859 wBias=2.1502 condBias=74.6972 dotDrift=+0.814sigma uMRED=0.2373624710 uER=0.465332 uMAE=130.0352 WCE=1508 bias=-47.2500
[pop00_hard:00400] loss=1.017336 tau=6.00 collapse_w=0.500 mid_frac=0.155 hard=score=454.8935015972 wNMSE=0.71135596 wMSE=54191.3507 wMRED=8.26228338 wER=0.385259 wMAE=99.4139 wBias=-91.8363 condBias=162.3228 dotDrift=-25.248sigma uMRED=0.3115518354 uER=0.465332 uMAE=134.8164 WCE=1508 bias=-79.2500
[pop00_hard:00599] loss=1.016726 tau=6.00 collapse_w=0.500 mid_frac=0.149 hard=score=0.8965568826 wNMSE=0.37493516 wMSE=28562.6939 wMRED=3.44994815 wER=0.385259 wMAE=74.3859 wBias=2.1502 condBias=74.6972 dotDrift=+0.814sigma uMRED=0.2373624710 uER=0.465332 uMAE=130.0352 WCE=1508 bias=-47.2500
[pop00] done (conf=0.53, noise=0.5); global best score=0.1190314398 wNMSE=0.034121123 wMSE=2599.3593 wMRED=0.46730433 wER=0.268750 wMAE=12.3589 wBias=0.1702 condBias=27.5422 dotDrift=+0.214sigma uMRED=0.0687572765 uER=0.322266 uMAE=43.3516 WCE=1024 bias=30.8750
[pop01_soft:00000] loss=50.434402 tau=1.50 collapse_w=0.000 mid_frac=0.435 hard=score=2588.9998893758 wNMSE=9.6247831 wMSE=733219.4056 wMRED=27.02404927 wER=0.579166 wMAE=398.2094 wBias=218.6186 condBias=528.3594 dotDrift=+16.340sigma uMRED=0.7913156663 uER=0.573730 uMAE=301.2070 WCE=2832 bias=61.0000
[pop01_soft:00200] loss=50.872032 tau=2.25 collapse_w=0.000 mid_frac=0.411 hard=score=89.5513513506 wNMSE=12.146805 wMSE=925347.9455 wMRED=35.66491283 wER=0.564789 wMAE=512.3164 wBias=35.6285 condBias=527.7776 dotDrift=+2.370sigma uMRED=1.1641296732 uER=0.575928 uMAE=416.5557 WCE=3388 bias=-237.0000
[pop01_soft:00400] loss=12.414873 tau=3.00 collapse_w=0.000 mid_frac=0.423 hard=score=800.0671206552 wNMSE=2.4126662 wMSE=183797.7720 wMRED=8.48491823 wER=0.564789 wMAE=170.0885 wBias=-121.6694 condBias=241.0378 dotDrift=-18.163sigma uMRED=0.6015093698 uER=0.575928 uMAE=314.6182 WCE=3128 bias=-257.3750
[pop01_soft:00600] loss=6.176452 tau=3.75 collapse_w=0.000 mid_frac=0.423 hard=score=233.1828830339 wNMSE=0.76395343 wMSE=58198.2443 wMRED=5.81114669 wER=0.539638 wMAE=113.4759 wBias=-65.6461 condBias=130.6082 dotDrift=-17.415sigma uMRED=0.4132167032 uER=0.568604 uMAE=227.5791 WCE=2012 bias=-215.2500
[pop01_soft:00800] loss=2.095724 tau=4.50 collapse_w=0.084 mid_frac=0.393 hard=score=51.6708732390 wNMSE=0.26789497 wMSE=20408.3346 wMRED=2.50690394 wER=0.494002 wMAE=62.2565 wBias=30.8341 condBias=77.1122 dotDrift=+13.814sigma uMRED=0.2348817846 uER=0.550293 uMAE=138.6543 WCE=1440 bias=62.5000
[pop01_soft:01000] loss=1.657152 tau=5.25 collapse_w=0.293 mid_frac=0.339 hard=score=79.2293778567 wNMSE=0.25648394 wMSE=19539.0378 wMRED=3.17553884 wER=0.519613 wMAE=67.3665 wBias=38.2660 condBias=72.1725 dotDrift=+17.520sigma uMRED=0.2078039405 uER=0.554688 uMAE=117.7949 WCE=1024 bias=25.3750
[pop01_soft:01199] loss=1.381190 tau=6.00 collapse_w=0.500 mid_frac=0.339 hard=score=85.4228761064 wNMSE=0.26077192 wMSE=19865.6977 wMRED=3.20764531 wER=0.519613 wMAE=68.0678 wBias=39.7400 condBias=75.0247 dotDrift=+18.045sigma uMRED=0.2091153490 uER=0.554688 uMAE=117.9629 WCE=1024 bias=27.3750
[pop01_hard:00000] loss=85.569344 tau=6.00 collapse_w=0.500 mid_frac=0.339 hard=score=85.4228761064 wNMSE=0.26077192 wMSE=19865.6977 wMRED=3.20764531 wER=0.519613 wMAE=68.0678 wBias=39.7400 condBias=75.0247 dotDrift=+18.045sigma uMRED=0.2091153490 uER=0.554688 uMAE=117.9629 WCE=1024 bias=27.3750
[pop01_hard:00200] loss=63.986851 tau=6.00 collapse_w=0.500 mid_frac=0.333 hard=score=63.8394629603 wNMSE=0.30781411 wMSE=23449.3883 wMRED=3.24253951 wER=0.519613 wMAE=71.7970 wBias=34.3019 condBias=77.8736 dotDrift=+14.336sigma uMRED=0.2449744498 uER=0.554688 uMAE=144.7520 WCE=1128 bias=-8.6250
[pop01_hard:00400] loss=45.477898 tau=6.00 collapse_w=0.500 mid_frac=0.345 hard=score=45.3330327500 wNMSE=0.3266631 wMSE=24885.3114 wMRED=3.05755183 wER=0.526472 wMAE=72.3614 wBias=28.8391 condBias=81.5335 dotDrift=+11.700sigma uMRED=0.2852831226 uER=0.556885 uMAE=170.2949 WCE=1240 bias=-55.7500
[pop01_hard:00599] loss=0.804975 tau=6.00 collapse_w=0.500 mid_frac=0.375 hard=score=0.6814341953 wNMSE=0.3038652 wMSE=23148.5591 wMRED=2.50850534 wER=0.527150 wMAE=66.8538 wBias=-1.3285 condBias=84.5709 dotDrift=-0.559sigma uMRED=0.2680241740 uER=0.559814 uMAE=169.1680 WCE=1372 bias=-120.3750
[pop01] done (conf=0.51, noise=1.0); global best score=0.1190314398 wNMSE=0.034121123 wMSE=2599.3593 wMRED=0.46730433 wER=0.268750 wMAE=12.3589 wBias=0.1702 condBias=27.5422 dotDrift=+0.214sigma uMRED=0.0687572765 uER=0.322266 uMAE=43.3516 WCE=1024 bias=30.8750
[pop02_soft:00000] loss=41.825436 tau=1.50 collapse_w=0.000 mid_frac=0.339 hard=score=993.8760299575 wNMSE=30.347864 wMSE=2311911.1196 wMRED=56.00098087 wER=0.532229 wMAE=753.8982 wBias=132.5041 condBias=792.1745 dotDrift=+5.577sigma uMRED=1.3679298865 uER=0.558350 uMAE=377.2100 WCE=3962 bias=-14.8125
[pop02_soft:00200] loss=12.263811 tau=2.25 collapse_w=0.000 mid_frac=0.327 hard=score=7465.2725387633 wNMSE=13.296324 wMSE=1012918.7100 wMRED=33.27402369 wER=0.472508 wMAE=397.2160 wBias=-372.0167 condBias=636.6929 dotDrift=-23.657sigma uMRED=1.0624885392 uER=0.550049 uMAE=364.0249 WCE=3711 bias=-245.9375
[pop02_soft:00400] loss=6.767503 tau=3.00 collapse_w=0.000 mid_frac=0.333 hard=score=79.6546476407 wNMSE=0.3160349 wMSE=24075.6515 wMRED=5.20859047 wER=0.465078 wMAE=75.6799 wBias=-38.3346 condBias=91.5505 dotDrift=-15.812sigma uMRED=0.2603762050 uER=0.550781 uMAE=142.5752 WCE=1664 bias=48.1250
[pop02_soft:00600] loss=2.590572 tau=3.75 collapse_w=0.000 mid_frac=0.262 hard=score=296.0595291134 wNMSE=0.88315475 wMSE=67279.0431 wMRED=8.46826985 wER=0.456705 wMAE=115.7914 wBias=-73.9886 condBias=166.7514 dotDrift=-18.256sigma uMRED=0.3065080185 uER=0.548340 uMAE=136.8320 WCE=848 bias=-5.3750
[pop02_soft:00800] loss=1.307321 tau=4.50 collapse_w=0.084 mid_frac=0.208 hard=score=395.0766295647 wNMSE=1.0712314 wMSE=81606.7869 wMRED=9.63710855 wER=0.424596 wMAE=119.4401 wBias=-85.4985 condBias=175.9477 dotDrift=-19.155sigma uMRED=0.3302565445 uER=0.525635 uMAE=130.7949 WCE=1032 bias=-34.3750
[pop02_soft:01000] loss=0.413699 tau=5.25 collapse_w=0.293 mid_frac=0.167 hard=score=0.5969631019 wNMSE=0.21479692 wMSE=16363.3055 wMRED=2.14619063 wER=0.421443 wMAE=53.8445 wBias=1.9219 condBias=68.4804 dotDrift=+0.962sigma uMRED=0.1846786808 uER=0.510254 uMAE=105.1934 WCE=840 bias=-17.3750
[pop02_soft:01199] loss=0.274080 tau=6.00 collapse_w=0.500 mid_frac=0.155 hard=score=0.4374121033 wNMSE=0.17993174 wMSE=13707.2641 wMRED=1.95033915 wER=0.418884 wMAE=47.3120 wBias=1.2657 condBias=65.1218 dotDrift=+0.692sigma uMRED=0.1617714663 uER=0.502197 uMAE=92.2988 WCE=840 bias=-25.3750
[pop02_hard:00000] loss=0.519515 tau=6.00 collapse_w=0.500 mid_frac=0.155 hard=score=0.4374121033 wNMSE=0.17993174 wMSE=13707.2641 wMRED=1.95033915 wER=0.418884 wMAE=47.3120 wBias=1.2657 condBias=65.1218 dotDrift=+0.692sigma uMRED=0.1617714663 uER=0.502197 uMAE=92.2988 WCE=840 bias=-25.3750
[pop02_hard:00200] loss=1.050447 tau=6.00 collapse_w=0.500 mid_frac=0.149 hard=score=0.9599077229 wNMSE=0.18857683 wMSE=14365.8498 wMRED=2.19845320 wER=0.418884 wMAE=50.6587 wBias=-3.3244 condBias=66.6958 dotDrift=-1.775sigma uMRED=0.1688215902 uER=0.502197 uMAE=93.8750 WCE=840 bias=-29.3750
[pop02_hard:00400] loss=0.460993 tau=6.00 collapse_w=0.500 mid_frac=0.137 hard=score=0.3742028772 wNMSE=0.17973008 wMSE=13691.9018 wMRED=2.16553713 wER=0.418884 wMAE=49.8433 wBias=-0.8242 condBias=61.8698 dotDrift=-0.451sigma uMRED=0.1636850165 uER=0.502197 uMAE=92.1016 WCE=824 bias=-25.3750
[pop02_hard:00599] loss=0.460162 tau=6.00 collapse_w=0.500 mid_frac=0.137 hard=score=0.3742028772 wNMSE=0.17973008 wMSE=13691.9018 wMRED=2.16553713 wER=0.418884 wMAE=49.8433 wBias=-0.8242 condBias=61.8698 dotDrift=-0.451sigma uMRED=0.1636850165 uER=0.502197 uMAE=92.1016 WCE=824 bias=-25.3750
[pop02] done (conf=0.53, noise=0.5); global best score=0.1190314398 wNMSE=0.034121123 wMSE=2599.3593 wMRED=0.46730433 wER=0.268750 wMAE=12.3589 wBias=0.1702 condBias=27.5422 dotDrift=+0.214sigma uMRED=0.0687572765 uER=0.322266 uMAE=43.3516 WCE=1024 bias=30.8750
[pop03_soft:00000] loss=20.382301 tau=1.50 collapse_w=0.000 mid_frac=0.482 hard=score=150.1828019543 wNMSE=13.182846 wMSE=1004273.8899 wMRED=38.67459201 wER=0.567078 wMAE=516.8989 wBias=49.0036 condBias=533.6864 dotDrift=+3.130sigma uMRED=1.1311758467 uER=0.564941 uMAE=363.5718 WCE=3308 bias=90.7500
[pop03_soft:00200] loss=8.929008 tau=2.25 collapse_w=0.000 mid_frac=0.411 hard=score=113.8177228694 wNMSE=10.723751 wMSE=816939.1951 wMRED=34.10665125 wER=0.567383 wMAE=443.8412 wBias=-42.4069 condBias=470.3389 dotDrift=-3.003sigma uMRED=1.0088493395 uER=0.558350 uMAE=333.2900 WCE=2612 bias=37.1875
[pop03_soft:00400] loss=3.815979 tau=3.00 collapse_w=0.000 mid_frac=0.381 hard=score=0.6794151545 wNMSE=0.25131441 wMSE=19145.2214 wMRED=2.00137734 wER=0.438306 wMAE=54.2406 wBias=-1.9111 condBias=73.5393 dotDrift=-0.884sigma uMRED=0.2473616268 uER=0.523682 uMAE=157.2656 WCE=1408 bias=-15.3750
[pop03_soft:00600] loss=1.019097 tau=3.75 collapse_w=0.000 mid_frac=0.417 hard=score=3.1008031935 wNMSE=0.14006213 wMSE=10669.9831 wMRED=2.02775764 wER=0.464552 wMAE=46.5851 wBias=7.2148 condBias=51.3641 dotDrift=+4.470sigma uMRED=0.1887585041 uER=0.524902 uMAE=113.8887 WCE=1168 bias=63.6250
[pop03_soft:00800] loss=0.505525 tau=4.50 collapse_w=0.084 mid_frac=0.339 hard=score=2.2689594750 wNMSE=0.12676144 wMSE=9656.7317 wMRED=1.97601591 wER=0.466538 wMAE=44.4446 wBias=6.0840 condBias=48.2451 dotDrift=+3.962sigma uMRED=0.1822466371 uER=0.526367 uMAE=110.4414 WCE=1152 bias=61.5000
[pop03_soft:01000] loss=0.361948 tau=5.25 collapse_w=0.293 mid_frac=0.315 hard=score=0.8611809552 wNMSE=0.1396994 wMSE=10642.3498 wMRED=1.96611019 wER=0.460733 wMAE=46.2584 wBias=-3.2935 condBias=45.8309 dotDrift=-2.043sigma uMRED=0.1817044250 uER=0.526367 uMAE=113.5078 WCE=1152 bias=44.7500
[pop03_soft:01199] loss=0.244887 tau=6.00 collapse_w=0.500 mid_frac=0.304 hard=score=0.2659345745 wNMSE=0.12962501 wMSE=9874.8792 wMRED=1.83706311 wER=0.449745 wMAE=43.0621 wBias=0.0201 condBias=43.9998 dotDrift=+0.013sigma uMRED=0.1753508012 uER=0.522461 uMAE=111.5078 WCE=1152 bias=48.7500
[pop03_hard:00000] loss=0.334319 tau=6.00 collapse_w=0.500 mid_frac=0.304 hard=score=0.2659345745 wNMSE=0.12962501 wMSE=9874.8792 wMRED=1.83706311 wER=0.449745 wMAE=43.0621 wBias=0.0201 condBias=43.9998 dotDrift=+0.013sigma uMRED=0.1753508012 uER=0.522461 uMAE=111.5078 WCE=1152 bias=48.7500
[pop03_hard:00200] loss=1.668142 tau=6.00 collapse_w=0.500 mid_frac=0.298 hard=score=0.9947416535 wNMSE=0.13253377 wMSE=10096.4696 wMRED=1.83747811 wER=0.449745 wMAE=43.1703 wBias=-3.6842 condBias=42.9873 dotDrift=-2.347sigma uMRED=0.1766151925 uER=0.522461 uMAE=113.2422 WCE=1172 bias=-15.2500
[pop03_hard:00400] loss=1.667564 tau=6.00 collapse_w=0.500 mid_frac=0.292 hard=score=1.6025554933 wNMSE=0.12715343 wMSE=9686.5939 wMRED=1.85695867 wER=0.449745 wMAE=42.3697 wBias=4.9640 condBias=47.2176 dotDrift=+3.228sigma uMRED=0.1807400329 uER=0.522461 uMAE=112.2578 WCE=1172 bias=0.7500
[pop03_hard:00599] loss=1.058202 tau=6.00 collapse_w=0.500 mid_frac=0.292 hard=score=1.6025554933 wNMSE=0.12715343 wMSE=9686.5939 wMRED=1.85695867 wER=0.449745 wMAE=42.3697 wBias=4.9640 condBias=47.2176 dotDrift=+3.228sigma uMRED=0.1807400329 uER=0.522461 uMAE=112.2578 WCE=1172 bias=0.7500
[pop03] done (conf=0.51, noise=1.0); global best score=0.1190314398 wNMSE=0.034121123 wMSE=2599.3593 wMRED=0.46730433 wER=0.268750 wMAE=12.3589 wBias=0.1702 condBias=27.5422 dotDrift=+0.214sigma uMRED=0.0687572765 uER=0.322266 uMAE=43.3516 WCE=1024 bias=30.8750
[pop04_soft:00000] loss=48.641350 tau=1.50 collapse_w=0.000 mid_frac=0.357 hard=score=3248.1946777316 wNMSE=11.781501 wMSE=897518.9688 wMRED=33.66826663 wER=0.581325 wMAE=508.0054 wBias=244.9435 condBias=533.2705 dotDrift=+16.547sigma uMRED=1.1278204539 uER=0.571533 uMAE=456.8633 WCE=3573 bias=225.4375
[pop04_soft:00200] loss=8.432079 tau=2.25 collapse_w=0.000 mid_frac=0.315 hard=score=1611.7417626566 wNMSE=4.101343 wMSE=312441.7734 wMRED=17.07588142 wER=0.536385 wMAE=266.3026 wBias=-172.7404 condBias=340.5726 dotDrift=-19.778sigma uMRED=0.7251251808 uER=0.565674 uMAE=316.2119 WCE=3040 bias=-149.3750
[pop04_soft:00400] loss=2.560454 tau=3.00 collapse_w=0.000 mid_frac=0.292 hard=score=167.8816495033 wNMSE=0.35991785 wMSE=27418.6699 wMRED=4.42716726 wER=0.449414 wMAE=78.7357 wBias=-55.7732 condBias=88.2254 dotDrift=-21.557sigma uMRED=0.2902454030 uER=0.541748 uMAE=161.1855 WCE=1280 bias=-9.3750
[pop04_soft:00600] loss=0.333052 tau=3.75 collapse_w=0.000 mid_frac=0.238 hard=score=0.3611107776 wNMSE=0.17226642 wMSE=13123.3170 wMRED=2.48664707 wER=0.446221 wMAE=53.1076 wBias=-0.1859 condBias=62.2711 dotDrift=-0.104sigma uMRED=0.2072799693 uER=0.528809 uMAE=122.3223 WCE=992 bias=-14.3750
[pop04_soft:00800] loss=0.178196 tau=4.50 collapse_w=0.084 mid_frac=0.190 hard=score=0.9378095974 wNMSE=0.1584788 wMSE=12072.9714 wMRED=1.98554247 wER=0.408869 wMAE=44.8564 wBias=3.3511 condBias=60.5444 dotDrift=+1.952sigma uMRED=0.1955743169 uER=0.485352 uMAE=113.8008 WCE=992 bias=-7.6250
[pop04_soft:01000] loss=0.138159 tau=5.25 collapse_w=0.293 mid_frac=0.190 hard=score=0.3631874951 wNMSE=0.15929335 wMSE=12135.0244 wMRED=1.68583253 wER=0.344478 wMAE=42.5520 wBias=0.6860 condBias=60.5614 dotDrift=+0.399sigma uMRED=0.1958766201 uER=0.459717 uMAE=117.6035 WCE=1024 bias=-13.8750
[pop04_soft:01199] loss=0.096968 tau=6.00 collapse_w=0.500 mid_frac=0.167 hard=score=0.3631874951 wNMSE=0.15929335 wMSE=12135.0244 wMRED=1.68583253 wER=0.344478 wMAE=42.5520 wBias=0.6860 condBias=60.5614 dotDrift=+0.399sigma uMRED=0.1958766201 uER=0.459717 uMAE=117.6035 WCE=1024 bias=-13.8750
[pop04_hard:00000] loss=0.424250 tau=6.00 collapse_w=0.500 mid_frac=0.167 hard=score=0.3631874951 wNMSE=0.15929335 wMSE=12135.0244 wMRED=1.68583253 wER=0.344478 wMAE=42.5520 wBias=0.6860 condBias=60.5614 dotDrift=+0.399sigma uMRED=0.1958766201 uER=0.459717 uMAE=117.6035 WCE=1024 bias=-13.8750
[pop04_hard:00200] loss=1.127921 tau=6.00 collapse_w=0.500 mid_frac=0.149 hard=score=1.0682162659 wNMSE=0.17280824 wMSE=13164.5931 wMRED=1.72339567 wER=0.349770 wMAE=45.8252 wBias=-3.6381 condBias=60.4873 dotDrift=-2.029sigma uMRED=0.2027632921 uER=0.471436 uMAE=123.3516 WCE=1024 bias=-21.8750
[pop04_hard:00400] loss=0.425687 tau=6.00 collapse_w=0.500 mid_frac=0.143 hard=score=0.3587338495 wNMSE=0.1752014 wMSE=13346.9047 wMRED=1.88753979 wER=0.363428 wMAE=48.0060 wBias=0.2177 condBias=61.7092 dotDrift=+0.121sigma uMRED=0.2055970806 uER=0.475830 uMAE=123.1641 WCE=992 bias=-17.8750
[pop04_hard:00599] loss=1.359432 tau=6.00 collapse_w=0.500 mid_frac=0.149 hard=score=0.3793914139 wNMSE=0.18009952 wMSE=13720.0459 wMRED=1.72581825 wER=0.349770 wMAE=46.0965 wBias=0.2827 condBias=62.0971 dotDrift=+0.154sigma uMRED=0.2088944391 uER=0.471436 uMAE=127.3359 WCE=1200 bias=42.1250
[pop04] done (conf=0.53, noise=0.5); global best score=0.1190314398 wNMSE=0.034121123 wMSE=2599.3593 wMRED=0.46730433 wER=0.268750 wMAE=12.3589 wBias=0.1702 condBias=27.5422 dotDrift=+0.214sigma uMRED=0.0687572765 uER=0.322266 uMAE=43.3516 WCE=1024 bias=30.8750
[pop05_soft:00000] loss=15.962618 tau=1.50 collapse_w=0.000 mid_frac=0.482 hard=score=474.7294661033 wNMSE=10.337244 wMSE=787494.9606 wMRED=33.81655530 wER=0.582578 wMAE=394.9854 wBias=-91.9873 condBias=473.5964 dotDrift=-6.634sigma uMRED=0.9772057093 uER=0.578125 uMAE=326.8789 WCE=3321 bias=5.4375
[pop05_soft:00200] loss=5.598223 tau=2.25 collapse_w=0.000 mid_frac=0.446 hard=score=819.4910538701 wNMSE=10.17287 wMSE=774972.8266 wMRED=33.29355917 wER=0.579566 wMAE=379.1848 wBias=-121.9982 condBias=483.2161 dotDrift=-8.869sigma uMRED=0.9339774241 uER=0.571533 uMAE=305.9756 WCE=3353 bias=-31.8750
[pop05_soft:00400] loss=2.297996 tau=3.00 collapse_w=0.000 mid_frac=0.381 hard=score=48.3860802634 wNMSE=0.34823371 wMSE=26528.5679 wMRED=4.31660217 wER=0.468485 wMAE=76.8987 wBias=-29.8132 condBias=82.9000 dotDrift=-11.715sigma uMRED=0.2352542897 uER=0.543457 uMAE=135.1235 WCE=1088 bias=32.1875
[pop05_soft:00600] loss=0.957183 tau=3.75 collapse_w=0.000 mid_frac=0.339 hard=score=140.7898879791 wNMSE=0.24409132 wMSE=18594.9639 wMRED=2.95679812 wER=0.491767 wMAE=64.1129 wBias=-51.0870 condBias=78.1889 dotDrift=-23.977sigma uMRED=0.2136765801 uER=0.553711 uMAE=119.6577 WCE=1088 bias=-92.8125
[pop05_soft:00800] loss=0.404513 tau=4.50 collapse_w=0.084 mid_frac=0.292 hard=score=47.0147862367 wNMSE=0.13084425 wMSE=9967.7618 wMRED=2.01230743 wER=0.440298 wMAE=43.3565 wBias=-29.4841 condBias=57.9204 dotDrift=-18.900sigma uMRED=0.1483733900 uER=0.525146 uMAE=80.6660 WCE=756 bias=-44.6250
[pop05_soft:01000] loss=0.307406 tau=5.25 collapse_w=0.293 mid_frac=0.268 hard=score=36.5401679400 wNMSE=0.12319126 wMSE=9384.7544 wMRED=1.88871587 wER=0.440298 wMAE=42.1366 wBias=-25.9761 condBias=54.8597 dotDrift=-17.161sigma uMRED=0.1426788929 uER=0.525146 uMAE=77.7090 WCE=724 bias=-40.1250
[pop05_soft:01199] loss=0.226419 tau=6.00 collapse_w=0.500 mid_frac=0.280 hard=score=43.8410319123 wNMSE=0.15148611 wMSE=11540.2655 wMRED=1.91554899 wER=0.441027 wMAE=44.6066 wBias=-28.4461 condBias=61.5191 dotDrift=-16.947sigma uMRED=0.1669644312 uER=0.528076 uMAE=93.7090 WCE=1064 bias=-56.1250
[pop05_hard:00000] loss=43.917889 tau=6.00 collapse_w=0.500 mid_frac=0.280 hard=score=43.8410319123 wNMSE=0.15148611 wMSE=11540.2655 wMRED=1.91554899 wER=0.441027 wMAE=44.6066 wBias=-28.4461 condBias=61.5191 dotDrift=-16.947sigma uMRED=0.1669644312 uER=0.528076 uMAE=93.7090 WCE=1064 bias=-56.1250
[pop05_hard:00200] loss=43.913532 tau=6.00 collapse_w=0.500 mid_frac=0.268 hard=score=43.8410319123 wNMSE=0.15148611 wMSE=11540.2655 wMRED=1.91554899 wER=0.441027 wMAE=44.6066 wBias=-28.4461 condBias=61.5191 dotDrift=-16.947sigma uMRED=0.1669644312 uER=0.528076 uMAE=93.7090 WCE=1064 bias=-56.1250
[pop05_hard:00400] loss=22.912617 tau=6.00 collapse_w=0.500 mid_frac=0.256 hard=score=22.8353193113 wNMSE=0.17407807 wMSE=13261.3297 wMRED=1.98923204 wER=0.429339 wMAE=48.7708 wBias=-20.4447 condBias=63.8421 dotDrift=-11.362sigma uMRED=0.1797576486 uER=0.517822 uMAE=101.6836 WCE=1064 bias=-31.0000
[pop05_hard:00599] loss=9.918435 tau=6.00 collapse_w=0.500 mid_frac=0.232 hard=score=9.8297033694 wNMSE=0.1384463 wMSE=10546.8885 wMRED=1.89790801 wER=0.428811 wMAE=45.6542 wBias=-13.3379 condBias=53.8610 dotDrift=-8.312sigma uMRED=0.1492124278 uER=0.506836 uMAE=87.0430 WCE=680 bias=9.5000
[pop05] done (conf=0.51, noise=1.0); global best score=0.1190314398 wNMSE=0.034121123 wMSE=2599.3593 wMRED=0.46730433 wER=0.268750 wMAE=12.3589 wBias=0.1702 condBias=27.5422 dotDrift=+0.214sigma uMRED=0.0687572765 uER=0.322266 uMAE=43.3516 WCE=1024 bias=30.8750
[pop06_soft:00000] loss=14.171916 tau=1.50 collapse_w=0.000 mid_frac=0.387 hard=score=1326.7780097323 wNMSE=14.082044 wMSE=1072775.1012 wMRED=42.10937119 wER=0.582578 wMAE=550.3866 wBias=-155.5197 condBias=606.6636 dotDrift=-9.610sigma uMRED=1.2912214301 uER=0.578125 uMAE=449.8105 WCE=3602 bias=3.0625
[pop06_soft:00200] loss=8.315730 tau=2.25 collapse_w=0.000 mid_frac=0.405 hard=score=545.1023563169 wNMSE=11.32936 wMSE=863074.6814 wMRED=34.70724436 wER=0.541625 wMAE=478.7436 wBias=-98.6659 condBias=464.6486 dotDrift=-6.797sigma uMRED=1.0505124966 uER=0.560547 uMAE=373.8223 WCE=2864 bias=-1.8750
[pop06_soft:00400] loss=4.545517 tau=3.00 collapse_w=0.000 mid_frac=0.304 hard=score=56.5498325266 wNMSE=4.1587513 wMSE=316815.1515 wMRED=22.67872971 wER=0.508053 wMAE=167.5977 wBias=-30.3246 condBias=307.2147 dotDrift=-3.448sigma uMRED=0.6550746599 uER=0.546631 uMAE=221.8164 WCE=3704 bias=97.0000
[pop06_soft:00600] loss=0.701820 tau=3.75 collapse_w=0.000 mid_frac=0.280 hard=score=7.4433624769 wNMSE=0.25853169 wMSE=19695.0364 wMRED=1.94905892 wER=0.391139 wMAE=57.0076 wBias=11.4126 condBias=57.3644 dotDrift=+5.205sigma uMRED=0.2057759808 uER=0.486328 uMAE=138.5352 WCE=1536 bias=43.8750
[pop06_soft:00800] loss=0.331093 tau=4.50 collapse_w=0.084 mid_frac=0.202 hard=score=8.0366561309 wNMSE=0.19849155 wMSE=15121.1568 wMRED=1.68283672 wER=0.367671 wMAE=49.6237 wBias=11.9916 condBias=48.5592 dotDrift=+6.241sigma uMRED=0.1605161857 uER=0.456055 uMAE=98.4941 WCE=720 bias=-3.0000
[pop06_soft:01000] loss=0.233638 tau=5.25 collapse_w=0.293 mid_frac=0.173 hard=score=5.8598744805 wNMSE=0.19656595 wMSE=14974.4642 wMRED=1.65349555 wER=0.392032 wMAE=49.8108 wBias=10.1685 condBias=47.2151 dotDrift=+5.318sigma uMRED=0.1611289001 uER=0.460449 uMAE=98.9219 WCE=720 bias=-4.0000
[pop06_soft:01199] loss=0.160329 tau=6.00 collapse_w=0.500 mid_frac=0.179 hard=score=5.8598744805 wNMSE=0.19656595 wMSE=14974.4642 wMRED=1.65349555 wER=0.392032 wMAE=49.8108 wBias=10.1685 condBias=47.2151 dotDrift=+5.318sigma uMRED=0.1611289001 uER=0.460449 uMAE=98.9219 WCE=720 bias=-4.0000
[pop06_hard:00000] loss=5.933323 tau=6.00 collapse_w=0.500 mid_frac=0.179 hard=score=5.8598744805 wNMSE=0.19656595 wMSE=14974.4642 wMRED=1.65349555 wER=0.392032 wMAE=49.8108 wBias=10.1685 condBias=47.2151 dotDrift=+5.318sigma uMRED=0.1611289001 uER=0.460449 uMAE=98.9219 WCE=720 bias=-4.0000
[pop06_hard:00200] loss=5.932633 tau=6.00 collapse_w=0.500 mid_frac=0.179 hard=score=5.8598744805 wNMSE=0.19656595 wMSE=14974.4642 wMRED=1.65349555 wER=0.392032 wMAE=49.8108 wBias=10.1685 condBias=47.2151 dotDrift=+5.318sigma uMRED=0.1611289001 uER=0.460449 uMAE=98.9219 WCE=720 bias=-4.0000
[pop06_hard:00400] loss=33.394295 tau=6.00 collapse_w=0.500 mid_frac=0.185 hard=score=33.3551479994 wNMSE=0.74679767 wMSE=56891.3121 wMRED=2.04635749 wER=0.392032 wMAE=70.2780 wBias=-24.4242 condBias=119.5891 dotDrift=-6.554sigma uMRED=0.2369512108 uER=0.460449 uMAE=135.6719 WCE=1792 bias=-68.0000
[pop06_hard:00599] loss=5.930799 tau=6.00 collapse_w=0.500 mid_frac=0.179 hard=score=5.8598744805 wNMSE=0.19656595 wMSE=14974.4642 wMRED=1.65349555 wER=0.392032 wMAE=49.8108 wBias=10.1685 condBias=47.2151 dotDrift=+5.318sigma uMRED=0.1611289001 uER=0.460449 uMAE=98.9219 WCE=720 bias=-4.0000
[pop06] done (conf=0.53, noise=0.5); global best score=0.1190314398 wNMSE=0.034121123 wMSE=2599.3593 wMRED=0.46730433 wER=0.268750 wMAE=12.3589 wBias=0.1702 condBias=27.5422 dotDrift=+0.214sigma uMRED=0.0687572765 uER=0.322266 uMAE=43.3516 WCE=1024 bias=30.8750
[pop07_soft:00000] loss=23.811897 tau=1.50 collapse_w=0.000 mid_frac=0.435 hard=score=269.6976977455 wNMSE=5.2642265 wMSE=401030.6487 wMRED=20.73468927 wER=0.582578 wMAE=320.3944 wBias=69.6361 condBias=358.4739 dotDrift=+7.038sigma uMRED=0.8405539724 uER=0.578125 uMAE=348.7275 WCE=3478 bias=208.0625
[pop07_soft:00200] loss=7.411710 tau=2.25 collapse_w=0.000 mid_frac=0.435 hard=score=21.2606334041 wNMSE=3.3430467 wMSE=254674.4890 wMRED=17.25353719 wER=0.582578 wMAE=248.8721 wBias=-17.0076 condBias=272.3316 dotDrift=-2.157sigma uMRED=0.6735536973 uER=0.578125 uMAE=274.2134 WCE=2873 bias=48.9375
[pop07_soft:00400] loss=2.577893 tau=3.00 collapse_w=0.000 mid_frac=0.321 hard=score=16.3517124181 wNMSE=0.36928994 wMSE=28132.6389 wMRED=2.74518739 wER=0.562331 wMAE=75.8182 wBias=17.0414 condBias=85.1408 dotDrift=+6.502sigma uMRED=0.2904902463 uER=0.568604 uMAE=165.5254 WCE=2868 bias=21.2500
[pop07_soft:00600] loss=0.609922 tau=3.75 collapse_w=0.000 mid_frac=0.280 hard=score=13.1208240765 wNMSE=0.3539167 wMSE=26961.5002 wMRED=2.38003268 wER=0.446076 wMAE=63.7557 wBias=-15.2005 condBias=92.4217 dotDrift=-5.925sigma uMRED=0.2953905144 uER=0.534668 uMAE=175.7109 WCE=1896 bias=-73.0000
[pop07_soft:00800] loss=0.297294 tau=4.50 collapse_w=0.084 mid_frac=0.280 hard=score=0.6281227729 wNMSE=0.32049617 wMSE=24415.5123 wMRED=2.31758017 wER=0.444685 wMAE=61.6230 wBias=-0.6071 condBias=88.6716 dotDrift=-0.249sigma uMRED=0.2582957130 uER=0.518555 uMAE=150.0645 WCE=1224 bias=12.7500
[pop07_soft:01000] loss=0.213138 tau=5.25 collapse_w=0.293 mid_frac=0.268 hard=score=0.6688990667 wNMSE=0.30840333 wMSE=23494.2758 wMRED=2.20168610 wER=0.435213 wMAE=58.5751 wBias=1.2526 condBias=86.2869 dotDrift=+0.523sigma uMRED=0.2529138170 uER=0.511963 uMAE=147.9531 WCE=1192 bias=14.2500
[pop07_soft:01199] loss=0.152576 tau=6.00 collapse_w=0.500 mid_frac=0.268 hard=score=2.5627009610 wNMSE=0.25816029 wMSE=19666.7431 wMRED=2.15627037 wER=0.435213 wMAE=54.9506 wBias=6.1927 condBias=77.7717 dotDrift=+2.826sigma uMRED=0.2119876741 uER=0.511963 uMAE=123.9453 WCE=1192 bias=46.2500
[pop07_hard:00000] loss=2.643073 tau=6.00 collapse_w=0.500 mid_frac=0.268 hard=score=2.5627009610 wNMSE=0.25816029 wMSE=19666.7431 wMRED=2.15627037 wER=0.435213 wMAE=54.9506 wBias=6.1927 condBias=77.7717 dotDrift=+2.826sigma uMRED=0.2119876741 uER=0.511963 uMAE=123.9453 WCE=1192 bias=46.2500
[pop07_hard:00200] loss=2.778971 tau=6.00 collapse_w=0.500 mid_frac=0.244 hard=score=2.7296133675 wNMSE=0.31198927 wMSE=23767.4539 wMRED=2.17657256 wER=0.435213 wMAE=56.9529 wBias=-6.2538 condBias=87.0212 dotDrift=-2.596sigma uMRED=0.2542326637 uER=0.511963 uMAE=149.6641 WCE=1816 bias=-81.7500
[pop07_hard:00400] loss=2.776453 tau=6.00 collapse_w=0.500 mid_frac=0.238 hard=score=2.7296133675 wNMSE=0.31198927 wMSE=23767.4539 wMRED=2.17657256 wER=0.435213 wMAE=56.9529 wBias=-6.2538 condBias=87.0212 dotDrift=-2.596sigma uMRED=0.2542326637 uER=0.511963 uMAE=149.6641 WCE=1816 bias=-81.7500
[pop07_hard:00599] loss=1.112522 tau=6.00 collapse_w=0.500 mid_frac=0.214 hard=score=1.0417353350 wNMSE=0.26612033 wMSE=20273.1411 wMRED=2.12899389 wER=0.435213 wMAE=54.6012 wBias=-3.1331 condBias=79.9090 dotDrift=-1.408sigma uMRED=0.2100764580 uER=0.511963 uMAE=117.3516 WCE=1240 bias=-48.2500
[pop07] done (conf=0.51, noise=1.0); global best score=0.1190314398 wNMSE=0.034121123 wMSE=2599.3593 wMRED=0.46730433 wER=0.268750 wMAE=12.3589 wBias=0.1702 condBias=27.5422 dotDrift=+0.214sigma uMRED=0.0687572765 uER=0.322266 uMAE=43.3516 WCE=1024 bias=30.8750
[pop08_soft:00000] loss=21.497234 tau=1.50 collapse_w=0.000 mid_frac=0.333 hard=score=169.9918023385 wNMSE=0.90324278 wMSE=68809.3567 wMRED=5.77461741 wER=0.536182 wMAE=95.9871 wBias=-55.9483 condBias=136.8015 dotDrift=-13.650sigma uMRED=0.3978120853 uER=0.551758 uMAE=227.0132 WCE=2404 bias=4.1250
[pop08_soft:00200] loss=4.491891 tau=2.25 collapse_w=0.000 mid_frac=0.298 hard=score=1012.0873322296 wNMSE=1.6430108 wMSE=125165.1448 wMRED=12.47300900 wER=0.456113 wMAE=158.6047 wBias=-136.9937 condBias=216.8550 dotDrift=-24.782sigma uMRED=0.4349425050 uER=0.530273 uMAE=173.5176 WCE=1792 bias=-14.8125
[pop08_soft:00400] loss=2.181539 tau=3.00 collapse_w=0.000 mid_frac=0.173 hard=score=266.9386880134 wNMSE=0.68277061 wMSE=52013.7083 wMRED=8.62507041 wER=0.444784 wMAE=101.9964 wBias=-70.2793 condBias=133.7001 dotDrift=-19.722sigma uMRED=0.3001264624 uER=0.536621 uMAE=146.1016 WCE=1216 bias=53.8750
[pop08_soft:00600] loss=0.729455 tau=3.75 collapse_w=0.000 mid_frac=0.202 hard=score=1.2268505538 wNMSE=0.30288867 wMSE=23074.1669 wMRED=3.15921033 wER=0.456232 wMAE=73.6685 wBias=-3.6341 condBias=58.5993 dotDrift=-1.531sigma uMRED=0.1938632657 uER=0.527832 uMAE=107.5469 WCE=956 bias=-6.2500
[pop08_soft:00800] loss=0.501509 tau=4.50 collapse_w=0.084 mid_frac=0.179 hard=score=0.9506829391 wNMSE=0.26334356 wMSE=20061.6065 wMRED=3.14195840 wER=0.453704 wMAE=70.7092 wBias=-2.9915 condBias=63.6740 dotDrift=-1.352sigma uMRED=0.1742550501 uER=0.521240 uMAE=89.6953 WCE=836 bias=-18.2500
[pop08_soft:01000] loss=0.396677 tau=5.25 collapse_w=0.293 mid_frac=0.137 hard=score=25.0590825405 wNMSE=0.1359475 wMSE=10356.5286 wMRED=2.80178956 wER=0.453170 wMAE=51.6424 wBias=-21.4782 condBias=45.2767 dotDrift=-13.507sigma uMRED=0.1492653324 uER=0.520508 uMAE=83.9922 WCE=704 bias=7.5000
[pop08_soft:01199] loss=0.293332 tau=6.00 collapse_w=0.500 mid_frac=0.125 hard=score=25.0590825405 wNMSE=0.1359475 wMSE=10356.5286 wMRED=2.80178956 wER=0.453170 wMAE=51.6424 wBias=-21.4782 condBias=45.2767 dotDrift=-13.507sigma uMRED=0.1492653324 uER=0.520508 uMAE=83.9922 WCE=704 bias=7.5000
[pop08_hard:00000] loss=25.190231 tau=6.00 collapse_w=0.500 mid_frac=0.125 hard=score=25.0590825405 wNMSE=0.1359475 wMSE=10356.5286 wMRED=2.80178956 wER=0.453170 wMAE=51.6424 wBias=-21.4782 condBias=45.2767 dotDrift=-13.507sigma uMRED=0.1492653324 uER=0.520508 uMAE=83.9922 WCE=704 bias=7.5000
[pop08_hard:00200] loss=25.185526 tau=6.00 collapse_w=0.500 mid_frac=0.119 hard=score=25.0590825405 wNMSE=0.1359475 wMSE=10356.5286 wMRED=2.80178956 wER=0.453170 wMAE=51.6424 wBias=-21.4782 condBias=45.2767 dotDrift=-13.507sigma uMRED=0.1492653324 uER=0.520508 uMAE=83.9922 WCE=704 bias=7.5000
[pop08_hard:00400] loss=16.576544 tau=6.00 collapse_w=0.500 mid_frac=0.125 hard=score=16.4533419510 wNMSE=0.13842676 wMSE=10545.3997 wMRED=2.79047952 wER=0.453170 wMAE=52.3863 wBias=-17.3597 condBias=42.8684 dotDrift=-10.819sigma uMRED=0.1497515186 uER=0.520508 uMAE=86.0605 WCE=704 bias=15.5000
[pop08_hard:00599] loss=2.598364 tau=6.00 collapse_w=0.500 mid_frac=0.125 hard=score=16.4533419510 wNMSE=0.13842676 wMSE=10545.3997 wMRED=2.79047952 wER=0.453170 wMAE=52.3863 wBias=-17.3597 condBias=42.8684 dotDrift=-10.819sigma uMRED=0.1497515186 uER=0.520508 uMAE=86.0605 WCE=704 bias=15.5000
[pop08] done (conf=0.53, noise=0.5); global best score=0.1190314398 wNMSE=0.034121123 wMSE=2599.3593 wMRED=0.46730433 wER=0.268750 wMAE=12.3589 wBias=0.1702 condBias=27.5422 dotDrift=+0.214sigma uMRED=0.0687572765 uER=0.322266 uMAE=43.3516 WCE=1024 bias=30.8750
[pop09_soft:00000] loss=52.184681 tau=1.50 collapse_w=0.000 mid_frac=0.393 hard=score=2246.6950817061 wNMSE=20.713221 wMSE=1577940.5366 wMRED=48.47946757 wER=0.577994 wMAE=660.3459 wBias=202.8307 condBias=681.9286 dotDrift=+10.334sigma uMRED=1.4011193497 uER=0.575928 uMAE=464.7783 WCE=3179 bias=107.3750
[pop09_soft:00200] loss=15.160440 tau=2.25 collapse_w=0.000 mid_frac=0.327 hard=score=3373.5358232562 wNMSE=10.342113 wMSE=787865.8203 wMRED=31.04821964 wER=0.564789 wMAE=428.7214 wBias=-249.7914 condBias=543.8220 dotDrift=-18.011sigma uMRED=1.1761927021 uER=0.575928 uMAE=459.5967 WCE=3201 bias=-175.4375
[pop09_soft:00400] loss=9.540637 tau=3.00 collapse_w=0.000 mid_frac=0.357 hard=score=160.3313001409 wNMSE=2.5061958 wMSE=190922.8909 wMRED=11.04608728 wER=0.485757 wMAE=193.9181 wBias=-53.8446 condBias=231.1542 dotDrift=-7.887sigma uMRED=0.5636112690 uER=0.550781 uMAE=261.5532 WCE=2404 bias=45.0625
[pop09_soft:00600] loss=4.319300 tau=3.75 collapse_w=0.000 mid_frac=0.339 hard=score=213.0969632520 wNMSE=1.270233 wMSE=96766.7995 wMRED=8.84449511 wER=0.442104 wMAE=137.7349 wBias=-62.5985 condBias=175.9066 dotDrift=-12.879sigma uMRED=0.4072004887 uER=0.536621 uMAE=198.5391 WCE=1536 bias=96.0000
[pop09_soft:00800] loss=3.394244 tau=4.50 collapse_w=0.084 mid_frac=0.286 hard=score=87.6117158064 wNMSE=1.1702222 wMSE=89147.9417 wMRED=8.64369812 wER=0.524129 wMAE=139.7318 wBias=-39.8549 condBias=157.3510 dotDrift=-8.543sigma uMRED=0.3897261390 uER=0.561279 uMAE=193.6895 WCE=1584 bias=96.7500
[pop09_soft:01000] loss=3.007489 tau=5.25 collapse_w=0.293 mid_frac=0.274 hard=score=87.6117158064 wNMSE=1.1702222 wMSE=89147.9417 wMRED=8.64369812 wER=0.524129 wMAE=139.7318 wBias=-39.8549 condBias=157.3510 dotDrift=-8.543sigma uMRED=0.3897261390 uER=0.561279 uMAE=193.6895 WCE=1584 bias=96.7500
[pop09_soft:01199] loss=2.642287 tau=6.00 collapse_w=0.500 mid_frac=0.274 hard=score=87.6117158064 wNMSE=1.1702222 wMSE=89147.9417 wMRED=8.64369812 wER=0.524129 wMAE=139.7318 wBias=-39.8549 condBias=157.3510 dotDrift=-8.543sigma uMRED=0.3897261390 uER=0.561279 uMAE=193.6895 WCE=1584 bias=96.7500
[pop09_hard:00000] loss=87.993950 tau=6.00 collapse_w=0.500 mid_frac=0.274 hard=score=87.6117158064 wNMSE=1.1702222 wMSE=89147.9417 wMRED=8.64369812 wER=0.524129 wMAE=139.7318 wBias=-39.8549 condBias=157.3510 dotDrift=-8.543sigma uMRED=0.3897261390 uER=0.561279 uMAE=193.6895 WCE=1584 bias=96.7500
[pop09_hard:00200] loss=54.979347 tau=6.00 collapse_w=0.500 mid_frac=0.268 hard=score=54.5948128866 wNMSE=1.2200535 wMSE=92944.1097 wMRED=8.77350415 wER=0.525525 wMAE=145.7022 wBias=-31.2067 condBias=142.4184 dotDrift=-6.551sigma uMRED=0.4166053518 uER=0.564209 uMAE=206.0156 WCE=1584 bias=112.7500
[pop09_hard:00400] loss=43.373302 tau=6.00 collapse_w=0.500 mid_frac=0.226 hard=score=43.0756155044 wNMSE=1.2973068 wMSE=98829.2964 wMRED=8.80234023 wER=0.545618 wMAE=145.9106 wBias=-27.5102 condBias=136.1651 dotDrift=-5.601sigma uMRED=0.4300994912 uER=0.567871 uMAE=208.6523 WCE=3368 bias=117.2500
[pop09_hard:00599] loss=3.242848 tau=6.00 collapse_w=0.500 mid_frac=0.190 hard=score=2.9278644382 wNMSE=1.371611 wMSE=104489.8147 wMRED=9.20298202 wER=0.565173 wMAE=154.9359 wBias=-2.7992 condBias=136.1372 dotDrift=-0.554sigma uMRED=0.4526011662 uER=0.572021 uMAE=220.9434 WCE=3368 bias=155.2500
[pop09] done (conf=0.51, noise=1.0); global best score=0.1190314398 wNMSE=0.034121123 wMSE=2599.3593 wMRED=0.46730433 wER=0.268750 wMAE=12.3589 wBias=0.1702 condBias=27.5422 dotDrift=+0.214sigma uMRED=0.0687572765 uER=0.322266 uMAE=43.3516 WCE=1024 bias=30.8750
[pop10_soft:00000] loss=17.872717 tau=1.50 collapse_w=0.000 mid_frac=0.327 hard=score=2955.7731094481 wNMSE=9.7981545 wMSE=746426.8989 wMRED=28.17353574 wER=0.523480 wMAE=345.6562 wBias=-233.7773 condBias=482.2045 dotDrift=-17.318sigma uMRED=0.9251726063 uER=0.559082 uMAE=325.8765 WCE=3085 bias=23.5625
[pop10_soft:00200] loss=6.227138 tau=2.25 collapse_w=0.000 mid_frac=0.286 hard=score=36.3728995631 wNMSE=0.76881696 wMSE=58568.7496 wMRED=5.52478372 wER=0.504895 wMAE=103.0841 wBias=-25.5119 condBias=101.9829 dotDrift=-6.747sigma uMRED=0.4040710448 uER=0.553223 uMAE=221.8789 WCE=2728 bias=51.3750
[pop10_soft:00400] loss=2.642165 tau=3.00 collapse_w=0.000 mid_frac=0.202 hard=score=44.5674706676 wNMSE=0.6773143 wMSE=51598.0449 wMRED=6.29215831 wER=0.427181 wMAE=106.0897 wBias=-28.3657 condBias=116.8447 dotDrift=-7.992sigma uMRED=0.3601728500 uER=0.520508 uMAE=198.1504 WCE=1360 bias=83.3750
[pop10_soft:00600] loss=0.410035 tau=3.75 collapse_w=0.000 mid_frac=0.161 hard=score=4.2572804585 wNMSE=0.24098282 wMSE=18358.1569 wMRED=2.15062355 wER=0.446699 wMAE=55.6805 wBias=-8.3500 condBias=75.8054 dotDrift=-3.944sigma uMRED=0.2461917416 uER=0.531494 uMAE=152.3008 WCE=1456 bias=-59.6250
[pop10_soft:00800] loss=0.261603 tau=4.50 collapse_w=0.084 mid_frac=0.143 hard=score=7.7036945257 wNMSE=0.21863746 wMSE=16655.8795 wMRED=1.50853557 wER=0.406671 wMAE=48.3895 wBias=-11.6351 condBias=68.6813 dotDrift=-5.770sigma uMRED=0.2210217590 uER=0.503662 uMAE=141.1562 WCE=1136 bias=-55.5000
[pop10_soft:01000] loss=0.206155 tau=5.25 collapse_w=0.293 mid_frac=0.137 hard=score=1.5884231023 wNMSE=0.15962836 wMSE=12160.5454 wMRED=1.32992634 wER=0.404574 wMAE=40.1140 wBias=-4.8401 condBias=56.9523 dotDrift=-2.809sigma uMRED=0.1980383631 uER=0.499268 uMAE=131.0879 WCE=1284 bias=-103.5000
[pop10_soft:01199] loss=0.144232 tau=6.00 collapse_w=0.500 mid_frac=0.125 hard=score=1.5884231023 wNMSE=0.15962836 wMSE=12160.5454 wMRED=1.32992634 wER=0.404574 wMAE=40.1140 wBias=-4.8401 condBias=56.9523 dotDrift=-2.809sigma uMRED=0.1980383631 uER=0.499268 uMAE=131.0879 WCE=1284 bias=-103.5000
[pop10_hard:00000] loss=1.617024 tau=6.00 collapse_w=0.500 mid_frac=0.125 hard=score=1.5884231023 wNMSE=0.15962836 wMSE=12160.5454 wMRED=1.32992634 wER=0.404574 wMAE=40.1140 wBias=-4.8401 condBias=56.9523 dotDrift=-2.809sigma uMRED=0.1980383631 uER=0.499268 uMAE=131.0879 WCE=1284 bias=-103.5000
[pop10_hard:00200] loss=0.401793 tau=6.00 collapse_w=0.500 mid_frac=0.107 hard=score=0.3720021779 wNMSE=0.15291708 wMSE=11649.2776 wMRED=1.32738439 wER=0.404574 wMAE=39.8644 wBias=-1.1358 condBias=54.1661 dotDrift=-0.673sigma uMRED=0.1909149888 uER=0.499268 uMAE=127.1191 WCE=1136 bias=-39.5000
[pop10_hard:00400] loss=0.400367 tau=6.00 collapse_w=0.500 mid_frac=0.101 hard=score=0.3329320362 wNMSE=0.11451225 wMSE=8723.5838 wMRED=1.30055127 wER=0.404574 wMAE=37.3943 wBias=1.3343 condBias=44.2957 dotDrift=+0.914sigma uMRED=0.1666294505 uER=0.499268 uMAE=111.1191 WCE=1136 bias=-23.5000
[pop10_hard:00599] loss=0.359466 tau=6.00 collapse_w=0.500 mid_frac=0.101 hard=score=0.3329320362 wNMSE=0.11451225 wMSE=8723.5838 wMRED=1.30055127 wER=0.404574 wMAE=37.3943 wBias=1.3343 condBias=44.2957 dotDrift=+0.914sigma uMRED=0.1666294505 uER=0.499268 uMAE=111.1191 WCE=1136 bias=-23.5000
[pop10] done (conf=0.53, noise=0.5); global best score=0.1190314398 wNMSE=0.034121123 wMSE=2599.3593 wMRED=0.46730433 wER=0.268750 wMAE=12.3589 wBias=0.1702 condBias=27.5422 dotDrift=+0.214sigma uMRED=0.0687572765 uER=0.322266 uMAE=43.3516 WCE=1024 bias=30.8750
[pop11_soft:00000] loss=19.863752 tau=1.50 collapse_w=0.000 mid_frac=0.440 hard=score=676.2287562284 wNMSE=14.207208 wMSE=1082310.1765 wMRED=42.18276568 wER=0.578714 wMAE=570.0679 wBias=110.2054 condBias=575.8906 dotDrift=+6.780sigma uMRED=1.2365787231 uER=0.573730 uMAE=428.5781 WCE=2679 bias=20.3125
[pop11_soft:00200] loss=8.996845 tau=2.25 collapse_w=0.000 mid_frac=0.435 hard=score=1334.2124769653 wNMSE=6.4131723 wMSE=488557.7478 wMRED=23.38732129 wER=0.569194 wMAE=313.4590 wBias=-156.7983 condBias=378.7834 dotDrift=-14.357sigma uMRED=0.8432905957 uER=0.571533 uMAE=347.0615 WCE=2497 bias=-78.1875
[pop11_soft:00400] loss=3.150222 tau=3.00 collapse_w=0.000 mid_frac=0.405 hard=score=16.1224941056 wNMSE=0.332087 wMSE=25298.5056 wMRED=2.14492363 wER=0.574801 wMAE=67.7046 wBias=17.0070 condBias=74.3909 dotDrift=+6.843sigma uMRED=0.2580950029 uER=0.565674 uMAE=167.0449 WCE=1388 bias=73.2500
[pop11_soft:00600] loss=0.468841 tau=3.75 collapse_w=0.000 mid_frac=0.369 hard=score=1.1952661413 wNMSE=0.28596124 wMSE=21784.6290 wMRED=2.09674514 wER=0.486934 wMAE=58.3752 wBias=-3.5748 condBias=70.0782 dotDrift=-1.550sigma uMRED=0.2350939455 uER=0.556885 uMAE=154.4688 WCE=1280 bias=-13.8750
[pop11_soft:00800] loss=0.260121 tau=4.50 collapse_w=0.084 mid_frac=0.321 hard=score=0.5863352769 wNMSE=0.26983979 wMSE=20556.4915 wMRED=1.72662580 wER=0.438455 wMAE=53.3060 wBias=-1.4054 condBias=68.1713 dotDrift=-0.627sigma uMRED=0.2152176310 uER=0.522217 uMAE=143.1465 WCE=1216 bias=-14.8750
[pop11_soft:01000] loss=0.219705 tau=5.25 collapse_w=0.293 mid_frac=0.280 hard=score=2.1836475502 wNMSE=0.2375464 wMSE=18096.3693 wMRED=1.31182503 wER=0.406463 wMAE=46.5074 wBias=-5.7341 condBias=60.7048 dotDrift=-2.728sigma uMRED=0.1939328873 uER=0.512695 uMAE=133.1465 WCE=1216 bias=-8.8750
[pop11_soft:01199] loss=0.178667 tau=6.00 collapse_w=0.500 mid_frac=0.286 hard=score=1.4862737716 wNMSE=0.24642016 wMSE=18772.3757 wMRED=1.98526779 wER=0.455476 wMAE=54.5914 wBias=4.4197 condBias=64.2385 dotDrift=+2.064sigma uMRED=0.2070445123 uER=0.525391 uMAE=134.9453 WCE=1216 bias=-2.8750
[pop11_hard:00000] loss=1.555680 tau=6.00 collapse_w=0.500 mid_frac=0.292 hard=score=1.4862737716 wNMSE=0.24642016 wMSE=18772.3757 wMRED=1.98526779 wER=0.455476 wMAE=54.5914 wBias=4.4197 condBias=64.2385 dotDrift=+2.064sigma uMRED=0.2070445123 uER=0.525391 uMAE=134.9453 WCE=1216 bias=-2.8750
[pop11_hard:00200] loss=0.532072 tau=6.00 collapse_w=0.500 mid_frac=0.298 hard=score=0.4841351659 wNMSE=0.23740903 wMSE=18085.9047 wMRED=1.58388359 wER=0.423484 wMAE=49.0277 wBias=-1.1440 condBias=61.0534 dotDrift=-0.544sigma uMRED=0.1979025377 uER=0.515869 uMAE=132.9453 WCE=1216 bias=-4.8750
[pop11_hard:00400] loss=1.553381 tau=6.00 collapse_w=0.500 mid_frac=0.292 hard=score=1.4862737716 wNMSE=0.24642016 wMSE=18772.3757 wMRED=1.98526779 wER=0.455476 wMAE=54.5914 wBias=4.4197 condBias=64.2385 dotDrift=+2.064sigma uMRED=0.2070445123 uER=0.525391 uMAE=134.9453 WCE=1216 bias=-2.8750
[pop11_hard:00599] loss=0.530693 tau=6.00 collapse_w=0.500 mid_frac=0.292 hard=score=1.4862737716 wNMSE=0.24642016 wMSE=18772.3757 wMRED=1.98526779 wER=0.455476 wMAE=54.5914 wBias=4.4197 condBias=64.2385 dotDrift=+2.064sigma uMRED=0.2070445123 uER=0.525391 uMAE=134.9453 WCE=1216 bias=-2.8750
[pop11] done (conf=0.51, noise=1.0); global best score=0.1190314398 wNMSE=0.034121123 wMSE=2599.3593 wMRED=0.46730433 wER=0.268750 wMAE=12.3589 wBias=0.1702 condBias=27.5422 dotDrift=+0.214sigma uMRED=0.0687572765 uER=0.322266 uMAE=43.3516 WCE=1024 bias=30.8750
[best] stage=quad_hard_ste score=0.1190314398 wNMSE=0.034121123 wMSE=2599.3593 wMRED=0.46730433 wER=0.268750 wMAE=12.3589 wBias=0.1702 condBias=27.5422 dotDrift=+0.214sigma uMRED=0.0687572765 uER=0.322266 uMAE=43.3516 WCE=1024 bias=30.8750
[best-json] /home/xuanqi/tony/work/FPGA/signed8x8_approx/signed8x8_2026_8_22/runs_qwen_default/rand211/best_signed88_inits.json
[best-rtl] /home/xuanqi/tony/work/FPGA/signed8x8_approx/signed8x8_2026_8_22/runs_qwen_default/rand211/best_rtl
[design] default_split search_bits=168
[start] score=0.1190314398 wNMSE=0.034121123 wMSE=2599.3593 wMRED=0.46730433 wER=0.268750 wMAE=12.3589 wBias=0.1702 condBias=27.5422 dotDrift=+0.214sigma uMRED=0.0687572765 uER=0.322266 uMAE=43.3516 WCE=1024 bias=30.8750
[single] ACCEPT ['hi_lut45:51'] 0.1190314398->0.0895524079 wNMSE=0.016604974 wBias=-0.75589
[single] ACCEPT ['mid_lut23:55'] 0.0895524079->0.0597801119 wNMSE=0.017050453 wBias=-0.05396
[single] ACCEPT ['lo_lut01:27'] 0.0597801119->0.0595993959 wNMSE=0.017041856 wBias=+0.00391
[single] ACCEPT ['lo_lut45:51'] 0.0595993959->0.0592434810 wNMSE=0.016888531 wBias=-0.04891
[single] ACCEPT ['lo_lut45:23'] 0.0592434810->0.0591170550 wNMSE=0.016874745 wBias=+0.01339
[single] ACCEPT ['lo_lut67:19'] 0.0591170550->0.0587986512 wNMSE=0.016701203 wBias=-0.09224
[single] ACCEPT ['lo_lut01:63'] 0.0587986512->0.0582079645 wNMSE=0.016635187 wBias=+0.02852
[single] ACCEPT ['lo_lut45:15'] 0.0582079645->0.0581311892 wNMSE=0.016622461 wBias=+0.00051
[single] round=9 no improvement
[pair] ACCEPT ['hi_lut01:63', 'hi_lut01:55'] 0.0581311892->0.0555460255 wNMSE=0.015096486 wBias=+0.00314
[pair] ACCEPT ['mid_lut45:51', 'lo_lut23:59'] 0.0555460255->0.0540818627 wNMSE=0.014763643 wBias=+0.02016
[pair] ACCEPT ['lo_lut45:7', 'lo_lut23:39'] 0.0540818627->0.0535650776 wNMSE=0.01465836 wBias=-0.02055
[pair] ACCEPT ['mid_lut01:59', 'lo_lut45:59'] 0.0535650776->0.0530684139 wNMSE=0.014598968 wBias=+0.03005
[basin] ACCEPT ['lo_lut01:63', 'mid_lut01:27', 'mid_lut67:19', 'lo_lut01:19'] 0.0530684139->0.0529672493 wNMSE=0.015124508 wBias=+0.00052
[final] score=0.0529672493 wNMSE=0.015124508 wMSE=1152.1904 wMRED=0.71241847 wER=0.432418 wMAE=13.7774 wBias=0.0005 condBias=15.3839 dotDrift=+0.001sigma uMRED=0.0497025173 uER=0.473389 uMAE=34.7070 WCE=512 bias=5.7500
[json] /home/xuanqi/tony/work/FPGA/signed8x8_approx/signed8x8_2026_8_22/runs_qwen_default/rand211/refined/best_signed88_inits.json
