[design] quality quad4 entries=48
[device] cuda
[safety] max_zero_violations=0 max_workload_zero_violation_probability=0
[initial] score=1.8097699069 wNMSE=0.0068222012 wMSE=519.7177 wMRED=0.46065472 wER=0.194815 wMAE=8.4969 wBias=-5.6980 condBias=11.4063 dotDrift=-15.996sigma uMRED=0.0223363299 uER=0.242188 uMAE=12.3594 WCE=96 bias=3.6875
[aligned-objective] schema=aligned_ai_metrics_v2 loss_mode=legacy_aligned guard_tolerance=0.1 constraint_weight=10
[quad_warmup_bit:00000] loss=3.048995 tau=1.50 collapse_w=0.000 mid_frac=0.521 hard=score=1.8097699069 wNMSE=0.0068222012 wMSE=519.7177 wMRED=0.46065472 wER=0.194815 wMAE=8.4969 wBias=-5.6980 condBias=11.4063 dotDrift=-15.996sigma uMRED=0.0223363299 uER=0.242188 uMAE=12.3594 WCE=96 bias=3.6875
[quad_warmup_bit:00200] loss=1.064818 tau=1.50 collapse_w=0.000 mid_frac=0.562 hard=score=1.5715679766 wNMSE=0.0073771413 wMSE=561.9933 wMRED=0.46414190 wER=0.192405 wMAE=8.8562 wBias=5.2930 condBias=11.8448 dotDrift=+14.290sigma uMRED=0.0200313018 uER=0.218750 uMAE=9.7656 WCE=84 bias=2.3125
[quad_warmup_bit:00400] loss=0.188155 tau=1.50 collapse_w=0.000 mid_frac=0.417 hard=score=2.2493428440 wNMSE=0.0077089262 wMSE=587.2687 wMRED=0.46097928 wER=0.178490 wMAE=8.8450 wBias=6.3611 condBias=12.7337 dotDrift=+16.799sigma uMRED=0.0220956064 uER=0.238281 uMAE=11.8750 WCE=96 bias=0.6250
[quad_warmup_bit:00600] loss=0.088353 tau=1.50 collapse_w=0.000 mid_frac=0.354 hard=score=2.2632122384 wNMSE=0.0075692353 wMSE=576.6270 wMRED=0.45347160 wER=0.159629 wMAE=8.6367 wBias=6.3825 condBias=12.7766 dotDrift=+17.011sigma uMRED=0.0217891653 uER=0.230469 uMAE=11.7500 WCE=96 bias=0.6250
[quad_warmup_bit:00800] loss=0.081007 tau=1.50 collapse_w=0.000 mid_frac=0.375 hard=score=2.1055221602 wNMSE=0.0072511716 wMSE=552.3968 wMRED=0.44540232 wER=0.159629 wMAE=8.4718 wBias=6.1538 condBias=12.3187 dotDrift=+16.757sigma uMRED=0.0216229896 uER=0.230469 uMAE=11.7500 WCE=96 bias=0.3750
[quad_warmup_bit:01000] loss=0.078396 tau=1.50 collapse_w=0.000 mid_frac=0.375 hard=score=2.1055221602 wNMSE=0.0072511716 wMSE=552.3968 wMRED=0.44540232 wER=0.159629 wMAE=8.4718 wBias=6.1538 condBias=12.3187 dotDrift=+16.757sigma uMRED=0.0216229896 uER=0.230469 uMAE=11.7500 WCE=96 bias=0.3750
[quad_warmup_bit:01200] loss=0.075143 tau=1.50 collapse_w=0.000 mid_frac=0.354 hard=score=1.7700136955 wNMSE=0.0062553896 wMSE=476.5378 wMRED=0.43861762 wER=0.159629 wMAE=7.9575 wBias=5.6395 condBias=11.2889 dotDrift=+16.534sigma uMRED=0.0201278435 uER=0.230469 uMAE=10.7500 WCE=72 bias=-0.6250
[quad_warmup_bit:01400] loss=0.073077 tau=1.50 collapse_w=0.000 mid_frac=0.333 hard=score=1.7700136955 wNMSE=0.0062553896 wMSE=476.5378 wMRED=0.43861762 wER=0.159629 wMAE=7.9575 wBias=5.6395 condBias=11.2889 dotDrift=+16.534sigma uMRED=0.0201278435 uER=0.230469 uMAE=10.7500 WCE=72 bias=-0.6250
[quad_warmup_bit:01600] loss=0.071391 tau=1.50 collapse_w=0.000 mid_frac=0.333 hard=score=1.7210844540 wNMSE=0.0062496904 wMSE=476.1036 wMRED=0.43936722 wER=0.159629 wMAE=7.9850 wBias=5.5590 condBias=11.1279 dotDrift=+16.305sigma uMRED=0.0202123434 uER=0.230469 uMAE=10.8125 WCE=72 bias=-0.7500
[quad_warmup_bit:01800] loss=0.070338 tau=1.50 collapse_w=0.000 mid_frac=0.312 hard=score=1.8701345740 wNMSE=0.0062921274 wMSE=479.3365 wMRED=0.43711841 wER=0.159629 wMAE=7.9025 wBias=5.8003 condBias=11.6110 dotDrift=+16.956sigma uMRED=0.0199588437 uER=0.230469 uMAE=10.6250 WCE=72 bias=-0.3750
[quad_warmup_bit:02000] loss=0.069147 tau=1.50 collapse_w=0.000 mid_frac=0.312 hard=score=1.8196970689 wNMSE=0.0062695352 wMSE=477.6154 wMRED=0.43786801 wER=0.159629 wMAE=7.9300 wBias=5.7199 condBias=11.4500 dotDrift=+16.751sigma uMRED=0.0200433436 uER=0.230469 uMAE=10.6875 WCE=72 bias=-0.5000
[quad_warmup_bit:02200] loss=0.068255 tau=1.50 collapse_w=0.000 mid_frac=0.312 hard=score=1.8196970689 wNMSE=0.0062695352 wMSE=477.6154 wMRED=0.43786801 wER=0.159629 wMAE=7.9300 wBias=5.7199 condBias=11.4500 dotDrift=+16.751sigma uMRED=0.0200433436 uER=0.230469 uMAE=10.6875 WCE=72 bias=-0.5000
[quad_warmup_bit:02400] loss=0.066955 tau=1.50 collapse_w=0.000 mid_frac=0.333 hard=score=1.9174152594 wNMSE=0.0063953083 wMSE=487.1969 wMRED=0.43833605 wER=0.159629 wMAE=7.9461 wBias=5.8739 condBias=11.7583 dotDrift=+17.032sigma uMRED=0.0200560190 uER=0.230469 uMAE=10.6875 WCE=80 bias=-0.2500
[quad_warmup_bit:02600] loss=0.065923 tau=1.50 collapse_w=0.000 mid_frac=0.312 hard=score=1.9174152594 wNMSE=0.0063953083 wMSE=487.1969 wMRED=0.43833605 wER=0.159629 wMAE=7.9461 wBias=5.8739 condBias=11.7583 dotDrift=+17.032sigma uMRED=0.0200560190 uER=0.230469 uMAE=10.6875 WCE=80 bias=-0.2500
[quad_warmup_bit:02800] loss=0.064992 tau=1.50 collapse_w=0.000 mid_frac=0.312 hard=score=1.9174152594 wNMSE=0.0063953083 wMSE=487.1969 wMRED=0.43833605 wER=0.159629 wMAE=7.9461 wBias=5.8739 condBias=11.7583 dotDrift=+17.032sigma uMRED=0.0200560190 uER=0.230469 uMAE=10.6875 WCE=80 bias=-0.2500
[quad_warmup_bit:03000] loss=0.064784 tau=1.50 collapse_w=0.000 mid_frac=0.312 hard=score=1.9691978750 wNMSE=0.0064179005 wMSE=488.9179 wMRED=0.43758645 wER=0.159629 wMAE=7.9186 wBias=5.9544 condBias=11.9194 dotDrift=+17.234sigma uMRED=0.0199715191 uER=0.230469 uMAE=10.6250 WCE=80 bias=-0.1250
[quad_warmup_bit:03200] loss=0.063866 tau=1.50 collapse_w=0.000 mid_frac=0.333 hard=score=1.9691978750 wNMSE=0.0064179005 wMSE=488.9179 wMRED=0.43758645 wER=0.159629 wMAE=7.9186 wBias=5.9544 condBias=11.9194 dotDrift=+17.234sigma uMRED=0.0199715191 uER=0.230469 uMAE=10.6250 WCE=80 bias=-0.1250
[quad_warmup_bit:03400] loss=0.062939 tau=1.50 collapse_w=0.000 mid_frac=0.333 hard=score=1.9691978750 wNMSE=0.0064179005 wMSE=488.9179 wMRED=0.43758645 wER=0.159629 wMAE=7.9186 wBias=5.9544 condBias=11.9194 dotDrift=+17.234sigma uMRED=0.0199715191 uER=0.230469 uMAE=10.6250 WCE=80 bias=-0.1250
[quad_warmup_bit:03600] loss=0.061540 tau=1.50 collapse_w=0.000 mid_frac=0.333 hard=score=1.9174152594 wNMSE=0.0063953083 wMSE=487.1969 wMRED=0.43833605 wER=0.159629 wMAE=7.9461 wBias=5.8739 condBias=11.7583 dotDrift=+17.032sigma uMRED=0.0200560190 uER=0.230469 uMAE=10.6875 WCE=80 bias=-0.2500
[quad_warmup_bit:03800] loss=0.060775 tau=1.50 collapse_w=0.000 mid_frac=0.333 hard=score=1.9691978750 wNMSE=0.0064179005 wMSE=488.9179 wMRED=0.43758645 wER=0.159629 wMAE=7.9186 wBias=5.9544 condBias=11.9194 dotDrift=+17.234sigma uMRED=0.0199715191 uER=0.230469 uMAE=10.6250 WCE=80 bias=-0.1250
[quad_warmup_bit:04000] loss=0.059653 tau=1.50 collapse_w=0.000 mid_frac=0.354 hard=score=1.9691978750 wNMSE=0.0064179005 wMSE=488.9179 wMRED=0.43758645 wER=0.159629 wMAE=7.9186 wBias=5.9544 condBias=11.9194 dotDrift=+17.234sigma uMRED=0.0199715191 uER=0.230469 uMAE=10.6250 WCE=80 bias=-0.1250
[quad_warmup_bit:04200] loss=0.057412 tau=1.50 collapse_w=0.000 mid_frac=0.354 hard=score=1.9174152594 wNMSE=0.0063953083 wMSE=487.1969 wMRED=0.43833605 wER=0.159629 wMAE=7.9461 wBias=5.8739 condBias=11.7583 dotDrift=+17.032sigma uMRED=0.0200560190 uER=0.230469 uMAE=10.6875 WCE=80 bias=-0.2500
[quad_warmup_bit:04400] loss=0.055710 tau=1.50 collapse_w=0.000 mid_frac=0.375 hard=score=1.9890751723 wNMSE=0.0063185941 wMSE=481.3528 wMRED=0.43783016 wER=0.158842 wMAE=7.8548 wBias=5.9860 condBias=11.9824 dotDrift=+17.462sigma uMRED=0.0183330475 uER=0.214844 uMAE=9.0000 WCE=80 bias=1.7500
[quad_warmup_bit:04600] loss=0.053620 tau=1.50 collapse_w=0.000 mid_frac=0.354 hard=score=1.9890751723 wNMSE=0.0063185941 wMSE=481.3528 wMRED=0.43783016 wER=0.158842 wMAE=7.8548 wBias=5.9860 condBias=11.9824 dotDrift=+17.462sigma uMRED=0.0183330475 uER=0.214844 uMAE=9.0000 WCE=80 bias=1.7500
[quad_warmup_bit:04800] loss=0.051294 tau=1.50 collapse_w=0.000 mid_frac=0.312 hard=score=0.0233315015 wNMSE=0.0004791152 wMSE=36.4992 wMRED=0.02515859 wER=0.097339 wMAE=1.4106 wBias=-0.6063 condBias=3.0187 dotDrift=-6.423sigma uMRED=0.0065221913 uER=0.179688 uMAE=5.1875 WCE=60 bias=-2.2500
[quad_warmup_bit:05000] loss=0.048762 tau=1.50 collapse_w=0.000 mid_frac=0.312 hard=score=0.0233315015 wNMSE=0.0004791152 wMSE=36.4992 wMRED=0.02515859 wER=0.097339 wMAE=1.4106 wBias=-0.6063 condBias=3.0187 dotDrift=-6.423sigma uMRED=0.0065221913 uER=0.179688 uMAE=5.1875 WCE=60 bias=-2.2500
[quad_warmup_bit:05200] loss=0.046352 tau=1.50 collapse_w=0.000 mid_frac=0.292 hard=score=0.0233315015 wNMSE=0.0004791152 wMSE=36.4992 wMRED=0.02515859 wER=0.097339 wMAE=1.4106 wBias=-0.6063 condBias=3.0187 dotDrift=-6.423sigma uMRED=0.0065221913 uER=0.179688 uMAE=5.1875 WCE=60 bias=-2.2500
[quad_warmup_bit:05400] loss=0.044943 tau=1.50 collapse_w=0.000 mid_frac=0.292 hard=score=0.0319661352 wNMSE=0.0004151473 wMSE=31.6261 wMRED=0.02422032 wER=0.095083 wMAE=1.2860 wBias=-0.7309 condBias=2.8098 dotDrift=-8.318sigma uMRED=0.0053940735 uER=0.164062 uMAE=4.1875 WCE=60 bias=-3.2500
[quad_warmup_bit:05600] loss=0.043915 tau=1.50 collapse_w=0.000 mid_frac=0.292 hard=score=0.0319661352 wNMSE=0.0004151473 wMSE=31.6261 wMRED=0.02422032 wER=0.095083 wMAE=1.2860 wBias=-0.7309 condBias=2.8098 dotDrift=-8.318sigma uMRED=0.0053940735 uER=0.164062 uMAE=4.1875 WCE=60 bias=-3.2500
[quad_warmup_bit:05800] loss=0.043164 tau=1.50 collapse_w=0.000 mid_frac=0.271 hard=score=0.0115924571 wNMSE=0.00028010581 wMSE=21.3386 wMRED=0.01966115 wER=0.087006 wMAE=0.9741 wBias=-0.4190 condBias=2.3083 dotDrift=-5.805sigma uMRED=0.0046010671 uER=0.156250 uMAE=3.6875 WCE=60 bias=-2.7500
[quad_warmup_bit:05999] loss=0.042604 tau=1.50 collapse_w=0.000 mid_frac=0.271 hard=score=0.0115924571 wNMSE=0.00028010581 wMSE=21.3386 wMRED=0.01966115 wER=0.087006 wMAE=0.9741 wBias=-0.4190 condBias=2.3083 dotDrift=-5.805sigma uMRED=0.0046010671 uER=0.156250 uMAE=3.6875 WCE=60 bias=-2.7500
[quad_soft:00000] loss=0.048501 tau=1.50 collapse_w=0.000 mid_frac=0.271 hard=score=0.0115924571 wNMSE=0.00028010581 wMSE=21.3386 wMRED=0.01966115 wER=0.087006 wMAE=0.9741 wBias=-0.4190 condBias=2.3083 dotDrift=-5.805sigma uMRED=0.0046010671 uER=0.156250 uMAE=3.6875 WCE=60 bias=-2.7500
[quad_soft:00200] loss=0.046228 tau=1.59 collapse_w=0.000 mid_frac=0.208 hard=score=0.0081295269 wNMSE=0.00025824566 wMSE=19.6732 wMRED=0.01808391 wER=0.087006 wMAE=0.8936 wBias=-0.3386 condBias=2.2163 dotDrift=-4.886sigma uMRED=0.0044066317 uER=0.156250 uMAE=3.5625 WCE=56 bias=-2.6250
[quad_soft:00400] loss=0.046827 tau=1.68 collapse_w=0.000 mid_frac=0.229 hard=score=0.0031527511 wNMSE=0.00013154024 wMSE=10.0208 wMRED=0.01692606 wER=0.087006 wMAE=0.7491 wBias=-0.1940 condBias=1.5816 dotDrift=-3.922sigma uMRED=0.0032527288 uER=0.156250 uMAE=2.5625 WCE=40 bias=-1.6250
[quad_soft:00600] loss=0.049161 tau=1.77 collapse_w=0.000 mid_frac=0.229 hard=score=0.0031527511 wNMSE=0.00013154024 wMSE=10.0208 wMRED=0.01692606 wER=0.087006 wMAE=0.7491 wBias=-0.1940 condBias=1.5816 dotDrift=-3.922sigma uMRED=0.0032527288 uER=0.156250 uMAE=2.5625 WCE=40 bias=-1.6250
[quad_soft:00800] loss=0.048760 tau=1.86 collapse_w=0.000 mid_frac=0.229 hard=score=0.0031527511 wNMSE=0.00013154024 wMSE=10.0208 wMRED=0.01692606 wER=0.087006 wMAE=0.7491 wBias=-0.1940 condBias=1.5816 dotDrift=-3.922sigma uMRED=0.0032527288 uER=0.156250 uMAE=2.5625 WCE=40 bias=-1.6250
[quad_soft:01000] loss=0.049935 tau=1.95 collapse_w=0.000 mid_frac=0.229 hard=score=0.0017906580 wNMSE=0.00011373402 wMSE=8.6643 wMRED=0.01634713 wER=0.083731 wMAE=0.6768 wBias=-0.1217 condBias=1.4706 dotDrift=-2.647sigma uMRED=0.0026757773 uER=0.136719 uMAE=2.0625 WCE=40 bias=-1.1250
[quad_soft:01200] loss=0.051277 tau=2.04 collapse_w=0.000 mid_frac=0.229 hard=score=0.0017906580 wNMSE=0.00011373402 wMSE=8.6643 wMRED=0.01634713 wER=0.083731 wMAE=0.6768 wBias=-0.1217 condBias=1.4706 dotDrift=-2.647sigma uMRED=0.0026757773 uER=0.136719 uMAE=2.0625 WCE=40 bias=-1.1250
[quad_soft:01400] loss=0.045827 tau=2.13 collapse_w=0.000 mid_frac=0.229 hard=score=0.0017906580 wNMSE=0.00011373402 wMSE=8.6643 wMRED=0.01634713 wER=0.083731 wMAE=0.6768 wBias=-0.1217 condBias=1.4706 dotDrift=-2.647sigma uMRED=0.0026757773 uER=0.136719 uMAE=2.0625 WCE=40 bias=-1.1250
[quad_soft:01600] loss=0.038861 tau=2.22 collapse_w=0.000 mid_frac=0.208 hard=score=0.0017906580 wNMSE=0.00011373402 wMSE=8.6643 wMRED=0.01634713 wER=0.083731 wMAE=0.6768 wBias=-0.1217 condBias=1.4706 dotDrift=-2.647sigma uMRED=0.0026757773 uER=0.136719 uMAE=2.0625 WCE=40 bias=-1.1250
[quad_soft:01800] loss=0.038135 tau=2.31 collapse_w=0.000 mid_frac=0.208 hard=score=0.0017906580 wNMSE=0.00011373402 wMSE=8.6643 wMRED=0.01634713 wER=0.083731 wMAE=0.6768 wBias=-0.1217 condBias=1.4706 dotDrift=-2.647sigma uMRED=0.0026757773 uER=0.136719 uMAE=2.0625 WCE=40 bias=-1.1250
[quad_soft:02000] loss=0.037565 tau=2.40 collapse_w=0.000 mid_frac=0.208 hard=score=0.0155033193 wNMSE=0.00023672804 wMSE=18.0340 wMRED=0.02133415 wER=0.091808 wMAE=0.9696 wBias=0.5021 condBias=2.1216 dotDrift=+7.567sigma uMRED=0.0032480206 uER=0.144531 uMAE=2.3750 WCE=40 bias=-0.1250
[quad_soft:02200] loss=0.036878 tau=2.49 collapse_w=0.000 mid_frac=0.208 hard=score=0.0155033193 wNMSE=0.00023672804 wMSE=18.0340 wMRED=0.02133415 wER=0.091808 wMAE=0.9696 wBias=0.5021 condBias=2.1216 dotDrift=+7.567sigma uMRED=0.0032480206 uER=0.144531 uMAE=2.3750 WCE=40 bias=-0.1250
[quad_soft:02400] loss=0.036195 tau=2.58 collapse_w=0.000 mid_frac=0.208 hard=score=0.0155033193 wNMSE=0.00023672804 wMSE=18.0340 wMRED=0.02133415 wER=0.091808 wMAE=0.9696 wBias=0.5021 condBias=2.1216 dotDrift=+7.567sigma uMRED=0.0032480206 uER=0.144531 uMAE=2.3750 WCE=40 bias=-0.1250
[quad_soft:02600] loss=0.035537 tau=2.67 collapse_w=0.000 mid_frac=0.208 hard=score=0.0116025140 wNMSE=0.00025515113 wMSE=19.4375 wMRED=0.02291140 wER=0.091808 wMAE=1.0500 wBias=0.4217 condBias=2.2026 dotDrift=+6.121sigma uMRED=0.0034424560 uER=0.144531 uMAE=2.5000 WCE=44 bias=-0.2500
[quad_soft:02800] loss=0.034950 tau=2.76 collapse_w=0.000 mid_frac=0.208 hard=score=0.0116025140 wNMSE=0.00025515113 wMSE=19.4375 wMRED=0.02291140 wER=0.091808 wMAE=1.0500 wBias=0.4217 condBias=2.2026 dotDrift=+6.121sigma uMRED=0.0034424560 uER=0.144531 uMAE=2.5000 WCE=44 bias=-0.2500
[quad_soft:03000] loss=0.034434 tau=2.85 collapse_w=0.000 mid_frac=0.208 hard=score=0.0116025140 wNMSE=0.00025515113 wMSE=19.4375 wMRED=0.02291140 wER=0.091808 wMAE=1.0500 wBias=0.4217 condBias=2.2026 dotDrift=+6.121sigma uMRED=0.0034424560 uER=0.144531 uMAE=2.5000 WCE=44 bias=-0.2500
[quad_soft:03200] loss=0.034026 tau=2.94 collapse_w=0.000 mid_frac=0.229 hard=score=0.0116025140 wNMSE=0.00025515113 wMSE=19.4375 wMRED=0.02291140 wER=0.091808 wMAE=1.0500 wBias=0.4217 condBias=2.2026 dotDrift=+6.121sigma uMRED=0.0034424560 uER=0.144531 uMAE=2.5000 WCE=44 bias=-0.2500
[quad_soft:03400] loss=0.033583 tau=3.03 collapse_w=0.000 mid_frac=0.208 hard=score=0.0116025140 wNMSE=0.00025515113 wMSE=19.4375 wMRED=0.02291140 wER=0.091808 wMAE=1.0500 wBias=0.4217 condBias=2.2026 dotDrift=+6.121sigma uMRED=0.0034424560 uER=0.144531 uMAE=2.5000 WCE=44 bias=-0.2500
[quad_soft:03600] loss=0.033110 tau=3.12 collapse_w=0.000 mid_frac=0.208 hard=score=0.0116025140 wNMSE=0.00025515113 wMSE=19.4375 wMRED=0.02291140 wER=0.091808 wMAE=1.0500 wBias=0.4217 condBias=2.2026 dotDrift=+6.121sigma uMRED=0.0034424560 uER=0.144531 uMAE=2.5000 WCE=44 bias=-0.2500
[quad_soft:03800] loss=0.032103 tau=3.21 collapse_w=0.000 mid_frac=0.229 hard=score=0.0024891173 wNMSE=0.00024167756 wMSE=18.4111 wMRED=0.02328221 wER=0.091808 wMAE=1.0569 wBias=0.1068 condBias=2.1438 dotDrift=+1.593sigma uMRED=0.0034490338 uER=0.144531 uMAE=2.5000 WCE=52 bias=-0.7500
[quad_soft:04000] loss=0.030967 tau=3.30 collapse_w=0.000 mid_frac=0.208 hard=score=0.0053381116 wNMSE=0.00017949184 wMSE=13.6738 wMRED=0.02012772 wER=0.091808 wMAE=0.8960 wBias=0.2677 condBias=1.8474 dotDrift=+4.633sigma uMRED=0.0030601630 uER=0.144531 uMAE=2.2500 WCE=44 bias=-0.5000
[quad_soft:04200] loss=0.030197 tau=3.39 collapse_w=0.000 mid_frac=0.208 hard=score=0.0053381116 wNMSE=0.00017949184 wMSE=13.6738 wMRED=0.02012772 wER=0.091808 wMAE=0.8960 wBias=0.2677 condBias=1.8474 dotDrift=+4.633sigma uMRED=0.0030601630 uER=0.144531 uMAE=2.2500 WCE=44 bias=-0.5000
[quad_soft:04400] loss=0.025957 tau=3.48 collapse_w=0.000 mid_frac=0.229 hard=score=0.0008711835 wNMSE=7.9622361e-05 wMSE=6.0657 wMRED=0.01556855 wER=0.084684 wMAE=0.5841 wBias=-0.0442 condBias=1.2306 dotDrift=-1.150sigma uMRED=0.0022671566 uER=0.128906 uMAE=1.7500 WCE=44 bias=-1.0000
[quad_soft:04600] loss=0.025058 tau=3.57 collapse_w=0.000 mid_frac=0.229 hard=score=0.0008711835 wNMSE=7.9622361e-05 wMSE=6.0657 wMRED=0.01556855 wER=0.084684 wMAE=0.5841 wBias=-0.0442 condBias=1.2306 dotDrift=-1.150sigma uMRED=0.0022671566 uER=0.128906 uMAE=1.7500 WCE=44 bias=-1.0000
[quad_soft:04800] loss=0.024129 tau=3.66 collapse_w=0.000 mid_frac=0.229 hard=score=0.0008711835 wNMSE=7.9622361e-05 wMSE=6.0657 wMRED=0.01556855 wER=0.084684 wMAE=0.5841 wBias=-0.0442 condBias=1.2306 dotDrift=-1.150sigma uMRED=0.0022671566 uER=0.128906 uMAE=1.7500 WCE=44 bias=-1.0000
[quad_soft:05000] loss=0.023244 tau=3.75 collapse_w=0.000 mid_frac=0.229 hard=score=0.0008711835 wNMSE=7.9622361e-05 wMSE=6.0657 wMRED=0.01556855 wER=0.084684 wMAE=0.5841 wBias=-0.0442 condBias=1.2306 dotDrift=-1.150sigma uMRED=0.0022671566 uER=0.128906 uMAE=1.7500 WCE=44 bias=-1.0000
[quad_soft:05200] loss=0.022356 tau=3.84 collapse_w=0.000 mid_frac=0.229 hard=score=0.0008711835 wNMSE=7.9622361e-05 wMSE=6.0657 wMRED=0.01556855 wER=0.084684 wMAE=0.5841 wBias=-0.0442 condBias=1.2306 dotDrift=-1.150sigma uMRED=0.0022671566 uER=0.128906 uMAE=1.7500 WCE=44 bias=-1.0000
[quad_soft:05400] loss=0.021433 tau=3.93 collapse_w=0.000 mid_frac=0.229 hard=score=0.0008711835 wNMSE=7.9622361e-05 wMSE=6.0657 wMRED=0.01556855 wER=0.084684 wMAE=0.5841 wBias=-0.0442 condBias=1.2306 dotDrift=-1.150sigma uMRED=0.0022671566 uER=0.128906 uMAE=1.7500 WCE=44 bias=-1.0000
[quad_soft:05600] loss=0.020989 tau=4.02 collapse_w=0.000 mid_frac=0.229 hard=score=0.0008711835 wNMSE=7.9622361e-05 wMSE=6.0657 wMRED=0.01556855 wER=0.084684 wMAE=0.5841 wBias=-0.0442 condBias=1.2306 dotDrift=-1.150sigma uMRED=0.0022671566 uER=0.128906 uMAE=1.7500 WCE=44 bias=-1.0000
[quad_soft:05800] loss=0.020080 tau=4.11 collapse_w=0.000 mid_frac=0.229 hard=score=0.0008711835 wNMSE=7.9622361e-05 wMSE=6.0657 wMRED=0.01556855 wER=0.084684 wMAE=0.5841 wBias=-0.0442 condBias=1.2306 dotDrift=-1.150sigma uMRED=0.0022671566 uER=0.128906 uMAE=1.7500 WCE=44 bias=-1.0000
[quad_soft:06000] loss=0.019154 tau=4.20 collapse_w=0.000 mid_frac=0.229 hard=score=0.0008711835 wNMSE=7.9622361e-05 wMSE=6.0657 wMRED=0.01556855 wER=0.084684 wMAE=0.5841 wBias=-0.0442 condBias=1.2306 dotDrift=-1.150sigma uMRED=0.0022671566 uER=0.128906 uMAE=1.7500 WCE=44 bias=-1.0000
[quad_soft:06200] loss=0.019264 tau=4.29 collapse_w=0.025 mid_frac=0.229 hard=score=0.0007025166 wNMSE=6.1199268e-05 wMSE=4.6622 wMRED=0.01399131 wER=0.084684 wMAE=0.5036 wBias=0.0362 condBias=1.0787 dotDrift=+1.073sigma uMRED=0.0020727212 uER=0.128906 uMAE=1.6250 WCE=40 bias=-0.8750
[quad_soft:06400] loss=0.019695 tau=4.38 collapse_w=0.050 mid_frac=0.229 hard=score=0.0007025166 wNMSE=6.1199268e-05 wMSE=4.6622 wMRED=0.01399131 wER=0.084684 wMAE=0.5036 wBias=0.0362 condBias=1.0787 dotDrift=+1.073sigma uMRED=0.0020727212 uER=0.128906 uMAE=1.6250 WCE=40 bias=-0.8750
[quad_soft:06600] loss=0.020122 tau=4.47 collapse_w=0.075 mid_frac=0.208 hard=score=0.0007025166 wNMSE=6.1199268e-05 wMSE=4.6622 wMRED=0.01399131 wER=0.084684 wMAE=0.5036 wBias=0.0362 condBias=1.0787 dotDrift=+1.073sigma uMRED=0.0020727212 uER=0.128906 uMAE=1.6250 WCE=40 bias=-0.8750
[quad_soft:06800] loss=0.020194 tau=4.56 collapse_w=0.100 mid_frac=0.208 hard=score=0.0007025166 wNMSE=6.1199268e-05 wMSE=4.6622 wMRED=0.01399131 wER=0.084684 wMAE=0.5036 wBias=0.0362 condBias=1.0787 dotDrift=+1.073sigma uMRED=0.0020727212 uER=0.128906 uMAE=1.6250 WCE=40 bias=-0.8750
[quad_soft:07000] loss=0.020257 tau=4.65 collapse_w=0.125 mid_frac=0.208 hard=score=0.0007025166 wNMSE=6.1199268e-05 wMSE=4.6622 wMRED=0.01399131 wER=0.084684 wMAE=0.5036 wBias=0.0362 condBias=1.0787 dotDrift=+1.073sigma uMRED=0.0020727212 uER=0.128906 uMAE=1.6250 WCE=40 bias=-0.8750
[quad_soft:07200] loss=0.020267 tau=4.74 collapse_w=0.150 mid_frac=0.208 hard=score=0.0007025166 wNMSE=6.1199268e-05 wMSE=4.6622 wMRED=0.01399131 wER=0.084684 wMAE=0.5036 wBias=0.0362 condBias=1.0787 dotDrift=+1.073sigma uMRED=0.0020727212 uER=0.128906 uMAE=1.6250 WCE=40 bias=-0.8750
[quad_soft:07400] loss=0.020144 tau=4.83 collapse_w=0.175 mid_frac=0.208 hard=score=0.0007025166 wNMSE=6.1199268e-05 wMSE=4.6622 wMRED=0.01399131 wER=0.084684 wMAE=0.5036 wBias=0.0362 condBias=1.0787 dotDrift=+1.073sigma uMRED=0.0020727212 uER=0.128906 uMAE=1.6250 WCE=40 bias=-0.8750
[quad_soft:07600] loss=0.020043 tau=4.92 collapse_w=0.200 mid_frac=0.208 hard=score=0.0007025166 wNMSE=6.1199268e-05 wMSE=4.6622 wMRED=0.01399131 wER=0.084684 wMAE=0.5036 wBias=0.0362 condBias=1.0787 dotDrift=+1.073sigma uMRED=0.0020727212 uER=0.128906 uMAE=1.6250 WCE=40 bias=-0.8750
[quad_soft:07800] loss=0.019808 tau=5.01 collapse_w=0.225 mid_frac=0.188 hard=score=0.0078938065 wNMSE=0.00016106875 wMSE=12.2703 wMRED=0.01855048 wER=0.091808 wMAE=0.8156 wBias=0.3481 condBias=1.7499 dotDrift=+6.360sigma uMRED=0.0028657276 uER=0.144531 uMAE=2.1250 WCE=40 bias=-0.3750
[quad_soft:08000] loss=0.019600 tau=5.10 collapse_w=0.250 mid_frac=0.188 hard=score=0.0078938065 wNMSE=0.00016106875 wMSE=12.2703 wMRED=0.01855048 wER=0.091808 wMAE=0.8156 wBias=0.3481 condBias=1.7499 dotDrift=+6.360sigma uMRED=0.0028657276 uER=0.144531 uMAE=2.1250 WCE=40 bias=-0.3750
[quad_soft:08200] loss=0.019414 tau=5.19 collapse_w=0.275 mid_frac=0.208 hard=score=0.0007025166 wNMSE=6.1199268e-05 wMSE=4.6622 wMRED=0.01399131 wER=0.084684 wMAE=0.5036 wBias=0.0362 condBias=1.0787 dotDrift=+1.073sigma uMRED=0.0020727212 uER=0.128906 uMAE=1.6250 WCE=40 bias=-0.8750
[quad_soft:08400] loss=0.018951 tau=5.28 collapse_w=0.300 mid_frac=0.167 hard=score=0.0078938065 wNMSE=0.00016106875 wMSE=12.2703 wMRED=0.01855048 wER=0.091808 wMAE=0.8156 wBias=0.3481 condBias=1.7499 dotDrift=+6.360sigma uMRED=0.0028657276 uER=0.144531 uMAE=2.1250 WCE=40 bias=-0.3750
[quad_soft:08600] loss=0.018566 tau=5.37 collapse_w=0.325 mid_frac=0.167 hard=score=0.0078938065 wNMSE=0.00016106875 wMSE=12.2703 wMRED=0.01855048 wER=0.091808 wMAE=0.8156 wBias=0.3481 condBias=1.7499 dotDrift=+6.360sigma uMRED=0.0028657276 uER=0.144531 uMAE=2.1250 WCE=40 bias=-0.3750
[quad_soft:08800] loss=0.018147 tau=5.46 collapse_w=0.350 mid_frac=0.188 hard=score=0.0007025166 wNMSE=6.1199268e-05 wMSE=4.6622 wMRED=0.01399131 wER=0.084684 wMAE=0.5036 wBias=0.0362 condBias=1.0787 dotDrift=+1.073sigma uMRED=0.0020727212 uER=0.128906 uMAE=1.6250 WCE=40 bias=-0.8750
[quad_soft:09000] loss=0.017734 tau=5.55 collapse_w=0.375 mid_frac=0.188 hard=score=0.0007025166 wNMSE=6.1199268e-05 wMSE=4.6622 wMRED=0.01399131 wER=0.084684 wMAE=0.5036 wBias=0.0362 condBias=1.0787 dotDrift=+1.073sigma uMRED=0.0020727212 uER=0.128906 uMAE=1.6250 WCE=40 bias=-0.8750
[quad_soft:09200] loss=0.017048 tau=5.64 collapse_w=0.400 mid_frac=0.167 hard=score=0.0078938065 wNMSE=0.00016106875 wMSE=12.2703 wMRED=0.01855048 wER=0.091808 wMAE=0.8156 wBias=0.3481 condBias=1.7499 dotDrift=+6.360sigma uMRED=0.0028657276 uER=0.144531 uMAE=2.1250 WCE=40 bias=-0.3750
[quad_soft:09400] loss=0.016366 tau=5.73 collapse_w=0.425 mid_frac=0.167 hard=score=0.0078938065 wNMSE=0.00016106875 wMSE=12.2703 wMRED=0.01855048 wER=0.091808 wMAE=0.8156 wBias=0.3481 condBias=1.7499 dotDrift=+6.360sigma uMRED=0.0028657276 uER=0.144531 uMAE=2.1250 WCE=40 bias=-0.3750
[quad_soft:09600] loss=0.015620 tau=5.82 collapse_w=0.450 mid_frac=0.188 hard=score=0.0007025166 wNMSE=6.1199268e-05 wMSE=4.6622 wMRED=0.01399131 wER=0.084684 wMAE=0.5036 wBias=0.0362 condBias=1.0787 dotDrift=+1.073sigma uMRED=0.0020727212 uER=0.128906 uMAE=1.6250 WCE=40 bias=-0.8750
[quad_soft:09800] loss=0.014589 tau=5.91 collapse_w=0.475 mid_frac=0.167 hard=score=0.0078938065 wNMSE=0.00016106875 wMSE=12.2703 wMRED=0.01855048 wER=0.091808 wMAE=0.8156 wBias=0.3481 condBias=1.7499 dotDrift=+6.360sigma uMRED=0.0028657276 uER=0.144531 uMAE=2.1250 WCE=40 bias=-0.3750
[quad_soft:09999] loss=0.013610 tau=6.00 collapse_w=0.500 mid_frac=0.188 hard=score=0.0007025166 wNMSE=6.1199268e-05 wMSE=4.6622 wMRED=0.01399131 wER=0.084684 wMAE=0.5036 wBias=0.0362 condBias=1.0787 dotDrift=+1.073sigma uMRED=0.0020727212 uER=0.128906 uMAE=1.6250 WCE=40 bias=-0.8750
[quad_hard_ste:00000] loss=9.443259 tau=6.00 collapse_w=0.000 mid_frac=0.188 hard=score=0.0007025166 wNMSE=6.1199268e-05 wMSE=4.6622 wMRED=0.01399131 wER=0.084684 wMAE=0.5036 wBias=0.0362 condBias=1.0787 dotDrift=+1.073sigma uMRED=0.0020727212 uER=0.128906 uMAE=1.6250 WCE=40 bias=-0.8750
[quad_hard_ste:00200] loss=6.478562 tau=6.00 collapse_w=0.000 mid_frac=0.167 hard=score=0.0078938065 wNMSE=0.00016106875 wMSE=12.2703 wMRED=0.01855048 wER=0.091808 wMAE=0.8156 wBias=0.3481 condBias=1.7499 dotDrift=+6.360sigma uMRED=0.0028657276 uER=0.144531 uMAE=2.1250 WCE=40 bias=-0.3750
[quad_hard_ste:00400] loss=18.833401 tau=6.00 collapse_w=0.000 mid_frac=0.167 hard=score=0.0626727622 wNMSE=0.00038047852 wMSE=28.9850 wMRED=0.10439145 wER=0.145483 wMAE=1.8602 wBias=-1.0428 condBias=2.6897 dotDrift=-12.396sigma uMRED=0.0046084138 uER=0.160156 uMAE=2.4375 WCE=40 bias=-0.8750
[quad_hard_ste:00600] loss=18.833401 tau=6.00 collapse_w=0.000 mid_frac=0.167 hard=score=0.0626727622 wNMSE=0.00038047852 wMSE=28.9850 wMRED=0.10439145 wER=0.145483 wMAE=1.8602 wBias=-1.0428 condBias=2.6897 dotDrift=-12.396sigma uMRED=0.0046084138 uER=0.160156 uMAE=2.4375 WCE=40 bias=-0.8750
[quad_hard_ste:00800] loss=18.833401 tau=6.00 collapse_w=0.000 mid_frac=0.125 hard=score=0.0626727622 wNMSE=0.00038047852 wMSE=28.9850 wMRED=0.10439145 wER=0.145483 wMAE=1.8602 wBias=-1.0428 condBias=2.6897 dotDrift=-12.396sigma uMRED=0.0046084138 uER=0.160156 uMAE=2.4375 WCE=40 bias=-0.8750
[quad_hard_ste:01000] loss=18.833401 tau=6.00 collapse_w=0.000 mid_frac=0.083 hard=score=0.0626727622 wNMSE=0.00038047852 wMSE=28.9850 wMRED=0.10439145 wER=0.145483 wMAE=1.8602 wBias=-1.0428 condBias=2.6897 dotDrift=-12.396sigma uMRED=0.0046084138 uER=0.160156 uMAE=2.4375 WCE=40 bias=-0.8750
[quad_hard_ste:01200] loss=18.833401 tau=6.00 collapse_w=0.000 mid_frac=0.083 hard=score=0.0626727622 wNMSE=0.00038047852 wMSE=28.9850 wMRED=0.10439145 wER=0.145483 wMAE=1.8602 wBias=-1.0428 condBias=2.6897 dotDrift=-12.396sigma uMRED=0.0046084138 uER=0.160156 uMAE=2.4375 WCE=40 bias=-0.8750
[quad_hard_ste:01400] loss=18.833401 tau=6.00 collapse_w=0.000 mid_frac=0.083 hard=score=0.0626727622 wNMSE=0.00038047852 wMSE=28.9850 wMRED=0.10439145 wER=0.145483 wMAE=1.8602 wBias=-1.0428 condBias=2.6897 dotDrift=-12.396sigma uMRED=0.0046084138 uER=0.160156 uMAE=2.4375 WCE=40 bias=-0.8750
[quad_hard_ste:01600] loss=18.833401 tau=6.00 collapse_w=0.000 mid_frac=0.083 hard=score=0.0626727622 wNMSE=0.00038047852 wMSE=28.9850 wMRED=0.10439145 wER=0.145483 wMAE=1.8602 wBias=-1.0428 condBias=2.6897 dotDrift=-12.396sigma uMRED=0.0046084138 uER=0.160156 uMAE=2.4375 WCE=40 bias=-0.8750
[quad_hard_ste:01800] loss=18.833401 tau=6.00 collapse_w=0.000 mid_frac=0.083 hard=score=0.0626727622 wNMSE=0.00038047852 wMSE=28.9850 wMRED=0.10439145 wER=0.145483 wMAE=1.8602 wBias=-1.0428 condBias=2.6897 dotDrift=-12.396sigma uMRED=0.0046084138 uER=0.160156 uMAE=2.4375 WCE=40 bias=-0.8750
[quad_hard_ste:02000] loss=55.841343 tau=6.00 collapse_w=0.000 mid_frac=0.083 hard=score=0.0421944999 wNMSE=0.00054529367 wMSE=41.5407 wMRED=0.10492067 wER=0.145483 wMAE=1.9583 wBias=-0.8315 condBias=3.2196 dotDrift=-8.257sigma uMRED=0.0065155273 uER=0.160156 uMAE=4.3125 WCE=96 bias=3.1250
[quad_hard_ste:02200] loss=18.833401 tau=6.00 collapse_w=0.000 mid_frac=0.083 hard=score=0.0626727622 wNMSE=0.00038047852 wMSE=28.9850 wMRED=0.10439145 wER=0.145483 wMAE=1.8602 wBias=-1.0428 condBias=2.6897 dotDrift=-12.396sigma uMRED=0.0046084138 uER=0.160156 uMAE=2.4375 WCE=40 bias=-0.8750
[quad_hard_ste:02400] loss=18.833401 tau=6.00 collapse_w=0.000 mid_frac=0.083 hard=score=0.0626727622 wNMSE=0.00038047852 wMSE=28.9850 wMRED=0.10439145 wER=0.145483 wMAE=1.8602 wBias=-1.0428 condBias=2.6897 dotDrift=-12.396sigma uMRED=0.0046084138 uER=0.160156 uMAE=2.4375 WCE=40 bias=-0.8750
[quad_hard_ste:02600] loss=55.841343 tau=6.00 collapse_w=0.000 mid_frac=0.083 hard=score=0.0421944999 wNMSE=0.00054529367 wMSE=41.5407 wMRED=0.10492067 wER=0.145483 wMAE=1.9583 wBias=-0.8315 condBias=3.2196 dotDrift=-8.257sigma uMRED=0.0065155273 uER=0.160156 uMAE=4.3125 WCE=96 bias=3.1250
[quad_hard_ste:02800] loss=18.833401 tau=6.00 collapse_w=0.000 mid_frac=0.083 hard=score=0.0421944999 wNMSE=0.00054529367 wMSE=41.5407 wMRED=0.10492067 wER=0.145483 wMAE=1.9583 wBias=-0.8315 condBias=3.2196 dotDrift=-8.257sigma uMRED=0.0065155273 uER=0.160156 uMAE=4.3125 WCE=96 bias=3.1250
[quad_hard_ste:03000] loss=55.841343 tau=6.00 collapse_w=0.000 mid_frac=0.083 hard=score=0.0421944999 wNMSE=0.00054529367 wMSE=41.5407 wMRED=0.10492067 wER=0.145483 wMAE=1.9583 wBias=-0.8315 condBias=3.2196 dotDrift=-8.257sigma uMRED=0.0065155273 uER=0.160156 uMAE=4.3125 WCE=96 bias=3.1250
[quad_hard_ste:03200] loss=18.833401 tau=6.00 collapse_w=0.000 mid_frac=0.083 hard=score=0.0626727622 wNMSE=0.00038047852 wMSE=28.9850 wMRED=0.10439145 wER=0.145483 wMAE=1.8602 wBias=-1.0428 condBias=2.6897 dotDrift=-12.396sigma uMRED=0.0046084138 uER=0.160156 uMAE=2.4375 WCE=40 bias=-0.8750
[quad_hard_ste:03400] loss=55.841343 tau=6.00 collapse_w=0.000 mid_frac=0.083 hard=score=0.0626727622 wNMSE=0.00038047852 wMSE=28.9850 wMRED=0.10439145 wER=0.145483 wMAE=1.8602 wBias=-1.0428 condBias=2.6897 dotDrift=-12.396sigma uMRED=0.0046084138 uER=0.160156 uMAE=2.4375 WCE=40 bias=-0.8750
[quad_hard_ste:03600] loss=55.841343 tau=6.00 collapse_w=0.000 mid_frac=0.083 hard=score=0.0421944999 wNMSE=0.00054529367 wMSE=41.5407 wMRED=0.10492067 wER=0.145483 wMAE=1.9583 wBias=-0.8315 condBias=3.2196 dotDrift=-8.257sigma uMRED=0.0065155273 uER=0.160156 uMAE=4.3125 WCE=96 bias=3.1250
[quad_hard_ste:03800] loss=55.841343 tau=6.00 collapse_w=0.000 mid_frac=0.083 hard=score=0.0626727622 wNMSE=0.00038047852 wMSE=28.9850 wMRED=0.10439145 wER=0.145483 wMAE=1.8602 wBias=-1.0428 condBias=2.6897 dotDrift=-12.396sigma uMRED=0.0046084138 uER=0.160156 uMAE=2.4375 WCE=40 bias=-0.8750
[quad_hard_ste:03999] loss=55.841343 tau=6.00 collapse_w=0.000 mid_frac=0.062 hard=score=0.0421944999 wNMSE=0.00054529367 wMSE=41.5407 wMRED=0.10492067 wER=0.145483 wMAE=1.9583 wBias=-0.8315 condBias=3.2196 dotDrift=-8.257sigma uMRED=0.0065155273 uER=0.160156 uMAE=4.3125 WCE=96 bias=3.1250
[pop00_soft:00000] loss=2.600336 tau=1.50 collapse_w=0.000 mid_frac=0.396 hard=score=0.1617642757 wNMSE=0.012529935 wMSE=954.5349 wMRED=0.29303443 wER=0.194421 wMAE=8.1911 wBias=1.2255 condBias=15.4345 dotDrift=+2.539sigma uMRED=0.0239169881 uER=0.234375 uMAE=15.0781 WCE=209 bias=3.1250
[pop00_soft:00200] loss=6.806276 tau=2.25 collapse_w=0.000 mid_frac=0.292 hard=score=4.1917757316 wNMSE=0.010826047 wMSE=824.7321 wMRED=0.48588442 wER=0.194580 wMAE=10.4831 wBias=8.7110 condBias=17.4399 dotDrift=+19.413sigma uMRED=0.0279613562 uER=0.238281 uMAE=16.1406 WCE=112 bias=0.6250
[pop00_soft:00400] loss=0.060889 tau=3.00 collapse_w=0.000 mid_frac=0.271 hard=score=2.1492237459 wNMSE=0.0067977074 wMSE=517.8518 wMRED=0.44471154 wER=0.175561 wMAE=8.1635 wBias=6.2230 condBias=12.4568 dotDrift=+17.502sigma uMRED=0.0219348368 uER=0.226562 uMAE=12.2812 WCE=104 bias=2.2500
[pop00_soft:00600] loss=0.043778 tau=3.75 collapse_w=0.000 mid_frac=0.292 hard=score=2.0233987412 wNMSE=0.0063571937 wMSE=484.2933 wMRED=0.44074027 wER=0.175561 wMAE=7.8340 wBias=6.0381 condBias=12.0866 dotDrift=+17.560sigma uMRED=0.0206103122 uER=0.226562 uMAE=11.2812 WCE=104 bias=2.2500
[pop00_soft:00800] loss=0.038628 tau=4.50 collapse_w=0.084 mid_frac=0.271 hard=score=2.0233987412 wNMSE=0.0063571937 wMSE=484.2933 wMRED=0.44074027 wER=0.175561 wMAE=7.8340 wBias=6.0381 condBias=12.0866 dotDrift=+17.560sigma uMRED=0.0206103122 uER=0.226562 uMAE=11.2812 WCE=104 bias=2.2500
[pop00_soft:01000] loss=0.044546 tau=5.25 collapse_w=0.293 mid_frac=0.250 hard=score=2.1978745212 wNMSE=0.0067211048 wMSE=512.0162 wMRED=0.44413262 wER=0.175561 wMAE=8.0912 wBias=6.2953 condBias=12.6015 dotDrift=+17.805sigma uMRED=0.0213578853 uER=0.226562 uMAE=11.7812 WCE=104 bias=2.7500
[pop00_soft:01199] loss=0.040814 tau=6.00 collapse_w=0.500 mid_frac=0.208 hard=score=1.4749552294 wNMSE=0.0056440766 wMSE=429.9678 wMRED=0.43086640 wER=0.169084 wMAE=7.0173 wBias=5.1420 condBias=10.3601 dotDrift=+15.871sigma uMRED=0.0174043786 uER=0.210938 uMAE=8.8750 WCE=86 bias=-0.2500
[pop00_hard:00000] loss=106.260658 tau=6.00 collapse_w=0.000 mid_frac=0.208 hard=score=1.4749552294 wNMSE=0.0056440766 wMSE=429.9678 wMRED=0.43086640 wER=0.169084 wMAE=7.0173 wBias=5.1420 condBias=10.3601 dotDrift=+15.871sigma uMRED=0.0174043786 uER=0.210938 uMAE=8.8750 WCE=86 bias=-0.2500
[pop00_hard:00200] loss=98.669434 tau=6.00 collapse_w=0.000 mid_frac=0.188 hard=score=0.1984557611 wNMSE=0.0024662893 wMSE=187.8828 wMRED=0.23160726 wER=0.169084 wMAE=4.4088 wBias=1.8239 condBias=6.8496 dotDrift=+8.516sigma uMRED=0.0138007694 uER=0.210938 uMAE=8.6250 WCE=128 bias=-3.2500
[pop00_hard:00400] loss=117.738739 tau=6.00 collapse_w=0.000 mid_frac=0.146 hard=score=0.5817482022 wNMSE=0.0023399226 wMSE=178.2561 wMRED=0.21385244 wER=0.175561 wMAE=4.4699 wBias=-3.2255 condBias=6.6719 dotDrift=-15.461sigma uMRED=0.0144878179 uER=0.226562 uMAE=9.3438 WCE=128 bias=-4.2500
[pop00_hard:00599] loss=117.738739 tau=6.00 collapse_w=0.000 mid_frac=0.104 hard=score=0.5817482022 wNMSE=0.0023399226 wMSE=178.2561 wMRED=0.21385244 wER=0.175561 wMAE=4.4699 wBias=-3.2255 condBias=6.6719 dotDrift=-15.461sigma uMRED=0.0144878179 uER=0.226562 uMAE=9.3438 WCE=128 bias=-4.2500
[pop00] done (conf=0.53, noise=0.5); global best score=0.0016111764 wNMSE=0.00012742207 wMSE=9.7071 wMRED=0.02810209 wER=0.088891 wMAE=0.7864 wBias=-0.0872 condBias=1.5569 dotDrift=-1.790sigma uMRED=0.0019195893 uER=0.109375 uMAE=1.1250 WCE=16 bias=0.0000
[pop01_soft:00000] loss=1.829956 tau=1.50 collapse_w=0.000 mid_frac=0.396 hard=score=0.0521068961 wNMSE=0.007870964 wMSE=599.6128 wMRED=0.08980343 wER=0.169560 wMAE=5.4031 wBias=-0.2182 condBias=12.2354 dotDrift=-0.570sigma uMRED=0.0178343953 uER=0.226562 uMAE=12.7812 WCE=154 bias=0.7500
[pop01_soft:00200] loss=4.520113 tau=2.25 collapse_w=0.000 mid_frac=0.396 hard=score=0.5510715577 wNMSE=0.0042264603 wMSE=321.9733 wMRED=0.07009678 wER=0.171275 wMAE=3.8344 wBias=-3.1069 condBias=8.9677 dotDrift=-11.082sigma uMRED=0.0168018438 uER=0.234375 uMAE=13.1094 WCE=132 bias=-7.6250
[pop01_soft:00400] loss=0.162351 tau=3.00 collapse_w=0.000 mid_frac=0.354 hard=score=0.0044829236 wNMSE=0.00061625069 wMSE=46.9462 wMRED=0.03568284 wER=0.171275 wMAE=1.7478 wBias=-0.0366 condBias=3.4237 dotDrift=-0.342sigma uMRED=0.0085008126 uER=0.234375 uMAE=6.8750 WCE=88 bias=1.5000
[pop01_soft:00600] loss=0.061772 tau=3.75 collapse_w=0.000 mid_frac=0.333 hard=score=0.0046117572 wNMSE=0.00062299703 wMSE=47.4601 wMRED=0.03331446 wER=0.152414 wMAE=1.6847 wBias=0.0617 condBias=3.4424 dotDrift=+0.574sigma uMRED=0.0083825165 uER=0.226562 uMAE=6.8125 WCE=88 bias=1.6250
[pop01_soft:00800] loss=0.038935 tau=4.50 collapse_w=0.084 mid_frac=0.333 hard=score=0.0051279929 wNMSE=0.00050881177 wMSE=38.7615 wMRED=0.03292888 wER=0.152414 wMAE=1.6168 wBias=-0.1623 condBias=3.1107 dotDrift=-1.669sigma uMRED=0.0071630998 uER=0.226562 uMAE=5.6250 WCE=48 bias=-2.3750
[pop01_soft:01000] loss=0.039457 tau=5.25 collapse_w=0.293 mid_frac=0.333 hard=score=0.0051279929 wNMSE=0.00050881177 wMSE=38.7615 wMRED=0.03292888 wER=0.152414 wMAE=1.6168 wBias=-0.1623 condBias=3.1107 dotDrift=-1.669sigma uMRED=0.0071630998 uER=0.226562 uMAE=5.6250 WCE=48 bias=-2.3750
[pop01_soft:01199] loss=0.035752 tau=6.00 collapse_w=0.500 mid_frac=0.292 hard=score=0.0063227749 wNMSE=0.00049181047 wMSE=37.4663 wMRED=0.03245974 wER=0.151359 wMAE=1.5545 wBias=-0.2246 condBias=3.0582 dotDrift=-2.349sigma uMRED=0.0065990409 uER=0.218750 uMAE=5.1250 WCE=48 bias=-2.8750
[pop01_hard:00000] loss=39.811062 tau=6.00 collapse_w=0.000 mid_frac=0.292 hard=score=0.0063227749 wNMSE=0.00049181047 wMSE=37.4663 wMRED=0.03245974 wER=0.151359 wMAE=1.5545 wBias=-0.2246 condBias=3.0582 dotDrift=-2.349sigma uMRED=0.0065990409 uER=0.218750 uMAE=5.1250 WCE=48 bias=-2.8750
[pop01_hard:00200] loss=39.811062 tau=6.00 collapse_w=0.000 mid_frac=0.292 hard=score=0.0042907157 wNMSE=0.00060599574 wMSE=46.1650 wMRED=0.03284532 wER=0.151359 wMAE=1.6224 wBias=-0.0006 condBias=3.3951 dotDrift=-0.005sigma uMRED=0.0078184576 uER=0.218750 uMAE=6.3125 WCE=88 bias=1.1250
[pop01_hard:00400] loss=39.811062 tau=6.00 collapse_w=0.000 mid_frac=0.292 hard=score=0.0042907157 wNMSE=0.00060599574 wMSE=46.1650 wMRED=0.03284532 wER=0.151359 wMAE=1.6224 wBias=-0.0006 condBias=3.3951 dotDrift=-0.005sigma uMRED=0.0078184576 uER=0.218750 uMAE=6.3125 WCE=88 bias=1.1250
[pop01_hard:00599] loss=86.620575 tau=6.00 collapse_w=0.000 mid_frac=0.312 hard=score=0.2459378722 wNMSE=0.0024877378 wMSE=189.5168 wMRED=0.04778646 wER=0.151359 wMAE=2.7424 wBias=-2.0578 condBias=6.8796 dotDrift=-9.567sigma uMRED=0.0110171966 uER=0.218750 uMAE=8.4375 WCE=102 bias=-2.8750
[pop01] done (conf=0.51, noise=1.0); global best score=0.0016111764 wNMSE=0.00012742207 wMSE=9.7071 wMRED=0.02810209 wER=0.088891 wMAE=0.7864 wBias=-0.0872 condBias=1.5569 dotDrift=-1.790sigma uMRED=0.0019195893 uER=0.109375 uMAE=1.1250 WCE=16 bias=0.0000
[pop02_soft:00000] loss=3.286193 tau=1.50 collapse_w=0.000 mid_frac=0.312 hard=score=0.3715334973 wNMSE=0.016167633 wMSE=1231.6560 wMRED=0.60246324 wER=0.203413 wMAE=12.4386 wBias=-2.2123 condBias=17.5332 dotDrift=-4.034sigma uMRED=0.0295249518 uER=0.242188 uMAE=15.2812 WCE=168 bias=10.0000
[pop02_soft:00200] loss=6.315823 tau=2.25 collapse_w=0.000 mid_frac=0.292 hard=score=0.8391594078 wNMSE=0.00572984 wMSE=436.5013 wMRED=0.45184500 wER=0.215469 wMAE=7.7023 wBias=3.8360 condBias=10.4385 dotDrift=+11.751sigma uMRED=0.0198060714 uER=0.242188 uMAE=10.6875 WCE=84 bias=-5.3750
[pop02_soft:00400] loss=0.105460 tau=3.00 collapse_w=0.000 mid_frac=0.271 hard=score=1.3858221768 wNMSE=0.0055888958 wMSE=425.7641 wMRED=0.43058552 wER=0.169477 wMAE=7.0000 wBias=4.9805 condBias=10.3092 dotDrift=+15.448sigma uMRED=0.0180810018 uER=0.218750 uMAE=9.6250 WCE=80 bias=-0.2500
[pop02_soft:00600] loss=0.045611 tau=3.75 collapse_w=0.000 mid_frac=0.292 hard=score=1.4462779528 wNMSE=0.0054577378 wMSE=415.7724 wMRED=0.42995544 wER=0.169477 wMAE=6.8880 wBias=5.0925 condBias=10.1934 dotDrift=+15.984sigma uMRED=0.0160318013 uER=0.218750 uMAE=7.6250 WCE=72 bias=1.7500
[pop02_soft:00800] loss=0.040091 tau=4.50 collapse_w=0.084 mid_frac=0.271 hard=score=1.4774579734 wNMSE=0.0054627528 wMSE=416.1545 wMRED=0.43002598 wER=0.169477 wMAE=6.8999 wBias=5.1485 condBias=10.3055 dotDrift=+16.152sigma uMRED=0.0162266178 uER=0.218750 uMAE=7.8125 WCE=72 bias=2.7500
[pop02_soft:01000] loss=0.043610 tau=5.25 collapse_w=0.293 mid_frac=0.271 hard=score=1.4774579734 wNMSE=0.0054627528 wMSE=416.1545 wMRED=0.43002598 wER=0.169477 wMAE=6.8999 wBias=5.1485 condBias=10.3055 dotDrift=+16.152sigma uMRED=0.0162266178 uER=0.218750 uMAE=7.8125 WCE=72 bias=2.7500
[pop02_soft:01199] loss=0.039319 tau=6.00 collapse_w=0.500 mid_frac=0.188 hard=score=1.5586451069 wNMSE=0.0053399119 wMSE=406.7964 wMRED=0.42886813 wER=0.169477 wMAE=6.7553 wBias=5.2931 condBias=10.5948 dotDrift=+16.796sigma uMRED=0.0150727148 uER=0.218750 uMAE=6.8125 WCE=72 bias=3.7500
[pop02_hard:00000] loss=128.423630 tau=6.00 collapse_w=0.000 mid_frac=0.188 hard=score=1.5586451069 wNMSE=0.0053399119 wMSE=406.7964 wMRED=0.42886813 wER=0.169477 wMAE=6.7553 wBias=5.2931 condBias=10.5948 dotDrift=+16.796sigma uMRED=0.0150727148 uER=0.218750 uMAE=6.8125 WCE=72 bias=3.7500
[pop02_hard:00200] loss=93.242798 tau=6.00 collapse_w=0.000 mid_frac=0.208 hard=score=1.4396949248 wNMSE=0.0053473692 wMSE=407.3645 wMRED=0.42889456 wER=0.169477 wMAE=6.7598 wBias=5.0818 condBias=10.1722 dotDrift=+16.114sigma uMRED=0.0151384985 uER=0.218750 uMAE=6.8750 WCE=72 bias=-0.2500
[pop02_hard:00400] loss=134.370514 tau=6.00 collapse_w=0.000 mid_frac=0.188 hard=score=1.4396949248 wNMSE=0.0053473692 wMSE=407.3645 wMRED=0.42889456 wER=0.169477 wMAE=6.7598 wBias=5.0818 condBias=10.1722 dotDrift=+16.114sigma uMRED=0.0151384985 uER=0.218750 uMAE=6.8750 WCE=72 bias=-0.2500
[pop02_hard:00599] loss=134.370514 tau=6.00 collapse_w=0.000 mid_frac=0.208 hard=score=1.8332528829 wNMSE=0.0048378989 wMSE=368.5529 wMRED=0.40674008 wER=0.169477 wMAE=6.5272 wBias=-5.7563 condBias=11.5227 dotDrift=-19.190sigma uMRED=0.0155846208 uER=0.218750 uMAE=7.6250 WCE=70 bias=-2.2500
[pop02] done (conf=0.53, noise=0.5); global best score=0.0016111764 wNMSE=0.00012742207 wMSE=9.7071 wMRED=0.02810209 wER=0.088891 wMAE=0.7864 wBias=-0.0872 condBias=1.5569 dotDrift=-1.790sigma uMRED=0.0019195893 uER=0.109375 uMAE=1.1250 WCE=16 bias=0.0000
[pop03_soft:00000] loss=2.764622 tau=1.50 collapse_w=0.000 mid_frac=0.333 hard=score=0.0392816221 wNMSE=0.0027893535 wMSE=212.4939 wMRED=0.09498167 wER=0.203739 wMAE=3.2068 wBias=0.6199 condBias=7.2850 dotDrift=+2.722sigma uMRED=0.0149555733 uER=0.234375 uMAE=11.5234 WCE=176 bias=3.1875
[pop03_soft:00200] loss=7.958811 tau=2.25 collapse_w=0.000 mid_frac=0.312 hard=score=0.0197645798 wNMSE=0.0014018192 wMSE=106.7911 wMRED=0.09848251 wER=0.216412 wMAE=3.1581 wBias=-0.4246 condBias=5.1640 dotDrift=-2.630sigma uMRED=0.0122578129 uER=0.246094 uMAE=8.9766 WCE=78 bias=-2.6250
[pop03_soft:00400] loss=0.117088 tau=3.00 collapse_w=0.000 mid_frac=0.333 hard=score=0.0226884118 wNMSE=0.0010367576 wMSE=78.9806 wMRED=0.04386589 wER=0.148817 wMAE=1.9976 wBias=0.5366 condBias=4.4412 dotDrift=+3.864sigma uMRED=0.0080028142 uER=0.218750 uMAE=6.0000 WCE=64 bias=-1.1250
[pop03_soft:00600] loss=0.043427 tau=3.75 collapse_w=0.000 mid_frac=0.312 hard=score=0.0030682922 wNMSE=0.00040347827 wMSE=30.7371 wMRED=0.03480367 wER=0.145937 wMAE=1.3317 wBias=-0.0193 condBias=2.7706 dotDrift=-0.223sigma uMRED=0.0060140873 uER=0.210938 uMAE=4.6562 WCE=54 bias=-2.3750
[pop03_soft:00800] loss=0.035093 tau=4.50 collapse_w=0.084 mid_frac=0.333 hard=score=0.0030682922 wNMSE=0.00040347827 wMSE=30.7371 wMRED=0.03480367 wER=0.145937 wMAE=1.3317 wBias=-0.0193 condBias=2.7706 dotDrift=-0.223sigma uMRED=0.0060140873 uER=0.210938 uMAE=4.6562 WCE=54 bias=-2.3750
[pop03_soft:01000] loss=0.040878 tau=5.25 collapse_w=0.293 mid_frac=0.312 hard=score=0.0030682922 wNMSE=0.00040347827 wMSE=30.7371 wMRED=0.03480367 wER=0.145937 wMAE=1.3317 wBias=-0.0193 condBias=2.7706 dotDrift=-0.223sigma uMRED=0.0060140873 uER=0.210938 uMAE=4.6562 WCE=54 bias=-2.3750
[pop03_soft:01199] loss=0.042202 tau=6.00 collapse_w=0.500 mid_frac=0.292 hard=score=0.0030314026 wNMSE=0.00040045637 wMSE=30.5069 wMRED=0.03472596 wER=0.145544 wMAE=1.3173 wBias=0.0087 condBias=2.7602 dotDrift=+0.101sigma uMRED=0.0057284806 uER=0.203125 uMAE=4.3750 WCE=54 bias=-1.8750
[pop03_hard:00000] loss=28.554230 tau=6.00 collapse_w=0.000 mid_frac=0.292 hard=score=0.0030314026 wNMSE=0.00040045637 wMSE=30.5069 wMRED=0.03472596 wER=0.145544 wMAE=1.3173 wBias=0.0087 condBias=2.7602 dotDrift=+0.101sigma uMRED=0.0057284806 uER=0.203125 uMAE=4.3750 WCE=54 bias=-1.8750
[pop03_hard:00200] loss=29.497293 tau=6.00 collapse_w=0.000 mid_frac=0.292 hard=score=0.0030314026 wNMSE=0.00040045637 wMSE=30.5069 wMRED=0.03472596 wER=0.145544 wMAE=1.3173 wBias=0.0087 condBias=2.7602 dotDrift=+0.101sigma uMRED=0.0057284806 uER=0.203125 uMAE=4.3750 WCE=54 bias=-1.8750
[pop03_hard:00400] loss=29.497293 tau=6.00 collapse_w=0.000 mid_frac=0.271 hard=score=0.0664246170 wNMSE=0.0011823841 wMSE=90.0744 wMRED=0.04689378 wER=0.152021 wMAE=2.2480 wBias=1.0374 condBias=4.7429 dotDrift=+6.995sigma uMRED=0.0084709802 uER=0.218750 uMAE=6.2188 WCE=64 bias=0.1250
[pop03_hard:00599] loss=29.497293 tau=6.00 collapse_w=0.000 mid_frac=0.292 hard=score=0.0358723309 wNMSE=0.0010795519 wMSE=82.2406 wMRED=0.04233461 wER=0.148423 wMAE=1.9361 wBias=0.7255 condBias=4.5321 dotDrift=+5.120sigma uMRED=0.0076779739 uER=0.210938 uMAE=5.7188 WCE=64 bias=-0.3750
[pop03] done (conf=0.51, noise=1.0); global best score=0.0016111764 wNMSE=0.00012742207 wMSE=9.7071 wMRED=0.02810209 wER=0.088891 wMAE=0.7864 wBias=-0.0872 condBias=1.5569 dotDrift=-1.790sigma uMRED=0.0019195893 uER=0.109375 uMAE=1.1250 WCE=16 bias=0.0000
[pop04_soft:00000] loss=1.714509 tau=1.50 collapse_w=0.000 mid_frac=0.396 hard=score=1.4632042749 wNMSE=0.0062176003 wMSE=473.6590 wMRED=0.44663896 wER=0.213953 wMAE=7.5604 wBias=5.1142 condBias=10.8740 dotDrift=+15.039sigma uMRED=0.0206413372 uER=0.238281 uMAE=11.7969 WCE=144 bias=1.9375
[pop04_soft:00200] loss=0.226626 tau=2.25 collapse_w=0.000 mid_frac=0.354 hard=score=0.3924238852 wNMSE=0.0033423817 wMSE=254.6238 wMRED=0.33154892 wER=0.203033 wMAE=5.6846 wBias=2.6039 condBias=7.9723 dotDrift=+10.444sigma uMRED=0.0163447703 uER=0.234375 uMAE=9.6250 WCE=105 bias=-6.4375
[pop04_soft:00400] loss=0.061212 tau=3.00 collapse_w=0.000 mid_frac=0.292 hard=score=0.5397670110 wNMSE=0.0033608528 wMSE=256.0310 wMRED=0.32503533 wER=0.162955 wMAE=5.7213 wBias=3.0812 condBias=7.9946 dotDrift=+12.324sigma uMRED=0.0149757516 uER=0.230469 uMAE=8.2031 WCE=64 bias=-3.8750
[pop04_soft:00600] loss=0.040314 tau=3.75 collapse_w=0.000 mid_frac=0.312 hard=score=0.2748061190 wNMSE=0.0007383759 wMSE=56.2497 wMRED=0.11215943 wER=0.154846 wMAE=2.4344 wBias=-2.2253 condBias=4.4545 dotDrift=-18.989sigma uMRED=0.0092760715 uER=0.210938 uMAE=6.5625 WCE=64 bias=-5.3750
[pop04_soft:00800] loss=0.036344 tau=4.50 collapse_w=0.084 mid_frac=0.354 hard=score=0.2604829065 wNMSE=0.0006859275 wMSE=52.2542 wMRED=0.10536300 wER=0.168422 wMAE=2.3147 wBias=-2.1668 condBias=4.3375 dotDrift=-19.184sigma uMRED=0.0085526474 uER=0.210938 uMAE=6.0000 WCE=64 bias=-5.7500
[pop04_soft:01000] loss=0.043090 tau=5.25 collapse_w=0.293 mid_frac=0.312 hard=score=0.2342748221 wNMSE=0.00060183217 wMSE=45.8478 wMRED=0.10480346 wER=0.168028 wMAE=2.2146 wBias=-2.0548 condBias=4.1133 dotDrift=-19.422sigma uMRED=0.0066982634 uER=0.203125 uMAE=4.1875 WCE=54 bias=-3.7500
[pop04_soft:01199] loss=0.042204 tau=6.00 collapse_w=0.500 mid_frac=0.271 hard=score=0.2957162484 wNMSE=0.00067000804 wMSE=51.0415 wMRED=0.10806554 wER=0.174506 wMAE=2.4599 wBias=-2.3120 condBias=4.6282 dotDrift=-20.711sigma uMRED=0.0074022929 uER=0.218750 uMAE=4.6562 WCE=54 bias=-4.2500
[pop04_hard:00000] loss=69.444771 tau=6.00 collapse_w=0.000 mid_frac=0.271 hard=score=0.2957162484 wNMSE=0.00067000804 wMSE=51.0415 wMRED=0.10806554 wER=0.174506 wMAE=2.4599 wBias=-2.3120 condBias=4.6282 dotDrift=-20.711sigma uMRED=0.0074022929 uER=0.218750 uMAE=4.6562 WCE=54 bias=-4.2500
[pop04_hard:00200] loss=52.039230 tau=6.00 collapse_w=0.000 mid_frac=0.250 hard=score=0.1589424726 wNMSE=0.00047537909 wMSE=36.2145 wMRED=0.10161375 wER=0.170908 wMAE=1.9965 wBias=-1.6881 condBias=3.3791 dotDrift=-17.953sigma uMRED=0.0061476412 uER=0.210938 uMAE=3.8438 WCE=54 bias=-3.2500
[pop04_hard:00400] loss=24.071344 tau=6.00 collapse_w=0.000 mid_frac=0.208 hard=score=0.9386941015 wNMSE=0.0030030984 wMSE=228.7771 wMRED=0.32477217 wER=0.171963 wMAE=5.0435 wBias=4.1088 condBias=8.2245 dotDrift=+17.386sigma uMRED=0.0102629269 uER=0.218750 uMAE=4.0312 WCE=56 bias=0.7500
[pop04_hard:00599] loss=18.062977 tau=6.00 collapse_w=0.000 mid_frac=0.208 hard=score=0.1197435067 wNMSE=0.00033310314 wMSE=25.3759 wMRED=0.10028645 wER=0.170908 wMAE=1.8211 wBias=-1.4643 condBias=2.9313 dotDrift=-18.604sigma uMRED=0.0044189026 uER=0.210938 uMAE=2.2812 WCE=22 bias=-0.7500
[pop04] done (conf=0.53, noise=0.5); global best score=0.0016111764 wNMSE=0.00012742207 wMSE=9.7071 wMRED=0.02810209 wER=0.088891 wMAE=0.7864 wBias=-0.0872 condBias=1.5569 dotDrift=-1.790sigma uMRED=0.0019195893 uER=0.109375 uMAE=1.1250 WCE=16 bias=0.0000
[pop05_soft:00000] loss=2.759006 tau=1.50 collapse_w=0.000 mid_frac=0.458 hard=score=1.3311211887 wNMSE=0.011521712 wMSE=877.7282 wMRED=0.39461950 wER=0.216412 wMAE=10.0776 wBias=-4.8095 condBias=14.8027 dotDrift=-10.390sigma uMRED=0.0292014664 uER=0.246094 uMAE=18.2266 WCE=144 bias=-10.0000
[pop05_soft:00200] loss=6.705409 tau=2.25 collapse_w=0.000 mid_frac=0.479 hard=score=0.1318211818 wNMSE=0.0014052832 wMSE=107.0550 wMRED=0.14349934 wER=0.175954 wMAE=3.3384 wBias=1.4953 condBias=5.1707 dotDrift=+9.249sigma uMRED=0.0123584662 uER=0.234375 uMAE=8.7266 WCE=95 bias=-5.7500
[pop05_soft:00400] loss=0.312244 tau=3.00 collapse_w=0.000 mid_frac=0.458 hard=score=0.0545517747 wNMSE=0.0013043083 wMSE=99.3627 wMRED=0.14264606 wER=0.175954 wMAE=3.2452 wBias=0.9080 condBias=4.9813 dotDrift=+5.830sigma uMRED=0.0118045735 uER=0.234375 uMAE=8.2266 WCE=94 bias=-5.9375
[pop05_soft:00600] loss=0.303508 tau=3.75 collapse_w=0.000 mid_frac=0.438 hard=score=0.0545517747 wNMSE=0.0013043083 wMSE=99.3627 wMRED=0.14264606 wER=0.175954 wMAE=3.2452 wBias=0.9080 condBias=4.9813 dotDrift=+5.830sigma uMRED=0.0118045735 uER=0.234375 uMAE=8.2266 WCE=94 bias=-5.9375
[pop05_soft:00800] loss=0.191742 tau=4.50 collapse_w=0.084 mid_frac=0.438 hard=score=0.0545517747 wNMSE=0.0013043083 wMSE=99.3627 wMRED=0.14264606 wER=0.175954 wMAE=3.2452 wBias=0.9080 condBias=4.9813 dotDrift=+5.830sigma uMRED=0.0118045735 uER=0.234375 uMAE=8.2266 WCE=94 bias=-5.9375
[pop05_soft:01000] loss=0.158775 tau=5.25 collapse_w=0.293 mid_frac=0.417 hard=score=0.1111294739 wNMSE=0.00097336717 wMSE=74.1515 wMRED=0.14121763 wER=0.175954 wMAE=3.0642 wBias=1.3800 condBias=4.3027 dotDrift=+10.256sigma uMRED=0.0104588096 uER=0.234375 uMAE=7.0859 WCE=78 bias=-2.4375
[pop05_soft:01199] loss=0.159359 tau=6.00 collapse_w=0.500 mid_frac=0.396 hard=score=0.1111294739 wNMSE=0.00097336717 wMSE=74.1515 wMRED=0.14121763 wER=0.175954 wMAE=3.0642 wBias=1.3800 condBias=4.3027 dotDrift=+10.256sigma uMRED=0.0104588096 uER=0.234375 uMAE=7.0859 WCE=78 bias=-2.4375
[pop05_hard:00000] loss=58.374527 tau=6.00 collapse_w=0.000 mid_frac=0.396 hard=score=0.1111294739 wNMSE=0.00097336717 wMSE=74.1515 wMRED=0.14121763 wER=0.175954 wMAE=3.0642 wBias=1.3800 condBias=4.3027 dotDrift=+10.256sigma uMRED=0.0104588096 uER=0.234375 uMAE=7.0859 WCE=78 bias=-2.4375
[pop05_hard:00200] loss=85.629578 tau=6.00 collapse_w=0.000 mid_frac=0.396 hard=score=0.6949738438 wNMSE=0.0023545931 wMSE=179.3737 wMRED=0.28781739 wER=0.175954 wMAE=4.5481 wBias=-3.5318 condBias=7.0694 dotDrift=-16.877sigma uMRED=0.0121646484 uER=0.234375 uMAE=6.5859 WCE=62 bias=-2.9375
[pop05_hard:00400] loss=80.998878 tau=6.00 collapse_w=0.000 mid_frac=0.333 hard=score=0.2714317287 wNMSE=0.00084998067 wMSE=64.7518 wMRED=0.13961884 wER=0.175954 wMAE=2.8242 wBias=2.2071 condBias=4.4186 dotDrift=+17.554sigma uMRED=0.0092210254 uER=0.234375 uMAE=6.0703 WCE=62 bias=-0.6875
[pop05_hard:00599] loss=34.776394 tau=6.00 collapse_w=0.000 mid_frac=0.312 hard=score=0.2840844020 wNMSE=0.00082573648 wMSE=62.9049 wMRED=0.13933468 wER=0.175173 wMAE=2.7718 wBias=2.2599 condBias=4.5242 dotDrift=+18.236sigma uMRED=0.0082107918 uER=0.218750 uMAE=5.0781 WCE=62 bias=0.3125
[pop05] done (conf=0.51, noise=1.0); global best score=0.0016111764 wNMSE=0.00012742207 wMSE=9.7071 wMRED=0.02810209 wER=0.088891 wMAE=0.7864 wBias=-0.0872 condBias=1.5569 dotDrift=-1.790sigma uMRED=0.0019195893 uER=0.109375 uMAE=1.1250 WCE=16 bias=0.0000
[pop06_soft:00000] loss=2.954020 tau=1.50 collapse_w=0.000 mid_frac=0.333 hard=score=0.8967535648 wNMSE=0.0073053064 wMSE=556.5208 wMRED=0.09739274 wER=0.164784 wMAE=5.2697 wBias=3.9582 condBias=11.7852 dotDrift=+10.738sigma uMRED=0.0200295014 uER=0.230469 uMAE=15.0469 WCE=164 bias=8.3750
[pop06_soft:00200] loss=5.156245 tau=2.25 collapse_w=0.000 mid_frac=0.333 hard=score=1.8743800827 wNMSE=0.0064856891 wMSE=494.0821 wMRED=0.44647341 wER=0.189636 wMAE=8.0025 wBias=5.8050 condBias=11.6206 dotDrift=+16.714sigma uMRED=0.0215401056 uER=0.238281 uMAE=12.1562 WCE=104 bias=-1.8750
[pop06_soft:00400] loss=0.054762 tau=3.00 collapse_w=0.000 mid_frac=0.292 hard=score=2.0575163271 wNMSE=0.0062990597 wMSE=479.8646 wMRED=0.44159118 wER=0.158663 wMAE=7.7588 wBias=6.0905 condBias=12.1917 dotDrift=+17.794sigma uMRED=0.0183388988 uER=0.210938 uMAE=9.0938 WCE=80 bias=1.2500
[pop06_soft:00600] loss=0.036868 tau=3.75 collapse_w=0.000 mid_frac=0.292 hard=score=0.0232848745 wNMSE=0.0012328074 wMSE=93.9157 wMRED=0.04020698 wER=0.135123 wMAE=2.1952 wBias=0.5268 condBias=4.8427 dotDrift=+3.479sigma uMRED=0.0091969243 uER=0.203125 uMAE=7.0938 WCE=80 bias=-0.7500
[pop06_soft:00800] loss=0.033446 tau=4.50 collapse_w=0.084 mid_frac=0.292 hard=score=0.0232848745 wNMSE=0.0012328074 wMSE=93.9157 wMRED=0.04020698 wER=0.135123 wMAE=2.1952 wBias=0.5268 condBias=4.8427 dotDrift=+3.479sigma uMRED=0.0091969243 uER=0.203125 uMAE=7.0938 WCE=80 bias=-0.7500
[pop06_soft:01000] loss=0.040267 tau=5.25 collapse_w=0.293 mid_frac=0.271 hard=score=0.0167936844 wNMSE=0.00043084266 wMSE=32.8217 wMRED=0.02777859 wER=0.127296 wMAE=1.2406 wBias=-0.5018 condBias=2.8626 dotDrift=-5.606sigma uMRED=0.0063673374 uER=0.183594 uMAE=5.1875 WCE=80 bias=-2.7500
[pop06_soft:01199] loss=0.040775 tau=6.00 collapse_w=0.500 mid_frac=0.229 hard=score=0.0167936844 wNMSE=0.00043084266 wMSE=32.8217 wMRED=0.02777859 wER=0.127296 wMAE=1.2406 wBias=-0.5018 condBias=2.8626 dotDrift=-5.606sigma uMRED=0.0063673374 uER=0.183594 uMAE=5.1875 WCE=80 bias=-2.7500
[pop06_hard:00000] loss=45.720421 tau=6.00 collapse_w=0.000 mid_frac=0.229 hard=score=0.0167936844 wNMSE=0.00043084266 wMSE=32.8217 wMRED=0.02777859 wER=0.127296 wMAE=1.2406 wBias=-0.5018 condBias=2.8626 dotDrift=-5.606sigma uMRED=0.0063673374 uER=0.183594 uMAE=5.1875 WCE=80 bias=-2.7500
[pop06_hard:00200] loss=28.237740 tau=6.00 collapse_w=0.000 mid_frac=0.208 hard=score=0.0062934131 wNMSE=0.00054476048 wMSE=41.5000 wMRED=0.02887500 wER=0.127296 wMAE=1.3762 wBias=-0.2127 condBias=3.2190 dotDrift=-2.113sigma uMRED=0.0074189154 uER=0.183594 uMAE=6.0938 WCE=80 bias=-0.7500
[pop06_hard:00400] loss=22.162962 tau=6.00 collapse_w=0.000 mid_frac=0.188 hard=score=0.0127598603 wNMSE=0.00030726324 wMSE=23.4074 wMRED=0.02249641 wER=0.123699 wMAE=0.9020 wBias=0.4392 condBias=2.4180 dotDrift=+5.809sigma uMRED=0.0056997052 uER=0.175781 uMAE=4.8125 WCE=64 bias=0.7500
[pop06_hard:00599] loss=7.576726 tau=6.00 collapse_w=0.000 mid_frac=0.188 hard=score=0.0047808230 wNMSE=0.00011066384 wMSE=8.4304 wMRED=0.02084973 wER=0.123305 wMAE=0.6680 wBias=0.2621 condBias=1.4512 dotDrift=+5.777sigma uMRED=0.0028256202 uER=0.167969 uMAE=2.1250 WCE=40 bias=0.7500
[pop06] done (conf=0.53, noise=0.5); global best score=0.0016111764 wNMSE=0.00012742207 wMSE=9.7071 wMRED=0.02810209 wER=0.088891 wMAE=0.7864 wBias=-0.0872 condBias=1.5569 dotDrift=-1.790sigma uMRED=0.0019195893 uER=0.109375 uMAE=1.1250 WCE=16 bias=0.0000
[pop07_soft:00000] loss=4.147129 tau=1.50 collapse_w=0.000 mid_frac=0.396 hard=score=0.0980775974 wNMSE=0.011872446 wMSE=904.4472 wMRED=0.32292732 wER=0.216412 wMAE=8.2953 wBias=0.6299 condBias=15.0246 dotDrift=+1.340sigma uMRED=0.0290399971 uER=0.246094 uMAE=20.0000 WCE=192 bias=7.6875
[pop07_soft:00200] loss=22.422312 tau=2.25 collapse_w=0.000 mid_frac=0.354 hard=score=0.0380899774 wNMSE=0.0019303052 wMSE=147.0513 wMRED=0.08068054 wER=0.205630 wMAE=3.1602 wBias=-0.6795 condBias=6.0594 dotDrift=-3.586sigma uMRED=0.0132437498 uER=0.238281 uMAE=10.1328 WCE=119 bias=-6.6875
[pop07_soft:00400] loss=1.310647 tau=3.00 collapse_w=0.000 mid_frac=0.354 hard=score=0.0697231105 wNMSE=0.0007868571 wMSE=59.9431 wMRED=0.04412334 wER=0.216412 wMAE=2.0183 wBias=-1.0868 condBias=3.8688 dotDrift=-8.983sigma uMRED=0.0090753442 uER=0.246094 uMAE=7.1328 WCE=88 bias=-1.8750
[pop07_soft:00600] loss=0.130167 tau=3.75 collapse_w=0.000 mid_frac=0.333 hard=score=0.6544396275 wNMSE=0.0017327161 wMSE=131.9989 wMRED=0.21000683 wER=0.175954 wMAE=4.0785 wBias=-3.4369 condBias=6.8799 dotDrift=-19.145sigma uMRED=0.0122924539 uER=0.234375 uMAE=7.5625 WCE=88 bias=-2.3750
[pop07_soft:00800] loss=0.063208 tau=4.50 collapse_w=0.084 mid_frac=0.271 hard=score=0.6544396275 wNMSE=0.0017327161 wMSE=131.9989 wMRED=0.21000683 wER=0.175954 wMAE=4.0785 wBias=-3.4369 condBias=6.8799 dotDrift=-19.145sigma uMRED=0.0122924539 uER=0.234375 uMAE=7.5625 WCE=88 bias=-2.3750
[pop07_soft:01000] loss=0.055451 tau=5.25 collapse_w=0.293 mid_frac=0.271 hard=score=0.6544396275 wNMSE=0.0017327161 wMSE=131.9989 wMRED=0.21000683 wER=0.175954 wMAE=4.0785 wBias=-3.4369 condBias=6.8799 dotDrift=-19.145sigma uMRED=0.0122924539 uER=0.234375 uMAE=7.5625 WCE=88 bias=-2.3750
[pop07_soft:01199] loss=0.046395 tau=6.00 collapse_w=0.500 mid_frac=0.250 hard=score=0.7487530344 wNMSE=0.0014030313 wMSE=106.8834 wMRED=0.20813029 wER=0.175954 wMAE=3.8293 wBias=-3.6860 condBias=7.3786 dotDrift=-22.818sigma uMRED=0.0100362182 uER=0.234375 uMAE=5.5625 WCE=54 bias=-4.3750
[pop07_hard:00000] loss=88.885597 tau=6.00 collapse_w=0.000 mid_frac=0.250 hard=score=0.7487530344 wNMSE=0.0014030313 wMSE=106.8834 wMRED=0.20813029 wER=0.175954 wMAE=3.8293 wBias=-3.6860 condBias=7.3786 dotDrift=-22.818sigma uMRED=0.0100362182 uER=0.234375 uMAE=5.5625 WCE=54 bias=-4.3750
[pop07_hard:00200] loss=88.885597 tau=6.00 collapse_w=0.000 mid_frac=0.229 hard=score=0.7487530344 wNMSE=0.0014030313 wMSE=106.8834 wMRED=0.20813029 wER=0.175954 wMAE=3.8293 wBias=-3.6860 condBias=7.3786 dotDrift=-22.818sigma uMRED=0.0100362182 uER=0.234375 uMAE=5.5625 WCE=54 bias=-4.3750
[pop07_hard:00400] loss=18.052174 tau=6.00 collapse_w=0.000 mid_frac=0.167 hard=score=0.0063155183 wNMSE=0.00034028579 wMSE=25.9231 wMRED=0.02885614 wER=0.149800 wMAE=1.2697 wBias=-0.2616 condBias=2.5435 dotDrift=-3.288sigma uMRED=0.0055178434 uER=0.210938 uMAE=4.3125 WCE=54 bias=-0.8750
[pop07_hard:00599] loss=18.052174 tau=6.00 collapse_w=0.000 mid_frac=0.167 hard=score=0.0063155183 wNMSE=0.00034028579 wMSE=25.9231 wMRED=0.02885614 wER=0.149800 wMAE=1.2697 wBias=-0.2616 condBias=2.5435 dotDrift=-3.288sigma uMRED=0.0055178434 uER=0.210938 uMAE=4.3125 WCE=54 bias=-0.8750
[pop07] done (conf=0.51, noise=1.0); global best score=0.0016111764 wNMSE=0.00012742207 wMSE=9.7071 wMRED=0.02810209 wER=0.088891 wMAE=0.7864 wBias=-0.0872 condBias=1.5569 dotDrift=-1.790sigma uMRED=0.0019195893 uER=0.109375 uMAE=1.1250 WCE=16 bias=0.0000
[pop08_soft:00000] loss=3.265383 tau=1.50 collapse_w=0.000 mid_frac=0.333 hard=score=10.1008225533 wNMSE=0.024796278 wMSE=1888.9893 wMRED=0.94891575 wER=0.172357 wMAE=13.9473 wBias=-13.5298 condBias=27.0823 dotDrift=-19.923sigma uMRED=0.0298753011 uER=0.226562 uMAE=12.2812 WCE=151 bias=-12.0000
[pop08_soft:00200] loss=16.157185 tau=2.25 collapse_w=0.000 mid_frac=0.271 hard=score=1.1808105520 wNMSE=0.0040242091 wMSE=306.5657 wMRED=0.35263135 wER=0.175954 wMAE=6.3439 wBias=4.6065 condBias=9.2212 dotDrift=+16.838sigma uMRED=0.0160530464 uER=0.234375 uMAE=8.6094 WCE=80 bias=-0.5000
[pop08_soft:00400] loss=0.249505 tau=3.00 collapse_w=0.000 mid_frac=0.208 hard=score=2.2657114280 wNMSE=0.0064627087 wMSE=492.3315 wMRED=0.45075593 wER=0.175954 wMAE=7.5821 wBias=6.3960 condBias=12.8031 dotDrift=+18.448sigma uMRED=0.0171014370 uER=0.234375 uMAE=8.0469 WCE=84 bias=1.3750
[pop08_soft:00600] loss=0.070012 tau=3.75 collapse_w=0.000 mid_frac=0.250 hard=score=1.8933309015 wNMSE=0.0060188077 wMSE=458.5149 wMRED=0.44397595 wER=0.169477 wMAE=7.0090 wBias=5.8397 condBias=11.6892 dotDrift=+17.454sigma uMRED=0.0136919531 uER=0.218750 uMAE=5.1328 WCE=81 bias=2.1250
[pop08_soft:00800] loss=0.040187 tau=4.50 collapse_w=0.084 mid_frac=0.333 hard=score=1.8374591771 wNMSE=0.0059036991 wMSE=449.7459 wMRED=0.44258779 wER=0.169477 wMAE=6.9674 wBias=5.7520 condBias=11.5137 dotDrift=+17.359sigma uMRED=0.0136489603 uER=0.218750 uMAE=5.1250 WCE=77 bias=2.0000
[pop08_soft:01000] loss=0.046015 tau=5.25 collapse_w=0.293 mid_frac=0.312 hard=score=1.8933309015 wNMSE=0.0060188077 wMSE=458.5149 wMRED=0.44397595 wER=0.169477 wMAE=7.0090 wBias=5.8397 condBias=11.6892 dotDrift=+17.454sigma uMRED=0.0136919531 uER=0.218750 uMAE=5.1328 WCE=81 bias=2.1250
[pop08_soft:01199] loss=0.045913 tau=6.00 collapse_w=0.500 mid_frac=0.229 hard=score=2.3095170631 wNMSE=0.0059374267 wMSE=452.3153 wMRED=0.44141477 wER=0.169477 wMAE=6.8153 wBias=6.4635 condBias=12.9382 dotDrift=+19.450sigma uMRED=0.0130956924 uER=0.218750 uMAE=4.7266 WCE=81 bias=3.1250
[pop08_hard:00000] loss=128.748352 tau=6.00 collapse_w=0.000 mid_frac=0.229 hard=score=2.3095170631 wNMSE=0.0059374267 wMSE=452.3153 wMRED=0.44141477 wER=0.169477 wMAE=6.8153 wBias=6.4635 condBias=12.9382 dotDrift=+19.450sigma uMRED=0.0130956924 uER=0.218750 uMAE=4.7266 WCE=81 bias=3.1250
[pop08_hard:00200] loss=100.248932 tau=6.00 collapse_w=0.000 mid_frac=0.312 hard=score=1.6296572784 wNMSE=0.0057052133 wMSE=434.6252 wMRED=0.43514859 wER=0.169477 wMAE=6.9146 wBias=5.4113 condBias=10.8318 dotDrift=+16.612sigma uMRED=0.0155319850 uER=0.218750 uMAE=7.1250 WCE=80 bias=-0.2500
[pop08_hard:00400] loss=72.128273 tau=6.00 collapse_w=0.000 mid_frac=0.271 hard=score=1.1076002216 wNMSE=0.003192134 wMSE=243.1779 wMRED=0.32697079 wER=0.165880 wMAE=5.0614 wBias=4.4690 condBias=8.9457 dotDrift=+18.341sigma uMRED=0.0120901735 uER=0.210938 uMAE=5.9062 WCE=80 bias=0.0000
[pop08_hard:00599] loss=26.120169 tau=6.00 collapse_w=0.000 mid_frac=0.188 hard=score=0.0383700009 wNMSE=0.00033711792 wMSE=25.6818 wMRED=0.09621597 wER=0.165880 wMAE=1.6168 wBias=-0.8038 condBias=2.5321 dotDrift=-10.151sigma uMRED=0.0060703204 uER=0.210938 uMAE=4.1328 WCE=64 bias=-1.1250
[pop08] done (conf=0.53, noise=0.5); global best score=0.0016111764 wNMSE=0.00012742207 wMSE=9.7071 wMRED=0.02810209 wER=0.088891 wMAE=0.7864 wBias=-0.0872 condBias=1.5569 dotDrift=-1.790sigma uMRED=0.0019195893 uER=0.109375 uMAE=1.1250 WCE=16 bias=0.0000
[pop09_soft:00000] loss=2.682834 tau=1.50 collapse_w=0.000 mid_frac=0.479 hard=score=0.0979336724 wNMSE=0.0017845115 wMSE=135.9447 wMRED=0.04125942 wER=0.160491 wMAE=2.1553 wBias=1.2608 condBias=5.8269 dotDrift=+6.920sigma uMRED=0.0153274028 uER=0.207031 uMAE=13.5469 WCE=180 bias=12.5625
[pop09_soft:00200] loss=6.325691 tau=2.25 collapse_w=0.000 mid_frac=0.375 hard=score=1.3003327127 wNMSE=0.0058769755 wMSE=447.7101 wMRED=0.42924464 wER=0.184241 wMAE=7.0842 wBias=4.8164 condBias=10.5723 dotDrift=+14.568sigma uMRED=0.0182586674 uER=0.222656 uMAE=9.7266 WCE=101 bias=-5.0625
[pop09_soft:00400] loss=1.009457 tau=3.00 collapse_w=0.000 mid_frac=0.375 hard=score=1.1525521375 wNMSE=0.0051718865 wMSE=393.9962 wMRED=0.41931025 wER=0.166082 wMAE=6.6582 wBias=4.5341 condBias=9.9172 dotDrift=+14.619sigma uMRED=0.0148429010 uER=0.187500 uMAE=6.7188 WCE=84 bias=-2.6250
[pop09_soft:00600] loss=0.745239 tau=3.75 collapse_w=0.000 mid_frac=0.354 hard=score=1.2272690018 wNMSE=0.0052083049 wMSE=396.7705 wMRED=0.42455951 wER=0.166082 wMAE=6.6300 wBias=4.6829 condBias=9.9520 dotDrift=+15.046sigma uMRED=0.0142831663 uER=0.187500 uMAE=6.1250 WCE=72 bias=-2.0000
[pop09_soft:00800] loss=0.636663 tau=4.50 collapse_w=0.084 mid_frac=0.333 hard=score=1.2272690018 wNMSE=0.0052083049 wMSE=396.7705 wMRED=0.42455951 wER=0.166082 wMAE=6.6300 wBias=4.6829 condBias=9.9520 dotDrift=+15.046sigma uMRED=0.0142831663 uER=0.187500 uMAE=6.1250 WCE=72 bias=-2.0000
[pop09_soft:01000] loss=0.644065 tau=5.25 collapse_w=0.293 mid_frac=0.333 hard=score=1.2272690018 wNMSE=0.0052083049 wMSE=396.7705 wMRED=0.42455951 wER=0.166082 wMAE=6.6300 wBias=4.6829 condBias=9.9520 dotDrift=+15.046sigma uMRED=0.0142831663 uER=0.187500 uMAE=6.1250 WCE=72 bias=-2.0000
[pop09_soft:01199] loss=0.594548 tau=6.00 collapse_w=0.500 mid_frac=0.333 hard=score=1.2272690018 wNMSE=0.0052083049 wMSE=396.7705 wMRED=0.42455951 wER=0.166082 wMAE=6.6300 wBias=4.6829 condBias=9.9520 dotDrift=+15.046sigma uMRED=0.0142831663 uER=0.187500 uMAE=6.1250 WCE=72 bias=-2.0000
[pop09_hard:00000] loss=105.351814 tau=6.00 collapse_w=0.000 mid_frac=0.333 hard=score=1.2272690018 wNMSE=0.0052083049 wMSE=396.7705 wMRED=0.42455951 wER=0.166082 wMAE=6.6300 wBias=4.6829 condBias=9.9520 dotDrift=+15.046sigma uMRED=0.0142831663 uER=0.187500 uMAE=6.1250 WCE=72 bias=-2.0000
[pop09_hard:00200] loss=103.970474 tau=6.00 collapse_w=0.000 mid_frac=0.354 hard=score=1.1410752207 wNMSE=0.0049680817 wMSE=378.4702 wMRED=0.40628673 wER=0.166082 wMAE=6.4948 wBias=4.5136 condBias=9.7199 dotDrift=+14.849sigma uMRED=0.0140967919 uER=0.187500 uMAE=6.1875 WCE=72 bias=-2.1250
[pop09_hard:00400] loss=28.396090 tau=6.00 collapse_w=0.000 mid_frac=0.312 hard=score=0.0501914798 wNMSE=0.0003047151 wMSE=23.2133 wMRED=0.03112873 wER=0.166082 wMAE=1.1702 wBias=-0.9381 condBias=2.4071 dotDrift=-12.461sigma uMRED=0.0036155613 uER=0.187500 uMAE=2.4375 WCE=36 bias=-2.1250
[pop09_hard:00599] loss=28.396090 tau=6.00 collapse_w=0.000 mid_frac=0.271 hard=score=0.0154944685 wNMSE=0.00072112953 wMSE=54.9359 wMRED=0.03297517 wER=0.166082 wMAE=1.4180 wBias=-0.4397 condBias=3.7042 dotDrift=-3.797sigma uMRED=0.0059298846 uER=0.187500 uMAE=4.5000 WCE=104 bias=1.8750
[pop09] done (conf=0.51, noise=1.0); global best score=0.0016111764 wNMSE=0.00012742207 wMSE=9.7071 wMRED=0.02810209 wER=0.088891 wMAE=0.7864 wBias=-0.0872 condBias=1.5569 dotDrift=-1.790sigma uMRED=0.0019195893 uER=0.109375 uMAE=1.1250 WCE=16 bias=0.0000
[pop10_soft:00000] loss=1.988560 tau=1.50 collapse_w=0.000 mid_frac=0.354 hard=score=0.2681063635 wNMSE=0.0030506943 wMSE=232.4030 wMRED=0.20090243 wER=0.175074 wMAE=4.8254 wBias=2.1327 condBias=7.6181 dotDrift=+8.954sigma uMRED=0.0205951245 uER=0.226562 uMAE=15.5000 WCE=148 bias=6.3750
[pop10_soft:00200] loss=0.364385 tau=2.25 collapse_w=0.000 mid_frac=0.333 hard=score=0.1682180291 wNMSE=0.0016957351 wMSE=129.1817 wMRED=0.22751500 wER=0.192748 wMAE=4.2437 wBias=1.6903 condBias=5.6784 dotDrift=+9.518sigma uMRED=0.0121372842 uER=0.234375 uMAE=7.2812 WCE=76 bias=-1.0000
[pop10_soft:00400] loss=0.099131 tau=3.00 collapse_w=0.000 mid_frac=0.250 hard=score=0.2810350646 wNMSE=0.0017414039 wMSE=132.6608 wMRED=0.22856462 wER=0.169477 wMAE=4.0403 wBias=2.2204 condBias=5.7545 dotDrift=+12.338sigma uMRED=0.0116603081 uER=0.218750 uMAE=6.9375 WCE=70 bias=-0.3750
[pop10_soft:00600] loss=0.042956 tau=3.75 collapse_w=0.000 mid_frac=0.208 hard=score=0.2810350646 wNMSE=0.0017414039 wMSE=132.6608 wMRED=0.22856462 wER=0.169477 wMAE=4.0403 wBias=2.2204 condBias=5.7545 dotDrift=+12.338sigma uMRED=0.0116603081 uER=0.218750 uMAE=6.9375 WCE=70 bias=-0.3750
[pop10_soft:00800] loss=0.033533 tau=4.50 collapse_w=0.084 mid_frac=0.250 hard=score=0.2810350646 wNMSE=0.0017414039 wMSE=132.6608 wMRED=0.22856462 wER=0.169477 wMAE=4.0403 wBias=2.2204 condBias=5.7545 dotDrift=+12.338sigma uMRED=0.0116603081 uER=0.218750 uMAE=6.9375 WCE=70 bias=-0.3750
[pop10_soft:01000] loss=0.037162 tau=5.25 collapse_w=0.293 mid_frac=0.188 hard=score=0.2810350646 wNMSE=0.0017414039 wMSE=132.6608 wMRED=0.22856462 wER=0.169477 wMAE=4.0403 wBias=2.2204 condBias=5.7545 dotDrift=+12.338sigma uMRED=0.0116603081 uER=0.218750 uMAE=6.9375 WCE=70 bias=-0.3750
[pop10_soft:01199] loss=0.035120 tau=6.00 collapse_w=0.500 mid_frac=0.167 hard=score=0.6180326281 wNMSE=0.0014273237 wMSE=108.7340 wMRED=0.20526656 wER=0.169477 wMAE=3.6665 wBias=-3.3432 condBias=6.6924 dotDrift=-20.519sigma uMRED=0.0110171138 uER=0.218750 uMAE=6.7500 WCE=70 bias=-2.3750
[pop10_hard:00000] loss=73.832581 tau=6.00 collapse_w=0.000 mid_frac=0.167 hard=score=0.6180326281 wNMSE=0.0014273237 wMSE=108.7340 wMRED=0.20526656 wER=0.169477 wMAE=3.6665 wBias=-3.3432 condBias=6.6924 dotDrift=-20.519sigma uMRED=0.0110171138 uER=0.218750 uMAE=6.7500 WCE=70 bias=-2.3750
[pop10_hard:00200] loss=73.832581 tau=6.00 collapse_w=0.000 mid_frac=0.167 hard=score=0.6180326281 wNMSE=0.0014273237 wMSE=108.7340 wMRED=0.20526656 wER=0.169477 wMAE=3.6665 wBias=-3.3432 condBias=6.6924 dotDrift=-20.519sigma uMRED=0.0110171138 uER=0.218750 uMAE=6.7500 WCE=70 bias=-2.3750
[pop10_hard:00400] loss=42.510281 tau=6.00 collapse_w=0.000 mid_frac=0.146 hard=score=0.0096301192 wNMSE=0.00040334613 wMSE=30.7271 wMRED=0.02783048 wER=0.145937 wMAE=1.2511 wBias=-0.3502 condBias=2.7693 dotDrift=-4.043sigma uMRED=0.0069604553 uER=0.210938 uMAE=5.8125 WCE=64 bias=2.6250
[pop10_hard:00599] loss=42.510281 tau=6.00 collapse_w=0.000 mid_frac=0.146 hard=score=0.0096301192 wNMSE=0.00040334613 wMSE=30.7271 wMRED=0.02783048 wER=0.145937 wMAE=1.2511 wBias=-0.3502 condBias=2.7693 dotDrift=-4.043sigma uMRED=0.0069604553 uER=0.210938 uMAE=5.8125 WCE=64 bias=2.6250
[pop10] done (conf=0.53, noise=0.5); global best score=0.0016111764 wNMSE=0.00012742207 wMSE=9.7071 wMRED=0.02810209 wER=0.088891 wMAE=0.7864 wBias=-0.0872 condBias=1.5569 dotDrift=-1.790sigma uMRED=0.0019195893 uER=0.109375 uMAE=1.1250 WCE=16 bias=0.0000
[pop11_soft:00000] loss=3.027187 tau=1.50 collapse_w=0.000 mid_frac=0.375 hard=score=0.3597724060 wNMSE=0.0064668512 wMSE=492.6470 wMRED=0.35145414 wER=0.214438 wMAE=7.6553 wBias=2.4126 condBias=11.0912 dotDrift=+6.957sigma uMRED=0.0224386666 uER=0.242188 uMAE=13.8750 WCE=114 bias=0.2500
[pop11_soft:00200] loss=11.554494 tau=2.25 collapse_w=0.000 mid_frac=0.396 hard=score=1.5104607481 wNMSE=0.0065658333 wMSE=500.1875 wMRED=0.46321711 wER=0.194272 wMAE=8.0674 wBias=5.1945 condBias=11.1743 dotDrift=+14.865sigma uMRED=0.0199874477 uER=0.234375 uMAE=10.4531 WCE=96 bias=1.0625
[pop11_soft:00400] loss=0.304810 tau=3.00 collapse_w=0.000 mid_frac=0.333 hard=score=1.7866682971 wNMSE=0.0064241847 wMSE=489.3967 wMRED=0.45580726 wER=0.175954 wMAE=7.8476 wBias=5.6646 condBias=11.3392 dotDrift=+16.388sigma uMRED=0.0196505702 uER=0.234375 uMAE=10.3281 WCE=80 bias=-0.5625
[pop11_soft:00600] loss=0.042274 tau=3.75 collapse_w=0.000 mid_frac=0.375 hard=score=1.5612247171 wNMSE=0.0059706257 wMSE=454.8444 wMRED=0.44635488 wER=0.175954 wMAE=7.6423 wBias=5.2905 condBias=10.6557 dotDrift=+15.876sigma uMRED=0.0194654085 uER=0.234375 uMAE=10.3438 WCE=80 bias=-1.0000
[pop11_soft:00800] loss=0.037833 tau=4.50 collapse_w=0.084 mid_frac=0.354 hard=score=1.5721137561 wNMSE=0.005894095 wMSE=449.0143 wMRED=0.43886217 wER=0.175954 wMAE=7.5320 wBias=5.3103 condBias=10.6298 dotDrift=+16.039sigma uMRED=0.0193009191 uER=0.234375 uMAE=10.3125 WCE=80 bias=-1.0000
[pop11_soft:01000] loss=0.037786 tau=5.25 collapse_w=0.293 mid_frac=0.333 hard=score=1.5721137561 wNMSE=0.005894095 wMSE=449.0143 wMRED=0.43886217 wER=0.175954 wMAE=7.5320 wBias=5.3103 condBias=10.6298 dotDrift=+16.039sigma uMRED=0.0193009191 uER=0.234375 uMAE=10.3125 WCE=80 bias=-1.0000
[pop11_soft:01199] loss=0.036943 tau=6.00 collapse_w=0.500 mid_frac=0.292 hard=score=1.9520525501 wNMSE=0.0057537468 wMSE=438.3225 wMRED=0.43467319 wER=0.172357 wMAE=7.1979 wBias=5.9342 condBias=11.8789 dotDrift=+18.140sigma uMRED=0.0182846475 uER=0.226562 uMAE=9.6250 WCE=80 bias=0.0000
[pop11_hard:00000] loss=110.958916 tau=6.00 collapse_w=0.000 mid_frac=0.292 hard=score=1.9520525501 wNMSE=0.0057537468 wMSE=438.3225 wMRED=0.43467319 wER=0.172357 wMAE=7.1979 wBias=5.9342 condBias=11.8789 dotDrift=+18.140sigma uMRED=0.0182846475 uER=0.226562 uMAE=9.6250 WCE=80 bias=0.0000
[pop11_hard:00200] loss=122.536873 tau=6.00 collapse_w=0.000 mid_frac=0.292 hard=score=1.7114443554 wNMSE=0.0057915353 wMSE=441.2012 wMRED=0.43478959 wER=0.171814 wMAE=7.1821 wBias=5.5478 condBias=11.1056 dotDrift=+16.904sigma uMRED=0.0170256242 uER=0.218750 uMAE=8.3125 WCE=80 bias=-2.0000
[pop11_hard:00400] loss=108.561424 tau=6.00 collapse_w=0.000 mid_frac=0.312 hard=score=0.4072652790 wNMSE=0.0059031735 wMSE=449.7059 wMRED=0.35212916 wER=0.171814 wMAE=7.1267 wBias=2.6000 condBias=10.5965 dotDrift=+7.847sigma uMRED=0.0196409868 uER=0.218750 uMAE=11.5000 WCE=114 bias=-0.5000
[pop11_hard:00599] loss=104.647507 tau=6.00 collapse_w=0.000 mid_frac=0.271 hard=score=0.4975818636 wNMSE=0.0031173048 wMSE=237.4774 wMRED=0.12494799 wER=0.161790 wMAE=3.8106 wBias=-2.9636 condBias=7.7011 dotDrift=-12.308sigma uMRED=0.0141648073 uER=0.210938 uMAE=10.1875 WCE=114 bias=-2.5000
[pop11] done (conf=0.51, noise=1.0); global best score=0.0016111764 wNMSE=0.00012742207 wMSE=9.7071 wMRED=0.02810209 wER=0.088891 wMAE=0.7864 wBias=-0.0872 condBias=1.5569 dotDrift=-1.790sigma uMRED=0.0019195893 uER=0.109375 uMAE=1.1250 WCE=16 bias=0.0000
[best] stage=guard_baseline score=0.0016111764 wNMSE=0.00012742207 wMSE=9.7071 wMRED=0.02810209 wER=0.088891 wMAE=0.7864 wBias=-0.0872 condBias=1.5569 dotDrift=-1.790sigma uMRED=0.0019195893 uER=0.109375 uMAE=1.1250 WCE=16 bias=0.0000
[best-json] /home/xuanqi/tony/work/FPGA/signed8x8_approx/signed8x8_2026_8_22/runs_qwen_legacy_refactor_20260916/quality/rand612/best_signed88_inits.json
[best-rtl] /home/xuanqi/tony/work/FPGA/signed8x8_approx/signed8x8_2026_8_22/runs_qwen_legacy_refactor_20260916/quality/rand612/best_rtl
[design] quality search_bits=48
[safety] max_zero_violations=0 max_workload_zero_violation_probability=0
[metric-guard] relative_to_base=0.02 limits={'max_zero_violations': 0, 'max_workload_zero_violation_probability': 0.0, 'max_wce': 16, 'max_er': 0.11156250000000001, 'max_mred': 0.001957981082714989, 'max_ned': 7.0037841796875e-05, 'max_rmse': 3.9504430131315655, 'max_nmse': 5.129411661762673e-07, 'max_abs_bias': 0.06051536478449089, 'max_workload_wce': 16, 'max_workload_er': 0.09066865361524373, 'max_workload_mred': 0.02866412993103653, 'max_workload_ned': 4.89576713823333e-05, 'max_workload_rmse': 3.1779276565721166, 'max_workload_nmse': 0.00012997051593010618, 'max_abs_workload_bias': 0.08890147835055814, 'max_conditional_bias_rms': 1.5880176161605608}
[start] score=0.0016111764 wNMSE=0.00012742207 wMSE=9.7071 wMRED=0.02810209 wER=0.088891 wMAE=0.7864 wBias=-0.0872 condBias=1.5569 dotDrift=-1.790sigma uMRED=0.0019195893 uER=0.109375 uMAE=1.1250 WCE=16 bias=0.0000
[single] round=1 no improvement
[pair] ACCEPT ['cp_lut23:47', 'cp_lut23:51'] 0.0016111764->0.0009163530 wNMSE=3.6935493e-05 wBias=-0.08030
[pair] ACCEPT ['cp_lut23:31', 'cp_lut23:15'] 0.0009163530->0.0005958120 wNMSE=5.2609532e-05 wBias=+0.00857
[pair] round=3 no improvement
[final] score=0.0005958120 wNMSE=5.2609532e-05 wMSE=4.0078 wMRED=0.01528248 wER=0.083718 wMAE=0.5313 wBias=0.0086 condBias=1.0004 dotDrift=+0.274sigma uMRED=0.0012490528 uER=0.109375 uMAE=0.7500 WCE=12 bias=0.0000
[json] /home/xuanqi/tony/work/FPGA/signed8x8_approx/signed8x8_2026_8_22/runs_qwen_legacy_refactor_20260916/quality/rand612/refined/best_signed88_inits.json
