[design] balanced_split quad4 entries=112
[device] cuda
[initial] score=194.9780866480 wNMSE=1.9823839 wMSE=127705.7623 wMRED=11.26410517 wER=0.437169 wMAE=177.3116 wBias=54.9262 condBias=183.5576 dotDrift=+9.837sigma uMRED=0.3131401727 uER=0.437500 uMAE=104.2031 WCE=956 bias=53.8750
[quad_warmup_bit:00000] loss=2.137355 tau=1.50 collapse_w=0.000 mid_frac=0.500 hard=score=194.9780866480 wNMSE=1.9823839 wMSE=127705.7623 wMRED=11.26410517 wER=0.437169 wMAE=177.3116 wBias=54.9262 condBias=183.5576 dotDrift=+9.837sigma uMRED=0.3131401727 uER=0.437500 uMAE=104.2031 WCE=956 bias=53.8750
[quad_warmup_bit:00025] loss=1.678648 tau=1.50 collapse_w=0.000 mid_frac=0.500 hard=score=165.7484524311 wNMSE=1.938492 wMSE=124878.2307 wMRED=11.13130507 wER=0.437169 wMAE=174.3921 wBias=50.5812 condBias=181.3263 dotDrift=+9.161sigma uMRED=0.3041451204 uER=0.437500 uMAE=99.6719 WCE=956 bias=47.1250 *BEST*
[quad_warmup_bit:00050] loss=1.284297 tau=1.50 collapse_w=0.000 mid_frac=0.509 hard=score=163.8081095828 wNMSE=1.9361526 wMSE=124727.5292 wMRED=11.11490083 wER=0.437169 wMAE=174.0940 wBias=50.2795 condBias=180.9950 dotDrift=+9.111sigma uMRED=0.3036420393 uER=0.437500 uMAE=99.4531 WCE=956 bias=46.8750 *BEST*
[quad_warmup_bit:00075] loss=0.956137 tau=1.50 collapse_w=0.000 mid_frac=0.491 hard=score=159.7685954554 wNMSE=1.9262513 wMSE=124089.6821 wMRED=11.10594086 wER=0.437169 wMAE=173.8163 wBias=49.6464 condBias=180.5193 dotDrift=+9.020sigma uMRED=0.3032583260 uER=0.437500 uMAE=99.3770 WCE=956 bias=45.8750 *BEST*
[quad_warmup_bit:00100] loss=0.710878 tau=1.50 collapse_w=0.000 mid_frac=0.464 hard=score=107.4253259824 wNMSE=2.0556611 wMSE=132426.3016 wMRED=11.53505414 wER=0.437169 wMAE=178.1502 wBias=40.4778 condBias=186.9302 dotDrift=+7.119sigma uMRED=0.3079554620 uER=0.437500 uMAE=97.6816 WCE=956 bias=39.1250 *BEST*
[quad_warmup_bit:00125] loss=0.544609 tau=1.50 collapse_w=0.000 mid_frac=0.438 hard=score=105.5879066308 wNMSE=2.0609774 wMSE=132768.7796 wMRED=11.54191589 wER=0.437169 wMAE=178.3324 wBias=40.1179 condBias=187.1525 dotDrift=+7.046sigma uMRED=0.3078042611 uER=0.437500 uMAE=97.4316 WCE=956 bias=38.6250 *BEST*
[quad_warmup_bit:00150] loss=0.434685 tau=1.50 collapse_w=0.000 mid_frac=0.402 hard=score=101.7791669451 wNMSE=0.98843247 wMSE=63675.1141 wMRED=8.17525104 wER=0.437017 wMAE=121.0593 wBias=-39.6710 condBias=139.4748 dotDrift=-10.062sigma uMRED=0.2173102836 uER=0.434570 uMAE=66.5703 WCE=848 bias=-4.3125 *BEST*
[quad_warmup_bit:00175] loss=0.363360 tau=1.50 collapse_w=0.000 mid_frac=0.384 hard=score=101.1518976213 wNMSE=0.98832978 wMSE=63668.4990 wMRED=8.18032489 wER=0.437017 wMAE=121.0834 wBias=-39.5465 condBias=139.4542 dotDrift=-10.031sigma uMRED=0.2174174666 uER=0.434570 uMAE=66.6016 WCE=848 bias=-4.1875 *BEST*
[quad_warmup_bit:00200] loss=0.318148 tau=1.50 collapse_w=0.000 mid_frac=0.393 hard=score=101.6358516857 wNMSE=0.98866179 wMSE=63689.8869 wMRED=8.18106060 wER=0.437017 wMAE=121.1784 wBias=-39.6424 condBias=139.4723 dotDrift=-10.053sigma uMRED=0.2196579033 uER=0.434570 uMAE=68.5781 WCE=848 bias=-6.1875
[quad_warmup_bit:00225] loss=0.290126 tau=1.50 collapse_w=0.000 mid_frac=0.393 hard=score=100.3763601030 wNMSE=0.98634218 wMSE=63540.4569 wMRED=8.16939460 wER=0.437017 wMAE=121.1321 wBias=-39.3927 condBias=139.3265 dotDrift=-10.002sigma uMRED=0.2195198169 uER=0.434570 uMAE=68.5859 WCE=844 bias=-5.9375 *BEST*
[quad_warmup_bit:00400] loss=0.242976 tau=1.50 collapse_w=0.000 mid_frac=0.375 hard=score=182.5624893244 wNMSE=0.94067506 wMSE=60598.5677 wMRED=7.58753886 wER=0.385936 wMAE=111.3359 wBias=-53.3470 condBias=133.6636 dotDrift=-13.869sigma uMRED=0.2080266370 uER=0.411133 uMAE=66.3438 WCE=840 bias=-17.7500
[quad_warmup_bit:00600] loss=0.227739 tau=1.50 collapse_w=0.000 mid_frac=0.375 hard=score=181.1394534958 wNMSE=0.94401676 wMSE=60813.8410 wMRED=7.63438839 wER=0.367529 wMAE=111.4544 wBias=-53.1358 condBias=133.9387 dotDrift=-13.790sigma uMRED=0.2087596752 uER=0.399414 uMAE=66.4531 WCE=848 bias=-17.5000
[quad_warmup_bit:00800] loss=0.214918 tau=1.50 collapse_w=0.000 mid_frac=0.375 hard=score=176.4440667339 wNMSE=0.93984529 wMSE=60545.1138 wMRED=7.63097824 wER=0.361344 wMAE=111.2470 wBias=-52.4375 condBias=133.5915 dotDrift=-13.639sigma uMRED=0.2084586694 uER=0.381836 uMAE=66.1953 WCE=848 bias=-17.1250
[quad_warmup_bit:01000] loss=0.203899 tau=1.50 collapse_w=0.000 mid_frac=0.357 hard=score=166.3655276816 wNMSE=0.92667776 wMSE=59696.8578 wMRED=7.53247076 wER=0.361344 wMAE=109.7176 wBias=-50.9081 condBias=131.2537 dotDrift=-13.335sigma uMRED=0.2061731758 uER=0.381836 uMAE=65.6953 WCE=832 bias=-16.6250
[quad_warmup_bit:01150] loss=0.196327 tau=1.50 collapse_w=0.000 mid_frac=0.366 hard=score=96.7431216420 wNMSE=0.84867105 wMSE=54671.6423 wMRED=6.95608193 wER=0.361344 wMAE=102.6943 wBias=-38.7233 condBias=112.7376 dotDrift=-10.599sigma uMRED=0.1938283484 uER=0.381836 uMAE=64.0234 WCE=736 bias=-13.6250 *BEST*
[quad_warmup_bit:01200] loss=0.193886 tau=1.50 collapse_w=0.000 mid_frac=0.366 hard=score=100.7609313834 wNMSE=0.85048029 wMSE=54788.1939 wMRED=6.95814777 wER=0.361344 wMAE=102.9219 wBias=-39.5294 condBias=112.9427 dotDrift=-10.808sigma uMRED=0.1996962217 uER=0.381836 uMAE=68.6641 WCE=736 bias=-29.6250
[quad_warmup_bit:01400] loss=0.184581 tau=1.50 collapse_w=0.000 mid_frac=0.348 hard=score=298.9874524301 wNMSE=0.71532811 wMSE=46081.6503 wMRED=5.13252995 wER=0.291985 wMAE=74.6544 wBias=-68.4166 condBias=142.0739 dotDrift=-20.398sigma uMRED=0.1533582780 uER=0.351562 uMAE=53.6641 WCE=704 bias=-48.1250
[quad_warmup_bit:01600] loss=0.175733 tau=1.50 collapse_w=0.000 mid_frac=0.348 hard=score=246.8415552222 wNMSE=0.58357606 wMSE=37594.1438 wMRED=4.65950463 wER=0.284334 wMAE=67.4726 wBias=-62.1661 condBias=128.8415 dotDrift=-20.520sigma uMRED=0.1390907825 uER=0.318359 uMAE=48.6406 WCE=640 bias=-45.1250
[quad_warmup_bit:01800] loss=0.166579 tau=1.50 collapse_w=0.000 mid_frac=0.321 hard=score=246.8415552222 wNMSE=0.58357606 wMSE=37594.1438 wMRED=4.65950463 wER=0.284334 wMAE=67.4726 wBias=-62.1661 condBias=128.8415 dotDrift=-20.520sigma uMRED=0.1390907825 uER=0.318359 uMAE=48.6406 WCE=640 bias=-45.1250
[quad_warmup_bit:02000] loss=0.157105 tau=1.50 collapse_w=0.000 mid_frac=0.312 hard=score=223.2379904625 wNMSE=0.57359944 wMSE=36951.4469 wMRED=4.66149378 wER=0.284334 wMAE=69.0021 wBias=-59.1074 condBias=127.7202 dotDrift=-19.679sigma uMRED=0.1396821945 uER=0.318359 uMAE=49.1406 WCE=640 bias=-44.1250
[quad_warmup_bit:02200] loss=0.148966 tau=1.50 collapse_w=0.000 mid_frac=0.295 hard=score=221.5950154251 wNMSE=0.572406 wMSE=36874.5650 wMRED=4.65916700 wER=0.284334 wMAE=68.7835 wBias=-58.8888 condBias=127.2863 dotDrift=-19.627sigma uMRED=0.1370964652 uER=0.318359 uMAE=47.1406 WCE=640 bias=-42.1250
[quad_warmup_bit:02400] loss=0.141705 tau=1.50 collapse_w=0.000 mid_frac=0.268 hard=score=128.5274496948 wNMSE=0.35063162 wMSE=22587.7933 wMRED=3.67752413 wER=0.264301 wMAE=54.8118 wBias=-44.8412 condBias=99.5204 dotDrift=-19.095sigma uMRED=0.1117592213 uER=0.304688 uMAE=40.2188 WCE=512 bias=-34.1250
[quad_warmup_bit:02600] loss=0.134517 tau=1.50 collapse_w=0.000 mid_frac=0.250 hard=score=121.0419624361 wNMSE=0.34807112 wMSE=22422.8454 wMRED=3.65460936 wER=0.252001 wMAE=53.2643 wBias=-43.5109 condBias=96.5757 dotDrift=-18.597sigma uMRED=0.1030375318 uER=0.268555 uMAE=34.1562 WCE=512 bias=-28.3750
[quad_warmup_bit:02800] loss=0.126879 tau=1.50 collapse_w=0.000 mid_frac=0.250 hard=score=157.3011010545 wNMSE=0.36485247 wMSE=23503.9049 wMRED=3.65063106 wER=0.207467 wMAE=50.2054 wBias=-49.6285 condBias=98.9433 dotDrift=-20.718sigma uMRED=0.1018547078 uER=0.256836 uMAE=33.1562 WCE=512 bias=-30.3750
[quad_warmup_bit:03000] loss=0.118328 tau=1.50 collapse_w=0.000 mid_frac=0.214 hard=score=157.3011010545 wNMSE=0.36485247 wMSE=23503.9049 wMRED=3.65063106 wER=0.207467 wMAE=50.2054 wBias=-49.6285 condBias=98.9433 dotDrift=-20.718sigma uMRED=0.1018547078 uER=0.256836 uMAE=33.1562 WCE=512 bias=-30.3750
[quad_warmup_bit:03200] loss=0.108811 tau=1.50 collapse_w=0.000 mid_frac=0.179 hard=score=0.0375060651 wNMSE=0.0053065961 wMSE=341.8525 wMRED=0.13279414 wER=0.156611 wMAE=4.8372 wBias=-0.3867 condBias=9.9018 dotDrift=-1.339sigma uMRED=0.0215639561 uER=0.225586 uMAE=15.2344 WCE=320 bias=-10.3750 *BEST*
[quad_warmup_bit:03325] loss=0.102651 tau=1.50 collapse_w=0.000 mid_frac=0.152 hard=score=0.0304886664 wNMSE=0.0044599929 wMSE=287.3141 wMRED=0.11841020 wER=0.156611 wMAE=4.2041 wBias=0.2464 condBias=9.0061 dotDrift=+0.930sigma uMRED=0.0198211500 uER=0.225586 uMAE=14.2344 WCE=320 bias=-9.3750 *BEST*
[quad_warmup_bit:03400] loss=0.099070 tau=1.50 collapse_w=0.000 mid_frac=0.134 hard=score=0.0304886664 wNMSE=0.0044599929 wMSE=287.3141 wMRED=0.11841020 wER=0.156611 wMAE=4.2041 wBias=0.2464 condBias=9.0061 dotDrift=+0.930sigma uMRED=0.0198211500 uER=0.225586 uMAE=14.2344 WCE=320 bias=-9.3750
[quad_warmup_bit:03600] loss=0.090444 tau=1.50 collapse_w=0.000 mid_frac=0.134 hard=score=0.0304886664 wNMSE=0.0044599929 wMSE=287.3141 wMRED=0.11841020 wER=0.156611 wMAE=4.2041 wBias=0.2464 condBias=9.0061 dotDrift=+0.930sigma uMRED=0.0198211500 uER=0.225586 uMAE=14.2344 WCE=320 bias=-9.3750
[quad_warmup_bit:03800] loss=0.083217 tau=1.50 collapse_w=0.000 mid_frac=0.116 hard=score=0.0701758795 wNMSE=0.0040444017 wMSE=260.5416 wMRED=0.09727960 wER=0.148635 wMAE=3.5993 wBias=-0.8335 condBias=8.6607 dotDrift=-3.305sigma uMRED=0.0193515860 uER=0.220703 uMAE=14.2344 WCE=320 bias=-10.8750
[quad_warmup_bit:03875] loss=0.080846 tau=1.50 collapse_w=0.000 mid_frac=0.107 hard=score=0.0199561586 wNMSE=0.0019392714 wMSE=124.9284 wMRED=0.09412114 wER=0.148297 wMAE=3.1999 wBias=-0.4304 condBias=6.4607 dotDrift=-2.465sigma uMRED=0.0102819209 uER=0.214844 uMAE=6.2969 WCE=80 bias=-2.8750 *BEST*
[quad_warmup_bit:04000] loss=0.077278 tau=1.50 collapse_w=0.000 mid_frac=0.098 hard=score=0.0150531485 wNMSE=0.0019135409 wMSE=123.2709 wMRED=0.09392043 wER=0.147899 wMAE=3.1703 wBias=-0.3296 condBias=6.4439 dotDrift=-1.900sigma uMRED=0.0094757564 uER=0.205078 uMAE=5.5625 WCE=80 bias=-0.8750 *BEST*
[quad_warmup_bit:04200] loss=0.072566 tau=1.50 collapse_w=0.000 mid_frac=0.089 hard=score=0.0150531485 wNMSE=0.0019135409 wMSE=123.2709 wMRED=0.09392043 wER=0.147899 wMAE=3.1703 wBias=-0.3296 condBias=6.4439 dotDrift=-1.900sigma uMRED=0.0094757564 uER=0.205078 uMAE=5.5625 WCE=80 bias=-0.8750
[quad_warmup_bit:04400] loss=0.069037 tau=1.50 collapse_w=0.000 mid_frac=0.098 hard=score=0.0150531485 wNMSE=0.0019135409 wMSE=123.2709 wMRED=0.09392043 wER=0.147899 wMAE=3.1703 wBias=-0.3296 condBias=6.4439 dotDrift=-1.900sigma uMRED=0.0094757564 uER=0.205078 uMAE=5.5625 WCE=80 bias=-0.8750
[quad_warmup_bit:04600] loss=0.066423 tau=1.50 collapse_w=0.000 mid_frac=0.098 hard=score=0.0612554599 wNMSE=0.00147146 wMSE=94.7919 wMRED=0.09135167 wER=0.155467 wMAE=3.0641 wBias=-0.9201 condBias=5.6867 dotDrift=-6.048sigma uMRED=0.0088307803 uER=0.212891 uMAE=5.0625 WCE=80 bias=-1.8750
[quad_warmup_bit:04800] loss=0.064437 tau=1.50 collapse_w=0.000 mid_frac=0.098 hard=score=0.0612554599 wNMSE=0.00147146 wMSE=94.7919 wMRED=0.09135167 wER=0.155467 wMAE=3.0641 wBias=-0.9201 condBias=5.6867 dotDrift=-6.048sigma uMRED=0.0088307803 uER=0.212891 uMAE=5.0625 WCE=80 bias=-1.8750
[quad_warmup_bit:05000] loss=0.062901 tau=1.50 collapse_w=0.000 mid_frac=0.098 hard=score=0.0612554599 wNMSE=0.00147146 wMSE=94.7919 wMRED=0.09135167 wER=0.155467 wMAE=3.0641 wBias=-0.9201 condBias=5.6867 dotDrift=-6.048sigma uMRED=0.0088307803 uER=0.212891 uMAE=5.0625 WCE=80 bias=-1.8750
[quad_warmup_bit:05200] loss=0.061712 tau=1.50 collapse_w=0.000 mid_frac=0.089 hard=score=0.0612554599 wNMSE=0.00147146 wMSE=94.7919 wMRED=0.09135167 wER=0.155467 wMAE=3.0641 wBias=-0.9201 condBias=5.6867 dotDrift=-6.048sigma uMRED=0.0088307803 uER=0.212891 uMAE=5.0625 WCE=80 bias=-1.8750
[quad_warmup_bit:05400] loss=0.060780 tau=1.50 collapse_w=0.000 mid_frac=0.089 hard=score=0.0612554599 wNMSE=0.00147146 wMSE=94.7919 wMRED=0.09135167 wER=0.155467 wMAE=3.0641 wBias=-0.9201 condBias=5.6867 dotDrift=-6.048sigma uMRED=0.0088307803 uER=0.212891 uMAE=5.0625 WCE=80 bias=-1.8750
[quad_warmup_bit:05600] loss=0.060056 tau=1.50 collapse_w=0.000 mid_frac=0.089 hard=score=0.0612554599 wNMSE=0.00147146 wMSE=94.7919 wMRED=0.09135167 wER=0.155467 wMAE=3.0641 wBias=-0.9201 condBias=5.6867 dotDrift=-6.048sigma uMRED=0.0088307803 uER=0.212891 uMAE=5.0625 WCE=80 bias=-1.8750
[quad_warmup_bit:05800] loss=0.059489 tau=1.50 collapse_w=0.000 mid_frac=0.089 hard=score=0.0612554599 wNMSE=0.00147146 wMSE=94.7919 wMRED=0.09135167 wER=0.155467 wMAE=3.0641 wBias=-0.9201 condBias=5.6867 dotDrift=-6.048sigma uMRED=0.0088307803 uER=0.212891 uMAE=5.0625 WCE=80 bias=-1.8750
[quad_warmup_bit:05999] loss=0.059032 tau=1.50 collapse_w=0.000 mid_frac=0.089 hard=score=0.0612554599 wNMSE=0.00147146 wMSE=94.7919 wMRED=0.09135167 wER=0.155467 wMAE=3.0641 wBias=-0.9201 condBias=5.6867 dotDrift=-6.048sigma uMRED=0.0088307803 uER=0.212891 uMAE=5.0625 WCE=80 bias=-1.8750
[quad_soft:00000] loss=0.153130 tau=1.50 collapse_w=0.000 mid_frac=0.089 hard=score=0.0612554599 wNMSE=0.00147146 wMSE=94.7919 wMRED=0.09135167 wER=0.155467 wMAE=3.0641 wBias=-0.9201 condBias=5.6867 dotDrift=-6.048sigma uMRED=0.0088307803 uER=0.212891 uMAE=5.0625 WCE=80 bias=-1.8750
[quad_soft:00200] loss=0.091938 tau=1.59 collapse_w=0.000 mid_frac=0.098 hard=score=0.1558076415 wNMSE=0.0017675028 wMSE=113.8631 wMRED=0.12959884 wER=0.175999 wMAE=3.6690 wBias=-1.5250 condBias=6.1255 dotDrift=-9.147sigma uMRED=0.0101011372 uER=0.228516 uMAE=5.5625 WCE=80 bias=-2.3750
[quad_soft:00400] loss=0.079651 tau=1.68 collapse_w=0.000 mid_frac=0.098 hard=score=0.0485859920 wNMSE=0.0027458196 wMSE=176.8865 wMRED=0.13635499 wER=0.175999 wMAE=4.0426 wBias=0.7778 condBias=6.7477 dotDrift=+3.743sigma uMRED=0.0107672428 uER=0.228516 uMAE=5.8906 WCE=96 bias=1.8750
[quad_soft:00600] loss=0.074785 tau=1.77 collapse_w=0.000 mid_frac=0.089 hard=score=0.1312707312 wNMSE=0.0024497769 wMSE=157.8154 wMRED=0.09810782 wER=0.155467 wMAE=3.4377 wBias=1.3826 condBias=6.3520 dotDrift=+7.044sigma uMRED=0.0094968859 uER=0.212891 uMAE=5.3906 WCE=96 bias=2.3750
[quad_soft:00800] loss=0.072170 tau=1.86 collapse_w=0.000 mid_frac=0.089 hard=score=0.1312707312 wNMSE=0.0024497769 wMSE=157.8154 wMRED=0.09810782 wER=0.155467 wMAE=3.4377 wBias=1.3826 condBias=6.3520 dotDrift=+7.044sigma uMRED=0.0094968859 uER=0.212891 uMAE=5.3906 WCE=96 bias=2.3750
[quad_soft:01000] loss=0.070225 tau=1.95 collapse_w=0.000 mid_frac=0.089 hard=score=0.1312707312 wNMSE=0.0024497769 wMSE=157.8154 wMRED=0.09810782 wER=0.155467 wMAE=3.4377 wBias=1.3826 condBias=6.3520 dotDrift=+7.044sigma uMRED=0.0094968859 uER=0.212891 uMAE=5.3906 WCE=96 bias=2.3750
[quad_soft:01050] loss=0.069791 tau=1.97 collapse_w=0.000 mid_frac=0.080 hard=score=0.0104979766 wNMSE=0.00085639327 wMSE=55.1691 wMRED=0.08056069 wER=0.151248 wMAE=2.4106 wBias=0.3101 condBias=4.2233 dotDrift=+2.672sigma uMRED=0.0062594694 uER=0.201172 uMAE=3.5156 WCE=48 bias=0.3750 *BEST*
[quad_soft:01200] loss=0.068578 tau=2.04 collapse_w=0.000 mid_frac=0.080 hard=score=0.0104979766 wNMSE=0.00085639327 wMSE=55.1691 wMRED=0.08056069 wER=0.151248 wMAE=2.4106 wBias=0.3101 condBias=4.2233 dotDrift=+2.672sigma uMRED=0.0062594694 uER=0.201172 uMAE=3.5156 WCE=48 bias=0.3750
[quad_soft:01400] loss=0.067092 tau=2.13 collapse_w=0.000 mid_frac=0.080 hard=score=0.0104979766 wNMSE=0.00085639327 wMSE=55.1691 wMRED=0.08056069 wER=0.151248 wMAE=2.4106 wBias=0.3101 condBias=4.2233 dotDrift=+2.672sigma uMRED=0.0062594694 uER=0.201172 uMAE=3.5156 WCE=48 bias=0.3750
[quad_soft:01600] loss=0.065683 tau=2.22 collapse_w=0.000 mid_frac=0.089 hard=score=0.1312707312 wNMSE=0.0024497769 wMSE=157.8154 wMRED=0.09810782 wER=0.155467 wMAE=3.4377 wBias=1.3826 condBias=6.3520 dotDrift=+7.044sigma uMRED=0.0094968859 uER=0.212891 uMAE=5.3906 WCE=96 bias=2.3750
[quad_soft:01800] loss=0.064321 tau=2.31 collapse_w=0.000 mid_frac=0.089 hard=score=0.1312707312 wNMSE=0.0024497769 wMSE=157.8154 wMRED=0.09810782 wER=0.155467 wMAE=3.4377 wBias=1.3826 condBias=6.3520 dotDrift=+7.044sigma uMRED=0.0094968859 uER=0.212891 uMAE=5.3906 WCE=96 bias=2.3750
[quad_soft:02000] loss=0.062988 tau=2.40 collapse_w=0.000 mid_frac=0.089 hard=score=0.1312707312 wNMSE=0.0024497769 wMSE=157.8154 wMRED=0.09810782 wER=0.155467 wMAE=3.4377 wBias=1.3826 condBias=6.3520 dotDrift=+7.044sigma uMRED=0.0094968859 uER=0.212891 uMAE=5.3906 WCE=96 bias=2.3750
[quad_soft:02200] loss=0.061674 tau=2.49 collapse_w=0.000 mid_frac=0.089 hard=score=0.1312707312 wNMSE=0.0024497769 wMSE=157.8154 wMRED=0.09810782 wER=0.155467 wMAE=3.4377 wBias=1.3826 condBias=6.3520 dotDrift=+7.044sigma uMRED=0.0094968859 uER=0.212891 uMAE=5.3906 WCE=96 bias=2.3750
[quad_soft:02400] loss=0.060369 tau=2.58 collapse_w=0.000 mid_frac=0.089 hard=score=0.1312707312 wNMSE=0.0024497769 wMSE=157.8154 wMRED=0.09810782 wER=0.155467 wMAE=3.4377 wBias=1.3826 condBias=6.3520 dotDrift=+7.044sigma uMRED=0.0094968859 uER=0.212891 uMAE=5.3906 WCE=96 bias=2.3750
[quad_soft:02600] loss=0.059066 tau=2.67 collapse_w=0.000 mid_frac=0.089 hard=score=0.1312707312 wNMSE=0.0024497769 wMSE=157.8154 wMRED=0.09810782 wER=0.155467 wMAE=3.4377 wBias=1.3826 condBias=6.3520 dotDrift=+7.044sigma uMRED=0.0094968859 uER=0.212891 uMAE=5.3906 WCE=96 bias=2.3750
[quad_soft:02800] loss=0.057769 tau=2.76 collapse_w=0.000 mid_frac=0.089 hard=score=0.1312707312 wNMSE=0.0024497769 wMSE=157.8154 wMRED=0.09810782 wER=0.155467 wMAE=3.4377 wBias=1.3826 condBias=6.3520 dotDrift=+7.044sigma uMRED=0.0094968859 uER=0.212891 uMAE=5.3906 WCE=96 bias=2.3750
[quad_soft:03000] loss=0.056476 tau=2.85 collapse_w=0.000 mid_frac=0.089 hard=score=0.1312707312 wNMSE=0.0024497769 wMSE=157.8154 wMRED=0.09810782 wER=0.155467 wMAE=3.4377 wBias=1.3826 condBias=6.3520 dotDrift=+7.044sigma uMRED=0.0094968859 uER=0.212891 uMAE=5.3906 WCE=96 bias=2.3750
[quad_soft:03200] loss=0.055180 tau=2.94 collapse_w=0.000 mid_frac=0.089 hard=score=0.1312707312 wNMSE=0.0024497769 wMSE=157.8154 wMRED=0.09810782 wER=0.155467 wMAE=3.4377 wBias=1.3826 condBias=6.3520 dotDrift=+7.044sigma uMRED=0.0094968859 uER=0.212891 uMAE=5.3906 WCE=96 bias=2.3750
[quad_soft:03400] loss=0.053888 tau=3.03 collapse_w=0.000 mid_frac=0.089 hard=score=0.1312707312 wNMSE=0.0024497769 wMSE=157.8154 wMRED=0.09810782 wER=0.155467 wMAE=3.4377 wBias=1.3826 condBias=6.3520 dotDrift=+7.044sigma uMRED=0.0094968859 uER=0.212891 uMAE=5.3906 WCE=96 bias=2.3750
[quad_soft:03600] loss=0.052596 tau=3.12 collapse_w=0.000 mid_frac=0.089 hard=score=0.1312707312 wNMSE=0.0024497769 wMSE=157.8154 wMRED=0.09810782 wER=0.155467 wMAE=3.4377 wBias=1.3826 condBias=6.3520 dotDrift=+7.044sigma uMRED=0.0094968859 uER=0.212891 uMAE=5.3906 WCE=96 bias=2.3750
[quad_soft:03800] loss=0.051300 tau=3.21 collapse_w=0.000 mid_frac=0.098 hard=score=0.1312707312 wNMSE=0.0024497769 wMSE=157.8154 wMRED=0.09810782 wER=0.155467 wMAE=3.4377 wBias=1.3826 condBias=6.3520 dotDrift=+7.044sigma uMRED=0.0094968859 uER=0.212891 uMAE=5.3906 WCE=96 bias=2.3750
[quad_soft:04000] loss=0.050003 tau=3.30 collapse_w=0.000 mid_frac=0.107 hard=score=0.1312707312 wNMSE=0.0024497769 wMSE=157.8154 wMRED=0.09810782 wER=0.155467 wMAE=3.4377 wBias=1.3826 condBias=6.3520 dotDrift=+7.044sigma uMRED=0.0094968859 uER=0.212891 uMAE=5.3906 WCE=96 bias=2.3750
[quad_soft:04200] loss=0.048634 tau=3.39 collapse_w=0.000 mid_frac=0.107 hard=score=0.1312707312 wNMSE=0.0024497769 wMSE=157.8154 wMRED=0.09810782 wER=0.155467 wMAE=3.4377 wBias=1.3826 condBias=6.3520 dotDrift=+7.044sigma uMRED=0.0094968859 uER=0.212891 uMAE=5.3906 WCE=96 bias=2.3750
[quad_soft:04400] loss=0.047268 tau=3.48 collapse_w=0.000 mid_frac=0.107 hard=score=0.1312707312 wNMSE=0.0024497769 wMSE=157.8154 wMRED=0.09810782 wER=0.155467 wMAE=3.4377 wBias=1.3826 condBias=6.3520 dotDrift=+7.044sigma uMRED=0.0094968859 uER=0.212891 uMAE=5.3906 WCE=96 bias=2.3750
[quad_soft:04600] loss=0.045902 tau=3.57 collapse_w=0.000 mid_frac=0.107 hard=score=0.1312707312 wNMSE=0.0024497769 wMSE=157.8154 wMRED=0.09810782 wER=0.155467 wMAE=3.4377 wBias=1.3826 condBias=6.3520 dotDrift=+7.044sigma uMRED=0.0094968859 uER=0.212891 uMAE=5.3906 WCE=96 bias=2.3750
[quad_soft:04800] loss=0.044529 tau=3.66 collapse_w=0.000 mid_frac=0.107 hard=score=0.1312707312 wNMSE=0.0024497769 wMSE=157.8154 wMRED=0.09810782 wER=0.155467 wMAE=3.4377 wBias=1.3826 condBias=6.3520 dotDrift=+7.044sigma uMRED=0.0094968859 uER=0.212891 uMAE=5.3906 WCE=96 bias=2.3750
[quad_soft:05000] loss=0.043160 tau=3.75 collapse_w=0.000 mid_frac=0.107 hard=score=0.1312707312 wNMSE=0.0024497769 wMSE=157.8154 wMRED=0.09810782 wER=0.155467 wMAE=3.4377 wBias=1.3826 condBias=6.3520 dotDrift=+7.044sigma uMRED=0.0094968859 uER=0.212891 uMAE=5.3906 WCE=96 bias=2.3750
[quad_soft:05200] loss=0.041791 tau=3.84 collapse_w=0.000 mid_frac=0.107 hard=score=0.1312707312 wNMSE=0.0024497769 wMSE=157.8154 wMRED=0.09810782 wER=0.155467 wMAE=3.4377 wBias=1.3826 condBias=6.3520 dotDrift=+7.044sigma uMRED=0.0094968859 uER=0.212891 uMAE=5.3906 WCE=96 bias=2.3750
[quad_soft:05400] loss=0.040423 tau=3.93 collapse_w=0.000 mid_frac=0.107 hard=score=0.0595562926 wNMSE=0.0023711274 wMSE=152.7487 wMRED=0.09804447 wER=0.175999 wMAE=3.4366 wBias=0.8869 condBias=6.2450 dotDrift=+4.593sigma uMRED=0.0094968859 uER=0.228516 uMAE=5.3906 WCE=96 bias=1.8750
[quad_soft:05600] loss=0.039047 tau=4.02 collapse_w=0.000 mid_frac=0.107 hard=score=0.0595562926 wNMSE=0.0023711274 wMSE=152.7487 wMRED=0.09804447 wER=0.175999 wMAE=3.4366 wBias=0.8869 condBias=6.2450 dotDrift=+4.593sigma uMRED=0.0094968859 uER=0.228516 uMAE=5.3906 WCE=96 bias=1.8750
[quad_soft:05800] loss=0.037674 tau=4.11 collapse_w=0.000 mid_frac=0.107 hard=score=0.0595562926 wNMSE=0.0023711274 wMSE=152.7487 wMRED=0.09804447 wER=0.175999 wMAE=3.4366 wBias=0.8869 condBias=6.2450 dotDrift=+4.593sigma uMRED=0.0094968859 uER=0.228516 uMAE=5.3906 WCE=96 bias=1.8750
[quad_soft:06000] loss=0.036302 tau=4.20 collapse_w=0.000 mid_frac=0.098 hard=score=0.0595562926 wNMSE=0.0023711274 wMSE=152.7487 wMRED=0.09804447 wER=0.175999 wMAE=3.4366 wBias=0.8869 condBias=6.2450 dotDrift=+4.593sigma uMRED=0.0094968859 uER=0.228516 uMAE=5.3906 WCE=96 bias=1.8750
[quad_soft:06200] loss=0.035815 tau=4.29 collapse_w=0.025 mid_frac=0.089 hard=score=0.0104979766 wNMSE=0.00085639327 wMSE=55.1691 wMRED=0.08056069 wER=0.151248 wMAE=2.4106 wBias=0.3101 condBias=4.2233 dotDrift=+2.672sigma uMRED=0.0062594694 uER=0.201172 uMAE=3.5156 WCE=48 bias=0.3750
[quad_soft:06400] loss=0.035169 tau=4.38 collapse_w=0.050 mid_frac=0.089 hard=score=0.0104979766 wNMSE=0.00085639327 wMSE=55.1691 wMRED=0.08056069 wER=0.151248 wMAE=2.4106 wBias=0.3101 condBias=4.2233 dotDrift=+2.672sigma uMRED=0.0062594694 uER=0.201172 uMAE=3.5156 WCE=48 bias=0.3750
[quad_soft:06600] loss=0.034441 tau=4.47 collapse_w=0.075 mid_frac=0.080 hard=score=0.0104979766 wNMSE=0.00085639327 wMSE=55.1691 wMRED=0.08056069 wER=0.151248 wMAE=2.4106 wBias=0.3101 condBias=4.2233 dotDrift=+2.672sigma uMRED=0.0062594694 uER=0.201172 uMAE=3.5156 WCE=48 bias=0.3750
[quad_soft:06800] loss=0.033668 tau=4.56 collapse_w=0.100 mid_frac=0.080 hard=score=0.0104979766 wNMSE=0.00085639327 wMSE=55.1691 wMRED=0.08056069 wER=0.151248 wMAE=2.4106 wBias=0.3101 condBias=4.2233 dotDrift=+2.672sigma uMRED=0.0062594694 uER=0.201172 uMAE=3.5156 WCE=48 bias=0.3750
[quad_soft:07000] loss=0.032845 tau=4.65 collapse_w=0.125 mid_frac=0.080 hard=score=0.0104979766 wNMSE=0.00085639327 wMSE=55.1691 wMRED=0.08056069 wER=0.151248 wMAE=2.4106 wBias=0.3101 condBias=4.2233 dotDrift=+2.672sigma uMRED=0.0062594694 uER=0.201172 uMAE=3.5156 WCE=48 bias=0.3750
[quad_soft:07200] loss=0.031996 tau=4.74 collapse_w=0.150 mid_frac=0.080 hard=score=0.0104979766 wNMSE=0.00085639327 wMSE=55.1691 wMRED=0.08056069 wER=0.151248 wMAE=2.4106 wBias=0.3101 condBias=4.2233 dotDrift=+2.672sigma uMRED=0.0062594694 uER=0.201172 uMAE=3.5156 WCE=48 bias=0.3750
[quad_soft:07400] loss=0.031124 tau=4.83 collapse_w=0.175 mid_frac=0.071 hard=score=0.0104979766 wNMSE=0.00085639327 wMSE=55.1691 wMRED=0.08056069 wER=0.151248 wMAE=2.4106 wBias=0.3101 condBias=4.2233 dotDrift=+2.672sigma uMRED=0.0062594694 uER=0.201172 uMAE=3.5156 WCE=48 bias=0.3750
[quad_soft:07600] loss=0.030229 tau=4.92 collapse_w=0.200 mid_frac=0.071 hard=score=0.0104979766 wNMSE=0.00085639327 wMSE=55.1691 wMRED=0.08056069 wER=0.151248 wMAE=2.4106 wBias=0.3101 condBias=4.2233 dotDrift=+2.672sigma uMRED=0.0062594694 uER=0.201172 uMAE=3.5156 WCE=48 bias=0.3750
[quad_soft:07800] loss=0.029304 tau=5.01 collapse_w=0.225 mid_frac=0.071 hard=score=0.0104979766 wNMSE=0.00085639327 wMSE=55.1691 wMRED=0.08056069 wER=0.151248 wMAE=2.4106 wBias=0.3101 condBias=4.2233 dotDrift=+2.672sigma uMRED=0.0062594694 uER=0.201172 uMAE=3.5156 WCE=48 bias=0.3750
[quad_soft:08000] loss=0.028343 tau=5.10 collapse_w=0.250 mid_frac=0.062 hard=score=0.0104979766 wNMSE=0.00085639327 wMSE=55.1691 wMRED=0.08056069 wER=0.151248 wMAE=2.4106 wBias=0.3101 condBias=4.2233 dotDrift=+2.672sigma uMRED=0.0062594694 uER=0.201172 uMAE=3.5156 WCE=48 bias=0.3750
[quad_soft:08200] loss=0.027324 tau=5.19 collapse_w=0.275 mid_frac=0.062 hard=score=0.0104979766 wNMSE=0.00085639327 wMSE=55.1691 wMRED=0.08056069 wER=0.151248 wMAE=2.4106 wBias=0.3101 condBias=4.2233 dotDrift=+2.672sigma uMRED=0.0062594694 uER=0.201172 uMAE=3.5156 WCE=48 bias=0.3750
[quad_soft:08400] loss=0.026278 tau=5.28 collapse_w=0.300 mid_frac=0.062 hard=score=0.0104979766 wNMSE=0.00085639327 wMSE=55.1691 wMRED=0.08056069 wER=0.151248 wMAE=2.4106 wBias=0.3101 condBias=4.2233 dotDrift=+2.672sigma uMRED=0.0062594694 uER=0.201172 uMAE=3.5156 WCE=48 bias=0.3750
[quad_soft:08600] loss=0.025212 tau=5.37 collapse_w=0.325 mid_frac=0.062 hard=score=0.0104979766 wNMSE=0.00085639327 wMSE=55.1691 wMRED=0.08056069 wER=0.151248 wMAE=2.4106 wBias=0.3101 condBias=4.2233 dotDrift=+2.672sigma uMRED=0.0062594694 uER=0.201172 uMAE=3.5156 WCE=48 bias=0.3750
[quad_soft:08800] loss=0.024123 tau=5.46 collapse_w=0.350 mid_frac=0.062 hard=score=0.0104979766 wNMSE=0.00085639327 wMSE=55.1691 wMRED=0.08056069 wER=0.151248 wMAE=2.4106 wBias=0.3101 condBias=4.2233 dotDrift=+2.672sigma uMRED=0.0062594694 uER=0.201172 uMAE=3.5156 WCE=48 bias=0.3750
[quad_soft:09000] loss=0.023001 tau=5.55 collapse_w=0.375 mid_frac=0.062 hard=score=0.0104979766 wNMSE=0.00085639327 wMSE=55.1691 wMRED=0.08056069 wER=0.151248 wMAE=2.4106 wBias=0.3101 condBias=4.2233 dotDrift=+2.672sigma uMRED=0.0062594694 uER=0.201172 uMAE=3.5156 WCE=48 bias=0.3750
[quad_soft:09200] loss=0.021844 tau=5.64 collapse_w=0.400 mid_frac=0.062 hard=score=0.0104979766 wNMSE=0.00085639327 wMSE=55.1691 wMRED=0.08056069 wER=0.151248 wMAE=2.4106 wBias=0.3101 condBias=4.2233 dotDrift=+2.672sigma uMRED=0.0062594694 uER=0.201172 uMAE=3.5156 WCE=48 bias=0.3750
[quad_soft:09400] loss=0.020635 tau=5.73 collapse_w=0.425 mid_frac=0.062 hard=score=0.0104979766 wNMSE=0.00085639327 wMSE=55.1691 wMRED=0.08056069 wER=0.151248 wMAE=2.4106 wBias=0.3101 condBias=4.2233 dotDrift=+2.672sigma uMRED=0.0062594694 uER=0.201172 uMAE=3.5156 WCE=48 bias=0.3750
[quad_soft:09600] loss=0.019367 tau=5.82 collapse_w=0.450 mid_frac=0.062 hard=score=0.0104979766 wNMSE=0.00085639327 wMSE=55.1691 wMRED=0.08056069 wER=0.151248 wMAE=2.4106 wBias=0.3101 condBias=4.2233 dotDrift=+2.672sigma uMRED=0.0062594694 uER=0.201172 uMAE=3.5156 WCE=48 bias=0.3750
[quad_soft:09800] loss=0.018004 tau=5.91 collapse_w=0.475 mid_frac=0.062 hard=score=0.0104979766 wNMSE=0.00085639327 wMSE=55.1691 wMRED=0.08056069 wER=0.151248 wMAE=2.4106 wBias=0.3101 condBias=4.2233 dotDrift=+2.672sigma uMRED=0.0062594694 uER=0.201172 uMAE=3.5156 WCE=48 bias=0.3750
[quad_soft:09999] loss=0.016483 tau=6.00 collapse_w=0.500 mid_frac=0.062 hard=score=0.0104979766 wNMSE=0.00085639327 wMSE=55.1691 wMRED=0.08056069 wER=0.151248 wMAE=2.4106 wBias=0.3101 condBias=4.2233 dotDrift=+2.672sigma uMRED=0.0062594694 uER=0.201172 uMAE=3.5156 WCE=48 bias=0.3750
[quad_hard_ste:00000] loss=0.019582 tau=6.00 collapse_w=0.500 mid_frac=0.062 hard=score=0.0104979766 wNMSE=0.00085639327 wMSE=55.1691 wMRED=0.08056069 wER=0.151248 wMAE=2.4106 wBias=0.3101 condBias=4.2233 dotDrift=+2.672sigma uMRED=0.0062594694 uER=0.201172 uMAE=3.5156 WCE=48 bias=0.3750
[quad_hard_ste:00200] loss=0.020710 tau=6.00 collapse_w=0.500 mid_frac=0.062 hard=score=0.0104979766 wNMSE=0.00085639327 wMSE=55.1691 wMRED=0.08056069 wER=0.151248 wMAE=2.4106 wBias=0.3101 condBias=4.2233 dotDrift=+2.672sigma uMRED=0.0062594694 uER=0.201172 uMAE=3.5156 WCE=48 bias=0.3750
[quad_hard_ste:00300] loss=0.018561 tau=6.00 collapse_w=0.500 mid_frac=0.071 hard=score=0.0065334258 wNMSE=0.000834229 wMSE=53.7413 wMRED=0.08069352 wER=0.171779 wMAE=2.4166 wBias=-0.1856 condBias=4.1714 dotDrift=-1.621sigma uMRED=0.0063010340 uER=0.216797 uMAE=3.5312 WCE=48 bias=-0.1250 *BEST*
[quad_hard_ste:00400] loss=0.016666 tau=6.00 collapse_w=0.500 mid_frac=0.062 hard=score=0.0065334258 wNMSE=0.000834229 wMSE=53.7413 wMRED=0.08069352 wER=0.171779 wMAE=2.4166 wBias=-0.1856 condBias=4.1714 dotDrift=-1.621sigma uMRED=0.0063010340 uER=0.216797 uMAE=3.5312 WCE=48 bias=-0.1250
[quad_hard_ste:00600] loss=0.015287 tau=6.00 collapse_w=0.500 mid_frac=0.062 hard=score=0.0065334258 wNMSE=0.000834229 wMSE=53.7413 wMRED=0.08069352 wER=0.171779 wMAE=2.4166 wBias=-0.1856 condBias=4.1714 dotDrift=-1.621sigma uMRED=0.0063010340 uER=0.216797 uMAE=3.5312 WCE=48 bias=-0.1250
[quad_hard_ste:00800] loss=0.014719 tau=6.00 collapse_w=0.500 mid_frac=0.062 hard=score=0.0065334258 wNMSE=0.000834229 wMSE=53.7413 wMRED=0.08069352 wER=0.171779 wMAE=2.4166 wBias=-0.1856 condBias=4.1714 dotDrift=-1.621sigma uMRED=0.0063010340 uER=0.216797 uMAE=3.5312 WCE=48 bias=-0.1250
[quad_hard_ste:01000] loss=0.014388 tau=6.00 collapse_w=0.500 mid_frac=0.062 hard=score=0.0065334258 wNMSE=0.000834229 wMSE=53.7413 wMRED=0.08069352 wER=0.171779 wMAE=2.4166 wBias=-0.1856 condBias=4.1714 dotDrift=-1.621sigma uMRED=0.0063010340 uER=0.216797 uMAE=3.5312 WCE=48 bias=-0.1250
[quad_hard_ste:01200] loss=0.014161 tau=6.00 collapse_w=0.500 mid_frac=0.062 hard=score=0.0065334258 wNMSE=0.000834229 wMSE=53.7413 wMRED=0.08069352 wER=0.171779 wMAE=2.4166 wBias=-0.1856 condBias=4.1714 dotDrift=-1.621sigma uMRED=0.0063010340 uER=0.216797 uMAE=3.5312 WCE=48 bias=-0.1250
[quad_hard_ste:01400] loss=0.013993 tau=6.00 collapse_w=0.500 mid_frac=0.062 hard=score=0.0065334258 wNMSE=0.000834229 wMSE=53.7413 wMRED=0.08069352 wER=0.171779 wMAE=2.4166 wBias=-0.1856 condBias=4.1714 dotDrift=-1.621sigma uMRED=0.0063010340 uER=0.216797 uMAE=3.5312 WCE=48 bias=-0.1250
[quad_hard_ste:01600] loss=0.013860 tau=6.00 collapse_w=0.500 mid_frac=0.062 hard=score=0.0065334258 wNMSE=0.000834229 wMSE=53.7413 wMRED=0.08069352 wER=0.171779 wMAE=2.4166 wBias=-0.1856 condBias=4.1714 dotDrift=-1.621sigma uMRED=0.0063010340 uER=0.216797 uMAE=3.5312 WCE=48 bias=-0.1250
[quad_hard_ste:01800] loss=0.013752 tau=6.00 collapse_w=0.500 mid_frac=0.062 hard=score=0.0065334258 wNMSE=0.000834229 wMSE=53.7413 wMRED=0.08069352 wER=0.171779 wMAE=2.4166 wBias=-0.1856 condBias=4.1714 dotDrift=-1.621sigma uMRED=0.0063010340 uER=0.216797 uMAE=3.5312 WCE=48 bias=-0.1250
[quad_hard_ste:02000] loss=0.013661 tau=6.00 collapse_w=0.500 mid_frac=0.062 hard=score=0.0065334258 wNMSE=0.000834229 wMSE=53.7413 wMRED=0.08069352 wER=0.171779 wMAE=2.4166 wBias=-0.1856 condBias=4.1714 dotDrift=-1.621sigma uMRED=0.0063010340 uER=0.216797 uMAE=3.5312 WCE=48 bias=-0.1250
[quad_hard_ste:02200] loss=0.013582 tau=6.00 collapse_w=0.500 mid_frac=0.062 hard=score=0.0065334258 wNMSE=0.000834229 wMSE=53.7413 wMRED=0.08069352 wER=0.171779 wMAE=2.4166 wBias=-0.1856 condBias=4.1714 dotDrift=-1.621sigma uMRED=0.0063010340 uER=0.216797 uMAE=3.5312 WCE=48 bias=-0.1250
[quad_hard_ste:02400] loss=0.013512 tau=6.00 collapse_w=0.500 mid_frac=0.062 hard=score=0.0065334258 wNMSE=0.000834229 wMSE=53.7413 wMRED=0.08069352 wER=0.171779 wMAE=2.4166 wBias=-0.1856 condBias=4.1714 dotDrift=-1.621sigma uMRED=0.0063010340 uER=0.216797 uMAE=3.5312 WCE=48 bias=-0.1250
[quad_hard_ste:02600] loss=0.013450 tau=6.00 collapse_w=0.500 mid_frac=0.062 hard=score=0.0065334258 wNMSE=0.000834229 wMSE=53.7413 wMRED=0.08069352 wER=0.171779 wMAE=2.4166 wBias=-0.1856 condBias=4.1714 dotDrift=-1.621sigma uMRED=0.0063010340 uER=0.216797 uMAE=3.5312 WCE=48 bias=-0.1250
[quad_hard_ste:02800] loss=0.013394 tau=6.00 collapse_w=0.500 mid_frac=0.062 hard=score=0.0065334258 wNMSE=0.000834229 wMSE=53.7413 wMRED=0.08069352 wER=0.171779 wMAE=2.4166 wBias=-0.1856 condBias=4.1714 dotDrift=-1.621sigma uMRED=0.0063010340 uER=0.216797 uMAE=3.5312 WCE=48 bias=-0.1250
[quad_hard_ste:03000] loss=0.013343 tau=6.00 collapse_w=0.500 mid_frac=0.062 hard=score=0.0065334258 wNMSE=0.000834229 wMSE=53.7413 wMRED=0.08069352 wER=0.171779 wMAE=2.4166 wBias=-0.1856 condBias=4.1714 dotDrift=-1.621sigma uMRED=0.0063010340 uER=0.216797 uMAE=3.5312 WCE=48 bias=-0.1250
[quad_hard_ste:03200] loss=0.013295 tau=6.00 collapse_w=0.500 mid_frac=0.062 hard=score=0.0065334258 wNMSE=0.000834229 wMSE=53.7413 wMRED=0.08069352 wER=0.171779 wMAE=2.4166 wBias=-0.1856 condBias=4.1714 dotDrift=-1.621sigma uMRED=0.0063010340 uER=0.216797 uMAE=3.5312 WCE=48 bias=-0.1250
[quad_hard_ste:03400] loss=0.013251 tau=6.00 collapse_w=0.500 mid_frac=0.062 hard=score=0.0065334258 wNMSE=0.000834229 wMSE=53.7413 wMRED=0.08069352 wER=0.171779 wMAE=2.4166 wBias=-0.1856 condBias=4.1714 dotDrift=-1.621sigma uMRED=0.0063010340 uER=0.216797 uMAE=3.5312 WCE=48 bias=-0.1250
[quad_hard_ste:03600] loss=0.013210 tau=6.00 collapse_w=0.500 mid_frac=0.062 hard=score=0.0065334258 wNMSE=0.000834229 wMSE=53.7413 wMRED=0.08069352 wER=0.171779 wMAE=2.4166 wBias=-0.1856 condBias=4.1714 dotDrift=-1.621sigma uMRED=0.0063010340 uER=0.216797 uMAE=3.5312 WCE=48 bias=-0.1250
[quad_hard_ste:03800] loss=0.013171 tau=6.00 collapse_w=0.500 mid_frac=0.062 hard=score=0.0065334258 wNMSE=0.000834229 wMSE=53.7413 wMRED=0.08069352 wER=0.171779 wMAE=2.4166 wBias=-0.1856 condBias=4.1714 dotDrift=-1.621sigma uMRED=0.0063010340 uER=0.216797 uMAE=3.5312 WCE=48 bias=-0.1250
[quad_hard_ste:03999] loss=0.013136 tau=6.00 collapse_w=0.500 mid_frac=0.062 hard=score=0.0065334258 wNMSE=0.000834229 wMSE=53.7413 wMRED=0.08069352 wER=0.171779 wMAE=2.4166 wBias=-0.1856 condBias=4.1714 dotDrift=-1.621sigma uMRED=0.0063010340 uER=0.216797 uMAE=3.5312 WCE=48 bias=-0.1250
[pop00_soft:00000] loss=2.691149 tau=1.50 collapse_w=0.000 mid_frac=0.348 hard=score=48.2273702577 wNMSE=0.19551759 wMSE=12595.3017 wMRED=2.79772569 wER=0.424683 wMAE=52.7169 wBias=27.4158 condBias=73.6160 dotDrift=+15.634sigma uMRED=0.1132743030 uER=0.431641 uMAE=52.7617 WCE=496 bias=15.0000
[pop00_soft:00200] loss=1.068242 tau=2.25 collapse_w=0.000 mid_frac=0.304 hard=score=20.0044851832 wNMSE=0.032413434 wMSE=2088.0831 wMRED=1.04396844 wER=0.361996 wMAE=19.6086 wBias=-17.7020 condBias=28.7005 dotDrift=-24.793sigma uMRED=0.0633867726 uER=0.406250 uMAE=38.5000 WCE=476 bias=-31.7500
[pop00_soft:00400] loss=0.249044 tau=3.00 collapse_w=0.000 mid_frac=0.277 hard=score=0.3570580047 wNMSE=0.013729366 wMSE=884.4498 wMRED=0.56441471 wER=0.358570 wMAE=13.9073 wBias=2.2459 condBias=16.3634 dotDrift=+4.833sigma uMRED=0.0421145768 uER=0.406250 uMAE=26.2422 WCE=204 bias=-8.5000
[pop00_soft:00600] loss=0.083466 tau=3.75 collapse_w=0.000 mid_frac=0.268 hard=score=0.2438970798 wNMSE=0.012116436 wMSE=780.5444 wMRED=0.57439986 wER=0.319457 wMAE=13.1454 wBias=1.8156 condBias=15.6331 dotDrift=+4.159sigma uMRED=0.0381721267 uER=0.375977 uMAE=23.3594 WCE=192 bias=-11.3750
[pop00_soft:00800] loss=0.055418 tau=4.50 collapse_w=0.084 mid_frac=0.259 hard=score=0.5335793346 wNMSE=0.0087458522 wMSE=563.4104 wMRED=0.42918751 wER=0.246494 wMAE=9.1932 wBias=2.8292 condBias=12.7051 dotDrift=+7.628sigma uMRED=0.0267358698 uER=0.317383 uMAE=15.8594 WCE=144 bias=-7.1250
[pop00_soft:01000] loss=0.046312 tau=5.25 collapse_w=0.293 mid_frac=0.205 hard=score=0.4784725509 wNMSE=0.0088164546 wMSE=567.9586 wMRED=0.43224167 wER=0.246494 wMAE=9.3444 wBias=2.6715 condBias=12.7996 dotDrift=+7.174sigma uMRED=0.0270485131 uER=0.317383 uMAE=16.0156 WCE=144 bias=-7.3750
[pop00_soft:01199] loss=0.035960 tau=6.00 collapse_w=0.500 mid_frac=0.196 hard=score=0.4784725509 wNMSE=0.0088164546 wMSE=567.9586 wMRED=0.43224167 wER=0.246494 wMAE=9.3444 wBias=2.6715 condBias=12.7996 dotDrift=+7.174sigma uMRED=0.0270485131 uER=0.317383 uMAE=16.0156 WCE=144 bias=-7.3750
[pop00_hard:00000] loss=0.519391 tau=6.00 collapse_w=0.500 mid_frac=0.196 hard=score=0.4784725509 wNMSE=0.0088164546 wMSE=567.9586 wMRED=0.43224167 wER=0.246494 wMAE=9.3444 wBias=2.6715 condBias=12.7996 dotDrift=+7.174sigma uMRED=0.0270485131 uER=0.317383 uMAE=16.0156 WCE=144 bias=-7.3750
[pop00_hard:00200] loss=0.520787 tau=6.00 collapse_w=0.500 mid_frac=0.214 hard=score=0.4784725509 wNMSE=0.0088164546 wMSE=567.9586 wMRED=0.43224167 wER=0.246494 wMAE=9.3444 wBias=2.6715 condBias=12.7996 dotDrift=+7.174sigma uMRED=0.0270485131 uER=0.317383 uMAE=16.0156 WCE=144 bias=-7.3750
[pop00_hard:00400] loss=0.059503 tau=6.00 collapse_w=0.500 mid_frac=0.223 hard=score=0.0271216454 wNMSE=0.0052693584 wMSE=339.4536 wMRED=0.23522671 wER=0.246494 wMAE=6.2857 wBias=-0.3873 condBias=9.7433 dotDrift=-1.345sigma uMRED=0.0224775259 uER=0.317383 uMAE=15.0156 WCE=144 bias=-8.3750
[pop00_hard:00599] loss=0.054994 tau=6.00 collapse_w=0.500 mid_frac=0.214 hard=score=0.0271216454 wNMSE=0.0052693584 wMSE=339.4536 wMRED=0.23522671 wER=0.246494 wMAE=6.2857 wBias=-0.3873 condBias=9.7433 dotDrift=-1.345sigma uMRED=0.0224775259 uER=0.317383 uMAE=15.0156 WCE=144 bias=-8.3750
[pop00] done (conf=0.53, noise=0.5); global best score=0.0065334258 wNMSE=0.000834229 wMSE=53.7413 wMRED=0.08069352 wER=0.171779 wMAE=2.4166 wBias=-0.1856 condBias=4.1714 dotDrift=-1.621sigma uMRED=0.0063010340 uER=0.216797 uMAE=3.5312 WCE=48 bias=-0.1250
[pop01_soft:00000] loss=6.480777 tau=1.50 collapse_w=0.000 mid_frac=0.393 hard=score=984.4886856809 wNMSE=1.8530796 wMSE=119375.9383 wMRED=8.14186307 wER=0.437169 wMAE=143.5732 wBias=124.2130 condBias=238.2639 dotDrift=+23.009sigma uMRED=0.2649594827 uER=0.437500 uMAE=101.2090 WCE=1047 bias=93.6250
[pop01_soft:00200] loss=6.647171 tau=2.25 collapse_w=0.000 mid_frac=0.420 hard=score=1.4363244001 wNMSE=0.49747649 wMSE=32047.5840 wMRED=4.41306290 wER=0.437169 wMAE=51.1000 wBias=-3.0055 condBias=52.5755 dotDrift=-1.074sigma uMRED=0.1531018102 uER=0.437500 uMAE=70.3477 WCE=3876 bias=-48.1250
[pop01_soft:00400] loss=0.819664 tau=3.00 collapse_w=0.000 mid_frac=0.455 hard=score=12.9490143330 wNMSE=0.057820356 wMSE=3724.8046 wMRED=1.39225480 wER=0.433367 wMAE=26.8351 wBias=-14.1994 condBias=31.2757 dotDrift=-14.890sigma uMRED=0.0830372305 uER=0.425781 uMAE=48.9688 WCE=560 bias=-25.3750
[pop01_soft:00600] loss=0.256629 tau=3.75 collapse_w=0.000 mid_frac=0.420 hard=score=0.8267664202 wNMSE=0.013747844 wMSE=885.6402 wMRED=0.44680396 wER=0.365215 wMAE=11.8780 wBias=3.5207 condBias=15.5115 dotDrift=+7.571sigma uMRED=0.0481861239 uER=0.399414 uMAE=32.0391 WCE=272 bias=16.1250
[pop01_soft:00800] loss=0.126215 tau=4.50 collapse_w=0.084 mid_frac=0.420 hard=score=1.8672500536 wNMSE=0.013578422 wMSE=874.7260 wMRED=0.43440781 wER=0.363403 wMAE=11.4283 wBias=5.3633 condBias=15.7481 dotDrift=+11.606sigma uMRED=0.0471912344 uER=0.384766 uMAE=31.3828 WCE=272 bias=18.6250
[pop01_soft:01000] loss=0.092447 tau=5.25 collapse_w=0.293 mid_frac=0.357 hard=score=2.3128136762 wNMSE=0.014985903 wMSE=965.3963 wMRED=0.45451665 wER=0.365215 wMAE=12.2564 wBias=5.9750 condBias=16.9543 dotDrift=+12.307sigma uMRED=0.0501530145 uER=0.399414 uMAE=33.3828 WCE=304 bias=18.6250
[pop01_soft:01199] loss=0.055054 tau=6.00 collapse_w=0.500 mid_frac=0.339 hard=score=1.7946784001 wNMSE=0.013763907 wMSE=886.6750 wMRED=0.43538815 wER=0.365215 wMAE=11.5365 wBias=5.2551 condBias=16.0303 dotDrift=+11.295sigma uMRED=0.0483451373 uER=0.399414 uMAE=32.3828 WCE=272 bias=17.6250
[pop01_hard:00000] loss=1.837936 tau=6.00 collapse_w=0.500 mid_frac=0.339 hard=score=1.7946784001 wNMSE=0.013763907 wMSE=886.6750 wMRED=0.43538815 wER=0.365215 wMAE=11.5365 wBias=5.2551 condBias=16.0303 dotDrift=+11.295sigma uMRED=0.0483451373 uER=0.399414 uMAE=32.3828 WCE=272 bias=17.6250
[pop01_hard:00200] loss=0.662919 tau=6.00 collapse_w=0.500 mid_frac=0.348 hard=score=0.6270049775 wNMSE=0.019578114 wMSE=1261.2280 wMRED=0.44145015 wER=0.365215 wMAE=12.2680 wBias=2.9853 condBias=18.3279 dotDrift=+5.380sigma uMRED=0.0625568184 uER=0.399414 uMAE=44.7109 WCE=480 bias=-14.3750
[pop01_hard:00400] loss=0.349449 tau=6.00 collapse_w=0.500 mid_frac=0.402 hard=score=0.3039531306 wNMSE=0.020461854 wMSE=1318.1587 wMRED=0.45412014 wER=0.380080 wMAE=12.5580 wBias=1.9428 condBias=19.7613 dotDrift=+3.425sigma uMRED=0.0616607372 uER=0.405273 uMAE=43.3594 WCE=496 bias=-23.0000
[pop01_hard:00599] loss=1.402686 tau=6.00 collapse_w=0.500 mid_frac=0.375 hard=score=1.3608903949 wNMSE=0.04195652 wMSE=2702.8515 wMRED=0.49955242 wER=0.380080 wMAE=15.2035 wBias=-4.4520 condBias=26.6098 dotDrift=-5.481sigma uMRED=0.0689039917 uER=0.405273 uMAE=47.0156 WCE=496 bias=-35.0000
[pop01] done (conf=0.51, noise=1.0); global best score=0.0065334258 wNMSE=0.000834229 wMSE=53.7413 wMRED=0.08069352 wER=0.171779 wMAE=2.4166 wBias=-0.1856 condBias=4.1714 dotDrift=-1.621sigma uMRED=0.0063010340 uER=0.216797 uMAE=3.5312 WCE=48 bias=-0.1250
[pop02_soft:00000] loss=4.177449 tau=1.50 collapse_w=0.000 mid_frac=0.348 hard=score=13.0910539320 wNMSE=0.93335239 wMSE=60126.8391 wMRED=8.79005716 wER=0.437169 wMAE=142.3261 wBias=13.4042 condBias=146.8864 dotDrift=+3.499sigma uMRED=0.2626922795 uER=0.437500 uMAE=96.8105 WCE=676 bias=36.5000
[pop02_soft:00200] loss=1.620133 tau=2.25 collapse_w=0.000 mid_frac=0.295 hard=score=233.6877468985 wNMSE=0.67586247 wMSE=43539.2619 wMRED=6.26708232 wER=0.394012 wMAE=92.1993 wBias=-60.4657 condBias=120.0652 dotDrift=-18.546sigma uMRED=0.2012371047 uER=0.422852 uMAE=78.7676 WCE=792 bias=-55.9375
[pop02_soft:00400] loss=0.634164 tau=3.00 collapse_w=0.000 mid_frac=0.295 hard=score=0.1256997608 wNMSE=0.016710299 wMSE=1076.4824 wMRED=0.42439889 wER=0.311533 wMAE=12.2783 wBias=1.1177 condBias=16.7100 dotDrift=+2.180sigma uMRED=0.0547106973 uER=0.391602 uMAE=38.3828 WCE=332 bias=-9.8750
[pop02_soft:00600] loss=0.154311 tau=3.75 collapse_w=0.000 mid_frac=0.259 hard=score=0.4801414682 wNMSE=0.02514198 wMSE=1619.6539 wMRED=0.66979501 wER=0.345735 wMAE=16.6258 wBias=-2.5299 condBias=22.2923 dotDrift=-4.023sigma uMRED=0.0694914934 uER=0.407227 uMAE=46.3516 WCE=408 bias=-40.8750
[pop02_soft:00800] loss=0.069223 tau=4.50 collapse_w=0.084 mid_frac=0.250 hard=score=0.1492802617 wNMSE=0.021771664 wMSE=1402.5371 wMRED=0.72318634 wER=0.354635 wMAE=16.5764 wBias=1.1979 condBias=19.3075 dotDrift=+2.047sigma uMRED=0.0594646726 uER=0.404297 uMAE=38.5078 WCE=328 bias=-17.1250
[pop02_soft:01000] loss=0.054667 tau=5.25 collapse_w=0.293 mid_frac=0.188 hard=score=0.0681659360 wNMSE=0.023197464 wMSE=1494.3876 wMRED=0.62874051 wER=0.289937 wMAE=15.8189 wBias=-0.2031 condBias=20.0502 dotDrift=-0.336sigma uMRED=0.0672392468 uER=0.394531 uMAE=46.5156 WCE=404 bias=-26.6250
[pop02_soft:01199] loss=0.043689 tau=6.00 collapse_w=0.500 mid_frac=0.161 hard=score=0.0681659360 wNMSE=0.023197464 wMSE=1494.3876 wMRED=0.62874051 wER=0.289937 wMAE=15.8189 wBias=-0.2031 condBias=20.0502 dotDrift=-0.336sigma uMRED=0.0672392468 uER=0.394531 uMAE=46.5156 WCE=404 bias=-26.6250
[pop02_hard:00000] loss=0.109221 tau=6.00 collapse_w=0.500 mid_frac=0.161 hard=score=0.0681659360 wNMSE=0.023197464 wMSE=1494.3876 wMRED=0.62874051 wER=0.289937 wMAE=15.8189 wBias=-0.2031 condBias=20.0502 dotDrift=-0.336sigma uMRED=0.0672392468 uER=0.394531 uMAE=46.5156 WCE=404 bias=-26.6250
[pop02_hard:00200] loss=0.107745 tau=6.00 collapse_w=0.500 mid_frac=0.152 hard=score=0.0744722621 wNMSE=0.022726262 wMSE=1464.0326 wMRED=0.59049334 wER=0.275793 wMAE=15.2140 wBias=0.4018 condBias=19.8133 dotDrift=+0.672sigma uMRED=0.0659688899 uER=0.391602 uMAE=46.0156 WCE=404 bias=-26.1250
[pop02_hard:00400] loss=0.105646 tau=6.00 collapse_w=0.500 mid_frac=0.152 hard=score=0.0744722621 wNMSE=0.022726262 wMSE=1464.0326 wMRED=0.59049334 wER=0.275793 wMAE=15.2140 wBias=0.4018 condBias=19.8133 dotDrift=+0.672sigma uMRED=0.0659688899 uER=0.391602 uMAE=46.0156 WCE=404 bias=-26.1250
[pop02_hard:00599] loss=0.104003 tau=6.00 collapse_w=0.500 mid_frac=0.161 hard=score=0.1464501016 wNMSE=0.023746973 wMSE=1529.7871 wMRED=0.59326258 wER=0.275793 wMAE=15.3424 wBias=-1.1004 condBias=21.8766 dotDrift=-1.801sigma uMRED=0.0688359934 uER=0.391602 uMAE=47.1875 WCE=404 bias=-42.1250
[pop02] done (conf=0.53, noise=0.5); global best score=0.0065334258 wNMSE=0.000834229 wMSE=53.7413 wMRED=0.08069352 wER=0.171779 wMAE=2.4166 wBias=-0.1856 condBias=4.1714 dotDrift=-1.621sigma uMRED=0.0063010340 uER=0.216797 uMAE=3.5312 WCE=48 bias=-0.1250
[pop03_soft:00000] loss=2.730425 tau=1.50 collapse_w=0.000 mid_frac=0.500 hard=score=86.4938738883 wNMSE=0.8974754 wMSE=57815.6328 wMRED=10.62022265 wER=0.437169 wMAE=70.9994 wBias=36.5900 condBias=82.3627 dotDrift=+9.739sigma uMRED=0.2440710880 uER=0.437500 uMAE=82.4092 WCE=3946 bias=49.9375
[pop03_soft:00200] loss=1.073317 tau=2.25 collapse_w=0.000 mid_frac=0.429 hard=score=15.5825224119 wNMSE=0.16735356 wMSE=10780.9659 wMRED=3.44228836 wER=0.410619 wMAE=55.8631 wBias=-15.4796 condBias=59.6068 dotDrift=-9.541sigma uMRED=0.1215231864 uER=0.419922 uMAE=55.4062 WCE=468 bias=-9.0000
[pop03_soft:00400] loss=0.561875 tau=3.00 collapse_w=0.000 mid_frac=0.420 hard=score=1.5853254324 wNMSE=0.06192408 wMSE=3989.1677 wMRED=1.69232659 wER=0.408377 wMAE=34.2753 wBias=4.8274 condBias=27.0617 dotDrift=+4.892sigma uMRED=0.0788884408 uER=0.425781 uMAE=42.5781 WCE=296 bias=12.8750
[pop03_soft:00600] loss=0.339019 tau=3.75 collapse_w=0.000 mid_frac=0.420 hard=score=3.8644044037 wNMSE=0.071402851 wMSE=4599.7930 wMRED=1.72201516 wER=0.408613 wMAE=35.6205 wBias=7.6604 condBias=30.7128 dotDrift=+7.229sigma uMRED=0.0907387832 uER=0.428711 uMAE=50.8516 WCE=512 bias=34.5000
[pop03_soft:00800] loss=0.246095 tau=4.50 collapse_w=0.084 mid_frac=0.393 hard=score=7.8170705752 wNMSE=0.067264905 wMSE=4333.2252 wMRED=1.76812283 wER=0.408377 wMAE=36.9531 wBias=11.0149 condBias=23.4017 dotDrift=+10.709sigma uMRED=0.0736828452 uER=0.425781 uMAE=36.4062 WCE=256 bias=3.8750
[pop03_soft:01000] loss=0.190734 tau=5.25 collapse_w=0.293 mid_frac=0.357 hard=score=7.5803001796 wNMSE=0.065315618 wMSE=4207.6516 wMRED=1.76868903 wER=0.408114 wMAE=36.7638 wBias=10.8472 condBias=22.3553 dotDrift=+10.702sigma uMRED=0.0685107435 uER=0.423828 uMAE=32.3438 WCE=256 bias=7.3750
[pop03_soft:01199] loss=0.140152 tau=6.00 collapse_w=0.500 mid_frac=0.348 hard=score=8.4395190054 wNMSE=0.065587572 wMSE=4225.1709 wMRED=1.76346929 wER=0.408114 wMAE=36.5160 wBias=11.4520 condBias=23.0247 dotDrift=+11.276sigma uMRED=0.0685113865 uER=0.423828 uMAE=32.4062 WCE=256 bias=7.8750
[pop03_hard:00000] loss=8.548563 tau=6.00 collapse_w=0.500 mid_frac=0.348 hard=score=8.4395190054 wNMSE=0.065587572 wMSE=4225.1709 wMRED=1.76346929 wER=0.408114 wMAE=36.5160 wBias=11.4520 condBias=23.0247 dotDrift=+11.276sigma uMRED=0.0685113865 uER=0.423828 uMAE=32.4062 WCE=256 bias=7.8750
[pop03_hard:00200] loss=6.674304 tau=6.00 collapse_w=0.500 mid_frac=0.357 hard=score=6.5714727442 wNMSE=0.068050448 wMSE=4383.8301 wMRED=1.77081962 wER=0.408114 wMAE=37.1079 wBias=10.0795 condBias=22.5664 dotDrift=+9.743sigma uMRED=0.0754774768 uER=0.423828 uMAE=39.5000 WCE=420 bias=-8.6250
[pop03_hard:00400] loss=1.001376 tau=6.00 collapse_w=0.500 mid_frac=0.384 hard=score=0.8970541785 wNMSE=0.05941582 wMSE=3827.5848 wMRED=1.68606479 wER=0.406288 wMAE=33.4171 wBias=3.5261 condBias=25.7859 dotDrift=+3.648sigma uMRED=0.0715535379 uER=0.421875 uMAE=37.6719 WCE=420 bias=-11.3750
[pop03_hard:00599] loss=9.321526 tau=6.00 collapse_w=0.500 mid_frac=0.384 hard=score=9.2498291415 wNMSE=0.036082798 wMSE=2324.4646 wMRED=1.06024778 wER=0.375352 wMAE=21.5075 wBias=-12.0075 condBias=25.4003 dotDrift=-15.939sigma uMRED=0.0632400860 uER=0.418945 uMAE=38.6875 WCE=420 bias=-19.8750
[pop03] done (conf=0.51, noise=1.0); global best score=0.0065334258 wNMSE=0.000834229 wMSE=53.7413 wMRED=0.08069352 wER=0.171779 wMAE=2.4166 wBias=-0.1856 condBias=4.1714 dotDrift=-1.621sigma uMRED=0.0063010340 uER=0.216797 uMAE=3.5312 WCE=48 bias=-0.1250
[pop04_soft:00000] loss=4.421012 tau=1.50 collapse_w=0.000 mid_frac=0.321 hard=score=81.8193553800 wNMSE=1.89269 wMSE=121927.6516 wMRED=11.34873783 wER=0.436039 wMAE=171.8849 wBias=35.1930 condBias=183.5736 dotDrift=+6.450sigma uMRED=0.2734935648 uER=0.431641 uMAE=70.0898 WCE=897 bias=24.2500
[pop04_soft:00200] loss=1.866164 tau=2.25 collapse_w=0.000 mid_frac=0.339 hard=score=160.9324795005 wNMSE=0.95139344 wMSE=61289.0487 wMRED=7.68595091 wER=0.405464 wMAE=120.0142 wBias=-50.0578 condBias=132.7312 dotDrift=-12.941sigma uMRED=0.2503294754 uER=0.402344 uMAE=94.1719 WCE=824 bias=-74.5000
[pop04_soft:00400] loss=1.102057 tau=3.00 collapse_w=0.000 mid_frac=0.321 hard=score=2.7739015807 wNMSE=0.1369797 wMSE=8824.2734 wMRED=2.99923665 wER=0.370480 wMAE=48.7527 wBias=6.3023 condBias=49.4060 dotDrift=+4.294sigma uMRED=0.1024857591 uER=0.362305 uMAE=42.7422 WCE=292 bias=-12.8750
[pop04_soft:00600] loss=0.476023 tau=3.75 collapse_w=0.000 mid_frac=0.286 hard=score=19.5124919247 wNMSE=0.12535773 wMSE=8075.5823 wMRED=2.56148881 wER=0.400451 wMAE=45.6576 wBias=17.4251 condBias=42.0909 dotDrift=+12.410sigma uMRED=0.1053431626 uER=0.408203 uMAE=51.5938 WCE=356 bias=-20.3750
[pop04_soft:00800] loss=0.210984 tau=4.50 collapse_w=0.084 mid_frac=0.250 hard=score=8.0899877163 wNMSE=0.032682869 wMSE=2105.4401 wMRED=1.08362488 wER=0.358919 wMAE=22.2603 wBias=-11.2217 condBias=31.9102 dotDrift=-15.652sigma uMRED=0.0643960024 uER=0.375000 uMAE=35.8672 WCE=292 bias=-16.1250
[pop04_soft:01000] loss=0.154019 tau=5.25 collapse_w=0.293 mid_frac=0.214 hard=score=8.0899877163 wNMSE=0.032682869 wMSE=2105.4401 wMRED=1.08362488 wER=0.358919 wMAE=22.2603 wBias=-11.2217 condBias=31.9102 dotDrift=-15.652sigma uMRED=0.0643960024 uER=0.375000 uMAE=35.8672 WCE=292 bias=-16.1250
[pop04_soft:01199] loss=0.108642 tau=6.00 collapse_w=0.500 mid_frac=0.188 hard=score=8.0899877163 wNMSE=0.032682869 wMSE=2105.4401 wMRED=1.08362488 wER=0.358919 wMAE=22.2603 wBias=-11.2217 condBias=31.9102 dotDrift=-15.652sigma uMRED=0.0643960024 uER=0.375000 uMAE=35.8672 WCE=292 bias=-16.1250
[pop04_hard:00000] loss=8.157668 tau=6.00 collapse_w=0.500 mid_frac=0.188 hard=score=8.0899877163 wNMSE=0.032682869 wMSE=2105.4401 wMRED=1.08362488 wER=0.358919 wMAE=22.2603 wBias=-11.2217 condBias=31.9102 dotDrift=-15.652sigma uMRED=0.0643960024 uER=0.375000 uMAE=35.8672 WCE=292 bias=-16.1250
[pop04_hard:00200] loss=8.153183 tau=6.00 collapse_w=0.500 mid_frac=0.179 hard=score=8.0899877163 wNMSE=0.032682869 wMSE=2105.4401 wMRED=1.08362488 wER=0.358919 wMAE=22.2603 wBias=-11.2217 condBias=31.9102 dotDrift=-15.652sigma uMRED=0.0643960024 uER=0.375000 uMAE=35.8672 WCE=292 bias=-16.1250
[pop04_hard:00400] loss=5.183369 tau=6.00 collapse_w=0.500 mid_frac=0.161 hard=score=5.1215627997 wNMSE=0.03057378 wMSE=1969.5720 wMRED=1.07087608 wER=0.358746 wMAE=21.8389 wBias=-8.9036 condBias=31.6768 dotDrift=-12.840sigma uMRED=0.0560916414 uER=0.371094 uMAE=29.8984 WCE=292 bias=-4.1250
[pop04_hard:00599] loss=27.140923 tau=6.00 collapse_w=0.500 mid_frac=0.152 hard=score=27.0033458775 wNMSE=0.12110469 wMSE=7801.6002 wMRED=2.54443557 wER=0.382648 wMAE=44.6203 wBias=20.5343 condBias=40.4448 dotDrift=+14.879sigma uMRED=0.0853748955 uER=0.375000 uMAE=35.3047 WCE=292 bias=3.8750
[pop04] done (conf=0.53, noise=0.5); global best score=0.0065334258 wNMSE=0.000834229 wMSE=53.7413 wMRED=0.08069352 wER=0.171779 wMAE=2.4166 wBias=-0.1856 condBias=4.1714 dotDrift=-1.621sigma uMRED=0.0063010340 uER=0.216797 uMAE=3.5312 WCE=48 bias=-0.1250
[pop05_soft:00000] loss=2.802527 tau=1.50 collapse_w=0.000 mid_frac=0.429 hard=score=89.2546434364 wNMSE=0.68963681 wMSE=44426.6090 wMRED=6.54786811 wER=0.436917 wMAE=101.5734 wBias=-37.2112 condBias=116.1752 dotDrift=-11.299sigma uMRED=0.2338198898 uER=0.436523 uMAE=101.5723 WCE=866 bias=18.4375
[pop05_soft:00200] loss=1.577087 tau=2.25 collapse_w=0.000 mid_frac=0.429 hard=score=139.3201169138 wNMSE=0.65821061 wMSE=42402.1235 wMRED=6.45527013 wER=0.436917 wMAE=98.4677 wBias=-46.6130 condBias=115.9370 dotDrift=-14.487sigma uMRED=0.2040409101 uER=0.436523 uMAE=78.0723 WCE=712 bias=-8.5625
[pop05_soft:00400] loss=0.651142 tau=3.00 collapse_w=0.000 mid_frac=0.393 hard=score=1.3029276983 wNMSE=0.042696233 wMSE=2750.5041 wMRED=0.74887955 wER=0.326511 wMAE=19.9851 wBias=4.3366 condBias=30.6868 dotDrift=+5.292sigma uMRED=0.0772635416 uER=0.415039 uMAE=51.0469 WCE=528 bias=21.7500
[pop05_soft:00600] loss=0.282150 tau=3.75 collapse_w=0.000 mid_frac=0.339 hard=score=7.9997627730 wNMSE=0.02871338 wMSE=1849.7245 wMRED=0.72007353 wER=0.325933 wMAE=18.2111 wBias=11.1636 condBias=21.3824 dotDrift=+16.612sigma uMRED=0.0637641124 uER=0.406250 uMAE=41.8672 WCE=528 bias=34.7500
[pop05_soft:00800] loss=0.084992 tau=4.50 collapse_w=0.084 mid_frac=0.330 hard=score=3.9834453992 wNMSE=0.022183654 wMSE=1429.0776 wMRED=0.62346380 wER=0.282096 wMAE=15.6803 wBias=7.8664 condBias=17.5455 dotDrift=+13.318sigma uMRED=0.0467719439 uER=0.375977 uMAE=29.9531 WCE=276 bias=-3.6250
[pop05_soft:01000] loss=0.058056 tau=5.25 collapse_w=0.293 mid_frac=0.295 hard=score=0.1909576447 wNMSE=0.014735001 wMSE=949.2331 wMRED=0.20298556 wER=0.209239 wMAE=8.5541 wBias=1.5550 condBias=11.4782 dotDrift=+3.230sigma uMRED=0.0374953627 uER=0.352539 uMAE=28.1094 WCE=276 bias=-1.6250
[pop05_soft:01199] loss=0.045683 tau=6.00 collapse_w=0.500 mid_frac=0.277 hard=score=0.1909576447 wNMSE=0.014735001 wMSE=949.2331 wMRED=0.20298556 wER=0.209239 wMAE=8.5541 wBias=1.5550 condBias=11.4782 dotDrift=+3.230sigma uMRED=0.0374953627 uER=0.352539 uMAE=28.1094 WCE=276 bias=-1.6250
[pop05_hard:00000] loss=0.216587 tau=6.00 collapse_w=0.500 mid_frac=0.268 hard=score=0.1909576447 wNMSE=0.014735001 wMSE=949.2331 wMRED=0.20298556 wER=0.209239 wMAE=8.5541 wBias=1.5550 condBias=11.4782 dotDrift=+3.230sigma uMRED=0.0374953627 uER=0.352539 uMAE=28.1094 WCE=276 bias=-1.6250
[pop05_hard:00200] loss=0.217037 tau=6.00 collapse_w=0.500 mid_frac=0.286 hard=score=0.1843176329 wNMSE=0.015865366 wMSE=1022.0516 wMRED=0.35954341 wER=0.258352 wMAE=10.8266 wBias=-1.5038 condBias=11.6578 dotDrift=-3.010sigma uMRED=0.0404889530 uER=0.366211 uMAE=28.6484 WCE=276 bias=-2.6250
[pop05_hard:00400] loss=0.217447 tau=6.00 collapse_w=0.500 mid_frac=0.286 hard=score=0.1843176329 wNMSE=0.015865366 wMSE=1022.0516 wMRED=0.35954341 wER=0.258352 wMAE=10.8266 wBias=-1.5038 condBias=11.6578 dotDrift=-3.010sigma uMRED=0.0404889530 uER=0.366211 uMAE=28.6484 WCE=276 bias=-2.6250
[pop05_hard:00599] loss=0.216579 tau=6.00 collapse_w=0.500 mid_frac=0.277 hard=score=0.1843176329 wNMSE=0.015865366 wMSE=1022.0516 wMRED=0.35954341 wER=0.258352 wMAE=10.8266 wBias=-1.5038 condBias=11.6578 dotDrift=-3.010sigma uMRED=0.0404889530 uER=0.366211 uMAE=28.6484 WCE=276 bias=-2.6250
[pop05] done (conf=0.51, noise=1.0); global best score=0.0065334258 wNMSE=0.000834229 wMSE=53.7413 wMRED=0.08069352 wER=0.171779 wMAE=2.4166 wBias=-0.1856 condBias=4.1714 dotDrift=-1.621sigma uMRED=0.0063010340 uER=0.216797 uMAE=3.5312 WCE=48 bias=-0.1250
[pop06_soft:00000] loss=3.501014 tau=1.50 collapse_w=0.000 mid_frac=0.312 hard=score=126.5520595879 wNMSE=0.20324309 wMSE=13092.9803 wMRED=2.03003353 wER=0.413394 wMAE=48.0018 wBias=44.5479 condBias=73.9901 dotDrift=+24.917sigma uMRED=0.1233530015 uER=0.431641 uMAE=67.9609 WCE=608 bias=26.7500
[pop06_soft:00200] loss=1.017330 tau=2.25 collapse_w=0.000 mid_frac=0.304 hard=score=15.7395703155 wNMSE=0.098589083 wMSE=6351.1381 wMRED=2.58166697 wER=0.412107 wMAE=40.6305 wBias=-15.6255 condBias=43.7671 dotDrift=-12.548sigma uMRED=0.1025318821 uER=0.425781 uMAE=51.7734 WCE=436 bias=-29.1250
[pop06_soft:00400] loss=0.342781 tau=3.00 collapse_w=0.000 mid_frac=0.312 hard=score=1.1801622706 wNMSE=0.018664007 wMSE=1202.3409 wMRED=0.65912388 wER=0.328968 wMAE=15.0673 wBias=4.2120 condBias=18.5498 dotDrift=+7.774sigma uMRED=0.0599610336 uER=0.400391 uMAE=41.0938 WCE=340 bias=-17.2500
[pop06_soft:00600] loss=0.093495 tau=3.75 collapse_w=0.000 mid_frac=0.295 hard=score=3.2870745363 wNMSE=0.01597544 wMSE=1029.1426 wMRED=0.62116404 wER=0.322006 wMAE=14.4396 wBias=7.1463 condBias=17.2482 dotDrift=+14.257sigma uMRED=0.0462861988 uER=0.395508 uMAE=29.2422 WCE=228 bias=1.2500
[pop06_soft:00800] loss=0.055308 tau=4.50 collapse_w=0.084 mid_frac=0.196 hard=score=0.6310133277 wNMSE=0.0063603736 wMSE=409.7372 wMRED=0.19318692 wER=0.252152 wMAE=6.3968 wBias=3.0913 condBias=11.2339 dotDrift=+9.774sigma uMRED=0.0295604596 uER=0.354492 uMAE=20.2500 WCE=204 bias=1.3750
[pop06_soft:01000] loss=0.044477 tau=5.25 collapse_w=0.293 mid_frac=0.152 hard=score=0.2957354796 wNMSE=0.0058631155 wMSE=377.7037 wMRED=0.14956691 wER=0.222200 wMAE=5.4251 wBias=2.0734 condBias=10.8960 dotDrift=+6.828sigma uMRED=0.0281559528 uER=0.340820 uMAE=19.8125 WCE=204 bias=0.3750
[pop06_soft:01199] loss=0.034057 tau=6.00 collapse_w=0.500 mid_frac=0.152 hard=score=0.2957354796 wNMSE=0.0058631155 wMSE=377.7037 wMRED=0.14956691 wER=0.222200 wMAE=5.4251 wBias=2.0734 condBias=10.8960 dotDrift=+6.828sigma uMRED=0.0281559528 uER=0.340820 uMAE=19.8125 WCE=204 bias=0.3750
[pop06_hard:00000] loss=0.316512 tau=6.00 collapse_w=0.500 mid_frac=0.152 hard=score=0.2957354796 wNMSE=0.0058631155 wMSE=377.7037 wMRED=0.14956691 wER=0.222200 wMAE=5.4251 wBias=2.0734 condBias=10.8960 dotDrift=+6.828sigma uMRED=0.0281559528 uER=0.340820 uMAE=19.8125 WCE=204 bias=0.3750
[pop06_hard:00200] loss=0.317881 tau=6.00 collapse_w=0.500 mid_frac=0.161 hard=score=0.2957354796 wNMSE=0.0058631155 wMSE=377.7037 wMRED=0.14956691 wER=0.222200 wMAE=5.4251 wBias=2.0734 condBias=10.8960 dotDrift=+6.828sigma uMRED=0.0281559528 uER=0.340820 uMAE=19.8125 WCE=204 bias=0.3750
[pop06_hard:00400] loss=0.284345 tau=6.00 collapse_w=0.500 mid_frac=0.161 hard=score=0.2510863030 wNMSE=0.0058506972 wMSE=376.9037 wMRED=0.14445471 wER=0.224383 wMAE=5.3985 wBias=1.8966 condBias=10.8495 dotDrift=+6.252sigma uMRED=0.0281005077 uER=0.339844 uMAE=19.8281 WCE=204 bias=0.2500
[pop06_hard:00599] loss=0.060909 tau=6.00 collapse_w=0.500 mid_frac=0.143 hard=score=0.0329608016 wNMSE=0.0067900931 wMSE=437.4198 wMRED=0.19289188 wER=0.280380 wMAE=6.3668 wBias=-0.3355 condBias=11.4116 dotDrift=-1.027sigma uMRED=0.0341092627 uER=0.351562 uMAE=24.4219 WCE=236 bias=-8.6250
[pop06] done (conf=0.53, noise=0.5); global best score=0.0065334258 wNMSE=0.000834229 wMSE=53.7413 wMRED=0.08069352 wER=0.171779 wMAE=2.4166 wBias=-0.1856 condBias=4.1714 dotDrift=-1.621sigma uMRED=0.0063010340 uER=0.216797 uMAE=3.5312 WCE=48 bias=-0.1250
[pop07_soft:00000] loss=3.690547 tau=1.50 collapse_w=0.000 mid_frac=0.500 hard=score=61.4833062253 wNMSE=0.18631985 wMSE=12002.7803 wMRED=2.36572374 wER=0.415530 wMAE=51.1571 wBias=31.0077 condBias=60.0204 dotDrift=+18.114sigma uMRED=0.1490871100 uER=0.430664 uMAE=86.1484 WCE=704 bias=43.3750
[pop07_soft:00200] loss=1.314144 tau=2.25 collapse_w=0.000 mid_frac=0.411 hard=score=0.7994020864 wNMSE=0.17927005 wMSE=11548.6298 wMRED=2.46438135 wER=0.427681 wMAE=49.3715 wBias=-2.4885 condBias=57.2356 dotDrift=-1.482sigma uMRED=0.1384828212 uER=0.431641 uMAE=76.6855 WCE=745 bias=-8.4375
[pop07_soft:00400] loss=0.812333 tau=3.00 collapse_w=0.000 mid_frac=0.411 hard=score=3.8650173815 wNMSE=0.17985332 wMSE=11586.2047 wMRED=2.63504470 wER=0.436353 wMAE=51.8446 wBias=-7.3780 condBias=57.8532 dotDrift=-4.387sigma uMRED=0.1358222766 uER=0.428711 uMAE=71.9258 WCE=744 bias=-8.8750
[pop07_soft:00600] loss=0.269867 tau=3.75 collapse_w=0.000 mid_frac=0.366 hard=score=0.7661061978 wNMSE=0.031684098 wMSE=2041.0990 wMRED=0.88996994 wER=0.431545 wMAE=21.8685 wBias=3.3144 condBias=17.9199 dotDrift=+4.695sigma uMRED=0.0681611050 uER=0.416992 uMAE=44.2656 WCE=300 bias=11.0000
[pop07_soft:00800] loss=0.160086 tau=4.50 collapse_w=0.084 mid_frac=0.384 hard=score=0.7939135946 wNMSE=0.032628566 wMSE=2101.9420 wMRED=0.89319051 wER=0.430914 wMAE=21.8997 wBias=3.3666 condBias=18.9794 dotDrift=+4.700sigma uMRED=0.0726746175 uER=0.421875 uMAE=47.3438 WCE=388 bias=17.2500
[pop07_soft:01000] loss=0.115582 tau=5.25 collapse_w=0.293 mid_frac=0.366 hard=score=0.1836474257 wNMSE=0.03206967 wMSE=2065.9377 wMRED=0.88744447 wER=0.400568 wMAE=21.3541 wBias=1.3415 condBias=18.6948 dotDrift=+1.889sigma uMRED=0.0689915975 uER=0.413086 uMAE=43.7031 WCE=300 bias=12.7500
[pop07_soft:01199] loss=0.077583 tau=6.00 collapse_w=0.500 mid_frac=0.330 hard=score=0.1836474257 wNMSE=0.03206967 wMSE=2065.9377 wMRED=0.88744447 wER=0.400568 wMAE=21.3541 wBias=1.3415 condBias=18.6948 dotDrift=+1.889sigma uMRED=0.0689915975 uER=0.413086 uMAE=43.7031 WCE=300 bias=12.7500
[pop07_hard:00000] loss=0.246671 tau=6.00 collapse_w=0.500 mid_frac=0.330 hard=score=0.1836474257 wNMSE=0.03206967 wMSE=2065.9377 wMRED=0.88744447 wER=0.400568 wMAE=21.3541 wBias=1.3415 condBias=18.6948 dotDrift=+1.889sigma uMRED=0.0689915975 uER=0.413086 uMAE=43.7031 WCE=300 bias=12.7500
[pop07_hard:00200] loss=0.245813 tau=6.00 collapse_w=0.500 mid_frac=0.321 hard=score=0.1836474257 wNMSE=0.03206967 wMSE=2065.9377 wMRED=0.88744447 wER=0.400568 wMAE=21.3541 wBias=1.3415 condBias=18.6948 dotDrift=+1.889sigma uMRED=0.0689915975 uER=0.413086 uMAE=43.7031 WCE=300 bias=12.7500
[pop07_hard:00400] loss=0.137245 tau=6.00 collapse_w=0.500 mid_frac=0.348 hard=score=0.0703936598 wNMSE=0.029320209 wMSE=1888.8166 wMRED=0.87011420 wER=0.400568 wMAE=20.7144 wBias=0.3407 condBias=17.5369 dotDrift=+0.502sigma uMRED=0.0601187807 uER=0.413086 uMAE=36.7266 WCE=284 bias=4.5000
[pop07_hard:00599] loss=0.139374 tau=6.00 collapse_w=0.500 mid_frac=0.321 hard=score=0.0765207977 wNMSE=0.030032605 wMSE=1934.7094 wMRED=0.88145335 wER=0.400248 wMAE=20.8073 wBias=-0.3780 condBias=17.4304 dotDrift=-0.550sigma uMRED=0.0612691428 uER=0.409180 uMAE=38.3203 WCE=352 bias=-15.2500
[pop07] done (conf=0.51, noise=1.0); global best score=0.0065334258 wNMSE=0.000834229 wMSE=53.7413 wMRED=0.08069352 wER=0.171779 wMAE=2.4166 wBias=-0.1856 condBias=4.1714 dotDrift=-1.621sigma uMRED=0.0063010340 uER=0.216797 uMAE=3.5312 WCE=48 bias=-0.1250
[pop08_soft:00000] loss=4.610644 tau=1.50 collapse_w=0.000 mid_frac=0.250 hard=score=17.8868349363 wNMSE=0.8769029 wMSE=56490.3459 wMRED=7.45156160 wER=0.391269 wMAE=117.9866 wBias=16.1097 condBias=119.9240 dotDrift=+4.338sigma uMRED=0.2064550402 uER=0.396484 uMAE=63.0176 WCE=537 bias=10.5000
[pop08_soft:00200] loss=1.514269 tau=2.25 collapse_w=0.000 mid_frac=0.250 hard=score=1.8624716691 wNMSE=0.94014004 wMSE=60564.1014 wMRED=7.78807950 wER=0.414392 wMAE=119.9021 wBias=-2.4961 condBias=123.7219 dotDrift=-0.649sigma uMRED=0.2323560603 uER=0.418945 uMAE=85.6328 WCE=601 bias=-40.4375
[pop08_soft:00400] loss=0.479857 tau=3.00 collapse_w=0.000 mid_frac=0.232 hard=score=0.1262652142 wNMSE=0.012488438 wMSE=804.5089 wMRED=0.31982984 wER=0.314968 wMAE=9.9034 wBias=-1.1861 condBias=14.2571 dotDrift=-2.676sigma uMRED=0.0405142679 uER=0.360352 uMAE=27.1250 WCE=288 bias=-7.6250
[pop08_soft:00600] loss=0.105295 tau=3.75 collapse_w=0.000 mid_frac=0.241 hard=score=0.0542958416 wNMSE=0.014594907 wMSE=940.2082 wMRED=0.31970027 wER=0.284105 wMAE=10.5491 wBias=0.4516 condBias=15.4654 dotDrift=+0.942sigma uMRED=0.0448121832 uER=0.335938 uMAE=30.0234 WCE=312 bias=-10.2500
[pop08_soft:00800] loss=0.052302 tau=4.50 collapse_w=0.084 mid_frac=0.214 hard=score=0.0501174934 wNMSE=0.014389806 wMSE=926.9956 wMRED=0.26542304 wER=0.251424 wMAE=9.2771 wBias=-0.4361 condBias=15.7925 dotDrift=-0.917sigma uMRED=0.0423502724 uER=0.330078 uMAE=28.7188 WCE=256 bias=-12.1250
[pop08_soft:01000] loss=0.039947 tau=5.25 collapse_w=0.293 mid_frac=0.107 hard=score=0.6192488854 wNMSE=0.0062938473 wMSE=405.4515 wMRED=0.19001618 wER=0.225878 wMAE=6.3341 wBias=-3.0695 condBias=10.6277 dotDrift=-9.756sigma uMRED=0.0231709330 uER=0.314453 uMAE=14.8906 WCE=160 bias=-7.3750
[pop08_soft:01199] loss=0.029973 tau=6.00 collapse_w=0.500 mid_frac=0.089 hard=score=0.6192488854 wNMSE=0.0062938473 wMSE=405.4515 wMRED=0.19001618 wER=0.225878 wMAE=6.3341 wBias=-3.0695 condBias=10.6277 dotDrift=-9.756sigma uMRED=0.0231709330 uER=0.314453 uMAE=14.8906 WCE=160 bias=-7.3750
[pop08_hard:00000] loss=0.641541 tau=6.00 collapse_w=0.500 mid_frac=0.089 hard=score=0.6192488854 wNMSE=0.0062938473 wMSE=405.4515 wMRED=0.19001618 wER=0.225878 wMAE=6.3341 wBias=-3.0695 condBias=10.6277 dotDrift=-9.756sigma uMRED=0.0231709330 uER=0.314453 uMAE=14.8906 WCE=160 bias=-7.3750
[pop08_hard:00200] loss=0.637112 tau=6.00 collapse_w=0.500 mid_frac=0.089 hard=score=0.6192488854 wNMSE=0.0062938473 wMSE=405.4515 wMRED=0.19001618 wER=0.225878 wMAE=6.3341 wBias=-3.0695 condBias=10.6277 dotDrift=-9.756sigma uMRED=0.0231709330 uER=0.314453 uMAE=14.8906 WCE=160 bias=-7.3750
[pop08_hard:00400] loss=0.419240 tau=6.00 collapse_w=0.500 mid_frac=0.080 hard=score=0.4058126944 wNMSE=0.0060063546 wMSE=386.9312 wMRED=0.15180842 wER=0.206406 wMAE=5.7322 wBias=-2.4646 condBias=10.4149 dotDrift=-8.019sigma uMRED=0.0220104162 uER=0.303711 uMAE=14.4531 WCE=160 bias=-6.8750
[pop08_hard:00599] loss=0.245091 tau=6.00 collapse_w=0.500 mid_frac=0.071 hard=score=0.4058126944 wNMSE=0.0060063546 wMSE=386.9312 wMRED=0.15180842 wER=0.206406 wMAE=5.7322 wBias=-2.4646 condBias=10.4149 dotDrift=-8.019sigma uMRED=0.0220104162 uER=0.303711 uMAE=14.4531 WCE=160 bias=-6.8750
[pop08] done (conf=0.53, noise=0.5); global best score=0.0065334258 wNMSE=0.000834229 wMSE=53.7413 wMRED=0.08069352 wER=0.171779 wMAE=2.4166 wBias=-0.1856 condBias=4.1714 dotDrift=-1.621sigma uMRED=0.0063010340 uER=0.216797 uMAE=3.5312 WCE=48 bias=-0.1250
[pop09_soft:00000] loss=3.802453 tau=1.50 collapse_w=0.000 mid_frac=0.402 hard=score=73.0116531104 wNMSE=1.3962669 wMSE=89947.9296 wMRED=10.34624867 wER=0.436192 wMAE=166.0060 wBias=33.3147 condBias=175.1911 dotDrift=+7.109sigma uMRED=0.2876181363 uER=0.428711 uMAE=94.1445 WCE=850 bias=11.6875
[pop09_soft:00200] loss=1.702328 tau=2.25 collapse_w=0.000 mid_frac=0.420 hard=score=211.4209406613 wNMSE=0.54115848 wMSE=34861.5908 wMRED=5.52543407 wER=0.437169 wMAE=88.2675 wBias=-57.5161 condBias=110.9573 dotDrift=-19.715sigma uMRED=0.2007219133 uER=0.437500 uMAE=88.5938 WCE=686 bias=-60.3125
[pop09_soft:00400] loss=1.364362 tau=3.00 collapse_w=0.000 mid_frac=0.446 hard=score=178.7700134188 wNMSE=0.51524515 wMSE=33192.2461 wMRED=5.45283081 wER=0.419626 wMAE=85.1048 wBias=-52.8709 condBias=105.2852 dotDrift=-18.573sigma uMRED=0.1697677753 uER=0.425781 uMAE=64.0312 WCE=672 bias=-24.7500
[pop09_soft:00600] loss=0.927977 tau=3.75 collapse_w=0.000 mid_frac=0.455 hard=score=58.4923982109 wNMSE=0.40360542 wMSE=26000.3816 wMRED=4.45103011 wER=0.381942 wMAE=70.0783 wBias=-30.1221 condBias=86.6380 dotDrift=-11.956sigma uMRED=0.1364966594 uER=0.415039 uMAE=49.6953 WCE=512 bias=9.6250
[pop09_soft:00800] loss=0.325065 tau=4.50 collapse_w=0.084 mid_frac=0.420 hard=score=1.5445940766 wNMSE=0.017311326 wMSE=1115.2008 wMRED=0.30599291 wER=0.289167 wMAE=11.3191 wBias=-4.8509 condBias=19.0278 dotDrift=-9.297sigma uMRED=0.0430606874 uER=0.393555 uMAE=28.9531 WCE=320 bias=1.6250
[pop09_soft:01000] loss=0.097215 tau=5.25 collapse_w=0.293 mid_frac=0.366 hard=score=2.1874265295 wNMSE=0.021083391 wMSE=1358.1983 wMRED=0.30449643 wER=0.272875 wMAE=11.7167 wBias=-5.7811 condBias=20.1282 dotDrift=-10.039sigma uMRED=0.0546549215 uER=0.387695 uMAE=39.7812 WCE=464 bias=-18.1250
[pop09_soft:01199] loss=0.072167 tau=6.00 collapse_w=0.500 mid_frac=0.375 hard=score=5.0318206583 wNMSE=0.021828099 wMSE=1406.1726 wMRED=0.41922181 wER=0.308822 wMAE=13.2953 wBias=-8.8399 condBias=19.9710 dotDrift=-15.087sigma uMRED=0.0566220027 uER=0.395508 uMAE=40.1094 WCE=464 bias=-19.1250
[pop09_hard:00000] loss=5.065247 tau=6.00 collapse_w=0.500 mid_frac=0.375 hard=score=5.0318206583 wNMSE=0.021828099 wMSE=1406.1726 wMRED=0.41922181 wER=0.308822 wMAE=13.2953 wBias=-8.8399 condBias=19.9710 dotDrift=-15.087sigma uMRED=0.0566220027 uER=0.395508 uMAE=40.1094 WCE=464 bias=-19.1250
[pop09_hard:00200] loss=1.678952 tau=6.00 collapse_w=0.500 mid_frac=0.366 hard=score=1.6464393010 wNMSE=0.017349929 wMSE=1117.6876 wMRED=0.30098679 wER=0.272875 wMAE=11.2469 wBias=-5.0134 condBias=18.8840 dotDrift=-9.597sigma uMRED=0.0440279760 uER=0.387695 uMAE=30.1250 WCE=320 bias=-2.1250
[pop09_hard:00400] loss=0.165701 tau=6.00 collapse_w=0.500 mid_frac=0.348 hard=score=0.1315236949 wNMSE=0.014010916 wMSE=902.5874 wMRED=0.28016014 wER=0.272875 wMAE=10.4856 wBias=-1.2069 condBias=12.3071 dotDrift=-2.571sigma uMRED=0.0408603811 uER=0.387695 uMAE=29.2266 WCE=320 bias=6.8750
[pop09_hard:00599] loss=2.315774 tau=6.00 collapse_w=0.500 mid_frac=0.304 hard=score=0.0433937053 wNMSE=0.014844935 wMSE=956.3152 wMRED=0.26979167 wER=0.273540 wMAE=10.3900 wBias=-0.2176 condBias=12.8511 dotDrift=-0.450sigma uMRED=0.0455622533 uER=0.393555 uMAE=33.3828 WCE=320 bias=15.3750
[pop09] done (conf=0.51, noise=1.0); global best score=0.0065334258 wNMSE=0.000834229 wMSE=53.7413 wMRED=0.08069352 wER=0.171779 wMAE=2.4166 wBias=-0.1856 condBias=4.1714 dotDrift=-1.621sigma uMRED=0.0063010340 uER=0.216797 uMAE=3.5312 WCE=48 bias=-0.1250
[pop10_soft:00000] loss=3.081955 tau=1.50 collapse_w=0.000 mid_frac=0.312 hard=score=199.9140838956 wNMSE=0.55765438 wMSE=35924.2615 wMRED=5.11254903 wER=0.434679 wMAE=85.8301 wBias=55.9317 condBias=103.5439 dotDrift=+18.886sigma uMRED=0.1649000343 uER=0.425781 uMAE=67.8887 WCE=612 bias=48.0625
[pop10_soft:00200] loss=1.425340 tau=2.25 collapse_w=0.000 mid_frac=0.295 hard=score=13.4127269803 wNMSE=0.033065455 wMSE=2130.0864 wMRED=1.08130565 wER=0.332534 wMAE=18.2712 wBias=-14.4816 condBias=27.4287 dotDrift=-20.082sigma uMRED=0.0604878498 uER=0.386719 uMAE=34.9062 WCE=324 bias=12.1250
[pop10_soft:00400] loss=0.538503 tau=3.00 collapse_w=0.000 mid_frac=0.241 hard=score=0.1902392665 wNMSE=0.011928918 wMSE=768.4644 wMRED=0.22298430 wER=0.266464 wMAE=7.9307 wBias=1.5209 condBias=15.4855 dotDrift=+3.511sigma uMRED=0.0497743710 uER=0.350586 uMAE=37.9688 WCE=384 bias=28.5000
[pop10_soft:00600] loss=0.122173 tau=3.75 collapse_w=0.000 mid_frac=0.223 hard=score=0.1237094784 wNMSE=0.011646709 wMSE=750.2845 wMRED=0.25399886 wER=0.261070 wMAE=8.4593 wBias=-1.1517 condBias=14.4317 dotDrift=-2.691sigma uMRED=0.0470356544 uER=0.347656 uMAE=35.1719 WCE=344 bias=0.8750
[pop10_soft:00800] loss=0.056676 tau=4.50 collapse_w=0.084 mid_frac=0.205 hard=score=0.0355102347 wNMSE=0.0094057134 wMSE=605.9189 wMRED=0.22849790 wER=0.245155 wMAE=7.3857 wBias=0.0580 condBias=12.2035 dotDrift=+0.151sigma uMRED=0.0406564127 uER=0.324219 uMAE=30.3438 WCE=344 bias=1.1250
[pop10_soft:01000] loss=0.045987 tau=5.25 collapse_w=0.293 mid_frac=0.170 hard=score=0.0671606506 wNMSE=0.007940974 wMSE=511.5599 wMRED=0.14512020 wER=0.196429 wMAE=5.5860 wBias=-0.7306 condBias=11.2182 dotDrift=-2.067sigma uMRED=0.0331690037 uER=0.297852 uMAE=25.4062 WCE=344 bias=-3.3750
[pop10_soft:01199] loss=0.035457 tau=6.00 collapse_w=0.500 mid_frac=0.152 hard=score=0.0671606506 wNMSE=0.007940974 wMSE=511.5599 wMRED=0.14512020 wER=0.196429 wMAE=5.5860 wBias=-0.7306 condBias=11.2182 dotDrift=-2.067sigma uMRED=0.0331690037 uER=0.297852 uMAE=25.4062 WCE=344 bias=-3.3750
[pop10_hard:00000] loss=0.081528 tau=6.00 collapse_w=0.500 mid_frac=0.152 hard=score=0.0671606506 wNMSE=0.007940974 wMSE=511.5599 wMRED=0.14512020 wER=0.196429 wMAE=5.5860 wBias=-0.7306 condBias=11.2182 dotDrift=-2.067sigma uMRED=0.0331690037 uER=0.297852 uMAE=25.4062 WCE=344 bias=-3.3750
[pop10_hard:00200] loss=0.077088 tau=6.00 collapse_w=0.500 mid_frac=0.152 hard=score=0.0671606506 wNMSE=0.007940974 wMSE=511.5599 wMRED=0.14512020 wER=0.196429 wMAE=5.5860 wBias=-0.7306 condBias=11.2182 dotDrift=-2.067sigma uMRED=0.0331690037 uER=0.297852 uMAE=25.4062 WCE=344 bias=-3.3750
[pop10_hard:00400] loss=0.049099 tau=6.00 collapse_w=0.500 mid_frac=0.152 hard=score=0.0386053928 wNMSE=0.0081471813 wMSE=524.8438 wMRED=0.18688409 wER=0.225053 wMAE=6.4235 wBias=0.2873 condBias=11.3421 dotDrift=+0.803sigma uMRED=0.0344817976 uER=0.313477 uMAE=25.9062 WCE=344 bias=-2.3750
[pop10_hard:00599] loss=0.074413 tau=6.00 collapse_w=0.500 mid_frac=0.152 hard=score=0.0386053928 wNMSE=0.0081471813 wMSE=524.8438 wMRED=0.18688409 wER=0.225053 wMAE=6.4235 wBias=0.2873 condBias=11.3421 dotDrift=+0.803sigma uMRED=0.0344817976 uER=0.313477 uMAE=25.9062 WCE=344 bias=-2.3750
[pop10] done (conf=0.53, noise=0.5); global best score=0.0065334258 wNMSE=0.000834229 wMSE=53.7413 wMRED=0.08069352 wER=0.171779 wMAE=2.4166 wBias=-0.1856 condBias=4.1714 dotDrift=-1.621sigma uMRED=0.0063010340 uER=0.216797 uMAE=3.5312 WCE=48 bias=-0.1250
[pop11_soft:00000] loss=7.197910 tau=1.50 collapse_w=0.000 mid_frac=0.455 hard=score=1150.7612402794 wNMSE=1.8755892 wMSE=120826.0178 wMRED=8.81084229 wER=0.437169 wMAE=154.1411 wBias=134.3094 condBias=261.4935 dotDrift=+24.729sigma uMRED=0.2466604603 uER=0.437500 uMAE=86.6621 WCE=1121 bias=63.3125
[pop11_soft:00200] loss=15.664739 tau=2.25 collapse_w=0.000 mid_frac=0.402 hard=score=7.0045857917 wNMSE=0.53850431 wMSE=34690.6079 wMRED=5.16769678 wER=0.437169 wMAE=63.9627 wBias=9.7862 condBias=49.9066 dotDrift=+3.363sigma uMRED=0.1786629904 uER=0.437500 uMAE=81.3086 WCE=3876 bias=-57.6875
[pop11_soft:00400] loss=1.561086 tau=3.00 collapse_w=0.000 mid_frac=0.375 hard=score=53.6237046594 wNMSE=0.13777946 wMSE=8875.7939 wMRED=1.49914172 wER=0.418985 wMAE=34.7314 wBias=-28.9666 condBias=52.1277 dotDrift=-19.678sigma uMRED=0.1304171840 uER=0.433594 uMAE=82.3926 WCE=761 bias=-79.7500
[pop11_soft:00600] loss=0.827422 tau=3.75 collapse_w=0.000 mid_frac=0.393 hard=score=19.5519128962 wNMSE=0.040665803 wMSE=2619.7032 wMRED=1.21342100 wER=0.385699 wMAE=22.5699 wBias=-17.4943 condBias=30.4143 dotDrift=-21.875sigma uMRED=0.0776355118 uER=0.423828 uMAE=47.8125 WCE=412 bias=-39.9375
[pop11_soft:00800] loss=0.408876 tau=4.50 collapse_w=0.084 mid_frac=0.375 hard=score=13.2223480242 wNMSE=0.036741633 wMSE=2366.9069 wMRED=1.05118497 wER=0.366807 wMAE=21.0681 wBias=-14.3756 condBias=27.5623 dotDrift=-18.911sigma uMRED=0.0692463109 uER=0.412109 uMAE=43.6406 WCE=364 bias=-17.4375
[pop11_soft:01000] loss=0.277736 tau=5.25 collapse_w=0.293 mid_frac=0.348 hard=score=16.5133926496 wNMSE=0.037160186 wMSE=2393.8703 wMRED=1.05329133 wER=0.367837 wMAE=20.8971 wBias=-16.0742 condBias=29.0464 dotDrift=-21.026sigma uMRED=0.0705938470 uER=0.411133 uMAE=43.9023 WCE=388 bias=-34.6875
[pop11_soft:01199] loss=0.206751 tau=6.00 collapse_w=0.500 mid_frac=0.312 hard=score=16.5133926496 wNMSE=0.037160186 wMSE=2393.8703 wMRED=1.05329133 wER=0.367837 wMAE=20.8971 wBias=-16.0742 condBias=29.0464 dotDrift=-21.026sigma uMRED=0.0705938470 uER=0.411133 uMAE=43.9023 WCE=388 bias=-34.6875
[pop11_hard:00000] loss=16.581387 tau=6.00 collapse_w=0.500 mid_frac=0.312 hard=score=16.5133926496 wNMSE=0.037160186 wMSE=2393.8703 wMRED=1.05329133 wER=0.367837 wMAE=20.8971 wBias=-16.0742 condBias=29.0464 dotDrift=-21.026sigma uMRED=0.0705938470 uER=0.411133 uMAE=43.9023 WCE=388 bias=-34.6875
[pop11_hard:00200] loss=16.577475 tau=6.00 collapse_w=0.500 mid_frac=0.312 hard=score=16.5133926496 wNMSE=0.037160186 wMSE=2393.8703 wMRED=1.05329133 wER=0.367837 wMAE=20.8971 wBias=-16.0742 condBias=29.0464 dotDrift=-21.026sigma uMRED=0.0705938470 uER=0.411133 uMAE=43.9023 WCE=388 bias=-34.6875
[pop11_hard:00400] loss=13.647076 tau=6.00 collapse_w=0.500 mid_frac=0.286 hard=score=13.5835489992 wNMSE=0.034559935 wMSE=2226.3613 wMRED=1.04957423 wER=0.367837 wMAE=20.5699 wBias=-14.5721 condBias=27.9673 dotDrift=-19.765sigma uMRED=0.0660283293 uER=0.411133 uMAE=40.5703 WCE=388 bias=-18.6875
[pop11_hard:00599] loss=0.231410 tau=6.00 collapse_w=0.500 mid_frac=0.277 hard=score=12.5123943646 wNMSE=0.035002598 wMSE=2254.8778 wMRED=1.05542192 wER=0.367837 wMAE=20.9708 wBias=-13.9816 condBias=27.6294 dotDrift=-18.844sigma uMRED=0.0666910831 uER=0.411133 uMAE=40.9434 WCE=388 bias=-17.6875
[pop11] done (conf=0.51, noise=1.0); global best score=0.0065334258 wNMSE=0.000834229 wMSE=53.7413 wMRED=0.08069352 wER=0.171779 wMAE=2.4166 wBias=-0.1856 condBias=4.1714 dotDrift=-1.621sigma uMRED=0.0063010340 uER=0.216797 uMAE=3.5312 WCE=48 bias=-0.1250
[best] stage=quad_hard_ste score=0.0065334258 wNMSE=0.000834229 wMSE=53.7413 wMRED=0.08069352 wER=0.171779 wMAE=2.4166 wBias=-0.1856 condBias=4.1714 dotDrift=-1.621sigma uMRED=0.0063010340 uER=0.216797 uMAE=3.5312 WCE=48 bias=-0.1250
[best-json] /home/xuanqi/tony/work/FPGA/signed8x8_approx/signed8x8_2026_8_22/runs_module_groups/G1_qk/balanced_split/rand302/best_signed88_inits.json
[best-rtl] /home/xuanqi/tony/work/FPGA/signed8x8_approx/signed8x8_2026_8_22/runs_module_groups/G1_qk/balanced_split/rand302/best_rtl
[design] balanced_split search_bits=112
[start] score=0.0065334258 wNMSE=0.000834229 wMSE=53.7413 wMRED=0.08069352 wER=0.171779 wMAE=2.4166 wBias=-0.1856 condBias=4.1714 dotDrift=-1.621sigma uMRED=0.0063010340 uER=0.216797 uMAE=3.5312 WCE=48 bias=-0.1250
[single] ACCEPT ['lo_lut23:3'] 0.0065334258->0.0043753823 wNMSE=0.00084637659 wBias=+0.01000
[single] round=2 no improvement
[pair] ACCEPT ['lo_lut23:51', 'lo_lut01:63'] 0.0043753823->0.0037046269 wNMSE=0.00076801228 wBias=-0.01302
[pair] ACCEPT ['mid_lut01:63', 'mid_lut01:55'] 0.0037046269->0.0035422293 wNMSE=0.00066412352 wBias=-0.01325
[pair] round=3 no improvement
[final] score=0.0035422293 wNMSE=0.00066412352 wMSE=42.7830 wMRED=0.14331768 wER=0.332911 wMAE=2.9260 wBias=-0.0133 condBias=3.4615 dotDrift=-0.130sigma uMRED=0.0072473952 uER=0.342773 uMAE=3.6562 WCE=40 bias=-0.1250
[json] /home/xuanqi/tony/work/FPGA/signed8x8_approx/signed8x8_2026_8_22/runs_module_groups/G1_qk/balanced_split/rand302/refined/best_signed88_inits.json
