[design] balanced_split quad4 entries=112
[device] cuda
[initial] score=135.7625808133 wNMSE=0.67414664 wMSE=14204.7707 wMRED=5.38735969 wER=0.437128 wMAE=48.6878 wBias=-26.3047 condBias=66.5597 dotDrift=-14.125sigma uMRED=0.1623984204 uER=0.437500 uMAE=79.8301 WCE=611 bias=-13.3125
[quad_warmup_bit:00000] loss=6.102446 tau=1.50 collapse_w=0.000 mid_frac=0.554 hard=score=135.7625808133 wNMSE=0.67414664 wMSE=14204.7707 wMRED=5.38735969 wER=0.437128 wMAE=48.6878 wBias=-26.3047 condBias=66.5597 dotDrift=-14.125sigma uMRED=0.1623984204 uER=0.437500 uMAE=79.8301 WCE=611 bias=-13.3125
[quad_warmup_bit:00200] loss=0.498324 tau=1.50 collapse_w=0.000 mid_frac=0.518 hard=score=533.6059576665 wNMSE=1.2083535 wMSE=25460.9064 wMRED=7.62899835 wER=0.423726 wMAE=63.6150 wBias=-52.2808 condBias=93.4005 dotDrift=-20.969sigma uMRED=0.1891359394 uER=0.434570 uMAE=86.4570 WCE=683 bias=-71.1875
[quad_warmup_bit:00400] loss=0.237801 tau=1.50 collapse_w=0.000 mid_frac=0.446 hard=score=603.8635932972 wNMSE=1.2588804 wMSE=26525.5453 wMRED=7.77976265 wER=0.373690 wMAE=64.1293 wBias=-55.6248 condBias=99.1851 dotDrift=-21.858sigma uMRED=0.1949706673 uER=0.428711 uMAE=88.8438 WCE=756 bias=-79.2500
[quad_warmup_bit:00600] loss=0.223382 tau=1.50 collapse_w=0.000 mid_frac=0.446 hard=score=573.6725965634 wNMSE=1.2319612 wMSE=25958.3384 wMRED=7.73945969 wER=0.350064 wMAE=62.9976 wBias=-54.2136 condBias=96.9028 dotDrift=-21.535sigma uMRED=0.1889448274 uER=0.416992 uMAE=85.1641 WCE=696 bias=-75.2500
[quad_warmup_bit:00800] loss=0.210284 tau=1.50 collapse_w=0.000 mid_frac=0.438 hard=score=647.1119445552 wNMSE=1.1687552 wMSE=24626.5407 wMRED=7.31040760 wER=0.252747 wMAE=58.0699 wBias=-57.5997 condBias=98.6161 dotDrift=-23.491sigma uMRED=0.1835356906 uER=0.409180 uMAE=83.5000 WCE=680 bias=-74.7500
[quad_warmup_bit:01000] loss=0.198172 tau=1.50 collapse_w=0.000 mid_frac=0.420 hard=score=635.3064307839 wNMSE=1.1582794 wMSE=24405.8078 wMRED=7.23776796 wER=0.242714 wMAE=57.5461 wBias=-57.0709 condBias=98.0960 dotDrift=-23.380sigma uMRED=0.1824301572 uER=0.403320 uMAE=83.1250 WCE=676 bias=-74.2500
[quad_warmup_bit:01200] loss=0.187206 tau=1.50 collapse_w=0.000 mid_frac=0.375 hard=score=603.3919381497 wNMSE=1.1270717 wMSE=23748.2381 wMRED=7.06467847 wER=0.224924 wMAE=56.0951 wBias=-55.6166 condBias=96.7117 dotDrift=-23.098sigma uMRED=0.1799345214 uER=0.399414 uMAE=82.5625 WCE=676 bias=-73.6250
[quad_warmup_bit:01400] loss=0.176907 tau=1.50 collapse_w=0.000 mid_frac=0.357 hard=score=588.7290191117 wNMSE=1.1223451 wMSE=23648.6465 wMRED=7.03605154 wER=0.221070 wMAE=55.4834 wBias=-54.9348 condBias=95.5667 dotDrift=-22.863sigma uMRED=0.1774033033 uER=0.390625 uMAE=81.0625 WCE=676 bias=-70.6250
[quad_warmup_bit:01600] loss=0.168263 tau=1.50 collapse_w=0.000 mid_frac=0.339 hard=score=542.4482949239 wNMSE=1.0401207 wMSE=21916.1154 wMRED=6.69681381 wER=0.207685 wMAE=53.3048 wBias=-52.7309 condBias=91.2816 dotDrift=-22.796sigma uMRED=0.1719593306 uER=0.385742 uMAE=79.3125 WCE=644 bias=-68.1250
[quad_warmup_bit:01800] loss=0.160987 tau=1.50 collapse_w=0.000 mid_frac=0.348 hard=score=540.2956077793 wNMSE=1.0380071 wMSE=21871.5814 wMRED=6.69473966 wER=0.207685 wMAE=53.1999 wBias=-52.6260 condBias=91.1824 dotDrift=-22.774sigma uMRED=0.1712117575 uER=0.385742 uMAE=78.8125 WCE=640 bias=-67.6250
[quad_warmup_bit:02000] loss=0.154577 tau=1.50 collapse_w=0.000 mid_frac=0.339 hard=score=541.9847010843 wNMSE=1.0357602 wMSE=21824.2366 wMRED=6.69140025 wER=0.206205 wMAE=52.8904 wBias=-52.7088 condBias=91.1838 dotDrift=-22.835sigma uMRED=0.1601888836 uER=0.336914 uMAE=69.0469 WCE=640 bias=-65.6250
[quad_warmup_bit:02200] loss=0.148693 tau=1.50 collapse_w=0.000 mid_frac=0.339 hard=score=526.8904859997 wNMSE=1.0262656 wMSE=21624.1796 wMRED=6.68503306 wER=0.207225 wMAE=52.6936 wBias=-51.9681 condBias=90.4897 dotDrift=-22.618sigma uMRED=0.1576832197 uER=0.342773 uMAE=68.0625 WCE=640 bias=-61.8750
[quad_warmup_bit:02400] loss=0.143107 tau=1.50 collapse_w=0.000 mid_frac=0.312 hard=score=523.1889714271 wNMSE=1.018748 wMSE=21465.7770 wMRED=6.68272299 wER=0.207213 wMAE=52.5176 wBias=-51.7855 condBias=90.1440 dotDrift=-22.621sigma uMRED=0.1523355332 uER=0.339844 uMAE=63.8438 WCE=576 bias=-57.3750
[quad_warmup_bit:02600] loss=0.136537 tau=1.50 collapse_w=0.000 mid_frac=0.295 hard=score=523.1889714271 wNMSE=1.018748 wMSE=21465.7770 wMRED=6.68272299 wER=0.207213 wMAE=52.5176 wBias=-51.7855 condBias=90.1440 dotDrift=-22.621sigma uMRED=0.1523355332 uER=0.339844 uMAE=63.8438 WCE=576 bias=-57.3750
[quad_warmup_bit:02800] loss=0.131918 tau=1.50 collapse_w=0.000 mid_frac=0.250 hard=score=420.7931598431 wNMSE=0.79891796 wMSE=16833.7951 wMRED=5.92138343 wER=0.207213 wMAE=47.1763 wBias=-46.4442 condBias=79.7789 dotDrift=-22.910sigma uMRED=0.1420926131 uER=0.339844 uMAE=61.8438 WCE=544 bias=-55.3750
[quad_warmup_bit:03000] loss=0.128531 tau=1.50 collapse_w=0.000 mid_frac=0.250 hard=score=248.3835107040 wNMSE=0.64297042 wMSE=13547.8648 wMRED=4.63598698 wER=0.169327 wMAE=36.9059 wBias=-35.6598 condBias=71.5422 dotDrift=-19.608sigma uMRED=0.1246477241 uER=0.331055 uMAE=58.1250 WCE=544 bias=-47.3750
[quad_warmup_bit:03200] loss=0.125695 tau=1.50 collapse_w=0.000 mid_frac=0.250 hard=score=328.3492745945 wNMSE=0.8466049 wMSE=17838.5946 wMRED=5.39732653 wER=0.169327 wMAE=42.2472 wBias=-41.0011 condBias=82.2178 dotDrift=-19.647sigma uMRED=0.1348906442 uER=0.331055 uMAE=60.1250 WCE=544 bias=-49.3750
[quad_warmup_bit:03400] loss=0.123115 tau=1.50 collapse_w=0.000 mid_frac=0.241 hard=score=276.6924910635 wNMSE=0.76506902 wMSE=16120.5729 wMRED=5.32469268 wER=0.167083 wMAE=39.0181 wBias=-37.6320 condBias=75.4817 dotDrift=-18.969sigma uMRED=0.1100869441 uER=0.316406 uMAE=44.9219 WCE=512 bias=-33.3750
[quad_warmup_bit:03600] loss=0.120489 tau=1.50 collapse_w=0.000 mid_frac=0.232 hard=score=276.6924910635 wNMSE=0.76506902 wMSE=16120.5729 wMRED=5.32469268 wER=0.167083 wMAE=39.0181 wBias=-37.6320 condBias=75.4817 dotDrift=-18.969sigma uMRED=0.1100869441 uER=0.316406 uMAE=44.9219 WCE=512 bias=-33.3750
[quad_warmup_bit:03800] loss=0.117220 tau=1.50 collapse_w=0.000 mid_frac=0.214 hard=score=279.2418348672 wNMSE=0.77251611 wMSE=16277.4886 wMRED=5.32695490 wER=0.167083 wMAE=39.1905 wBias=-37.8044 condBias=75.8264 dotDrift=-18.964sigma uMRED=0.1151428413 uER=0.316406 uMAE=48.9219 WCE=640 bias=-37.3750
[quad_warmup_bit:04000] loss=0.112543 tau=1.50 collapse_w=0.000 mid_frac=0.196 hard=score=272.0697271004 wNMSE=0.77023697 wMSE=16229.4654 wMRED=5.31330366 wER=0.158018 wMAE=38.6414 wBias=-37.3139 condBias=74.7717 dotDrift=-18.746sigma uMRED=0.1116593753 uER=0.299805 uMAE=46.9531 WCE=640 bias=-35.5000
[quad_warmup_bit:04200] loss=0.105947 tau=1.50 collapse_w=0.000 mid_frac=0.179 hard=score=268.1145374759 wNMSE=0.75219689 wMSE=15849.3475 wMRED=5.30094816 wER=0.154565 wMAE=37.7362 wBias=-37.0440 condBias=73.6053 dotDrift=-18.832sigma uMRED=0.0908432808 uER=0.271484 uMAE=30.8906 WCE=448 bias=-21.5000
[quad_warmup_bit:04250] loss=0.104052 tau=1.50 collapse_w=0.000 mid_frac=0.170 hard=score=6.7391706357 wNMSE=0.030286928 wMSE=638.1681 wMRED=0.88373743 wER=0.153828 wMAE=7.9174 wBias=5.8582 condBias=13.0018 dotDrift=+14.841sigma uMRED=0.0323714461 uER=0.256836 uMAE=17.7812 WCE=256 bias=-1.5000 *BEST*
[quad_warmup_bit:04400] loss=0.098008 tau=1.50 collapse_w=0.000 mid_frac=0.143 hard=score=7.1136337996 wNMSE=0.028848425 wMSE=607.8578 wMRED=0.88264690 wER=0.153610 wMAE=7.7990 wBias=6.0241 condBias=12.7191 dotDrift=+15.638sigma uMRED=0.0256556966 uER=0.245117 uMAE=11.8594 WCE=144 bias=6.5000
[quad_warmup_bit:04600] loss=0.087601 tau=1.50 collapse_w=0.000 mid_frac=0.116 hard=score=7.1136337996 wNMSE=0.028848425 wMSE=607.8578 wMRED=0.88264690 wER=0.153610 wMAE=7.7990 wBias=6.0241 condBias=12.7191 dotDrift=+15.638sigma uMRED=0.0256556966 uER=0.245117 uMAE=11.8594 WCE=144 bias=6.5000
[quad_warmup_bit:04775] loss=0.080546 tau=1.50 collapse_w=0.000 mid_frac=0.071 hard=score=6.6476897057 wNMSE=0.027745052 wMSE=584.6089 wMRED=0.88009253 wER=0.152466 wMAE=7.6174 wBias=5.8226 condBias=12.4973 dotDrift=+15.412sigma uMRED=0.0212467754 uER=0.225586 uMAE=8.4375 WCE=144 bias=2.5000 *BEST*
[quad_warmup_bit:04800] loss=0.079567 tau=1.50 collapse_w=0.000 mid_frac=0.071 hard=score=6.6476897057 wNMSE=0.027745052 wMSE=584.6089 wMRED=0.88009253 wER=0.152466 wMAE=7.6174 wBias=5.8226 condBias=12.4973 dotDrift=+15.412sigma uMRED=0.0212467754 uER=0.225586 uMAE=8.4375 WCE=144 bias=2.5000
[quad_warmup_bit:05000] loss=0.072728 tau=1.50 collapse_w=0.000 mid_frac=0.062 hard=score=6.2055885386 wNMSE=0.026151697 wMSE=551.0357 wMRED=0.87373044 wER=0.153423 wMAE=7.4927 wBias=5.6252 condBias=12.1603 dotDrift=+15.337sigma uMRED=0.0208022209 uER=0.228516 uMAE=8.1875 WCE=144 bias=2.0000 *BEST*
[quad_warmup_bit:05075] loss=0.071104 tau=1.50 collapse_w=0.000 mid_frac=0.071 hard=score=5.3682435903 wNMSE=0.023864493 wMSE=502.8426 wMRED=0.86100626 wER=0.153199 wMAE=7.2434 wBias=5.2303 condBias=11.6618 dotDrift=+14.928sigma uMRED=0.0199131119 uER=0.220703 uMAE=7.6875 WCE=144 bias=1.0000 *BEST*
[quad_warmup_bit:05200] loss=0.069136 tau=1.50 collapse_w=0.000 mid_frac=0.062 hard=score=5.3682435903 wNMSE=0.023864493 wMSE=502.8426 wMRED=0.86100626 wER=0.153199 wMAE=7.2434 wBias=5.2303 condBias=11.6618 dotDrift=+14.928sigma uMRED=0.0199131119 uER=0.220703 uMAE=7.6875 WCE=144 bias=1.0000
[quad_warmup_bit:05250] loss=0.068553 tau=1.50 collapse_w=0.000 mid_frac=0.054 hard=score=3.8397712396 wNMSE=0.019314356 wMSE=406.9678 wMRED=0.70413703 wER=0.153314 wMAE=6.4723 wBias=4.4199 condBias=10.5660 dotDrift=+14.022sigma uMRED=0.0187703551 uER=0.222656 uMAE=7.6875 WCE=144 bias=0.5000 *BEST*
[quad_warmup_bit:05400] loss=0.067295 tau=1.50 collapse_w=0.000 mid_frac=0.054 hard=score=3.8397712396 wNMSE=0.019314356 wMSE=406.9678 wMRED=0.70413703 wER=0.153314 wMAE=6.4723 wBias=4.4199 condBias=10.5660 dotDrift=+14.022sigma uMRED=0.0187703551 uER=0.222656 uMAE=7.6875 WCE=144 bias=0.5000
[quad_warmup_bit:05475] loss=0.066855 tau=1.50 collapse_w=0.000 mid_frac=0.045 hard=score=1.5550711448 wNMSE=0.013906522 wMSE=293.0208 wMRED=0.39063279 wER=0.153537 wMAE=4.9485 wBias=2.7990 condBias=9.0773 dotDrift=+10.465sigma uMRED=0.0170699374 uER=0.228516 uMAE=8.1719 WCE=144 bias=-0.5000 *BEST*
[quad_warmup_bit:05600] loss=0.066282 tau=1.50 collapse_w=0.000 mid_frac=0.036 hard=score=1.5550711448 wNMSE=0.013906522 wMSE=293.0208 wMRED=0.39063279 wER=0.153537 wMAE=4.9485 wBias=2.7990 condBias=9.0773 dotDrift=+10.465sigma uMRED=0.0170699374 uER=0.228516 uMAE=8.1719 WCE=144 bias=-0.5000
[quad_warmup_bit:05800] loss=0.065606 tau=1.50 collapse_w=0.000 mid_frac=0.036 hard=score=1.5550711448 wNMSE=0.013906522 wMSE=293.0208 wMRED=0.39063279 wER=0.153537 wMAE=4.9485 wBias=2.7990 condBias=9.0773 dotDrift=+10.465sigma uMRED=0.0170699374 uER=0.228516 uMAE=8.1719 WCE=144 bias=-0.5000
[quad_warmup_bit:05999] loss=0.065101 tau=1.50 collapse_w=0.000 mid_frac=0.036 hard=score=1.5550711448 wNMSE=0.013906522 wMSE=293.0208 wMRED=0.39063279 wER=0.153537 wMAE=4.9485 wBias=2.7990 condBias=9.0773 dotDrift=+10.465sigma uMRED=0.0170699374 uER=0.228516 uMAE=8.1719 WCE=144 bias=-0.5000
[quad_soft:00000] loss=0.333989 tau=1.50 collapse_w=0.000 mid_frac=0.036 hard=score=1.5550711448 wNMSE=0.013906522 wMSE=293.0208 wMRED=0.39063279 wER=0.153537 wMAE=4.9485 wBias=2.7990 condBias=9.0773 dotDrift=+10.465sigma uMRED=0.0170699374 uER=0.228516 uMAE=8.1719 WCE=144 bias=-0.5000
[quad_soft:00200] loss=0.148715 tau=1.59 collapse_w=0.000 mid_frac=0.054 hard=score=2.9983206802 wNMSE=0.017954964 wMSE=378.3244 wMRED=0.69249922 wER=0.172414 wMAE=6.3314 wBias=3.9011 condBias=10.2474 dotDrift=+12.836sigma uMRED=0.0201631534 uER=0.258789 uMAE=9.1250 WCE=144 bias=-2.6250
[quad_soft:00400] loss=0.111091 tau=1.68 collapse_w=0.000 mid_frac=0.045 hard=score=4.3632560834 wNMSE=0.022490748 wMSE=473.8968 wMRED=0.84934879 wER=0.172314 wMAE=7.1002 wBias=4.7116 condBias=11.3700 dotDrift=+13.852sigma uMRED=0.0211648233 uER=0.257812 uMAE=9.0000 WCE=144 bias=-2.1250
[quad_soft:00600] loss=0.096988 tau=1.77 collapse_w=0.000 mid_frac=0.045 hard=score=4.0366358607 wNMSE=0.020576452 wMSE=433.5611 wMRED=0.84475143 wER=0.176267 wMAE=6.9500 wBias=4.5329 condBias=10.8289 dotDrift=+13.933sigma uMRED=0.0192138015 uER=0.267578 uMAE=7.4531 WCE=112 bias=-0.8750
[quad_soft:00800] loss=0.091752 tau=1.86 collapse_w=0.000 mid_frac=0.045 hard=score=4.0547775778 wNMSE=0.020576749 wMSE=433.5674 wMRED=0.84474903 wER=0.176160 wMAE=6.9481 wBias=4.5432 condBias=10.8308 dotDrift=+13.964sigma uMRED=0.0191109881 uER=0.259766 uMAE=7.3125 WCE=112 bias=-0.3750
[quad_soft:01000] loss=0.088952 tau=1.95 collapse_w=0.000 mid_frac=0.036 hard=score=4.1650297427 wNMSE=0.021114643 wMSE=444.9012 wMRED=0.89940580 wER=0.190717 wMAE=7.1255 wBias=4.6047 condBias=10.9433 dotDrift=+13.972sigma uMRED=0.0194176966 uER=0.287109 uMAE=7.3125 WCE=112 bias=-0.3750
[quad_soft:01200] loss=0.086998 tau=2.04 collapse_w=0.000 mid_frac=0.036 hard=score=4.1650297427 wNMSE=0.021114643 wMSE=444.9012 wMRED=0.89940580 wER=0.190717 wMAE=7.1255 wBias=4.6047 condBias=10.9433 dotDrift=+13.972sigma uMRED=0.0194176966 uER=0.287109 uMAE=7.3125 WCE=112 bias=-0.3750
[quad_soft:01400] loss=0.085368 tau=2.13 collapse_w=0.000 mid_frac=0.045 hard=score=4.1650297427 wNMSE=0.021114643 wMSE=444.9012 wMRED=0.89940580 wER=0.190717 wMAE=7.1255 wBias=4.6047 condBias=10.9433 dotDrift=+13.972sigma uMRED=0.0194176966 uER=0.287109 uMAE=7.3125 WCE=112 bias=-0.3750
[quad_soft:01600] loss=0.083835 tau=2.22 collapse_w=0.000 mid_frac=0.045 hard=score=4.1650297427 wNMSE=0.021114643 wMSE=444.9012 wMRED=0.89940580 wER=0.190717 wMAE=7.1255 wBias=4.6047 condBias=10.9433 dotDrift=+13.972sigma uMRED=0.0194176966 uER=0.287109 uMAE=7.3125 WCE=112 bias=-0.3750
[quad_soft:01800] loss=0.082311 tau=2.31 collapse_w=0.000 mid_frac=0.045 hard=score=4.1650297427 wNMSE=0.021114643 wMSE=444.9012 wMRED=0.89940580 wER=0.190717 wMAE=7.1255 wBias=4.6047 condBias=10.9433 dotDrift=+13.972sigma uMRED=0.0194176966 uER=0.287109 uMAE=7.3125 WCE=112 bias=-0.3750
[quad_soft:02000] loss=0.080842 tau=2.40 collapse_w=0.000 mid_frac=0.054 hard=score=4.1650297427 wNMSE=0.021114643 wMSE=444.9012 wMRED=0.89940580 wER=0.190717 wMAE=7.1255 wBias=4.6047 condBias=10.9433 dotDrift=+13.972sigma uMRED=0.0194176966 uER=0.287109 uMAE=7.3125 WCE=112 bias=-0.3750
[quad_soft:02200] loss=0.079253 tau=2.49 collapse_w=0.000 mid_frac=0.054 hard=score=4.1650297427 wNMSE=0.021114643 wMSE=444.9012 wMRED=0.89940580 wER=0.190717 wMAE=7.1255 wBias=4.6047 condBias=10.9433 dotDrift=+13.972sigma uMRED=0.0194176966 uER=0.287109 uMAE=7.3125 WCE=112 bias=-0.3750
[quad_soft:02400] loss=0.077701 tau=2.58 collapse_w=0.000 mid_frac=0.071 hard=score=4.1466422878 wNMSE=0.021114384 wMSE=444.8958 wMRED=0.89940410 wER=0.190789 wMAE=7.1271 wBias=4.5944 condBias=10.9415 dotDrift=+13.941sigma uMRED=0.0194930621 uER=0.292969 uMAE=7.4375 WCE=112 bias=-0.8750
[quad_soft:02600] loss=0.076071 tau=2.67 collapse_w=0.000 mid_frac=0.071 hard=score=3.2479740109 wNMSE=0.02536243 wMSE=534.4052 wMRED=0.91330184 wER=0.190789 wMAE=7.6668 wBias=4.0547 condBias=11.9870 dotDrift=+11.225sigma uMRED=0.0230470868 uER=0.292969 uMAE=9.4375 WCE=160 bias=-2.8750
[quad_soft:02800] loss=0.074467 tau=2.76 collapse_w=0.000 mid_frac=0.071 hard=score=3.2479740109 wNMSE=0.02536243 wMSE=534.4052 wMRED=0.91330184 wER=0.190789 wMAE=7.6668 wBias=4.0547 condBias=11.9870 dotDrift=+11.225sigma uMRED=0.0230470868 uER=0.292969 uMAE=9.4375 WCE=160 bias=-2.8750
[quad_soft:03000] loss=0.072761 tau=2.85 collapse_w=0.000 mid_frac=0.071 hard=score=3.2479740109 wNMSE=0.02536243 wMSE=534.4052 wMRED=0.91330184 wER=0.190789 wMAE=7.6668 wBias=4.0547 condBias=11.9870 dotDrift=+11.225sigma uMRED=0.0230470868 uER=0.292969 uMAE=9.4375 WCE=160 bias=-2.8750
[quad_soft:03200] loss=0.071063 tau=2.94 collapse_w=0.000 mid_frac=0.071 hard=score=5.1665380036 wNMSE=0.020145007 wMSE=424.4703 wMRED=0.89362222 wER=0.190789 wMAE=6.8730 wBias=5.1341 condBias=10.6316 dotDrift=+15.949sigma uMRED=0.0172622002 uER=0.292969 uMAE=6.1250 WCE=112 bias=1.1250
[quad_soft:03400] loss=0.069390 tau=3.03 collapse_w=0.000 mid_frac=0.080 hard=score=5.1665380036 wNMSE=0.020145007 wMSE=424.4703 wMRED=0.89362222 wER=0.190789 wMAE=6.8730 wBias=5.1341 condBias=10.6316 dotDrift=+15.949sigma uMRED=0.0172622002 uER=0.292969 uMAE=6.1250 WCE=112 bias=1.1250
[quad_soft:03600] loss=0.067735 tau=3.12 collapse_w=0.000 mid_frac=0.080 hard=score=5.8768927524 wNMSE=0.021772482 wMSE=458.7624 wMRED=0.91625652 wER=0.189265 wMAE=7.1548 wBias=5.4770 condBias=11.2115 dotDrift=+16.366sigma uMRED=0.0173139307 uER=0.273438 uMAE=5.8750 WCE=112 bias=1.6250
[quad_soft:03800] loss=0.066058 tau=3.21 collapse_w=0.000 mid_frac=0.080 hard=score=5.8768927524 wNMSE=0.021772482 wMSE=458.7624 wMRED=0.91625652 wER=0.189265 wMAE=7.1548 wBias=5.4770 condBias=11.2115 dotDrift=+16.366sigma uMRED=0.0173139307 uER=0.273438 uMAE=5.8750 WCE=112 bias=1.6250
[quad_soft:04000] loss=0.064405 tau=3.30 collapse_w=0.000 mid_frac=0.080 hard=score=6.1437708965 wNMSE=0.021706416 wMSE=457.3703 wMRED=0.90538799 wER=0.175351 wMAE=7.0307 wBias=5.6011 condBias=11.2690 dotDrift=+16.762sigma uMRED=0.0170304771 uER=0.261719 uMAE=5.7500 WCE=112 bias=1.7500
[quad_soft:04200] loss=0.062634 tau=3.39 collapse_w=0.000 mid_frac=0.080 hard=score=6.1437708965 wNMSE=0.021706416 wMSE=457.3703 wMRED=0.90538799 wER=0.175351 wMAE=7.0307 wBias=5.6011 condBias=11.2690 dotDrift=+16.762sigma uMRED=0.0170304771 uER=0.261719 uMAE=5.7500 WCE=112 bias=1.7500
[quad_soft:04400] loss=0.060864 tau=3.48 collapse_w=0.000 mid_frac=0.080 hard=score=6.1437708965 wNMSE=0.021706416 wMSE=457.3703 wMRED=0.90538799 wER=0.175351 wMAE=7.0307 wBias=5.6011 condBias=11.2690 dotDrift=+16.762sigma uMRED=0.0170304771 uER=0.261719 uMAE=5.7500 WCE=112 bias=1.7500
[quad_soft:04600] loss=0.059093 tau=3.57 collapse_w=0.000 mid_frac=0.071 hard=score=5.9797611887 wNMSE=0.021549883 wMSE=454.0721 wMRED=0.90413672 wER=0.178396 wMAE=7.0040 wBias=5.5257 condBias=11.2336 dotDrift=+16.596sigma uMRED=0.0168569041 uER=0.273438 uMAE=5.6875 WCE=104 bias=1.5000
[quad_soft:04800] loss=0.057338 tau=3.66 collapse_w=0.000 mid_frac=0.071 hard=score=5.9797611887 wNMSE=0.021549883 wMSE=454.0721 wMRED=0.90413672 wER=0.178396 wMAE=7.0040 wBias=5.5257 condBias=11.2336 dotDrift=+16.596sigma uMRED=0.0168569041 uER=0.273438 uMAE=5.6875 WCE=104 bias=1.5000
[quad_soft:05000] loss=0.055551 tau=3.75 collapse_w=0.000 mid_frac=0.071 hard=score=5.9797611887 wNMSE=0.021549883 wMSE=454.0721 wMRED=0.90413672 wER=0.178396 wMAE=7.0040 wBias=5.5257 condBias=11.2336 dotDrift=+16.596sigma uMRED=0.0168569041 uER=0.273438 uMAE=5.6875 WCE=104 bias=1.5000
[quad_soft:05200] loss=0.053797 tau=3.84 collapse_w=0.000 mid_frac=0.071 hard=score=6.0686546490 wNMSE=0.021495481 wMSE=452.9258 wMRED=0.90291979 wER=0.178396 wMAE=6.9626 wBias=5.5670 condBias=11.2528 dotDrift=+16.741sigma uMRED=0.0166624687 uER=0.273438 uMAE=5.5625 WCE=104 bias=1.6250
[quad_soft:05400] loss=0.052031 tau=3.93 collapse_w=0.000 mid_frac=0.071 hard=score=6.0686546490 wNMSE=0.021495481 wMSE=452.9258 wMRED=0.90291979 wER=0.178396 wMAE=6.9626 wBias=5.5670 condBias=11.2528 dotDrift=+16.741sigma uMRED=0.0166624687 uER=0.273438 uMAE=5.5625 WCE=104 bias=1.6250
[quad_soft:05600] loss=0.050261 tau=4.02 collapse_w=0.000 mid_frac=0.071 hard=score=6.0686546490 wNMSE=0.021495481 wMSE=452.9258 wMRED=0.90291979 wER=0.178396 wMAE=6.9626 wBias=5.5670 condBias=11.2528 dotDrift=+16.741sigma uMRED=0.0166624687 uER=0.273438 uMAE=5.5625 WCE=104 bias=1.6250
[quad_soft:05800] loss=0.048482 tau=4.11 collapse_w=0.000 mid_frac=0.071 hard=score=6.0686546490 wNMSE=0.021495481 wMSE=452.9258 wMRED=0.90291979 wER=0.178396 wMAE=6.9626 wBias=5.5670 condBias=11.2528 dotDrift=+16.741sigma uMRED=0.0166624687 uER=0.273438 uMAE=5.5625 WCE=104 bias=1.6250
[quad_soft:06000] loss=0.046717 tau=4.20 collapse_w=0.000 mid_frac=0.071 hard=score=6.0686546490 wNMSE=0.021495481 wMSE=452.9258 wMRED=0.90291979 wER=0.178396 wMAE=6.9626 wBias=5.5670 condBias=11.2528 dotDrift=+16.741sigma uMRED=0.0166624687 uER=0.273438 uMAE=5.5625 WCE=104 bias=1.6250
[quad_soft:06200] loss=0.045968 tau=4.29 collapse_w=0.025 mid_frac=0.062 hard=score=6.0909291405 wNMSE=0.021494268 wMSE=452.9002 wMRED=0.90290825 wER=0.178140 wMAE=6.9587 wBias=5.5773 condBias=11.2576 dotDrift=+16.773sigma uMRED=0.0165129945 uER=0.259766 uMAE=5.3438 WCE=104 bias=2.1250
[quad_soft:06400] loss=0.045007 tau=4.38 collapse_w=0.050 mid_frac=0.062 hard=score=6.0909291405 wNMSE=0.021494268 wMSE=452.9002 wMRED=0.90290825 wER=0.178140 wMAE=6.9587 wBias=5.5773 condBias=11.2576 dotDrift=+16.773sigma uMRED=0.0165129945 uER=0.259766 uMAE=5.3438 WCE=104 bias=2.1250
[quad_soft:06600] loss=0.043947 tau=4.47 collapse_w=0.075 mid_frac=0.062 hard=score=6.0909291405 wNMSE=0.021494268 wMSE=452.9002 wMRED=0.90290825 wER=0.178140 wMAE=6.9587 wBias=5.5773 condBias=11.2576 dotDrift=+16.773sigma uMRED=0.0165129945 uER=0.259766 uMAE=5.3438 WCE=104 bias=2.1250
[quad_soft:06800] loss=0.042758 tau=4.56 collapse_w=0.100 mid_frac=0.062 hard=score=6.0909291405 wNMSE=0.021494268 wMSE=452.9002 wMRED=0.90290825 wER=0.178140 wMAE=6.9587 wBias=5.5773 condBias=11.2576 dotDrift=+16.773sigma uMRED=0.0165129945 uER=0.259766 uMAE=5.3438 WCE=104 bias=2.1250
[quad_soft:07000] loss=0.041517 tau=4.65 collapse_w=0.125 mid_frac=0.062 hard=score=6.0909291405 wNMSE=0.021494268 wMSE=452.9002 wMRED=0.90290825 wER=0.178140 wMAE=6.9587 wBias=5.5773 condBias=11.2576 dotDrift=+16.773sigma uMRED=0.0165129945 uER=0.259766 uMAE=5.3438 WCE=104 bias=2.1250
[quad_soft:07200] loss=0.040228 tau=4.74 collapse_w=0.150 mid_frac=0.062 hard=score=6.0909291405 wNMSE=0.021494268 wMSE=452.9002 wMRED=0.90290825 wER=0.178140 wMAE=6.9587 wBias=5.5773 condBias=11.2576 dotDrift=+16.773sigma uMRED=0.0165129945 uER=0.259766 uMAE=5.3438 WCE=104 bias=2.1250
[quad_soft:07400] loss=0.038849 tau=4.83 collapse_w=0.175 mid_frac=0.062 hard=score=6.0909291405 wNMSE=0.021494268 wMSE=452.9002 wMRED=0.90290825 wER=0.178140 wMAE=6.9587 wBias=5.5773 condBias=11.2576 dotDrift=+16.773sigma uMRED=0.0165129945 uER=0.259766 uMAE=5.3438 WCE=104 bias=2.1250
[quad_soft:07600] loss=0.037438 tau=4.92 collapse_w=0.200 mid_frac=0.062 hard=score=6.0909291405 wNMSE=0.021494268 wMSE=452.9002 wMRED=0.90290825 wER=0.178140 wMAE=6.9587 wBias=5.5773 condBias=11.2576 dotDrift=+16.773sigma uMRED=0.0165129945 uER=0.259766 uMAE=5.3438 WCE=104 bias=2.1250
[quad_soft:07800] loss=0.035967 tau=5.01 collapse_w=0.225 mid_frac=0.062 hard=score=6.0909291405 wNMSE=0.021494268 wMSE=452.9002 wMRED=0.90290825 wER=0.178140 wMAE=6.9587 wBias=5.5773 condBias=11.2576 dotDrift=+16.773sigma uMRED=0.0165129945 uER=0.259766 uMAE=5.3438 WCE=104 bias=2.1250
[quad_soft:08000] loss=0.034445 tau=5.10 collapse_w=0.250 mid_frac=0.054 hard=score=6.0909291405 wNMSE=0.021494268 wMSE=452.9002 wMRED=0.90290825 wER=0.178140 wMAE=6.9587 wBias=5.5773 condBias=11.2576 dotDrift=+16.773sigma uMRED=0.0165129945 uER=0.259766 uMAE=5.3438 WCE=104 bias=2.1250
[quad_soft:08200] loss=0.032890 tau=5.19 collapse_w=0.275 mid_frac=0.054 hard=score=6.0909291405 wNMSE=0.021494268 wMSE=452.9002 wMRED=0.90290825 wER=0.178140 wMAE=6.9587 wBias=5.5773 condBias=11.2576 dotDrift=+16.773sigma uMRED=0.0165129945 uER=0.259766 uMAE=5.3438 WCE=104 bias=2.1250
[quad_soft:08400] loss=0.031320 tau=5.28 collapse_w=0.300 mid_frac=0.045 hard=score=6.0909291405 wNMSE=0.021494268 wMSE=452.9002 wMRED=0.90290825 wER=0.178140 wMAE=6.9587 wBias=5.5773 condBias=11.2576 dotDrift=+16.773sigma uMRED=0.0165129945 uER=0.259766 uMAE=5.3438 WCE=104 bias=2.1250
[quad_soft:08600] loss=0.029702 tau=5.37 collapse_w=0.325 mid_frac=0.045 hard=score=6.0909291405 wNMSE=0.021494268 wMSE=452.9002 wMRED=0.90290825 wER=0.178140 wMAE=6.9587 wBias=5.5773 condBias=11.2576 dotDrift=+16.773sigma uMRED=0.0165129945 uER=0.259766 uMAE=5.3438 WCE=104 bias=2.1250
[quad_soft:08800] loss=0.028052 tau=5.46 collapse_w=0.350 mid_frac=0.045 hard=score=6.0909291405 wNMSE=0.021494268 wMSE=452.9002 wMRED=0.90290825 wER=0.178140 wMAE=6.9587 wBias=5.5773 condBias=11.2576 dotDrift=+16.773sigma uMRED=0.0165129945 uER=0.259766 uMAE=5.3438 WCE=104 bias=2.1250
[quad_soft:09000] loss=0.026336 tau=5.55 collapse_w=0.375 mid_frac=0.045 hard=score=6.0909291405 wNMSE=0.021494268 wMSE=452.9002 wMRED=0.90290825 wER=0.178140 wMAE=6.9587 wBias=5.5773 condBias=11.2576 dotDrift=+16.773sigma uMRED=0.0165129945 uER=0.259766 uMAE=5.3438 WCE=104 bias=2.1250
[quad_soft:09200] loss=0.024557 tau=5.64 collapse_w=0.400 mid_frac=0.045 hard=score=6.0909291405 wNMSE=0.021494268 wMSE=452.9002 wMRED=0.90290825 wER=0.178140 wMAE=6.9587 wBias=5.5773 condBias=11.2576 dotDrift=+16.773sigma uMRED=0.0165129945 uER=0.259766 uMAE=5.3438 WCE=104 bias=2.1250
[quad_soft:09400] loss=0.022710 tau=5.73 collapse_w=0.425 mid_frac=0.045 hard=score=6.0909291405 wNMSE=0.021494268 wMSE=452.9002 wMRED=0.90290825 wER=0.178140 wMAE=6.9587 wBias=5.5773 condBias=11.2576 dotDrift=+16.773sigma uMRED=0.0165129945 uER=0.259766 uMAE=5.3438 WCE=104 bias=2.1250
[quad_soft:09600] loss=0.020762 tau=5.82 collapse_w=0.450 mid_frac=0.045 hard=score=6.0909291405 wNMSE=0.021494268 wMSE=452.9002 wMRED=0.90290825 wER=0.178140 wMAE=6.9587 wBias=5.5773 condBias=11.2576 dotDrift=+16.773sigma uMRED=0.0165129945 uER=0.259766 uMAE=5.3438 WCE=104 bias=2.1250
[quad_soft:09800] loss=0.018654 tau=5.91 collapse_w=0.475 mid_frac=0.045 hard=score=6.0909291405 wNMSE=0.021494268 wMSE=452.9002 wMRED=0.90290825 wER=0.178140 wMAE=6.9587 wBias=5.5773 condBias=11.2576 dotDrift=+16.773sigma uMRED=0.0165129945 uER=0.259766 uMAE=5.3438 WCE=104 bias=2.1250
[quad_soft:09999] loss=0.016368 tau=6.00 collapse_w=0.500 mid_frac=0.045 hard=score=6.0909291405 wNMSE=0.021494268 wMSE=452.9002 wMRED=0.90290825 wER=0.178140 wMAE=6.9587 wBias=5.5773 condBias=11.2576 dotDrift=+16.773sigma uMRED=0.0165129945 uER=0.259766 uMAE=5.3438 WCE=104 bias=2.1250
[quad_hard_ste:00000] loss=6.137547 tau=6.00 collapse_w=0.500 mid_frac=0.045 hard=score=6.0909291405 wNMSE=0.021494268 wMSE=452.9002 wMRED=0.90290825 wER=0.178140 wMAE=6.9587 wBias=5.5773 condBias=11.2576 dotDrift=+16.773sigma uMRED=0.0165129945 uER=0.259766 uMAE=5.3438 WCE=104 bias=2.1250
[quad_hard_ste:00200] loss=6.139086 tau=6.00 collapse_w=0.500 mid_frac=0.054 hard=score=6.0909291405 wNMSE=0.021494268 wMSE=452.9002 wMRED=0.90290825 wER=0.178140 wMAE=6.9587 wBias=5.5773 condBias=11.2576 dotDrift=+16.773sigma uMRED=0.0165129945 uER=0.259766 uMAE=5.3438 WCE=104 bias=2.1250
[quad_hard_ste:00400] loss=1.435175 tau=6.00 collapse_w=0.500 mid_frac=0.080 hard=score=1.3818968849 wNMSE=0.018124319 wMSE=381.8929 wMRED=0.86619856 wER=0.220274 wMAE=7.7052 wBias=2.6315 condBias=8.5362 dotDrift=+8.618sigma uMRED=0.0181680825 uER=0.273438 uMAE=6.6562 WCE=96 bias=-0.3750 *BEST*
[quad_hard_ste:00500] loss=1.303100 tau=6.00 collapse_w=0.500 mid_frac=0.089 hard=score=1.2482151898 wNMSE=0.018334879 wMSE=386.3295 wMRED=0.86750663 wER=0.220274 wMAE=7.8088 wBias=2.4969 condBias=8.5808 dotDrift=+8.130sigma uMRED=0.0187535513 uER=0.273438 uMAE=7.0938 WCE=96 bias=-0.8750 *BEST*
[quad_hard_ste:00600] loss=0.909760 tau=6.00 collapse_w=0.500 mid_frac=0.089 hard=score=0.8507359612 wNMSE=0.017881846 wMSE=376.7838 wMRED=0.92205188 wER=0.258583 wMAE=7.9942 wBias=2.0486 condBias=7.9665 dotDrift=+6.755sigma uMRED=0.0193007090 uER=0.303711 uMAE=7.2812 WCE=96 bias=-1.3750 *BEST*
[quad_hard_ste:00775] loss=0.288064 tau=6.00 collapse_w=0.500 mid_frac=0.098 hard=score=0.2315312063 wNMSE=0.023970667 wMSE=505.0798 wMRED=0.94521693 wER=0.260036 wMAE=8.8776 wBias=0.9692 condBias=10.3356 dotDrift=+2.760sigma uMRED=0.0256486488 uER=0.310547 uMAE=10.8438 WCE=184 bias=-5.3750 *BEST*
[quad_hard_ste:00800] loss=0.288011 tau=6.00 collapse_w=0.500 mid_frac=0.107 hard=score=0.2315312063 wNMSE=0.023970667 wMSE=505.0798 wMRED=0.94521693 wER=0.260036 wMAE=8.8776 wBias=0.9692 condBias=10.3356 dotDrift=+2.760sigma uMRED=0.0256486488 uER=0.310547 uMAE=10.8438 WCE=184 bias=-5.3750
[quad_hard_ste:01000] loss=340.808441 tau=6.00 collapse_w=0.500 mid_frac=0.098 hard=score=340.5325022476 wNMSE=0.82396617 wMSE=17361.5797 wMRED=5.71912929 wER=0.260036 wMAE=41.8004 wBias=-41.7611 condBias=80.7590 dotDrift=-20.284sigma uMRED=0.0889012459 uER=0.310547 uMAE=22.8125 WCE=488 bias=-21.3750
[quad_hard_ste:01200] loss=302.748871 tau=6.00 collapse_w=0.500 mid_frac=0.062 hard=score=302.4833037039 wNMSE=0.80256145 wMSE=16910.5664 wMRED=5.53542876 wER=0.226477 wMAE=39.6729 wBias=-39.3514 condBias=77.8613 dotDrift=-19.367sigma uMRED=0.0804596543 uER=0.291992 uMAE=18.8672 WCE=472 bias=-16.8750
[quad_hard_ste:01400] loss=299.661774 tau=6.00 collapse_w=0.500 mid_frac=0.036 hard=score=299.3987560123 wNMSE=0.80046859 wMSE=16866.4683 wMRED=5.50918259 wER=0.216406 wMAE=39.5803 wBias=-39.1496 condBias=77.7560 dotDrift=-19.293sigma uMRED=0.0802348785 uER=0.290039 uMAE=18.8281 WCE=472 bias=-16.7500
[quad_hard_ste:01600] loss=299.661285 tau=6.00 collapse_w=0.500 mid_frac=0.027 hard=score=299.3987560123 wNMSE=0.80046859 wMSE=16866.4683 wMRED=5.50918259 wER=0.216406 wMAE=39.5803 wBias=-39.1496 condBias=77.7560 dotDrift=-19.293sigma uMRED=0.0802348785 uER=0.290039 uMAE=18.8281 WCE=472 bias=-16.7500
[quad_hard_ste:01800] loss=299.660706 tau=6.00 collapse_w=0.500 mid_frac=0.027 hard=score=299.3987560123 wNMSE=0.80046859 wMSE=16866.4683 wMRED=5.50918259 wER=0.216406 wMAE=39.5803 wBias=-39.1496 condBias=77.7560 dotDrift=-19.293sigma uMRED=0.0802348785 uER=0.290039 uMAE=18.8281 WCE=472 bias=-16.7500
[quad_hard_ste:02000] loss=299.659760 tau=6.00 collapse_w=0.500 mid_frac=0.027 hard=score=299.3987560123 wNMSE=0.80046859 wMSE=16866.4683 wMRED=5.50918259 wER=0.216406 wMAE=39.5803 wBias=-39.1496 condBias=77.7560 dotDrift=-19.293sigma uMRED=0.0802348785 uER=0.290039 uMAE=18.8281 WCE=472 bias=-16.7500
[quad_hard_ste:02200] loss=299.657684 tau=6.00 collapse_w=0.500 mid_frac=0.027 hard=score=299.3987560123 wNMSE=0.80046859 wMSE=16866.4683 wMRED=5.50918259 wER=0.216406 wMAE=39.5803 wBias=-39.1496 condBias=77.7560 dotDrift=-19.293sigma uMRED=0.0802348785 uER=0.290039 uMAE=18.8281 WCE=472 bias=-16.7500
[quad_hard_ste:02400] loss=299.655212 tau=6.00 collapse_w=0.500 mid_frac=0.027 hard=score=299.3987560123 wNMSE=0.80046859 wMSE=16866.4683 wMRED=5.50918259 wER=0.216406 wMAE=39.5803 wBias=-39.1496 condBias=77.7560 dotDrift=-19.293sigma uMRED=0.0802348785 uER=0.290039 uMAE=18.8281 WCE=472 bias=-16.7500
[quad_hard_ste:02600] loss=299.654083 tau=6.00 collapse_w=0.500 mid_frac=0.027 hard=score=299.3987560123 wNMSE=0.80046859 wMSE=16866.4683 wMRED=5.50918259 wER=0.216406 wMAE=39.5803 wBias=-39.1496 condBias=77.7560 dotDrift=-19.293sigma uMRED=0.0802348785 uER=0.290039 uMAE=18.8281 WCE=472 bias=-16.7500
[quad_hard_ste:02800] loss=299.653412 tau=6.00 collapse_w=0.500 mid_frac=0.027 hard=score=299.3987560123 wNMSE=0.80046859 wMSE=16866.4683 wMRED=5.50918259 wER=0.216406 wMAE=39.5803 wBias=-39.1496 condBias=77.7560 dotDrift=-19.293sigma uMRED=0.0802348785 uER=0.290039 uMAE=18.8281 WCE=472 bias=-16.7500
[quad_hard_ste:03000] loss=299.652985 tau=6.00 collapse_w=0.500 mid_frac=0.027 hard=score=299.3987560123 wNMSE=0.80046859 wMSE=16866.4683 wMRED=5.50918259 wER=0.216406 wMAE=39.5803 wBias=-39.1496 condBias=77.7560 dotDrift=-19.293sigma uMRED=0.0802348785 uER=0.290039 uMAE=18.8281 WCE=472 bias=-16.7500
[quad_hard_ste:03200] loss=299.652679 tau=6.00 collapse_w=0.500 mid_frac=0.027 hard=score=299.3987560123 wNMSE=0.80046859 wMSE=16866.4683 wMRED=5.50918259 wER=0.216406 wMAE=39.5803 wBias=-39.1496 condBias=77.7560 dotDrift=-19.293sigma uMRED=0.0802348785 uER=0.290039 uMAE=18.8281 WCE=472 bias=-16.7500
[quad_hard_ste:03400] loss=299.652435 tau=6.00 collapse_w=0.500 mid_frac=0.027 hard=score=299.3987560123 wNMSE=0.80046859 wMSE=16866.4683 wMRED=5.50918259 wER=0.216406 wMAE=39.5803 wBias=-39.1496 condBias=77.7560 dotDrift=-19.293sigma uMRED=0.0802348785 uER=0.290039 uMAE=18.8281 WCE=472 bias=-16.7500
[quad_hard_ste:03600] loss=299.652252 tau=6.00 collapse_w=0.500 mid_frac=0.027 hard=score=299.3987560123 wNMSE=0.80046859 wMSE=16866.4683 wMRED=5.50918259 wER=0.216406 wMAE=39.5803 wBias=-39.1496 condBias=77.7560 dotDrift=-19.293sigma uMRED=0.0802348785 uER=0.290039 uMAE=18.8281 WCE=472 bias=-16.7500
[quad_hard_ste:03800] loss=299.652069 tau=6.00 collapse_w=0.500 mid_frac=0.027 hard=score=299.3987560123 wNMSE=0.80046859 wMSE=16866.4683 wMRED=5.50918259 wER=0.216406 wMAE=39.5803 wBias=-39.1496 condBias=77.7560 dotDrift=-19.293sigma uMRED=0.0802348785 uER=0.290039 uMAE=18.8281 WCE=472 bias=-16.7500
[quad_hard_ste:03999] loss=299.651917 tau=6.00 collapse_w=0.500 mid_frac=0.027 hard=score=299.3987560123 wNMSE=0.80046859 wMSE=16866.4683 wMRED=5.50918259 wER=0.216406 wMAE=39.5803 wBias=-39.1496 condBias=77.7560 dotDrift=-19.293sigma uMRED=0.0802348785 uER=0.290039 uMAE=18.8281 WCE=472 bias=-16.7500
[pop00_soft:00000] loss=6.868016 tau=1.50 collapse_w=0.000 mid_frac=0.384 hard=score=58.6212579713 wNMSE=2.0483409 wMSE=43160.0661 wMRED=8.95148620 wER=0.437128 wMAE=50.5986 wBias=16.9175 condBias=79.7245 dotDrift=+5.212sigma uMRED=0.1649154132 uER=0.437500 uMAE=74.3867 WCE=3904 bias=44.9375
[pop00_soft:00200] loss=2.088118 tau=2.25 collapse_w=0.000 mid_frac=0.402 hard=score=445.9572574252 wNMSE=1.1173795 wMSE=23544.0173 wMRED=7.31504494 wER=0.381305 wMAE=57.4863 wBias=-47.7886 condBias=86.5969 dotDrift=-19.933sigma uMRED=0.1631930380 uER=0.431641 uMAE=70.4395 WCE=612 bias=-20.3125
[pop00_soft:00400] loss=0.487118 tau=3.00 collapse_w=0.000 mid_frac=0.277 hard=score=11.2506909515 wNMSE=0.058115312 wMSE=1224.5328 wMRED=1.29235476 wER=0.287555 wMAE=14.4154 wBias=-7.5699 condBias=15.5764 dotDrift=-13.845sigma uMRED=0.0595780869 uER=0.418945 uMAE=36.5859 WCE=372 bias=-6.3750
[pop00_soft:00600] loss=0.236231 tau=3.75 collapse_w=0.000 mid_frac=0.241 hard=score=4.4912232319 wNMSE=0.04161186 wMSE=876.7928 wMRED=0.94725068 wER=0.274230 wMAE=11.6198 wBias=-4.7626 condBias=11.9025 dotDrift=-10.294sigma uMRED=0.0584922826 uER=0.416016 uMAE=39.4375 WCE=372 bias=-12.5000
[pop00_soft:00800] loss=0.174688 tau=4.50 collapse_w=0.084 mid_frac=0.232 hard=score=3.7339540839 wNMSE=0.040007345 wMSE=842.9845 wMRED=0.92846215 wER=0.278666 wMAE=11.2066 wBias=-4.3343 condBias=12.1062 dotDrift=-9.554sigma uMRED=0.0537655099 uER=0.386719 uMAE=34.0703 WCE=372 bias=-15.0000
[pop00_soft:01000] loss=0.100329 tau=5.25 collapse_w=0.293 mid_frac=0.170 hard=score=4.1649228239 wNMSE=0.040103984 wMSE=845.0208 wMRED=0.93229668 wER=0.265120 wMAE=11.1626 wBias=-4.5825 condBias=12.2179 dotDrift=-10.089sigma uMRED=0.0538322277 uER=0.377930 uMAE=34.0781 WCE=372 bias=-15.2500
[pop00_soft:01199] loss=0.066449 tau=6.00 collapse_w=0.500 mid_frac=0.179 hard=score=4.1649228239 wNMSE=0.040103984 wMSE=845.0208 wMRED=0.93229668 wER=0.265120 wMAE=11.1626 wBias=-4.5825 condBias=12.2179 dotDrift=-10.089sigma uMRED=0.0538322277 uER=0.377930 uMAE=34.0781 WCE=372 bias=-15.2500
[pop00_hard:00000] loss=4.217876 tau=6.00 collapse_w=0.500 mid_frac=0.179 hard=score=4.1649228239 wNMSE=0.040103984 wMSE=845.0208 wMRED=0.93229668 wER=0.265120 wMAE=11.1626 wBias=-4.5825 condBias=12.2179 dotDrift=-10.089sigma uMRED=0.0538322277 uER=0.377930 uMAE=34.0781 WCE=372 bias=-15.2500
[pop00_hard:00200] loss=4.213737 tau=6.00 collapse_w=0.500 mid_frac=0.170 hard=score=4.1649228239 wNMSE=0.040103984 wMSE=845.0208 wMRED=0.93229668 wER=0.265120 wMAE=11.1626 wBias=-4.5825 condBias=12.2179 dotDrift=-10.089sigma uMRED=0.0538322277 uER=0.377930 uMAE=34.0781 WCE=372 bias=-15.2500
[pop00_hard:00400] loss=4.213602 tau=6.00 collapse_w=0.500 mid_frac=0.161 hard=score=4.1649228239 wNMSE=0.040103984 wMSE=845.0208 wMRED=0.93229668 wER=0.265120 wMAE=11.1626 wBias=-4.5825 condBias=12.2179 dotDrift=-10.089sigma uMRED=0.0538322277 uER=0.377930 uMAE=34.0781 WCE=372 bias=-15.2500
[pop00_hard:00550] loss=0.228263 tau=6.00 collapse_w=0.500 mid_frac=0.116 hard=score=0.1926800508 wNMSE=0.049723879 wMSE=1047.7191 wMRED=0.89173931 wER=0.265843 wMAE=10.7002 wBias=-0.6218 condBias=14.3644 dotDrift=-1.230sigma uMRED=0.0686302065 uER=0.390625 uMAE=48.5078 WCE=560 bias=34.2500 *BEST*
[pop00_hard:00599] loss=0.227555 tau=6.00 collapse_w=0.500 mid_frac=0.107 hard=score=0.1926800508 wNMSE=0.049723879 wMSE=1047.7191 wMRED=0.89173931 wER=0.265843 wMAE=10.7002 wBias=-0.6218 condBias=14.3644 dotDrift=-1.230sigma uMRED=0.0686302065 uER=0.390625 uMAE=48.5078 WCE=560 bias=34.2500
[pop00] done (conf=0.53, noise=0.5); global best score=0.1926800508 wNMSE=0.049723879 wMSE=1047.7191 wMRED=0.89173931 wER=0.265843 wMAE=10.7002 wBias=-0.6218 condBias=14.3644 dotDrift=-1.230sigma uMRED=0.0686302065 uER=0.390625 uMAE=48.5078 WCE=560 bias=34.2500
[pop01_soft:00000] loss=13.453234 tau=1.50 collapse_w=0.000 mid_frac=0.348 hard=score=1103.6430837258 wNMSE=1.5712727 wMSE=33107.8829 wMRED=6.58391185 wER=0.437105 wMAE=88.8062 wBias=75.2405 condBias=140.7297 dotDrift=+26.465sigma uMRED=0.1720959843 uER=0.436523 uMAE=79.4434 WCE=897 bias=37.1875
[pop01_soft:00200] loss=4.946286 tau=2.25 collapse_w=0.000 mid_frac=0.402 hard=score=63.2726274892 wNMSE=3.6008705 wMSE=75873.0179 wMRED=15.02390088 wER=0.437128 wMAE=139.3421 wBias=-17.1889 condBias=149.5621 dotDrift=-3.994sigma uMRED=0.2953980570 uER=0.437500 uMAE=110.4551 WCE=896 bias=-51.9375
[pop01_soft:00400] loss=0.984665 tau=3.00 collapse_w=0.000 mid_frac=0.393 hard=score=24.2841842440 wNMSE=0.16771952 wMSE=3533.9749 wMRED=1.21787622 wER=0.297642 wMAE=17.3263 wBias=-11.1119 condBias=27.3168 dotDrift=-11.963sigma uMRED=0.1025705233 uER=0.427734 uMAE=67.5898 WCE=628 bias=-59.5000
[pop01_soft:00600] loss=0.313600 tau=3.75 collapse_w=0.000 mid_frac=0.357 hard=score=22.7379176394 wNMSE=0.095556579 wMSE=2013.4482 wMRED=1.31663208 wER=0.297642 wMAE=16.6351 wBias=-10.7761 condBias=19.7935 dotDrift=-15.370sigma uMRED=0.0866337462 uER=0.427734 uMAE=55.3828 WCE=444 bias=-50.6250
[pop01_soft:00800] loss=0.192561 tau=4.50 collapse_w=0.084 mid_frac=0.304 hard=score=1.3411600645 wNMSE=0.061884719 wMSE=1303.9570 wMRED=0.84820753 wER=0.287609 wMAE=11.4926 wBias=-2.5021 condBias=19.7870 dotDrift=-4.435sigma uMRED=0.0762344336 uER=0.421875 uMAE=49.6875 WCE=380 bias=-45.0000
[pop01_soft:01000] loss=0.139412 tau=5.25 collapse_w=0.293 mid_frac=0.232 hard=score=12.0216779740 wNMSE=0.067257208 wMSE=1417.1594 wMRED=0.98866692 wER=0.285624 wMAE=13.4894 wBias=-7.8232 condBias=18.2481 dotDrift=-13.300sigma uMRED=0.0772659720 uER=0.420898 uMAE=50.0469 WCE=380 bias=-47.0000
[pop01_soft:01199] loss=0.101299 tau=6.00 collapse_w=0.500 mid_frac=0.232 hard=score=12.0216779740 wNMSE=0.067257208 wMSE=1417.1594 wMRED=0.98866692 wER=0.285624 wMAE=13.4894 wBias=-7.8232 condBias=18.2481 dotDrift=-13.300sigma uMRED=0.0772659720 uER=0.420898 uMAE=50.0469 WCE=380 bias=-47.0000
[pop01_hard:00000] loss=12.077344 tau=6.00 collapse_w=0.500 mid_frac=0.232 hard=score=12.0216779740 wNMSE=0.067257208 wMSE=1417.1594 wMRED=0.98866692 wER=0.285624 wMAE=13.4894 wBias=-7.8232 condBias=18.2481 dotDrift=-13.300sigma uMRED=0.0772659720 uER=0.420898 uMAE=50.0469 WCE=380 bias=-47.0000
[pop01_hard:00200] loss=12.074183 tau=6.00 collapse_w=0.500 mid_frac=0.232 hard=score=12.0216779740 wNMSE=0.067257208 wMSE=1417.1594 wMRED=0.98866692 wER=0.285624 wMAE=13.4894 wBias=-7.8232 condBias=18.2481 dotDrift=-13.300sigma uMRED=0.0772659720 uER=0.420898 uMAE=50.0469 WCE=380 bias=-47.0000
[pop01_hard:00400] loss=4.924554 tau=6.00 collapse_w=0.500 mid_frac=0.214 hard=score=4.8808363030 wNMSE=0.058828917 wMSE=1239.5690 wMRED=0.76668884 wER=0.286653 wMAE=11.3794 wBias=-4.9529 condBias=17.5549 dotDrift=-9.003sigma uMRED=0.0739716591 uER=0.418945 uMAE=48.9297 WCE=380 bias=-45.0000
[pop01_hard:00500] loss=0.230167 tau=6.00 collapse_w=0.500 mid_frac=0.188 hard=score=0.1873708093 wNMSE=0.10761378 wMSE=2267.5023 wMRED=0.82196834 wER=0.286653 wMAE=13.1669 wBias=-0.0655 condBias=22.8894 dotDrift=-0.088sigma uMRED=0.0772169477 uER=0.418945 uMAE=47.9297 WCE=416 bias=-20.7500 *BEST*
[pop01_hard:00599] loss=3.153174 tau=6.00 collapse_w=0.500 mid_frac=0.179 hard=score=0.2159753779 wNMSE=0.10793868 wMSE=2274.3482 wMRED=0.76758109 wER=0.286653 wMAE=12.9880 wBias=0.3827 condBias=22.9072 dotDrift=+0.514sigma uMRED=0.0766214667 uER=0.418945 uMAE=47.6797 WCE=416 bias=-20.2500
[pop01] done (conf=0.51, noise=1.0); global best score=0.1873708093 wNMSE=0.10761378 wMSE=2267.5023 wMRED=0.82196834 wER=0.286653 wMAE=13.1669 wBias=-0.0655 condBias=22.8894 dotDrift=-0.088sigma uMRED=0.0772169477 uER=0.418945 uMAE=47.9297 WCE=416 bias=-20.7500
[pop02_soft:00000] loss=17.803062 tau=1.50 collapse_w=0.000 mid_frac=0.304 hard=score=837.8497490401 wNMSE=8.0835235 wMSE=170325.8486 wMRED=20.80148127 wER=0.437128 wMAE=212.2866 wBias=65.1229 condBias=215.6236 dotDrift=+10.099sigma uMRED=0.3479596172 uER=0.437500 uMAE=112.6660 WCE=932 bias=-6.3125
[pop02_soft:00200] loss=3.327988 tau=2.25 collapse_w=0.000 mid_frac=0.286 hard=score=866.8165827393 wNMSE=2.8001827 wMSE=59001.9316 wMRED=12.29324283 wER=0.387511 wMAE=101.5657 wBias=-66.5881 condBias=138.4794 dotDrift=-17.545sigma uMRED=0.2644574159 uER=0.434570 uMAE=111.3125 WCE=945 bias=-97.2500
[pop02_soft:00400] loss=1.178025 tau=3.00 collapse_w=0.000 mid_frac=0.232 hard=score=23.2633028055 wNMSE=0.0717938 wMSE=1512.7487 wMRED=1.32806645 wER=0.287609 wMAE=15.8643 wBias=-10.9080 condBias=19.0202 dotDrift=-17.949sigma uMRED=0.0727102882 uER=0.421875 uMAE=46.3125 WCE=352 bias=-7.1250
[pop02_soft:00600] loss=0.246696 tau=3.75 collapse_w=0.000 mid_frac=0.161 hard=score=8.4978648679 wNMSE=0.043119466 wMSE=908.5592 wMRED=0.97989603 wER=0.273803 wMAE=12.4130 wBias=-6.5794 condBias=12.6789 dotDrift=-13.970sigma uMRED=0.0527307281 uER=0.409180 uMAE=33.1719 WCE=336 bias=-14.2500
[pop02_soft:00800] loss=0.108722 tau=4.50 collapse_w=0.084 mid_frac=0.143 hard=score=7.9977776518 wNMSE=0.040380965 wMSE=850.8569 wMRED=1.00483257 wER=0.286723 wMAE=12.3291 wBias=-6.3863 condBias=12.5802 dotDrift=-14.012sigma uMRED=0.0466826726 uER=0.408203 uMAE=27.9766 WCE=200 bias=-12.8750
[pop02_soft:01000] loss=0.082395 tau=5.25 collapse_w=0.293 mid_frac=0.134 hard=score=7.9902482364 wNMSE=0.039923472 wMSE=841.2172 wMRED=0.99693692 wER=0.273396 wMAE=12.0989 wBias=-6.3831 condBias=12.9500 dotDrift=-14.085sigma uMRED=0.0464823297 uER=0.405273 uMAE=28.0469 WCE=200 bias=-12.6250
[pop02_soft:01199] loss=0.054627 tau=6.00 collapse_w=0.500 mid_frac=0.107 hard=score=7.9902482364 wNMSE=0.039923472 wMSE=841.2172 wMRED=0.99693692 wER=0.273396 wMAE=12.0989 wBias=-6.3831 condBias=12.9500 dotDrift=-14.085sigma uMRED=0.0464823297 uER=0.405273 uMAE=28.0469 WCE=200 bias=-12.6250
[pop02_hard:00000] loss=8.052564 tau=6.00 collapse_w=0.500 mid_frac=0.107 hard=score=7.9902482364 wNMSE=0.039923472 wMSE=841.2172 wMRED=0.99693692 wER=0.273396 wMAE=12.0989 wBias=-6.3831 condBias=12.9500 dotDrift=-14.085sigma uMRED=0.0464823297 uER=0.405273 uMAE=28.0469 WCE=200 bias=-12.6250
[pop02_hard:00200] loss=8.048444 tau=6.00 collapse_w=0.500 mid_frac=0.098 hard=score=3.6156475066 wNMSE=0.047267246 wMSE=995.9560 wMRED=1.15837017 wER=0.273396 wMAE=13.1980 wBias=4.2590 condBias=16.7897 dotDrift=+8.637sigma uMRED=0.0504865151 uER=0.405273 uMAE=28.8594 WCE=200 bias=-8.6250
[pop02_hard:00400] loss=3.679780 tau=6.00 collapse_w=0.500 mid_frac=0.098 hard=score=3.6156475066 wNMSE=0.047267246 wMSE=995.9560 wMRED=1.15837017 wER=0.273396 wMAE=13.1980 wBias=4.2590 condBias=16.7897 dotDrift=+8.637sigma uMRED=0.0504865151 uER=0.405273 uMAE=28.8594 WCE=200 bias=-8.6250
[pop02_hard:00599] loss=8.045464 tau=6.00 collapse_w=0.500 mid_frac=0.107 hard=score=7.9902482364 wNMSE=0.039923472 wMSE=841.2172 wMRED=0.99693692 wER=0.273396 wMAE=12.0989 wBias=-6.3831 condBias=12.9500 dotDrift=-14.085sigma uMRED=0.0464823297 uER=0.405273 uMAE=28.0469 WCE=200 bias=-12.6250
[pop02] done (conf=0.53, noise=0.5); global best score=0.1873708093 wNMSE=0.10761378 wMSE=2267.5023 wMRED=0.82196834 wER=0.286653 wMAE=13.1669 wBias=-0.0655 condBias=22.8894 dotDrift=-0.088sigma uMRED=0.0772169477 uER=0.418945 uMAE=47.9297 WCE=416 bias=-20.7500
[pop03_soft:00000] loss=7.972907 tau=1.50 collapse_w=0.000 mid_frac=0.429 hard=score=436.9779058409 wNMSE=1.4681521 wMSE=30935.0552 wMRED=8.03992525 wER=0.436585 wMAE=94.1626 wBias=47.2815 condBias=92.5492 dotDrift=+17.205sigma uMRED=0.2209413716 uER=0.431641 uMAE=105.3027 WCE=672 bias=58.0000
[pop03_soft:00200] loss=4.051935 tau=2.25 collapse_w=0.000 mid_frac=0.384 hard=score=784.6851258184 wNMSE=2.8261878 wMSE=59549.8782 wMRED=11.79069110 wER=0.373573 wMAE=97.8192 wBias=-63.3368 condBias=137.3335 dotDrift=-16.611sigma uMRED=0.2564434441 uER=0.425781 uMAE=103.1562 WCE=937 bias=-14.7500
[pop03_soft:00400] loss=2.869246 tau=3.00 collapse_w=0.000 mid_frac=0.384 hard=score=159.0418316965 wNMSE=1.0220866 wMSE=21536.1250 wMRED=6.63950663 wER=0.344706 wMAE=57.7395 wBias=-28.4516 condBias=74.4667 dotDrift=-12.408sigma uMRED=0.1665084998 uER=0.413086 uMAE=76.5703 WCE=552 bias=-7.2500
[pop03_soft:00600] loss=1.796985 tau=3.75 collapse_w=0.000 mid_frac=0.384 hard=score=290.8676778836 wNMSE=0.90450363 wMSE=19058.5638 wMRED=5.63694339 wER=0.260035 wMAE=46.8205 wBias=-38.5753 condBias=76.6648 dotDrift=-17.883sigma uMRED=0.1518229216 uER=0.410156 uMAE=69.1250 WCE=480 bias=-17.2500
[pop03_soft:00800] loss=1.493948 tau=4.50 collapse_w=0.084 mid_frac=0.366 hard=score=271.6707384869 wNMSE=0.87482365 wMSE=18433.1846 wMRED=5.52563884 wER=0.273461 wMAE=45.8761 wBias=-37.2773 condBias=74.1693 dotDrift=-17.572sigma uMRED=0.1501981502 uER=0.410156 uMAE=67.4453 WCE=472 bias=-10.3750
[pop03_soft:01000] loss=1.322867 tau=5.25 collapse_w=0.293 mid_frac=0.348 hard=score=271.6707384869 wNMSE=0.87482365 wMSE=18433.1846 wMRED=5.52563884 wER=0.273461 wMAE=45.8761 wBias=-37.2773 condBias=74.1693 dotDrift=-17.572sigma uMRED=0.1501981502 uER=0.410156 uMAE=67.4453 WCE=472 bias=-10.3750
[pop03_soft:01199] loss=1.161606 tau=6.00 collapse_w=0.500 mid_frac=0.312 hard=score=271.6707384869 wNMSE=0.87482365 wMSE=18433.1846 wMRED=5.52563884 wER=0.273461 wMAE=45.8761 wBias=-37.2773 condBias=74.1693 dotDrift=-17.572sigma uMRED=0.1501981502 uER=0.410156 uMAE=67.4453 WCE=472 bias=-10.3750
[pop03_hard:00000] loss=271.950012 tau=6.00 collapse_w=0.500 mid_frac=0.312 hard=score=271.6707384869 wNMSE=0.87482365 wMSE=18433.1846 wMRED=5.52563884 wER=0.273461 wMAE=45.8761 wBias=-37.2773 condBias=74.1693 dotDrift=-17.572sigma uMRED=0.1501981502 uER=0.410156 uMAE=67.4453 WCE=472 bias=-10.3750
[pop03_hard:00200] loss=271.947449 tau=6.00 collapse_w=0.500 mid_frac=0.312 hard=score=271.6707384869 wNMSE=0.87482365 wMSE=18433.1846 wMRED=5.52563884 wER=0.273461 wMAE=45.8761 wBias=-37.2773 condBias=74.1693 dotDrift=-17.572sigma uMRED=0.1501981502 uER=0.410156 uMAE=67.4453 WCE=472 bias=-10.3750
[pop03_hard:00400] loss=271.946930 tau=6.00 collapse_w=0.500 mid_frac=0.312 hard=score=271.6707384869 wNMSE=0.87482365 wMSE=18433.1846 wMRED=5.52563884 wER=0.273461 wMAE=45.8761 wBias=-37.2773 condBias=74.1693 dotDrift=-17.572sigma uMRED=0.1501981502 uER=0.410156 uMAE=67.4453 WCE=472 bias=-10.3750
[pop03_hard:00599] loss=243.076355 tau=6.00 collapse_w=0.500 mid_frac=0.232 hard=score=242.8007430435 wNMSE=0.82315057 wMSE=17344.3943 wMRED=5.46862314 wER=0.273643 wMAE=44.0943 wBias=-35.2361 condBias=70.3322 dotDrift=-17.123sigma uMRED=0.1398255692 uER=0.412109 uMAE=61.9141 WCE=440 bias=3.0000
[pop03] done (conf=0.51, noise=1.0); global best score=0.1873708093 wNMSE=0.10761378 wMSE=2267.5023 wMRED=0.82196834 wER=0.286653 wMAE=13.1669 wBias=-0.0655 condBias=22.8894 dotDrift=-0.088sigma uMRED=0.0772169477 uER=0.418945 uMAE=47.9297 WCE=416 bias=-20.7500
[pop04_soft:00000] loss=15.524424 tau=1.50 collapse_w=0.000 mid_frac=0.312 hard=score=243.2415519574 wNMSE=2.2122801 wMSE=46614.3860 wMRED=15.44950304 wER=0.437019 wMAE=57.5921 wBias=35.1370 condBias=91.8660 dotDrift=+10.416sigma uMRED=0.2020486909 uER=0.431641 uMAE=76.8735 WCE=3965 bias=32.2500
[pop04_soft:00200] loss=2.387604 tau=2.25 collapse_w=0.000 mid_frac=0.241 hard=score=571.6611611694 wNMSE=1.6013309 wMSE=33741.2320 wMRED=7.91178303 wER=0.320894 wMAE=62.3360 wBias=-54.0914 condBias=105.9523 dotDrift=-18.846sigma uMRED=0.1908805306 uER=0.427734 uMAE=81.9375 WCE=637 bias=-52.3750
[pop04_soft:00400] loss=0.416713 tau=3.00 collapse_w=0.000 mid_frac=0.170 hard=score=1.0678554258 wNMSE=0.030895938 wMSE=651.0004 wMRED=0.58233150 wER=0.282725 wMAE=8.9327 wBias=-2.2647 condBias=12.7374 dotDrift=-5.681sigma uMRED=0.0538933010 uER=0.382812 uMAE=34.8516 WCE=388 bias=-22.1250
[pop04_soft:00600] loss=0.104252 tau=3.75 collapse_w=0.000 mid_frac=0.214 hard=score=0.4610564504 wNMSE=0.029983062 wMSE=631.7654 wMRED=0.55777614 wER=0.269347 wMAE=8.5376 wBias=-1.4195 condBias=12.4325 dotDrift=-3.614sigma uMRED=0.0525221386 uER=0.376953 uMAE=34.0234 WCE=388 bias=-20.7500
[pop04_soft:00650] loss=0.091384 tau=3.94 collapse_w=0.000 mid_frac=0.205 hard=score=0.1624231077 wNMSE=0.029831614 wMSE=628.5743 wMRED=0.53490496 wER=0.253589 wMAE=8.1745 wBias=-0.6925 condBias=12.3308 dotDrift=-1.768sigma uMRED=0.0512989141 uER=0.368164 uMAE=33.3906 WCE=384 bias=-19.5000 *BEST*
[pop04_soft:00675] loss=0.085893 tau=4.03 collapse_w=0.000 mid_frac=0.214 hard=score=0.1071851698 wNMSE=0.029686458 wMSE=625.5157 wMRED=0.50718083 wER=0.253589 wMAE=8.0530 wBias=-0.4434 condBias=12.2279 dotDrift=-1.135sigma uMRED=0.0504118294 uER=0.368164 uMAE=32.7656 WCE=384 bias=-18.7500 *BEST*
[pop04_soft:00700] loss=0.080575 tau=4.13 collapse_w=0.000 mid_frac=0.223 hard=score=0.0549004355 wNMSE=0.026840149 wMSE=565.5419 wMRED=0.49920619 wER=0.253518 wMAE=7.7408 wBias=0.0645 condBias=11.4762 dotDrift=+0.173sigma uMRED=0.0401424174 uER=0.362305 uMAE=24.0000 WCE=208 bias=-9.2500 *BEST*
[pop04_soft:00800] loss=0.069606 tau=4.50 collapse_w=0.084 mid_frac=0.205 hard=score=0.0606979224 wNMSE=0.027147156 wMSE=572.0108 wMRED=0.49927806 wER=0.251284 wMAE=7.6885 wBias=0.1693 condBias=11.8407 dotDrift=+0.453sigma uMRED=0.0400456935 uER=0.347656 uMAE=23.7500 WCE=208 bias=-8.7500
[pop04_soft:01000] loss=0.057508 tau=5.25 collapse_w=0.293 mid_frac=0.179 hard=score=0.0549004355 wNMSE=0.026840149 wMSE=565.5419 wMRED=0.49920619 wER=0.253518 wMAE=7.7408 wBias=0.0645 condBias=11.4762 dotDrift=+0.173sigma uMRED=0.0401424174 uER=0.362305 uMAE=24.0000 WCE=208 bias=-9.2500
[pop04_soft:01199] loss=0.043148 tau=6.00 collapse_w=0.500 mid_frac=0.179 hard=score=0.0549004355 wNMSE=0.026840149 wMSE=565.5419 wMRED=0.49920619 wER=0.253518 wMAE=7.7408 wBias=0.0645 condBias=11.4762 dotDrift=+0.173sigma uMRED=0.0401424174 uER=0.362305 uMAE=24.0000 WCE=208 bias=-9.2500
[pop04_hard:00000] loss=0.091627 tau=6.00 collapse_w=0.500 mid_frac=0.179 hard=score=0.0549004355 wNMSE=0.026840149 wMSE=565.5419 wMRED=0.49920619 wER=0.253518 wMAE=7.7408 wBias=0.0645 condBias=11.4762 dotDrift=+0.173sigma uMRED=0.0401424174 uER=0.362305 uMAE=24.0000 WCE=208 bias=-9.2500
[pop04_hard:00200] loss=0.089762 tau=6.00 collapse_w=0.500 mid_frac=0.170 hard=score=0.0549004355 wNMSE=0.026840149 wMSE=565.5419 wMRED=0.49920619 wER=0.253518 wMAE=7.7408 wBias=0.0645 condBias=11.4762 dotDrift=+0.173sigma uMRED=0.0401424174 uER=0.362305 uMAE=24.0000 WCE=208 bias=-9.2500
[pop04_hard:00400] loss=88.763542 tau=6.00 collapse_w=0.500 mid_frac=0.161 hard=score=88.6042184797 wNMSE=0.21885237 wMSE=4611.3820 wMRED=3.09697998 wER=0.261302 wMAE=23.5449 wBias=-21.3007 condBias=40.2192 dotDrift=-20.075sigma uMRED=0.0694135273 uER=0.363281 uMAE=28.5469 WCE=256 bias=-17.2500
[pop04_hard:00599] loss=80.698608 tau=6.00 collapse_w=0.500 mid_frac=0.143 hard=score=80.5416587521 wNMSE=0.21866998 wMSE=4607.5390 wMRED=3.06678405 wER=0.252548 wMAE=23.1938 wBias=-20.3045 condBias=38.2347 dotDrift=-19.144sigma uMRED=0.0687046412 uER=0.357422 uMAE=28.2969 WCE=256 bias=-16.2500
[pop04] done (conf=0.53, noise=0.5); global best score=0.0549004355 wNMSE=0.026840149 wMSE=565.5419 wMRED=0.49920619 wER=0.253518 wMAE=7.7408 wBias=0.0645 condBias=11.4762 dotDrift=+0.173sigma uMRED=0.0401424174 uER=0.362305 uMAE=24.0000 WCE=208 bias=-9.2500
[pop05_soft:00000] loss=14.687195 tau=1.50 collapse_w=0.000 mid_frac=0.446 hard=score=41.1225857161 wNMSE=0.69262025 wMSE=14594.0235 wMRED=5.49403689 wER=0.437128 wMAE=56.3139 wBias=-14.3234 condBias=71.4819 dotDrift=-7.588sigma uMRED=0.1642870758 uER=0.437500 uMAE=79.4668 WCE=835 bias=-12.0000
[pop05_soft:00200] loss=12.864200 tau=2.25 collapse_w=0.000 mid_frac=0.402 hard=score=124.8107120415 wNMSE=0.57644109 wMSE=12146.0421 wMRED=5.63292464 wER=0.437128 wMAE=52.7969 wBias=-25.2318 condBias=65.9094 dotDrift=-14.652sigma uMRED=0.1558953656 uER=0.437500 uMAE=77.5566 WCE=695 bias=-65.1875
[pop05_soft:00400] loss=1.712649 tau=3.00 collapse_w=0.000 mid_frac=0.429 hard=score=121.4304451739 wNMSE=0.52667765 wMSE=11097.4894 wMRED=5.32880904 wER=0.436003 wMAE=49.8351 wBias=-24.8947 condBias=62.7524 dotDrift=-15.124sigma uMRED=0.1443839675 uER=0.431641 uMAE=70.3301 WCE=662 bias=-61.1875
[pop05_soft:00600] loss=1.143447 tau=3.75 collapse_w=0.000 mid_frac=0.438 hard=score=102.4412542460 wNMSE=0.44604212 wMSE=9398.4390 wMRED=4.98019194 wER=0.435919 wMAE=46.2536 wBias=-22.8644 condBias=57.8494 dotDrift=-15.094sigma uMRED=0.1282899275 uER=0.428711 uMAE=58.9688 WCE=600 bias=-54.8750
[pop05_soft:00800] loss=0.936634 tau=4.50 collapse_w=0.084 mid_frac=0.348 hard=score=102.2012106170 wNMSE=0.44564354 wMSE=9390.0407 wMRED=4.95973482 wER=0.435919 wMAE=46.3194 wBias=-22.8374 condBias=57.8362 dotDrift=-15.083sigma uMRED=0.1287052422 uER=0.428711 uMAE=59.2500 WCE=596 bias=-55.1250
[pop05_soft:01000] loss=0.793068 tau=5.25 collapse_w=0.293 mid_frac=0.295 hard=score=102.2012106170 wNMSE=0.44564354 wMSE=9390.0407 wMRED=4.95973482 wER=0.435919 wMAE=46.3194 wBias=-22.8374 condBias=57.8362 dotDrift=-15.083sigma uMRED=0.1287052422 uER=0.428711 uMAE=59.2500 WCE=596 bias=-55.1250
[pop05_soft:01199] loss=0.667150 tau=6.00 collapse_w=0.500 mid_frac=0.286 hard=score=102.2012106170 wNMSE=0.44564354 wMSE=9390.0407 wMRED=4.95973482 wER=0.435919 wMAE=46.3194 wBias=-22.8374 condBias=57.8362 dotDrift=-15.083sigma uMRED=0.1287052422 uER=0.428711 uMAE=59.2500 WCE=596 bias=-55.1250
[pop05_hard:00000] loss=102.447075 tau=6.00 collapse_w=0.500 mid_frac=0.286 hard=score=102.2012106170 wNMSE=0.44564354 wMSE=9390.0407 wMRED=4.95973482 wER=0.435919 wMAE=46.3194 wBias=-22.8374 condBias=57.8362 dotDrift=-15.083sigma uMRED=0.1287052422 uER=0.428711 uMAE=59.2500 WCE=596 bias=-55.1250
[pop05_hard:00200] loss=74.578789 tau=6.00 collapse_w=0.500 mid_frac=0.268 hard=score=74.3289628435 wNMSE=0.3492576 wMSE=7359.1172 wMRED=4.88191843 wER=0.435674 wMAE=42.9533 wBias=-19.4683 condBias=53.2948 dotDrift=-14.524sigma uMRED=0.1019795986 uER=0.425781 uMAE=43.2852 WCE=368 bias=-39.1250
[pop05_hard:00400] loss=74.579880 tau=6.00 collapse_w=0.500 mid_frac=0.268 hard=score=74.3289628435 wNMSE=0.3492576 wMSE=7359.1172 wMRED=4.88191843 wER=0.435674 wMAE=42.9533 wBias=-19.4683 condBias=53.2948 dotDrift=-14.524sigma uMRED=0.1019795986 uER=0.425781 uMAE=43.2852 WCE=368 bias=-39.1250
[pop05_hard:00599] loss=63.881596 tau=6.00 collapse_w=0.500 mid_frac=0.214 hard=score=63.6287093174 wNMSE=0.33979568 wMSE=7159.7475 wMRED=4.85683801 wER=0.431913 wMAE=42.0065 wBias=-18.0017 condBias=52.6588 dotDrift=-13.616sigma uMRED=0.0951428533 uER=0.419922 uMAE=39.3945 WCE=368 bias=-34.6250
[pop05] done (conf=0.51, noise=1.0); global best score=0.0549004355 wNMSE=0.026840149 wMSE=565.5419 wMRED=0.49920619 wER=0.253518 wMAE=7.7408 wBias=0.0645 condBias=11.4762 dotDrift=+0.173sigma uMRED=0.0401424174 uER=0.362305 uMAE=24.0000 WCE=208 bias=-9.2500
[pop06_soft:00000] loss=21.868904 tau=1.50 collapse_w=0.000 mid_frac=0.366 hard=score=2486.6586618224 wNMSE=4.4245644 wMSE=93228.8615 wMRED=21.38202425 wER=0.436390 wMAE=134.7235 wBias=112.9387 condBias=192.4158 dotDrift=+23.673sigma uMRED=0.2729294876 uER=0.434570 uMAE=91.1328 WCE=3944 bias=45.5625
[pop06_soft:00200] loss=2.847915 tau=2.25 collapse_w=0.000 mid_frac=0.268 hard=score=1419.4142349152 wNMSE=2.7142793 wMSE=57191.8825 wMRED=11.11674102 wER=0.315024 wMAE=86.8155 wBias=-85.2997 condBias=149.3741 dotDrift=-22.828sigma uMRED=0.2547791310 uER=0.427734 uMAE=110.4023 WCE=945 bias=-95.5625
[pop06_soft:00400] loss=0.670174 tau=3.00 collapse_w=0.000 mid_frac=0.259 hard=score=8.1803349136 wNMSE=0.050102484 wMSE=1055.6966 wMRED=0.91748789 wER=0.297099 wMAE=12.2804 wBias=-6.4439 condBias=15.5797 dotDrift=-12.693sigma uMRED=0.0781987286 uER=0.421875 uMAE=55.1211 WCE=512 bias=-21.1250
[pop06_soft:00600] loss=0.182274 tau=3.75 collapse_w=0.000 mid_frac=0.223 hard=score=2.3475761877 wNMSE=0.03900751 wMSE=821.9172 wMRED=0.59037090 wER=0.285443 wMAE=9.5899 wBias=-3.4041 condBias=15.1356 dotDrift=-7.599sigma uMRED=0.0725542074 uER=0.415039 uMAE=51.0781 WCE=548 bias=-47.3750
[pop06_soft:00800] loss=0.111834 tau=4.50 collapse_w=0.084 mid_frac=0.196 hard=score=0.3415449482 wNMSE=0.038649243 wMSE=814.3683 wMRED=1.01876060 wER=0.293228 wMAE=11.0741 wBias=-1.1479 condBias=14.4903 dotDrift=-2.574sigma uMRED=0.0651163608 uER=0.416016 uMAE=42.4531 WCE=408 bias=-38.3750
[pop06_soft:01000] loss=0.085727 tau=5.25 collapse_w=0.293 mid_frac=0.179 hard=score=0.3916880173 wNMSE=0.039108624 wMSE=824.0478 wMRED=1.02083475 wER=0.293771 wMAE=11.1790 wBias=-1.2528 condBias=14.7165 dotDrift=-2.793sigma uMRED=0.0658639338 uER=0.421875 uMAE=42.9531 WCE=408 bias=-38.8750
[pop06_soft:01199] loss=0.060813 tau=6.00 collapse_w=0.500 mid_frac=0.170 hard=score=0.3916880173 wNMSE=0.039108624 wMSE=824.0478 wMRED=1.02083475 wER=0.293771 wMAE=11.1790 wBias=-1.2528 condBias=14.7165 dotDrift=-2.793sigma uMRED=0.0658639338 uER=0.421875 uMAE=42.9531 WCE=408 bias=-38.8750
[pop06_hard:00000] loss=0.446101 tau=6.00 collapse_w=0.500 mid_frac=0.170 hard=score=0.3916880173 wNMSE=0.039108624 wMSE=824.0478 wMRED=1.02083475 wER=0.293771 wMAE=11.1790 wBias=-1.2528 condBias=14.7165 dotDrift=-2.793sigma uMRED=0.0658639338 uER=0.421875 uMAE=42.9531 WCE=408 bias=-38.8750
[pop06_hard:00200] loss=0.297028 tau=6.00 collapse_w=0.500 mid_frac=0.152 hard=score=0.2415314140 wNMSE=0.03681789 wMSE=775.7803 wMRED=1.01980220 wER=0.293771 wMAE=11.0847 wBias=-0.9210 condBias=14.0442 dotDrift=-2.116sigma uMRED=0.0599330386 uER=0.421875 uMAE=38.2812 WCE=308 bias=-22.8750
[pop06_hard:00400] loss=0.295249 tau=6.00 collapse_w=0.500 mid_frac=0.152 hard=score=0.2415314140 wNMSE=0.03681789 wMSE=775.7803 wMRED=1.01980220 wER=0.293771 wMAE=11.0847 wBias=-0.9210 condBias=14.0442 dotDrift=-2.116sigma uMRED=0.0599330386 uER=0.421875 uMAE=38.2812 WCE=308 bias=-22.8750
[pop06_hard:00599] loss=0.246589 tau=6.00 collapse_w=0.500 mid_frac=0.152 hard=score=0.1939092113 wNMSE=0.039173275 wMSE=825.4100 wMRED=1.02156652 wER=0.293771 wMAE=11.2786 wBias=0.7635 condBias=13.8699 dotDrift=+1.701sigma uMRED=0.0620211434 uER=0.421875 uMAE=39.9062 WCE=308 bias=-14.8750
[pop06] done (conf=0.53, noise=0.5); global best score=0.0549004355 wNMSE=0.026840149 wMSE=565.5419 wMRED=0.49920619 wER=0.253518 wMAE=7.7408 wBias=0.0645 condBias=11.4762 dotDrift=+0.173sigma uMRED=0.0401424174 uER=0.362305 uMAE=24.0000 WCE=208 bias=-9.2500
[pop07_soft:00000] loss=12.441830 tau=1.50 collapse_w=0.000 mid_frac=0.438 hard=score=438.4791331013 wNMSE=2.217063 wMSE=46715.1644 wMRED=10.93016542 wER=0.437063 wMAE=120.2182 wBias=47.2778 condBias=122.1454 dotDrift=+13.999sigma uMRED=0.2442154350 uER=0.434570 uMAE=102.3711 WCE=696 bias=15.2500
[pop07_soft:00200] loss=3.053027 tau=2.25 collapse_w=0.000 mid_frac=0.420 hard=score=11.1792414496 wNMSE=2.3352471 wMSE=49205.3920 wMRED=11.89030668 wER=0.437128 wMAE=115.0154 wBias=-6.1402 condBias=122.1366 dotDrift=-1.772sigma uMRED=0.2722253393 uER=0.437500 uMAE=114.5312 WCE=821 bias=-31.2500
[pop07_soft:00400] loss=1.620630 tau=3.00 collapse_w=0.000 mid_frac=0.348 hard=score=7.7546239818 wNMSE=0.27593201 wMSE=5814.0926 wMRED=3.62939534 wER=0.350514 wMAE=33.2334 wBias=-6.1355 condBias=35.8883 dotDrift=-5.150sigma uMRED=0.0909518959 uER=0.421875 uMAE=42.6602 WCE=336 bias=21.6875
[pop07_soft:00600] loss=1.196673 tau=3.75 collapse_w=0.000 mid_frac=0.348 hard=score=7.4579961935 wNMSE=0.25487433 wMSE=5370.3916 wMRED=3.59459316 wER=0.339951 wMAE=32.0885 wBias=-6.0179 condBias=35.4159 dotDrift=-5.256sigma uMRED=0.0959621425 uER=0.405273 uMAE=47.5156 WCE=324 bias=33.7500
[pop07_soft:00800] loss=0.875710 tau=4.50 collapse_w=0.084 mid_frac=0.304 hard=score=31.3303780730 wNMSE=0.22021749 wMSE=4640.1462 wMRED=2.96453675 wER=0.302743 wMAE=25.5465 wBias=-12.6158 condBias=34.0585 dotDrift=-11.853sigma uMRED=0.0767364425 uER=0.388672 uMAE=36.5312 WCE=324 bias=19.3750
[pop07_soft:01000] loss=0.749182 tau=5.25 collapse_w=0.293 mid_frac=0.259 hard=score=38.7950012686 wNMSE=0.22023772 wMSE=4640.5724 wMRED=2.95676791 wER=0.227756 wMAE=25.2489 wBias=-14.0544 condBias=36.8243 dotDrift=-13.204sigma uMRED=0.0757391107 uER=0.372070 uMAE=36.7266 WCE=324 bias=15.1250
[pop07_soft:01199] loss=0.625583 tau=6.00 collapse_w=0.500 mid_frac=0.259 hard=score=38.7950012686 wNMSE=0.22023772 wMSE=4640.5724 wMRED=2.95676791 wER=0.227756 wMAE=25.2489 wBias=-14.0544 condBias=36.8243 dotDrift=-13.204sigma uMRED=0.0757391107 uER=0.372070 uMAE=36.7266 WCE=324 bias=15.1250
[pop07_hard:00000] loss=38.951504 tau=6.00 collapse_w=0.500 mid_frac=0.259 hard=score=38.7950012686 wNMSE=0.22023772 wMSE=4640.5724 wMRED=2.95676791 wER=0.227756 wMAE=25.2489 wBias=-14.0544 condBias=36.8243 dotDrift=-13.204sigma uMRED=0.0757391107 uER=0.372070 uMAE=36.7266 WCE=324 bias=15.1250
[pop07_hard:00200] loss=4.686381 tau=6.00 collapse_w=0.500 mid_frac=0.250 hard=score=4.5008393008 wNMSE=0.24505425 wMSE=5163.4752 wMRED=3.59854673 wER=0.338988 wMAE=33.4193 wBias=-4.6034 condBias=29.6206 dotDrift=-4.100sigma uMRED=0.0829879031 uER=0.387695 uMAE=38.1172 WCE=324 bias=17.1250
[pop07_hard:00400] loss=4.111968 tau=6.00 collapse_w=0.500 mid_frac=0.250 hard=score=3.9400796809 wNMSE=0.25709155 wMSE=5417.1100 wMRED=3.60307118 wER=0.338988 wMAE=33.7640 wBias=-4.2587 condBias=30.7924 dotDrift=-3.703sigma uMRED=0.0930996975 uER=0.387695 uMAE=46.1172 WCE=580 bias=25.1250
[pop07_hard:00599] loss=2.781262 tau=6.00 collapse_w=0.500 mid_frac=0.205 hard=score=2.6124201547 wNMSE=0.25604449 wMSE=5395.0477 wMRED=3.62521009 wER=0.413034 wMAE=34.1232 wBias=-3.3609 condBias=30.9886 dotDrift=-2.928sigma uMRED=0.0972098972 uER=0.414062 uMAE=49.8047 WCE=592 bias=30.2500
[pop07] done (conf=0.51, noise=1.0); global best score=0.0549004355 wNMSE=0.026840149 wMSE=565.5419 wMRED=0.49920619 wER=0.253518 wMAE=7.7408 wBias=0.0645 condBias=11.4762 dotDrift=+0.173sigma uMRED=0.0401424174 uER=0.362305 uMAE=24.0000 WCE=208 bias=-9.2500
[pop08_soft:00000] loss=9.240328 tau=1.50 collapse_w=0.000 mid_frac=0.286 hard=score=117.6660996054 wNMSE=0.42235851 wMSE=8899.4076 wMRED=4.25732195 wER=0.437128 wMAE=53.1834 wBias=24.5095 condBias=66.9397 dotDrift=+16.628sigma uMRED=0.1141237770 uER=0.437500 uMAE=58.0879 WCE=480 bias=-4.1250
[pop08_soft:00200] loss=1.974574 tau=2.25 collapse_w=0.000 mid_frac=0.205 hard=score=1.1644154535 wNMSE=0.25109226 wMSE=5290.7005 wMRED=2.53665087 wER=0.381154 wMAE=32.4434 wBias=-2.0143 condBias=25.1155 dotDrift=-1.772sigma uMRED=0.1052282256 uER=0.425781 uMAE=60.9062 WCE=429 bias=-32.7500
[pop08_soft:00400] loss=0.565325 tau=3.00 collapse_w=0.000 mid_frac=0.214 hard=score=5.4803907313 wNMSE=0.090883918 wMSE=1914.9917 wMRED=1.72761387 wER=0.380993 wMAE=20.5512 wBias=-5.2349 condBias=18.6115 dotDrift=-7.656sigma uMRED=0.0717301671 uER=0.416992 uMAE=43.9531 WCE=372 bias=-14.7500
[pop08_soft:00600] loss=0.202961 tau=3.75 collapse_w=0.000 mid_frac=0.196 hard=score=3.3617956425 wNMSE=0.042187735 wMSE=888.9269 wMRED=0.89322742 wER=0.265499 wMAE=11.0539 wBias=-4.1039 condBias=13.3892 dotDrift=-8.809sigma uMRED=0.0577538306 uER=0.383789 uMAE=37.7578 WCE=372 bias=-12.2500
[pop08_soft:00800] loss=0.103984 tau=4.50 collapse_w=0.084 mid_frac=0.161 hard=score=7.4659546483 wNMSE=0.053404773 wMSE=1125.2783 wMRED=1.08766138 wER=0.265968 wMAE=12.5411 wBias=6.1472 condBias=19.4581 dotDrift=+11.728sigma uMRED=0.0662432454 uER=0.392578 uMAE=41.5312 WCE=456 bias=-18.5000
[pop08_soft:01000] loss=0.076880 tau=5.25 collapse_w=0.293 mid_frac=0.098 hard=score=8.7012999738 wNMSE=0.049754421 wMSE=1048.3626 wMRED=1.08516846 wER=0.265529 wMAE=12.2899 wBias=6.6509 condBias=18.7819 dotDrift=+13.146sigma uMRED=0.0561448018 uER=0.383789 uMAE=32.7578 WCE=272 bias=1.5000
[pop08_soft:01199] loss=0.049399 tau=6.00 collapse_w=0.500 mid_frac=0.098 hard=score=8.7012999738 wNMSE=0.049754421 wMSE=1048.3626 wMRED=1.08516846 wER=0.265529 wMAE=12.2899 wBias=6.6509 condBias=18.7819 dotDrift=+13.146sigma uMRED=0.0561448018 uER=0.383789 uMAE=32.7578 WCE=272 bias=1.5000
[pop08_hard:00000] loss=8.763115 tau=6.00 collapse_w=0.500 mid_frac=0.098 hard=score=8.7012999738 wNMSE=0.049754421 wMSE=1048.3626 wMRED=1.08516846 wER=0.265529 wMAE=12.2899 wBias=6.6509 condBias=18.7819 dotDrift=+13.146sigma uMRED=0.0561448018 uER=0.383789 uMAE=32.7578 WCE=272 bias=1.5000
[pop08_hard:00200] loss=8.761088 tau=6.00 collapse_w=0.500 mid_frac=0.116 hard=score=3.1809526132 wNMSE=0.041943987 wMSE=883.7910 wMRED=0.92127179 wER=0.264135 wMAE=11.1220 wBias=-3.9913 condBias=13.5252 dotDrift=-8.593sigma uMRED=0.0520064954 uER=0.382812 uMAE=31.8906 WCE=272 bias=-2.5000
[pop08_hard:00400] loss=8.759266 tau=6.00 collapse_w=0.500 mid_frac=0.107 hard=score=8.7012999738 wNMSE=0.049754421 wMSE=1048.3626 wMRED=1.08516846 wER=0.265529 wMAE=12.2899 wBias=6.6509 condBias=18.7819 dotDrift=+13.146sigma uMRED=0.0561448018 uER=0.383789 uMAE=32.7578 WCE=272 bias=1.5000
[pop08_hard:00599] loss=8.758122 tau=6.00 collapse_w=0.500 mid_frac=0.107 hard=score=8.7012999738 wNMSE=0.049754421 wMSE=1048.3626 wMRED=1.08516846 wER=0.265529 wMAE=12.2899 wBias=6.6509 condBias=18.7819 dotDrift=+13.146sigma uMRED=0.0561448018 uER=0.383789 uMAE=32.7578 WCE=272 bias=1.5000
[pop08] done (conf=0.53, noise=0.5); global best score=0.0549004355 wNMSE=0.026840149 wMSE=565.5419 wMRED=0.49920619 wER=0.253518 wMAE=7.7408 wBias=0.0645 condBias=11.4762 dotDrift=+0.173sigma uMRED=0.0401424174 uER=0.362305 uMAE=24.0000 WCE=208 bias=-9.2500
[pop09_soft:00000] loss=20.980587 tau=1.50 collapse_w=0.000 mid_frac=0.491 hard=score=1758.1634353998 wNMSE=4.5494063 wMSE=95859.3730 wMRED=15.28605647 wER=0.409564 wMAE=128.9053 wBias=94.8720 condBias=214.4638 dotDrift=+19.611sigma uMRED=0.2557481589 uER=0.425781 uMAE=96.6641 WCE=3872 bias=79.0000
[pop09_soft:00200] loss=127.685440 tau=2.25 collapse_w=0.000 mid_frac=0.420 hard=score=607.0807468852 wNMSE=1.9678481 wMSE=41464.0231 wMRED=8.16273914 wER=0.413773 wMAE=94.9624 wBias=55.6921 condBias=139.1760 dotDrift=+17.504sigma uMRED=0.1634825844 uER=0.431641 uMAE=69.2793 WCE=529 bias=-38.5000
[pop09_soft:00400] loss=9.402021 tau=3.00 collapse_w=0.000 mid_frac=0.339 hard=score=7.1568924208 wNMSE=3.893581 wMSE=82040.6466 wMRED=15.79157910 wER=0.387511 wMAE=148.1912 wBias=-1.8991 condBias=155.7246 dotDrift=-0.424sigma uMRED=0.2839875970 uER=0.434570 uMAE=102.9688 WCE=869 bias=-73.6250
[pop09_soft:00600] loss=5.912295 tau=3.75 collapse_w=0.000 mid_frac=0.259 hard=score=13.4248176595 wNMSE=4.0303706 wMSE=84922.9045 wMRED=15.85721883 wER=0.387511 wMAE=152.1622 wBias=-5.9069 condBias=158.5276 dotDrift=-1.297sigma uMRED=0.3151680237 uER=0.434570 uMAE=121.5859 WCE=865 bias=-92.2500
[pop09_soft:00800] loss=3.737087 tau=4.50 collapse_w=0.084 mid_frac=0.259 hard=score=459.0063085544 wNMSE=2.0395417 wMSE=42974.6597 wMRED=8.09470851 wER=0.387511 wMAE=98.3896 wBias=48.3724 condBias=126.3026 dotDrift=+14.934sigma uMRED=0.2119852468 uER=0.434570 uMAE=101.5898 WCE=820 bias=-71.6875
[pop09_soft:01000] loss=3.402043 tau=5.25 collapse_w=0.293 mid_frac=0.250 hard=score=451.6720360258 wNMSE=2.0379147 wMSE=42940.3779 wMRED=8.09442144 wER=0.383313 wMAE=98.3501 wBias=47.9813 condBias=125.5485 dotDrift=+14.819sigma uMRED=0.2126337736 uER=0.431641 uMAE=102.0664 WCE=820 bias=-72.4375
[pop09_soft:01199] loss=3.117547 tau=6.00 collapse_w=0.500 mid_frac=0.232 hard=score=451.6720360258 wNMSE=2.0379147 wMSE=42940.3779 wMRED=8.09442144 wER=0.383313 wMAE=98.3501 wBias=47.9813 condBias=125.5485 dotDrift=+14.819sigma uMRED=0.2126337736 uER=0.431641 uMAE=102.0664 WCE=820 bias=-72.4375
[pop09_hard:00000] loss=452.065399 tau=6.00 collapse_w=0.500 mid_frac=0.232 hard=score=451.6720360258 wNMSE=2.0379147 wMSE=42940.3779 wMRED=8.09442144 wER=0.383313 wMAE=98.3501 wBias=47.9813 condBias=125.5485 dotDrift=+14.819sigma uMRED=0.2126337736 uER=0.431641 uMAE=102.0664 WCE=820 bias=-72.4375
[pop09_hard:00200] loss=11.676083 tau=6.00 collapse_w=0.500 mid_frac=0.223 hard=score=10.9877374489 wNMSE=3.3382963 wMSE=70340.3835 wMRED=14.17873113 wER=0.387511 wMAE=140.8365 wBias=5.2510 condBias=143.9988 dotDrift=+1.267sigma uMRED=0.2938940899 uER=0.434570 uMAE=117.7148 WCE=820 bias=-88.4375
[pop09_hard:00400] loss=11.674363 tau=6.00 collapse_w=0.500 mid_frac=0.232 hard=score=12.3109119657 wNMSE=3.987863 wMSE=84027.2369 wMRED=15.70141023 wER=0.387511 wMAE=151.5190 wBias=-5.4316 condBias=157.6850 dotDrift=-1.199sigma uMRED=0.3143799300 uER=0.434570 uMAE=121.7148 WCE=851 bias=-92.4375
[pop09_hard:00599] loss=13.070028 tau=6.00 collapse_w=0.500 mid_frac=0.232 hard=score=12.3109119657 wNMSE=3.987863 wMSE=84027.2369 wMRED=15.70141023 wER=0.387511 wMAE=151.5190 wBias=-5.4316 condBias=157.6850 dotDrift=-1.199sigma uMRED=0.3143799300 uER=0.434570 uMAE=121.7148 WCE=851 bias=-92.4375
[pop09] done (conf=0.51, noise=1.0); global best score=0.0549004355 wNMSE=0.026840149 wMSE=565.5419 wMRED=0.49920619 wER=0.253518 wMAE=7.7408 wBias=0.0645 condBias=11.4762 dotDrift=+0.173sigma uMRED=0.0401424174 uER=0.362305 uMAE=24.0000 WCE=208 bias=-9.2500
[pop10_soft:00000] loss=3.666520 tau=1.50 collapse_w=0.000 mid_frac=0.330 hard=score=25.3579994042 wNMSE=0.45274477 wMSE=9539.6687 wMRED=3.29345638 wER=0.431206 wMAE=35.8354 wBias=-11.2356 condBias=53.6954 dotDrift=-7.362sigma uMRED=0.1575715367 uER=0.434570 uMAE=91.1074 WCE=882 bias=16.7500
[pop10_soft:00200] loss=1.697931 tau=2.25 collapse_w=0.000 mid_frac=0.312 hard=score=136.8883959928 wNMSE=0.56764439 wMSE=11960.6892 wMRED=4.47082304 wER=0.283043 wMAE=40.7021 wBias=-26.4390 condBias=62.7233 dotDrift=-15.472sigma uMRED=0.1664549947 uER=0.421875 uMAE=89.7734 WCE=832 bias=26.3750
[pop10_soft:00400] loss=0.546010 tau=3.00 collapse_w=0.000 mid_frac=0.241 hard=score=46.1268719315 wNMSE=0.21394719 wMSE=4508.0264 wMRED=3.05761677 wER=0.279711 wMAE=26.6112 wBias=-15.3371 condBias=40.0946 dotDrift=-14.619sigma uMRED=0.0886950050 uER=0.417969 uMAE=47.5234 WCE=352 bias=-0.8750
[pop10_soft:00600] loss=0.118870 tau=3.75 collapse_w=0.000 mid_frac=0.241 hard=score=6.9798744376 wNMSE=0.047421453 wMSE=999.2053 wMRED=1.01177783 wER=0.266008 wMAE=11.8634 wBias=5.9476 condBias=17.5180 dotDrift=+12.042sigma uMRED=0.0670385587 uER=0.406250 uMAE=44.2891 WCE=400 bias=-12.8750
[pop10_soft:00800] loss=0.088322 tau=4.50 collapse_w=0.084 mid_frac=0.214 hard=score=0.1241008545 wNMSE=0.029614522 wMSE=624.0000 wMRED=0.45287565 wER=0.238629 wMAE=7.2196 wBias=0.5482 condBias=12.3334 dotDrift=+1.405sigma uMRED=0.0564249699 uER=0.381836 uMAE=39.0469 WCE=336 bias=-15.8750
[pop10_soft:01000] loss=0.071113 tau=5.25 collapse_w=0.293 mid_frac=0.188 hard=score=0.1241008545 wNMSE=0.029614522 wMSE=624.0000 wMRED=0.45287565 wER=0.238629 wMAE=7.2196 wBias=0.5482 condBias=12.3334 dotDrift=+1.405sigma uMRED=0.0564249699 uER=0.381836 uMAE=39.0469 WCE=336 bias=-15.8750
[pop10_soft:01199] loss=0.052179 tau=6.00 collapse_w=0.500 mid_frac=0.170 hard=score=0.1241008545 wNMSE=0.029614522 wMSE=624.0000 wMRED=0.45287565 wER=0.238629 wMAE=7.2196 wBias=0.5482 condBias=12.3334 dotDrift=+1.405sigma uMRED=0.0564249699 uER=0.381836 uMAE=39.0469 WCE=336 bias=-15.8750
[pop10_hard:00000] loss=0.155566 tau=6.00 collapse_w=0.500 mid_frac=0.170 hard=score=0.1241008545 wNMSE=0.029614522 wMSE=624.0000 wMRED=0.45287565 wER=0.238629 wMAE=7.2196 wBias=0.5482 condBias=12.3334 dotDrift=+1.405sigma uMRED=0.0564249699 uER=0.381836 uMAE=39.0469 WCE=336 bias=-15.8750
[pop10_hard:00200] loss=1.688653 tau=6.00 collapse_w=0.500 mid_frac=0.170 hard=score=1.6602400355 wNMSE=0.057806099 wMSE=1218.0175 wMRED=0.48157772 wER=0.238629 wMAE=8.3798 wBias=-2.8209 condBias=18.0915 dotDrift=-5.173sigma uMRED=0.0654961691 uER=0.381836 uMAE=44.2188 WCE=384 bias=-31.8750
[pop10_hard:00400] loss=1.686295 tau=6.00 collapse_w=0.500 mid_frac=0.161 hard=score=1.6602400355 wNMSE=0.057806099 wMSE=1218.0175 wMRED=0.48157772 wER=0.238629 wMAE=8.3798 wBias=-2.8209 condBias=18.0915 dotDrift=-5.173sigma uMRED=0.0654961691 uER=0.381836 uMAE=44.2188 WCE=384 bias=-31.8750
[pop10_hard:00599] loss=1.468600 tau=6.00 collapse_w=0.500 mid_frac=0.143 hard=score=1.4467784944 wNMSE=0.057698248 wMSE=1215.7450 wMRED=0.48245558 wER=0.246414 wMAE=8.2771 wBias=-2.6190 condBias=18.1026 dotDrift=-4.807sigma uMRED=0.0653796656 uER=0.382812 uMAE=44.1250 WCE=384 bias=-31.7500
[pop10] done (conf=0.53, noise=0.5); global best score=0.0549004355 wNMSE=0.026840149 wMSE=565.5419 wMRED=0.49920619 wER=0.253518 wMAE=7.7408 wBias=0.0645 condBias=11.4762 dotDrift=+0.173sigma uMRED=0.0401424174 uER=0.362305 uMAE=24.0000 WCE=208 bias=-9.2500
[pop11_soft:00000] loss=2.154444 tau=1.50 collapse_w=0.000 mid_frac=0.500 hard=score=31.6094707746 wNMSE=2.3288526 wMSE=49070.6560 wMRED=11.46703265 wER=0.436960 wMAE=104.7147 wBias=-11.9851 condBias=107.1896 dotDrift=-3.463sigma uMRED=0.2335661562 uER=0.434570 uMAE=95.1074 WCE=720 bias=-0.1250
[pop11_soft:00200] loss=1.847578 tau=2.25 collapse_w=0.000 mid_frac=0.438 hard=score=97.7662289459 wNMSE=0.1912724 wMSE=4030.2516 wMRED=2.74625046 wER=0.436960 wMAE=36.0164 wBias=22.3801 condBias=42.8941 dotDrift=+22.562sigma uMRED=0.1072067834 uER=0.434570 uMAE=65.5938 WCE=540 bias=-13.7500
[pop11_soft:00400] loss=0.861510 tau=3.00 collapse_w=0.000 mid_frac=0.402 hard=score=4.8400852956 wNMSE=0.062167288 wMSE=1309.9110 wMRED=1.22200994 wER=0.362215 wMAE=17.5807 wBias=4.9330 condBias=14.4142 dotDrift=+8.723sigma uMRED=0.0733401392 uER=0.422852 uMAE=47.3164 WCE=384 bias=32.6875
[pop11_soft:00600] loss=0.473538 tau=3.75 collapse_w=0.000 mid_frac=0.393 hard=score=35.5564465344 wNMSE=0.1224099 wMSE=2579.2677 wMRED=2.05964263 wER=0.351096 wMAE=23.2316 wBias=13.4847 condBias=26.2877 dotDrift=+16.993sigma uMRED=0.0859921316 uER=0.411133 uMAE=50.6387 WCE=384 bias=39.3125
[pop11_soft:00800] loss=0.366001 tau=4.50 collapse_w=0.084 mid_frac=0.393 hard=score=38.1676186405 wNMSE=0.12156232 wMSE=2561.4084 wMRED=2.05470947 wER=0.337694 wMAE=22.9314 wBias=13.9739 condBias=27.2642 dotDrift=+17.671sigma uMRED=0.0786579509 uER=0.408203 uMAE=43.9551 WCE=369 bias=24.8125
[pop11_soft:01000] loss=0.299561 tau=5.25 collapse_w=0.293 mid_frac=0.366 hard=score=36.5310935045 wNMSE=0.12257031 wMSE=2582.6474 wMRED=2.06884800 wER=0.351160 wMAE=23.1914 wBias=13.6694 condBias=26.6560 dotDrift=+17.215sigma uMRED=0.0787918463 uER=0.414062 uMAE=43.9473 WCE=369 bias=24.5625
[pop11_soft:01199] loss=0.229868 tau=6.00 collapse_w=0.500 mid_frac=0.339 hard=score=32.3655181741 wNMSE=0.11829351 wMSE=2492.5322 wMRED=2.06638105 wER=0.351160 wMAE=23.0154 wBias=12.8636 condBias=25.0452 dotDrift=+16.490sigma uMRED=0.0744549011 uER=0.414062 uMAE=40.5762 WCE=369 bias=8.5625
[pop11_hard:00000] loss=32.484337 tau=6.00 collapse_w=0.500 mid_frac=0.339 hard=score=32.3655181741 wNMSE=0.11829351 wMSE=2492.5322 wMRED=2.06638105 wER=0.351160 wMAE=23.0154 wBias=12.8636 condBias=25.0452 dotDrift=+16.490sigma uMRED=0.0744549011 uER=0.414062 uMAE=40.5762 WCE=369 bias=8.5625
[pop11_hard:00200] loss=28.324509 tau=6.00 collapse_w=0.500 mid_frac=0.357 hard=score=28.2067365893 wNMSE=0.12375095 wMSE=2607.5244 wMRED=2.06825614 wER=0.351160 wMAE=23.1950 wBias=12.0018 condBias=23.3236 dotDrift=+15.042sigma uMRED=0.0781731939 uER=0.414062 uMAE=44.2207 WCE=440 bias=-11.4375
[pop11_hard:00400] loss=26.024561 tau=6.00 collapse_w=0.500 mid_frac=0.393 hard=score=25.8916244852 wNMSE=0.12177626 wMSE=2565.9164 wMRED=2.05709776 wER=0.349016 wMAE=23.1697 wBias=11.4958 condBias=22.5441 dotDrift=+14.524sigma uMRED=0.0781508525 uER=0.407227 uMAE=44.2988 WCE=440 bias=-12.4375
[pop11_hard:00599] loss=1.330063 tau=6.00 collapse_w=0.500 mid_frac=0.438 hard=score=1.2283880539 wNMSE=0.06656292 wMSE=1402.5302 wMRED=1.15001780 wER=0.363570 wMAE=17.0901 wBias=2.3905 condBias=14.8626 dotDrift=+4.085sigma uMRED=0.0861069368 uER=0.428711 uMAE=59.7012 WCE=464 bias=-35.8125
[pop11] done (conf=0.51, noise=1.0); global best score=0.0549004355 wNMSE=0.026840149 wMSE=565.5419 wMRED=0.49920619 wER=0.253518 wMAE=7.7408 wBias=0.0645 condBias=11.4762 dotDrift=+0.173sigma uMRED=0.0401424174 uER=0.362305 uMAE=24.0000 WCE=208 bias=-9.2500
[best] stage=pop04_soft score=0.0549004355 wNMSE=0.026840149 wMSE=565.5419 wMRED=0.49920619 wER=0.253518 wMAE=7.7408 wBias=0.0645 condBias=11.4762 dotDrift=+0.173sigma uMRED=0.0401424174 uER=0.362305 uMAE=24.0000 WCE=208 bias=-9.2500
[best-json] /home/xuanqi/tony/work/FPGA/signed8x8_approx/signed8x8_2026_8_22/runs_module_groups/G5_down/balanced_split/rand300/best_signed88_inits.json
[best-rtl] /home/xuanqi/tony/work/FPGA/signed8x8_approx/signed8x8_2026_8_22/runs_module_groups/G5_down/balanced_split/rand300/best_rtl
[design] balanced_split search_bits=112
[start] score=0.0549004355 wNMSE=0.026840149 wMSE=565.5419 wMRED=0.49920619 wER=0.253518 wMAE=7.7408 wBias=0.0645 condBias=11.4762 dotDrift=+0.173sigma uMRED=0.0401424174 uER=0.362305 uMAE=24.0000 WCE=208 bias=-9.2500
[single] ACCEPT ['lo_lut23:11'] 0.0549004355->0.0541260176 wNMSE=0.02684325 wBias=+0.00194
[single] ACCEPT ['lo_lut45:43'] 0.0541260176->0.0539566726 wNMSE=0.026587113 wBias=+0.05190
[single] ACCEPT ['lo_lut01:23'] 0.0539566726->0.0535138293 wNMSE=0.026608163 wBias=-0.00392
[single] ACCEPT ['lo_lut45:23'] 0.0535138293->0.0534614107 wNMSE=0.026590566 wBias=+0.01756
[single] round=5 no improvement
[pair] ACCEPT ['mid_lut23:43', 'mid_lut45:7'] 0.0534614107->0.0455544260 wNMSE=0.021875225 wBias=+0.05462
[pair] ACCEPT ['mid_lut67:27', 'mid_lut23:3'] 0.0455544260->0.0384508158 wNMSE=0.017273496 wBias=-0.04223
[pair] ACCEPT ['mid_lut45:27', 'mid_lut01:59'] 0.0384508158->0.0341594395 wNMSE=0.014789611 wBias=-0.00829
[pair] ACCEPT ['mid_lut45:43', 'mid_lut01:23'] 0.0341594395->0.0300713243 wNMSE=0.013145509 wBias=-0.03097
[basin] ACCEPT ['lo_lut45:7', 'mid_lut23:11'] 0.0300713243->0.0286278502 wNMSE=0.013552842 wBias=+0.01969
[basin] ACCEPT ['lo_lut01:31', 'lo_lut23:43', 'lo_lut23:15'] 0.0286278502->0.0285950687 wNMSE=0.013559669 wBias=+0.00511
[basin] ACCEPT ['mid_lut45:15', 'lo_lut67:11', 'lo_lut45:11'] 0.0285950687->0.0285461484 wNMSE=0.013454646 wBias=+0.01131
[final] score=0.0285461484 wNMSE=0.013454646 wMSE=283.4994 wMRED=0.46936963 wER=0.363398 wMAE=7.5115 wBias=0.0113 condBias=7.7640 dotDrift=+0.043sigma uMRED=0.0236417630 uER=0.397461 uMAE=12.7520 WCE=129 bias=-7.5000
[json] /home/xuanqi/tony/work/FPGA/signed8x8_approx/signed8x8_2026_8_22/runs_module_groups/G5_down/balanced_split/rand300/refined/best_signed88_inits.json
