[design] balanced_split quad4 entries=112
[device] cuda
[initial] score=505.5861131938 wNMSE=1.0374484 wMSE=79033.1873 wMRED=7.34140291 wER=0.437165 wMAE=119.5641 wBias=96.7866 condBias=175.3664 dotDrift=+22.034sigma uMRED=0.2053651012 uER=0.437500 uMAE=73.2559 WCE=927 bias=40.9375
[quad_warmup_bit:00000] loss=6.714950 tau=1.50 collapse_w=0.000 mid_frac=0.420 hard=score=499.3569777121 wNMSE=1.0379936 wMSE=79074.7191 wMRED=7.35915097 wER=0.437165 wMAE=119.7827 wBias=96.1864 condBias=174.3497 dotDrift=+21.891sigma uMRED=0.2059222620 uER=0.437500 uMAE=73.4316 WCE=925 bias=40.3125 *BEST*
[quad_warmup_bit:00025] loss=5.958646 tau=1.50 collapse_w=0.000 mid_frac=0.429 hard=score=497.3227721787 wNMSE=1.0368603 wMSE=78988.3838 wMRED=7.35353203 wER=0.437165 wMAE=119.5877 wBias=95.9897 condBias=174.1963 dotDrift=+21.859sigma uMRED=0.2055483581 uER=0.437500 uMAE=73.2129 WCE=925 bias=40.0625 *BEST*
[quad_warmup_bit:00050] loss=5.216179 tau=1.50 collapse_w=0.000 mid_frac=0.429 hard=score=425.3488586975 wNMSE=1.0517806 wMSE=80125.0217 wMRED=7.82367911 wER=0.434941 wMAE=124.7038 wBias=88.7451 condBias=160.0834 dotDrift=+20.065sigma uMRED=0.2154120588 uER=0.434570 uMAE=75.1875 WCE=925 bias=35.6875 *BEST*
[quad_warmup_bit:00075] loss=4.496832 tau=1.50 collapse_w=0.000 mid_frac=0.446 hard=score=423.1371767172 wNMSE=1.050751 wMSE=80046.5854 wMRED=7.82090100 wER=0.434941 wMAE=124.5313 wBias=88.5132 condBias=159.8989 dotDrift=+20.022sigma uMRED=0.2151419477 uER=0.434570 uMAE=74.9883 WCE=924 bias=35.3750 *BEST*
[quad_warmup_bit:00100] loss=3.812550 tau=1.50 collapse_w=0.000 mid_frac=0.438 hard=score=173.1962114723 wNMSE=0.50701403 wMSE=38624.5093 wMRED=5.95881238 wER=0.434941 wMAE=92.6257 wBias=56.6075 condBias=108.2578 dotDrift=+18.434sigma uMRED=0.1551860582 uER=0.434570 uMAE=50.9883 WCE=668 bias=11.3750 *BEST*
[quad_warmup_bit:00125] loss=3.174232 tau=1.50 collapse_w=0.000 mid_frac=0.411 hard=score=77.8789713690 wNMSE=0.56791869 wMSE=43264.2477 wMRED=7.13661021 wER=0.437165 wMAE=108.9649 wBias=37.7950 condBias=118.8132 dotDrift=+11.629sigma uMRED=0.1834405298 uER=0.437500 uMAE=57.4531 WCE=668 bias=0.8750 *BEST*
[quad_warmup_bit:00150] loss=2.590718 tau=1.50 collapse_w=0.000 mid_frac=0.393 hard=score=73.3272724442 wNMSE=0.56804105 wMSE=43273.5697 wMRED=7.13640807 wER=0.436884 wMAE=109.0717 wBias=36.6568 condBias=118.8290 dotDrift=+11.278sigma uMRED=0.1836579666 uER=0.436523 uMAE=57.7148 WCE=668 bias=-1.1250 *BEST*
[quad_warmup_bit:00175] loss=2.068617 tau=1.50 collapse_w=0.000 mid_frac=0.384 hard=score=56.3681733304 wNMSE=0.54562415 wMSE=41565.8417 wMRED=6.91238536 wER=0.437165 wMAE=105.0576 wBias=32.0787 condBias=113.5541 dotDrift=+10.070sigma uMRED=0.1787756688 uER=0.437500 uMAE=55.9023 WCE=628 bias=-4.8750 *BEST*
[quad_warmup_bit:00200] loss=1.612331 tau=1.50 collapse_w=0.000 mid_frac=0.375 hard=score=19.2946443216 wNMSE=0.50852747 wMSE=38739.8036 wMRED=6.50247692 wER=0.396120 wMAE=99.6887 wBias=18.4632 condBias=104.3364 dotDrift=+6.004sigma uMRED=0.1856907626 uER=0.431641 uMAE=66.4648 WCE=544 bias=-23.6250 *BEST*
[quad_warmup_bit:00400] loss=0.282356 tau=1.50 collapse_w=0.000 mid_frac=0.312 hard=score=85.6707586514 wNMSE=1.1833527 wMSE=90148.2291 wMRED=10.30146693 wER=0.395807 wMAE=153.2422 wBias=-39.4538 condBias=165.1961 dotDrift=-8.410sigma uMRED=0.3147782282 uER=0.428711 uMAE=116.1172 WCE=940 bias=-77.8750
[quad_warmup_bit:00600] loss=0.240001 tau=1.50 collapse_w=0.000 mid_frac=0.312 hard=score=92.5317973471 wNMSE=1.1845527 wMSE=90239.6446 wMRED=10.30291871 wER=0.395400 wMAE=153.4874 wBias=-41.0386 condBias=165.3029 dotDrift=-8.743sigma uMRED=0.3192554666 uER=0.422852 uMAE=119.2734 WCE=940 bias=-89.6250
[quad_warmup_bit:00800] loss=0.224592 tau=1.50 collapse_w=0.000 mid_frac=0.304 hard=score=87.3968881202 wNMSE=1.1796803 wMSE=89868.4677 wMRED=10.29905115 wER=0.394114 wMAE=153.0313 wBias=-39.8607 condBias=164.6168 dotDrift=-8.510sigma uMRED=0.3178826507 uER=0.414062 uMAE=118.3359 WCE=932 bias=-88.5000
[quad_warmup_bit:01000] loss=0.211898 tau=1.50 collapse_w=0.000 mid_frac=0.295 hard=score=85.7602722535 wNMSE=1.1785989 wMSE=89786.0814 wMRED=10.29430490 wER=0.382192 wMAE=152.7163 wBias=-39.4776 condBias=164.4933 dotDrift=-8.432sigma uMRED=0.3168458975 uER=0.414062 uMAE=117.5703 WCE=932 bias=-87.6250
[quad_warmup_bit:01200] loss=0.200490 tau=1.50 collapse_w=0.000 mid_frac=0.277 hard=score=77.2590602372 wNMSE=1.1582888 wMSE=88238.8507 wMRED=10.17300004 wER=0.368058 wMAE=150.7462 wBias=-37.4318 condBias=162.1473 dotDrift=-8.065sigma uMRED=0.3132386334 uER=0.408203 uMAE=116.3516 WCE=916 bias=-86.3750
[quad_warmup_bit:01400] loss=0.189674 tau=1.50 collapse_w=0.000 mid_frac=0.259 hard=score=76.2534776001 wNMSE=1.1567416 wMSE=88120.9865 wMRED=10.15398287 wER=0.367968 wMAE=150.5250 wBias=-37.1821 condBias=161.9233 dotDrift=-8.016sigma uMRED=0.3127209004 uER=0.408203 uMAE=116.1406 WCE=912 bias=-86.1250
[quad_warmup_bit:01600] loss=0.179740 tau=1.50 collapse_w=0.000 mid_frac=0.241 hard=score=461.5879823720 wNMSE=0.76092488 wMSE=57967.5285 wMRED=6.46168502 wER=0.310780 wMAE=92.5378 wBias=-92.5076 condBias=166.0720 dotDrift=-24.590sigma uMRED=0.2349372864 uER=0.397461 uMAE=99.9531 WCE=880 bias=-99.6250
[quad_warmup_bit:01800] loss=0.170343 tau=1.50 collapse_w=0.000 mid_frac=0.214 hard=score=446.2761726899 wNMSE=0.75151672 wMSE=57250.8110 wMRED=6.42136191 wER=0.283358 wMAE=90.9878 wBias=-90.9576 condBias=163.1820 dotDrift=-24.329sigma uMRED=0.2301455170 uER=0.369141 uMAE=96.9531 WCE=880 bias=-96.6250
[quad_warmup_bit:02000] loss=0.161820 tau=1.50 collapse_w=0.000 mid_frac=0.223 hard=score=439.3462949652 wNMSE=0.74406824 wMSE=56683.3834 wMRED=6.41565876 wER=0.283358 wMAE=90.2781 wBias=-90.2479 condBias=161.7829 dotDrift=-24.260sigma uMRED=0.2205267737 uER=0.369141 uMAE=88.9531 WCE=880 bias=-88.6250
[quad_warmup_bit:02200] loss=0.153993 tau=1.50 collapse_w=0.000 mid_frac=0.205 hard=score=418.1024194927 wNMSE=0.71561036 wMSE=54515.4518 wMRED=6.20274348 wER=0.266992 wMAE=88.0678 wBias=-88.0376 condBias=157.7833 dotDrift=-24.132sigma uMRED=0.2138331195 uER=0.365234 uMAE=85.9531 WCE=848 bias=-85.6250
[quad_warmup_bit:02400] loss=0.146979 tau=1.50 collapse_w=0.000 mid_frac=0.223 hard=score=388.6838677238 wNMSE=0.69041596 wMSE=52596.1337 wMRED=6.08689308 wER=0.260691 wMAE=85.0211 wBias=-84.8785 condBias=153.9628 dotDrift=-23.686sigma uMRED=0.1989787227 uER=0.342773 uMAE=75.7031 WCE=832 bias=-73.1250
[quad_warmup_bit:02600] loss=0.140543 tau=1.50 collapse_w=0.000 mid_frac=0.232 hard=score=293.6512583610 wNMSE=0.62297544 wMSE=47458.4908 wMRED=5.29638475 wER=0.226797 wMAE=74.4572 wBias=-73.7512 condBias=146.7387 dotDrift=-21.667sigma uMRED=0.1813389293 uER=0.333984 uMAE=72.0312 WCE=704 bias=-69.1250
[quad_warmup_bit:02800] loss=0.134537 tau=1.50 collapse_w=0.000 mid_frac=0.223 hard=score=18.6781621304 wNMSE=0.038307767 wMSE=2918.2993 wMRED=1.41242310 wER=0.218002 wMAE=19.3030 wBias=-18.5969 condBias=36.9090 dotDrift=-22.032sigma uMRED=0.0473321413 uER=0.315430 uMAE=19.5312 WCE=192 bias=-16.6250 *BEST*
[quad_warmup_bit:02850] loss=0.133093 tau=1.50 collapse_w=0.000 mid_frac=0.214 hard=score=9.3123365292 wNMSE=0.018009277 wMSE=1371.9531 wMRED=0.94552726 wER=0.217711 wMAE=13.7238 wBias=-13.1302 condBias=25.9777 dotDrift=-22.687sigma uMRED=0.0372899544 uER=0.308594 uMAE=17.2812 WCE=144 bias=-16.6250 *BEST*
[quad_warmup_bit:02950] loss=0.130255 tau=1.50 collapse_w=0.000 mid_frac=0.214 hard=score=7.9120720421 wNMSE=0.016426004 wMSE=1251.3388 wMRED=0.92977792 wER=0.209876 wMAE=12.6942 wBias=-12.1005 condBias=23.9185 dotDrift=-21.893sigma uMRED=0.0339395487 uER=0.289062 uMAE=15.2812 WCE=144 bias=-14.6250 *BEST*
[quad_warmup_bit:03000] loss=0.128855 tau=1.50 collapse_w=0.000 mid_frac=0.223 hard=score=7.7751325264 wNMSE=0.016311251 wMSE=1242.5969 wMRED=0.92920578 wER=0.208910 wMAE=12.5885 wBias=-11.9949 condBias=23.8633 dotDrift=-21.778sigma uMRED=0.0319033411 uER=0.269531 uMAE=13.2812 WCE=144 bias=-12.6250 *BEST*
[quad_warmup_bit:03200] loss=0.123180 tau=1.50 collapse_w=0.000 mid_frac=0.214 hard=score=7.7751325264 wNMSE=0.016311251 wMSE=1242.5969 wMRED=0.92920578 wER=0.208910 wMAE=12.5885 wBias=-11.9949 condBias=23.8633 dotDrift=-21.778sigma uMRED=0.0319033411 uER=0.269531 uMAE=13.2812 WCE=144 bias=-12.6250
[quad_warmup_bit:03350] loss=0.118579 tau=1.50 collapse_w=0.000 mid_frac=0.205 hard=score=6.9640072292 wNMSE=0.015543667 wMSE=1184.1221 wMRED=0.91455607 wER=0.208910 wMAE=11.9446 wBias=-11.3510 condBias=22.5754 dotDrift=-21.111sigma uMRED=0.0301605349 uER=0.269531 uMAE=12.2812 WCE=128 bias=-11.6250 *BEST*
[quad_warmup_bit:03375] loss=0.117786 tau=1.50 collapse_w=0.000 mid_frac=0.196 hard=score=0.0150228562 wNMSE=0.0030146948 wMSE=229.6605 wMRED=0.12162767 wER=0.163615 wMAE=4.4879 wBias=-0.2058 condBias=8.3681 dotDrift=-0.869sigma uMRED=0.0160363767 uER=0.257812 uMAE=10.3906 WCE=128 bias=-7.6250 *BEST*
[quad_warmup_bit:03400] loss=0.116990 tau=1.50 collapse_w=0.000 mid_frac=0.188 hard=score=0.0126783262 wNMSE=0.002724263 wMSE=207.5353 wMRED=0.11892683 wER=0.160332 wMAE=4.1981 wBias=0.0840 condBias=8.0129 dotDrift=+0.373sigma uMRED=0.0134506473 uER=0.238281 uMAE=8.3906 WCE=128 bias=-5.6250 *BEST*
[quad_warmup_bit:03600] loss=0.110570 tau=1.50 collapse_w=0.000 mid_frac=0.170 hard=score=0.0126783262 wNMSE=0.002724263 wMSE=207.5353 wMRED=0.11892683 wER=0.160332 wMAE=4.1981 wBias=0.0840 condBias=8.0129 dotDrift=+0.373sigma uMRED=0.0134506473 uER=0.238281 uMAE=8.3906 WCE=128 bias=-5.6250
[quad_warmup_bit:03800] loss=0.103846 tau=1.50 collapse_w=0.000 mid_frac=0.143 hard=score=0.0159435878 wNMSE=0.0023134922 wMSE=176.2427 wMRED=0.11851291 wER=0.159888 wMAE=4.0480 wBias=0.3648 condBias=7.5663 dotDrift=+1.759sigma uMRED=0.0112244927 uER=0.231445 uMAE=6.5547 WCE=80 bias=-1.7500
[quad_warmup_bit:04000] loss=0.097091 tau=1.50 collapse_w=0.000 mid_frac=0.143 hard=score=0.0159435878 wNMSE=0.0023134922 wMSE=176.2427 wMRED=0.11851291 wER=0.159888 wMAE=4.0480 wBias=0.3648 condBias=7.5663 dotDrift=+1.759sigma uMRED=0.0112244927 uER=0.231445 uMAE=6.5547 WCE=80 bias=-1.7500
[quad_warmup_bit:04200] loss=0.091158 tau=1.50 collapse_w=0.000 mid_frac=0.143 hard=score=0.0159435878 wNMSE=0.0023134922 wMSE=176.2427 wMRED=0.11851291 wER=0.159888 wMAE=4.0480 wBias=0.3648 condBias=7.5663 dotDrift=+1.759sigma uMRED=0.0112244927 uER=0.231445 uMAE=6.5547 WCE=80 bias=-1.7500
[quad_warmup_bit:04400] loss=0.086272 tau=1.50 collapse_w=0.000 mid_frac=0.125 hard=score=0.0149387009 wNMSE=0.0025115138 wMSE=191.3280 wMRED=0.11427659 wER=0.162837 wMAE=4.1363 wBias=-0.2352 condBias=7.7326 dotDrift=-1.088sigma uMRED=0.0134554172 uER=0.243164 uMAE=8.4688 WCE=128 bias=-4.2500
[quad_warmup_bit:04600] loss=0.082292 tau=1.50 collapse_w=0.000 mid_frac=0.116 hard=score=0.0149387009 wNMSE=0.0025115138 wMSE=191.3280 wMRED=0.11427659 wER=0.162837 wMAE=4.1363 wBias=-0.2352 condBias=7.7326 dotDrift=-1.088sigma uMRED=0.0134554172 uER=0.243164 uMAE=8.4688 WCE=128 bias=-4.2500
[quad_warmup_bit:04800] loss=0.079033 tau=1.50 collapse_w=0.000 mid_frac=0.116 hard=score=0.2106038961 wNMSE=0.010356291 wMSE=788.9459 wMRED=0.12440099 wER=0.162837 wMAE=5.3035 wBias=1.7570 condBias=14.5910 dotDrift=+4.003sigma uMRED=0.0258998968 uER=0.243164 uMAE=18.3281 WCE=464 bias=11.7500
[quad_warmup_bit:05000] loss=0.076081 tau=1.50 collapse_w=0.000 mid_frac=0.116 hard=score=0.1036884662 wNMSE=0.0099316121 wMSE=756.5937 wMRED=0.11135381 wER=0.156322 wMAE=4.9467 wBias=1.0551 condBias=14.2598 dotDrift=+2.455sigma uMRED=0.0250386434 uER=0.237305 uMAE=17.8438 WCE=464 bias=10.7500
[quad_warmup_bit:05200] loss=0.072933 tau=1.50 collapse_w=0.000 mid_frac=0.116 hard=score=0.1036884662 wNMSE=0.0099316121 wMSE=756.5937 wMRED=0.11135381 wER=0.156322 wMAE=4.9467 wBias=1.0551 condBias=14.2598 dotDrift=+2.455sigma uMRED=0.0250386434 uER=0.237305 uMAE=17.8438 WCE=464 bias=10.7500
[quad_warmup_bit:05400] loss=0.069505 tau=1.50 collapse_w=0.000 mid_frac=0.107 hard=score=0.1036884662 wNMSE=0.0099316121 wMSE=756.5937 wMRED=0.11135381 wER=0.156322 wMAE=4.9467 wBias=1.0551 condBias=14.2598 dotDrift=+2.455sigma uMRED=0.0250386434 uER=0.237305 uMAE=17.8438 WCE=464 bias=10.7500
[quad_warmup_bit:05600] loss=0.066572 tau=1.50 collapse_w=0.000 mid_frac=0.089 hard=score=0.1036884662 wNMSE=0.0099316121 wMSE=756.5937 wMRED=0.11135381 wER=0.156322 wMAE=4.9467 wBias=1.0551 condBias=14.2598 dotDrift=+2.455sigma uMRED=0.0250386434 uER=0.237305 uMAE=17.8438 WCE=464 bias=10.7500
[quad_warmup_bit:05800] loss=0.064145 tau=1.50 collapse_w=0.000 mid_frac=0.062 hard=score=0.0371485431 wNMSE=0.0055353909 wMSE=421.6881 wMRED=0.10420675 wER=0.147544 wMAE=4.3654 wBias=0.3818 condBias=10.8933 dotDrift=+1.190sigma uMRED=0.0198847996 uER=0.230469 uMAE=13.8281 WCE=336 bias=6.5000
[quad_warmup_bit:05999] loss=0.062383 tau=1.50 collapse_w=0.000 mid_frac=0.062 hard=score=0.0282336218 wNMSE=0.0017922721 wMSE=136.5359 wMRED=0.09547637 wER=0.145292 wMAE=3.3693 wBias=-0.6143 condBias=6.7913 dotDrift=-3.365sigma uMRED=0.0097730052 uER=0.214844 uMAE=5.8281 WCE=80 bias=-1.5000
[quad_soft:00000] loss=0.231492 tau=1.50 collapse_w=0.000 mid_frac=0.062 hard=score=0.0282336218 wNMSE=0.0017922721 wMSE=136.5359 wMRED=0.09547637 wER=0.145292 wMAE=3.3693 wBias=-0.6143 condBias=6.7913 dotDrift=-3.365sigma uMRED=0.0097730052 uER=0.214844 uMAE=5.8281 WCE=80 bias=-1.5000
[quad_soft:00200] loss=0.114369 tau=1.59 collapse_w=0.000 mid_frac=0.045 hard=score=0.1619796664 wNMSE=0.0015920016 wMSE=121.2792 wMRED=0.12759804 wER=0.171945 wMAE=3.7332 wBias=-1.6943 condBias=6.3183 dotDrift=-9.846sigma uMRED=0.0102039506 uER=0.238281 uMAE=5.7031 WCE=80 bias=-2.8750
[quad_soft:00400] loss=0.086139 tau=1.68 collapse_w=0.000 mid_frac=0.062 hard=score=0.0227263558 wNMSE=0.0025230713 wMSE=192.2085 wMRED=0.13822338 wER=0.178001 wMAE=4.4612 wBias=0.4939 condBias=6.3461 dotDrift=+2.280sigma uMRED=0.0113615293 uER=0.244141 uMAE=6.5312 WCE=96 bias=0.6250
[quad_soft:00575] loss=0.077853 tau=1.76 collapse_w=0.000 mid_frac=0.062 hard=score=0.0068703858 wNMSE=0.00089921898 wMSE=68.5028 wMRED=0.08434024 wER=0.154088 wMAE=2.8080 wBias=-0.2127 condBias=4.5191 dotDrift=-1.645sigma uMRED=0.0072950578 uER=0.216797 uMAE=4.3281 WCE=48 bias=-0.8750 *BEST*
[quad_soft:00600] loss=0.077130 tau=1.77 collapse_w=0.000 mid_frac=0.062 hard=score=0.0093978524 wNMSE=0.00094543343 wMSE=72.0235 wMRED=0.08591748 wER=0.154088 wMAE=2.8885 wBias=-0.2931 condBias=4.6923 dotDrift=-2.211sigma uMRED=0.0074894932 uER=0.216797 uMAE=4.4531 WCE=52 bias=-1.0000
[quad_soft:00675] loss=0.075349 tau=1.80 collapse_w=0.000 mid_frac=0.071 hard=score=0.0063785430 wNMSE=0.00085920631 wMSE=65.4546 wMRED=0.11177385 wER=0.188417 wMAE=2.9541 wBias=0.1906 condBias=4.3874 dotDrift=+1.507sigma uMRED=0.0076510148 uER=0.244141 uMAE=4.3906 WCE=48 bias=-0.5000 *BEST*
[quad_soft:00800] loss=0.073140 tau=1.86 collapse_w=0.000 mid_frac=0.071 hard=score=0.0063785430 wNMSE=0.00085920631 wMSE=65.4546 wMRED=0.11177385 wER=0.188417 wMAE=2.9541 wBias=0.1906 condBias=4.3874 dotDrift=+1.507sigma uMRED=0.0076510148 uER=0.244141 uMAE=4.3906 WCE=48 bias=-0.5000
[quad_soft:01000] loss=0.070547 tau=1.95 collapse_w=0.000 mid_frac=0.071 hard=score=0.0093978524 wNMSE=0.00094543343 wMSE=72.0235 wMRED=0.08591748 wER=0.154088 wMAE=2.8885 wBias=-0.2931 condBias=4.6923 dotDrift=-2.211sigma uMRED=0.0074894932 uER=0.216797 uMAE=4.4531 WCE=52 bias=-1.0000
[quad_soft:01200] loss=0.068579 tau=2.04 collapse_w=0.000 mid_frac=0.071 hard=score=0.0068703858 wNMSE=0.00089921898 wMSE=68.5028 wMRED=0.08434024 wER=0.154088 wMAE=2.8080 wBias=-0.2127 condBias=4.5191 dotDrift=-1.645sigma uMRED=0.0072950578 uER=0.216797 uMAE=4.3281 WCE=48 bias=-0.8750
[quad_soft:01400] loss=0.066879 tau=2.13 collapse_w=0.000 mid_frac=0.071 hard=score=0.0068703858 wNMSE=0.00089921898 wMSE=68.5028 wMRED=0.08434024 wER=0.154088 wMAE=2.8080 wBias=-0.2127 condBias=4.5191 dotDrift=-1.645sigma uMRED=0.0072950578 uER=0.216797 uMAE=4.3281 WCE=48 bias=-0.8750
[quad_soft:01600] loss=0.065340 tau=2.22 collapse_w=0.000 mid_frac=0.080 hard=score=0.0068703858 wNMSE=0.00089921898 wMSE=68.5028 wMRED=0.08434024 wER=0.154088 wMAE=2.8080 wBias=-0.2127 condBias=4.5191 dotDrift=-1.645sigma uMRED=0.0072950578 uER=0.216797 uMAE=4.3281 WCE=48 bias=-0.8750
[quad_soft:01800] loss=0.063892 tau=2.31 collapse_w=0.000 mid_frac=0.080 hard=score=0.0068703858 wNMSE=0.00089921898 wMSE=68.5028 wMRED=0.08434024 wER=0.154088 wMAE=2.8080 wBias=-0.2127 condBias=4.5191 dotDrift=-1.645sigma uMRED=0.0072950578 uER=0.216797 uMAE=4.3281 WCE=48 bias=-0.8750
[quad_soft:02000] loss=0.062507 tau=2.40 collapse_w=0.000 mid_frac=0.080 hard=score=0.0068703858 wNMSE=0.00089921898 wMSE=68.5028 wMRED=0.08434024 wER=0.154088 wMAE=2.8080 wBias=-0.2127 condBias=4.5191 dotDrift=-1.645sigma uMRED=0.0072950578 uER=0.216797 uMAE=4.3281 WCE=48 bias=-0.8750
[quad_soft:02200] loss=0.061155 tau=2.49 collapse_w=0.000 mid_frac=0.080 hard=score=0.0068703858 wNMSE=0.00089921898 wMSE=68.5028 wMRED=0.08434024 wER=0.154088 wMAE=2.8080 wBias=-0.2127 condBias=4.5191 dotDrift=-1.645sigma uMRED=0.0072950578 uER=0.216797 uMAE=4.3281 WCE=48 bias=-0.8750
[quad_soft:02400] loss=0.059826 tau=2.58 collapse_w=0.000 mid_frac=0.080 hard=score=0.0068703858 wNMSE=0.00089921898 wMSE=68.5028 wMRED=0.08434024 wER=0.154088 wMAE=2.8080 wBias=-0.2127 condBias=4.5191 dotDrift=-1.645sigma uMRED=0.0072950578 uER=0.216797 uMAE=4.3281 WCE=48 bias=-0.8750
[quad_soft:02600] loss=0.058512 tau=2.67 collapse_w=0.000 mid_frac=0.080 hard=score=0.0068703858 wNMSE=0.00089921898 wMSE=68.5028 wMRED=0.08434024 wER=0.154088 wMAE=2.8080 wBias=-0.2127 condBias=4.5191 dotDrift=-1.645sigma uMRED=0.0072950578 uER=0.216797 uMAE=4.3281 WCE=48 bias=-0.8750
[quad_soft:02800] loss=0.057208 tau=2.76 collapse_w=0.000 mid_frac=0.080 hard=score=0.0068703858 wNMSE=0.00089921898 wMSE=68.5028 wMRED=0.08434024 wER=0.154088 wMAE=2.8080 wBias=-0.2127 condBias=4.5191 dotDrift=-1.645sigma uMRED=0.0072950578 uER=0.216797 uMAE=4.3281 WCE=48 bias=-0.8750
[quad_soft:03000] loss=0.055907 tau=2.85 collapse_w=0.000 mid_frac=0.080 hard=score=0.0068703858 wNMSE=0.00089921898 wMSE=68.5028 wMRED=0.08434024 wER=0.154088 wMAE=2.8080 wBias=-0.2127 condBias=4.5191 dotDrift=-1.645sigma uMRED=0.0072950578 uER=0.216797 uMAE=4.3281 WCE=48 bias=-0.8750
[quad_soft:03200] loss=0.054610 tau=2.94 collapse_w=0.000 mid_frac=0.080 hard=score=0.0068703858 wNMSE=0.00089921898 wMSE=68.5028 wMRED=0.08434024 wER=0.154088 wMAE=2.8080 wBias=-0.2127 condBias=4.5191 dotDrift=-1.645sigma uMRED=0.0072950578 uER=0.216797 uMAE=4.3281 WCE=48 bias=-0.8750
[quad_soft:03400] loss=0.053313 tau=3.03 collapse_w=0.000 mid_frac=0.080 hard=score=0.0068703858 wNMSE=0.00089921898 wMSE=68.5028 wMRED=0.08434024 wER=0.154088 wMAE=2.8080 wBias=-0.2127 condBias=4.5191 dotDrift=-1.645sigma uMRED=0.0072950578 uER=0.216797 uMAE=4.3281 WCE=48 bias=-0.8750
[quad_soft:03600] loss=0.052018 tau=3.12 collapse_w=0.000 mid_frac=0.080 hard=score=0.0068703858 wNMSE=0.00089921898 wMSE=68.5028 wMRED=0.08434024 wER=0.154088 wMAE=2.8080 wBias=-0.2127 condBias=4.5191 dotDrift=-1.645sigma uMRED=0.0072950578 uER=0.216797 uMAE=4.3281 WCE=48 bias=-0.8750
[quad_soft:03800] loss=0.050726 tau=3.21 collapse_w=0.000 mid_frac=0.080 hard=score=0.0068703858 wNMSE=0.00089921898 wMSE=68.5028 wMRED=0.08434024 wER=0.154088 wMAE=2.8080 wBias=-0.2127 condBias=4.5191 dotDrift=-1.645sigma uMRED=0.0072950578 uER=0.216797 uMAE=4.3281 WCE=48 bias=-0.8750
[quad_soft:04000] loss=0.049430 tau=3.30 collapse_w=0.000 mid_frac=0.080 hard=score=0.0068703858 wNMSE=0.00089921898 wMSE=68.5028 wMRED=0.08434024 wER=0.154088 wMAE=2.8080 wBias=-0.2127 condBias=4.5191 dotDrift=-1.645sigma uMRED=0.0072950578 uER=0.216797 uMAE=4.3281 WCE=48 bias=-0.8750
[quad_soft:04200] loss=0.048073 tau=3.39 collapse_w=0.000 mid_frac=0.080 hard=score=0.0068703858 wNMSE=0.00089921898 wMSE=68.5028 wMRED=0.08434024 wER=0.154088 wMAE=2.8080 wBias=-0.2127 condBias=4.5191 dotDrift=-1.645sigma uMRED=0.0072950578 uER=0.216797 uMAE=4.3281 WCE=48 bias=-0.8750
[quad_soft:04400] loss=0.046716 tau=3.48 collapse_w=0.000 mid_frac=0.080 hard=score=0.0068703858 wNMSE=0.00089921898 wMSE=68.5028 wMRED=0.08434024 wER=0.154088 wMAE=2.8080 wBias=-0.2127 condBias=4.5191 dotDrift=-1.645sigma uMRED=0.0072950578 uER=0.216797 uMAE=4.3281 WCE=48 bias=-0.8750
[quad_soft:04600] loss=0.045363 tau=3.57 collapse_w=0.000 mid_frac=0.080 hard=score=0.0068703858 wNMSE=0.00089921898 wMSE=68.5028 wMRED=0.08434024 wER=0.154088 wMAE=2.8080 wBias=-0.2127 condBias=4.5191 dotDrift=-1.645sigma uMRED=0.0072950578 uER=0.216797 uMAE=4.3281 WCE=48 bias=-0.8750
[quad_soft:04800] loss=0.044004 tau=3.66 collapse_w=0.000 mid_frac=0.080 hard=score=0.0068703858 wNMSE=0.00089921898 wMSE=68.5028 wMRED=0.08434024 wER=0.154088 wMAE=2.8080 wBias=-0.2127 condBias=4.5191 dotDrift=-1.645sigma uMRED=0.0072950578 uER=0.216797 uMAE=4.3281 WCE=48 bias=-0.8750
[quad_soft:05000] loss=0.042647 tau=3.75 collapse_w=0.000 mid_frac=0.080 hard=score=0.0068703858 wNMSE=0.00089921898 wMSE=68.5028 wMRED=0.08434024 wER=0.154088 wMAE=2.8080 wBias=-0.2127 condBias=4.5191 dotDrift=-1.645sigma uMRED=0.0072950578 uER=0.216797 uMAE=4.3281 WCE=48 bias=-0.8750
[quad_soft:05200] loss=0.041291 tau=3.84 collapse_w=0.000 mid_frac=0.080 hard=score=0.0068703858 wNMSE=0.00089921898 wMSE=68.5028 wMRED=0.08434024 wER=0.154088 wMAE=2.8080 wBias=-0.2127 condBias=4.5191 dotDrift=-1.645sigma uMRED=0.0072950578 uER=0.216797 uMAE=4.3281 WCE=48 bias=-0.8750
[quad_soft:05400] loss=0.039935 tau=3.93 collapse_w=0.000 mid_frac=0.080 hard=score=0.0068703858 wNMSE=0.00089921898 wMSE=68.5028 wMRED=0.08434024 wER=0.154088 wMAE=2.8080 wBias=-0.2127 condBias=4.5191 dotDrift=-1.645sigma uMRED=0.0072950578 uER=0.216797 uMAE=4.3281 WCE=48 bias=-0.8750
[quad_soft:05600] loss=0.038568 tau=4.02 collapse_w=0.000 mid_frac=0.080 hard=score=0.0068703858 wNMSE=0.00089921898 wMSE=68.5028 wMRED=0.08434024 wER=0.154088 wMAE=2.8080 wBias=-0.2127 condBias=4.5191 dotDrift=-1.645sigma uMRED=0.0072950578 uER=0.216797 uMAE=4.3281 WCE=48 bias=-0.8750
[quad_soft:05800] loss=0.037209 tau=4.11 collapse_w=0.000 mid_frac=0.071 hard=score=0.0290173411 wNMSE=0.00089328831 wMSE=68.0510 wMRED=0.08479779 wER=0.172650 wMAE=2.8254 wBias=-0.6764 condBias=4.5570 dotDrift=-5.248sigma uMRED=0.0074059396 uER=0.232422 uMAE=4.3750 WCE=48 bias=-1.3750
[quad_soft:06000] loss=0.035845 tau=4.20 collapse_w=0.000 mid_frac=0.071 hard=score=0.0290173411 wNMSE=0.00089328831 wMSE=68.0510 wMRED=0.08479779 wER=0.172650 wMAE=2.8254 wBias=-0.6764 condBias=4.5570 dotDrift=-5.248sigma uMRED=0.0074059396 uER=0.232422 uMAE=4.3750 WCE=48 bias=-1.3750
[quad_soft:06075] loss=0.035699 tau=4.23 collapse_w=0.009 mid_frac=0.071 hard=score=0.0062752138 wNMSE=0.00090022197 wMSE=68.5792 wMRED=0.08433510 wER=0.153708 wMAE=2.8033 wBias=-0.1847 condBias=4.5372 dotDrift=-1.427sigma uMRED=0.0071922444 uER=0.207031 uMAE=4.1875 WCE=48 bias=-0.3750 *BEST*
[quad_soft:06175] loss=0.035455 tau=4.28 collapse_w=0.022 mid_frac=0.062 hard=score=0.0051923538 wNMSE=0.00079957458 wMSE=60.9119 wMRED=0.08225447 wER=0.147652 wMAE=2.5646 wBias=0.1272 condBias=4.5427 dotDrift=+1.043sigma uMRED=0.0066483402 uER=0.201172 uMAE=3.7656 WCE=48 bias=0.1250 *BEST*
[quad_soft:06200] loss=0.035386 tau=4.29 collapse_w=0.025 mid_frac=0.062 hard=score=0.0051923538 wNMSE=0.00079957458 wMSE=60.9119 wMRED=0.08225447 wER=0.147652 wMAE=2.5646 wBias=0.1272 condBias=4.5427 dotDrift=+1.043sigma uMRED=0.0066483402 uER=0.201172 uMAE=3.7656 WCE=48 bias=0.1250
[quad_soft:06400] loss=0.034766 tau=4.38 collapse_w=0.050 mid_frac=0.054 hard=score=0.0086374255 wNMSE=0.00073248522 wMSE=55.8010 wMRED=0.07909999 wER=0.147652 wMAE=2.4038 wBias=0.2881 condBias=4.2342 dotDrift=+2.468sigma uMRED=0.0062594694 uER=0.201172 uMAE=3.5156 WCE=48 bias=0.3750
[quad_soft:06600] loss=0.034058 tau=4.47 collapse_w=0.075 mid_frac=0.054 hard=score=0.0086374255 wNMSE=0.00073248522 wMSE=55.8010 wMRED=0.07909999 wER=0.147652 wMAE=2.4038 wBias=0.2881 condBias=4.2342 dotDrift=+2.468sigma uMRED=0.0062594694 uER=0.201172 uMAE=3.5156 WCE=48 bias=0.3750
[quad_soft:06800] loss=0.033278 tau=4.56 collapse_w=0.100 mid_frac=0.054 hard=score=0.0086374255 wNMSE=0.00073248522 wMSE=55.8010 wMRED=0.07909999 wER=0.147652 wMAE=2.4038 wBias=0.2881 condBias=4.2342 dotDrift=+2.468sigma uMRED=0.0062594694 uER=0.201172 uMAE=3.5156 WCE=48 bias=0.3750
[quad_soft:07000] loss=0.032408 tau=4.65 collapse_w=0.125 mid_frac=0.054 hard=score=0.0086374255 wNMSE=0.00073248522 wMSE=55.8010 wMRED=0.07909999 wER=0.147652 wMAE=2.4038 wBias=0.2881 condBias=4.2342 dotDrift=+2.468sigma uMRED=0.0062594694 uER=0.201172 uMAE=3.5156 WCE=48 bias=0.3750
[quad_soft:07200] loss=0.031511 tau=4.74 collapse_w=0.150 mid_frac=0.045 hard=score=0.0086374255 wNMSE=0.00073248522 wMSE=55.8010 wMRED=0.07909999 wER=0.147652 wMAE=2.4038 wBias=0.2881 condBias=4.2342 dotDrift=+2.468sigma uMRED=0.0062594694 uER=0.201172 uMAE=3.5156 WCE=48 bias=0.3750
[quad_soft:07400] loss=0.030605 tau=4.83 collapse_w=0.175 mid_frac=0.036 hard=score=0.0086374255 wNMSE=0.00073248522 wMSE=55.8010 wMRED=0.07909999 wER=0.147652 wMAE=2.4038 wBias=0.2881 condBias=4.2342 dotDrift=+2.468sigma uMRED=0.0062594694 uER=0.201172 uMAE=3.5156 WCE=48 bias=0.3750
[quad_soft:07600] loss=0.029655 tau=4.92 collapse_w=0.200 mid_frac=0.027 hard=score=0.0086374255 wNMSE=0.00073248522 wMSE=55.8010 wMRED=0.07909999 wER=0.147652 wMAE=2.4038 wBias=0.2881 condBias=4.2342 dotDrift=+2.468sigma uMRED=0.0062594694 uER=0.201172 uMAE=3.5156 WCE=48 bias=0.3750
[quad_soft:07800] loss=0.028697 tau=5.01 collapse_w=0.225 mid_frac=0.027 hard=score=0.0086374255 wNMSE=0.00073248522 wMSE=55.8010 wMRED=0.07909999 wER=0.147652 wMAE=2.4038 wBias=0.2881 condBias=4.2342 dotDrift=+2.468sigma uMRED=0.0062594694 uER=0.201172 uMAE=3.5156 WCE=48 bias=0.3750
[quad_soft:08000] loss=0.027719 tau=5.10 collapse_w=0.250 mid_frac=0.027 hard=score=0.0086374255 wNMSE=0.00073248522 wMSE=55.8010 wMRED=0.07909999 wER=0.147652 wMAE=2.4038 wBias=0.2881 condBias=4.2342 dotDrift=+2.468sigma uMRED=0.0062594694 uER=0.201172 uMAE=3.5156 WCE=48 bias=0.3750
[quad_soft:08200] loss=0.026710 tau=5.19 collapse_w=0.275 mid_frac=0.027 hard=score=0.0086374255 wNMSE=0.00073248522 wMSE=55.8010 wMRED=0.07909999 wER=0.147652 wMAE=2.4038 wBias=0.2881 condBias=4.2342 dotDrift=+2.468sigma uMRED=0.0062594694 uER=0.201172 uMAE=3.5156 WCE=48 bias=0.3750
[quad_soft:08400] loss=0.025671 tau=5.28 collapse_w=0.300 mid_frac=0.027 hard=score=0.0086374255 wNMSE=0.00073248522 wMSE=55.8010 wMRED=0.07909999 wER=0.147652 wMAE=2.4038 wBias=0.2881 condBias=4.2342 dotDrift=+2.468sigma uMRED=0.0062594694 uER=0.201172 uMAE=3.5156 WCE=48 bias=0.3750
[quad_soft:08600] loss=0.024550 tau=5.37 collapse_w=0.325 mid_frac=0.027 hard=score=0.0086374255 wNMSE=0.00073248522 wMSE=55.8010 wMRED=0.07909999 wER=0.147652 wMAE=2.4038 wBias=0.2881 condBias=4.2342 dotDrift=+2.468sigma uMRED=0.0062594694 uER=0.201172 uMAE=3.5156 WCE=48 bias=0.3750
[quad_soft:08800] loss=0.023368 tau=5.46 collapse_w=0.350 mid_frac=0.027 hard=score=0.0086374255 wNMSE=0.00073248522 wMSE=55.8010 wMRED=0.07909999 wER=0.147652 wMAE=2.4038 wBias=0.2881 condBias=4.2342 dotDrift=+2.468sigma uMRED=0.0062594694 uER=0.201172 uMAE=3.5156 WCE=48 bias=0.3750
[quad_soft:09000] loss=0.022184 tau=5.55 collapse_w=0.375 mid_frac=0.027 hard=score=0.0086374255 wNMSE=0.00073248522 wMSE=55.8010 wMRED=0.07909999 wER=0.147652 wMAE=2.4038 wBias=0.2881 condBias=4.2342 dotDrift=+2.468sigma uMRED=0.0062594694 uER=0.201172 uMAE=3.5156 WCE=48 bias=0.3750
[quad_soft:09200] loss=0.020892 tau=5.64 collapse_w=0.400 mid_frac=0.027 hard=score=0.0086374255 wNMSE=0.00073248522 wMSE=55.8010 wMRED=0.07909999 wER=0.147652 wMAE=2.4038 wBias=0.2881 condBias=4.2342 dotDrift=+2.468sigma uMRED=0.0062594694 uER=0.201172 uMAE=3.5156 WCE=48 bias=0.3750
[quad_soft:09400] loss=0.019617 tau=5.73 collapse_w=0.425 mid_frac=0.027 hard=score=0.0086374255 wNMSE=0.00073248522 wMSE=55.8010 wMRED=0.07909999 wER=0.147652 wMAE=2.4038 wBias=0.2881 condBias=4.2342 dotDrift=+2.468sigma uMRED=0.0062594694 uER=0.201172 uMAE=3.5156 WCE=48 bias=0.3750
[quad_soft:09600] loss=0.018286 tau=5.82 collapse_w=0.450 mid_frac=0.027 hard=score=0.0086374255 wNMSE=0.00073248522 wMSE=55.8010 wMRED=0.07909999 wER=0.147652 wMAE=2.4038 wBias=0.2881 condBias=4.2342 dotDrift=+2.468sigma uMRED=0.0062594694 uER=0.201172 uMAE=3.5156 WCE=48 bias=0.3750
[quad_soft:09800] loss=0.016865 tau=5.91 collapse_w=0.475 mid_frac=0.027 hard=score=0.0086374255 wNMSE=0.00073248522 wMSE=55.8010 wMRED=0.07909999 wER=0.147652 wMAE=2.4038 wBias=0.2881 condBias=4.2342 dotDrift=+2.468sigma uMRED=0.0062594694 uER=0.201172 uMAE=3.5156 WCE=48 bias=0.3750
[quad_soft:09999] loss=0.015298 tau=6.00 collapse_w=0.500 mid_frac=0.027 hard=score=0.0086374255 wNMSE=0.00073248522 wMSE=55.8010 wMRED=0.07909999 wER=0.147652 wMAE=2.4038 wBias=0.2881 condBias=4.2342 dotDrift=+2.468sigma uMRED=0.0062594694 uER=0.201172 uMAE=3.5156 WCE=48 bias=0.3750
[quad_hard_ste:00000] loss=0.016771 tau=6.00 collapse_w=0.500 mid_frac=0.027 hard=score=0.0086374255 wNMSE=0.00073248522 wMSE=55.8010 wMRED=0.07909999 wER=0.147652 wMAE=2.4038 wBias=0.2881 condBias=4.2342 dotDrift=+2.468sigma uMRED=0.0062594694 uER=0.201172 uMAE=3.5156 WCE=48 bias=0.3750
[quad_hard_ste:00200] loss=0.016979 tau=6.00 collapse_w=0.500 mid_frac=0.027 hard=score=0.0086374255 wNMSE=0.00073248522 wMSE=55.8010 wMRED=0.07909999 wER=0.147652 wMAE=2.4038 wBias=0.2881 condBias=4.2342 dotDrift=+2.468sigma uMRED=0.0062594694 uER=0.201172 uMAE=3.5156 WCE=48 bias=0.3750
[quad_hard_ste:00400] loss=0.017611 tau=6.00 collapse_w=0.500 mid_frac=0.036 hard=score=0.0086374255 wNMSE=0.00073248522 wMSE=55.8010 wMRED=0.07909999 wER=0.147652 wMAE=2.4038 wBias=0.2881 condBias=4.2342 dotDrift=+2.468sigma uMRED=0.0062594694 uER=0.201172 uMAE=3.5156 WCE=48 bias=0.3750
[quad_hard_ste:00600] loss=0.017088 tau=6.00 collapse_w=0.500 mid_frac=0.036 hard=score=0.0086374255 wNMSE=0.00073248522 wMSE=55.8010 wMRED=0.07909999 wER=0.147652 wMAE=2.4038 wBias=0.2881 condBias=4.2342 dotDrift=+2.468sigma uMRED=0.0062594694 uER=0.201172 uMAE=3.5156 WCE=48 bias=0.3750
[quad_hard_ste:00800] loss=0.016761 tau=6.00 collapse_w=0.500 mid_frac=0.036 hard=score=0.0697628761 wNMSE=0.00084535667 wMSE=64.3996 wMRED=0.14482296 wER=0.193814 wMAE=3.1484 wBias=-1.1028 condBias=3.9898 dotDrift=-8.795sigma uMRED=0.0073734418 uER=0.210938 uMAE=3.6562 WCE=48 bias=-0.1250
[quad_hard_ste:01000] loss=0.016528 tau=6.00 collapse_w=0.500 mid_frac=0.036 hard=score=0.0697628761 wNMSE=0.00084535667 wMSE=64.3996 wMRED=0.14482296 wER=0.193814 wMAE=3.1484 wBias=-1.1028 condBias=3.9898 dotDrift=-8.795sigma uMRED=0.0073734418 uER=0.210938 uMAE=3.6562 WCE=48 bias=-0.1250
[quad_hard_ste:01200] loss=0.016349 tau=6.00 collapse_w=0.500 mid_frac=0.027 hard=score=0.0086374255 wNMSE=0.00073248522 wMSE=55.8010 wMRED=0.07909999 wER=0.147652 wMAE=2.4038 wBias=0.2881 condBias=4.2342 dotDrift=+2.468sigma uMRED=0.0062594694 uER=0.201172 uMAE=3.5156 WCE=48 bias=0.3750
[quad_hard_ste:01400] loss=0.016220 tau=6.00 collapse_w=0.500 mid_frac=0.036 hard=score=0.0697628761 wNMSE=0.00084535667 wMSE=64.3996 wMRED=0.14482296 wER=0.193814 wMAE=3.1484 wBias=-1.1028 condBias=3.9898 dotDrift=-8.795sigma uMRED=0.0073734418 uER=0.210938 uMAE=3.6562 WCE=48 bias=-0.1250
[quad_hard_ste:01600] loss=0.080860 tau=6.00 collapse_w=0.500 mid_frac=0.036 hard=score=0.0697628761 wNMSE=0.00084535667 wMSE=64.3996 wMRED=0.14482296 wER=0.193814 wMAE=3.1484 wBias=-1.1028 condBias=3.9898 dotDrift=-8.795sigma uMRED=0.0073734418 uER=0.210938 uMAE=3.6562 WCE=48 bias=-0.1250
[quad_hard_ste:01800] loss=0.016024 tau=6.00 collapse_w=0.500 mid_frac=0.027 hard=score=0.0086374255 wNMSE=0.00073248522 wMSE=55.8010 wMRED=0.07909999 wER=0.147652 wMAE=2.4038 wBias=0.2881 condBias=4.2342 dotDrift=+2.468sigma uMRED=0.0062594694 uER=0.201172 uMAE=3.5156 WCE=48 bias=0.3750
[quad_hard_ste:02000] loss=0.080708 tau=6.00 collapse_w=0.500 mid_frac=0.036 hard=score=0.0697628761 wNMSE=0.00084535667 wMSE=64.3996 wMRED=0.14482296 wER=0.193814 wMAE=3.1484 wBias=-1.1028 condBias=3.9898 dotDrift=-8.795sigma uMRED=0.0073734418 uER=0.210938 uMAE=3.6562 WCE=48 bias=-0.1250
[quad_hard_ste:02200] loss=0.080653 tau=6.00 collapse_w=0.500 mid_frac=0.027 hard=score=0.0086374255 wNMSE=0.00073248522 wMSE=55.8010 wMRED=0.07909999 wER=0.147652 wMAE=2.4038 wBias=0.2881 condBias=4.2342 dotDrift=+2.468sigma uMRED=0.0062594694 uER=0.201172 uMAE=3.5156 WCE=48 bias=0.3750
[quad_hard_ste:02400] loss=0.080606 tau=6.00 collapse_w=0.500 mid_frac=0.027 hard=score=0.0086374255 wNMSE=0.00073248522 wMSE=55.8010 wMRED=0.07909999 wER=0.147652 wMAE=2.4038 wBias=0.2881 condBias=4.2342 dotDrift=+2.468sigma uMRED=0.0062594694 uER=0.201172 uMAE=3.5156 WCE=48 bias=0.3750
[quad_hard_ste:02600] loss=0.015824 tau=6.00 collapse_w=0.500 mid_frac=0.036 hard=score=0.0697628761 wNMSE=0.00084535667 wMSE=64.3996 wMRED=0.14482296 wER=0.193814 wMAE=3.1484 wBias=-1.1028 condBias=3.9898 dotDrift=-8.795sigma uMRED=0.0073734418 uER=0.210938 uMAE=3.6562 WCE=48 bias=-0.1250
[quad_hard_ste:02800] loss=0.015792 tau=6.00 collapse_w=0.500 mid_frac=0.036 hard=score=0.0697628761 wNMSE=0.00084535667 wMSE=64.3996 wMRED=0.14482296 wER=0.193814 wMAE=3.1484 wBias=-1.1028 condBias=3.9898 dotDrift=-8.795sigma uMRED=0.0073734418 uER=0.210938 uMAE=3.6562 WCE=48 bias=-0.1250
[quad_hard_ste:03000] loss=0.015762 tau=6.00 collapse_w=0.500 mid_frac=0.027 hard=score=0.0086374255 wNMSE=0.00073248522 wMSE=55.8010 wMRED=0.07909999 wER=0.147652 wMAE=2.4038 wBias=0.2881 condBias=4.2342 dotDrift=+2.468sigma uMRED=0.0062594694 uER=0.201172 uMAE=3.5156 WCE=48 bias=0.3750
[quad_hard_ste:03200] loss=0.015736 tau=6.00 collapse_w=0.500 mid_frac=0.027 hard=score=0.0086374255 wNMSE=0.00073248522 wMSE=55.8010 wMRED=0.07909999 wER=0.147652 wMAE=2.4038 wBias=0.2881 condBias=4.2342 dotDrift=+2.468sigma uMRED=0.0062594694 uER=0.201172 uMAE=3.5156 WCE=48 bias=0.3750
[quad_hard_ste:03400] loss=0.015719 tau=6.00 collapse_w=0.500 mid_frac=0.027 hard=score=0.0086374255 wNMSE=0.00073248522 wMSE=55.8010 wMRED=0.07909999 wER=0.147652 wMAE=2.4038 wBias=0.2881 condBias=4.2342 dotDrift=+2.468sigma uMRED=0.0062594694 uER=0.201172 uMAE=3.5156 WCE=48 bias=0.3750
[quad_hard_ste:03600] loss=0.015704 tau=6.00 collapse_w=0.500 mid_frac=0.027 hard=score=0.0086374255 wNMSE=0.00073248522 wMSE=55.8010 wMRED=0.07909999 wER=0.147652 wMAE=2.4038 wBias=0.2881 condBias=4.2342 dotDrift=+2.468sigma uMRED=0.0062594694 uER=0.201172 uMAE=3.5156 WCE=48 bias=0.3750
[quad_hard_ste:03800] loss=0.015696 tau=6.00 collapse_w=0.500 mid_frac=0.036 hard=score=0.0697628761 wNMSE=0.00084535667 wMSE=64.3996 wMRED=0.14482296 wER=0.193814 wMAE=3.1484 wBias=-1.1028 condBias=3.9898 dotDrift=-8.795sigma uMRED=0.0073734418 uER=0.210938 uMAE=3.6562 WCE=48 bias=-0.1250
[quad_hard_ste:03999] loss=0.080429 tau=6.00 collapse_w=0.500 mid_frac=0.027 hard=score=0.0086374255 wNMSE=0.00073248522 wMSE=55.8010 wMRED=0.07909999 wER=0.147652 wMAE=2.4038 wBias=0.2881 condBias=4.2342 dotDrift=+2.468sigma uMRED=0.0062594694 uER=0.201172 uMAE=3.5156 WCE=48 bias=0.3750
[pop00_soft:00000] loss=3.909495 tau=1.50 collapse_w=0.000 mid_frac=0.295 hard=score=59.8252116942 wNMSE=0.086272476 wMSE=6572.2680 wMRED=2.46607862 wER=0.431327 wMAE=45.1931 wBias=33.3020 condBias=60.0419 dotDrift=+26.290sigma uMRED=0.1237265191 uER=0.416992 uMAE=70.1699 WCE=600 bias=27.4375
[pop00_soft:00200] loss=1.310792 tau=2.25 collapse_w=0.000 mid_frac=0.295 hard=score=27.8911250798 wNMSE=0.066918974 wMSE=5097.9113 wMRED=1.98834573 wER=0.402412 wMAE=31.5425 wBias=-22.7176 condBias=39.8660 dotDrift=-20.363sigma uMRED=0.0915096880 uER=0.431641 uMAE=48.5352 WCE=400 bias=-26.5000
[pop00_soft:00400] loss=0.494920 tau=3.00 collapse_w=0.000 mid_frac=0.277 hard=score=0.8115023705 wNMSE=0.021238951 wMSE=1617.9908 wMRED=0.67168163 wER=0.343779 wMAE=16.8184 wBias=-3.7364 condBias=18.7586 dotDrift=-5.945sigma uMRED=0.0612223410 uER=0.404297 uMAE=41.2812 WCE=448 bias=-17.5000
[pop00_soft:00600] loss=0.172627 tau=3.75 collapse_w=0.000 mid_frac=0.259 hard=score=3.9864666369 wNMSE=0.01913483 wMSE=1457.6981 wMRED=0.58345876 wER=0.330136 wMAE=15.4926 wBias=-8.5506 condBias=19.6428 dotDrift=-14.333sigma uMRED=0.0627397780 uER=0.399414 uMAE=42.9453 WCE=420 bias=-38.5000
[pop00_soft:00800] loss=0.101434 tau=4.50 collapse_w=0.084 mid_frac=0.223 hard=score=1.9851328723 wNMSE=0.015991055 wMSE=1218.2043 wMRED=0.47263371 wER=0.336497 wMAE=13.4613 wBias=-6.0031 condBias=17.1636 dotDrift=-11.008sigma uMRED=0.0548362420 uER=0.388672 uMAE=37.3047 WCE=384 bias=-32.6250
[pop00_soft:01000] loss=0.070097 tau=5.25 collapse_w=0.293 mid_frac=0.161 hard=score=0.4548969670 wNMSE=0.01622446 wMSE=1235.9851 wMRED=0.41039677 wER=0.291864 wMAE=12.1379 wBias=-2.7443 condBias=19.2700 dotDrift=-4.996sigma uMRED=0.0554907332 uER=0.382812 uMAE=38.7578 WCE=384 bias=-33.1250
[pop00_soft:01199] loss=0.048798 tau=6.00 collapse_w=0.500 mid_frac=0.161 hard=score=0.4548969670 wNMSE=0.01622446 wMSE=1235.9851 wMRED=0.41039677 wER=0.291864 wMAE=12.1379 wBias=-2.7443 condBias=19.2700 dotDrift=-4.996sigma uMRED=0.0554907332 uER=0.382812 uMAE=38.7578 WCE=384 bias=-33.1250
[pop00_hard:00000] loss=0.482841 tau=6.00 collapse_w=0.500 mid_frac=0.161 hard=score=0.4548969670 wNMSE=0.01622446 wMSE=1235.9851 wMRED=0.41039677 wER=0.291864 wMAE=12.1379 wBias=-2.7443 condBias=19.2700 dotDrift=-4.996sigma uMRED=0.0554907332 uER=0.382812 uMAE=38.7578 WCE=384 bias=-33.1250
[pop00_hard:00200] loss=0.263523 tau=6.00 collapse_w=0.500 mid_frac=0.152 hard=score=0.2386816803 wNMSE=0.015404376 wMSE=1173.5109 wMRED=0.40934457 wER=0.291864 wMAE=12.0159 wBias=-1.8976 condBias=18.2675 dotDrift=-3.545sigma uMRED=0.0522836906 uER=0.382812 uMAE=36.5547 WCE=336 bias=-17.1250
[pop00_hard:00400] loss=0.261784 tau=6.00 collapse_w=0.500 mid_frac=0.152 hard=score=0.2386816803 wNMSE=0.015404376 wMSE=1173.5109 wMRED=0.40934457 wER=0.291864 wMAE=12.0159 wBias=-1.8976 condBias=18.2675 dotDrift=-3.545sigma uMRED=0.0522836906 uER=0.382812 uMAE=36.5547 WCE=336 bias=-17.1250
[pop00_hard:00599] loss=0.058208 tau=6.00 collapse_w=0.500 mid_frac=0.125 hard=score=0.0367319656 wNMSE=0.011034185 wMSE=840.5881 wMRED=0.39899461 wER=0.300136 wMAE=11.1371 wBias=0.0152 condBias=14.9325 dotDrift=+0.033sigma uMRED=0.0434536750 uER=0.391602 uMAE=29.4453 WCE=320 bias=-4.1250
[pop00] done (conf=0.53, noise=0.5); global best score=0.0051923538 wNMSE=0.00079957458 wMSE=60.9119 wMRED=0.08225447 wER=0.147652 wMAE=2.5646 wBias=0.1272 condBias=4.5427 dotDrift=+1.043sigma uMRED=0.0066483402 uER=0.201172 uMAE=3.7656 WCE=48 bias=0.1250
[pop01_soft:00000] loss=4.063233 tau=1.50 collapse_w=0.000 mid_frac=0.321 hard=score=275.2990447368 wNMSE=1.9877746 wMSE=151429.3783 wMRED=19.72056039 wER=0.437165 wMAE=143.7496 wBias=71.1491 condBias=164.8635 dotDrift=+11.702sigma uMRED=0.3865195254 uER=0.437500 uMAE=95.2036 WCE=3899 bias=60.8750
[pop01_soft:00200] loss=2.316247 tau=2.25 collapse_w=0.000 mid_frac=0.330 hard=score=9.0078192721 wNMSE=0.95155948 wMSE=72490.1397 wMRED=7.70656184 wER=0.436956 wMAE=64.3241 wBias=-11.8375 condBias=89.7480 dotDrift=-2.814sigma uMRED=0.1945407779 uER=0.433594 uMAE=72.4043 WCE=3836 bias=-7.1250
[pop01_soft:00400] loss=0.881657 tau=3.00 collapse_w=0.000 mid_frac=0.304 hard=score=8.6403006896 wNMSE=0.076198929 wMSE=5804.8615 wMRED=1.54447813 wER=0.412035 wMAE=36.3658 wBias=-12.5746 condBias=31.0482 dotDrift=-10.563sigma uMRED=0.0977490763 uER=0.431641 uMAE=58.1504 WCE=440 bias=-16.8125
[pop01_soft:00600] loss=0.599857 tau=3.75 collapse_w=0.000 mid_frac=0.321 hard=score=12.5204715832 wNMSE=0.073075167 wMSE=5566.8923 wMRED=1.50841495 wER=0.405845 wMAE=35.6165 wBias=-15.1805 condBias=31.1767 dotDrift=-13.021sigma uMRED=0.0981310750 uER=0.422852 uMAE=57.4609 WCE=424 bias=-49.7500
[pop01_soft:00800] loss=0.440930 tau=4.50 collapse_w=0.084 mid_frac=0.295 hard=score=14.6859798992 wNMSE=0.060793015 wMSE=4631.2335 wMRED=1.23876030 wER=0.354356 wMAE=30.4069 wBias=-16.4637 condBias=29.5922 dotDrift=-15.483sigma uMRED=0.0923537653 uER=0.415039 uMAE=55.8281 WCE=392 bias=-49.7500
[pop01_soft:01000] loss=0.344019 tau=5.25 collapse_w=0.293 mid_frac=0.250 hard=score=10.9714353015 wNMSE=0.057493131 wMSE=4379.8472 wMRED=1.23126586 wER=0.360291 wMAE=30.3602 wBias=-14.2199 condBias=24.2087 dotDrift=-13.751sigma uMRED=0.0887200741 uER=0.419922 uMAE=53.8047 WCE=388 bias=-42.2500
[pop01_soft:01199] loss=0.267060 tau=6.00 collapse_w=0.500 mid_frac=0.250 hard=score=18.3657961574 wNMSE=0.051016371 wMSE=3886.4453 wMRED=1.17760998 wER=0.362404 wMAE=27.7879 wBias=-18.4356 condBias=29.4100 dotDrift=-18.926sigma uMRED=0.0853554799 uER=0.420898 uMAE=52.0078 WCE=364 bias=-43.2500
[pop01_hard:00000] loss=18.438534 tau=6.00 collapse_w=0.500 mid_frac=0.250 hard=score=18.3657961574 wNMSE=0.051016371 wMSE=3886.4453 wMRED=1.17760998 wER=0.362404 wMAE=27.7879 wBias=-18.4356 condBias=29.4100 dotDrift=-18.926sigma uMRED=0.0853554799 uER=0.420898 uMAE=52.0078 WCE=364 bias=-43.2500
[pop01_hard:00200] loss=8.157305 tau=6.00 collapse_w=0.500 mid_frac=0.232 hard=score=8.0838128595 wNMSE=0.060374683 wMSE=4599.3649 wMRED=1.27990422 wER=0.360291 wMAE=31.1914 wBias=-12.1846 condBias=23.4990 dotDrift=-11.499sigma uMRED=0.0885998640 uER=0.419922 uMAE=53.0156 WCE=364 bias=-40.7500
[pop01_hard:00400] loss=6.602123 tau=6.00 collapse_w=0.500 mid_frac=0.223 hard=score=6.5292406009 wNMSE=0.059672304 wMSE=4545.8574 wMRED=1.27364817 wER=0.360291 wMAE=31.1304 wBias=-10.9369 condBias=21.9722 dotDrift=-10.382sigma uMRED=0.0876000790 uER=0.419922 uMAE=52.7969 WCE=364 bias=-38.7500
[pop01_hard:00599] loss=3.192534 tau=6.00 collapse_w=0.500 mid_frac=0.179 hard=score=3.1199677882 wNMSE=0.061894125 wMSE=4715.1165 wMRED=1.28590712 wER=0.360412 wMAE=31.5179 wBias=-7.4936 condBias=21.0090 dotDrift=-6.984sigma uMRED=0.0863569835 uER=0.420898 uMAE=51.6172 WCE=356 bias=-20.1250
[pop01] done (conf=0.51, noise=1.0); global best score=0.0051923538 wNMSE=0.00079957458 wMSE=60.9119 wMRED=0.08225447 wER=0.147652 wMAE=2.5646 wBias=0.1272 condBias=4.5427 dotDrift=+1.043sigma uMRED=0.0066483402 uER=0.201172 uMAE=3.7656 WCE=48 bias=0.1250
[pop02_soft:00000] loss=5.810324 tau=1.50 collapse_w=0.000 mid_frac=0.384 hard=score=214.1014759945 wNMSE=1.5650978 wMSE=119229.7093 wMRED=17.43255669 wER=0.429149 wMAE=113.8956 wBias=62.7371 condBias=159.2683 dotDrift=+11.628sigma uMRED=0.3305649336 uER=0.431641 uMAE=72.5889 WCE=3849 bias=35.8750
[pop02_soft:00200] loss=2.388095 tau=2.25 collapse_w=0.000 mid_frac=0.295 hard=score=16.8850513013 wNMSE=0.49470203 wMSE=37686.5769 wMRED=4.89281393 wER=0.378987 wMAE=55.8971 wBias=-17.2525 condBias=58.1594 dotDrift=-5.688sigma uMRED=0.1871948656 uER=0.430664 uMAE=93.0312 WCE=3856 bias=-78.3750
[pop02_soft:00400] loss=1.169339 tau=3.00 collapse_w=0.000 mid_frac=0.348 hard=score=69.8837550186 wNMSE=0.096017141 wMSE=7314.6200 wMRED=2.14629039 wER=0.348663 wMAE=37.9407 wBias=-36.0017 condBias=57.2194 dotDrift=-26.941sigma uMRED=0.1133958769 uER=0.421875 uMAE=62.7109 WCE=492 bias=-56.1250
[pop02_soft:00600] loss=0.628646 tau=3.75 collapse_w=0.000 mid_frac=0.339 hard=score=27.8021203694 wNMSE=0.051800059 wMSE=3946.1470 wMRED=1.80828390 wER=0.346839 wMAE=29.4680 wBias=-22.6936 condBias=35.9100 dotDrift=-23.120sigma uMRED=0.0879138757 uER=0.403320 uMAE=48.7344 WCE=440 bias=-31.8750
[pop02_soft:00800] loss=0.432507 tau=4.50 collapse_w=0.084 mid_frac=0.304 hard=score=12.7161374054 wNMSE=0.05312828 wMSE=4047.3313 wMRED=1.77755402 wER=0.347410 wMAE=29.2864 wBias=-15.3051 condBias=37.4462 dotDrift=-15.397sigma uMRED=0.0941833202 uER=0.409180 uMAE=55.3594 WCE=496 bias=16.5000
[pop02_soft:01000] loss=0.245631 tau=5.25 collapse_w=0.293 mid_frac=0.259 hard=score=3.5796052716 wNMSE=0.034210846 wMSE=2606.1944 wMRED=1.37922603 wER=0.344674 wMAE=23.0534 wBias=-8.0583 condBias=29.4393 dotDrift=-10.102sigma uMRED=0.0789527408 uER=0.406250 uMAE=47.5469 WCE=496 bias=24.5000
[pop02_soft:01199] loss=0.127746 tau=6.00 collapse_w=0.500 mid_frac=0.223 hard=score=3.5796052716 wNMSE=0.034210846 wMSE=2606.1944 wMRED=1.37922603 wER=0.344674 wMAE=23.0534 wBias=-8.0583 condBias=29.4393 dotDrift=-10.102sigma uMRED=0.0789527408 uER=0.406250 uMAE=47.5469 WCE=496 bias=24.5000
[pop02_hard:00000] loss=3.655591 tau=6.00 collapse_w=0.500 mid_frac=0.223 hard=score=3.5796052716 wNMSE=0.034210846 wMSE=2606.1944 wMRED=1.37922603 wER=0.344674 wMAE=23.0534 wBias=-8.0583 condBias=29.4393 dotDrift=-10.102sigma uMRED=0.0789527408 uER=0.406250 uMAE=47.5469 WCE=496 bias=24.5000
[pop02_hard:00200] loss=3.653058 tau=6.00 collapse_w=0.500 mid_frac=0.223 hard=score=3.5796052716 wNMSE=0.034210846 wMSE=2606.1944 wMRED=1.37922603 wER=0.344674 wMAE=23.0534 wBias=-8.0583 condBias=29.4393 dotDrift=-10.102sigma uMRED=0.0789527408 uER=0.406250 uMAE=47.5469 WCE=496 bias=24.5000
[pop02_hard:00400] loss=11.077260 tau=6.00 collapse_w=0.500 mid_frac=0.223 hard=score=3.5796052716 wNMSE=0.034210846 wMSE=2606.1944 wMRED=1.37922603 wER=0.344674 wMAE=23.0534 wBias=-8.0583 condBias=29.4393 dotDrift=-10.102sigma uMRED=0.0789527408 uER=0.406250 uMAE=47.5469 WCE=496 bias=24.5000
[pop02_hard:00599] loss=3.651286 tau=6.00 collapse_w=0.500 mid_frac=0.223 hard=score=3.5796052716 wNMSE=0.034210846 wMSE=2606.1944 wMRED=1.37922603 wER=0.344674 wMAE=23.0534 wBias=-8.0583 condBias=29.4393 dotDrift=-10.102sigma uMRED=0.0789527408 uER=0.406250 uMAE=47.5469 WCE=496 bias=24.5000
[pop02] done (conf=0.53, noise=0.5); global best score=0.0051923538 wNMSE=0.00079957458 wMSE=60.9119 wMRED=0.08225447 wER=0.147652 wMAE=2.5646 wBias=0.1272 condBias=4.5427 dotDrift=+1.043sigma uMRED=0.0066483402 uER=0.201172 uMAE=3.7656 WCE=48 bias=0.1250
[pop03_soft:00000] loss=1.858823 tau=1.50 collapse_w=0.000 mid_frac=0.464 hard=score=0.4262930919 wNMSE=0.19516858 wMSE=14868.0117 wMRED=2.81385134 wER=0.402050 wMAE=52.7162 wBias=-0.7112 condBias=66.9599 dotDrift=-0.373sigma uMRED=0.1431800695 uER=0.419922 uMAE=77.2109 WCE=734 bias=50.5000
[pop03_soft:00200] loss=0.707327 tau=2.25 collapse_w=0.000 mid_frac=0.402 hard=score=48.0836995077 wNMSE=0.10586796 wMSE=8065.0590 wMRED=2.74466454 wER=0.365199 wMAE=41.3553 wBias=-29.8397 condBias=53.9283 dotDrift=-21.265sigma uMRED=0.1006082028 uER=0.415039 uMAE=47.4570 WCE=388 bias=-3.5000
[pop03_soft:00400] loss=0.516140 tau=3.00 collapse_w=0.000 mid_frac=0.482 hard=score=26.9854193295 wNMSE=0.0788886 wMSE=6009.7616 wMRED=2.28072971 wER=0.382172 wMAE=36.4225 wBias=-22.3384 condBias=44.1191 dotDrift=-18.442sigma uMRED=0.0925940800 uER=0.419922 uMAE=46.9336 WCE=320 bias=6.0000
[pop03_soft:00600] loss=0.304673 tau=3.75 collapse_w=0.000 mid_frac=0.446 hard=score=0.3750550353 wNMSE=0.054597061 wMSE=4159.2235 wMRED=1.38882452 wER=0.388789 wMAE=30.9822 wBias=2.1966 condBias=35.9959 dotDrift=+2.180sigma uMRED=0.0792546573 uER=0.422852 uMAE=46.7148 WCE=306 bias=19.0000
[pop03_soft:00800] loss=0.182329 tau=4.50 collapse_w=0.084 mid_frac=0.393 hard=score=1.1567153435 wNMSE=0.031915577 wMSE=2431.3400 wMRED=1.13292647 wER=0.388789 wMAE=23.5222 wBias=4.4902 condBias=22.9296 dotDrift=+5.828sigma uMRED=0.0661469935 uER=0.422852 uMAE=39.8398 WCE=336 bias=7.5000
[pop03_soft:01000] loss=0.128942 tau=5.25 collapse_w=0.293 mid_frac=0.348 hard=score=1.4189692127 wNMSE=0.031704514 wMSE=2415.2612 wMRED=1.13288584 wER=0.388789 wMAE=23.2657 wBias=5.0045 condBias=22.6026 dotDrift=+6.517sigma uMRED=0.0659535457 uER=0.422852 uMAE=39.3398 WCE=336 bias=8.5000
[pop03_soft:01199] loss=0.091531 tau=6.00 collapse_w=0.500 mid_frac=0.330 hard=score=1.4189692127 wNMSE=0.031704514 wMSE=2415.2612 wMRED=1.13288584 wER=0.388789 wMAE=23.2657 wBias=5.0045 condBias=22.6026 dotDrift=+6.517sigma uMRED=0.0659535457 uER=0.422852 uMAE=39.3398 WCE=336 bias=8.5000
[pop03_hard:00000] loss=1.492178 tau=6.00 collapse_w=0.500 mid_frac=0.330 hard=score=1.4189692127 wNMSE=0.031704514 wMSE=2415.2612 wMRED=1.13288584 wER=0.388789 wMAE=23.2657 wBias=5.0045 condBias=22.6026 dotDrift=+6.517sigma uMRED=0.0659535457 uER=0.422852 uMAE=39.3398 WCE=336 bias=8.5000
[pop03_hard:00200] loss=0.122638 tau=6.00 collapse_w=0.500 mid_frac=0.339 hard=score=0.0668363015 wNMSE=0.018696531 wMSE=1424.3084 wMRED=0.71990884 wER=0.388789 wMAE=17.8667 wBias=-0.5681 condBias=14.3806 dotDrift=-0.963sigma uMRED=0.0563920675 uER=0.422852 uMAE=37.3711 WCE=336 bias=6.5000
[pop03_hard:00400] loss=0.116753 tau=6.00 collapse_w=0.500 mid_frac=0.330 hard=score=0.0668363015 wNMSE=0.018696531 wMSE=1424.3084 wMRED=0.71990884 wER=0.388789 wMAE=17.8667 wBias=-0.5681 condBias=14.3806 dotDrift=-0.963sigma uMRED=0.0563920675 uER=0.422852 uMAE=37.3711 WCE=336 bias=6.5000
[pop03_hard:00599] loss=0.115319 tau=6.00 collapse_w=0.500 mid_frac=0.330 hard=score=0.0668363015 wNMSE=0.018696531 wMSE=1424.3084 wMRED=0.71990884 wER=0.388789 wMAE=17.8667 wBias=-0.5681 condBias=14.3806 dotDrift=-0.963sigma uMRED=0.0563920675 uER=0.422852 uMAE=37.3711 WCE=336 bias=6.5000
[pop03] done (conf=0.51, noise=1.0); global best score=0.0051923538 wNMSE=0.00079957458 wMSE=60.9119 wMRED=0.08225447 wER=0.147652 wMAE=2.5646 wBias=0.1272 condBias=4.5427 dotDrift=+1.043sigma uMRED=0.0066483402 uER=0.201172 uMAE=3.7656 WCE=48 bias=0.1250
[pop04_soft:00000] loss=3.143095 tau=1.50 collapse_w=0.000 mid_frac=0.268 hard=score=356.5404470260 wNMSE=0.58625812 wMSE=44661.3520 wMRED=4.87204195 wER=0.390474 wMAE=88.2974 wBias=81.2986 condBias=154.1714 dotDrift=+24.621sigma uMRED=0.1598400650 uER=0.392578 uMAE=65.8340 WCE=640 bias=52.8750
[pop04_soft:00200] loss=0.912970 tau=2.25 collapse_w=0.000 mid_frac=0.250 hard=score=26.0137566437 wNMSE=0.065376179 wMSE=4980.3806 wMRED=2.34020053 wER=0.403915 wMAE=35.5408 wBias=-21.9386 condBias=42.9292 dotDrift=-19.896sigma uMRED=0.0726570830 uER=0.402344 uMAE=28.6562 WCE=300 bias=-17.2500
[pop04_soft:00400] loss=0.230042 tau=3.00 collapse_w=0.000 mid_frac=0.170 hard=score=4.2615424340 wNMSE=0.0098600852 wMSE=751.1448 wMRED=0.40324580 wER=0.306991 wMAE=9.9386 wBias=-8.8531 condBias=14.8070 dotDrift=-20.673sigma uMRED=0.0444248514 uER=0.361328 uMAE=30.9219 WCE=516 bias=-29.3750
[pop04_soft:00600] loss=0.069597 tau=3.75 collapse_w=0.000 mid_frac=0.179 hard=score=1.2757327614 wNMSE=0.0095738667 wMSE=729.3406 wMRED=0.20943711 wER=0.227845 wMAE=7.2761 wBias=-4.7806 condBias=15.0594 dotDrift=-11.329sigma uMRED=0.0381306542 uER=0.326172 uMAE=27.8750 WCE=504 bias=-25.5000
[pop04_soft:00800] loss=0.047186 tau=4.50 collapse_w=0.084 mid_frac=0.161 hard=score=0.4285873291 wNMSE=0.0092645834 wMSE=705.7793 wMRED=0.19223298 wER=0.234139 wMAE=7.2751 wBias=-2.6732 condBias=14.4005 dotDrift=-6.440sigma uMRED=0.0378820335 uER=0.335938 uMAE=28.0938 WCE=472 bias=-21.6250
[pop04_soft:01000] loss=0.040437 tau=5.25 collapse_w=0.293 mid_frac=0.143 hard=score=0.2606605187 wNMSE=0.0066792701 wMSE=508.8292 wMRED=0.17747831 wER=0.221409 wMAE=6.3315 wBias=-2.0623 condBias=12.0751 dotDrift=-5.851sigma uMRED=0.0349583829 uER=0.330078 uMAE=26.0781 WCE=344 bias=-19.8750
[pop04_soft:01199] loss=0.031135 tau=6.00 collapse_w=0.500 mid_frac=0.116 hard=score=0.4360730263 wNMSE=0.0067029214 wMSE=510.6309 wMRED=0.15470047 wER=0.208598 wMAE=6.1033 wBias=-2.7407 condBias=12.0948 dotDrift=-7.762sigma uMRED=0.0347480628 uER=0.324219 uMAE=26.2031 WCE=344 bias=-20.3750
[pop04_hard:00000] loss=0.449758 tau=6.00 collapse_w=0.500 mid_frac=0.116 hard=score=0.4360730263 wNMSE=0.0067029214 wMSE=510.6309 wMRED=0.15470047 wER=0.208598 wMAE=6.1033 wBias=-2.7407 condBias=12.0948 dotDrift=-7.762sigma uMRED=0.0347480628 uER=0.324219 uMAE=26.2031 WCE=344 bias=-20.3750
[pop04_hard:00200] loss=0.270238 tau=6.00 collapse_w=0.500 mid_frac=0.107 hard=score=0.2606605187 wNMSE=0.0066792701 wMSE=508.8292 wMRED=0.17747831 wER=0.221409 wMAE=6.3315 wBias=-2.0623 condBias=12.0751 dotDrift=-5.851sigma uMRED=0.0349583829 uER=0.330078 uMAE=26.0781 WCE=344 bias=-19.8750
[pop04_hard:00400] loss=0.178864 tau=6.00 collapse_w=0.500 mid_frac=0.098 hard=score=0.1667069026 wNMSE=0.00499221 wMSE=380.3083 wMRED=0.17480238 wER=0.220822 wMAE=5.9081 wBias=-1.6390 condBias=10.2642 dotDrift=-5.379sigma uMRED=0.0258326906 uER=0.318359 uMAE=18.0781 WCE=232 bias=-11.8750
[pop04_hard:00599] loss=0.177020 tau=6.00 collapse_w=0.500 mid_frac=0.080 hard=score=0.1667069026 wNMSE=0.00499221 wMSE=380.3083 wMRED=0.17480238 wER=0.220822 wMAE=5.9081 wBias=-1.6390 condBias=10.2642 dotDrift=-5.379sigma uMRED=0.0258326906 uER=0.318359 uMAE=18.0781 WCE=232 bias=-11.8750
[pop04] done (conf=0.53, noise=0.5); global best score=0.0051923538 wNMSE=0.00079957458 wMSE=60.9119 wMRED=0.08225447 wER=0.147652 wMAE=2.5646 wBias=0.1272 condBias=4.5427 dotDrift=+1.043sigma uMRED=0.0066483402 uER=0.201172 uMAE=3.7656 WCE=48 bias=0.1250
[pop05_soft:00000] loss=2.927099 tau=1.50 collapse_w=0.000 mid_frac=0.464 hard=score=182.5065191026 wNMSE=0.66635307 wMSE=50763.0139 wMRED=6.46408836 wER=0.437100 wMAE=114.8727 wBias=58.0611 condBias=120.3404 dotDrift=+16.493sigma uMRED=0.2332011641 uER=0.436523 uMAE=97.7891 WCE=859 bias=66.3125
[pop05_soft:00200] loss=1.444419 tau=2.25 collapse_w=0.000 mid_frac=0.455 hard=score=61.1523915530 wNMSE=0.23552655 wMSE=17942.4967 wMRED=3.60365190 wER=0.396120 wMAE=59.9475 wBias=-33.5993 condBias=80.8493 dotDrift=-16.053sigma uMRED=0.1505173013 uER=0.431641 uMAE=68.8008 WCE=596 bias=-6.6250
[pop05_soft:00400] loss=0.971200 tau=3.00 collapse_w=0.000 mid_frac=0.393 hard=score=27.9718155714 wNMSE=0.35018761 wMSE=26677.4170 wMRED=3.99716295 wER=0.328382 wMAE=66.6358 wBias=-22.5516 condBias=79.8441 dotDrift=-8.837sigma uMRED=0.1671430890 uER=0.414062 uMAE=77.7109 WCE=596 bias=34.7500
[pop05_soft:00600] loss=0.227537 tau=3.75 collapse_w=0.000 mid_frac=0.348 hard=score=0.1494213746 wNMSE=0.019817719 wMSE=1509.7209 wMRED=0.61727637 wER=0.328718 wMAE=16.8320 wBias=-1.3299 condBias=19.6805 dotDrift=-2.191sigma uMRED=0.0551494764 uER=0.406250 uMAE=36.1172 WCE=320 bias=-19.8750
[pop05_soft:00800] loss=0.106588 tau=4.50 collapse_w=0.084 mid_frac=0.312 hard=score=0.6478458039 wNMSE=0.026337049 wMSE=2006.3658 wMRED=0.73163141 wER=0.328514 wMAE=19.0338 wBias=-3.2841 condBias=23.5196 dotDrift=-4.692sigma uMRED=0.0591614491 uER=0.389648 uMAE=36.9922 WCE=332 bias=-26.2500
[pop05_soft:01000] loss=0.080411 tau=5.25 collapse_w=0.293 mid_frac=0.250 hard=score=0.1186619610 wNMSE=0.019892155 wMSE=1515.3914 wMRED=0.68872795 wER=0.327573 wMAE=16.8862 wBias=-1.0656 condBias=18.6476 dotDrift=-1.752sigma uMRED=0.0528859350 uER=0.388672 uMAE=32.9141 WCE=328 bias=-22.1250
[pop05_soft:01199] loss=0.057401 tau=6.00 collapse_w=0.500 mid_frac=0.250 hard=score=0.7388725443 wNMSE=0.019382648 wMSE=1476.5770 wMRED=0.69567565 wER=0.328481 wMAE=16.4361 wBias=-3.5610 condBias=21.0739 dotDrift=-5.931sigma uMRED=0.0536136765 uER=0.389648 uMAE=32.2578 WCE=328 bias=-26.1250
[pop05_hard:00000] loss=0.785923 tau=6.00 collapse_w=0.500 mid_frac=0.250 hard=score=0.7388725443 wNMSE=0.019382648 wMSE=1476.5770 wMRED=0.69567565 wER=0.328481 wMAE=16.4361 wBias=-3.5610 condBias=21.0739 dotDrift=-5.931sigma uMRED=0.0536136765 uER=0.389648 uMAE=32.2578 WCE=328 bias=-26.1250
[pop05_hard:00200] loss=0.783091 tau=6.00 collapse_w=0.500 mid_frac=0.250 hard=score=0.7388725443 wNMSE=0.019382648 wMSE=1476.5770 wMRED=0.69567565 wER=0.328481 wMAE=16.4361 wBias=-3.5610 condBias=21.0739 dotDrift=-5.931sigma uMRED=0.0536136765 uER=0.389648 uMAE=32.2578 WCE=328 bias=-26.1250
[pop05_hard:00400] loss=0.160946 tau=6.00 collapse_w=0.500 mid_frac=0.250 hard=score=0.5548484667 wNMSE=0.020731761 wMSE=1579.3529 wMRED=0.68776572 wER=0.327573 wMAE=17.1360 wBias=3.0529 condBias=17.9534 dotDrift=+4.917sigma uMRED=0.0542632037 uER=0.388672 uMAE=34.1641 WCE=328 bias=-14.1250
[pop05_hard:00599] loss=0.596160 tau=6.00 collapse_w=0.500 mid_frac=0.250 hard=score=0.1186619610 wNMSE=0.019892155 wMSE=1515.3914 wMRED=0.68872795 wER=0.327573 wMAE=16.8862 wBias=-1.0656 condBias=18.6476 dotDrift=-1.752sigma uMRED=0.0528859350 uER=0.388672 uMAE=32.9141 WCE=328 bias=-22.1250
[pop05] done (conf=0.51, noise=1.0); global best score=0.0051923538 wNMSE=0.00079957458 wMSE=60.9119 wMRED=0.08225447 wER=0.147652 wMAE=2.5646 wBias=0.1272 condBias=4.5427 dotDrift=+1.043sigma uMRED=0.0066483402 uER=0.201172 uMAE=3.7656 WCE=48 bias=0.1250
[pop06_soft:00000] loss=3.377600 tau=1.50 collapse_w=0.000 mid_frac=0.339 hard=score=82.3317320671 wNMSE=0.89533946 wMSE=68207.2789 wMRED=8.49833228 wER=0.437165 wMAE=137.1883 wBias=38.7686 condBias=140.7301 dotDrift=+9.500sigma uMRED=0.2786988051 uER=0.437500 uMAE=110.5723 WCE=808 bias=37.8750
[pop06_soft:00200] loss=1.568240 tau=2.25 collapse_w=0.000 mid_frac=0.321 hard=score=143.6571059704 wNMSE=0.31346738 wMSE=23880.0568 wMRED=4.29610469 wER=0.343315 wMAE=57.6954 wBias=-51.5815 condBias=95.0746 dotDrift=-21.363sigma uMRED=0.1411084503 uER=0.409180 uMAE=59.1445 WCE=580 bias=-41.0000
[pop06_soft:00400] loss=0.600878 tau=3.00 collapse_w=0.000 mid_frac=0.277 hard=score=0.3053132257 wNMSE=0.023251624 wMSE=1771.3170 wMRED=0.71310872 wER=0.310142 wMAE=18.2666 wBias=2.1287 condBias=22.3527 dotDrift=+3.237sigma uMRED=0.0681132940 uER=0.412109 uMAE=46.1250 WCE=384 bias=-23.6250
[pop06_soft:00600] loss=0.182135 tau=3.75 collapse_w=0.000 mid_frac=0.259 hard=score=0.5175488282 wNMSE=0.021286374 wMSE=1621.6035 wMRED=0.76987162 wER=0.348663 wMAE=18.1146 wBias=2.9357 condBias=21.5461 dotDrift=+4.666sigma uMRED=0.0584695316 uER=0.421875 uMAE=36.5703 WCE=316 bias=-15.1250
[pop06_soft:00800] loss=0.115009 tau=4.50 collapse_w=0.084 mid_frac=0.259 hard=score=0.8780395888 wNMSE=0.020936908 wMSE=1594.9811 wMRED=0.76743517 wER=0.348663 wMAE=17.9134 wBias=3.9125 condBias=21.9723 dotDrift=+6.270sigma uMRED=0.0581980093 uER=0.421875 uMAE=35.9531 WCE=332 bias=-15.6250
[pop06_soft:01000] loss=0.073538 tau=5.25 collapse_w=0.293 mid_frac=0.205 hard=score=0.9002312666 wNMSE=0.02173185 wMSE=1655.5401 wMRED=0.74305554 wER=0.326434 wMAE=18.1079 wBias=3.9621 condBias=22.4907 dotDrift=+6.232sigma uMRED=0.0608323724 uER=0.409180 uMAE=38.3125 WCE=332 bias=-19.6250
[pop06_soft:01199] loss=0.053420 tau=6.00 collapse_w=0.500 mid_frac=0.205 hard=score=0.9002312666 wNMSE=0.02173185 wMSE=1655.5401 wMRED=0.74305554 wER=0.326434 wMAE=18.1079 wBias=3.9621 condBias=22.4907 dotDrift=+6.232sigma uMRED=0.0608323724 uER=0.409180 uMAE=38.3125 WCE=332 bias=-19.6250
[pop06_hard:00000] loss=0.948584 tau=6.00 collapse_w=0.500 mid_frac=0.205 hard=score=0.9002312666 wNMSE=0.02173185 wMSE=1655.5401 wMRED=0.74305554 wER=0.326434 wMAE=18.1079 wBias=3.9621 condBias=22.4907 dotDrift=+6.232sigma uMRED=0.0608323724 uER=0.409180 uMAE=38.3125 WCE=332 bias=-19.6250
[pop06_hard:00200] loss=0.949490 tau=6.00 collapse_w=0.500 mid_frac=0.188 hard=score=0.9002312666 wNMSE=0.02173185 wMSE=1655.5401 wMRED=0.74305554 wER=0.326434 wMAE=18.1079 wBias=3.9621 condBias=22.4907 dotDrift=+6.232sigma uMRED=0.0608323724 uER=0.409180 uMAE=38.3125 WCE=332 bias=-19.6250
[pop06_hard:00400] loss=2.847772 tau=6.00 collapse_w=0.500 mid_frac=0.188 hard=score=2.8103614310 wNMSE=0.018574008 wMSE=1414.9746 wMRED=0.61160036 wER=0.326434 wMAE=16.3225 wBias=-7.1652 condBias=17.7236 dotDrift=-12.191sigma uMRED=0.0567231463 uER=0.409180 uMAE=37.4141 WCE=332 bias=-23.6250
[pop06_hard:00599] loss=1.192444 tau=6.00 collapse_w=0.500 mid_frac=0.170 hard=score=1.1577891260 wNMSE=0.020000119 wMSE=1523.6162 wMRED=0.60884827 wER=0.320378 wMAE=16.2665 wBias=-4.5349 condBias=16.9390 dotDrift=-7.436sigma uMRED=0.0570815724 uER=0.403320 uMAE=38.1953 WCE=332 bias=-7.1250
[pop06] done (conf=0.53, noise=0.5); global best score=0.0051923538 wNMSE=0.00079957458 wMSE=60.9119 wMRED=0.08225447 wER=0.147652 wMAE=2.5646 wBias=0.1272 condBias=4.5427 dotDrift=+1.043sigma uMRED=0.0066483402 uER=0.201172 uMAE=3.7656 WCE=48 bias=0.1250
[pop07_soft:00000] loss=4.293756 tau=1.50 collapse_w=0.000 mid_frac=0.339 hard=score=89.4288887771 wNMSE=0.18805432 wMSE=14326.0452 wMRED=3.33055811 wER=0.437165 wMAE=65.1257 wBias=40.6840 condBias=93.3472 dotDrift=+21.754sigma uMRED=0.1484458734 uER=0.437500 uMAE=78.0762 WCE=524 bias=22.0000
[pop07_soft:00200] loss=1.508303 tau=2.25 collapse_w=0.000 mid_frac=0.446 hard=score=149.8229332710 wNMSE=0.81084898 wMSE=61770.7642 wMRED=8.29252515 wER=0.437165 wMAE=119.3754 wBias=-52.5375 condBias=138.7553 dotDrift=-13.529sigma uMRED=0.2550963780 uER=0.437500 uMAE=95.7637 WCE=872 bias=-77.3750
[pop07_soft:00400] loss=0.992558 tau=3.00 collapse_w=0.000 mid_frac=0.411 hard=score=0.4173645149 wNMSE=0.18664178 wMSE=14218.4374 wMRED=3.94972866 wER=0.436950 wMAE=64.8473 wBias=-0.9382 condBias=68.1874 dotDrift=-0.504sigma uMRED=0.1536903607 uER=0.434570 uMAE=73.0859 WCE=664 bias=-55.3750
[pop07_soft:00600] loss=0.357289 tau=3.75 collapse_w=0.000 mid_frac=0.348 hard=score=11.4171047012 wNMSE=0.041535396 wMSE=3164.1813 wMRED=1.55991626 wER=0.289423 wMAE=24.1822 wBias=-14.5173 condBias=30.8728 dotDrift=-16.517sigma uMRED=0.0713699237 uER=0.395508 uMAE=37.6016 WCE=296 bias=-11.5000
[pop07_soft:00800] loss=0.226636 tau=4.50 collapse_w=0.084 mid_frac=0.339 hard=score=9.9179188596 wNMSE=0.042679889 wMSE=3251.3691 wMRED=1.52614256 wER=0.289423 wMAE=24.3400 wBias=-13.5210 condBias=30.9983 dotDrift=-15.176sigma uMRED=0.0758480221 uER=0.395508 uMAE=42.1641 WCE=320 bias=-5.6250
[pop07_soft:01000] loss=0.132167 tau=5.25 collapse_w=0.293 mid_frac=0.321 hard=score=1.1065661933 wNMSE=0.024978318 wMSE=1902.8572 wMRED=0.68596900 wER=0.289423 wMAE=16.6946 wBias=-4.4144 condBias=20.7789 dotDrift=-6.477sigma uMRED=0.0624348871 uER=0.395508 uMAE=40.8281 WCE=320 bias=-5.6250
[pop07_soft:01199] loss=0.095977 tau=6.00 collapse_w=0.500 mid_frac=0.304 hard=score=0.2547559026 wNMSE=0.023152927 wMSE=1763.7982 wMRED=0.67172196 wER=0.289423 wMAE=15.7218 wBias=-1.9143 condBias=19.7769 dotDrift=-2.917sigma uMRED=0.0588647458 uER=0.395508 uMAE=38.6797 WCE=320 bias=-1.6250
[pop07_hard:00000] loss=0.304182 tau=6.00 collapse_w=0.500 mid_frac=0.304 hard=score=0.2547559026 wNMSE=0.023152927 wMSE=1763.7982 wMRED=0.67172196 wER=0.289423 wMAE=15.7218 wBias=-1.9143 condBias=19.7769 dotDrift=-2.917sigma uMRED=0.0588647458 uER=0.395508 uMAE=38.6797 WCE=320 bias=-1.6250
[pop07_hard:00200] loss=0.300434 tau=6.00 collapse_w=0.500 mid_frac=0.295 hard=score=0.2547559026 wNMSE=0.023152927 wMSE=1763.7982 wMRED=0.67172196 wER=0.289423 wMAE=15.7218 wBias=-1.9143 condBias=19.7769 dotDrift=-2.917sigma uMRED=0.0588647458 uER=0.395508 uMAE=38.6797 WCE=320 bias=-1.6250
[pop07_hard:00400] loss=0.122443 tau=6.00 collapse_w=0.500 mid_frac=0.286 hard=score=0.0810235768 wNMSE=0.029522338 wMSE=2249.0222 wMRED=0.67988429 wER=0.289423 wMAE=16.6695 wBias=0.4041 condBias=21.6496 dotDrift=+0.545sigma uMRED=0.0664926434 uER=0.395508 uMAE=44.9922 WCE=384 bias=14.3750
[pop07_hard:00599] loss=0.121527 tau=6.00 collapse_w=0.500 mid_frac=0.286 hard=score=0.0810235768 wNMSE=0.029522338 wMSE=2249.0222 wMRED=0.67988429 wER=0.289423 wMAE=16.6695 wBias=0.4041 condBias=21.6496 dotDrift=+0.545sigma uMRED=0.0664926434 uER=0.395508 uMAE=44.9922 WCE=384 bias=14.3750
[pop07] done (conf=0.51, noise=1.0); global best score=0.0051923538 wNMSE=0.00079957458 wMSE=60.9119 wMRED=0.08225447 wER=0.147652 wMAE=2.5646 wBias=0.1272 condBias=4.5427 dotDrift=+1.043sigma uMRED=0.0066483402 uER=0.201172 uMAE=3.7656 WCE=48 bias=0.1250
[pop08_soft:00000] loss=2.576564 tau=1.50 collapse_w=0.000 mid_frac=0.330 hard=score=0.6701297158 wNMSE=0.036449338 wMSE=2776.7235 wMRED=1.49777486 wER=0.423522 wMAE=27.8509 wBias=3.2332 condBias=27.6286 dotDrift=+3.927sigma uMRED=0.0653817201 uER=0.410156 uMAE=35.2598 WCE=642 bias=17.8125
[pop08_soft:00200] loss=1.282712 tau=2.25 collapse_w=0.000 mid_frac=0.339 hard=score=0.2013516380 wNMSE=0.026764646 wMSE=2038.9403 wMRED=1.36124252 wER=0.395415 wMAE=24.6111 wBias=-1.5777 condBias=30.6290 dotDrift=-2.236sigma uMRED=0.0456459556 uER=0.394531 uMAE=19.2617 WCE=156 bias=-8.5000
[pop08_soft:00400] loss=0.819120 tau=3.00 collapse_w=0.000 mid_frac=0.268 hard=score=3.8295638248 wNMSE=0.042871892 wMSE=3265.9960 wMRED=1.34407678 wER=0.392597 wMAE=27.4340 wBias=8.3093 condBias=26.6895 dotDrift=+9.305sigma uMRED=0.0841420165 uER=0.396484 uMAE=52.2188 WCE=720 bias=42.6250
[pop08_soft:00600] loss=0.236173 tau=3.75 collapse_w=0.000 mid_frac=0.232 hard=score=0.8437089570 wNMSE=0.027659273 wMSE=2107.0933 wMRED=0.98119476 wER=0.302330 wMAE=19.7772 wBias=-3.7813 condBias=17.7842 dotDrift=-5.272sigma uMRED=0.0581683738 uER=0.351562 uMAE=33.5469 WCE=512 bias=15.0000
[pop08_soft:00800] loss=0.067216 tau=4.50 collapse_w=0.084 mid_frac=0.179 hard=score=0.1272325010 wNMSE=0.013232991 wMSE=1008.0939 wMRED=0.70966164 wER=0.327750 wMAE=14.7714 wBias=1.3128 condBias=18.3986 dotDrift=+2.646sigma uMRED=0.0389035796 uER=0.371094 uMAE=20.1250 WCE=156 bias=-11.5000
[pop08_soft:01000] loss=0.051492 tau=5.25 collapse_w=0.293 mid_frac=0.152 hard=score=0.2514725313 wNMSE=0.0119035 wMSE=906.8129 wMRED=0.60113157 wER=0.262601 wMAE=12.7945 wBias=2.0250 condBias=16.8813 dotDrift=+4.304sigma uMRED=0.0328428181 uER=0.324219 uMAE=16.8750 WCE=144 bias=-9.0000
[pop08_soft:01199] loss=0.037611 tau=6.00 collapse_w=0.500 mid_frac=0.134 hard=score=0.2514725313 wNMSE=0.0119035 wMSE=906.8129 wMRED=0.60113157 wER=0.262601 wMAE=12.7945 wBias=2.0250 condBias=16.8813 dotDrift=+4.304sigma uMRED=0.0328428181 uER=0.324219 uMAE=16.8750 WCE=144 bias=-9.0000
[pop08_hard:00000] loss=0.298813 tau=6.00 collapse_w=0.500 mid_frac=0.134 hard=score=0.2514725313 wNMSE=0.0119035 wMSE=906.8129 wMRED=0.60113157 wER=0.262601 wMAE=12.7945 wBias=2.0250 condBias=16.8813 dotDrift=+4.304sigma uMRED=0.0328428181 uER=0.324219 uMAE=16.8750 WCE=144 bias=-9.0000
[pop08_hard:00200] loss=0.717601 tau=6.00 collapse_w=0.500 mid_frac=0.134 hard=score=0.6922931291 wNMSE=0.006173164 wMSE=470.2738 wMRED=0.19974736 wER=0.216462 wMAE=7.2309 wBias=-3.5387 condBias=11.8330 dotDrift=-10.443sigma uMRED=0.0237008435 uER=0.310547 uMAE=14.8750 WCE=144 bias=-11.0000
[pop08_hard:00400] loss=0.094610 tau=6.00 collapse_w=0.500 mid_frac=0.125 hard=score=0.0735584755 wNMSE=0.0041885764 wMSE=319.0872 wMRED=0.18287672 wER=0.213762 wMAE=6.0831 wBias=-1.0386 condBias=9.7108 dotDrift=-3.721sigma uMRED=0.0195729218 uER=0.304688 uMAE=12.4062 WCE=144 bias=-7.0000
[pop08_hard:00599] loss=0.038469 tau=6.00 collapse_w=0.500 mid_frac=0.107 hard=score=0.0164251940 wNMSE=0.0045333817 wMSE=345.3546 wMRED=0.22287208 wER=0.241095 wMAE=6.9451 wBias=-0.1224 condBias=9.9900 dotDrift=-0.421sigma uMRED=0.0209774285 uER=0.326172 uMAE=12.8438 WCE=136 bias=-6.0000
[pop08] done (conf=0.53, noise=0.5); global best score=0.0051923538 wNMSE=0.00079957458 wMSE=60.9119 wMRED=0.08225447 wER=0.147652 wMAE=2.5646 wBias=0.1272 condBias=4.5427 dotDrift=+1.043sigma uMRED=0.0066483402 uER=0.201172 uMAE=3.7656 WCE=48 bias=0.1250
[pop09_soft:00000] loss=2.628491 tau=1.50 collapse_w=0.000 mid_frac=0.384 hard=score=63.0409542237 wNMSE=0.77405794 wMSE=58968.0096 wMRED=11.48548697 wER=0.402113 wMAE=68.6361 wBias=33.9092 condBias=82.4645 dotDrift=+8.937sigma uMRED=0.2092483011 uER=0.425781 uMAE=53.6621 WCE=3964 bias=19.6250
[pop09_soft:00200] loss=1.500560 tau=2.25 collapse_w=0.000 mid_frac=0.429 hard=score=121.9742327014 wNMSE=0.50930282 wMSE=38798.8702 wMRED=6.41395489 wER=0.411339 wMAE=92.0703 wBias=-47.4239 condBias=113.1776 dotDrift=-15.409sigma uMRED=0.1824524511 uER=0.431641 uMAE=64.5410 WCE=782 bias=-31.7500
[pop09_soft:00400] loss=0.989947 tau=3.00 collapse_w=0.000 mid_frac=0.375 hard=score=5.1492959345 wNMSE=0.08387918 wMSE=6389.9458 wMRED=2.29809732 wER=0.409719 wMAE=45.1391 wBias=9.6609 condBias=31.5356 dotDrift=+7.735sigma uMRED=0.0899056635 uER=0.427734 uMAE=44.7891 WCE=320 bias=-7.5625
[pop09_soft:00600] loss=0.498793 tau=3.75 collapse_w=0.000 mid_frac=0.339 hard=score=1.6635855390 wNMSE=0.021046765 wMSE=1603.3501 wMRED=0.83434119 wER=0.409150 wMAE=20.9782 wBias=5.4817 condBias=15.1078 dotDrift=+8.762sigma uMRED=0.0582699840 uER=0.425781 uMAE=37.5176 WCE=336 bias=-9.0625
[pop09_soft:00800] loss=0.310401 tau=4.50 collapse_w=0.084 mid_frac=0.339 hard=score=0.9074265743 wNMSE=0.022138831 wMSE=1686.5440 wMRED=0.83490779 wER=0.411494 wMAE=21.5154 wBias=3.9976 condBias=13.9698 dotDrift=+6.230sigma uMRED=0.0622051503 uER=0.425781 uMAE=40.8516 WCE=336 bias=-13.7500
[pop09_soft:01000] loss=0.233868 tau=5.25 collapse_w=0.293 mid_frac=0.312 hard=score=1.0620965547 wNMSE=0.020944886 wMSE=1595.5888 wMRED=0.83294545 wER=0.411373 wMAE=21.2042 wBias=4.3526 condBias=13.5139 dotDrift=+6.974sigma uMRED=0.0585807830 uER=0.424805 uMAE=37.3359 WCE=284 bias=-9.7500
[pop09_soft:01199] loss=0.165350 tau=6.00 collapse_w=0.500 mid_frac=0.312 hard=score=1.0620965547 wNMSE=0.020944886 wMSE=1595.5888 wMRED=0.83294545 wER=0.411373 wMAE=21.2042 wBias=4.3526 condBias=13.5139 dotDrift=+6.974sigma uMRED=0.0585807830 uER=0.424805 uMAE=37.3359 WCE=284 bias=-9.7500
[pop09_hard:00000] loss=1.122597 tau=6.00 collapse_w=0.500 mid_frac=0.312 hard=score=1.0620965547 wNMSE=0.020944886 wMSE=1595.5888 wMRED=0.83294545 wER=0.411373 wMAE=21.2042 wBias=4.3526 condBias=13.5139 dotDrift=+6.974sigma uMRED=0.0585807830 uER=0.424805 uMAE=37.3359 WCE=284 bias=-9.7500
[pop09_hard:00200] loss=0.109522 tau=6.00 collapse_w=0.500 mid_frac=0.330 hard=score=0.0478084779 wNMSE=0.021689725 wMSE=1652.3310 wMRED=0.83938458 wER=0.410669 wMAE=21.5587 wBias=0.2361 condBias=14.3287 dotDrift=+0.372sigma uMRED=0.0584200810 uER=0.421875 uMAE=37.1484 WCE=284 bias=-17.7500
[pop09_hard:00400] loss=0.109082 tau=6.00 collapse_w=0.500 mid_frac=0.339 hard=score=0.0478084779 wNMSE=0.021689725 wMSE=1652.3310 wMRED=0.83938458 wER=0.410669 wMAE=21.5587 wBias=0.2361 condBias=14.3287 dotDrift=+0.372sigma uMRED=0.0584200810 uER=0.421875 uMAE=37.1484 WCE=284 bias=-17.7500
[pop09_hard:00599] loss=0.171795 tau=6.00 collapse_w=0.500 mid_frac=0.330 hard=score=0.1133483719 wNMSE=0.02067076 wMSE=1574.7059 wMRED=0.77318565 wER=0.410669 wMAE=20.7726 wBias=-1.1208 condBias=14.5386 dotDrift=-1.808sigma uMRED=0.0576736134 uER=0.421875 uMAE=37.3281 WCE=316 bias=-18.7500
[pop09] done (conf=0.51, noise=1.0); global best score=0.0051923538 wNMSE=0.00079957458 wMSE=60.9119 wMRED=0.08225447 wER=0.147652 wMAE=2.5646 wBias=0.1272 condBias=4.5427 dotDrift=+1.043sigma uMRED=0.0066483402 uER=0.201172 uMAE=3.7656 WCE=48 bias=0.1250
[pop10_soft:00000] loss=2.911065 tau=1.50 collapse_w=0.000 mid_frac=0.348 hard=score=6.7874190151 wNMSE=0.45722039 wMSE=34831.2123 wMRED=6.18256889 wER=0.436867 wMAE=87.1146 wBias=-10.6137 condBias=89.4210 dotDrift=-3.640sigma uMRED=0.1600163949 uER=0.431641 uMAE=48.5781 WCE=576 bias=7.6250
[pop10_soft:00200] loss=1.308621 tau=2.25 collapse_w=0.000 mid_frac=0.330 hard=score=25.6886516547 wNMSE=0.44502157 wMSE=33901.9019 wMRED=5.95748108 wER=0.379399 wMAE=85.6768 wBias=-21.5541 condBias=87.3059 dotDrift=-7.492sigma uMRED=0.1665707796 uER=0.399414 uMAE=57.1406 WCE=576 bias=-30.0000
[pop10_soft:00400] loss=0.513202 tau=3.00 collapse_w=0.000 mid_frac=0.295 hard=score=1.4097089478 wNMSE=0.031384399 wMSE=2390.8747 wMRED=0.61874699 wER=0.319037 wMAE=16.6433 wBias=-4.9492 condBias=27.6704 dotDrift=-6.478sigma uMRED=0.0667342545 uER=0.371094 uMAE=44.4688 WCE=640 bias=-39.1250
[pop10_soft:00600] loss=0.136140 tau=3.75 collapse_w=0.000 mid_frac=0.250 hard=score=0.1933561222 wNMSE=0.013770268 wMSE=1049.0239 wMRED=0.58207534 wER=0.315767 wMAE=13.0639 wBias=1.6918 condBias=15.9390 dotDrift=+3.343sigma uMRED=0.0426700907 uER=0.354492 uMAE=26.7344 WCE=292 bias=-5.1250
[pop10_soft:00800] loss=0.085056 tau=4.50 collapse_w=0.084 mid_frac=0.250 hard=score=1.3891479980 wNMSE=0.012354426 wMSE=941.1645 wMRED=0.67377673 wER=0.331806 wMAE=12.6753 wBias=5.0097 condBias=16.8375 dotDrift=+10.451sigma uMRED=0.0371020377 uER=0.349609 uMAE=20.0938 WCE=304 bias=4.3750
[pop10_soft:01000] loss=0.069431 tau=5.25 collapse_w=0.293 mid_frac=0.196 hard=score=0.0342266536 wNMSE=0.0076794105 wMSE=585.0202 wMRED=0.22635770 wER=0.245028 wMAE=7.3692 wBias=0.2631 condBias=12.4358 dotDrift=+0.696sigma uMRED=0.0294323632 uER=0.318359 uMAE=19.4375 WCE=304 bias=3.8750
[pop10_soft:01199] loss=0.055539 tau=6.00 collapse_w=0.500 mid_frac=0.196 hard=score=0.0342266536 wNMSE=0.0076794105 wMSE=585.0202 wMRED=0.22635770 wER=0.245028 wMAE=7.3692 wBias=0.2631 condBias=12.4358 dotDrift=+0.696sigma uMRED=0.0294323632 uER=0.318359 uMAE=19.4375 WCE=304 bias=3.8750
[pop10_hard:00000] loss=0.056676 tau=6.00 collapse_w=0.500 mid_frac=0.196 hard=score=0.0342266536 wNMSE=0.0076794105 wMSE=585.0202 wMRED=0.22635770 wER=0.245028 wMAE=7.3692 wBias=0.2631 condBias=12.4358 dotDrift=+0.696sigma uMRED=0.0294323632 uER=0.318359 uMAE=19.4375 WCE=304 bias=3.8750
[pop10_hard:00200] loss=0.209759 tau=6.00 collapse_w=0.500 mid_frac=0.188 hard=score=0.1872375614 wNMSE=0.0070204066 wMSE=534.8171 wMRED=0.22550837 wER=0.245028 wMAE=7.2712 wBias=-1.7291 condBias=11.8091 dotDrift=-4.785sigma uMRED=0.0282075830 uER=0.318359 uMAE=18.4844 WCE=256 bias=-12.1250
[pop10_hard:00400] loss=0.868448 tau=6.00 collapse_w=0.500 mid_frac=0.179 hard=score=0.8276558851 wNMSE=0.01251285 wMSE=953.2334 wMRED=0.62689258 wER=0.291167 wMAE=12.8348 wBias=3.8346 condBias=16.3191 dotDrift=+7.949sigma uMRED=0.0373495575 uER=0.332031 uMAE=20.4844 WCE=256 bias=-10.1250
[pop10_hard:00599] loss=0.867556 tau=6.00 collapse_w=0.500 mid_frac=0.179 hard=score=0.8276558851 wNMSE=0.01251285 wMSE=953.2334 wMRED=0.62689258 wER=0.291167 wMAE=12.8348 wBias=3.8346 condBias=16.3191 dotDrift=+7.949sigma uMRED=0.0373495575 uER=0.332031 uMAE=20.4844 WCE=256 bias=-10.1250
[pop10] done (conf=0.53, noise=0.5); global best score=0.0051923538 wNMSE=0.00079957458 wMSE=60.9119 wMRED=0.08225447 wER=0.147652 wMAE=2.5646 wBias=0.1272 condBias=4.5427 dotDrift=+1.043sigma uMRED=0.0066483402 uER=0.201172 uMAE=3.7656 WCE=48 bias=0.1250
[pop11_soft:00000] loss=7.297821 tau=1.50 collapse_w=0.000 mid_frac=0.438 hard=score=106.5051945171 wNMSE=0.43859177 wMSE=33412.0771 wMRED=5.89809714 wER=0.437165 wMAE=98.8485 wBias=44.3541 condBias=95.4577 dotDrift=+15.530sigma uMRED=0.2013998416 uER=0.437500 uMAE=85.9648 WCE=664 bias=40.7500
[pop11_soft:00200] loss=4.044560 tau=2.25 collapse_w=0.000 mid_frac=0.384 hard=score=17.7115007698 wNMSE=0.24991089 wMSE=19038.3003 wMRED=4.01851435 wER=0.437165 wMAE=68.9457 wBias=-17.9040 condBias=73.3220 dotDrift=-8.305sigma uMRED=0.1745680130 uER=0.437500 uMAE=87.0762 WCE=665 bias=-52.2500
[pop11_soft:00400] loss=1.046765 tau=3.00 collapse_w=0.000 mid_frac=0.393 hard=score=128.9245750969 wNMSE=0.40157315 wMSE=30591.9855 wMRED=4.65542445 wER=0.383671 wMAE=66.3017 wBias=-48.8254 condBias=104.4012 dotDrift=-17.866sigma uMRED=0.1599080752 uER=0.425781 uMAE=69.8828 WCE=608 bias=-36.8750
[pop11_soft:00600] loss=0.400884 tau=3.75 collapse_w=0.000 mid_frac=0.393 hard=score=1.6224981176 wNMSE=0.013187065 wMSE=1004.5953 wMRED=0.37899128 wER=0.311644 wMAE=12.1570 wBias=-5.4287 condBias=16.6049 dotDrift=-10.962sigma uMRED=0.0471235304 uER=0.404297 uMAE=32.1797 WCE=276 bias=-27.1250
[pop11_soft:00800] loss=0.229012 tau=4.50 collapse_w=0.084 mid_frac=0.366 hard=score=3.2253183899 wNMSE=0.017191822 wMSE=1309.6791 wMRED=0.39154681 wER=0.319819 wMAE=13.3563 wBias=-7.6914 condBias=19.3301 dotDrift=-13.602sigma uMRED=0.0552249396 uER=0.413086 uMAE=38.6094 WCE=276 bias=-34.6250
[pop11_soft:01000] loss=0.170153 tau=5.25 collapse_w=0.293 mid_frac=0.330 hard=score=3.4268316376 wNMSE=0.017037806 wMSE=1297.9461 wMRED=0.35218251 wER=0.319819 wMAE=12.9876 wBias=-7.9317 condBias=19.2349 dotDrift=-14.090sigma uMRED=0.0546374804 uER=0.413086 uMAE=38.6094 WCE=276 bias=-34.7500
[pop11_soft:01199] loss=0.119857 tau=6.00 collapse_w=0.500 mid_frac=0.312 hard=score=3.4268316376 wNMSE=0.017037806 wMSE=1297.9461 wMRED=0.35218251 wER=0.319819 wMAE=12.9876 wBias=-7.9317 condBias=19.2349 dotDrift=-14.090sigma uMRED=0.0546374804 uER=0.413086 uMAE=38.6094 WCE=276 bias=-34.7500
[pop11_hard:00000] loss=3.462235 tau=6.00 collapse_w=0.500 mid_frac=0.312 hard=score=3.4268316376 wNMSE=0.017037806 wMSE=1297.9461 wMRED=0.35218251 wER=0.319819 wMAE=12.9876 wBias=-7.9317 condBias=19.2349 dotDrift=-14.090sigma uMRED=0.0546374804 uER=0.413086 uMAE=38.6094 WCE=276 bias=-34.7500
[pop11_hard:00200] loss=3.459609 tau=6.00 collapse_w=0.500 mid_frac=0.312 hard=score=3.4268316376 wNMSE=0.017037806 wMSE=1297.9461 wMRED=0.35218251 wER=0.319819 wMAE=12.9876 wBias=-7.9317 condBias=19.2349 dotDrift=-14.090sigma uMRED=0.0546374804 uER=0.413086 uMAE=38.6094 WCE=276 bias=-34.7500
[pop11_hard:00400] loss=0.374968 tau=6.00 collapse_w=0.500 mid_frac=0.259 hard=score=0.3346503825 wNMSE=0.014199886 wMSE=1081.7523 wMRED=0.52421052 wER=0.317598 wMAE=13.3659 wBias=-2.3291 condBias=18.3772 dotDrift=-4.532sigma uMRED=0.0514963016 uER=0.410156 uMAE=33.6953 WCE=276 bias=-26.7500
[pop11_hard:00599] loss=0.213149 tau=6.00 collapse_w=0.500 mid_frac=0.232 hard=score=0.1719039778 wNMSE=0.013477346 wMSE=1026.7090 wMRED=0.60047447 wER=0.313463 wMAE=13.2213 wBias=1.5619 condBias=17.4986 dotDrift=+3.120sigma uMRED=0.0486059747 uER=0.401367 uMAE=31.1641 WCE=276 bias=-22.2500
[pop11] done (conf=0.51, noise=1.0); global best score=0.0051923538 wNMSE=0.00079957458 wMSE=60.9119 wMRED=0.08225447 wER=0.147652 wMAE=2.5646 wBias=0.1272 condBias=4.5427 dotDrift=+1.043sigma uMRED=0.0066483402 uER=0.201172 uMAE=3.7656 WCE=48 bias=0.1250
[best] stage=quad_soft score=0.0051923538 wNMSE=0.00079957458 wMSE=60.9119 wMRED=0.08225447 wER=0.147652 wMAE=2.5646 wBias=0.1272 condBias=4.5427 dotDrift=+1.043sigma uMRED=0.0066483402 uER=0.201172 uMAE=3.7656 WCE=48 bias=0.1250
[best-json] /home/xuanqi/tony/work/FPGA/signed8x8_approx/signed8x8_2026_8_22/runs_qwen_balanced/rand212/best_signed88_inits.json
[best-rtl] /home/xuanqi/tony/work/FPGA/signed8x8_approx/signed8x8_2026_8_22/runs_qwen_balanced/rand212/best_rtl
[design] balanced_split search_bits=112
[start] score=0.0051923538 wNMSE=0.00079957458 wMSE=60.9119 wMRED=0.08225447 wER=0.147652 wMAE=2.5646 wBias=0.1272 condBias=4.5427 dotDrift=+1.043sigma uMRED=0.0066483402 uER=0.201172 uMAE=3.7656 WCE=48 bias=0.1250
[single] ACCEPT ['lo_lut23:51'] 0.0051923538->0.0042377158 wNMSE=0.0007458125 wBias=-0.02677
[single] ACCEPT ['lo_lut45:19'] 0.0042377158->0.0041963734 wNMSE=0.0007465232 wBias=-0.00036
[single] round=3 no improvement
[pair] ACCEPT ['mid_lut01:63', 'mid_lut01:55'] 0.0041963734->0.0035545300 wNMSE=0.00065124556 wBias=+0.00004
[pair] ACCEPT ['lo_lut23:47', 'lo_lut23:31'] 0.0035545300->0.0034015988 wNMSE=0.00058231815 wBias=-0.00840
[pair] ACCEPT ['lo_lut01:63', 'lo_lut01:59'] 0.0034015988->0.0033770517 wNMSE=0.00057197134 wBias=-0.00338
[pair] round=4 no improvement
[final] score=0.0033770517 wNMSE=0.00057197134 wMSE=43.5730 wMRED=0.13848095 wER=0.281382 wMAE=2.7426 wBias=-0.0034 condBias=3.3699 dotDrift=-0.033sigma uMRED=0.0072376810 uER=0.329102 uMAE=3.8633 WCE=40 bias=0.5000
[json] /home/xuanqi/tony/work/FPGA/signed8x8_approx/signed8x8_2026_8_22/runs_qwen_balanced/rand212/refined/best_signed88_inits.json
