[design] default_split quad4 entries=168
[device] cuda
[initial] score=14.2254925620 wNMSE=5.2963267 wMSE=341190.9428 wMRED=16.81331269 wER=0.580545 wMAE=270.9830 wBias=8.7783 condBias=334.1870 dotDrift=+0.962sigma uMRED=0.8948560293 uER=0.575928 uMAE=440.1362 WCE=3441 bias=165.6875
[quad_warmup_bit:00000] loss=6.954115 tau=1.50 collapse_w=0.000 mid_frac=0.512 hard=score=14.2254925620 wNMSE=5.2963267 wMSE=341190.9428 wMRED=16.81331269 wER=0.580545 wMAE=270.9830 wBias=8.7783 condBias=334.1870 dotDrift=+0.962sigma uMRED=0.8948560293 uER=0.575928 uMAE=440.1362 WCE=3441 bias=165.6875
[quad_warmup_bit:00025] loss=3.899719 tau=1.50 collapse_w=0.000 mid_frac=0.512 hard=score=12.0193118981 wNMSE=5.2301586 wMSE=336928.3752 wMRED=16.86650305 wER=0.580545 wMAE=270.1670 wBias=6.6446 condBias=332.5420 dotDrift=+0.733sigma uMRED=0.8863978300 uER=0.575928 uMAE=430.7427 WCE=3441 bias=156.5000 *BEST*
[quad_warmup_bit:00200] loss=0.531823 tau=1.50 collapse_w=0.000 mid_frac=0.488 hard=score=39.3981948211 wNMSE=5.0074262 wMSE=322579.8895 wMRED=17.15748234 wER=0.568773 wMAE=268.5304 wBias=-21.9291 condBias=323.6786 dotDrift=-2.471sigma uMRED=0.8494390427 uER=0.570801 uMAE=393.9785 WCE=3121 bias=87.3125
[quad_warmup_bit:00400] loss=0.455417 tau=1.50 collapse_w=0.000 mid_frac=0.470 hard=score=76.4693821929 wNMSE=3.3881104 wMSE=218263.0834 wMRED=15.71746543 wER=0.530317 wMAE=239.1721 wBias=-33.2777 condBias=267.3747 dotDrift=-4.559sigma uMRED=0.7514144060 uER=0.540039 uMAE=349.9570 WCE=2832 bias=37.0000
[quad_warmup_bit:00600] loss=0.390808 tau=1.50 collapse_w=0.000 mid_frac=0.429 hard=score=296.2496791128 wNMSE=2.0939139 wMSE=134890.5590 wMRED=13.88028155 wER=0.455332 wMAE=192.4066 wBias=-67.8330 condBias=213.3770 dotDrift=-11.820sigma uMRED=0.6247262773 uER=0.502686 uMAE=294.7246 WCE=2816 bias=-35.1250
[quad_warmup_bit:00800] loss=0.333862 tau=1.50 collapse_w=0.000 mid_frac=0.375 hard=score=35.3386426496 wNMSE=0.96643065 wMSE=62257.7504 wMRED=6.51725235 wER=0.453412 wMAE=128.6704 wBias=22.8705 condBias=131.0567 dotDrift=+5.866sigma uMRED=0.3909489981 uER=0.480957 uMAE=210.1055 WCE=2432 bias=-82.6250
[quad_warmup_bit:01000] loss=0.288976 tau=1.50 collapse_w=0.000 mid_frac=0.375 hard=score=51.4537635619 wNMSE=0.44975513 wMSE=28973.3597 wMRED=2.71676380 wER=0.387835 wMAE=80.5511 wBias=-28.2312 condBias=76.3440 dotDrift=-10.615sigma uMRED=0.2573948111 uER=0.471191 uMAE=166.1445 WCE=1280 bias=-15.2500
[quad_warmup_bit:01200] loss=0.255344 tau=1.50 collapse_w=0.000 mid_frac=0.310 hard=score=62.3426954465 wNMSE=0.60952772 wMSE=39265.9573 wMRED=2.72664444 wER=0.360263 wMAE=79.2646 wBias=-31.0603 condBias=71.3043 dotDrift=-10.032sigma uMRED=0.3125699116 uER=0.466797 uMAE=204.6953 WCE=2560 bias=-45.3750
[quad_warmup_bit:01400] loss=0.231723 tau=1.50 collapse_w=0.000 mid_frac=0.268 hard=score=94.5367524379 wNMSE=0.72724178 wMSE=46849.1325 wMRED=3.41602807 wER=0.335353 wMAE=84.2479 wBias=-38.3086 condBias=90.7853 dotDrift=-11.327sigma uMRED=0.3226347983 uER=0.443604 uMAE=188.6406 WCE=2560 bias=-42.3750
[quad_warmup_bit:01600] loss=0.214412 tau=1.50 collapse_w=0.000 mid_frac=0.244 hard=score=28.0292934171 wNMSE=0.56040098 wMSE=36101.1984 wMRED=3.00354755 wER=0.335633 wMAE=78.9387 wBias=-20.6015 condBias=85.4968 dotDrift=-6.939sigma uMRED=0.3387774316 uER=0.454590 uMAE=203.6465 WCE=2496 bias=-3.3750
[quad_warmup_bit:01800] loss=0.201202 tau=1.50 collapse_w=0.000 mid_frac=0.208 hard=score=37.1641064855 wNMSE=0.51683506 wMSE=33294.6688 wMRED=2.91970989 wER=0.327582 wMAE=73.9557 wBias=-23.8551 condBias=78.7479 dotDrift=-8.367sigma uMRED=0.3104219104 uER=0.426758 uMAE=185.5586 WCE=2496 bias=-17.3750
[quad_warmup_bit:02000] loss=0.190806 tau=1.50 collapse_w=0.000 mid_frac=0.185 hard=score=6.9854707214 wNMSE=0.39008661 wMSE=25129.4958 wMRED=2.09226677 wER=0.320108 wMAE=61.1459 wBias=-9.8745 condBias=68.9177 dotDrift=-3.987sigma uMRED=0.2535148898 uER=0.399902 uMAE=146.1699 WCE=2816 bias=22.6250 *BEST*
[quad_warmup_bit:02150] loss=0.184488 tau=1.50 collapse_w=0.000 mid_frac=0.179 hard=score=2.1787012428 wNMSE=0.26868329 wMSE=17308.6579 wMRED=2.23363662 wER=0.335296 wMAE=57.4708 wBias=-5.1031 condBias=54.0448 dotDrift=-2.482sigma uMRED=0.1713028734 uER=0.383057 uMAE=91.8574 WCE=1152 bias=23.1250 *BEST*
[quad_warmup_bit:02200] loss=0.182442 tau=1.50 collapse_w=0.000 mid_frac=0.173 hard=score=56.7622795446 wNMSE=0.507019 wMSE=32662.3148 wMRED=3.94600961 wER=0.344719 wMAE=80.2537 wBias=-29.6280 condBias=95.7877 dotDrift=-10.492sigma uMRED=0.2049173165 uER=0.385742 uMAE=98.6953 WCE=1152 bias=15.1250
[quad_warmup_bit:02400] loss=0.173294 tau=1.50 collapse_w=0.000 mid_frac=0.149 hard=score=59.9879263923 wNMSE=0.59650268 wMSE=38426.8805 wMRED=3.96215443 wER=0.344719 wMAE=82.1718 wBias=-30.4279 condBias=97.8730 dotDrift=-9.934sigma uMRED=0.2495056636 uER=0.385742 uMAE=131.0605 WCE=2356 bias=9.1250
[quad_warmup_bit:02600] loss=0.163746 tau=1.50 collapse_w=0.000 mid_frac=0.125 hard=score=43.5246409780 wNMSE=0.54749303 wMSE=35269.6640 wMRED=3.85706254 wER=0.338612 wMAE=75.7828 wBias=-25.8404 condBias=98.9353 dotDrift=-8.806sigma uMRED=0.2315909922 uER=0.380127 uMAE=123.1016 WCE=2228 bias=11.1250
[quad_warmup_bit:02800] loss=0.156505 tau=1.50 collapse_w=0.000 mid_frac=0.119 hard=score=18.0398458247 wNMSE=0.28852598 wMSE=18586.9294 wMRED=1.79744915 wER=0.304977 wMAE=42.9642 wBias=16.5822 condBias=60.9471 dotDrift=+7.784sigma uMRED=0.2003402671 uER=0.378418 uMAE=114.9844 WCE=2228 bias=23.1250
[quad_warmup_bit:03000] loss=0.151530 tau=1.50 collapse_w=0.000 mid_frac=0.107 hard=score=24.4538844390 wNMSE=0.32591183 wMSE=20995.3369 wMRED=1.86078724 wER=0.304698 wMAE=46.2423 wBias=19.3619 condBias=65.8019 dotDrift=+8.552sigma uMRED=0.2095562190 uER=0.375488 uMAE=118.4453 WCE=2228 bias=23.1250
[quad_warmup_bit:03200] loss=0.148185 tau=1.50 collapse_w=0.000 mid_frac=0.107 hard=score=9.7761732004 wNMSE=0.27538178 wMSE=17740.1763 wMRED=1.75995538 wER=0.299163 wMAE=40.3295 wBias=12.0583 condBias=59.1670 dotDrift=+5.794sigma uMRED=0.1823425247 uER=0.359863 uMAE=104.1094 WCE=2228 bias=7.1250
[quad_warmup_bit:03400] loss=0.145759 tau=1.50 collapse_w=0.000 mid_frac=0.107 hard=score=8.2228357312 wNMSE=0.2821135 wMSE=18173.8355 wMRED=1.77865554 wER=0.304608 wMAE=41.4020 wBias=10.9858 condBias=61.7372 dotDrift=+5.215sigma uMRED=0.1858965493 uER=0.365723 uMAE=106.1094 WCE=2228 bias=5.1250
[quad_warmup_bit:03600] loss=0.144012 tau=1.50 collapse_w=0.000 mid_frac=0.107 hard=score=11.4791274612 wNMSE=0.27078112 wMSE=17443.8003 wMRED=1.74580050 wER=0.301631 wMAE=40.0233 wBias=13.1308 condBias=56.7834 dotDrift=+6.363sigma uMRED=0.1796554853 uER=0.356934 uMAE=103.0176 WCE=2228 bias=9.1250
[quad_warmup_bit:03800] loss=0.142700 tau=1.50 collapse_w=0.000 mid_frac=0.101 hard=score=11.4791274612 wNMSE=0.27078112 wMSE=17443.8003 wMRED=1.74580050 wER=0.301631 wMAE=40.0233 wBias=13.1308 condBias=56.7834 dotDrift=+6.363sigma uMRED=0.1796554853 uER=0.356934 uMAE=103.0176 WCE=2228 bias=9.1250
[quad_warmup_bit:04000] loss=0.141668 tau=1.50 collapse_w=0.000 mid_frac=0.095 hard=score=10.4108366216 wNMSE=0.15067869 wMSE=9706.7664 wMRED=1.71626217 wER=0.300745 wMAE=36.3532 wBias=12.6186 condBias=52.1552 dotDrift=+8.197sigma uMRED=0.0957895123 uER=0.341309 uMAE=40.4238 WCE=720 bias=-8.8750
[quad_warmup_bit:04200] loss=0.140832 tau=1.50 collapse_w=0.000 mid_frac=0.089 hard=score=10.4108366216 wNMSE=0.15067869 wMSE=9706.7664 wMRED=1.71626217 wER=0.300745 wMAE=36.3532 wBias=12.6186 condBias=52.1552 dotDrift=+8.197sigma uMRED=0.0957895123 uER=0.341309 uMAE=40.4238 WCE=720 bias=-8.8750
[quad_warmup_bit:04400] loss=0.140178 tau=1.50 collapse_w=0.000 mid_frac=0.089 hard=score=10.4108366216 wNMSE=0.15067869 wMSE=9706.7664 wMRED=1.71626217 wER=0.300745 wMAE=36.3532 wBias=12.6186 condBias=52.1552 dotDrift=+8.197sigma uMRED=0.0957895123 uER=0.341309 uMAE=40.4238 WCE=720 bias=-8.8750
[quad_warmup_bit:04600] loss=0.139673 tau=1.50 collapse_w=0.000 mid_frac=0.095 hard=score=10.4108366216 wNMSE=0.15067869 wMSE=9706.7664 wMRED=1.71626217 wER=0.300745 wMAE=36.3532 wBias=12.6186 condBias=52.1552 dotDrift=+8.197sigma uMRED=0.0957895123 uER=0.341309 uMAE=40.4238 WCE=720 bias=-8.8750
[quad_warmup_bit:04800] loss=0.139270 tau=1.50 collapse_w=0.000 mid_frac=0.095 hard=score=10.4108366216 wNMSE=0.15067869 wMSE=9706.7664 wMRED=1.71626217 wER=0.300745 wMAE=36.3532 wBias=12.6186 condBias=52.1552 dotDrift=+8.197sigma uMRED=0.0957895123 uER=0.341309 uMAE=40.4238 WCE=720 bias=-8.8750
[quad_warmup_bit:05000] loss=0.138936 tau=1.50 collapse_w=0.000 mid_frac=0.101 hard=score=10.7010157310 wNMSE=0.15089765 wMSE=9720.8714 wMRED=1.71937428 wER=0.299350 wMAE=36.4674 wBias=12.7980 condBias=52.2726 dotDrift=+8.307sigma uMRED=0.0959980433 uER=0.339111 uMAE=40.5605 WCE=720 bias=-8.6250
[quad_warmup_bit:05200] loss=0.138655 tau=1.50 collapse_w=0.000 mid_frac=0.101 hard=score=10.7010157310 wNMSE=0.15089765 wMSE=9720.8714 wMRED=1.71937428 wER=0.299350 wMAE=36.4674 wBias=12.7980 condBias=52.2726 dotDrift=+8.307sigma uMRED=0.0959980433 uER=0.339111 uMAE=40.5605 WCE=720 bias=-8.6250
[quad_warmup_bit:05400] loss=0.138411 tau=1.50 collapse_w=0.000 mid_frac=0.101 hard=score=10.7010157310 wNMSE=0.15089765 wMSE=9720.8714 wMRED=1.71937428 wER=0.299350 wMAE=36.4674 wBias=12.7980 condBias=52.2726 dotDrift=+8.307sigma uMRED=0.0959980433 uER=0.339111 uMAE=40.5605 WCE=720 bias=-8.6250
[quad_warmup_bit:05600] loss=0.138200 tau=1.50 collapse_w=0.000 mid_frac=0.101 hard=score=10.7010157310 wNMSE=0.15089765 wMSE=9720.8714 wMRED=1.71937428 wER=0.299350 wMAE=36.4674 wBias=12.7980 condBias=52.2726 dotDrift=+8.307sigma uMRED=0.0959980433 uER=0.339111 uMAE=40.5605 WCE=720 bias=-8.6250
[quad_warmup_bit:05800] loss=0.138015 tau=1.50 collapse_w=0.000 mid_frac=0.101 hard=score=10.7010157310 wNMSE=0.15089765 wMSE=9720.8714 wMRED=1.71937428 wER=0.299350 wMAE=36.4674 wBias=12.7980 condBias=52.2726 dotDrift=+8.307sigma uMRED=0.0959980433 uER=0.339111 uMAE=40.5605 WCE=720 bias=-8.6250
[quad_warmup_bit:05999] loss=0.137853 tau=1.50 collapse_w=0.000 mid_frac=0.101 hard=score=10.7010157310 wNMSE=0.15089765 wMSE=9720.8714 wMRED=1.71937428 wER=0.299350 wMAE=36.4674 wBias=12.7980 condBias=52.2726 dotDrift=+8.307sigma uMRED=0.0959980433 uER=0.339111 uMAE=40.5605 WCE=720 bias=-8.6250
[quad_soft:00000] loss=0.768250 tau=1.50 collapse_w=0.000 mid_frac=0.101 hard=score=10.7010157310 wNMSE=0.15089765 wMSE=9720.8714 wMRED=1.71937428 wER=0.299350 wMAE=36.4674 wBias=12.7980 condBias=52.2726 dotDrift=+8.307sigma uMRED=0.0959980433 uER=0.339111 uMAE=40.5605 WCE=720 bias=-8.6250
[quad_soft:00150] loss=0.423682 tau=1.57 collapse_w=0.000 mid_frac=0.071 hard=score=0.4001815515 wNMSE=0.16485928 wMSE=10620.2839 wMRED=1.71637632 wER=0.334685 wMAE=38.7579 wBias=1.0643 condBias=58.3587 dotDrift=+0.661sigma uMRED=0.1101554092 uER=0.375000 uMAE=49.8047 WCE=864 bias=-28.2500 *BEST*
[quad_soft:00200] loss=0.382749 tau=1.59 collapse_w=0.000 mid_frac=0.065 hard=score=0.4215640536 wNMSE=0.16469828 wMSE=10609.9125 wMRED=1.70813907 wER=0.323347 wMAE=38.6070 wBias=1.2152 condBias=58.2780 dotDrift=+0.755sigma uMRED=0.1098719556 uER=0.366211 uMAE=49.6797 WCE=864 bias=-28.1250
[quad_soft:00250] loss=0.359223 tau=1.61 collapse_w=0.000 mid_frac=0.065 hard=score=0.3881521664 wNMSE=0.16521628 wMSE=10643.2819 wMRED=1.71709583 wER=0.334743 wMAE=38.8178 wBias=0.9636 condBias=58.5064 dotDrift=+0.598sigma uMRED=0.1119932971 uER=0.377930 uMAE=50.9609 WCE=864 bias=-30.2500 *BEST*
[quad_soft:00300] loss=0.346429 tau=1.64 collapse_w=0.000 mid_frac=0.071 hard=score=0.3436038266 wNMSE=0.16480817 wMSE=10616.9916 wMRED=1.68379297 wER=0.323518 wMAE=38.5195 wBias=-0.5139 condBias=58.3288 dotDrift=-0.319sigma uMRED=0.1127893249 uER=0.369141 uMAE=51.7109 WCE=864 bias=-31.7500 *BEST*
[quad_soft:00400] loss=0.330924 tau=1.68 collapse_w=0.000 mid_frac=0.077 hard=score=1.6948477191 wNMSE=0.15656793 wMSE=10086.1524 wMRED=1.41997307 wER=0.313453 wMAE=34.7211 wBias=4.6574 condBias=56.8076 dotDrift=+2.968sigma uMRED=0.1021680689 uER=0.357422 uMAE=47.5234 WCE=864 bias=-25.7500
[quad_soft:00600] loss=0.316097 tau=1.77 collapse_w=0.000 mid_frac=0.083 hard=score=2.1455306721 wNMSE=0.15662663 wMSE=10089.9345 wMRED=1.47464842 wER=0.307572 wMAE=34.8223 wBias=5.3663 condBias=56.9031 dotDrift=+3.419sigma uMRED=0.1024926824 uER=0.355957 uMAE=47.3496 WCE=848 bias=-25.2500
[quad_soft:00800] loss=0.308112 tau=1.86 collapse_w=0.000 mid_frac=0.077 hard=score=2.1455306721 wNMSE=0.15662663 wMSE=10089.9345 wMRED=1.47464842 wER=0.307572 wMAE=34.8223 wBias=5.3663 condBias=56.9031 dotDrift=+3.419sigma uMRED=0.1024926824 uER=0.355957 uMAE=47.3496 WCE=848 bias=-25.2500
[quad_soft:01000] loss=0.303361 tau=1.95 collapse_w=0.000 mid_frac=0.077 hard=score=4.2914850953 wNMSE=0.16024573 wMSE=10323.0778 wMRED=1.63589959 wER=0.317579 wMAE=37.1331 wBias=7.9015 condBias=57.3317 dotDrift=+4.977sigma uMRED=0.1074631382 uER=0.364746 uMAE=49.1621 WCE=848 bias=-23.2500
[quad_soft:01200] loss=0.291485 tau=2.04 collapse_w=0.000 mid_frac=0.077 hard=score=7.3357728733 wNMSE=0.16290144 wMSE=10494.1595 wMRED=1.84498698 wER=0.339988 wMAE=38.4247 wBias=10.5008 condBias=57.6706 dotDrift=+6.560sigma uMRED=0.1097928509 uER=0.382324 uMAE=48.7852 WCE=808 bias=-20.7500
[quad_soft:01400] loss=0.286320 tau=2.13 collapse_w=0.000 mid_frac=0.071 hard=score=2.1888907359 wNMSE=0.15824593 wMSE=10194.2502 wMRED=1.67948848 wER=0.339988 wMAE=36.0817 wBias=5.4303 condBias=57.1385 dotDrift=+3.442sigma uMRED=0.1046115133 uER=0.382324 uMAE=46.9414 WCE=808 bias=-24.7500
[quad_soft:01600] loss=0.284304 tau=2.22 collapse_w=0.000 mid_frac=0.077 hard=score=2.5419964570 wNMSE=0.1562866 wMSE=10068.0294 wMRED=1.67743319 wER=0.339988 wMAE=35.7870 wBias=5.9234 condBias=56.8187 dotDrift=+3.778sigma uMRED=0.0981613526 uER=0.382324 uMAE=41.7305 WCE=808 bias=-16.7500
[quad_soft:01800] loss=0.282124 tau=2.31 collapse_w=0.000 mid_frac=0.077 hard=score=2.5419964570 wNMSE=0.1562866 wMSE=10068.0294 wMRED=1.67743319 wER=0.339988 wMAE=35.7870 wBias=5.9234 condBias=56.8187 dotDrift=+3.778sigma uMRED=0.0981613526 uER=0.382324 uMAE=41.7305 WCE=808 bias=-16.7500
[quad_soft:02000] loss=0.279657 tau=2.40 collapse_w=0.000 mid_frac=0.077 hard=score=2.5419964570 wNMSE=0.1562866 wMSE=10068.0294 wMRED=1.67743319 wER=0.339988 wMAE=35.7870 wBias=5.9234 condBias=56.8187 dotDrift=+3.778sigma uMRED=0.0981613526 uER=0.382324 uMAE=41.7305 WCE=808 bias=-16.7500
[quad_soft:02200] loss=0.277549 tau=2.49 collapse_w=0.000 mid_frac=0.077 hard=score=2.5419964570 wNMSE=0.1562866 wMSE=10068.0294 wMRED=1.67743319 wER=0.339988 wMAE=35.7870 wBias=5.9234 condBias=56.8187 dotDrift=+3.778sigma uMRED=0.0981613526 uER=0.382324 uMAE=41.7305 WCE=808 bias=-16.7500
[quad_soft:02400] loss=0.275274 tau=2.58 collapse_w=0.000 mid_frac=0.077 hard=score=2.1189729592 wNMSE=0.15604425 wMSE=10052.4168 wMRED=1.67486444 wER=0.339988 wMAE=35.6808 wBias=5.3329 condBias=56.6533 dotDrift=+3.404sigma uMRED=0.0975163765 uER=0.382324 uMAE=41.2305 WCE=808 bias=-17.7500
[quad_soft:02600] loss=0.272899 tau=2.67 collapse_w=0.000 mid_frac=0.071 hard=score=3.8101799717 wNMSE=0.15724316 wMSE=10129.6512 wMRED=1.67005278 wER=0.323925 wMAE=35.3904 wBias=7.4152 condBias=56.7962 dotDrift=+4.715sigma uMRED=0.0957896108 uER=0.370605 uMAE=40.2305 WCE=808 bias=-15.7500
[quad_soft:02800] loss=0.270487 tau=2.76 collapse_w=0.000 mid_frac=0.065 hard=score=3.8101799717 wNMSE=0.15724316 wMSE=10129.6512 wMRED=1.67005278 wER=0.323925 wMAE=35.3904 wBias=7.4152 condBias=56.7962 dotDrift=+4.715sigma uMRED=0.0957896108 uER=0.370605 uMAE=40.2305 WCE=808 bias=-15.7500
[quad_soft:03000] loss=0.267994 tau=2.85 collapse_w=0.000 mid_frac=0.065 hard=score=3.8101799717 wNMSE=0.15724316 wMSE=10129.6512 wMRED=1.67005278 wER=0.323925 wMAE=35.3904 wBias=7.4152 condBias=56.7962 dotDrift=+4.715sigma uMRED=0.0957896108 uER=0.370605 uMAE=40.2305 WCE=808 bias=-15.7500
[quad_soft:03200] loss=0.265455 tau=2.94 collapse_w=0.000 mid_frac=0.065 hard=score=3.8101799717 wNMSE=0.15724316 wMSE=10129.6512 wMRED=1.67005278 wER=0.323925 wMAE=35.3904 wBias=7.4152 condBias=56.7962 dotDrift=+4.715sigma uMRED=0.0957896108 uER=0.370605 uMAE=40.2305 WCE=808 bias=-15.7500
[quad_soft:03400] loss=0.262819 tau=3.03 collapse_w=0.000 mid_frac=0.065 hard=score=3.8101799717 wNMSE=0.15724316 wMSE=10129.6512 wMRED=1.67005278 wER=0.323925 wMAE=35.3904 wBias=7.4152 condBias=56.7962 dotDrift=+4.715sigma uMRED=0.0957896108 uER=0.370605 uMAE=40.2305 WCE=808 bias=-15.7500
[quad_soft:03600] loss=0.260072 tau=3.12 collapse_w=0.000 mid_frac=0.065 hard=score=3.8101799717 wNMSE=0.15724316 wMSE=10129.6512 wMRED=1.67005278 wER=0.323925 wMAE=35.3904 wBias=7.4152 condBias=56.7962 dotDrift=+4.715sigma uMRED=0.0957896108 uER=0.370605 uMAE=40.2305 WCE=808 bias=-15.7500
[quad_soft:03800] loss=0.257215 tau=3.21 collapse_w=0.000 mid_frac=0.065 hard=score=2.1047960594 wNMSE=0.15510034 wMSE=9991.6102 wMRED=1.79015156 wER=0.361391 wMAE=36.0435 wBias=5.3141 condBias=56.5112 dotDrift=+3.402sigma uMRED=0.0989591159 uER=0.401855 uMAE=41.2305 WCE=808 bias=-17.7500
[quad_soft:04000] loss=0.254227 tau=3.30 collapse_w=0.000 mid_frac=0.065 hard=score=2.2123813666 wNMSE=0.15490326 wMSE=9978.9144 wMRED=1.78706579 wER=0.361391 wMAE=35.8858 wBias=5.4718 condBias=56.4289 dotDrift=+3.506sigma uMRED=0.0985702451 uER=0.401855 uMAE=40.9805 WCE=808 bias=-17.5000
[quad_soft:04200] loss=0.248828 tau=3.39 collapse_w=0.000 mid_frac=0.065 hard=score=2.2123813666 wNMSE=0.15490326 wMSE=9978.9144 wMRED=1.78706579 wER=0.361391 wMAE=35.8858 wBias=5.4718 condBias=56.4289 dotDrift=+3.506sigma uMRED=0.0985702451 uER=0.401855 uMAE=40.9805 WCE=808 bias=-17.5000
[quad_soft:04400] loss=0.243436 tau=3.48 collapse_w=0.000 mid_frac=0.065 hard=score=2.2123813666 wNMSE=0.15490326 wMSE=9978.9144 wMRED=1.78706579 wER=0.361391 wMAE=35.8858 wBias=5.4718 condBias=56.4289 dotDrift=+3.506sigma uMRED=0.0985702451 uER=0.401855 uMAE=40.9805 WCE=808 bias=-17.5000
[quad_soft:04600] loss=0.238009 tau=3.57 collapse_w=0.000 mid_frac=0.065 hard=score=2.2673833143 wNMSE=0.15481941 wMSE=9973.5128 wMRED=1.78552291 wER=0.361391 wMAE=35.8069 wBias=5.5507 condBias=56.3898 dotDrift=+3.557sigma uMRED=0.0983758097 uER=0.401855 uMAE=40.8555 WCE=808 bias=-17.3750
[quad_soft:04800] loss=0.232559 tau=3.66 collapse_w=0.000 mid_frac=0.065 hard=score=2.2673833143 wNMSE=0.15481941 wMSE=9973.5128 wMRED=1.78552291 wER=0.361391 wMAE=35.8069 wBias=5.5507 condBias=56.3898 dotDrift=+3.557sigma uMRED=0.0983758097 uER=0.401855 uMAE=40.8555 WCE=808 bias=-17.3750
[quad_soft:05000] loss=0.227154 tau=3.75 collapse_w=0.000 mid_frac=0.065 hard=score=2.2673833143 wNMSE=0.15481941 wMSE=9973.5128 wMRED=1.78552291 wER=0.361391 wMAE=35.8069 wBias=5.5507 condBias=56.3898 dotDrift=+3.557sigma uMRED=0.0983758097 uER=0.401855 uMAE=40.8555 WCE=808 bias=-17.3750
[quad_soft:05200] loss=0.221649 tau=3.84 collapse_w=0.000 mid_frac=0.065 hard=score=2.2673833143 wNMSE=0.15481941 wMSE=9973.5128 wMRED=1.78552291 wER=0.361391 wMAE=35.8069 wBias=5.5507 condBias=56.3898 dotDrift=+3.557sigma uMRED=0.0983758097 uER=0.401855 uMAE=40.8555 WCE=808 bias=-17.3750
[quad_soft:05400] loss=0.216194 tau=3.93 collapse_w=0.000 mid_frac=0.065 hard=score=2.2673833143 wNMSE=0.15481941 wMSE=9973.5128 wMRED=1.78552291 wER=0.361391 wMAE=35.8069 wBias=5.5507 condBias=56.3898 dotDrift=+3.557sigma uMRED=0.0983758097 uER=0.401855 uMAE=40.8555 WCE=808 bias=-17.3750
[quad_soft:05600] loss=0.210699 tau=4.02 collapse_w=0.000 mid_frac=0.077 hard=score=2.2673833143 wNMSE=0.15481941 wMSE=9973.5128 wMRED=1.78552291 wER=0.361391 wMAE=35.8069 wBias=5.5507 condBias=56.3898 dotDrift=+3.557sigma uMRED=0.0983758097 uER=0.401855 uMAE=40.8555 WCE=808 bias=-17.3750
[quad_soft:05800] loss=0.205209 tau=4.11 collapse_w=0.000 mid_frac=0.077 hard=score=2.2673833143 wNMSE=0.15481941 wMSE=9973.5128 wMRED=1.78552291 wER=0.361391 wMAE=35.8069 wBias=5.5507 condBias=56.3898 dotDrift=+3.557sigma uMRED=0.0983758097 uER=0.401855 uMAE=40.8555 WCE=808 bias=-17.3750
[quad_soft:06000] loss=0.199682 tau=4.20 collapse_w=0.000 mid_frac=0.077 hard=score=2.3751395228 wNMSE=0.15477906 wMSE=9970.9133 wMRED=1.77728566 wER=0.340901 wMAE=35.6561 wBias=5.7015 condBias=56.3745 dotDrift=+3.654sigma uMRED=0.0980923561 uER=0.386230 uMAE=40.7305 WCE=808 bias=-17.2500
[quad_soft:06200] loss=0.195252 tau=4.29 collapse_w=0.025 mid_frac=0.065 hard=score=2.3933664208 wNMSE=0.15478056 wMSE=9971.0098 wMRED=1.77730875 wER=0.340912 wMAE=35.6595 wBias=5.7266 condBias=56.3754 dotDrift=+3.670sigma uMRED=0.0981174922 uER=0.384766 uMAE=40.7656 WCE=808 bias=-16.7500
[quad_soft:06400] loss=0.190707 tau=4.38 collapse_w=0.050 mid_frac=0.060 hard=score=2.3933664208 wNMSE=0.15478056 wMSE=9971.0098 wMRED=1.77730875 wER=0.340912 wMAE=35.6595 wBias=5.7266 condBias=56.3754 dotDrift=+3.670sigma uMRED=0.0981174922 uER=0.384766 uMAE=40.7656 WCE=808 bias=-16.7500
[quad_soft:06600] loss=0.186067 tau=4.47 collapse_w=0.075 mid_frac=0.048 hard=score=4.2078249063 wNMSE=0.1425522 wMSE=9183.2552 wMRED=1.74249816 wER=0.339426 wMAE=33.9662 wBias=7.8717 condBias=50.7512 dotDrift=+5.257sigma uMRED=0.0915738042 uER=0.380371 uMAE=37.3867 WCE=688 bias=-12.7500
[quad_soft:06800] loss=0.181363 tau=4.56 collapse_w=0.100 mid_frac=0.048 hard=score=4.2078249063 wNMSE=0.1425522 wMSE=9183.2552 wMRED=1.74249816 wER=0.339426 wMAE=33.9662 wBias=7.8717 condBias=50.7512 dotDrift=+5.257sigma uMRED=0.0915738042 uER=0.380371 uMAE=37.3867 WCE=688 bias=-12.7500
[quad_soft:07000] loss=0.176468 tau=4.65 collapse_w=0.125 mid_frac=0.048 hard=score=4.2078249063 wNMSE=0.1425522 wMSE=9183.2552 wMRED=1.74249816 wER=0.339426 wMAE=33.9662 wBias=7.8717 condBias=50.7512 dotDrift=+5.257sigma uMRED=0.0915738042 uER=0.380371 uMAE=37.3867 WCE=688 bias=-12.7500
[quad_soft:07200] loss=0.171537 tau=4.74 collapse_w=0.150 mid_frac=0.048 hard=score=4.2078249063 wNMSE=0.1425522 wMSE=9183.2552 wMRED=1.74249816 wER=0.339426 wMAE=33.9662 wBias=7.8717 condBias=50.7512 dotDrift=+5.257sigma uMRED=0.0915738042 uER=0.380371 uMAE=37.3867 WCE=688 bias=-12.7500
[quad_soft:07400] loss=0.166584 tau=4.83 collapse_w=0.175 mid_frac=0.048 hard=score=4.2078249063 wNMSE=0.1425522 wMSE=9183.2552 wMRED=1.74249816 wER=0.339426 wMAE=33.9662 wBias=7.8717 condBias=50.7512 dotDrift=+5.257sigma uMRED=0.0915738042 uER=0.380371 uMAE=37.3867 WCE=688 bias=-12.7500
[quad_soft:07600] loss=0.161506 tau=4.92 collapse_w=0.200 mid_frac=0.042 hard=score=18.6940822343 wNMSE=0.080554812 wMSE=5189.3650 wMRED=1.61867756 wER=0.339426 wMAE=27.2471 wBias=17.0708 condBias=39.2757 dotDrift=+15.166sigma uMRED=0.0651467275 uER=0.380371 uMAE=24.0508 WCE=432 bias=3.2500
[quad_soft:07800] loss=0.156366 tau=5.01 collapse_w=0.225 mid_frac=0.042 hard=score=18.6940822343 wNMSE=0.080554812 wMSE=5189.3650 wMRED=1.61867756 wER=0.339426 wMAE=27.2471 wBias=17.0708 condBias=39.2757 dotDrift=+15.166sigma uMRED=0.0651467275 uER=0.380371 uMAE=24.0508 WCE=432 bias=3.2500
[quad_soft:08000] loss=0.151182 tau=5.10 collapse_w=0.250 mid_frac=0.042 hard=score=18.6940822343 wNMSE=0.080554812 wMSE=5189.3650 wMRED=1.61867756 wER=0.339426 wMAE=27.2471 wBias=17.0708 condBias=39.2757 dotDrift=+15.166sigma uMRED=0.0651467275 uER=0.380371 uMAE=24.0508 WCE=432 bias=3.2500
[quad_soft:08200] loss=0.145921 tau=5.19 collapse_w=0.275 mid_frac=0.036 hard=score=18.6940822343 wNMSE=0.080554812 wMSE=5189.3650 wMRED=1.61867756 wER=0.339426 wMAE=27.2471 wBias=17.0708 condBias=39.2757 dotDrift=+15.166sigma uMRED=0.0651467275 uER=0.380371 uMAE=24.0508 WCE=432 bias=3.2500
[quad_soft:08400] loss=0.140595 tau=5.28 collapse_w=0.300 mid_frac=0.036 hard=score=18.6940822343 wNMSE=0.080554812 wMSE=5189.3650 wMRED=1.61867756 wER=0.339426 wMAE=27.2471 wBias=17.0708 condBias=39.2757 dotDrift=+15.166sigma uMRED=0.0651467275 uER=0.380371 uMAE=24.0508 WCE=432 bias=3.2500
[quad_soft:08600] loss=0.135179 tau=5.37 collapse_w=0.325 mid_frac=0.036 hard=score=18.6940822343 wNMSE=0.080554812 wMSE=5189.3650 wMRED=1.61867756 wER=0.339426 wMAE=27.2471 wBias=17.0708 condBias=39.2757 dotDrift=+15.166sigma uMRED=0.0651467275 uER=0.380371 uMAE=24.0508 WCE=432 bias=3.2500
[quad_soft:08800] loss=0.129710 tau=5.46 collapse_w=0.350 mid_frac=0.036 hard=score=18.6940822343 wNMSE=0.080554812 wMSE=5189.3650 wMRED=1.61867756 wER=0.339426 wMAE=27.2471 wBias=17.0708 condBias=39.2757 dotDrift=+15.166sigma uMRED=0.0651467275 uER=0.380371 uMAE=24.0508 WCE=432 bias=3.2500
[quad_soft:09000] loss=0.124188 tau=5.55 collapse_w=0.375 mid_frac=0.036 hard=score=18.6940822343 wNMSE=0.080554812 wMSE=5189.3650 wMRED=1.61867756 wER=0.339426 wMAE=27.2471 wBias=17.0708 condBias=39.2757 dotDrift=+15.166sigma uMRED=0.0651467275 uER=0.380371 uMAE=24.0508 WCE=432 bias=3.2500
[quad_soft:09200] loss=0.118451 tau=5.64 collapse_w=0.400 mid_frac=0.036 hard=score=18.6940822343 wNMSE=0.080554812 wMSE=5189.3650 wMRED=1.61867756 wER=0.339426 wMAE=27.2471 wBias=17.0708 condBias=39.2757 dotDrift=+15.166sigma uMRED=0.0651467275 uER=0.380371 uMAE=24.0508 WCE=432 bias=3.2500
[quad_soft:09400] loss=0.112614 tau=5.73 collapse_w=0.425 mid_frac=0.030 hard=score=23.5462148064 wNMSE=0.085338994 wMSE=5497.5634 wMRED=1.50352647 wER=0.301960 wMAE=26.8179 wBias=19.1720 condBias=40.3456 dotDrift=+16.549sigma uMRED=0.0625772364 uER=0.349121 uMAE=23.3008 WCE=432 bias=5.2500
[quad_soft:09600] loss=0.106578 tau=5.82 collapse_w=0.450 mid_frac=0.030 hard=score=23.5462148064 wNMSE=0.085338994 wMSE=5497.5634 wMRED=1.50352647 wER=0.301960 wMAE=26.8179 wBias=19.1720 condBias=40.3456 dotDrift=+16.549sigma uMRED=0.0625772364 uER=0.349121 uMAE=23.3008 WCE=432 bias=5.2500
[quad_soft:09800] loss=0.100401 tau=5.91 collapse_w=0.475 mid_frac=0.030 hard=score=23.5462148064 wNMSE=0.085338994 wMSE=5497.5634 wMRED=1.50352647 wER=0.301960 wMAE=26.8179 wBias=19.1720 condBias=40.3456 dotDrift=+16.549sigma uMRED=0.0625772364 uER=0.349121 uMAE=23.3008 WCE=432 bias=5.2500
[quad_soft:09999] loss=0.093870 tau=6.00 collapse_w=0.500 mid_frac=0.030 hard=score=23.5462148064 wNMSE=0.085338994 wMSE=5497.5634 wMRED=1.50352647 wER=0.301960 wMAE=26.8179 wBias=19.1720 condBias=40.3456 dotDrift=+16.549sigma uMRED=0.0625772364 uER=0.349121 uMAE=23.3008 WCE=432 bias=5.2500
[quad_hard_ste:00000] loss=23.610210 tau=6.00 collapse_w=0.500 mid_frac=0.030 hard=score=23.5462148064 wNMSE=0.085338994 wMSE=5497.5634 wMRED=1.50352647 wER=0.301960 wMAE=26.8179 wBias=19.1720 condBias=40.3456 dotDrift=+16.549sigma uMRED=0.0625772364 uER=0.349121 uMAE=23.3008 WCE=432 bias=5.2500
[quad_hard_ste:00200] loss=4.276170 tau=6.00 collapse_w=0.500 mid_frac=0.054 hard=score=4.2078249063 wNMSE=0.1425522 wMSE=9183.2552 wMRED=1.74249816 wER=0.339426 wMAE=33.9662 wBias=7.8717 condBias=50.7512 dotDrift=+5.257sigma uMRED=0.0915738042 uER=0.380371 uMAE=37.3867 WCE=688 bias=-12.7500
[quad_hard_ste:00400] loss=446.179962 tau=6.00 collapse_w=0.500 mid_frac=0.024 hard=score=445.8272423890 wNMSE=1.07444 wMSE=69215.7482 wMRED=7.89844519 wER=0.278314 wMAE=88.9913 wBias=-83.5488 condBias=163.8005 dotDrift=-20.324sigma uMRED=0.1826963558 uER=0.329346 uMAE=39.5527 WCE=928 bias=-27.2500
[quad_hard_ste:00600] loss=446.178619 tau=6.00 collapse_w=0.500 mid_frac=0.024 hard=score=445.8272423890 wNMSE=1.07444 wMSE=69215.7482 wMRED=7.89844519 wER=0.278314 wMAE=88.9913 wBias=-83.5488 condBias=163.8005 dotDrift=-20.324sigma uMRED=0.1826963558 uER=0.329346 uMAE=39.5527 WCE=928 bias=-27.2500
[quad_hard_ste:00800] loss=387.991058 tau=6.00 collapse_w=0.500 mid_frac=0.012 hard=score=387.6360496169 wNMSE=1.1039356 wMSE=71115.8635 wMRED=7.99450250 wER=0.281291 wMAE=93.6421 wBias=-77.8767 condBias=154.2772 dotDrift=-18.690sigma uMRED=0.1968113234 uER=0.338135 uMAE=46.1406 WCE=928 bias=-17.2500
[quad_hard_ste:01000] loss=387.989929 tau=6.00 collapse_w=0.500 mid_frac=0.012 hard=score=387.6360496169 wNMSE=1.1039356 wMSE=71115.8635 wMRED=7.99450250 wER=0.281291 wMAE=93.6421 wBias=-77.8767 condBias=154.2772 dotDrift=-18.690sigma uMRED=0.1968113234 uER=0.338135 uMAE=46.1406 WCE=928 bias=-17.2500
[quad_hard_ste:01200] loss=387.988800 tau=6.00 collapse_w=0.500 mid_frac=0.012 hard=score=387.6360496169 wNMSE=1.1039356 wMSE=71115.8635 wMRED=7.99450250 wER=0.281291 wMAE=93.6421 wBias=-77.8767 condBias=154.2772 dotDrift=-18.690sigma uMRED=0.1968113234 uER=0.338135 uMAE=46.1406 WCE=928 bias=-17.2500
[quad_hard_ste:01400] loss=387.988159 tau=6.00 collapse_w=0.500 mid_frac=0.012 hard=score=387.6360496169 wNMSE=1.1039356 wMSE=71115.8635 wMRED=7.99450250 wER=0.281291 wMAE=93.6421 wBias=-77.8767 condBias=154.2772 dotDrift=-18.690sigma uMRED=0.1968113234 uER=0.338135 uMAE=46.1406 WCE=928 bias=-17.2500
[quad_hard_ste:01600] loss=387.987946 tau=6.00 collapse_w=0.500 mid_frac=0.012 hard=score=387.6360496169 wNMSE=1.1039356 wMSE=71115.8635 wMRED=7.99450250 wER=0.281291 wMAE=93.6421 wBias=-77.8767 condBias=154.2772 dotDrift=-18.690sigma uMRED=0.1968113234 uER=0.338135 uMAE=46.1406 WCE=928 bias=-17.2500
[quad_hard_ste:01800] loss=387.987854 tau=6.00 collapse_w=0.500 mid_frac=0.012 hard=score=387.6360496169 wNMSE=1.1039356 wMSE=71115.8635 wMRED=7.99450250 wER=0.281291 wMAE=93.6421 wBias=-77.8767 condBias=154.2772 dotDrift=-18.690sigma uMRED=0.1968113234 uER=0.338135 uMAE=46.1406 WCE=928 bias=-17.2500
[quad_hard_ste:02000] loss=387.987732 tau=6.00 collapse_w=0.500 mid_frac=0.012 hard=score=387.6360496169 wNMSE=1.1039356 wMSE=71115.8635 wMRED=7.99450250 wER=0.281291 wMAE=93.6421 wBias=-77.8767 condBias=154.2772 dotDrift=-18.690sigma uMRED=0.1968113234 uER=0.338135 uMAE=46.1406 WCE=928 bias=-17.2500
[quad_hard_ste:02200] loss=387.987671 tau=6.00 collapse_w=0.500 mid_frac=0.012 hard=score=387.6360496169 wNMSE=1.1039356 wMSE=71115.8635 wMRED=7.99450250 wER=0.281291 wMAE=93.6421 wBias=-77.8767 condBias=154.2772 dotDrift=-18.690sigma uMRED=0.1968113234 uER=0.338135 uMAE=46.1406 WCE=928 bias=-17.2500
[quad_hard_ste:02400] loss=387.987579 tau=6.00 collapse_w=0.500 mid_frac=0.012 hard=score=387.6360496169 wNMSE=1.1039356 wMSE=71115.8635 wMRED=7.99450250 wER=0.281291 wMAE=93.6421 wBias=-77.8767 condBias=154.2772 dotDrift=-18.690sigma uMRED=0.1968113234 uER=0.338135 uMAE=46.1406 WCE=928 bias=-17.2500
[quad_hard_ste:02600] loss=387.987518 tau=6.00 collapse_w=0.500 mid_frac=0.012 hard=score=387.6360496169 wNMSE=1.1039356 wMSE=71115.8635 wMRED=7.99450250 wER=0.281291 wMAE=93.6421 wBias=-77.8767 condBias=154.2772 dotDrift=-18.690sigma uMRED=0.1968113234 uER=0.338135 uMAE=46.1406 WCE=928 bias=-17.2500
[quad_hard_ste:02800] loss=387.987488 tau=6.00 collapse_w=0.500 mid_frac=0.012 hard=score=387.6360496169 wNMSE=1.1039356 wMSE=71115.8635 wMRED=7.99450250 wER=0.281291 wMAE=93.6421 wBias=-77.8767 condBias=154.2772 dotDrift=-18.690sigma uMRED=0.1968113234 uER=0.338135 uMAE=46.1406 WCE=928 bias=-17.2500
[quad_hard_ste:03000] loss=387.987427 tau=6.00 collapse_w=0.500 mid_frac=0.012 hard=score=387.6360496169 wNMSE=1.1039356 wMSE=71115.8635 wMRED=7.99450250 wER=0.281291 wMAE=93.6421 wBias=-77.8767 condBias=154.2772 dotDrift=-18.690sigma uMRED=0.1968113234 uER=0.338135 uMAE=46.1406 WCE=928 bias=-17.2500
[quad_hard_ste:03200] loss=387.987366 tau=6.00 collapse_w=0.500 mid_frac=0.012 hard=score=387.6360496169 wNMSE=1.1039356 wMSE=71115.8635 wMRED=7.99450250 wER=0.281291 wMAE=93.6421 wBias=-77.8767 condBias=154.2772 dotDrift=-18.690sigma uMRED=0.1968113234 uER=0.338135 uMAE=46.1406 WCE=928 bias=-17.2500
[quad_hard_ste:03400] loss=387.987335 tau=6.00 collapse_w=0.500 mid_frac=0.012 hard=score=387.6360496169 wNMSE=1.1039356 wMSE=71115.8635 wMRED=7.99450250 wER=0.281291 wMAE=93.6421 wBias=-77.8767 condBias=154.2772 dotDrift=-18.690sigma uMRED=0.1968113234 uER=0.338135 uMAE=46.1406 WCE=928 bias=-17.2500
[quad_hard_ste:03600] loss=387.987274 tau=6.00 collapse_w=0.500 mid_frac=0.012 hard=score=387.6360496169 wNMSE=1.1039356 wMSE=71115.8635 wMRED=7.99450250 wER=0.281291 wMAE=93.6421 wBias=-77.8767 condBias=154.2772 dotDrift=-18.690sigma uMRED=0.1968113234 uER=0.338135 uMAE=46.1406 WCE=928 bias=-17.2500
[quad_hard_ste:03800] loss=387.987213 tau=6.00 collapse_w=0.500 mid_frac=0.012 hard=score=387.6360496169 wNMSE=1.1039356 wMSE=71115.8635 wMRED=7.99450250 wER=0.281291 wMAE=93.6421 wBias=-77.8767 condBias=154.2772 dotDrift=-18.690sigma uMRED=0.1968113234 uER=0.338135 uMAE=46.1406 WCE=928 bias=-17.2500
[quad_hard_ste:03999] loss=387.987183 tau=6.00 collapse_w=0.500 mid_frac=0.012 hard=score=387.6360496169 wNMSE=1.1039356 wMSE=71115.8635 wMRED=7.99450250 wER=0.281291 wMAE=93.6421 wBias=-77.8767 condBias=154.2772 dotDrift=-18.690sigma uMRED=0.1968113234 uER=0.338135 uMAE=46.1406 WCE=928 bias=-17.2500
[pop00_soft:00000] loss=13.362599 tau=1.50 collapse_w=0.000 mid_frac=0.345 hard=score=266.0681638211 wNMSE=11.683283 wMSE=752640.5457 wMRED=27.92249138 wER=0.576388 wMAE=332.5874 wBias=-62.1558 condBias=443.5872 dotDrift=-4.585sigma uMRED=1.0392205224 uER=0.573730 uMAE=373.4619 WCE=3636 bias=24.5625
[pop00_soft:00200] loss=5.005128 tau=2.25 collapse_w=0.000 mid_frac=0.315 hard=score=46.7176996161 wNMSE=1.2501025 wMSE=80531.9788 wMRED=4.86985574 wER=0.503966 wMAE=114.8782 wBias=-26.5299 condBias=105.3622 dotDrift=-5.983sigma uMRED=0.4213068649 uER=0.558105 uMAE=219.5767 WCE=3136 bias=-23.0625
[pop00_soft:00400] loss=1.228394 tau=3.00 collapse_w=0.000 mid_frac=0.226 hard=score=25.7359290574 wNMSE=0.43373471 wMSE=27941.3196 wMRED=3.10608267 wER=0.484448 wMAE=83.4813 wBias=-19.8084 condBias=69.7125 dotDrift=-7.584sigma uMRED=0.2585705418 uER=0.541992 uMAE=161.9570 WCE=1312 bias=-36.3750
[pop00_soft:00600] loss=0.467668 tau=3.75 collapse_w=0.000 mid_frac=0.202 hard=score=20.3600638823 wNMSE=0.32442696 wMSE=20899.6817 wMRED=2.49270682 wER=0.451139 wMAE=60.6981 wBias=-17.5898 condBias=81.0694 dotDrift=-7.787sigma uMRED=0.2589571793 uER=0.508057 uMAE=148.4160 WCE=1560 bias=-129.1250
[pop00_soft:00800] loss=0.351530 tau=4.50 collapse_w=0.084 mid_frac=0.161 hard=score=14.5415492330 wNMSE=0.31213258 wMSE=20107.6736 wMRED=1.92638273 wER=0.370015 wMAE=55.3171 wBias=-14.7783 condBias=80.4447 dotDrift=-6.670sigma uMRED=0.2656819530 uER=0.495117 uMAE=160.2930 WCE=1584 bias=-141.7500
[pop00_soft:01000] loss=0.279546 tau=5.25 collapse_w=0.293 mid_frac=0.149 hard=score=11.7759141090 wNMSE=0.28502124 wMSE=18361.1533 wMRED=1.91137163 wER=0.369260 wMAE=53.8893 wBias=-13.2762 condBias=73.6081 dotDrift=-6.271sigma uMRED=0.2461641297 uER=0.487061 uMAE=145.5586 WCE=1096 bias=-125.7500
[pop00_soft:01199] loss=0.210597 tau=6.00 collapse_w=0.500 mid_frac=0.125 hard=score=11.7759141090 wNMSE=0.28502124 wMSE=18361.1533 wMRED=1.91137163 wER=0.369260 wMAE=53.8893 wBias=-13.2762 condBias=73.6081 dotDrift=-6.271sigma uMRED=0.2461641297 uER=0.487061 uMAE=145.5586 WCE=1096 bias=-125.7500
[pop00_hard:00000] loss=11.842217 tau=6.00 collapse_w=0.500 mid_frac=0.125 hard=score=11.7759141090 wNMSE=0.28502124 wMSE=18361.1533 wMRED=1.91137163 wER=0.369260 wMAE=53.8893 wBias=-13.2762 condBias=73.6081 dotDrift=-6.271sigma uMRED=0.2461641297 uER=0.487061 uMAE=145.5586 WCE=1096 bias=-125.7500
[pop00_hard:00200] loss=1.039369 tau=6.00 collapse_w=0.500 mid_frac=0.107 hard=score=0.9914478444 wNMSE=0.23090747 wMSE=14875.1278 wMRED=1.76297906 wER=0.367010 wMAE=46.9962 wBias=2.8999 condBias=64.8912 dotDrift=+1.522sigma uMRED=0.2217514102 uER=0.480469 uMAE=134.7480 WCE=1224 bias=-45.7500
[pop00_hard:00400] loss=1.037656 tau=6.00 collapse_w=0.500 mid_frac=0.113 hard=score=3.0977442766 wNMSE=0.29193101 wMSE=18806.2829 wMRED=1.91366909 wER=0.369260 wMAE=54.1066 wBias=-6.2992 condBias=74.8191 dotDrift=-2.940sigma uMRED=0.2509473884 uER=0.487061 uMAE=148.4961 WCE=1224 bias=-61.7500
[pop00_hard:00599] loss=1.036904 tau=6.00 collapse_w=0.500 mid_frac=0.107 hard=score=0.9914478444 wNMSE=0.23090747 wMSE=14875.1278 wMRED=1.76297906 wER=0.367010 wMAE=46.9962 wBias=2.8999 condBias=64.8912 dotDrift=+1.522sigma uMRED=0.2217514102 uER=0.480469 uMAE=134.7480 WCE=1224 bias=-45.7500
[pop00] done (conf=0.53, noise=0.5); global best score=0.3436038266 wNMSE=0.16480817 wMSE=10616.9916 wMRED=1.68379297 wER=0.323518 wMAE=38.5195 wBias=-0.5139 condBias=58.3288 dotDrift=-0.319sigma uMRED=0.1127893249 uER=0.369141 uMAE=51.7109 WCE=864 bias=-31.7500
[pop01_soft:00000] loss=39.360901 tau=1.50 collapse_w=0.000 mid_frac=0.423 hard=score=1563.5789073068 wNMSE=37.950816 wMSE=2444802.8788 wMRED=60.81966765 wER=0.582047 wMAE=825.1701 wBias=153.6570 condBias=847.5704 dotDrift=+6.289sigma uMRED=1.6356926320 uER=0.578125 uMAE=479.5137 WCE=3960 bias=55.1250
[pop01_soft:00200] loss=18.488174 tau=2.25 collapse_w=0.000 mid_frac=0.411 hard=score=184.6650807971 wNMSE=40.87228 wMSE=2633004.4612 wMRED=63.90967422 wER=0.568947 wMAE=865.8966 wBias=42.9235 condBias=885.8532 dotDrift=+1.693sigma uMRED=1.7380444562 uER=0.575195 uMAE=508.8687 WCE=3773 bias=-106.0000
[pop01_soft:00400] loss=11.900017 tau=3.00 collapse_w=0.000 mid_frac=0.357 hard=score=2633.6379370699 wNMSE=11.726152 wMSE=755402.2283 wMRED=30.91277288 wER=0.544934 wMAE=393.8264 wBias=-202.7374 condBias=478.3765 dotDrift=-14.929sigma uMRED=0.8910320980 uER=0.569092 uMAE=303.5488 WCE=3092 bias=4.1250
[pop01_soft:00600] loss=3.886485 tau=3.75 collapse_w=0.000 mid_frac=0.339 hard=score=72.2466730009 wNMSE=1.4943775 wMSE=96268.2456 wMRED=12.56394174 wER=0.511038 wMAE=174.2052 wBias=-33.0798 condBias=175.7749 dotDrift=-6.823sigma uMRED=0.4938299861 uER=0.559082 uMAE=222.7285 WCE=1776 bias=108.0000
[pop01_soft:00800] loss=1.858096 tau=4.50 collapse_w=0.084 mid_frac=0.286 hard=score=250.3655172602 wNMSE=0.94124201 wMSE=60635.0905 wMRED=8.52528461 wER=0.555022 wMAE=128.5073 wBias=-62.5252 condBias=144.4265 dotDrift=-16.251sigma uMRED=0.4163978017 uER=0.567139 uMAE=204.5488 WCE=1732 bias=90.2500
[pop01_soft:01000] loss=1.130392 tau=5.25 collapse_w=0.293 mid_frac=0.250 hard=score=95.9070385599 wNMSE=0.39947244 wMSE=25734.1339 wMRED=3.71330772 wER=0.506158 wMAE=73.9339 wBias=-38.6829 condBias=80.1272 dotDrift=-15.433sigma uMRED=0.2705867824 uER=0.555908 uMAE=156.3965 WCE=1444 bias=43.2500
[pop01_soft:01199] loss=0.752007 tau=6.00 collapse_w=0.500 mid_frac=0.232 hard=score=114.2612898243 wNMSE=0.41879054 wMSE=26978.6113 wMRED=3.85043296 wER=0.506158 wMAE=77.3747 wBias=-42.2451 condBias=82.3697 dotDrift=-16.461sigma uMRED=0.2768848990 uER=0.555908 uMAE=158.3730 WCE=1444 bias=39.2500
[pop01_hard:00000] loss=114.410599 tau=6.00 collapse_w=0.500 mid_frac=0.232 hard=score=114.2612898243 wNMSE=0.41879054 wMSE=26978.6113 wMRED=3.85043296 wER=0.506158 wMAE=77.3747 wBias=-42.2451 condBias=82.3697 dotDrift=-16.461sigma uMRED=0.2768848990 uER=0.555908 uMAE=158.3730 WCE=1444 bias=39.2500
[pop01_hard:00200] loss=92.491882 tau=6.00 collapse_w=0.500 mid_frac=0.226 hard=score=92.3490751048 wNMSE=0.4175458 wMSE=26898.4250 wMRED=3.80438663 wER=0.506158 wMAE=78.6176 wBias=-37.9550 condBias=78.0688 dotDrift=-14.811sigma uMRED=0.2714047286 uER=0.555908 uMAE=160.9199 WCE=1444 bias=47.2500
[pop01_hard:00400] loss=92.492096 tau=6.00 collapse_w=0.500 mid_frac=0.220 hard=score=92.3490751048 wNMSE=0.4175458 wMSE=26898.4250 wMRED=3.80438663 wER=0.506158 wMAE=78.6176 wBias=-37.9550 condBias=78.0688 dotDrift=-14.811sigma uMRED=0.2714047286 uER=0.555908 uMAE=160.9199 WCE=1444 bias=47.2500
[pop01_hard:00599] loss=77.665428 tau=6.00 collapse_w=0.500 mid_frac=0.208 hard=score=77.5222530998 wNMSE=0.4215878 wMSE=27158.8117 wMRED=3.80722538 wER=0.507553 wMAE=80.0803 wBias=-34.7441 condBias=77.0595 dotDrift=-13.493sigma uMRED=0.2723565681 uER=0.558105 uMAE=163.7754 WCE=1444 bias=53.2500
[pop01] done (conf=0.51, noise=1.0); global best score=0.3436038266 wNMSE=0.16480817 wMSE=10616.9916 wMRED=1.68379297 wER=0.323518 wMAE=38.5195 wBias=-0.5139 condBias=58.3288 dotDrift=-0.319sigma uMRED=0.1127893249 uER=0.369141 uMAE=51.7109 WCE=864 bias=-31.7500
[pop02_soft:00000] loss=32.339977 tau=1.50 collapse_w=0.000 mid_frac=0.345 hard=score=139.8724022105 wNMSE=3.518862 wMSE=226686.1373 wMRED=11.87651340 wER=0.538338 wMAE=210.4239 wBias=45.7707 condBias=274.2911 dotDrift=+6.153sigma uMRED=0.5878974732 uER=0.551025 uMAE=272.6982 WCE=3424 bias=162.0000
[pop02_soft:00200] loss=7.621393 tau=2.25 collapse_w=0.000 mid_frac=0.321 hard=score=1479.6654841011 wNMSE=3.0962934 wMSE=199464.1442 wMRED=13.72044022 wER=0.524485 wMAE=220.4725 wBias=-152.2696 condBias=274.5182 dotDrift=-21.820sigma uMRED=0.6035189168 uER=0.556885 uMAE=260.0703 WCE=2164 bias=-141.9375
[pop02_soft:00400] loss=1.808857 tau=3.00 collapse_w=0.000 mid_frac=0.274 hard=score=410.0984661413 wNMSE=0.60384633 wMSE=38899.9607 wMRED=6.36941840 wER=0.469736 wMAE=100.2071 wBias=-80.2048 condBias=135.7424 dotDrift=-26.026sigma uMRED=0.2292960224 uER=0.519287 uMAE=97.2559 WCE=728 bias=-15.2500
[pop02_soft:00600] loss=0.193122 tau=3.75 collapse_w=0.000 mid_frac=0.190 hard=score=0.2240107935 wNMSE=0.10199501 wMSE=6570.5491 wMRED=1.78778773 wER=0.454284 wMAE=36.5914 wBias=-0.2309 condBias=48.4601 dotDrift=-0.182sigma uMRED=0.1142079978 uER=0.502197 uMAE=62.7383 WCE=616 bias=-28.3750 *BEST*
[pop02_soft:00650] loss=0.153644 tau=3.94 collapse_w=0.000 mid_frac=0.202 hard=score=0.2175647432 wNMSE=0.095336814 wMSE=6141.6259 wMRED=1.54270803 wER=0.423238 wMAE=32.7854 wBias=0.4574 condBias=45.6421 dotDrift=+0.374sigma uMRED=0.0979192626 uER=0.485596 uMAE=56.7598 WCE=616 bias=-10.8750 *BEST*
[pop02_soft:00775] loss=0.110088 tau=4.41 collapse_w=0.058 mid_frac=0.185 hard=score=0.2056422654 wNMSE=0.098363819 wMSE=6336.6265 wMRED=1.03085092 wER=0.364248 wMAE=27.0303 wBias=-0.2538 condBias=45.2994 dotDrift=-0.204sigma uMRED=0.1096567088 uER=0.440918 uMAE=65.9492 WCE=616 bias=13.1250 *BEST*
[pop02_soft:00800] loss=0.105784 tau=4.50 collapse_w=0.084 mid_frac=0.179 hard=score=0.3010259030 wNMSE=0.086648444 wMSE=5581.9186 wMRED=1.01876512 wER=0.364229 wMAE=25.9381 wBias=-1.3597 condBias=42.9905 dotDrift=-1.165sigma uMRED=0.0959925745 uER=0.440674 uMAE=56.1328 WCE=616 bias=3.1250
[pop02_soft:01000] loss=0.079359 tau=5.25 collapse_w=0.293 mid_frac=0.143 hard=score=0.5976582378 wNMSE=0.088555161 wMSE=5704.7499 wMRED=0.96936694 wER=0.355451 wMAE=25.9697 wBias=-2.5423 condBias=43.3931 dotDrift=-2.154sigma uMRED=0.0956962369 uER=0.436523 uMAE=56.4219 WCE=616 bias=2.0000
[pop02_soft:01199] loss=0.055561 tau=6.00 collapse_w=0.500 mid_frac=0.137 hard=score=0.5976582378 wNMSE=0.088555161 wMSE=5704.7499 wMRED=0.96936694 wER=0.355451 wMAE=25.9697 wBias=-2.5423 condBias=43.3931 dotDrift=-2.154sigma uMRED=0.0956962369 uER=0.436523 uMAE=56.4219 WCE=616 bias=2.0000
[pop02_hard:00000] loss=0.641253 tau=6.00 collapse_w=0.500 mid_frac=0.137 hard=score=0.5976582378 wNMSE=0.088555161 wMSE=5704.7499 wMRED=0.96936694 wER=0.355451 wMAE=25.9697 wBias=-2.5423 condBias=43.3931 dotDrift=-2.154sigma uMRED=0.0956962369 uER=0.436523 uMAE=56.4219 WCE=616 bias=2.0000
[pop02_hard:00200] loss=0.635802 tau=6.00 collapse_w=0.500 mid_frac=0.131 hard=score=0.5976582378 wNMSE=0.088555161 wMSE=5704.7499 wMRED=0.96936694 wER=0.355451 wMAE=25.9697 wBias=-2.5423 condBias=43.3931 dotDrift=-2.154sigma uMRED=0.0956962369 uER=0.436523 uMAE=56.4219 WCE=616 bias=2.0000
[pop02_hard:00400] loss=0.233595 tau=6.00 collapse_w=0.500 mid_frac=0.119 hard=score=0.1975974237 wNMSE=0.087114873 wMSE=5611.9661 wMRED=0.96842766 wER=0.343854 wMAE=25.8262 wBias=-0.4600 condBias=43.1197 dotDrift=-0.393sigma uMRED=0.0954283676 uER=0.429932 uMAE=56.0938 WCE=616 bias=4.0000 *BEST*
[pop02_hard:00425] loss=0.219129 tau=6.00 collapse_w=0.500 mid_frac=0.119 hard=score=0.1852940549 wNMSE=0.086976153 wMSE=5603.0297 wMRED=0.93141942 wER=0.329335 wMAE=25.3035 wBias=0.1449 condBias=43.0566 dotDrift=+0.124sigma uMRED=0.0947629315 uER=0.421875 uMAE=55.9062 WCE=616 bias=4.5000 *BEST*
[pop02_hard:00599] loss=0.232479 tau=6.00 collapse_w=0.500 mid_frac=0.119 hard=score=0.1852940549 wNMSE=0.086976153 wMSE=5603.0297 wMRED=0.93141942 wER=0.329335 wMAE=25.3035 wBias=0.1449 condBias=43.0566 dotDrift=+0.124sigma uMRED=0.0947629315 uER=0.421875 uMAE=55.9062 WCE=616 bias=4.5000
[pop02] done (conf=0.53, noise=0.5); global best score=0.1852940549 wNMSE=0.086976153 wMSE=5603.0297 wMRED=0.93141942 wER=0.329335 wMAE=25.3035 wBias=0.1449 condBias=43.0566 dotDrift=+0.124sigma uMRED=0.0947629315 uER=0.421875 uMAE=55.9062 WCE=616 bias=4.5000
[pop03_soft:00000] loss=34.633854 tau=1.50 collapse_w=0.000 mid_frac=0.429 hard=score=413.4149172295 wNMSE=5.8894524 wMSE=379400.2806 wMRED=18.27687837 wER=0.582047 wMAE=306.5095 wBias=-79.5983 condBias=374.5409 dotDrift=-8.271sigma uMRED=0.7852516822 uER=0.578125 uMAE=333.6831 WCE=3504 bias=-39.6250
[pop03_soft:00200] loss=9.052520 tau=2.25 collapse_w=0.000 mid_frac=0.375 hard=score=1028.9006143305 wNMSE=5.0105423 wMSE=322780.6277 wMRED=17.67919516 wER=0.577813 wMAE=286.0319 wBias=-126.6573 condBias=346.6834 dotDrift=-14.268sigma uMRED=0.8349199954 uER=0.575928 uMAE=368.8794 WCE=2640 bias=-190.2500
[pop03_soft:00400] loss=5.057278 tau=3.00 collapse_w=0.000 mid_frac=0.423 hard=score=691.0624127322 wNMSE=2.4907263 wMSE=160453.3331 wMRED=12.30010423 wER=0.559579 wMAE=186.3088 wBias=-103.9081 condBias=218.6355 dotDrift=-16.602sigma uMRED=0.5051613191 uER=0.568604 uMAE=224.5195 WCE=2320 bias=-152.1250
[pop03_soft:00600] loss=3.434512 tau=3.75 collapse_w=0.000 mid_frac=0.351 hard=score=418.8537324611 wNMSE=1.4178779 wMSE=91340.1192 wMRED=11.60834110 wER=0.554488 wMAE=155.1693 wBias=-80.9069 condBias=170.3661 dotDrift=-17.133sigma uMRED=0.4060268999 uER=0.562744 uMAE=171.2910 WCE=1352 bias=-114.7500
[pop03_soft:00800] loss=2.479765 tau=4.50 collapse_w=0.084 mid_frac=0.381 hard=score=209.3923125119 wNMSE=1.0592682 wMSE=68238.3738 wMRED=7.54773241 wER=0.518176 wMAE=129.2858 wBias=-57.0656 condBias=180.9200 dotDrift=-13.981sigma uMRED=0.3410405007 uER=0.545898 uMAE=157.5820 WCE=2784 bias=-14.2500
[pop03_soft:01000] loss=1.748075 tau=5.25 collapse_w=0.293 mid_frac=0.375 hard=score=515.1066236681 wNMSE=1.1750662 wMSE=75698.1135 wMRED=9.43074788 wER=0.519651 wMAE=129.1908 wBias=-89.7969 condBias=178.4541 dotDrift=-20.888sigma uMRED=0.3783340544 uER=0.550293 uMAE=159.5059 WCE=2784 bias=-28.7500
[pop03_soft:01199] loss=1.138317 tau=6.00 collapse_w=0.500 mid_frac=0.321 hard=score=630.7561345265 wNMSE=1.1680796 wMSE=75248.0344 wMRED=9.43288749 wER=0.518248 wMAE=129.4407 wBias=-99.4121 condBias=195.3668 dotDrift=-23.194sigma uMRED=0.3600627089 uER=0.547363 uMAE=152.9277 WCE=1352 bias=-121.5000
[pop03_hard:00000] loss=631.189392 tau=6.00 collapse_w=0.500 mid_frac=0.321 hard=score=630.7561345265 wNMSE=1.1680796 wMSE=75248.0344 wMRED=9.43288749 wER=0.518248 wMAE=129.4407 wBias=-99.4121 condBias=195.3668 dotDrift=-23.194sigma uMRED=0.3600627089 uER=0.547363 uMAE=152.9277 WCE=1352 bias=-121.5000
[pop03_hard:00200] loss=1.284897 tau=6.00 collapse_w=0.500 mid_frac=0.315 hard=score=1.1794776347 wNMSE=0.40727389 wMSE=26236.7053 wMRED=2.80133512 wER=0.518248 wMAE=82.3752 wBias=2.8093 condBias=74.7296 dotDrift=+1.110sigma uMRED=0.2479811411 uER=0.547363 uMAE=143.0781 WCE=1352 bias=-89.5000
[pop03_hard:00400] loss=631.185913 tau=6.00 collapse_w=0.500 mid_frac=0.321 hard=score=630.7561345265 wNMSE=1.1680796 wMSE=75248.0344 wMRED=9.43288749 wER=0.518248 wMAE=129.4407 wBias=-99.4121 condBias=195.3668 dotDrift=-23.194sigma uMRED=0.3600627089 uER=0.547363 uMAE=152.9277 WCE=1352 bias=-121.5000
[pop03_hard:00599] loss=4.976295 tau=6.00 collapse_w=0.500 mid_frac=0.315 hard=score=4.8528165774 wNMSE=1.1834463 wMSE=76237.9617 wMRED=5.55103092 wER=0.518248 wMAE=89.5128 wBias=6.7465 condBias=108.8260 dotDrift=+1.564sigma uMRED=0.3427274035 uER=0.547363 uMAE=155.6406 WCE=3728 bias=-27.5000
[pop03] done (conf=0.51, noise=1.0); global best score=0.1852940549 wNMSE=0.086976153 wMSE=5603.0297 wMRED=0.93141942 wER=0.329335 wMAE=25.3035 wBias=0.1449 condBias=43.0566 dotDrift=+0.124sigma uMRED=0.0947629315 uER=0.421875 uMAE=55.9062 WCE=616 bias=4.5000
[pop04_soft:00000] loss=31.649261 tau=1.50 collapse_w=0.000 mid_frac=0.339 hard=score=1069.9999697856 wNMSE=2.9018839 wMSE=186940.2281 wMRED=9.94629498 wER=0.579102 wMAE=216.2699 wBias=129.4329 condBias=248.0505 dotDrift=+19.159sigma uMRED=0.5384546219 uER=0.570801 uMAE=258.2837 WCE=3584 bias=26.5625
[pop04_soft:00200] loss=6.359341 tau=2.25 collapse_w=0.000 mid_frac=0.321 hard=score=3.8373547824 wNMSE=1.89285 wMSE=121937.9604 wMRED=3.35017125 wER=0.516188 wMAE=116.0353 wBias=-3.3822 condBias=178.7725 dotDrift=-0.620sigma uMRED=0.4089950003 uER=0.540527 uMAE=242.9404 WCE=2488 bias=-69.8750
[pop04_soft:00400] loss=0.794104 tau=3.00 collapse_w=0.000 mid_frac=0.214 hard=score=35.9789519711 wNMSE=0.41452646 wMSE=26703.9181 wMRED=2.96570906 wER=0.490701 wMAE=77.7249 wBias=-23.5305 condBias=82.5975 dotDrift=-9.216sigma uMRED=0.2838125474 uER=0.550781 uMAE=170.1465 WCE=1664 bias=-12.1250
[pop04_soft:00600] loss=0.397648 tau=3.75 collapse_w=0.000 mid_frac=0.202 hard=score=10.4038900226 wNMSE=0.37317954 wMSE=24040.3375 wMRED=2.16762032 wER=0.455871 wMAE=63.4331 wBias=-12.3512 condBias=80.9384 dotDrift=-5.098sigma uMRED=0.2763738455 uER=0.527100 uMAE=171.1484 WCE=1664 bias=-11.6250
[pop04_soft:00800] loss=0.281087 tau=4.50 collapse_w=0.084 mid_frac=0.161 hard=score=0.7079547868 wNMSE=0.32694498 wMSE=21061.8929 wMRED=2.05713922 wER=0.410666 wMAE=53.9340 wBias=-1.3114 condBias=78.7264 dotDrift=-0.578sigma uMRED=0.2300758932 uER=0.505859 uMAE=131.2598 WCE=1156 bias=-60.1250
[pop04_soft:01000] loss=0.190548 tau=5.25 collapse_w=0.293 mid_frac=0.119 hard=score=4.8384445821 wNMSE=0.24876473 wMSE=16025.4982 wMRED=1.87428569 wER=0.420888 wMAE=45.8916 wBias=8.2878 condBias=66.0262 dotDrift=+4.190sigma uMRED=0.2016331704 uER=0.520996 uMAE=120.9355 WCE=1148 bias=-51.6250
[pop04_soft:01199] loss=0.131560 tau=6.00 collapse_w=0.500 mid_frac=0.107 hard=score=8.4214746580 wNMSE=0.25856922 wMSE=16657.1061 wMRED=1.79852604 wER=0.388750 wMAE=46.1398 wBias=11.1672 condBias=68.1316 dotDrift=+5.538sigma uMRED=0.2081225772 uER=0.519775 uMAE=127.3125 WCE=1148 bias=-57.1250
[pop04_hard:00000] loss=8.480052 tau=6.00 collapse_w=0.500 mid_frac=0.107 hard=score=8.4214746580 wNMSE=0.25856922 wMSE=16657.1061 wMRED=1.79852604 wER=0.388750 wMAE=46.1398 wBias=11.1672 condBias=68.1316 dotDrift=+5.538sigma uMRED=0.2081225772 uER=0.519775 uMAE=127.3125 WCE=1148 bias=-57.1250
[pop04_hard:00200] loss=11.726563 tau=6.00 collapse_w=0.500 mid_frac=0.095 hard=score=11.6599099230 wNMSE=0.26535824 wMSE=17094.4567 wMRED=2.01712483 wER=0.388729 wMAE=49.9392 wBias=-13.2382 condBias=74.9012 dotDrift=-6.480sigma uMRED=0.2228358291 uER=0.519531 uMAE=132.1582 WCE=1148 bias=-91.1250
[pop04_hard:00400] loss=7.838220 tau=6.00 collapse_w=0.500 mid_frac=0.083 hard=score=7.7820843179 wNMSE=0.25465949 wMSE=16405.2404 wMRED=1.82784321 wER=0.388729 wMAE=47.4039 wBias=-10.7029 condBias=73.5218 dotDrift=-5.348sigma uMRED=0.2168701426 uER=0.519531 uMAE=130.1582 WCE=1148 bias=-89.1250
[pop04_hard:00599] loss=0.560470 tau=6.00 collapse_w=0.500 mid_frac=0.077 hard=score=0.5062982588 wNMSE=0.20131889 wMSE=12969.0227 wMRED=1.78700475 wER=0.447983 wMAE=47.2701 wBias=1.2335 condBias=64.4341 dotDrift=+0.693sigma uMRED=0.2021141936 uER=0.533203 uMAE=123.1738 WCE=1148 bias=-79.1250
[pop04] done (conf=0.53, noise=0.5); global best score=0.1852940549 wNMSE=0.086976153 wMSE=5603.0297 wMRED=0.93141942 wER=0.329335 wMAE=25.3035 wBias=0.1449 condBias=43.0566 dotDrift=+0.124sigma uMRED=0.0947629315 uER=0.421875 uMAE=55.9062 WCE=616 bias=4.5000
[pop05_soft:00000] loss=11.451748 tau=1.50 collapse_w=0.000 mid_frac=0.387 hard=score=8.3924438686 wNMSE=4.2194185 wMSE=271816.2002 wMRED=18.52807594 wER=0.582047 wMAE=286.0759 wBias=-3.4615 condBias=300.2658 dotDrift=-0.425sigma uMRED=0.7119483316 uER=0.578125 uMAE=281.5903 WCE=2664 bias=-60.1250
[pop05_soft:00200] loss=7.274877 tau=2.25 collapse_w=0.000 mid_frac=0.399 hard=score=10.9465449118 wNMSE=6.0056317 wMSE=386884.5825 wMRED=14.82699881 wER=0.579102 wMAE=287.5693 wBias=1.5037 condBias=312.0697 dotDrift=+0.155sigma uMRED=0.5842516536 uER=0.564941 uMAE=247.4180 WCE=3504 bias=55.5000
[pop05_soft:00400] loss=3.768982 tau=3.00 collapse_w=0.000 mid_frac=0.399 hard=score=37.2108866442 wNMSE=1.0775716 wMSE=69417.4833 wMRED=6.82812138 wER=0.559510 wMAE=131.9801 wBias=-23.5865 condBias=103.5784 dotDrift=-5.729sigma uMRED=0.3578096557 uER=0.549561 uMAE=167.0645 WCE=3440 bias=27.0000
[pop05_soft:00600] loss=1.114395 tau=3.75 collapse_w=0.000 mid_frac=0.315 hard=score=76.7657227476 wNMSE=0.76738913 wMSE=49435.4367 wMRED=4.62120260 wER=0.431986 wMAE=99.5233 wBias=-34.4403 condBias=93.6651 dotDrift=-9.914sigma uMRED=0.3266017288 uER=0.531494 uMAE=173.6348 WCE=3440 bias=8.1250
[pop05_soft:00800] loss=0.870048 tau=4.50 collapse_w=0.084 mid_frac=0.292 hard=score=78.4386764018 wNMSE=0.68300578 wMSE=43999.4360 wMRED=4.49877081 wER=0.428296 wMAE=96.1925 wBias=-34.8504 condBias=86.1361 dotDrift=-10.633sigma uMRED=0.2965209311 uER=0.512939 uMAE=158.4531 WCE=3248 bias=12.0000
[pop05_soft:01000] loss=0.479415 tau=5.25 collapse_w=0.293 mid_frac=0.274 hard=score=7.6461854008 wNMSE=0.44920681 wMSE=28938.0366 wMRED=2.68244380 wER=0.429093 wMAE=65.4521 wBias=10.3060 condBias=87.5310 dotDrift=+3.877sigma uMRED=0.2781465182 uER=0.514648 uMAE=150.1211 WCE=3248 bias=8.0000
[pop05_soft:01199] loss=0.370599 tau=6.00 collapse_w=0.500 mid_frac=0.244 hard=score=6.8278023073 wNMSE=0.40254369 wMSE=25931.9845 wMRED=2.62459827 wER=0.430691 wMAE=64.9059 wBias=9.7067 condBias=86.0290 dotDrift=+3.858sigma uMRED=0.2670637205 uER=0.516113 uMAE=149.1250 WCE=3248 bias=6.0000
[pop05_hard:00000] loss=6.830302 tau=6.00 collapse_w=0.500 mid_frac=0.244 hard=score=6.8278023073 wNMSE=0.40254369 wMSE=25931.9845 wMRED=2.62459827 wER=0.430691 wMAE=64.9059 wBias=9.7067 condBias=86.0290 dotDrift=+3.858sigma uMRED=0.2670637205 uER=0.516113 uMAE=149.1250 WCE=3248 bias=6.0000
[pop05_hard:00200] loss=1.599083 tau=6.00 collapse_w=0.500 mid_frac=0.244 hard=score=0.8286239674 wNMSE=0.40753501 wMSE=26253.5266 wMRED=2.23163511 wER=0.403011 wMAE=59.4543 wBias=-0.3555 condBias=81.6064 dotDrift=-0.140sigma uMRED=0.2657646022 uER=0.509521 uMAE=159.9531 WCE=3248 bias=-60.0000
[pop05_hard:00400] loss=1.598775 tau=6.00 collapse_w=0.500 mid_frac=0.244 hard=score=0.8286239674 wNMSE=0.40753501 wMSE=26253.5266 wMRED=2.23163511 wER=0.403011 wMAE=59.4543 wBias=-0.3555 condBias=81.6064 dotDrift=-0.140sigma uMRED=0.2657646022 uER=0.509521 uMAE=159.9531 WCE=3248 bias=-60.0000
[pop05_hard:00599] loss=0.928234 tau=6.00 collapse_w=0.500 mid_frac=0.244 hard=score=0.8976359461 wNMSE=0.33476124 wMSE=21565.4188 wMRED=2.17482987 wER=0.403229 wMAE=57.5653 wBias=2.1033 condBias=79.6625 dotDrift=+0.917sigma uMRED=0.2464786773 uER=0.510254 uMAE=144.6055 WCE=1280 bias=0.0000
[pop05] done (conf=0.51, noise=1.0); global best score=0.1852940549 wNMSE=0.086976153 wMSE=5603.0297 wMRED=0.93141942 wER=0.329335 wMAE=25.3035 wBias=0.1449 condBias=43.0566 dotDrift=+0.124sigma uMRED=0.0947629315 uER=0.421875 uMAE=55.9062 WCE=616 bias=4.5000
[pop06_soft:00000] loss=7.227447 tau=1.50 collapse_w=0.000 mid_frac=0.399 hard=score=1426.2917511682 wNMSE=7.6006558 wMSE=489636.5149 wMRED=21.87952523 wER=0.564385 wMAE=329.2315 wBias=-148.9408 condBias=443.5347 dotDrift=-13.623sigma uMRED=0.7614823261 uER=0.569336 uMAE=293.9604 WCE=2160 bias=-19.7500
[pop06_soft:00200] loss=5.784041 tau=2.25 collapse_w=0.000 mid_frac=0.363 hard=score=145.0157334866 wNMSE=4.5926751 wMSE=295861.4964 wMRED=22.83195010 wER=0.527151 wMAE=191.7912 wBias=46.4977 condBias=272.4475 dotDrift=+5.471sigma uMRED=0.7062699583 uER=0.555420 uMAE=264.4775 WCE=3800 bias=179.6250
[pop06_soft:00400] loss=0.543188 tau=3.00 collapse_w=0.000 mid_frac=0.250 hard=score=11.2592250980 wNMSE=0.24915631 wMSE=16050.7238 wMRED=2.06344767 wER=0.468420 wMAE=55.2035 wBias=12.9997 condBias=71.0212 dotDrift=+6.567sigma uMRED=0.2380573109 uER=0.532471 uMAE=155.9199 WCE=1568 bias=-3.2500
[pop06_soft:00600] loss=0.143534 tau=3.75 collapse_w=0.000 mid_frac=0.202 hard=score=13.1385989593 wNMSE=0.14246115 wMSE=9177.3900 wMRED=1.70167227 wER=0.402915 wMAE=37.6243 wBias=14.2121 condBias=52.4973 dotDrift=+9.495sigma uMRED=0.1693386947 uER=0.461914 uMAE=104.7266 WCE=1024 bias=14.3750
[pop06_soft:00800] loss=0.096401 tau=4.50 collapse_w=0.084 mid_frac=0.185 hard=score=2.6609753414 wNMSE=0.096568805 wMSE=6220.9912 wMRED=0.98262206 wER=0.361129 wMAE=24.3886 wBias=6.1631 condBias=46.1441 dotDrift=+5.001sigma uMRED=0.1474456969 uER=0.444824 uMAE=96.5156 WCE=1296 bias=11.3750
[pop06_soft:01000] loss=0.076107 tau=5.25 collapse_w=0.293 mid_frac=0.161 hard=score=5.5554506633 wNMSE=0.079677237 wMSE=5132.8313 wMRED=0.97722028 wER=0.361129 wMAE=23.6742 wBias=9.1691 condBias=41.8265 dotDrift=+8.191sigma uMRED=0.1309470908 uER=0.444824 uMAE=83.8125 WCE=1200 bias=59.3750
[pop06_soft:01199] loss=0.055212 tau=6.00 collapse_w=0.500 mid_frac=0.155 hard=score=5.5554506633 wNMSE=0.079677237 wMSE=5132.8313 wMRED=0.97722028 wER=0.361129 wMAE=23.6742 wBias=9.1691 condBias=41.8265 dotDrift=+8.191sigma uMRED=0.1309470908 uER=0.444824 uMAE=83.8125 WCE=1200 bias=59.3750
[pop06_hard:00000] loss=5.570559 tau=6.00 collapse_w=0.500 mid_frac=0.155 hard=score=5.5554506633 wNMSE=0.079677237 wMSE=5132.8313 wMRED=0.97722028 wER=0.361129 wMAE=23.6742 wBias=9.1691 condBias=41.8265 dotDrift=+8.191sigma uMRED=0.1309470908 uER=0.444824 uMAE=83.8125 WCE=1200 bias=59.3750
[pop06_hard:00200] loss=1.465007 tau=6.00 collapse_w=0.500 mid_frac=0.161 hard=score=1.4403537683 wNMSE=0.068330307 wMSE=4401.8588 wMRED=0.96998653 wER=0.361129 wMAE=23.1777 wBias=4.4567 condBias=36.8127 dotDrift=+4.299sigma uMRED=0.1143572927 uER=0.444824 uMAE=77.0078 WCE=1024 bias=-20.6250
[pop06_hard:00400] loss=0.246845 tau=6.00 collapse_w=0.500 mid_frac=0.155 hard=score=0.2128935017 wNMSE=0.072443411 wMSE=4666.8261 wMRED=1.22790798 wER=0.361129 wMAE=25.8129 wBias=-0.6138 condBias=38.2606 dotDrift=-0.575sigma uMRED=0.1172891629 uER=0.444824 uMAE=76.0547 WCE=1024 bias=-24.6250
[pop06_hard:00599] loss=0.242178 tau=6.00 collapse_w=0.500 mid_frac=0.119 hard=score=0.2128935017 wNMSE=0.072443411 wMSE=4666.8261 wMRED=1.22790798 wER=0.361129 wMAE=25.8129 wBias=-0.6138 condBias=38.2606 dotDrift=-0.575sigma uMRED=0.1172891629 uER=0.444824 uMAE=76.0547 WCE=1024 bias=-24.6250
[pop06] done (conf=0.53, noise=0.5); global best score=0.1852940549 wNMSE=0.086976153 wMSE=5603.0297 wMRED=0.93141942 wER=0.329335 wMAE=25.3035 wBias=0.1449 condBias=43.0566 dotDrift=+0.124sigma uMRED=0.0947629315 uER=0.421875 uMAE=55.9062 WCE=616 bias=4.5000
[pop07_soft:00000] loss=8.054678 tau=1.50 collapse_w=0.000 mid_frac=0.435 hard=score=660.2161704616 wNMSE=14.230739 wMSE=916748.4611 wMRED=34.37067454 wER=0.581801 wMAE=478.8231 wBias=-100.0594 condBias=486.5521 dotDrift=-6.688sigma uMRED=1.1939134307 uER=0.575928 uMAE=442.7207 WCE=3444 bias=49.0000
[pop07_soft:00200] loss=6.832411 tau=2.25 collapse_w=0.000 mid_frac=0.423 hard=score=915.6155650038 wNMSE=3.0012861 wMSE=193343.7473 wMRED=14.77504485 wER=0.569686 wMAE=249.5714 wBias=119.6892 condBias=229.7239 dotDrift=+17.421sigma uMRED=0.6947736551 uER=0.571533 uMAE=314.4399 WCE=3444 bias=224.2500
[pop07_soft:00400] loss=4.664361 tau=3.00 collapse_w=0.000 mid_frac=0.363 hard=score=396.0855071221 wNMSE=0.84449979 wMSE=54402.9281 wMRED=6.82878442 wER=0.514293 wMAE=134.2643 wBias=78.7524 condBias=162.1836 dotDrift=+21.609sigma uMRED=0.3521957225 uER=0.559326 uMAE=180.0098 WCE=1680 bias=122.7500
[pop07_soft:00600] loss=2.885169 tau=3.75 collapse_w=0.000 mid_frac=0.357 hard=score=40.6411650481 wNMSE=0.34322547 wMSE=22110.6871 wMRED=3.03606442 wER=0.561035 wMAE=82.2474 wBias=25.1089 condBias=63.8318 dotDrift=+10.807sigma uMRED=0.2480570288 uER=0.571533 uMAE=154.5039 WCE=1296 bias=99.3750
[pop07_soft:00800] loss=0.903317 tau=4.50 collapse_w=0.084 mid_frac=0.327 hard=score=0.5732598913 wNMSE=0.31436261 wMSE=20251.3332 wMRED=2.73465055 wER=0.490753 wMAE=73.5459 wBias=1.1287 condBias=58.2846 dotDrift=+0.508sigma uMRED=0.2163628395 uER=0.552490 uMAE=125.0840 WCE=984 bias=3.3750
[pop07_soft:01000] loss=0.613361 tau=5.25 collapse_w=0.293 mid_frac=0.315 hard=score=1.1670307673 wNMSE=0.31367219 wMSE=20206.8560 wMRED=2.72999188 wER=0.489360 wMAE=72.0887 wBias=3.2313 condBias=60.2932 dotDrift=+1.455sigma uMRED=0.2169144419 uER=0.540771 uMAE=123.8340 WCE=1000 bias=1.3750
[pop07_soft:01199] loss=0.479657 tau=6.00 collapse_w=0.500 mid_frac=0.304 hard=score=1.1670307673 wNMSE=0.31367219 wMSE=20206.8560 wMRED=2.72999188 wER=0.489360 wMAE=72.0887 wBias=3.2313 condBias=60.2932 dotDrift=+1.455sigma uMRED=0.2169144419 uER=0.540771 uMAE=123.8340 WCE=1000 bias=1.3750
[pop07_hard:00000] loss=1.288465 tau=6.00 collapse_w=0.500 mid_frac=0.304 hard=score=1.1670307673 wNMSE=0.31367219 wMSE=20206.8560 wMRED=2.72999188 wER=0.489360 wMAE=72.0887 wBias=3.2313 condBias=60.2932 dotDrift=+1.455sigma uMRED=0.2169144419 uER=0.540771 uMAE=123.8340 WCE=1000 bias=1.3750
[pop07_hard:00200] loss=0.753416 tau=6.00 collapse_w=0.500 mid_frac=0.286 hard=score=0.6732829399 wNMSE=0.37997093 wMSE=24477.8404 wMRED=2.74728214 wER=0.489360 wMAE=74.1741 wBias=-0.5237 condBias=70.0561 dotDrift=-0.214sigma uMRED=0.2650400697 uER=0.540771 uMAE=158.9121 WCE=1816 bias=-62.6250
[pop07_hard:00400] loss=0.750034 tau=6.00 collapse_w=0.500 mid_frac=0.286 hard=score=0.6732829399 wNMSE=0.37997093 wMSE=24477.8404 wMRED=2.74728214 wER=0.489360 wMAE=74.1741 wBias=-0.5237 condBias=70.0561 dotDrift=-0.214sigma uMRED=0.2650400697 uER=0.540771 uMAE=158.9121 WCE=1816 bias=-62.6250
[pop07_hard:00599] loss=0.748727 tau=6.00 collapse_w=0.500 mid_frac=0.286 hard=score=0.6732829399 wNMSE=0.37997093 wMSE=24477.8404 wMRED=2.74728214 wER=0.489360 wMAE=74.1741 wBias=-0.5237 condBias=70.0561 dotDrift=-0.214sigma uMRED=0.2650400697 uER=0.540771 uMAE=158.9121 WCE=1816 bias=-62.6250
[pop07] done (conf=0.51, noise=1.0); global best score=0.1852940549 wNMSE=0.086976153 wMSE=5603.0297 wMRED=0.93141942 wER=0.329335 wMAE=25.3035 wBias=0.1449 condBias=43.0566 dotDrift=+0.124sigma uMRED=0.0947629315 uER=0.421875 uMAE=55.9062 WCE=616 bias=4.5000
[pop08_soft:00000] loss=23.333097 tau=1.50 collapse_w=0.000 mid_frac=0.363 hard=score=515.2415430400 wNMSE=4.5905968 wMSE=295727.6167 wMRED=19.52902090 wER=0.581958 wMAE=294.0722 wBias=89.3216 condBias=316.4520 dotDrift=+10.512sigma uMRED=0.7449172965 uER=0.575928 uMAE=296.4443 WCE=2872 bias=40.6875
[pop08_soft:00200] loss=4.745747 tau=2.25 collapse_w=0.000 mid_frac=0.357 hard=score=900.4326161553 wNMSE=1.703596 wMSE=109746.1632 wMRED=7.87165258 wER=0.544031 wMAE=131.3090 wBias=-118.8036 condBias=194.9718 dotDrift=-22.952sigma uMRED=0.4163906958 uER=0.564209 uMAE=192.7314 WCE=2320 bias=-92.5625
[pop08_soft:00400] loss=0.356380 tau=3.00 collapse_w=0.000 mid_frac=0.232 hard=score=2.8090121994 wNMSE=0.16917921 wMSE=10898.5752 wMRED=1.94370521 wER=0.447013 wMAE=45.9457 wBias=6.2283 condBias=63.0165 dotDrift=+3.818sigma uMRED=0.1651693734 uER=0.521484 uMAE=96.3809 WCE=752 bias=-8.5000
[pop08_soft:00600] loss=0.138150 tau=3.75 collapse_w=0.000 mid_frac=0.173 hard=score=1.2855128014 wNMSE=0.15599894 wMSE=10049.4982 wMRED=1.49617168 wER=0.407962 wMAE=37.3827 wBias=3.9032 condBias=59.0966 dotDrift=+2.492sigma uMRED=0.1499530987 uER=0.502197 uMAE=90.3945 WCE=752 bias=-15.0000
[pop08_soft:00800] loss=0.098904 tau=4.50 collapse_w=0.084 mid_frac=0.190 hard=score=3.1734124636 wNMSE=0.15222117 wMSE=9806.1331 wMRED=1.32836025 wER=0.388562 wMAE=35.8531 wBias=6.7166 condBias=57.5719 dotDrift=+4.341sigma uMRED=0.1462474080 uER=0.481201 uMAE=87.1992 WCE=744 bias=-10.3750
[pop08_soft:01000] loss=0.077358 tau=5.25 collapse_w=0.293 mid_frac=0.179 hard=score=3.1734124636 wNMSE=0.15222117 wMSE=9806.1331 wMRED=1.32836025 wER=0.388562 wMAE=35.8531 wBias=6.7166 condBias=57.5719 dotDrift=+4.341sigma uMRED=0.1462474080 uER=0.481201 uMAE=87.1992 WCE=744 bias=-10.3750
[pop08_soft:01199] loss=0.052198 tau=6.00 collapse_w=0.500 mid_frac=0.143 hard=score=3.1734124636 wNMSE=0.15222117 wMSE=9806.1331 wMRED=1.32836025 wER=0.388562 wMAE=35.8531 wBias=6.7166 condBias=57.5719 dotDrift=+4.341sigma uMRED=0.1462474080 uER=0.481201 uMAE=87.1992 WCE=744 bias=-10.3750
[pop08_hard:00000] loss=3.227027 tau=6.00 collapse_w=0.500 mid_frac=0.143 hard=score=3.1734124636 wNMSE=0.15222117 wMSE=9806.1331 wMRED=1.32836025 wER=0.388562 wMAE=35.8531 wBias=6.7166 condBias=57.5719 dotDrift=+4.341sigma uMRED=0.1462474080 uER=0.481201 uMAE=87.1992 WCE=744 bias=-10.3750
[pop08_hard:00200] loss=3.227307 tau=6.00 collapse_w=0.500 mid_frac=0.149 hard=score=33.3303680858 wNMSE=0.64481849 wMSE=41539.3990 wMRED=1.60518878 wER=0.388562 wMAE=51.3479 wBias=-22.4979 condBias=106.0572 dotDrift=-7.065sigma uMRED=0.2092645424 uER=0.481201 uMAE=120.1367 WCE=1632 bias=-74.3750
[pop08_hard:00400] loss=3.226182 tau=6.00 collapse_w=0.500 mid_frac=0.143 hard=score=3.1734124636 wNMSE=0.15222117 wMSE=9806.1331 wMRED=1.32836025 wER=0.388562 wMAE=35.8531 wBias=6.7166 condBias=57.5719 dotDrift=+4.341sigma uMRED=0.1462474080 uER=0.481201 uMAE=87.1992 WCE=744 bias=-10.3750
[pop08_hard:00599] loss=33.353107 tau=6.00 collapse_w=0.500 mid_frac=0.143 hard=score=3.1734124636 wNMSE=0.15222117 wMSE=9806.1331 wMRED=1.32836025 wER=0.388562 wMAE=35.8531 wBias=6.7166 condBias=57.5719 dotDrift=+4.341sigma uMRED=0.1462474080 uER=0.481201 uMAE=87.1992 WCE=744 bias=-10.3750
[pop08] done (conf=0.53, noise=0.5); global best score=0.1852940549 wNMSE=0.086976153 wMSE=5603.0297 wMRED=0.93141942 wER=0.329335 wMAE=25.3035 wBias=0.1449 condBias=43.0566 dotDrift=+0.124sigma uMRED=0.0947629315 uER=0.421875 uMAE=55.9062 WCE=616 bias=4.5000
[pop09_soft:00000] loss=14.148302 tau=1.50 collapse_w=0.000 mid_frac=0.488 hard=score=26.4177619485 wNMSE=11.917698 wMSE=767741.6712 wMRED=33.24957064 wER=0.582047 wMAE=494.1185 wBias=8.2578 condBias=492.4706 dotDrift=+0.603sigma uMRED=1.1380181588 uER=0.578125 uMAE=402.0771 WCE=2697 bias=-33.1875
[pop09_soft:00200] loss=7.089666 tau=2.25 collapse_w=0.000 mid_frac=0.446 hard=score=91.3775825828 wNMSE=1.4505139 wMSE=93442.5381 wMRED=2.57887489 wER=0.488492 wMAE=82.2868 wBias=-37.4016 condBias=151.3008 dotDrift=-7.831sigma uMRED=0.3836423038 uER=0.561768 uMAE=237.4648 WCE=2432 bias=-122.3125
[pop09_soft:00400] loss=2.306339 tau=3.00 collapse_w=0.000 mid_frac=0.399 hard=score=30.0442137942 wNMSE=0.34279052 wMSE=22082.6673 wMRED=1.75183561 wER=0.483900 wMAE=58.3606 wBias=-21.5130 condBias=73.8070 dotDrift=-9.265sigma uMRED=0.2848384050 uER=0.561035 uMAE=196.0605 WCE=1432 bias=-130.5000
[pop09_soft:00600] loss=0.337773 tau=3.75 collapse_w=0.000 mid_frac=0.363 hard=score=3.3699619764 wNMSE=0.27859723 wMSE=17947.3163 wMRED=1.87764479 wER=0.458576 wMAE=55.3527 wBias=-6.7399 condBias=60.7348 dotDrift=-3.220sigma uMRED=0.2212296512 uER=0.538818 uMAE=154.9062 WCE=1280 bias=-39.1250
[pop09_soft:00800] loss=0.200974 tau=4.50 collapse_w=0.084 mid_frac=0.351 hard=score=8.7807327699 wNMSE=0.22200104 wMSE=14301.3735 wMRED=1.78882616 wER=0.410936 wMAE=45.7440 wBias=-11.4460 condBias=65.1924 dotDrift=-6.126sigma uMRED=0.2141665774 uER=0.516113 uMAE=135.1328 WCE=1248 bias=-66.3750
[pop09_soft:01000] loss=0.160204 tau=5.25 collapse_w=0.293 mid_frac=0.321 hard=score=10.5423752472 wNMSE=0.22460862 wMSE=14469.3541 wMRED=1.81586152 wER=0.430188 wMAE=46.6578 wBias=-12.5967 condBias=65.2774 dotDrift=-6.702sigma uMRED=0.2211834207 uER=0.523682 uMAE=142.5801 WCE=1248 bias=-75.2500
[pop09_soft:01199] loss=0.123875 tau=6.00 collapse_w=0.500 mid_frac=0.310 hard=score=4.0395758008 wNMSE=0.21961345 wMSE=14147.5640 wMRED=1.55431956 wER=0.426044 wMAE=43.8253 wBias=-7.5262 condBias=64.3148 dotDrift=-4.050sigma uMRED=0.2158162447 uER=0.522705 uMAE=142.4941 WCE=1248 bias=-71.2500
[pop09_hard:00000] loss=4.089005 tau=6.00 collapse_w=0.500 mid_frac=0.310 hard=score=4.0395758008 wNMSE=0.21961345 wMSE=14147.5640 wMRED=1.55431956 wER=0.426044 wMAE=43.8253 wBias=-7.5262 condBias=64.3148 dotDrift=-4.050sigma uMRED=0.2158162447 uER=0.522705 uMAE=142.4941 WCE=1248 bias=-71.2500
[pop09_hard:00200] loss=3.388744 tau=6.00 collapse_w=0.500 mid_frac=0.310 hard=score=3.3419942083 wNMSE=0.21794703 wMSE=14040.2128 wMRED=1.55507330 wER=0.426044 wMAE=43.6157 wBias=-6.7585 condBias=64.6988 dotDrift=-3.650sigma uMRED=0.2154980307 uER=0.522705 uMAE=136.5723 WCE=1248 bias=-55.2500
[pop09_hard:00400] loss=3.135389 tau=6.00 collapse_w=0.500 mid_frac=0.304 hard=score=3.1794536818 wNMSE=0.3721283 wMSE=23972.6158 wMRED=1.73310546 wER=0.426044 wMAE=50.3065 wBias=6.1755 condBias=74.3020 dotDrift=+2.553sigma uMRED=0.2588699586 uER=0.522705 uMAE=152.8848 WCE=3296 bias=-26.2500
[pop09_hard:00599] loss=1.365230 tau=6.00 collapse_w=0.500 mid_frac=0.292 hard=score=1.3199194736 wNMSE=0.21578485 wMSE=13900.9243 wMRED=1.55752713 wER=0.436931 wMAE=43.4665 wBias=-3.7604 condBias=60.8891 dotDrift=-2.041sigma uMRED=0.2078127576 uER=0.523438 uMAE=142.2871 WCE=1248 bias=-37.6250
[pop09] done (conf=0.51, noise=1.0); global best score=0.1852940549 wNMSE=0.086976153 wMSE=5603.0297 wMRED=0.93141942 wER=0.329335 wMAE=25.3035 wBias=0.1449 condBias=43.0566 dotDrift=+0.124sigma uMRED=0.0947629315 uER=0.421875 uMAE=55.9062 WCE=616 bias=4.5000
[pop10_soft:00000] loss=47.824547 tau=1.50 collapse_w=0.000 mid_frac=0.315 hard=score=2959.5474110917 wNMSE=31.193125 wMSE=2009470.4264 wMRED=54.20802188 wER=0.577738 wMAE=759.4114 wBias=213.8511 condBias=769.2884 dotDrift=+9.655sigma uMRED=1.3306884429 uER=0.568604 uMAE=358.3691 WCE=4023 bias=-22.0625
[pop10_soft:00200] loss=11.788066 tau=2.25 collapse_w=0.000 mid_frac=0.274 hard=score=5560.2001824262 wNMSE=15.585665 wMSE=1004033.1817 wMRED=32.66974469 wER=0.564200 wMAE=433.7816 wBias=-294.9236 condBias=628.3615 dotDrift=-18.837sigma uMRED=1.1143156082 uER=0.567139 uMAE=397.6504 WCE=3382 bias=-349.6875
[pop10_soft:00400] loss=5.386313 tau=3.00 collapse_w=0.000 mid_frac=0.262 hard=score=135.8541246307 wNMSE=0.33528065 wMSE=21598.8794 wMRED=2.56887950 wER=0.447863 wMAE=58.1804 wBias=-46.1196 condBias=73.5136 dotDrift=-20.084sigma uMRED=0.2303769102 uER=0.515381 uMAE=143.4980 WCE=1808 bias=-101.2500
[pop10_soft:00600] loss=0.333788 tau=3.75 collapse_w=0.000 mid_frac=0.226 hard=score=1.6156342823 wNMSE=0.26922147 wMSE=17343.3274 wMRED=2.11407884 wER=0.429939 wMAE=50.2371 wBias=-3.9692 condBias=69.7419 dotDrift=-1.929sigma uMRED=0.2247260205 uER=0.499512 uMAE=131.1113 WCE=2944 bias=-20.0000
[pop10_soft:00800] loss=0.139056 tau=4.50 collapse_w=0.084 mid_frac=0.208 hard=score=5.6417333469 wNMSE=0.078736732 wMSE=5072.2437 wMRED=1.19665955 wER=0.384833 wMAE=26.0411 wBias=-9.2894 condBias=36.3050 dotDrift=-8.348sigma uMRED=0.0926471272 uER=0.470703 uMAE=53.0684 WCE=512 bias=-20.7500
[pop10_soft:01000] loss=0.096429 tau=5.25 collapse_w=0.293 mid_frac=0.190 hard=score=3.4354343146 wNMSE=0.076860506 wMSE=4951.3767 wMRED=1.07778070 wER=0.384810 wMAE=25.5193 wBias=-7.1883 condBias=35.8720 dotDrift=-6.538sigma uMRED=0.0906653977 uER=0.470459 uMAE=53.0371 WCE=496 bias=-18.7500
[pop10_soft:01199] loss=0.068874 tau=6.00 collapse_w=0.500 mid_frac=0.179 hard=score=3.4354343146 wNMSE=0.076860506 wMSE=4951.3767 wMRED=1.07778070 wER=0.384810 wMAE=25.5193 wBias=-7.1883 condBias=35.8720 dotDrift=-6.538sigma uMRED=0.0906653977 uER=0.470459 uMAE=53.0371 WCE=496 bias=-18.7500
[pop10_hard:00000] loss=3.491419 tau=6.00 collapse_w=0.500 mid_frac=0.179 hard=score=3.4354343146 wNMSE=0.076860506 wMSE=4951.3767 wMRED=1.07778070 wER=0.384810 wMAE=25.5193 wBias=-7.1883 condBias=35.8720 dotDrift=-6.538sigma uMRED=0.0906653977 uER=0.470459 uMAE=53.0371 WCE=496 bias=-18.7500
[pop10_hard:00200] loss=3.487740 tau=6.00 collapse_w=0.500 mid_frac=0.179 hard=score=3.4354343146 wNMSE=0.076860506 wMSE=4951.3767 wMRED=1.07778070 wER=0.384810 wMAE=25.5193 wBias=-7.1883 condBias=35.8720 dotDrift=-6.538sigma uMRED=0.0906653977 uER=0.470459 uMAE=53.0371 WCE=496 bias=-18.7500
[pop10_hard:00400] loss=1.357093 tau=6.00 collapse_w=0.500 mid_frac=0.167 hard=score=1.3003836389 wNMSE=0.078941169 wMSE=5085.4136 wMRED=1.18049484 wER=0.384810 wMAE=27.1610 wBias=-4.2477 condBias=36.6601 dotDrift=-3.812sigma uMRED=0.0926848389 uER=0.470459 uMAE=51.8027 WCE=496 bias=-0.7500
[pop10_hard:00599] loss=1.355282 tau=6.00 collapse_w=0.500 mid_frac=0.161 hard=score=1.3003836389 wNMSE=0.078941169 wMSE=5085.4136 wMRED=1.18049484 wER=0.384810 wMAE=27.1610 wBias=-4.2477 condBias=36.6601 dotDrift=-3.812sigma uMRED=0.0926848389 uER=0.470459 uMAE=51.8027 WCE=496 bias=-0.7500
[pop10] done (conf=0.53, noise=0.5); global best score=0.1852940549 wNMSE=0.086976153 wMSE=5603.0297 wMRED=0.93141942 wER=0.329335 wMAE=25.3035 wBias=0.1449 condBias=43.0566 dotDrift=+0.124sigma uMRED=0.0947629315 uER=0.421875 uMAE=55.9062 WCE=616 bias=4.5000
[pop11_soft:00000] loss=32.946743 tau=1.50 collapse_w=0.000 mid_frac=0.423 hard=score=800.8661798202 wNMSE=18.335806 wMSE=1181198.0627 wMRED=42.18745532 wER=0.582047 wMAE=603.2897 wBias=110.0874 condBias=607.2255 dotDrift=+6.483sigma uMRED=1.3315955126 uER=0.578125 uMAE=443.2109 WCE=3025 bias=109.0625
[pop11_soft:00200] loss=13.968146 tau=2.25 collapse_w=0.000 mid_frac=0.369 hard=score=319.4596120268 wNMSE=16.965676 wMSE=1092933.9208 wMRED=41.83044275 wER=0.581739 wMAE=566.1007 wBias=-67.7061 condBias=582.3215 dotDrift=-4.145sigma uMRED=1.1614342237 uER=0.573730 uMAE=348.8589 WCE=2876 bias=-187.1875
[pop11_soft:00400] loss=6.686852 tau=3.00 collapse_w=0.000 mid_frac=0.327 hard=score=187.5868774265 wNMSE=0.95605451 wMSE=61589.3164 wMRED=3.16449526 wER=0.542015 wMAE=82.6419 wBias=-54.0577 condBias=139.7608 dotDrift=-13.941sigma uMRED=0.3264870121 uER=0.556152 uMAE=194.3926 WCE=2220 bias=-149.1250
[pop11_soft:00600] loss=1.298007 tau=3.75 collapse_w=0.000 mid_frac=0.327 hard=score=4.7303332473 wNMSE=0.25830067 wMSE=16639.8064 wMRED=2.22075757 wER=0.537898 wMAE=56.3601 wBias=8.1489 condBias=70.1960 dotDrift=+4.043sigma uMRED=0.2286287204 uER=0.553955 uMAE=141.2637 WCE=1320 bias=41.1250
[pop11_soft:00800] loss=0.919056 tau=4.50 collapse_w=0.084 mid_frac=0.304 hard=score=15.2061171910 wNMSE=0.22147778 wMSE=14267.6646 wMRED=1.77915550 wER=0.536723 wMAE=51.5543 wBias=15.2510 condBias=64.9756 dotDrift=+8.171sigma uMRED=0.1979538460 uER=0.544434 uMAE=123.7363 WCE=944 bias=29.6250
[pop11_soft:01000] loss=0.719346 tau=5.25 collapse_w=0.293 mid_frac=0.268 hard=score=21.2470856989 wNMSE=0.19939279 wMSE=12844.9428 wMRED=1.72754897 wER=0.536723 wMAE=51.0485 wBias=18.1271 condBias=55.5579 dotDrift=+10.236sigma uMRED=0.1752979810 uER=0.544434 uMAE=113.1602 WCE=816 bias=37.6250
[pop11_soft:01199] loss=0.574074 tau=6.00 collapse_w=0.500 mid_frac=0.268 hard=score=21.2470856989 wNMSE=0.19939279 wMSE=12844.9428 wMRED=1.72754897 wER=0.536723 wMAE=51.0485 wBias=18.1271 condBias=55.5579 dotDrift=+10.236sigma uMRED=0.1752979810 uER=0.544434 uMAE=113.1602 WCE=816 bias=37.6250
[pop11_hard:00000] loss=21.325439 tau=6.00 collapse_w=0.500 mid_frac=0.268 hard=score=21.2470856989 wNMSE=0.19939279 wMSE=12844.9428 wMRED=1.72754897 wER=0.536723 wMAE=51.0485 wBias=18.1271 condBias=55.5579 dotDrift=+10.236sigma uMRED=0.1752979810 uER=0.544434 uMAE=113.1602 WCE=816 bias=37.6250
[pop11_hard:00200] loss=5.583353 tau=6.00 collapse_w=0.500 mid_frac=0.286 hard=score=5.5406899319 wNMSE=0.2538367 wMSE=16352.2359 wMRED=1.69710847 wER=0.526915 wMAE=52.1136 wBias=8.9095 condBias=62.9591 dotDrift=+4.459sigma uMRED=0.2071754846 uER=0.542725 uMAE=143.5469 WCE=1640 bias=-69.3750
[pop11_hard:00400] loss=0.690799 tau=6.00 collapse_w=0.500 mid_frac=0.310 hard=score=0.6454205376 wNMSE=0.31536277 wMSE=20315.7634 wMRED=1.84808936 wER=0.524195 wMAE=56.8279 wBias=-0.0848 condBias=75.4718 dotDrift=-0.038sigma uMRED=0.2578696534 uER=0.542236 uMAE=169.6797 WCE=1928 bias=-121.2500
[pop11_hard:00599] loss=0.739480 tau=6.00 collapse_w=0.500 mid_frac=0.304 hard=score=0.6974820271 wNMSE=0.3130162 wMSE=20164.5970 wMRED=1.81015824 wER=0.527946 wMAE=56.2031 wBias=0.9564 condBias=75.3404 dotDrift=+0.431sigma uMRED=0.2561787966 uER=0.543701 uMAE=168.9609 WCE=1928 bias=-120.2500
[pop11] done (conf=0.51, noise=1.0); global best score=0.1852940549 wNMSE=0.086976153 wMSE=5603.0297 wMRED=0.93141942 wER=0.329335 wMAE=25.3035 wBias=0.1449 condBias=43.0566 dotDrift=+0.124sigma uMRED=0.0947629315 uER=0.421875 uMAE=55.9062 WCE=616 bias=4.5000
[best] stage=pop02_hard score=0.1852940549 wNMSE=0.086976153 wMSE=5603.0297 wMRED=0.93141942 wER=0.329335 wMAE=25.3035 wBias=0.1449 condBias=43.0566 dotDrift=+0.124sigma uMRED=0.0947629315 uER=0.421875 uMAE=55.9062 WCE=616 bias=4.5000
[best-json] /home/xuanqi/tony/work/FPGA/signed8x8_approx/signed8x8_2026_8_22/runs_module_groups/G1_qk/default_split/rand300/best_signed88_inits.json
[best-rtl] /home/xuanqi/tony/work/FPGA/signed8x8_approx/signed8x8_2026_8_22/runs_module_groups/G1_qk/default_split/rand300/best_rtl
[design] default_split search_bits=168
[start] score=0.1852940549 wNMSE=0.086976153 wMSE=5603.0297 wMRED=0.93141942 wER=0.329335 wMAE=25.3035 wBias=0.1449 condBias=43.0566 dotDrift=+0.124sigma uMRED=0.0947629315 uER=0.421875 uMAE=55.9062 WCE=616 bias=4.5000
[single] ACCEPT ['mid_lut45:11'] 0.1852940549->0.1831424894 wNMSE=0.086683967 wBias=-0.07366
[single] ACCEPT ['lo_lut23:19'] 0.1831424894->0.1826452513 wNMSE=0.086646661 wBias=+0.00011
[single] ACCEPT ['lo_lut45:11'] 0.1826452513->0.1825945676 wNMSE=0.086574305 wBias=-0.05397
[single] ACCEPT ['lo_lut45:47'] 0.1825945676->0.1823089211 wNMSE=0.086508021 wBias=-0.00378
[single] round=5 no improvement
[pair] ACCEPT ['hi_lut23:59', 'hi_lut45:7'] 0.1823089211->0.0948236554 wNMSE=0.036480564 wBias=+0.32697
[pair] ACCEPT ['mid_lut67:55', 'mid_lut45:7'] 0.0948236554->0.0703328345 wNMSE=0.030746238 wBias=-0.10265
[pair] ACCEPT ['mid_lut45:39', 'hi_lut01:59'] 0.0703328345->0.0599912796 wNMSE=0.028801142 wBias=-0.03995
[pair] ACCEPT ['mid_lut45:55', 'lo_lut23:63'] 0.0599912796->0.0572359365 wNMSE=0.026824247 wBias=-0.01813
[basin] ACCEPT ['mid_lut23:27', 'lo_lut23:55'] 0.0572359365->0.0563175533 wNMSE=0.026934358 wBias=+0.00640
[basin] ACCEPT ['lo_lut01:27', 'lo_lut67:23', 'lo_lut23:51'] 0.0563175533->0.0549083019 wNMSE=0.026821356 wBias=-0.02582
[basin] ACCEPT ['mid_lut23:31', 'mid_lut23:3'] 0.0549083019->0.0548313644 wNMSE=0.02686853 wBias=+0.00111
[basin] ACCEPT ['lo_lut01:23', 'mid_lut45:23', 'lo_lut01:27'] 0.0548313644->0.0547310255 wNMSE=0.026520116 wBias=+0.00254
[basin] ACCEPT ['lo_lut01:63', 'mid_lut01:31', 'lo_lut23:35', 'lo_lut01:59'] 0.0547310255->0.0547183196 wNMSE=0.026450736 wBias=+0.02053
[final] score=0.0547183196 wNMSE=0.026450736 wMSE=1703.9643 wMRED=0.60031354 wER=0.472198 wMAE=17.0656 wBias=0.0205 condBias=18.2749 dotDrift=+0.032sigma uMRED=0.0568320102 uER=0.517822 uMAE=40.0068 WCE=265 bias=1.4375
[json] /home/xuanqi/tony/work/FPGA/signed8x8_approx/signed8x8_2026_8_22/runs_module_groups/G1_qk/default_split/rand300/refined/best_signed88_inits.json
