[design] quality quad4 entries=48
[device] cuda
[safety] max_zero_violations=0 max_workload_zero_violation_probability=0
[initial] score=2.0697934983 wNMSE=0.025871854 wMSE=1970.9270 wMRED=0.77634377 wER=0.216412 wMAE=14.6860 wBias=-5.9200 condBias=22.1790 dotDrift=-8.534sigma uMRED=0.0327268610 uER=0.246094 uMAE=15.6562 WCE=220 bias=0.6875
[aligned-objective] schema=aligned_ai_metrics_v2 loss_mode=legacy_aligned guard_tolerance=0.1 constraint_weight=10
[quad_warmup_bit:00000] loss=4.827255 tau=1.50 collapse_w=0.000 mid_frac=0.562 hard=score=2.0697934983 wNMSE=0.025871854 wMSE=1970.9270 wMRED=0.77634377 wER=0.216412 wMAE=14.6860 wBias=-5.9200 condBias=22.1790 dotDrift=-8.534sigma uMRED=0.0327268610 uER=0.246094 uMAE=15.6562 WCE=220 bias=0.6875
[quad_warmup_bit:00200] loss=1.919457 tau=1.50 collapse_w=0.000 mid_frac=0.521 hard=score=0.1107119322 wNMSE=0.0014936449 wMSE=113.7864 wMRED=0.15142531 wER=0.216412 wMAE=3.7284 wBias=1.3545 condBias=5.3298 dotDrift=+8.127sigma uMRED=0.0141593523 uER=0.246094 uMAE=10.1562 WCE=105 bias=-4.3125
[quad_warmup_bit:00400] loss=0.524413 tau=1.50 collapse_w=0.000 mid_frac=0.458 hard=score=1.2524558300 wNMSE=0.0061634235 wMSE=469.5318 wMRED=0.44721164 wER=0.175954 wMAE=7.5134 wBias=4.7202 condBias=10.8263 dotDrift=+13.941sigma uMRED=0.0196682414 uER=0.234375 uMAE=10.7031 WCE=86 bias=-6.2500
[quad_warmup_bit:00600] loss=0.208456 tau=1.50 collapse_w=0.000 mid_frac=0.438 hard=score=0.9187579152 wNMSE=0.0057663654 wMSE=439.2838 wMRED=0.43661691 wER=0.175954 wMAE=7.4511 wBias=4.0225 condBias=10.4717 dotDrift=+12.283sigma uMRED=0.0200463927 uER=0.234375 uMAE=11.1875 WCE=88 bias=-7.0000
[quad_warmup_bit:00800] loss=0.124068 tau=1.50 collapse_w=0.000 mid_frac=0.396 hard=score=1.0341345900 wNMSE=0.0056873537 wMSE=433.2646 wMRED=0.43322456 wER=0.169477 wMAE=7.1939 wBias=4.2797 condBias=10.3997 dotDrift=+13.159sigma uMRED=0.0192988197 uER=0.218750 uMAE=10.6875 WCE=88 bias=-6.5000
[quad_warmup_bit:01000] loss=0.097260 tau=1.50 collapse_w=0.000 mid_frac=0.354 hard=score=1.0341345900 wNMSE=0.0056873537 wMSE=433.2646 wMRED=0.43322456 wER=0.169477 wMAE=7.1939 wBias=4.2797 condBias=10.3997 dotDrift=+13.159sigma uMRED=0.0192988197 uER=0.218750 uMAE=10.6875 WCE=88 bias=-6.5000
[quad_warmup_bit:01200] loss=0.084294 tau=1.50 collapse_w=0.000 mid_frac=0.354 hard=score=1.0341345900 wNMSE=0.0056873537 wMSE=433.2646 wMRED=0.43322456 wER=0.169477 wMAE=7.1939 wBias=4.2797 condBias=10.3997 dotDrift=+13.159sigma uMRED=0.0192988197 uER=0.218750 uMAE=10.6875 WCE=88 bias=-6.5000
[quad_warmup_bit:01400] loss=0.076243 tau=1.50 collapse_w=0.000 mid_frac=0.354 hard=score=1.0341345900 wNMSE=0.0056873537 wMSE=433.2646 wMRED=0.43322456 wER=0.169477 wMAE=7.1939 wBias=4.2797 condBias=10.3997 dotDrift=+13.159sigma uMRED=0.0192988197 uER=0.218750 uMAE=10.6875 WCE=88 bias=-6.5000
[quad_warmup_bit:01600] loss=0.071571 tau=1.50 collapse_w=0.000 mid_frac=0.312 hard=score=1.0979091593 wNMSE=0.0056644647 wMSE=431.5209 wMRED=0.42546659 wER=0.151802 wMAE=7.0583 wBias=4.4153 condBias=10.3787 dotDrift=+13.603sigma uMRED=0.0190153661 uER=0.210938 uMAE=10.5625 WCE=88 bias=-6.3750
[quad_warmup_bit:01800] loss=0.068558 tau=1.50 collapse_w=0.000 mid_frac=0.333 hard=score=1.2281961269 wNMSE=0.0062117308 wMSE=473.2119 wMRED=0.43219830 wER=0.151802 wMAE=7.5667 wBias=4.6724 condBias=10.8690 dotDrift=+13.746sigma uMRED=0.0220590243 uER=0.210938 uMAE=13.1250 WCE=104 bias=-2.7500
[quad_warmup_bit:02000] loss=0.068133 tau=1.50 collapse_w=0.000 mid_frac=0.354 hard=score=1.2281961269 wNMSE=0.0062117308 wMSE=473.2119 wMRED=0.43219830 wER=0.151802 wMAE=7.5667 wBias=4.6724 condBias=10.8690 dotDrift=+13.746sigma uMRED=0.0220590243 uER=0.210938 uMAE=13.1250 WCE=104 bias=-2.7500
[quad_warmup_bit:02200] loss=0.067267 tau=1.50 collapse_w=0.000 mid_frac=0.333 hard=score=1.2281961269 wNMSE=0.0062117308 wMSE=473.2119 wMRED=0.43219830 wER=0.151802 wMAE=7.5667 wBias=4.6724 condBias=10.8690 dotDrift=+13.746sigma uMRED=0.0220590243 uER=0.210938 uMAE=13.1250 WCE=104 bias=-2.7500
[quad_warmup_bit:02400] loss=0.066709 tau=1.50 collapse_w=0.000 mid_frac=0.354 hard=score=1.2281961269 wNMSE=0.0062117308 wMSE=473.2119 wMRED=0.43219830 wER=0.151802 wMAE=7.5667 wBias=4.6724 condBias=10.8690 dotDrift=+13.746sigma uMRED=0.0220590243 uER=0.210938 uMAE=13.1250 WCE=104 bias=-2.7500
[quad_warmup_bit:02600] loss=0.065551 tau=1.50 collapse_w=0.000 mid_frac=0.333 hard=score=1.2281961269 wNMSE=0.0062117308 wMSE=473.2119 wMRED=0.43219830 wER=0.151802 wMAE=7.5667 wBias=4.6724 condBias=10.8690 dotDrift=+13.746sigma uMRED=0.0220590243 uER=0.210938 uMAE=13.1250 WCE=104 bias=-2.7500
[quad_warmup_bit:02800] loss=0.063933 tau=1.50 collapse_w=0.000 mid_frac=0.333 hard=score=1.2281961269 wNMSE=0.0062117308 wMSE=473.2119 wMRED=0.43219830 wER=0.151802 wMAE=7.5667 wBias=4.6724 condBias=10.8690 dotDrift=+13.746sigma uMRED=0.0220590243 uER=0.210938 uMAE=13.1250 WCE=104 bias=-2.7500
[quad_warmup_bit:03000] loss=0.063161 tau=1.50 collapse_w=0.000 mid_frac=0.292 hard=score=1.3084343343 wNMSE=0.0063438561 wMSE=483.2772 wMRED=0.43266634 wER=0.151802 wMAE=7.5828 wBias=4.8264 condBias=10.9840 dotDrift=+14.051sigma uMRED=0.0220716997 uER=0.210938 uMAE=13.1250 WCE=112 bias=-2.5000
[quad_warmup_bit:03200] loss=0.062392 tau=1.50 collapse_w=0.000 mid_frac=0.292 hard=score=1.3084343343 wNMSE=0.0063438561 wMSE=483.2772 wMRED=0.43266634 wER=0.151802 wMAE=7.5828 wBias=4.8264 condBias=10.9840 dotDrift=+14.051sigma uMRED=0.0220716997 uER=0.210938 uMAE=13.1250 WCE=112 bias=-2.5000
[quad_warmup_bit:03400] loss=0.061460 tau=1.50 collapse_w=0.000 mid_frac=0.292 hard=score=1.3084343343 wNMSE=0.0063438561 wMSE=483.2772 wMRED=0.43266634 wER=0.151802 wMAE=7.5828 wBias=4.8264 condBias=10.9840 dotDrift=+14.051sigma uMRED=0.0220716997 uER=0.210938 uMAE=13.1250 WCE=112 bias=-2.5000
[quad_warmup_bit:03600] loss=0.060790 tau=1.50 collapse_w=0.000 mid_frac=0.292 hard=score=1.3084343343 wNMSE=0.0063438561 wMSE=483.2772 wMRED=0.43266634 wER=0.151802 wMAE=7.5828 wBias=4.8264 condBias=10.9840 dotDrift=+14.051sigma uMRED=0.0220716997 uER=0.210938 uMAE=13.1250 WCE=112 bias=-2.5000
[quad_warmup_bit:03800] loss=0.060140 tau=1.50 collapse_w=0.000 mid_frac=0.312 hard=score=1.3084343343 wNMSE=0.0063438561 wMSE=483.2772 wMRED=0.43266634 wER=0.151802 wMAE=7.5828 wBias=4.8264 condBias=10.9840 dotDrift=+14.051sigma uMRED=0.0220716997 uER=0.210938 uMAE=13.1250 WCE=112 bias=-2.5000
[quad_warmup_bit:04000] loss=0.059479 tau=1.50 collapse_w=0.000 mid_frac=0.312 hard=score=1.3084343343 wNMSE=0.0063438561 wMSE=483.2772 wMRED=0.43266634 wER=0.151802 wMAE=7.5828 wBias=4.8264 condBias=10.9840 dotDrift=+14.051sigma uMRED=0.0220716997 uER=0.210938 uMAE=13.1250 WCE=112 bias=-2.5000
[quad_warmup_bit:04200] loss=0.058630 tau=1.50 collapse_w=0.000 mid_frac=0.312 hard=score=1.3228551186 wNMSE=0.0062952634 wMSE=479.5754 wMRED=0.43250882 wER=0.151802 wMAE=7.5548 wBias=4.8544 condBias=10.9418 dotDrift=+14.187sigma uMRED=0.0215593996 uER=0.210938 uMAE=12.6250 WCE=112 bias=-2.0000
[quad_warmup_bit:04400] loss=0.058048 tau=1.50 collapse_w=0.000 mid_frac=0.312 hard=score=1.3093746870 wNMSE=0.0063603479 wMSE=484.5336 wMRED=0.43265185 wER=0.151802 wMAE=7.5812 wBias=4.8280 condBias=10.9982 dotDrift=+14.037sigma uMRED=0.0220684515 uER=0.210938 uMAE=13.1250 WCE=116 bias=-2.5000
[quad_warmup_bit:04600] loss=0.056877 tau=1.50 collapse_w=0.000 mid_frac=0.312 hard=score=1.3093746870 wNMSE=0.0063603479 wMSE=484.5336 wMRED=0.43265185 wER=0.151802 wMAE=7.5812 wBias=4.8280 condBias=10.9982 dotDrift=+14.037sigma uMRED=0.0220684515 uER=0.210938 uMAE=13.1250 WCE=116 bias=-2.5000
[quad_warmup_bit:04800] loss=0.056199 tau=1.50 collapse_w=0.000 mid_frac=0.292 hard=score=1.3093746870 wNMSE=0.0063603479 wMSE=484.5336 wMRED=0.43265185 wER=0.151802 wMAE=7.5812 wBias=4.8280 condBias=10.9982 dotDrift=+14.037sigma uMRED=0.0220684515 uER=0.210938 uMAE=13.1250 WCE=116 bias=-2.5000
[quad_warmup_bit:05000] loss=0.054839 tau=1.50 collapse_w=0.000 mid_frac=0.292 hard=score=1.3093746870 wNMSE=0.0063603479 wMSE=484.5336 wMRED=0.43265185 wER=0.151802 wMAE=7.5812 wBias=4.8280 condBias=10.9982 dotDrift=+14.037sigma uMRED=0.0220684515 uER=0.210938 uMAE=13.1250 WCE=116 bias=-2.5000
[quad_warmup_bit:05200] loss=0.053685 tau=1.50 collapse_w=0.000 mid_frac=0.312 hard=score=0.0376394837 wNMSE=0.0012606244 wMSE=96.0348 wMRED=0.03126765 wER=0.098127 wMAE=2.0176 wBias=-0.7357 condBias=4.8972 dotDrift=-4.805sigma uMRED=0.0129264769 uER=0.195312 uMAE=11.1250 WCE=116 bias=-4.5000
[quad_warmup_bit:05400] loss=0.051406 tau=1.50 collapse_w=0.000 mid_frac=0.271 hard=score=0.0286092018 wNMSE=0.0010668404 wMSE=81.2723 wMRED=0.03069551 wER=0.098127 wMAE=1.9119 wBias=-0.6301 condBias=4.5055 dotDrift=-4.473sigma uMRED=0.0108902693 uER=0.195312 uMAE=9.1250 WCE=112 bias=-2.5000
[quad_warmup_bit:05600] loss=0.050302 tau=1.50 collapse_w=0.000 mid_frac=0.271 hard=score=0.0116522349 wNMSE=0.00093179894 wMSE=70.9848 wMRED=0.02613633 wER=0.090050 wMAE=1.6000 wBias=-0.3181 condBias=4.2110 dotDrift=-2.417sigma uMRED=0.0100972630 uER=0.187500 uMAE=8.6250 WCE=112 bias=-2.0000
[quad_warmup_bit:05800] loss=0.048818 tau=1.50 collapse_w=0.000 mid_frac=0.271 hard=score=0.0116522349 wNMSE=0.00093179894 wMSE=70.9848 wMRED=0.02613633 wER=0.090050 wMAE=1.6000 wBias=-0.3181 condBias=4.2110 dotDrift=-2.417sigma uMRED=0.0100972630 uER=0.187500 uMAE=8.6250 WCE=112 bias=-2.0000
[quad_warmup_bit:05999] loss=0.047837 tau=1.50 collapse_w=0.000 mid_frac=0.271 hard=score=0.0116522349 wNMSE=0.00093179894 wMSE=70.9848 wMRED=0.02613633 wER=0.090050 wMAE=1.6000 wBias=-0.3181 condBias=4.2110 dotDrift=-2.417sigma uMRED=0.0100972630 uER=0.187500 uMAE=8.6250 WCE=112 bias=-2.0000
[quad_soft:00000] loss=0.052305 tau=1.50 collapse_w=0.000 mid_frac=0.271 hard=score=0.0116522349 wNMSE=0.00093179894 wMSE=70.9848 wMRED=0.02613633 wER=0.090050 wMAE=1.6000 wBias=-0.3181 condBias=4.2110 dotDrift=-2.417sigma uMRED=0.0100972630 uER=0.187500 uMAE=8.6250 WCE=112 bias=-2.0000
[quad_soft:00200] loss=0.049770 tau=1.59 collapse_w=0.000 mid_frac=0.229 hard=score=0.0058591165 wNMSE=0.00084087897 wMSE=64.0585 wMRED=0.02140461 wER=0.090050 wMAE=1.3587 wBias=-0.0768 condBias=4.0003 dotDrift=-0.614sigma uMRED=0.0095139568 uER=0.187500 uMAE=8.2500 WCE=112 bias=-1.6250
[quad_soft:00400] loss=0.052105 tau=1.68 collapse_w=0.000 mid_frac=0.188 hard=score=0.0058359207 wNMSE=0.00078516546 wMSE=59.8142 wMRED=0.02865669 wER=0.106938 wMAE=1.4030 wBias=-0.1004 condBias=3.8655 dotDrift=-0.831sigma uMRED=0.0080744389 uER=0.179688 uMAE=6.6875 WCE=112 bias=0.2500
[quad_soft:00600] loss=0.051976 tau=1.77 collapse_w=0.000 mid_frac=0.188 hard=score=0.0058359207 wNMSE=0.00078516546 wMSE=59.8142 wMRED=0.02865669 wER=0.106938 wMAE=1.4030 wBias=-0.1004 condBias=3.8655 dotDrift=-0.831sigma uMRED=0.0080744389 uER=0.179688 uMAE=6.6875 WCE=112 bias=0.2500
[quad_soft:00800] loss=0.050999 tau=1.86 collapse_w=0.000 mid_frac=0.167 hard=score=0.0048279512 wNMSE=0.00070457714 wMSE=53.6749 wMRED=0.02807776 wER=0.106938 wMAE=1.3307 wBias=-0.0281 condBias=3.6618 dotDrift=-0.246sigma uMRED=0.0074974874 uER=0.179688 uMAE=6.1875 WCE=112 bias=0.7500
[quad_soft:01000] loss=0.051668 tau=1.95 collapse_w=0.000 mid_frac=0.167 hard=score=0.0055724185 wNMSE=0.0007252916 wMSE=55.2530 wMRED=0.02965501 wER=0.106938 wMAE=1.4112 wBias=-0.1086 condBias=3.7153 dotDrift=-0.935sigma uMRED=0.0076919228 uER=0.179688 uMAE=6.3125 WCE=112 bias=0.6250
[quad_soft:01200] loss=0.052637 tau=2.04 collapse_w=0.000 mid_frac=0.188 hard=score=0.0063817898 wNMSE=0.00067093573 wMSE=51.1121 wMRED=0.02755689 wER=0.115014 wMAE=1.3059 wBias=-0.1821 condBias=3.5734 dotDrift=-1.630sigma uMRED=0.0073535744 uER=0.187500 uMAE=6.0625 WCE=104 bias=0.5000
[quad_soft:01400] loss=0.049739 tau=2.13 collapse_w=0.000 mid_frac=0.188 hard=score=0.0084713675 wNMSE=0.0006916502 wMSE=52.6902 wMRED=0.02913414 wER=0.115014 wMAE=1.3864 wBias=-0.2626 condBias=3.6281 dotDrift=-2.315sigma uMRED=0.0075480098 uER=0.187500 uMAE=6.1875 WCE=104 bias=0.3750
[quad_soft:01600] loss=0.044615 tau=2.22 collapse_w=0.000 mid_frac=0.188 hard=score=0.0084713675 wNMSE=0.0006916502 wMSE=52.6902 wMRED=0.02913414 wER=0.115014 wMAE=1.3864 wBias=-0.2626 condBias=3.6281 dotDrift=-2.315sigma uMRED=0.0075480098 uER=0.187500 uMAE=6.1875 WCE=104 bias=0.3750
[quad_soft:01800] loss=0.039884 tau=2.31 collapse_w=0.000 mid_frac=0.188 hard=score=0.0084713675 wNMSE=0.0006916502 wMSE=52.6902 wMRED=0.02913414 wER=0.115014 wMAE=1.3864 wBias=-0.2626 condBias=3.6281 dotDrift=-2.315sigma uMRED=0.0075480098 uER=0.187500 uMAE=6.1875 WCE=104 bias=0.3750
[quad_soft:02000] loss=0.038358 tau=2.40 collapse_w=0.000 mid_frac=0.188 hard=score=0.0063817898 wNMSE=0.00067093573 wMSE=51.1121 wMRED=0.02755689 wER=0.115014 wMAE=1.3059 wBias=-0.1821 condBias=3.5734 dotDrift=-1.630sigma uMRED=0.0073535744 uER=0.187500 uMAE=6.0625 WCE=104 bias=0.5000
[quad_soft:02200] loss=0.037616 tau=2.49 collapse_w=0.000 mid_frac=0.188 hard=score=0.0084713675 wNMSE=0.0006916502 wMSE=52.6902 wMRED=0.02913414 wER=0.115014 wMAE=1.3864 wBias=-0.2626 condBias=3.6281 dotDrift=-2.315sigma uMRED=0.0075480098 uER=0.187500 uMAE=6.1875 WCE=104 bias=0.3750
[quad_soft:02400] loss=0.053724 tau=2.58 collapse_w=0.000 mid_frac=0.167 hard=score=0.0198195041 wNMSE=0.00048919474 wMSE=37.2670 wMRED=0.03135035 wER=0.115014 wMAE=1.4227 wBias=-0.5480 condBias=3.0509 dotDrift=-5.745sigma uMRED=0.0068087628 uER=0.187500 uMAE=5.4375 WCE=72 bias=-0.8750
[quad_soft:02600] loss=0.036321 tau=2.67 collapse_w=0.000 mid_frac=0.146 hard=score=0.0061941077 wNMSE=0.00045198007 wMSE=34.4320 wMRED=0.02871674 wER=0.106938 wMAE=1.2866 wBias=-0.2332 condBias=2.9326 dotDrift=-2.543sigma uMRED=0.0065638049 uER=0.179688 uMAE=5.3125 WCE=80 bias=-0.3750
[quad_soft:02800] loss=0.039871 tau=2.76 collapse_w=0.000 mid_frac=0.146 hard=score=0.0061941077 wNMSE=0.00045198007 wMSE=34.4320 wMRED=0.02871674 wER=0.106938 wMAE=1.2866 wBias=-0.2332 condBias=2.9326 dotDrift=-2.543sigma uMRED=0.0065638049 uER=0.179688 uMAE=5.3125 WCE=80 bias=-0.3750
[quad_soft:03000] loss=0.035374 tau=2.85 collapse_w=0.000 mid_frac=0.167 hard=score=0.0125284353 wNMSE=0.00047024752 wMSE=35.8236 wMRED=0.02359238 wER=0.097339 wMAE=1.2870 wBias=-0.4124 condBias=2.9913 dotDrift=-4.410sigma uMRED=0.0065253092 uER=0.179688 uMAE=5.3125 WCE=72 bias=-0.7500
[quad_soft:03200] loss=0.035537 tau=2.94 collapse_w=0.000 mid_frac=0.167 hard=score=0.0038652039 wNMSE=0.00041402998 wMSE=31.5410 wMRED=0.01960768 wER=0.106938 wMAE=1.0875 wBias=-0.1328 condBias=2.8068 dotDrift=-1.514sigma uMRED=0.0061336575 uER=0.179688 uMAE=5.0938 WCE=80 bias=-0.2500
[quad_soft:03400] loss=0.035603 tau=3.03 collapse_w=0.000 mid_frac=0.146 hard=score=0.0038652039 wNMSE=0.00041402998 wMSE=31.5410 wMRED=0.01960768 wER=0.106938 wMAE=1.0875 wBias=-0.1328 condBias=2.8068 dotDrift=-1.514sigma uMRED=0.0061336575 uER=0.179688 uMAE=5.0938 WCE=80 bias=-0.2500
[quad_soft:03600] loss=0.035525 tau=3.12 collapse_w=0.000 mid_frac=0.188 hard=score=0.0291207226 wNMSE=0.00054974834 wMSE=41.8800 wMRED=0.03088088 wER=0.115014 wMAE=1.5015 wBias=0.6818 condBias=3.2340 dotDrift=+6.743sigma uMRED=0.0068390239 uER=0.187500 uMAE=5.4062 WCE=80 bias=0.8750
[quad_soft:03800] loss=0.035034 tau=3.21 collapse_w=0.000 mid_frac=0.167 hard=score=0.0352658697 wNMSE=0.00052685603 wMSE=40.1361 wMRED=0.02930364 wER=0.115014 wMAE=1.4211 wBias=0.7622 condBias=3.1660 dotDrift=+7.700sigma uMRED=0.0066445885 uER=0.187500 uMAE=5.2812 WCE=80 bias=1.0000
[quad_soft:04000] loss=0.034656 tau=3.30 collapse_w=0.000 mid_frac=0.167 hard=score=0.0291207226 wNMSE=0.00054974834 wMSE=41.8800 wMRED=0.03088088 wER=0.115014 wMAE=1.5015 wBias=0.6818 condBias=3.2340 dotDrift=+6.743sigma uMRED=0.0068390239 uER=0.187500 uMAE=5.4062 WCE=80 bias=0.8750
[quad_soft:04200] loss=0.033544 tau=3.39 collapse_w=0.000 mid_frac=0.208 hard=score=0.0330206193 wNMSE=0.00052454415 wMSE=39.9600 wMRED=0.03061424 wER=0.114233 wMAE=1.4524 wBias=0.7346 condBias=3.1590 dotDrift=+7.437sigma uMRED=0.0058997422 uER=0.171875 uMAE=4.4844 WCE=80 bias=1.8750
[quad_soft:04400] loss=0.028625 tau=3.48 collapse_w=0.000 mid_frac=0.208 hard=score=0.0083176508 wNMSE=0.00044114353 wMSE=33.6065 wMRED=0.02287149 wER=0.114233 wMAE=1.2368 wBias=0.3094 condBias=2.8972 dotDrift=+3.415sigma uMRED=0.0054521978 uER=0.171875 uMAE=4.2500 WCE=72 bias=1.3750
[quad_soft:04600] loss=0.026747 tau=3.57 collapse_w=0.000 mid_frac=0.208 hard=score=0.0047747017 wNMSE=0.00050894265 wMSE=38.7714 wMRED=0.02602597 wER=0.114233 wMAE=1.3976 wBias=0.1485 condBias=3.1118 dotDrift=+1.526sigma uMRED=0.0058410686 uER=0.171875 uMAE=4.5000 WCE=72 bias=1.1250
[quad_soft:04800] loss=0.025100 tau=3.66 collapse_w=0.000 mid_frac=0.188 hard=score=0.0073485754 wNMSE=0.00050862294 wMSE=38.7471 wMRED=0.02603053 wER=0.096373 wMAE=1.3978 wBias=0.2642 condBias=3.1109 dotDrift=+2.717sigma uMRED=0.0058410686 uER=0.160156 uMAE=4.5000 WCE=72 bias=1.2500
[quad_soft:05000] loss=0.023728 tau=3.75 collapse_w=0.000 mid_frac=0.188 hard=score=0.0073485754 wNMSE=0.00050862294 wMSE=38.7471 wMRED=0.02603053 wER=0.096373 wMAE=1.3978 wBias=0.2642 condBias=3.1109 dotDrift=+2.717sigma uMRED=0.0058410686 uER=0.160156 uMAE=4.5000 WCE=72 bias=1.2500
[quad_soft:05200] loss=0.022662 tau=3.84 collapse_w=0.000 mid_frac=0.188 hard=score=0.0073485754 wNMSE=0.00050862294 wMSE=38.7471 wMRED=0.02603053 wER=0.096373 wMAE=1.3978 wBias=0.2642 condBias=3.1109 dotDrift=+2.717sigma uMRED=0.0058410686 uER=0.160156 uMAE=4.5000 WCE=72 bias=1.2500
[quad_soft:05400] loss=0.021691 tau=3.93 collapse_w=0.000 mid_frac=0.188 hard=score=0.0073485754 wNMSE=0.00050862294 wMSE=38.7471 wMRED=0.02603053 wER=0.096373 wMAE=1.3978 wBias=0.2642 condBias=3.1109 dotDrift=+2.717sigma uMRED=0.0058410686 uER=0.160156 uMAE=4.5000 WCE=72 bias=1.2500
[quad_soft:05600] loss=0.021177 tau=4.02 collapse_w=0.000 mid_frac=0.167 hard=score=0.0121615203 wNMSE=0.00043577206 wMSE=33.1973 wMRED=0.02487268 wER=0.093098 wMAE=1.2532 wBias=0.4088 condBias=2.8795 dotDrift=+4.541sigma uMRED=0.0046871657 uER=0.140625 uMAE=3.5000 WCE=72 bias=2.2500
[quad_soft:05800] loss=0.019835 tau=4.11 collapse_w=0.000 mid_frac=0.167 hard=score=0.0073276539 wNMSE=0.0004493535 wMSE=34.2319 wMRED=0.03263065 wER=0.111619 wMAE=1.3888 wBias=0.2732 condBias=2.9240 dotDrift=+2.989sigma uMRED=0.0049706193 uER=0.156250 uMAE=3.6250 WCE=72 bias=2.1250
[quad_soft:06000] loss=0.018931 tau=4.20 collapse_w=0.000 mid_frac=0.167 hard=score=0.0073276539 wNMSE=0.0004493535 wMSE=34.2319 wMRED=0.03263065 wER=0.111619 wMAE=1.3888 wBias=0.2732 condBias=2.9240 dotDrift=+2.989sigma uMRED=0.0049706193 uER=0.156250 uMAE=3.6250 WCE=72 bias=2.1250
[quad_soft:06200] loss=0.019758 tau=4.29 collapse_w=0.025 mid_frac=0.167 hard=score=0.0158567330 wNMSE=0.00040211846 wMSE=30.6335 wMRED=0.02329543 wER=0.093098 wMAE=1.1728 wBias=0.4892 condBias=2.7661 dotDrift=+5.657sigma uMRED=0.0044927303 uER=0.140625 uMAE=3.3750 WCE=72 bias=2.3750
[quad_soft:06400] loss=0.020196 tau=4.38 collapse_w=0.050 mid_frac=0.167 hard=score=0.0158567330 wNMSE=0.00040211846 wMSE=30.6335 wMRED=0.02329543 wER=0.093098 wMAE=1.1728 wBias=0.4892 condBias=2.7661 dotDrift=+5.657sigma uMRED=0.0044927303 uER=0.140625 uMAE=3.3750 WCE=72 bias=2.3750
[quad_soft:06600] loss=0.021009 tau=4.47 collapse_w=0.075 mid_frac=0.167 hard=score=0.0158567330 wNMSE=0.00040211846 wMSE=30.6335 wMRED=0.02329543 wER=0.093098 wMAE=1.1728 wBias=0.4892 condBias=2.7661 dotDrift=+5.657sigma uMRED=0.0044927303 uER=0.140625 uMAE=3.3750 WCE=72 bias=2.3750
[quad_soft:06800] loss=0.020809 tau=4.56 collapse_w=0.100 mid_frac=0.167 hard=score=0.0158567330 wNMSE=0.00040211846 wMSE=30.6335 wMRED=0.02329543 wER=0.093098 wMAE=1.1728 wBias=0.4892 condBias=2.7661 dotDrift=+5.657sigma uMRED=0.0044927303 uER=0.140625 uMAE=3.3750 WCE=72 bias=2.3750
[quad_soft:07000] loss=0.021349 tau=4.65 collapse_w=0.125 mid_frac=0.167 hard=score=0.0158567330 wNMSE=0.00040211846 wMSE=30.6335 wMRED=0.02329543 wER=0.093098 wMAE=1.1728 wBias=0.4892 condBias=2.7661 dotDrift=+5.657sigma uMRED=0.0044927303 uER=0.140625 uMAE=3.3750 WCE=72 bias=2.3750
[quad_soft:07200] loss=0.020936 tau=4.74 collapse_w=0.150 mid_frac=0.146 hard=score=0.0033872009 wNMSE=0.00033340518 wMSE=25.3989 wMRED=0.02057121 wER=0.093098 wMAE=1.0092 wBias=-0.1346 condBias=2.5189 dotDrift=-1.709sigma uMRED=0.0041588670 uER=0.140625 uMAE=3.1875 WCE=72 bias=1.3750
[quad_soft:07400] loss=0.020704 tau=4.83 collapse_w=0.175 mid_frac=0.125 hard=score=0.0033872009 wNMSE=0.00033340518 wMSE=25.3989 wMRED=0.02057121 wER=0.093098 wMAE=1.0092 wBias=-0.1346 condBias=2.5189 dotDrift=-1.709sigma uMRED=0.0041588670 uER=0.140625 uMAE=3.1875 WCE=72 bias=1.3750
[quad_soft:07600] loss=0.020476 tau=4.92 collapse_w=0.200 mid_frac=0.125 hard=score=0.0033872009 wNMSE=0.00033340518 wMSE=25.3989 wMRED=0.02057121 wER=0.093098 wMAE=1.0092 wBias=-0.1346 condBias=2.5189 dotDrift=-1.709sigma uMRED=0.0041588670 uER=0.140625 uMAE=3.1875 WCE=72 bias=1.3750
[quad_soft:07800] loss=0.020210 tau=5.01 collapse_w=0.225 mid_frac=0.125 hard=score=0.0033872009 wNMSE=0.00033340518 wMSE=25.3989 wMRED=0.02057121 wER=0.093098 wMAE=1.0092 wBias=-0.1346 condBias=2.5189 dotDrift=-1.709sigma uMRED=0.0041588670 uER=0.140625 uMAE=3.1875 WCE=72 bias=1.3750
[quad_soft:08000] loss=0.019829 tau=5.10 collapse_w=0.250 mid_frac=0.125 hard=score=0.0033872009 wNMSE=0.00033340518 wMSE=25.3989 wMRED=0.02057121 wER=0.093098 wMAE=1.0092 wBias=-0.1346 condBias=2.5189 dotDrift=-1.709sigma uMRED=0.0041588670 uER=0.140625 uMAE=3.1875 WCE=72 bias=1.3750
[quad_soft:08200] loss=0.019419 tau=5.19 collapse_w=0.275 mid_frac=0.125 hard=score=0.0033872009 wNMSE=0.00033340518 wMSE=25.3989 wMRED=0.02057121 wER=0.093098 wMAE=1.0092 wBias=-0.1346 condBias=2.5189 dotDrift=-1.709sigma uMRED=0.0041588670 uER=0.140625 uMAE=3.1875 WCE=72 bias=1.3750
[quad_soft:08400] loss=0.018928 tau=5.28 collapse_w=0.300 mid_frac=0.125 hard=score=0.0033872009 wNMSE=0.00033340518 wMSE=25.3989 wMRED=0.02057121 wER=0.093098 wMAE=1.0092 wBias=-0.1346 condBias=2.5189 dotDrift=-1.709sigma uMRED=0.0041588670 uER=0.140625 uMAE=3.1875 WCE=72 bias=1.3750
[quad_soft:08600] loss=0.018391 tau=5.37 collapse_w=0.325 mid_frac=0.104 hard=score=0.0033872009 wNMSE=0.00033340518 wMSE=25.3989 wMRED=0.02057121 wER=0.093098 wMAE=1.0092 wBias=-0.1346 condBias=2.5189 dotDrift=-1.709sigma uMRED=0.0041588670 uER=0.140625 uMAE=3.1875 WCE=72 bias=1.3750
[quad_soft:08800] loss=0.017818 tau=5.46 collapse_w=0.350 mid_frac=0.104 hard=score=0.0033872009 wNMSE=0.00033340518 wMSE=25.3989 wMRED=0.02057121 wER=0.093098 wMAE=1.0092 wBias=-0.1346 condBias=2.5189 dotDrift=-1.709sigma uMRED=0.0041588670 uER=0.140625 uMAE=3.1875 WCE=72 bias=1.3750
[quad_soft:09000] loss=0.017206 tau=5.55 collapse_w=0.375 mid_frac=0.104 hard=score=0.0033872009 wNMSE=0.00033340518 wMSE=25.3989 wMRED=0.02057121 wER=0.093098 wMAE=1.0092 wBias=-0.1346 condBias=2.5189 dotDrift=-1.709sigma uMRED=0.0041588670 uER=0.140625 uMAE=3.1875 WCE=72 bias=1.3750
[quad_soft:09200] loss=0.016555 tau=5.64 collapse_w=0.400 mid_frac=0.104 hard=score=0.0033872009 wNMSE=0.00033340518 wMSE=25.3989 wMRED=0.02057121 wER=0.093098 wMAE=1.0092 wBias=-0.1346 condBias=2.5189 dotDrift=-1.709sigma uMRED=0.0041588670 uER=0.140625 uMAE=3.1875 WCE=72 bias=1.3750
[quad_soft:09400] loss=0.015728 tau=5.73 collapse_w=0.425 mid_frac=0.104 hard=score=0.0033872009 wNMSE=0.00033340518 wMSE=25.3989 wMRED=0.02057121 wER=0.093098 wMAE=1.0092 wBias=-0.1346 condBias=2.5189 dotDrift=-1.709sigma uMRED=0.0041588670 uER=0.140625 uMAE=3.1875 WCE=72 bias=1.3750
[quad_soft:09600] loss=0.014743 tau=5.82 collapse_w=0.450 mid_frac=0.104 hard=score=0.0033872009 wNMSE=0.00033340518 wMSE=25.3989 wMRED=0.02057121 wER=0.093098 wMAE=1.0092 wBias=-0.1346 condBias=2.5189 dotDrift=-1.709sigma uMRED=0.0041588670 uER=0.140625 uMAE=3.1875 WCE=72 bias=1.3750
[quad_soft:09800] loss=0.014390 tau=5.91 collapse_w=0.475 mid_frac=0.104 hard=score=0.0033872009 wNMSE=0.00033340518 wMSE=25.3989 wMRED=0.02057121 wER=0.093098 wMAE=1.0092 wBias=-0.1346 condBias=2.5189 dotDrift=-1.709sigma uMRED=0.0041588670 uER=0.140625 uMAE=3.1875 WCE=72 bias=1.3750
[quad_soft:09999] loss=0.011753 tau=6.00 collapse_w=0.500 mid_frac=0.104 hard=score=0.0033872009 wNMSE=0.00033340518 wMSE=25.3989 wMRED=0.02057121 wER=0.093098 wMAE=1.0092 wBias=-0.1346 condBias=2.5189 dotDrift=-1.709sigma uMRED=0.0041588670 uER=0.140625 uMAE=3.1875 WCE=72 bias=1.3750
[quad_hard_ste:00000] loss=23.076004 tau=6.00 collapse_w=0.000 mid_frac=0.104 hard=score=0.0033872009 wNMSE=0.00033340518 wMSE=25.3989 wMRED=0.02057121 wER=0.093098 wMAE=1.0092 wBias=-0.1346 condBias=2.5189 dotDrift=-1.709sigma uMRED=0.0041588670 uER=0.140625 uMAE=3.1875 WCE=72 bias=1.3750
[quad_hard_ste:00200] loss=36.312302 tau=6.00 collapse_w=0.000 mid_frac=0.104 hard=score=0.0239693123 wNMSE=0.00030322773 wMSE=23.1000 wMRED=0.02044777 wER=0.093098 wMAE=0.9913 wBias=-0.6330 condBias=2.4023 dotDrift=-8.429sigma uMRED=0.0039547507 uER=0.140625 uMAE=3.0000 WCE=64 bias=-2.6250
[quad_hard_ste:00400] loss=36.312302 tau=6.00 collapse_w=0.000 mid_frac=0.104 hard=score=0.0239693123 wNMSE=0.00030322773 wMSE=23.1000 wMRED=0.02044777 wER=0.093098 wMAE=0.9913 wBias=-0.6330 condBias=2.4023 dotDrift=-8.429sigma uMRED=0.0039547507 uER=0.140625 uMAE=3.0000 WCE=64 bias=-2.6250
[quad_hard_ste:00600] loss=36.312302 tau=6.00 collapse_w=0.000 mid_frac=0.104 hard=score=0.0239693123 wNMSE=0.00030322773 wMSE=23.1000 wMRED=0.02044777 wER=0.093098 wMAE=0.9913 wBias=-0.6330 condBias=2.4023 dotDrift=-8.429sigma uMRED=0.0039547507 uER=0.140625 uMAE=3.0000 WCE=64 bias=-2.6250
[quad_hard_ste:00800] loss=25.452074 tau=6.00 collapse_w=0.000 mid_frac=0.083 hard=score=0.0122124047 wNMSE=0.00034866794 wMSE=26.5616 wMRED=0.02122296 wER=0.085809 wMAE=1.0623 wBias=-0.4229 condBias=2.5761 dotDrift=-5.252sigma uMRED=0.0049902933 uER=0.148438 uMAE=4.0000 WCE=64 bias=-1.3750
[quad_hard_ste:01000] loss=25.452074 tau=6.00 collapse_w=0.000 mid_frac=0.083 hard=score=0.0122124047 wNMSE=0.00034866794 wMSE=26.5616 wMRED=0.02122296 wER=0.085809 wMAE=1.0623 wBias=-0.4229 condBias=2.5761 dotDrift=-5.252sigma uMRED=0.0049902933 uER=0.148438 uMAE=4.0000 WCE=64 bias=-1.3750
[quad_hard_ste:01200] loss=25.452074 tau=6.00 collapse_w=0.000 mid_frac=0.062 hard=score=0.0122124047 wNMSE=0.00034866794 wMSE=26.5616 wMRED=0.02122296 wER=0.085809 wMAE=1.0623 wBias=-0.4229 condBias=2.5761 dotDrift=-5.252sigma uMRED=0.0049902933 uER=0.148438 uMAE=4.0000 WCE=64 bias=-1.3750
[quad_hard_ste:01400] loss=25.452074 tau=6.00 collapse_w=0.000 mid_frac=0.062 hard=score=0.0122124047 wNMSE=0.00034866794 wMSE=26.5616 wMRED=0.02122296 wER=0.085809 wMAE=1.0623 wBias=-0.4229 condBias=2.5761 dotDrift=-5.252sigma uMRED=0.0049902933 uER=0.148438 uMAE=4.0000 WCE=64 bias=-1.3750
[quad_hard_ste:01600] loss=25.452074 tau=6.00 collapse_w=0.000 mid_frac=0.062 hard=score=0.0122124047 wNMSE=0.00034866794 wMSE=26.5616 wMRED=0.02122296 wER=0.085809 wMAE=1.0623 wBias=-0.4229 condBias=2.5761 dotDrift=-5.252sigma uMRED=0.0049902933 uER=0.148438 uMAE=4.0000 WCE=64 bias=-1.3750
[quad_hard_ste:01800] loss=25.452074 tau=6.00 collapse_w=0.000 mid_frac=0.062 hard=score=0.0122124047 wNMSE=0.00034866794 wMSE=26.5616 wMRED=0.02122296 wER=0.085809 wMAE=1.0623 wBias=-0.4229 condBias=2.5761 dotDrift=-5.252sigma uMRED=0.0049902933 uER=0.148438 uMAE=4.0000 WCE=64 bias=-1.3750
[quad_hard_ste:02000] loss=25.452074 tau=6.00 collapse_w=0.000 mid_frac=0.042 hard=score=0.0122124047 wNMSE=0.00034866794 wMSE=26.5616 wMRED=0.02122296 wER=0.085809 wMAE=1.0623 wBias=-0.4229 condBias=2.5761 dotDrift=-5.252sigma uMRED=0.0049902933 uER=0.148438 uMAE=4.0000 WCE=64 bias=-1.3750
[quad_hard_ste:02200] loss=25.452074 tau=6.00 collapse_w=0.000 mid_frac=0.042 hard=score=0.0122124047 wNMSE=0.00034866794 wMSE=26.5616 wMRED=0.02122296 wER=0.085809 wMAE=1.0623 wBias=-0.4229 condBias=2.5761 dotDrift=-5.252sigma uMRED=0.0049902933 uER=0.148438 uMAE=4.0000 WCE=64 bias=-1.3750
[quad_hard_ste:02400] loss=25.452074 tau=6.00 collapse_w=0.000 mid_frac=0.042 hard=score=0.0122124047 wNMSE=0.00034866794 wMSE=26.5616 wMRED=0.02122296 wER=0.085809 wMAE=1.0623 wBias=-0.4229 condBias=2.5761 dotDrift=-5.252sigma uMRED=0.0049902933 uER=0.148438 uMAE=4.0000 WCE=64 bias=-1.3750
[quad_hard_ste:02600] loss=25.452074 tau=6.00 collapse_w=0.000 mid_frac=0.042 hard=score=0.0122124047 wNMSE=0.00034866794 wMSE=26.5616 wMRED=0.02122296 wER=0.085809 wMAE=1.0623 wBias=-0.4229 condBias=2.5761 dotDrift=-5.252sigma uMRED=0.0049902933 uER=0.148438 uMAE=4.0000 WCE=64 bias=-1.3750
[quad_hard_ste:02800] loss=25.452074 tau=6.00 collapse_w=0.000 mid_frac=0.042 hard=score=0.0122124047 wNMSE=0.00034866794 wMSE=26.5616 wMRED=0.02122296 wER=0.085809 wMAE=1.0623 wBias=-0.4229 condBias=2.5761 dotDrift=-5.252sigma uMRED=0.0049902933 uER=0.148438 uMAE=4.0000 WCE=64 bias=-1.3750
[quad_hard_ste:03000] loss=25.452074 tau=6.00 collapse_w=0.000 mid_frac=0.042 hard=score=0.0122124047 wNMSE=0.00034866794 wMSE=26.5616 wMRED=0.02122296 wER=0.085809 wMAE=1.0623 wBias=-0.4229 condBias=2.5761 dotDrift=-5.252sigma uMRED=0.0049902933 uER=0.148438 uMAE=4.0000 WCE=64 bias=-1.3750
[quad_hard_ste:03200] loss=25.452074 tau=6.00 collapse_w=0.000 mid_frac=0.042 hard=score=0.0122124047 wNMSE=0.00034866794 wMSE=26.5616 wMRED=0.02122296 wER=0.085809 wMAE=1.0623 wBias=-0.4229 condBias=2.5761 dotDrift=-5.252sigma uMRED=0.0049902933 uER=0.148438 uMAE=4.0000 WCE=64 bias=-1.3750
[quad_hard_ste:03400] loss=25.452074 tau=6.00 collapse_w=0.000 mid_frac=0.042 hard=score=0.0122124047 wNMSE=0.00034866794 wMSE=26.5616 wMRED=0.02122296 wER=0.085809 wMAE=1.0623 wBias=-0.4229 condBias=2.5761 dotDrift=-5.252sigma uMRED=0.0049902933 uER=0.148438 uMAE=4.0000 WCE=64 bias=-1.3750
[quad_hard_ste:03600] loss=25.452074 tau=6.00 collapse_w=0.000 mid_frac=0.042 hard=score=0.0122124047 wNMSE=0.00034866794 wMSE=26.5616 wMRED=0.02122296 wER=0.085809 wMAE=1.0623 wBias=-0.4229 condBias=2.5761 dotDrift=-5.252sigma uMRED=0.0049902933 uER=0.148438 uMAE=4.0000 WCE=64 bias=-1.3750
[quad_hard_ste:03800] loss=25.452074 tau=6.00 collapse_w=0.000 mid_frac=0.042 hard=score=0.0122124047 wNMSE=0.00034866794 wMSE=26.5616 wMRED=0.02122296 wER=0.085809 wMAE=1.0623 wBias=-0.4229 condBias=2.5761 dotDrift=-5.252sigma uMRED=0.0049902933 uER=0.148438 uMAE=4.0000 WCE=64 bias=-1.3750
[quad_hard_ste:03999] loss=25.452074 tau=6.00 collapse_w=0.000 mid_frac=0.042 hard=score=0.0122124047 wNMSE=0.00034866794 wMSE=26.5616 wMRED=0.02122296 wER=0.085809 wMAE=1.0623 wBias=-0.4229 condBias=2.5761 dotDrift=-5.252sigma uMRED=0.0049902933 uER=0.148438 uMAE=4.0000 WCE=64 bias=-1.3750
[pop00_soft:00000] loss=3.712427 tau=1.50 collapse_w=0.000 mid_frac=0.292 hard=score=10.8269342847 wNMSE=0.036011155 wMSE=2743.3426 wMRED=1.13169091 wER=0.191693 wMAE=16.8914 wBias=-13.9689 condBias=27.9620 dotDrift=-17.069sigma uMRED=0.0375348173 uER=0.226562 uMAE=16.4297 WCE=178 bias=5.1875
[pop00_soft:00200] loss=8.214250 tau=2.25 collapse_w=0.000 mid_frac=0.312 hard=score=1.4490923936 wNMSE=0.0038483052 wMSE=293.1653 wMRED=0.35350087 wER=0.194815 wMAE=5.9808 wBias=5.1168 condBias=10.2428 dotDrift=+19.126sigma uMRED=0.0134023485 uER=0.242188 uMAE=6.3125 WCE=78 bias=0.1875
[pop00_soft:00400] loss=0.081172 tau=3.00 collapse_w=0.000 mid_frac=0.250 hard=score=1.2140180044 wNMSE=0.0036826581 wMSE=280.5462 wMRED=0.34266379 wER=0.174664 wMAE=5.9140 wBias=4.6768 condBias=9.3615 dotDrift=+17.870sigma uMRED=0.0135649015 uER=0.222656 uMAE=6.5469 WCE=68 bias=3.2500
[pop00_soft:00600] loss=0.037021 tau=3.75 collapse_w=0.000 mid_frac=0.312 hard=score=1.4846655934 wNMSE=0.0034719967 wMSE=264.4979 wMRED=0.33304857 wER=0.171301 wMAE=5.5139 wBias=5.1849 condBias=10.3789 dotDrift=+20.404sigma uMRED=0.0125162162 uER=0.218750 uMAE=5.9062 WCE=66 bias=4.1250
[pop00_soft:00800] loss=0.033873 tau=4.50 collapse_w=0.084 mid_frac=0.312 hard=score=1.2082187260 wNMSE=0.0032842832 wMSE=250.1979 wMRED=0.32750533 wER=0.164824 wMAE=5.0789 wBias=4.6706 condBias=9.3491 dotDrift=+18.898sigma uMRED=0.0111859734 uER=0.203125 uMAE=5.0000 WCE=66 bias=3.1250
[pop00_soft:01000] loss=0.039706 tau=5.25 collapse_w=0.293 mid_frac=0.271 hard=score=0.2049350248 wNMSE=0.00063474925 wMSE=48.3554 wMRED=0.12678738 wER=0.164431 wMAE=2.2918 wBias=1.9168 condBias=3.8368 dotDrift=+17.641sigma uMRED=0.0064903082 uER=0.195312 uMAE=3.8750 WCE=66 bias=2.6250
[pop00_soft:01199] loss=0.034909 tau=6.00 collapse_w=0.500 mid_frac=0.167 hard=score=0.0894832568 wNMSE=0.00071062093 wMSE=54.1354 wMRED=0.13113475 wER=0.168028 wMAE=2.5736 wBias=1.2401 condBias=3.6759 dotDrift=+10.787sigma uMRED=0.0064193502 uER=0.203125 uMAE=3.5000 WCE=34 bias=0.6250
[pop00_hard:00000] loss=22.494648 tau=6.00 collapse_w=0.000 mid_frac=0.167 hard=score=0.0894832568 wNMSE=0.00071062093 wMSE=54.1354 wMRED=0.13113475 wER=0.168028 wMAE=2.5736 wBias=1.2401 condBias=3.6759 dotDrift=+10.787sigma uMRED=0.0064193502 uER=0.203125 uMAE=3.5000 WCE=34 bias=0.6250
[pop00_hard:00200] loss=66.370522 tau=6.00 collapse_w=0.000 mid_frac=0.146 hard=score=0.0646033139 wNMSE=0.00089555584 wMSE=68.2238 wMRED=0.13173332 wER=0.168028 wMAE=2.6837 wBias=1.0289 condBias=4.1264 dotDrift=+7.972sigma uMRED=0.0085213415 uER=0.203125 uMAE=5.5625 WCE=102 bias=-3.3750
[pop00_hard:00400] loss=125.683731 tau=6.00 collapse_w=0.000 mid_frac=0.125 hard=score=1.1359149702 wNMSE=0.0026098444 wMSE=198.8189 wMRED=0.29906421 wER=0.168028 wMAE=4.7243 wBias=-4.5348 condBias=9.0772 dotDrift=-20.583sigma uMRED=0.0119452614 uER=0.203125 uMAE=6.1875 WCE=102 bias=-5.3750
[pop00_hard:00599] loss=112.260811 tau=6.00 collapse_w=0.000 mid_frac=0.104 hard=score=0.9584878350 wNMSE=0.0024950081 wMSE=190.0706 wMRED=0.29497417 wER=0.169084 wMAE=4.4746 wBias=-4.1606 condBias=8.3280 dotDrift=-19.314sigma uMRED=0.0117163140 uER=0.210938 uMAE=6.1875 WCE=102 bias=-4.3750
[pop00] done (conf=0.53, noise=0.5); global best score=0.0016111764 wNMSE=0.00012742207 wMSE=9.7071 wMRED=0.02810209 wER=0.088891 wMAE=0.7864 wBias=-0.0872 condBias=1.5569 dotDrift=-1.790sigma uMRED=0.0019195893 uER=0.109375 uMAE=1.1250 WCE=16 bias=0.0000
[pop01_soft:00000] loss=3.825071 tau=1.50 collapse_w=0.000 mid_frac=0.396 hard=score=4.2574981889 wNMSE=0.0094871977 wMSE=722.7381 wMRED=0.43163222 wER=0.216211 wMAE=9.6115 wBias=8.7894 condBias=17.5957 dotDrift=+20.924sigma uMRED=0.0233665171 uER=0.242188 uMAE=12.6953 WCE=128 bias=12.1875
[pop01_soft:00200] loss=15.611033 tau=2.25 collapse_w=0.000 mid_frac=0.354 hard=score=0.1232164466 wNMSE=0.0049815217 wMSE=379.4941 wMRED=0.12509337 wER=0.216093 wMAE=5.1954 wBias=1.2945 condBias=9.7323 dotDrift=+4.253sigma uMRED=0.0156239200 uER=0.242188 uMAE=10.6328 WCE=120 bias=-2.0625
[pop01_soft:00400] loss=2.582105 tau=3.00 collapse_w=0.000 mid_frac=0.375 hard=score=0.1091623340 wNMSE=0.0012844747 wMSE=97.8517 wMRED=0.13023667 wER=0.205961 wMAE=3.1355 wBias=1.3544 condBias=4.9425 dotDrift=+8.763sigma uMRED=0.0101363301 uER=0.242188 uMAE=6.7500 WCE=110 bias=-1.1875
[pop01_soft:00600] loss=1.467231 tau=3.75 collapse_w=0.000 mid_frac=0.396 hard=score=0.1873191193 wNMSE=0.0013999431 wMSE=106.6482 wMRED=0.14141678 wER=0.205961 wMAE=3.2088 wBias=1.8052 condBias=5.1600 dotDrift=+11.188sigma uMRED=0.0102888774 uER=0.242188 uMAE=6.7500 WCE=102 bias=-0.6875
[pop01_soft:00800] loss=1.327627 tau=4.50 collapse_w=0.084 mid_frac=0.375 hard=score=0.1937414583 wNMSE=0.0014146861 wMSE=107.7713 wMRED=0.13864311 wER=0.175954 wMAE=3.2123 wBias=1.8375 condBias=5.1871 dotDrift=+11.328sigma uMRED=0.0105718962 uER=0.234375 uMAE=7.0625 WCE=102 bias=-1.1250
[pop01_soft:01000] loss=1.249785 tau=5.25 collapse_w=0.293 mid_frac=0.354 hard=score=0.1937414583 wNMSE=0.0014146861 wMSE=107.7713 wMRED=0.13864311 wER=0.175954 wMAE=3.2123 wBias=1.8375 condBias=5.1871 dotDrift=+11.328sigma uMRED=0.0105718962 uER=0.234375 uMAE=7.0625 WCE=102 bias=-1.1250
[pop01_soft:01199] loss=1.234475 tau=6.00 collapse_w=0.500 mid_frac=0.354 hard=score=0.1937414583 wNMSE=0.0014146861 wMSE=107.7713 wMRED=0.13864311 wER=0.175954 wMAE=3.2123 wBias=1.8375 condBias=5.1871 dotDrift=+11.328sigma uMRED=0.0105718962 uER=0.234375 uMAE=7.0625 WCE=102 bias=-1.1250
[pop01_hard:00000] loss=58.638073 tau=6.00 collapse_w=0.000 mid_frac=0.354 hard=score=0.1937414583 wNMSE=0.0014146861 wMSE=107.7713 wMRED=0.13864311 wER=0.175954 wMAE=3.2123 wBias=1.8375 condBias=5.1871 dotDrift=+11.328sigma uMRED=0.0105718962 uER=0.234375 uMAE=7.0625 WCE=102 bias=-1.1250
[pop01_hard:00200] loss=53.450314 tau=6.00 collapse_w=0.000 mid_frac=0.333 hard=score=0.2583405591 wNMSE=0.0014330366 wMSE=109.1692 wMRED=0.13129916 wER=0.175954 wMAE=3.1096 wBias=2.1368 condBias=5.2207 dotDrift=+13.088sigma uMRED=0.0101800159 uER=0.234375 uMAE=6.7812 WCE=102 bias=-0.3750
[pop01_hard:00400] loss=255.849869 tau=6.00 collapse_w=0.000 mid_frac=0.292 hard=score=6.4540379132 wNMSE=0.015132332 wMSE=1152.7864 wMRED=0.71985464 wER=0.175954 wMAE=11.3475 wBias=-10.8176 condBias=21.6542 dotDrift=-20.391sigma uMRED=0.0226408631 uER=0.234375 uMAE=8.6562 WCE=116 bias=-5.3750
[pop01_hard:00599] loss=226.906952 tau=6.00 collapse_w=0.000 mid_frac=0.250 hard=score=3.6804853003 wNMSE=0.018549931 wMSE=1413.1404 wMRED=0.74970718 wER=0.175954 wMAE=13.4167 wBias=-8.0959 condBias=18.7812 dotDrift=-13.783sigma uMRED=0.0283361578 uER=0.234375 uMAE=12.4062 WCE=128 bias=-0.6250
[pop01] done (conf=0.51, noise=1.0); global best score=0.0016111764 wNMSE=0.00012742207 wMSE=9.7071 wMRED=0.02810209 wER=0.088891 wMAE=0.7864 wBias=-0.0872 condBias=1.5569 dotDrift=-1.790sigma uMRED=0.0019195893 uER=0.109375 uMAE=1.1250 WCE=16 bias=0.0000
[pop02_soft:00000] loss=3.537501 tau=1.50 collapse_w=0.000 mid_frac=0.188 hard=score=7.5025225339 wNMSE=0.024018767 wMSE=1829.7583 wMRED=0.94273119 wER=0.172357 wMAE=13.8826 wBias=-11.6314 condBias=23.2823 dotDrift=-17.403sigma uMRED=0.0304488211 uER=0.226562 uMAE=12.9922 WCE=149 bias=-0.7500
[pop02_soft:00200] loss=16.164959 tau=2.25 collapse_w=0.000 mid_frac=0.292 hard=score=1.2122824681 wNMSE=0.0059472735 wMSE=453.0654 wMRED=0.42755402 wER=0.174899 wMAE=7.6497 wBias=-4.6441 condBias=10.6350 dotDrift=-13.964sigma uMRED=0.0202365136 uER=0.226562 uMAE=11.1719 WCE=89 bias=-5.6250
[pop02_soft:00400] loss=0.059732 tau=3.00 collapse_w=0.000 mid_frac=0.271 hard=score=2.2337971747 wNMSE=0.0071700024 wMSE=546.2133 wMRED=0.45585828 wER=0.175954 wMAE=8.2543 wBias=6.3434 condBias=12.6984 dotDrift=+17.371sigma uMRED=0.0198125713 uER=0.234375 uMAE=10.0859 WCE=81 bias=-0.4375
[pop02_soft:00600] loss=0.043312 tau=3.75 collapse_w=0.000 mid_frac=0.250 hard=score=2.3403496501 wNMSE=0.0071155023 wMSE=542.0615 wMRED=0.45333911 wER=0.159629 wMAE=8.2167 wBias=6.4968 condBias=13.0050 dotDrift=+17.859sigma uMRED=0.0196807513 uER=0.230469 uMAE=10.0000 WCE=80 bias=3.5000
[pop02_soft:00800] loss=0.039883 tau=4.50 collapse_w=0.084 mid_frac=0.271 hard=score=1.5928297058 wNMSE=0.0057871965 wMSE=440.8707 wMRED=0.43400048 wER=0.158428 wMAE=7.1605 wBias=5.3474 condBias=10.7038 dotDrift=+16.299sigma uMRED=0.0166185919 uER=0.222656 uMAE=8.0000 WCE=72 bias=1.3750
[pop02_soft:01000] loss=0.042080 tau=5.25 collapse_w=0.293 mid_frac=0.292 hard=score=1.7510171973 wNMSE=0.0057003641 wMSE=434.2558 wMRED=0.43678479 wER=0.173698 wMAE=7.2674 wBias=5.6140 condBias=11.2372 dotDrift=+17.242sigma uMRED=0.0189765448 uER=0.218750 uMAE=10.2812 WCE=104 bias=5.3750
[pop02_soft:01199] loss=0.045382 tau=6.00 collapse_w=0.500 mid_frac=0.271 hard=score=1.7162797605 wNMSE=0.0055776478 wMSE=424.9072 wMRED=0.43646975 wER=0.173698 wMAE=7.2114 wBias=5.5580 condBias=11.1251 dotDrift=+17.256sigma uMRED=0.0179519446 uER=0.218750 uMAE=9.2812 WCE=72 bias=4.3750
[pop02_hard:00000] loss=147.579865 tau=6.00 collapse_w=0.000 mid_frac=0.271 hard=score=1.7162797605 wNMSE=0.0055776478 wMSE=424.9072 wMRED=0.43646975 wER=0.173698 wMAE=7.2114 wBias=5.5580 condBias=11.1251 dotDrift=+17.256sigma uMRED=0.0179519446 uER=0.218750 uMAE=9.2812 WCE=72 bias=4.3750
[pop02_hard:00200] loss=170.298935 tau=6.00 collapse_w=0.000 mid_frac=0.188 hard=score=1.8445071150 wNMSE=0.0046563585 wMSE=354.7230 wMRED=0.41324748 wER=0.174753 wMAE=6.6428 wBias=-5.7760 condBias=11.5615 dotDrift=-19.627sigma uMRED=0.0168845419 uER=0.226562 uMAE=8.7812 WCE=72 bias=-7.3750
[pop02_hard:00400] loss=127.552597 tau=6.00 collapse_w=0.000 mid_frac=0.125 hard=score=1.3480309403 wNMSE=0.0048344031 wMSE=368.2865 wMRED=0.41269077 wER=0.175954 wMAE=6.7748 wBias=-4.9191 condBias=9.8464 dotDrift=-16.405sigma uMRED=0.0189267080 uER=0.234375 uMAE=10.6562 WCE=88 bias=-2.1250
[pop02_hard:00599] loss=98.882599 tau=6.00 collapse_w=0.000 mid_frac=0.104 hard=score=1.0226557329 wNMSE=0.004680377 wMSE=356.5528 wMRED=0.40909773 wER=0.172428 wMAE=6.4749 wBias=-4.2688 condBias=9.4343 dotDrift=-14.469sigma uMRED=0.0175865890 uER=0.226562 uMAE=9.5938 WCE=88 bias=-0.6250
[pop02] done (conf=0.53, noise=0.5); global best score=0.0016111764 wNMSE=0.00012742207 wMSE=9.7071 wMRED=0.02810209 wER=0.088891 wMAE=0.7864 wBias=-0.0872 condBias=1.5569 dotDrift=-1.790sigma uMRED=0.0019195893 uER=0.109375 uMAE=1.1250 WCE=16 bias=0.0000
[pop03_soft:00000] loss=1.699654 tau=1.50 collapse_w=0.000 mid_frac=0.521 hard=score=1.2014355926 wNMSE=0.0027906659 wMSE=212.5939 wMRED=0.31355604 wER=0.188008 wMAE=5.1690 wBias=-4.6634 condBias=9.3348 dotDrift=-20.469sigma uMRED=0.0127593644 uER=0.218750 uMAE=6.4375 WCE=50 bias=-3.3125
[pop03_soft:00200] loss=0.292854 tau=2.25 collapse_w=0.000 mid_frac=0.375 hard=score=1.4260121225 wNMSE=0.0058361084 wMSE=444.5968 wMRED=0.44084929 wER=0.168935 wMAE=7.1161 wBias=5.0513 condBias=10.5349 dotDrift=+15.332sigma uMRED=0.0151403868 uER=0.210938 uMAE=6.5000 WCE=80 bias=-2.0000
[pop03_soft:00400] loss=0.103098 tau=3.00 collapse_w=0.000 mid_frac=0.396 hard=score=0.2256124477 wNMSE=0.00053720046 wMSE=40.9241 wMRED=0.10098750 wER=0.158911 wMAE=2.1469 wBias=-2.0176 condBias=4.0388 dotDrift=-20.185sigma uMRED=0.0071178162 uER=0.203125 uMAE=4.6875 WCE=46 bias=-4.6250
[pop03_soft:00600] loss=0.062583 tau=3.75 collapse_w=0.000 mid_frac=0.396 hard=score=0.2195130285 wNMSE=0.00053630894 wMSE=40.8562 wMRED=0.10097027 wER=0.159453 wMAE=2.1426 wBias=-1.9896 condBias=3.9828 dotDrift=-19.922sigma uMRED=0.0069949434 uER=0.210938 uMAE=4.5625 WCE=46 bias=-4.1250
[pop03_soft:00800] loss=0.045365 tau=4.50 collapse_w=0.084 mid_frac=0.375 hard=score=0.2195130285 wNMSE=0.00053630894 wMSE=40.8562 wMRED=0.10097027 wER=0.159453 wMAE=2.1426 wBias=-1.9896 condBias=3.9828 dotDrift=-19.922sigma uMRED=0.0069949434 uER=0.210938 uMAE=4.5625 WCE=46 bias=-4.1250
[pop03_soft:01000] loss=0.038317 tau=5.25 collapse_w=0.293 mid_frac=0.354 hard=score=0.2195130285 wNMSE=0.00053630894 wMSE=40.8562 wMRED=0.10097027 wER=0.159453 wMAE=2.1426 wBias=-1.9896 condBias=3.9828 dotDrift=-19.922sigma uMRED=0.0069949434 uER=0.210938 uMAE=4.5625 WCE=46 bias=-4.1250
[pop03_soft:01199] loss=0.037766 tau=6.00 collapse_w=0.500 mid_frac=0.375 hard=score=0.2195130285 wNMSE=0.00053630894 wMSE=40.8562 wMRED=0.10097027 wER=0.159453 wMAE=2.1426 wBias=-1.9896 condBias=3.9828 dotDrift=-19.922sigma uMRED=0.0069949434 uER=0.210938 uMAE=4.5625 WCE=46 bias=-4.1250
[pop03_hard:00000] loss=63.561134 tau=6.00 collapse_w=0.000 mid_frac=0.375 hard=score=0.2195130285 wNMSE=0.00053630894 wMSE=40.8562 wMRED=0.10097027 wER=0.159453 wMAE=2.1426 wBias=-1.9896 condBias=3.9828 dotDrift=-19.922sigma uMRED=0.0069949434 uER=0.210938 uMAE=4.5625 WCE=46 bias=-4.1250
[pop03_hard:00200] loss=58.903484 tau=6.00 collapse_w=0.000 mid_frac=0.312 hard=score=0.1858291014 wNMSE=0.00048845997 wMSE=37.2111 wMRED=0.09781579 wER=0.159453 wMAE=1.9818 wBias=-1.8288 condBias=3.6607 dotDrift=-19.187sigma uMRED=0.0066060726 uER=0.210938 uMAE=4.3125 WCE=46 bias=-3.8750
[pop03_hard:00400] loss=76.214302 tau=6.00 collapse_w=0.000 mid_frac=0.312 hard=score=1.3744383117 wNMSE=0.0037001238 wMSE=281.8767 wMRED=0.33863038 wER=0.169477 wMAE=5.8047 wBias=4.9826 condBias=9.9742 dotDrift=+18.994sigma uMRED=0.0129926994 uER=0.218750 uMAE=6.0625 WCE=64 bias=0.1250
[pop03_hard:00599] loss=76.214302 tau=6.00 collapse_w=0.000 mid_frac=0.312 hard=score=1.3744383117 wNMSE=0.0037001238 wMSE=281.8767 wMRED=0.33863038 wER=0.169477 wMAE=5.8047 wBias=4.9826 condBias=9.9742 dotDrift=+18.994sigma uMRED=0.0129926994 uER=0.218750 uMAE=6.0625 WCE=64 bias=0.1250
[pop03] done (conf=0.51, noise=1.0); global best score=0.0016111764 wNMSE=0.00012742207 wMSE=9.7071 wMRED=0.02810209 wER=0.088891 wMAE=0.7864 wBias=-0.0872 condBias=1.5569 dotDrift=-1.790sigma uMRED=0.0019195893 uER=0.109375 uMAE=1.1250 WCE=16 bias=0.0000
[pop04_soft:00000] loss=2.009287 tau=1.50 collapse_w=0.000 mid_frac=0.250 hard=score=2.6110891418 wNMSE=0.0071568127 wMSE=545.2085 wMRED=0.44617314 wER=0.199532 wMAE=8.6720 wBias=6.8695 condBias=13.7519 dotDrift=+18.829sigma uMRED=0.0202639926 uER=0.230469 uMAE=10.2109 WCE=115 bias=2.5000
[pop04_soft:00200] loss=0.388003 tau=2.25 collapse_w=0.000 mid_frac=0.333 hard=score=1.0956871587 wNMSE=0.005685705 wMSE=433.1390 wMRED=0.42341890 wER=0.200087 wMAE=7.7624 wBias=4.4102 condBias=10.3983 dotDrift=+13.562sigma uMRED=0.0204656914 uER=0.242188 uMAE=11.4062 WCE=112 bias=-4.8125
[pop04_soft:00400] loss=0.074333 tau=3.00 collapse_w=0.000 mid_frac=0.333 hard=score=1.5802743919 wNMSE=0.0057882847 wMSE=440.9536 wMRED=0.43435222 wER=0.175954 wMAE=7.4508 wBias=5.3257 condBias=10.6607 dotDrift=+16.231sigma uMRED=0.0181072100 uER=0.234375 uMAE=9.1875 WCE=102 bias=-2.0000
[pop04_soft:00600] loss=0.041395 tau=3.75 collapse_w=0.000 mid_frac=0.312 hard=score=1.5802743919 wNMSE=0.0057882847 wMSE=440.9536 wMRED=0.43435222 wER=0.175954 wMAE=7.4508 wBias=5.3257 condBias=10.6607 dotDrift=+16.231sigma uMRED=0.0181072100 uER=0.234375 uMAE=9.1875 WCE=102 bias=-2.0000
[pop04_soft:00800] loss=0.037494 tau=4.50 collapse_w=0.084 mid_frac=0.333 hard=score=0.0052665667 wNMSE=0.000754726 wMSE=57.4953 wMRED=0.03636705 wER=0.152021 wMAE=1.8555 wBias=-0.0180 condBias=3.7888 dotDrift=-0.152sigma uMRED=0.0069405704 uER=0.218750 uMAE=5.1250 WCE=48 bias=-1.8750
[pop04_soft:01000] loss=0.041356 tau=5.25 collapse_w=0.293 mid_frac=0.271 hard=score=0.0069638356 wNMSE=0.00085156319 wMSE=64.8724 wMRED=0.03730532 wER=0.152021 wMAE=1.9801 wBias=-0.1426 condBias=4.0248 dotDrift=-1.133sigma uMRED=0.0080686882 uER=0.218750 uMAE=6.1250 WCE=48 bias=-2.8750
[pop04_soft:01199] loss=0.040569 tau=6.00 collapse_w=0.500 mid_frac=0.250 hard=score=0.0142235109 wNMSE=0.0010922454 wMSE=83.2076 wMRED=0.03837467 wER=0.152021 wMAE=2.1233 wBias=0.3558 condBias=4.5585 dotDrift=+2.496sigma uMRED=0.0094017761 uER=0.218750 uMAE=7.3125 WCE=88 bias=1.1250
[pop04_hard:00000] loss=40.910351 tau=6.00 collapse_w=0.000 mid_frac=0.250 hard=score=0.0142235109 wNMSE=0.0010922454 wMSE=83.2076 wMRED=0.03837467 wER=0.152021 wMAE=2.1233 wBias=0.3558 condBias=4.5585 dotDrift=+2.496sigma uMRED=0.0094017761 uER=0.218750 uMAE=7.3125 WCE=88 bias=1.1250
[pop04_hard:00200] loss=40.910351 tau=6.00 collapse_w=0.000 mid_frac=0.250 hard=score=0.0142235109 wNMSE=0.0010922454 wMSE=83.2076 wMRED=0.03837467 wER=0.152021 wMAE=2.1233 wBias=0.3558 condBias=4.5585 dotDrift=+2.496sigma uMRED=0.0094017761 uER=0.218750 uMAE=7.3125 WCE=88 bias=1.1250
[pop04_hard:00400] loss=89.871490 tau=6.00 collapse_w=0.000 mid_frac=0.250 hard=score=0.1699736292 wNMSE=0.0020231349 wMSE=154.1231 wMRED=0.04589895 wER=0.152021 wMAE=2.6708 wBias=-1.6995 condBias=6.2036 dotDrift=-8.761sigma uMRED=0.0115417253 uER=0.218750 uMAE=9.0000 WCE=96 bias=-0.8750
[pop04_hard:00599] loss=73.966263 tau=6.00 collapse_w=0.000 mid_frac=0.208 hard=score=0.0460986797 wNMSE=0.0019042035 wMSE=145.0629 wMRED=0.03998642 wER=0.148423 wMAE=2.2525 wBias=-0.7885 condBias=6.0193 dotDrift=-4.190sigma uMRED=0.0097128196 uER=0.210938 uMAE=7.5000 WCE=88 bias=0.1250
[pop04] done (conf=0.53, noise=0.5); global best score=0.0016111764 wNMSE=0.00012742207 wMSE=9.7071 wMRED=0.02810209 wER=0.088891 wMAE=0.7864 wBias=-0.0872 condBias=1.5569 dotDrift=-1.790sigma uMRED=0.0019195893 uER=0.109375 uMAE=1.1250 WCE=16 bias=0.0000
[pop05_soft:00000] loss=2.298142 tau=1.50 collapse_w=0.000 mid_frac=0.458 hard=score=0.6846670703 wNMSE=0.0063903615 wMSE=486.8200 wMRED=0.14154786 wER=0.216412 wMAE=5.4975 wBias=3.4431 condBias=11.0221 dotDrift=+9.987sigma uMRED=0.0170724033 uER=0.246094 uMAE=11.7422 WCE=152 bias=5.6875
[pop05_soft:00200] loss=7.373192 tau=2.25 collapse_w=0.000 mid_frac=0.354 hard=score=0.0542328145 wNMSE=0.00087717822 wMSE=66.8237 wMRED=0.14730410 wER=0.194815 wMAE=3.0625 wBias=0.9305 condBias=4.0844 dotDrift=+7.285sigma uMRED=0.0094170799 uER=0.242188 uMAE=6.0859 WCE=62 bias=-4.0625
[pop05_soft:00400] loss=0.383129 tau=3.00 collapse_w=0.000 mid_frac=0.312 hard=score=0.6624801584 wNMSE=0.003356727 wMSE=255.7167 wMRED=0.33532003 wER=0.175954 wMAE=5.6239 wBias=3.4282 condBias=7.9895 dotDrift=+13.720sigma uMRED=0.0128844950 uER=0.234375 uMAE=6.1562 WCE=56 bias=-2.6250
[pop05_soft:00600] loss=0.141130 tau=3.75 collapse_w=0.000 mid_frac=0.312 hard=score=0.6624801584 wNMSE=0.003356727 wMSE=255.7167 wMRED=0.33532003 wER=0.175954 wMAE=5.6239 wBias=3.4282 condBias=7.9895 dotDrift=+13.720sigma uMRED=0.0128844950 uER=0.234375 uMAE=6.1562 WCE=56 bias=-2.6250
[pop05_soft:00800] loss=0.118739 tau=4.50 collapse_w=0.084 mid_frac=0.312 hard=score=0.5788123658 wNMSE=0.003146233 wMSE=239.6812 wMRED=0.32731421 wER=0.175954 wMAE=5.4675 wBias=3.1995 condBias=7.7349 dotDrift=+13.227sigma uMRED=0.0127898646 uER=0.234375 uMAE=6.2188 WCE=56 bias=-2.8750
[pop05_soft:01000] loss=0.114842 tau=5.25 collapse_w=0.293 mid_frac=0.312 hard=score=0.5638978809 wNMSE=0.0033172138 wMSE=252.7065 wMRED=0.33443987 wER=0.174899 wMAE=5.7023 wBias=3.1530 condBias=7.9424 dotDrift=+12.694sigma uMRED=0.0131902779 uER=0.226562 uMAE=6.4062 WCE=62 bias=-3.0000
[pop05_soft:01199] loss=0.107286 tau=6.00 collapse_w=0.500 mid_frac=0.312 hard=score=0.5638978809 wNMSE=0.0033172138 wMSE=252.7065 wMRED=0.33443987 wER=0.174899 wMAE=5.7023 wBias=3.1530 condBias=7.9424 dotDrift=+12.694sigma uMRED=0.0131902779 uER=0.226562 uMAE=6.4062 WCE=62 bias=-3.0000
[pop05_hard:00000] loss=89.785973 tau=6.00 collapse_w=0.000 mid_frac=0.312 hard=score=0.5638978809 wNMSE=0.0033172138 wMSE=252.7065 wMRED=0.33443987 wER=0.174899 wMAE=5.7023 wBias=3.1530 condBias=7.9424 dotDrift=+12.694sigma uMRED=0.0131902779 uER=0.226562 uMAE=6.4062 WCE=62 bias=-3.0000
[pop05_hard:00200] loss=54.935558 tau=6.00 collapse_w=0.000 mid_frac=0.271 hard=score=0.0216163660 wNMSE=0.0007513866 wMSE=57.2409 wMRED=0.13059328 wER=0.174899 wMAE=2.7596 wBias=0.5320 condBias=3.7799 dotDrift=+4.500sigma uMRED=0.0082304199 uER=0.226562 uMAE=5.1562 WCE=54 bias=-3.7500
[pop05_hard:00400] loss=54.561443 tau=6.00 collapse_w=0.000 mid_frac=0.292 hard=score=0.0382255178 wNMSE=0.00082768565 wMSE=63.0534 wMRED=0.13866256 wER=0.175954 wMAE=2.9245 wBias=0.7607 condBias=3.9673 dotDrift=+6.131sigma uMRED=0.0083965956 uER=0.234375 uMAE=5.1562 WCE=54 bias=-3.5000
[pop05_hard:00599] loss=92.232307 tau=6.00 collapse_w=0.000 mid_frac=0.292 hard=score=1.3167628583 wNMSE=0.00288649 wMSE=219.8938 wMRED=0.33319281 wER=0.169477 wMAE=5.0434 wBias=-4.8844 condBias=9.7770 dotDrift=-21.081sigma uMRED=0.0119001022 uER=0.218750 uMAE=5.5938 WCE=54 bias=-5.2500
[pop05] done (conf=0.51, noise=1.0); global best score=0.0016111764 wNMSE=0.00012742207 wMSE=9.7071 wMRED=0.02810209 wER=0.088891 wMAE=0.7864 wBias=-0.0872 condBias=1.5569 dotDrift=-1.790sigma uMRED=0.0019195893 uER=0.109375 uMAE=1.1250 WCE=16 bias=0.0000
[pop06_soft:00000] loss=2.054736 tau=1.50 collapse_w=0.000 mid_frac=0.271 hard=score=0.1796372809 wNMSE=0.0015124454 wMSE=115.2186 wMRED=0.15935713 wER=0.210048 wMAE=2.8990 wBias=-1.7611 condBias=5.3647 dotDrift=-10.501sigma uMRED=0.0128595722 uER=0.234375 uMAE=9.4453 WCE=144 bias=-0.5625
[pop06_soft:00200] loss=0.247707 tau=2.25 collapse_w=0.000 mid_frac=0.396 hard=score=1.1862238731 wNMSE=0.0061766851 wMSE=470.5421 wMRED=0.43593785 wER=0.175954 wMAE=7.6964 wBias=4.5892 condBias=10.8386 dotDrift=+13.540sigma uMRED=0.0212867134 uER=0.234375 uMAE=12.0938 WCE=116 bias=-6.1250
[pop06_soft:00400] loss=0.059020 tau=3.00 collapse_w=0.000 mid_frac=0.354 hard=score=0.3889403672 wNMSE=0.0016076637 wMSE=122.4724 wMRED=0.12737929 wER=0.175954 wMAE=3.4443 wBias=-2.6366 condBias=5.5307 dotDrift=-15.248sigma uMRED=0.0142574125 uER=0.234375 uMAE=10.5625 WCE=116 bias=-8.8750
[pop06_soft:00600] loss=0.045169 tau=3.75 collapse_w=0.000 mid_frac=0.333 hard=score=0.1842602014 wNMSE=0.0012430359 wMSE=94.6949 wMRED=0.11919073 wER=0.173340 wMAE=2.7641 wBias=-1.7959 condBias=4.8637 dotDrift=-11.811sigma uMRED=0.0112719064 uER=0.218750 uMAE=8.2500 WCE=116 bias=-6.3750
[pop06_soft:00800] loss=0.036197 tau=4.50 collapse_w=0.084 mid_frac=0.396 hard=score=0.0069404918 wNMSE=0.0010106751 wMSE=76.9936 wMRED=0.03581625 wER=0.173340 wMAE=1.7158 wBias=0.0455 condBias=4.3861 dotDrift=+0.332sigma uMRED=0.0093823258 uER=0.218750 uMAE=7.7500 WCE=116 bias=-5.2500
[pop06_soft:01000] loss=0.044142 tau=5.25 collapse_w=0.293 mid_frac=0.312 hard=score=0.0111172582 wNMSE=0.00041559141 wMSE=31.6599 wMRED=0.03462898 wER=0.173340 wMAE=1.4170 wBias=0.3830 condBias=2.8117 dotDrift=+4.356sigma uMRED=0.0064333675 uER=0.218750 uMAE=5.1250 WCE=84 bias=-1.5000
[pop06_soft:01199] loss=0.039641 tau=6.00 collapse_w=0.500 mid_frac=0.208 hard=score=0.0277497913 wNMSE=0.00057969089 wMSE=44.1611 wMRED=0.10839985 wER=0.163316 wMAE=2.2456 wBias=-0.6482 condBias=3.3205 dotDrift=-6.243sigma uMRED=0.0070637519 uER=0.210938 uMAE=4.5625 WCE=64 bias=2.1250
[pop06_hard:00000] loss=37.758953 tau=6.00 collapse_w=0.000 mid_frac=0.208 hard=score=0.0277497913 wNMSE=0.00057969089 wMSE=44.1611 wMRED=0.10839985 wER=0.163316 wMAE=2.2456 wBias=-0.6482 condBias=3.3205 dotDrift=-6.243sigma uMRED=0.0070637519 uER=0.210938 uMAE=4.5625 WCE=64 bias=2.1250
[pop06_hard:00200] loss=43.080357 tau=6.00 collapse_w=0.000 mid_frac=0.188 hard=score=0.0466500813 wNMSE=0.00064445948 wMSE=49.0952 wMRED=0.10860844 wER=0.163316 wMAE=2.2841 wBias=-0.8723 condBias=3.5011 dotDrift=-7.968sigma uMRED=0.0078256716 uER=0.210938 uMAE=5.3125 WCE=84 bias=-1.8750
[pop06_hard:00400] loss=12.108754 tau=6.00 collapse_w=0.000 mid_frac=0.125 hard=score=0.0132650650 wNMSE=0.00042064028 wMSE=32.0445 wMRED=0.09567342 wER=0.162774 wMAE=1.9120 wBias=-0.4172 condBias=2.8285 dotDrift=-4.717sigma uMRED=0.0054603721 uER=0.203125 uMAE=3.2500 WCE=34 bias=0.5000
[pop06_hard:00599] loss=12.371753 tau=6.00 collapse_w=0.000 mid_frac=0.104 hard=score=0.0132650650 wNMSE=0.00042064028 wMSE=32.0445 wMRED=0.09567342 wER=0.162774 wMAE=1.9120 wBias=-0.4172 condBias=2.8285 dotDrift=-4.717sigma uMRED=0.0054603721 uER=0.203125 uMAE=3.2500 WCE=34 bias=0.5000
[pop06] done (conf=0.53, noise=0.5); global best score=0.0016111764 wNMSE=0.00012742207 wMSE=9.7071 wMRED=0.02810209 wER=0.088891 wMAE=0.7864 wBias=-0.0872 condBias=1.5569 dotDrift=-1.790sigma uMRED=0.0019195893 uER=0.109375 uMAE=1.1250 WCE=16 bias=0.0000
[pop07_soft:00000] loss=2.935155 tau=1.50 collapse_w=0.000 mid_frac=0.542 hard=score=4.1675740577 wNMSE=0.018163621 wMSE=1383.7111 wMRED=0.51942095 wER=0.215477 wMAE=12.3883 wBias=8.6372 condBias=18.5841 dotDrift=+14.860sigma uMRED=0.0339570131 uER=0.242188 uMAE=20.4375 WCE=208 bias=13.8125
[pop07_soft:00200] loss=16.495701 tau=2.25 collapse_w=0.000 mid_frac=0.458 hard=score=2.2720971426 wNMSE=0.0080511097 wMSE=613.3364 wMRED=0.44481146 wER=0.216412 wMAE=8.9338 wBias=6.3911 condBias=12.7940 dotDrift=+16.516sigma uMRED=0.0230274364 uER=0.246094 uMAE=12.8906 WCE=107 bias=0.8125
[pop07_soft:00400] loss=0.340355 tau=3.00 collapse_w=0.000 mid_frac=0.417 hard=score=2.2192594957 wNMSE=0.0069912638 wMSE=532.5970 wMRED=0.43095147 wER=0.215477 wMAE=8.2655 wBias=6.3242 condBias=12.6596 dotDrift=+17.538sigma uMRED=0.0222924515 uER=0.242188 uMAE=12.7344 WCE=103 bias=4.1875
[pop07_soft:00600] loss=0.102346 tau=3.75 collapse_w=0.000 mid_frac=0.438 hard=score=2.4690181045 wNMSE=0.0073794829 wMSE=562.1716 wMRED=0.44779294 wER=0.193100 wMAE=8.4292 wBias=6.6745 condBias=13.3607 dotDrift=+18.016sigma uMRED=0.0226254533 uER=0.234375 uMAE=12.8125 WCE=102 bias=4.5000
[pop07_soft:00800] loss=0.095484 tau=4.50 collapse_w=0.084 mid_frac=0.438 hard=score=2.4690181045 wNMSE=0.0073794829 wMSE=562.1716 wMRED=0.44779294 wER=0.193100 wMAE=8.4292 wBias=6.6745 condBias=13.3607 dotDrift=+18.016sigma uMRED=0.0226254533 uER=0.234375 uMAE=12.8125 WCE=102 bias=4.5000
[pop07_soft:01000] loss=0.092465 tau=5.25 collapse_w=0.293 mid_frac=0.438 hard=score=2.5535586582 wNMSE=0.0075286752 wMSE=573.5372 wMRED=0.45184451 wER=0.193100 wMAE=8.5147 wBias=6.7888 condBias=13.5896 dotDrift=+18.142sigma uMRED=0.0227719146 uER=0.234375 uMAE=12.8750 WCE=102 bias=4.6250
[pop07_soft:01199] loss=0.095059 tau=6.00 collapse_w=0.500 mid_frac=0.417 hard=score=2.4690181045 wNMSE=0.0073794829 wMSE=562.1716 wMRED=0.44779294 wER=0.193100 wMAE=8.4292 wBias=6.6745 condBias=13.3607 dotDrift=+18.016sigma uMRED=0.0226254533 uER=0.234375 uMAE=12.8125 WCE=102 bias=4.5000
[pop07_hard:00000] loss=188.456421 tau=6.00 collapse_w=0.000 mid_frac=0.417 hard=score=2.4690181045 wNMSE=0.0073794829 wMSE=562.1716 wMRED=0.44779294 wER=0.193100 wMAE=8.4292 wBias=6.6745 condBias=13.3607 dotDrift=+18.016sigma uMRED=0.0226254533 uER=0.234375 uMAE=12.8125 WCE=102 bias=4.5000
[pop07_hard:00200] loss=70.742729 tau=6.00 collapse_w=0.000 mid_frac=0.375 hard=score=0.0569023372 wNMSE=0.00058531443 wMSE=44.5895 wMRED=0.04033445 wER=0.193100 wMAE=1.7738 wBias=-0.9844 condBias=3.3364 dotDrift=-9.435sigma uMRED=0.0066098665 uER=0.234375 uMAE=4.9375 WCE=56 bias=0.5000
[pop07_hard:00400] loss=61.555519 tau=6.00 collapse_w=0.000 mid_frac=0.333 hard=score=0.0840708458 wNMSE=0.00066466666 wMSE=50.6345 wMRED=0.04059587 wER=0.193100 wMAE=1.8210 wBias=-1.2085 condBias=3.5555 dotDrift=-10.869sigma uMRED=0.0075030237 uER=0.234375 uMAE=5.8125 WCE=84 bias=-3.5000
[pop07_hard:00599] loss=55.412178 tau=6.00 collapse_w=0.000 mid_frac=0.292 hard=score=0.0604438377 wNMSE=0.00068537613 wMSE=52.2122 wMRED=0.04849895 wER=0.193100 wMAE=1.9866 wBias=-1.0106 condBias=3.6104 dotDrift=-8.951sigma uMRED=0.0081919037 uER=0.234375 uMAE=6.3125 WCE=84 bias=-2.8750
[pop07] done (conf=0.51, noise=1.0); global best score=0.0016111764 wNMSE=0.00012742207 wMSE=9.7071 wMRED=0.02810209 wER=0.088891 wMAE=0.7864 wBias=-0.0872 condBias=1.5569 dotDrift=-1.790sigma uMRED=0.0019195893 uER=0.109375 uMAE=1.1250 WCE=16 bias=0.0000
[pop08_soft:00000] loss=2.230290 tau=1.50 collapse_w=0.000 mid_frac=0.333 hard=score=0.0207792057 wNMSE=0.0030624591 wMSE=233.2992 wMRED=0.06984622 wER=0.199081 wMAE=2.9557 wBias=-0.1328 condBias=7.6333 dotDrift=-0.557sigma uMRED=0.0179962845 uER=0.238281 uMAE=15.0625 WCE=192 bias=8.6875
[pop08_soft:00200] loss=0.671488 tau=2.25 collapse_w=0.000 mid_frac=0.292 hard=score=0.0186146550 wNMSE=0.0022528542 wMSE=171.6232 wMRED=0.07862920 wER=0.190480 wMAE=3.2566 wBias=-0.2594 condBias=6.5464 dotDrift=-1.267sigma uMRED=0.0128700312 uER=0.230469 uMAE=9.6562 WCE=96 bias=-3.8125
[pop08_soft:00400] loss=0.058802 tau=3.00 collapse_w=0.000 mid_frac=0.229 hard=score=0.0841103654 wNMSE=0.00058385882 wMSE=44.4786 wMRED=0.03605189 wER=0.169477 wMAE=1.6057 wBias=-1.2132 condBias=3.3322 dotDrift=-11.642sigma uMRED=0.0081142799 uER=0.218750 uMAE=6.6250 WCE=68 bias=-6.2500
[pop08_soft:00600] loss=0.041166 tau=3.75 collapse_w=0.000 mid_frac=0.250 hard=score=0.0743659254 wNMSE=0.00050291139 wMSE=38.3120 wMRED=0.03547296 wER=0.169477 wMAE=1.5334 wBias=-1.1409 condBias=3.0924 dotDrift=-11.796sigma uMRED=0.0075373284 uER=0.218750 uMAE=6.1250 WCE=68 bias=-5.7500
[pop08_soft:00800] loss=0.035930 tau=4.50 collapse_w=0.084 mid_frac=0.250 hard=score=0.0743659254 wNMSE=0.00050291139 wMSE=38.3120 wMRED=0.03547296 wER=0.169477 wMAE=1.5334 wBias=-1.1409 condBias=3.0924 dotDrift=-11.796sigma uMRED=0.0075373284 uER=0.218750 uMAE=6.1250 WCE=68 bias=-5.7500
[pop08_soft:01000] loss=0.040296 tau=5.25 collapse_w=0.293 mid_frac=0.229 hard=score=0.0743659254 wNMSE=0.00050291139 wMSE=38.3120 wMRED=0.03547296 wER=0.169477 wMAE=1.5334 wBias=-1.1409 condBias=3.0924 dotDrift=-11.796sigma uMRED=0.0075373284 uER=0.218750 uMAE=6.1250 WCE=68 bias=-5.7500
[pop08_soft:01199] loss=0.041085 tau=6.00 collapse_w=0.500 mid_frac=0.229 hard=score=0.0743659254 wNMSE=0.00050291139 wMSE=38.3120 wMRED=0.03547296 wER=0.169477 wMAE=1.5334 wBias=-1.1409 condBias=3.0924 dotDrift=-11.796sigma uMRED=0.0075373284 uER=0.218750 uMAE=6.1250 WCE=68 bias=-5.7500
[pop08_hard:00000] loss=80.398651 tau=6.00 collapse_w=0.000 mid_frac=0.229 hard=score=0.0743659254 wNMSE=0.00050291139 wMSE=38.3120 wMRED=0.03547296 wER=0.169477 wMAE=1.5334 wBias=-1.1409 condBias=3.0924 dotDrift=-11.796sigma uMRED=0.0075373284 uER=0.218750 uMAE=6.1250 WCE=68 bias=-5.7500
[pop08_hard:00200] loss=27.626148 tau=6.00 collapse_w=0.000 mid_frac=0.146 hard=score=0.0259632337 wNMSE=0.00056329138 wMSE=42.9117 wMRED=0.03556864 wER=0.166863 wMAE=1.5294 wBias=-0.6351 condBias=3.2732 dotDrift=-6.205sigma uMRED=0.0067137318 uER=0.203125 uMAE=5.2500 WCE=72 bias=-0.7500
[pop08_hard:00400] loss=23.563862 tau=6.00 collapse_w=0.000 mid_frac=0.125 hard=score=0.0114032353 wNMSE=0.00057375554 wMSE=43.7089 wMRED=0.04330319 wER=0.166863 wMAE=1.6606 wBias=-0.3639 condBias=3.3035 dotDrift=-3.522sigma uMRED=0.0069025626 uER=0.203125 uMAE=5.2812 WCE=72 bias=-0.5000
[pop08_hard:00599] loss=29.337009 tau=6.00 collapse_w=0.000 mid_frac=0.104 hard=score=0.0042998200 wNMSE=0.0005767765 wMSE=43.9390 wMRED=0.04707756 wER=0.166863 wMAE=1.7258 wBias=-0.0208 condBias=3.3126 dotDrift=-0.201sigma uMRED=0.0070292180 uER=0.203125 uMAE=5.3438 WCE=72 bias=-0.1250
[pop08] done (conf=0.53, noise=0.5); global best score=0.0016111764 wNMSE=0.00012742207 wMSE=9.7071 wMRED=0.02810209 wER=0.088891 wMAE=0.7864 wBias=-0.0872 condBias=1.5569 dotDrift=-1.790sigma uMRED=0.0019195893 uER=0.109375 uMAE=1.1250 WCE=16 bias=0.0000
[pop09_soft:00000] loss=4.099364 tau=1.50 collapse_w=0.000 mid_frac=0.438 hard=score=6.9131770608 wNMSE=0.033987031 wMSE=2589.1441 wMRED=1.11781397 wER=0.203413 wMAE=18.0799 wBias=-11.1029 condBias=25.4218 dotDrift=-13.965sigma uMRED=0.0377531928 uER=0.242188 uMAE=15.5703 WCE=172 bias=1.3750
[pop09_soft:00200] loss=25.877712 tau=2.25 collapse_w=0.000 mid_frac=0.417 hard=score=1.3009271800 wNMSE=0.0057145234 wMSE=435.3344 wMRED=0.28428546 wER=0.215285 wMAE=6.7584 wBias=4.8222 condBias=10.4237 dotDrift=+14.792sigma uMRED=0.0182087874 uER=0.238281 uMAE=10.8750 WCE=124 bias=4.4375
[pop09_soft:00400] loss=1.546965 tau=3.00 collapse_w=0.000 mid_frac=0.458 hard=score=0.2046975806 wNMSE=0.0017870932 wMSE=136.1414 wMRED=0.24945088 wER=0.202646 wMAE=4.3201 wBias=1.8747 condBias=5.8298 dotDrift=+10.283sigma uMRED=0.0111329180 uER=0.226562 uMAE=5.9688 WCE=56 bias=-0.5625
[pop09_soft:00600] loss=0.488577 tau=3.75 collapse_w=0.000 mid_frac=0.396 hard=score=0.2433910105 wNMSE=0.0018213988 wMSE=138.7548 wMRED=0.24054574 wER=0.168696 wMAE=4.2534 wBias=2.0556 condBias=5.8855 dotDrift=+11.168sigma uMRED=0.0109056179 uER=0.203125 uMAE=5.8750 WCE=56 bias=-0.3750
[pop09_soft:00800] loss=0.105043 tau=4.50 collapse_w=0.084 mid_frac=0.396 hard=score=0.2433910105 wNMSE=0.0018213988 wMSE=138.7548 wMRED=0.24054574 wER=0.168696 wMAE=4.2534 wBias=2.0556 condBias=5.8855 dotDrift=+11.168sigma uMRED=0.0109056179 uER=0.203125 uMAE=5.8750 WCE=56 bias=-0.3750
[pop09_soft:01000] loss=0.060127 tau=5.25 collapse_w=0.293 mid_frac=0.333 hard=score=0.2519155657 wNMSE=0.0016756922 wMSE=127.6548 wMRED=0.22477225 wER=0.168696 wMAE=3.9586 wBias=2.0981 condBias=5.6452 dotDrift=+11.885sigma uMRED=0.0104356767 uER=0.203125 uMAE=5.7188 WCE=56 bias=-0.3750
[pop09_soft:01199] loss=0.052285 tau=6.00 collapse_w=0.500 mid_frac=0.333 hard=score=0.2519155657 wNMSE=0.0016756922 wMSE=127.6548 wMRED=0.22477225 wER=0.168696 wMAE=3.9586 wBias=2.0981 condBias=5.6452 dotDrift=+11.885sigma uMRED=0.0104356767 uER=0.203125 uMAE=5.7188 WCE=56 bias=-0.3750
[pop09_hard:00000] loss=43.148064 tau=6.00 collapse_w=0.000 mid_frac=0.333 hard=score=0.2519155657 wNMSE=0.0016756922 wMSE=127.6548 wMRED=0.22477225 wER=0.168696 wMAE=3.9586 wBias=2.0981 condBias=5.6452 dotDrift=+11.885sigma uMRED=0.0104356767 uER=0.203125 uMAE=5.7188 WCE=56 bias=-0.3750
[pop09_hard:00200] loss=178.829468 tau=6.00 collapse_w=0.000 mid_frac=0.292 hard=score=4.1553052669 wNMSE=0.010113376 wMSE=770.4406 wMRED=0.60153292 wER=0.168696 wMAE=8.9898 wBias=-8.6759 condBias=17.3669 dotDrift=-20.004sigma uMRED=0.0177068160 uER=0.203125 uMAE=6.4688 WCE=94 bias=-3.1250
[pop09_hard:00400] loss=102.579063 tau=6.00 collapse_w=0.000 mid_frac=0.250 hard=score=1.9014489655 wNMSE=0.0045115121 wMSE=343.6886 wMRED=0.40094962 wER=0.169477 wMAE=6.2284 wBias=-5.8677 condBias=11.7457 dotDrift=-20.256sigma uMRED=0.0135475560 uER=0.218750 uMAE=5.8750 WCE=62 bias=-1.6250
[pop09_hard:00599] loss=80.817566 tau=6.00 collapse_w=0.000 mid_frac=0.188 hard=score=1.3494517702 wNMSE=0.0043964089 wMSE=334.9200 wMRED=0.39755839 wER=0.175954 wMAE=6.2403 wBias=-4.9271 condBias=9.8625 dotDrift=-17.231sigma uMRED=0.0139103534 uER=0.234375 uMAE=6.2188 WCE=62 bias=0.0000
[pop09] done (conf=0.51, noise=1.0); global best score=0.0016111764 wNMSE=0.00012742207 wMSE=9.7071 wMRED=0.02810209 wER=0.088891 wMAE=0.7864 wBias=-0.0872 condBias=1.5569 dotDrift=-1.790sigma uMRED=0.0019195893 uER=0.109375 uMAE=1.1250 WCE=16 bias=0.0000
[pop10_soft:00000] loss=3.215878 tau=1.50 collapse_w=0.000 mid_frac=0.375 hard=score=3.6844533787 wNMSE=0.023564155 wMSE=1795.1257 wMRED=0.85134156 wER=0.203033 wMAE=14.2696 wBias=-8.0643 condBias=21.1672 dotDrift=-12.181sigma uMRED=0.0285207686 uER=0.234375 uMAE=11.2344 WCE=160 bias=1.0000
[pop10_soft:00200] loss=9.833108 tau=2.25 collapse_w=0.000 mid_frac=0.292 hard=score=0.0120715603 wNMSE=0.00040688948 wMSE=30.9970 wMRED=0.04248234 wER=0.169477 wMAE=1.5931 wBias=-0.4046 condBias=2.7818 dotDrift=-4.651sigma uMRED=0.0067227313 uER=0.218750 uMAE=5.2188 WCE=62 bias=-2.5625
[pop10_soft:00400] loss=0.062229 tau=3.00 collapse_w=0.000 mid_frac=0.250 hard=score=0.0040016425 wNMSE=0.00054587102 wMSE=41.5846 wMRED=0.03694432 wER=0.151802 wMAE=1.5292 wBias=-0.0280 condBias=3.2227 dotDrift=-0.278sigma uMRED=0.0069516373 uER=0.210938 uMAE=5.4375 WCE=72 bias=1.5000
[pop10_soft:00600] loss=0.034882 tau=3.75 collapse_w=0.000 mid_frac=0.229 hard=score=0.0042781572 wNMSE=0.00048137262 wMSE=36.6711 wMRED=0.03578647 wER=0.148527 wMAE=1.3846 wBias=0.1166 condBias=3.0263 dotDrift=+1.232sigma uMRED=0.0057977343 uER=0.191406 uMAE=4.4375 WCE=72 bias=2.5000
[pop10_soft:00800] loss=0.030960 tau=4.50 collapse_w=0.084 mid_frac=0.208 hard=score=0.0042781572 wNMSE=0.00048137262 wMSE=36.6711 wMRED=0.03578647 wER=0.148527 wMAE=1.3846 wBias=0.1166 condBias=3.0263 dotDrift=+1.232sigma uMRED=0.0057977343 uER=0.191406 uMAE=4.4375 WCE=72 bias=2.5000
[pop10_soft:01000] loss=0.036606 tau=5.25 collapse_w=0.293 mid_frac=0.208 hard=score=0.0042781572 wNMSE=0.00048137262 wMSE=36.6711 wMRED=0.03578647 wER=0.148527 wMAE=1.3846 wBias=0.1166 condBias=3.0263 dotDrift=+1.232sigma uMRED=0.0057977343 uER=0.191406 uMAE=4.4375 WCE=72 bias=2.5000
[pop10_soft:01199] loss=0.037718 tau=6.00 collapse_w=0.500 mid_frac=0.208 hard=score=0.0042781572 wNMSE=0.00048137262 wMSE=36.6711 wMRED=0.03578647 wER=0.148527 wMAE=1.3846 wBias=0.1166 condBias=3.0263 dotDrift=+1.232sigma uMRED=0.0057977343 uER=0.191406 uMAE=4.4375 WCE=72 bias=2.5000
[pop10_hard:00000] loss=38.246029 tau=6.00 collapse_w=0.000 mid_frac=0.208 hard=score=0.0042781572 wNMSE=0.00048137262 wMSE=36.6711 wMRED=0.03578647 wER=0.148527 wMAE=1.3846 wBias=0.1166 condBias=3.0263 dotDrift=+1.232sigma uMRED=0.0057977343 uER=0.191406 uMAE=4.4375 WCE=72 bias=2.5000
[pop10_hard:00200] loss=55.738617 tau=6.00 collapse_w=0.000 mid_frac=0.208 hard=score=0.0095959899 wNMSE=0.00042585226 wMSE=32.4416 wMRED=0.03451494 wER=0.148527 wMAE=1.2468 wBias=-0.3438 condBias=2.8451 dotDrift=-3.864sigma uMRED=0.0056746948 uER=0.191406 uMAE=4.5312 WCE=102 bias=-3.5000
[pop10_hard:00400] loss=55.738617 tau=6.00 collapse_w=0.000 mid_frac=0.208 hard=score=0.0029737632 wNMSE=0.00023871842 wMSE=18.1857 wMRED=0.03390993 wER=0.148527 wMAE=1.1355 wBias=-0.1326 condBias=2.1304 dotDrift=-1.990sigma uMRED=0.0035414986 uER=0.191406 uMAE=2.4375 WCE=32 bias=0.5000
[pop10_hard:00599] loss=55.738617 tau=6.00 collapse_w=0.000 mid_frac=0.208 hard=score=0.0029737632 wNMSE=0.00023871842 wMSE=18.1857 wMRED=0.03390993 wER=0.148527 wMAE=1.1355 wBias=-0.1326 condBias=2.1304 dotDrift=-1.990sigma uMRED=0.0035414986 uER=0.191406 uMAE=2.4375 WCE=32 bias=0.5000
[pop10] done (conf=0.53, noise=0.5); global best score=0.0016111764 wNMSE=0.00012742207 wMSE=9.7071 wMRED=0.02810209 wER=0.088891 wMAE=0.7864 wBias=-0.0872 condBias=1.5569 dotDrift=-1.790sigma uMRED=0.0019195893 uER=0.109375 uMAE=1.1250 WCE=16 bias=0.0000
[pop11_soft:00000] loss=2.899101 tau=1.50 collapse_w=0.000 mid_frac=0.375 hard=score=0.3825734728 wNMSE=0.0040408602 wMSE=307.8342 wMRED=0.34380532 wER=0.216128 wMAE=6.2792 wBias=-2.5528 condBias=8.7668 dotDrift=-9.312sigma uMRED=0.0172410880 uER=0.242188 uMAE=9.7344 WCE=128 bias=5.9375
[pop11_soft:00200] loss=11.561516 tau=2.25 collapse_w=0.000 mid_frac=0.396 hard=score=0.1437729659 wNMSE=0.00099824213 wMSE=76.0464 wMRED=0.13646956 wER=0.215477 wMAE=2.9202 wBias=1.5821 condBias=4.3570 dotDrift=+11.611sigma uMRED=0.0097700011 uER=0.242188 uMAE=6.5703 WCE=109 bias=-1.5625
[pop11_soft:00400] loss=0.126672 tau=3.00 collapse_w=0.000 mid_frac=0.375 hard=score=0.3625899592 wNMSE=0.0026972617 wMSE=205.4784 wMRED=0.24366690 wER=0.173340 wMAE=5.0105 wBias=2.5141 condBias=7.1629 dotDrift=+11.225sigma uMRED=0.0146645862 uER=0.218750 uMAE=8.9375 WCE=110 bias=-3.8750
[pop11_soft:00600] loss=0.097634 tau=3.75 collapse_w=0.000 mid_frac=0.333 hard=score=0.7325123307 wNMSE=0.0019322141 wMSE=147.1968 wMRED=0.23493552 wER=0.173340 wMAE=4.2293 wBias=3.6363 condBias=7.2794 dotDrift=+19.182sigma uMRED=0.0103934476 uER=0.218750 uMAE=5.4375 WCE=58 bias=1.1250
[pop11_soft:00800] loss=0.041585 tau=4.50 collapse_w=0.084 mid_frac=0.333 hard=score=0.7325123307 wNMSE=0.0019322141 wMSE=147.1968 wMRED=0.23493552 wER=0.173340 wMAE=4.2293 wBias=3.6363 condBias=7.2794 dotDrift=+19.182sigma uMRED=0.0103934476 uER=0.218750 uMAE=5.4375 WCE=58 bias=1.1250
[pop11_soft:01000] loss=0.042380 tau=5.25 collapse_w=0.293 mid_frac=0.312 hard=score=0.7325123307 wNMSE=0.0019322141 wMSE=147.1968 wMRED=0.23493552 wER=0.173340 wMAE=4.2293 wBias=3.6363 condBias=7.2794 dotDrift=+19.182sigma uMRED=0.0103934476 uER=0.218750 uMAE=5.4375 WCE=58 bias=1.1250
[pop11_soft:01199] loss=0.039486 tau=6.00 collapse_w=0.500 mid_frac=0.271 hard=score=0.7080011435 wNMSE=0.0019134397 wMSE=145.7665 wMRED=0.23446639 wER=0.173340 wMAE=4.1670 wBias=3.5740 condBias=7.1547 dotDrift=+18.946sigma uMRED=0.0098293886 uER=0.218750 uMAE=4.9375 WCE=58 bias=0.6250
[pop11_hard:00000] loss=55.658234 tau=6.00 collapse_w=0.000 mid_frac=0.271 hard=score=0.7080011435 wNMSE=0.0019134397 wMSE=145.7665 wMRED=0.23446639 wER=0.173340 wMAE=4.1670 wBias=3.5740 condBias=7.1547 dotDrift=+18.946sigma uMRED=0.0098293886 uER=0.218750 uMAE=4.9375 WCE=58 bias=0.6250
[pop11_hard:00200] loss=37.566563 tau=6.00 collapse_w=0.000 mid_frac=0.292 hard=score=0.0288776403 wNMSE=0.002207986 wMSE=168.2052 wMRED=0.14921554 wER=0.173340 wMAE=3.8691 wBias=-0.4980 condBias=6.4808 dotDrift=-2.458sigma uMRED=0.0105207239 uER=0.218750 uMAE=6.3750 WCE=90 bias=-4.8750
[pop11_hard:00400] loss=67.599930 tau=6.00 collapse_w=0.000 mid_frac=0.271 hard=score=0.0203077424 wNMSE=0.0022775818 wMSE=173.5070 wMRED=0.14943675 wER=0.173340 wMAE=3.9106 wBias=-0.2868 condBias=6.5820 dotDrift=-1.393sigma uMRED=0.0113450790 uER=0.218750 uMAE=7.1875 WCE=90 bias=-0.8750
[pop11_hard:00599] loss=32.213516 tau=6.00 collapse_w=0.000 mid_frac=0.229 hard=score=0.2433642862 wNMSE=0.0010143264 wMSE=77.2717 wMRED=0.13589350 wER=0.173340 wMAE=2.9401 wBias=2.0824 condBias=4.3920 dotDrift=+15.161sigma uMRED=0.0087385442 uER=0.218750 uMAE=5.5000 WCE=80 bias=3.6250
[pop11] done (conf=0.51, noise=1.0); global best score=0.0016111764 wNMSE=0.00012742207 wMSE=9.7071 wMRED=0.02810209 wER=0.088891 wMAE=0.7864 wBias=-0.0872 condBias=1.5569 dotDrift=-1.790sigma uMRED=0.0019195893 uER=0.109375 uMAE=1.1250 WCE=16 bias=0.0000
[best] stage=guard_baseline score=0.0016111764 wNMSE=0.00012742207 wMSE=9.7071 wMRED=0.02810209 wER=0.088891 wMAE=0.7864 wBias=-0.0872 condBias=1.5569 dotDrift=-1.790sigma uMRED=0.0019195893 uER=0.109375 uMAE=1.1250 WCE=16 bias=0.0000
[best-json] /home/xuanqi/tony/work/FPGA/signed8x8_approx/signed8x8_2026_8_22/runs_qwen_legacy_refactor_20260916/quality/rand615/best_signed88_inits.json
[best-rtl] /home/xuanqi/tony/work/FPGA/signed8x8_approx/signed8x8_2026_8_22/runs_qwen_legacy_refactor_20260916/quality/rand615/best_rtl
[design] quality search_bits=48
[safety] max_zero_violations=0 max_workload_zero_violation_probability=0
[metric-guard] relative_to_base=0.02 limits={'max_zero_violations': 0, 'max_workload_zero_violation_probability': 0.0, 'max_wce': 16, 'max_er': 0.11156250000000001, 'max_mred': 0.001957981082714989, 'max_ned': 7.0037841796875e-05, 'max_rmse': 3.9504430131315655, 'max_nmse': 5.129411661762673e-07, 'max_abs_bias': 0.06051536478449089, 'max_workload_wce': 16, 'max_workload_er': 0.09066865361524373, 'max_workload_mred': 0.02866412993103653, 'max_workload_ned': 4.89576713823333e-05, 'max_workload_rmse': 3.1779276565721166, 'max_workload_nmse': 0.00012997051593010618, 'max_abs_workload_bias': 0.08890147835055814, 'max_conditional_bias_rms': 1.5880176161605608}
[start] score=0.0016111764 wNMSE=0.00012742207 wMSE=9.7071 wMRED=0.02810209 wER=0.088891 wMAE=0.7864 wBias=-0.0872 condBias=1.5569 dotDrift=-1.790sigma uMRED=0.0019195893 uER=0.109375 uMAE=1.1250 WCE=16 bias=0.0000
[single] round=1 no improvement
[pair] ACCEPT ['cp_lut23:47', 'cp_lut23:51'] 0.0016111764->0.0009163530 wNMSE=3.6935493e-05 wBias=-0.08030
[pair] ACCEPT ['cp_lut23:31', 'cp_lut23:15'] 0.0009163530->0.0005958120 wNMSE=5.2609532e-05 wBias=+0.00857
[pair] round=3 no improvement
[final] score=0.0005958120 wNMSE=5.2609532e-05 wMSE=4.0078 wMRED=0.01528248 wER=0.083718 wMAE=0.5313 wBias=0.0086 condBias=1.0004 dotDrift=+0.274sigma uMRED=0.0012490528 uER=0.109375 uMAE=0.7500 WCE=12 bias=0.0000
[json] /home/xuanqi/tony/work/FPGA/signed8x8_approx/signed8x8_2026_8_22/runs_qwen_legacy_refactor_20260916/quality/rand615/refined/best_signed88_inits.json
