[initial-infeasible] random start violates zero-product safety: zero_violations=148, workload_zero_probability=0.0776177181068; using guard baseline as deployable best
[design] default_split quad4 entries=168
[device] cuda
[safety] max_zero_violations=0 max_workload_zero_violation_probability=0
[initial] score=6735.4496127026 wNMSE=11.215112 wMSE=854371.2040 wMRED=26.79288745 wER=0.579913 wMAE=469.6958 wBias=350.8093 condBias=577.7457 dotDrift=+24.290sigma uMRED=1.0626657300 uER=0.571533 uMAE=431.4238 WCE=2960 bias=114.8125
[aligned-objective] schema=aligned_ai_metrics_v2 loss_mode=legacy_aligned guard_tolerance=0.1 constraint_weight=10
[quad_warmup_bit:00000] loss=62.211941 tau=1.50 collapse_w=0.000 mid_frac=0.476 hard=score=6735.4496127026 wNMSE=11.215112 wMSE=854371.2040 wMRED=26.79288745 wER=0.579913 wMAE=469.6958 wBias=350.8093 condBias=577.7457 dotDrift=+24.290sigma uMRED=1.0626657300 uER=0.571533 uMAE=431.4238 WCE=2960 bias=114.8125
[quad_warmup_bit:00200] loss=16.050751 tau=1.50 collapse_w=0.000 mid_frac=0.458 hard=score=595.6487053668 wNMSE=2.8474648 wMSE=216920.8840 wMRED=10.46981446 wER=0.581808 wMAE=207.5758 wBias=-103.1008 condBias=269.5654 dotDrift=-14.167sigma uMRED=0.6192647586 uER=0.573730 uMAE=300.6538 WCE=3416 bias=-167.5625
[quad_warmup_bit:00400] loss=6.340686 tau=1.50 collapse_w=0.000 mid_frac=0.423 hard=score=703.4271941211 wNMSE=1.8699362 wMSE=142452.4040 wMRED=9.22002442 wER=0.525827 wMAE=178.4579 wBias=-113.1222 condBias=219.2457 dotDrift=-19.182sigma uMRED=0.5531691653 uER=0.568604 uMAE=287.8281 WCE=2388 bias=-117.6250
[quad_warmup_bit:00600] loss=4.772240 tau=1.50 collapse_w=0.000 mid_frac=0.417 hard=score=751.3186333375 wNMSE=1.0316588 wMSE=78592.1316 wMRED=9.01595811 wER=0.465263 wMAE=135.8132 wBias=-117.3857 condBias=187.4747 dotDrift=-26.798sigma uMRED=0.4297499457 uER=0.555176 uMAE=204.6309 WCE=1364 bias=-54.3750
[quad_warmup_bit:00800] loss=3.669610 tau=1.50 collapse_w=0.000 mid_frac=0.351 hard=score=5.8109020054 wNMSE=1.1084285 wMSE=84440.4746 wMRED=4.20102175 wER=0.455277 wMAE=115.1516 wBias=-3.7660 condBias=86.4643 dotDrift=-0.829sigma uMRED=0.3979631991 uER=0.548340 uMAE=203.0430 WCE=3408 bias=25.8750
[quad_warmup_bit:01000] loss=2.942202 tau=1.50 collapse_w=0.000 mid_frac=0.304 hard=score=16.8165002894 wNMSE=0.92756542 wMSE=70662.2639 wMRED=3.49150613 wER=0.456949 wMAE=95.4366 wBias=-15.5152 condBias=81.0808 dotDrift=-3.735sigma uMRED=0.3673183450 uER=0.550781 uMAE=193.8301 WCE=3408 bias=20.2500
[quad_warmup_bit:01200] loss=2.420026 tau=1.50 collapse_w=0.000 mid_frac=0.250 hard=score=14.4540641443 wNMSE=0.37468637 wMSE=28543.7409 wMRED=2.92981012 wER=0.451856 wMAE=78.4314 wBias=-14.8540 condBias=78.8142 dotDrift=-5.627sigma uMRED=0.2623650323 uER=0.523438 uMAE=152.0039 WCE=1280 bias=6.2500
[quad_warmup_bit:01400] loss=2.142738 tau=1.50 collapse_w=0.000 mid_frac=0.262 hard=score=15.8297103125 wNMSE=0.37928886 wMSE=28894.3605 wMRED=2.89109223 wER=0.431303 wMAE=78.0844 wBias=-15.7301 condBias=76.4055 dotDrift=-5.923sigma uMRED=0.2569510428 uER=0.487549 uMAE=150.6914 WCE=1280 bias=4.8750
[quad_warmup_bit:01600] loss=1.630189 tau=1.50 collapse_w=0.000 mid_frac=0.250 hard=score=6.3425262175 wNMSE=0.36002741 wMSE=27427.0163 wMRED=2.46349059 wER=0.433400 wMAE=72.9158 wBias=-8.6314 condBias=77.4122 dotDrift=-3.336sigma uMRED=0.2496762521 uER=0.488281 uMAE=148.4336 WCE=1280 bias=8.0000
[quad_warmup_bit:01800] loss=1.591375 tau=1.50 collapse_w=0.000 mid_frac=0.250 hard=score=13.0474158540 wNMSE=0.35269611 wMSE=26868.5156 wMRED=2.33149118 wER=0.403762 wMAE=69.5537 wBias=-14.1950 condBias=75.7069 dotDrift=-5.542sigma uMRED=0.2448373189 uER=0.479492 uMAE=147.1758 WCE=1280 bias=6.0000
[quad_warmup_bit:02000] loss=1.567480 tau=1.50 collapse_w=0.000 mid_frac=0.238 hard=score=9.4609513480 wNMSE=0.34282288 wMSE=26116.3693 wMRED=2.26498992 wER=0.383975 wMAE=67.3026 wBias=-11.7576 condBias=72.6858 dotDrift=-4.656sigma uMRED=0.2404161641 uER=0.465576 uMAE=144.7773 WCE=1280 bias=9.5000
[quad_warmup_bit:02200] loss=1.549772 tau=1.50 collapse_w=0.000 mid_frac=0.214 hard=score=5.5545323163 wNMSE=0.35024212 wMSE=26681.5697 wMRED=2.33254398 wER=0.370261 wMAE=63.5003 wBias=7.6537 condBias=85.9011 dotDrift=+2.999sigma uMRED=0.2550693651 uER=0.463379 uMAE=143.6348 WCE=1280 bias=29.0000
[quad_warmup_bit:02400] loss=1.535541 tau=1.50 collapse_w=0.000 mid_frac=0.196 hard=score=5.3776918425 wNMSE=0.37721027 wMSE=28736.0123 wMRED=2.30533453 wER=0.357968 wMAE=64.0555 wBias=7.2169 condBias=89.1560 dotDrift=+2.725sigma uMRED=0.2762508209 uER=0.457520 uMAE=159.6973 WCE=1552 bias=13.5000
[quad_warmup_bit:02600] loss=1.524599 tau=1.50 collapse_w=0.000 mid_frac=0.196 hard=score=5.8510891414 wNMSE=0.37827559 wMSE=28817.1690 wMRED=2.28555285 wER=0.359728 wMAE=63.6039 wBias=7.7605 condBias=89.5465 dotDrift=+2.926sigma uMRED=0.2769007984 uER=0.469238 uMAE=160.9512 WCE=1552 bias=13.5000
[quad_warmup_bit:02800] loss=1.517187 tau=1.50 collapse_w=0.000 mid_frac=0.179 hard=score=2.5845641265 wNMSE=0.34250438 wMSE=26092.1058 wMRED=2.27002695 wER=0.359728 wMAE=62.2733 wBias=-2.1196 condBias=85.5950 dotDrift=-0.840sigma uMRED=0.2670663982 uER=0.469238 uMAE=154.6543 WCE=1552 bias=-50.5000
[quad_warmup_bit:03000] loss=1.511621 tau=1.50 collapse_w=0.000 mid_frac=0.167 hard=score=2.6512182572 wNMSE=0.34253337 wMSE=26094.3142 wMRED=2.29825748 wER=0.381492 wMAE=62.6744 wBias=-2.3919 condBias=85.6399 dotDrift=-0.948sigma uMRED=0.2675768988 uER=0.481689 uMAE=154.6719 WCE=1552 bias=-50.7500
[quad_warmup_bit:03200] loss=0.940956 tau=1.50 collapse_w=0.000 mid_frac=0.167 hard=score=2.6512182572 wNMSE=0.34253337 wMSE=26094.3142 wMRED=2.29825748 wER=0.381492 wMAE=62.6744 wBias=-2.3919 condBias=85.6399 dotDrift=-0.948sigma uMRED=0.2675768988 uER=0.481689 uMAE=154.6719 WCE=1552 bias=-50.7500
[quad_warmup_bit:03400] loss=0.935717 tau=1.50 collapse_w=0.000 mid_frac=0.167 hard=score=2.6075722254 wNMSE=0.28150024 wMSE=21444.7888 wMRED=1.95644539 wER=0.351607 wMAE=54.1850 wBias=3.8152 condBias=72.8594 dotDrift=+1.667sigma uMRED=0.2495245469 uER=0.475098 uMAE=150.6836 WCE=1536 bias=-60.2500
[quad_warmup_bit:03600] loss=0.930662 tau=1.50 collapse_w=0.000 mid_frac=0.179 hard=score=3.1859208771 wNMSE=0.27773677 wMSE=21158.0860 wMRED=1.93733278 wER=0.347170 wMAE=53.3179 wBias=5.1775 condBias=71.1813 dotDrift=+2.278sigma uMRED=0.2445002915 uER=0.454590 uMAE=147.8320 WCE=1472 bias=-56.2500
[quad_warmup_bit:03800] loss=0.927213 tau=1.50 collapse_w=0.000 mid_frac=0.179 hard=score=5.8628552205 wNMSE=0.26751828 wMSE=20379.6381 wMRED=1.86742838 wER=0.325604 wMAE=50.4522 wBias=8.8265 condBias=69.4150 dotDrift=+3.957sigma uMRED=0.2260247608 uER=0.434082 uMAE=133.2520 WCE=1472 bias=-38.2500
[quad_warmup_bit:04000] loss=0.924335 tau=1.50 collapse_w=0.000 mid_frac=0.185 hard=score=8.9986707567 wNMSE=0.26583211 wMSE=20251.1846 wMRED=1.67271282 wER=0.303449 wMAE=48.2260 wBias=11.6650 condBias=68.9930 dotDrift=+5.246sigma uMRED=0.2227383838 uER=0.426758 uMAE=133.1035 WCE=1472 bias=-35.7500
[quad_warmup_bit:04200] loss=0.920971 tau=1.50 collapse_w=0.000 mid_frac=0.185 hard=score=14.9236189542 wNMSE=0.2746481 wMSE=20922.7903 wMRED=1.64920230 wER=0.299186 wMAE=47.1784 wBias=15.6128 condBias=71.4549 dotDrift=+6.908sigma uMRED=0.2275021780 uER=0.415771 uMAE=136.1035 WCE=1472 bias=-25.7500
[quad_warmup_bit:04400] loss=0.919687 tau=1.50 collapse_w=0.000 mid_frac=0.179 hard=score=14.9236189542 wNMSE=0.2746481 wMSE=20922.7903 wMRED=1.64920230 wER=0.299186 wMAE=47.1784 wBias=15.6128 condBias=71.4549 dotDrift=+6.908sigma uMRED=0.2275021780 uER=0.415771 uMAE=136.1035 WCE=1472 bias=-25.7500
[quad_warmup_bit:04600] loss=0.918574 tau=1.50 collapse_w=0.000 mid_frac=0.179 hard=score=14.9236189542 wNMSE=0.2746481 wMSE=20922.7903 wMRED=1.64920230 wER=0.299186 wMAE=47.1784 wBias=15.6128 condBias=71.4549 dotDrift=+6.908sigma uMRED=0.2275021780 uER=0.415771 uMAE=136.1035 WCE=1472 bias=-25.7500
[quad_warmup_bit:04800] loss=0.917170 tau=1.50 collapse_w=0.000 mid_frac=0.167 hard=score=16.1789520270 wNMSE=0.23544028 wMSE=17935.9241 wMRED=1.62789084 wER=0.299186 wMAE=45.2250 wBias=16.4912 condBias=64.3921 dotDrift=+7.881sigma uMRED=0.1928747883 uER=0.415771 uMAE=116.5137 WCE=1216 bias=-25.7500
[quad_warmup_bit:05000] loss=0.916040 tau=1.50 collapse_w=0.000 mid_frac=0.161 hard=score=16.1789520270 wNMSE=0.23544028 wMSE=17935.9241 wMRED=1.62789084 wER=0.299186 wMAE=45.2250 wBias=16.4912 condBias=64.3921 dotDrift=+7.881sigma uMRED=0.1928747883 uER=0.415771 uMAE=116.5137 WCE=1216 bias=-25.7500
[quad_warmup_bit:05200] loss=0.914883 tau=1.50 collapse_w=0.000 mid_frac=0.149 hard=score=16.1789520270 wNMSE=0.23544028 wMSE=17935.9241 wMRED=1.62789084 wER=0.299186 wMAE=45.2250 wBias=16.4912 condBias=64.3921 dotDrift=+7.881sigma uMRED=0.1928747883 uER=0.415771 uMAE=116.5137 WCE=1216 bias=-25.7500
[quad_warmup_bit:05400] loss=0.913373 tau=1.50 collapse_w=0.000 mid_frac=0.149 hard=score=17.2510468645 wNMSE=0.23538792 wMSE=17931.9352 wMRED=1.62734804 wER=0.298539 wMAE=44.9236 wBias=17.0754 condBias=65.0614 dotDrift=+8.161sigma uMRED=0.1954652089 uER=0.401855 uMAE=112.3379 WCE=1216 bias=-17.5000
[quad_warmup_bit:05600] loss=0.911873 tau=1.50 collapse_w=0.000 mid_frac=0.143 hard=score=17.2510468645 wNMSE=0.23538792 wMSE=17931.9352 wMRED=1.62734804 wER=0.298539 wMAE=44.9236 wBias=17.0754 condBias=65.0614 dotDrift=+8.161sigma uMRED=0.1954652089 uER=0.401855 uMAE=112.3379 WCE=1216 bias=-17.5000
[quad_warmup_bit:05800] loss=0.911622 tau=1.50 collapse_w=0.000 mid_frac=0.137 hard=score=22.0433726646 wNMSE=0.21724659 wMSE=16549.9229 wMRED=1.60056759 wER=0.295231 wMAE=42.4564 wBias=19.5454 condBias=62.1219 dotDrift=+9.724sigma uMRED=0.1712172276 uER=0.383301 uMAE=96.3535 WCE=1216 bias=-1.5000
[quad_warmup_bit:05999] loss=0.203649 tau=1.50 collapse_w=0.000 mid_frac=0.143 hard=score=22.0433726646 wNMSE=0.21724659 wMSE=16549.9229 wMRED=1.60056759 wER=0.295231 wMAE=42.4564 wBias=19.5454 condBias=62.1219 dotDrift=+9.724sigma uMRED=0.1712172276 uER=0.383301 uMAE=96.3535 WCE=1216 bias=-1.5000
[quad_soft:00000] loss=0.475488 tau=1.50 collapse_w=0.000 mid_frac=0.143 hard=score=22.0433726646 wNMSE=0.21724659 wMSE=16549.9229 wMRED=1.60056759 wER=0.295231 wMAE=42.4564 wBias=19.5454 condBias=62.1219 dotDrift=+9.724sigma uMRED=0.1712172276 uER=0.383301 uMAE=96.3535 WCE=1216 bias=-1.5000
[quad_soft:00200] loss=0.356697 tau=1.59 collapse_w=0.000 mid_frac=0.125 hard=score=1.5861816427 wNMSE=0.13971415 wMSE=10643.4739 wMRED=1.51147084 wER=0.282584 wMAE=37.0978 wBias=3.2186 condBias=56.5916 dotDrift=+1.997sigma uMRED=0.1509918938 uER=0.376953 uMAE=85.2578 WCE=1216 bias=-31.7500
[quad_soft:00400] loss=0.348816 tau=1.68 collapse_w=0.000 mid_frac=0.107 hard=score=1.5350301384 wNMSE=0.14473191 wMSE=11025.7286 wMRED=1.67346648 wER=0.286919 wMAE=38.6427 wBias=2.7626 condBias=58.9189 dotDrift=+1.684sigma uMRED=0.1570456290 uER=0.389648 uMAE=87.3242 WCE=1184 bias=-33.7500
[quad_soft:00600] loss=0.351751 tau=1.77 collapse_w=0.000 mid_frac=0.101 hard=score=1.5170413715 wNMSE=0.14211872 wMSE=10826.6550 wMRED=1.66782051 wER=0.304810 wMAE=38.1995 wBias=2.8132 condBias=57.9459 dotDrift=+1.730sigma uMRED=0.1558187925 uER=0.402588 uMAE=86.4648 WCE=1184 bias=-33.2500
[quad_soft:00800] loss=0.358034 tau=1.86 collapse_w=0.000 mid_frac=0.101 hard=score=1.5388188295 wNMSE=0.14193613 wMSE=10812.7449 wMRED=1.66625711 wER=0.304810 wMAE=38.1202 wBias=2.8936 condBias=57.8676 dotDrift=+1.781sigma uMRED=0.1556571741 uER=0.402588 uMAE=86.3555 WCE=1184 bias=-33.1250
[quad_soft:01000] loss=0.370526 tau=1.95 collapse_w=0.000 mid_frac=0.101 hard=score=1.5388188295 wNMSE=0.14193613 wMSE=10812.7449 wMRED=1.66625711 wER=0.304810 wMAE=38.1202 wBias=2.8936 condBias=57.8676 dotDrift=+1.781sigma uMRED=0.1556571741 uER=0.402588 uMAE=86.3555 WCE=1184 bias=-33.1250
[quad_soft:01200] loss=0.378310 tau=2.04 collapse_w=0.000 mid_frac=0.095 hard=score=1.5388188295 wNMSE=0.14193613 wMSE=10812.7449 wMRED=1.66625711 wER=0.304810 wMAE=38.1202 wBias=2.8936 condBias=57.8676 dotDrift=+1.781sigma uMRED=0.1556571741 uER=0.402588 uMAE=86.3555 WCE=1184 bias=-33.1250
[quad_soft:01400] loss=0.386095 tau=2.13 collapse_w=0.000 mid_frac=0.095 hard=score=1.5388188295 wNMSE=0.14193613 wMSE=10812.7449 wMRED=1.66625711 wER=0.304810 wMAE=38.1202 wBias=2.8936 condBias=57.8676 dotDrift=+1.781sigma uMRED=0.1556571741 uER=0.402588 uMAE=86.3555 WCE=1184 bias=-33.1250
[quad_soft:01600] loss=0.384450 tau=2.22 collapse_w=0.000 mid_frac=0.107 hard=score=2.4520966042 wNMSE=0.13467663 wMSE=10259.7137 wMRED=1.62422574 wER=0.283037 wMAE=36.1023 wBias=5.2405 condBias=54.6590 dotDrift=+3.311sigma uMRED=0.1487458064 uER=0.380859 uMAE=82.6484 WCE=1184 bias=-29.6250
[quad_soft:01800] loss=0.391351 tau=2.31 collapse_w=0.000 mid_frac=0.107 hard=score=2.4520966042 wNMSE=0.13467663 wMSE=10259.7137 wMRED=1.62422574 wER=0.283037 wMAE=36.1023 wBias=5.2405 condBias=54.6590 dotDrift=+3.311sigma uMRED=0.1487458064 uER=0.380859 uMAE=82.6484 WCE=1184 bias=-29.6250
[quad_soft:02000] loss=0.396627 tau=2.40 collapse_w=0.000 mid_frac=0.101 hard=score=2.4520966042 wNMSE=0.13467663 wMSE=10259.7137 wMRED=1.62422574 wER=0.283037 wMAE=36.1023 wBias=5.2405 condBias=54.6590 dotDrift=+3.311sigma uMRED=0.1487458064 uER=0.380859 uMAE=82.6484 WCE=1184 bias=-29.6250
[quad_soft:02200] loss=0.402900 tau=2.49 collapse_w=0.000 mid_frac=0.107 hard=score=2.4520966042 wNMSE=0.13467663 wMSE=10259.7137 wMRED=1.62422574 wER=0.283037 wMAE=36.1023 wBias=5.2405 condBias=54.6590 dotDrift=+3.311sigma uMRED=0.1487458064 uER=0.380859 uMAE=82.6484 WCE=1184 bias=-29.6250
[quad_soft:02400] loss=0.410849 tau=2.58 collapse_w=0.000 mid_frac=0.107 hard=score=2.4520966042 wNMSE=0.13467663 wMSE=10259.7137 wMRED=1.62422574 wER=0.283037 wMAE=36.1023 wBias=5.2405 condBias=54.6590 dotDrift=+3.311sigma uMRED=0.1487458064 uER=0.380859 uMAE=82.6484 WCE=1184 bias=-29.6250
[quad_soft:02600] loss=0.419158 tau=2.67 collapse_w=0.000 mid_frac=0.113 hard=score=2.4520966042 wNMSE=0.13467663 wMSE=10259.7137 wMRED=1.62422574 wER=0.283037 wMAE=36.1023 wBias=5.2405 condBias=54.6590 dotDrift=+3.311sigma uMRED=0.1487458064 uER=0.380859 uMAE=82.6484 WCE=1184 bias=-29.6250
[quad_soft:02800] loss=0.425470 tau=2.76 collapse_w=0.000 mid_frac=0.107 hard=score=2.4520966042 wNMSE=0.13467663 wMSE=10259.7137 wMRED=1.62422574 wER=0.283037 wMAE=36.1023 wBias=5.2405 condBias=54.6590 dotDrift=+3.311sigma uMRED=0.1487458064 uER=0.380859 uMAE=82.6484 WCE=1184 bias=-29.6250
[quad_soft:03000] loss=0.429938 tau=2.85 collapse_w=0.000 mid_frac=0.101 hard=score=2.4520966042 wNMSE=0.13467663 wMSE=10259.7137 wMRED=1.62422574 wER=0.283037 wMAE=36.1023 wBias=5.2405 condBias=54.6590 dotDrift=+3.311sigma uMRED=0.1487458064 uER=0.380859 uMAE=82.6484 WCE=1184 bias=-29.6250
[quad_soft:03200] loss=0.437937 tau=2.94 collapse_w=0.000 mid_frac=0.101 hard=score=2.4520966042 wNMSE=0.13467663 wMSE=10259.7137 wMRED=1.62422574 wER=0.283037 wMAE=36.1023 wBias=5.2405 condBias=54.6590 dotDrift=+3.311sigma uMRED=0.1487458064 uER=0.380859 uMAE=82.6484 WCE=1184 bias=-29.6250
[quad_soft:03400] loss=0.444952 tau=3.03 collapse_w=0.000 mid_frac=0.095 hard=score=2.4520966042 wNMSE=0.13467663 wMSE=10259.7137 wMRED=1.62422574 wER=0.283037 wMAE=36.1023 wBias=5.2405 condBias=54.6590 dotDrift=+3.311sigma uMRED=0.1487458064 uER=0.380859 uMAE=82.6484 WCE=1184 bias=-29.6250
[quad_soft:03600] loss=0.449080 tau=3.12 collapse_w=0.000 mid_frac=0.095 hard=score=2.4520966042 wNMSE=0.13467663 wMSE=10259.7137 wMRED=1.62422574 wER=0.283037 wMAE=36.1023 wBias=5.2405 condBias=54.6590 dotDrift=+3.311sigma uMRED=0.1487458064 uER=0.380859 uMAE=82.6484 WCE=1184 bias=-29.6250
[quad_soft:03800] loss=0.457247 tau=3.21 collapse_w=0.000 mid_frac=0.101 hard=score=2.4520966042 wNMSE=0.13467663 wMSE=10259.7137 wMRED=1.62422574 wER=0.283037 wMAE=36.1023 wBias=5.2405 condBias=54.6590 dotDrift=+3.311sigma uMRED=0.1487458064 uER=0.380859 uMAE=82.6484 WCE=1184 bias=-29.6250
[quad_soft:04000] loss=0.461158 tau=3.30 collapse_w=0.000 mid_frac=0.101 hard=score=2.4520966042 wNMSE=0.13467663 wMSE=10259.7137 wMRED=1.62422574 wER=0.283037 wMAE=36.1023 wBias=5.2405 condBias=54.6590 dotDrift=+3.311sigma uMRED=0.1487458064 uER=0.380859 uMAE=82.6484 WCE=1184 bias=-29.6250
[quad_soft:04200] loss=0.454957 tau=3.39 collapse_w=0.000 mid_frac=0.101 hard=score=2.4520966042 wNMSE=0.13467663 wMSE=10259.7137 wMRED=1.62422574 wER=0.283037 wMAE=36.1023 wBias=5.2405 condBias=54.6590 dotDrift=+3.311sigma uMRED=0.1487458064 uER=0.380859 uMAE=82.6484 WCE=1184 bias=-29.6250
[quad_soft:04400] loss=0.448405 tau=3.48 collapse_w=0.000 mid_frac=0.107 hard=score=2.4520966042 wNMSE=0.13467663 wMSE=10259.7137 wMRED=1.62422574 wER=0.283037 wMAE=36.1023 wBias=5.2405 condBias=54.6590 dotDrift=+3.311sigma uMRED=0.1487458064 uER=0.380859 uMAE=82.6484 WCE=1184 bias=-29.6250
[quad_soft:04600] loss=0.441953 tau=3.57 collapse_w=0.000 mid_frac=0.113 hard=score=3.1434112361 wNMSE=0.15260183 wMSE=11625.2618 wMRED=1.63090163 wER=0.283037 wMAE=37.0284 wBias=6.1666 condBias=57.9456 dotDrift=+3.660sigma uMRED=0.1701732568 uER=0.380859 uMAE=98.6484 WCE=1184 bias=-13.6250
[quad_soft:04800] loss=0.420522 tau=3.66 collapse_w=0.000 mid_frac=0.113 hard=score=3.1434112361 wNMSE=0.15260183 wMSE=11625.2618 wMRED=1.63090163 wER=0.283037 wMAE=37.0284 wBias=6.1666 condBias=57.9456 dotDrift=+3.660sigma uMRED=0.1701732568 uER=0.380859 uMAE=98.6484 WCE=1184 bias=-13.6250
[quad_soft:05000] loss=0.413126 tau=3.75 collapse_w=0.000 mid_frac=0.113 hard=score=3.1434112361 wNMSE=0.15260183 wMSE=11625.2618 wMRED=1.63090163 wER=0.283037 wMAE=37.0284 wBias=6.1666 condBias=57.9456 dotDrift=+3.660sigma uMRED=0.1701732568 uER=0.380859 uMAE=98.6484 WCE=1184 bias=-13.6250
[quad_soft:05200] loss=0.406550 tau=3.84 collapse_w=0.000 mid_frac=0.119 hard=score=3.1434112361 wNMSE=0.15260183 wMSE=11625.2618 wMRED=1.63090163 wER=0.283037 wMAE=37.0284 wBias=6.1666 condBias=57.9456 dotDrift=+3.660sigma uMRED=0.1701732568 uER=0.380859 uMAE=98.6484 WCE=1184 bias=-13.6250
[quad_soft:05400] loss=0.400313 tau=3.93 collapse_w=0.000 mid_frac=0.119 hard=score=3.1434112361 wNMSE=0.15260183 wMSE=11625.2618 wMRED=1.63090163 wER=0.283037 wMAE=37.0284 wBias=6.1666 condBias=57.9456 dotDrift=+3.660sigma uMRED=0.1701732568 uER=0.380859 uMAE=98.6484 WCE=1184 bias=-13.6250
[quad_soft:05600] loss=0.393421 tau=4.02 collapse_w=0.000 mid_frac=0.119 hard=score=3.1434112361 wNMSE=0.15260183 wMSE=11625.2618 wMRED=1.63090163 wER=0.283037 wMAE=37.0284 wBias=6.1666 condBias=57.9456 dotDrift=+3.660sigma uMRED=0.1701732568 uER=0.380859 uMAE=98.6484 WCE=1184 bias=-13.6250
[quad_soft:05800] loss=0.386341 tau=4.11 collapse_w=0.000 mid_frac=0.119 hard=score=3.1434112361 wNMSE=0.15260183 wMSE=11625.2618 wMRED=1.63090163 wER=0.283037 wMAE=37.0284 wBias=6.1666 condBias=57.9456 dotDrift=+3.660sigma uMRED=0.1701732568 uER=0.380859 uMAE=98.6484 WCE=1184 bias=-13.6250
[quad_soft:06000] loss=0.379884 tau=4.20 collapse_w=0.000 mid_frac=0.119 hard=score=3.1434112361 wNMSE=0.15260183 wMSE=11625.2618 wMRED=1.63090163 wER=0.283037 wMAE=37.0284 wBias=6.1666 condBias=57.9456 dotDrift=+3.660sigma uMRED=0.1701732568 uER=0.380859 uMAE=98.6484 WCE=1184 bias=-13.6250
[quad_soft:06200] loss=0.374269 tau=4.29 collapse_w=0.025 mid_frac=0.119 hard=score=3.1434112361 wNMSE=0.15260183 wMSE=11625.2618 wMRED=1.63090163 wER=0.283037 wMAE=37.0284 wBias=6.1666 condBias=57.9456 dotDrift=+3.660sigma uMRED=0.1701732568 uER=0.380859 uMAE=98.6484 WCE=1184 bias=-13.6250
[quad_soft:06400] loss=0.368116 tau=4.38 collapse_w=0.050 mid_frac=0.125 hard=score=3.1434112361 wNMSE=0.15260183 wMSE=11625.2618 wMRED=1.63090163 wER=0.283037 wMAE=37.0284 wBias=6.1666 condBias=57.9456 dotDrift=+3.660sigma uMRED=0.1701732568 uER=0.380859 uMAE=98.6484 WCE=1184 bias=-13.6250
[quad_soft:06600] loss=0.361766 tau=4.47 collapse_w=0.075 mid_frac=0.125 hard=score=3.1434112361 wNMSE=0.15260183 wMSE=11625.2618 wMRED=1.63090163 wER=0.283037 wMAE=37.0284 wBias=6.1666 condBias=57.9456 dotDrift=+3.660sigma uMRED=0.1701732568 uER=0.380859 uMAE=98.6484 WCE=1184 bias=-13.6250
[quad_soft:06800] loss=0.355727 tau=4.56 collapse_w=0.100 mid_frac=0.125 hard=score=3.1434112361 wNMSE=0.15260183 wMSE=11625.2618 wMRED=1.63090163 wER=0.283037 wMAE=37.0284 wBias=6.1666 condBias=57.9456 dotDrift=+3.660sigma uMRED=0.1701732568 uER=0.380859 uMAE=98.6484 WCE=1184 bias=-13.6250
[quad_soft:07000] loss=0.349546 tau=4.65 collapse_w=0.125 mid_frac=0.125 hard=score=3.1434112361 wNMSE=0.15260183 wMSE=11625.2618 wMRED=1.63090163 wER=0.283037 wMAE=37.0284 wBias=6.1666 condBias=57.9456 dotDrift=+3.660sigma uMRED=0.1701732568 uER=0.380859 uMAE=98.6484 WCE=1184 bias=-13.6250
[quad_soft:07200] loss=0.344000 tau=4.74 collapse_w=0.150 mid_frac=0.125 hard=score=3.1434112361 wNMSE=0.15260183 wMSE=11625.2618 wMRED=1.63090163 wER=0.283037 wMAE=37.0284 wBias=6.1666 condBias=57.9456 dotDrift=+3.660sigma uMRED=0.1701732568 uER=0.380859 uMAE=98.6484 WCE=1184 bias=-13.6250
[quad_soft:07400] loss=0.337877 tau=4.83 collapse_w=0.175 mid_frac=0.125 hard=score=3.1434112361 wNMSE=0.15260183 wMSE=11625.2618 wMRED=1.63090163 wER=0.283037 wMAE=37.0284 wBias=6.1666 condBias=57.9456 dotDrift=+3.660sigma uMRED=0.1701732568 uER=0.380859 uMAE=98.6484 WCE=1184 bias=-13.6250
[quad_soft:07600] loss=0.332616 tau=4.92 collapse_w=0.200 mid_frac=0.125 hard=score=3.1434112361 wNMSE=0.15260183 wMSE=11625.2618 wMRED=1.63090163 wER=0.283037 wMAE=37.0284 wBias=6.1666 condBias=57.9456 dotDrift=+3.660sigma uMRED=0.1701732568 uER=0.380859 uMAE=98.6484 WCE=1184 bias=-13.6250
[quad_soft:07800] loss=0.325903 tau=5.01 collapse_w=0.225 mid_frac=0.125 hard=score=3.1434112361 wNMSE=0.15260183 wMSE=11625.2618 wMRED=1.63090163 wER=0.283037 wMAE=37.0284 wBias=6.1666 condBias=57.9456 dotDrift=+3.660sigma uMRED=0.1701732568 uER=0.380859 uMAE=98.6484 WCE=1184 bias=-13.6250
[quad_soft:08000] loss=0.319650 tau=5.10 collapse_w=0.250 mid_frac=0.125 hard=score=3.1434112361 wNMSE=0.15260183 wMSE=11625.2618 wMRED=1.63090163 wER=0.283037 wMAE=37.0284 wBias=6.1666 condBias=57.9456 dotDrift=+3.660sigma uMRED=0.1701732568 uER=0.380859 uMAE=98.6484 WCE=1184 bias=-13.6250
[quad_soft:08200] loss=0.313678 tau=5.19 collapse_w=0.275 mid_frac=0.125 hard=score=3.1434112361 wNMSE=0.15260183 wMSE=11625.2618 wMRED=1.63090163 wER=0.283037 wMAE=37.0284 wBias=6.1666 condBias=57.9456 dotDrift=+3.660sigma uMRED=0.1701732568 uER=0.380859 uMAE=98.6484 WCE=1184 bias=-13.6250
[quad_soft:08400] loss=0.306914 tau=5.28 collapse_w=0.300 mid_frac=0.125 hard=score=3.1434112361 wNMSE=0.15260183 wMSE=11625.2618 wMRED=1.63090163 wER=0.283037 wMAE=37.0284 wBias=6.1666 condBias=57.9456 dotDrift=+3.660sigma uMRED=0.1701732568 uER=0.380859 uMAE=98.6484 WCE=1184 bias=-13.6250
[quad_soft:08600] loss=0.300304 tau=5.37 collapse_w=0.325 mid_frac=0.125 hard=score=3.1434112361 wNMSE=0.15260183 wMSE=11625.2618 wMRED=1.63090163 wER=0.283037 wMAE=37.0284 wBias=6.1666 condBias=57.9456 dotDrift=+3.660sigma uMRED=0.1701732568 uER=0.380859 uMAE=98.6484 WCE=1184 bias=-13.6250
[quad_soft:08800] loss=0.293329 tau=5.46 collapse_w=0.350 mid_frac=0.125 hard=score=3.1434112361 wNMSE=0.15260183 wMSE=11625.2618 wMRED=1.63090163 wER=0.283037 wMAE=37.0284 wBias=6.1666 condBias=57.9456 dotDrift=+3.660sigma uMRED=0.1701732568 uER=0.380859 uMAE=98.6484 WCE=1184 bias=-13.6250
[quad_soft:09000] loss=0.286519 tau=5.55 collapse_w=0.375 mid_frac=0.125 hard=score=3.1434112361 wNMSE=0.15260183 wMSE=11625.2618 wMRED=1.63090163 wER=0.283037 wMAE=37.0284 wBias=6.1666 condBias=57.9456 dotDrift=+3.660sigma uMRED=0.1701732568 uER=0.380859 uMAE=98.6484 WCE=1184 bias=-13.6250
[quad_soft:09200] loss=0.279600 tau=5.64 collapse_w=0.400 mid_frac=0.125 hard=score=3.1434112361 wNMSE=0.15260183 wMSE=11625.2618 wMRED=1.63090163 wER=0.283037 wMAE=37.0284 wBias=6.1666 condBias=57.9456 dotDrift=+3.660sigma uMRED=0.1701732568 uER=0.380859 uMAE=98.6484 WCE=1184 bias=-13.6250
[quad_soft:09400] loss=0.271806 tau=5.73 collapse_w=0.425 mid_frac=0.125 hard=score=3.1434112361 wNMSE=0.15260183 wMSE=11625.2618 wMRED=1.63090163 wER=0.283037 wMAE=37.0284 wBias=6.1666 condBias=57.9456 dotDrift=+3.660sigma uMRED=0.1701732568 uER=0.380859 uMAE=98.6484 WCE=1184 bias=-13.6250
[quad_soft:09600] loss=0.263851 tau=5.82 collapse_w=0.450 mid_frac=0.125 hard=score=3.1434112361 wNMSE=0.15260183 wMSE=11625.2618 wMRED=1.63090163 wER=0.283037 wMAE=37.0284 wBias=6.1666 condBias=57.9456 dotDrift=+3.660sigma uMRED=0.1701732568 uER=0.380859 uMAE=98.6484 WCE=1184 bias=-13.6250
[quad_soft:09800] loss=0.257352 tau=5.91 collapse_w=0.475 mid_frac=0.125 hard=score=3.1434112361 wNMSE=0.15260183 wMSE=11625.2618 wMRED=1.63090163 wER=0.283037 wMAE=37.0284 wBias=6.1666 condBias=57.9456 dotDrift=+3.660sigma uMRED=0.1701732568 uER=0.380859 uMAE=98.6484 WCE=1184 bias=-13.6250
[quad_soft:09999] loss=0.248400 tau=6.00 collapse_w=0.500 mid_frac=0.125 hard=score=3.1434112361 wNMSE=0.15260183 wMSE=11625.2618 wMRED=1.63090163 wER=0.283037 wMAE=37.0284 wBias=6.1666 condBias=57.9456 dotDrift=+3.660sigma uMRED=0.1701732568 uER=0.380859 uMAE=98.6484 WCE=1184 bias=-13.6250
[quad_hard_ste:00000] loss=25.628944 tau=6.00 collapse_w=0.000 mid_frac=0.125 hard=score=3.1434112361 wNMSE=0.15260183 wMSE=11625.2618 wMRED=1.63090163 wER=0.283037 wMAE=37.0284 wBias=6.1666 condBias=57.9456 dotDrift=+3.660sigma uMRED=0.1701732568 uER=0.380859 uMAE=98.6484 WCE=1184 bias=-13.6250
[quad_hard_ste:00200] loss=21.866787 tau=6.00 collapse_w=0.000 mid_frac=0.119 hard=score=3.5597574504 wNMSE=0.12692936 wMSE=9669.5235 wMRED=1.65362522 wER=0.300928 wMAE=35.7246 wBias=6.9658 condBias=53.1731 dotDrift=+4.534sigma uMRED=0.1324215057 uER=0.393799 uMAE=69.8750 WCE=1024 bias=17.1250
[quad_hard_ste:00400] loss=498.610962 tau=6.00 collapse_w=0.000 mid_frac=0.107 hard=score=430.8864195125 wNMSE=0.88205848 wMSE=67195.5293 wMRED=8.32626568 wER=0.300928 wMAE=92.2553 wBias=-88.5706 condBias=168.8511 dotDrift=-21.868sigma uMRED=0.2326287446 uER=0.393799 uMAE=70.2344 WCE=928 bias=-31.8750
[quad_hard_ste:00600] loss=261.094391 tau=6.00 collapse_w=0.000 mid_frac=0.089 hard=score=206.2790297018 wNMSE=0.97860261 wMSE=74550.2951 wMRED=8.47408768 wER=0.300928 wMAE=100.2088 wBias=-60.7749 condBias=137.8403 dotDrift=-14.246sigma uMRED=0.2560466893 uER=0.393799 uMAE=82.4375 WCE=928 bias=16.1250
[quad_hard_ste:00800] loss=251.904831 tau=6.00 collapse_w=0.000 mid_frac=0.083 hard=score=191.4965302345 wNMSE=0.98518524 wMSE=75051.7625 wMRED=8.49942153 wER=0.304810 wMAE=101.8916 wBias=-58.4591 condBias=138.8135 dotDrift=-13.657sigma uMRED=0.2663873791 uER=0.402588 uMAE=89.1055 WCE=928 bias=26.1250
[quad_hard_ste:01000] loss=251.904831 tau=6.00 collapse_w=0.000 mid_frac=0.071 hard=score=191.4965302345 wNMSE=0.98518524 wMSE=75051.7625 wMRED=8.49942153 wER=0.304810 wMAE=101.8916 wBias=-58.4591 condBias=138.8135 dotDrift=-13.657sigma uMRED=0.2663873791 uER=0.402588 uMAE=89.1055 WCE=928 bias=26.1250
[quad_hard_ste:01200] loss=243.230286 tau=6.00 collapse_w=0.000 mid_frac=0.054 hard=score=181.8330572661 wNMSE=0.98368002 wMSE=74937.0943 wMRED=8.46533599 wER=0.320242 wMAE=102.8534 wBias=-56.9082 condBias=138.6884 dotDrift=-13.305sigma uMRED=0.2734581147 uER=0.431885 uMAE=101.4180 WCE=928 bias=27.1250
[quad_hard_ste:01400] loss=243.230286 tau=6.00 collapse_w=0.000 mid_frac=0.054 hard=score=181.8330572661 wNMSE=0.98368002 wMSE=74937.0943 wMRED=8.46533599 wER=0.320242 wMAE=102.8534 wBias=-56.9082 condBias=138.6884 dotDrift=-13.305sigma uMRED=0.2734581147 uER=0.431885 uMAE=101.4180 WCE=928 bias=27.1250
[quad_hard_ste:01600] loss=279.626465 tau=6.00 collapse_w=0.000 mid_frac=0.030 hard=score=203.0783367899 wNMSE=1.0362388 wMSE=78941.0441 wMRED=8.48121871 wER=0.319694 wMAE=104.6362 wBias=-60.1892 condBias=142.9485 dotDrift=-13.710sigma uMRED=0.3215364612 uER=0.420166 uMAE=130.9180 WCE=1672 bias=-28.8750
[quad_hard_ste:01800] loss=279.626465 tau=6.00 collapse_w=0.000 mid_frac=0.024 hard=score=203.0783367899 wNMSE=1.0362388 wMSE=78941.0441 wMRED=8.48121871 wER=0.319694 wMAE=104.6362 wBias=-60.1892 condBias=142.9485 dotDrift=-13.710sigma uMRED=0.3215364612 uER=0.420166 uMAE=130.9180 WCE=1672 bias=-28.8750
[quad_hard_ste:02000] loss=279.626465 tau=6.00 collapse_w=0.000 mid_frac=0.024 hard=score=203.0783367899 wNMSE=1.0362388 wMSE=78941.0441 wMRED=8.48121871 wER=0.319694 wMAE=104.6362 wBias=-60.1892 condBias=142.9485 dotDrift=-13.710sigma uMRED=0.3215364612 uER=0.420166 uMAE=130.9180 WCE=1672 bias=-28.8750
[quad_hard_ste:02200] loss=279.824188 tau=6.00 collapse_w=0.000 mid_frac=0.018 hard=score=179.0285658332 wNMSE=1.1432088 wMSE=87090.0555 wMRED=8.50945560 wER=0.319694 wMAE=108.3941 wBias=-56.2684 condBias=150.6072 dotDrift=-12.203sigma uMRED=0.4037093161 uER=0.420166 uMAE=191.8164 WCE=2216 bias=35.1250
[quad_hard_ste:02400] loss=279.626465 tau=6.00 collapse_w=0.000 mid_frac=0.024 hard=score=203.0783367899 wNMSE=1.0362388 wMSE=78941.0441 wMRED=8.48121871 wER=0.319694 wMAE=104.6362 wBias=-60.1892 condBias=142.9485 dotDrift=-13.710sigma uMRED=0.3215364612 uER=0.420166 uMAE=130.9180 WCE=1672 bias=-28.8750
[quad_hard_ste:02600] loss=279.824188 tau=6.00 collapse_w=0.000 mid_frac=0.018 hard=score=179.0285658332 wNMSE=1.1432088 wMSE=87090.0555 wMRED=8.50945560 wER=0.319694 wMAE=108.3941 wBias=-56.2684 condBias=150.6072 dotDrift=-12.203sigma uMRED=0.4037093161 uER=0.420166 uMAE=191.8164 WCE=2216 bias=35.1250
[quad_hard_ste:02800] loss=276.135468 tau=6.00 collapse_w=0.000 mid_frac=0.018 hard=score=201.6386667324 wNMSE=1.0367088 wMSE=78976.8444 wMRED=8.48203077 wER=0.320249 wMAE=104.8203 wBias=-59.9647 condBias=142.9844 dotDrift=-13.656sigma uMRED=0.3240623581 uER=0.431885 uMAE=134.2168 WCE=1672 bias=-24.8750
[quad_hard_ste:03000] loss=276.135468 tau=6.00 collapse_w=0.000 mid_frac=0.018 hard=score=201.6386667324 wNMSE=1.0367088 wMSE=78976.8444 wMRED=8.48203077 wER=0.320249 wMAE=104.8203 wBias=-59.9647 condBias=142.9844 dotDrift=-13.656sigma uMRED=0.3240623581 uER=0.431885 uMAE=134.2168 WCE=1672 bias=-24.8750
[quad_hard_ste:03200] loss=279.824188 tau=6.00 collapse_w=0.000 mid_frac=0.018 hard=score=179.0285658332 wNMSE=1.1432088 wMSE=87090.0555 wMRED=8.50945560 wER=0.319694 wMAE=108.3941 wBias=-56.2684 condBias=150.6072 dotDrift=-12.203sigma uMRED=0.4037093161 uER=0.420166 uMAE=191.8164 WCE=2216 bias=35.1250
[quad_hard_ste:03400] loss=279.626465 tau=6.00 collapse_w=0.000 mid_frac=0.018 hard=score=179.0285658332 wNMSE=1.1432088 wMSE=87090.0555 wMRED=8.50945560 wER=0.319694 wMAE=108.3941 wBias=-56.2684 condBias=150.6072 dotDrift=-12.203sigma uMRED=0.4037093161 uER=0.420166 uMAE=191.8164 WCE=2216 bias=35.1250
[quad_hard_ste:03600] loss=281.923126 tau=6.00 collapse_w=0.000 mid_frac=0.024 hard=score=201.6386667324 wNMSE=1.0367088 wMSE=78976.8444 wMRED=8.48203077 wER=0.320249 wMAE=104.8203 wBias=-59.9647 condBias=142.9844 dotDrift=-13.656sigma uMRED=0.3240623581 uER=0.431885 uMAE=134.2168 WCE=1672 bias=-24.8750
[quad_hard_ste:03800] loss=276.135468 tau=6.00 collapse_w=0.000 mid_frac=0.024 hard=score=201.6386667324 wNMSE=1.0367088 wMSE=78976.8444 wMRED=8.48203077 wER=0.320249 wMAE=104.8203 wBias=-59.9647 condBias=142.9844 dotDrift=-13.656sigma uMRED=0.3240623581 uER=0.431885 uMAE=134.2168 WCE=1672 bias=-24.8750
[quad_hard_ste:03999] loss=281.923126 tau=6.00 collapse_w=0.000 mid_frac=0.024 hard=score=201.6386667324 wNMSE=1.0367088 wMSE=78976.8444 wMRED=8.48203077 wER=0.320249 wMAE=104.8203 wBias=-59.9647 condBias=142.9844 dotDrift=-13.656sigma uMRED=0.3240623581 uER=0.431885 uMAE=134.2168 WCE=1672 bias=-24.8750
[pop00_soft:00000] loss=30.758410 tau=1.50 collapse_w=0.000 mid_frac=0.321 hard=score=835.1110369921 wNMSE=4.7756524 wMSE=363810.8987 wMRED=14.82712149 wER=0.582578 wMAE=271.0202 wBias=121.8282 condBias=307.2433 dotDrift=+12.927sigma uMRED=0.7299174429 uER=0.578125 uMAE=335.4556 WCE=3106 bias=77.7500
[pop00_soft:00200] loss=72.568832 tau=2.25 collapse_w=0.000 mid_frac=0.250 hard=score=181.1082481865 wNMSE=0.31058486 wMSE=23660.4653 wMRED=4.77488897 wER=0.536178 wMAE=72.1750 wBias=-57.5604 condBias=91.2315 dotDrift=-23.949sigma uMRED=0.2998687832 uER=0.566406 uMAE=168.2471 WCE=1680 bias=-122.6250
[pop00_soft:00400] loss=74.183151 tau=3.00 collapse_w=0.000 mid_frac=0.226 hard=score=8.7667284267 wNMSE=0.26324704 wMSE=20054.2535 wMRED=1.98540680 wER=0.482586 wMAE=56.6488 wBias=-11.4372 condBias=72.7463 dotDrift=-5.169sigma uMRED=0.2306050169 uER=0.562500 uMAE=145.9482 WCE=1306 bias=-14.3750
[pop00_soft:00600] loss=66.464630 tau=3.75 collapse_w=0.000 mid_frac=0.214 hard=score=1.9533613220 wNMSE=0.27077808 wMSE=20627.9703 wMRED=2.30311864 wER=0.473319 wMAE=59.2188 wBias=0.9595 condBias=76.9989 dotDrift=+0.428sigma uMRED=0.2378283560 uER=0.558105 uMAE=147.1904 WCE=1280 bias=-8.5000
[pop00_soft:00800] loss=66.316780 tau=4.50 collapse_w=0.084 mid_frac=0.232 hard=score=33.8456404168 wNMSE=0.21784728 wMSE=16595.6830 wMRED=1.79114446 wER=0.465152 wMAE=50.2560 wBias=-24.5016 condBias=69.6927 dotDrift=-12.172sigma uMRED=0.2118946360 uER=0.554443 uMAE=137.1475 WCE=1280 bias=-41.0000
[pop00_soft:01000] loss=66.156265 tau=5.25 collapse_w=0.293 mid_frac=0.244 hard=score=2.0950265733 wNMSE=0.22188609 wMSE=16903.3610 wMRED=1.69260146 wER=0.465015 wMAE=47.7063 wBias=3.2942 condBias=62.2083 dotDrift=+1.622sigma uMRED=0.2041176129 uER=0.554199 uMAE=136.1719 WCE=1280 bias=7.0000
[pop00_soft:01199] loss=66.100304 tau=6.00 collapse_w=0.500 mid_frac=0.226 hard=score=16.5315317482 wNMSE=0.16340754 wMSE=12448.4449 wMRED=1.55549341 wER=0.465067 wMAE=41.4392 wBias=-16.9502 condBias=57.6769 dotDrift=-9.723sigma uMRED=0.1820113396 uER=0.554932 uMAE=124.0342 WCE=1280 bias=-29.0000
[pop00_hard:00000] loss=53.022415 tau=6.00 collapse_w=0.000 mid_frac=0.226 hard=score=16.5315317482 wNMSE=0.16340754 wMSE=12448.4449 wMRED=1.55549341 wER=0.465067 wMAE=41.4392 wBias=-16.9502 condBias=57.6769 dotDrift=-9.723sigma uMRED=0.1820113396 uER=0.554932 uMAE=124.0342 WCE=1280 bias=-29.0000
[pop00_hard:00200] loss=23.093388 tau=6.00 collapse_w=0.000 mid_frac=0.179 hard=score=1.9134897704 wNMSE=0.17421074 wMSE=13271.4366 wMRED=1.90227461 wER=0.465067 wMAE=44.6622 wBias=-3.2010 condBias=65.0606 dotDrift=-1.778sigma uMRED=0.1959940814 uER=0.554932 uMAE=120.8018 WCE=1536 bias=4.0000
[pop00_hard:00400] loss=23.905121 tau=6.00 collapse_w=0.000 mid_frac=0.131 hard=score=0.9394391206 wNMSE=0.11882447 wMSE=9052.0905 wMRED=1.89386705 wER=0.449669 wMAE=41.9342 wBias=1.5075 condBias=48.5462 dotDrift=+1.014sigma uMRED=0.1454115964 uER=0.533203 uMAE=94.2666 WCE=1102 bias=-24.8750
[pop00_hard:00599] loss=24.832977 tau=6.00 collapse_w=0.000 mid_frac=0.113 hard=score=1.5297678629 wNMSE=0.11884616 wMSE=9053.7428 wMRED=1.86694003 wER=0.436453 wMAE=40.9945 wBias=3.6309 condBias=48.7231 dotDrift=+2.442sigma uMRED=0.1460155503 uER=0.532471 uMAE=96.2109 WCE=1102 bias=-16.3750
[pop00] done (conf=0.53, noise=0.5); global best score=0.5629904674 wNMSE=0.042308133 wMSE=3223.0486 wMRED=0.80731767 wER=0.207327 wMAE=17.1897 wBias=-1.9279 condBias=34.0002 dotDrift=-2.173sigma uMRED=0.0509231343 uER=0.252930 uMAE=23.6250 WCE=336 bias=0.0000
[pop01_soft:00000] loss=34.810841 tau=1.50 collapse_w=0.000 mid_frac=0.446 hard=score=900.0319401278 wNMSE=4.4283117 wMSE=337350.3660 wMRED=10.97367471 wER=0.582578 wMAE=234.0085 wBias=127.6330 condBias=248.1487 dotDrift=+14.064sigma uMRED=0.6103802395 uER=0.578125 uMAE=306.1299 WCE=3680 bias=98.3750
[pop01_soft:00200] loss=117.713867 tau=2.25 collapse_w=0.000 mid_frac=0.399 hard=score=1846.4529097040 wNMSE=8.8439666 wMSE=673736.5236 wMRED=28.52337931 wER=0.547452 wMAE=362.1853 wBias=-180.6530 condBias=450.0884 dotDrift=-14.086sigma uMRED=0.8735759228 uER=0.567139 uMAE=289.2969 WCE=2898 bias=-79.8750
[pop01_soft:00400] loss=91.306465 tau=3.00 collapse_w=0.000 mid_frac=0.357 hard=score=18.3975527113 wNMSE=0.27679353 wMSE=21086.2297 wMRED=2.64224152 wER=0.491040 wMAE=63.4327 wBias=-17.4908 condBias=76.5366 dotDrift=-7.709sigma uMRED=0.2535907672 uER=0.556641 uMAE=155.7939 WCE=1936 bias=41.0000
[pop01_soft:00600] loss=66.868599 tau=3.75 collapse_w=0.000 mid_frac=0.292 hard=score=1.9054561805 wNMSE=0.23496614 wMSE=17899.8043 wMRED=1.69769997 wER=0.465798 wMAE=49.3334 wBias=-2.3672 condBias=70.7020 dotDrift=-1.132sigma uMRED=0.2163807937 uER=0.549316 uMAE=139.8750 WCE=1552 bias=36.5000
[pop01_soft:00800] loss=66.426514 tau=4.50 collapse_w=0.084 mid_frac=0.286 hard=score=2.6450934527 wNMSE=0.19621385 wMSE=14947.6409 wMRED=1.58594697 wER=0.460890 wMAE=45.3500 wBias=-4.8542 condBias=65.5205 dotDrift=-2.541sigma uMRED=0.1724572086 uER=0.547119 uMAE=108.3027 WCE=896 bias=3.3750
[pop01_soft:01000] loss=66.250732 tau=5.25 collapse_w=0.293 mid_frac=0.292 hard=score=1.9562326797 wNMSE=0.14065503 wMSE=10715.1501 wMRED=1.44677388 wER=0.458166 wMAE=37.8911 wBias=4.4234 condBias=51.8837 dotDrift=+2.735sigma uMRED=0.1440313905 uER=0.539795 uMAE=93.9326 WCE=768 bias=16.5000
[pop01_soft:01199] loss=66.173355 tau=6.00 collapse_w=0.500 mid_frac=0.292 hard=score=9.7293905492 wNMSE=0.11252851 wMSE=8572.4617 wMRED=1.42931769 wER=0.458166 wMAE=35.7987 wBias=-12.8729 condBias=48.7456 dotDrift=-8.898sigma uMRED=0.1336132474 uER=0.539795 uMAE=87.1982 WCE=678 bias=-15.5000
[pop01_hard:00000] loss=26.570827 tau=6.00 collapse_w=0.000 mid_frac=0.292 hard=score=9.7293905492 wNMSE=0.11252851 wMSE=8572.4617 wMRED=1.42931769 wER=0.458166 wMAE=35.7987 wBias=-12.8729 condBias=48.7456 dotDrift=-8.898sigma uMRED=0.1336132474 uER=0.539795 uMAE=87.1982 WCE=678 bias=-15.5000
[pop01_hard:00200] loss=26.319710 tau=6.00 collapse_w=0.000 mid_frac=0.286 hard=score=2.0119739982 wNMSE=0.14070083 wMSE=10718.6392 wMRED=1.45098065 wER=0.458166 wMAE=37.9797 wBias=4.5378 condBias=51.9145 dotDrift=+2.805sigma uMRED=0.1441386252 uER=0.539795 uMAE=93.9346 WCE=768 bias=16.6250
[pop01_hard:00400] loss=29.012075 tau=6.00 collapse_w=0.000 mid_frac=0.292 hard=score=9.6087549831 wNMSE=0.1125283 wMSE=8572.4459 wMRED=1.43341175 wER=0.457740 wMAE=35.8741 wBias=-12.7850 condBias=48.7460 dotDrift=-8.837sigma uMRED=0.1333603561 uER=0.531006 uMAE=86.9580 WCE=678 bias=-15.8750
[pop01_hard:00599] loss=40.959747 tau=6.00 collapse_w=0.000 mid_frac=0.280 hard=score=5.3714353327 wNMSE=0.14854949 wMSE=11316.5528 wMRED=1.35248631 wER=0.453094 wMAE=36.2530 wBias=8.9446 condBias=55.3846 dotDrift=+5.381sigma uMRED=0.1477386596 uER=0.535400 uMAE=95.3330 WCE=864 bias=46.1250
[pop01] done (conf=0.51, noise=1.0); global best score=0.5629904674 wNMSE=0.042308133 wMSE=3223.0486 wMRED=0.80731767 wER=0.207327 wMAE=17.1897 wBias=-1.9279 condBias=34.0002 dotDrift=-2.173sigma uMRED=0.0509231343 uER=0.252930 uMAE=23.6250 WCE=336 bias=0.0000
[pop02_soft:00000] loss=37.651031 tau=1.50 collapse_w=0.000 mid_frac=0.333 hard=score=993.4964107029 wNMSE=2.9068389 wMSE=221444.0250 wMRED=16.63123861 wER=0.579876 wMAE=243.9227 wBias=134.3161 condBias=253.5280 dotDrift=+18.267sigma uMRED=0.4892076074 uER=0.567871 uMAE=184.4160 WCE=2076 bias=93.8750
[pop02_soft:00200] loss=104.972198 tau=2.25 collapse_w=0.000 mid_frac=0.333 hard=score=345.5593978127 wNMSE=0.77626555 wMSE=59136.1861 wMRED=7.93491347 wER=0.518392 wMAE=101.1860 wBias=-79.3635 condBias=134.8061 dotDrift=-20.887sigma uMRED=0.3087103550 uER=0.559814 uMAE=139.6260 WCE=1792 bias=-12.8750
[pop02_soft:00400] loss=91.259270 tau=3.00 collapse_w=0.000 mid_frac=0.256 hard=score=76.8793197637 wNMSE=0.34103412 wMSE=25980.1005 wMRED=3.80592367 wER=0.483115 wMAE=68.2721 wBias=-37.3216 condBias=67.2148 dotDrift=-14.819sigma uMRED=0.2595196335 uER=0.559326 uMAE=133.1084 WCE=2836 bias=-38.8750
[pop02_soft:00600] loss=88.048737 tau=3.75 collapse_w=0.000 mid_frac=0.179 hard=score=2.6731029064 wNMSE=0.19792228 wMSE=15077.7897 wMRED=2.23075027 wER=0.469142 wMAE=52.0836 wBias=-4.8010 condBias=66.4526 dotDrift=-2.502sigma uMRED=0.1866045733 uER=0.547119 uMAE=101.7393 WCE=1328 bias=-8.1250
[pop02_soft:00800] loss=87.773598 tau=4.50 collapse_w=0.084 mid_frac=0.202 hard=score=5.5469445300 wNMSE=0.11553874 wMSE=8801.7825 wMRED=2.09974062 wER=0.469142 wMAE=45.2365 wBias=-9.3203 condBias=51.1106 dotDrift=-6.358sigma uMRED=0.1327281646 uER=0.547119 uMAE=66.6289 WCE=674 bias=-40.8750
[pop02_soft:01000] loss=87.638580 tau=5.25 collapse_w=0.293 mid_frac=0.208 hard=score=4.2213002262 wNMSE=0.11388273 wMSE=8675.6272 wMRED=2.07316460 wER=0.461544 wMAE=44.2663 wBias=-7.9080 condBias=50.3764 dotDrift=-5.434sigma uMRED=0.1304570498 uER=0.544189 uMAE=65.2793 WCE=674 bias=-38.8750
[pop02_soft:01199] loss=87.603828 tau=6.00 collapse_w=0.500 mid_frac=0.185 hard=score=2.7258278754 wNMSE=0.11565133 wMSE=8810.3598 wMRED=2.23911505 wER=0.461544 wMAE=45.0648 wBias=-5.8737 condBias=50.2941 dotDrift=-4.005sigma uMRED=0.1272966839 uER=0.544189 uMAE=62.0820 WCE=666 bias=-29.1250
[pop02_hard:00000] loss=23.439299 tau=6.00 collapse_w=0.000 mid_frac=0.185 hard=score=2.7258278754 wNMSE=0.11565133 wMSE=8810.3598 wMRED=2.23911505 wER=0.461544 wMAE=45.0648 wBias=-5.8737 condBias=50.2941 dotDrift=-4.005sigma uMRED=0.1272966839 uER=0.544189 uMAE=62.0820 WCE=666 bias=-29.1250
[pop02_hard:00200] loss=22.848886 tau=6.00 collapse_w=0.000 mid_frac=0.179 hard=score=2.5839370566 wNMSE=0.11585277 wMSE=8825.7050 wMRED=2.24119437 wER=0.461314 wMAE=45.1358 wBias=-5.6362 condBias=50.5182 dotDrift=-3.840sigma uMRED=0.1280082801 uER=0.541260 uMAE=62.5801 WCE=666 bias=-28.3750
[pop02_hard:00400] loss=19.396271 tau=6.00 collapse_w=0.000 mid_frac=0.167 hard=score=1.5425355407 wNMSE=0.1029918 wMSE=7845.9519 wMRED=2.16892112 wER=0.461314 wMAE=43.2655 wBias=-3.7659 condBias=47.3896 dotDrift=-2.721sigma uMRED=0.1231548041 uER=0.541260 uMAE=60.5801 WCE=602 bias=-26.3750
[pop02_hard:00599] loss=23.324533 tau=6.00 collapse_w=0.000 mid_frac=0.149 hard=score=1.4336849243 wNMSE=0.19910913 wMSE=15168.2046 wMRED=2.23974257 wER=0.461200 wMAE=47.8326 wBias=-1.3458 condBias=63.0065 dotDrift=-0.699sigma uMRED=0.1989332617 uER=0.541260 uMAE=118.8584 WCE=2328 bias=32.8750
[pop02] done (conf=0.53, noise=0.5); global best score=0.5629904674 wNMSE=0.042308133 wMSE=3223.0486 wMRED=0.80731767 wER=0.207327 wMAE=17.1897 wBias=-1.9279 condBias=34.0002 dotDrift=-2.173sigma uMRED=0.0509231343 uER=0.252930 uMAE=23.6250 WCE=336 bias=0.0000
[pop03_soft:00000] loss=85.815025 tau=1.50 collapse_w=0.000 mid_frac=0.417 hard=score=7941.0011586158 wNMSE=23.701558 wMSE=1805593.1660 wMRED=40.49327484 wER=0.578812 wMAE=647.7402 wBias=378.5591 condBias=751.2300 dotDrift=+18.030sigma uMRED=1.2113529484 uER=0.575928 uMAE=433.6621 WCE=3980 bias=147.3750
[pop03_soft:00200] loss=336.310669 tau=2.25 collapse_w=0.000 mid_frac=0.381 hard=score=28.0721458253 wNMSE=1.0838078 wMSE=82564.8675 wMRED=9.17836953 wER=0.556001 wMAE=149.2993 wBias=-18.5879 condBias=149.1079 dotDrift=-4.140sigma uMRED=0.4733824711 uER=0.571533 uMAE=255.5605 WCE=2880 bias=-143.5000
[pop03_soft:00400] loss=164.979233 tau=3.00 collapse_w=0.000 mid_frac=0.369 hard=score=523.9506011909 wNMSE=1.7796189 wMSE=135572.0026 wMRED=14.96193549 wER=0.528099 wMAE=202.9147 wBias=-97.1306 condBias=225.7405 dotDrift=-16.883sigma uMRED=0.5114923985 uER=0.567871 uMAE=218.4238 WCE=1820 bias=-143.2500
[pop03_soft:00600] loss=136.356705 tau=3.75 collapse_w=0.000 mid_frac=0.327 hard=score=793.8565328617 wNMSE=0.76689943 wMSE=58422.6718 wMRED=9.24969549 wER=0.490067 wMAE=124.5397 wBias=-120.8535 condBias=184.5343 dotDrift=-32.000sigma uMRED=0.3670985673 uER=0.562500 uMAE=155.4570 WCE=1104 bias=-129.1250
[pop03_soft:00800] loss=105.747177 tau=4.50 collapse_w=0.084 mid_frac=0.268 hard=score=888.3883889066 wNMSE=0.87534427 wMSE=66684.0384 wMRED=9.68768136 wER=0.492505 wMAE=134.6593 wBias=-127.8439 condBias=192.2149 dotDrift=-31.685sigma uMRED=0.3958905276 uER=0.564697 uMAE=169.2422 WCE=1408 bias=-71.1250
[pop03_soft:01000] loss=72.533028 tau=5.25 collapse_w=0.293 mid_frac=0.256 hard=score=49.5232056213 wNMSE=0.20136589 wMSE=15340.1251 wMRED=2.43607191 wER=0.492468 wMAE=59.3657 wBias=-29.8588 condBias=65.1702 dotDrift=-15.429sigma uMRED=0.2251306665 uER=0.564697 uMAE=132.8301 WCE=1104 bias=-88.8750
[pop03_soft:01199] loss=67.757233 tau=6.00 collapse_w=0.500 mid_frac=0.280 hard=score=6.9754745122 wNMSE=0.23136621 wMSE=17625.5601 wMRED=2.72570360 wER=0.493014 wMAE=64.3065 wBias=-9.6248 condBias=75.6555 dotDrift=-4.640sigma uMRED=0.2481846969 uER=0.566895 uMAE=141.4551 WCE=1104 bias=-68.6250
[pop03_hard:00000] loss=65.640175 tau=6.00 collapse_w=0.000 mid_frac=0.280 hard=score=6.9754745122 wNMSE=0.23136621 wMSE=17625.5601 wMRED=2.72570360 wER=0.493014 wMAE=64.3065 wBias=-9.6248 condBias=75.6555 dotDrift=-4.640sigma uMRED=0.2481846969 uER=0.566895 uMAE=141.4551 WCE=1104 bias=-68.6250
[pop03_hard:00200] loss=61.497894 tau=6.00 collapse_w=0.000 mid_frac=0.274 hard=score=5.6182310436 wNMSE=0.22517015 wMSE=17153.5424 wMRED=2.70404380 wER=0.491399 wMAE=62.9725 wBias=-8.2907 condBias=73.3913 dotDrift=-4.051sigma uMRED=0.2430937719 uER=0.564697 uMAE=137.9551 WCE=1104 bias=-65.1250
[pop03_hard:00400] loss=34.768585 tau=6.00 collapse_w=0.000 mid_frac=0.250 hard=score=2.4800221780 wNMSE=0.22319026 wMSE=17002.7136 wMRED=2.70310124 wER=0.478738 wMAE=62.5616 wBias=-3.6433 condBias=70.6592 dotDrift=-1.788sigma uMRED=0.2411044751 uER=0.562500 uMAE=142.1328 WCE=1088 bias=-24.0000
[pop03_hard:00599] loss=33.300163 tau=6.00 collapse_w=0.000 mid_frac=0.214 hard=score=3.6006041981 wNMSE=0.23121747 wMSE=17614.2289 wMRED=2.64869914 wER=0.469924 wMAE=65.3999 wBias=5.8642 condBias=64.1328 dotDrift=+2.828sigma uMRED=0.2419883275 uER=0.560303 uMAE=156.1973 WCE=1088 bias=16.2500
[pop03] done (conf=0.51, noise=1.0); global best score=0.5629904674 wNMSE=0.042308133 wMSE=3223.0486 wMRED=0.80731767 wER=0.207327 wMAE=17.1897 wBias=-1.9279 condBias=34.0002 dotDrift=-2.173sigma uMRED=0.0509231343 uER=0.252930 uMAE=23.6250 WCE=336 bias=0.0000
[pop04_soft:00000] loss=69.420990 tau=1.50 collapse_w=0.000 mid_frac=0.405 hard=score=11081.6304640548 wNMSE=19.230251 wMSE=1464967.3650 wMRED=19.73129317 wER=0.570252 wMAE=532.1482 wBias=449.9683 condBias=801.7851 dotDrift=+23.793sigma uMRED=0.9139379437 uER=0.571533 uMAE=468.5498 WCE=3848 bias=164.8125
[pop04_soft:00200] loss=134.201141 tau=2.25 collapse_w=0.000 mid_frac=0.393 hard=score=6452.5538846624 wNMSE=12.004038 wMSE=914471.8569 wMRED=30.04193216 wER=0.504141 wMAE=375.7064 wBias=-342.9729 condBias=630.3220 dotDrift=-22.954sigma uMRED=1.0092844844 uER=0.564697 uMAE=364.8604 WCE=3241 bias=-171.3125
[pop04_soft:00400] loss=83.799507 tau=3.00 collapse_w=0.000 mid_frac=0.304 hard=score=38.1396009585 wNMSE=0.43518026 wMSE=33152.1874 wMRED=2.95257152 wER=0.485732 wMAE=74.8241 wBias=-25.6707 condBias=83.4864 dotDrift=-9.023sigma uMRED=0.3062804212 uER=0.560303 uMAE=191.3594 WCE=1904 bias=38.1250
[pop04_soft:00600] loss=66.724564 tau=3.75 collapse_w=0.000 mid_frac=0.238 hard=score=4.0330768851 wNMSE=0.30759021 wMSE=23432.3314 wMRED=1.74408506 wER=0.484865 wMAE=51.7027 wBias=-6.0612 condBias=79.9759 dotDrift=-2.534sigma uMRED=0.2572917064 uER=0.555176 uMAE=159.2598 WCE=1536 bias=40.5000
[pop04_soft:00800] loss=66.421394 tau=4.50 collapse_w=0.084 mid_frac=0.220 hard=score=31.3044542159 wNMSE=0.27368381 wMSE=20849.3300 wMRED=1.64887584 wER=0.458909 wMAE=47.7879 wBias=-23.3439 condBias=77.9902 dotDrift=-10.347sigma uMRED=0.2432661913 uER=0.545654 uMAE=151.2549 WCE=1536 bias=8.9375
[pop04_soft:01000] loss=66.337402 tau=5.25 collapse_w=0.293 mid_frac=0.220 hard=score=25.0392396512 wNMSE=0.25124213 wMSE=19139.7146 wMRED=1.61949025 wER=0.442762 wMAE=45.2379 wBias=-20.7755 condBias=74.9886 dotDrift=-9.611sigma uMRED=0.2189841568 uER=0.534424 uMAE=135.2549 WCE=1536 bias=25.0625
[pop04_soft:01199] loss=66.294075 tau=6.00 collapse_w=0.500 mid_frac=0.226 hard=score=24.6726883540 wNMSE=0.25073805 wMSE=19101.3140 wMRED=1.61638737 wER=0.442936 wMAE=45.0852 wBias=-20.6147 condBias=74.7663 dotDrift=-9.546sigma uMRED=0.2187146941 uER=0.536621 uMAE=135.1064 WCE=1536 bias=25.3125
[pop04_hard:00000] loss=67.657425 tau=6.00 collapse_w=0.000 mid_frac=0.226 hard=score=24.6726883540 wNMSE=0.25073805 wMSE=19101.3140 wMRED=1.61638737 wER=0.442936 wMAE=45.0852 wBias=-20.6147 condBias=74.7663 dotDrift=-9.546sigma uMRED=0.2187146941 uER=0.536621 uMAE=135.1064 WCE=1536 bias=25.3125
[pop04_hard:00200] loss=61.435390 tau=6.00 collapse_w=0.000 mid_frac=0.202 hard=score=34.7082962405 wNMSE=0.18605498 wMSE=14173.7346 wMRED=1.57299678 wER=0.442233 wMAE=40.8223 wBias=-24.8776 condBias=64.7279 dotDrift=-13.374sigma uMRED=0.1712289874 uER=0.532227 uMAE=103.1064 WCE=1536 bias=-6.6875
[pop04_hard:00400] loss=43.667267 tau=6.00 collapse_w=0.000 mid_frac=0.143 hard=score=9.8922219797 wNMSE=0.14155317 wMSE=10783.5712 wMRED=1.72227739 wER=0.446437 wMAE=41.4067 wBias=-12.7120 condBias=58.0695 dotDrift=-7.835sigma uMRED=0.1545301667 uER=0.535156 uMAE=84.8306 WCE=1140 bias=-40.4375
[pop04_hard:00599] loss=29.489697 tau=6.00 collapse_w=0.000 mid_frac=0.089 hard=score=4.8165010575 wNMSE=0.14120394 wMSE=10756.9667 wMRED=1.87068710 wER=0.434857 wMAE=42.8304 wBias=-8.1759 condBias=57.0304 dotDrift=-5.045sigma uMRED=0.1475261880 uER=0.513916 uMAE=76.7085 WCE=884 bias=-29.3125
[pop04] done (conf=0.53, noise=0.5); global best score=0.5629904674 wNMSE=0.042308133 wMSE=3223.0486 wMRED=0.80731767 wER=0.207327 wMAE=17.1897 wBias=-1.9279 condBias=34.0002 dotDrift=-2.173sigma uMRED=0.0509231343 uER=0.252930 uMAE=23.6250 WCE=336 bias=0.0000
[pop05_soft:00000] loss=59.815239 tau=1.50 collapse_w=0.000 mid_frac=0.470 hard=score=584.8494978854 wNMSE=10.288821 wMSE=783806.0637 wMRED=38.01002561 wER=0.562165 wMAE=507.8084 wBias=96.6271 condBias=519.4033 dotDrift=+6.985sigma uMRED=1.1658152907 uER=0.567139 uMAE=435.7988 WCE=2864 bias=122.5625
[pop05_soft:00200] loss=185.662094 tau=2.25 collapse_w=0.000 mid_frac=0.381 hard=score=2149.9074577948 wNMSE=13.138354 wMSE=1000884.4826 wMRED=39.03815609 wER=0.582578 wMAE=476.4938 wBias=-195.0292 condBias=551.5927 dotDrift=-12.476sigma uMRED=1.1143166446 uER=0.578125 uMAE=386.0679 WCE=3377 bias=-95.0000
[pop05_soft:00400] loss=170.627136 tau=3.00 collapse_w=0.000 mid_frac=0.369 hard=score=526.7614401996 wNMSE=2.02239 wMSE=154066.3937 wMRED=10.65188305 wER=0.556420 wMAE=194.9285 wBias=96.9985 condBias=227.1866 dotDrift=+15.816sigma uMRED=0.4895613116 uER=0.569336 uMAE=239.3662 WCE=2684 bias=39.0625
[pop05_soft:00600] loss=101.483513 tau=3.75 collapse_w=0.000 mid_frac=0.333 hard=score=54.1443194000 wNMSE=0.36913911 wMSE=28121.1491 wMRED=3.38856517 wER=0.537578 wMAE=81.3605 wBias=-30.9704 condBias=83.7359 dotDrift=-11.820sigma uMRED=0.2952613391 uER=0.565674 uMAE=168.8364 WCE=1288 bias=17.4375
[pop05_soft:00800] loss=46.432125 tau=4.50 collapse_w=0.084 mid_frac=0.256 hard=score=34.7527684038 wNMSE=0.3501541 wMSE=26674.8638 wMRED=2.87458753 wER=0.493807 wMAE=74.1655 wBias=-24.4748 condBias=83.4069 dotDrift=-9.591sigma uMRED=0.2858669345 uER=0.560303 uMAE=166.7637 WCE=1320 bias=16.1875
[pop05_soft:01000] loss=40.106125 tau=5.25 collapse_w=0.293 mid_frac=0.274 hard=score=29.6664770856 wNMSE=0.34124399 wMSE=25996.0888 wMRED=2.76890859 wER=0.493363 wMAE=71.2889 wBias=-22.4949 condBias=83.0692 dotDrift=-8.929sigma uMRED=0.2715252595 uER=0.557373 uMAE=153.6421 WCE=1268 bias=2.6875
[pop05_soft:01199] loss=39.181534 tau=6.00 collapse_w=0.500 mid_frac=0.286 hard=score=13.5788722151 wNMSE=0.32869158 wMSE=25039.8418 wMRED=2.34284483 wER=0.491152 wMAE=66.5572 wBias=-14.4486 condBias=83.4987 dotDrift=-5.844sigma uMRED=0.2754188158 uER=0.552979 uMAE=160.9766 WCE=1266 bias=26.0625
[pop05_hard:00000] loss=57.968697 tau=6.00 collapse_w=0.000 mid_frac=0.286 hard=score=13.5788722151 wNMSE=0.32869158 wMSE=25039.8418 wMRED=2.34284483 wER=0.491152 wMAE=66.5572 wBias=-14.4486 condBias=83.4987 dotDrift=-5.844sigma uMRED=0.2754188158 uER=0.552979 uMAE=160.9766 WCE=1266 bias=26.0625
[pop05_hard:00200] loss=88.321518 tau=6.00 collapse_w=0.000 mid_frac=0.274 hard=score=22.2605983670 wNMSE=0.34027706 wMSE=25922.4275 wMRED=2.33874482 wER=0.491152 wMAE=66.4576 wBias=-19.2133 condBias=85.1956 dotDrift=-7.637sigma uMRED=0.2783098483 uER=0.552979 uMAE=161.9951 WCE=1378 bias=-58.6875
[pop05_hard:00400] loss=90.708992 tau=6.00 collapse_w=0.000 mid_frac=0.268 hard=score=15.6215459230 wNMSE=0.31987247 wMSE=24367.9984 wMRED=2.33626538 wER=0.497045 wMAE=65.9988 wBias=-15.7786 condBias=81.2590 dotDrift=-6.469sigma uMRED=0.2629230496 uER=0.555908 uMAE=152.4624 WCE=1266 bias=1.5625
[pop05_hard:00599] loss=88.103058 tau=6.00 collapse_w=0.000 mid_frac=0.250 hard=score=21.1378027789 wNMSE=0.33449818 wMSE=25482.1904 wMRED=2.33087688 wER=0.497045 wMAE=66.1536 wBias=-18.7235 condBias=82.4599 dotDrift=-7.507sigma uMRED=0.2761074012 uER=0.555908 uMAE=162.0571 WCE=1378 bias=-61.3125
[pop05] done (conf=0.51, noise=1.0); global best score=0.5629904674 wNMSE=0.042308133 wMSE=3223.0486 wMRED=0.80731767 wER=0.207327 wMAE=17.1897 wBias=-1.9279 condBias=34.0002 dotDrift=-2.173sigma uMRED=0.0509231343 uER=0.252930 uMAE=23.6250 WCE=336 bias=0.0000
[pop06_soft:00000] loss=27.088066 tau=1.50 collapse_w=0.000 mid_frac=0.339 hard=score=502.7408468374 wNMSE=7.3460978 wMSE=559628.3444 wMRED=27.69407914 wER=0.579746 wMAE=380.3955 wBias=-90.0863 condBias=379.4770 dotDrift=-7.707sigma uMRED=0.8384377891 uER=0.571289 uMAE=284.8774 WCE=2848 bias=-119.5625
[pop06_soft:00200] loss=101.007332 tau=2.25 collapse_w=0.000 mid_frac=0.321 hard=score=26.3612711706 wNMSE=1.4664084 wMSE=111711.5122 wMRED=3.64366900 wER=0.559073 wMAE=115.4379 wBias=-16.2832 condBias=166.5689 dotDrift=-3.118sigma uMRED=0.3645674112 uER=0.566406 uMAE=193.4663 WCE=3560 bias=-76.5625
[pop06_soft:00400] loss=99.557663 tau=3.00 collapse_w=0.000 mid_frac=0.238 hard=score=2.3864038678 wNMSE=0.25959591 wMSE=19776.1092 wMRED=2.81969933 wER=0.492399 wMAE=67.1674 wBias=-1.3212 condBias=71.9729 dotDrift=-0.601sigma uMRED=0.2125778780 uER=0.562500 uMAE=117.1133 WCE=976 bias=-47.2500
[pop06_soft:00600] loss=68.758026 tau=3.75 collapse_w=0.000 mid_frac=0.167 hard=score=2.8628373638 wNMSE=0.25291274 wMSE=19266.9829 wMRED=2.55820413 wER=0.484411 wMAE=64.2469 wBias=-4.0225 condBias=67.6484 dotDrift=-1.855sigma uMRED=0.2056265712 uER=0.536865 uMAE=113.9531 WCE=976 bias=-44.5000
[pop06_soft:00800] loss=68.179749 tau=4.50 collapse_w=0.084 mid_frac=0.173 hard=score=2.2931797419 wNMSE=0.28678395 wMSE=21847.3037 wMRED=2.39620239 wER=0.468355 wMAE=63.9279 wBias=-1.8931 condBias=73.2912 dotDrift=-0.820sigma uMRED=0.2381451662 uER=0.542725 uMAE=141.0273 WCE=1536 bias=18.6250
[pop06_soft:01000] loss=67.886215 tau=5.25 collapse_w=0.293 mid_frac=0.179 hard=score=5.7209856733 wNMSE=0.24592162 wMSE=18734.3968 wMRED=2.27806639 wER=0.466459 wMAE=57.1394 wBias=-8.1450 condBias=68.5832 dotDrift=-3.808sigma uMRED=0.2199517357 uER=0.537598 uMAE=128.7979 WCE=1536 bias=12.3750
[pop06_soft:01199] loss=67.650391 tau=6.00 collapse_w=0.500 mid_frac=0.173 hard=score=1.6287369428 wNMSE=0.19319055 wMSE=14717.3248 wMRED=2.20129564 wER=0.466459 wMAE=52.5497 wBias=1.5791 condBias=57.9773 dotDrift=+0.833sigma uMRED=0.2066088889 uER=0.537598 uMAE=123.0059 WCE=1632 bias=24.2500
[pop06_hard:00000] loss=37.229851 tau=6.00 collapse_w=0.000 mid_frac=0.167 hard=score=2.0619626624 wNMSE=0.18902826 wMSE=14400.2404 wMRED=2.17425321 wER=0.466459 wMAE=51.9180 wBias=-3.0110 condBias=57.3816 dotDrift=-1.606sigma uMRED=0.2032900864 uER=0.537598 uMAE=120.7900 WCE=1536 bias=20.2500
[pop06_hard:00200] loss=38.191177 tau=6.00 collapse_w=0.000 mid_frac=0.143 hard=score=1.6819129841 wNMSE=0.15080463 wMSE=11488.3503 wMRED=2.20479302 wER=0.466459 wMAE=50.8341 wBias=-1.9636 condBias=52.3856 dotDrift=-1.172sigma uMRED=0.1622027474 uER=0.537598 uMAE=91.2178 WCE=1024 bias=-47.5000
[pop06_hard:00400] loss=14.885431 tau=6.00 collapse_w=0.000 mid_frac=0.101 hard=score=1.3237015330 wNMSE=0.13477202 wMSE=10266.9806 wMRED=2.18654924 wER=0.464430 wMAE=49.2624 wBias=0.7563 condBias=48.2544 dotDrift=+0.478sigma uMRED=0.1362215680 uER=0.532471 uMAE=71.9717 WCE=688 bias=-14.3750
[pop06_hard:00599] loss=11.723702 tau=6.00 collapse_w=0.000 mid_frac=0.089 hard=score=28.1195277776 wNMSE=0.26911928 wMSE=20501.6027 wMRED=2.36787469 wER=0.464471 wMAE=59.3997 wBias=22.2451 condBias=64.6528 dotDrift=+9.943sigma uMRED=0.1684814695 uER=0.533203 uMAE=91.5654 WCE=904 bias=25.6250
[pop06] done (conf=0.53, noise=0.5); global best score=0.5629904674 wNMSE=0.042308133 wMSE=3223.0486 wMRED=0.80731767 wER=0.207327 wMAE=17.1897 wBias=-1.9279 condBias=34.0002 dotDrift=-2.173sigma uMRED=0.0509231343 uER=0.252930 uMAE=23.6250 WCE=336 bias=0.0000
[pop07_soft:00000] loss=18.976637 tau=1.50 collapse_w=0.000 mid_frac=0.417 hard=score=792.4457552030 wNMSE=11.504509 wMSE=876417.5896 wMRED=41.96554733 wER=0.582578 wMAE=469.1967 wBias=114.9838 condBias=414.9109 dotDrift=+7.861sigma uMRED=1.0634565340 uER=0.578125 uMAE=325.5957 WCE=3580 bias=99.8750
[pop07_soft:00200] loss=79.626129 tau=2.25 collapse_w=0.000 mid_frac=0.387 hard=score=12.1527980199 wNMSE=0.30248231 wMSE=23043.2098 wMRED=3.23094266 wER=0.557902 wMAE=70.4141 wBias=-13.5673 condBias=69.0173 dotDrift=-5.720sigma uMRED=0.2726963458 uER=0.571533 uMAE=170.6880 WCE=1636 bias=-86.4375
[pop07_soft:00400] loss=94.446304 tau=3.00 collapse_w=0.000 mid_frac=0.369 hard=score=98.1203188627 wNMSE=0.2597397 wMSE=19787.0629 wMRED=3.28113957 wER=0.537987 wMAE=67.6509 wBias=-42.2336 condBias=76.3312 dotDrift=-19.215sigma uMRED=0.2535986668 uER=0.570801 uMAE=143.2441 WCE=1738 bias=-87.3125
[pop07_soft:00600] loss=88.919296 tau=3.75 collapse_w=0.000 mid_frac=0.304 hard=score=30.0667914638 wNMSE=0.16992682 wMSE=12945.0860 wMRED=1.73470228 wER=0.461580 wMAE=47.8186 wBias=-23.0150 condBias=69.8391 dotDrift=-12.946sigma uMRED=0.1843603255 uER=0.552979 uMAE=105.0576 WCE=836 bias=-54.2500
[pop07_soft:00800] loss=87.976128 tau=4.50 collapse_w=0.084 mid_frac=0.286 hard=score=32.4868312908 wNMSE=0.16055678 wMSE=12231.2725 wMRED=1.62949981 wER=0.449857 wMAE=44.6581 wBias=-24.0073 condBias=67.2958 dotDrift=-13.893sigma uMRED=0.1695899043 uER=0.541260 uMAE=97.3672 WCE=772 bias=-47.6250
[pop07_soft:01000] loss=87.748840 tau=5.25 collapse_w=0.293 mid_frac=0.286 hard=score=38.9004572728 wNMSE=0.15922249 wMSE=12129.6259 wMRED=1.68235393 wER=0.456208 wMAE=45.1286 wBias=-26.3949 condBias=66.2837 dotDrift=-15.338sigma uMRED=0.1696750790 uER=0.544189 uMAE=97.2910 WCE=772 bias=-48.1250
[pop07_soft:01199] loss=87.665573 tau=6.00 collapse_w=0.500 mid_frac=0.286 hard=score=37.2780480422 wNMSE=0.15730273 wMSE=11983.3779 wMRED=1.66804181 wER=0.456208 wMAE=44.5069 wBias=-25.8232 condBias=65.6859 dotDrift=-15.097sigma uMRED=0.1684969134 uER=0.544189 uMAE=96.7012 WCE=740 bias=-47.6250
[pop07_hard:00000] loss=78.043015 tau=6.00 collapse_w=0.000 mid_frac=0.286 hard=score=37.2780480422 wNMSE=0.15730273 wMSE=11983.3779 wMRED=1.66804181 wER=0.456208 wMAE=44.5069 wBias=-25.8232 condBias=65.6859 dotDrift=-15.097sigma uMRED=0.1684969134 uER=0.544189 uMAE=96.7012 WCE=740 bias=-47.6250
[pop07_hard:00200] loss=65.754189 tau=6.00 collapse_w=0.000 mid_frac=0.256 hard=score=29.9256439463 wNMSE=0.14942804 wMSE=11383.4815 wMRED=1.60624937 wER=0.455778 wMAE=42.7892 wBias=-23.0737 condBias=61.7115 dotDrift=-13.841sigma uMRED=0.1617298707 uER=0.541992 uMAE=92.4863 WCE=740 bias=-41.1250
[pop07_hard:00400] loss=29.889706 tau=6.00 collapse_w=0.000 mid_frac=0.226 hard=score=15.4111376131 wNMSE=0.14297172 wMSE=10891.6369 wMRED=1.40249266 wER=0.436015 wMAE=40.2300 wBias=-16.2496 condBias=60.6153 dotDrift=-9.965sigma uMRED=0.1738993621 uER=0.540283 uMAE=103.3613 WCE=740 bias=-4.1250
[pop07_hard:00599] loss=48.482227 tau=6.00 collapse_w=0.000 mid_frac=0.190 hard=score=1.3887559793 wNMSE=0.14581462 wMSE=11108.2095 wMRED=1.60208126 wER=0.493711 wMAE=46.8799 wBias=0.8797 condBias=60.6841 dotDrift=+0.534sigma uMRED=0.1812009734 uER=0.546631 uMAE=106.4014 WCE=744 bias=6.0625
[pop07] done (conf=0.51, noise=1.0); global best score=0.5629904674 wNMSE=0.042308133 wMSE=3223.0486 wMRED=0.80731767 wER=0.207327 wMAE=17.1897 wBias=-1.9279 condBias=34.0002 dotDrift=-2.173sigma uMRED=0.0509231343 uER=0.252930 uMAE=23.6250 WCE=336 bias=0.0000
[pop08_soft:00000] loss=16.491934 tau=1.50 collapse_w=0.000 mid_frac=0.339 hard=score=589.3985637848 wNMSE=5.7186899 wMSE=435651.8311 wMRED=23.87902189 wER=0.579669 wMAE=289.2280 wBias=101.2623 condBias=281.2920 dotDrift=+9.819sigma uMRED=0.8189820630 uER=0.567139 uMAE=307.2773 WCE=3892 bias=130.5000
[pop08_soft:00200] loss=61.755161 tau=2.25 collapse_w=0.000 mid_frac=0.321 hard=score=70.1251677405 wNMSE=0.41671761 wMSE=31745.6960 wMRED=5.02048585 wER=0.534067 wMAE=86.8163 wBias=-35.0405 condBias=97.4095 dotDrift=-12.587sigma uMRED=0.2946853168 uER=0.561279 uMAE=158.0889 WCE=1606 bias=-95.3750
[pop08_soft:00400] loss=75.465363 tau=3.00 collapse_w=0.000 mid_frac=0.256 hard=score=7.0981934413 wNMSE=0.20449692 wMSE=15578.6483 wMRED=2.29279759 wER=0.490327 wMAE=56.1807 wBias=-10.0300 condBias=67.9432 dotDrift=-5.143sigma uMRED=0.2225591663 uER=0.559570 uMAE=132.8555 WCE=1442 bias=-73.7500
[pop08_soft:00600] loss=87.732491 tau=3.75 collapse_w=0.000 mid_frac=0.232 hard=score=11.6326709404 wNMSE=0.13907314 wMSE=10594.6411 wMRED=1.85439217 wER=0.484667 wMAE=42.4119 wBias=13.9442 condBias=59.0340 dotDrift=+8.670sigma uMRED=0.1681252334 uER=0.552979 uMAE=100.7070 WCE=1412 bias=-33.6250
[pop08_soft:00800] loss=87.607704 tau=4.50 collapse_w=0.084 mid_frac=0.238 hard=score=13.4144766710 wNMSE=0.13926441 wMSE=10609.2124 wMRED=1.91583357 wER=0.484667 wMAE=42.4270 wBias=15.0864 condBias=59.4202 dotDrift=+9.374sigma uMRED=0.1681701629 uER=0.552979 uMAE=100.1191 WCE=1396 bias=-32.6250
[pop08_soft:01000] loss=87.545219 tau=5.25 collapse_w=0.293 mid_frac=0.238 hard=score=13.2149612888 wNMSE=0.13930156 wMSE=10612.0421 wMRED=1.91582673 wER=0.484008 wMAE=42.3648 wBias=14.9618 condBias=59.4767 dotDrift=+9.295sigma uMRED=0.1680126550 uER=0.548584 uMAE=99.6172 WCE=1396 bias=-33.6250
[pop08_soft:01199] loss=87.458221 tau=6.00 collapse_w=0.500 mid_frac=0.250 hard=score=7.2679646068 wNMSE=0.12376361 wMSE=9428.3559 wMRED=1.86524211 wER=0.484008 wMAE=40.8043 wBias=10.8433 condBias=50.1869 dotDrift=+7.147sigma uMRED=0.1583376630 uER=0.548584 uMAE=96.3047 WCE=1396 bias=-41.6250
[pop08_hard:00000] loss=45.451591 tau=6.00 collapse_w=0.000 mid_frac=0.244 hard=score=7.2679646068 wNMSE=0.12376361 wMSE=9428.3559 wMRED=1.86524211 wER=0.484008 wMAE=40.8043 wBias=10.8433 condBias=50.1869 dotDrift=+7.147sigma uMRED=0.1583376630 uER=0.548584 uMAE=96.3047 WCE=1396 bias=-41.6250
[pop08_hard:00200] loss=21.978140 tau=6.00 collapse_w=0.000 mid_frac=0.226 hard=score=0.9939389142 wNMSE=0.10977686 wMSE=8362.8399 wMRED=1.72684838 wER=0.483007 wMAE=42.0267 wBias=1.1143 condBias=38.8107 dotDrift=+0.780sigma uMRED=0.1383322952 uER=0.547852 uMAE=85.1875 WCE=1140 bias=-21.6250
[pop08_hard:00400] loss=15.458794 tau=6.00 collapse_w=0.000 mid_frac=0.208 hard=score=2.5050932729 wNMSE=0.11146106 wMSE=8491.1435 wMRED=1.89394164 wER=0.483498 wMAE=41.7294 wBias=-5.4927 condBias=41.8792 dotDrift=-3.815sigma uMRED=0.1474154652 uER=0.543457 uMAE=86.7402 WCE=1124 bias=-5.1250
[pop08_hard:00599] loss=13.517276 tau=6.00 collapse_w=0.000 mid_frac=0.202 hard=score=0.7285210291 wNMSE=0.07789089 wMSE=5933.7557 wMRED=1.67804430 wER=0.482497 wMAE=37.6420 wBias=1.3105 condBias=34.7659 dotDrift=+1.089sigma uMRED=0.1315154403 uER=0.542725 uMAE=78.9316 WCE=1124 bias=-9.1250
[pop08] done (conf=0.53, noise=0.5); global best score=0.5629904674 wNMSE=0.042308133 wMSE=3223.0486 wMRED=0.80731767 wER=0.207327 wMAE=17.1897 wBias=-1.9279 condBias=34.0002 dotDrift=-2.173sigma uMRED=0.0509231343 uER=0.252930 uMAE=23.6250 WCE=336 bias=0.0000
[pop09_soft:00000] loss=50.325504 tau=1.50 collapse_w=0.000 mid_frac=0.429 hard=score=2988.3621568200 wNMSE=6.0686658 wMSE=462313.1208 wMRED=21.40881859 wER=0.582578 wMAE=348.2058 wBias=233.2315 condBias=409.9828 dotDrift=+21.953sigma uMRED=0.8021569001 uER=0.578125 uMAE=356.3335 WCE=2868 bias=195.6875
[pop09_soft:00200] loss=89.817825 tau=2.25 collapse_w=0.000 mid_frac=0.435 hard=score=169.5238827392 wNMSE=1.0220666 wMSE=77861.3948 wMRED=4.31134303 wER=0.542902 wMAE=107.6202 wBias=-54.8099 condBias=153.5095 dotDrift=-12.571sigma uMRED=0.4060445429 uER=0.562012 uMAE=245.2114 WCE=2061 bias=42.6875
[pop09_soft:00400] loss=88.420425 tau=3.00 collapse_w=0.000 mid_frac=0.375 hard=score=1.8939715262 wNMSE=0.27880698 wMSE=21239.6152 wMRED=2.21471129 wER=0.477390 wMAE=58.0183 wBias=-0.9735 condBias=73.7163 dotDrift=-0.427sigma uMRED=0.2036033644 uER=0.556885 uMAE=119.4648 WCE=1280 bias=23.1250
[pop09_soft:00600] loss=92.584953 tau=3.75 collapse_w=0.000 mid_frac=0.339 hard=score=4.6333384500 wNMSE=0.19062379 wMSE=14521.7885 wMRED=1.86867677 wER=0.532710 wMAE=51.5407 wBias=8.1098 condBias=48.3564 dotDrift=+4.307sigma uMRED=0.1617804267 uER=0.562012 uMAE=104.6748 WCE=942 bias=-18.1250
[pop09_soft:00800] loss=90.166183 tau=4.50 collapse_w=0.084 mid_frac=0.315 hard=score=22.1199307442 wNMSE=0.25773521 wMSE=19634.3598 wMRED=1.95129317 wER=0.478682 wMAE=54.3854 wBias=19.6486 condBias=59.5578 dotDrift=+8.974sigma uMRED=0.1847408263 uER=0.546631 uMAE=119.6699 WCE=1380 bias=47.3750
[pop09_soft:01000] loss=88.993446 tau=5.25 collapse_w=0.293 mid_frac=0.268 hard=score=1.7120201198 wNMSE=0.18878785 wMSE=14381.9253 wMRED=1.81689761 wER=0.418715 wMAE=47.7338 wBias=3.2772 condBias=47.1319 dotDrift=+1.749sigma uMRED=0.1590425142 uER=0.532959 uMAE=103.2344 WCE=942 bias=-23.6250
[pop09_soft:01199] loss=88.872673 tau=6.00 collapse_w=0.500 mid_frac=0.268 hard=score=1.7120201198 wNMSE=0.18878785 wMSE=14381.9253 wMRED=1.81689761 wER=0.418715 wMAE=47.7338 wBias=3.2772 condBias=47.1319 dotDrift=+1.749sigma uMRED=0.1590425142 uER=0.532959 uMAE=103.2344 WCE=942 bias=-23.6250
[pop09_hard:00000] loss=25.845783 tau=6.00 collapse_w=0.000 mid_frac=0.268 hard=score=1.7120201198 wNMSE=0.18878785 wMSE=14381.9253 wMRED=1.81689761 wER=0.418715 wMAE=47.7338 wBias=3.2772 condBias=47.1319 dotDrift=+1.749sigma uMRED=0.1590425142 uER=0.532959 uMAE=103.2344 WCE=942 bias=-23.6250
[pop09_hard:00200] loss=42.272949 tau=6.00 collapse_w=0.000 mid_frac=0.274 hard=score=4.3465014466 wNMSE=0.24882163 wMSE=18955.3203 wMRED=1.86124594 wER=0.418715 wMAE=50.7362 wBias=7.4804 condBias=56.5986 dotDrift=+3.477sigma uMRED=0.1797787089 uER=0.532959 uMAE=116.8594 WCE=1280 bias=35.3750
[pop09_hard:00400] loss=41.758648 tau=6.00 collapse_w=0.000 mid_frac=0.280 hard=score=4.0768142277 wNMSE=0.24864619 wMSE=18941.9555 wMRED=1.84157278 wER=0.418715 wMAE=50.6694 wBias=7.1418 condBias=56.4622 dotDrift=+3.321sigma uMRED=0.1796744096 uER=0.532959 uMAE=116.9756 WCE=1280 bias=35.1250
[pop09_hard:00599] loss=29.122702 tau=6.00 collapse_w=0.000 mid_frac=0.292 hard=score=3.9468457008 wNMSE=0.24858514 wMSE=18937.3048 wMRED=1.83568438 wER=0.418715 wMAE=50.6962 wBias=6.9724 condBias=56.3983 dotDrift=+3.243sigma uMRED=0.1797043023 uER=0.532959 uMAE=117.0498 WCE=1280 bias=35.0000
[pop09] done (conf=0.51, noise=1.0); global best score=0.5629904674 wNMSE=0.042308133 wMSE=3223.0486 wMRED=0.80731767 wER=0.207327 wMAE=17.1897 wBias=-1.9279 condBias=34.0002 dotDrift=-2.173sigma uMRED=0.0509231343 uER=0.252930 uMAE=23.6250 WCE=336 bias=0.0000
[pop10_soft:00000] loss=37.348282 tau=1.50 collapse_w=0.000 mid_frac=0.333 hard=score=2721.1827088960 wNMSE=5.5516223 wMSE=422924.5616 wMRED=19.82068573 wER=0.577549 wMAE=316.6278 wBias=222.5043 condBias=400.3093 dotDrift=+21.897sigma uMRED=0.6963060027 uER=0.571533 uMAE=264.0811 WCE=2788 bias=147.3125
[pop10_soft:00200] loss=104.241478 tau=2.25 collapse_w=0.000 mid_frac=0.327 hard=score=652.5908663003 wNMSE=2.3535252 wMSE=179292.3875 wMRED=8.77592440 wER=0.552342 wMAE=171.5444 wBias=-108.6418 condBias=236.9294 dotDrift=-16.421sigma uMRED=0.4663305016 uER=0.564941 uMAE=216.5674 WCE=3217 bias=-174.4375
[pop10_soft:00400] loss=78.575462 tau=3.00 collapse_w=0.000 mid_frac=0.280 hard=score=3.9596189897 wNMSE=0.37716967 wMSE=28732.9200 wMRED=2.28550793 wER=0.474548 wMAE=60.1621 wBias=-5.8003 condBias=77.4319 dotDrift=-2.190sigma uMRED=0.2453061627 uER=0.555908 uMAE=132.1445 WCE=3440 bias=-48.7500
[pop10_soft:00600] loss=66.589684 tau=3.75 collapse_w=0.000 mid_frac=0.214 hard=score=1.9571026275 wNMSE=0.21814972 wMSE=16618.7230 wMRED=2.08287867 wER=0.461403 wMAE=50.8953 wBias=-2.8967 condBias=67.4900 dotDrift=-1.438sigma uMRED=0.2037006188 uER=0.541260 uMAE=119.1504 WCE=1070 bias=-55.6250
[pop10_soft:00800] loss=66.407684 tau=4.50 collapse_w=0.084 mid_frac=0.220 hard=score=1.9802480327 wNMSE=0.21850307 wMSE=16645.6421 wMRED=2.08316474 wER=0.461829 wMAE=50.9481 wBias=-2.9495 condBias=67.6734 dotDrift=-1.463sigma uMRED=0.2047187226 uER=0.550049 uMAE=120.1504 WCE=1102 bias=-56.6250
[pop10_soft:01000] loss=66.318527 tau=5.25 collapse_w=0.293 mid_frac=0.220 hard=score=23.3828158095 wNMSE=0.18334658 wMSE=13967.4074 wMRED=2.07184903 wER=0.461829 wMAE=48.2154 wBias=-20.0850 condBias=68.1948 dotDrift=-10.877sigma uMRED=0.1952422473 uER=0.550049 uMAE=112.4863 WCE=1094 bias=-88.3750
[pop10_soft:01199] loss=66.276833 tau=6.00 collapse_w=0.500 mid_frac=0.232 hard=score=24.1484388961 wNMSE=0.18329184 wMSE=13963.2377 wMRED=2.06541593 wER=0.461871 wMAE=48.0510 wBias=-20.4360 condBias=68.2599 dotDrift=-11.068sigma uMRED=0.1950857260 uER=0.550781 uMAE=112.4863 WCE=1094 bias=-88.8750
[pop10_hard:00000] loss=92.375824 tau=6.00 collapse_w=0.000 mid_frac=0.232 hard=score=24.1484388961 wNMSE=0.18329184 wMSE=13963.2377 wMRED=2.06541593 wER=0.461871 wMAE=48.0510 wBias=-20.4360 condBias=68.2599 dotDrift=-11.068sigma uMRED=0.1950857260 uER=0.550781 uMAE=112.4863 WCE=1094 bias=-88.8750
[pop10_hard:00200] loss=80.301025 tau=6.00 collapse_w=0.000 mid_frac=0.196 hard=score=17.4404979928 wNMSE=0.17913924 wMSE=13646.8910 wMRED=2.12850625 wER=0.461326 wMAE=49.1751 wBias=-17.1454 condBias=68.1440 dotDrift=-9.393sigma uMRED=0.1944468959 uER=0.541260 uMAE=109.9297 WCE=1062 bias=-81.8750
[pop10_hard:00400] loss=60.556423 tau=6.00 collapse_w=0.000 mid_frac=0.149 hard=score=10.7899259975 wNMSE=0.16272947 wMSE=12396.7889 wMRED=2.09410165 wER=0.458289 wMAE=47.6584 wBias=-13.1678 condBias=64.1642 dotDrift=-7.569sigma uMRED=0.1901463874 uER=0.541992 uMAE=108.0439 WCE=994 bias=-62.3750
[pop10_hard:00599] loss=57.904545 tau=6.00 collapse_w=0.000 mid_frac=0.119 hard=score=1.5279292653 wNMSE=0.17336921 wMSE=13207.3280 wMRED=1.82457721 wER=0.481860 wMAE=49.4675 wBias=-0.8291 condBias=64.9430 dotDrift=-0.462sigma uMRED=0.1978929623 uER=0.541504 uMAE=115.4248 WCE=1304 bias=5.0000
[pop10] done (conf=0.53, noise=0.5); global best score=0.5629904674 wNMSE=0.042308133 wMSE=3223.0486 wMRED=0.80731767 wER=0.207327 wMAE=17.1897 wBias=-1.9279 condBias=34.0002 dotDrift=-2.173sigma uMRED=0.0509231343 uER=0.252930 uMAE=23.6250 WCE=336 bias=0.0000
[pop11_soft:00000] loss=71.041046 tau=1.50 collapse_w=0.000 mid_frac=0.375 hard=score=7919.6139889258 wNMSE=25.07426 wMSE=1910166.0639 wMRED=45.53857508 wER=0.577101 wMAE=639.0999 wBias=378.4754 condBias=719.6500 dotDrift=+17.526sigma uMRED=1.3574588920 uER=0.573730 uMAE=449.9985 WCE=3987 bias=164.0625
[pop11_soft:00200] loss=334.679413 tau=2.25 collapse_w=0.000 mid_frac=0.423 hard=score=160.2870669895 wNMSE=9.1102137 wMSE=694019.3216 wMRED=34.55656916 wER=0.563553 wMAE=455.7925 wBias=39.5289 condBias=468.0000 dotDrift=+3.037sigma uMRED=0.9520703698 uER=0.575195 uMAE=310.3989 WCE=2272 bias=-16.3125
[pop11_soft:00400] loss=205.816879 tau=3.00 collapse_w=0.000 mid_frac=0.387 hard=score=562.9936519717 wNMSE=2.7728656 wMSE=211237.8893 wMRED=12.93322404 wER=0.543855 wMAE=187.1459 wBias=-100.3593 condBias=221.1692 dotDrift=-13.975sigma uMRED=0.5966016906 uER=0.566406 uMAE=262.2144 WCE=3048 bias=-39.8125
[pop11_soft:00600] loss=162.667908 tau=3.75 collapse_w=0.000 mid_frac=0.357 hard=score=228.5292971408 wNMSE=1.3184613 wMSE=100440.8499 wMRED=10.64243303 wER=0.540263 wMAE=141.4344 wBias=-63.3575 condBias=163.2002 dotDrift=-12.794sigma uMRED=0.4141141406 uER=0.569336 uMAE=185.8921 WCE=1494 bias=-78.1875
[pop11_soft:00800] loss=138.209473 tau=4.50 collapse_w=0.084 mid_frac=0.315 hard=score=290.9828751440 wNMSE=1.2366092 wMSE=94205.3268 wMRED=10.47303718 wER=0.563780 wMAE=133.2728 wBias=-72.0247 condBias=167.0091 dotDrift=-15.018sigma uMRED=0.3963600743 uER=0.573730 uMAE=172.9756 WCE=1494 bias=-93.6250
[pop11_soft:01000] loss=129.023331 tau=5.25 collapse_w=0.293 mid_frac=0.339 hard=score=166.2475676861 wNMSE=1.0247247 wMSE=78063.8922 wMRED=8.29141795 wER=0.570580 wMAE=131.7039 wBias=-54.0444 condBias=157.5439 dotDrift=-12.380sigma uMRED=0.3547141499 uER=0.573730 uMAE=167.2031 WCE=1366 bias=-86.3750
[pop11_soft:01199] loss=127.218559 tau=6.00 collapse_w=0.500 mid_frac=0.327 hard=score=172.3361928123 wNMSE=1.0037495 wMSE=76465.9953 wMRED=8.13332905 wER=0.536813 wMAE=125.1820 wBias=-55.2692 condBias=148.0808 dotDrift=-12.792sigma uMRED=0.3360671420 uER=0.564209 uMAE=158.8643 WCE=1310 bias=-73.8750
[pop11_hard:00000] loss=335.650360 tau=6.00 collapse_w=0.000 mid_frac=0.321 hard=score=172.3361928123 wNMSE=1.0037495 wMSE=76465.9953 wMRED=8.13332905 wER=0.536813 wMAE=125.1820 wBias=-55.2692 condBias=148.0808 dotDrift=-12.792sigma uMRED=0.3360671420 uER=0.564209 uMAE=158.8643 WCE=1310 bias=-73.8750
[pop11_hard:00200] loss=289.541046 tau=6.00 collapse_w=0.000 mid_frac=0.298 hard=score=135.3352175078 wNMSE=1.0513426 wMSE=80091.6561 wMRED=8.24248290 wER=0.536813 wMAE=130.8133 wBias=-48.6740 condBias=137.9580 dotDrift=-11.007sigma uMRED=0.3504342112 uER=0.564209 uMAE=166.4736 WCE=1310 bias=-57.8750
[pop11_hard:00400] loss=272.079102 tau=6.00 collapse_w=0.000 mid_frac=0.274 hard=score=128.7431582182 wNMSE=1.0412902 wMSE=79325.8585 wMRED=8.24183777 wER=0.537126 wMAE=130.4971 wBias=-47.4087 condBias=136.8782 dotDrift=-10.773sigma uMRED=0.3421037914 uER=0.566406 uMAE=159.5479 WCE=1054 bias=-44.3750
[pop11_hard:00599] loss=249.978531 tau=6.00 collapse_w=0.000 mid_frac=0.256 hard=score=114.5607840625 wNMSE=1.0593275 wMSE=80699.9425 wMRED=8.26027069 wER=0.537126 wMAE=132.0288 wBias=-44.4404 condBias=136.9792 dotDrift=-10.012sigma uMRED=0.3587909260 uER=0.566406 uMAE=167.4937 WCE=1233 bias=-27.2500
[pop11] done (conf=0.51, noise=1.0); global best score=0.5629904674 wNMSE=0.042308133 wMSE=3223.0486 wMRED=0.80731767 wER=0.207327 wMAE=17.1897 wBias=-1.9279 condBias=34.0002 dotDrift=-2.173sigma uMRED=0.0509231343 uER=0.252930 uMAE=23.6250 WCE=336 bias=0.0000
[best] stage=guard_baseline score=0.5629904674 wNMSE=0.042308133 wMSE=3223.0486 wMRED=0.80731767 wER=0.207327 wMAE=17.1897 wBias=-1.9279 condBias=34.0002 dotDrift=-2.173sigma uMRED=0.0509231343 uER=0.252930 uMAE=23.6250 WCE=336 bias=0.0000
[best-json] /home/xuanqi/tony/work/FPGA/signed8x8_approx/signed8x8_2026_8_22/runs_qwen_legacy_refactor_20260916/default/rand614/best_signed88_inits.json
[best-rtl] /home/xuanqi/tony/work/FPGA/signed8x8_approx/signed8x8_2026_8_22/runs_qwen_legacy_refactor_20260916/default/rand614/best_rtl
[design] default_split search_bits=168
[safety] max_zero_violations=0 max_workload_zero_violation_probability=0
[metric-guard] relative_to_base=0.02 limits={'max_zero_violations': 0, 'max_workload_zero_violation_probability': 0.0, 'max_wce': 336, 'max_er': 0.25798828125, 'max_mred': 0.05194159699258835, 'max_ned': 0.001470794677734375, 'max_rmse': 70.11340813282436, 'max_nmse': 0.0001615764673455242, 'max_abs_bias': 1.074041178505275, 'max_workload_wce': 336, 'max_workload_er': 0.2114733974431658, 'max_workload_mred': 0.8234640261831421, 'max_workload_ned': 0.0010701567513685636, 'max_workload_rmse': 57.90733801654324, 'max_workload_nmse': 0.043154295571426936, 'max_abs_workload_bias': 1.966495293433808, 'max_conditional_bias_rms': 34.680202271755206}
[start] score=0.5629904674 wNMSE=0.042308133 wMSE=3223.0486 wMRED=0.80731767 wER=0.207327 wMAE=17.1897 wBias=-1.9279 condBias=34.0002 dotDrift=-2.173sigma uMRED=0.0509231343 uER=0.252930 uMAE=23.6250 WCE=336 bias=0.0000
[single] ACCEPT ['mid_lut23:47'] 0.5629904674->0.4254589646 wNMSE=0.040544269 wBias=-1.28400
[single] round=2 no improvement
[pair] ACCEPT ['hi_lut23:47', 'hi_lut23:51'] 0.4254589646->0.2093670247 wNMSE=0.014086166 wBias=-1.16826
[pair] ACCEPT ['lo_lut23:47', 'lo_lut23:51'] 0.2093670247->0.2007686392 wNMSE=0.013661598 wBias=-1.16140
[pair] round=3 no improvement
[final] score=0.2007686392 wNMSE=0.013661598 wMSE=1040.7454 wMRED=0.65008969 wER=0.207327 wMAE=10.9337 wBias=-1.1614 condBias=19.8643 dotDrift=-2.304sigma uMRED=0.0321789185 uER=0.252930 uMAE=14.1250 WCE=200 bias=1.0000
[json] /home/xuanqi/tony/work/FPGA/signed8x8_approx/signed8x8_2026_8_22/runs_qwen_legacy_refactor_20260916/default/rand614/refined/best_signed88_inits.json
