[design] balanced_split quad4 entries=112
[device] cuda
[initial] score=16.1812035695 wNMSE=0.12491067 wMSE=23271.0127 wMRED=2.80478484 wER=0.437141 wMAE=68.5078 wBias=-26.9131 condBias=84.4892 dotDrift=-11.291sigma uMRED=0.1623984204 uER=0.437500 uMAE=79.8301 WCE=611 bias=-13.3125
[quad_warmup_bit:00000] loss=0.382287 tau=1.50 collapse_w=0.000 mid_frac=0.554 hard=score=16.1812035695 wNMSE=0.12491067 wMSE=23271.0127 wMRED=2.80478484 wER=0.437141 wMAE=68.5078 wBias=-26.9131 condBias=84.4892 dotDrift=-11.291sigma uMRED=0.1623984204 uER=0.437500 uMAE=79.8301 WCE=611 bias=-13.3125
[quad_warmup_bit:00200] loss=0.220846 tau=1.50 collapse_w=0.000 mid_frac=0.518 hard=score=57.7027363468 wNMSE=0.14713053 wMSE=27410.6005 wMRED=3.38637717 wER=0.437141 wMAE=70.7477 wBias=-51.0897 condBias=99.3068 dotDrift=-19.749sigma uMRED=0.1698266107 uER=0.437500 uMAE=77.9219 WCE=674 bias=-52.8125
[quad_warmup_bit:00400] loss=0.196014 tau=1.50 collapse_w=0.000 mid_frac=0.473 hard=score=56.4069346850 wNMSE=0.14095803 wMSE=26260.6554 wMRED=3.18555510 wER=0.380352 wMAE=68.1802 wBias=-50.5157 condBias=97.6386 dotDrift=-19.951sigma uMRED=0.1641993827 uER=0.398438 uMAE=75.9141 WCE=640 bias=-51.6250
[quad_warmup_bit:00600] loss=0.176138 tau=1.50 collapse_w=0.000 mid_frac=0.464 hard=score=77.3023384018 wNMSE=0.14856201 wMSE=27677.2881 wMRED=3.34636169 wER=0.301748 wMAE=68.8765 wBias=-59.1768 condBias=104.0785 dotDrift=-22.765sigma uMRED=0.1646940181 uER=0.351562 uMAE=72.6875 WCE=640 bias=-55.6250
[quad_warmup_bit:00800] loss=0.160313 tau=1.50 collapse_w=0.000 mid_frac=0.438 hard=score=74.3527801664 wNMSE=0.14209279 wMSE=26472.0627 wMRED=3.29130019 wER=0.288852 wMAE=65.9667 wBias=-58.0372 condBias=106.1590 dotDrift=-22.829sigma uMRED=0.1584791189 uER=0.339844 uMAE=69.5781 WCE=576 bias=-51.6250
[quad_warmup_bit:01000] loss=0.148029 tau=1.50 collapse_w=0.000 mid_frac=0.393 hard=score=54.7025495258 wNMSE=0.12339044 wMSE=22987.7917 wMRED=2.68575348 wER=0.255908 wMAE=55.3702 wBias=-49.7611 condBias=101.0983 dotDrift=-21.005sigma uMRED=0.1352792571 uER=0.316406 uMAE=61.1250 WCE=544 bias=-50.5000
[quad_warmup_bit:01200] loss=0.136358 tau=1.50 collapse_w=0.000 mid_frac=0.312 hard=score=54.7025495258 wNMSE=0.12339044 wMSE=22987.7917 wMRED=2.68575348 wER=0.255908 wMAE=55.3702 wBias=-49.7611 condBias=101.0983 dotDrift=-21.005sigma uMRED=0.1352792571 uER=0.316406 uMAE=61.1250 WCE=544 bias=-50.5000
[quad_warmup_bit:01400] loss=0.127682 tau=1.50 collapse_w=0.000 mid_frac=0.268 hard=score=55.1494329570 wNMSE=0.12354226 wMSE=23016.0765 wMRED=2.68674089 wER=0.260405 wMAE=55.4067 wBias=-49.9648 condBias=101.1934 dotDrift=-21.078sigma uMRED=0.1354929584 uER=0.323242 uMAE=61.2812 WCE=544 bias=-50.7500
[quad_warmup_bit:01425] loss=0.126711 tau=1.50 collapse_w=0.000 mid_frac=0.277 hard=score=3.5759177999 wNMSE=0.055890153 wMSE=10412.4050 wMRED=0.70412897 wER=0.260405 wMAE=30.7901 wBias=-12.5390 condBias=49.0918 dotDrift=-7.864sigma uMRED=0.0803240064 uER=0.323242 uMAE=51.3750 WCE=544 bias=-34.7500 *BEST*
[quad_warmup_bit:01450] loss=0.125718 tau=1.50 collapse_w=0.000 mid_frac=0.277 hard=score=0.0714125932 wNMSE=0.022953429 wMSE=4276.2523 wMRED=0.54054975 wER=0.250621 wMAE=19.1668 wBias=-0.3350 condBias=33.8343 dotDrift=-0.328sigma uMRED=0.0555681622 uER=0.308594 uMAE=36.1875 WCE=544 bias=-18.7500 *BEST*
[quad_warmup_bit:01600] loss=0.120091 tau=1.50 collapse_w=0.000 mid_frac=0.214 hard=score=0.1525413900 wNMSE=0.022577177 wMSE=4206.1562 wMRED=0.53042957 wER=0.237596 wMAE=18.1069 wBias=-1.9566 condBias=33.6670 dotDrift=-1.931sigma uMRED=0.0535424976 uER=0.289062 uMAE=34.6719 WCE=544 bias=-20.8750
[quad_warmup_bit:01800] loss=0.114017 tau=1.50 collapse_w=0.000 mid_frac=0.196 hard=score=0.2482398201 wNMSE=0.0080259256 wMSE=1495.2399 wMRED=0.42639424 wER=0.234156 wMAE=12.6067 wBias=3.1189 condBias=19.9956 dotDrift=+5.162sigma uMRED=0.0344409505 uER=0.280273 uMAE=20.6328 WCE=352 bias=-5.3750
[quad_warmup_bit:02000] loss=0.109703 tau=1.50 collapse_w=0.000 mid_frac=0.179 hard=score=0.0961157198 wNMSE=0.0094108002 wMSE=1753.2438 wMRED=0.45507020 wER=0.246107 wMAE=14.4857 wBias=-1.6505 condBias=21.7780 dotDrift=-2.523sigma uMRED=0.0387575126 uER=0.291016 uMAE=23.2109 WCE=352 bias=-15.3750
[quad_warmup_bit:02075] loss=0.108214 tau=1.50 collapse_w=0.000 mid_frac=0.170 hard=score=0.0345281136 wNMSE=0.0082791084 wMSE=1542.4082 wMRED=0.42793383 wER=0.234156 wMAE=12.7909 wBias=0.0443 condBias=20.4020 dotDrift=+0.072sigma uMRED=0.0352034880 uER=0.280273 uMAE=21.2109 WCE=352 bias=-13.3750 *BEST*
[quad_warmup_bit:02200] loss=0.105178 tau=1.50 collapse_w=0.000 mid_frac=0.161 hard=score=0.0467775077 wNMSE=0.0044646092 wMSE=831.7623 wMRED=0.40597522 wER=0.234899 wMAE=10.6500 wBias=1.1398 condBias=15.2431 dotDrift=+2.529sigma uMRED=0.0257517643 uER=0.275391 uMAE=13.2344 WCE=180 bias=-6.3750
[quad_warmup_bit:02400] loss=0.098793 tau=1.50 collapse_w=0.000 mid_frac=0.143 hard=score=0.1719437378 wNMSE=0.0032817816 wMSE=611.4000 wMRED=0.39250239 wER=0.226757 wMAE=9.1127 wBias=2.6771 condBias=13.2259 dotDrift=+6.929sigma uMRED=0.0205803057 uER=0.255859 uMAE=9.2344 WCE=144 bias=-2.3750
[quad_warmup_bit:02600] loss=0.094099 tau=1.50 collapse_w=0.000 mid_frac=0.125 hard=score=0.2055358329 wNMSE=0.0030944888 wMSE=576.5071 wMRED=0.38854295 wER=0.221332 wMAE=8.8482 wBias=2.9510 condBias=12.9166 dotDrift=+7.866sigma uMRED=0.0194712449 uER=0.242188 uMAE=8.2812 WCE=144 bias=-0.6250
[quad_warmup_bit:02800] loss=0.091450 tau=1.50 collapse_w=0.000 mid_frac=0.098 hard=score=0.2055358329 wNMSE=0.0030944888 wMSE=576.5071 wMRED=0.38854295 wER=0.221332 wMAE=8.8482 wBias=2.9510 condBias=12.9166 dotDrift=+7.866sigma uMRED=0.0194712449 uER=0.242188 uMAE=8.2812 WCE=144 bias=-0.6250
[quad_warmup_bit:03000] loss=0.090013 tau=1.50 collapse_w=0.000 mid_frac=0.107 hard=score=0.2055358329 wNMSE=0.0030944888 wMSE=576.5071 wMRED=0.38854295 wER=0.221332 wMAE=8.8482 wBias=2.9510 condBias=12.9166 dotDrift=+7.866sigma uMRED=0.0194712449 uER=0.242188 uMAE=8.2812 WCE=144 bias=-0.6250
[quad_warmup_bit:03200] loss=0.089195 tau=1.50 collapse_w=0.000 mid_frac=0.089 hard=score=0.2292953436 wNMSE=0.0030674928 wMSE=571.4777 wMRED=0.38760634 wER=0.219078 wMAE=8.6976 wBias=3.1291 condBias=12.8984 dotDrift=+8.377sigma uMRED=0.0190821863 uER=0.234375 uMAE=7.8750 WCE=144 bias=-0.1250
[quad_warmup_bit:03400] loss=0.088652 tau=1.50 collapse_w=0.000 mid_frac=0.089 hard=score=0.2292953436 wNMSE=0.0030674928 wMSE=571.4777 wMRED=0.38760634 wER=0.219078 wMAE=8.6976 wBias=3.1291 condBias=12.8984 dotDrift=+8.377sigma uMRED=0.0190821863 uER=0.234375 uMAE=7.8750 WCE=144 bias=-0.1250
[quad_warmup_bit:03600] loss=0.088277 tau=1.50 collapse_w=0.000 mid_frac=0.089 hard=score=0.2292953436 wNMSE=0.0030674928 wMSE=571.4777 wMRED=0.38760634 wER=0.219078 wMAE=8.6976 wBias=3.1291 condBias=12.8984 dotDrift=+8.377sigma uMRED=0.0190821863 uER=0.234375 uMAE=7.8750 WCE=144 bias=-0.1250
[quad_warmup_bit:03800] loss=0.087990 tau=1.50 collapse_w=0.000 mid_frac=0.089 hard=score=0.2292953436 wNMSE=0.0030674928 wMSE=571.4777 wMRED=0.38760634 wER=0.219078 wMAE=8.6976 wBias=3.1291 condBias=12.8984 dotDrift=+8.377sigma uMRED=0.0190821863 uER=0.234375 uMAE=7.8750 WCE=144 bias=-0.1250
[quad_warmup_bit:04000] loss=0.087764 tau=1.50 collapse_w=0.000 mid_frac=0.089 hard=score=0.2292953436 wNMSE=0.0030674928 wMSE=571.4777 wMRED=0.38760634 wER=0.219078 wMAE=8.6976 wBias=3.1291 condBias=12.8984 dotDrift=+8.377sigma uMRED=0.0190821863 uER=0.234375 uMAE=7.8750 WCE=144 bias=-0.1250
[quad_warmup_bit:04200] loss=0.087580 tau=1.50 collapse_w=0.000 mid_frac=0.089 hard=score=0.2292953436 wNMSE=0.0030674928 wMSE=571.4777 wMRED=0.38760634 wER=0.219078 wMAE=8.6976 wBias=3.1291 condBias=12.8984 dotDrift=+8.377sigma uMRED=0.0190821863 uER=0.234375 uMAE=7.8750 WCE=144 bias=-0.1250
[quad_warmup_bit:04400] loss=0.087427 tau=1.50 collapse_w=0.000 mid_frac=0.080 hard=score=0.2021483944 wNMSE=0.0030479319 wMSE=567.8335 wMRED=0.38554281 wER=0.223534 wMAE=8.6694 wBias=2.9254 condBias=12.7886 dotDrift=+7.857sigma uMRED=0.0190919463 uER=0.243164 uMAE=7.9688 WCE=144 bias=-0.3750
[quad_warmup_bit:04600] loss=0.087297 tau=1.50 collapse_w=0.000 mid_frac=0.080 hard=score=0.0502159832 wNMSE=0.0044142452 wMSE=822.3794 wMRED=0.41267918 wER=0.232660 wMAE=10.3642 wBias=1.2306 condBias=15.2478 dotDrift=+2.746sigma uMRED=0.0226459710 uER=0.250977 uMAE=9.9688 WCE=160 bias=-2.3750
[quad_warmup_bit:04800] loss=0.087186 tau=1.50 collapse_w=0.000 mid_frac=0.080 hard=score=0.0502159832 wNMSE=0.0044142452 wMSE=822.3794 wMRED=0.41267918 wER=0.232660 wMAE=10.3642 wBias=1.2306 condBias=15.2478 dotDrift=+2.746sigma uMRED=0.0226459710 uER=0.250977 uMAE=9.9688 WCE=160 bias=-2.3750
[quad_warmup_bit:05000] loss=0.087091 tau=1.50 collapse_w=0.000 mid_frac=0.080 hard=score=0.0502159832 wNMSE=0.0044142452 wMSE=822.3794 wMRED=0.41267918 wER=0.232660 wMAE=10.3642 wBias=1.2306 condBias=15.2478 dotDrift=+2.746sigma uMRED=0.0226459710 uER=0.250977 uMAE=9.9688 WCE=160 bias=-2.3750
[quad_warmup_bit:05200] loss=0.087008 tau=1.50 collapse_w=0.000 mid_frac=0.080 hard=score=0.4832205305 wNMSE=0.0028460387 wMSE=530.2206 wMRED=0.38319635 wER=0.224103 wMAE=8.2484 wBias=4.6201 condBias=12.1982 dotDrift=+12.841sigma uMRED=0.0178657122 uER=0.239258 uMAE=7.0781 WCE=144 bias=1.6250
[quad_warmup_bit:05400] loss=0.086936 tau=1.50 collapse_w=0.000 mid_frac=0.080 hard=score=0.4832205305 wNMSE=0.0028460387 wMSE=530.2206 wMRED=0.38319635 wER=0.224103 wMAE=8.2484 wBias=4.6201 condBias=12.1982 dotDrift=+12.841sigma uMRED=0.0178657122 uER=0.239258 uMAE=7.0781 WCE=144 bias=1.6250
[quad_warmup_bit:05600] loss=0.086874 tau=1.50 collapse_w=0.000 mid_frac=0.080 hard=score=0.4832205305 wNMSE=0.0028460387 wMSE=530.2206 wMRED=0.38319635 wER=0.224103 wMAE=8.2484 wBias=4.6201 condBias=12.1982 dotDrift=+12.841sigma uMRED=0.0178657122 uER=0.239258 uMAE=7.0781 WCE=144 bias=1.6250
[quad_warmup_bit:05800] loss=0.086820 tau=1.50 collapse_w=0.000 mid_frac=0.080 hard=score=0.4832205305 wNMSE=0.0028460387 wMSE=530.2206 wMRED=0.38319635 wER=0.224103 wMAE=8.2484 wBias=4.6201 condBias=12.1982 dotDrift=+12.841sigma uMRED=0.0178657122 uER=0.239258 uMAE=7.0781 WCE=144 bias=1.6250
[quad_warmup_bit:05999] loss=0.086773 tau=1.50 collapse_w=0.000 mid_frac=0.080 hard=score=0.4832205305 wNMSE=0.0028460387 wMSE=530.2206 wMRED=0.38319635 wER=0.224103 wMAE=8.2484 wBias=4.6201 condBias=12.1982 dotDrift=+12.841sigma uMRED=0.0178657122 uER=0.239258 uMAE=7.0781 WCE=144 bias=1.6250
[quad_soft:00000] loss=0.203581 tau=1.50 collapse_w=0.000 mid_frac=0.080 hard=score=0.4832205305 wNMSE=0.0028460387 wMSE=530.2206 wMRED=0.38319635 wER=0.224103 wMAE=8.2484 wBias=4.6201 condBias=12.1982 dotDrift=+12.841sigma uMRED=0.0178657122 uER=0.239258 uMAE=7.0781 WCE=144 bias=1.6250
[quad_soft:00200] loss=0.134182 tau=1.59 collapse_w=0.000 mid_frac=0.062 hard=score=0.4832205305 wNMSE=0.0028460387 wMSE=530.2206 wMRED=0.38319635 wER=0.224103 wMAE=8.2484 wBias=4.6201 condBias=12.1982 dotDrift=+12.841sigma uMRED=0.0178657122 uER=0.239258 uMAE=7.0781 WCE=144 bias=1.6250
[quad_soft:00400] loss=0.118942 tau=1.68 collapse_w=0.000 mid_frac=0.071 hard=score=0.6193680430 wNMSE=0.0031596945 wMSE=588.6550 wMRED=0.44439242 wER=0.224170 wMAE=8.6893 wBias=5.2451 condBias=12.7628 dotDrift=+13.836sigma uMRED=0.0190540521 uER=0.239258 uMAE=7.1328 WCE=144 bias=2.1250
[quad_soft:00600] loss=0.112558 tau=1.77 collapse_w=0.000 mid_frac=0.071 hard=score=0.7702760061 wNMSE=0.0031450506 wMSE=585.9268 wMRED=0.44235490 wER=0.223153 wMAE=8.4979 wBias=5.8635 condBias=12.8276 dotDrift=+15.503sigma uMRED=0.0186485787 uER=0.233398 uMAE=6.7969 WCE=144 bias=2.8750
[quad_soft:00800] loss=0.109252 tau=1.86 collapse_w=0.000 mid_frac=0.062 hard=score=0.5825285860 wNMSE=0.0024920587 wMSE=464.2736 wMRED=0.42804529 wER=0.223153 wMAE=7.7318 wBias=5.0973 condBias=11.4161 dotDrift=+15.140sigma uMRED=0.0169352521 uER=0.233398 uMAE=5.7969 WCE=112 bias=1.8750
[quad_soft:01000] loss=0.107190 tau=1.95 collapse_w=0.000 mid_frac=0.062 hard=score=0.5825285860 wNMSE=0.0024920587 wMSE=464.2736 wMRED=0.42804529 wER=0.223153 wMAE=7.7318 wBias=5.0973 condBias=11.4161 dotDrift=+15.140sigma uMRED=0.0169352521 uER=0.233398 uMAE=5.7969 WCE=112 bias=1.8750
[quad_soft:01200] loss=0.105218 tau=2.04 collapse_w=0.000 mid_frac=0.062 hard=score=0.5825285860 wNMSE=0.0024920587 wMSE=464.2736 wMRED=0.42804529 wER=0.223153 wMAE=7.7318 wBias=5.0973 condBias=11.4161 dotDrift=+15.140sigma uMRED=0.0169352521 uER=0.233398 uMAE=5.7969 WCE=112 bias=1.8750
[quad_soft:01400] loss=0.103234 tau=2.13 collapse_w=0.000 mid_frac=0.089 hard=score=0.5433635735 wNMSE=0.002523173 wMSE=470.0703 wMRED=0.42899123 wER=0.224808 wMAE=7.8840 wBias=4.9192 condBias=11.4489 dotDrift=+14.521sigma uMRED=0.0173377659 uER=0.239258 uMAE=6.2109 WCE=112 bias=1.3750
[quad_soft:01600] loss=0.101128 tau=2.22 collapse_w=0.000 mid_frac=0.089 hard=score=0.5433635735 wNMSE=0.002523173 wMSE=470.0703 wMRED=0.42899123 wER=0.224808 wMAE=7.8840 wBias=4.9192 condBias=11.4489 dotDrift=+14.521sigma uMRED=0.0173377659 uER=0.239258 uMAE=6.2109 WCE=112 bias=1.3750
[quad_soft:01800] loss=0.099058 tau=2.31 collapse_w=0.000 mid_frac=0.089 hard=score=0.5433635735 wNMSE=0.002523173 wMSE=470.0703 wMRED=0.42899123 wER=0.224808 wMAE=7.8840 wBias=4.9192 condBias=11.4489 dotDrift=+14.521sigma uMRED=0.0173377659 uER=0.239258 uMAE=6.2109 WCE=112 bias=1.3750
[quad_soft:02000] loss=0.096955 tau=2.40 collapse_w=0.000 mid_frac=0.089 hard=score=0.5433635735 wNMSE=0.002523173 wMSE=470.0703 wMRED=0.42899123 wER=0.224808 wMAE=7.8840 wBias=4.9192 condBias=11.4489 dotDrift=+14.521sigma uMRED=0.0173377659 uER=0.239258 uMAE=6.2109 WCE=112 bias=1.3750
[quad_soft:02200] loss=0.094812 tau=2.49 collapse_w=0.000 mid_frac=0.089 hard=score=0.5433635735 wNMSE=0.002523173 wMSE=470.0703 wMRED=0.42899123 wER=0.224808 wMAE=7.8840 wBias=4.9192 condBias=11.4489 dotDrift=+14.521sigma uMRED=0.0173377659 uER=0.239258 uMAE=6.2109 WCE=112 bias=1.3750
[quad_soft:02400] loss=0.092632 tau=2.58 collapse_w=0.000 mid_frac=0.098 hard=score=0.5433635735 wNMSE=0.002523173 wMSE=470.0703 wMRED=0.42899123 wER=0.224808 wMAE=7.8840 wBias=4.9192 condBias=11.4489 dotDrift=+14.521sigma uMRED=0.0173377659 uER=0.239258 uMAE=6.2109 WCE=112 bias=1.3750
[quad_soft:02600] loss=0.090460 tau=2.67 collapse_w=0.000 mid_frac=0.107 hard=score=0.5433635735 wNMSE=0.002523173 wMSE=470.0703 wMRED=0.42899123 wER=0.224808 wMAE=7.8840 wBias=4.9192 condBias=11.4489 dotDrift=+14.521sigma uMRED=0.0173377659 uER=0.239258 uMAE=6.2109 WCE=112 bias=1.3750
[quad_soft:02800] loss=0.088308 tau=2.76 collapse_w=0.000 mid_frac=0.107 hard=score=0.5693895294 wNMSE=0.0025253222 wMSE=470.4707 wMRED=0.42899453 wER=0.223753 wMAE=7.8702 wBias=5.0381 condBias=11.4784 dotDrift=+14.866sigma uMRED=0.0172851722 uER=0.233398 uMAE=6.1250 WCE=112 bias=1.8750
[quad_soft:03000] loss=0.086200 tau=2.85 collapse_w=0.000 mid_frac=0.107 hard=score=0.5693895294 wNMSE=0.0025253222 wMSE=470.4707 wMRED=0.42899453 wER=0.223753 wMAE=7.8702 wBias=5.0381 condBias=11.4784 dotDrift=+14.866sigma uMRED=0.0172851722 uER=0.233398 uMAE=6.1250 WCE=112 bias=1.8750
[quad_soft:03200] loss=0.084103 tau=2.94 collapse_w=0.000 mid_frac=0.107 hard=score=0.5693895294 wNMSE=0.0025253222 wMSE=470.4707 wMRED=0.42899453 wER=0.223753 wMAE=7.8702 wBias=5.0381 condBias=11.4784 dotDrift=+14.866sigma uMRED=0.0172851722 uER=0.233398 uMAE=6.1250 WCE=112 bias=1.8750
[quad_soft:03400] loss=0.081993 tau=3.03 collapse_w=0.000 mid_frac=0.107 hard=score=0.5693895294 wNMSE=0.0025253222 wMSE=470.4707 wMRED=0.42899453 wER=0.223753 wMAE=7.8702 wBias=5.0381 condBias=11.4784 dotDrift=+14.866sigma uMRED=0.0172851722 uER=0.233398 uMAE=6.1250 WCE=112 bias=1.8750
[quad_soft:03600] loss=0.079897 tau=3.12 collapse_w=0.000 mid_frac=0.107 hard=score=0.5693895294 wNMSE=0.0025253222 wMSE=470.4707 wMRED=0.42899453 wER=0.223753 wMAE=7.8702 wBias=5.0381 condBias=11.4784 dotDrift=+14.866sigma uMRED=0.0172851722 uER=0.233398 uMAE=6.1250 WCE=112 bias=1.8750
[quad_soft:03800] loss=0.077803 tau=3.21 collapse_w=0.000 mid_frac=0.107 hard=score=0.5693895294 wNMSE=0.0025253222 wMSE=470.4707 wMRED=0.42899453 wER=0.223753 wMAE=7.8702 wBias=5.0381 condBias=11.4784 dotDrift=+14.866sigma uMRED=0.0172851722 uER=0.233398 uMAE=6.1250 WCE=112 bias=1.8750
[quad_soft:04000] loss=0.075705 tau=3.30 collapse_w=0.000 mid_frac=0.107 hard=score=0.5693895294 wNMSE=0.0025253222 wMSE=470.4707 wMRED=0.42899453 wER=0.223753 wMAE=7.8702 wBias=5.0381 condBias=11.4784 dotDrift=+14.866sigma uMRED=0.0172851722 uER=0.233398 uMAE=6.1250 WCE=112 bias=1.8750
[quad_soft:04200] loss=0.073573 tau=3.39 collapse_w=0.000 mid_frac=0.107 hard=score=0.5693895294 wNMSE=0.0025253222 wMSE=470.4707 wMRED=0.42899453 wER=0.223753 wMAE=7.8702 wBias=5.0381 condBias=11.4784 dotDrift=+14.866sigma uMRED=0.0172851722 uER=0.233398 uMAE=6.1250 WCE=112 bias=1.8750
[quad_soft:04400] loss=0.071437 tau=3.48 collapse_w=0.000 mid_frac=0.107 hard=score=0.5693895294 wNMSE=0.0025253222 wMSE=470.4707 wMRED=0.42899453 wER=0.223753 wMAE=7.8702 wBias=5.0381 condBias=11.4784 dotDrift=+14.866sigma uMRED=0.0172851722 uER=0.233398 uMAE=6.1250 WCE=112 bias=1.8750
[quad_soft:04600] loss=0.069298 tau=3.57 collapse_w=0.000 mid_frac=0.107 hard=score=0.5911695059 wNMSE=0.0025107229 wMSE=467.7508 wMRED=0.42732727 wER=0.223753 wMAE=7.7726 wBias=5.1357 condBias=11.4105 dotDrift=+15.198sigma uMRED=0.0170907368 uER=0.233398 uMAE=6.0000 WCE=112 bias=2.0000
[quad_soft:04800] loss=0.067164 tau=3.66 collapse_w=0.000 mid_frac=0.107 hard=score=0.5693895294 wNMSE=0.0025253222 wMSE=470.4707 wMRED=0.42899453 wER=0.223753 wMAE=7.8702 wBias=5.0381 condBias=11.4784 dotDrift=+14.866sigma uMRED=0.0172851722 uER=0.233398 uMAE=6.1250 WCE=112 bias=1.8750
[quad_soft:05000] loss=0.065015 tau=3.75 collapse_w=0.000 mid_frac=0.107 hard=score=0.5693895294 wNMSE=0.0025253222 wMSE=470.4707 wMRED=0.42899453 wER=0.223753 wMAE=7.8702 wBias=5.0381 condBias=11.4784 dotDrift=+14.866sigma uMRED=0.0172851722 uER=0.233398 uMAE=6.1250 WCE=112 bias=1.8750
[quad_soft:05200] loss=0.062876 tau=3.84 collapse_w=0.000 mid_frac=0.107 hard=score=0.5911695059 wNMSE=0.0025107229 wMSE=467.7508 wMRED=0.42732727 wER=0.223753 wMAE=7.7726 wBias=5.1357 condBias=11.4105 dotDrift=+15.198sigma uMRED=0.0170907368 uER=0.233398 uMAE=6.0000 WCE=112 bias=2.0000
[quad_soft:05400] loss=0.060740 tau=3.93 collapse_w=0.000 mid_frac=0.107 hard=score=0.5911695059 wNMSE=0.0025107229 wMSE=467.7508 wMRED=0.42732727 wER=0.223753 wMAE=7.7726 wBias=5.1357 condBias=11.4105 dotDrift=+15.198sigma uMRED=0.0170907368 uER=0.233398 uMAE=6.0000 WCE=112 bias=2.0000
[quad_soft:05600] loss=0.058588 tau=4.02 collapse_w=0.000 mid_frac=0.098 hard=score=0.5911695059 wNMSE=0.0025107229 wMSE=467.7508 wMRED=0.42732727 wER=0.223753 wMAE=7.7726 wBias=5.1357 condBias=11.4105 dotDrift=+15.198sigma uMRED=0.0170907368 uER=0.233398 uMAE=6.0000 WCE=112 bias=2.0000
[quad_soft:05800] loss=0.056444 tau=4.11 collapse_w=0.000 mid_frac=0.098 hard=score=0.5911695059 wNMSE=0.0025107229 wMSE=467.7508 wMRED=0.42732727 wER=0.223753 wMAE=7.7726 wBias=5.1357 condBias=11.4105 dotDrift=+15.198sigma uMRED=0.0170907368 uER=0.233398 uMAE=6.0000 WCE=112 bias=2.0000
[quad_soft:06000] loss=0.054301 tau=4.20 collapse_w=0.000 mid_frac=0.098 hard=score=0.5911695059 wNMSE=0.0025107229 wMSE=467.7508 wMRED=0.42732727 wER=0.223753 wMAE=7.7726 wBias=5.1357 condBias=11.4105 dotDrift=+15.198sigma uMRED=0.0170907368 uER=0.233398 uMAE=6.0000 WCE=112 bias=2.0000
[quad_soft:06200] loss=0.053211 tau=4.29 collapse_w=0.025 mid_frac=0.080 hard=score=0.6084305622 wNMSE=0.0024652953 wMSE=459.2876 wMRED=0.42450255 wER=0.212203 wMAE=7.5362 wBias=5.2120 condBias=11.2760 dotDrift=+15.565sigma uMRED=0.0165403813 uER=0.216797 uMAE=5.5156 WCE=112 bias=2.3750
[quad_soft:06400] loss=0.051963 tau=4.38 collapse_w=0.050 mid_frac=0.080 hard=score=0.6084305622 wNMSE=0.0024652953 wMSE=459.2876 wMRED=0.42450255 wER=0.212203 wMAE=7.5362 wBias=5.2120 condBias=11.2760 dotDrift=+15.565sigma uMRED=0.0165403813 uER=0.216797 uMAE=5.5156 WCE=112 bias=2.3750
[quad_soft:06600] loss=0.050596 tau=4.47 collapse_w=0.075 mid_frac=0.080 hard=score=0.6084305622 wNMSE=0.0024652953 wMSE=459.2876 wMRED=0.42450255 wER=0.212203 wMAE=7.5362 wBias=5.2120 condBias=11.2760 dotDrift=+15.565sigma uMRED=0.0165403813 uER=0.216797 uMAE=5.5156 WCE=112 bias=2.3750
[quad_soft:06800] loss=0.049146 tau=4.56 collapse_w=0.100 mid_frac=0.071 hard=score=0.6084305622 wNMSE=0.0024652953 wMSE=459.2876 wMRED=0.42450255 wER=0.212203 wMAE=7.5362 wBias=5.2120 condBias=11.2760 dotDrift=+15.565sigma uMRED=0.0165403813 uER=0.216797 uMAE=5.5156 WCE=112 bias=2.3750
[quad_soft:07000] loss=0.047639 tau=4.65 collapse_w=0.125 mid_frac=0.071 hard=score=0.6084305622 wNMSE=0.0024652953 wMSE=459.2876 wMRED=0.42450255 wER=0.212203 wMAE=7.5362 wBias=5.2120 condBias=11.2760 dotDrift=+15.565sigma uMRED=0.0165403813 uER=0.216797 uMAE=5.5156 WCE=112 bias=2.3750
[quad_soft:07200] loss=0.046082 tau=4.74 collapse_w=0.150 mid_frac=0.071 hard=score=0.6084305622 wNMSE=0.0024652953 wMSE=459.2876 wMRED=0.42450255 wER=0.212203 wMAE=7.5362 wBias=5.2120 condBias=11.2760 dotDrift=+15.565sigma uMRED=0.0165403813 uER=0.216797 uMAE=5.5156 WCE=112 bias=2.3750
[quad_soft:07400] loss=0.044514 tau=4.83 collapse_w=0.175 mid_frac=0.071 hard=score=0.6084305622 wNMSE=0.0024652953 wMSE=459.2876 wMRED=0.42450255 wER=0.212203 wMAE=7.5362 wBias=5.2120 condBias=11.2760 dotDrift=+15.565sigma uMRED=0.0165403813 uER=0.216797 uMAE=5.5156 WCE=112 bias=2.3750
[quad_soft:07600] loss=0.042919 tau=4.92 collapse_w=0.200 mid_frac=0.071 hard=score=0.6084305622 wNMSE=0.0024652953 wMSE=459.2876 wMRED=0.42450255 wER=0.212203 wMAE=7.5362 wBias=5.2120 condBias=11.2760 dotDrift=+15.565sigma uMRED=0.0165403813 uER=0.216797 uMAE=5.5156 WCE=112 bias=2.3750
[quad_soft:07800] loss=0.041297 tau=5.01 collapse_w=0.225 mid_frac=0.062 hard=score=0.6084305622 wNMSE=0.0024652953 wMSE=459.2876 wMRED=0.42450255 wER=0.212203 wMAE=7.5362 wBias=5.2120 condBias=11.2760 dotDrift=+15.565sigma uMRED=0.0165403813 uER=0.216797 uMAE=5.5156 WCE=112 bias=2.3750
[quad_soft:08000] loss=0.039607 tau=5.10 collapse_w=0.250 mid_frac=0.062 hard=score=0.6084305622 wNMSE=0.0024652953 wMSE=459.2876 wMRED=0.42450255 wER=0.212203 wMAE=7.5362 wBias=5.2120 condBias=11.2760 dotDrift=+15.565sigma uMRED=0.0165403813 uER=0.216797 uMAE=5.5156 WCE=112 bias=2.3750
[quad_soft:08200] loss=0.037886 tau=5.19 collapse_w=0.275 mid_frac=0.062 hard=score=0.6084305622 wNMSE=0.0024652953 wMSE=459.2876 wMRED=0.42450255 wER=0.212203 wMAE=7.5362 wBias=5.2120 condBias=11.2760 dotDrift=+15.565sigma uMRED=0.0165403813 uER=0.216797 uMAE=5.5156 WCE=112 bias=2.3750
[quad_soft:08400] loss=0.036134 tau=5.28 collapse_w=0.300 mid_frac=0.062 hard=score=0.6084305622 wNMSE=0.0024652953 wMSE=459.2876 wMRED=0.42450255 wER=0.212203 wMAE=7.5362 wBias=5.2120 condBias=11.2760 dotDrift=+15.565sigma uMRED=0.0165403813 uER=0.216797 uMAE=5.5156 WCE=112 bias=2.3750
[quad_soft:08600] loss=0.034339 tau=5.37 collapse_w=0.325 mid_frac=0.062 hard=score=0.6084305622 wNMSE=0.0024652953 wMSE=459.2876 wMRED=0.42450255 wER=0.212203 wMAE=7.5362 wBias=5.2120 condBias=11.2760 dotDrift=+15.565sigma uMRED=0.0165403813 uER=0.216797 uMAE=5.5156 WCE=112 bias=2.3750
[quad_soft:08800] loss=0.032491 tau=5.46 collapse_w=0.350 mid_frac=0.062 hard=score=0.6084305622 wNMSE=0.0024652953 wMSE=459.2876 wMRED=0.42450255 wER=0.212203 wMAE=7.5362 wBias=5.2120 condBias=11.2760 dotDrift=+15.565sigma uMRED=0.0165403813 uER=0.216797 uMAE=5.5156 WCE=112 bias=2.3750
[quad_soft:09000] loss=0.030586 tau=5.55 collapse_w=0.375 mid_frac=0.054 hard=score=0.6084305622 wNMSE=0.0024652953 wMSE=459.2876 wMRED=0.42450255 wER=0.212203 wMAE=7.5362 wBias=5.2120 condBias=11.2760 dotDrift=+15.565sigma uMRED=0.0165403813 uER=0.216797 uMAE=5.5156 WCE=112 bias=2.3750
[quad_soft:09200] loss=0.028609 tau=5.64 collapse_w=0.400 mid_frac=0.054 hard=score=0.6084305622 wNMSE=0.0024652953 wMSE=459.2876 wMRED=0.42450255 wER=0.212203 wMAE=7.5362 wBias=5.2120 condBias=11.2760 dotDrift=+15.565sigma uMRED=0.0165403813 uER=0.216797 uMAE=5.5156 WCE=112 bias=2.3750
[quad_soft:09400] loss=0.026510 tau=5.73 collapse_w=0.425 mid_frac=0.054 hard=score=0.6084305622 wNMSE=0.0024652953 wMSE=459.2876 wMRED=0.42450255 wER=0.212203 wMAE=7.5362 wBias=5.2120 condBias=11.2760 dotDrift=+15.565sigma uMRED=0.0165403813 uER=0.216797 uMAE=5.5156 WCE=112 bias=2.3750
[quad_soft:09600] loss=0.024282 tau=5.82 collapse_w=0.450 mid_frac=0.054 hard=score=0.6084305622 wNMSE=0.0024652953 wMSE=459.2876 wMRED=0.42450255 wER=0.212203 wMAE=7.5362 wBias=5.2120 condBias=11.2760 dotDrift=+15.565sigma uMRED=0.0165403813 uER=0.216797 uMAE=5.5156 WCE=112 bias=2.3750
[quad_soft:09800] loss=0.021912 tau=5.91 collapse_w=0.475 mid_frac=0.054 hard=score=0.6084305622 wNMSE=0.0024652953 wMSE=459.2876 wMRED=0.42450255 wER=0.212203 wMAE=7.5362 wBias=5.2120 condBias=11.2760 dotDrift=+15.565sigma uMRED=0.0165403813 uER=0.216797 uMAE=5.5156 WCE=112 bias=2.3750
[quad_soft:09999] loss=0.019340 tau=6.00 collapse_w=0.500 mid_frac=0.054 hard=score=0.6084305622 wNMSE=0.0024652953 wMSE=459.2876 wMRED=0.42450255 wER=0.212203 wMAE=7.5362 wBias=5.2120 condBias=11.2760 dotDrift=+15.565sigma uMRED=0.0165403813 uER=0.216797 uMAE=5.5156 WCE=112 bias=2.3750
[quad_hard_ste:00000] loss=0.632926 tau=6.00 collapse_w=0.500 mid_frac=0.054 hard=score=0.6084305622 wNMSE=0.0024652953 wMSE=459.2876 wMRED=0.42450255 wER=0.212203 wMAE=7.5362 wBias=5.2120 condBias=11.2760 dotDrift=+15.565sigma uMRED=0.0165403813 uER=0.216797 uMAE=5.5156 WCE=112 bias=2.3750
[quad_hard_ste:00200] loss=0.635390 tau=6.00 collapse_w=0.500 mid_frac=0.080 hard=score=0.6084305622 wNMSE=0.0024652953 wMSE=459.2876 wMRED=0.42450255 wER=0.212203 wMAE=7.5362 wBias=5.2120 condBias=11.2760 dotDrift=+15.565sigma uMRED=0.0165403813 uER=0.216797 uMAE=5.5156 WCE=112 bias=2.3750
[quad_hard_ste:00400] loss=0.110680 tau=6.00 collapse_w=0.500 mid_frac=0.116 hard=score=0.0763528354 wNMSE=0.0023531924 wMSE=438.4027 wMRED=0.43931180 wER=0.273823 wMAE=8.9074 wBias=1.7378 condBias=9.3980 dotDrift=+5.312sigma uMRED=0.0189251823 uER=0.273438 uMAE=7.2891 WCE=96 bias=-0.6250
[quad_hard_ste:00600] loss=0.071467 tau=6.00 collapse_w=0.500 mid_frac=0.152 hard=score=0.0358469739 wNMSE=0.002502493 wMSE=466.2176 wMRED=0.44181483 wER=0.277450 wMAE=9.3327 wBias=1.0820 condBias=9.6987 dotDrift=+3.207sigma uMRED=0.0206524457 uER=0.287109 uMAE=8.8984 WCE=96 bias=-3.1250
[quad_hard_ste:00800] loss=0.070527 tau=6.00 collapse_w=0.500 mid_frac=0.161 hard=score=0.0358469739 wNMSE=0.002502493 wMSE=466.2176 wMRED=0.44181483 wER=0.277450 wMAE=9.3327 wBias=1.0820 condBias=9.6987 dotDrift=+3.207sigma uMRED=0.0206524457 uER=0.287109 uMAE=8.8984 WCE=96 bias=-3.1250
[quad_hard_ste:01000] loss=0.069604 tau=6.00 collapse_w=0.500 mid_frac=0.161 hard=score=0.0358469739 wNMSE=0.002502493 wMSE=466.2176 wMRED=0.44181483 wER=0.277450 wMAE=9.3327 wBias=1.0820 condBias=9.6987 dotDrift=+3.207sigma uMRED=0.0206524457 uER=0.287109 uMAE=8.8984 WCE=96 bias=-3.1250
[quad_hard_ste:01200] loss=0.068911 tau=6.00 collapse_w=0.500 mid_frac=0.161 hard=score=0.0358469739 wNMSE=0.002502493 wMSE=466.2176 wMRED=0.44181483 wER=0.277450 wMAE=9.3327 wBias=1.0820 condBias=9.6987 dotDrift=+3.207sigma uMRED=0.0206524457 uER=0.287109 uMAE=8.8984 WCE=96 bias=-3.1250
[quad_hard_ste:01400] loss=0.068377 tau=6.00 collapse_w=0.500 mid_frac=0.161 hard=score=0.0358469739 wNMSE=0.002502493 wMSE=466.2176 wMRED=0.44181483 wER=0.277450 wMAE=9.3327 wBias=1.0820 condBias=9.6987 dotDrift=+3.207sigma uMRED=0.0206524457 uER=0.287109 uMAE=8.8984 WCE=96 bias=-3.1250
[quad_hard_ste:01600] loss=0.067953 tau=6.00 collapse_w=0.500 mid_frac=0.161 hard=score=0.0358469739 wNMSE=0.002502493 wMSE=466.2176 wMRED=0.44181483 wER=0.277450 wMAE=9.3327 wBias=1.0820 condBias=9.6987 dotDrift=+3.207sigma uMRED=0.0206524457 uER=0.287109 uMAE=8.8984 WCE=96 bias=-3.1250
[quad_hard_ste:01800] loss=0.067610 tau=6.00 collapse_w=0.500 mid_frac=0.161 hard=score=0.0358469739 wNMSE=0.002502493 wMSE=466.2176 wMRED=0.44181483 wER=0.277450 wMAE=9.3327 wBias=1.0820 condBias=9.6987 dotDrift=+3.207sigma uMRED=0.0206524457 uER=0.287109 uMAE=8.8984 WCE=96 bias=-3.1250
[quad_hard_ste:02000] loss=0.067326 tau=6.00 collapse_w=0.500 mid_frac=0.161 hard=score=0.0358469739 wNMSE=0.002502493 wMSE=466.2176 wMRED=0.44181483 wER=0.277450 wMAE=9.3327 wBias=1.0820 condBias=9.6987 dotDrift=+3.207sigma uMRED=0.0206524457 uER=0.287109 uMAE=8.8984 WCE=96 bias=-3.1250
[quad_hard_ste:02200] loss=0.067088 tau=6.00 collapse_w=0.500 mid_frac=0.161 hard=score=0.0358469739 wNMSE=0.002502493 wMSE=466.2176 wMRED=0.44181483 wER=0.277450 wMAE=9.3327 wBias=1.0820 condBias=9.6987 dotDrift=+3.207sigma uMRED=0.0206524457 uER=0.287109 uMAE=8.8984 WCE=96 bias=-3.1250
[quad_hard_ste:02400] loss=0.066885 tau=6.00 collapse_w=0.500 mid_frac=0.161 hard=score=0.0358469739 wNMSE=0.002502493 wMSE=466.2176 wMRED=0.44181483 wER=0.277450 wMAE=9.3327 wBias=1.0820 condBias=9.6987 dotDrift=+3.207sigma uMRED=0.0206524457 uER=0.287109 uMAE=8.8984 WCE=96 bias=-3.1250
[quad_hard_ste:02600] loss=0.066710 tau=6.00 collapse_w=0.500 mid_frac=0.161 hard=score=0.0358469739 wNMSE=0.002502493 wMSE=466.2176 wMRED=0.44181483 wER=0.277450 wMAE=9.3327 wBias=1.0820 condBias=9.6987 dotDrift=+3.207sigma uMRED=0.0206524457 uER=0.287109 uMAE=8.8984 WCE=96 bias=-3.1250
[quad_hard_ste:02800] loss=0.066557 tau=6.00 collapse_w=0.500 mid_frac=0.161 hard=score=0.0358469739 wNMSE=0.002502493 wMSE=466.2176 wMRED=0.44181483 wER=0.277450 wMAE=9.3327 wBias=1.0820 condBias=9.6987 dotDrift=+3.207sigma uMRED=0.0206524457 uER=0.287109 uMAE=8.8984 WCE=96 bias=-3.1250
[quad_hard_ste:03000] loss=0.066421 tau=6.00 collapse_w=0.500 mid_frac=0.161 hard=score=0.0358469739 wNMSE=0.002502493 wMSE=466.2176 wMRED=0.44181483 wER=0.277450 wMAE=9.3327 wBias=1.0820 condBias=9.6987 dotDrift=+3.207sigma uMRED=0.0206524457 uER=0.287109 uMAE=8.8984 WCE=96 bias=-3.1250
[quad_hard_ste:03200] loss=0.066300 tau=6.00 collapse_w=0.500 mid_frac=0.161 hard=score=0.0358469739 wNMSE=0.002502493 wMSE=466.2176 wMRED=0.44181483 wER=0.277450 wMAE=9.3327 wBias=1.0820 condBias=9.6987 dotDrift=+3.207sigma uMRED=0.0206524457 uER=0.287109 uMAE=8.8984 WCE=96 bias=-3.1250
[quad_hard_ste:03400] loss=0.066190 tau=6.00 collapse_w=0.500 mid_frac=0.161 hard=score=0.0358469739 wNMSE=0.002502493 wMSE=466.2176 wMRED=0.44181483 wER=0.277450 wMAE=9.3327 wBias=1.0820 condBias=9.6987 dotDrift=+3.207sigma uMRED=0.0206524457 uER=0.287109 uMAE=8.8984 WCE=96 bias=-3.1250
[quad_hard_ste:03600] loss=0.066090 tau=6.00 collapse_w=0.500 mid_frac=0.161 hard=score=0.0358469739 wNMSE=0.002502493 wMSE=466.2176 wMRED=0.44181483 wER=0.277450 wMAE=9.3327 wBias=1.0820 condBias=9.6987 dotDrift=+3.207sigma uMRED=0.0206524457 uER=0.287109 uMAE=8.8984 WCE=96 bias=-3.1250
[quad_hard_ste:03800] loss=0.065997 tau=6.00 collapse_w=0.500 mid_frac=0.161 hard=score=0.0358469739 wNMSE=0.002502493 wMSE=466.2176 wMRED=0.44181483 wER=0.277450 wMAE=9.3327 wBias=1.0820 condBias=9.6987 dotDrift=+3.207sigma uMRED=0.0206524457 uER=0.287109 uMAE=8.8984 WCE=96 bias=-3.1250
[quad_hard_ste:03999] loss=0.065911 tau=6.00 collapse_w=0.500 mid_frac=0.161 hard=score=0.0358469739 wNMSE=0.002502493 wMSE=466.2176 wMRED=0.44181483 wER=0.277450 wMAE=9.3327 wBias=1.0820 condBias=9.6987 dotDrift=+3.207sigma uMRED=0.0206524457 uER=0.287109 uMAE=8.8984 WCE=96 bias=-3.1250
[pop00_soft:00000] loss=1.681717 tau=1.50 collapse_w=0.000 mid_frac=0.393 hard=score=26.1701136057 wNMSE=0.16442196 wMSE=30632.0159 wMRED=3.86580981 wER=0.437141 wMAE=61.7931 wBias=34.1877 condBias=77.7698 dotDrift=+12.501sigma uMRED=0.1614161630 uER=0.437500 uMAE=71.6582 WCE=3904 bias=43.3125
[pop00_soft:00200] loss=0.877640 tau=2.25 collapse_w=0.000 mid_frac=0.357 hard=score=14.6526333071 wNMSE=0.12441123 wMSE=23177.9678 wMRED=3.50027858 wER=0.389305 wMAE=66.6135 wBias=-25.5966 condBias=85.1552 dotDrift=-10.760sigma uMRED=0.1553962215 uER=0.422852 uMAE=64.3516 WCE=616 bias=4.3750
[pop00_soft:00400] loss=0.352054 tau=3.00 collapse_w=0.000 mid_frac=0.339 hard=score=0.4432907715 wNMSE=0.029792351 wMSE=5550.3520 wMRED=0.89822644 wER=0.375425 wMAE=32.9754 wBias=4.1324 condBias=33.5684 dotDrift=+3.550sigma uMRED=0.0767386349 uER=0.420898 uMAE=47.9062 WCE=384 bias=15.6250
[pop00_soft:00600] loss=0.189811 tau=3.75 collapse_w=0.000 mid_frac=0.295 hard=score=0.3495861480 wNMSE=0.017070774 wMSE=3180.3064 wMRED=0.73564385 wER=0.375993 wMAE=25.7538 wBias=-3.7050 condBias=25.7398 dotDrift=-4.205sigma uMRED=0.0616968308 uER=0.418945 uMAE=38.4922 WCE=372 bias=-1.7500
[pop00_soft:00800] loss=0.126845 tau=4.50 collapse_w=0.084 mid_frac=0.286 hard=score=0.1680030068 wNMSE=0.014106923 wMSE=2628.1374 wMRED=0.56353529 wER=0.339375 wMAE=22.0674 wBias=-2.3841 condBias=22.5513 dotDrift=-2.976sigma uMRED=0.0529734174 uER=0.377930 uMAE=33.6172 WCE=372 bias=-4.6250
[pop00_soft:01000] loss=0.098868 tau=5.25 collapse_w=0.293 mid_frac=0.250 hard=score=0.4922654802 wNMSE=0.014674735 wMSE=2733.9214 wMRED=0.56891855 wER=0.336245 wMAE=22.6914 wBias=-4.5176 condBias=23.0448 dotDrift=-5.530sigma uMRED=0.0551455939 uER=0.383789 uMAE=35.3672 WCE=372 bias=-10.1250
[pop00_soft:01199] loss=0.069129 tau=6.00 collapse_w=0.500 mid_frac=0.250 hard=score=0.4922654802 wNMSE=0.014674735 wMSE=2733.9214 wMRED=0.56891855 wER=0.336245 wMAE=22.6914 wBias=-4.5176 condBias=23.0448 dotDrift=-5.530sigma uMRED=0.0551455939 uER=0.383789 uMAE=35.3672 WCE=372 bias=-10.1250
[pop00_hard:00000] loss=0.535427 tau=6.00 collapse_w=0.500 mid_frac=0.250 hard=score=0.4922654802 wNMSE=0.014674735 wMSE=2733.9214 wMRED=0.56891855 wER=0.336245 wMAE=22.6914 wBias=-4.5176 condBias=23.0448 dotDrift=-5.530sigma uMRED=0.0551455939 uER=0.383789 uMAE=35.3672 WCE=372 bias=-10.1250
[pop00_hard:00200] loss=0.532919 tau=6.00 collapse_w=0.500 mid_frac=0.250 hard=score=0.4922654802 wNMSE=0.014674735 wMSE=2733.9214 wMRED=0.56891855 wER=0.336245 wMAE=22.6914 wBias=-4.5176 condBias=23.0448 dotDrift=-5.530sigma uMRED=0.0551455939 uER=0.383789 uMAE=35.3672 WCE=372 bias=-10.1250
[pop00_hard:00400] loss=0.106311 tau=6.00 collapse_w=0.500 mid_frac=0.250 hard=score=0.0687186352 wNMSE=0.012660094 wMSE=2358.5913 wMRED=0.53092312 wER=0.332002 wMAE=20.2983 wBias=-1.1281 condBias=20.2231 dotDrift=-1.487sigma uMRED=0.0497986658 uER=0.377930 uMAE=32.3281 WCE=372 bias=-6.1250
[pop00_hard:00599] loss=0.104889 tau=6.00 collapse_w=0.500 mid_frac=0.250 hard=score=0.0687186352 wNMSE=0.012660094 wMSE=2358.5913 wMRED=0.53092312 wER=0.332002 wMAE=20.2983 wBias=-1.1281 condBias=20.2231 dotDrift=-1.487sigma uMRED=0.0497986658 uER=0.377930 uMAE=32.3281 WCE=372 bias=-6.1250
[pop00] done (conf=0.53, noise=0.5); global best score=0.0345281136 wNMSE=0.0082791084 wMSE=1542.4082 wMRED=0.42793383 wER=0.234156 wMAE=12.7909 wBias=0.0443 condBias=20.4020 dotDrift=+0.072sigma uMRED=0.0352034880 uER=0.280273 uMAE=21.2109 WCE=352 bias=-13.3750
[pop01_soft:00000] loss=2.190863 tau=1.50 collapse_w=0.000 mid_frac=0.366 hard=score=68.1328242908 wNMSE=0.21512047 wMSE=40077.2104 wMRED=3.49241315 wER=0.430760 wMAE=93.4361 wBias=55.4983 condBias=107.3282 dotDrift=+17.742sigma uMRED=0.1968960156 uER=0.431641 uMAE=96.5879 WCE=897 bias=20.9375
[pop01_soft:00200] loss=1.028227 tau=2.25 collapse_w=0.000 mid_frac=0.393 hard=score=13.8023512270 wNMSE=0.27070331 wMSE=50432.3636 wMRED=5.86103999 wER=0.437141 wMAE=119.6704 wBias=-24.6266 condBias=119.6727 dotDrift=-7.018sigma uMRED=0.2645806033 uER=0.437500 uMAE=110.4570 WCE=640 bias=-52.0000
[pop01_soft:00400] loss=0.581775 tau=3.00 collapse_w=0.000 mid_frac=0.402 hard=score=21.9842706860 wNMSE=0.059316609 wMSE=11050.7581 wMRED=1.13457905 wER=0.369986 wMAE=41.9648 wBias=-31.5340 condBias=51.8854 dotDrift=-19.198sigma uMRED=0.1036943734 uER=0.421875 uMAE=65.4219 WCE=560 bias=-54.8750
[pop01_soft:00600] loss=0.229865 tau=3.75 collapse_w=0.000 mid_frac=0.393 hard=score=12.9956639724 wNMSE=0.055698063 wMSE=10376.6185 wMRED=0.66568205 wER=0.327609 wMAE=35.3813 wBias=-24.1937 condBias=50.3682 dotDrift=-15.200sigma uMRED=0.0938373317 uER=0.406250 uMAE=64.2188 WCE=560 bias=-54.5000
[pop01_soft:00800] loss=0.145158 tau=4.50 collapse_w=0.084 mid_frac=0.411 hard=score=11.0189846337 wNMSE=0.051243398 wMSE=9546.7087 wMRED=0.65842436 wER=0.332979 wMAE=33.2452 wBias=-22.2663 condBias=47.2644 dotDrift=-14.585sigma uMRED=0.0864909695 uER=0.401367 uMAE=58.0625 WCE=568 bias=-48.3750
[pop01_soft:01000] loss=0.108643 tau=5.25 collapse_w=0.293 mid_frac=0.375 hard=score=8.1898041693 wNMSE=0.026482007 wMSE=4933.6309 wMRED=0.58108190 wER=0.332979 wMAE=27.2958 wBias=-19.2200 condBias=38.3054 dotDrift=-17.513sigma uMRED=0.0753016171 uER=0.401367 uMAE=50.4375 WCE=368 bias=-46.3750
[pop01_soft:01199] loss=0.079281 tau=6.00 collapse_w=0.500 mid_frac=0.339 hard=score=8.1898041693 wNMSE=0.026482007 wMSE=4933.6309 wMRED=0.58108190 wER=0.332979 wMAE=27.2958 wBias=-19.2200 condBias=38.3054 dotDrift=-17.513sigma uMRED=0.0753016171 uER=0.401367 uMAE=50.4375 WCE=368 bias=-46.3750
[pop01_hard:00000] loss=8.235671 tau=6.00 collapse_w=0.500 mid_frac=0.339 hard=score=8.1898041693 wNMSE=0.026482007 wMSE=4933.6309 wMRED=0.58108190 wER=0.332979 wMAE=27.2958 wBias=-19.2200 condBias=38.3054 dotDrift=-17.513sigma uMRED=0.0753016171 uER=0.401367 uMAE=50.4375 WCE=368 bias=-46.3750
[pop01_hard:00200] loss=6.625287 tau=6.00 collapse_w=0.500 mid_frac=0.321 hard=score=6.5758051754 wNMSE=0.025761348 wMSE=4799.3712 wMRED=0.69472190 wER=0.329766 wMAE=27.5429 wBias=-17.2082 condBias=36.7171 dotDrift=-15.897sigma uMRED=0.0760777425 uER=0.398438 uMAE=49.5000 WCE=360 bias=-44.3750
[pop01_hard:00400] loss=6.628703 tau=6.00 collapse_w=0.500 mid_frac=0.312 hard=score=6.5758051754 wNMSE=0.025761348 wMSE=4799.3712 wMRED=0.69472190 wER=0.329766 wMAE=27.5429 wBias=-17.2082 condBias=36.7171 dotDrift=-15.897sigma uMRED=0.0760777425 uER=0.398438 uMAE=49.5000 WCE=360 bias=-44.3750
[pop01_hard:00599] loss=0.268788 tau=6.00 collapse_w=0.500 mid_frac=0.286 hard=score=0.2164109866 wNMSE=0.045690425 wMSE=8512.1831 wMRED=0.82198432 wER=0.321378 wMAE=34.5311 wBias=-2.3282 condBias=47.6325 dotDrift=-1.615sigma uMRED=0.0903865814 uER=0.386719 uMAE=57.0625 WCE=432 bias=-26.8750
[pop01] done (conf=0.51, noise=1.0); global best score=0.0345281136 wNMSE=0.0082791084 wMSE=1542.4082 wMRED=0.42793383 wER=0.234156 wMAE=12.7909 wBias=0.0443 condBias=20.4020 dotDrift=+0.072sigma uMRED=0.0352034880 uER=0.280273 uMAE=21.2109 WCE=352 bias=-13.3750
[pop02_soft:00000] loss=2.130265 tau=1.50 collapse_w=0.000 mid_frac=0.277 hard=score=21.6424878780 wNMSE=0.61582145 wMSE=114728.3028 wMRED=9.59990219 wER=0.437141 wMAE=161.7713 wBias=30.6117 condBias=176.9241 dotDrift=+5.784sigma uMRED=0.3304923343 uER=0.437500 uMAE=104.2031 WCE=944 bias=19.4375
[pop02_soft:00200] loss=1.155964 tau=2.25 collapse_w=0.000 mid_frac=0.286 hard=score=115.6889814956 wNMSE=0.31468946 wMSE=58627.0388 wMRED=5.83969879 wER=0.397190 wMAE=109.9731 wBias=-72.3501 condBias=135.2618 dotDrift=-19.124sigma uMRED=0.2511405934 uER=0.425781 uMAE=100.7656 WCE=916 bias=-57.8750
[pop02_soft:00400] loss=0.597757 tau=3.00 collapse_w=0.000 mid_frac=0.250 hard=score=12.6845908876 wNMSE=0.037059549 wMSE=6904.2401 wMRED=1.86302985 wER=0.355427 wMAE=38.2510 wBias=-23.9396 condBias=45.8082 dotDrift=-18.439sigma uMRED=0.0974350039 uER=0.412109 uMAE=51.6484 WCE=360 bias=-4.1250
[pop02_soft:00600] loss=0.210085 tau=3.75 collapse_w=0.000 mid_frac=0.214 hard=score=2.0749199871 wNMSE=0.016559843 wMSE=3085.1194 wMRED=0.73051901 wER=0.353554 wMAE=25.8669 wBias=-9.6120 condBias=25.9581 dotDrift=-11.075sigma uMRED=0.0638256114 uER=0.399414 uMAE=42.1328 WCE=308 bias=-2.1250
[pop02_soft:00800] loss=0.112303 tau=4.50 collapse_w=0.084 mid_frac=0.196 hard=score=2.1816486789 wNMSE=0.017547469 wMSE=3269.1152 wMRED=0.61927155 wER=0.359306 wMAE=25.1722 wBias=-9.8480 condBias=30.4856 dotDrift=-11.023sigma uMRED=0.0659583966 uER=0.392578 uMAE=43.6172 WCE=332 bias=-24.3750
[pop02_soft:01000] loss=0.086146 tau=5.25 collapse_w=0.293 mid_frac=0.170 hard=score=0.7777528095 wNMSE=0.015454127 wMSE=2879.1231 wMRED=0.61221375 wER=0.361104 wMAE=24.1385 wBias=-5.7802 condBias=28.3359 dotDrift=-6.894sigma uMRED=0.0610961415 uER=0.404297 uMAE=39.9766 WCE=304 bias=-7.6250
[pop02_soft:01199] loss=0.058155 tau=6.00 collapse_w=0.500 mid_frac=0.143 hard=score=0.7777528095 wNMSE=0.015454127 wMSE=2879.1231 wMRED=0.61221375 wER=0.361104 wMAE=24.1385 wBias=-5.7802 condBias=28.3359 dotDrift=-6.894sigma uMRED=0.0610961415 uER=0.404297 uMAE=39.9766 WCE=304 bias=-7.6250
[pop02_hard:00000] loss=0.823894 tau=6.00 collapse_w=0.500 mid_frac=0.143 hard=score=0.7777528095 wNMSE=0.015454127 wMSE=2879.1231 wMRED=0.61221375 wER=0.361104 wMAE=24.1385 wBias=-5.7802 condBias=28.3359 dotDrift=-6.894sigma uMRED=0.0610961415 uER=0.404297 uMAE=39.9766 WCE=304 bias=-7.6250
[pop02_hard:00200] loss=0.817358 tau=6.00 collapse_w=0.500 mid_frac=0.143 hard=score=0.7777528095 wNMSE=0.015454127 wMSE=2879.1231 wMRED=0.61221375 wER=0.361104 wMAE=24.1385 wBias=-5.7802 condBias=28.3359 dotDrift=-6.894sigma uMRED=0.0610961415 uER=0.404297 uMAE=39.9766 WCE=304 bias=-7.6250
[pop02_hard:00400] loss=0.473797 tau=6.00 collapse_w=0.500 mid_frac=0.125 hard=score=0.4375264150 wNMSE=0.013686546 wMSE=2549.8205 wMRED=0.59006095 wER=0.359592 wMAE=22.6130 wBias=-4.2547 condBias=25.3736 dotDrift=-5.392sigma uMRED=0.0577457358 uER=0.401367 uMAE=37.9766 WCE=304 bias=-5.6250
[pop02_hard:00599] loss=1.332314 tau=6.00 collapse_w=0.500 mid_frac=0.107 hard=score=1.2751970084 wNMSE=0.017944644 wMSE=3343.1094 wMRED=1.01023726 wER=0.373553 wMAE=28.5967 wBias=7.4738 condBias=28.7245 dotDrift=+8.273sigma uMRED=0.0665068048 uER=0.389648 uMAE=38.5859 WCE=304 bias=-0.6250
[pop02] done (conf=0.53, noise=0.5); global best score=0.0345281136 wNMSE=0.0082791084 wMSE=1542.4082 wMRED=0.42793383 wER=0.234156 wMAE=12.7909 wBias=0.0443 condBias=20.4020 dotDrift=+0.072sigma uMRED=0.0352034880 uER=0.280273 uMAE=21.2109 WCE=352 bias=-13.3750
[pop03_soft:00000] loss=1.839456 tau=1.50 collapse_w=0.000 mid_frac=0.446 hard=score=36.4362081358 wNMSE=0.20145033 wMSE=37530.4462 wMRED=4.05201349 wER=0.434000 wMAE=98.1049 wBias=40.5076 condBias=99.9838 dotDrift=+13.382sigma uMRED=0.2158961533 uER=0.431641 uMAE=101.7500 WCE=692 bias=55.0000
[pop03_soft:00200] loss=1.125195 tau=2.25 collapse_w=0.000 mid_frac=0.420 hard=score=58.4354578856 wNMSE=0.35286796 wMSE=65739.7398 wMRED=5.66807705 wER=0.408782 wMAE=113.4586 wBias=-51.2767 condBias=139.2710 dotDrift=-12.799sigma uMRED=0.2565808201 uER=0.425781 uMAE=105.2617 WCE=904 bias=-9.8750
[pop03_soft:00400] loss=1.006103 tau=3.00 collapse_w=0.000 mid_frac=0.464 hard=score=29.2574170572 wNMSE=0.30144399 wMSE=56159.3905 wMRED=4.86902640 wER=0.386912 wMAE=98.5013 wBias=-36.1580 condBias=118.0724 dotDrift=-9.765sigma uMRED=0.2267408022 uER=0.414062 uMAE=95.6562 WCE=744 bias=0.2500
[pop03_soft:00600] loss=0.741711 tau=3.75 collapse_w=0.000 mid_frac=0.393 hard=score=10.4061807513 wNMSE=0.14488805 wMSE=26992.8246 wMRED=3.27073224 wER=0.365879 wMAE=71.3770 wBias=-21.4924 condBias=79.7642 dotDrift=-8.372sigma uMRED=0.1654825362 uER=0.407227 uMAE=76.2812 WCE=512 bias=4.6250
[pop03_soft:00800] loss=0.523187 tau=4.50 collapse_w=0.084 mid_frac=0.411 hard=score=11.8338512997 wNMSE=0.13414557 wMSE=24991.4862 wMRED=3.12692558 wER=0.359619 wMAE=67.5440 wBias=-22.9717 condBias=76.7048 dotDrift=-9.300sigma uMRED=0.1569778570 uER=0.401367 uMAE=71.9062 WCE=464 bias=2.8750
[pop03_soft:01000] loss=0.412505 tau=5.25 collapse_w=0.293 mid_frac=0.393 hard=score=11.2906383665 wNMSE=0.13222155 wMSE=24633.0387 wMRED=3.11489363 wER=0.365243 wMAE=66.9987 wBias=-22.4305 condBias=76.1076 dotDrift=-9.147sigma uMRED=0.1549755481 uER=0.404297 uMAE=70.3438 WCE=464 bias=2.1250
[pop03_soft:01199] loss=0.315842 tau=6.00 collapse_w=0.500 mid_frac=0.375 hard=score=11.2906383665 wNMSE=0.13222155 wMSE=24633.0387 wMRED=3.11489363 wER=0.365243 wMAE=66.9987 wBias=-22.4305 condBias=76.1076 dotDrift=-9.147sigma uMRED=0.1549755481 uER=0.404297 uMAE=70.3438 WCE=464 bias=2.1250
[pop03_hard:00000] loss=11.459869 tau=6.00 collapse_w=0.500 mid_frac=0.375 hard=score=11.2906383665 wNMSE=0.13222155 wMSE=24633.0387 wMRED=3.11489363 wER=0.365243 wMAE=66.9987 wBias=-22.4305 condBias=76.1076 dotDrift=-9.147sigma uMRED=0.1549755481 uER=0.404297 uMAE=70.3438 WCE=464 bias=2.1250
[pop03_hard:00200] loss=11.457567 tau=6.00 collapse_w=0.500 mid_frac=0.366 hard=score=11.2906383665 wNMSE=0.13222155 wMSE=24633.0387 wMRED=3.11489363 wER=0.365243 wMAE=66.9987 wBias=-22.4305 condBias=76.1076 dotDrift=-9.147sigma uMRED=0.1549755481 uER=0.404297 uMAE=70.3438 WCE=464 bias=2.1250
[pop03_hard:00400] loss=11.459826 tau=6.00 collapse_w=0.500 mid_frac=0.348 hard=score=11.2906383665 wNMSE=0.13222155 wMSE=24633.0387 wMRED=3.11489363 wER=0.365243 wMAE=66.9987 wBias=-22.4305 condBias=76.1076 dotDrift=-9.147sigma uMRED=0.1549755481 uER=0.404297 uMAE=70.3438 WCE=464 bias=2.1250
[pop03_hard:00599] loss=5.417440 tau=6.00 collapse_w=0.500 mid_frac=0.259 hard=score=5.2507440876 wNMSE=0.14163113 wMSE=26386.0560 wMRED=3.17961757 wER=0.349128 wMAE=70.6810 wBias=-15.0895 condBias=79.5106 dotDrift=-5.945sigma uMRED=0.1651564757 uER=0.396484 uMAE=76.5234 WCE=500 bias=15.2500
[pop03] done (conf=0.51, noise=1.0); global best score=0.0345281136 wNMSE=0.0082791084 wMSE=1542.4082 wMRED=0.42793383 wER=0.234156 wMAE=12.7909 wBias=0.0443 condBias=20.4020 dotDrift=+0.072sigma uMRED=0.0352034880 uER=0.280273 uMAE=21.2109 WCE=352 bias=-13.3750
[pop04_soft:00000] loss=2.205233 tau=1.50 collapse_w=0.000 mid_frac=0.339 hard=score=22.4187856510 wNMSE=0.15348424 wMSE=28594.3045 wMRED=6.06987723 wER=0.428418 wMAE=55.8072 wBias=31.6176 condBias=63.3048 dotDrift=+11.967sigma uMRED=0.1834233819 uER=0.422852 uMAE=65.6333 WCE=3965 bias=23.1250
[pop04_soft:00200] loss=0.945920 tau=2.25 collapse_w=0.000 mid_frac=0.304 hard=score=79.2133330643 wNMSE=0.21577463 wMSE=40199.0824 wMRED=4.37974867 wER=0.394543 wMAE=73.6699 wBias=-59.8607 condBias=117.9015 dotDrift=-19.108sigma uMRED=0.1756948592 uER=0.414062 uMAE=66.7266 WCE=764 bias=-51.1250
[pop04_soft:00400] loss=0.312423 tau=3.00 collapse_w=0.000 mid_frac=0.250 hard=score=0.1465189081 wNMSE=0.016405422 wMSE=3056.3506 wMRED=0.49053929 wER=0.338811 wMAE=23.1278 wBias=-2.1166 condBias=26.9931 dotDrift=-2.450sigma uMRED=0.0578332097 uER=0.372070 uMAE=38.4062 WCE=384 bias=-18.5000
[pop04_soft:00600] loss=0.102046 tau=3.75 collapse_w=0.000 mid_frac=0.232 hard=score=0.3207692422 wNMSE=0.015822589 wMSE=2947.7680 wMRED=0.59207892 wER=0.336778 wMAE=22.2839 wBias=-3.5287 condBias=29.3653 dotDrift=-4.160sigma uMRED=0.0592812487 uER=0.379883 uMAE=37.2188 WCE=352 bias=-21.3750
[pop04_soft:00800] loss=0.071805 tau=4.50 collapse_w=0.084 mid_frac=0.214 hard=score=0.1300657847 wNMSE=0.013536659 wMSE=2521.8964 wMRED=0.54557344 wER=0.308292 wMAE=20.4439 wBias=-2.0334 condBias=27.3722 dotDrift=-2.591sigma uMRED=0.0529244892 uER=0.354492 uMAE=32.6094 WCE=280 bias=-16.3750
[pop04_soft:01000] loss=0.058509 tau=5.25 collapse_w=0.293 mid_frac=0.205 hard=score=0.0404574690 wNMSE=0.012153009 wMSE=2264.1206 wMRED=0.53569354 wER=0.303747 wMAE=19.0887 wBias=-0.6081 condBias=24.8914 dotDrift=-0.818sigma uMRED=0.0486023681 uER=0.342773 uMAE=28.8438 WCE=216 bias=-12.3750
[pop04_soft:01199] loss=0.042703 tau=6.00 collapse_w=0.500 mid_frac=0.196 hard=score=0.0404574690 wNMSE=0.012153009 wMSE=2264.1206 wMRED=0.53569354 wER=0.303747 wMAE=19.0887 wBias=-0.6081 condBias=24.8914 dotDrift=-0.818sigma uMRED=0.0486023681 uER=0.342773 uMAE=28.8438 WCE=216 bias=-12.3750
[pop04_hard:00000] loss=0.085726 tau=6.00 collapse_w=0.500 mid_frac=0.196 hard=score=0.0404574690 wNMSE=0.012153009 wMSE=2264.1206 wMRED=0.53569354 wER=0.303747 wMAE=19.0887 wBias=-0.6081 condBias=24.8914 dotDrift=-0.818sigma uMRED=0.0486023681 uER=0.342773 uMAE=28.8438 WCE=216 bias=-12.3750
[pop04_hard:00200] loss=0.081575 tau=6.00 collapse_w=0.500 mid_frac=0.196 hard=score=0.0404574690 wNMSE=0.012153009 wMSE=2264.1206 wMRED=0.53569354 wER=0.303747 wMAE=19.0887 wBias=-0.6081 condBias=24.8914 dotDrift=-0.818sigma uMRED=0.0486023681 uER=0.342773 uMAE=28.8438 WCE=216 bias=-12.3750
[pop04_hard:00350] loss=0.070457 tau=6.00 collapse_w=0.500 mid_frac=0.188 hard=score=0.0324710510 wNMSE=0.012156702 wMSE=2264.8088 wMRED=0.50949777 wER=0.290017 wMAE=18.7185 wBias=-0.0738 condBias=24.8748 dotDrift=-0.099sigma uMRED=0.0477223108 uER=0.334961 uMAE=28.5938 WCE=216 bias=-11.8750 *BEST*
[pop04_hard:00400] loss=0.069942 tau=6.00 collapse_w=0.500 mid_frac=0.188 hard=score=0.0324710510 wNMSE=0.012156702 wMSE=2264.8088 wMRED=0.50949777 wER=0.290017 wMAE=18.7185 wBias=-0.0738 condBias=24.8748 dotDrift=-0.099sigma uMRED=0.0477223108 uER=0.334961 uMAE=28.5938 WCE=216 bias=-11.8750
[pop04_hard:00599] loss=0.068782 tau=6.00 collapse_w=0.500 mid_frac=0.179 hard=score=0.0324710510 wNMSE=0.012156702 wMSE=2264.8088 wMRED=0.50949777 wER=0.290017 wMAE=18.7185 wBias=-0.0738 condBias=24.8748 dotDrift=-0.099sigma uMRED=0.0477223108 uER=0.334961 uMAE=28.5938 WCE=216 bias=-11.8750
[pop04] done (conf=0.53, noise=0.5); global best score=0.0324710510 wNMSE=0.012156702 wMSE=2264.8088 wMRED=0.50949777 wER=0.290017 wMAE=18.7185 wBias=-0.0738 condBias=24.8748 dotDrift=-0.099sigma uMRED=0.0477223108 uER=0.334961 uMAE=28.5938 WCE=216 bias=-11.8750
[pop05_soft:00000] loss=1.693999 tau=1.50 collapse_w=0.000 mid_frac=0.429 hard=score=5.1183994427 wNMSE=0.15041913 wMSE=28023.2702 wMRED=2.92332045 wER=0.437141 wMAE=75.9548 wBias=-14.8057 condBias=92.8864 dotDrift=-5.660sigma uMRED=0.1641824449 uER=0.437500 uMAE=79.4043 WCE=835 bias=-12.2500
[pop05_soft:00200] loss=0.973274 tau=2.25 collapse_w=0.000 mid_frac=0.429 hard=score=19.7227063922 wNMSE=0.12939806 wMSE=24107.0188 wMRED=2.91255329 wER=0.432335 wMAE=73.4430 wBias=-29.7508 condBias=88.6128 dotDrift=-12.263sigma uMRED=0.1706735925 uER=0.434570 uMAE=83.9141 WCE=690 bias=-44.5000
[pop05_soft:00400] loss=0.709765 tau=3.00 collapse_w=0.000 mid_frac=0.429 hard=score=14.6756382542 wNMSE=0.12328232 wMSE=22967.6501 wMRED=2.86725213 wER=0.432335 wMAE=72.3577 wBias=-25.6163 condBias=85.1714 dotDrift=-10.818sigma uMRED=0.1645369355 uER=0.434570 uMAE=80.7656 WCE=656 bias=-34.8750
[pop05_soft:00600] loss=0.482902 tau=3.75 collapse_w=0.000 mid_frac=0.473 hard=score=8.0792050700 wNMSE=0.11110016 wMSE=20698.0972 wMRED=2.62945369 wER=0.425547 wMAE=66.2952 wBias=-18.8991 condBias=79.8183 dotDrift=-8.407sigma uMRED=0.1467111630 uER=0.414062 uMAE=69.9531 WCE=640 bias=-22.5000
[pop05_soft:00800] loss=0.334002 tau=4.50 collapse_w=0.084 mid_frac=0.482 hard=score=21.5544586561 wNMSE=0.070375512 wMSE=13111.0455 wMRED=2.40203612 wER=0.422011 wMAE=53.1152 wBias=-31.1948 condBias=60.5094 dotDrift=-17.436sigma uMRED=0.1173824614 uER=0.398438 uMAE=54.0703 WCE=576 bias=-35.5000
[pop05_soft:01000] loss=0.259256 tau=5.25 collapse_w=0.293 mid_frac=0.438 hard=score=24.7151693937 wNMSE=0.066733668 wMSE=12432.5653 wMRED=2.37683778 wER=0.422011 wMAE=49.8067 wBias=-33.4260 condBias=60.4590 dotDrift=-19.186sigma uMRED=0.1112941808 uER=0.398438 uMAE=48.1875 WCE=576 bias=-37.5000
[pop05_soft:01199] loss=0.192034 tau=6.00 collapse_w=0.500 mid_frac=0.420 hard=score=24.7151693937 wNMSE=0.066733668 wMSE=12432.5653 wMRED=2.37683778 wER=0.422011 wMAE=49.8067 wBias=-33.4260 condBias=60.4590 dotDrift=-19.186sigma uMRED=0.1112941808 uER=0.398438 uMAE=48.1875 WCE=576 bias=-37.5000
[pop05_hard:00000] loss=24.843309 tau=6.00 collapse_w=0.500 mid_frac=0.420 hard=score=24.7151693937 wNMSE=0.066733668 wMSE=12432.5653 wMRED=2.37683778 wER=0.422011 wMAE=49.8067 wBias=-33.4260 condBias=60.4590 dotDrift=-19.186sigma uMRED=0.1112941808 uER=0.398438 uMAE=48.1875 WCE=576 bias=-37.5000
[pop05_hard:00200] loss=20.120216 tau=6.00 collapse_w=0.500 mid_frac=0.402 hard=score=19.9933996243 wNMSE=0.067490202 wMSE=12573.5085 wMRED=2.38270920 wER=0.422011 wMAE=51.0525 wBias=-30.0402 condBias=59.8448 dotDrift=-17.146sigma uMRED=0.1120789039 uER=0.398438 uMAE=49.4922 WCE=576 bias=-33.5000
[pop05_hard:00400] loss=10.673814 tau=6.00 collapse_w=0.500 mid_frac=0.375 hard=score=10.5443317942 wNMSE=0.072608752 wMSE=13527.1008 wMRED=2.44512791 wER=0.422011 wMAE=54.4986 wBias=-21.7312 condBias=63.5788 dotDrift=-11.958sigma uMRED=0.1188440850 uER=0.398438 uMAE=53.2891 WCE=576 bias=-21.5000
[pop05_hard:00599] loss=4.716202 tau=6.00 collapse_w=0.500 mid_frac=0.348 hard=score=4.5840943200 wNMSE=0.084546029 wMSE=15751.0305 wMRED=2.48315367 wER=0.421103 wMAE=58.1981 wBias=-14.1567 condBias=69.8101 dotDrift=-7.219sigma uMRED=0.1327871047 uER=0.395508 uMAE=62.7031 WCE=576 bias=-1.5000
[pop05] done (conf=0.51, noise=1.0); global best score=0.0324710510 wNMSE=0.012156702 wMSE=2264.8088 wMRED=0.50949777 wER=0.290017 wMAE=18.7185 wBias=-0.0738 condBias=24.8748 dotDrift=-0.099sigma uMRED=0.0477223108 uER=0.334961 uMAE=28.5938 WCE=216 bias=-11.8750
[pop06_soft:00000] loss=2.365933 tau=1.50 collapse_w=0.000 mid_frac=0.375 hard=score=131.0004370328 wNMSE=0.30128914 wMSE=56130.5409 wMRED=8.77686702 wER=0.434611 wMAE=103.4528 wBias=76.9807 condBias=128.9601 dotDrift=+20.795sigma uMRED=0.2637455650 uER=0.434570 uMAE=83.1328 WCE=3944 bias=37.5625
[pop06_soft:00200] loss=0.937664 tau=2.25 collapse_w=0.000 mid_frac=0.286 hard=score=49.5187372958 wNMSE=0.10853101 wMSE=20219.4615 wMRED=2.01968737 wER=0.367886 wMAE=58.6630 wBias=-47.3420 condBias=84.1157 dotDrift=-21.308sigma uMRED=0.1478548068 uER=0.417969 uMAE=86.0391 WCE=808 bias=-50.3750
[pop06_soft:00400] loss=0.415794 tau=3.00 collapse_w=0.000 mid_frac=0.223 hard=score=2.5523471449 wNMSE=0.027819768 wMSE=5182.8573 wMRED=0.57773086 wER=0.335933 wMAE=28.6581 wBias=-10.6116 condBias=35.2836 dotDrift=-9.434sigma uMRED=0.0775370535 uER=0.398438 uMAE=56.7578 WCE=572 bias=-17.0000
[pop06_soft:00600] loss=0.180819 tau=3.75 collapse_w=0.000 mid_frac=0.223 hard=score=1.0905399615 wNMSE=0.016478637 wMSE=3069.9906 wMRED=0.43215812 wER=0.323217 wMAE=21.8136 wBias=-6.8865 condBias=26.6340 dotDrift=-7.954sigma uMRED=0.0606825108 uER=0.380859 uMAE=43.3516 WCE=384 bias=-7.5000
[pop06_soft:00800] loss=0.093865 tau=4.50 collapse_w=0.084 mid_frac=0.223 hard=score=0.5833823027 wNMSE=0.01160979 wMSE=2162.9183 wMRED=0.53206044 wER=0.304218 wMAE=19.6379 wBias=-4.9965 condBias=23.6256 dotDrift=-6.876sigma uMRED=0.0518916106 uER=0.377930 uMAE=33.4531 WCE=272 bias=-11.1250
[pop06_soft:01000] loss=0.067338 tau=5.25 collapse_w=0.293 mid_frac=0.152 hard=score=1.1501890791 wNMSE=0.012642586 wMSE=2355.3295 wMRED=0.53335025 wER=0.297621 wMAE=20.4397 wBias=-7.1093 condBias=26.1071 dotDrift=-9.375sigma uMRED=0.0560610295 uER=0.383789 uMAE=36.6250 WCE=304 bias=-20.0000
[pop06_soft:01199] loss=0.045577 tau=6.00 collapse_w=0.500 mid_frac=0.143 hard=score=1.1501890791 wNMSE=0.012642586 wMSE=2355.3295 wMRED=0.53335025 wER=0.297621 wMAE=20.4397 wBias=-7.1093 condBias=26.1071 dotDrift=-9.375sigma uMRED=0.0560610295 uER=0.383789 uMAE=36.6250 WCE=304 bias=-20.0000
[pop06_hard:00000] loss=1.188860 tau=6.00 collapse_w=0.500 mid_frac=0.143 hard=score=1.1501890791 wNMSE=0.012642586 wMSE=2355.3295 wMRED=0.53335025 wER=0.297621 wMAE=20.4397 wBias=-7.1093 condBias=26.1071 dotDrift=-9.375sigma uMRED=0.0560610295 uER=0.383789 uMAE=36.6250 WCE=304 bias=-20.0000
[pop06_hard:00200] loss=0.424508 tau=6.00 collapse_w=0.500 mid_frac=0.125 hard=score=0.3898290225 wNMSE=0.0096743344 wMSE=1802.3405 wMRED=0.51409775 wER=0.296767 wMAE=18.3268 wBias=-4.0347 condBias=22.4224 dotDrift=-6.082sigma uMRED=0.0485125444 uER=0.380859 uMAE=30.9688 WCE=272 bias=-12.0000
[pop06_hard:00400] loss=0.323730 tau=6.00 collapse_w=0.500 mid_frac=0.125 hard=score=0.2878218894 wNMSE=0.0098577075 wMSE=1836.5032 wMRED=0.57454855 wER=0.296767 wMAE=18.6938 wBias=-3.4097 condBias=22.5728 dotDrift=-5.092sigma uMRED=0.0496296722 uER=0.380859 uMAE=30.9688 WCE=272 bias=-11.5000
[pop06_hard:00599] loss=0.318001 tau=6.00 collapse_w=0.500 mid_frac=0.125 hard=score=0.2831489510 wNMSE=0.010526188 wMSE=1961.0420 wMRED=0.58140452 wER=0.296767 wMAE=19.1803 wBias=3.3694 condBias=22.0009 dotDrift=+4.870sigma uMRED=0.0501281043 uER=0.380859 uMAE=31.3438 WCE=272 bias=-3.5000
[pop06] done (conf=0.53, noise=0.5); global best score=0.0324710510 wNMSE=0.012156702 wMSE=2264.8088 wMRED=0.50949777 wER=0.290017 wMAE=18.7185 wBias=-0.0738 condBias=24.8748 dotDrift=-0.099sigma uMRED=0.0477223108 uER=0.334961 uMAE=28.5938 WCE=216 bias=-11.8750
[pop07_soft:00000] loss=1.750042 tau=1.50 collapse_w=0.000 mid_frac=0.402 hard=score=11.0031607454 wNMSE=0.24300891 wMSE=45272.8622 wMRED=5.24441055 wER=0.436415 wMAE=113.9828 wBias=21.9109 condBias=118.2984 dotDrift=+6.591sigma uMRED=0.2471694595 uER=0.434570 uMAE=106.8691 WCE=696 bias=6.8750
[pop07_soft:00200] loss=1.111127 tau=2.25 collapse_w=0.000 mid_frac=0.402 hard=score=2.4666499467 wNMSE=0.25516996 wMSE=47538.4804 wMRED=5.04699467 wER=0.432331 wMAE=113.1986 wBias=9.5398 condBias=117.7064 dotDrift=+2.800sigma uMRED=0.2474820915 uER=0.434570 uMAE=109.8809 WCE=757 bias=-6.4375
[pop07_soft:00400] loss=0.692769 tau=3.00 collapse_w=0.000 mid_frac=0.375 hard=score=0.5787823262 wNMSE=0.092524387 wMSE=17237.4084 wMRED=2.04773573 wER=0.382811 wMAE=52.7419 wBias=4.2411 condBias=67.0025 dotDrift=+2.067sigma uMRED=0.1307881518 uER=0.403320 uMAE=70.7734 WCE=672 bias=12.3750
[pop07_soft:00600] loss=0.446970 tau=3.75 collapse_w=0.000 mid_frac=0.348 hard=score=0.1510409633 wNMSE=0.041463241 wMSE=7724.6535 wMRED=1.75055268 wER=0.366428 wMAE=37.3661 wBias=1.4214 condBias=44.9220 dotDrift=+1.035sigma uMRED=0.0973916162 uER=0.381836 uMAE=50.9766 WCE=656 bias=25.3750
[pop07_soft:00800] loss=0.340837 tau=4.50 collapse_w=0.084 mid_frac=0.339 hard=score=0.1512042700 wNMSE=0.035474335 wMSE=6608.9127 wMRED=1.49898822 wER=0.319412 wMAE=35.9821 wBias=-1.7311 condBias=42.1432 dotDrift=-1.363sigma uMRED=0.0908486382 uER=0.394531 uMAE=49.1172 WCE=384 bias=30.3750
[pop07_soft:01000] loss=0.269821 tau=5.25 collapse_w=0.293 mid_frac=0.321 hard=score=0.7447285541 wNMSE=0.034266016 wMSE=6383.8015 wMRED=1.50063079 wER=0.319412 wMAE=34.8919 wBias=-5.4916 condBias=41.9502 dotDrift=-4.399sigma uMRED=0.0889521523 uER=0.394531 uMAE=46.5000 WCE=384 bias=24.3750
[pop07_soft:01199] loss=0.201704 tau=6.00 collapse_w=0.500 mid_frac=0.295 hard=score=1.5241924472 wNMSE=0.033964703 wMSE=6327.6664 wMRED=1.47588865 wER=0.319412 wMAE=34.5517 wBias=-8.1007 condBias=40.3596 dotDrift=-6.517sigma uMRED=0.0877385397 uER=0.394531 uMAE=46.9141 WCE=384 bias=21.3750
[pop07_hard:00000] loss=1.609865 tau=6.00 collapse_w=0.500 mid_frac=0.295 hard=score=1.5241924472 wNMSE=0.033964703 wMSE=6327.6664 wMRED=1.47588865 wER=0.319412 wMAE=34.5517 wBias=-8.1007 condBias=40.3596 dotDrift=-6.517sigma uMRED=0.0877385397 uER=0.394531 uMAE=46.9141 WCE=384 bias=21.3750
[pop07_hard:00200] loss=1.606756 tau=6.00 collapse_w=0.500 mid_frac=0.295 hard=score=1.5241924472 wNMSE=0.033964703 wMSE=6327.6664 wMRED=1.47588865 wER=0.319412 wMAE=34.5517 wBias=-8.1007 condBias=40.3596 dotDrift=-6.517sigma uMRED=0.0877385397 uER=0.394531 uMAE=46.9141 WCE=384 bias=21.3750
[pop07_hard:00400] loss=0.197243 tau=6.00 collapse_w=0.500 mid_frac=0.268 hard=score=0.1051162290 wNMSE=0.041995124 wMSE=7823.7439 wMRED=1.79284324 wER=0.385600 wMAE=40.9378 wBias=-0.5648 condBias=45.1388 dotDrift=-0.409sigma uMRED=0.1045531133 uER=0.414062 uMAE=56.2109 WCE=512 bias=31.3750
[pop07_hard:00599] loss=1.028610 tau=6.00 collapse_w=0.500 mid_frac=0.268 hard=score=0.7736835416 wNMSE=0.044689336 wMSE=8325.6788 wMRED=1.81420673 wER=0.385600 wMAE=42.8984 wBias=5.5373 condBias=45.5505 dotDrift=+3.884sigma uMRED=0.1085036687 uER=0.414062 uMAE=59.0078 WCE=512 bias=39.3750
[pop07] done (conf=0.51, noise=1.0); global best score=0.0324710510 wNMSE=0.012156702 wMSE=2264.8088 wMRED=0.50949777 wER=0.290017 wMAE=18.7185 wBias=-0.0738 condBias=24.8748 dotDrift=-0.099sigma uMRED=0.0477223108 uER=0.334961 uMAE=28.5938 WCE=216 bias=-11.8750
[pop08_soft:00000] loss=1.590968 tau=1.50 collapse_w=0.000 mid_frac=0.321 hard=score=2.9080542456 wNMSE=0.057699226 wMSE=10749.4376 wMRED=2.10877678 wER=0.437141 wMAE=53.4042 wBias=11.2464 condBias=43.8870 dotDrift=+6.942sigma uMRED=0.1100496169 uER=0.437500 uMAE=54.2383 WCE=512 bias=2.0000
[pop08_soft:00200] loss=0.821166 tau=2.25 collapse_w=0.000 mid_frac=0.232 hard=score=8.4080677051 wNMSE=0.038875016 wMSE=7242.4638 wMRED=1.22886021 wER=0.411889 wMAE=38.7937 wBias=-19.4605 condBias=38.9770 dotDrift=-14.635sigma uMRED=0.0891327635 uER=0.416992 uMAE=52.0469 WCE=421 bias=-21.3125
[pop08_soft:00400] loss=0.342725 tau=3.00 collapse_w=0.000 mid_frac=0.170 hard=score=6.7595539124 wNMSE=0.036401154 wMSE=6781.5802 wMRED=1.02996972 wER=0.402132 wMAE=36.2812 wBias=-17.4345 condBias=36.9296 dotDrift=-13.550sigma uMRED=0.0839034027 uER=0.402344 uMAE=51.9297 WCE=408 bias=-18.8750
[pop08_soft:00600] loss=0.176991 tau=3.75 collapse_w=0.000 mid_frac=0.179 hard=score=2.6014102594 wNMSE=0.018416969 wMSE=3431.1043 wMRED=0.83616504 wER=0.315446 wMAE=26.7481 wBias=-10.7799 condBias=25.7449 dotDrift=-11.778sigma uMRED=0.0615970420 uER=0.356445 uMAE=36.5469 WCE=308 bias=-15.2500
[pop08_soft:00800] loss=0.134340 tau=4.50 collapse_w=0.084 mid_frac=0.179 hard=score=1.1486418962 wNMSE=0.017175403 wMSE=3199.7990 wMRED=0.78648938 wER=0.291532 wMAE=24.3736 wBias=-7.0958 condBias=23.7647 dotDrift=-8.028sigma uMRED=0.0552454295 uER=0.329102 uMAE=31.8281 WCE=272 bias=-8.6250
[pop08_soft:01000] loss=0.109333 tau=5.25 collapse_w=0.293 mid_frac=0.152 hard=score=1.4660280472 wNMSE=0.016900461 wMSE=3148.5769 wMRED=0.78633732 wER=0.289575 wMAE=23.8820 wBias=-8.0473 condBias=24.8420 dotDrift=-9.178sigma uMRED=0.0546009050 uER=0.320312 uMAE=29.7656 WCE=272 bias=-12.6250
[pop08_soft:01199] loss=0.068612 tau=6.00 collapse_w=0.500 mid_frac=0.125 hard=score=1.7824563298 wNMSE=0.017211152 wMSE=3206.4591 wMRED=0.79402541 wER=0.295455 wMAE=24.3453 wBias=-8.8937 condBias=25.8244 dotDrift=-10.052sigma uMRED=0.0556901304 uER=0.329102 uMAE=30.3906 WCE=272 bias=-13.6250
[pop08_hard:00000] loss=1.835753 tau=6.00 collapse_w=0.500 mid_frac=0.125 hard=score=1.7824563298 wNMSE=0.017211152 wMSE=3206.4591 wMRED=0.79402541 wER=0.295455 wMAE=24.3453 wBias=-8.8937 condBias=25.8244 dotDrift=-10.052sigma uMRED=0.0556901304 uER=0.329102 uMAE=30.3906 WCE=272 bias=-13.6250
[pop08_hard:00200] loss=1.830868 tau=6.00 collapse_w=0.500 mid_frac=0.116 hard=score=1.7824563298 wNMSE=0.017211152 wMSE=3206.4591 wMRED=0.79402541 wER=0.295455 wMAE=24.3453 wBias=-8.8937 condBias=25.8244 dotDrift=-10.052sigma uMRED=0.0556901304 uER=0.329102 uMAE=30.3906 WCE=272 bias=-13.6250
[pop08_hard:00400] loss=0.753106 tau=6.00 collapse_w=0.500 mid_frac=0.107 hard=score=0.7076991334 wNMSE=0.015284997 wMSE=2847.6140 wMRED=0.76161235 wER=0.290267 wMAE=22.1413 wBias=-5.5041 condBias=23.4301 dotDrift=-6.601sigma uMRED=0.0506562634 uER=0.322266 uMAE=27.4219 WCE=272 bias=-9.6250
[pop08_hard:00599] loss=0.493158 tau=6.00 collapse_w=0.500 mid_frac=0.098 hard=score=0.4466943275 wNMSE=0.029399089 wMSE=5477.0869 wMRED=0.88195061 wER=0.298389 wMAE=30.8720 wBias=4.1252 condBias=34.0089 dotDrift=+3.567sigma uMRED=0.0723563440 uER=0.336914 uMAE=41.7812 WCE=336 bias=6.3750
[pop08] done (conf=0.53, noise=0.5); global best score=0.0324710510 wNMSE=0.012156702 wMSE=2264.8088 wMRED=0.50949777 wER=0.290017 wMAE=18.7185 wBias=-0.0738 condBias=24.8748 dotDrift=-0.099sigma uMRED=0.0477223108 uER=0.334961 uMAE=28.5938 WCE=216 bias=-11.8750
[pop09_soft:00000] loss=2.593172 tau=1.50 collapse_w=0.000 mid_frac=0.491 hard=score=145.6014929738 wNMSE=0.4580921 wMSE=85343.1280 wMRED=10.80832843 wER=0.417862 wMAE=115.7238 wBias=81.0934 condBias=180.2043 dotDrift=+17.766sigma uMRED=0.3166511191 uER=0.425781 uMAE=95.2739 WCE=3969 bias=76.6250
[pop09_soft:00200] loss=1.770699 tau=2.25 collapse_w=0.000 mid_frac=0.420 hard=score=0.4481751690 wNMSE=0.17088665 wMSE=31836.3959 wMRED=4.87235358 wER=0.424135 wMAE=89.4332 wBias=-2.3870 condBias=95.4274 dotDrift=-0.856sigma uMRED=0.1928564518 uER=0.431641 uMAE=73.8516 WCE=529 bias=-43.7500
[pop09_soft:00400] loss=1.104708 tau=3.00 collapse_w=0.000 mid_frac=0.411 hard=score=1.4542968671 wNMSE=0.18307673 wMSE=34107.4221 wMRED=4.91563245 wER=0.404061 wMAE=92.7869 wBias=-7.0905 condBias=99.4207 dotDrift=-2.457sigma uMRED=0.2060870861 uER=0.419922 uMAE=84.2852 WCE=680 bias=-54.7500
[pop09_soft:00600] loss=0.925315 tau=3.75 collapse_w=0.000 mid_frac=0.420 hard=score=0.4314231099 wNMSE=0.15728959 wMSE=29303.2467 wMRED=4.49681597 wER=0.390767 wMAE=83.3109 wBias=2.5461 condBias=89.6616 dotDrift=+0.952sigma uMRED=0.1818656036 uER=0.405273 uMAE=71.5859 WCE=512 bias=-41.7500
[pop09_soft:00800] loss=0.747160 tau=4.50 collapse_w=0.084 mid_frac=0.348 hard=score=9.6922885500 wNMSE=0.13591527 wMSE=25321.1848 wMRED=3.28028841 wER=0.392400 wMAE=69.9633 wBias=20.6995 condBias=79.9270 dotDrift=+8.325sigma uMRED=0.1492651421 uER=0.408203 uMAE=66.4688 WCE=512 bias=-34.1250
[pop09_soft:01000] loss=0.602228 tau=5.25 collapse_w=0.293 mid_frac=0.339 hard=score=8.1117528818 wNMSE=0.13798546 wMSE=25706.8635 wMRED=3.30582208 wER=0.393221 wMAE=71.7708 wBias=18.8806 condBias=81.0540 dotDrift=+7.537sigma uMRED=0.1533579023 uER=0.408203 uMAE=69.0469 WCE=512 bias=-36.7500
[pop09_soft:01199] loss=0.464953 tau=6.00 collapse_w=0.500 mid_frac=0.312 hard=score=8.1117528818 wNMSE=0.13798546 wMSE=25706.8635 wMRED=3.30582208 wER=0.393221 wMAE=71.7708 wBias=18.8806 condBias=81.0540 dotDrift=+7.537sigma uMRED=0.1533579023 uER=0.408203 uMAE=69.0469 WCE=512 bias=-36.7500
[pop09_hard:00000] loss=8.292903 tau=6.00 collapse_w=0.500 mid_frac=0.312 hard=score=8.1117528818 wNMSE=0.13798546 wMSE=25706.8635 wMRED=3.30582208 wER=0.393221 wMAE=71.7708 wBias=18.8806 condBias=81.0540 dotDrift=+7.537sigma uMRED=0.1533579023 uER=0.408203 uMAE=69.0469 WCE=512 bias=-36.7500
[pop09_hard:00200] loss=8.292589 tau=6.00 collapse_w=0.500 mid_frac=0.304 hard=score=8.1117528818 wNMSE=0.13798546 wMSE=25706.8635 wMRED=3.30582208 wER=0.393221 wMAE=71.7708 wBias=18.8806 condBias=81.0540 dotDrift=+7.537sigma uMRED=0.1533579023 uER=0.408203 uMAE=69.0469 WCE=512 bias=-36.7500
[pop09_hard:00400] loss=6.580467 tau=6.00 collapse_w=0.500 mid_frac=0.312 hard=score=6.3903246023 wNMSE=0.13932587 wMSE=25956.5833 wMRED=3.37111195 wER=0.406856 wMAE=73.4843 wBias=16.6722 condBias=81.5760 dotDrift=+6.623sigma uMRED=0.1577077867 uER=0.424805 uMAE=71.7578 WCE=512 bias=-39.8750
[pop09_hard:00599] loss=2.903145 tau=6.00 collapse_w=0.500 mid_frac=0.321 hard=score=1.9186398200 wNMSE=0.15988118 wMSE=29786.0619 wMRED=3.71448857 wER=0.408082 wMAE=81.6130 wBias=8.5110 condBias=87.6586 dotDrift=+3.156sigma uMRED=0.1784439504 uER=0.425781 uMAE=82.7422 WCE=696 bias=-50.8750
[pop09] done (conf=0.51, noise=1.0); global best score=0.0324710510 wNMSE=0.012156702 wMSE=2264.8088 wMRED=0.50949777 wER=0.290017 wMAE=18.7185 wBias=-0.0738 condBias=24.8748 dotDrift=-0.099sigma uMRED=0.0477223108 uER=0.334961 uMAE=28.5938 WCE=216 bias=-11.8750
[pop10_soft:00000] loss=1.261437 tau=1.50 collapse_w=0.000 mid_frac=0.339 hard=score=0.3379974909 wNMSE=0.14593792 wMSE=27188.4155 wMRED=1.85472973 wER=0.430576 wMAE=63.0896 wBias=1.4213 condBias=86.5984 dotDrift=+0.552sigma uMRED=0.1547190734 uER=0.434570 uMAE=90.1387 WCE=882 bias=17.5000
[pop10_soft:00200] loss=0.699405 tau=2.25 collapse_w=0.000 mid_frac=0.286 hard=score=1.0153217596 wNMSE=0.13924896 wMSE=25942.2553 wMRED=2.36014778 wER=0.314129 wMAE=63.7833 wBias=-5.8106 condBias=85.4061 dotDrift=-2.309sigma uMRED=0.1560467108 uER=0.380859 uMAE=81.3438 WCE=836 bias=24.2500
[pop10_soft:00400] loss=0.374321 tau=3.00 collapse_w=0.000 mid_frac=0.214 hard=score=0.5758262507 wNMSE=0.072168227 wMSE=13445.0305 wMRED=2.19897814 wER=0.336309 wMAE=50.4629 wBias=-4.3623 condBias=63.8700 dotDrift=-2.408sigma uMRED=0.1282608650 uER=0.385742 uMAE=67.3984 WCE=640 bias=31.2500
[pop10_soft:00600] loss=0.172203 tau=3.75 collapse_w=0.000 mid_frac=0.259 hard=score=2.2581712948 wNMSE=0.023966131 wMSE=4464.9201 wMRED=1.32799348 wER=0.278081 wMAE=26.6073 wBias=-10.0000 condBias=33.3835 dotDrift=-9.578sigma uMRED=0.0694287807 uER=0.339844 uMAE=34.1094 WCE=324 bias=0.6250
[pop10_soft:00800] loss=0.064360 tau=4.50 collapse_w=0.084 mid_frac=0.205 hard=score=1.1216492284 wNMSE=0.012486957 wMSE=2326.3356 wMRED=0.54461327 wER=0.248687 wMAE=17.9223 wBias=7.0217 condBias=24.6647 dotDrift=+9.317sigma uMRED=0.0465637422 uER=0.304688 uMAE=27.5156 WCE=288 bias=3.2500
[pop10_soft:01000] loss=0.051186 tau=5.25 collapse_w=0.293 mid_frac=0.143 hard=score=1.0180713050 wNMSE=0.012377826 wMSE=2306.0044 wMRED=0.54860052 wER=0.248687 wMAE=17.9212 wBias=6.6820 condBias=24.5703 dotDrift=+8.905sigma uMRED=0.0466230753 uER=0.304688 uMAE=27.5156 WCE=272 bias=2.7500
[pop10_soft:01199] loss=0.035050 tau=6.00 collapse_w=0.500 mid_frac=0.134 hard=score=1.0180713050 wNMSE=0.012377826 wMSE=2306.0044 wMRED=0.54860052 wER=0.248687 wMAE=17.9212 wBias=6.6820 condBias=24.5703 dotDrift=+8.905sigma uMRED=0.0466230753 uER=0.304688 uMAE=27.5156 WCE=272 bias=2.7500
[pop10_hard:00000] loss=1.055552 tau=6.00 collapse_w=0.500 mid_frac=0.134 hard=score=1.0180713050 wNMSE=0.012377826 wMSE=2306.0044 wMRED=0.54860052 wER=0.248687 wMAE=17.9212 wBias=6.6820 condBias=24.5703 dotDrift=+8.905sigma uMRED=0.0466230753 uER=0.304688 uMAE=27.5156 WCE=272 bias=2.7500
[pop10_hard:00200] loss=0.072082 tau=6.00 collapse_w=0.500 mid_frac=0.152 hard=score=7.2801760688 wNMSE=0.018902359 wMSE=3521.5329 wMRED=1.13707135 wER=0.248687 wMAE=22.6694 wBias=-18.1330 condBias=36.4496 dotDrift=-19.556sigma uMRED=0.0575385443 uER=0.304688 uMAE=26.7344 WCE=272 bias=-13.2500
[pop10_hard:00400] loss=3.300362 tau=6.00 collapse_w=0.500 mid_frac=0.143 hard=score=3.2354903170 wNMSE=0.022368114 wMSE=4167.2074 wMRED=1.17172979 wER=0.248687 wMAE=25.1915 wBias=-12.0309 condBias=32.3288 dotDrift=-11.928sigma uMRED=0.0631516732 uER=0.304688 uMAE=30.1875 WCE=272 bias=-5.2500
[pop10_hard:00599] loss=1.052003 tau=6.00 collapse_w=0.500 mid_frac=0.134 hard=score=1.0180713050 wNMSE=0.012377826 wMSE=2306.0044 wMRED=0.54860052 wER=0.248687 wMAE=17.9212 wBias=6.6820 condBias=24.5703 dotDrift=+8.905sigma uMRED=0.0466230753 uER=0.304688 uMAE=27.5156 WCE=272 bias=2.7500
[pop10] done (conf=0.53, noise=0.5); global best score=0.0324710510 wNMSE=0.012156702 wMSE=2264.8088 wMRED=0.50949777 wER=0.290017 wMAE=18.7185 wBias=-0.0738 condBias=24.8748 dotDrift=-0.099sigma uMRED=0.0477223108 uER=0.334961 uMAE=28.5938 WCE=216 bias=-11.8750
[pop11_soft:00000] loss=1.062745 tau=1.50 collapse_w=0.000 mid_frac=0.500 hard=score=5.0878809537 wNMSE=0.24203415 wMSE=45091.2629 wMRED=5.43681621 wER=0.435912 wMAE=100.3905 wBias=-14.5697 condBias=102.8921 dotDrift=-4.391sigma uMRED=0.2293493922 uER=0.434570 uMAE=91.6074 WCE=712 bias=-3.1250
[pop11_soft:00200] loss=0.628487 tau=2.25 collapse_w=0.000 mid_frac=0.455 hard=score=13.9409093529 wNMSE=0.060542811 wMSE=11279.2010 wMRED=1.38491212 wER=0.435912 wMAE=45.9800 wBias=25.0499 condBias=53.6339 dotDrift=+15.095sigma uMRED=0.1212786959 uER=0.434570 uMAE=77.8184 WCE=705 bias=47.6250
[pop11_soft:00400] loss=0.293509 tau=3.00 collapse_w=0.000 mid_frac=0.366 hard=score=8.7387939494 wNMSE=0.026063214 wMSE=4855.6093 wMRED=1.08673761 wER=0.381299 wMAE=32.3878 wBias=19.8613 condBias=37.0051 dotDrift=+18.242sigma uMRED=0.0803068165 uER=0.405273 uMAE=47.2852 WCE=384 bias=29.3125
[pop11_soft:00600] loss=0.191441 tau=3.75 collapse_w=0.000 mid_frac=0.295 hard=score=7.2491026535 wNMSE=0.01928887 wMSE=3593.5404 wMRED=1.06986146 wER=0.365443 wMAE=28.1952 wBias=18.0878 condBias=36.3325 dotDrift=+19.311sigma uMRED=0.0627284956 uER=0.366211 uMAE=31.2422 WCE=369 bias=16.4375
[pop11_soft:00800] loss=0.141248 tau=4.50 collapse_w=0.084 mid_frac=0.277 hard=score=5.8114778862 wNMSE=0.016882738 wMSE=3145.2750 wMRED=0.95444996 wER=0.324374 wMAE=24.4556 wBias=16.1875 condBias=36.8288 dotDrift=+18.473sigma uMRED=0.0528050368 uER=0.334961 uMAE=24.5879 WCE=305 bias=18.5625
[pop11_soft:01000] loss=0.090065 tau=5.25 collapse_w=0.293 mid_frac=0.241 hard=score=2.8772044475 wNMSE=0.012967906 wMSE=2415.9371 wMRED=0.89719745 wER=0.314704 wMAE=20.4299 wBias=11.3729 condBias=27.3332 dotDrift=+14.808sigma uMRED=0.0424136081 uER=0.326172 uMAE=17.8125 WCE=192 bias=10.5625
[pop11_soft:01199] loss=0.058092 tau=6.00 collapse_w=0.500 mid_frac=0.214 hard=score=3.6458250877 wNMSE=0.014929371 wMSE=2781.3603 wMRED=0.90903308 wER=0.314704 wMAE=21.8550 wBias=12.7980 condBias=30.1339 dotDrift=+15.531sigma uMRED=0.0474695053 uER=0.326172 uMAE=21.8125 WCE=305 bias=14.5625
[pop11_hard:00000] loss=3.699556 tau=6.00 collapse_w=0.500 mid_frac=0.214 hard=score=3.6458250877 wNMSE=0.014929371 wMSE=2781.3603 wMRED=0.90903308 wER=0.314704 wMAE=21.8550 wBias=12.7980 condBias=30.1339 dotDrift=+15.531sigma uMRED=0.0474695053 uER=0.326172 uMAE=21.8125 WCE=305 bias=14.5625
[pop11_hard:00200] loss=0.602313 tau=6.00 collapse_w=0.500 mid_frac=0.268 hard=score=0.5553272332 wNMSE=0.024444006 wMSE=4553.9488 wMRED=0.90266758 wER=0.314704 wMAE=24.4139 wBias=4.7219 condBias=26.1722 dotDrift=+4.478sigma uMRED=0.0561049823 uER=0.326172 uMAE=30.0586 WCE=512 bias=-6.4375
[pop11_hard:00400] loss=0.124616 tau=6.00 collapse_w=0.500 mid_frac=0.339 hard=score=0.0699618202 wNMSE=0.027287026 wMSE=5083.6070 wMRED=0.83533289 wER=0.311832 wMAE=26.0401 wBias=-0.1396 condBias=27.7397 dotDrift=-0.125sigma uMRED=0.0639840211 uER=0.332031 uMAE=38.2734 WCE=528 bias=-16.8125
[pop11_hard:00599] loss=0.119977 tau=6.00 collapse_w=0.500 mid_frac=0.330 hard=score=0.0695315741 wNMSE=0.027269291 wMSE=5080.3029 wMRED=0.83556446 wER=0.315031 wMAE=26.0447 wBias=-0.0377 condBias=27.7640 dotDrift=-0.034sigma uMRED=0.0640254704 uER=0.337891 uMAE=38.3203 WCE=528 bias=-16.6875
[pop11] done (conf=0.51, noise=1.0); global best score=0.0324710510 wNMSE=0.012156702 wMSE=2264.8088 wMRED=0.50949777 wER=0.290017 wMAE=18.7185 wBias=-0.0738 condBias=24.8748 dotDrift=-0.099sigma uMRED=0.0477223108 uER=0.334961 uMAE=28.5938 WCE=216 bias=-11.8750
[best] stage=pop04_hard score=0.0324710510 wNMSE=0.012156702 wMSE=2264.8088 wMRED=0.50949777 wER=0.290017 wMAE=18.7185 wBias=-0.0738 condBias=24.8748 dotDrift=-0.099sigma uMRED=0.0477223108 uER=0.334961 uMAE=28.5938 WCE=216 bias=-11.8750
[best-json] /home/xuanqi/tony/work/FPGA/signed8x8_approx/signed8x8_2026_8_22/runs_module_groups/G3_o/balanced_split/rand300/best_signed88_inits.json
[best-rtl] /home/xuanqi/tony/work/FPGA/signed8x8_approx/signed8x8_2026_8_22/runs_module_groups/G3_o/balanced_split/rand300/best_rtl
[design] balanced_split search_bits=112
[start] score=0.0324710510 wNMSE=0.012156702 wMSE=2264.8088 wMRED=0.50949777 wER=0.290017 wMAE=18.7185 wBias=-0.0738 condBias=24.8748 dotDrift=-0.099sigma uMRED=0.0477223108 uER=0.334961 uMAE=28.5938 WCE=216 bias=-11.8750
[single] ACCEPT ['lo_lut23:23'] 0.0324710510->0.0323371045 wNMSE=0.012145764 wBias=+0.02804
[single] round=2 no improvement
[pair] ACCEPT ['lo_lut45:27', 'mid_lut45:15'] 0.0323371045->0.0306423625 wNMSE=0.01126615 wBias=+0.12470
[pair] ACCEPT ['mid_lut23:43', 'lo_lut67:11'] 0.0306423625->0.0281499790 wNMSE=0.01084148 wBias=+0.02134
[pair] ACCEPT ['mid_lut45:23', 'mid_lut23:51'] 0.0281499790->0.0270417351 wNMSE=0.010101781 wBias=-0.03223
[pair] ACCEPT ['lo_lut45:39', 'mid_lut23:47'] 0.0270417351->0.0260201881 wNMSE=0.0096864649 wBias=+0.03372
[basin] ACCEPT ['lo_lut23:27', 'lo_lut23:59', 'lo_lut01:59'] 0.0260201881->0.0259986196 wNMSE=0.0096806968 wBias=-0.02999
[final] score=0.0259986196 wNMSE=0.0096806968 wMSE=1803.5259 wMRED=0.51863515 wER=0.366140 wMAE=17.8712 wBias=-0.0300 condBias=20.1128 dotDrift=-0.045sigma uMRED=0.0432170763 uER=0.400391 uMAE=25.0352 WCE=192 bias=-8.3125
[json] /home/xuanqi/tony/work/FPGA/signed8x8_approx/signed8x8_2026_8_22/runs_module_groups/G3_o/balanced_split/rand300/refined/best_signed88_inits.json
