[initial-infeasible] random start violates zero-product safety: zero_violations=112, workload_zero_probability=0.0581408845877; using guard baseline as deployable best
[design] balanced_split quad4 entries=112
[device] cuda
[safety] max_zero_violations=0 max_workload_zero_violation_probability=0
[initial] score=449.5861203081 wNMSE=1.2694348 wMSE=96705.9915 wMRED=8.19565556 wER=0.433530 wMAE=141.4878 wBias=90.2113 condBias=171.4589 dotDrift=+18.566sigma uMRED=0.2546102824 uER=0.428711 uMAE=99.5625 WCE=992 bias=14.8125
[aligned-objective] schema=aligned_ai_metrics_v2 loss_mode=legacy_aligned guard_tolerance=0.1 constraint_weight=10
[quad_warmup_bit:00000] loss=12.744536 tau=1.50 collapse_w=0.000 mid_frac=0.482 hard=score=449.5861203081 wNMSE=1.2694348 wMSE=96705.9915 wMRED=8.19565556 wER=0.433530 wMAE=141.4878 wBias=90.2113 condBias=171.4589 dotDrift=+18.566sigma uMRED=0.2546102824 uER=0.428711 uMAE=99.5625 WCE=992 bias=14.8125
[quad_warmup_bit:00200] loss=6.422185 tau=1.50 collapse_w=0.000 mid_frac=0.455 hard=score=219.9581152828 wNMSE=1.1381941 wMSE=86708.0341 wMRED=8.77348685 wER=0.435199 wMAE=146.1556 wBias=62.4890 condBias=163.5644 dotDrift=+13.582sigma uMRED=0.2591908644 uER=0.425781 uMAE=93.6562 WCE=896 bias=-11.3125
[quad_warmup_bit:00400] loss=3.751515 tau=1.50 collapse_w=0.000 mid_frac=0.455 hard=score=6.6365398097 wNMSE=0.18724305 wMSE=14264.2420 wMRED=4.15063578 wER=0.394236 wMAE=64.6490 wBias=-9.7655 condBias=66.2998 dotDrift=-5.233sigma uMRED=0.1404295280 uER=0.422852 uMAE=59.1484 WCE=500 bias=-24.7500
[quad_warmup_bit:00600] loss=2.589136 tau=1.50 collapse_w=0.000 mid_frac=0.393 hard=score=58.3952922160 wNMSE=0.085075849 wMSE=6481.1085 wMRED=2.51587942 wER=0.361916 wMAE=37.0161 wBias=-32.7095 condBias=53.4156 dotDrift=-26.003sigma uMRED=0.0870453433 uER=0.421875 uMAE=37.1172 WCE=340 bias=-20.6250
[quad_warmup_bit:00800] loss=2.088118 tau=1.50 collapse_w=0.000 mid_frac=0.339 hard=score=52.6676193792 wNMSE=0.080560697 wMSE=6137.1426 wMRED=2.35747016 wER=0.361900 wMAE=35.1812 wBias=-31.0538 condBias=52.4344 dotDrift=-25.369sigma uMRED=0.0855529493 uER=0.421875 uMAE=38.0000 WCE=308 bias=-21.8750
[quad_warmup_bit:01000] loss=1.746219 tau=1.50 collapse_w=0.000 mid_frac=0.277 hard=score=3.3709702067 wNMSE=0.01945774 wMSE=1482.2976 wMRED=0.72440781 wER=0.347766 wMAE=17.9091 wBias=-7.7697 condBias=16.5469 dotDrift=-12.916sigma uMRED=0.0522969500 uER=0.416016 uMAE=31.4453 WCE=244 bias=-12.2500
[quad_warmup_bit:01200] loss=1.637977 tau=1.50 collapse_w=0.000 mid_frac=0.241 hard=score=2.9432176543 wNMSE=0.017683663 wMSE=1347.1477 wMRED=0.71269435 wER=0.335000 wMAE=17.3248 wBias=-7.2501 condBias=15.6551 dotDrift=-12.642sigma uMRED=0.0468575730 uER=0.401367 uMAE=27.1875 WCE=216 bias=-8.7500
[quad_warmup_bit:01400] loss=1.597274 tau=1.50 collapse_w=0.000 mid_frac=0.232 hard=score=3.0838548726 wNMSE=0.017886007 wMSE=1362.5623 wMRED=0.71434235 wER=0.335000 wMAE=17.4463 wBias=-7.4254 condBias=15.7537 dotDrift=-12.874sigma uMRED=0.0470764675 uER=0.401367 uMAE=27.3203 WCE=216 bias=-9.0000
[quad_warmup_bit:01600] loss=1.569636 tau=1.50 collapse_w=0.000 mid_frac=0.232 hard=score=2.6261783683 wNMSE=0.017748468 wMSE=1352.0846 wMRED=0.70829339 wER=0.347374 wMAE=17.3712 wBias=-6.8322 condBias=15.5150 dotDrift=-11.892sigma uMRED=0.0469143891 uER=0.407227 uMAE=27.2734 WCE=216 bias=-8.2500
[quad_warmup_bit:01800] loss=1.533944 tau=1.50 collapse_w=0.000 mid_frac=0.205 hard=score=2.4755449057 wNMSE=0.017785534 wMSE=1354.9083 wMRED=0.70728845 wER=0.347374 wMAE=17.3790 wBias=-6.6272 condBias=15.4171 dotDrift=-11.523sigma uMRED=0.0472179721 uER=0.407227 uMAE=27.8281 WCE=216 bias=-7.1250
[quad_warmup_bit:02000] loss=1.516227 tau=1.50 collapse_w=0.000 mid_frac=0.214 hard=score=1.1734510730 wNMSE=0.020989671 wMSE=1599.0006 wMRED=0.83594805 wER=0.345180 wMAE=19.0792 wBias=4.3299 condBias=21.5815 dotDrift=+6.930sigma uMRED=0.0505025619 uER=0.394531 uMAE=27.9922 WCE=216 bias=-2.6250
[quad_warmup_bit:02200] loss=0.935607 tau=1.50 collapse_w=0.000 mid_frac=0.223 hard=score=1.3442405906 wNMSE=0.020896184 wMSE=1591.8788 wMRED=0.84869578 wER=0.344480 wMAE=19.0206 wBias=4.6837 condBias=21.5212 dotDrift=+7.513sigma uMRED=0.0486251122 uER=0.381836 uMAE=26.0469 WCE=212 bias=-0.3750
[quad_warmup_bit:02400] loss=0.928143 tau=1.50 collapse_w=0.000 mid_frac=0.223 hard=score=1.3442405906 wNMSE=0.020896184 wMSE=1591.8788 wMRED=0.84869578 wER=0.344480 wMAE=19.0206 wBias=4.6837 condBias=21.5212 dotDrift=+7.513sigma uMRED=0.0486251122 uER=0.381836 uMAE=26.0469 WCE=212 bias=-0.3750
[quad_warmup_bit:02600] loss=0.921965 tau=1.50 collapse_w=0.000 mid_frac=0.250 hard=score=1.5893517539 wNMSE=0.020354076 wMSE=1550.5808 wMRED=0.84182858 wER=0.344480 wMAE=18.5763 wBias=5.1565 condBias=20.9429 dotDrift=+8.381sigma uMRED=0.0475954350 uER=0.381836 uMAE=25.3594 WCE=196 bias=0.3750
[quad_warmup_bit:02800] loss=0.915352 tau=1.50 collapse_w=0.000 mid_frac=0.250 hard=score=1.5336648955 wNMSE=0.020497359 wMSE=1561.4961 wMRED=0.83260915 wER=0.344585 wMAE=18.4448 wBias=5.0524 condBias=21.3378 dotDrift=+8.183sigma uMRED=0.0489525239 uER=0.382812 uMAE=26.1094 WCE=196 bias=-3.1250
[quad_warmup_bit:03000] loss=0.907330 tau=1.50 collapse_w=0.000 mid_frac=0.223 hard=score=1.2733157765 wNMSE=0.018210858 wMSE=1387.3096 wMRED=0.68439871 wER=0.334274 wMAE=16.5697 wBias=4.6006 condBias=19.7879 dotDrift=+7.905sigma uMRED=0.0457844075 uER=0.375000 uMAE=25.5156 WCE=196 bias=-2.6250
[quad_warmup_bit:03200] loss=0.899988 tau=1.50 collapse_w=0.000 mid_frac=0.205 hard=score=0.1001545108 wNMSE=0.014246794 wMSE=1085.3258 wMRED=0.37932973 wER=0.304334 wMAE=12.8610 wBias=-0.4798 condBias=15.0193 dotDrift=-0.932sigma uMRED=0.0387970115 uER=0.361328 uMAE=23.9609 WCE=196 bias=-4.1250
[quad_warmup_bit:03400] loss=0.893912 tau=1.50 collapse_w=0.000 mid_frac=0.214 hard=score=0.0973463299 wNMSE=0.014629485 wMSE=1114.4794 wMRED=0.35747041 wER=0.284535 wMAE=12.3824 wBias=0.3087 condBias=15.1766 dotDrift=+0.592sigma uMRED=0.0383082479 uER=0.345703 uMAE=23.9609 WCE=196 bias=-3.1250
[quad_warmup_bit:03600] loss=0.890736 tau=1.50 collapse_w=0.000 mid_frac=0.232 hard=score=0.2522220524 wNMSE=0.015070499 wMSE=1148.0759 wMRED=0.36054527 wER=0.276019 wMAE=12.1178 wBias=1.6735 condBias=15.7503 dotDrift=+3.161sigma uMRED=0.0380853906 uER=0.341797 uMAE=23.6172 WCE=196 bias=-1.1250
[quad_warmup_bit:03800] loss=0.887715 tau=1.50 collapse_w=0.000 mid_frac=0.241 hard=score=0.2726390767 wNMSE=0.014857007 wMSE=1131.8121 wMRED=0.35960700 wER=0.276019 wMAE=11.9932 wBias=1.7981 condBias=15.5056 dotDrift=+3.421sigma uMRED=0.0369572728 uER=0.341797 uMAE=22.6172 WCE=196 bias=-0.1250
[quad_warmup_bit:04000] loss=0.321556 tau=1.50 collapse_w=0.000 mid_frac=0.232 hard=score=0.3057429878 wNMSE=0.014790025 wMSE=1126.7094 wMRED=0.34599664 wER=0.270600 wMAE=11.8578 wBias=1.9674 condBias=15.4776 dotDrift=+3.751sigma uMRED=0.0366553908 uER=0.340820 uMAE=22.5234 WCE=192 bias=0.0000
[quad_warmup_bit:04200] loss=0.135316 tau=1.50 collapse_w=0.000 mid_frac=0.196 hard=score=0.3057429878 wNMSE=0.014790025 wMSE=1126.7094 wMRED=0.34599664 wER=0.270600 wMAE=11.8578 wBias=1.9674 condBias=15.4776 dotDrift=+3.751sigma uMRED=0.0366553908 uER=0.340820 uMAE=22.5234 WCE=192 bias=0.0000
[quad_warmup_bit:04400] loss=0.124680 tau=1.50 collapse_w=0.000 mid_frac=0.161 hard=score=0.2148334632 wNMSE=0.017819832 wMSE=1357.5211 wMRED=0.34787432 wER=0.263416 wMAE=12.1498 wBias=1.3836 condBias=17.3054 dotDrift=+2.403sigma uMRED=0.0461122961 uER=0.337891 uMAE=30.8516 WCE=428 bias=-15.6250
[quad_warmup_bit:04600] loss=0.111925 tau=1.50 collapse_w=0.000 mid_frac=0.179 hard=score=0.1946744922 wNMSE=0.013448575 wMSE=1024.5172 wMRED=0.34480277 wER=0.247589 wMAE=10.7152 wBias=-1.3440 condBias=17.1671 dotDrift=-2.687sigma uMRED=0.0421683400 uER=0.338867 uMAE=27.9922 WCE=428 bias=-23.1250
[quad_warmup_bit:04800] loss=0.105358 tau=1.50 collapse_w=0.000 mid_frac=0.196 hard=score=0.2021293389 wNMSE=0.010118997 wMSE=770.8688 wMRED=0.33149070 wER=0.245288 wMAE=9.0807 wBias=1.5266 condBias=14.9774 dotDrift=+3.519sigma uMRED=0.0363919419 uER=0.333008 uMAE=24.3750 WCE=428 bias=-18.7500
[quad_warmup_bit:05000] loss=0.101888 tau=1.50 collapse_w=0.000 mid_frac=0.152 hard=score=1.0629730200 wNMSE=0.011692973 wMSE=890.7748 wMRED=0.34252333 wER=0.236275 wMAE=9.5035 wBias=4.2480 condBias=15.3465 dotDrift=+9.109sigma uMRED=0.0358843018 uER=0.308594 uMAE=23.6797 WCE=428 bias=-14.0000
[quad_warmup_bit:05200] loss=0.100442 tau=1.50 collapse_w=0.000 mid_frac=0.161 hard=score=1.8679319440 wNMSE=0.012855532 wMSE=979.3390 wMRED=0.51440558 wER=0.236212 wMAE=10.7099 wBias=5.7171 condBias=16.0552 dotDrift=+11.692sigma uMRED=0.0373556898 uER=0.300781 uMAE=22.8203 WCE=428 bias=-11.0000
[quad_warmup_bit:05400] loss=0.098982 tau=1.50 collapse_w=0.000 mid_frac=0.170 hard=score=1.8679319440 wNMSE=0.012855532 wMSE=979.3390 wMRED=0.51440558 wER=0.236212 wMAE=10.7099 wBias=5.7171 condBias=16.0552 dotDrift=+11.692sigma uMRED=0.0373556898 uER=0.300781 uMAE=22.8203 WCE=428 bias=-11.0000
[quad_warmup_bit:05600] loss=0.098486 tau=1.50 collapse_w=0.000 mid_frac=0.170 hard=score=1.8679319440 wNMSE=0.012855532 wMSE=979.3390 wMRED=0.51440558 wER=0.236212 wMAE=10.7099 wBias=5.7171 condBias=16.0552 dotDrift=+11.692sigma uMRED=0.0373556898 uER=0.300781 uMAE=22.8203 WCE=428 bias=-11.0000
[quad_warmup_bit:05800] loss=0.097970 tau=1.50 collapse_w=0.000 mid_frac=0.170 hard=score=1.8679319440 wNMSE=0.012855532 wMSE=979.3390 wMRED=0.51440558 wER=0.236212 wMAE=10.7099 wBias=5.7171 condBias=16.0552 dotDrift=+11.692sigma uMRED=0.0373556898 uER=0.300781 uMAE=22.8203 WCE=428 bias=-11.0000
[quad_warmup_bit:05999] loss=0.097647 tau=1.50 collapse_w=0.000 mid_frac=0.170 hard=score=1.8679319440 wNMSE=0.012855532 wMSE=979.3390 wMRED=0.51440558 wER=0.236212 wMAE=10.7099 wBias=5.7171 condBias=16.0552 dotDrift=+11.692sigma uMRED=0.0373556898 uER=0.300781 uMAE=22.8203 WCE=428 bias=-11.0000
[quad_soft:00000] loss=0.144869 tau=1.50 collapse_w=0.000 mid_frac=0.170 hard=score=1.8679319440 wNMSE=0.012855532 wMSE=979.3390 wMRED=0.51440558 wER=0.236212 wMAE=10.7099 wBias=5.7171 condBias=16.0552 dotDrift=+11.692sigma uMRED=0.0373556898 uER=0.300781 uMAE=22.8203 WCE=428 bias=-11.0000
[quad_soft:00200] loss=0.131393 tau=1.59 collapse_w=0.000 mid_frac=0.152 hard=score=2.3147231673 wNMSE=0.012026396 wMSE=916.1752 wMRED=0.59154423 wER=0.218437 wMAE=10.9770 wBias=6.3983 condBias=15.5454 dotDrift=+13.529sigma uMRED=0.0335126010 uER=0.281250 uMAE=18.4531 WCE=300 bias=-6.2500
[quad_soft:00400] loss=0.132110 tau=1.68 collapse_w=0.000 mid_frac=0.143 hard=score=1.8945973403 wNMSE=0.010271328 wMSE=782.4734 wMRED=0.57889118 wER=0.219045 wMAE=10.3990 wBias=5.7813 condBias=14.3597 dotDrift=+13.227sigma uMRED=0.0323952100 uER=0.289062 uMAE=17.9531 WCE=300 bias=-7.2500
[quad_soft:00600] loss=0.126687 tau=1.77 collapse_w=0.000 mid_frac=0.125 hard=score=1.6719728068 wNMSE=0.0098282797 wMSE=748.7218 wMRED=0.56649653 wER=0.243991 wMAE=10.4411 wBias=5.4210 condBias=14.7641 dotDrift=+12.679sigma uMRED=0.0336711017 uER=0.319336 uMAE=19.0625 WCE=300 bias=-7.7500
[quad_soft:00800] loss=0.123604 tau=1.86 collapse_w=0.000 mid_frac=0.152 hard=score=2.2807439231 wNMSE=0.010766198 wMSE=820.1728 wMRED=0.61257545 wER=0.243993 wMAE=10.9151 wBias=6.3628 condBias=15.3296 dotDrift=+14.219sigma uMRED=0.0342644827 uER=0.319336 uMAE=18.9375 WCE=292 bias=-6.7500
[quad_soft:01000] loss=0.123145 tau=1.95 collapse_w=0.000 mid_frac=0.152 hard=score=2.3226480970 wNMSE=0.010710417 wMSE=815.9234 wMRED=0.61210632 wER=0.243536 wMAE=10.8528 wBias=6.4251 condBias=15.2534 dotDrift=+14.396sigma uMRED=0.0337004237 uER=0.313477 uMAE=18.4375 WCE=292 bias=-6.2500
[quad_soft:01200] loss=0.122793 tau=2.04 collapse_w=0.000 mid_frac=0.152 hard=score=2.3226480970 wNMSE=0.010710417 wMSE=815.9234 wMRED=0.61210632 wER=0.243536 wMAE=10.8528 wBias=6.4251 condBias=15.2534 dotDrift=+14.396sigma uMRED=0.0337004237 uER=0.313477 uMAE=18.4375 WCE=292 bias=-6.2500
[quad_soft:01400] loss=0.122159 tau=2.13 collapse_w=0.000 mid_frac=0.143 hard=score=2.3226480970 wNMSE=0.010710417 wMSE=815.9234 wMRED=0.61210632 wER=0.243536 wMAE=10.8528 wBias=6.4251 condBias=15.2534 dotDrift=+14.396sigma uMRED=0.0337004237 uER=0.313477 uMAE=18.4375 WCE=292 bias=-6.2500
[quad_soft:01600] loss=0.121912 tau=2.22 collapse_w=0.000 mid_frac=0.143 hard=score=2.3226480970 wNMSE=0.010710417 wMSE=815.9234 wMRED=0.61210632 wER=0.243536 wMAE=10.8528 wBias=6.4251 condBias=15.2534 dotDrift=+14.396sigma uMRED=0.0337004237 uER=0.313477 uMAE=18.4375 WCE=292 bias=-6.2500
[quad_soft:01800] loss=0.113929 tau=2.31 collapse_w=0.000 mid_frac=0.152 hard=score=2.3226480970 wNMSE=0.010710417 wMSE=815.9234 wMRED=0.61210632 wER=0.243536 wMAE=10.8528 wBias=6.4251 condBias=15.2534 dotDrift=+14.396sigma uMRED=0.0337004237 uER=0.313477 uMAE=18.4375 WCE=292 bias=-6.2500
[quad_soft:02000] loss=0.112189 tau=2.40 collapse_w=0.000 mid_frac=0.152 hard=score=2.3226480970 wNMSE=0.010710417 wMSE=815.9234 wMRED=0.61210632 wER=0.243536 wMAE=10.8528 wBias=6.4251 condBias=15.2534 dotDrift=+14.396sigma uMRED=0.0337004237 uER=0.313477 uMAE=18.4375 WCE=292 bias=-6.2500
[quad_soft:02200] loss=0.110688 tau=2.49 collapse_w=0.000 mid_frac=0.152 hard=score=1.5210055900 wNMSE=0.008926932 wMSE=680.0569 wMRED=0.59091908 wER=0.240836 wMAE=9.6027 wBias=5.1751 condBias=13.7005 dotDrift=+12.701sigma uMRED=0.0301463990 uER=0.307617 uMAE=16.4375 WCE=292 bias=-8.2500
[quad_soft:02400] loss=0.108906 tau=2.58 collapse_w=0.000 mid_frac=0.152 hard=score=1.5210055900 wNMSE=0.008926932 wMSE=680.0569 wMRED=0.59091908 wER=0.240836 wMAE=9.6027 wBias=5.1751 condBias=13.7005 dotDrift=+12.701sigma uMRED=0.0301463990 uER=0.307617 uMAE=16.4375 WCE=292 bias=-8.2500
[quad_soft:02600] loss=0.107433 tau=2.67 collapse_w=0.000 mid_frac=0.152 hard=score=1.5210055900 wNMSE=0.008926932 wMSE=680.0569 wMRED=0.59091908 wER=0.240836 wMAE=9.6027 wBias=5.1751 condBias=13.7005 dotDrift=+12.701sigma uMRED=0.0301463990 uER=0.307617 uMAE=16.4375 WCE=292 bias=-8.2500
[quad_soft:02800] loss=0.105947 tau=2.76 collapse_w=0.000 mid_frac=0.152 hard=score=1.5210055900 wNMSE=0.008926932 wMSE=680.0569 wMRED=0.59091908 wER=0.240836 wMAE=9.6027 wBias=5.1751 condBias=13.7005 dotDrift=+12.701sigma uMRED=0.0301463990 uER=0.307617 uMAE=16.4375 WCE=292 bias=-8.2500
[quad_soft:03000] loss=0.104436 tau=2.85 collapse_w=0.000 mid_frac=0.152 hard=score=1.5210055900 wNMSE=0.008926932 wMSE=680.0569 wMRED=0.59091908 wER=0.240836 wMAE=9.6027 wBias=5.1751 condBias=13.7005 dotDrift=+12.701sigma uMRED=0.0301463990 uER=0.307617 uMAE=16.4375 WCE=292 bias=-8.2500
[quad_soft:03200] loss=0.102958 tau=2.94 collapse_w=0.000 mid_frac=0.152 hard=score=1.5210055900 wNMSE=0.008926932 wMSE=680.0569 wMRED=0.59091908 wER=0.240836 wMAE=9.6027 wBias=5.1751 condBias=13.7005 dotDrift=+12.701sigma uMRED=0.0301463990 uER=0.307617 uMAE=16.4375 WCE=292 bias=-8.2500
[quad_soft:03400] loss=0.101472 tau=3.03 collapse_w=0.000 mid_frac=0.152 hard=score=1.5210055900 wNMSE=0.008926932 wMSE=680.0569 wMRED=0.59091908 wER=0.240836 wMAE=9.6027 wBias=5.1751 condBias=13.7005 dotDrift=+12.701sigma uMRED=0.0301463990 uER=0.307617 uMAE=16.4375 WCE=292 bias=-8.2500
[quad_soft:03600] loss=0.099956 tau=3.12 collapse_w=0.000 mid_frac=0.152 hard=score=1.5210055900 wNMSE=0.008926932 wMSE=680.0569 wMRED=0.59091908 wER=0.240836 wMAE=9.6027 wBias=5.1751 condBias=13.7005 dotDrift=+12.701sigma uMRED=0.0301463990 uER=0.307617 uMAE=16.4375 WCE=292 bias=-8.2500
[quad_soft:03800] loss=0.098608 tau=3.21 collapse_w=0.000 mid_frac=0.161 hard=score=1.5652667998 wNMSE=0.0088719195 wMSE=675.8660 wMRED=0.58934184 wER=0.240836 wMAE=9.5223 wBias=5.2555 condBias=13.6288 dotDrift=+12.938sigma uMRED=0.0299519636 uER=0.307617 uMAE=16.3125 WCE=288 bias=-8.1250
[quad_soft:04000] loss=0.096995 tau=3.30 collapse_w=0.000 mid_frac=0.161 hard=score=1.5652667998 wNMSE=0.0088719195 wMSE=675.8660 wMRED=0.58934184 wER=0.240836 wMAE=9.5223 wBias=5.2555 condBias=13.6288 dotDrift=+12.938sigma uMRED=0.0299519636 uER=0.307617 uMAE=16.3125 WCE=288 bias=-8.1250
[quad_soft:04200] loss=0.094617 tau=3.39 collapse_w=0.000 mid_frac=0.161 hard=score=1.5652667998 wNMSE=0.0088719195 wMSE=675.8660 wMRED=0.58934184 wER=0.240836 wMAE=9.5223 wBias=5.2555 condBias=13.6288 dotDrift=+12.938sigma uMRED=0.0299519636 uER=0.307617 uMAE=16.3125 WCE=288 bias=-8.1250
[quad_soft:04400] loss=0.092139 tau=3.48 collapse_w=0.000 mid_frac=0.161 hard=score=1.5652667998 wNMSE=0.0088719195 wMSE=675.8660 wMRED=0.58934184 wER=0.240836 wMAE=9.5223 wBias=5.2555 condBias=13.6288 dotDrift=+12.938sigma uMRED=0.0299519636 uER=0.307617 uMAE=16.3125 WCE=288 bias=-8.1250
[quad_soft:04600] loss=0.089336 tau=3.57 collapse_w=0.000 mid_frac=0.161 hard=score=1.8433286845 wNMSE=0.0091617006 wMSE=697.9416 wMRED=0.58920674 wER=0.222797 wMAE=9.5065 wBias=5.7192 condBias=13.8287 dotDrift=+13.855sigma uMRED=0.0297925364 uER=0.296875 uMAE=16.1875 WCE=288 bias=-7.6250
[quad_soft:04800] loss=0.086845 tau=3.66 collapse_w=0.000 mid_frac=0.161 hard=score=1.5652667998 wNMSE=0.0088719195 wMSE=675.8660 wMRED=0.58934184 wER=0.240836 wMAE=9.5223 wBias=5.2555 condBias=13.6288 dotDrift=+12.938sigma uMRED=0.0299519636 uER=0.307617 uMAE=16.3125 WCE=288 bias=-8.1250
[quad_soft:05000] loss=0.084343 tau=3.75 collapse_w=0.000 mid_frac=0.161 hard=score=1.5652667998 wNMSE=0.0088719195 wMSE=675.8660 wMRED=0.58934184 wER=0.240836 wMAE=9.5223 wBias=5.2555 condBias=13.6288 dotDrift=+12.938sigma uMRED=0.0299519636 uER=0.307617 uMAE=16.3125 WCE=288 bias=-8.1250
[quad_soft:05200] loss=0.081958 tau=3.84 collapse_w=0.000 mid_frac=0.161 hard=score=1.5652667998 wNMSE=0.0088719195 wMSE=675.8660 wMRED=0.58934184 wER=0.240836 wMAE=9.5223 wBias=5.2555 condBias=13.6288 dotDrift=+12.938sigma uMRED=0.0299519636 uER=0.307617 uMAE=16.3125 WCE=288 bias=-8.1250
[quad_soft:05400] loss=0.079056 tau=3.93 collapse_w=0.000 mid_frac=0.161 hard=score=1.4781189292 wNMSE=0.0087342114 wMSE=665.3753 wMRED=0.58661888 wER=0.241292 wMAE=9.3780 wBias=5.1015 condBias=13.3966 dotDrift=+12.657sigma uMRED=0.0297026412 uER=0.313477 uMAE=16.1875 WCE=288 bias=-8.3750
[quad_soft:05600] loss=0.076502 tau=4.02 collapse_w=0.000 mid_frac=0.161 hard=score=1.4781189292 wNMSE=0.0087342114 wMSE=665.3753 wMRED=0.58661888 wER=0.241292 wMAE=9.3780 wBias=5.1015 condBias=13.3966 dotDrift=+12.657sigma uMRED=0.0297026412 uER=0.313477 uMAE=16.1875 WCE=288 bias=-8.3750
[quad_soft:05800] loss=0.073940 tau=4.11 collapse_w=0.000 mid_frac=0.170 hard=score=1.4781189292 wNMSE=0.0087342114 wMSE=665.3753 wMRED=0.58661888 wER=0.241292 wMAE=9.3780 wBias=5.1015 condBias=13.3966 dotDrift=+12.657sigma uMRED=0.0297026412 uER=0.313477 uMAE=16.1875 WCE=288 bias=-8.3750
[quad_soft:06000] loss=0.071384 tau=4.20 collapse_w=0.000 mid_frac=0.170 hard=score=1.4781189292 wNMSE=0.0087342114 wMSE=665.3753 wMRED=0.58661888 wER=0.241292 wMAE=9.3780 wBias=5.1015 condBias=13.3966 dotDrift=+12.657sigma uMRED=0.0297026412 uER=0.313477 uMAE=16.1875 WCE=288 bias=-8.3750
[quad_soft:06200] loss=0.070115 tau=4.29 collapse_w=0.025 mid_frac=0.170 hard=score=1.4781189292 wNMSE=0.0087342114 wMSE=665.3753 wMRED=0.58661888 wER=0.241292 wMAE=9.3780 wBias=5.1015 condBias=13.3966 dotDrift=+12.657sigma uMRED=0.0297026412 uER=0.313477 uMAE=16.1875 WCE=288 bias=-8.3750
[quad_soft:06400] loss=0.068250 tau=4.38 collapse_w=0.050 mid_frac=0.179 hard=score=1.4781189292 wNMSE=0.0087342114 wMSE=665.3753 wMRED=0.58661888 wER=0.241292 wMAE=9.3780 wBias=5.1015 condBias=13.3966 dotDrift=+12.657sigma uMRED=0.0297026412 uER=0.313477 uMAE=16.1875 WCE=288 bias=-8.3750
[quad_soft:06600] loss=0.067169 tau=4.47 collapse_w=0.075 mid_frac=0.179 hard=score=1.4781189292 wNMSE=0.0087342114 wMSE=665.3753 wMRED=0.58661888 wER=0.241292 wMAE=9.3780 wBias=5.1015 condBias=13.3966 dotDrift=+12.657sigma uMRED=0.0297026412 uER=0.313477 uMAE=16.1875 WCE=288 bias=-8.3750
[quad_soft:06800] loss=0.065560 tau=4.56 collapse_w=0.100 mid_frac=0.188 hard=score=1.4781189292 wNMSE=0.0087342114 wMSE=665.3753 wMRED=0.58661888 wER=0.241292 wMAE=9.3780 wBias=5.1015 condBias=13.3966 dotDrift=+12.657sigma uMRED=0.0297026412 uER=0.313477 uMAE=16.1875 WCE=288 bias=-8.3750
[quad_soft:07000] loss=0.064221 tau=4.65 collapse_w=0.125 mid_frac=0.188 hard=score=1.4781189292 wNMSE=0.0087342114 wMSE=665.3753 wMRED=0.58661888 wER=0.241292 wMAE=9.3780 wBias=5.1015 condBias=13.3966 dotDrift=+12.657sigma uMRED=0.0297026412 uER=0.313477 uMAE=16.1875 WCE=288 bias=-8.3750
[quad_soft:07200] loss=0.062700 tau=4.74 collapse_w=0.150 mid_frac=0.179 hard=score=1.4781189292 wNMSE=0.0087342114 wMSE=665.3753 wMRED=0.58661888 wER=0.241292 wMAE=9.3780 wBias=5.1015 condBias=13.3966 dotDrift=+12.657sigma uMRED=0.0297026412 uER=0.313477 uMAE=16.1875 WCE=288 bias=-8.3750
[quad_soft:07400] loss=0.061226 tau=4.83 collapse_w=0.175 mid_frac=0.179 hard=score=1.4781189292 wNMSE=0.0087342114 wMSE=665.3753 wMRED=0.58661888 wER=0.241292 wMAE=9.3780 wBias=5.1015 condBias=13.3966 dotDrift=+12.657sigma uMRED=0.0297026412 uER=0.313477 uMAE=16.1875 WCE=288 bias=-8.3750
[quad_soft:07600] loss=0.059694 tau=4.92 collapse_w=0.200 mid_frac=0.179 hard=score=1.4781189292 wNMSE=0.0087342114 wMSE=665.3753 wMRED=0.58661888 wER=0.241292 wMAE=9.3780 wBias=5.1015 condBias=13.3966 dotDrift=+12.657sigma uMRED=0.0297026412 uER=0.313477 uMAE=16.1875 WCE=288 bias=-8.3750
[quad_soft:07800] loss=0.058093 tau=5.01 collapse_w=0.225 mid_frac=0.179 hard=score=1.4781189292 wNMSE=0.0087342114 wMSE=665.3753 wMRED=0.58661888 wER=0.241292 wMAE=9.3780 wBias=5.1015 condBias=13.3966 dotDrift=+12.657sigma uMRED=0.0297026412 uER=0.313477 uMAE=16.1875 WCE=288 bias=-8.3750
[quad_soft:08000] loss=0.056439 tau=5.10 collapse_w=0.250 mid_frac=0.179 hard=score=1.4781189292 wNMSE=0.0087342114 wMSE=665.3753 wMRED=0.58661888 wER=0.241292 wMAE=9.3780 wBias=5.1015 condBias=13.3966 dotDrift=+12.657sigma uMRED=0.0297026412 uER=0.313477 uMAE=16.1875 WCE=288 bias=-8.3750
[quad_soft:08200] loss=0.054727 tau=5.19 collapse_w=0.275 mid_frac=0.179 hard=score=1.4781189292 wNMSE=0.0087342114 wMSE=665.3753 wMRED=0.58661888 wER=0.241292 wMAE=9.3780 wBias=5.1015 condBias=13.3966 dotDrift=+12.657sigma uMRED=0.0297026412 uER=0.313477 uMAE=16.1875 WCE=288 bias=-8.3750
[quad_soft:08400] loss=0.052961 tau=5.28 collapse_w=0.300 mid_frac=0.179 hard=score=1.4781189292 wNMSE=0.0087342114 wMSE=665.3753 wMRED=0.58661888 wER=0.241292 wMAE=9.3780 wBias=5.1015 condBias=13.3966 dotDrift=+12.657sigma uMRED=0.0297026412 uER=0.313477 uMAE=16.1875 WCE=288 bias=-8.3750
[quad_soft:08600] loss=0.051125 tau=5.37 collapse_w=0.325 mid_frac=0.179 hard=score=1.4781189292 wNMSE=0.0087342114 wMSE=665.3753 wMRED=0.58661888 wER=0.241292 wMAE=9.3780 wBias=5.1015 condBias=13.3966 dotDrift=+12.657sigma uMRED=0.0297026412 uER=0.313477 uMAE=16.1875 WCE=288 bias=-8.3750
[quad_soft:08800] loss=0.049080 tau=5.46 collapse_w=0.350 mid_frac=0.179 hard=score=1.4781189292 wNMSE=0.0087342114 wMSE=665.3753 wMRED=0.58661888 wER=0.241292 wMAE=9.3780 wBias=5.1015 condBias=13.3966 dotDrift=+12.657sigma uMRED=0.0297026412 uER=0.313477 uMAE=16.1875 WCE=288 bias=-8.3750
[quad_soft:09000] loss=0.047107 tau=5.55 collapse_w=0.375 mid_frac=0.170 hard=score=1.4781189292 wNMSE=0.0087342114 wMSE=665.3753 wMRED=0.58661888 wER=0.241292 wMAE=9.3780 wBias=5.1015 condBias=13.3966 dotDrift=+12.657sigma uMRED=0.0297026412 uER=0.313477 uMAE=16.1875 WCE=288 bias=-8.3750
[quad_soft:09200] loss=0.045008 tau=5.64 collapse_w=0.400 mid_frac=0.170 hard=score=1.4781189292 wNMSE=0.0087342114 wMSE=665.3753 wMRED=0.58661888 wER=0.241292 wMAE=9.3780 wBias=5.1015 condBias=13.3966 dotDrift=+12.657sigma uMRED=0.0297026412 uER=0.313477 uMAE=16.1875 WCE=288 bias=-8.3750
[quad_soft:09400] loss=0.042801 tau=5.73 collapse_w=0.425 mid_frac=0.179 hard=score=1.4781189292 wNMSE=0.0087342114 wMSE=665.3753 wMRED=0.58661888 wER=0.241292 wMAE=9.3780 wBias=5.1015 condBias=13.3966 dotDrift=+12.657sigma uMRED=0.0297026412 uER=0.313477 uMAE=16.1875 WCE=288 bias=-8.3750
[quad_soft:09600] loss=0.040476 tau=5.82 collapse_w=0.450 mid_frac=0.179 hard=score=1.4781189292 wNMSE=0.0087342114 wMSE=665.3753 wMRED=0.58661888 wER=0.241292 wMAE=9.3780 wBias=5.1015 condBias=13.3966 dotDrift=+12.657sigma uMRED=0.0297026412 uER=0.313477 uMAE=16.1875 WCE=288 bias=-8.3750
[quad_soft:09800] loss=0.037943 tau=5.91 collapse_w=0.475 mid_frac=0.170 hard=score=1.4781189292 wNMSE=0.0087342114 wMSE=665.3753 wMRED=0.58661888 wER=0.241292 wMAE=9.3780 wBias=5.1015 condBias=13.3966 dotDrift=+12.657sigma uMRED=0.0297026412 uER=0.313477 uMAE=16.1875 WCE=288 bias=-8.3750
[quad_soft:09999] loss=0.035010 tau=6.00 collapse_w=0.500 mid_frac=0.170 hard=score=1.4781189292 wNMSE=0.0087342114 wMSE=665.3753 wMRED=0.58661888 wER=0.241292 wMAE=9.3780 wBias=5.1015 condBias=13.3966 dotDrift=+12.657sigma uMRED=0.0297026412 uER=0.313477 uMAE=16.1875 WCE=288 bias=-8.3750
[quad_hard_ste:00000] loss=35.987175 tau=6.00 collapse_w=0.000 mid_frac=0.170 hard=score=1.4781189292 wNMSE=0.0087342114 wMSE=665.3753 wMRED=0.58661888 wER=0.241292 wMAE=9.3780 wBias=5.1015 condBias=13.3966 dotDrift=+12.657sigma uMRED=0.0297026412 uER=0.313477 uMAE=16.1875 WCE=288 bias=-8.3750
[quad_hard_ste:00200] loss=10.321582 tau=6.00 collapse_w=0.000 mid_frac=0.196 hard=score=1.7129574685 wNMSE=0.0072053778 wMSE=548.9082 wMRED=0.58394296 wER=0.240509 wMAE=8.9547 wBias=5.5248 condBias=12.2474 dotDrift=+15.092sigma uMRED=0.0205769490 uER=0.297852 uMAE=8.1875 WCE=104 bias=-0.3750
[quad_hard_ste:00400] loss=11.211962 tau=6.00 collapse_w=0.000 mid_frac=0.188 hard=score=1.3636420664 wNMSE=0.0070691514 wMSE=538.5305 wMRED=0.57929040 wER=0.240509 wMAE=8.7274 wBias=4.9010 condBias=11.9815 dotDrift=+13.516sigma uMRED=0.0199774155 uER=0.297852 uMAE=7.9062 WCE=104 bias=-1.3750
[quad_hard_ste:00600] loss=69.865105 tau=6.00 collapse_w=0.000 mid_frac=0.170 hard=score=14.3829235460 wNMSE=0.04069132 wMSE=3099.8793 wMRED=1.41763345 wER=0.243209 wMAE=19.4865 wBias=-16.1393 condBias=31.1140 dotDrift=-18.552sigma uMRED=0.0406189809 uER=0.303711 uMAE=13.0000 WCE=192 bias=-7.3750
[quad_hard_ste:00800] loss=69.865105 tau=6.00 collapse_w=0.000 mid_frac=0.170 hard=score=14.3829235460 wNMSE=0.04069132 wMSE=3099.8793 wMRED=1.41763345 wER=0.243209 wMAE=19.4865 wBias=-16.1393 condBias=31.1140 dotDrift=-18.552sigma uMRED=0.0406189809 uER=0.303711 uMAE=13.0000 WCE=192 bias=-7.3750
[quad_hard_ste:01000] loss=76.979660 tau=6.00 collapse_w=0.000 mid_frac=0.170 hard=score=2.1232573189 wNMSE=0.0085627807 wMSE=652.3157 wMRED=0.59922541 wER=0.243209 wMAE=9.9257 wBias=6.1510 condBias=13.5880 dotDrift=+15.413sigma uMRED=0.0232520397 uER=0.303711 uMAE=9.7969 WCE=104 bias=0.6250
[quad_hard_ste:01200] loss=17.681585 tau=6.00 collapse_w=0.000 mid_frac=0.170 hard=score=14.3829235460 wNMSE=0.04069132 wMSE=3099.8793 wMRED=1.41763345 wER=0.243209 wMAE=19.4865 wBias=-16.1393 condBias=31.1140 dotDrift=-18.552sigma uMRED=0.0406189809 uER=0.303711 uMAE=13.0000 WCE=192 bias=-7.3750
[quad_hard_ste:01400] loss=11.380686 tau=6.00 collapse_w=0.000 mid_frac=0.179 hard=score=16.6488670933 wNMSE=0.039197691 wMSE=2986.0940 wMRED=1.39769844 wER=0.240509 wMAE=18.2882 wBias=-17.3893 condBias=33.6113 dotDrift=-20.366sigma uMRED=0.0373443567 uER=0.297852 uMAE=11.1094 WCE=192 bias=-9.3750
[quad_hard_ste:01600] loss=64.647400 tau=6.00 collapse_w=0.000 mid_frac=0.161 hard=score=2.1232573189 wNMSE=0.0085627807 wMSE=652.3157 wMRED=0.59922541 wER=0.243209 wMAE=9.9257 wBias=6.1510 condBias=13.5880 dotDrift=+15.413sigma uMRED=0.0232520397 uER=0.303711 uMAE=9.7969 WCE=104 bias=0.6250
[quad_hard_ste:01800] loss=64.647400 tau=6.00 collapse_w=0.000 mid_frac=0.152 hard=score=2.9157682033 wNMSE=0.0087580365 wMSE=667.1903 wMRED=0.63195252 wER=0.243209 wMAE=10.4058 wBias=7.2379 condBias=15.7492 dotDrift=+17.934sigma uMRED=0.0242043360 uER=0.303711 uMAE=10.1797 WCE=104 bias=1.6250
[quad_hard_ste:02000] loss=11.380686 tau=6.00 collapse_w=0.000 mid_frac=0.170 hard=score=16.6488670933 wNMSE=0.039197691 wMSE=2986.0940 wMRED=1.39769844 wER=0.240509 wMAE=18.2882 wBias=-17.3893 condBias=33.6113 dotDrift=-20.366sigma uMRED=0.0373443567 uER=0.297852 uMAE=11.1094 WCE=192 bias=-9.3750
[quad_hard_ste:02200] loss=11.380686 tau=6.00 collapse_w=0.000 mid_frac=0.161 hard=score=2.0086249825 wNMSE=0.0072644072 wMSE=553.4051 wMRED=0.61201751 wER=0.240509 wMAE=9.2074 wBias=5.9879 condBias=13.2633 dotDrift=+16.290sigma uMRED=0.0209297118 uER=0.297852 uMAE=8.2891 WCE=104 bias=-0.3750
[quad_hard_ste:02400] loss=76.979660 tau=6.00 collapse_w=0.000 mid_frac=0.170 hard=score=16.6488670933 wNMSE=0.039197691 wMSE=2986.0940 wMRED=1.39769844 wER=0.240509 wMAE=18.2882 wBias=-17.3893 condBias=33.6113 dotDrift=-20.366sigma uMRED=0.0373443567 uER=0.297852 uMAE=11.1094 WCE=192 bias=-9.3750
[quad_hard_ste:02600] loss=18.928391 tau=6.00 collapse_w=0.000 mid_frac=0.143 hard=score=2.9362384035 wNMSE=0.0087616956 wMSE=667.4691 wMRED=0.63202848 wER=0.244129 wMAE=10.4226 wBias=7.2643 condBias=15.7574 dotDrift=+17.995sigma uMRED=0.0245275129 uER=0.322266 uMAE=10.5234 WCE=104 bias=2.1250
[quad_hard_ste:02800] loss=15.880432 tau=6.00 collapse_w=0.000 mid_frac=0.152 hard=score=2.0961519100 wNMSE=0.0073618349 wMSE=560.8272 wMRED=0.61263161 wER=0.242016 wMAE=9.3088 wBias=6.1201 condBias=13.4807 dotDrift=+16.540sigma uMRED=0.0231686680 uER=0.328125 uMAE=10.2969 WCE=104 bias=2.1250
[quad_hard_ste:03000] loss=15.880432 tau=6.00 collapse_w=0.000 mid_frac=0.152 hard=score=2.0961519100 wNMSE=0.0073618349 wMSE=560.8272 wMRED=0.61263161 wER=0.242016 wMAE=9.3088 wBias=6.1201 condBias=13.4807 dotDrift=+16.540sigma uMRED=0.0231686680 uER=0.328125 uMAE=10.2969 WCE=104 bias=2.1250
[quad_hard_ste:03200] loss=15.880432 tau=6.00 collapse_w=0.000 mid_frac=0.152 hard=score=2.0961519100 wNMSE=0.0073618349 wMSE=560.8272 wMRED=0.61263161 wER=0.242016 wMAE=9.3088 wBias=6.1201 condBias=13.4807 dotDrift=+16.540sigma uMRED=0.0231686680 uER=0.328125 uMAE=10.2969 WCE=104 bias=2.1250
[quad_hard_ste:03400] loss=15.880432 tau=6.00 collapse_w=0.000 mid_frac=0.152 hard=score=14.4316148556 wNMSE=0.039490374 wMSE=3008.3908 wMRED=1.43103965 wER=0.242016 wMAE=18.8696 wBias=-16.1702 condBias=31.2134 dotDrift=-18.868sigma uMRED=0.0405356093 uER=0.328125 uMAE=13.5000 WCE=192 bias=-5.8750
[quad_hard_ste:03600] loss=11.228604 tau=6.00 collapse_w=0.000 mid_frac=0.161 hard=score=16.4015588257 wNMSE=0.039273585 wMSE=2991.8757 wMRED=1.39827193 wER=0.242016 wMAE=18.3832 wBias=-17.2571 condBias=33.3845 dotDrift=-20.192sigma uMRED=0.0394281994 uER=0.328125 uMAE=12.9844 WCE=192 bias=-6.8750
[quad_hard_ste:03800] loss=66.343842 tau=6.00 collapse_w=0.000 mid_frac=0.152 hard=score=2.0961519100 wNMSE=0.0073618349 wMSE=560.8272 wMRED=0.61263161 wER=0.242016 wMAE=9.3088 wBias=6.1201 condBias=13.4807 dotDrift=+16.540sigma uMRED=0.0231686680 uER=0.328125 uMAE=10.2969 WCE=104 bias=2.1250
[quad_hard_ste:03999] loss=15.880432 tau=6.00 collapse_w=0.000 mid_frac=0.152 hard=score=2.0961519100 wNMSE=0.0073618349 wMSE=560.8272 wMRED=0.61263161 wER=0.242016 wMAE=9.3088 wBias=6.1201 condBias=13.4807 dotDrift=+16.540sigma uMRED=0.0231686680 uER=0.328125 uMAE=10.2969 WCE=104 bias=2.1250
[pop00_soft:00000] loss=11.327107 tau=1.50 collapse_w=0.000 mid_frac=0.321 hard=score=3.4717294912 wNMSE=0.16247809 wMSE=12377.6385 wMRED=1.84619921 wER=0.437165 wMAE=39.9946 wBias=6.3343 condBias=60.7038 dotDrift=+3.644sigma uMRED=0.1333005247 uER=0.437500 uMAE=81.8223 WCE=779 bias=43.7500
[pop00_soft:00200] loss=53.240231 tau=2.25 collapse_w=0.000 mid_frac=0.286 hard=score=24.4413717633 wNMSE=0.039775856 wMSE=3030.1388 wMRED=1.53436476 wER=0.412173 wMAE=25.8522 wBias=-21.1538 condBias=33.6117 dotDrift=-24.594sigma uMRED=0.0850347242 uER=0.434570 uMAE=51.0332 WCE=468 bias=-39.2500
[pop00_soft:00400] loss=56.302338 tau=3.00 collapse_w=0.000 mid_frac=0.259 hard=score=6.5015971245 wNMSE=0.017443922 wMSE=1328.8842 wMRED=0.65525743 wER=0.371151 wMAE=14.9230 wBias=-10.8849 condBias=18.0312 dotDrift=-19.110sigma uMRED=0.0630406589 uER=0.427734 uMAE=44.4316 WCE=456 bias=-31.4375
[pop00_soft:00600] loss=37.600231 tau=3.75 collapse_w=0.000 mid_frac=0.223 hard=score=5.6337525447 wNMSE=0.016420218 wMSE=1250.8981 wMRED=0.62573767 wER=0.348663 wMAE=14.4462 wBias=-10.1246 condBias=17.2750 dotDrift=-18.321sigma uMRED=0.0615628881 uER=0.421875 uMAE=43.7344 WCE=424 bias=-30.3750
[pop00_soft:00800] loss=37.496700 tau=4.50 collapse_w=0.084 mid_frac=0.232 hard=score=5.3724534985 wNMSE=0.016291907 wMSE=1241.1233 wMRED=0.60924621 wER=0.348663 wMAE=14.3518 wBias=-9.8830 condBias=17.1436 dotDrift=-17.954sigma uMRED=0.0612397489 uER=0.421875 uMAE=43.6562 WCE=424 bias=-30.1250
[pop00_soft:01000] loss=37.480774 tau=5.25 collapse_w=0.293 mid_frac=0.250 hard=score=4.6352711736 wNMSE=0.014681982 wMSE=1118.4786 wMRED=0.57479222 wER=0.327017 wMAE=13.9384 wBias=-9.1752 condBias=15.9363 dotDrift=-17.558sigma uMRED=0.0560015092 uER=0.417969 uMAE=39.5000 WCE=424 bias=-25.6250
[pop00_soft:01199] loss=37.450771 tau=6.00 collapse_w=0.500 mid_frac=0.223 hard=score=4.5010155435 wNMSE=0.014636899 wMSE=1115.0442 wMRED=0.56717162 wER=0.327017 wMAE=13.8111 wBias=-9.0396 condBias=15.8763 dotDrift=-17.325sigma uMRED=0.0557915872 uER=0.417969 uMAE=39.4375 WCE=424 bias=-25.5000
[pop00_hard:00000] loss=100.726974 tau=6.00 collapse_w=0.000 mid_frac=0.223 hard=score=4.5010155435 wNMSE=0.014636899 wMSE=1115.0442 wMRED=0.56717162 wER=0.327017 wMAE=13.8111 wBias=-9.0396 condBias=15.8763 dotDrift=-17.325sigma uMRED=0.0557915872 uER=0.417969 uMAE=39.4375 WCE=424 bias=-25.5000
[pop00_hard:00200] loss=33.079445 tau=6.00 collapse_w=0.000 mid_frac=0.179 hard=score=2.6803520723 wNMSE=0.012484868 wMSE=951.1017 wMRED=0.56459748 wER=0.326723 wMAE=13.5139 wBias=-6.9399 condBias=14.2447 dotDrift=-14.402sigma uMRED=0.0489503226 uER=0.412109 uMAE=33.4023 WCE=352 bias=1.0000
[pop00_hard:00400] loss=38.638840 tau=6.00 collapse_w=0.000 mid_frac=0.170 hard=score=1.0718196201 wNMSE=0.0147156 wMSE=1121.0396 wMRED=0.62983043 wER=0.326723 wMAE=14.8210 wBias=4.1874 condBias=18.3523 dotDrift=+8.004sigma uMRED=0.0517401088 uER=0.412109 uMAE=34.0625 WCE=352 bias=5.0000
[pop00_hard:00599] loss=40.632122 tau=6.00 collapse_w=0.000 mid_frac=0.179 hard=score=2.2913618363 wNMSE=0.01240192 wMSE=944.7827 wMRED=0.53885914 wER=0.326723 wMAE=13.1926 wBias=-6.3965 condBias=14.1829 dotDrift=-13.319sigma uMRED=0.0485363143 uER=0.412109 uMAE=33.4297 WCE=354 bias=1.5000
[pop00] done (conf=0.53, noise=0.5); global best score=0.0309867233 wNMSE=0.0024237404 wMSE=184.6414 wMRED=0.15885366 wER=0.155645 wMAE=3.9358 wBias=-0.4356 condBias=7.7916 dotDrift=-2.051sigma uMRED=0.0105226322 uER=0.191406 uMAE=5.6250 WCE=80 bias=0.0000
[pop01_soft:00000] loss=8.891295 tau=1.50 collapse_w=0.000 mid_frac=0.402 hard=score=53.5078551986 wNMSE=0.093297304 wMSE=7107.4218 wMRED=1.90890922 wER=0.437165 wMAE=40.4265 wBias=31.2691 condBias=50.6457 dotDrift=+23.738sigma uMRED=0.0942234230 uER=0.437500 uMAE=50.2754 WCE=536 bias=6.8125
[pop01_soft:00200] loss=44.544899 tau=2.25 collapse_w=0.000 mid_frac=0.348 hard=score=2.1663491795 wNMSE=0.021209722 wMSE=1615.7642 wMRED=0.44397591 wER=0.415751 wMAE=12.0521 wBias=-6.1245 condBias=20.3612 dotDrift=-9.751sigma uMRED=0.0573219183 uER=0.422852 uMAE=41.3926 WCE=536 bias=-26.4375
[pop01_soft:00400] loss=56.066929 tau=3.00 collapse_w=0.000 mid_frac=0.295 hard=score=0.7666478976 wNMSE=0.0096117126 wMSE=732.2237 wMRED=0.26039517 wER=0.352973 wMAE=9.2265 wBias=-3.5722 condBias=15.0114 dotDrift=-8.449sigma uMRED=0.0378145570 uER=0.416016 uMAE=26.3320 WCE=282 bias=-9.4375
[pop01_soft:00600] loss=0.600752 tau=3.75 collapse_w=0.000 mid_frac=0.304 hard=score=0.6309328689 wNMSE=0.0091733067 wMSE=698.8258 wMRED=0.25922060 wER=0.352973 wMAE=9.0700 wBias=-3.2141 condBias=14.6641 dotDrift=-7.781sigma uMRED=0.0356475146 uER=0.416016 uMAE=24.2383 WCE=282 bias=-10.9375
[pop01_soft:00800] loss=0.349937 tau=4.50 collapse_w=0.084 mid_frac=0.312 hard=score=1.5073719670 wNMSE=0.0078811696 wMSE=600.3903 wMRED=0.26480565 wER=0.332921 wMAE=8.3612 wBias=-5.1791 condBias=13.6411 dotDrift=-13.528sigma uMRED=0.0328494509 uER=0.410156 uMAE=22.2422 WCE=282 bias=-12.8750
[pop01_soft:01000] loss=0.285051 tau=5.25 collapse_w=0.293 mid_frac=0.321 hard=score=1.4321629118 wNMSE=0.0078496228 wMSE=597.9871 wMRED=0.25732385 wER=0.332921 wMAE=8.2525 wBias=-5.0435 condBias=13.5707 dotDrift=-13.200sigma uMRED=0.0327161664 uER=0.410156 uMAE=22.2422 WCE=282 bias=-12.7500
[pop01_soft:01199] loss=0.277472 tau=6.00 collapse_w=0.500 mid_frac=0.312 hard=score=1.5662584937 wNMSE=0.0078056923 wMSE=594.6404 wMRED=0.26431364 wER=0.332648 wMAE=8.2917 wBias=-5.2850 condBias=13.5311 dotDrift=-13.871sigma uMRED=0.0311814506 uER=0.404297 uMAE=20.8984 WCE=282 bias=-14.8750
[pop01_hard:00000] loss=50.235123 tau=6.00 collapse_w=0.000 mid_frac=0.312 hard=score=1.5662584937 wNMSE=0.0078056923 wMSE=594.6404 wMRED=0.26431364 wER=0.332648 wMAE=8.2917 wBias=-5.2850 condBias=13.5311 dotDrift=-13.871sigma uMRED=0.0311814506 uER=0.404297 uMAE=20.8984 WCE=282 bias=-14.8750
[pop01_hard:00200] loss=40.796509 tau=6.00 collapse_w=0.000 mid_frac=0.295 hard=score=1.3622135469 wNMSE=0.006423552 wMSE=489.3485 wMRED=0.26205765 wER=0.333440 wMAE=8.0599 wBias=-4.9329 condBias=12.2986 dotDrift=-14.272sigma uMRED=0.0291385091 uER=0.410156 uMAE=19.3750 WCE=218 bias=-12.3750
[pop01_hard:00400] loss=18.386103 tau=6.00 collapse_w=0.000 mid_frac=0.250 hard=score=0.2028615371 wNMSE=0.002145026 wMSE=163.4088 wMRED=0.21681769 wER=0.322113 wMAE=5.8150 wBias=-1.8568 condBias=6.3913 dotDrift=-9.296sigma uMRED=0.0177344997 uER=0.380859 uMAE=11.2578 WCE=122 bias=-3.3750
[pop01_hard:00599] loss=9.441543 tau=6.00 collapse_w=0.000 mid_frac=0.250 hard=score=0.0670999100 wNMSE=0.0057776758 wMSE=440.1454 wMRED=0.22689870 wER=0.324329 wMAE=6.8960 wBias=-0.6976 condBias=10.3707 dotDrift=-2.128sigma uMRED=0.0270640549 uER=0.391602 uMAE=18.5078 WCE=256 bias=4.6250
[pop01] done (conf=0.51, noise=1.0); global best score=0.0309867233 wNMSE=0.0024237404 wMSE=184.6414 wMRED=0.15885366 wER=0.155645 wMAE=3.9358 wBias=-0.4356 condBias=7.7916 dotDrift=-2.051sigma uMRED=0.0105226322 uER=0.191406 uMAE=5.6250 WCE=80 bias=0.0000
[pop02_soft:00000] loss=10.147853 tau=1.50 collapse_w=0.000 mid_frac=0.330 hard=score=112.0246831925 wNMSE=0.27451473 wMSE=20912.6301 wMRED=2.41069862 wER=0.437165 wMAE=57.2676 wBias=45.2309 condBias=74.0111 dotDrift=+20.018sigma uMRED=0.1378130701 uER=0.437500 uMAE=74.6738 WCE=864 bias=49.7500
[pop02_soft:00200] loss=53.559742 tau=2.25 collapse_w=0.000 mid_frac=0.268 hard=score=1.9634154064 wNMSE=0.012789568 wMSE=974.3138 wMRED=0.68426574 wER=0.352536 wMAE=13.2303 wBias=-5.8902 condBias=16.2457 dotDrift=-12.077sigma uMRED=0.0484642815 uER=0.412109 uMAE=32.1719 WCE=373 bias=-11.8750
[pop02_soft:00400] loss=55.590549 tau=3.00 collapse_w=0.000 mid_frac=0.196 hard=score=0.3489648318 wNMSE=0.01226978 wMSE=934.7162 wMRED=0.32431152 wER=0.355641 wMAE=10.6561 wBias=-2.2015 condBias=16.2400 dotDrift=-4.609sigma uMRED=0.0418467262 uER=0.421875 uMAE=28.8027 WCE=235 bias=-12.3125
[pop02_soft:00600] loss=37.856167 tau=3.75 collapse_w=0.000 mid_frac=0.223 hard=score=0.1506397663 wNMSE=0.012078048 wMSE=920.1100 wMRED=0.31356405 wER=0.355641 wMAE=10.5298 wBias=-1.1227 condBias=15.7205 dotDrift=-2.369sigma uMRED=0.0406558400 uER=0.421875 uMAE=28.4180 WCE=224 bias=-3.5000
[pop02_soft:00800] loss=37.686798 tau=4.50 collapse_w=0.084 mid_frac=0.205 hard=score=0.1366492415 wNMSE=0.012070209 wMSE=919.5128 wMRED=0.30795516 wER=0.339452 wMAE=10.5142 wBias=-1.0021 condBias=15.7048 dotDrift=-2.115sigma uMRED=0.0405673718 uER=0.418945 uMAE=28.3906 WCE=224 bias=-3.3750
[pop02_soft:01000] loss=37.673237 tau=5.25 collapse_w=0.293 mid_frac=0.196 hard=score=0.3190558450 wNMSE=0.0090879729 wMSE=692.3250 wMRED=0.24501381 wER=0.324029 wMAE=8.2452 wBias=2.1535 condBias=14.2014 dotDrift=+5.238sigma uMRED=0.0344005137 uER=0.407227 uMAE=24.3555 WCE=224 bias=3.1250
[pop02_soft:01199] loss=37.613934 tau=6.00 collapse_w=0.500 mid_frac=0.188 hard=score=0.3231758172 wNMSE=0.0090265563 wMSE=687.6463 wMRED=0.21860622 wER=0.336801 wMAE=8.1537 wBias=2.1730 condBias=14.1806 dotDrift=+5.304sigma uMRED=0.0341103777 uER=0.413086 uMAE=24.3633 WCE=224 bias=3.1250
[pop02_hard:00000] loss=19.610958 tau=6.00 collapse_w=0.000 mid_frac=0.188 hard=score=0.3231758172 wNMSE=0.0090265563 wMSE=687.6463 wMRED=0.21860622 wER=0.336801 wMAE=8.1537 wBias=2.1730 condBias=14.1806 dotDrift=+5.304sigma uMRED=0.0341103777 uER=0.413086 uMAE=24.3633 WCE=224 bias=3.1250
[pop02_hard:00200] loss=16.831333 tau=6.00 collapse_w=0.000 mid_frac=0.143 hard=score=0.0811474260 wNMSE=0.011447144 wMSE=872.0475 wMRED=0.24281539 wER=0.337903 wMAE=9.6600 wBias=-0.3430 condBias=14.9367 dotDrift=-0.743sigma uMRED=0.0396729901 uER=0.413086 uMAE=27.2461 WCE=218 bias=2.1250
[pop02_hard:00400] loss=17.986666 tau=6.00 collapse_w=0.000 mid_frac=0.161 hard=score=0.1281486160 wNMSE=0.011163441 wMSE=850.4349 wMRED=0.22764266 wER=0.315672 wMAE=9.4992 wBias=-1.0487 condBias=14.2350 dotDrift=-2.302sigma uMRED=0.0369082885 uER=0.406250 uMAE=25.8125 WCE=218 bias=-9.6250
[pop02_hard:00599] loss=14.770239 tau=6.00 collapse_w=0.000 mid_frac=0.143 hard=score=0.0746795705 wNMSE=0.010819899 wMSE=824.2637 wMRED=0.22673874 wER=0.315399 wMAE=9.3472 wBias=-0.3881 condBias=13.9307 dotDrift=-0.865sigma uMRED=0.0335290515 uER=0.400391 uMAE=22.7812 WCE=192 bias=2.3750
[pop02] done (conf=0.53, noise=0.5); global best score=0.0309867233 wNMSE=0.0024237404 wMSE=184.6414 wMRED=0.15885366 wER=0.155645 wMAE=3.9358 wBias=-0.4356 condBias=7.7916 dotDrift=-2.051sigma uMRED=0.0105226322 uER=0.191406 uMAE=5.6250 WCE=80 bias=0.0000
[pop03_soft:00000] loss=14.203741 tau=1.50 collapse_w=0.000 mid_frac=0.438 hard=score=237.9379862281 wNMSE=1.2760303 wMSE=97208.4428 wMRED=14.79179337 wER=0.437165 wMAE=111.7246 wBias=65.3186 condBias=159.7395 dotDrift=+13.408sigma uMRED=0.3003379894 uER=0.437500 uMAE=85.2285 WCE=3952 bias=59.0000
[pop03_soft:00200] loss=104.559845 tau=2.25 collapse_w=0.000 mid_frac=0.438 hard=score=220.2432034274 wNMSE=0.46306449 wMSE=35276.4177 wMRED=5.68738623 wER=0.436052 wMAE=77.2112 wBias=-63.2708 condBias=115.1487 dotDrift=-21.560sigma uMRED=0.1668481350 uER=0.436523 uMAE=60.2188 WCE=752 bias=-56.5000
[pop03_soft:00400] loss=112.597389 tau=3.00 collapse_w=0.000 mid_frac=0.357 hard=score=83.4686518385 wNMSE=0.11970619 wMSE=9119.2605 wMRED=2.94267349 wER=0.412310 wMAE=44.2286 wBias=-39.0948 condBias=62.6991 dotDrift=-26.201sigma uMRED=0.1222216338 uER=0.434570 uMAE=59.4062 WCE=552 bias=-3.6875
[pop03_soft:00600] loss=76.081657 tau=3.75 collapse_w=0.000 mid_frac=0.304 hard=score=0.5028996989 wNMSE=0.033179284 wMSE=2527.6096 wMRED=0.95169030 wER=0.378752 wMAE=23.3179 wBias=-2.3916 condBias=21.1866 dotDrift=-3.044sigma uMRED=0.0699425217 uER=0.429688 uMAE=42.0469 WCE=456 bias=6.9375
[pop03_soft:00800] loss=70.107849 tau=4.50 collapse_w=0.084 mid_frac=0.286 hard=score=0.1917297757 wNMSE=0.034074268 wMSE=2595.7898 wMRED=1.10504965 wER=0.378752 wMAE=23.7243 wBias=0.3619 condBias=19.6616 dotDrift=+0.455sigma uMRED=0.0698117530 uER=0.429688 uMAE=40.7461 WCE=440 bias=9.6875
[pop03_soft:01000] loss=69.662430 tau=5.25 collapse_w=0.293 mid_frac=0.286 hard=score=0.1971312365 wNMSE=0.034016632 wMSE=2591.3991 wMRED=1.09886856 wER=0.378752 wMAE=23.6205 wBias=0.5206 condBias=19.5804 dotDrift=+0.655sigma uMRED=0.0696542791 uER=0.429688 uMAE=40.7266 WCE=440 bias=9.8750
[pop03_soft:01199] loss=69.472969 tau=6.00 collapse_w=0.500 mid_frac=0.259 hard=score=0.2014569364 wNMSE=0.034955139 wMSE=2662.8949 wMRED=1.11952530 wER=0.378752 wMAE=23.8127 wBias=0.1436 condBias=20.1991 dotDrift=+0.178sigma uMRED=0.0677109406 uER=0.429688 uMAE=38.5234 WCE=440 bias=5.3750
[pop03_hard:00000] loss=50.939430 tau=6.00 collapse_w=0.000 mid_frac=0.259 hard=score=0.2014569364 wNMSE=0.034955139 wMSE=2662.8949 wMRED=1.11952530 wER=0.378752 wMAE=23.8127 wBias=0.1436 condBias=20.1991 dotDrift=+0.178sigma uMRED=0.0677109406 uER=0.429688 uMAE=38.5234 WCE=440 bias=5.3750
[pop03_hard:00200] loss=53.453609 tau=6.00 collapse_w=0.000 mid_frac=0.250 hard=score=0.3526500820 wNMSE=0.028376258 wMSE=2161.7134 wMRED=1.11144059 wER=0.378752 wMAE=22.9214 wBias=-1.9607 condBias=16.7771 dotDrift=-2.699sigma uMRED=0.0590821891 uER=0.429688 uMAE=32.0625 WCE=192 bias=-12.6250
[pop03_hard:00400] loss=40.080250 tau=6.00 collapse_w=0.000 mid_frac=0.241 hard=score=0.3526500820 wNMSE=0.028376258 wMSE=2161.7134 wMRED=1.11144059 wER=0.378752 wMAE=22.9214 wBias=-1.9607 condBias=16.7771 dotDrift=-2.699sigma uMRED=0.0590821891 uER=0.429688 uMAE=32.0625 WCE=192 bias=-12.6250
[pop03_hard:00599] loss=21.794239 tau=6.00 collapse_w=0.000 mid_frac=0.188 hard=score=0.2186755046 wNMSE=0.020728022 wMSE=1579.0681 wMRED=0.73838136 wER=0.350563 wMAE=18.6420 wBias=-1.1801 condBias=17.9337 dotDrift=-1.901sigma uMRED=0.0520599133 uER=0.424805 uMAE=30.6602 WCE=256 bias=-0.3750
[pop03] done (conf=0.51, noise=1.0); global best score=0.0309867233 wNMSE=0.0024237404 wMSE=184.6414 wMRED=0.15885366 wER=0.155645 wMAE=3.9358 wBias=-0.4356 condBias=7.7916 dotDrift=-2.051sigma uMRED=0.0105226322 uER=0.191406 uMAE=5.6250 WCE=80 bias=0.0000
[pop04_soft:00000] loss=9.744942 tau=1.50 collapse_w=0.000 mid_frac=0.277 hard=score=33.1892575663 wNMSE=0.69779173 wMSE=53158.0222 wMRED=6.27619715 wER=0.430086 wMAE=98.1978 wBias=-22.8500 condBias=119.1920 dotDrift=-6.343sigma uMRED=0.2298497998 uER=0.428711 uMAE=96.3867 WCE=818 bias=20.0000
[pop04_soft:00200] loss=69.396774 tau=2.25 collapse_w=0.000 mid_frac=0.277 hard=score=0.2239583700 wNMSE=0.032930773 wMSE=2508.6780 wMRED=0.52033334 wER=0.375342 wMAE=15.3364 wBias=0.5088 condBias=25.1800 dotDrift=+0.650sigma uMRED=0.0750366171 uER=0.419922 uMAE=53.4727 WCE=508 bias=-10.3750
[pop04_soft:00400] loss=56.935047 tau=3.00 collapse_w=0.000 mid_frac=0.196 hard=score=0.3250179234 wNMSE=0.018676084 wMSE=1422.7508 wMRED=0.66488934 wER=0.358665 wMAE=15.8998 wBias=1.8072 condBias=19.2125 dotDrift=+3.066sigma uMRED=0.0560503965 uER=0.413086 uMAE=35.1992 WCE=358 bias=-6.5625
[pop04_soft:00600] loss=37.753479 tau=3.75 collapse_w=0.000 mid_frac=0.196 hard=score=0.7339654177 wNMSE=0.018864468 wMSE=1437.1019 wMRED=0.66353417 wER=0.337436 wMAE=15.5406 wBias=3.3011 condBias=19.5042 dotDrift=+5.573sigma uMRED=0.0554594508 uER=0.404297 uMAE=34.8672 WCE=342 bias=-5.0000
[pop04_soft:00800] loss=37.505180 tau=4.50 collapse_w=0.084 mid_frac=0.223 hard=score=0.6147848150 wNMSE=0.019079382 wMSE=1453.4741 wMRED=0.67848094 wER=0.319684 wMAE=15.9356 wBias=2.9218 condBias=19.5686 dotDrift=+4.905sigma uMRED=0.0556334379 uER=0.386719 uMAE=34.6484 WCE=342 bias=-5.5000
[pop04_soft:01000] loss=37.472507 tau=5.25 collapse_w=0.293 mid_frac=0.232 hard=score=0.7401910807 wNMSE=0.01379367 wMSE=1050.8067 wMRED=0.36907699 wER=0.323747 wMAE=10.8191 wBias=-3.4675 condBias=16.2120 dotDrift=-6.846sigma uMRED=0.0478395683 uER=0.386719 uMAE=32.8125 WCE=342 bias=-7.7500
[pop04_soft:01199] loss=37.449070 tau=6.00 collapse_w=0.500 mid_frac=0.232 hard=score=0.7401910807 wNMSE=0.01379367 wMSE=1050.8067 wMRED=0.36907699 wER=0.323747 wMAE=10.8191 wBias=-3.4675 condBias=16.2120 dotDrift=-6.846sigma uMRED=0.0478395683 uER=0.386719 uMAE=32.8125 WCE=342 bias=-7.7500
[pop04_hard:00000] loss=44.185135 tau=6.00 collapse_w=0.000 mid_frac=0.232 hard=score=0.7401910807 wNMSE=0.01379367 wMSE=1050.8067 wMRED=0.36907699 wER=0.323747 wMAE=10.8191 wBias=-3.4675 condBias=16.2120 dotDrift=-6.846sigma uMRED=0.0478395683 uER=0.386719 uMAE=32.8125 WCE=342 bias=-7.7500
[pop04_hard:00200] loss=46.172760 tau=6.00 collapse_w=0.000 mid_frac=0.188 hard=score=0.3932042710 wNMSE=0.012959157 wMSE=987.2332 wMRED=0.34979658 wER=0.323747 wMAE=10.3676 wBias=-2.3915 condBias=15.6531 dotDrift=-4.871sigma uMRED=0.0451756974 uER=0.386719 uMAE=30.8750 WCE=278 bias=-4.5000
[pop04_hard:00400] loss=48.374634 tau=6.00 collapse_w=0.000 mid_frac=0.161 hard=score=0.1979254667 wNMSE=0.016810164 wMSE=1280.6042 wMRED=0.31682788 wER=0.311472 wMAE=10.2403 wBias=-1.3001 condBias=17.8133 dotDrift=-2.325sigma uMRED=0.0527884767 uER=0.383789 uMAE=37.9883 WCE=512 bias=5.0000
[pop04_hard:00599] loss=49.133633 tau=6.00 collapse_w=0.000 mid_frac=0.170 hard=score=0.2435571669 wNMSE=0.01289288 wMSE=982.1842 wMRED=0.31415196 wER=0.311472 wMAE=9.8170 wBias=-1.7235 condBias=15.6031 dotDrift=-3.520sigma uMRED=0.0436627845 uER=0.383789 uMAE=29.9883 WCE=278 bias=-3.0000
[pop04] done (conf=0.53, noise=0.5); global best score=0.0309867233 wNMSE=0.0024237404 wMSE=184.6414 wMRED=0.15885366 wER=0.155645 wMAE=3.9358 wBias=-0.4356 condBias=7.7916 dotDrift=-2.051sigma uMRED=0.0105226322 uER=0.191406 uMAE=5.6250 WCE=80 bias=0.0000
[pop05_soft:00000] loss=17.388884 tau=1.50 collapse_w=0.000 mid_frac=0.438 hard=score=550.3348150416 wNMSE=1.4784304 wMSE=112627.3566 wMRED=9.32771047 wER=0.437165 wMAE=156.3476 wBias=99.7827 condBias=197.4604 dotDrift=+19.029sigma uMRED=0.2823870019 uER=0.437500 uMAE=106.6562 WCE=1004 bias=39.3750
[pop05_soft:00200] loss=136.688919 tau=2.25 collapse_w=0.000 mid_frac=0.402 hard=score=21.6975187508 wNMSE=0.11559469 wMSE=8806.0447 wMRED=3.28384424 wER=0.437165 wMAE=48.0736 wBias=-19.6283 condBias=53.9919 dotDrift=-13.387sigma uMRED=0.1260598661 uER=0.437500 uMAE=62.2734 WCE=537 bias=-30.3125
[pop05_soft:00400] loss=117.260811 tau=3.00 collapse_w=0.000 mid_frac=0.393 hard=score=77.0657826733 wNMSE=0.09885876 wMSE=7531.0955 wMRED=2.63683344 wER=0.377580 wMAE=38.7238 wBias=-37.5858 condBias=62.4317 dotDrift=-27.719sigma uMRED=0.1139428124 uER=0.424805 uMAE=57.2559 WCE=537 bias=-37.2500
[pop05_soft:00600] loss=101.152374 tau=3.75 collapse_w=0.000 mid_frac=0.321 hard=score=48.6492266618 wNMSE=0.05077478 wMSE=3868.0408 wMRED=1.80839744 wER=0.378087 wMAE=29.9105 wBias=-29.8953 condBias=48.8725 dotDrift=-30.764sigma uMRED=0.0895819132 uER=0.424805 uMAE=47.0039 WCE=356 bias=-46.6875
[pop05_soft:00800] loss=80.840889 tau=4.50 collapse_w=0.084 mid_frac=0.268 hard=score=16.1293850178 wNMSE=0.02575667 wMSE=1962.1523 wMRED=0.91210705 wER=0.378090 wMAE=19.2995 wBias=-17.2062 condBias=27.2876 dotDrift=-24.860sigma uMRED=0.0676796213 uER=0.424805 uMAE=41.8730 WCE=356 bias=-39.6875
[pop05_soft:01000] loss=66.672371 tau=5.25 collapse_w=0.293 mid_frac=0.277 hard=score=1.0958867656 wNMSE=0.013149715 wMSE=1001.7500 wMRED=0.55367320 wER=0.378283 wMAE=13.7906 wBias=-4.2352 condBias=17.3227 dotDrift=-8.564sigma uMRED=0.0504032518 uER=0.427734 uMAE=32.6270 WCE=276 bias=-23.3125
[pop05_soft:01199] loss=66.349899 tau=6.00 collapse_w=0.500 mid_frac=0.268 hard=score=1.0958867656 wNMSE=0.013149715 wMSE=1001.7500 wMRED=0.55367320 wER=0.378283 wMAE=13.7906 wBias=-4.2352 condBias=17.3227 dotDrift=-8.564sigma uMRED=0.0504032518 uER=0.427734 uMAE=32.6270 WCE=276 bias=-23.3125
[pop05_hard:00000] loss=77.529099 tau=6.00 collapse_w=0.000 mid_frac=0.268 hard=score=1.0958867656 wNMSE=0.013149715 wMSE=1001.7500 wMRED=0.55367320 wER=0.378283 wMAE=13.7906 wBias=-4.2352 condBias=17.3227 dotDrift=-8.564sigma uMRED=0.0504032518 uER=0.427734 uMAE=32.6270 WCE=276 bias=-23.3125
[pop05_hard:00200] loss=77.529099 tau=6.00 collapse_w=0.000 mid_frac=0.250 hard=score=1.0958867656 wNMSE=0.013149715 wMSE=1001.7500 wMRED=0.55367320 wER=0.378283 wMAE=13.7906 wBias=-4.2352 condBias=17.3227 dotDrift=-8.564sigma uMRED=0.0504032518 uER=0.427734 uMAE=32.6270 WCE=276 bias=-23.3125
[pop05_hard:00400] loss=53.951271 tau=6.00 collapse_w=0.000 mid_frac=0.241 hard=score=0.2283159051 wNMSE=0.016884895 wMSE=1286.2973 wMRED=0.56757483 wER=0.378987 wMAE=15.1033 wBias=-1.1795 condBias=20.5069 dotDrift=-2.105sigma uMRED=0.0615981833 uER=0.430664 uMAE=41.0586 WCE=328 bias=-11.3125
[pop05_hard:00599] loss=27.323700 tau=6.00 collapse_w=0.000 mid_frac=0.196 hard=score=0.3165290888 wNMSE=0.014662052 wMSE=1116.9604 wMRED=0.54903071 wER=0.355641 wMAE=14.4195 wBias=1.8747 condBias=17.7773 dotDrift=+3.590sigma uMRED=0.0556393900 uER=0.421875 uMAE=37.6016 WCE=344 bias=-0.4375
[pop05] done (conf=0.51, noise=1.0); global best score=0.0309867233 wNMSE=0.0024237404 wMSE=184.6414 wMRED=0.15885366 wER=0.155645 wMAE=3.9358 wBias=-0.4356 condBias=7.7916 dotDrift=-2.051sigma uMRED=0.0105226322 uER=0.191406 uMAE=5.6250 WCE=80 bias=0.0000
[pop06_soft:00000] loss=15.558238 tau=1.50 collapse_w=0.000 mid_frac=0.429 hard=score=671.6205086777 wNMSE=0.85053058 wMSE=64793.7224 wMRED=6.40682888 wER=0.426940 wMAE=119.6225 wBias=110.9389 condBias=189.8560 dotDrift=+27.893sigma uMRED=0.2313104521 uER=0.431641 uMAE=102.4766 WCE=856 bias=84.8125
[pop06_soft:00200] loss=85.237160 tau=2.25 collapse_w=0.000 mid_frac=0.393 hard=score=50.1693557146 wNMSE=0.17059335 wMSE=12995.8620 wMRED=2.72282769 wER=0.378623 wMAE=49.6066 wBias=-30.0690 condBias=68.0500 dotDrift=-16.881sigma uMRED=0.1299385874 uER=0.427734 uMAE=62.6680 WCE=601 bias=-31.0625
[pop06_soft:00400] loss=62.155434 tau=3.00 collapse_w=0.000 mid_frac=0.259 hard=score=8.5005219335 wNMSE=0.013608876 wMSE=1036.7290 wMRED=0.73908245 wER=0.370032 wMAE=14.1866 wBias=-12.4718 condBias=20.4397 dotDrift=-24.790sigma uMRED=0.0479133393 uER=0.421875 uMAE=28.4473 WCE=374 bias=-24.0000
[pop06_soft:00600] loss=66.206131 tau=3.75 collapse_w=0.000 mid_frac=0.205 hard=score=3.7455445724 wNMSE=0.0089439792 wMSE=681.3555 wMRED=0.42327206 wER=0.378283 wMAE=10.7901 wBias=-8.2619 condBias=14.0252 dotDrift=-20.257sigma uMRED=0.0381816698 uER=0.427734 uMAE=24.5664 WCE=346 bias=-19.9375
[pop06_soft:00800] loss=37.738483 tau=4.50 collapse_w=0.084 mid_frac=0.241 hard=score=4.1726458774 wNMSE=0.0087592425 wMSE=667.2822 wMRED=0.42235262 wER=0.369328 wMAE=10.2967 wBias=-8.7275 condBias=14.1413 dotDrift=-21.623sigma uMRED=0.0357951589 uER=0.418945 uMAE=22.7012 WCE=338 bias=-18.6875
[pop06_soft:01000] loss=37.693928 tau=5.25 collapse_w=0.293 mid_frac=0.259 hard=score=4.1726458774 wNMSE=0.0087592425 wMSE=667.2822 wMRED=0.42235262 wER=0.369328 wMAE=10.2967 wBias=-8.7275 condBias=14.1413 dotDrift=-21.623sigma uMRED=0.0357951589 uER=0.418945 uMAE=22.7012 WCE=338 bias=-18.6875
[pop06_soft:01199] loss=37.670631 tau=6.00 collapse_w=0.500 mid_frac=0.250 hard=score=3.8080967408 wNMSE=0.0085453861 wMSE=650.9906 wMRED=0.40928140 wER=0.359609 wMAE=9.9053 wBias=-8.3332 condBias=13.9395 dotDrift=-20.903sigma uMRED=0.0348790680 uER=0.410156 uMAE=22.2246 WCE=338 bias=-18.1875
[pop06_hard:00000] loss=67.444374 tau=6.00 collapse_w=0.000 mid_frac=0.250 hard=score=3.8080967408 wNMSE=0.0085453861 wMSE=650.9906 wMRED=0.40928140 wER=0.359609 wMAE=9.9053 wBias=-8.3332 condBias=13.9395 dotDrift=-20.903sigma uMRED=0.0348790680 uER=0.410156 uMAE=22.2246 WCE=338 bias=-18.1875
[pop06_hard:00200] loss=66.169792 tau=6.00 collapse_w=0.000 mid_frac=0.232 hard=score=3.7827608674 wNMSE=0.008532439 wMSE=650.0042 wMRED=0.40915944 wER=0.359609 wMAE=9.8866 wBias=-8.3052 condBias=13.9108 dotDrift=-20.848sigma uMRED=0.0344853710 uER=0.410156 uMAE=21.8770 WCE=338 bias=-17.6875
[pop06_hard:00400] loss=16.138468 tau=6.00 collapse_w=0.000 mid_frac=0.205 hard=score=0.3642203431 wNMSE=0.0074108073 wMSE=564.5579 wMRED=0.46709118 wER=0.359319 wMAE=10.1917 wBias=-2.3182 condBias=13.5277 dotDrift=-6.244sigma uMRED=0.0269228439 uER=0.404297 uMAE=14.2207 WCE=171 bias=-7.6875
[pop06_hard:00599] loss=25.798546 tau=6.00 collapse_w=0.000 mid_frac=0.179 hard=score=1.1196982318 wNMSE=0.013352054 wMSE=1017.1643 wMRED=0.46833382 wER=0.349585 wMAE=10.9488 wBias=4.3988 condBias=14.6262 dotDrift=+8.827sigma uMRED=0.0300005589 uER=0.403320 uMAE=16.7734 WCE=256 bias=4.4375
[pop06] done (conf=0.53, noise=0.5); global best score=0.0309867233 wNMSE=0.0024237404 wMSE=184.6414 wMRED=0.15885366 wER=0.155645 wMAE=3.9358 wBias=-0.4356 condBias=7.7916 dotDrift=-2.051sigma uMRED=0.0105226322 uER=0.191406 uMAE=5.6250 WCE=80 bias=0.0000
[pop07_soft:00000] loss=17.072552 tau=1.50 collapse_w=0.000 mid_frac=0.446 hard=score=1084.1268402195 wNMSE=1.545452 wMSE=117733.0841 wMRED=8.38739597 wER=0.409436 wMAE=149.5716 wBias=140.8743 condBias=243.4293 dotDrift=+26.276sigma uMRED=0.2476519991 uER=0.425781 uMAE=94.5977 WCE=1196 bias=55.1250
[pop07_soft:00200] loss=126.159134 tau=2.25 collapse_w=0.000 mid_frac=0.348 hard=score=92.8877927825 wNMSE=0.68395825 wMSE=52104.1828 wMRED=7.94699716 wER=0.436952 wMAE=112.2643 wBias=-40.1565 condBias=131.5719 dotDrift=-11.259sigma uMRED=0.2359953993 uER=0.434570 uMAE=91.1367 WCE=873 bias=-24.5000
[pop07_soft:00400] loss=81.812149 tau=3.00 collapse_w=0.000 mid_frac=0.339 hard=score=4.2642498775 wNMSE=0.0212542 wMSE=1619.1525 wMRED=0.65757307 wER=0.369761 wMAE=16.9593 wBias=-8.7600 condBias=18.8170 dotDrift=-13.933sigma uMRED=0.0555019936 uER=0.423828 uMAE=34.9219 WCE=256 bias=-8.2500
[pop07_soft:00600] loss=66.771011 tau=3.75 collapse_w=0.000 mid_frac=0.277 hard=score=1.0978528734 wNMSE=0.017420454 wMSE=1327.0964 wMRED=0.35150018 wER=0.329496 wMAE=12.3182 wBias=-4.2929 condBias=17.5222 dotDrift=-7.542sigma uMRED=0.0446169608 uER=0.414062 uMAE=29.6035 WCE=256 bias=-8.5625
[pop07_soft:00800] loss=37.896408 tau=4.50 collapse_w=0.084 mid_frac=0.250 hard=score=0.8524738555 wNMSE=0.017469321 wMSE=1330.8191 wMRED=0.32765676 wER=0.311794 wMAE=12.0083 wBias=-3.7252 condBias=17.5389 dotDrift=-6.535sigma uMRED=0.0442331573 uER=0.409180 uMAE=29.4492 WCE=256 bias=-8.7500
[pop07_soft:01000] loss=37.706921 tau=5.25 collapse_w=0.293 mid_frac=0.286 hard=score=0.8132468692 wNMSE=0.017444395 wMSE=1328.9202 wMRED=0.32508686 wER=0.297610 wMAE=11.9242 wBias=-3.6269 condBias=17.5135 dotDrift=-6.367sigma uMRED=0.0440999479 uER=0.402344 uMAE=29.3867 WCE=256 bias=-8.6250
[pop07_soft:01199] loss=37.685429 tau=6.00 collapse_w=0.500 mid_frac=0.286 hard=score=0.8132468692 wNMSE=0.017444395 wMSE=1328.9202 wMRED=0.32508686 wER=0.297610 wMAE=11.9242 wBias=-3.6269 condBias=17.5135 dotDrift=-6.367sigma uMRED=0.0440999479 uER=0.402344 uMAE=29.3867 WCE=256 bias=-8.6250
[pop07_hard:00000] loss=41.363670 tau=6.00 collapse_w=0.000 mid_frac=0.286 hard=score=0.8132468692 wNMSE=0.017444395 wMSE=1328.9202 wMRED=0.32508686 wER=0.297610 wMAE=11.9242 wBias=-3.6269 condBias=17.5135 dotDrift=-6.367sigma uMRED=0.0440999479 uER=0.402344 uMAE=29.3867 WCE=256 bias=-8.6250
[pop07_hard:00200] loss=34.979134 tau=6.00 collapse_w=0.000 mid_frac=0.250 hard=score=0.4812026775 wNMSE=0.017188576 wMSE=1309.4318 wMRED=0.34424424 wER=0.308130 wMAE=12.2638 wBias=-2.6546 condBias=17.2193 dotDrift=-4.695sigma uMRED=0.0440014326 uER=0.406250 uMAE=29.1367 WCE=256 bias=-6.6250
[pop07_hard:00400] loss=26.311108 tau=6.00 collapse_w=0.000 mid_frac=0.223 hard=score=0.3853656531 wNMSE=0.017420752 wMSE=1327.1191 wMRED=0.34557017 wER=0.307724 wMAE=12.4292 wBias=-2.2894 condBias=17.3511 dotDrift=-4.022sigma uMRED=0.0471034437 uER=0.401367 uMAE=32.0273 WCE=256 bias=-2.3750
[pop07_hard:00599] loss=19.379297 tau=6.00 collapse_w=0.000 mid_frac=0.214 hard=score=0.0796196858 wNMSE=0.013969575 wMSE=1064.2072 wMRED=0.31194241 wER=0.304578 wMAE=10.4905 wBias=0.2107 condBias=14.5564 dotDrift=+0.413sigma uMRED=0.0412045723 uER=0.394531 uMAE=28.7695 WCE=256 bias=1.6250
[pop07] done (conf=0.51, noise=1.0); global best score=0.0309867233 wNMSE=0.0024237404 wMSE=184.6414 wMRED=0.15885366 wER=0.155645 wMAE=3.9358 wBias=-0.4356 condBias=7.7916 dotDrift=-2.051sigma uMRED=0.0105226322 uER=0.191406 uMAE=5.6250 WCE=80 bias=0.0000
[pop08_soft:00000] loss=13.155353 tau=1.50 collapse_w=0.000 mid_frac=0.366 hard=score=115.7562531891 wNMSE=0.35611135 wMSE=27128.6897 wMRED=5.11920064 wER=0.435965 wMAE=85.2417 wBias=45.7009 condBias=97.7596 dotDrift=+17.758sigma uMRED=0.1751983896 uER=0.430664 uMAE=76.4746 WCE=844 bias=49.3750
[pop08_soft:00200] loss=78.324982 tau=2.25 collapse_w=0.000 mid_frac=0.304 hard=score=1.2200021682 wNMSE=0.16014112 wMSE=12199.6072 wMRED=3.78503560 wER=0.412172 wMAE=58.2606 wBias=-0.3613 condBias=58.6313 dotDrift=-0.209sigma uMRED=0.1135592870 uER=0.431641 uMAE=41.9531 WCE=289 bias=-2.7500
[pop08_soft:00400] loss=59.460365 tau=3.00 collapse_w=0.000 mid_frac=0.223 hard=score=0.2340774377 wNMSE=0.032108163 wMSE=2446.0113 wMRED=0.96578863 wER=0.377992 wMAE=22.5443 wBias=-0.0292 condBias=22.6353 dotDrift=-0.038sigma uMRED=0.0710146202 uER=0.421875 uMAE=42.3320 WCE=392 bias=5.1875
[pop08_soft:00600] loss=38.298912 tau=3.75 collapse_w=0.000 mid_frac=0.205 hard=score=0.6177520172 wNMSE=0.030639304 wMSE=2334.1131 wMRED=0.94799107 wER=0.343225 wMAE=20.7077 wBias=2.7101 condBias=23.5711 dotDrift=+3.590sigma uMRED=0.0693238757 uER=0.398438 uMAE=41.2383 WCE=392 bias=7.1875
[pop08_soft:00800] loss=37.998226 tau=4.50 collapse_w=0.084 mid_frac=0.188 hard=score=2.5880786567 wNMSE=0.025803086 wMSE=1965.6883 wMRED=0.89976672 wER=0.343225 wMAE=18.0243 wBias=6.6348 condBias=20.8044 dotDrift=+9.577sigma uMRED=0.0619758219 uER=0.398438 uMAE=37.1758 WCE=392 bias=13.4375
[pop08_soft:01000] loss=37.892311 tau=5.25 collapse_w=0.293 mid_frac=0.196 hard=score=1.3158583596 wNMSE=0.024247658 wMSE=1847.1952 wMRED=0.88744787 wER=0.342285 wMAE=17.0986 wBias=4.5756 condBias=20.1331 dotDrift=+6.813sigma uMRED=0.0584186075 uER=0.394531 uMAE=34.8984 WCE=392 bias=9.4375
[pop08_soft:01199] loss=37.810982 tau=6.00 collapse_w=0.500 mid_frac=0.196 hard=score=1.6565050231 wNMSE=0.023544078 wMSE=1793.5962 wMRED=0.87301021 wER=0.342285 wMAE=16.4862 wBias=5.2195 condBias=19.7639 dotDrift=+7.888sigma uMRED=0.0572573758 uER=0.394531 uMAE=34.3984 WCE=392 bias=10.4375
[pop08_hard:00000] loss=61.910980 tau=6.00 collapse_w=0.000 mid_frac=0.196 hard=score=1.6565050231 wNMSE=0.023544078 wMSE=1793.5962 wMRED=0.87301021 wER=0.342285 wMAE=16.4862 wBias=5.2195 condBias=19.7639 dotDrift=+7.888sigma uMRED=0.0572573758 uER=0.394531 uMAE=34.3984 WCE=392 bias=10.4375
[pop08_hard:00200] loss=30.443058 tau=6.00 collapse_w=0.000 mid_frac=0.188 hard=score=0.2981152191 wNMSE=0.022861476 wMSE=1741.5954 wMRED=0.89918610 wER=0.342285 wMAE=17.4600 wBias=1.5987 condBias=19.5680 dotDrift=+2.452sigma uMRED=0.0523948502 uER=0.394531 uMAE=28.9844 WCE=256 bias=-2.5625
[pop08_hard:00400] loss=50.369865 tau=6.00 collapse_w=0.000 mid_frac=0.170 hard=score=0.1754104957 wNMSE=0.01492624 wMSE=1137.0863 wMRED=0.44205975 wER=0.343225 wMAE=13.0267 wBias=-1.1471 condBias=16.7743 dotDrift=-2.177sigma uMRED=0.0487539237 uER=0.398438 uMAE=32.1387 WCE=256 bias=3.9375
[pop08_hard:00599] loss=30.735737 tau=6.00 collapse_w=0.000 mid_frac=0.161 hard=score=0.1535375608 wNMSE=0.014664396 wMSE=1117.1389 wMRED=0.44090190 wER=0.341266 wMAE=12.8821 wBias=-1.0025 condBias=16.2884 dotDrift=-1.920sigma uMRED=0.0476000207 uER=0.386719 uMAE=31.1387 WCE=256 bias=4.9375
[pop08] done (conf=0.53, noise=0.5); global best score=0.0309867233 wNMSE=0.0024237404 wMSE=184.6414 wMRED=0.15885366 wER=0.155645 wMAE=3.9358 wBias=-0.4356 condBias=7.7916 dotDrift=-2.051sigma uMRED=0.0105226322 uER=0.191406 uMAE=5.6250 WCE=80 bias=0.0000
[pop09_soft:00000] loss=17.508389 tau=1.50 collapse_w=0.000 mid_frac=0.455 hard=score=103.4070034302 wNMSE=0.6009564 wMSE=45781.0723 wMRED=6.16626796 wER=0.436579 wMAE=117.0701 wBias=42.8128 condBias=121.3844 dotDrift=+12.806sigma uMRED=0.2514271906 uER=0.434570 uMAE=114.6562 WCE=831 bias=-12.1250
[pop09_soft:00200] loss=132.342239 tau=2.25 collapse_w=0.000 mid_frac=0.429 hard=score=12.4391475164 wNMSE=0.33560102 wMSE=25566.2053 wMRED=4.92114188 wER=0.437165 wMAE=88.5330 wBias=13.3865 condBias=89.8319 dotDrift=+5.358sigma uMRED=0.1986142038 uER=0.437500 uMAE=92.9023 WCE=801 bias=-36.0000
[pop09_soft:00400] loss=118.019669 tau=3.00 collapse_w=0.000 mid_frac=0.348 hard=score=41.1337438621 wNMSE=0.10710156 wMSE=8159.0347 wMRED=2.41897304 wER=0.412173 wMAE=38.2848 wBias=-27.3128 condBias=56.0555 dotDrift=-19.352sigma uMRED=0.1051937425 uER=0.434570 uMAE=53.1172 WCE=437 bias=-23.5000
[pop09_soft:00600] loss=110.853584 tau=3.75 collapse_w=0.000 mid_frac=0.321 hard=score=22.3586707189 wNMSE=0.075359953 wMSE=5740.9480 wMRED=1.97073445 wER=0.420780 wMAE=32.2107 wBias=-20.0557 condBias=44.6902 dotDrift=-16.940sigma uMRED=0.0906038432 uER=0.431641 uMAE=46.5723 WCE=442 bias=-25.3750
[pop09_soft:00800] loss=106.251549 tau=4.50 collapse_w=0.084 mid_frac=0.286 hard=score=1.1824712652 wNMSE=0.089083118 wMSE=6786.3836 wMRED=2.59004446 wER=0.420731 wMAE=43.4331 wBias=-1.5538 condBias=46.0223 dotDrift=-1.207sigma uMRED=0.0928765267 uER=0.431641 uMAE=40.5781 WCE=328 bias=2.0000
[pop09_soft:01000] loss=105.823219 tau=5.25 collapse_w=0.293 mid_frac=0.277 hard=score=1.1824712652 wNMSE=0.089083118 wMSE=6786.3836 wMRED=2.59004446 wER=0.420731 wMAE=43.4331 wBias=-1.5538 condBias=46.0223 dotDrift=-1.207sigma uMRED=0.0928765267 uER=0.431641 uMAE=40.5781 WCE=328 bias=2.0000
[pop09_soft:01199] loss=105.590485 tau=6.00 collapse_w=0.500 mid_frac=0.277 hard=score=1.1824712652 wNMSE=0.089083118 wMSE=6786.3836 wMRED=2.59004446 wER=0.420731 wMAE=43.4331 wBias=-1.5538 condBias=46.0223 dotDrift=-1.207sigma uMRED=0.0928765267 uER=0.431641 uMAE=40.5781 WCE=328 bias=2.0000
[pop09_hard:00000] loss=132.178802 tau=6.00 collapse_w=0.000 mid_frac=0.277 hard=score=1.1824712652 wNMSE=0.089083118 wMSE=6786.3836 wMRED=2.59004446 wER=0.420731 wMAE=43.4331 wBias=-1.5538 condBias=46.0223 dotDrift=-1.207sigma uMRED=0.0928765267 uER=0.431641 uMAE=40.5781 WCE=328 bias=2.0000
[pop09_hard:00200] loss=136.577042 tau=6.00 collapse_w=0.000 mid_frac=0.268 hard=score=1.2238681371 wNMSE=0.089709238 wMSE=6834.0817 wMRED=2.59098351 wER=0.420731 wMAE=43.5858 wBias=-1.7651 condBias=45.7826 dotDrift=-1.366sigma uMRED=0.0960716976 uER=0.431641 uMAE=43.4297 WCE=442 bias=-2.0000
[pop09_hard:00400] loss=131.224136 tau=6.00 collapse_w=0.000 mid_frac=0.250 hard=score=1.1871402185 wNMSE=0.08912256 wMSE=6789.3883 wMRED=2.59004956 wER=0.420731 wMAE=43.4207 wBias=-1.5802 condBias=45.9922 dotDrift=-1.227sigma uMRED=0.0928198709 uER=0.431641 uMAE=40.3398 WCE=330 bias=1.5000
[pop09_hard:00599] loss=131.224136 tau=6.00 collapse_w=0.000 mid_frac=0.250 hard=score=1.1871402185 wNMSE=0.08912256 wMSE=6789.3883 wMRED=2.59004956 wER=0.420731 wMAE=43.4207 wBias=-1.5802 condBias=45.9922 dotDrift=-1.227sigma uMRED=0.0928198709 uER=0.431641 uMAE=40.3398 WCE=330 bias=1.5000
[pop09] done (conf=0.51, noise=1.0); global best score=0.0309867233 wNMSE=0.0024237404 wMSE=184.6414 wMRED=0.15885366 wER=0.155645 wMAE=3.9358 wBias=-0.4356 condBias=7.7916 dotDrift=-2.051sigma uMRED=0.0105226322 uER=0.191406 uMAE=5.6250 WCE=80 bias=0.0000
[pop10_soft:00000] loss=12.120060 tau=1.50 collapse_w=0.000 mid_frac=0.348 hard=score=10.7711175391 wNMSE=0.15814455 wMSE=12047.5081 wMRED=3.82486206 wER=0.434208 wMAE=62.0459 wBias=13.0266 condBias=61.0145 dotDrift=+7.596sigma uMRED=0.1264294101 uER=0.431641 uMAE=52.6191 WCE=357 bias=13.8750
[pop10_soft:00200] loss=54.795910 tau=2.25 collapse_w=0.000 mid_frac=0.330 hard=score=81.9665310484 wNMSE=0.11523448 wMSE=8778.6037 wMRED=2.89103069 wER=0.404000 wMAE=42.9854 wBias=-38.7610 condBias=61.7065 dotDrift=-26.477sigma uMRED=0.1056284708 uER=0.428711 uMAE=47.9922 WCE=397 bias=-37.5625
[pop10_soft:00400] loss=58.378269 tau=3.00 collapse_w=0.000 mid_frac=0.205 hard=score=0.4104877947 wNMSE=0.031839877 wMSE=2425.5732 wMRED=0.94573669 wER=0.360479 wMAE=22.4564 wBias=-1.9702 condBias=21.0028 dotDrift=-2.560sigma uMRED=0.0719419165 uER=0.413086 uMAE=43.6133 WCE=418 bias=-26.6875
[pop10_soft:00600] loss=39.709152 tau=3.75 collapse_w=0.000 mid_frac=0.241 hard=score=0.2671649288 wNMSE=0.031720951 wMSE=2416.5133 wMRED=0.94739145 wER=0.343040 wMAE=21.8873 wBias=0.9908 condBias=20.4531 dotDrift=+1.290sigma uMRED=0.0674262418 uER=0.401367 uMAE=40.0078 WCE=418 bias=-21.1875
[pop10_soft:00800] loss=39.155724 tau=4.50 collapse_w=0.084 mid_frac=0.223 hard=score=0.3902994751 wNMSE=0.021431306 wMSE=1632.6445 wMRED=0.69663362 wER=0.343810 wMAE=17.1738 wBias=-2.1830 condBias=17.1594 dotDrift=-3.458sigma uMRED=0.0583255891 uER=0.410156 uMAE=36.7305 WCE=374 bias=-20.9375
[pop10_soft:01000] loss=39.044937 tau=5.25 collapse_w=0.293 mid_frac=0.214 hard=score=0.2438845963 wNMSE=0.021534716 wMSE=1640.5223 wMRED=0.67460336 wER=0.333338 wMAE=16.6684 wBias=-1.3945 condBias=17.2193 dotDrift=-2.203sigma uMRED=0.0572652514 uER=0.406250 uMAE=36.2305 WCE=374 bias=-19.9375
[pop10_soft:01199] loss=38.967690 tau=6.00 collapse_w=0.500 mid_frac=0.214 hard=score=0.2438845963 wNMSE=0.021534716 wMSE=1640.5223 wMRED=0.67460336 wER=0.333338 wMAE=16.6684 wBias=-1.3945 condBias=17.2193 dotDrift=-2.203sigma uMRED=0.0572652514 uER=0.406250 uMAE=36.2305 WCE=374 bias=-19.9375
[pop10_hard:00000] loss=75.019737 tau=6.00 collapse_w=0.000 mid_frac=0.214 hard=score=0.2438845963 wNMSE=0.021534716 wMSE=1640.5223 wMRED=0.67460336 wER=0.333338 wMAE=16.6684 wBias=-1.3945 condBias=17.2193 dotDrift=-2.203sigma uMRED=0.0572652514 uER=0.406250 uMAE=36.2305 WCE=374 bias=-19.9375
[pop10_hard:00200] loss=54.558975 tau=6.00 collapse_w=0.000 mid_frac=0.170 hard=score=1.3839726730 wNMSE=0.031806801 wMSE=2423.0534 wMRED=1.11469904 wER=0.333338 wMAE=21.7023 wBias=4.6271 condBias=19.3204 dotDrift=+6.016sigma uMRED=0.0580024067 uER=0.406250 uMAE=30.2129 WCE=238 bias=-9.9375
[pop10_hard:00400] loss=14.559477 tau=6.00 collapse_w=0.000 mid_frac=0.152 hard=score=0.3403880007 wNMSE=0.015038289 wMSE=1145.6222 wMRED=0.63892210 wER=0.333338 wMAE=14.0110 wBias=2.0060 condBias=14.9451 dotDrift=+3.793sigma uMRED=0.0356991398 uER=0.406250 uMAE=19.2012 WCE=192 bias=0.5625
[pop10_hard:00599] loss=91.623390 tau=6.00 collapse_w=0.000 mid_frac=0.152 hard=score=0.3403880007 wNMSE=0.015038289 wMSE=1145.6222 wMRED=0.63892210 wER=0.333338 wMAE=14.0110 wBias=2.0060 condBias=14.9451 dotDrift=+3.793sigma uMRED=0.0356991398 uER=0.406250 uMAE=19.2012 WCE=192 bias=0.5625
[pop10] done (conf=0.53, noise=0.5); global best score=0.0309867233 wNMSE=0.0024237404 wMSE=184.6414 wMRED=0.15885366 wER=0.155645 wMAE=3.9358 wBias=-0.4356 condBias=7.7916 dotDrift=-2.051sigma uMRED=0.0105226322 uER=0.191406 uMAE=5.6250 WCE=80 bias=0.0000
[pop11_soft:00000] loss=8.154598 tau=1.50 collapse_w=0.000 mid_frac=0.393 hard=score=280.2384576962 wNMSE=0.59832621 wMSE=45580.7036 wMRED=10.15225492 wER=0.437165 wMAE=87.2136 wBias=71.6953 condBias=119.9987 dotDrift=+21.492sigma uMRED=0.2240385440 uER=0.437500 uMAE=73.1289 WCE=3928 bias=46.1875
[pop11_soft:00200] loss=63.481358 tau=2.25 collapse_w=0.000 mid_frac=0.339 hard=score=15.2678445220 wNMSE=0.059115755 wMSE=4503.4592 wMRED=1.84451982 wER=0.400964 wMAE=28.1823 wBias=-16.5552 condBias=36.8175 dotDrift=-15.788sigma uMRED=0.0844514519 uER=0.428711 uMAE=46.0195 WCE=440 bias=-26.6250
[pop11_soft:00400] loss=68.118958 tau=3.00 collapse_w=0.000 mid_frac=0.321 hard=score=0.3376922441 wNMSE=0.019854257 wMSE=1512.5044 wMRED=0.72401959 wER=0.378849 wMAE=17.7840 wBias=1.8503 condBias=20.5996 dotDrift=+3.045sigma uMRED=0.0580351011 uER=0.427734 uMAE=36.3711 WCE=408 bias=-15.0000
[pop11_soft:00600] loss=38.578686 tau=3.75 collapse_w=0.000 mid_frac=0.304 hard=score=1.8522778656 wNMSE=0.013983628 wMSE=1065.2778 wMRED=0.48963214 wER=0.372496 wMAE=13.6167 wBias=-5.6409 condBias=18.6542 dotDrift=-11.061sigma uMRED=0.0512801074 uER=0.424805 uMAE=33.6133 WCE=408 bias=-21.7500
[pop11_soft:00800] loss=38.083847 tau=4.50 collapse_w=0.084 mid_frac=0.295 hard=score=1.0417341176 wNMSE=0.01068953 wMSE=814.3322 wMRED=0.45600970 wER=0.364486 wMAE=12.2008 wBias=-4.1668 condBias=16.3257 dotDrift=-9.345sigma uMRED=0.0399255675 uER=0.418945 uMAE=24.5059 WCE=208 bias=-12.4375
[pop11_soft:01000] loss=37.978981 tau=5.25 collapse_w=0.293 mid_frac=0.304 hard=score=5.1883666695 wNMSE=0.010595103 wMSE=807.1387 wMRED=0.54150973 wER=0.364486 wMAE=12.1275 wBias=-9.7305 condBias=15.9517 dotDrift=-21.920sigma uMRED=0.0401974098 uER=0.418945 uMAE=24.2480 WCE=208 bias=-14.4375
[pop11_soft:01199] loss=37.929176 tau=6.00 collapse_w=0.500 mid_frac=0.312 hard=score=5.1883666695 wNMSE=0.010595103 wMSE=807.1387 wMRED=0.54150973 wER=0.364486 wMAE=12.1275 wBias=-9.7305 condBias=15.9517 dotDrift=-21.920sigma uMRED=0.0401974098 uER=0.418945 uMAE=24.2480 WCE=208 bias=-14.4375
[pop11_hard:00000] loss=59.738178 tau=6.00 collapse_w=0.000 mid_frac=0.312 hard=score=5.1883666695 wNMSE=0.010595103 wMSE=807.1387 wMRED=0.54150973 wER=0.364486 wMAE=12.1275 wBias=-9.7305 condBias=15.9517 dotDrift=-21.920sigma uMRED=0.0401974098 uER=0.418945 uMAE=24.2480 WCE=208 bias=-14.4375
[pop11_hard:00200] loss=43.073364 tau=6.00 collapse_w=0.000 mid_frac=0.312 hard=score=0.9556318838 wNMSE=0.010620857 wMSE=809.1007 wMRED=0.45040857 wER=0.354035 wMAE=12.0108 wBias=-3.9701 condBias=16.2363 dotDrift=-8.933sigma uMRED=0.0396236815 uER=0.415039 uMAE=24.3809 WCE=208 bias=-12.1875
[pop11_hard:00400] loss=21.781784 tau=6.00 collapse_w=0.000 mid_frac=0.268 hard=score=0.1472863983 wNMSE=0.014622531 wMSE=1113.9496 wMRED=0.61730913 wER=0.354035 wMAE=14.6030 wBias=-0.0589 condBias=18.5019 dotDrift=-0.113sigma uMRED=0.0466268580 uER=0.415039 uMAE=28.6426 WCE=216 bias=-2.6875
[pop11_hard:00599] loss=24.749952 tau=6.00 collapse_w=0.000 mid_frac=0.268 hard=score=0.1472863983 wNMSE=0.014622531 wMSE=1113.9496 wMRED=0.61730913 wER=0.354035 wMAE=14.6030 wBias=-0.0589 condBias=18.5019 dotDrift=-0.113sigma uMRED=0.0466268580 uER=0.415039 uMAE=28.6426 WCE=216 bias=-2.6875
[pop11] done (conf=0.51, noise=1.0); global best score=0.0309867233 wNMSE=0.0024237404 wMSE=184.6414 wMRED=0.15885366 wER=0.155645 wMAE=3.9358 wBias=-0.4356 condBias=7.7916 dotDrift=-2.051sigma uMRED=0.0105226322 uER=0.191406 uMAE=5.6250 WCE=80 bias=0.0000
[best] stage=guard_baseline score=0.0309867233 wNMSE=0.0024237404 wMSE=184.6414 wMRED=0.15885366 wER=0.155645 wMAE=3.9358 wBias=-0.4356 condBias=7.7916 dotDrift=-2.051sigma uMRED=0.0105226322 uER=0.191406 uMAE=5.6250 WCE=80 bias=0.0000
[best-json] /home/xuanqi/tony/work/FPGA/signed8x8_approx/signed8x8_2026_8_22/runs_qwen_legacy_refactor_20260916/balanced/rand614/best_signed88_inits.json
[best-rtl] /home/xuanqi/tony/work/FPGA/signed8x8_approx/signed8x8_2026_8_22/runs_qwen_legacy_refactor_20260916/balanced/rand614/best_rtl
[design] balanced_split search_bits=112
[safety] max_zero_violations=0 max_workload_zero_violation_probability=0
[metric-guard] relative_to_base=0.02 limits={'max_zero_violations': 0, 'max_workload_zero_violation_probability': 0.0, 'max_wce': 80, 'max_er': 0.19523437500000002, 'max_mred': 0.010733084807042093, 'max_ned': 0.000350189208984375, 'max_rmse': 17.219581876456818, 'max_nmse': 9.745882157349079e-06, 'max_abs_bias': 0.26378035962709584, 'max_workload_wce': 80, 'max_workload_er': 0.15875788810767935, 'max_workload_mred': 0.16203073665724843, 'max_workload_ned': 0.0002450249775910757, 'max_workload_rmse': 13.860047524219818, 'max_workload_nmse': 0.0024722151792031907, 'max_abs_workload_bias': 0.44427513714074085, 'max_conditional_bias_rms': 7.947400592741819}
[start] score=0.0309867233 wNMSE=0.0024237404 wMSE=184.6414 wMRED=0.15885366 wER=0.155645 wMAE=3.9358 wBias=-0.4356 condBias=7.7916 dotDrift=-2.051sigma uMRED=0.0105226322 uER=0.191406 uMAE=5.6250 WCE=80 bias=0.0000
[single] ACCEPT ['lo_lut23:47'] 0.0309867233->0.0233118611 wNMSE=0.0023228112 wBias=-0.27470
[single] round=2 no improvement
[pair] ACCEPT ['mid_lut23:47', 'mid_lut23:51'] 0.0233118611->0.0113911570 wNMSE=0.00078351931 wBias=-0.24771
[pair] round=2 no improvement
[final] score=0.0113911570 wNMSE=0.00078351931 wMSE=59.6888 wMRED=0.12811284 wER=0.155645 wMAE=2.5140 wBias=-0.2477 condBias=4.5812 dotDrift=-2.052sigma uMRED=0.0066776286 uER=0.191406 uMAE=3.3750 WCE=48 bias=0.2500
[json] /home/xuanqi/tony/work/FPGA/signed8x8_approx/signed8x8_2026_8_22/runs_qwen_legacy_refactor_20260916/balanced/rand614/refined/best_signed88_inits.json
