[design] balanced_split quad4 entries=112
[device] cuda
[initial] score=24.8099518570 wNMSE=0.29393975 wMSE=54761.3402 wMRED=5.85508162 wER=0.436089 wMAE=116.7966 wBias=33.2197 condBias=125.8885 dotDrift=+9.085sigma uMRED=0.2381500871 uER=0.434570 uMAE=89.7988 WCE=697 bias=-7.3125
[quad_warmup_bit:00000] loss=1.017493 tau=1.50 collapse_w=0.000 mid_frac=0.473 hard=score=22.7766514546 wNMSE=0.29137011 wMSE=54282.6145 wMRED=5.79207539 wER=0.436089 wMAE=115.8660 wBias=31.8018 condBias=124.0422 dotDrift=+8.736sigma uMRED=0.2365349030 uER=0.434570 uMAE=89.5449 WCE=681 bias=-7.8125 *BEST*
[quad_warmup_bit:00025] loss=0.812379 tau=1.50 collapse_w=0.000 mid_frac=0.473 hard=score=16.5659117208 wNMSE=0.29207316 wMSE=54413.5930 wMRED=5.80423771 wER=0.436089 wMAE=117.1928 wBias=26.9890 condBias=124.5924 dotDrift=+7.405sigma uMRED=0.2393409135 uER=0.434570 uMAE=91.6074 WCE=681 bias=-13.9375 *BEST*
[quad_warmup_bit:00050] loss=0.644597 tau=1.50 collapse_w=0.000 mid_frac=0.464 hard=score=3.6223248375 wNMSE=0.26578179 wMSE=49515.4778 wMRED=5.64393455 wER=0.436929 wMAE=108.6540 wBias=11.9508 condBias=117.0765 dotDrift=+3.437sigma uMRED=0.2209775831 uER=0.436523 uMAE=82.9863 WCE=681 bias=-32.8750 *BEST*
[quad_warmup_bit:00075] loss=0.515280 tau=1.50 collapse_w=0.000 mid_frac=0.473 hard=score=1.2998314124 wNMSE=0.29833116 wMSE=55579.4664 wMRED=5.73157160 wER=0.436929 wMAE=114.7042 wBias=5.9039 condBias=124.7310 dotDrift=+1.603sigma uMRED=0.2343111603 uER=0.436523 uMAE=90.9492 WCE=768 bias=-40.8125 *BEST*
[quad_warmup_bit:00100] loss=0.419976 tau=1.50 collapse_w=0.000 mid_frac=0.455 hard=score=1.1149453534 wNMSE=0.29835317 wMSE=55583.5660 wMRED=5.73244042 wER=0.436929 wMAE=114.5994 wBias=5.1379 condBias=124.8138 dotDrift=+1.395sigma uMRED=0.2345928699 uER=0.436523 uMAE=90.7500 WCE=768 bias=-42.8125 *BEST*
[quad_warmup_bit:00200] loss=0.253902 tau=1.50 collapse_w=0.000 mid_frac=0.446 hard=score=141.3415804839 wNMSE=0.31150541 wMSE=58033.8449 wMRED=5.80342229 wER=0.427508 wMAE=108.3833 wBias=-80.0050 condBias=142.1194 dotDrift=-21.255sigma uMRED=0.2455773246 uER=0.434570 uMAE=96.6875 WCE=892 bias=-83.3750
[quad_warmup_bit:00400] loss=0.208291 tau=1.50 collapse_w=0.000 mid_frac=0.455 hard=score=187.1829969730 wNMSE=0.30009048 wMSE=55907.2293 wMRED=5.10184137 wER=0.334237 wMAE=97.1370 wBias=-92.1172 condBias=165.7074 dotDrift=-24.934sigma uMRED=0.2271844234 uER=0.407227 uMAE=93.2500 WCE=892 bias=-87.5000
[quad_warmup_bit:00600] loss=0.191620 tau=1.50 collapse_w=0.000 mid_frac=0.429 hard=score=185.8974974945 wNMSE=0.29923295 wMSE=55747.4706 wMRED=5.06791259 wER=0.321370 wMAE=96.8974 wBias=-91.7998 condBias=165.2631 dotDrift=-24.883sigma uMRED=0.2265488976 uER=0.403320 uMAE=93.2266 WCE=888 bias=-87.3750
[quad_warmup_bit:00800] loss=0.176533 tau=1.50 collapse_w=0.000 mid_frac=0.402 hard=score=182.9570485347 wNMSE=0.29437153 wMSE=54841.7831 wMRED=4.94600442 wER=0.315287 wMAE=96.1686 wBias=-91.0710 condBias=164.0483 dotDrift=-24.889sigma uMRED=0.2248422743 uER=0.388672 uMAE=93.7266 WCE=856 bias=-87.8750
[quad_warmup_bit:01000] loss=0.163372 tau=1.50 collapse_w=0.000 mid_frac=0.402 hard=score=192.0125384263 wNMSE=0.2913497 wMSE=54278.8108 wMRED=4.89129902 wER=0.306515 wMAE=93.3793 wBias=-93.3073 condBias=166.4516 dotDrift=-25.632sigma uMRED=0.2206804888 uER=0.374023 uMAE=90.1562 WCE=848 bias=-89.8750
[quad_warmup_bit:01200] loss=0.153087 tau=1.50 collapse_w=0.000 mid_frac=0.375 hard=score=173.2821831108 wNMSE=0.27717377 wMSE=51637.8191 wMRED=4.77631292 wER=0.296759 wMAE=88.7033 wBias=-88.6313 condBias=161.5113 dotDrift=-24.962sigma uMRED=0.2102340144 uER=0.359375 uMAE=83.6562 WCE=832 bias=-83.3750
[quad_warmup_bit:01400] loss=0.144265 tau=1.50 collapse_w=0.000 mid_frac=0.375 hard=score=135.8676090178 wNMSE=0.24994937 wMSE=46565.8794 wMRED=4.16427351 wER=0.269898 wMAE=78.9849 wBias=-78.4621 condBias=153.6944 dotDrift=-23.271sigma uMRED=0.1906914995 uER=0.350586 uMAE=78.9375 WCE=704 bias=-78.3750
[quad_warmup_bit:01600] loss=0.135156 tau=1.50 collapse_w=0.000 mid_frac=0.357 hard=score=28.1018941117 wNMSE=0.066741758 wMSE=12434.0726 wMRED=1.29539672 wER=0.246501 wMAE=36.1728 wBias=-35.6500 condBias=68.1367 dotDrift=-20.461sigma uMRED=0.0924137099 uER=0.305664 uMAE=50.9375 WCE=640 bias=-50.3750
[quad_warmup_bit:01800] loss=0.126982 tau=1.50 collapse_w=0.000 mid_frac=0.304 hard=score=10.4041413326 wNMSE=0.0558362 wMSE=10402.3535 wMRED=0.36445962 wER=0.210702 wMAE=25.5909 wBias=-21.6153 condBias=53.8360 dotDrift=-13.564sigma uMRED=0.0679735182 uER=0.293945 uMAE=47.0312 WCE=640 bias=-44.3750
[quad_warmup_bit:02000] loss=0.119666 tau=1.50 collapse_w=0.000 mid_frac=0.304 hard=score=10.4041413326 wNMSE=0.0558362 wMSE=10402.3535 wMRED=0.36445962 wER=0.210702 wMAE=25.5909 wBias=-21.6153 condBias=53.8360 dotDrift=-13.564sigma uMRED=0.0679735182 uER=0.293945 uMAE=47.0312 WCE=640 bias=-44.3750
[quad_warmup_bit:02200] loss=0.112556 tau=1.50 collapse_w=0.000 mid_frac=0.295 hard=score=10.4478056995 wNMSE=0.055819274 wMSE=10399.2001 wMRED=0.35649014 wER=0.202815 wMAE=25.0672 wBias=-21.6608 condBias=53.8317 dotDrift=-13.594sigma uMRED=0.0660859569 uER=0.271484 uMAE=45.2969 WCE=640 bias=-43.0000
[quad_warmup_bit:02400] loss=0.106065 tau=1.50 collapse_w=0.000 mid_frac=0.277 hard=score=10.4788903068 wNMSE=0.054574306 wMSE=10167.2610 wMRED=0.33187437 wER=0.195322 wMAE=24.2092 wBias=-21.6953 condBias=53.2847 dotDrift=-13.770sigma uMRED=0.0646455526 uER=0.267578 uMAE=44.7969 WCE=640 bias=-43.0000
[quad_warmup_bit:02600] loss=0.100562 tau=1.50 collapse_w=0.000 mid_frac=0.250 hard=score=6.4157347030 wNMSE=0.040430105 wMSE=7532.1788 wMRED=0.29195829 wER=0.190791 wMAE=19.7456 wBias=-16.9502 condBias=43.7651 dotDrift=-12.500sigma uMRED=0.0499377045 uER=0.255859 uMAE=33.7344 WCE=564 bias=-31.0000
[quad_warmup_bit:02800] loss=0.095843 tau=1.50 collapse_w=0.000 mid_frac=0.223 hard=score=6.0624965662 wNMSE=0.039071982 wMSE=7279.1589 wMRED=0.28902669 wER=0.190791 wMAE=19.2680 wBias=-16.4726 condBias=43.0461 dotDrift=-12.357sigma uMRED=0.0476417238 uER=0.255859 uMAE=31.7344 WCE=564 bias=-29.0000
[quad_warmup_bit:03000] loss=0.091560 tau=1.50 collapse_w=0.000 mid_frac=0.214 hard=score=5.0742085692 wNMSE=0.038221606 wMSE=7120.7327 wMRED=0.28062014 wER=0.184729 wMAE=18.0303 wBias=-15.0473 condBias=42.6890 dotDrift=-11.412sigma uMRED=0.0440532860 uER=0.240234 uMAE=28.3594 WCE=564 bias=-25.0000
[quad_warmup_bit:03175] loss=0.087565 tau=1.50 collapse_w=0.000 mid_frac=0.179 hard=score=0.0257161942 wNMSE=0.00098870228 wMSE=184.1965 wMRED=0.09403713 wER=0.168124 wMAE=4.2610 wBias=-0.9327 condBias=7.8965 dotDrift=-4.398sigma uMRED=0.0096701918 uER=0.205078 uMAE=5.6875 WCE=80 bias=-1.0000 *BEST*
[quad_warmup_bit:03200] loss=0.086922 tau=1.50 collapse_w=0.000 mid_frac=0.179 hard=score=0.0257161942 wNMSE=0.00098870228 wMSE=184.1965 wMRED=0.09403713 wER=0.168124 wMAE=4.2610 wBias=-0.9327 condBias=7.8965 dotDrift=-4.398sigma uMRED=0.0096701918 uER=0.205078 uMAE=5.6875 WCE=80 bias=-1.0000
[quad_warmup_bit:03400] loss=0.081311 tau=1.50 collapse_w=0.000 mid_frac=0.134 hard=score=0.0696981157 wNMSE=0.00077421682 wMSE=144.2376 wMRED=0.09133030 wER=0.177250 wMAE=4.0790 wBias=-1.6988 condBias=7.0362 dotDrift=-9.053sigma uMRED=0.0090252157 uER=0.212891 uMAE=5.1875 WCE=80 bias=-2.0000
[quad_warmup_bit:03600] loss=0.076749 tau=1.50 collapse_w=0.000 mid_frac=0.125 hard=score=0.0696981157 wNMSE=0.00077421682 wMSE=144.2376 wMRED=0.09133030 wER=0.177250 wMAE=4.0790 wBias=-1.6988 condBias=7.0362 dotDrift=-9.053sigma uMRED=0.0090252157 uER=0.212891 uMAE=5.1875 WCE=80 bias=-2.0000
[quad_warmup_bit:03800] loss=0.073990 tau=1.50 collapse_w=0.000 mid_frac=0.125 hard=score=0.2658284824 wNMSE=0.0022956697 wMSE=427.6861 wMRED=0.11846667 wER=0.177250 wMAE=5.7738 wBias=-3.3936 condBias=11.2413 dotDrift=-10.502sigma uMRED=0.0125792404 uER=0.212891 uMAE=7.1875 WCE=144 bias=-4.0000
[quad_warmup_bit:03850] loss=0.073487 tau=1.50 collapse_w=0.000 mid_frac=0.125 hard=score=0.0039244433 wNMSE=0.00041718412 wMSE=77.7219 wMRED=0.07778414 wER=0.168868 wMAE=3.1290 wBias=-0.0041 condBias=5.1809 dotDrift=-0.029sigma uMRED=0.0068427756 uER=0.201172 uMAE=3.8906 WCE=52 bias=0.0000 *BEST*
[quad_warmup_bit:04000] loss=0.072207 tau=1.50 collapse_w=0.000 mid_frac=0.125 hard=score=0.0039244433 wNMSE=0.00041718412 wMSE=77.7219 wMRED=0.07778414 wER=0.168868 wMAE=3.1290 wBias=-0.0041 condBias=5.1809 dotDrift=-0.029sigma uMRED=0.0068427756 uER=0.201172 uMAE=3.8906 WCE=52 bias=0.0000
[quad_warmup_bit:04200] loss=0.070890 tau=1.50 collapse_w=0.000 mid_frac=0.116 hard=score=0.0039244433 wNMSE=0.00041718412 wMSE=77.7219 wMRED=0.07778414 wER=0.168868 wMAE=3.1290 wBias=-0.0041 condBias=5.1809 dotDrift=-0.029sigma uMRED=0.0068427756 uER=0.201172 uMAE=3.8906 WCE=52 bias=0.0000
[quad_warmup_bit:04400] loss=0.069882 tau=1.50 collapse_w=0.000 mid_frac=0.116 hard=score=0.0039244433 wNMSE=0.00041718412 wMSE=77.7219 wMRED=0.07778414 wER=0.168868 wMAE=3.1290 wBias=-0.0041 condBias=5.1809 dotDrift=-0.029sigma uMRED=0.0068427756 uER=0.201172 uMAE=3.8906 WCE=52 bias=0.0000
[quad_warmup_bit:04600] loss=0.069107 tau=1.50 collapse_w=0.000 mid_frac=0.116 hard=score=0.0039244433 wNMSE=0.00041718412 wMSE=77.7219 wMRED=0.07778414 wER=0.168868 wMAE=3.1290 wBias=-0.0041 condBias=5.1809 dotDrift=-0.029sigma uMRED=0.0068427756 uER=0.201172 uMAE=3.8906 WCE=52 bias=0.0000
[quad_warmup_bit:04800] loss=0.068495 tau=1.50 collapse_w=0.000 mid_frac=0.116 hard=score=0.0039244433 wNMSE=0.00041718412 wMSE=77.7219 wMRED=0.07778414 wER=0.168868 wMAE=3.1290 wBias=-0.0041 condBias=5.1809 dotDrift=-0.029sigma uMRED=0.0068427756 uER=0.201172 uMAE=3.8906 WCE=52 bias=0.0000
[quad_warmup_bit:05000] loss=0.068002 tau=1.50 collapse_w=0.000 mid_frac=0.116 hard=score=0.0039244433 wNMSE=0.00041718412 wMSE=77.7219 wMRED=0.07778414 wER=0.168868 wMAE=3.1290 wBias=-0.0041 condBias=5.1809 dotDrift=-0.029sigma uMRED=0.0068427756 uER=0.201172 uMAE=3.8906 WCE=52 bias=0.0000
[quad_warmup_bit:05200] loss=0.067600 tau=1.50 collapse_w=0.000 mid_frac=0.107 hard=score=0.0080238341 wNMSE=0.00048018536 wMSE=89.4591 wMRED=0.08080944 wER=0.175683 wMAE=3.4668 wBias=-0.4273 condBias=5.2376 dotDrift=-2.891sigma uMRED=0.0073866798 uER=0.207031 uMAE=4.3125 WCE=52 bias=-0.5000
[quad_warmup_bit:05400] loss=0.067266 tau=1.50 collapse_w=0.000 mid_frac=0.107 hard=score=0.0080238341 wNMSE=0.00048018536 wMSE=89.4591 wMRED=0.08080944 wER=0.175683 wMAE=3.4668 wBias=-0.4273 condBias=5.2376 dotDrift=-2.891sigma uMRED=0.0073866798 uER=0.207031 uMAE=4.3125 WCE=52 bias=-0.5000
[quad_warmup_bit:05600] loss=0.066987 tau=1.50 collapse_w=0.000 mid_frac=0.107 hard=score=0.0080238341 wNMSE=0.00048018536 wMSE=89.4591 wMRED=0.08080944 wER=0.175683 wMAE=3.4668 wBias=-0.4273 condBias=5.2376 dotDrift=-2.891sigma uMRED=0.0073866798 uER=0.207031 uMAE=4.3125 WCE=52 bias=-0.5000
[quad_warmup_bit:05800] loss=0.066750 tau=1.50 collapse_w=0.000 mid_frac=0.107 hard=score=0.0080238341 wNMSE=0.00048018536 wMSE=89.4591 wMRED=0.08080944 wER=0.175683 wMAE=3.4668 wBias=-0.4273 condBias=5.2376 dotDrift=-2.891sigma uMRED=0.0073866798 uER=0.207031 uMAE=4.3125 WCE=52 bias=-0.5000
[quad_warmup_bit:05999] loss=0.066547 tau=1.50 collapse_w=0.000 mid_frac=0.107 hard=score=0.0080238341 wNMSE=0.00048018536 wMSE=89.4591 wMRED=0.08080944 wER=0.175683 wMAE=3.4668 wBias=-0.4273 condBias=5.2376 dotDrift=-2.891sigma uMRED=0.0073866798 uER=0.207031 uMAE=4.3125 WCE=52 bias=-0.5000
[quad_soft:00000] loss=0.123002 tau=1.50 collapse_w=0.000 mid_frac=0.107 hard=score=0.0080238341 wNMSE=0.00048018536 wMSE=89.4591 wMRED=0.08080944 wER=0.175683 wMAE=3.4668 wBias=-0.4273 condBias=5.2376 dotDrift=-2.891sigma uMRED=0.0073866798 uER=0.207031 uMAE=4.3125 WCE=52 bias=-0.5000
[quad_soft:00200] loss=0.092160 tau=1.59 collapse_w=0.000 mid_frac=0.080 hard=score=0.0080238341 wNMSE=0.00048018536 wMSE=89.4591 wMRED=0.08080944 wER=0.175683 wMAE=3.4668 wBias=-0.4273 condBias=5.2376 dotDrift=-2.891sigma uMRED=0.0073866798 uER=0.207031 uMAE=4.3125 WCE=52 bias=-0.5000
[quad_soft:00400] loss=0.084581 tau=1.68 collapse_w=0.000 mid_frac=0.071 hard=score=0.0080238341 wNMSE=0.00048018536 wMSE=89.4591 wMRED=0.08080944 wER=0.175683 wMAE=3.4668 wBias=-0.4273 condBias=5.2376 dotDrift=-2.891sigma uMRED=0.0073866798 uER=0.207031 uMAE=4.3125 WCE=52 bias=-0.5000
[quad_soft:00600] loss=0.080947 tau=1.77 collapse_w=0.000 mid_frac=0.071 hard=score=0.0080238341 wNMSE=0.00048018536 wMSE=89.4591 wMRED=0.08080944 wER=0.175683 wMAE=3.4668 wBias=-0.4273 condBias=5.2376 dotDrift=-2.891sigma uMRED=0.0073866798 uER=0.207031 uMAE=4.3125 WCE=52 bias=-0.5000
[quad_soft:00800] loss=0.078786 tau=1.86 collapse_w=0.000 mid_frac=0.080 hard=score=0.0080238341 wNMSE=0.00048018536 wMSE=89.4591 wMRED=0.08080944 wER=0.175683 wMAE=3.4668 wBias=-0.4273 condBias=5.2376 dotDrift=-2.891sigma uMRED=0.0073866798 uER=0.207031 uMAE=4.3125 WCE=52 bias=-0.5000
[quad_soft:01000] loss=0.076973 tau=1.95 collapse_w=0.000 mid_frac=0.089 hard=score=0.0080238341 wNMSE=0.00048018536 wMSE=89.4591 wMRED=0.08080944 wER=0.175683 wMAE=3.4668 wBias=-0.4273 condBias=5.2376 dotDrift=-2.891sigma uMRED=0.0073866798 uER=0.207031 uMAE=4.3125 WCE=52 bias=-0.5000
[quad_soft:01200] loss=0.075306 tau=2.04 collapse_w=0.000 mid_frac=0.089 hard=score=0.0080238341 wNMSE=0.00048018536 wMSE=89.4591 wMRED=0.08080944 wER=0.175683 wMAE=3.4668 wBias=-0.4273 condBias=5.2376 dotDrift=-2.891sigma uMRED=0.0073866798 uER=0.207031 uMAE=4.3125 WCE=52 bias=-0.5000
[quad_soft:01400] loss=0.073714 tau=2.13 collapse_w=0.000 mid_frac=0.089 hard=score=0.0080238341 wNMSE=0.00048018536 wMSE=89.4591 wMRED=0.08080944 wER=0.175683 wMAE=3.4668 wBias=-0.4273 condBias=5.2376 dotDrift=-2.891sigma uMRED=0.0073866798 uER=0.207031 uMAE=4.3125 WCE=52 bias=-0.5000
[quad_soft:01600] loss=0.072163 tau=2.22 collapse_w=0.000 mid_frac=0.098 hard=score=0.0080238341 wNMSE=0.00048018536 wMSE=89.4591 wMRED=0.08080944 wER=0.175683 wMAE=3.4668 wBias=-0.4273 condBias=5.2376 dotDrift=-2.891sigma uMRED=0.0073866798 uER=0.207031 uMAE=4.3125 WCE=52 bias=-0.5000
[quad_soft:01800] loss=0.070641 tau=2.31 collapse_w=0.000 mid_frac=0.107 hard=score=0.0080238341 wNMSE=0.00048018536 wMSE=89.4591 wMRED=0.08080944 wER=0.175683 wMAE=3.4668 wBias=-0.4273 condBias=5.2376 dotDrift=-2.891sigma uMRED=0.0073866798 uER=0.207031 uMAE=4.3125 WCE=52 bias=-0.5000
[quad_soft:02000] loss=0.069133 tau=2.40 collapse_w=0.000 mid_frac=0.107 hard=score=0.0080238341 wNMSE=0.00048018536 wMSE=89.4591 wMRED=0.08080944 wER=0.175683 wMAE=3.4668 wBias=-0.4273 condBias=5.2376 dotDrift=-2.891sigma uMRED=0.0073866798 uER=0.207031 uMAE=4.3125 WCE=52 bias=-0.5000
[quad_soft:02200] loss=0.067636 tau=2.49 collapse_w=0.000 mid_frac=0.107 hard=score=0.0080238341 wNMSE=0.00048018536 wMSE=89.4591 wMRED=0.08080944 wER=0.175683 wMAE=3.4668 wBias=-0.4273 condBias=5.2376 dotDrift=-2.891sigma uMRED=0.0073866798 uER=0.207031 uMAE=4.3125 WCE=52 bias=-0.5000
[quad_soft:02400] loss=0.066143 tau=2.58 collapse_w=0.000 mid_frac=0.107 hard=score=0.0080238341 wNMSE=0.00048018536 wMSE=89.4591 wMRED=0.08080944 wER=0.175683 wMAE=3.4668 wBias=-0.4273 condBias=5.2376 dotDrift=-2.891sigma uMRED=0.0073866798 uER=0.207031 uMAE=4.3125 WCE=52 bias=-0.5000
[quad_soft:02600] loss=0.064653 tau=2.67 collapse_w=0.000 mid_frac=0.107 hard=score=0.0048594308 wNMSE=0.00043841508 wMSE=81.6773 wMRED=0.07747491 wER=0.175683 wMAE=3.2716 wBias=-0.2321 condBias=4.8726 dotDrift=-1.644sigma uMRED=0.0069978090 uER=0.207031 uMAE=4.0625 WCE=48 bias=-0.2500
[quad_soft:02800] loss=0.063168 tau=2.76 collapse_w=0.000 mid_frac=0.107 hard=score=0.0048594308 wNMSE=0.00043841508 wMSE=81.6773 wMRED=0.07747491 wER=0.175683 wMAE=3.2716 wBias=-0.2321 condBias=4.8726 dotDrift=-1.644sigma uMRED=0.0069978090 uER=0.207031 uMAE=4.0625 WCE=48 bias=-0.2500
[quad_soft:03000] loss=0.061682 tau=2.85 collapse_w=0.000 mid_frac=0.116 hard=score=0.0149098916 wNMSE=0.00043850917 wMSE=81.6948 wMRED=0.07813552 wER=0.193493 wMAE=3.2966 wBias=-0.7150 condBias=4.9269 dotDrift=-5.063sigma uMRED=0.0070809382 uER=0.222656 uMAE=4.0938 WCE=48 bias=-0.7500
[quad_soft:03200] loss=0.060195 tau=2.94 collapse_w=0.000 mid_frac=0.116 hard=score=0.0149098916 wNMSE=0.00043850917 wMSE=81.6948 wMRED=0.07813552 wER=0.193493 wMAE=3.2966 wBias=-0.7150 condBias=4.9269 dotDrift=-5.063sigma uMRED=0.0070809382 uER=0.222656 uMAE=4.0938 WCE=48 bias=-0.7500
[quad_soft:03400] loss=0.058710 tau=3.03 collapse_w=0.000 mid_frac=0.116 hard=score=0.0149098916 wNMSE=0.00043850917 wMSE=81.6948 wMRED=0.07813552 wER=0.193493 wMAE=3.2966 wBias=-0.7150 condBias=4.9269 dotDrift=-5.063sigma uMRED=0.0070809382 uER=0.222656 uMAE=4.0938 WCE=48 bias=-0.7500
[quad_soft:03600] loss=0.057222 tau=3.12 collapse_w=0.000 mid_frac=0.116 hard=score=0.0149098916 wNMSE=0.00043850917 wMSE=81.6948 wMRED=0.07813552 wER=0.193493 wMAE=3.2966 wBias=-0.7150 condBias=4.9269 dotDrift=-5.063sigma uMRED=0.0070809382 uER=0.222656 uMAE=4.0938 WCE=48 bias=-0.7500
[quad_soft:03800] loss=0.055737 tau=3.21 collapse_w=0.000 mid_frac=0.116 hard=score=0.0149098916 wNMSE=0.00043850917 wMSE=81.6948 wMRED=0.07813552 wER=0.193493 wMAE=3.2966 wBias=-0.7150 condBias=4.9269 dotDrift=-5.063sigma uMRED=0.0070809382 uER=0.222656 uMAE=4.0938 WCE=48 bias=-0.7500
[quad_soft:04000] loss=0.054251 tau=3.30 collapse_w=0.000 mid_frac=0.116 hard=score=0.0149098916 wNMSE=0.00043850917 wMSE=81.6948 wMRED=0.07813552 wER=0.193493 wMAE=3.2966 wBias=-0.7150 condBias=4.9269 dotDrift=-5.063sigma uMRED=0.0070809382 uER=0.222656 uMAE=4.0938 WCE=48 bias=-0.7500
[quad_soft:04200] loss=0.052731 tau=3.39 collapse_w=0.000 mid_frac=0.116 hard=score=0.0149098916 wNMSE=0.00043850917 wMSE=81.6948 wMRED=0.07813552 wER=0.193493 wMAE=3.2966 wBias=-0.7150 condBias=4.9269 dotDrift=-5.063sigma uMRED=0.0070809382 uER=0.222656 uMAE=4.0938 WCE=48 bias=-0.7500
[quad_soft:04400] loss=0.051210 tau=3.48 collapse_w=0.000 mid_frac=0.116 hard=score=0.0149098916 wNMSE=0.00043850917 wMSE=81.6948 wMRED=0.07813552 wER=0.193493 wMAE=3.2966 wBias=-0.7150 condBias=4.9269 dotDrift=-5.063sigma uMRED=0.0070809382 uER=0.222656 uMAE=4.0938 WCE=48 bias=-0.7500
[quad_soft:04600] loss=0.049693 tau=3.57 collapse_w=0.000 mid_frac=0.116 hard=score=0.0149098916 wNMSE=0.00043850917 wMSE=81.6948 wMRED=0.07813552 wER=0.193493 wMAE=3.2966 wBias=-0.7150 condBias=4.9269 dotDrift=-5.063sigma uMRED=0.0070809382 uER=0.222656 uMAE=4.0938 WCE=48 bias=-0.7500
[quad_soft:04800] loss=0.048171 tau=3.66 collapse_w=0.000 mid_frac=0.116 hard=score=0.0149098916 wNMSE=0.00043850917 wMSE=81.6948 wMRED=0.07813552 wER=0.193493 wMAE=3.2966 wBias=-0.7150 condBias=4.9269 dotDrift=-5.063sigma uMRED=0.0070809382 uER=0.222656 uMAE=4.0938 WCE=48 bias=-0.7500
[quad_soft:05000] loss=0.046651 tau=3.75 collapse_w=0.000 mid_frac=0.107 hard=score=0.0149098916 wNMSE=0.00043850917 wMSE=81.6948 wMRED=0.07813552 wER=0.193493 wMAE=3.2966 wBias=-0.7150 condBias=4.9269 dotDrift=-5.063sigma uMRED=0.0070809382 uER=0.222656 uMAE=4.0938 WCE=48 bias=-0.7500
[quad_soft:05200] loss=0.045129 tau=3.84 collapse_w=0.000 mid_frac=0.107 hard=score=0.0149098916 wNMSE=0.00043850917 wMSE=81.6948 wMRED=0.07813552 wER=0.193493 wMAE=3.2966 wBias=-0.7150 condBias=4.9269 dotDrift=-5.063sigma uMRED=0.0070809382 uER=0.222656 uMAE=4.0938 WCE=48 bias=-0.7500
[quad_soft:05400] loss=0.043609 tau=3.93 collapse_w=0.000 mid_frac=0.107 hard=score=0.0149098916 wNMSE=0.00043850917 wMSE=81.6948 wMRED=0.07813552 wER=0.193493 wMAE=3.2966 wBias=-0.7150 condBias=4.9269 dotDrift=-5.063sigma uMRED=0.0070809382 uER=0.222656 uMAE=4.0938 WCE=48 bias=-0.7500
[quad_soft:05600] loss=0.042083 tau=4.02 collapse_w=0.000 mid_frac=0.107 hard=score=0.0149098916 wNMSE=0.00043850917 wMSE=81.6948 wMRED=0.07813552 wER=0.193493 wMAE=3.2966 wBias=-0.7150 condBias=4.9269 dotDrift=-5.063sigma uMRED=0.0070809382 uER=0.222656 uMAE=4.0938 WCE=48 bias=-0.7500
[quad_soft:05800] loss=0.040560 tau=4.11 collapse_w=0.000 mid_frac=0.107 hard=score=0.0149098916 wNMSE=0.00043850917 wMSE=81.6948 wMRED=0.07813552 wER=0.193493 wMAE=3.2966 wBias=-0.7150 condBias=4.9269 dotDrift=-5.063sigma uMRED=0.0070809382 uER=0.222656 uMAE=4.0938 WCE=48 bias=-0.7500
[quad_soft:06000] loss=0.039041 tau=4.20 collapse_w=0.000 mid_frac=0.107 hard=score=0.0149098916 wNMSE=0.00043850917 wMSE=81.6948 wMRED=0.07813552 wER=0.193493 wMAE=3.2966 wBias=-0.7150 condBias=4.9269 dotDrift=-5.063sigma uMRED=0.0070809382 uER=0.222656 uMAE=4.0938 WCE=48 bias=-0.7500
[quad_soft:06200] loss=0.038341 tau=4.29 collapse_w=0.025 mid_frac=0.098 hard=score=0.0039996881 wNMSE=0.0003809482 wMSE=70.9711 wMRED=0.07520500 wER=0.182315 wMAE=2.8885 wBias=0.1314 condBias=5.0678 dotDrift=+0.998sigma uMRED=0.0063578356 uER=0.207031 uMAE=3.5000 WCE=48 bias=0.2500
[quad_soft:06400] loss=0.037519 tau=4.38 collapse_w=0.050 mid_frac=0.098 hard=score=0.0039996881 wNMSE=0.0003809482 wMSE=70.9711 wMRED=0.07520500 wER=0.182315 wMAE=2.8885 wBias=0.1314 condBias=5.0678 dotDrift=+0.998sigma uMRED=0.0063578356 uER=0.207031 uMAE=3.5000 WCE=48 bias=0.2500
[quad_soft:06600] loss=0.036645 tau=4.47 collapse_w=0.075 mid_frac=0.080 hard=score=0.0119234712 wNMSE=0.00038510611 wMSE=71.7457 wMRED=0.07517637 wER=0.164504 wMAE=2.8883 wBias=0.6143 condBias=5.0932 dotDrift=+4.642sigma uMRED=0.0063578356 uER=0.191406 uMAE=3.5000 WCE=48 bias=0.7500
[quad_soft:06800] loss=0.035731 tau=4.56 collapse_w=0.100 mid_frac=0.062 hard=score=0.0147363247 wNMSE=0.00037050676 wMSE=69.0259 wMRED=0.07350911 wER=0.164504 wMAE=2.7907 wBias=0.7119 condBias=4.9384 dotDrift=+5.484sigma uMRED=0.0061634002 uER=0.191406 uMAE=3.3750 WCE=48 bias=0.8750
[quad_soft:07000] loss=0.034780 tau=4.65 collapse_w=0.125 mid_frac=0.062 hard=score=0.0147363247 wNMSE=0.00037050676 wMSE=69.0259 wMRED=0.07350911 wER=0.164504 wMAE=2.7907 wBias=0.7119 condBias=4.9384 dotDrift=+5.484sigma uMRED=0.0061634002 uER=0.191406 uMAE=3.3750 WCE=48 bias=0.8750
[quad_soft:07200] loss=0.033802 tau=4.74 collapse_w=0.150 mid_frac=0.054 hard=score=0.0147363247 wNMSE=0.00037050676 wMSE=69.0259 wMRED=0.07350911 wER=0.164504 wMAE=2.7907 wBias=0.7119 condBias=4.9384 dotDrift=+5.484sigma uMRED=0.0061634002 uER=0.191406 uMAE=3.3750 WCE=48 bias=0.8750
[quad_soft:07400] loss=0.032798 tau=4.83 collapse_w=0.175 mid_frac=0.045 hard=score=0.0147363247 wNMSE=0.00037050676 wMSE=69.0259 wMRED=0.07350911 wER=0.164504 wMAE=2.7907 wBias=0.7119 condBias=4.9384 dotDrift=+5.484sigma uMRED=0.0061634002 uER=0.191406 uMAE=3.3750 WCE=48 bias=0.8750
[quad_soft:07600] loss=0.031765 tau=4.92 collapse_w=0.200 mid_frac=0.036 hard=score=0.0147363247 wNMSE=0.00037050676 wMSE=69.0259 wMRED=0.07350911 wER=0.164504 wMAE=2.7907 wBias=0.7119 condBias=4.9384 dotDrift=+5.484sigma uMRED=0.0061634002 uER=0.191406 uMAE=3.3750 WCE=48 bias=0.8750
[quad_soft:07800] loss=0.030687 tau=5.01 collapse_w=0.225 mid_frac=0.018 hard=score=0.0147363247 wNMSE=0.00037050676 wMSE=69.0259 wMRED=0.07350911 wER=0.164504 wMAE=2.7907 wBias=0.7119 condBias=4.9384 dotDrift=+5.484sigma uMRED=0.0061634002 uER=0.191406 uMAE=3.3750 WCE=48 bias=0.8750
[quad_soft:08000] loss=0.029561 tau=5.10 collapse_w=0.250 mid_frac=0.018 hard=score=0.0147363247 wNMSE=0.00037050676 wMSE=69.0259 wMRED=0.07350911 wER=0.164504 wMAE=2.7907 wBias=0.7119 condBias=4.9384 dotDrift=+5.484sigma uMRED=0.0061634002 uER=0.191406 uMAE=3.3750 WCE=48 bias=0.8750
[quad_soft:08200] loss=0.028394 tau=5.19 collapse_w=0.275 mid_frac=0.018 hard=score=0.0147363247 wNMSE=0.00037050676 wMSE=69.0259 wMRED=0.07350911 wER=0.164504 wMAE=2.7907 wBias=0.7119 condBias=4.9384 dotDrift=+5.484sigma uMRED=0.0061634002 uER=0.191406 uMAE=3.3750 WCE=48 bias=0.8750
[quad_soft:08400] loss=0.027210 tau=5.28 collapse_w=0.300 mid_frac=0.018 hard=score=0.0147363247 wNMSE=0.00037050676 wMSE=69.0259 wMRED=0.07350911 wER=0.164504 wMAE=2.7907 wBias=0.7119 condBias=4.9384 dotDrift=+5.484sigma uMRED=0.0061634002 uER=0.191406 uMAE=3.3750 WCE=48 bias=0.8750
[quad_soft:08600] loss=0.025992 tau=5.37 collapse_w=0.325 mid_frac=0.018 hard=score=0.0147363247 wNMSE=0.00037050676 wMSE=69.0259 wMRED=0.07350911 wER=0.164504 wMAE=2.7907 wBias=0.7119 condBias=4.9384 dotDrift=+5.484sigma uMRED=0.0061634002 uER=0.191406 uMAE=3.3750 WCE=48 bias=0.8750
[quad_soft:08800] loss=0.024732 tau=5.46 collapse_w=0.350 mid_frac=0.018 hard=score=0.0147363247 wNMSE=0.00037050676 wMSE=69.0259 wMRED=0.07350911 wER=0.164504 wMAE=2.7907 wBias=0.7119 condBias=4.9384 dotDrift=+5.484sigma uMRED=0.0061634002 uER=0.191406 uMAE=3.3750 WCE=48 bias=0.8750
[quad_soft:09000] loss=0.023414 tau=5.55 collapse_w=0.375 mid_frac=0.018 hard=score=0.0147363247 wNMSE=0.00037050676 wMSE=69.0259 wMRED=0.07350911 wER=0.164504 wMAE=2.7907 wBias=0.7119 condBias=4.9384 dotDrift=+5.484sigma uMRED=0.0061634002 uER=0.191406 uMAE=3.3750 WCE=48 bias=0.8750
[quad_soft:09200] loss=0.022009 tau=5.64 collapse_w=0.400 mid_frac=0.018 hard=score=0.0147363247 wNMSE=0.00037050676 wMSE=69.0259 wMRED=0.07350911 wER=0.164504 wMAE=2.7907 wBias=0.7119 condBias=4.9384 dotDrift=+5.484sigma uMRED=0.0061634002 uER=0.191406 uMAE=3.3750 WCE=48 bias=0.8750
[quad_soft:09400] loss=0.020523 tau=5.73 collapse_w=0.425 mid_frac=0.018 hard=score=0.0147363247 wNMSE=0.00037050676 wMSE=69.0259 wMRED=0.07350911 wER=0.164504 wMAE=2.7907 wBias=0.7119 condBias=4.9384 dotDrift=+5.484sigma uMRED=0.0061634002 uER=0.191406 uMAE=3.3750 WCE=48 bias=0.8750
[quad_soft:09600] loss=0.018878 tau=5.82 collapse_w=0.450 mid_frac=0.018 hard=score=0.0147363247 wNMSE=0.00037050676 wMSE=69.0259 wMRED=0.07350911 wER=0.164504 wMAE=2.7907 wBias=0.7119 condBias=4.9384 dotDrift=+5.484sigma uMRED=0.0061634002 uER=0.191406 uMAE=3.3750 WCE=48 bias=0.8750
[quad_soft:09800] loss=0.017124 tau=5.91 collapse_w=0.475 mid_frac=0.018 hard=score=0.0147363247 wNMSE=0.00037050676 wMSE=69.0259 wMRED=0.07350911 wER=0.164504 wMAE=2.7907 wBias=0.7119 condBias=4.9384 dotDrift=+5.484sigma uMRED=0.0061634002 uER=0.191406 uMAE=3.3750 WCE=48 bias=0.8750
[quad_soft:09999] loss=0.015096 tau=6.00 collapse_w=0.500 mid_frac=0.018 hard=score=0.0147363247 wNMSE=0.00037050676 wMSE=69.0259 wMRED=0.07350911 wER=0.164504 wMAE=2.7907 wBias=0.7119 condBias=4.9384 dotDrift=+5.484sigma uMRED=0.0061634002 uER=0.191406 uMAE=3.3750 WCE=48 bias=0.8750
[quad_hard_ste:00000] loss=0.022167 tau=6.00 collapse_w=0.500 mid_frac=0.018 hard=score=0.0147363247 wNMSE=0.00037050676 wMSE=69.0259 wMRED=0.07350911 wER=0.164504 wMAE=2.7907 wBias=0.7119 condBias=4.9384 dotDrift=+5.484sigma uMRED=0.0061634002 uER=0.191406 uMAE=3.3750 WCE=48 bias=0.8750
[quad_hard_ste:00200] loss=0.024593 tau=6.00 collapse_w=0.500 mid_frac=0.018 hard=score=0.0147363247 wNMSE=0.00037050676 wMSE=69.0259 wMRED=0.07350911 wER=0.164504 wMAE=2.7907 wBias=0.7119 condBias=4.9384 dotDrift=+5.484sigma uMRED=0.0061634002 uER=0.191406 uMAE=3.3750 WCE=48 bias=0.8750
[quad_hard_ste:00400] loss=0.174305 tau=6.00 collapse_w=0.500 mid_frac=0.018 hard=score=0.1688302004 wNMSE=0.0021034542 wMSE=391.8761 wMRED=0.11043178 wER=0.175677 wMAE=5.3129 wBias=-2.6777 condBias=9.8411 dotDrift=-8.657sigma uMRED=0.0115260690 uER=0.207031 uMAE=6.5469 WCE=128 bias=-3.1250
[quad_hard_ste:00600] loss=0.173608 tau=6.00 collapse_w=0.500 mid_frac=0.018 hard=score=0.1688302004 wNMSE=0.0021034542 wMSE=391.8761 wMRED=0.11043178 wER=0.175677 wMAE=5.3129 wBias=-2.6777 condBias=9.8411 dotDrift=-8.657sigma uMRED=0.0115260690 uER=0.207031 uMAE=6.5469 WCE=128 bias=-3.1250
[quad_hard_ste:00800] loss=0.173170 tau=6.00 collapse_w=0.500 mid_frac=0.018 hard=score=0.1688302004 wNMSE=0.0021034542 wMSE=391.8761 wMRED=0.11043178 wER=0.175677 wMAE=5.3129 wBias=-2.6777 condBias=9.8411 dotDrift=-8.657sigma uMRED=0.0115260690 uER=0.207031 uMAE=6.5469 WCE=128 bias=-3.1250
[quad_hard_ste:01000] loss=0.172841 tau=6.00 collapse_w=0.500 mid_frac=0.018 hard=score=0.1688302004 wNMSE=0.0021034542 wMSE=391.8761 wMRED=0.11043178 wER=0.175677 wMAE=5.3129 wBias=-2.6777 condBias=9.8411 dotDrift=-8.657sigma uMRED=0.0115260690 uER=0.207031 uMAE=6.5469 WCE=128 bias=-3.1250
[quad_hard_ste:01200] loss=0.172580 tau=6.00 collapse_w=0.500 mid_frac=0.018 hard=score=0.1688302004 wNMSE=0.0021034542 wMSE=391.8761 wMRED=0.11043178 wER=0.175677 wMAE=5.3129 wBias=-2.6777 condBias=9.8411 dotDrift=-8.657sigma uMRED=0.0115260690 uER=0.207031 uMAE=6.5469 WCE=128 bias=-3.1250
[quad_hard_ste:01400] loss=0.172365 tau=6.00 collapse_w=0.500 mid_frac=0.018 hard=score=0.1688302004 wNMSE=0.0021034542 wMSE=391.8761 wMRED=0.11043178 wER=0.175677 wMAE=5.3129 wBias=-2.6777 condBias=9.8411 dotDrift=-8.657sigma uMRED=0.0115260690 uER=0.207031 uMAE=6.5469 WCE=128 bias=-3.1250
[quad_hard_ste:01600] loss=0.172185 tau=6.00 collapse_w=0.500 mid_frac=0.018 hard=score=0.1688302004 wNMSE=0.0021034542 wMSE=391.8761 wMRED=0.11043178 wER=0.175677 wMAE=5.3129 wBias=-2.6777 condBias=9.8411 dotDrift=-8.657sigma uMRED=0.0115260690 uER=0.207031 uMAE=6.5469 WCE=128 bias=-3.1250
[quad_hard_ste:01800] loss=0.172035 tau=6.00 collapse_w=0.500 mid_frac=0.018 hard=score=0.1688302004 wNMSE=0.0021034542 wMSE=391.8761 wMRED=0.11043178 wER=0.175677 wMAE=5.3129 wBias=-2.6777 condBias=9.8411 dotDrift=-8.657sigma uMRED=0.0115260690 uER=0.207031 uMAE=6.5469 WCE=128 bias=-3.1250
[quad_hard_ste:02000] loss=0.171907 tau=6.00 collapse_w=0.500 mid_frac=0.018 hard=score=0.1688302004 wNMSE=0.0021034542 wMSE=391.8761 wMRED=0.11043178 wER=0.175677 wMAE=5.3129 wBias=-2.6777 condBias=9.8411 dotDrift=-8.657sigma uMRED=0.0115260690 uER=0.207031 uMAE=6.5469 WCE=128 bias=-3.1250
[quad_hard_ste:02200] loss=0.171798 tau=6.00 collapse_w=0.500 mid_frac=0.018 hard=score=0.1688302004 wNMSE=0.0021034542 wMSE=391.8761 wMRED=0.11043178 wER=0.175677 wMAE=5.3129 wBias=-2.6777 condBias=9.8411 dotDrift=-8.657sigma uMRED=0.0115260690 uER=0.207031 uMAE=6.5469 WCE=128 bias=-3.1250
[quad_hard_ste:02400] loss=0.171705 tau=6.00 collapse_w=0.500 mid_frac=0.018 hard=score=0.1688302004 wNMSE=0.0021034542 wMSE=391.8761 wMRED=0.11043178 wER=0.175677 wMAE=5.3129 wBias=-2.6777 condBias=9.8411 dotDrift=-8.657sigma uMRED=0.0115260690 uER=0.207031 uMAE=6.5469 WCE=128 bias=-3.1250
[quad_hard_ste:02600] loss=0.171624 tau=6.00 collapse_w=0.500 mid_frac=0.018 hard=score=0.1688302004 wNMSE=0.0021034542 wMSE=391.8761 wMRED=0.11043178 wER=0.175677 wMAE=5.3129 wBias=-2.6777 condBias=9.8411 dotDrift=-8.657sigma uMRED=0.0115260690 uER=0.207031 uMAE=6.5469 WCE=128 bias=-3.1250
[quad_hard_ste:02800] loss=0.171553 tau=6.00 collapse_w=0.500 mid_frac=0.018 hard=score=0.1688302004 wNMSE=0.0021034542 wMSE=391.8761 wMRED=0.11043178 wER=0.175677 wMAE=5.3129 wBias=-2.6777 condBias=9.8411 dotDrift=-8.657sigma uMRED=0.0115260690 uER=0.207031 uMAE=6.5469 WCE=128 bias=-3.1250
[quad_hard_ste:03000] loss=0.171490 tau=6.00 collapse_w=0.500 mid_frac=0.018 hard=score=0.1688302004 wNMSE=0.0021034542 wMSE=391.8761 wMRED=0.11043178 wER=0.175677 wMAE=5.3129 wBias=-2.6777 condBias=9.8411 dotDrift=-8.657sigma uMRED=0.0115260690 uER=0.207031 uMAE=6.5469 WCE=128 bias=-3.1250
[quad_hard_ste:03200] loss=0.171434 tau=6.00 collapse_w=0.500 mid_frac=0.018 hard=score=0.1688302004 wNMSE=0.0021034542 wMSE=391.8761 wMRED=0.11043178 wER=0.175677 wMAE=5.3129 wBias=-2.6777 condBias=9.8411 dotDrift=-8.657sigma uMRED=0.0115260690 uER=0.207031 uMAE=6.5469 WCE=128 bias=-3.1250
[quad_hard_ste:03400] loss=0.171384 tau=6.00 collapse_w=0.500 mid_frac=0.018 hard=score=0.1688302004 wNMSE=0.0021034542 wMSE=391.8761 wMRED=0.11043178 wER=0.175677 wMAE=5.3129 wBias=-2.6777 condBias=9.8411 dotDrift=-8.657sigma uMRED=0.0115260690 uER=0.207031 uMAE=6.5469 WCE=128 bias=-3.1250
[quad_hard_ste:03600] loss=0.171339 tau=6.00 collapse_w=0.500 mid_frac=0.018 hard=score=0.1688302004 wNMSE=0.0021034542 wMSE=391.8761 wMRED=0.11043178 wER=0.175677 wMAE=5.3129 wBias=-2.6777 condBias=9.8411 dotDrift=-8.657sigma uMRED=0.0115260690 uER=0.207031 uMAE=6.5469 WCE=128 bias=-3.1250
[quad_hard_ste:03800] loss=0.171298 tau=6.00 collapse_w=0.500 mid_frac=0.018 hard=score=0.1688302004 wNMSE=0.0021034542 wMSE=391.8761 wMRED=0.11043178 wER=0.175677 wMAE=5.3129 wBias=-2.6777 condBias=9.8411 dotDrift=-8.657sigma uMRED=0.0115260690 uER=0.207031 uMAE=6.5469 WCE=128 bias=-3.1250
[quad_hard_ste:03999] loss=0.171260 tau=6.00 collapse_w=0.500 mid_frac=0.018 hard=score=0.1688302004 wNMSE=0.0021034542 wMSE=391.8761 wMRED=0.11043178 wER=0.175677 wMAE=5.3129 wBias=-2.6777 condBias=9.8411 dotDrift=-8.657sigma uMRED=0.0115260690 uER=0.207031 uMAE=6.5469 WCE=128 bias=-3.1250
[pop00_soft:00000] loss=2.059336 tau=1.50 collapse_w=0.000 mid_frac=0.330 hard=score=6.1939303664 wNMSE=0.068703224 wMSE=12799.4960 wMRED=1.74123191 wER=0.429090 wMAE=48.6295 wBias=16.5609 condBias=59.4059 dotDrift=+9.368sigma uMRED=0.1222658844 uER=0.428711 uMAE=69.6602 WCE=751 bias=41.5625
[pop00_soft:00200] loss=0.978535 tau=2.25 collapse_w=0.000 mid_frac=0.268 hard=score=32.1011449746 wNMSE=0.049971504 wMSE=9309.7534 wMRED=1.92018832 wER=0.382768 wMAE=40.3366 wBias=-38.1350 condBias=61.3698 dotDrift=-25.295sigma uMRED=0.1018424585 uER=0.412109 uMAE=49.9688 WCE=632 bias=-47.1250
[pop00_soft:00400] loss=0.600784 tau=3.00 collapse_w=0.000 mid_frac=0.223 hard=score=24.1197769504 wNMSE=0.030984629 wMSE=5772.4750 wMRED=1.78813096 wER=0.311345 wMAE=33.9306 wBias=-33.0683 condBias=54.4926 dotDrift=-27.856sigma uMRED=0.0802372895 uER=0.346680 uMAE=32.8750 WCE=340 bias=-29.8750
[pop00_soft:00600] loss=0.205637 tau=3.75 collapse_w=0.000 mid_frac=0.170 hard=score=3.0142017353 wNMSE=0.010877241 wMSE=2026.4435 wMRED=0.28467225 wER=0.274472 wMAE=15.2939 wBias=-11.6299 condBias=23.6833 dotDrift=-16.534sigma uMRED=0.0418024714 uER=0.333984 uMAE=28.1250 WCE=356 bias=-24.8750
[pop00_soft:00800] loss=0.069062 tau=4.50 collapse_w=0.084 mid_frac=0.161 hard=score=1.7488128161 wNMSE=0.0087546158 wMSE=1630.9958 wMRED=0.22953455 wER=0.237729 wMAE=12.4209 wBias=-8.8278 condBias=21.3306 dotDrift=-13.990sigma uMRED=0.0352931170 uER=0.296875 uMAE=24.3594 WCE=340 bias=-21.0000
[pop00_soft:01000] loss=0.049471 tau=5.25 collapse_w=0.293 mid_frac=0.143 hard=score=2.0960707209 wNMSE=0.0088530585 wMSE=1649.3358 wMRED=0.19921511 wER=0.215464 wMAE=11.8489 wBias=-9.6808 condBias=21.4068 dotDrift=-15.256sigma uMRED=0.0343539302 uER=0.281250 uMAE=24.2344 WCE=336 bias=-21.8750
[pop00_soft:01199] loss=0.036528 tau=6.00 collapse_w=0.500 mid_frac=0.125 hard=score=2.0960707209 wNMSE=0.0088530585 wMSE=1649.3358 wMRED=0.19921511 wER=0.215464 wMAE=11.8489 wBias=-9.6808 condBias=21.4068 dotDrift=-15.256sigma uMRED=0.0343539302 uER=0.281250 uMAE=24.2344 WCE=336 bias=-21.8750
[pop00_hard:00000] loss=2.115826 tau=6.00 collapse_w=0.500 mid_frac=0.125 hard=score=2.0960707209 wNMSE=0.0088530585 wMSE=1649.3358 wMRED=0.19921511 wER=0.215464 wMAE=11.8489 wBias=-9.6808 condBias=21.4068 dotDrift=-15.256sigma uMRED=0.0343539302 uER=0.281250 uMAE=24.2344 WCE=336 bias=-21.8750
[pop00_hard:00200] loss=2.112005 tau=6.00 collapse_w=0.500 mid_frac=0.116 hard=score=2.0960707209 wNMSE=0.0088530585 wMSE=1649.3358 wMRED=0.19921511 wER=0.215464 wMAE=11.8489 wBias=-9.6808 condBias=21.4068 dotDrift=-15.256sigma uMRED=0.0343539302 uER=0.281250 uMAE=24.2344 WCE=336 bias=-21.8750
[pop00_hard:00400] loss=0.068203 tau=6.00 collapse_w=0.500 mid_frac=0.089 hard=score=0.0372092603 wNMSE=0.0093484993 wMSE=1741.6371 wMRED=0.50371711 wER=0.269411 wMAE=16.5500 wBias=0.3650 condBias=22.0166 dotDrift=+0.560sigma uMRED=0.0417566134 uER=0.312500 uMAE=24.4219 WCE=304 bias=-10.8750
[pop00_hard:00599] loss=0.065964 tau=6.00 collapse_w=0.500 mid_frac=0.089 hard=score=0.0372092603 wNMSE=0.0093484993 wMSE=1741.6371 wMRED=0.50371711 wER=0.269411 wMAE=16.5500 wBias=0.3650 condBias=22.0166 dotDrift=+0.560sigma uMRED=0.0417566134 uER=0.312500 uMAE=24.4219 WCE=304 bias=-10.8750
[pop00] done (conf=0.53, noise=0.5); global best score=0.0039244433 wNMSE=0.00041718412 wMSE=77.7219 wMRED=0.07778414 wER=0.168868 wMAE=3.1290 wBias=-0.0041 condBias=5.1809 dotDrift=-0.029sigma uMRED=0.0068427756 uER=0.201172 uMAE=3.8906 WCE=52 bias=0.0000
[pop01_soft:00000] loss=1.999426 tau=1.50 collapse_w=0.000 mid_frac=0.464 hard=score=1.5784876162 wNMSE=0.11242183 wMSE=20944.3274 wMRED=3.34139500 wER=0.436509 wMAE=66.4639 wBias=-7.8898 condBias=65.7575 dotDrift=-3.489sigma uMRED=0.1552580140 uER=0.434570 uMAE=70.4023 WCE=682 bias=12.9375
[pop01_soft:00200] loss=1.041528 tau=2.25 collapse_w=0.000 mid_frac=0.446 hard=score=63.4941864275 wNMSE=0.22729344 wMSE=42345.0498 wMRED=4.34882285 wER=0.428628 wMAE=74.8866 wBias=-53.5551 condBias=104.7028 dotDrift=-16.656sigma uMRED=0.1795176539 uER=0.431641 uMAE=70.3633 WCE=771 bias=-22.0625
[pop01_soft:00400] loss=0.908671 tau=3.00 collapse_w=0.000 mid_frac=0.455 hard=score=45.2587780755 wNMSE=0.21570025 wMSE=40185.2253 wMRED=4.15948748 wER=0.427902 wMAE=72.0486 wBias=-45.1677 condBias=95.5997 dotDrift=-14.420sigma uMRED=0.1698980714 uER=0.428711 uMAE=65.7266 WCE=732 bias=-11.3750
[pop01_soft:00600] loss=0.763966 tau=3.75 collapse_w=0.000 mid_frac=0.464 hard=score=41.0191828832 wNMSE=0.2077763 wMSE=38708.9841 wMRED=4.10367625 wER=0.420388 wMAE=72.6591 wBias=-42.9878 condBias=95.0216 dotDrift=-13.984sigma uMRED=0.1687714934 uER=0.428711 uMAE=65.5547 WCE=724 bias=-10.6250
[pop01_soft:00800] loss=0.623031 tau=4.50 collapse_w=0.084 mid_frac=0.464 hard=score=38.9647321809 wNMSE=0.20534622 wMSE=38256.2559 wMRED=4.08375908 wER=0.407537 wMAE=72.4079 wBias=-41.8893 condBias=93.9145 dotDrift=-13.707sigma uMRED=0.1686938189 uER=0.419922 uMAE=66.1641 WCE=708 bias=-8.7500
[pop01_soft:01000] loss=0.486908 tau=5.25 collapse_w=0.293 mid_frac=0.402 hard=score=18.7988487456 wNMSE=0.098799007 wMSE=18406.3779 wMRED=2.70794153 wER=0.380443 wMAE=51.3737 wBias=-29.0882 condBias=65.6187 dotDrift=-13.722sigma uMRED=0.1261493863 uER=0.411133 uMAE=56.1172 WCE=540 bias=-4.7500
[pop01_soft:01199] loss=0.360463 tau=6.00 collapse_w=0.500 mid_frac=0.402 hard=score=23.3901172850 wNMSE=0.098234615 wMSE=18301.2309 wMRED=2.69528260 wER=0.377618 wMAE=50.5522 wBias=-32.4777 condBias=66.8884 dotDrift=-15.365sigma uMRED=0.1250235144 uER=0.408203 uMAE=55.4297 WCE=540 bias=-8.7500
[pop01_hard:00000] loss=23.534332 tau=6.00 collapse_w=0.500 mid_frac=0.402 hard=score=23.3901172850 wNMSE=0.098234615 wMSE=18301.2309 wMRED=2.69528260 wER=0.377618 wMAE=50.5522 wBias=-32.4777 condBias=66.8884 dotDrift=-15.365sigma uMRED=0.1250235144 uER=0.408203 uMAE=55.4297 WCE=540 bias=-8.7500
[pop01_hard:00200] loss=18.941811 tau=6.00 collapse_w=0.500 mid_frac=0.393 hard=score=18.7988487456 wNMSE=0.098799007 wMSE=18406.3779 wMRED=2.70794153 wER=0.380443 wMAE=51.3737 wBias=-29.0882 condBias=65.6187 dotDrift=-13.722sigma uMRED=0.1261493863 uER=0.411133 uMAE=56.1172 WCE=540 bias=-4.7500
[pop01_hard:00400] loss=1.644047 tau=6.00 collapse_w=0.500 mid_frac=0.393 hard=score=18.7988487456 wNMSE=0.098799007 wMSE=18406.3779 wMRED=2.70794153 wER=0.380443 wMAE=51.3737 wBias=-29.0882 condBias=65.6187 dotDrift=-13.722sigma uMRED=0.1261493863 uER=0.411133 uMAE=56.1172 WCE=540 bias=-4.7500
[pop01_hard:00599] loss=1.976200 tau=6.00 collapse_w=0.500 mid_frac=0.393 hard=score=13.2611781936 wNMSE=0.078535176 wMSE=14631.2011 wMRED=2.35738325 wER=0.380443 wMAE=46.6955 wBias=-24.4099 condBias=58.0703 dotDrift=-12.915sigma uMRED=0.1159064662 uER=0.411133 uMAE=54.1172 WCE=540 bias=-2.7500
[pop01] done (conf=0.51, noise=1.0); global best score=0.0039244433 wNMSE=0.00041718412 wMSE=77.7219 wMRED=0.07778414 wER=0.168868 wMAE=3.1290 wBias=-0.0041 condBias=5.1809 dotDrift=-0.029sigma uMRED=0.0068427756 uER=0.201172 uMAE=3.8906 WCE=52 bias=0.0000
[pop02_soft:00000] loss=2.398052 tau=1.50 collapse_w=0.000 mid_frac=0.366 hard=score=17.5802431665 wNMSE=0.59220917 wMSE=110329.3051 wMRED=9.04566047 wER=0.437141 wMAE=172.7777 wBias=27.4230 condBias=179.9626 dotDrift=+5.284sigma uMRED=0.3628261832 uER=0.437500 uMAE=132.9023 WCE=899 bias=6.3125
[pop02_soft:00200] loss=1.392859 tau=2.25 collapse_w=0.000 mid_frac=0.268 hard=score=9.3776782124 wNMSE=0.34194367 wMSE=63704.5319 wMRED=7.09604467 wER=0.407191 wMAE=133.8790 wBias=-19.9740 condBias=139.0555 dotDrift=-5.065sigma uMRED=0.2921666386 uER=0.422852 uMAE=111.1719 WCE=782 bias=-37.1250
[pop02_soft:00400] loss=1.064383 tau=3.00 collapse_w=0.000 mid_frac=0.277 hard=score=85.7343431795 wNMSE=0.2230605 wMSE=41556.4489 wMRED=4.50387152 wER=0.370448 wMAE=91.2790 wBias=-62.2865 condBias=117.2903 dotDrift=-19.555sigma uMRED=0.2141149544 uER=0.410156 uMAE=91.0312 WCE=776 bias=-45.6250
[pop02_soft:00600] loss=0.425048 tau=3.75 collapse_w=0.000 mid_frac=0.250 hard=score=13.0757782011 wNMSE=0.041859464 wMSE=7798.4702 wMRED=0.47372910 wER=0.320201 wMAE=29.8679 wBias=-24.2805 condBias=51.3621 dotDrift=-17.597sigma uMRED=0.0806014619 uER=0.382812 uMAE=56.0938 WCE=664 bias=-45.5000
[pop02_soft:00800] loss=0.117764 tau=4.50 collapse_w=0.084 mid_frac=0.232 hard=score=8.4437835475 wNMSE=0.028081486 wMSE=5231.6158 wMRED=0.35271081 wER=0.250099 wMAE=22.1840 wBias=-19.5095 condBias=37.1452 dotDrift=-17.263sigma uMRED=0.0601113055 uER=0.329102 uMAE=41.1641 WCE=448 bias=-38.0000
[pop02_soft:01000] loss=0.072677 tau=5.25 collapse_w=0.293 mid_frac=0.196 hard=score=4.2431207176 wNMSE=0.017038663 wMSE=3174.3242 wMRED=0.31925529 wER=0.250099 wMAE=18.1659 wBias=-13.8092 condBias=29.5733 dotDrift=-15.686sigma uMRED=0.0460051408 uER=0.329102 uMAE=29.9922 WCE=356 bias=-22.0000
[pop02_soft:01199] loss=0.053791 tau=6.00 collapse_w=0.500 mid_frac=0.152 hard=score=4.2431207176 wNMSE=0.017038663 wMSE=3174.3242 wMRED=0.31925529 wER=0.250099 wMAE=18.1659 wBias=-13.8092 condBias=29.5733 dotDrift=-15.686sigma uMRED=0.0460051408 uER=0.329102 uMAE=29.9922 WCE=356 bias=-22.0000
[pop02_hard:00000] loss=4.269860 tau=6.00 collapse_w=0.500 mid_frac=0.152 hard=score=4.2431207176 wNMSE=0.017038663 wMSE=3174.3242 wMRED=0.31925529 wER=0.250099 wMAE=18.1659 wBias=-13.8092 condBias=29.5733 dotDrift=-15.686sigma uMRED=0.0460051408 uER=0.329102 uMAE=29.9922 WCE=356 bias=-22.0000
[pop02_hard:00200] loss=4.266053 tau=6.00 collapse_w=0.500 mid_frac=0.152 hard=score=4.2431207176 wNMSE=0.017038663 wMSE=3174.3242 wMRED=0.31925529 wER=0.250099 wMAE=18.1659 wBias=-13.8092 condBias=29.5733 dotDrift=-15.686sigma uMRED=0.0460051408 uER=0.329102 uMAE=29.9922 WCE=356 bias=-22.0000
[pop02_hard:00400] loss=3.154095 tau=6.00 collapse_w=0.500 mid_frac=0.125 hard=score=3.1322781097 wNMSE=0.01820225 wMSE=3391.1017 wMRED=0.32103832 wER=0.251008 wMAE=19.2977 wBias=-11.8372 condBias=30.4386 dotDrift=-13.009sigma uMRED=0.0502459421 uER=0.332031 uMAE=33.5469 WCE=356 bias=-17.5000
[pop02_hard:00599] loss=3.152230 tau=6.00 collapse_w=0.500 mid_frac=0.125 hard=score=3.1322781097 wNMSE=0.01820225 wMSE=3391.1017 wMRED=0.32103832 wER=0.251008 wMAE=19.2977 wBias=-11.8372 condBias=30.4386 dotDrift=-13.009sigma uMRED=0.0502459421 uER=0.332031 uMAE=33.5469 WCE=356 bias=-17.5000
[pop02] done (conf=0.53, noise=0.5); global best score=0.0039244433 wNMSE=0.00041718412 wMSE=77.7219 wMRED=0.07778414 wER=0.168868 wMAE=3.1290 wBias=-0.0041 condBias=5.1809 dotDrift=-0.029sigma uMRED=0.0068427756 uER=0.201172 uMAE=3.8906 WCE=52 bias=0.0000
[pop03_soft:00000] loss=4.130167 tau=1.50 collapse_w=0.000 mid_frac=0.455 hard=score=156.7037592697 wNMSE=0.26587334 wMSE=49532.5349 wMRED=4.81702359 wER=0.437141 wMAE=111.9602 wBias=84.2615 condBias=176.1860 dotDrift=+24.231sigma uMRED=0.2264903465 uER=0.437500 uMAE=98.8047 WCE=754 bias=60.6250
[pop03_soft:00200] loss=8.496842 tau=2.25 collapse_w=0.000 mid_frac=0.402 hard=score=28.8202539782 wNMSE=0.37300225 wMSE=69490.7834 wMRED=7.22091858 wER=0.421735 wMAE=105.4165 wBias=35.6822 condBias=116.2092 dotDrift=+8.663sigma uMRED=0.2550850796 uER=0.434570 uMAE=92.4355 WCE=3860 bias=-21.3125
[pop03_soft:00400] loss=1.054111 tau=3.00 collapse_w=0.000 mid_frac=0.357 hard=score=16.1274489629 wNMSE=0.048317776 wMSE=9001.6618 wMRED=1.13485273 wER=0.401195 wMAE=41.8970 wBias=-26.9839 condBias=50.9656 dotDrift=-18.202sigma uMRED=0.1113991003 uER=0.430664 uMAE=72.2500 WCE=669 bias=-50.3125
[pop03_soft:00600] loss=0.452161 tau=3.75 collapse_w=0.000 mid_frac=0.375 hard=score=18.5991323870 wNMSE=0.051530701 wMSE=9600.2338 wMRED=1.27138595 wER=0.394604 wMAE=43.7592 wBias=-28.9889 condBias=51.8102 dotDrift=-18.935sigma uMRED=0.1152632539 uER=0.427734 uMAE=72.9375 WCE=664 bias=-51.0000
[pop03_soft:00800] loss=0.296383 tau=4.50 collapse_w=0.084 mid_frac=0.366 hard=score=9.2793580702 wNMSE=0.044189041 wMSE=8232.4734 wMRED=1.23585291 wER=0.381944 wMAE=41.0351 wBias=-20.4380 condBias=41.6297 dotDrift=-14.416sigma uMRED=0.1050732253 uER=0.413086 uMAE=66.0117 WCE=476 bias=-35.8750
[pop03_soft:01000] loss=0.220063 tau=5.25 collapse_w=0.293 mid_frac=0.339 hard=score=6.1806919899 wNMSE=0.036906458 wMSE=6875.7191 wMRED=1.13875925 wER=0.379118 wMAE=37.3833 wBias=-16.6510 condBias=35.6019 dotDrift=-12.852sigma uMRED=0.0923814076 uER=0.410156 uMAE=57.3086 WCE=476 bias=-22.8750
[pop03_soft:01199] loss=0.156491 tau=6.00 collapse_w=0.500 mid_frac=0.321 hard=score=4.2568121494 wNMSE=0.027362672 wMSE=5097.6999 wMRED=1.11508798 wER=0.379118 wMAE=34.5331 wBias=-13.8009 condBias=32.6529 dotDrift=-12.371sigma uMRED=0.0822696132 uER=0.410156 uMAE=49.3086 WCE=428 bias=-14.8750
[pop03_hard:00000] loss=4.329933 tau=6.00 collapse_w=0.500 mid_frac=0.321 hard=score=4.2568121494 wNMSE=0.027362672 wMSE=5097.6999 wMRED=1.11508798 wER=0.379118 wMAE=34.5331 wBias=-13.8009 condBias=32.6529 dotDrift=-12.371sigma uMRED=0.0822696132 uER=0.410156 uMAE=49.3086 WCE=428 bias=-14.8750
[pop03_hard:00200] loss=4.326357 tau=6.00 collapse_w=0.500 mid_frac=0.312 hard=score=4.2568121494 wNMSE=0.027362672 wMSE=5097.6999 wMRED=1.11508798 wER=0.379118 wMAE=34.5331 wBias=-13.8009 condBias=32.6529 dotDrift=-12.371sigma uMRED=0.0822696132 uER=0.410156 uMAE=49.3086 WCE=428 bias=-14.8750
[pop03_hard:00400] loss=0.425892 tau=6.00 collapse_w=0.500 mid_frac=0.268 hard=score=0.3596554425 wNMSE=0.031928105 wMSE=5948.2457 wMRED=1.14329791 wER=0.377502 wMAE=35.7127 wBias=-3.5631 condBias=33.5614 dotDrift=-2.957sigma uMRED=0.0871807765 uER=0.409180 uMAE=53.2227 WCE=448 bias=1.1250
[pop03_hard:00599] loss=0.294520 tau=6.00 collapse_w=0.500 mid_frac=0.259 hard=score=0.2294942461 wNMSE=0.032443054 wMSE=6044.1814 wMRED=1.13890472 wER=0.377502 wMAE=35.6318 wBias=-2.5911 condBias=34.0535 dotDrift=-2.133sigma uMRED=0.0875352783 uER=0.409180 uMAE=53.4727 WCE=448 bias=2.6250
[pop03] done (conf=0.51, noise=1.0); global best score=0.0039244433 wNMSE=0.00041718412 wMSE=77.7219 wMRED=0.07778414 wER=0.168868 wMAE=3.1290 wBias=-0.0041 condBias=5.1809 dotDrift=-0.029sigma uMRED=0.0068427756 uER=0.201172 uMAE=3.8906 WCE=52 bias=0.0000
[pop04_soft:00000] loss=2.215752 tau=1.50 collapse_w=0.000 mid_frac=0.393 hard=score=10.4995707738 wNMSE=0.31390906 wMSE=58481.6490 wMRED=6.63620598 wER=0.434795 wMAE=119.5257 wBias=21.2884 condBias=124.5544 dotDrift=+5.634sigma uMRED=0.2629066604 uER=0.431641 uMAE=98.8965 WCE=616 bias=44.1875
[pop04_soft:00200] loss=1.017961 tau=2.25 collapse_w=0.000 mid_frac=0.375 hard=score=107.5021295500 wNMSE=0.27356672 wMSE=50965.8203 wMRED=5.06684684 wER=0.405910 wMAE=94.8157 wBias=-69.7514 condBias=124.7211 dotDrift=-19.774sigma uMRED=0.2261320864 uER=0.416992 uMAE=95.1602 WCE=856 bias=-53.3750
[pop04_soft:00400] loss=0.630587 tau=3.00 collapse_w=0.000 mid_frac=0.348 hard=score=2.7587586068 wNMSE=0.0712756 wMSE=13278.7330 wMRED=2.38715667 wER=0.384834 wMAE=53.1524 wBias=-10.8972 condBias=63.7046 dotDrift=-6.052sigma uMRED=0.1375721732 uER=0.402344 uMAE=71.8750 WCE=512 bias=30.8750
[pop04_soft:00600] loss=0.277358 tau=3.75 collapse_w=0.000 mid_frac=0.339 hard=score=0.3277960085 wNMSE=0.041612244 wMSE=7752.4129 wMRED=1.14793515 wER=0.374361 wMAE=37.6500 wBias=3.2535 condBias=42.7556 dotDrift=+2.365sigma uMRED=0.0954420370 uER=0.399414 uMAE=58.7188 WCE=448 bias=20.8750
[pop04_soft:00800] loss=0.169594 tau=4.50 collapse_w=0.084 mid_frac=0.277 hard=score=0.2213817852 wNMSE=0.035105926 wMSE=6540.2777 wMRED=1.07347840 wER=0.363275 wMAE=33.9075 wBias=-2.4857 condBias=40.0416 dotDrift=-1.967sigma uMRED=0.0879396575 uER=0.375977 uMAE=54.1562 WCE=464 bias=17.7500
[pop04_soft:01000] loss=0.110522 tau=5.25 collapse_w=0.293 mid_frac=0.188 hard=score=0.2196521731 wNMSE=0.017992796 wMSE=3352.0804 wMRED=0.99596002 wER=0.360226 wMAE=26.0021 wBias=2.7425 condBias=29.2426 dotDrift=+3.032sigma uMRED=0.0604583623 uER=0.367188 uMAE=32.3281 WCE=320 bias=7.1250
[pop04_soft:01199] loss=0.060914 tau=6.00 collapse_w=0.500 mid_frac=0.161 hard=score=1.5475007872 wNMSE=0.012998308 wMSE=2421.6009 wMRED=0.52427326 wER=0.330477 wMAE=18.7361 wBias=8.2755 condBias=25.0120 dotDrift=+10.763sigma uMRED=0.0479792312 uER=0.355469 uMAE=29.7891 WCE=328 bias=-4.8750
[pop04_hard:00000] loss=1.588204 tau=6.00 collapse_w=0.500 mid_frac=0.161 hard=score=1.5475007872 wNMSE=0.012998308 wMSE=2421.6009 wMRED=0.52427326 wER=0.330477 wMAE=18.7361 wBias=8.2755 condBias=25.0120 dotDrift=+10.763sigma uMRED=0.0479792312 uER=0.355469 uMAE=29.7891 WCE=328 bias=-4.8750
[pop04_hard:00200] loss=0.427799 tau=6.00 collapse_w=0.500 mid_frac=0.170 hard=score=0.3906580595 wNMSE=0.018923717 wMSE=3525.5120 wMRED=0.56032886 wER=0.330477 wMAE=20.8922 wBias=-3.9286 condBias=30.5208 dotDrift=-4.234sigma uMRED=0.0524257056 uER=0.355469 uMAE=32.1797 WCE=360 bias=-20.8750
[pop04_hard:00400] loss=1.581938 tau=6.00 collapse_w=0.500 mid_frac=0.161 hard=score=1.5475007872 wNMSE=0.012998308 wMSE=2421.6009 wMRED=0.52427326 wER=0.330477 wMAE=18.7361 wBias=8.2755 condBias=25.0120 dotDrift=+10.763sigma uMRED=0.0479792312 uER=0.355469 uMAE=29.7891 WCE=328 bias=-4.8750
[pop04_hard:00599] loss=0.423807 tau=6.00 collapse_w=0.500 mid_frac=0.170 hard=score=0.3906580595 wNMSE=0.018923717 wMSE=3525.5120 wMRED=0.56032886 wER=0.330477 wMAE=20.8922 wBias=-3.9286 condBias=30.5208 dotDrift=-4.234sigma uMRED=0.0524257056 uER=0.355469 uMAE=32.1797 WCE=360 bias=-20.8750
[pop04] done (conf=0.53, noise=0.5); global best score=0.0039244433 wNMSE=0.00041718412 wMSE=77.7219 wMRED=0.07778414 wER=0.168868 wMAE=3.1290 wBias=-0.0041 condBias=5.1809 dotDrift=-0.029sigma uMRED=0.0068427756 uER=0.201172 uMAE=3.8906 WCE=52 bias=0.0000
[pop05_soft:00000] loss=1.285532 tau=1.50 collapse_w=0.000 mid_frac=0.393 hard=score=0.4728248764 wNMSE=0.19007081 wMSE=35410.4291 wMRED=5.13516987 wER=0.437141 wMAE=94.8574 wBias=2.2911 condBias=105.6772 dotDrift=+0.779sigma uMRED=0.2170770493 uER=0.437500 uMAE=87.7129 WCE=704 bias=40.0625
[pop05_soft:00200] loss=0.760320 tau=2.25 collapse_w=0.000 mid_frac=0.384 hard=score=48.0671186998 wNMSE=0.06717444 wMSE=12514.6818 wMRED=1.83830325 wER=0.383800 wMAE=49.0651 wBias=46.6799 condBias=83.5401 dotDrift=+26.705sigma uMRED=0.1139338822 uER=0.410156 uMAE=62.0234 WCE=576 bias=52.0000
[pop05_soft:00400] loss=0.333453 tau=3.00 collapse_w=0.000 mid_frac=0.339 hard=score=7.4535498899 wNMSE=0.022341369 wMSE=4162.2249 wMRED=0.45070817 wER=0.345806 wMAE=22.9229 wBias=18.3313 condBias=34.4024 dotDrift=+18.185sigma uMRED=0.0621081863 uER=0.398438 uMAE=42.8359 WCE=464 bias=38.1250
[pop05_soft:00600] loss=0.109454 tau=3.75 collapse_w=0.000 mid_frac=0.321 hard=score=0.7471613931 wNMSE=0.014609543 wMSE=2721.7761 wMRED=0.40280025 wER=0.340833 wMAE=19.2646 wBias=5.6605 condBias=25.2469 dotDrift=+6.944sigma uMRED=0.0509037816 uER=0.386719 uMAE=34.6094 WCE=336 bias=7.1250
[pop05_soft:00800] loss=0.072164 tau=4.50 collapse_w=0.084 mid_frac=0.348 hard=score=0.1285930276 wNMSE=0.015238224 wMSE=2838.9000 wMRED=0.35739972 wER=0.291046 wMAE=18.2842 wBias=1.9083 condBias=27.6523 dotDrift=+2.292sigma uMRED=0.0502614758 uER=0.348633 uMAE=34.7266 WCE=400 bias=-1.0000
[pop05_soft:01000] loss=0.060834 tau=5.25 collapse_w=0.293 mid_frac=0.304 hard=score=0.0482982589 wNMSE=0.01090794 wMSE=2032.1628 wMRED=0.33108900 wER=0.284997 wMAE=15.3753 wBias=-0.5517 condBias=23.5645 dotDrift=-0.783sigma uMRED=0.0400588966 uER=0.333008 uMAE=26.7188 WCE=400 bias=-8.5000
[pop05_soft:01199] loss=0.047456 tau=6.00 collapse_w=0.500 mid_frac=0.295 hard=score=0.0482982589 wNMSE=0.01090794 wMSE=2032.1628 wMRED=0.33108900 wER=0.284997 wMAE=15.3753 wBias=-0.5517 condBias=23.5645 dotDrift=-0.783sigma uMRED=0.0400588966 uER=0.333008 uMAE=26.7188 WCE=400 bias=-8.5000
[pop05_hard:00000] loss=0.075264 tau=6.00 collapse_w=0.500 mid_frac=0.295 hard=score=0.0482982589 wNMSE=0.01090794 wMSE=2032.1628 wMRED=0.33108900 wER=0.284997 wMAE=15.3753 wBias=-0.5517 condBias=23.5645 dotDrift=-0.783sigma uMRED=0.0400588966 uER=0.333008 uMAE=26.7188 WCE=400 bias=-8.5000
[pop05_hard:00200] loss=0.071518 tau=6.00 collapse_w=0.500 mid_frac=0.286 hard=score=0.0482982589 wNMSE=0.01090794 wMSE=2032.1628 wMRED=0.33108900 wER=0.284997 wMAE=15.3753 wBias=-0.5517 condBias=23.5645 dotDrift=-0.783sigma uMRED=0.0400588966 uER=0.333008 uMAE=26.7188 WCE=400 bias=-8.5000
[pop05_hard:00400] loss=0.070739 tau=6.00 collapse_w=0.500 mid_frac=0.277 hard=score=0.0482982589 wNMSE=0.01090794 wMSE=2032.1628 wMRED=0.33108900 wER=0.284997 wMAE=15.3753 wBias=-0.5517 condBias=23.5645 dotDrift=-0.783sigma uMRED=0.0400588966 uER=0.333008 uMAE=26.7188 WCE=400 bias=-8.5000
[pop05_hard:00599] loss=0.062553 tau=6.00 collapse_w=0.500 mid_frac=0.268 hard=score=0.0376924120 wNMSE=0.010037378 wMSE=1869.9760 wMRED=0.32816765 wER=0.284997 wMAE=15.0194 wBias=0.3998 condBias=20.2019 dotDrift=+0.592sigma uMRED=0.0378804650 uER=0.333008 uMAE=25.2031 WCE=320 bias=-4.5000
[pop05] done (conf=0.51, noise=1.0); global best score=0.0039244433 wNMSE=0.00041718412 wMSE=77.7219 wMRED=0.07778414 wER=0.168868 wMAE=3.1290 wBias=-0.0041 condBias=5.1809 dotDrift=-0.029sigma uMRED=0.0068427756 uER=0.201172 uMAE=3.8906 WCE=52 bias=0.0000
[pop06_soft:00000] loss=1.943972 tau=1.50 collapse_w=0.000 mid_frac=0.330 hard=score=142.0523252941 wNMSE=0.37136667 wMSE=69186.0727 wMRED=5.21200696 wER=0.405165 wMAE=111.3077 wBias=80.1785 condBias=158.7837 dotDrift=+19.509sigma uMRED=0.2327639402 uER=0.425781 uMAE=98.2871 WCE=817 bias=55.3125
[pop06_soft:00200] loss=1.110106 tau=2.25 collapse_w=0.000 mid_frac=0.312 hard=score=48.8554790274 wNMSE=0.25685764 wMSE=47852.8971 wMRED=5.40824540 wER=0.381442 wMAE=97.7754 wBias=-46.9161 condBias=109.7522 dotDrift=-13.726sigma uMRED=0.2203183625 uER=0.414062 uMAE=83.5156 WCE=676 bias=-61.5000
[pop06_soft:00400] loss=0.734870 tau=3.00 collapse_w=0.000 mid_frac=0.295 hard=score=3.4559112021 wNMSE=0.040655434 wMSE=7574.1580 wMRED=0.99404758 wER=0.343785 wMAE=30.0648 wBias=-12.3557 condBias=45.1571 dotDrift=-9.086sigma uMRED=0.0723989432 uER=0.387695 uMAE=39.4844 WCE=524 bias=-1.3750
[pop06_soft:00600] loss=0.384747 tau=3.75 collapse_w=0.000 mid_frac=0.304 hard=score=0.3653133216 wNMSE=0.014694794 wMSE=2737.6583 wMRED=0.39064845 wER=0.320357 wMAE=19.1695 wBias=3.8022 condBias=28.9538 dotDrift=+4.651sigma uMRED=0.0469769256 uER=0.368164 uMAE=29.8750 WCE=384 bias=12.1250
[pop06_soft:00800] loss=0.225294 tau=4.50 collapse_w=0.084 mid_frac=0.268 hard=score=1.3341901686 wNMSE=0.01503233 wMSE=2800.5418 wMRED=0.62198852 wER=0.321922 wMAE=22.2525 wBias=7.6471 condBias=27.7002 dotDrift=+9.248sigma uMRED=0.0517608542 uER=0.366211 uMAE=30.4062 WCE=384 bias=13.3750
[pop06_soft:01000] loss=0.176867 tau=5.25 collapse_w=0.293 mid_frac=0.196 hard=score=1.9743972031 wNMSE=0.016856554 wMSE=3140.3969 wMRED=0.64319304 wER=0.323097 wMAE=24.0777 wBias=9.3542 condBias=28.9257 dotDrift=+10.683sigma uMRED=0.0565655014 uER=0.377930 uMAE=34.2969 WCE=384 bias=17.3750
[pop06_soft:01199] loss=0.133451 tau=6.00 collapse_w=0.500 mid_frac=0.188 hard=score=1.9743972031 wNMSE=0.016856554 wMSE=3140.3969 wMRED=0.64319304 wER=0.323097 wMAE=24.0777 wBias=9.3542 condBias=28.9257 dotDrift=+10.683sigma uMRED=0.0565655014 uER=0.377930 uMAE=34.2969 WCE=384 bias=17.3750
[pop06_hard:00000] loss=2.018662 tau=6.00 collapse_w=0.500 mid_frac=0.188 hard=score=1.9743972031 wNMSE=0.016856554 wMSE=3140.3969 wMRED=0.64319304 wER=0.323097 wMAE=24.0777 wBias=9.3542 condBias=28.9257 dotDrift=+10.683sigma uMRED=0.0565655014 uER=0.377930 uMAE=34.2969 WCE=384 bias=17.3750
[pop06_hard:00200] loss=0.151351 tau=6.00 collapse_w=0.500 mid_frac=0.188 hard=score=0.1035117667 wNMSE=0.036724839 wMSE=6841.8832 wMRED=0.71872491 wER=0.320934 wMAE=28.2368 wBias=0.8754 condBias=38.6162 dotDrift=+0.677sigma uMRED=0.0623624340 uER=0.368164 uMAE=35.4688 WCE=512 bias=1.3750
[pop06_hard:00400] loss=0.150422 tau=6.00 collapse_w=0.500 mid_frac=0.196 hard=score=0.1035117667 wNMSE=0.036724839 wMSE=6841.8832 wMRED=0.71872491 wER=0.320934 wMAE=28.2368 wBias=0.8754 condBias=38.6162 dotDrift=+0.677sigma uMRED=0.0623624340 uER=0.368164 uMAE=35.4688 WCE=512 bias=1.3750
[pop06_hard:00599] loss=0.149394 tau=6.00 collapse_w=0.500 mid_frac=0.205 hard=score=0.1035117667 wNMSE=0.036724839 wMSE=6841.8832 wMRED=0.71872491 wER=0.320934 wMAE=28.2368 wBias=0.8754 condBias=38.6162 dotDrift=+0.677sigma uMRED=0.0623624340 uER=0.368164 uMAE=35.4688 WCE=512 bias=1.3750
[pop06] done (conf=0.53, noise=0.5); global best score=0.0039244433 wNMSE=0.00041718412 wMSE=77.7219 wMRED=0.07778414 wER=0.168868 wMAE=3.1290 wBias=-0.0041 condBias=5.1809 dotDrift=-0.029sigma uMRED=0.0068427756 uER=0.201172 uMAE=3.8906 WCE=52 bias=0.0000
[pop07_soft:00000] loss=2.272882 tau=1.50 collapse_w=0.000 mid_frac=0.420 hard=score=23.2759890442 wNMSE=0.22748658 wMSE=42381.0332 wMRED=6.06360278 wER=0.434754 wMAE=73.4534 wBias=32.1403 condBias=84.3423 dotDrift=+9.992sigma uMRED=0.2265196767 uER=0.431641 uMAE=96.4150 WCE=3954 bias=46.6250
[pop07_soft:00200] loss=0.982719 tau=2.25 collapse_w=0.000 mid_frac=0.366 hard=score=19.6744900473 wNMSE=0.0868259 wMSE=16175.7732 wMRED=1.69832434 wER=0.425792 wMAE=47.9041 wBias=-29.7773 condBias=68.3335 dotDrift=-14.984sigma uMRED=0.1192389121 uER=0.428711 uMAE=67.1445 WCE=674 bias=-22.0000
[pop07_soft:00400] loss=0.626796 tau=3.00 collapse_w=0.000 mid_frac=0.339 hard=score=28.1776957391 wNMSE=0.087763377 wMSE=16350.4263 wMRED=2.35191173 wER=0.403927 wMAE=53.8992 wBias=-35.6822 condBias=71.8732 dotDrift=-17.859sigma uMRED=0.1329068812 uER=0.422852 uMAE=67.3750 WCE=648 bias=-21.3750
[pop07_soft:00600] loss=0.334824 tau=3.75 collapse_w=0.000 mid_frac=0.330 hard=score=2.6001521460 wNMSE=0.057897493 wMSE=10786.3749 wMRED=1.12472656 wER=0.336414 wMAE=38.5339 wBias=-10.6184 condBias=44.7554 dotDrift=-6.543sigma uMRED=0.0922740253 uER=0.371094 uMAE=57.1406 WCE=640 bias=1.6250
[pop07_soft:00800] loss=0.211952 tau=4.50 collapse_w=0.084 mid_frac=0.330 hard=score=4.7539535082 wNMSE=0.034697062 wMSE=6464.1058 wMRED=1.08853359 wER=0.337914 wMAE=31.9661 wBias=-14.5922 condBias=32.7765 dotDrift=-11.616sigma uMRED=0.0710454943 uER=0.372070 uMAE=39.6406 WCE=416 bias=-9.1250
[pop07_soft:01000] loss=0.151001 tau=5.25 collapse_w=0.293 mid_frac=0.348 hard=score=3.5430465068 wNMSE=0.031007144 wMSE=5776.6696 wMRED=0.90250839 wER=0.325232 wMAE=29.1284 wBias=-12.5740 condBias=30.5171 dotDrift=-10.588sigma uMRED=0.0647449782 uER=0.362305 uMAE=38.1719 WCE=416 bias=-9.7500
[pop07_soft:01199] loss=0.109338 tau=6.00 collapse_w=0.500 mid_frac=0.321 hard=score=3.5430465068 wNMSE=0.031007144 wMSE=5776.6696 wMRED=0.90250839 wER=0.325232 wMAE=29.1284 wBias=-12.5740 condBias=30.5171 dotDrift=-10.588sigma uMRED=0.0647449782 uER=0.362305 uMAE=38.1719 WCE=416 bias=-9.7500
[pop07_hard:00000] loss=3.603206 tau=6.00 collapse_w=0.500 mid_frac=0.321 hard=score=3.5430465068 wNMSE=0.031007144 wMSE=5776.6696 wMRED=0.90250839 wER=0.325232 wMAE=29.1284 wBias=-12.5740 condBias=30.5171 dotDrift=-10.588sigma uMRED=0.0647449782 uER=0.362305 uMAE=38.1719 WCE=416 bias=-9.7500
[pop07_hard:00200] loss=3.599156 tau=6.00 collapse_w=0.500 mid_frac=0.321 hard=score=3.5430465068 wNMSE=0.031007144 wMSE=5776.6696 wMRED=0.90250839 wER=0.325232 wMAE=29.1284 wBias=-12.5740 condBias=30.5171 dotDrift=-10.588sigma uMRED=0.0647449782 uER=0.362305 uMAE=38.1719 WCE=416 bias=-9.7500
[pop07_hard:00400] loss=2.324675 tau=6.00 collapse_w=0.500 mid_frac=0.286 hard=score=2.2710963086 wNMSE=0.030956608 wMSE=5767.2546 wMRED=0.88549747 wER=0.306219 wMAE=29.4289 wBias=-10.0129 condBias=30.5249 dotDrift=-8.438sigma uMRED=0.0678931591 uER=0.354492 uMAE=41.7344 WCE=416 bias=-3.2500
[pop07_hard:00599] loss=0.381231 tau=6.00 collapse_w=0.500 mid_frac=0.286 hard=score=0.3233369255 wNMSE=0.034562681 wMSE=6439.0705 wMRED=1.00372232 wER=0.381919 wMAE=33.4594 wBias=-3.3927 condBias=29.5898 dotDrift=-2.706sigma uMRED=0.0728755127 uER=0.379883 uMAE=43.4766 WCE=416 bias=-0.2500
[pop07] done (conf=0.51, noise=1.0); global best score=0.0039244433 wNMSE=0.00041718412 wMSE=77.7219 wMRED=0.07778414 wER=0.168868 wMAE=3.1290 wBias=-0.0041 condBias=5.1809 dotDrift=-0.029sigma uMRED=0.0068427756 uER=0.201172 uMAE=3.8906 WCE=52 bias=0.0000
[pop08_soft:00000] loss=1.822277 tau=1.50 collapse_w=0.000 mid_frac=0.348 hard=score=26.3712651457 wNMSE=0.14808292 wMSE=27588.0319 wMRED=1.06514287 wER=0.424992 wMAE=55.6382 wBias=34.4419 condBias=85.5482 dotDrift=+13.271sigma uMRED=0.1481273645 uER=0.431641 uMAE=100.3281 WCE=850 bias=64.8750
[pop08_soft:00200] loss=0.931469 tau=2.25 collapse_w=0.000 mid_frac=0.321 hard=score=2.9952570462 wNMSE=0.034210679 wMSE=6373.4921 wMRED=0.68667880 wER=0.322242 wMAE=26.7963 wBias=-11.5018 condBias=40.7087 dotDrift=-9.221sigma uMRED=0.0770650743 uER=0.379883 uMAE=51.2031 WCE=520 bias=-23.1250
[pop08_soft:00400] loss=0.539242 tau=3.00 collapse_w=0.000 mid_frac=0.312 hard=score=1.2502661324 wNMSE=0.028547845 wMSE=5318.4991 wMRED=0.62751972 wER=0.320063 wMAE=24.4873 wBias=-7.3084 condBias=36.3205 dotDrift=-6.414sigma uMRED=0.0700650100 uER=0.371094 uMAE=46.8906 WCE=520 bias=-1.1250
[pop08_soft:00600] loss=0.200300 tau=3.75 collapse_w=0.000 mid_frac=0.277 hard=score=0.7002209179 wNMSE=0.012076999 wMSE=2249.9600 wMRED=0.30233938 wER=0.298980 wMAE=16.9266 wBias=-5.4975 condBias=23.6454 dotDrift=-7.418sigma uMRED=0.0466329276 uER=0.353516 uMAE=32.3750 WCE=280 bias=-17.1250
[pop08_soft:00800] loss=0.068784 tau=4.50 collapse_w=0.084 mid_frac=0.250 hard=score=0.8615745050 wNMSE=0.013348679 wMSE=2486.8755 wMRED=0.27092784 wER=0.267131 wMAE=17.0057 wBias=-6.1089 condBias=25.0392 dotDrift=-7.840sigma uMRED=0.0478313444 uER=0.344727 uMAE=33.8359 WCE=336 bias=-20.0000
[pop08_soft:01000] loss=0.054903 tau=5.25 collapse_w=0.293 mid_frac=0.223 hard=score=0.6758998757 wNMSE=0.011274325 wMSE=2100.4209 wMRED=0.24711617 wER=0.258339 wMAE=15.2301 wBias=-5.3866 condBias=23.2312 dotDrift=-7.522sigma uMRED=0.0423468431 uER=0.336914 uMAE=29.8359 WCE=336 bias=-17.0000
[pop08_soft:01199] loss=0.041700 tau=6.00 collapse_w=0.500 mid_frac=0.170 hard=score=0.6758998757 wNMSE=0.011274325 wMSE=2100.4209 wMRED=0.24711617 wER=0.258339 wMAE=15.2301 wBias=-5.3866 condBias=23.2312 dotDrift=-7.522sigma uMRED=0.0423468431 uER=0.336914 uMAE=29.8359 WCE=336 bias=-17.0000
[pop08_hard:00000] loss=0.700974 tau=6.00 collapse_w=0.500 mid_frac=0.170 hard=score=0.6758998757 wNMSE=0.011274325 wMSE=2100.4209 wMRED=0.24711617 wER=0.258339 wMAE=15.2301 wBias=-5.3866 condBias=23.2312 dotDrift=-7.522sigma uMRED=0.0423468431 uER=0.336914 uMAE=29.8359 WCE=336 bias=-17.0000
[pop08_hard:00200] loss=0.315593 tau=6.00 collapse_w=0.500 mid_frac=0.152 hard=score=0.2901819295 wNMSE=0.0075458716 wMSE=1405.8053 wMRED=0.23538977 wER=0.258339 wMAE=13.3196 wBias=-3.4761 condBias=18.9244 dotDrift=-5.933sigma uMRED=0.0331629205 uER=0.336914 uMAE=21.8359 WCE=212 bias=-9.0000
[pop08_hard:00400] loss=0.066112 tau=6.00 collapse_w=0.500 mid_frac=0.152 hard=score=0.0559907146 wNMSE=0.015840935 wMSE=2951.1858 wMRED=0.25382287 wER=0.258339 wMAE=16.3379 wBias=0.3450 condBias=27.0219 dotDrift=+0.407sigma uMRED=0.0475086928 uER=0.336914 uMAE=34.4141 WCE=480 bias=7.0000
[pop08_hard:00599] loss=0.039175 tau=6.00 collapse_w=0.500 mid_frac=0.143 hard=score=0.0213186881 wNMSE=0.0055218479 wMSE=1028.7271 wMRED=0.19189535 wER=0.249956 wMAE=10.5894 wBias=-0.0865 condBias=15.2165 dotDrift=-0.173sigma uMRED=0.0271773536 uER=0.325195 uMAE=18.4609 WCE=212 bias=-5.0000
[pop08] done (conf=0.53, noise=0.5); global best score=0.0039244433 wNMSE=0.00041718412 wMSE=77.7219 wMRED=0.07778414 wER=0.168868 wMAE=3.1290 wBias=-0.0041 condBias=5.1809 dotDrift=-0.029sigma uMRED=0.0068427756 uER=0.201172 uMAE=3.8906 WCE=52 bias=0.0000
[pop09_soft:00000] loss=1.665310 tau=1.50 collapse_w=0.000 mid_frac=0.393 hard=score=0.4530551511 wNMSE=0.24976142 wMSE=46530.8630 wMRED=5.62834891 wER=0.431581 wMAE=102.4484 wBias=-0.6662 condBias=111.2409 dotDrift=-0.198sigma uMRED=0.2269774891 uER=0.431641 uMAE=88.5312 WCE=748 bias=35.3125
[pop09_soft:00200] loss=1.257548 tau=2.25 collapse_w=0.000 mid_frac=0.366 hard=score=19.0826810410 wNMSE=0.22624897 wMSE=42150.4648 wMRED=5.73149739 wER=0.433987 wMAE=95.8834 wBias=-29.1299 condBias=113.8543 dotDrift=-9.081sigma uMRED=0.2010405110 uER=0.428711 uMAE=63.6875 WCE=814 bias=-1.3750
[pop09_soft:00400] loss=0.927495 tau=3.00 collapse_w=0.000 mid_frac=0.411 hard=score=8.4136951093 wNMSE=0.20248649 wMSE=37723.4842 wMRED=5.12354152 wER=0.420153 wMAE=85.8005 wBias=-19.1312 condBias=97.9906 dotDrift=-6.304sigma uMRED=0.1813201021 uER=0.416992 uMAE=58.6797 WCE=684 bias=3.5000
[pop09_soft:00600] loss=0.423882 tau=3.75 collapse_w=0.000 mid_frac=0.375 hard=score=2.6221822160 wNMSE=0.016479269 wMSE=3070.1084 wMRED=1.04187367 wER=0.370696 wMAE=24.8344 wBias=-10.8218 condBias=27.6589 dotDrift=-12.500sigma uMRED=0.0616197035 uER=0.402344 uMAE=32.6953 WCE=340 bias=6.5000
[pop09_soft:00800] loss=0.184878 tau=4.50 collapse_w=0.084 mid_frac=0.357 hard=score=2.3677557400 wNMSE=0.015874508 wMSE=2957.4406 wMRED=0.94353908 wER=0.353837 wMAE=23.4736 wBias=-10.2763 condBias=27.0894 dotDrift=-12.094sigma uMRED=0.0594110876 uER=0.390625 uMAE=32.3750 WCE=340 bias=5.8750
[pop09_soft:01000] loss=0.130451 tau=5.25 collapse_w=0.293 mid_frac=0.304 hard=score=2.2974973234 wNMSE=0.015178837 wMSE=2827.8361 wMRED=0.91163968 wER=0.347754 wMAE=22.5324 wBias=-10.1218 condBias=27.2181 dotDrift=-12.182sigma uMRED=0.0579684126 uER=0.375977 uMAE=30.8594 WCE=340 bias=3.6250
[pop09_soft:01199] loss=0.094630 tau=6.00 collapse_w=0.500 mid_frac=0.277 hard=score=2.6501251761 wNMSE=0.015516141 wMSE=2890.6764 wMRED=0.92493093 wER=0.347754 wMAE=23.1502 wBias=-10.8879 condBias=27.5078 dotDrift=-12.961sigma uMRED=0.0590631884 uER=0.375977 uMAE=31.3359 WCE=308 bias=2.6250
[pop09_hard:00000] loss=2.712954 tau=6.00 collapse_w=0.500 mid_frac=0.277 hard=score=2.6501251761 wNMSE=0.015516141 wMSE=2890.6764 wMRED=0.92493093 wER=0.347754 wMAE=23.1502 wBias=-10.8879 condBias=27.5078 dotDrift=-12.961sigma uMRED=0.0590631884 uER=0.375977 uMAE=31.3359 WCE=308 bias=2.6250
[pop09_hard:00200] loss=2.709247 tau=6.00 collapse_w=0.500 mid_frac=0.277 hard=score=2.6501251761 wNMSE=0.015516141 wMSE=2890.6764 wMRED=0.92493093 wER=0.347754 wMAE=23.1502 wBias=-10.8879 condBias=27.5078 dotDrift=-12.961sigma uMRED=0.0590631884 uER=0.375977 uMAE=31.3359 WCE=308 bias=2.6250
[pop09_hard:00400] loss=0.382282 tau=6.00 collapse_w=0.500 mid_frac=0.223 hard=score=0.3254156998 wNMSE=0.016171089 wMSE=3012.6940 wMRED=0.91423243 wER=0.347754 wMAE=24.3504 wBias=-3.5710 condBias=24.5261 dotDrift=-4.164sigma uMRED=0.0583388589 uER=0.375977 uMAE=32.4297 WCE=308 bias=13.1250
[pop09_hard:00599] loss=0.380369 tau=6.00 collapse_w=0.500 mid_frac=0.205 hard=score=0.2765963234 wNMSE=0.019277992 wMSE=3591.5139 wMRED=0.96655982 wER=0.347754 wMAE=26.5307 wBias=3.2081 condBias=31.8460 dotDrift=+3.426sigma uMRED=0.0642695060 uER=0.375977 uMAE=34.7969 WCE=308 bias=21.1250
[pop09] done (conf=0.51, noise=1.0); global best score=0.0039244433 wNMSE=0.00041718412 wMSE=77.7219 wMRED=0.07778414 wER=0.168868 wMAE=3.1290 wBias=-0.0041 condBias=5.1809 dotDrift=-0.029sigma uMRED=0.0068427756 uER=0.201172 uMAE=3.8906 WCE=52 bias=0.0000
[pop10_soft:00000] loss=1.719716 tau=1.50 collapse_w=0.000 mid_frac=0.339 hard=score=10.0128347145 wNMSE=0.13185679 wMSE=24565.0846 wMRED=3.48147055 wER=0.434493 wMAE=80.6148 wBias=21.0525 condBias=90.5093 dotDrift=+8.597sigma uMRED=0.1731749343 uER=0.430664 uMAE=81.9922 WCE=668 bias=7.1875
[pop10_soft:00200] loss=0.749384 tau=2.25 collapse_w=0.000 mid_frac=0.295 hard=score=14.3654287787 wNMSE=0.07729853 wMSE=14400.8123 wMRED=1.84474456 wER=0.412835 wMAE=49.9780 wBias=-25.3983 condBias=62.4592 dotDrift=-13.545sigma uMRED=0.1225756012 uER=0.425781 uMAE=68.8516 WCE=644 bias=-22.8750
[pop10_soft:00400] loss=0.253354 tau=3.00 collapse_w=0.000 mid_frac=0.268 hard=score=0.5510675733 wNMSE=0.0099662166 wMSE=1856.7186 wMRED=0.54512618 wER=0.332367 wMAE=18.3421 wBias=-4.8151 condBias=24.6258 dotDrift=-7.152sigma uMRED=0.0478833994 uER=0.381836 uMAE=29.5469 WCE=388 bias=-18.6250
[pop10_soft:00600] loss=0.096342 tau=3.75 collapse_w=0.000 mid_frac=0.232 hard=score=1.7364804859 wNMSE=0.0070668842 wMSE=1316.5693 wMRED=0.20454698 wER=0.251388 wMAE=12.3421 wBias=-8.8096 condBias=19.8248 dotDrift=-15.539sigma uMRED=0.0347233439 uER=0.341797 uMAE=24.6250 WCE=304 bias=-18.5000
[pop10_soft:00800] loss=0.057116 tau=4.50 collapse_w=0.084 mid_frac=0.223 hard=score=1.2572264456 wNMSE=0.0058218671 wMSE=1084.6211 wMRED=0.17128018 wER=0.246350 wMAE=10.0795 wBias=-7.4781 condBias=17.9305 dotDrift=-14.532sigma uMRED=0.0287690228 uER=0.323242 uMAE=20.4844 WCE=296 bias=-17.8750
[pop10_soft:01000] loss=0.046066 tau=5.25 collapse_w=0.293 mid_frac=0.143 hard=score=1.1762414973 wNMSE=0.0056927995 wMSE=1060.5756 wMRED=0.17445980 wER=0.254994 wMAE=9.8298 wBias=-7.2285 condBias=17.5143 dotDrift=-14.205sigma uMRED=0.0278985734 uER=0.318359 uMAE=19.6094 WCE=296 bias=-17.0000
[pop10_soft:01199] loss=0.034438 tau=6.00 collapse_w=0.500 mid_frac=0.125 hard=score=1.1762414973 wNMSE=0.0056927995 wMSE=1060.5756 wMRED=0.17445980 wER=0.254994 wMAE=9.8298 wBias=-7.2285 condBias=17.5143 dotDrift=-14.205sigma uMRED=0.0278985734 uER=0.318359 uMAE=19.6094 WCE=296 bias=-17.0000
[pop10_hard:00000] loss=1.195471 tau=6.00 collapse_w=0.500 mid_frac=0.125 hard=score=1.1762414973 wNMSE=0.0056927995 wMSE=1060.5756 wMRED=0.17445980 wER=0.254994 wMAE=9.8298 wBias=-7.2285 condBias=17.5143 dotDrift=-14.205sigma uMRED=0.0278985734 uER=0.318359 uMAE=19.6094 WCE=296 bias=-17.0000
[pop10_hard:00200] loss=1.190771 tau=6.00 collapse_w=0.500 mid_frac=0.116 hard=score=1.1762414973 wNMSE=0.0056927995 wMSE=1060.5756 wMRED=0.17445980 wER=0.254994 wMAE=9.8298 wBias=-7.2285 condBias=17.5143 dotDrift=-14.205sigma uMRED=0.0278985734 uER=0.318359 uMAE=19.6094 WCE=296 bias=-17.0000
[pop10_hard:00400] loss=0.667381 tau=6.00 collapse_w=0.500 mid_frac=0.107 hard=score=0.6477084846 wNMSE=0.0029767388 wMSE=554.5701 wMRED=0.16327979 wER=0.250801 wMAE=7.9666 wBias=-5.3653 condBias=13.2869 dotDrift=-14.581sigma uMRED=0.0187728812 uER=0.299805 uMAE=11.6094 WCE=160 bias=-9.0000
[pop10_hard:00599] loss=0.097422 tau=6.00 collapse_w=0.500 mid_frac=0.107 hard=score=0.4788188555 wNMSE=0.0026634323 wMSE=496.2008 wMRED=0.15654337 wER=0.243067 wMAE=7.1980 wBias=-4.5966 condBias=12.6771 dotDrift=-13.207sigma uMRED=0.0161871519 uER=0.281250 uMAE=9.6094 WCE=160 bias=-7.0000
[pop10] done (conf=0.53, noise=0.5); global best score=0.0039244433 wNMSE=0.00041718412 wMSE=77.7219 wMRED=0.07778414 wER=0.168868 wMAE=3.1290 wBias=-0.0041 condBias=5.1809 dotDrift=-0.029sigma uMRED=0.0068427756 uER=0.201172 uMAE=3.8906 WCE=52 bias=0.0000
[pop11_soft:00000] loss=1.469167 tau=1.50 collapse_w=0.000 mid_frac=0.402 hard=score=41.7782098898 wNMSE=0.083783888 wMSE=15609.0427 wMRED=2.09380772 wER=0.437141 wMAE=61.4053 wBias=43.4931 condBias=73.1139 dotDrift=+22.280sigma uMRED=0.1373678788 uER=0.437500 uMAE=74.8086 WCE=675 bias=20.8125
[pop11_soft:00200] loss=0.988961 tau=2.25 collapse_w=0.000 mid_frac=0.366 hard=score=1.4415708334 wNMSE=0.038326215 wMSE=7140.2216 wMRED=2.01815651 wER=0.419092 wMAE=45.2578 wBias=-7.8523 condBias=37.2803 dotDrift=-5.947sigma uMRED=0.1047283014 uER=0.428711 uMAE=54.8418 WCE=373 bias=-26.3125
[pop11_soft:00400] loss=0.709061 tau=3.00 collapse_w=0.000 mid_frac=0.420 hard=score=1.1077014057 wNMSE=0.035153408 wMSE=6549.1236 wMRED=1.51509954 wER=0.406512 wMAE=36.4042 wBias=-6.7847 condBias=38.1432 dotDrift=-5.366sigma uMRED=0.0865759029 uER=0.428711 uMAE=45.8379 WCE=528 bias=9.3125
[pop11_soft:00600] loss=0.397449 tau=3.75 collapse_w=0.000 mid_frac=0.375 hard=score=6.2858606132 wNMSE=0.02488829 wMSE=4636.7193 wMRED=0.55829625 wER=0.394361 wMAE=27.3260 wBias=16.8126 condBias=35.5737 dotDrift=+15.802sigma uMRED=0.0686598060 uER=0.422852 uMAE=47.3516 WCE=528 bias=28.3750
[pop11_soft:00800] loss=0.267101 tau=4.50 collapse_w=0.084 mid_frac=0.375 hard=score=11.8244909547 wNMSE=0.029558759 wMSE=5506.8336 wMRED=0.57372391 wER=0.394361 wMAE=29.0679 wBias=23.1119 condBias=39.9872 dotDrift=+19.933sigma uMRED=0.0758452496 uER=0.422852 uMAE=52.7578 WCE=528 bias=45.3750
[pop11_soft:01000] loss=0.208985 tau=5.25 collapse_w=0.293 mid_frac=0.348 hard=score=13.4539972104 wNMSE=0.030227943 wMSE=5631.5034 wMRED=0.65365625 wER=0.384728 wMAE=30.2702 wBias=24.6622 condBias=40.7147 dotDrift=+21.033sigma uMRED=0.0784202895 uER=0.419922 uMAE=53.4609 WCE=528 bias=46.2500
[pop11_soft:01199] loss=0.154096 tau=6.00 collapse_w=0.500 mid_frac=0.339 hard=score=13.2473446849 wNMSE=0.03001246 wMSE=5591.3586 wMRED=0.65067957 wER=0.384728 wMAE=30.1041 wBias=24.4713 condBias=40.5240 dotDrift=+20.945sigma uMRED=0.0781121052 uER=0.419922 uMAE=53.3047 WCE=528 bias=46.0000
[pop11_hard:00000] loss=13.288299 tau=6.00 collapse_w=0.500 mid_frac=0.339 hard=score=13.2473446849 wNMSE=0.03001246 wMSE=5591.3586 wMRED=0.65067957 wER=0.384728 wMAE=30.1041 wBias=24.4713 condBias=40.5240 dotDrift=+20.945sigma uMRED=0.0781121052 uER=0.419922 uMAE=53.3047 WCE=528 bias=46.0000
[pop11_hard:00200] loss=3.596245 tau=6.00 collapse_w=0.500 mid_frac=0.330 hard=score=3.5400139331 wNMSE=0.015768298 wMSE=2937.6535 wMRED=0.60036958 wER=0.384728 wMAE=24.9513 wBias=12.6216 condBias=24.3008 dotDrift=+14.904sigma uMRED=0.0584878430 uER=0.419922 uMAE=39.4297 WCE=240 bias=14.0000
[pop11_hard:00400] loss=0.250107 tau=6.00 collapse_w=0.500 mid_frac=0.375 hard=score=0.1869562009 wNMSE=0.019808243 wMSE=3690.3003 wMRED=0.52618891 wER=0.395235 wMAE=25.4118 wBias=2.4892 condBias=27.2255 dotDrift=+2.622sigma uMRED=0.0634594433 uER=0.413086 uMAE=43.4062 WCE=356 bias=-11.1250
[pop11_hard:00599] loss=0.114889 tau=6.00 collapse_w=0.500 mid_frac=0.375 hard=score=0.0529216339 wNMSE=0.020343662 wMSE=3790.0496 wMRED=0.53002280 wER=0.398663 wMAE=25.8902 wBias=-0.0958 condBias=28.5925 dotDrift=-0.100sigma uMRED=0.0661307121 uER=0.419922 uMAE=45.2344 WCE=356 bias=-20.1250
[pop11] done (conf=0.51, noise=1.0); global best score=0.0039244433 wNMSE=0.00041718412 wMSE=77.7219 wMRED=0.07778414 wER=0.168868 wMAE=3.1290 wBias=-0.0041 condBias=5.1809 dotDrift=-0.029sigma uMRED=0.0068427756 uER=0.201172 uMAE=3.8906 WCE=52 bias=0.0000
[best] stage=quad_warmup_bit score=0.0039244433 wNMSE=0.00041718412 wMSE=77.7219 wMRED=0.07778414 wER=0.168868 wMAE=3.1290 wBias=-0.0041 condBias=5.1809 dotDrift=-0.029sigma uMRED=0.0068427756 uER=0.201172 uMAE=3.8906 WCE=52 bias=0.0000
[best-json] /home/xuanqi/tony/work/FPGA/signed8x8_approx/signed8x8_2026_8_22/runs_module_groups/G3_o/balanced_split/rand303/best_signed88_inits.json
[best-rtl] /home/xuanqi/tony/work/FPGA/signed8x8_approx/signed8x8_2026_8_22/runs_module_groups/G3_o/balanced_split/rand303/best_rtl
[design] balanced_split search_bits=112
[start] score=0.0039244433 wNMSE=0.00041718412 wMSE=77.7219 wMRED=0.07778414 wER=0.168868 wMAE=3.1290 wBias=-0.0041 condBias=5.1809 dotDrift=-0.029sigma uMRED=0.0068427756 uER=0.201172 uMAE=3.8906 WCE=52 bias=0.0000
[single] ACCEPT ['lo_lut23:15'] 0.0039244433->0.0038249016 wNMSE=0.00039420372 wBias=+0.09353
[single] ACCEPT ['lo_lut45:15'] 0.0038249016->0.0036425143 wNMSE=0.00039335483 wBias=-0.02541
[single] round=3 no improvement
[pair] ACCEPT ['lo_lut23:47', 'lo_lut23:51'] 0.0036425143->0.0030151668 wNMSE=0.00033425718 wBias=-0.02121
[pair] ACCEPT ['mid_lut01:63', 'mid_lut01:59'] 0.0030151668->0.0029418465 wNMSE=0.00029277753 wBias=-0.00861
[pair] ACCEPT ['mid_lut01:23', 'lo_lut23:39'] 0.0029418465->0.0029128531 wNMSE=0.00028241889 wBias=+0.00954
[pair] ACCEPT ['lo_lut23:7', 'lo_lut01:63'] 0.0029128531->0.0029052171 wNMSE=0.00027539827 wBias=+0.00010
[final] score=0.0029052171 wNMSE=0.00027539827 wMSE=51.3070 wMRED=0.10590907 wER=0.312387 wMAE=3.0041 wBias=0.0001 condBias=3.6965 dotDrift=+0.001sigma uMRED=0.0068047072 uER=0.333984 uMAE=3.6406 WCE=40 bias=-0.3750
[json] /home/xuanqi/tony/work/FPGA/signed8x8_approx/signed8x8_2026_8_22/runs_module_groups/G3_o/balanced_split/rand303/refined/best_signed88_inits.json
