[design] default_split quad4 entries=168
[device] cuda
[initial] score=244.2620247939 wNMSE=9.6251201 wMSE=1793171.8439 wMRED=36.27658940 wER=0.583234 wMAE=696.7403 wBias=101.6607 condBias=736.7964 dotDrift=+4.859sigma uMRED=1.2877485458 uER=0.573730 uMAE=412.3472 WCE=4064 bias=80.0000
[quad_warmup_bit:00000] loss=10.164467 tau=1.50 collapse_w=0.000 mid_frac=0.458 hard=score=335.1293524319 wNMSE=9.5929759 wMSE=1787183.3424 wMRED=35.31318835 wER=0.583234 wMAE=712.2788 wBias=120.2142 condBias=754.8686 dotDrift=+5.755sigma uMRED=1.2741720673 uER=0.573730 uMAE=418.8149 WCE=3748 bias=88.0000
[quad_warmup_bit:00050] loss=6.935519 tau=1.50 collapse_w=0.000 mid_frac=0.464 hard=score=12.3820700864 wNMSE=6.222105 wMSE=1159185.8942 wMRED=39.35531150 wER=0.583234 wMAE=601.6508 wBias=7.0961 condBias=646.4362 dotDrift=+0.422sigma uMRED=1.3236827648 uER=0.573730 uMAE=360.1548 WCE=3528 bias=29.0625 *BEST*
[quad_warmup_bit:00200] loss=0.778071 tau=1.50 collapse_w=0.000 mid_frac=0.458 hard=score=461.5712059575 wNMSE=5.5864861 wMSE=1040769.3041 wMRED=34.45334980 wER=0.553011 wMAE=530.9512 wBias=-143.3687 condBias=587.8592 dotDrift=-8.994sigma uMRED=1.2260024908 uER=0.560547 uMAE=360.4570 WCE=3532 bias=-144.3750
[quad_warmup_bit:00400] loss=0.570647 tau=1.50 collapse_w=0.000 mid_frac=0.423 hard=score=484.5147312706 wNMSE=5.5954375 wMSE=1042436.9682 wMRED=34.47325794 wER=0.553011 wMAE=530.8200 wBias=-146.9593 condBias=588.3733 dotDrift=-9.212sigma uMRED=1.2280037888 uER=0.560547 uMAE=361.2910 WCE=3528 bias=-148.1250
[quad_warmup_bit:00600] loss=0.538239 tau=1.50 collapse_w=0.000 mid_frac=0.423 hard=score=615.3704710942 wNMSE=5.2604332 wMSE=980025.2566 wMRED=32.81987320 wER=0.553011 wMAE=505.6835 wBias=-166.0477 condBias=571.0755 dotDrift=-10.735sigma uMRED=1.1797371319 uER=0.560547 uMAE=351.0938 WCE=3504 bias=-151.0000
[quad_warmup_bit:00800] loss=0.507498 tau=1.50 collapse_w=0.000 mid_frac=0.399 hard=score=661.0408080723 wNMSE=5.3069369 wMSE=988688.9439 wMRED=32.98110517 wER=0.537626 wMAE=512.2645 wBias=-172.1767 condBias=572.9213 dotDrift=-11.082sigma uMRED=1.2044884661 uER=0.547363 uMAE=366.3438 WCE=3536 bias=-166.1250
[quad_warmup_bit:01000] loss=0.476050 tau=1.50 collapse_w=0.000 mid_frac=0.375 hard=score=628.1948756309 wNMSE=5.2523089 wMSE=978511.6884 wMRED=32.76747275 wER=0.531021 wMAE=509.5313 wBias=-167.7959 condBias=569.0681 dotDrift=-10.856sigma uMRED=1.1966990788 uER=0.530518 uMAE=364.0938 WCE=3504 bias=-160.6250
[quad_warmup_bit:01200] loss=0.442995 tau=1.50 collapse_w=0.000 mid_frac=0.339 hard=score=582.5429098939 wNMSE=5.0871733 wMSE=947746.7148 wMRED=32.18129580 wER=0.531442 wMAE=494.0536 wBias=-161.5397 condBias=555.4652 dotDrift=-10.620sigma uMRED=1.1636275494 uER=0.531982 uMAE=351.0156 WCE=3472 bias=-149.6250
[quad_warmup_bit:01400] loss=0.411682 tau=1.50 collapse_w=0.000 mid_frac=0.321 hard=score=689.6510963277 wNMSE=4.8993861 wMSE=912761.7177 wMRED=30.71281052 wER=0.475456 wMAE=461.4460 wBias=-176.0441 condBias=534.1812 dotDrift=-11.793sigma uMRED=1.0871420667 uER=0.501953 uMAE=320.9180 WCE=3456 bias=-140.1250
[quad_warmup_bit:01600] loss=0.381762 tau=1.50 collapse_w=0.000 mid_frac=0.321 hard=score=1622.9562126346 wNMSE=4.3915198 wMSE=818145.6072 wMRED=24.12418828 wER=0.401647 wMAE=368.8764 wBias=-271.0433 condBias=509.7243 dotDrift=-19.178sigma uMRED=0.9069036754 uER=0.467773 uMAE=284.3086 WCE=3456 bias=-164.1250
[quad_warmup_bit:01800] loss=0.352822 tau=1.50 collapse_w=0.000 mid_frac=0.315 hard=score=1507.6517645054 wNMSE=4.2127534 wMSE=784841.2088 wMRED=23.16446846 wER=0.402646 wMAE=360.3962 wBias=-261.2201 condBias=495.1789 dotDrift=-18.871sigma uMRED=0.8834885607 uER=0.467773 uMAE=280.7324 WCE=3264 bias=-158.3750
[quad_warmup_bit:02000] loss=0.324537 tau=1.50 collapse_w=0.000 mid_frac=0.310 hard=score=997.7357155507 wNMSE=3.0378107 wMSE=565947.9180 wMRED=19.65127994 wER=0.397176 wMAE=315.8122 wBias=-212.4578 condBias=424.5916 dotDrift=-18.074sigma uMRED=0.7535917530 uER=0.443848 uMAE=238.7363 WCE=2752 bias=-110.3750
[quad_warmup_bit:02200] loss=0.298218 tau=1.50 collapse_w=0.000 mid_frac=0.268 hard=score=670.9287479707 wNMSE=2.4855507 wMSE=463061.1910 wMRED=17.48203903 wER=0.386448 wMAE=285.3860 wBias=-174.1223 condBias=376.7978 dotDrift=-16.376sigma uMRED=0.6800140421 uER=0.418213 uMAE=211.2031 WCE=2432 bias=-74.3750
[quad_warmup_bit:02400] loss=0.276523 tau=1.50 collapse_w=0.000 mid_frac=0.244 hard=score=362.1534929322 wNMSE=2.4190585 wMSE=450673.6115 wMRED=17.26206145 wER=0.366732 wMAE=275.6512 wBias=-127.6146 condBias=365.4396 dotDrift=-12.166sigma uMRED=0.6467945015 uER=0.411621 uMAE=202.5625 WCE=3072 bias=-12.3750
[quad_warmup_bit:02600] loss=0.259451 tau=1.50 collapse_w=0.000 mid_frac=0.232 hard=score=386.3014897804 wNMSE=2.4015513 wMSE=447411.9965 wMRED=17.21073408 wER=0.356240 wMAE=268.7778 wBias=-131.8534 condBias=364.4145 dotDrift=-12.616sigma uMRED=0.6239739226 uER=0.381104 uMAE=182.4141 WCE=3072 bias=-20.3750
[quad_warmup_bit:02800] loss=0.245036 tau=1.50 collapse_w=0.000 mid_frac=0.214 hard=score=464.4634387946 wNMSE=2.696086 wMSE=502284.1769 wMRED=17.90279217 wER=0.347754 wMAE=278.7865 wBias=-144.6308 condBias=364.9134 dotDrift=-13.061sigma uMRED=0.6971669686 uER=0.361816 uMAE=189.6758 WCE=3364 bias=-27.5000
[quad_warmup_bit:03000] loss=0.230009 tau=1.50 collapse_w=0.000 mid_frac=0.202 hard=score=6.3836178517 wNMSE=0.86900512 wMSE=161896.7355 wMRED=4.06671112 wER=0.313706 wMAE=125.5176 wBias=14.9052 condBias=146.2444 dotDrift=+2.371sigma uMRED=0.3200028956 uER=0.350098 uMAE=129.4844 WCE=3364 bias=36.5000 *BEST*
[quad_warmup_bit:03200] loss=0.212175 tau=1.50 collapse_w=0.000 mid_frac=0.173 hard=score=41.9895981424 wNMSE=0.503633 wMSE=93827.4547 wMRED=3.46345222 wER=0.313706 wMAE=92.2806 wBias=-43.2415 condBias=121.0066 dotDrift=-9.035sigma uMRED=0.2493230865 uER=0.350098 uMAE=94.3438 WCE=3364 bias=-27.5000
[quad_warmup_bit:03400] loss=0.192982 tau=1.50 collapse_w=0.000 mid_frac=0.167 hard=score=25.8693351955 wNMSE=0.36022231 wMSE=67109.8647 wMRED=3.14020836 wER=0.304345 wMAE=84.1073 wBias=-33.8435 condBias=86.9588 dotDrift=-8.361sigma uMRED=0.2137619772 uER=0.335449 uMAE=84.8770 WCE=3156 bias=-17.5000
[quad_warmup_bit:03600] loss=0.176146 tau=1.50 collapse_w=0.000 mid_frac=0.173 hard=score=61.5945741027 wNMSE=0.45718683 wMSE=85174.4759 wMRED=4.54244146 wER=0.304345 wMAE=102.8202 wBias=-52.5564 condBias=121.5453 dotDrift=-11.525sigma uMRED=0.2547336576 uER=0.335449 uMAE=92.8770 WCE=3156 bias=-25.5000
[quad_warmup_bit:03800] loss=0.163190 tau=1.50 collapse_w=0.000 mid_frac=0.161 hard=score=61.5945741027 wNMSE=0.45718683 wMSE=85174.4759 wMRED=4.54244146 wER=0.304345 wMAE=102.8202 wBias=-52.5564 condBias=121.5453 dotDrift=-11.525sigma uMRED=0.2547336576 uER=0.335449 uMAE=92.8770 WCE=3156 bias=-25.5000
[quad_warmup_bit:03875] loss=0.159098 tau=1.50 collapse_w=0.000 mid_frac=0.161 hard=score=5.6312273683 wNMSE=0.31468528 wMSE=58626.2585 wMRED=1.81198950 wER=0.304345 wMAE=66.5503 wBias=-15.1306 condBias=76.5556 dotDrift=-3.999sigma uMRED=0.1775702041 uER=0.335449 uMAE=77.6426 WCE=3156 bias=-9.5000 *BEST*
[quad_warmup_bit:04000] loss=0.153166 tau=1.50 collapse_w=0.000 mid_frac=0.161 hard=score=6.7997975880 wNMSE=0.34916894 wMSE=65050.6073 wMRED=1.95335167 wER=0.304345 wMAE=67.5014 wBias=-16.7164 condBias=71.8825 dotDrift=-4.195sigma uMRED=0.1892670546 uER=0.335449 uMAE=78.1055 WCE=3460 bias=-10.5000
[quad_warmup_bit:04100] loss=0.148427 tau=1.50 collapse_w=0.000 mid_frac=0.137 hard=score=1.8355478356 wNMSE=0.34568573 wMSE=64401.6810 wMRED=1.47680694 wER=0.261054 wMAE=61.2758 wBias=-7.3600 condBias=72.2120 dotDrift=-1.856sigma uMRED=0.1773829075 uER=0.319824 uMAE=75.9180 WCE=3460 bias=-6.5000 *BEST*
[quad_warmup_bit:04200] loss=0.143570 tau=1.50 collapse_w=0.000 mid_frac=0.137 hard=score=1.8355478356 wNMSE=0.34568573 wMSE=64401.6810 wMRED=1.47680694 wER=0.261054 wMAE=61.2758 wBias=-7.3600 condBias=72.2120 dotDrift=-1.856sigma uMRED=0.1773829075 uER=0.319824 uMAE=75.9180 WCE=3460 bias=-6.5000
[quad_warmup_bit:04275] loss=0.140012 tau=1.50 collapse_w=0.000 mid_frac=0.143 hard=score=1.7229794378 wNMSE=0.34560574 wMSE=64386.7802 wMRED=1.47563060 wER=0.261054 wMAE=61.0343 wBias=-7.0036 condBias=72.2689 dotDrift=-1.766sigma uMRED=0.1768626682 uER=0.319824 uMAE=75.2617 WCE=3460 bias=-5.5000 *BEST*
[quad_warmup_bit:04400] loss=0.134729 tau=1.50 collapse_w=0.000 mid_frac=0.125 hard=score=1.7229794378 wNMSE=0.34560574 wMSE=64386.7802 wMRED=1.47563060 wER=0.261054 wMAE=61.0343 wBias=-7.0036 condBias=72.2689 dotDrift=-1.766sigma uMRED=0.1768626682 uER=0.319824 uMAE=75.2617 WCE=3460 bias=-5.5000
[quad_warmup_bit:04600] loss=0.128428 tau=1.50 collapse_w=0.000 mid_frac=0.119 hard=score=4.7549596085 wNMSE=0.045895317 wMSE=8550.3547 wMRED=0.66905507 wER=0.247041 wMAE=29.0808 wBias=-14.5195 condBias=55.0730 dotDrift=-10.049sigma uMRED=0.0701177122 uER=0.300293 uMAE=35.6094 WCE=656 bias=-16.5000
[quad_warmup_bit:04800] loss=0.124023 tau=1.50 collapse_w=0.000 mid_frac=0.119 hard=score=4.2260273555 wNMSE=0.04470836 wMSE=8329.2231 wMRED=0.66320601 wER=0.252039 wMAE=28.8861 wBias=-13.6730 condBias=52.9802 dotDrift=-9.588sigma uMRED=0.0693914589 uER=0.304688 uMAE=35.3477 WCE=640 bias=-15.5000
[quad_warmup_bit:04900] loss=0.122117 tau=1.50 collapse_w=0.000 mid_frac=0.101 hard=score=1.6538722088 wNMSE=0.036767214 wMSE=6849.7778 wMRED=0.57640551 wER=0.244822 wMAE=24.9024 wBias=-8.4328 condBias=43.3696 dotDrift=-6.521sigma uMRED=0.0590341909 uER=0.291504 uMAE=30.2148 WCE=512 bias=-9.0000 *BEST*
[quad_warmup_bit:05000] loss=0.120165 tau=1.50 collapse_w=0.000 mid_frac=0.077 hard=score=1.6538722088 wNMSE=0.036767214 wMSE=6849.7778 wMRED=0.57640551 wER=0.244822 wMAE=24.9024 wBias=-8.4328 condBias=43.3696 dotDrift=-6.521sigma uMRED=0.0590341909 uER=0.291504 uMAE=30.2148 WCE=512 bias=-9.0000
[quad_warmup_bit:05200] loss=0.115784 tau=1.50 collapse_w=0.000 mid_frac=0.071 hard=score=1.6538722088 wNMSE=0.036767214 wMSE=6849.7778 wMRED=0.57640551 wER=0.244822 wMAE=24.9024 wBias=-8.4328 condBias=43.3696 dotDrift=-6.521sigma uMRED=0.0590341909 uER=0.291504 uMAE=30.2148 WCE=512 bias=-9.0000
[quad_warmup_bit:05400] loss=0.112805 tau=1.50 collapse_w=0.000 mid_frac=0.077 hard=score=2.7022558584 wNMSE=0.040208857 wMSE=7490.9600 wMRED=0.63053285 wER=0.244822 wMAE=27.3553 wBias=-10.8858 condBias=46.2479 dotDrift=-8.050sigma uMRED=0.0648691680 uER=0.291504 uMAE=33.2148 WCE=512 bias=-12.0000
[quad_warmup_bit:05600] loss=0.110722 tau=1.50 collapse_w=0.000 mid_frac=0.071 hard=score=1.9579244616 wNMSE=0.037498599 wMSE=6986.0356 wMRED=0.59190739 wER=0.244822 wMAE=25.6829 wBias=-9.2133 condBias=44.1545 dotDrift=-7.055sigma uMRED=0.0607769971 uER=0.291504 uMAE=31.2148 WCE=512 bias=-10.0000
[quad_warmup_bit:05800] loss=0.108842 tau=1.50 collapse_w=0.000 mid_frac=0.065 hard=score=1.6538722088 wNMSE=0.036767214 wMSE=6849.7778 wMRED=0.57640551 wER=0.244822 wMAE=24.9024 wBias=-8.4328 condBias=43.3696 dotDrift=-6.521sigma uMRED=0.0590341909 uER=0.291504 uMAE=30.2148 WCE=512 bias=-9.0000
[quad_warmup_bit:05999] loss=0.106829 tau=1.50 collapse_w=0.000 mid_frac=0.065 hard=score=0.8670436100 wNMSE=0.014782232 wMSE=2753.9482 wMRED=0.46674909 wER=0.235849 wMAE=16.9028 wBias=6.1038 condBias=32.1392 dotDrift=+7.444sigma uMRED=0.0404648379 uER=0.279785 uMAE=19.8555 WCE=352 bias=7.0000 *BEST*
[quad_soft:00000] loss=0.425551 tau=1.50 collapse_w=0.000 mid_frac=0.065 hard=score=0.8670436100 wNMSE=0.014782232 wMSE=2753.9482 wMRED=0.46674909 wER=0.235849 wMAE=16.9028 wBias=6.1038 condBias=32.1392 dotDrift=+7.444sigma uMRED=0.0404648379 uER=0.279785 uMAE=19.8555 WCE=352 bias=7.0000
[quad_soft:00200] loss=0.238301 tau=1.59 collapse_w=0.000 mid_frac=0.060 hard=score=4.1638342037 wNMSE=0.037384874 wMSE=6964.8485 wMRED=0.69574642 wER=0.263864 wMAE=26.0073 wBias=-13.6082 condBias=42.4417 dotDrift=-10.436sigma uMRED=0.0610996206 uER=0.307129 uMAE=29.7148 WCE=512 bias=-14.5000
[quad_soft:00225] loss=0.231260 tau=1.60 collapse_w=0.000 mid_frac=0.054 hard=score=0.0480748274 wNMSE=0.0085550267 wMSE=1593.8121 wMRED=0.52833932 wER=0.254891 wMAE=15.5169 wBias=0.9284 condBias=24.7612 dotDrift=+1.488sigma uMRED=0.0375132176 uER=0.295410 uMAE=17.3555 WCE=224 bias=1.5000 *BEST*
[quad_soft:00250] loss=0.224760 tau=1.61 collapse_w=0.000 mid_frac=0.048 hard=score=0.0261179584 wNMSE=0.0078207273 wMSE=1457.0112 wMRED=0.51402972 wER=0.254891 wMAE=14.7508 wBias=0.1623 condBias=23.1143 dotDrift=+0.272sigma uMRED=0.0357998910 uER=0.295410 uMAE=16.3555 WCE=192 bias=0.5000 *BEST*
[quad_soft:00400] loss=0.195078 tau=1.68 collapse_w=0.000 mid_frac=0.048 hard=score=0.0261179584 wNMSE=0.0078207273 wMSE=1457.0112 wMRED=0.51402972 wER=0.254891 wMAE=14.7508 wBias=0.1623 condBias=23.1143 dotDrift=+0.272sigma uMRED=0.0357998910 uER=0.295410 uMAE=16.3555 WCE=192 bias=0.5000
[quad_soft:00450] loss=0.187886 tau=1.70 collapse_w=0.000 mid_frac=0.054 hard=score=0.0260080628 wNMSE=0.0061559545 wMSE=1146.8620 wMRED=0.37361783 wER=0.254891 wMAE=12.4682 wBias=0.3811 condBias=20.9875 dotDrift=+0.720sigma uMRED=0.0298342044 uER=0.295410 uMAE=14.3555 WCE=192 bias=0.5000 *BEST*
[quad_soft:00475] loss=0.184621 tau=1.71 collapse_w=0.000 mid_frac=0.036 hard=score=0.0217785366 wNMSE=0.0060101292 wMSE=1119.6945 wMRED=0.36778064 wER=0.243713 wMAE=12.0450 wBias=-0.0421 condBias=20.5591 dotDrift=-0.081sigma uMRED=0.0290411980 uER=0.279785 uMAE=13.8555 WCE=180 bias=0.0000 *BEST*
[quad_soft:00500] loss=0.181791 tau=1.73 collapse_w=0.000 mid_frac=0.036 hard=score=0.0217339588 wNMSE=0.0059046686 wMSE=1100.0471 wMRED=0.36444612 wER=0.243713 wMAE=11.8498 wBias=0.1531 condBias=20.1820 dotDrift=+0.295sigma uMRED=0.0286523272 uER=0.279785 uMAE=13.6055 WCE=176 bias=0.2500 *BEST*
[quad_soft:00600] loss=0.171939 tau=1.77 collapse_w=0.000 mid_frac=0.036 hard=score=0.1340459352 wNMSE=0.0052525992 wMSE=978.5658 wMRED=0.45488739 wER=0.279689 wMAE=12.0566 wBias=2.2764 condBias=19.0742 dotDrift=+4.657sigma uMRED=0.0298925977 uER=0.309082 uMAE=13.5430 WCE=176 bias=2.2500
[quad_soft:00800] loss=0.160050 tau=1.86 collapse_w=0.000 mid_frac=0.042 hard=score=0.1816640776 wNMSE=0.0054067079 wMSE=1007.2764 wMRED=0.46072458 wER=0.289361 wMAE=12.4798 wBias=2.6996 condBias=19.5742 dotDrift=+5.444sigma uMRED=0.0306856041 uER=0.322754 uMAE=14.0430 WCE=192 bias=2.7500
[quad_soft:01000] loss=0.156723 tau=1.95 collapse_w=0.000 mid_frac=0.042 hard=score=0.1816640776 wNMSE=0.0054067079 wMSE=1007.2764 wMRED=0.46072458 wER=0.289361 wMAE=12.4798 wBias=2.6996 condBias=19.5742 dotDrift=+5.444sigma uMRED=0.0306856041 uER=0.322754 uMAE=14.0430 WCE=192 bias=2.7500
[quad_soft:01200] loss=0.153200 tau=2.04 collapse_w=0.000 mid_frac=0.042 hard=score=0.1816640776 wNMSE=0.0054067079 wMSE=1007.2764 wMRED=0.46072458 wER=0.289361 wMAE=12.4798 wBias=2.6996 condBias=19.5742 dotDrift=+5.444sigma uMRED=0.0306856041 uER=0.322754 uMAE=14.0430 WCE=192 bias=2.7500
[quad_soft:01400] loss=0.149080 tau=2.13 collapse_w=0.000 mid_frac=0.042 hard=score=0.1816640776 wNMSE=0.0054067079 wMSE=1007.2764 wMRED=0.46072458 wER=0.289361 wMAE=12.4798 wBias=2.6996 condBias=19.5742 dotDrift=+5.444sigma uMRED=0.0306856041 uER=0.322754 uMAE=14.0430 WCE=192 bias=2.7500
[quad_soft:01600] loss=0.145491 tau=2.22 collapse_w=0.000 mid_frac=0.030 hard=score=0.1816640776 wNMSE=0.0054067079 wMSE=1007.2764 wMRED=0.46072458 wER=0.289361 wMAE=12.4798 wBias=2.6996 condBias=19.5742 dotDrift=+5.444sigma uMRED=0.0306856041 uER=0.322754 uMAE=14.0430 WCE=192 bias=2.7500
[quad_soft:01800] loss=0.142630 tau=2.31 collapse_w=0.000 mid_frac=0.030 hard=score=0.1816640776 wNMSE=0.0054067079 wMSE=1007.2764 wMRED=0.46072458 wER=0.289361 wMAE=12.4798 wBias=2.6996 condBias=19.5742 dotDrift=+5.444sigma uMRED=0.0306856041 uER=0.322754 uMAE=14.0430 WCE=192 bias=2.7500
[quad_soft:02000] loss=0.139947 tau=2.40 collapse_w=0.000 mid_frac=0.036 hard=score=0.1816640776 wNMSE=0.0054067079 wMSE=1007.2764 wMRED=0.46072458 wER=0.289361 wMAE=12.4798 wBias=2.6996 condBias=19.5742 dotDrift=+5.444sigma uMRED=0.0306856041 uER=0.322754 uMAE=14.0430 WCE=192 bias=2.7500
[quad_soft:02200] loss=0.137302 tau=2.49 collapse_w=0.000 mid_frac=0.036 hard=score=0.1816640776 wNMSE=0.0054067079 wMSE=1007.2764 wMRED=0.46072458 wER=0.289361 wMAE=12.4798 wBias=2.6996 condBias=19.5742 dotDrift=+5.444sigma uMRED=0.0306856041 uER=0.322754 uMAE=14.0430 WCE=192 bias=2.7500
[quad_soft:02400] loss=0.134667 tau=2.58 collapse_w=0.000 mid_frac=0.036 hard=score=0.1816640776 wNMSE=0.0054067079 wMSE=1007.2764 wMRED=0.46072458 wER=0.289361 wMAE=12.4798 wBias=2.6996 condBias=19.5742 dotDrift=+5.444sigma uMRED=0.0306856041 uER=0.322754 uMAE=14.0430 WCE=192 bias=2.7500
[quad_soft:02600] loss=0.132076 tau=2.67 collapse_w=0.000 mid_frac=0.036 hard=score=0.1816640776 wNMSE=0.0054067079 wMSE=1007.2764 wMRED=0.46072458 wER=0.289361 wMAE=12.4798 wBias=2.6996 condBias=19.5742 dotDrift=+5.444sigma uMRED=0.0306856041 uER=0.322754 uMAE=14.0430 WCE=192 bias=2.7500
[quad_soft:02800] loss=0.129454 tau=2.76 collapse_w=0.000 mid_frac=0.036 hard=score=0.1816640776 wNMSE=0.0054067079 wMSE=1007.2764 wMRED=0.46072458 wER=0.289361 wMAE=12.4798 wBias=2.6996 condBias=19.5742 dotDrift=+5.444sigma uMRED=0.0306856041 uER=0.322754 uMAE=14.0430 WCE=192 bias=2.7500
[quad_soft:03000] loss=0.126860 tau=2.85 collapse_w=0.000 mid_frac=0.036 hard=score=0.1816640776 wNMSE=0.0054067079 wMSE=1007.2764 wMRED=0.46072458 wER=0.289361 wMAE=12.4798 wBias=2.6996 condBias=19.5742 dotDrift=+5.444sigma uMRED=0.0306856041 uER=0.322754 uMAE=14.0430 WCE=192 bias=2.7500
[quad_soft:03200] loss=0.124258 tau=2.94 collapse_w=0.000 mid_frac=0.036 hard=score=0.1816640776 wNMSE=0.0054067079 wMSE=1007.2764 wMRED=0.46072458 wER=0.289361 wMAE=12.4798 wBias=2.6996 condBias=19.5742 dotDrift=+5.444sigma uMRED=0.0306856041 uER=0.322754 uMAE=14.0430 WCE=192 bias=2.7500
[quad_soft:03400] loss=0.121651 tau=3.03 collapse_w=0.000 mid_frac=0.042 hard=score=0.1816640776 wNMSE=0.0054067079 wMSE=1007.2764 wMRED=0.46072458 wER=0.289361 wMAE=12.4798 wBias=2.6996 condBias=19.5742 dotDrift=+5.444sigma uMRED=0.0306856041 uER=0.322754 uMAE=14.0430 WCE=192 bias=2.7500
[quad_soft:03600] loss=0.119040 tau=3.12 collapse_w=0.000 mid_frac=0.042 hard=score=0.1816640776 wNMSE=0.0054067079 wMSE=1007.2764 wMRED=0.46072458 wER=0.289361 wMAE=12.4798 wBias=2.6996 condBias=19.5742 dotDrift=+5.444sigma uMRED=0.0306856041 uER=0.322754 uMAE=14.0430 WCE=192 bias=2.7500
[quad_soft:03800] loss=0.116437 tau=3.21 collapse_w=0.000 mid_frac=0.042 hard=score=0.1816640776 wNMSE=0.0054067079 wMSE=1007.2764 wMRED=0.46072458 wER=0.289361 wMAE=12.4798 wBias=2.6996 condBias=19.5742 dotDrift=+5.444sigma uMRED=0.0306856041 uER=0.322754 uMAE=14.0430 WCE=192 bias=2.7500
[quad_soft:04000] loss=0.113816 tau=3.30 collapse_w=0.000 mid_frac=0.042 hard=score=0.1816640776 wNMSE=0.0054067079 wMSE=1007.2764 wMRED=0.46072458 wER=0.289361 wMAE=12.4798 wBias=2.6996 condBias=19.5742 dotDrift=+5.444sigma uMRED=0.0306856041 uER=0.322754 uMAE=14.0430 WCE=192 bias=2.7500
[quad_soft:04200] loss=0.110878 tau=3.39 collapse_w=0.000 mid_frac=0.042 hard=score=0.1816640776 wNMSE=0.0054067079 wMSE=1007.2764 wMRED=0.46072458 wER=0.289361 wMAE=12.4798 wBias=2.6996 condBias=19.5742 dotDrift=+5.444sigma uMRED=0.0306856041 uER=0.322754 uMAE=14.0430 WCE=192 bias=2.7500
[quad_soft:04400] loss=0.107960 tau=3.48 collapse_w=0.000 mid_frac=0.042 hard=score=0.1816640776 wNMSE=0.0054067079 wMSE=1007.2764 wMRED=0.46072458 wER=0.289361 wMAE=12.4798 wBias=2.6996 condBias=19.5742 dotDrift=+5.444sigma uMRED=0.0306856041 uER=0.322754 uMAE=14.0430 WCE=192 bias=2.7500
[quad_soft:04600] loss=0.105007 tau=3.57 collapse_w=0.000 mid_frac=0.042 hard=score=0.1816640776 wNMSE=0.0054067079 wMSE=1007.2764 wMRED=0.46072458 wER=0.289361 wMAE=12.4798 wBias=2.6996 condBias=19.5742 dotDrift=+5.444sigma uMRED=0.0306856041 uER=0.322754 uMAE=14.0430 WCE=192 bias=2.7500
[quad_soft:04800] loss=0.102065 tau=3.66 collapse_w=0.000 mid_frac=0.042 hard=score=0.1816640776 wNMSE=0.0054067079 wMSE=1007.2764 wMRED=0.46072458 wER=0.289361 wMAE=12.4798 wBias=2.6996 condBias=19.5742 dotDrift=+5.444sigma uMRED=0.0306856041 uER=0.322754 uMAE=14.0430 WCE=192 bias=2.7500
[quad_soft:05000] loss=0.099122 tau=3.75 collapse_w=0.000 mid_frac=0.042 hard=score=0.1816640776 wNMSE=0.0054067079 wMSE=1007.2764 wMRED=0.46072458 wER=0.289361 wMAE=12.4798 wBias=2.6996 condBias=19.5742 dotDrift=+5.444sigma uMRED=0.0306856041 uER=0.322754 uMAE=14.0430 WCE=192 bias=2.7500
[quad_soft:05200] loss=0.096193 tau=3.84 collapse_w=0.000 mid_frac=0.042 hard=score=0.1816640776 wNMSE=0.0054067079 wMSE=1007.2764 wMRED=0.46072458 wER=0.289361 wMAE=12.4798 wBias=2.6996 condBias=19.5742 dotDrift=+5.444sigma uMRED=0.0306856041 uER=0.322754 uMAE=14.0430 WCE=192 bias=2.7500
[quad_soft:05400] loss=0.093246 tau=3.93 collapse_w=0.000 mid_frac=0.042 hard=score=0.1816640776 wNMSE=0.0054067079 wMSE=1007.2764 wMRED=0.46072458 wER=0.289361 wMAE=12.4798 wBias=2.6996 condBias=19.5742 dotDrift=+5.444sigma uMRED=0.0306856041 uER=0.322754 uMAE=14.0430 WCE=192 bias=2.7500
[quad_soft:05600] loss=0.090289 tau=4.02 collapse_w=0.000 mid_frac=0.048 hard=score=0.1662947207 wNMSE=0.0054273773 wMSE=1011.1271 wMRED=0.46678676 wER=0.302298 wMAE=12.6131 wBias=2.5663 condBias=19.6516 dotDrift=+5.165sigma uMRED=0.0309690577 uER=0.334473 uMAE=14.1680 WCE=192 bias=2.6250
[quad_soft:05800] loss=0.087346 tau=4.11 collapse_w=0.000 mid_frac=0.048 hard=score=0.1662947207 wNMSE=0.0054273773 wMSE=1011.1271 wMRED=0.46678676 wER=0.302298 wMAE=12.6131 wBias=2.5663 condBias=19.6516 dotDrift=+5.165sigma uMRED=0.0309690577 uER=0.334473 uMAE=14.1680 WCE=192 bias=2.6250
[quad_soft:06000] loss=0.084400 tau=4.20 collapse_w=0.000 mid_frac=0.048 hard=score=0.1662947207 wNMSE=0.0054273773 wMSE=1011.1271 wMRED=0.46678676 wER=0.302298 wMAE=12.6131 wBias=2.5663 condBias=19.6516 dotDrift=+5.165sigma uMRED=0.0309690577 uER=0.334473 uMAE=14.1680 WCE=192 bias=2.6250
[quad_soft:06200] loss=0.082361 tau=4.29 collapse_w=0.025 mid_frac=0.036 hard=score=0.1340459352 wNMSE=0.0052525992 wMSE=978.5658 wMRED=0.45488739 wER=0.279689 wMAE=12.0566 wBias=2.2764 condBias=19.0742 dotDrift=+4.657sigma uMRED=0.0298925977 uER=0.309082 uMAE=13.5430 WCE=176 bias=2.2500
[quad_soft:06400] loss=0.080250 tau=4.38 collapse_w=0.050 mid_frac=0.030 hard=score=0.1340459352 wNMSE=0.0052525992 wMSE=978.5658 wMRED=0.45488739 wER=0.279689 wMAE=12.0566 wBias=2.2764 condBias=19.0742 dotDrift=+4.657sigma uMRED=0.0298925977 uER=0.309082 uMAE=13.5430 WCE=176 bias=2.2500
[quad_soft:06600] loss=0.078060 tau=4.47 collapse_w=0.075 mid_frac=0.036 hard=score=0.1211591584 wNMSE=0.0052732686 wMSE=982.4165 wMRED=0.46094957 wER=0.292627 wMAE=12.1899 wBias=2.1431 condBias=19.1537 dotDrift=+4.376sigma uMRED=0.0301760513 uER=0.320801 uMAE=13.6680 WCE=176 bias=2.1250
[quad_soft:06800] loss=0.075831 tau=4.56 collapse_w=0.100 mid_frac=0.030 hard=score=0.1340459352 wNMSE=0.0052525992 wMSE=978.5658 wMRED=0.45488739 wER=0.279689 wMAE=12.0566 wBias=2.2764 condBias=19.0742 dotDrift=+4.657sigma uMRED=0.0298925977 uER=0.309082 uMAE=13.5430 WCE=176 bias=2.2500
[quad_soft:07000] loss=0.073542 tau=4.65 collapse_w=0.125 mid_frac=0.024 hard=score=0.1439019579 wNMSE=0.005210641 wMSE=970.7489 wMRED=0.45322013 wER=0.279689 wMAE=11.9590 wBias=2.3740 condBias=18.9013 dotDrift=+4.876sigma uMRED=0.0296981623 uER=0.309082 uMAE=13.4180 WCE=176 bias=2.3750
[quad_soft:07200] loss=0.071195 tau=4.74 collapse_w=0.150 mid_frac=0.024 hard=score=0.1439019579 wNMSE=0.005210641 wMSE=970.7489 wMRED=0.45322013 wER=0.279689 wMAE=11.9590 wBias=2.3740 condBias=18.9013 dotDrift=+4.876sigma uMRED=0.0296981623 uER=0.309082 uMAE=13.4180 WCE=176 bias=2.3750
[quad_soft:07400] loss=0.068819 tau=4.83 collapse_w=0.175 mid_frac=0.024 hard=score=0.1439019579 wNMSE=0.005210641 wMSE=970.7489 wMRED=0.45322013 wER=0.279689 wMAE=11.9590 wBias=2.3740 condBias=18.9013 dotDrift=+4.876sigma uMRED=0.0296981623 uER=0.309082 uMAE=13.4180 WCE=176 bias=2.3750
[quad_soft:07600] loss=0.066403 tau=4.92 collapse_w=0.200 mid_frac=0.024 hard=score=0.1439019579 wNMSE=0.005210641 wMSE=970.7489 wMRED=0.45322013 wER=0.279689 wMAE=11.9590 wBias=2.3740 condBias=18.9013 dotDrift=+4.876sigma uMRED=0.0296981623 uER=0.309082 uMAE=13.4180 WCE=176 bias=2.3750
[quad_soft:07800] loss=0.063947 tau=5.01 collapse_w=0.225 mid_frac=0.018 hard=score=0.1439019579 wNMSE=0.005210641 wMSE=970.7489 wMRED=0.45322013 wER=0.279689 wMAE=11.9590 wBias=2.3740 condBias=18.9013 dotDrift=+4.876sigma uMRED=0.0296981623 uER=0.309082 uMAE=13.4180 WCE=176 bias=2.3750
[quad_soft:08000] loss=0.061446 tau=5.10 collapse_w=0.250 mid_frac=0.018 hard=score=0.1439019579 wNMSE=0.005210641 wMSE=970.7489 wMRED=0.45322013 wER=0.279689 wMAE=11.9590 wBias=2.3740 condBias=18.9013 dotDrift=+4.876sigma uMRED=0.0296981623 uER=0.309082 uMAE=13.4180 WCE=176 bias=2.3750
[quad_soft:08200] loss=0.058910 tau=5.19 collapse_w=0.275 mid_frac=0.018 hard=score=0.1439019579 wNMSE=0.005210641 wMSE=970.7489 wMRED=0.45322013 wER=0.279689 wMAE=11.9590 wBias=2.3740 condBias=18.9013 dotDrift=+4.876sigma uMRED=0.0296981623 uER=0.309082 uMAE=13.4180 WCE=176 bias=2.3750
[quad_soft:08400] loss=0.056320 tau=5.28 collapse_w=0.300 mid_frac=0.018 hard=score=0.1439019579 wNMSE=0.005210641 wMSE=970.7489 wMRED=0.45322013 wER=0.279689 wMAE=11.9590 wBias=2.3740 condBias=18.9013 dotDrift=+4.876sigma uMRED=0.0296981623 uER=0.309082 uMAE=13.4180 WCE=176 bias=2.3750
[quad_soft:08600] loss=0.053701 tau=5.37 collapse_w=0.325 mid_frac=0.018 hard=score=0.1439019579 wNMSE=0.005210641 wMSE=970.7489 wMRED=0.45322013 wER=0.279689 wMAE=11.9590 wBias=2.3740 condBias=18.9013 dotDrift=+4.876sigma uMRED=0.0296981623 uER=0.309082 uMAE=13.4180 WCE=176 bias=2.3750
[quad_soft:08800] loss=0.051024 tau=5.46 collapse_w=0.350 mid_frac=0.018 hard=score=0.1439019579 wNMSE=0.005210641 wMSE=970.7489 wMRED=0.45322013 wER=0.279689 wMAE=11.9590 wBias=2.3740 condBias=18.9013 dotDrift=+4.876sigma uMRED=0.0296981623 uER=0.309082 uMAE=13.4180 WCE=176 bias=2.3750
[quad_soft:09000] loss=0.048276 tau=5.55 collapse_w=0.375 mid_frac=0.018 hard=score=0.1439019579 wNMSE=0.005210641 wMSE=970.7489 wMRED=0.45322013 wER=0.279689 wMAE=11.9590 wBias=2.3740 condBias=18.9013 dotDrift=+4.876sigma uMRED=0.0296981623 uER=0.309082 uMAE=13.4180 WCE=176 bias=2.3750
[quad_soft:09200] loss=0.045439 tau=5.64 collapse_w=0.400 mid_frac=0.018 hard=score=0.1439019579 wNMSE=0.005210641 wMSE=970.7489 wMRED=0.45322013 wER=0.279689 wMAE=11.9590 wBias=2.3740 condBias=18.9013 dotDrift=+4.876sigma uMRED=0.0296981623 uER=0.309082 uMAE=13.4180 WCE=176 bias=2.3750
[quad_soft:09400] loss=0.042513 tau=5.73 collapse_w=0.425 mid_frac=0.018 hard=score=0.1439019579 wNMSE=0.005210641 wMSE=970.7489 wMRED=0.45322013 wER=0.279689 wMAE=11.9590 wBias=2.3740 condBias=18.9013 dotDrift=+4.876sigma uMRED=0.0296981623 uER=0.309082 uMAE=13.4180 WCE=176 bias=2.3750
[quad_soft:09600] loss=0.039464 tau=5.82 collapse_w=0.450 mid_frac=0.018 hard=score=0.1439019579 wNMSE=0.005210641 wMSE=970.7489 wMRED=0.45322013 wER=0.279689 wMAE=11.9590 wBias=2.3740 condBias=18.9013 dotDrift=+4.876sigma uMRED=0.0296981623 uER=0.309082 uMAE=13.4180 WCE=176 bias=2.3750
[quad_soft:09800] loss=0.036214 tau=5.91 collapse_w=0.475 mid_frac=0.018 hard=score=0.1439019579 wNMSE=0.005210641 wMSE=970.7489 wMRED=0.45322013 wER=0.279689 wMAE=11.9590 wBias=2.3740 condBias=18.9013 dotDrift=+4.876sigma uMRED=0.0296981623 uER=0.309082 uMAE=13.4180 WCE=176 bias=2.3750
[quad_soft:09999] loss=0.032749 tau=6.00 collapse_w=0.500 mid_frac=0.018 hard=score=0.1439019579 wNMSE=0.005210641 wMSE=970.7489 wMRED=0.45322013 wER=0.279689 wMAE=11.9590 wBias=2.3740 condBias=18.9013 dotDrift=+4.876sigma uMRED=0.0296981623 uER=0.309082 uMAE=13.4180 WCE=176 bias=2.3750
[quad_hard_ste:00000] loss=0.167569 tau=6.00 collapse_w=0.500 mid_frac=0.018 hard=score=0.1439019579 wNMSE=0.005210641 wMSE=970.7489 wMRED=0.45322013 wER=0.279689 wMAE=11.9590 wBias=2.3740 condBias=18.9013 dotDrift=+4.876sigma uMRED=0.0296981623 uER=0.309082 uMAE=13.4180 WCE=176 bias=2.3750
[quad_hard_ste:00200] loss=0.170841 tau=6.00 collapse_w=0.500 mid_frac=0.024 hard=score=0.1439019579 wNMSE=0.005210641 wMSE=970.7489 wMRED=0.45322013 wER=0.279689 wMAE=11.9590 wBias=2.3740 condBias=18.9013 dotDrift=+4.876sigma uMRED=0.0296981623 uER=0.309082 uMAE=13.4180 WCE=176 bias=2.3750
[quad_hard_ste:00400] loss=6.929540 tau=6.00 collapse_w=0.500 mid_frac=0.024 hard=score=0.1439019579 wNMSE=0.005210641 wMSE=970.7489 wMRED=0.45322013 wER=0.279689 wMAE=11.9590 wBias=2.3740 condBias=18.9013 dotDrift=+4.876sigma uMRED=0.0296981623 uER=0.309082 uMAE=13.4180 WCE=176 bias=2.3750
[quad_hard_ste:00600] loss=0.170219 tau=6.00 collapse_w=0.500 mid_frac=0.030 hard=score=6.8434381212 wNMSE=0.023934297 wMSE=4458.9894 wMRED=1.73009615 wER=0.300280 wMAE=25.5850 wBias=-17.5680 condBias=34.7248 dotDrift=-16.838sigma uMRED=0.0622665578 uER=0.316895 uMAE=18.1523 WCE=256 bias=-5.6250
[quad_hard_ste:00800] loss=6.928522 tau=6.00 collapse_w=0.500 mid_frac=0.030 hard=score=6.8434381212 wNMSE=0.023934297 wMSE=4458.9894 wMRED=1.73009615 wER=0.300280 wMAE=25.5850 wBias=-17.5680 condBias=34.7248 dotDrift=-16.838sigma uMRED=0.0622665578 uER=0.316895 uMAE=18.1523 WCE=256 bias=-5.6250
[quad_hard_ste:01000] loss=6.928130 tau=6.00 collapse_w=0.500 mid_frac=0.030 hard=score=6.8434381212 wNMSE=0.023934297 wMSE=4458.9894 wMRED=1.73009615 wER=0.300280 wMAE=25.5850 wBias=-17.5680 condBias=34.7248 dotDrift=-16.838sigma uMRED=0.0622665578 uER=0.316895 uMAE=18.1523 WCE=256 bias=-5.6250
[quad_hard_ste:01200] loss=0.169021 tau=6.00 collapse_w=0.500 mid_frac=0.024 hard=score=0.1439019579 wNMSE=0.005210641 wMSE=970.7489 wMRED=0.45322013 wER=0.279689 wMAE=11.9590 wBias=2.3740 condBias=18.9013 dotDrift=+4.876sigma uMRED=0.0296981623 uER=0.309082 uMAE=13.4180 WCE=176 bias=2.3750
[quad_hard_ste:01400] loss=6.927508 tau=6.00 collapse_w=0.500 mid_frac=0.030 hard=score=6.8434381212 wNMSE=0.023934297 wMSE=4458.9894 wMRED=1.73009615 wER=0.300280 wMAE=25.5850 wBias=-17.5680 condBias=34.7248 dotDrift=-16.838sigma uMRED=0.0622665578 uER=0.316895 uMAE=18.1523 WCE=256 bias=-5.6250
[quad_hard_ste:01600] loss=6.927257 tau=6.00 collapse_w=0.500 mid_frac=0.030 hard=score=6.8434381212 wNMSE=0.023934297 wMSE=4458.9894 wMRED=1.73009615 wER=0.300280 wMAE=25.5850 wBias=-17.5680 condBias=34.7248 dotDrift=-16.838sigma uMRED=0.0622665578 uER=0.316895 uMAE=18.1523 WCE=256 bias=-5.6250
[quad_hard_ste:01800] loss=6.927035 tau=6.00 collapse_w=0.500 mid_frac=0.024 hard=score=0.1439019579 wNMSE=0.005210641 wMSE=970.7489 wMRED=0.45322013 wER=0.279689 wMAE=11.9590 wBias=2.3740 condBias=18.9013 dotDrift=+4.876sigma uMRED=0.0296981623 uER=0.309082 uMAE=13.4180 WCE=176 bias=2.3750
[quad_hard_ste:02000] loss=0.168075 tau=6.00 collapse_w=0.500 mid_frac=0.030 hard=score=6.8434381212 wNMSE=0.023934297 wMSE=4458.9894 wMRED=1.73009615 wER=0.300280 wMAE=25.5850 wBias=-17.5680 condBias=34.7248 dotDrift=-16.838sigma uMRED=0.0622665578 uER=0.316895 uMAE=18.1523 WCE=256 bias=-5.6250
[quad_hard_ste:02200] loss=0.167895 tau=6.00 collapse_w=0.500 mid_frac=0.024 hard=score=0.1439019579 wNMSE=0.005210641 wMSE=970.7489 wMRED=0.45322013 wER=0.279689 wMAE=11.9590 wBias=2.3740 condBias=18.9013 dotDrift=+4.876sigma uMRED=0.0296981623 uER=0.309082 uMAE=13.4180 WCE=176 bias=2.3750
[quad_hard_ste:02400] loss=6.926507 tau=6.00 collapse_w=0.500 mid_frac=0.030 hard=score=6.8434381212 wNMSE=0.023934297 wMSE=4458.9894 wMRED=1.73009615 wER=0.300280 wMAE=25.5850 wBias=-17.5680 condBias=34.7248 dotDrift=-16.838sigma uMRED=0.0622665578 uER=0.316895 uMAE=18.1523 WCE=256 bias=-5.6250
[quad_hard_ste:02600] loss=6.926358 tau=6.00 collapse_w=0.500 mid_frac=0.030 hard=score=6.8434381212 wNMSE=0.023934297 wMSE=4458.9894 wMRED=1.73009615 wER=0.300280 wMAE=25.5850 wBias=-17.5680 condBias=34.7248 dotDrift=-16.838sigma uMRED=0.0622665578 uER=0.316895 uMAE=18.1523 WCE=256 bias=-5.6250
[quad_hard_ste:02800] loss=0.167454 tau=6.00 collapse_w=0.500 mid_frac=0.030 hard=score=6.8434381212 wNMSE=0.023934297 wMSE=4458.9894 wMRED=1.73009615 wER=0.300280 wMAE=25.5850 wBias=-17.5680 condBias=34.7248 dotDrift=-16.838sigma uMRED=0.0622665578 uER=0.316895 uMAE=18.1523 WCE=256 bias=-5.6250
[quad_hard_ste:03000] loss=0.167332 tau=6.00 collapse_w=0.500 mid_frac=0.024 hard=score=0.1439019579 wNMSE=0.005210641 wMSE=970.7489 wMRED=0.45322013 wER=0.279689 wMAE=11.9590 wBias=2.3740 condBias=18.9013 dotDrift=+4.876sigma uMRED=0.0296981623 uER=0.309082 uMAE=13.4180 WCE=176 bias=2.3750
[quad_hard_ste:03200] loss=0.167218 tau=6.00 collapse_w=0.500 mid_frac=0.024 hard=score=0.1439019579 wNMSE=0.005210641 wMSE=970.7489 wMRED=0.45322013 wER=0.279689 wMAE=11.9590 wBias=2.3740 condBias=18.9013 dotDrift=+4.876sigma uMRED=0.0296981623 uER=0.309082 uMAE=13.4180 WCE=176 bias=2.3750
[quad_hard_ste:03400] loss=6.925875 tau=6.00 collapse_w=0.500 mid_frac=0.024 hard=score=0.1439019579 wNMSE=0.005210641 wMSE=970.7489 wMRED=0.45322013 wER=0.279689 wMAE=11.9590 wBias=2.3740 condBias=18.9013 dotDrift=+4.876sigma uMRED=0.0296981623 uER=0.309082 uMAE=13.4180 WCE=176 bias=2.3750
[quad_hard_ste:03600] loss=6.925778 tau=6.00 collapse_w=0.500 mid_frac=0.024 hard=score=6.8434381212 wNMSE=0.023934297 wMSE=4458.9894 wMRED=1.73009615 wER=0.300280 wMAE=25.5850 wBias=-17.5680 condBias=34.7248 dotDrift=-16.838sigma uMRED=0.0622665578 uER=0.316895 uMAE=18.1523 WCE=256 bias=-5.6250
[quad_hard_ste:03800] loss=0.166913 tau=6.00 collapse_w=0.500 mid_frac=0.018 hard=score=0.1439019579 wNMSE=0.005210641 wMSE=970.7489 wMRED=0.45322013 wER=0.279689 wMAE=11.9590 wBias=2.3740 condBias=18.9013 dotDrift=+4.876sigma uMRED=0.0296981623 uER=0.309082 uMAE=13.4180 WCE=176 bias=2.3750
[quad_hard_ste:03999] loss=0.166826 tau=6.00 collapse_w=0.500 mid_frac=0.018 hard=score=0.1439019579 wNMSE=0.005210641 wMSE=970.7489 wMRED=0.45322013 wER=0.279689 wMAE=11.9590 wBias=2.3740 condBias=18.9013 dotDrift=+4.876sigma uMRED=0.0296981623 uER=0.309082 uMAE=13.4180 WCE=176 bias=2.3750
[pop00_soft:00000] loss=12.918037 tau=1.50 collapse_w=0.000 mid_frac=0.310 hard=score=90.1508643099 wNMSE=3.8153469 wMSE=710803.8763 wMRED=27.24528549 wER=0.564944 wMAE=382.8664 wBias=-61.5606 condBias=403.9721 dotDrift=-4.673sigma uMRED=0.9546307801 uER=0.557617 uMAE=293.1582 WCE=3240 bias=18.0625
[pop00_soft:00200] loss=3.951836 tau=2.25 collapse_w=0.000 mid_frac=0.268 hard=score=1243.1576264380 wNMSE=3.4954613 wMSE=651208.7875 wMRED=22.91442893 wER=0.538877 wMAE=302.0932 wBias=-237.1894 condBias=486.6976 dotDrift=-18.811sigma uMRED=0.8079075571 uER=0.553223 uMAE=245.4536 WCE=3421 bias=-166.8125
[pop00_soft:00400] loss=0.776907 tau=3.00 collapse_w=0.000 mid_frac=0.232 hard=score=4.0111391812 wNMSE=0.23637908 wMSE=44037.7161 wMRED=2.03319261 wER=0.455826 wMAE=87.5282 wBias=-12.6964 condBias=115.6699 dotDrift=-3.872sigma uMRED=0.2677225854 uER=0.507324 uMAE=169.3867 WCE=1344 bias=5.2500
[pop00_soft:00600] loss=0.163554 tau=3.75 collapse_w=0.000 mid_frac=0.208 hard=score=7.7328153791 wNMSE=0.23333739 wMSE=43471.0466 wMRED=1.44966945 wER=0.406795 wMAE=67.9459 wBias=-18.2092 condBias=108.1289 dotDrift=-5.589sigma uMRED=0.2321338681 uER=0.454102 uMAE=149.7148 WCE=1280 bias=-21.3750
[pop00_soft:00800] loss=0.103156 tau=4.50 collapse_w=0.084 mid_frac=0.190 hard=score=9.3220254225 wNMSE=0.21268663 wMSE=39623.7846 wMRED=1.29069535 wER=0.391276 wMAE=63.0842 wBias=-20.1278 condBias=105.1217 dotDrift=-6.471sigma uMRED=0.2185700590 uER=0.439941 uMAE=139.0078 WCE=1280 bias=-19.3750
[pop00_soft:01000] loss=0.079152 tau=5.25 collapse_w=0.293 mid_frac=0.167 hard=score=8.8058267687 wNMSE=0.20898444 wMSE=38934.0609 wMRED=0.84891667 wER=0.328633 wMAE=60.1045 wBias=-19.5516 condBias=100.6013 dotDrift=-6.342sigma uMRED=0.2058464481 uER=0.423340 uMAE=141.8008 WCE=1312 bias=-24.8750
[pop00_soft:01199] loss=0.056056 tau=6.00 collapse_w=0.500 mid_frac=0.155 hard=score=10.5982685218 wNMSE=0.18597559 wMSE=34647.4835 wMRED=0.83491800 wER=0.328633 wMAE=58.0688 wBias=-21.5873 condBias=95.6250 dotDrift=-7.422sigma uMRED=0.1951327229 uER=0.423340 uMAE=133.8008 WCE=1056 bias=-32.8750
[pop00_hard:00000] loss=10.615194 tau=6.00 collapse_w=0.500 mid_frac=0.155 hard=score=10.5982685218 wNMSE=0.18597559 wMSE=34647.4835 wMRED=0.83491800 wER=0.328633 wMAE=58.0688 wBias=-21.5873 condBias=95.6250 dotDrift=-7.422sigma uMRED=0.1951327229 uER=0.423340 uMAE=133.8008 WCE=1056 bias=-32.8750
[pop00_hard:00200] loss=10.610468 tau=6.00 collapse_w=0.500 mid_frac=0.137 hard=score=10.5982685218 wNMSE=0.18597559 wMSE=34647.4835 wMRED=0.83491800 wER=0.328633 wMAE=58.0688 wBias=-21.5873 condBias=95.6250 dotDrift=-7.422sigma uMRED=0.1951327229 uER=0.423340 uMAE=133.8008 WCE=1056 bias=-32.8750
[pop00_hard:00400] loss=4.269296 tau=6.00 collapse_w=0.500 mid_frac=0.119 hard=score=4.2607121460 wNMSE=0.21686368 wMSE=40401.9730 wMRED=0.94621800 wER=0.341619 wMAE=67.5295 wBias=13.2504 condBias=98.9576 dotDrift=+4.219sigma uMRED=0.2181150968 uER=0.441162 uMAE=148.0000 WCE=1200 bias=53.1250
[pop00_hard:00599] loss=4.268215 tau=6.00 collapse_w=0.500 mid_frac=0.119 hard=score=4.2607121460 wNMSE=0.21686368 wMSE=40401.9730 wMRED=0.94621800 wER=0.341619 wMAE=67.5295 wBias=13.2504 condBias=98.9576 dotDrift=+4.219sigma uMRED=0.2181150968 uER=0.441162 uMAE=148.0000 WCE=1200 bias=53.1250
[pop00] done (conf=0.53, noise=0.5); global best score=0.0217339588 wNMSE=0.0059046686 wMSE=1100.0471 wMRED=0.36444612 wER=0.243713 wMAE=11.8498 wBias=0.1531 condBias=20.1820 dotDrift=+0.295sigma uMRED=0.0286523272 uER=0.279785 uMAE=13.6055 WCE=176 bias=0.2500
[pop01_soft:00000] loss=6.020144 tau=1.50 collapse_w=0.000 mid_frac=0.369 hard=score=41.1348162380 wNMSE=2.5199356 wMSE=469467.1426 wMRED=10.52175896 wER=0.577949 wMAE=292.7674 wBias=40.9487 condBias=376.9706 dotDrift=+3.825sigma uMRED=0.7299911704 uER=0.571533 uMAE=360.4604 WCE=3176 bias=43.4375
[pop01_soft:00200] loss=2.443634 tau=2.25 collapse_w=0.000 mid_frac=0.387 hard=score=3.9455619329 wNMSE=2.2247772 wMSE=414478.7670 wMRED=6.17992742 wER=0.562047 wMAE=238.5184 wBias=3.9482 condBias=330.4319 dotDrift=+0.392sigma uMRED=0.5879531606 uER=0.566406 uMAE=322.0464 WCE=2752 bias=-4.3125
[pop01_soft:00400] loss=1.176694 tau=3.00 collapse_w=0.000 mid_frac=0.327 hard=score=2.9943304014 wNMSE=0.75287305 wMSE=140261.1855 wMRED=3.21042412 wER=0.525963 wMAE=145.6426 wBias=8.8996 condBias=166.6133 dotDrift=+1.521sigma uMRED=0.3791618239 uER=0.542969 uMAE=223.0371 WCE=2752 bias=-1.6250
[pop01_soft:00600] loss=0.841732 tau=3.75 collapse_w=0.000 mid_frac=0.298 hard=score=2.0819706100 wNMSE=0.83626928 wMSE=155798.0076 wMRED=3.38086695 wER=0.477200 wMAE=150.6254 wBias=5.5513 condBias=185.5572 dotDrift=+0.900sigma uMRED=0.3945318286 uER=0.520020 uMAE=227.5410 WCE=2928 bias=14.5000
[pop01_soft:00800] loss=0.687258 tau=4.50 collapse_w=0.084 mid_frac=0.238 hard=score=11.1974598707 wNMSE=0.72433031 wMSE=134943.6383 wMRED=2.99390344 wER=0.460167 wMAE=135.9370 wBias=21.2844 condBias=170.7161 dotDrift=+3.708sigma uMRED=0.3556770422 uER=0.499268 uMAE=206.4512 WCE=2920 bias=39.3750
[pop01_soft:01000] loss=0.591654 tau=5.25 collapse_w=0.293 mid_frac=0.232 hard=score=2.3131404518 wNMSE=0.6221249 wMSE=115902.6423 wMRED=2.79790504 wER=0.442529 wMAE=119.3408 wBias=7.7225 condBias=156.4727 dotDrift=+1.452sigma uMRED=0.2864512144 uER=0.476807 uMAE=161.4570 WCE=1664 bias=-1.1250
[pop01_soft:01199] loss=0.496413 tau=6.00 collapse_w=0.500 mid_frac=0.220 hard=score=2.3131404518 wNMSE=0.6221249 wMSE=115902.6423 wMRED=2.79790504 wER=0.442529 wMAE=119.3408 wBias=7.7225 condBias=156.4727 dotDrift=+1.452sigma uMRED=0.2864512144 uER=0.476807 uMAE=161.4570 WCE=1664 bias=-1.1250
[pop01_hard:00000] loss=2.398700 tau=6.00 collapse_w=0.500 mid_frac=0.220 hard=score=2.3131404518 wNMSE=0.6221249 wMSE=115902.6423 wMRED=2.79790504 wER=0.442529 wMAE=119.3408 wBias=7.7225 condBias=156.4727 dotDrift=+1.452sigma uMRED=0.2864512144 uER=0.476807 uMAE=161.4570 WCE=1664 bias=-1.1250
[pop01_hard:00200] loss=1.138169 tau=6.00 collapse_w=0.500 mid_frac=0.226 hard=score=1.0471979981 wNMSE=0.62634081 wMSE=116688.0713 wMRED=2.90978699 wER=0.426612 wMAE=116.8950 wBias=-0.5028 condBias=165.1418 dotDrift=-0.094sigma uMRED=0.2920558699 uER=0.468018 uMAE=157.6328 WCE=1664 bias=-11.1250
[pop01_hard:00400] loss=1.136585 tau=6.00 collapse_w=0.500 mid_frac=0.226 hard=score=1.0471979981 wNMSE=0.62634081 wMSE=116688.0713 wMRED=2.90978699 wER=0.426612 wMAE=116.8950 wBias=-0.5028 condBias=165.1418 dotDrift=-0.094sigma uMRED=0.2920558699 uER=0.468018 uMAE=157.6328 WCE=1664 bias=-11.1250
[pop01_hard:00599] loss=1.184466 tau=6.00 collapse_w=0.500 mid_frac=0.220 hard=score=1.0986921273 wNMSE=0.62535311 wMSE=116504.0632 wMRED=2.84855487 wER=0.442529 wMAE=116.6852 wBias=1.6205 condBias=164.8258 dotDrift=+0.304sigma uMRED=0.2905579160 uER=0.476807 uMAE=157.4570 WCE=1664 bias=-9.1250
[pop01] done (conf=0.51, noise=1.0); global best score=0.0217339588 wNMSE=0.0059046686 wMSE=1100.0471 wMRED=0.36444612 wER=0.243713 wMAE=11.8498 wBias=0.1531 condBias=20.1820 dotDrift=+0.295sigma uMRED=0.0286523272 uER=0.279785 uMAE=13.6055 WCE=176 bias=0.2500
[pop02_soft:00000] loss=11.244487 tau=1.50 collapse_w=0.000 mid_frac=0.262 hard=score=32.5835768117 wNMSE=4.5718666 wMSE=851744.4362 wMRED=29.29725730 wER=0.580380 wMAE=429.7240 wBias=-33.5929 condBias=456.3971 dotDrift=-2.330sigma uMRED=1.1111113157 uER=0.569336 uMAE=364.7432 WCE=3524 bias=150.1875
[pop02_soft:00200] loss=4.498028 tau=2.25 collapse_w=0.000 mid_frac=0.280 hard=score=1.0433279819 wNMSE=0.39938056 wMSE=74405.0956 wMRED=4.11319233 wER=0.530371 wMAE=113.5671 wBias=-3.0524 condBias=150.7152 dotDrift=-0.716sigma uMRED=0.3310406929 uER=0.554688 uMAE=192.2812 WCE=1984 bias=36.6250
[pop02_soft:00400] loss=1.517576 tau=3.00 collapse_w=0.000 mid_frac=0.274 hard=score=0.6373877017 wNMSE=0.26768061 wMSE=49869.2313 wMRED=3.18796731 wER=0.502206 wMAE=102.8058 wBias=1.9955 condBias=109.2474 dotDrift=+0.572sigma uMRED=0.2800668794 uER=0.548584 uMAE=165.1797 WCE=1312 bias=46.1250
[pop02_soft:00600] loss=0.584819 tau=3.75 collapse_w=0.000 mid_frac=0.250 hard=score=0.7635063234 wNMSE=0.34905747 wMSE=65029.8414 wMRED=3.94612349 wER=0.475647 wMAE=116.6910 wBias=-2.3580 condBias=120.2051 dotDrift=-0.592sigma uMRED=0.3120131841 uER=0.527344 uMAE=185.9141 WCE=1344 bias=36.2500
[pop02_soft:00800] loss=0.285972 tau=4.50 collapse_w=0.084 mid_frac=0.161 hard=score=8.5167971167 wNMSE=0.25634814 wMSE=47757.9771 wMRED=1.64198256 wER=0.479704 wMAE=74.9466 wBias=19.1099 condBias=111.3930 dotDrift=+5.596sigma uMRED=0.2332579255 uER=0.522949 uMAE=147.0059 WCE=1428 bias=-3.6250
[pop02_soft:01000] loss=0.126047 tau=5.25 collapse_w=0.293 mid_frac=0.137 hard=score=30.1921043988 wNMSE=0.16813228 wMSE=31323.2521 wMRED=1.26715377 wER=0.462399 wMAE=58.2359 wBias=-36.8231 condBias=100.3723 dotDrift=-13.316sigma uMRED=0.1953702672 uER=0.517822 uMAE=123.8809 WCE=1464 bias=-102.8750
[pop02_soft:01199] loss=0.081963 tau=6.00 collapse_w=0.500 mid_frac=0.125 hard=score=6.1849874094 wNMSE=0.11440554 wMSE=21313.8951 wMRED=1.11632354 wER=0.455507 wMAE=50.6091 wBias=-16.4283 condBias=80.5836 dotDrift=-7.202sigma uMRED=0.1626613818 uER=0.514893 uMAE=104.8340 WCE=1044 bias=-34.8750
[pop02_hard:00000] loss=6.220017 tau=6.00 collapse_w=0.500 mid_frac=0.125 hard=score=6.1849874094 wNMSE=0.11440554 wMSE=21313.8951 wMRED=1.11632354 wER=0.455507 wMAE=50.6091 wBias=-16.4283 condBias=80.5836 dotDrift=-7.202sigma uMRED=0.1626613818 uER=0.514893 uMAE=104.8340 WCE=1044 bias=-34.8750
[pop02_hard:00200] loss=1.910839 tau=6.00 collapse_w=0.500 mid_frac=0.113 hard=score=1.9218093194 wNMSE=0.23039415 wMSE=42922.7169 wMRED=1.17498480 wER=0.455507 wMAE=58.9434 wBias=-8.0939 condBias=109.6361 dotDrift=-2.500sigma uMRED=0.2057897366 uER=0.514893 uMAE=136.8340 WCE=1936 bias=-2.8750
[pop02_hard:00400] loss=7.737141 tau=6.00 collapse_w=0.500 mid_frac=0.113 hard=score=1.9218093194 wNMSE=0.23039415 wMSE=42922.7169 wMRED=1.17498480 wER=0.455507 wMAE=58.9434 wBias=-8.0939 condBias=109.6361 dotDrift=-2.500sigma uMRED=0.2057897366 uER=0.514893 uMAE=136.8340 WCE=1936 bias=-2.8750
[pop02_hard:00599] loss=1.014871 tau=6.00 collapse_w=0.500 mid_frac=0.113 hard=score=1.0303576504 wNMSE=0.22643541 wMSE=42185.1984 wMRED=1.13430531 wER=0.454829 wMAE=56.8165 wBias=-5.0429 condBias=107.0437 dotDrift=-1.571sigma uMRED=0.2001418567 uER=0.514160 uMAE=134.2754 WCE=1936 bias=1.1250
[pop02] done (conf=0.53, noise=0.5); global best score=0.0217339588 wNMSE=0.0059046686 wMSE=1100.0471 wMRED=0.36444612 wER=0.243713 wMAE=11.8498 wBias=0.1531 condBias=20.1820 dotDrift=+0.295sigma uMRED=0.0286523272 uER=0.279785 uMAE=13.6055 WCE=176 bias=0.2500
[pop03_soft:00000] loss=30.572165 tau=1.50 collapse_w=0.000 mid_frac=0.476 hard=score=735.1969681196 wNMSE=6.184719 wMSE=1152220.8428 wMRED=20.27379972 wER=0.582482 wMAE=486.2433 wBias=181.4035 condBias=548.0772 dotDrift=+10.816sigma uMRED=0.8361692054 uER=0.573730 uMAE=352.8047 WCE=4032 bias=111.3750
[pop03_soft:00200] loss=143.319397 tau=2.25 collapse_w=0.000 mid_frac=0.357 hard=score=19.6827766664 wNMSE=5.4457026 wMSE=1014541.1753 wMRED=22.07768221 wER=0.584226 wMAE=456.7889 wBias=20.8218 condBias=496.8631 dotDrift=+1.323sigma uMRED=0.8536436335 uER=0.578125 uMAE=311.2954 WCE=4032 bias=-123.9375
[pop03_soft:00400] loss=12.255114 tau=3.00 collapse_w=0.000 mid_frac=0.339 hard=score=54.6643120078 wNMSE=4.6454074 wMSE=865445.1816 wMRED=20.81901566 wER=0.584226 wMAE=427.5275 wBias=-45.8876 condBias=457.2881 dotDrift=-3.157sigma uMRED=0.8342439822 uER=0.578125 uMAE=316.7275 WCE=4064 bias=-185.4375
[pop03_soft:00600] loss=9.582288 tau=3.75 collapse_w=0.000 mid_frac=0.321 hard=score=14.7757998270 wNMSE=3.12684 wMSE=582534.1776 wMRED=26.28952548 wER=0.581594 wMAE=424.4875 wBias=20.3389 condBias=453.1409 dotDrift=+1.705sigma uMRED=0.9590286977 uER=0.575439 uMAE=317.8730 WCE=2432 bias=-155.8750
[pop03_soft:00800] loss=5.350760 tau=4.50 collapse_w=0.084 mid_frac=0.393 hard=score=6.7109951316 wNMSE=1.3865672 wMSE=258319.1912 wMRED=18.21242654 wER=0.583320 wMAE=304.2432 wBias=-13.6815 condBias=315.1264 dotDrift=-1.723sigma uMRED=0.7294307417 uER=0.575928 uMAE=270.4453 WCE=1736 bias=-35.5000
[pop03_soft:01000] loss=3.890876 tau=5.25 collapse_w=0.293 mid_frac=0.429 hard=score=3.2133541365 wNMSE=1.5807726 wMSE=294499.9067 wMRED=19.35264905 wER=0.569225 wMAE=308.3250 wBias=3.8277 condBias=326.5457 dotDrift=+0.451sigma uMRED=0.7389910574 uER=0.567139 uMAE=259.9180 WCE=1964 bias=47.7500
[pop03_soft:01199] loss=2.405454 tau=6.00 collapse_w=0.500 mid_frac=0.435 hard=score=4.5664959794 wNMSE=2.75432 wMSE=513133.2368 wMRED=23.02826648 wER=0.559821 wMAE=320.0450 wBias=-0.9815 condBias=282.8581 dotDrift=-0.088sigma uMRED=0.7837116208 uER=0.564941 uMAE=253.8008 WCE=3872 bias=41.7500
[pop03_hard:00000] loss=5.561139 tau=6.00 collapse_w=0.500 mid_frac=0.435 hard=score=4.5664959794 wNMSE=2.75432 wMSE=513133.2368 wMRED=23.02826648 wER=0.559821 wMAE=320.0450 wBias=-0.9815 condBias=282.8581 dotDrift=-0.088sigma uMRED=0.7837116208 uER=0.564941 uMAE=253.8008 WCE=3872 bias=41.7500
[pop03_hard:00200] loss=5.560520 tau=6.00 collapse_w=0.500 mid_frac=0.435 hard=score=4.5664959794 wNMSE=2.75432 wMSE=513133.2368 wMRED=23.02826648 wER=0.559821 wMAE=320.0450 wBias=-0.9815 condBias=282.8581 dotDrift=-0.088sigma uMRED=0.7837116208 uER=0.564941 uMAE=253.8008 WCE=3872 bias=41.7500
[pop03_hard:00400] loss=5.564296 tau=6.00 collapse_w=0.500 mid_frac=0.435 hard=score=4.9077667667 wNMSE=2.8349254 wMSE=528150.1309 wMRED=23.84656049 wER=0.568880 wMAE=326.4223 wBias=-3.2704 condBias=282.8719 dotDrift=-0.288sigma uMRED=0.8087054581 uER=0.567139 uMAE=256.5117 WCE=3872 bias=40.7500
[pop03_hard:00599] loss=5.761150 tau=6.00 collapse_w=0.500 mid_frac=0.423 hard=score=4.7203735853 wNMSE=2.8680424 wMSE=534319.8604 wMRED=23.85590923 wER=0.570950 wMAE=328.3278 wBias=0.1953 condBias=284.8198 dotDrift=+0.017sigma uMRED=0.8178708905 uER=0.569336 uMAE=264.2461 WCE=3872 bias=52.6250
[pop03] done (conf=0.51, noise=1.0); global best score=0.0217339588 wNMSE=0.0059046686 wMSE=1100.0471 wMRED=0.36444612 wER=0.243713 wMAE=11.8498 wBias=0.1531 condBias=20.1820 dotDrift=+0.295sigma uMRED=0.0286523272 uER=0.279785 uMAE=13.6055 WCE=176 bias=0.2500
[pop04_soft:00000] loss=12.581125 tau=1.50 collapse_w=0.000 mid_frac=0.399 hard=score=13.2949454444 wNMSE=5.6811778 wMSE=1058410.4960 wMRED=30.64731311 wER=0.580722 wMAE=533.0359 wBias=14.0277 condBias=505.2656 dotDrift=+0.873sigma uMRED=1.1947558677 uER=0.570801 uMAE=424.4404 WCE=3392 bias=31.8750
[pop04_soft:00200] loss=4.642793 tau=2.25 collapse_w=0.000 mid_frac=0.333 hard=score=439.9570729776 wNMSE=4.2770928 wMSE=796827.7178 wMRED=21.36304596 wER=0.526357 wMAE=380.2932 wBias=-140.3263 condBias=444.6205 dotDrift=-10.061sigma uMRED=0.9284839797 uER=0.544434 uMAE=361.8301 WCE=2852 bias=-85.6250
[pop04_soft:00400] loss=2.552755 tau=3.00 collapse_w=0.000 mid_frac=0.298 hard=score=2.8687404973 wNMSE=0.39086085 wMSE=72817.8635 wMRED=4.75696779 wER=0.454653 wMAE=126.3799 wBias=9.6629 condBias=126.7005 dotDrift=+2.292sigma uMRED=0.3523778981 uER=0.522949 uMAE=189.6797 WCE=3440 bias=110.7500
[pop04_soft:00600] loss=0.959074 tau=3.75 collapse_w=0.000 mid_frac=0.292 hard=score=3.7323694961 wNMSE=0.34085574 wMSE=63501.8487 wMRED=4.45898467 wER=0.446903 wMAE=121.5403 wBias=11.8482 condBias=127.8990 dotDrift=+3.009sigma uMRED=0.3296113022 uER=0.523438 uMAE=180.8613 WCE=1664 bias=108.0000
[pop04_soft:00800] loss=0.535705 tau=4.50 collapse_w=0.084 mid_frac=0.274 hard=score=2.7383365591 wNMSE=0.28074614 wMSE=52303.3560 wMRED=3.34423170 wER=0.439424 wMAE=105.7079 wBias=-9.9241 condBias=116.5660 dotDrift=-2.777sigma uMRED=0.2928756485 uER=0.496338 uMAE=165.3457 WCE=1568 bias=10.3750
[pop04_soft:01000] loss=0.409335 tau=5.25 collapse_w=0.293 mid_frac=0.244 hard=score=12.3110135969 wNMSE=0.23328026 wMSE=43460.4025 wMRED=3.00911628 wER=0.432347 wMAE=90.5860 wBias=-23.1807 condBias=98.0859 dotDrift=-7.116sigma uMRED=0.2496823018 uER=0.490234 uMAE=141.1191 WCE=1568 bias=-13.1250
[pop04_soft:01199] loss=0.304028 tau=6.00 collapse_w=0.500 mid_frac=0.238 hard=score=12.3110135969 wNMSE=0.23328026 wMSE=43460.4025 wMRED=3.00911628 wER=0.432347 wMAE=90.5860 wBias=-23.1807 condBias=98.0859 dotDrift=-7.116sigma uMRED=0.2496823018 uER=0.490234 uMAE=141.1191 WCE=1568 bias=-13.1250
[pop04_hard:00000] loss=12.416868 tau=6.00 collapse_w=0.500 mid_frac=0.238 hard=score=12.3110135969 wNMSE=0.23328026 wMSE=43460.4025 wMRED=3.00911628 wER=0.432347 wMAE=90.5860 wBias=-23.1807 condBias=98.0859 dotDrift=-7.116sigma uMRED=0.2496823018 uER=0.490234 uMAE=141.1191 WCE=1568 bias=-13.1250
[pop04_hard:00200] loss=2.751154 tau=6.00 collapse_w=0.500 mid_frac=0.232 hard=score=2.6471118124 wNMSE=0.26598999 wMSE=49554.2669 wMRED=3.06877221 wER=0.432347 wMAE=96.5370 wBias=-9.8249 condBias=105.8730 dotDrift=-2.825sigma uMRED=0.2706681634 uER=0.490234 uMAE=155.1191 WCE=1568 bias=18.8750
[pop04_hard:00400] loss=0.675713 tau=6.00 collapse_w=0.500 mid_frac=0.202 hard=score=0.5884002340 wNMSE=0.29712988 wMSE=55355.6655 wMRED=2.90153614 wER=0.390449 wMAE=96.5922 wBias=-0.0298 condBias=115.8514 dotDrift=-0.008sigma uMRED=0.2813865123 uER=0.458252 uMAE=167.6699 WCE=1664 bias=41.3750
[pop04_hard:00599] loss=0.727768 tau=6.00 collapse_w=0.500 mid_frac=0.202 hard=score=0.6418274562 wNMSE=0.27444253 wMSE=51128.9845 wMRED=2.88687083 wER=0.390449 wMAE=94.5086 wBias=2.0538 condBias=110.4441 dotDrift=+0.581sigma uMRED=0.2706044236 uER=0.458252 uMAE=159.6699 WCE=1664 bias=49.3750
[pop04] done (conf=0.53, noise=0.5); global best score=0.0217339588 wNMSE=0.0059046686 wMSE=1100.0471 wMRED=0.36444612 wER=0.243713 wMAE=11.8498 wBias=0.1531 condBias=20.1820 dotDrift=+0.295sigma uMRED=0.0286523272 uER=0.279785 uMAE=13.6055 WCE=176 bias=0.2500
[pop05_soft:00000] loss=10.939057 tau=1.50 collapse_w=0.000 mid_frac=0.500 hard=score=273.3838426939 wNMSE=3.3902057 wMSE=631599.5344 wMRED=22.76838078 wER=0.583919 wMAE=357.3919 wBias=-110.3263 condBias=419.2205 dotDrift=-8.885sigma uMRED=0.8872224092 uER=0.577881 uMAE=304.3101 WCE=2844 bias=-19.6250
[pop05_soft:00200] loss=5.803428 tau=2.25 collapse_w=0.000 mid_frac=0.435 hard=score=738.8357525848 wNMSE=3.1277859 wMSE=582710.4083 wMRED=20.89792715 wER=0.568017 wMAE=306.6729 wBias=-182.6468 condBias=404.9025 dotDrift=-15.313sigma uMRED=0.7702179342 uER=0.569336 uMAE=250.9678 WCE=2844 bias=-101.3750
[pop05_soft:00400] loss=4.393353 tau=3.00 collapse_w=0.000 mid_frac=0.429 hard=score=464.9639493839 wNMSE=1.2273613 wMSE=228658.9353 wMRED=12.68766528 wER=0.524255 wMAE=207.5048 wBias=-145.0743 condBias=271.9138 dotDrift=-19.417sigma uMRED=0.5301363343 uER=0.563232 uMAE=205.2031 WCE=1800 bias=-85.3750
[pop05_soft:00600] loss=2.261309 tau=3.75 collapse_w=0.000 mid_frac=0.423 hard=score=73.5454479437 wNMSE=0.43017903 wMSE=80142.8881 wMRED=4.25900598 wER=0.493836 wMAE=145.7645 wBias=-57.5468 condBias=124.6418 dotDrift=-13.010sigma uMRED=0.3200273181 uER=0.551514 uMAE=179.3223 WCE=1496 bias=-86.1250
[pop05_soft:00800] loss=1.605484 tau=4.50 collapse_w=0.084 mid_frac=0.446 hard=score=98.7413923800 wNMSE=0.45294878 wMSE=84384.9219 wMRED=4.77863678 wER=0.506678 wMAE=148.2680 wBias=-66.7564 condBias=134.9311 dotDrift=-14.708sigma uMRED=0.3282821436 uER=0.550781 uMAE=175.7891 WCE=1448 bias=-90.8750
[pop05_soft:01000] loss=1.220292 tau=5.25 collapse_w=0.293 mid_frac=0.399 hard=score=143.0086466386 wNMSE=0.42963842 wMSE=80042.1727 wMRED=5.24145911 wER=0.511987 wMAE=142.1480 wBias=-80.4523 condBias=135.4226 dotDrift=-18.199sigma uMRED=0.3352141766 uER=0.556641 uMAE=181.5078 WCE=1296 bias=-74.1250
[pop05_soft:01199] loss=0.896433 tau=6.00 collapse_w=0.500 mid_frac=0.351 hard=score=17.5996005195 wNMSE=0.22633567 wMSE=42166.6162 wMRED=2.39105500 wER=0.511987 wMAE=94.3767 wBias=-27.9359 condBias=112.3159 dotDrift=-8.707sigma uMRED=0.2466503781 uER=0.556641 uMAE=138.2402 WCE=1288 bias=-46.1250
[pop05_hard:00000] loss=17.693453 tau=6.00 collapse_w=0.500 mid_frac=0.351 hard=score=17.5996005195 wNMSE=0.22633567 wMSE=42166.6162 wMRED=2.39105500 wER=0.511987 wMAE=94.3767 wBias=-27.9359 condBias=112.3159 dotDrift=-8.707sigma uMRED=0.2466503781 uER=0.556641 uMAE=138.2402 WCE=1288 bias=-46.1250
[pop05_hard:00200] loss=17.691074 tau=6.00 collapse_w=0.500 mid_frac=0.351 hard=score=17.5996005195 wNMSE=0.22633567 wMSE=42166.6162 wMRED=2.39105500 wER=0.511987 wMAE=94.3767 wBias=-27.9359 condBias=112.3159 dotDrift=-8.707sigma uMRED=0.2466503781 uER=0.556641 uMAE=138.2402 WCE=1288 bias=-46.1250
[pop05_hard:00400] loss=2.314609 tau=6.00 collapse_w=0.500 mid_frac=0.310 hard=score=2.2125287196 wNMSE=0.21345409 wMSE=39766.7619 wMRED=2.37551328 wER=0.517751 wMAE=95.0902 wBias=-9.1263 condBias=93.6395 dotDrift=-2.929sigma uMRED=0.2278391914 uER=0.561035 uMAE=140.6992 WCE=1104 bias=-8.1250
[pop05_hard:00599] loss=0.490764 tau=6.00 collapse_w=0.500 mid_frac=0.292 hard=score=0.3836278353 wNMSE=0.1957716 wMSE=36472.4932 wMRED=2.37304790 wER=0.517985 wMAE=93.9226 wBias=-1.1703 condBias=94.3921 dotDrift=-0.392sigma uMRED=0.2252151340 uER=0.561768 uMAE=137.7949 WCE=944 bias=9.8750
[pop05] done (conf=0.51, noise=1.0); global best score=0.0217339588 wNMSE=0.0059046686 wMSE=1100.0471 wMRED=0.36444612 wER=0.243713 wMAE=11.8498 wBias=0.1531 condBias=20.1820 dotDrift=+0.295sigma uMRED=0.0286523272 uER=0.279785 uMAE=13.6055 WCE=176 bias=0.2500
[pop06_soft:00000] loss=10.618538 tau=1.50 collapse_w=0.000 mid_frac=0.405 hard=score=170.6052410096 wNMSE=4.5180154 wMSE=841711.8842 wMRED=25.99929130 wER=0.582619 wMAE=467.1718 wBias=-86.0891 condBias=497.9433 dotDrift=-6.005sigma uMRED=1.1642637033 uER=0.575928 uMAE=443.8296 WCE=2729 bias=31.0625
[pop06_soft:00200] loss=5.290677 tau=2.25 collapse_w=0.000 mid_frac=0.345 hard=score=2108.8128027828 wNMSE=3.7648204 wMSE=701390.7243 wMRED=21.31056200 wER=0.502910 wMAE=343.3661 wBias=-309.1914 condBias=528.8726 dotDrift=-23.628sigma uMRED=0.8630506129 uER=0.538330 uMAE=309.9492 WCE=3144 bias=-192.3750
[pop06_soft:00400] loss=1.967379 tau=3.00 collapse_w=0.000 mid_frac=0.280 hard=score=51.0103756384 wNMSE=0.9865197 wMSE=183789.8481 wMRED=2.81093600 wER=0.484114 wMAE=127.2758 wBias=-47.4344 condBias=156.8493 dotDrift=-7.081sigma uMRED=0.3507654567 uER=0.536133 uMAE=212.9316 WCE=2768 bias=-50.5000
[pop06_soft:00600] loss=0.215495 tau=3.75 collapse_w=0.000 mid_frac=0.256 hard=score=1.9938229563 wNMSE=0.22267531 wMSE=41484.6873 wMRED=1.73868358 wER=0.446988 wMAE=74.6367 wBias=-8.3788 condBias=109.4657 dotDrift=-2.633sigma uMRED=0.2378694000 uER=0.522949 uMAE=151.2344 WCE=1568 bias=-18.3750
[pop06_soft:00800] loss=0.111949 tau=4.50 collapse_w=0.084 mid_frac=0.202 hard=score=3.2301645095 wNMSE=0.19601272 wMSE=36517.4144 wMRED=1.23167008 wER=0.406590 wMAE=55.4826 wBias=11.3519 condBias=95.0149 dotDrift=+3.802sigma uMRED=0.1864238379 uER=0.481445 uMAE=130.9141 WCE=1536 bias=4.6250
[pop06_soft:01000] loss=0.085320 tau=5.25 collapse_w=0.293 mid_frac=0.167 hard=score=2.2117824947 wNMSE=0.18491107 wMSE=34449.1628 wMRED=0.93776714 wER=0.382351 wMAE=44.9869 wBias=9.0683 condBias=102.8260 dotDrift=+3.127sigma uMRED=0.1735154431 uER=0.459229 uMAE=117.7793 WCE=1664 bias=13.6250
[pop06_soft:01199] loss=0.062301 tau=6.00 collapse_w=0.500 mid_frac=0.173 hard=score=1.1950658986 wNMSE=0.18317564 wMSE=34125.8489 wMRED=0.90408369 wER=0.382351 wMAE=44.2812 wBias=6.0173 condBias=101.2574 dotDrift=+2.085sigma uMRED=0.1692376810 uER=0.459229 uMAE=116.8262 WCE=1664 bias=9.6250
[pop06_hard:00000] loss=1.190104 tau=6.00 collapse_w=0.500 mid_frac=0.173 hard=score=1.1950658986 wNMSE=0.18317564 wMSE=34125.8489 wMRED=0.90408369 wER=0.382351 wMAE=44.2812 wBias=6.0173 condBias=101.2574 dotDrift=+2.085sigma uMRED=0.1692376810 uER=0.459229 uMAE=116.8262 WCE=1664 bias=9.6250
[pop06_hard:00200] loss=0.388897 tau=6.00 collapse_w=0.500 mid_frac=0.149 hard=score=0.3995676955 wNMSE=0.1791966 wMSE=33384.5493 wMRED=0.88223168 wER=0.378369 wMAE=41.3855 wBias=-0.5251 condBias=101.1154 dotDrift=-0.184sigma uMRED=0.1643756605 uER=0.453369 uMAE=112.8887 WCE=1664 bias=1.6250
[pop06_hard:00400] loss=1.691496 tau=6.00 collapse_w=0.500 mid_frac=0.137 hard=score=1.6625546927 wNMSE=0.02545125 wMSE=4741.5995 wMRED=0.76737428 wER=0.378369 wMAE=25.4210 wBias=-8.4765 condBias=36.8756 dotDrift=-7.878sigma uMRED=0.0786667534 uER=0.453369 uMAE=50.9512 WCE=688 bias=-30.3750
[pop06_hard:00599] loss=0.242062 tau=6.00 collapse_w=0.500 mid_frac=0.119 hard=score=0.2122491887 wNMSE=0.024402664 wMSE=4546.2467 wMRED=0.84488683 wER=0.391311 wMAE=26.5981 wBias=2.4654 condBias=30.8057 dotDrift=+2.340sigma uMRED=0.0731176542 uER=0.463135 uMAE=49.4199 WCE=688 bias=-6.3750
[pop06] done (conf=0.53, noise=0.5); global best score=0.0217339588 wNMSE=0.0059046686 wMSE=1100.0471 wMRED=0.36444612 wER=0.243713 wMAE=11.8498 wBias=0.1531 condBias=20.1820 dotDrift=+0.295sigma uMRED=0.0286523272 uER=0.279785 uMAE=13.6055 WCE=176 bias=0.2500
[pop07_soft:00000] loss=6.831526 tau=1.50 collapse_w=0.000 mid_frac=0.435 hard=score=15.4739824002 wNMSE=4.6876583 wMSE=873316.5729 wMRED=28.38768386 wER=0.570438 wMAE=480.9243 wBias=-18.7330 condBias=508.1096 dotDrift=-1.283sigma uMRED=1.1586772609 uER=0.568604 uMAE=409.2236 WCE=3044 bias=73.2500
[pop07_soft:00200] loss=4.998252 tau=2.25 collapse_w=0.000 mid_frac=0.381 hard=score=375.4080781708 wNMSE=3.8951268 wMSE=725666.9664 wMRED=20.61975858 wER=0.493716 wMAE=361.3037 wBias=-129.4990 condBias=473.4103 dotDrift=-9.729sigma uMRED=0.8857090732 uER=0.549316 uMAE=339.3301 WCE=3232 bias=41.6250
[pop07_soft:00400] loss=2.898013 tau=3.00 collapse_w=0.000 mid_frac=0.298 hard=score=6.9915769254 wNMSE=0.32252331 wMSE=60086.4930 wMRED=3.80296315 wER=0.475700 wMAE=117.2935 wBias=16.9827 condBias=125.6449 dotDrift=+4.434sigma uMRED=0.3069059010 uER=0.533691 uMAE=184.4902 WCE=1888 bias=112.5000
[pop07_soft:00600] loss=1.532791 tau=3.75 collapse_w=0.000 mid_frac=0.274 hard=score=0.8193427580 wNMSE=0.2691831 wMSE=50149.1462 wMRED=3.58235415 wER=0.468297 wMAE=106.1266 wBias=3.5785 condBias=103.8613 dotDrift=+1.023sigma uMRED=0.2637940182 uER=0.532227 uMAE=145.8066 WCE=1296 bias=55.7500
[pop07_soft:00800] loss=0.260752 tau=4.50 collapse_w=0.084 mid_frac=0.315 hard=score=0.9398494263 wNMSE=0.17516233 wMSE=32632.9599 wMRED=1.65604210 wER=0.475595 wMAE=70.7958 wBias=4.9724 condBias=100.9691 dotDrift=+1.762sigma uMRED=0.2057471926 uER=0.530273 uMAE=129.8594 WCE=1608 bias=-56.0000
[pop07_soft:01000] loss=0.181132 tau=5.25 collapse_w=0.293 mid_frac=0.304 hard=score=0.9176364874 wNMSE=0.17508758 wMSE=32619.0345 wMRED=1.65425351 wER=0.475595 wMAE=70.7251 wBias=4.8705 condBias=100.9435 dotDrift=+1.726sigma uMRED=0.2056670073 uER=0.530273 uMAE=129.8477 WCE=1608 bias=-56.1250
[pop07_soft:01199] loss=0.125093 tau=6.00 collapse_w=0.500 mid_frac=0.292 hard=score=0.5411066902 wNMSE=0.17408362 wMSE=32431.9946 wMRED=1.78470023 wER=0.484090 wMAE=72.3050 wBias=2.5855 condBias=100.9557 dotDrift=+0.919sigma uMRED=0.2097998189 uER=0.534668 uMAE=130.8477 WCE=1608 bias=-58.1250
[pop07_hard:00000] loss=0.584029 tau=6.00 collapse_w=0.500 mid_frac=0.292 hard=score=0.5411066902 wNMSE=0.17408362 wMSE=32431.9946 wMRED=1.78470023 wER=0.484090 wMAE=72.3050 wBias=2.5855 condBias=100.9557 dotDrift=+0.919sigma uMRED=0.2097998189 uER=0.534668 uMAE=130.8477 WCE=1608 bias=-58.1250
[pop07_hard:00200] loss=0.581784 tau=6.00 collapse_w=0.500 mid_frac=0.292 hard=score=0.5411066902 wNMSE=0.17408362 wMSE=32431.9946 wMRED=1.78470023 wER=0.484090 wMAE=72.3050 wBias=2.5855 condBias=100.9557 dotDrift=+0.919sigma uMRED=0.2097998189 uER=0.534668 uMAE=130.8477 WCE=1608 bias=-58.1250
[pop07_hard:00400] loss=55.201012 tau=6.00 collapse_w=0.500 mid_frac=0.298 hard=score=55.1452244628 wNMSE=0.372238 wMSE=69348.4016 wMRED=2.11330757 wER=0.484090 wMAE=90.3306 wBias=-49.7534 condBias=142.8978 dotDrift=-12.092sigma uMRED=0.2541729343 uER=0.534668 uMAE=152.0977 WCE=1608 bias=-122.1250
[pop07_hard:00599] loss=55.200401 tau=6.00 collapse_w=0.500 mid_frac=0.298 hard=score=55.1452244628 wNMSE=0.372238 wMSE=69348.4016 wMRED=2.11330757 wER=0.484090 wMAE=90.3306 wBias=-49.7534 condBias=142.8978 dotDrift=-12.092sigma uMRED=0.2541729343 uER=0.534668 uMAE=152.0977 WCE=1608 bias=-122.1250
[pop07] done (conf=0.51, noise=1.0); global best score=0.0217339588 wNMSE=0.0059046686 wMSE=1100.0471 wMRED=0.36444612 wER=0.243713 wMAE=11.8498 wBias=0.1531 condBias=20.1820 dotDrift=+0.295sigma uMRED=0.0286523272 uER=0.279785 uMAE=13.6055 WCE=176 bias=0.2500
[pop08_soft:00000] loss=5.841074 tau=1.50 collapse_w=0.000 mid_frac=0.351 hard=score=146.2516040486 wNMSE=1.2612614 wMSE=234974.5665 wMRED=12.79097222 wER=0.551661 wMAE=237.5856 wBias=-80.8500 condBias=292.4368 dotDrift=-10.675sigma uMRED=0.6287767493 uER=0.562012 uMAE=272.6050 WCE=2840 bias=13.2500
[pop08_soft:00200] loss=3.654743 tau=2.25 collapse_w=0.000 mid_frac=0.345 hard=score=3.8831409605 wNMSE=2.1799271 wMSE=406123.1358 wMRED=18.41780801 wER=0.541367 wMAE=238.1823 wBias=-2.5927 condBias=294.7210 dotDrift=-0.260sigma uMRED=0.8141140862 uER=0.559082 uMAE=321.5215 WCE=3600 bias=84.2500
[pop08_soft:00400] loss=1.216141 tau=3.00 collapse_w=0.000 mid_frac=0.292 hard=score=45.4681235069 wNMSE=0.37941115 wMSE=70684.7702 wMRED=4.66354385 wER=0.486873 wMAE=132.1729 wBias=-45.1508 condBias=119.1166 dotDrift=-10.869sigma uMRED=0.3362929202 uER=0.531006 uMAE=184.1055 WCE=1488 bias=-35.1250
[pop08_soft:00600] loss=0.408643 tau=3.75 collapse_w=0.000 mid_frac=0.220 hard=score=11.4280797929 wNMSE=0.2346776 wMSE=43720.7281 wMRED=1.96507707 wER=0.472230 wMAE=87.0826 wBias=-22.3396 condBias=100.3341 dotDrift=-6.838sigma uMRED=0.2401900044 uER=0.515625 uMAE=162.9648 WCE=1488 bias=-50.8750
[pop08_soft:00800] loss=0.243630 tau=4.50 collapse_w=0.084 mid_frac=0.173 hard=score=27.6446257298 wNMSE=0.23403066 wMSE=43600.2022 wMRED=1.84862570 wER=0.424131 wMAE=76.1677 wBias=-35.1411 condBias=116.5826 dotDrift=-10.771sigma uMRED=0.2434366770 uER=0.471680 uMAE=145.0586 WCE=1736 bias=-100.0000
[pop08_soft:01000] loss=0.183143 tau=5.25 collapse_w=0.293 mid_frac=0.143 hard=score=34.2026138760 wNMSE=0.21460508 wMSE=39981.1943 wMRED=1.74267008 wER=0.447625 wMAE=69.7833 wBias=-39.1740 condBias=109.5657 dotDrift=-12.539sigma uMRED=0.2207955368 uER=0.477539 uMAE=130.5430 WCE=1736 bias=-112.0000
[pop08_soft:01199] loss=0.120838 tau=6.00 collapse_w=0.500 mid_frac=0.113 hard=score=35.6210603360 wNMSE=0.21480636 wMSE=40018.6924 wMRED=1.73153667 wER=0.447625 wMAE=69.3118 wBias=-39.9891 condBias=109.7713 dotDrift=-12.794sigma uMRED=0.2203758889 uER=0.477539 uMAE=130.3125 WCE=1736 bias=-113.0000
[pop08_hard:00000] loss=35.650730 tau=6.00 collapse_w=0.500 mid_frac=0.113 hard=score=35.6210603360 wNMSE=0.21480636 wMSE=40018.6924 wMRED=1.73153667 wER=0.447625 wMAE=69.3118 wBias=-39.9891 condBias=109.7713 dotDrift=-12.794sigma uMRED=0.2203758889 uER=0.477539 uMAE=130.3125 WCE=1736 bias=-113.0000
[pop08_hard:00200] loss=28.824821 tau=6.00 collapse_w=0.500 mid_frac=0.107 hard=score=28.8012914241 wNMSE=0.2008062 wMSE=37410.4452 wMRED=1.70353935 wER=0.445945 wMAE=65.2403 wBias=-35.9176 condBias=106.3140 dotDrift=-11.885sigma uMRED=0.1989484386 uER=0.470703 uMAE=114.3125 WCE=1736 bias=-97.0000
[pop08_hard:00400] loss=10.427653 tau=6.00 collapse_w=0.500 mid_frac=0.095 hard=score=10.4166516646 wNMSE=0.15869172 wMSE=29564.4655 wMRED=1.49193896 wER=0.445945 wMAE=53.0771 wBias=-21.3810 condBias=95.6448 dotDrift=-7.958sigma uMRED=0.1706667113 uER=0.470703 uMAE=100.2266 WCE=1736 bias=-81.0000
[pop08_hard:00599] loss=4.443276 tau=6.00 collapse_w=0.500 mid_frac=0.083 hard=score=3.9315653691 wNMSE=0.081498674 wMSE=15183.3044 wMRED=1.43327770 wER=0.445945 wMAE=44.7427 wBias=-13.0466 condBias=67.2316 dotDrift=-6.776sigma uMRED=0.1275383565 uER=0.470703 uMAE=68.2266 WCE=956 bias=-49.0000
[pop08] done (conf=0.53, noise=0.5); global best score=0.0217339588 wNMSE=0.0059046686 wMSE=1100.0471 wMRED=0.36444612 wER=0.243713 wMAE=11.8498 wBias=0.1531 condBias=20.1820 dotDrift=+0.295sigma uMRED=0.0286523272 uER=0.279785 uMAE=13.6055 WCE=176 bias=0.2500
[pop09_soft:00000] loss=13.945355 tau=1.50 collapse_w=0.000 mid_frac=0.452 hard=score=139.6613261313 wNMSE=9.9846102 wMSE=1860145.3028 wMRED=34.65065284 wER=0.578722 wMAE=726.9563 wBias=74.4057 condBias=737.9907 dotDrift=+3.492sigma uMRED=1.4070926283 uER=0.572998 uMAE=521.7095 WCE=3952 bias=13.2500
[pop09_soft:00200] loss=8.467319 tau=2.25 collapse_w=0.000 mid_frac=0.369 hard=score=139.0853647857 wNMSE=6.5257584 wMSE=1215756.9131 wMRED=35.78149508 wER=0.584226 wMAE=595.4821 wBias=-76.3135 condBias=624.5079 dotDrift=-4.430sigma uMRED=1.3656934391 uER=0.578125 uMAE=429.0073 WCE=3249 bias=-111.0000
[pop09_soft:00400] loss=6.149364 tau=3.00 collapse_w=0.000 mid_frac=0.452 hard=score=1028.1042231430 wNMSE=4.0648526 wMSE=757287.0922 wMRED=22.41053488 wER=0.566577 wMAE=384.8170 wBias=-215.4848 condBias=481.7723 dotDrift=-15.848sigma uMRED=0.9587466214 uER=0.559814 uMAE=343.5020 WCE=2984 bias=-88.2500
[pop09_soft:00600] loss=3.230461 tau=3.75 collapse_w=0.000 mid_frac=0.405 hard=score=11.0238723083 wNMSE=0.70024483 wMSE=130456.4838 wMRED=3.30671587 wER=0.445942 wMAE=134.1796 wBias=21.0223 condBias=168.7351 dotDrift=+3.725sigma uMRED=0.3702117663 uER=0.524902 uMAE=204.7891 WCE=2824 bias=10.1250
[pop09_soft:00800] loss=1.586245 tau=4.50 collapse_w=0.084 mid_frac=0.310 hard=score=16.8134535810 wNMSE=0.27089536 wMSE=50468.1419 wMRED=2.56750271 wER=0.496437 wMAE=103.4142 wBias=-27.2209 condBias=122.0352 dotDrift=-7.755sigma uMRED=0.2843923635 uER=0.538330 uMAE=168.0664 WCE=1360 bias=-61.1250
[pop09_soft:01000] loss=1.118141 tau=5.25 collapse_w=0.293 mid_frac=0.292 hard=score=9.5054047762 wNMSE=0.27066145 wMSE=50424.5647 wMRED=2.53379730 wER=0.479899 wMAE=100.4396 wBias=-20.1923 condBias=127.1582 dotDrift=-5.755sigma uMRED=0.2867491977 uER=0.531006 uMAE=168.3223 WCE=1444 bias=-57.6250
[pop09_soft:01199] loss=0.857250 tau=6.00 collapse_w=0.500 mid_frac=0.292 hard=score=12.3449945108 wNMSE=0.26728601 wMSE=49795.7162 wMRED=2.52744562 wER=0.479899 wMAE=99.8421 wBias=-23.1774 condBias=126.0856 dotDrift=-6.647sigma uMRED=0.2858410802 uER=0.531006 uMAE=167.9551 WCE=1428 bias=-61.6250
[pop09_hard:00000] loss=12.435508 tau=6.00 collapse_w=0.500 mid_frac=0.292 hard=score=12.3449945108 wNMSE=0.26728601 wMSE=49795.7162 wMRED=2.52744562 wER=0.479899 wMAE=99.8421 wBias=-23.1774 condBias=126.0856 dotDrift=-6.647sigma uMRED=0.2858410802 uER=0.531006 uMAE=167.9551 WCE=1428 bias=-61.6250
[pop09_hard:00200] loss=0.807204 tau=6.00 collapse_w=0.500 mid_frac=0.274 hard=score=0.7370005853 wNMSE=0.34605462 wMSE=64470.4067 wMRED=2.55814859 wER=0.479899 wMAE=106.2057 wBias=-2.0737 condBias=130.2057 dotDrift=-0.523sigma uMRED=0.3116082130 uER=0.531006 uMAE=195.0488 WCE=1792 bias=10.3750
[pop09_hard:00400] loss=0.742407 tau=6.00 collapse_w=0.500 mid_frac=0.250 hard=score=0.6729638553 wNMSE=0.34360799 wMSE=64014.5968 wMRED=2.55309816 wER=0.479241 wMAE=105.5879 wBias=-1.3077 condBias=128.5662 dotDrift=-0.331sigma uMRED=0.3096089072 uER=0.528809 uMAE=193.4180 WCE=1792 bias=12.3750
[pop09_hard:00599] loss=72.338654 tau=6.00 collapse_w=0.500 mid_frac=0.250 hard=score=72.2402693906 wNMSE=0.70714944 wMSE=131742.8204 wMRED=3.15114711 wER=0.479241 wMAE=138.6583 wBias=56.8389 condBias=178.3730 dotDrift=+10.022sigma uMRED=0.3789293018 uER=0.528809 uMAE=227.9336 WCE=1792 bias=76.3750
[pop09] done (conf=0.51, noise=1.0); global best score=0.0217339588 wNMSE=0.0059046686 wMSE=1100.0471 wMRED=0.36444612 wER=0.243713 wMAE=11.8498 wBias=0.1531 condBias=20.1820 dotDrift=+0.295sigma uMRED=0.0286523272 uER=0.279785 uMAE=13.6055 WCE=176 bias=0.2500
[pop10_soft:00000] loss=6.855862 tau=1.50 collapse_w=0.000 mid_frac=0.333 hard=score=640.0196261514 wNMSE=3.74258 wMSE=697247.3165 wMRED=20.85769464 wER=0.576025 wMAE=309.9722 wBias=-169.7442 condBias=429.4566 dotDrift=-13.010sigma uMRED=0.8162354051 uER=0.562500 uMAE=289.6548 WCE=2917 bias=16.1250
[pop10_soft:00200] loss=3.933704 tau=2.25 collapse_w=0.000 mid_frac=0.292 hard=score=92.6069592691 wNMSE=0.84105237 wMSE=156689.1022 wMRED=9.83739524 wER=0.507030 wMAE=134.3162 wBias=64.3786 condBias=156.9342 dotDrift=+10.409sigma uMRED=0.5062195676 uER=0.531982 uMAE=225.5742 WCE=3856 bias=171.6250
[pop10_soft:00400] loss=1.880402 tau=3.00 collapse_w=0.000 mid_frac=0.196 hard=score=19.7897889951 wNMSE=0.37469223 wMSE=69805.6294 wMRED=8.01943335 wER=0.460506 wMAE=92.5010 wBias=29.3958 condBias=110.3035 dotDrift=+7.121sigma uMRED=0.3382186525 uER=0.509521 uMAE=139.2070 WCE=3920 bias=81.8750
[pop10_soft:00600] loss=0.631766 tau=3.75 collapse_w=0.000 mid_frac=0.190 hard=score=1.4486495689 wNMSE=0.21340618 wMSE=39757.8359 wMRED=2.52566006 wER=0.438063 wMAE=89.3380 wBias=-6.8408 condBias=105.5740 dotDrift=-2.196sigma uMRED=0.2462235732 uER=0.469238 uMAE=138.6191 WCE=1184 bias=20.6250
[pop10_soft:00800] loss=0.264355 tau=4.50 collapse_w=0.084 mid_frac=0.167 hard=score=3.5958875594 wNMSE=0.16133736 wMSE=30057.3518 wMRED=1.69950154 wER=0.398931 wMAE=66.0118 wBias=-12.1974 condBias=86.5875 dotDrift=-4.503sigma uMRED=0.1794119189 uER=0.436523 uMAE=104.6465 WCE=1184 bias=-0.6250
[pop10_soft:01000] loss=0.187482 tau=5.25 collapse_w=0.293 mid_frac=0.131 hard=score=3.0001668958 wNMSE=0.16324657 wMSE=30413.0386 wMRED=1.59416991 wER=0.367863 wMAE=65.9034 wBias=-11.0223 condBias=86.5395 dotDrift=-4.045sigma uMRED=0.1776799906 uER=0.422363 uMAE=104.8496 WCE=1184 bias=0.3750
[pop10_soft:01199] loss=0.129211 tau=6.00 collapse_w=0.500 mid_frac=0.119 hard=score=3.0001668958 wNMSE=0.16324657 wMSE=30413.0386 wMRED=1.59416991 wER=0.367863 wMAE=65.9034 wBias=-11.0223 condBias=86.5395 dotDrift=-4.045sigma uMRED=0.1776799906 uER=0.422363 uMAE=104.8496 WCE=1184 bias=0.3750
[pop10_hard:00000] loss=3.048913 tau=6.00 collapse_w=0.500 mid_frac=0.119 hard=score=3.0001668958 wNMSE=0.16324657 wMSE=30413.0386 wMRED=1.59416991 wER=0.367863 wMAE=65.9034 wBias=-11.0223 condBias=86.5395 dotDrift=-4.045sigma uMRED=0.1776799906 uER=0.422363 uMAE=104.8496 WCE=1184 bias=0.3750
[pop10_hard:00200] loss=3.044021 tau=6.00 collapse_w=0.500 mid_frac=0.113 hard=score=3.0001668958 wNMSE=0.16324657 wMSE=30413.0386 wMRED=1.59416991 wER=0.367863 wMAE=65.9034 wBias=-11.0223 condBias=86.5395 dotDrift=-4.045sigma uMRED=0.1776799906 uER=0.422363 uMAE=104.8496 WCE=1184 bias=0.3750
[pop10_hard:00400] loss=0.726099 tau=6.00 collapse_w=0.500 mid_frac=0.083 hard=score=2.5592246424 wNMSE=0.1186238 wMSE=22099.7610 wMRED=1.47637206 wER=0.367863 wMAE=57.5231 wBias=10.1922 condBias=67.4571 dotDrift=+4.388sigma uMRED=0.1434811069 uER=0.422363 uMAE=85.2539 WCE=1184 bias=32.3750
[pop10_hard:00599] loss=0.834815 tau=6.00 collapse_w=0.500 mid_frac=0.077 hard=score=8.6611741252 wNMSE=0.11147746 wMSE=20768.3899 wMRED=1.16063676 wER=0.367863 wMAE=51.4805 wBias=19.5487 condBias=70.0364 dotDrift=+8.682sigma uMRED=0.1369593457 uER=0.422363 uMAE=82.7871 WCE=1184 bias=36.3750
[pop10] done (conf=0.53, noise=0.5); global best score=0.0217339588 wNMSE=0.0059046686 wMSE=1100.0471 wMRED=0.36444612 wER=0.243713 wMAE=11.8498 wBias=0.1531 condBias=20.1820 dotDrift=+0.295sigma uMRED=0.0286523272 uER=0.279785 uMAE=13.6055 WCE=176 bias=0.2500
[pop11_soft:00000] loss=17.269646 tau=1.50 collapse_w=0.000 mid_frac=0.470 hard=score=253.6430000901 wNMSE=5.2465236 wMSE=977433.8773 wMRED=33.66684516 wER=0.581619 wMAE=487.1568 wBias=105.5676 condBias=539.1198 dotDrift=+6.834sigma uMRED=1.0336534696 uER=0.573730 uMAE=258.9858 WCE=2965 bias=-5.9375
[pop11_soft:00200] loss=8.064578 tau=2.25 collapse_w=0.000 mid_frac=0.429 hard=score=92.2908057110 wNMSE=4.5521071 wMSE=848063.2161 wMRED=33.13961191 wER=0.582987 wMAE=487.5318 wBias=-61.9790 condBias=533.1122 dotDrift=-4.307sigma uMRED=1.1262223168 uER=0.573730 uMAE=329.5503 WCE=2816 bias=-166.9375
[pop11_soft:00400] loss=5.937272 tau=3.00 collapse_w=0.000 mid_frac=0.435 hard=score=410.5190486708 wNMSE=2.3235836 wMSE=432886.5216 wMRED=16.27047154 wER=0.512264 wMAE=281.9770 wBias=135.9899 condBias=319.8759 dotDrift=+13.228sigma uMRED=0.6400861537 uER=0.550293 uMAE=208.0898 WCE=3648 bias=-53.7500
[pop11_soft:00600] loss=3.827141 tau=3.75 collapse_w=0.000 mid_frac=0.363 hard=score=271.2108402736 wNMSE=2.1700201 wMSE=404277.4467 wMRED=14.94031789 wER=0.534364 wMAE=272.4921 wBias=110.2798 condBias=330.7286 dotDrift=+11.100sigma uMRED=0.6154266370 uER=0.557617 uMAE=232.6465 WCE=2116 bias=-98.8750
[pop11_soft:00800] loss=1.320057 tau=4.50 collapse_w=0.084 mid_frac=0.363 hard=score=35.8516823735 wNMSE=0.21278913 wMSE=39642.8790 wMRED=2.31211071 wER=0.499873 wMAE=91.3089 wBias=-40.1380 condBias=112.3352 dotDrift=-12.902sigma uMRED=0.2481081585 uER=0.544922 uMAE=142.7070 WCE=1348 bias=-86.8750
[pop11_soft:01000] loss=1.049861 tau=5.25 collapse_w=0.293 mid_frac=0.339 hard=score=35.4686266304 wNMSE=0.21258467 wMSE=39604.7886 wMRED=2.30786115 wER=0.491544 wMAE=91.1377 wBias=-39.9207 condBias=112.2267 dotDrift=-12.838sigma uMRED=0.2477947514 uER=0.541260 uMAE=142.5117 WCE=1348 bias=-86.6250
[pop11_soft:01199] loss=0.835947 tau=6.00 collapse_w=0.500 mid_frac=0.327 hard=score=41.8766490622 wNMSE=0.21499565 wMSE=40053.9569 wMRED=2.26586975 wER=0.491028 wMAE=90.5536 wBias=-43.4151 condBias=113.3315 dotDrift=-13.883sigma uMRED=0.2481031864 uER=0.541016 uMAE=143.0762 WCE=1348 bias=-90.6250
[pop11_hard:00000] loss=41.958492 tau=6.00 collapse_w=0.500 mid_frac=0.327 hard=score=41.8766490622 wNMSE=0.21499565 wMSE=40053.9569 wMRED=2.26586975 wER=0.491028 wMAE=90.5536 wBias=-43.4151 condBias=113.3315 dotDrift=-13.883sigma uMRED=0.2481031864 uER=0.541016 uMAE=143.0762 WCE=1348 bias=-90.6250
[pop11_hard:00200] loss=41.955105 tau=6.00 collapse_w=0.500 mid_frac=0.327 hard=score=41.8766490622 wNMSE=0.21499565 wMSE=40053.9569 wMRED=2.26586975 wER=0.491028 wMAE=90.5536 wBias=-43.4151 condBias=113.3315 dotDrift=-13.883sigma uMRED=0.2481031864 uER=0.541016 uMAE=143.0762 WCE=1348 bias=-90.6250
[pop11_hard:00400] loss=30.095930 tau=6.00 collapse_w=0.500 mid_frac=0.315 hard=score=30.0069282574 wNMSE=0.16401432 wMSE=30556.0718 wMRED=2.19851531 wER=0.491028 wMAE=83.8757 wBias=-36.7372 condBias=98.8343 dotDrift=-13.450sigma uMRED=0.2238176481 uER=0.541016 uMAE=127.0762 WCE=1076 bias=-74.6250
[pop11_hard:00599] loss=659.306763 tau=6.00 collapse_w=0.500 mid_frac=0.286 hard=score=658.6481492388 wNMSE=2.0305512 wMSE=378294.2079 wMRED=14.19071006 wER=0.478346 wMAE=248.9386 wBias=172.5974 condBias=336.7216 dotDrift=+17.960sigma uMRED=0.5244452691 uER=0.525146 uMAE=180.8828 WCE=2048 bias=14.3750
[pop11] done (conf=0.51, noise=1.0); global best score=0.0217339588 wNMSE=0.0059046686 wMSE=1100.0471 wMRED=0.36444612 wER=0.243713 wMAE=11.8498 wBias=0.1531 condBias=20.1820 dotDrift=+0.295sigma uMRED=0.0286523272 uER=0.279785 uMAE=13.6055 WCE=176 bias=0.2500
[best] stage=quad_soft score=0.0217339588 wNMSE=0.0059046686 wMSE=1100.0471 wMRED=0.36444612 wER=0.243713 wMAE=11.8498 wBias=0.1531 condBias=20.1820 dotDrift=+0.295sigma uMRED=0.0286523272 uER=0.279785 uMAE=13.6055 WCE=176 bias=0.2500
[best-json] /home/xuanqi/tony/work/FPGA/signed8x8_approx/signed8x8_2026_8_22/runs_module_groups/G3_o/default_split/rand301/best_signed88_inits.json
[best-rtl] /home/xuanqi/tony/work/FPGA/signed8x8_approx/signed8x8_2026_8_22/runs_module_groups/G3_o/default_split/rand301/best_rtl
[design] default_split search_bits=168
[start] score=0.0217339588 wNMSE=0.0059046686 wMSE=1100.0471 wMRED=0.36444612 wER=0.243713 wMAE=11.8498 wBias=0.1531 condBias=20.1820 dotDrift=+0.295sigma uMRED=0.0286523272 uER=0.279785 uMAE=13.6055 WCE=176 bias=0.2500
[single] ACCEPT ['lo_lut23:51'] 0.0217339588->0.0207086824 wNMSE=0.0057952346 wBias=-0.03790
[single] ACCEPT ['lo_lut23:15'] 0.0207086824->0.0203823057 wNMSE=0.0057487901 wBias=+0.05969
[single] ACCEPT ['lo_lut01:23'] 0.0203823057->0.0202903954 wNMSE=0.005743028 wBias=-0.00233
[single] round=4 no improvement
[pair] ACCEPT ['hi_lut01:63', 'hi_lut01:55'] 0.0202903954->0.0187874998 wNMSE=0.0048578234 wBias=-0.00470
[pair] ACCEPT ['lo_lut45:59', 'lo_lut45:39'] 0.0187874998->0.0184503034 wNMSE=0.0047988183 wBias=-0.08916
[pair] ACCEPT ['lo_lut45:3', 'mid_lut23:63'] 0.0184503034->0.0180423779 wNMSE=0.0047615661 wBias=+0.07882
[pair] ACCEPT ['lo_lut45:31', 'mid_lut23:39'] 0.0180423779->0.0176624945 wNMSE=0.0047820316 wBias=-0.02190
[basin] ACCEPT ['lo_lut01:31', 'mid_lut01:23', 'lo_lut45:19'] 0.0176624945->0.0172124666 wNMSE=0.0047115748 wBias=-0.09743
[basin] ACCEPT ['lo_lut23:15', 'mid_lut23:39', 'lo_lut45:55', 'mid_lut23:63'] 0.0172124666->0.0171345773 wNMSE=0.0046454866 wBias=-0.01371
[final] score=0.0171345773 wNMSE=0.0046454866 wMSE=865.4599 wMRED=0.57738500 wER=0.479040 wMAE=14.5415 wBias=-0.0137 condBias=15.3399 dotDrift=-0.030sigma uMRED=0.0337790815 uER=0.478516 uMAE=15.5151 WCE=160 bias=-0.1250
[json] /home/xuanqi/tony/work/FPGA/signed8x8_approx/signed8x8_2026_8_22/runs_module_groups/G3_o/default_split/rand301/refined/best_signed88_inits.json
