[design] balanced_split quad4 entries=112
[device] cuda
[safety] max_zero_violations=0 max_workload_zero_violation_probability=0
[initial] score=0.0309867233 wNMSE=0.0024237404 wMSE=184.6414 wMRED=0.15885366 wER=0.155645 wMAE=3.9358 wBias=-0.4356 condBias=7.7916 dotDrift=-2.051sigma uMRED=0.0105226322 uER=0.191406 uMAE=5.6250 WCE=80 bias=0.0000
[aligned-objective] schema=aligned_ai_metrics_v2 loss_mode=legacy_aligned guard_tolerance=0.1 constraint_weight=10
[quad_warmup_bit:00000] loss=9.323380 tau=1.50 collapse_w=0.000 mid_frac=0.000 hard=score=0.0309867233 wNMSE=0.0024237404 wMSE=184.6414 wMRED=0.15885366 wER=0.155645 wMAE=3.9358 wBias=-0.4356 condBias=7.7916 dotDrift=-2.051sigma uMRED=0.0105226322 uER=0.191406 uMAE=5.6250 WCE=80 bias=0.0000
[quad_warmup_bit:00200] loss=3.594129 tau=1.50 collapse_w=0.000 mid_frac=0.000 hard=score=66.2101312118 wNMSE=0.074937683 wMSE=5708.7794 wMRED=2.31450118 wER=0.357172 wMAE=34.9419 wBias=-34.8680 condBias=55.3836 dotDrift=-29.535sigma uMRED=0.0866823343 uER=0.380859 uMAE=38.0859 WCE=344 bias=-37.1250
[quad_warmup_bit:00400] loss=2.297714 tau=1.50 collapse_w=0.000 mid_frac=0.000 hard=score=4.4955212350 wNMSE=0.01356125 wMSE=1033.1008 wMRED=0.33709834 wER=0.280275 wMAE=10.2091 wBias=-9.0059 condBias=18.1400 dotDrift=-17.932sigma uMRED=0.0453617042 uER=0.351562 uMAE=31.2344 WCE=416 bias=-29.6250
[quad_warmup_bit:00600] loss=1.700602 tau=1.50 collapse_w=0.000 mid_frac=0.000 hard=score=0.5276162138 wNMSE=0.020604056 wMSE=1569.6243 wMRED=0.72012482 wER=0.317507 wMAE=16.7988 wBias=-2.4135 condBias=22.2380 dotDrift=-3.899sigma uMRED=0.0566604478 uER=0.369141 uMAE=34.5000 WCE=400 bias=-27.6250
[quad_warmup_bit:00800] loss=1.523292 tau=1.50 collapse_w=0.000 mid_frac=0.000 hard=score=0.3442937338 wNMSE=0.021936255 wMSE=1671.1117 wMRED=0.72298054 wER=0.317507 wMAE=17.1953 wBias=1.7050 condBias=22.5067 dotDrift=+2.669sigma uMRED=0.0587725055 uER=0.369141 uMAE=36.0312 WCE=400 bias=-19.6250
[quad_warmup_bit:01000] loss=1.470094 tau=1.50 collapse_w=0.000 mid_frac=0.000 hard=score=0.4972247405 wNMSE=0.021842707 wMSE=1663.9852 wMRED=0.68734159 wER=0.282296 wMAE=16.8839 wBias=2.4043 condBias=22.5142 dotDrift=+3.772sigma uMRED=0.0579162145 uER=0.352539 uMAE=35.6875 WCE=400 bias=-18.8750
[quad_warmup_bit:01200] loss=1.447328 tau=1.50 collapse_w=0.000 mid_frac=0.000 hard=score=0.6843975584 wNMSE=0.016179768 wMSE=1232.5805 wMRED=0.28712284 wER=0.234514 wMAE=11.3874 wBias=-3.2398 condBias=19.1035 dotDrift=-5.906sigma uMRED=0.0489208195 uER=0.338867 uMAE=33.7969 WCE=400 bias=-21.0000
[quad_warmup_bit:01400] loss=1.435068 tau=1.50 collapse_w=0.000 mid_frac=0.000 hard=score=0.6425891953 wNMSE=0.016258389 wMSE=1238.5698 wMRED=0.28806111 wER=0.236507 wMAE=11.5120 wBias=-3.1152 condBias=19.1644 dotDrift=-5.665sigma uMRED=0.0500489374 uER=0.352539 uMAE=34.7969 WCE=400 bias=-20.0000
[quad_warmup_bit:01600] loss=1.422936 tau=1.50 collapse_w=0.000 mid_frac=0.000 hard=score=0.4936272716 wNMSE=0.01593944 wMSE=1214.2722 wMRED=0.27646705 wER=0.236507 wMAE=11.1870 wBias=-2.6486 condBias=18.8439 dotDrift=-4.865sigma uMRED=0.0489418171 uER=0.352539 uMAE=34.0469 WCE=400 bias=-19.0000
[quad_warmup_bit:01800] loss=0.848581 tau=1.50 collapse_w=0.000 mid_frac=0.000 hard=score=0.8376519057 wNMSE=0.015895588 wMSE=1210.9315 wMRED=0.23786921 wER=0.209881 wMAE=10.3740 wBias=-3.6614 condBias=18.7603 dotDrift=-6.734sigma uMRED=0.0465566476 uER=0.323242 uMAE=32.5469 WCE=384 bias=-20.5000
[quad_warmup_bit:02000] loss=0.841573 tau=1.50 collapse_w=0.000 mid_frac=0.000 hard=score=0.7889674551 wNMSE=0.015593105 wMSE=1187.8883 wMRED=0.23730050 wER=0.209291 wMAE=10.2775 wBias=-3.5494 condBias=18.2569 dotDrift=-6.591sigma uMRED=0.0446916660 uER=0.311523 uMAE=30.7812 WCE=324 bias=-18.5000
[quad_warmup_bit:02200] loss=0.837213 tau=1.50 collapse_w=0.000 mid_frac=0.000 hard=score=0.5121804158 wNMSE=0.014854035 wMSE=1131.5857 wMRED=0.22809254 wER=0.200780 wMAE=9.7109 wBias=-2.7709 condBias=17.0997 dotDrift=-5.272sigma uMRED=0.0423660526 uER=0.291016 uMAE=29.0312 WCE=320 bias=-16.5000
[quad_warmup_bit:02400] loss=0.832141 tau=1.50 collapse_w=0.000 mid_frac=0.000 hard=score=1.7495039372 wNMSE=0.011006045 wMSE=838.4444 wMRED=0.15602259 wER=0.164912 wMAE=7.5664 wBias=-5.5575 condBias=15.1965 dotDrift=-12.283sigma uMRED=0.0358936383 uER=0.267578 uMAE=25.3594 WCE=320 bias=-23.0000
[quad_warmup_bit:02600] loss=0.829350 tau=1.50 collapse_w=0.000 mid_frac=0.000 hard=score=1.7495039372 wNMSE=0.011006045 wMSE=838.4444 wMRED=0.15602259 wER=0.164912 wMAE=7.5664 wBias=-5.5575 condBias=15.1965 dotDrift=-12.283sigma uMRED=0.0358936383 uER=0.267578 uMAE=25.3594 WCE=320 bias=-23.0000
[quad_warmup_bit:02800] loss=0.826196 tau=1.50 collapse_w=0.000 mid_frac=0.000 hard=score=0.2085926453 wNMSE=0.015008444 wMSE=1143.3486 wMRED=0.17115367 wER=0.164912 wMAE=8.7574 wBias=-1.4390 condBias=17.1743 dotDrift=-2.724sigma uMRED=0.0404256576 uER=0.267578 uMAE=28.2812 WCE=320 bias=-15.0000
[quad_warmup_bit:03000] loss=0.824283 tau=1.50 collapse_w=0.000 mid_frac=0.000 hard=score=0.1869202895 wNMSE=0.014204548 wMSE=1082.1075 wMRED=0.17041814 wER=0.164912 wMAE=8.6452 wBias=-1.3267 condBias=16.7295 dotDrift=-2.581sigma uMRED=0.0381296770 uER=0.267578 uMAE=26.2812 WCE=276 bias=-13.0000
[quad_warmup_bit:03200] loss=0.823469 tau=1.50 collapse_w=0.000 mid_frac=0.000 hard=score=1.3333865612 wNMSE=0.010030603 wMSE=764.1349 wMRED=0.15746171 wER=0.164912 wMAE=7.5186 wBias=-4.8283 condBias=14.6538 dotDrift=-11.179sigma uMRED=0.0336544653 uER=0.267578 uMAE=23.3594 WCE=276 bias=-20.0000
[quad_warmup_bit:03400] loss=0.821357 tau=1.50 collapse_w=0.000 mid_frac=0.000 hard=score=1.1780430746 wNMSE=0.0087284961 wMSE=664.9399 wMRED=0.15476087 wER=0.164912 wMAE=7.2288 wBias=-4.5385 condBias=13.7681 dotDrift=-11.264sigma uMRED=0.0310687359 uER=0.267578 uMAE=21.3594 WCE=256 bias=-18.0000
[quad_warmup_bit:03600] loss=0.254878 tau=1.50 collapse_w=0.000 mid_frac=0.000 hard=score=0.9607408856 wNMSE=0.0075153769 wMSE=572.5241 wMRED=0.15245921 wER=0.164121 wMAE=6.8678 wBias=-4.0895 condBias=12.9388 dotDrift=-10.938sigma uMRED=0.0234888870 uER=0.251953 uMAE=14.6875 WCE=212 bias=-10.0000
[quad_warmup_bit:03800] loss=0.071136 tau=1.50 collapse_w=0.000 mid_frac=0.000 hard=score=0.6890821680 wNMSE=0.006338349 wMSE=482.8577 wMRED=0.13780950 wER=0.164121 wMAE=6.2239 wBias=-3.4456 condBias=11.8608 dotDrift=-10.035sigma uMRED=0.0217460808 uER=0.251953 uMAE=13.6875 WCE=180 bias=-9.0000
[quad_warmup_bit:04000] loss=0.069672 tau=1.50 collapse_w=0.000 mid_frac=0.000 hard=score=0.6890821680 wNMSE=0.006338349 wMSE=482.8577 wMRED=0.13780950 wER=0.164121 wMAE=6.2239 wBias=-3.4456 condBias=11.8608 dotDrift=-10.035sigma uMRED=0.0217460808 uER=0.251953 uMAE=13.6875 WCE=180 bias=-9.0000
[quad_warmup_bit:04200] loss=0.068924 tau=1.50 collapse_w=0.000 mid_frac=0.000 hard=score=0.6890821680 wNMSE=0.006338349 wMSE=482.8577 wMRED=0.13780950 wER=0.164121 wMAE=6.2239 wBias=-3.4456 condBias=11.8608 dotDrift=-10.035sigma uMRED=0.0217460808 uER=0.251953 uMAE=13.6875 WCE=180 bias=-9.0000
[quad_warmup_bit:04400] loss=0.068899 tau=1.50 collapse_w=0.000 mid_frac=0.000 hard=score=0.4839274480 wNMSE=0.005268266 wMSE=401.3384 wMRED=0.13240781 wER=0.160838 wMAE=5.6443 wBias=-2.8660 condBias=10.9354 dotDrift=-9.156sigma uMRED=0.0165746221 uER=0.232422 uMAE=9.6875 WCE=144 bias=-5.0000
[quad_warmup_bit:04600] loss=0.068271 tau=1.50 collapse_w=0.000 mid_frac=0.000 hard=score=0.4839274480 wNMSE=0.005268266 wMSE=401.3384 wMRED=0.13240781 wER=0.160838 wMAE=5.6443 wBias=-2.8660 condBias=10.9354 dotDrift=-9.156sigma uMRED=0.0165746221 uER=0.232422 uMAE=9.6875 WCE=144 bias=-5.0000
[quad_warmup_bit:04800] loss=0.067682 tau=1.50 collapse_w=0.000 mid_frac=0.000 hard=score=0.4839274480 wNMSE=0.005268266 wMSE=401.3384 wMRED=0.13240781 wER=0.160838 wMAE=5.6443 wBias=-2.8660 condBias=10.9354 dotDrift=-9.156sigma uMRED=0.0165746221 uER=0.232422 uMAE=9.6875 WCE=144 bias=-5.0000
[quad_warmup_bit:05000] loss=0.067301 tau=1.50 collapse_w=0.000 mid_frac=0.000 hard=score=0.4839274480 wNMSE=0.005268266 wMSE=401.3384 wMRED=0.13240781 wER=0.160838 wMAE=5.6443 wBias=-2.8660 condBias=10.9354 dotDrift=-9.156sigma uMRED=0.0165746221 uER=0.232422 uMAE=9.6875 WCE=144 bias=-5.0000
[quad_warmup_bit:05200] loss=0.066946 tau=1.50 collapse_w=0.000 mid_frac=0.000 hard=score=0.4588448548 wNMSE=0.0052109172 wMSE=396.9695 wMRED=0.13083057 wER=0.160838 wMAE=5.5638 wBias=-2.7855 condBias=10.8232 dotDrift=-8.948sigma uMRED=0.0163801867 uER=0.232422 uMAE=9.5625 WCE=144 bias=-4.8750
[quad_warmup_bit:05400] loss=0.066620 tau=1.50 collapse_w=0.000 mid_frac=0.000 hard=score=0.4588448548 wNMSE=0.0052109172 wMSE=396.9695 wMRED=0.13083057 wER=0.160838 wMAE=5.5638 wBias=-2.7855 condBias=10.8232 dotDrift=-8.948sigma uMRED=0.0163801867 uER=0.232422 uMAE=9.5625 WCE=144 bias=-4.8750
[quad_warmup_bit:05600] loss=0.066430 tau=1.50 collapse_w=0.000 mid_frac=0.000 hard=score=0.4588448548 wNMSE=0.0052109172 wMSE=396.9695 wMRED=0.13083057 wER=0.160838 wMAE=5.5638 wBias=-2.7855 condBias=10.8232 dotDrift=-8.948sigma uMRED=0.0163801867 uER=0.232422 uMAE=9.5625 WCE=144 bias=-4.8750
[quad_warmup_bit:05800] loss=0.066161 tau=1.50 collapse_w=0.000 mid_frac=0.000 hard=score=0.0260060240 wNMSE=0.0028420571 wMSE=216.5089 wMRED=0.11094044 wER=0.155487 wMAE=4.2112 wBias=-0.2854 condBias=8.0059 dotDrift=-1.242sigma uMRED=0.0117120725 uER=0.220703 uMAE=6.7656 WCE=112 bias=-0.8750
[quad_warmup_bit:05999] loss=0.065861 tau=1.50 collapse_w=0.000 mid_frac=0.000 hard=score=0.0260060240 wNMSE=0.0028420571 wMSE=216.5089 wMRED=0.11094044 wER=0.155487 wMAE=4.2112 wBias=-0.2854 condBias=8.0059 dotDrift=-1.242sigma uMRED=0.0117120725 uER=0.220703 uMAE=6.7656 WCE=112 bias=-0.8750
[quad_soft:00000] loss=0.096752 tau=1.50 collapse_w=0.000 mid_frac=0.000 hard=score=0.0260060240 wNMSE=0.0028420571 wMSE=216.5089 wMRED=0.11094044 wER=0.155487 wMAE=4.2112 wBias=-0.2854 condBias=8.0059 dotDrift=-1.242sigma uMRED=0.0117120725 uER=0.220703 uMAE=6.7656 WCE=112 bias=-0.8750
[quad_soft:00200] loss=0.089548 tau=1.59 collapse_w=0.000 mid_frac=0.000 hard=score=0.0443345525 wNMSE=0.0019376404 wMSE=147.6101 wMRED=0.09484933 wER=0.155487 wMAE=3.4334 wBias=-0.7415 condBias=6.4825 dotDrift=-3.906sigma uMRED=0.0096098751 uER=0.220703 uMAE=5.5156 WCE=104 bias=-1.6250
[quad_soft:00400] loss=0.085678 tau=1.68 collapse_w=0.000 mid_frac=0.000 hard=score=0.0443345525 wNMSE=0.0019376404 wMSE=147.6101 wMRED=0.09484933 wER=0.155487 wMAE=3.4334 wBias=-0.7415 condBias=6.4825 dotDrift=-3.906sigma uMRED=0.0096098751 uER=0.220703 uMAE=5.5156 WCE=104 bias=-1.6250
[quad_soft:00600] loss=0.086324 tau=1.77 collapse_w=0.000 mid_frac=0.000 hard=score=0.0182197624 wNMSE=0.0021294226 wMSE=162.2202 wMRED=0.10052516 wER=0.161543 wMAE=3.7520 wBias=-0.1177 condBias=7.0425 dotDrift=-0.591sigma uMRED=0.0103068122 uER=0.226562 uMAE=5.8750 WCE=104 bias=-0.6250
[quad_soft:00800] loss=0.086171 tau=1.86 collapse_w=0.000 mid_frac=0.000 hard=score=0.0455780629 wNMSE=0.0019764742 wMSE=150.5685 wMRED=0.09633680 wER=0.154419 wMAE=3.4470 wBias=-0.7445 condBias=6.7512 dotDrift=-3.883sigma uMRED=0.0095203836 uER=0.210938 uMAE=5.3750 WCE=112 bias=-1.6250
[quad_soft:01000] loss=0.087390 tau=1.95 collapse_w=0.000 mid_frac=0.000 hard=score=0.0455780629 wNMSE=0.0019764742 wMSE=150.5685 wMRED=0.09633680 wER=0.154419 wMAE=3.4470 wBias=-0.7445 condBias=6.7512 dotDrift=-3.883sigma uMRED=0.0095203836 uER=0.210938 uMAE=5.3750 WCE=112 bias=-1.6250
[quad_soft:01200] loss=0.088645 tau=2.04 collapse_w=0.000 mid_frac=0.000 hard=score=0.0455780629 wNMSE=0.0019764742 wMSE=150.5685 wMRED=0.09633680 wER=0.154419 wMAE=3.4470 wBias=-0.7445 condBias=6.7512 dotDrift=-3.883sigma uMRED=0.0095203836 uER=0.210938 uMAE=5.3750 WCE=112 bias=-1.6250
[quad_soft:01400] loss=0.088688 tau=2.13 collapse_w=0.000 mid_frac=0.000 hard=score=0.0455780629 wNMSE=0.0019764742 wMSE=150.5685 wMRED=0.09633680 wER=0.154419 wMAE=3.4470 wBias=-0.7445 condBias=6.7512 dotDrift=-3.883sigma uMRED=0.0095203836 uER=0.210938 uMAE=5.3750 WCE=112 bias=-1.6250
[quad_soft:01600] loss=0.088526 tau=2.22 collapse_w=0.000 mid_frac=0.000 hard=score=0.0455780629 wNMSE=0.0019764742 wMSE=150.5685 wMRED=0.09633680 wER=0.154419 wMAE=3.4470 wBias=-0.7445 condBias=6.7512 dotDrift=-3.883sigma uMRED=0.0095203836 uER=0.210938 uMAE=5.3750 WCE=112 bias=-1.6250
[quad_soft:01800] loss=0.082651 tau=2.31 collapse_w=0.000 mid_frac=0.000 hard=score=0.0455780629 wNMSE=0.0019764742 wMSE=150.5685 wMRED=0.09633680 wER=0.154419 wMAE=3.4470 wBias=-0.7445 condBias=6.7512 dotDrift=-3.883sigma uMRED=0.0095203836 uER=0.210938 uMAE=5.3750 WCE=112 bias=-1.6250
[quad_soft:02000] loss=0.081067 tau=2.40 collapse_w=0.000 mid_frac=0.000 hard=score=0.0455780629 wNMSE=0.0019764742 wMSE=150.5685 wMRED=0.09633680 wER=0.154419 wMAE=3.4470 wBias=-0.7445 condBias=6.7512 dotDrift=-3.883sigma uMRED=0.0095203836 uER=0.210938 uMAE=5.3750 WCE=112 bias=-1.6250
[quad_soft:02200] loss=0.078366 tau=2.49 collapse_w=0.000 mid_frac=0.009 hard=score=0.0455780629 wNMSE=0.0019764742 wMSE=150.5685 wMRED=0.09633680 wER=0.154419 wMAE=3.4470 wBias=-0.7445 condBias=6.7512 dotDrift=-3.883sigma uMRED=0.0095203836 uER=0.210938 uMAE=5.3750 WCE=112 bias=-1.6250
[quad_soft:02400] loss=0.072629 tau=2.58 collapse_w=0.000 mid_frac=0.009 hard=score=0.0455780629 wNMSE=0.0019764742 wMSE=150.5685 wMRED=0.09633680 wER=0.154419 wMAE=3.4470 wBias=-0.7445 condBias=6.7512 dotDrift=-3.883sigma uMRED=0.0095203836 uER=0.210938 uMAE=5.3750 WCE=112 bias=-1.6250
[quad_soft:02600] loss=0.070028 tau=2.67 collapse_w=0.000 mid_frac=0.009 hard=score=0.0455780629 wNMSE=0.0019764742 wMSE=150.5685 wMRED=0.09633680 wER=0.154419 wMAE=3.4470 wBias=-0.7445 condBias=6.7512 dotDrift=-3.883sigma uMRED=0.0095203836 uER=0.210938 uMAE=5.3750 WCE=112 bias=-1.6250
[quad_soft:02800] loss=0.071038 tau=2.76 collapse_w=0.000 mid_frac=0.009 hard=score=0.0455780629 wNMSE=0.0019764742 wMSE=150.5685 wMRED=0.09633680 wER=0.154419 wMAE=3.4470 wBias=-0.7445 condBias=6.7512 dotDrift=-3.883sigma uMRED=0.0095203836 uER=0.210938 uMAE=5.3750 WCE=112 bias=-1.6250
[quad_soft:03000] loss=0.067263 tau=2.85 collapse_w=0.000 mid_frac=0.009 hard=score=0.0455780629 wNMSE=0.0019764742 wMSE=150.5685 wMRED=0.09633680 wER=0.154419 wMAE=3.4470 wBias=-0.7445 condBias=6.7512 dotDrift=-3.883sigma uMRED=0.0095203836 uER=0.210938 uMAE=5.3750 WCE=112 bias=-1.6250
[quad_soft:03200] loss=0.066126 tau=2.94 collapse_w=0.000 mid_frac=0.009 hard=score=0.0455780629 wNMSE=0.0019764742 wMSE=150.5685 wMRED=0.09633680 wER=0.154419 wMAE=3.4470 wBias=-0.7445 condBias=6.7512 dotDrift=-3.883sigma uMRED=0.0095203836 uER=0.210938 uMAE=5.3750 WCE=112 bias=-1.6250
[quad_soft:03400] loss=0.065001 tau=3.03 collapse_w=0.000 mid_frac=0.009 hard=score=0.0455780629 wNMSE=0.0019764742 wMSE=150.5685 wMRED=0.09633680 wER=0.154419 wMAE=3.4470 wBias=-0.7445 condBias=6.7512 dotDrift=-3.883sigma uMRED=0.0095203836 uER=0.210938 uMAE=5.3750 WCE=112 bias=-1.6250
[quad_soft:03600] loss=0.063862 tau=3.12 collapse_w=0.000 mid_frac=0.009 hard=score=0.0328391851 wNMSE=0.0018871162 wMSE=143.7612 wMRED=0.09318231 wER=0.154419 wMAE=3.2861 wBias=-0.5836 condBias=6.4170 dotDrift=-3.115sigma uMRED=0.0091315128 uER=0.210938 uMAE=5.1250 WCE=104 bias=-1.3750
[quad_soft:03800] loss=0.062702 tau=3.21 collapse_w=0.000 mid_frac=0.018 hard=score=0.0455780629 wNMSE=0.0019764742 wMSE=150.5685 wMRED=0.09633680 wER=0.154419 wMAE=3.4470 wBias=-0.7445 condBias=6.7512 dotDrift=-3.883sigma uMRED=0.0095203836 uER=0.210938 uMAE=5.3750 WCE=112 bias=-1.6250
[quad_soft:04000] loss=0.061574 tau=3.30 collapse_w=0.000 mid_frac=0.018 hard=score=0.0328391851 wNMSE=0.0018871162 wMSE=143.7612 wMRED=0.09318231 wER=0.154419 wMAE=3.2861 wBias=-0.5836 condBias=6.4170 dotDrift=-3.115sigma uMRED=0.0091315128 uER=0.210938 uMAE=5.1250 WCE=104 bias=-1.3750
[quad_soft:04200] loss=0.059934 tau=3.39 collapse_w=0.000 mid_frac=0.018 hard=score=0.0328391851 wNMSE=0.0018871162 wMSE=143.7612 wMRED=0.09318231 wER=0.154419 wMAE=3.2861 wBias=-0.5836 condBias=6.4170 dotDrift=-3.115sigma uMRED=0.0091315128 uER=0.210938 uMAE=5.1250 WCE=104 bias=-1.3750
[quad_soft:04400] loss=0.058314 tau=3.48 collapse_w=0.000 mid_frac=0.018 hard=score=0.0455780629 wNMSE=0.0019764742 wMSE=150.5685 wMRED=0.09633680 wER=0.154419 wMAE=3.4470 wBias=-0.7445 condBias=6.7512 dotDrift=-3.883sigma uMRED=0.0095203836 uER=0.210938 uMAE=5.3750 WCE=112 bias=-1.6250
[quad_soft:04600] loss=0.056664 tau=3.57 collapse_w=0.000 mid_frac=0.018 hard=score=0.0455780629 wNMSE=0.0019764742 wMSE=150.5685 wMRED=0.09633680 wER=0.154419 wMAE=3.4470 wBias=-0.7445 condBias=6.7512 dotDrift=-3.883sigma uMRED=0.0095203836 uER=0.210938 uMAE=5.3750 WCE=112 bias=-1.6250
[quad_soft:04800] loss=0.055012 tau=3.66 collapse_w=0.000 mid_frac=0.018 hard=score=0.0455780629 wNMSE=0.0019764742 wMSE=150.5685 wMRED=0.09633680 wER=0.154419 wMAE=3.4470 wBias=-0.7445 condBias=6.7512 dotDrift=-3.883sigma uMRED=0.0095203836 uER=0.210938 uMAE=5.3750 WCE=112 bias=-1.6250
[quad_soft:05000] loss=0.053324 tau=3.75 collapse_w=0.000 mid_frac=0.018 hard=score=0.0455780629 wNMSE=0.0019764742 wMSE=150.5685 wMRED=0.09633680 wER=0.154419 wMAE=3.4470 wBias=-0.7445 condBias=6.7512 dotDrift=-3.883sigma uMRED=0.0095203836 uER=0.210938 uMAE=5.3750 WCE=112 bias=-1.6250
[quad_soft:05200] loss=0.051667 tau=3.84 collapse_w=0.000 mid_frac=0.018 hard=score=0.0455780629 wNMSE=0.0019764742 wMSE=150.5685 wMRED=0.09633680 wER=0.154419 wMAE=3.4470 wBias=-0.7445 condBias=6.7512 dotDrift=-3.883sigma uMRED=0.0095203836 uER=0.210938 uMAE=5.3750 WCE=112 bias=-1.6250
[quad_soft:05400] loss=0.049914 tau=3.93 collapse_w=0.000 mid_frac=0.018 hard=score=0.0328391851 wNMSE=0.0018871162 wMSE=143.7612 wMRED=0.09318231 wER=0.154419 wMAE=3.2861 wBias=-0.5836 condBias=6.4170 dotDrift=-3.115sigma uMRED=0.0091315128 uER=0.210938 uMAE=5.1250 WCE=104 bias=-1.3750
[quad_soft:05600] loss=0.048208 tau=4.02 collapse_w=0.000 mid_frac=0.018 hard=score=0.0328391851 wNMSE=0.0018871162 wMSE=143.7612 wMRED=0.09318231 wER=0.154419 wMAE=3.2861 wBias=-0.5836 condBias=6.4170 dotDrift=-3.115sigma uMRED=0.0091315128 uER=0.210938 uMAE=5.1250 WCE=104 bias=-1.3750
[quad_soft:05800] loss=0.046551 tau=4.11 collapse_w=0.000 mid_frac=0.018 hard=score=0.0328391851 wNMSE=0.0018871162 wMSE=143.7612 wMRED=0.09318231 wER=0.154419 wMAE=3.2861 wBias=-0.5836 condBias=6.4170 dotDrift=-3.115sigma uMRED=0.0091315128 uER=0.210938 uMAE=5.1250 WCE=104 bias=-1.3750
[quad_soft:06000] loss=0.044858 tau=4.20 collapse_w=0.000 mid_frac=0.018 hard=score=0.0328391851 wNMSE=0.0018871162 wMSE=143.7612 wMRED=0.09318231 wER=0.154419 wMAE=3.2861 wBias=-0.5836 condBias=6.4170 dotDrift=-3.115sigma uMRED=0.0091315128 uER=0.210938 uMAE=5.1250 WCE=104 bias=-1.3750
[quad_soft:06200] loss=0.044173 tau=4.29 collapse_w=0.025 mid_frac=0.018 hard=score=0.0328391851 wNMSE=0.0018871162 wMSE=143.7612 wMRED=0.09318231 wER=0.154419 wMAE=3.2861 wBias=-0.5836 condBias=6.4170 dotDrift=-3.115sigma uMRED=0.0091315128 uER=0.210938 uMAE=5.1250 WCE=104 bias=-1.3750
[quad_soft:06400] loss=0.043481 tau=4.38 collapse_w=0.050 mid_frac=0.018 hard=score=0.0328391851 wNMSE=0.0018871162 wMSE=143.7612 wMRED=0.09318231 wER=0.154419 wMAE=3.2861 wBias=-0.5836 condBias=6.4170 dotDrift=-3.115sigma uMRED=0.0091315128 uER=0.210938 uMAE=5.1250 WCE=104 bias=-1.3750
[quad_soft:06600] loss=0.042727 tau=4.47 collapse_w=0.075 mid_frac=0.027 hard=score=0.0328391851 wNMSE=0.0018871162 wMSE=143.7612 wMRED=0.09318231 wER=0.154419 wMAE=3.2861 wBias=-0.5836 condBias=6.4170 dotDrift=-3.115sigma uMRED=0.0091315128 uER=0.210938 uMAE=5.1250 WCE=104 bias=-1.3750
[quad_soft:06800] loss=0.041905 tau=4.56 collapse_w=0.100 mid_frac=0.027 hard=score=0.0328391851 wNMSE=0.0018871162 wMSE=143.7612 wMRED=0.09318231 wER=0.154419 wMAE=3.2861 wBias=-0.5836 condBias=6.4170 dotDrift=-3.115sigma uMRED=0.0091315128 uER=0.210938 uMAE=5.1250 WCE=104 bias=-1.3750
[quad_soft:07000] loss=0.041003 tau=4.65 collapse_w=0.125 mid_frac=0.027 hard=score=0.0328391851 wNMSE=0.0018871162 wMSE=143.7612 wMRED=0.09318231 wER=0.154419 wMAE=3.2861 wBias=-0.5836 condBias=6.4170 dotDrift=-3.115sigma uMRED=0.0091315128 uER=0.210938 uMAE=5.1250 WCE=104 bias=-1.3750
[quad_soft:07200] loss=0.040042 tau=4.74 collapse_w=0.150 mid_frac=0.027 hard=score=0.0328391851 wNMSE=0.0018871162 wMSE=143.7612 wMRED=0.09318231 wER=0.154419 wMAE=3.2861 wBias=-0.5836 condBias=6.4170 dotDrift=-3.115sigma uMRED=0.0091315128 uER=0.210938 uMAE=5.1250 WCE=104 bias=-1.3750
[quad_soft:07400] loss=0.039045 tau=4.83 collapse_w=0.175 mid_frac=0.027 hard=score=0.0328391851 wNMSE=0.0018871162 wMSE=143.7612 wMRED=0.09318231 wER=0.154419 wMAE=3.2861 wBias=-0.5836 condBias=6.4170 dotDrift=-3.115sigma uMRED=0.0091315128 uER=0.210938 uMAE=5.1250 WCE=104 bias=-1.3750
[quad_soft:07600] loss=0.038033 tau=4.92 collapse_w=0.200 mid_frac=0.027 hard=score=0.0328391851 wNMSE=0.0018871162 wMSE=143.7612 wMRED=0.09318231 wER=0.154419 wMAE=3.2861 wBias=-0.5836 condBias=6.4170 dotDrift=-3.115sigma uMRED=0.0091315128 uER=0.210938 uMAE=5.1250 WCE=104 bias=-1.3750
[quad_soft:07800] loss=0.036933 tau=5.01 collapse_w=0.225 mid_frac=0.027 hard=score=0.0328391851 wNMSE=0.0018871162 wMSE=143.7612 wMRED=0.09318231 wER=0.154419 wMAE=3.2861 wBias=-0.5836 condBias=6.4170 dotDrift=-3.115sigma uMRED=0.0091315128 uER=0.210938 uMAE=5.1250 WCE=104 bias=-1.3750
[quad_soft:08000] loss=0.035811 tau=5.10 collapse_w=0.250 mid_frac=0.027 hard=score=0.0328391851 wNMSE=0.0018871162 wMSE=143.7612 wMRED=0.09318231 wER=0.154419 wMAE=3.2861 wBias=-0.5836 condBias=6.4170 dotDrift=-3.115sigma uMRED=0.0091315128 uER=0.210938 uMAE=5.1250 WCE=104 bias=-1.3750
[quad_soft:08200] loss=0.034621 tau=5.19 collapse_w=0.275 mid_frac=0.027 hard=score=0.0328391851 wNMSE=0.0018871162 wMSE=143.7612 wMRED=0.09318231 wER=0.154419 wMAE=3.2861 wBias=-0.5836 condBias=6.4170 dotDrift=-3.115sigma uMRED=0.0091315128 uER=0.210938 uMAE=5.1250 WCE=104 bias=-1.3750
[quad_soft:08400] loss=0.033427 tau=5.28 collapse_w=0.300 mid_frac=0.027 hard=score=0.0328391851 wNMSE=0.0018871162 wMSE=143.7612 wMRED=0.09318231 wER=0.154419 wMAE=3.2861 wBias=-0.5836 condBias=6.4170 dotDrift=-3.115sigma uMRED=0.0091315128 uER=0.210938 uMAE=5.1250 WCE=104 bias=-1.3750
[quad_soft:08600] loss=0.032138 tau=5.37 collapse_w=0.325 mid_frac=0.036 hard=score=0.0328391851 wNMSE=0.0018871162 wMSE=143.7612 wMRED=0.09318231 wER=0.154419 wMAE=3.2861 wBias=-0.5836 condBias=6.4170 dotDrift=-3.115sigma uMRED=0.0091315128 uER=0.210938 uMAE=5.1250 WCE=104 bias=-1.3750
[quad_soft:08800] loss=0.030731 tau=5.46 collapse_w=0.350 mid_frac=0.045 hard=score=0.0328391851 wNMSE=0.0018871162 wMSE=143.7612 wMRED=0.09318231 wER=0.154419 wMAE=3.2861 wBias=-0.5836 condBias=6.4170 dotDrift=-3.115sigma uMRED=0.0091315128 uER=0.210938 uMAE=5.1250 WCE=104 bias=-1.3750
[quad_soft:09000] loss=0.029351 tau=5.55 collapse_w=0.375 mid_frac=0.045 hard=score=0.0328391851 wNMSE=0.0018871162 wMSE=143.7612 wMRED=0.09318231 wER=0.154419 wMAE=3.2861 wBias=-0.5836 condBias=6.4170 dotDrift=-3.115sigma uMRED=0.0091315128 uER=0.210938 uMAE=5.1250 WCE=104 bias=-1.3750
[quad_soft:09200] loss=0.027896 tau=5.64 collapse_w=0.400 mid_frac=0.036 hard=score=0.0328391851 wNMSE=0.0018871162 wMSE=143.7612 wMRED=0.09318231 wER=0.154419 wMAE=3.2861 wBias=-0.5836 condBias=6.4170 dotDrift=-3.115sigma uMRED=0.0091315128 uER=0.210938 uMAE=5.1250 WCE=104 bias=-1.3750
[quad_soft:09400] loss=0.026385 tau=5.73 collapse_w=0.425 mid_frac=0.036 hard=score=0.0328391851 wNMSE=0.0018871162 wMSE=143.7612 wMRED=0.09318231 wER=0.154419 wMAE=3.2861 wBias=-0.5836 condBias=6.4170 dotDrift=-3.115sigma uMRED=0.0091315128 uER=0.210938 uMAE=5.1250 WCE=104 bias=-1.3750
[quad_soft:09600] loss=0.024689 tau=5.82 collapse_w=0.450 mid_frac=0.036 hard=score=0.0328391851 wNMSE=0.0018871162 wMSE=143.7612 wMRED=0.09318231 wER=0.154419 wMAE=3.2861 wBias=-0.5836 condBias=6.4170 dotDrift=-3.115sigma uMRED=0.0091315128 uER=0.210938 uMAE=5.1250 WCE=104 bias=-1.3750
[quad_soft:09800] loss=0.022900 tau=5.91 collapse_w=0.475 mid_frac=0.036 hard=score=0.0328391851 wNMSE=0.0018871162 wMSE=143.7612 wMRED=0.09318231 wER=0.154419 wMAE=3.2861 wBias=-0.5836 condBias=6.4170 dotDrift=-3.115sigma uMRED=0.0091315128 uER=0.210938 uMAE=5.1250 WCE=104 bias=-1.3750
[quad_soft:09999] loss=0.020778 tau=6.00 collapse_w=0.500 mid_frac=0.036 hard=score=0.0328391851 wNMSE=0.0018871162 wMSE=143.7612 wMRED=0.09318231 wER=0.154419 wMAE=3.2861 wBias=-0.5836 condBias=6.4170 dotDrift=-3.115sigma uMRED=0.0091315128 uER=0.210938 uMAE=5.1250 WCE=104 bias=-1.3750
[quad_hard_ste:00000] loss=2.283694 tau=6.00 collapse_w=0.000 mid_frac=0.036 hard=score=0.0328391851 wNMSE=0.0018871162 wMSE=143.7612 wMRED=0.09318231 wER=0.154419 wMAE=3.2861 wBias=-0.5836 condBias=6.4170 dotDrift=-3.115sigma uMRED=0.0091315128 uER=0.210938 uMAE=5.1250 WCE=104 bias=-1.3750
[quad_hard_ste:00200] loss=2.283694 tau=6.00 collapse_w=0.000 mid_frac=0.036 hard=score=0.0328391851 wNMSE=0.0018871162 wMSE=143.7612 wMRED=0.09318231 wER=0.154419 wMAE=3.2861 wBias=-0.5836 condBias=6.4170 dotDrift=-3.115sigma uMRED=0.0091315128 uER=0.210938 uMAE=5.1250 WCE=104 bias=-1.3750
[quad_hard_ste:00400] loss=2.283694 tau=6.00 collapse_w=0.000 mid_frac=0.036 hard=score=0.0328391851 wNMSE=0.0018871162 wMSE=143.7612 wMRED=0.09318231 wER=0.154419 wMAE=3.2861 wBias=-0.5836 condBias=6.4170 dotDrift=-3.115sigma uMRED=0.0091315128 uER=0.210938 uMAE=5.1250 WCE=104 bias=-1.3750
[quad_hard_ste:00600] loss=2.283694 tau=6.00 collapse_w=0.000 mid_frac=0.036 hard=score=0.0328391851 wNMSE=0.0018871162 wMSE=143.7612 wMRED=0.09318231 wER=0.154419 wMAE=3.2861 wBias=-0.5836 condBias=6.4170 dotDrift=-3.115sigma uMRED=0.0091315128 uER=0.210938 uMAE=5.1250 WCE=104 bias=-1.3750
[quad_hard_ste:00800] loss=2.283694 tau=6.00 collapse_w=0.000 mid_frac=0.036 hard=score=0.0328391851 wNMSE=0.0018871162 wMSE=143.7612 wMRED=0.09318231 wER=0.154419 wMAE=3.2861 wBias=-0.5836 condBias=6.4170 dotDrift=-3.115sigma uMRED=0.0091315128 uER=0.210938 uMAE=5.1250 WCE=104 bias=-1.3750
[quad_hard_ste:01000] loss=21.537794 tau=6.00 collapse_w=0.000 mid_frac=0.036 hard=score=0.0328391851 wNMSE=0.0018871162 wMSE=143.7612 wMRED=0.09318231 wER=0.154419 wMAE=3.2861 wBias=-0.5836 condBias=6.4170 dotDrift=-3.115sigma uMRED=0.0091315128 uER=0.210938 uMAE=5.1250 WCE=104 bias=-1.3750
[quad_hard_ste:01200] loss=22.419819 tau=6.00 collapse_w=0.000 mid_frac=0.018 hard=score=0.7936806844 wNMSE=0.0074824175 wMSE=570.0132 wMRED=0.12124049 wER=0.165926 wMAE=5.1157 wBias=3.7102 condBias=11.9856 dotDrift=+9.946sigma uMRED=0.0151958876 uER=0.226562 uMAE=8.8438 WCE=192 bias=6.8750
[quad_hard_ste:01400] loss=1.705069 tau=6.00 collapse_w=0.000 mid_frac=0.027 hard=score=0.0240067529 wNMSE=0.0019230082 wMSE=146.4955 wMRED=0.09720621 wER=0.165926 wMAE=3.4614 wBias=-0.4083 condBias=6.5084 dotDrift=-2.159sigma uMRED=0.0095349028 uER=0.226562 uMAE=5.3750 WCE=104 bias=-1.1250
[quad_hard_ste:01600] loss=22.419819 tau=6.00 collapse_w=0.000 mid_frac=0.018 hard=score=0.7936806844 wNMSE=0.0074824175 wMSE=570.0132 wMRED=0.12124049 wER=0.165926 wMAE=5.1157 wBias=3.7102 condBias=11.9856 dotDrift=+9.946sigma uMRED=0.0151958876 uER=0.226562 uMAE=8.8438 WCE=192 bias=6.8750
[quad_hard_ste:01800] loss=1.705069 tau=6.00 collapse_w=0.000 mid_frac=0.027 hard=score=0.0240067529 wNMSE=0.0019230082 wMSE=146.4955 wMRED=0.09720621 wER=0.165926 wMAE=3.4614 wBias=-0.4083 condBias=6.5084 dotDrift=-2.159sigma uMRED=0.0095349028 uER=0.226562 uMAE=5.3750 WCE=104 bias=-1.1250
[quad_hard_ste:02000] loss=22.419819 tau=6.00 collapse_w=0.000 mid_frac=0.018 hard=score=0.7936806844 wNMSE=0.0074824175 wMSE=570.0132 wMRED=0.12124049 wER=0.165926 wMAE=5.1157 wBias=3.7102 condBias=11.9856 dotDrift=+9.946sigma uMRED=0.0151958876 uER=0.226562 uMAE=8.8438 WCE=192 bias=6.8750
[quad_hard_ste:02200] loss=1.705069 tau=6.00 collapse_w=0.000 mid_frac=0.027 hard=score=0.0240067529 wNMSE=0.0019230082 wMSE=146.4955 wMRED=0.09720621 wER=0.165926 wMAE=3.4614 wBias=-0.4083 condBias=6.5084 dotDrift=-2.159sigma uMRED=0.0095349028 uER=0.226562 uMAE=5.3750 WCE=104 bias=-1.1250
[quad_hard_ste:02400] loss=1.705069 tau=6.00 collapse_w=0.000 mid_frac=0.018 hard=score=0.7936806844 wNMSE=0.0074824175 wMSE=570.0132 wMRED=0.12124049 wER=0.165926 wMAE=5.1157 wBias=3.7102 condBias=11.9856 dotDrift=+9.946sigma uMRED=0.0151958876 uER=0.226562 uMAE=8.8438 WCE=192 bias=6.8750
[quad_hard_ste:02600] loss=1.705069 tau=6.00 collapse_w=0.000 mid_frac=0.018 hard=score=0.0240067529 wNMSE=0.0019230082 wMSE=146.4955 wMRED=0.09720621 wER=0.165926 wMAE=3.4614 wBias=-0.4083 condBias=6.5084 dotDrift=-2.159sigma uMRED=0.0095349028 uER=0.226562 uMAE=5.3750 WCE=104 bias=-1.1250
[quad_hard_ste:02800] loss=22.419819 tau=6.00 collapse_w=0.000 mid_frac=0.009 hard=score=0.7936806844 wNMSE=0.0074824175 wMSE=570.0132 wMRED=0.12124049 wER=0.165926 wMAE=5.1157 wBias=3.7102 condBias=11.9856 dotDrift=+9.946sigma uMRED=0.0151958876 uER=0.226562 uMAE=8.8438 WCE=192 bias=6.8750
[quad_hard_ste:03000] loss=22.419819 tau=6.00 collapse_w=0.000 mid_frac=0.009 hard=score=0.7936806844 wNMSE=0.0074824175 wMSE=570.0132 wMRED=0.12124049 wER=0.165926 wMAE=5.1157 wBias=3.7102 condBias=11.9856 dotDrift=+9.946sigma uMRED=0.0151958876 uER=0.226562 uMAE=8.8438 WCE=192 bias=6.8750
[quad_hard_ste:03200] loss=1.705069 tau=6.00 collapse_w=0.000 mid_frac=0.009 hard=score=0.7936806844 wNMSE=0.0074824175 wMSE=570.0132 wMRED=0.12124049 wER=0.165926 wMAE=5.1157 wBias=3.7102 condBias=11.9856 dotDrift=+9.946sigma uMRED=0.0151958876 uER=0.226562 uMAE=8.8438 WCE=192 bias=6.8750
[quad_hard_ste:03400] loss=22.419819 tau=6.00 collapse_w=0.000 mid_frac=0.018 hard=score=0.0240067529 wNMSE=0.0019230082 wMSE=146.4955 wMRED=0.09720621 wER=0.165926 wMAE=3.4614 wBias=-0.4083 condBias=6.5084 dotDrift=-2.159sigma uMRED=0.0095349028 uER=0.226562 uMAE=5.3750 WCE=104 bias=-1.1250
[quad_hard_ste:03600] loss=22.419819 tau=6.00 collapse_w=0.000 mid_frac=0.018 hard=score=0.0240067529 wNMSE=0.0019230082 wMSE=146.4955 wMRED=0.09720621 wER=0.165926 wMAE=3.4614 wBias=-0.4083 condBias=6.5084 dotDrift=-2.159sigma uMRED=0.0095349028 uER=0.226562 uMAE=5.3750 WCE=104 bias=-1.1250
[quad_hard_ste:03800] loss=22.419819 tau=6.00 collapse_w=0.000 mid_frac=0.009 hard=score=0.7936806844 wNMSE=0.0074824175 wMSE=570.0132 wMRED=0.12124049 wER=0.165926 wMAE=5.1157 wBias=3.7102 condBias=11.9856 dotDrift=+9.946sigma uMRED=0.0151958876 uER=0.226562 uMAE=8.8438 WCE=192 bias=6.8750
[quad_hard_ste:03999] loss=22.419819 tau=6.00 collapse_w=0.000 mid_frac=0.018 hard=score=0.0240067529 wNMSE=0.0019230082 wMSE=146.4955 wMRED=0.09720621 wER=0.165926 wMAE=3.4614 wBias=-0.4083 condBias=6.5084 dotDrift=-2.159sigma uMRED=0.0095349028 uER=0.226562 uMAE=5.3750 WCE=104 bias=-1.1250
[pop00_soft:00000] loss=15.849968 tau=1.50 collapse_w=0.000 mid_frac=0.402 hard=score=515.9755908980 wNMSE=0.98285132 wMSE=74873.9632 wMRED=6.41811765 wER=0.432864 wMAE=109.1707 wBias=96.9175 condBias=190.3910 dotDrift=+22.668sigma uMRED=0.1921330376 uER=0.431641 uMAE=74.3340 WCE=862 bias=49.6875
[pop00_soft:00200] loss=94.394264 tau=2.25 collapse_w=0.000 mid_frac=0.304 hard=score=5.0194141563 wNMSE=0.032008916 wMSE=2438.4506 wMRED=1.12581557 wER=0.411183 wMAE=20.9108 wBias=-9.4727 condBias=22.7210 dotDrift=-12.277sigma uMRED=0.0783239651 uER=0.433594 uMAE=51.4004 WCE=372 bias=-3.1875
[pop00_soft:00400] loss=83.147652 tau=3.00 collapse_w=0.000 mid_frac=0.223 hard=score=1.7674427395 wNMSE=0.017612308 wMSE=1341.7119 wMRED=0.44080795 wER=0.378635 wMAE=14.0891 wBias=-5.5524 condBias=17.1892 dotDrift=-9.701sigma uMRED=0.0500185295 uER=0.424805 uMAE=33.6484 WCE=360 bias=-2.4375
[pop00_soft:00600] loss=38.238853 tau=3.75 collapse_w=0.000 mid_frac=0.241 hard=score=0.1373130274 wNMSE=0.014256843 wMSE=1086.0914 wMRED=0.64932358 wER=0.378849 wMAE=15.1060 wBias=0.7844 condBias=16.6325 dotDrift=+1.523sigma uMRED=0.0412700727 uER=0.427734 uMAE=23.1484 WCE=192 bias=-4.1250
[pop00_soft:00800] loss=37.782475 tau=4.50 collapse_w=0.084 mid_frac=0.214 hard=score=0.8118070302 wNMSE=0.01088458 wMSE=829.1912 wMRED=0.60392247 wER=0.348525 wMAE=12.9248 wBias=3.7001 condBias=14.1470 dotDrift=+8.224sigma uMRED=0.0350755982 uER=0.418945 uMAE=19.6484 WCE=192 bias=0.3750
[pop00_soft:01000] loss=37.570587 tau=5.25 collapse_w=0.293 mid_frac=0.196 hard=score=1.0303301767 wNMSE=0.010828597 wMSE=824.9263 wMRED=0.58679916 wER=0.322334 wMAE=12.6274 wBias=4.2132 condBias=14.1405 dotDrift=+9.388sigma uMRED=0.0345167396 uER=0.401367 uMAE=19.3828 WCE=192 bias=0.8750
[pop00_soft:01199] loss=37.533421 tau=6.00 collapse_w=0.500 mid_frac=0.196 hard=score=1.0303301767 wNMSE=0.010828597 wMSE=824.9263 wMRED=0.58679916 wER=0.322334 wMAE=12.6274 wBias=4.2132 condBias=14.1405 dotDrift=+9.388sigma uMRED=0.0345167396 uER=0.401367 uMAE=19.3828 WCE=192 bias=0.8750
[pop00_hard:00000] loss=16.101292 tau=6.00 collapse_w=0.000 mid_frac=0.196 hard=score=1.0303301767 wNMSE=0.010828597 wMSE=824.9263 wMRED=0.58679916 wER=0.322334 wMAE=12.6274 wBias=4.2132 condBias=14.1405 dotDrift=+9.388sigma uMRED=0.0345167396 uER=0.401367 uMAE=19.3828 WCE=192 bias=0.8750
[pop00_hard:00200] loss=20.316109 tau=6.00 collapse_w=0.000 mid_frac=0.188 hard=score=0.2200665187 wNMSE=0.013819559 wMSE=1052.7789 wMRED=0.61063739 wER=0.324984 wMAE=14.3490 wBias=1.4844 condBias=16.3283 dotDrift=+2.928sigma uMRED=0.0400453797 uER=0.407227 uMAE=22.6016 WCE=192 bias=-3.3750
[pop00_hard:00400] loss=34.779083 tau=6.00 collapse_w=0.000 mid_frac=0.143 hard=score=2.9421953977 wNMSE=0.01020293 wMSE=777.2628 wMRED=0.36193957 wER=0.321044 wMAE=10.8278 wBias=-7.2966 condBias=14.0503 dotDrift=-16.750sigma uMRED=0.0310527225 uER=0.392578 uMAE=19.1094 WCE=190 bias=-7.3750
[pop00_hard:00599] loss=28.557028 tau=6.00 collapse_w=0.000 mid_frac=0.125 hard=score=2.6108032160 wNMSE=0.010368379 wMSE=789.8668 wMRED=0.36255078 wER=0.324193 wMAE=10.8864 wBias=-6.8590 condBias=14.1724 dotDrift=-15.619sigma uMRED=0.0333445036 uER=0.401367 uMAE=21.1484 WCE=190 bias=-1.2500
[pop00] done (conf=0.53, noise=0.5); global best score=0.0309867233 wNMSE=0.0024237404 wMSE=184.6414 wMRED=0.15885366 wER=0.155645 wMAE=3.9358 wBias=-0.4356 condBias=7.7916 dotDrift=-2.051sigma uMRED=0.0105226322 uER=0.191406 uMAE=5.6250 WCE=80 bias=0.0000
[pop01_soft:00000] loss=11.923850 tau=1.50 collapse_w=0.000 mid_frac=0.491 hard=score=47.6314657549 wNMSE=0.45507041 wMSE=34667.4257 wMRED=5.74768454 wER=0.437165 wMAE=67.6603 wBias=28.9687 condBias=84.7104 dotDrift=+9.957sigma uMRED=0.1679548983 uER=0.437500 uMAE=72.1035 WCE=3876 bias=49.8125
[pop01_soft:00200] loss=76.064766 tau=2.25 collapse_w=0.000 mid_frac=0.455 hard=score=6.0901586579 wNMSE=0.092141845 wMSE=7019.3986 wMRED=2.24357058 wER=0.429328 wMAE=45.6128 wBias=9.5658 condBias=58.7222 dotDrift=+7.307sigma uMRED=0.0977998306 uER=0.434570 uMAE=50.9160 WCE=397 bias=-23.1250
[pop01_soft:00400] loss=73.764931 tau=3.00 collapse_w=0.000 mid_frac=0.402 hard=score=0.4129470850 wNMSE=0.022583197 wMSE=1720.3960 wMRED=0.49785694 wER=0.388088 wMAE=15.9931 wBias=-2.1441 condBias=22.3796 dotDrift=-3.308sigma uMRED=0.0663957375 uER=0.428711 uMAE=45.2461 WCE=388 bias=-28.4375
[pop01_soft:00600] loss=68.471649 tau=3.75 collapse_w=0.000 mid_frac=0.321 hard=score=0.2225170474 wNMSE=0.025156031 wMSE=1916.3954 wMRED=0.51654108 wER=0.378987 wMAE=16.2977 wBias=-0.8380 condBias=23.8355 dotDrift=-1.225sigma uMRED=0.0715755730 uER=0.430664 uMAE=49.0352 WCE=386 bias=-13.1875
[pop01_soft:00800] loss=39.549656 tau=4.50 collapse_w=0.084 mid_frac=0.295 hard=score=0.3931423186 wNMSE=0.020510763 wMSE=1562.5172 wMRED=0.50739929 wER=0.378987 wMAE=15.2799 wBias=-2.1077 condBias=21.7186 dotDrift=-3.413sigma uMRED=0.0614762168 uER=0.430664 uMAE=41.0508 WCE=386 bias=-21.5625
[pop01_soft:01000] loss=39.397110 tau=5.25 collapse_w=0.293 mid_frac=0.286 hard=score=0.3099543444 wNMSE=0.020269921 wMSE=1544.1698 wMRED=0.49638416 wER=0.378987 wMAE=15.0271 wBias=-1.7134 condBias=21.5725 dotDrift=-2.791sigma uMRED=0.0609460480 uER=0.430664 uMAE=40.8008 WCE=386 bias=-21.0625
[pop01_soft:01199] loss=39.325687 tau=6.00 collapse_w=0.500 mid_frac=0.277 hard=score=0.2510258249 wNMSE=0.019863015 wMSE=1513.1715 wMRED=0.49182499 wER=0.378987 wMAE=14.7152 wBias=-1.4015 condBias=21.0455 dotDrift=-2.306sigma uMRED=0.0601530416 uER=0.430664 uMAE=40.3008 WCE=386 bias=-20.5625
[pop01_hard:00000] loss=76.929504 tau=6.00 collapse_w=0.000 mid_frac=0.277 hard=score=0.2510258249 wNMSE=0.019863015 wMSE=1513.1715 wMRED=0.49182499 wER=0.378987 wMAE=14.7152 wBias=-1.4015 condBias=21.0455 dotDrift=-2.306sigma uMRED=0.0601530416 uER=0.430664 uMAE=40.3008 WCE=386 bias=-20.5625
[pop01_hard:00200] loss=26.212233 tau=6.00 collapse_w=0.000 mid_frac=0.259 hard=score=0.3256623190 wNMSE=0.015056831 wMSE=1147.0348 wMRED=0.45663607 wER=0.378987 wMAE=12.5580 wBias=1.9965 condBias=17.8003 dotDrift=+3.773sigma uMRED=0.0511033069 uER=0.430664 uMAE=34.9238 WCE=326 bias=-0.5625
[pop01_hard:00400] loss=52.582802 tau=6.00 collapse_w=0.000 mid_frac=0.259 hard=score=4.6266821393 wNMSE=0.02956919 wMSE=2252.5914 wMRED=1.06343581 wER=0.378987 wMAE=21.1039 wBias=-9.0188 condBias=22.7847 dotDrift=-12.161sigma uMRED=0.0633314522 uER=0.430664 uMAE=36.7520 WCE=326 bias=-2.5625
[pop01_hard:00599] loss=43.904949 tau=6.00 collapse_w=0.000 mid_frac=0.232 hard=score=4.0692576375 wNMSE=0.027002375 wMSE=2057.0505 wMRED=1.05803413 wER=0.378987 wMAE=20.5243 wBias=-8.4392 condBias=22.7933 dotDrift=-11.908sigma uMRED=0.0581599935 uER=0.430664 uMAE=32.7520 WCE=288 bias=1.4375
[pop01] done (conf=0.51, noise=1.0); global best score=0.0309867233 wNMSE=0.0024237404 wMSE=184.6414 wMRED=0.15885366 wER=0.155645 wMAE=3.9358 wBias=-0.4356 condBias=7.7916 dotDrift=-2.051sigma uMRED=0.0105226322 uER=0.191406 uMAE=5.6250 WCE=80 bias=0.0000
[pop02_soft:00000] loss=11.253587 tau=1.50 collapse_w=0.000 mid_frac=0.339 hard=score=161.9254073314 wNMSE=0.43033903 wMSE=32783.3804 wMRED=4.66044832 wER=0.418351 wMAE=81.8312 wBias=54.1920 condBias=102.4134 dotDrift=+19.155sigma uMRED=0.1592115663 uER=0.424805 uMAE=67.2383 WCE=576 bias=22.1250
[pop02_soft:00200] loss=63.701244 tau=2.25 collapse_w=0.000 mid_frac=0.330 hard=score=36.9075343724 wNMSE=0.078690685 wMSE=5994.6844 wMRED=2.09024935 wER=0.412310 wMAE=34.6415 wBias=-25.9392 condBias=45.0809 dotDrift=-21.441sigma uMRED=0.0953680409 uER=0.434570 uMAE=48.7500 WCE=540 bias=-31.3125
[pop02_soft:00400] loss=56.188637 tau=3.00 collapse_w=0.000 mid_frac=0.295 hard=score=0.3927087999 wNMSE=0.018260875 wMSE=1391.1200 wMRED=0.39951636 wER=0.378849 wMAE=13.2744 wBias=-2.2553 condBias=18.7896 dotDrift=-3.870sigma uMRED=0.0474163584 uER=0.427734 uMAE=30.7852 WCE=342 bias=-9.9375
[pop02_soft:00600] loss=37.893406 tau=3.75 collapse_w=0.000 mid_frac=0.286 hard=score=0.1257607267 wNMSE=0.017985163 wMSE=1370.1161 wMRED=0.39750496 wER=0.378849 wMAE=12.8453 wBias=-0.4327 condBias=18.5380 dotDrift=-0.748sigma uMRED=0.0462616000 uER=0.427734 uMAE=29.9375 WCE=326 bias=-7.8750
[pop02_soft:00800] loss=37.609901 tau=4.50 collapse_w=0.084 mid_frac=0.250 hard=score=0.1468951446 wNMSE=0.013143686 wMSE=1001.2907 wMRED=0.36611687 wER=0.362659 wMAE=11.5282 wBias=-1.0452 condBias=16.1160 dotDrift=-2.114sigma uMRED=0.0422720450 uER=0.424805 uMAE=27.5781 WCE=318 bias=-9.3750
[pop02_soft:01000] loss=37.590790 tau=5.25 collapse_w=0.293 mid_frac=0.250 hard=score=0.1263265641 wNMSE=0.013083234 wMSE=996.6854 wMRED=0.36092533 wER=0.348525 wMAE=11.3492 wBias=-0.8485 condBias=16.0569 dotDrift=-1.720sigma uMRED=0.0419265640 uER=0.418945 uMAE=27.3594 WCE=318 bias=-9.1250
[pop02_soft:01199] loss=37.570801 tau=6.00 collapse_w=0.500 mid_frac=0.259 hard=score=0.1263265641 wNMSE=0.013083234 wMSE=996.6854 wMRED=0.36092533 wER=0.348525 wMAE=11.3492 wBias=-0.8485 condBias=16.0569 dotDrift=-1.720sigma uMRED=0.0419265640 uER=0.418945 uMAE=27.3594 WCE=318 bias=-9.1250
[pop02_hard:00000] loss=36.581779 tau=6.00 collapse_w=0.000 mid_frac=0.259 hard=score=0.1263265641 wNMSE=0.013083234 wMSE=996.6854 wMRED=0.36092533 wER=0.348525 wMAE=11.3492 wBias=-0.8485 condBias=16.0569 dotDrift=-1.720sigma uMRED=0.0419265640 uER=0.418945 uMAE=27.3594 WCE=318 bias=-9.1250
[pop02_hard:00200] loss=14.458180 tau=6.00 collapse_w=0.000 mid_frac=0.241 hard=score=0.3178118906 wNMSE=0.0094483592 wMSE=719.7794 wMRED=0.33800149 wER=0.348525 wMAE=9.7901 wBias=2.1655 condBias=13.6916 dotDrift=+5.166sigma uMRED=0.0350625267 uER=0.418945 uMAE=23.0156 WCE=254 bias=0.8750
[pop02_hard:00400] loss=38.868595 tau=6.00 collapse_w=0.000 mid_frac=0.214 hard=score=4.0555688874 wNMSE=0.025293211 wMSE=1926.8458 wMRED=1.00132616 wER=0.348525 wMAE=19.0042 wBias=-8.4475 condBias=20.5822 dotDrift=-12.316sigma uMRED=0.0498572587 uER=0.418945 uMAE=26.3125 WCE=254 bias=-2.1250
[pop02_hard:00599] loss=34.022442 tau=6.00 collapse_w=0.000 mid_frac=0.161 hard=score=3.4768376980 wNMSE=0.023659214 wMSE=1802.3674 wMRED=0.99534555 wER=0.347821 wMAE=18.3523 wBias=-7.7956 condBias=19.7863 dotDrift=-11.752sigma uMRED=0.0441088485 uER=0.416016 uMAE=21.8125 WCE=208 bias=2.3750
[pop02] done (conf=0.53, noise=0.5); global best score=0.0309867233 wNMSE=0.0024237404 wMSE=184.6414 wMRED=0.15885366 wER=0.155645 wMAE=3.9358 wBias=-0.4356 condBias=7.7916 dotDrift=-2.051sigma uMRED=0.0105226322 uER=0.191406 uMAE=5.6250 WCE=80 bias=0.0000
[pop03_soft:00000] loss=9.454011 tau=1.50 collapse_w=0.000 mid_frac=0.312 hard=score=78.0892009885 wNMSE=0.65868889 wMSE=50179.1541 wMRED=7.59623829 wER=0.437165 wMAE=123.0409 wBias=36.7700 condBias=127.0185 dotDrift=+10.505sigma uMRED=0.2421065858 uER=0.437500 uMAE=94.1719 WCE=629 bias=15.3750
[pop03_soft:00200] loss=83.257034 tau=2.25 collapse_w=0.000 mid_frac=0.312 hard=score=33.4094594457 wNMSE=0.31329289 wMSE=23866.7637 wMRED=5.24506583 wER=0.437165 wMAE=78.8148 wBias=-23.9303 condBias=89.6837 dotDrift=-9.914sigma uMRED=0.1805428660 uER=0.437500 uMAE=76.2363 WCE=567 bias=6.6250
[pop03_soft:00400] loss=96.755768 tau=3.00 collapse_w=0.000 mid_frac=0.348 hard=score=1.1487512931 wNMSE=0.025528998 wMSE=1944.8082 wMRED=1.09913564 wER=0.420133 wMAE=22.1246 wBias=-4.0590 condBias=22.4502 dotDrift=-5.891sigma uMRED=0.0598789156 uER=0.431641 uMAE=34.8516 WCE=310 bias=-14.3750
[pop03_soft:00600] loss=84.967743 tau=3.75 collapse_w=0.000 mid_frac=0.286 hard=score=6.3460404554 wNMSE=0.023718563 wMSE=1806.8885 wMRED=0.95598447 wER=0.395142 wMAE=20.1034 wBias=-10.7055 condBias=21.0765 dotDrift=-16.118sigma uMRED=0.0590429181 uER=0.428711 uMAE=34.8906 WCE=280 bias=-15.6250
[pop03_soft:00800] loss=81.023239 tau=4.50 collapse_w=0.084 mid_frac=0.286 hard=score=4.8203479982 wNMSE=0.020612241 wMSE=1570.2479 wMRED=0.85788337 wER=0.395142 wMAE=18.7707 wBias=-9.3146 condBias=18.2931 dotDrift=-15.044sigma uMRED=0.0569256021 uER=0.428711 uMAE=34.4375 WCE=280 bias=-15.1250
[pop03_soft:01000] loss=80.693695 tau=5.25 collapse_w=0.293 mid_frac=0.286 hard=score=4.8203479982 wNMSE=0.020612241 wMSE=1570.2479 wMRED=0.85788337 wER=0.395142 wMAE=18.7707 wBias=-9.3146 condBias=18.2931 dotDrift=-15.044sigma uMRED=0.0569256021 uER=0.428711 uMAE=34.4375 WCE=280 bias=-15.1250
[pop03_soft:01199] loss=80.522469 tau=6.00 collapse_w=0.500 mid_frac=0.277 hard=score=4.8203479982 wNMSE=0.020612241 wMSE=1570.2479 wMRED=0.85788337 wER=0.395142 wMAE=18.7707 wBias=-9.3146 condBias=18.2931 dotDrift=-15.044sigma uMRED=0.0569256021 uER=0.428711 uMAE=34.4375 WCE=280 bias=-15.1250
[pop03_hard:00000] loss=109.732079 tau=6.00 collapse_w=0.000 mid_frac=0.277 hard=score=4.8203479982 wNMSE=0.020612241 wMSE=1570.2479 wMRED=0.85788337 wER=0.395142 wMAE=18.7707 wBias=-9.3146 condBias=18.2931 dotDrift=-15.044sigma uMRED=0.0569256021 uER=0.428711 uMAE=34.4375 WCE=280 bias=-15.1250
[pop03_hard:00200] loss=70.379936 tau=6.00 collapse_w=0.000 mid_frac=0.232 hard=score=1.8220821499 wNMSE=0.017049037 wMSE=1298.8017 wMRED=0.83008896 wER=0.395983 wMAE=17.1388 wBias=-5.5905 condBias=16.1003 dotDrift=-9.928sigma uMRED=0.0517312728 uER=0.431641 uMAE=31.1836 WCE=309 bias=-2.1250
[pop03_hard:00400] loss=77.497009 tau=6.00 collapse_w=0.000 mid_frac=0.241 hard=score=2.1269619282 wNMSE=0.01635262 wMSE=1245.7484 wMRED=0.82794092 wER=0.395983 wMAE=16.9562 wBias=-6.0889 condBias=16.1886 dotDrift=-11.041sigma uMRED=0.0493016776 uER=0.431641 uMAE=29.6211 WCE=224 bias=-6.1250
[pop03_hard:00599] loss=30.590912 tau=6.00 collapse_w=0.000 mid_frac=0.223 hard=score=1.6052211072 wNMSE=0.015818513 wMSE=1205.0600 wMRED=0.82729154 wER=0.362093 wMAE=16.6389 wBias=-5.2463 condBias=15.1612 dotDrift=-9.672sigma uMRED=0.0464892586 uER=0.424805 uMAE=27.3848 WCE=224 bias=-3.1875
[pop03] done (conf=0.51, noise=1.0); global best score=0.0309867233 wNMSE=0.0024237404 wMSE=184.6414 wMRED=0.15885366 wER=0.155645 wMAE=3.9358 wBias=-0.4356 condBias=7.7916 dotDrift=-2.051sigma uMRED=0.0105226322 uER=0.191406 uMAE=5.6250 WCE=80 bias=0.0000
[pop04_soft:00000] loss=15.411657 tau=1.50 collapse_w=0.000 mid_frac=0.357 hard=score=188.5135714491 wNMSE=1.5732199 wMSE=119848.4513 wMRED=10.98720206 wER=0.437165 wMAE=166.0857 wBias=57.3099 condBias=178.8741 dotDrift=+10.595sigma uMRED=0.2821907718 uER=0.437500 uMAE=85.8848 WCE=942 bias=22.1875
[pop04_soft:00200] loss=104.868561 tau=2.25 collapse_w=0.000 mid_frac=0.295 hard=score=66.7118282831 wNMSE=0.45458114 wMSE=34630.1531 wMRED=6.16100664 wER=0.395756 wMAE=88.3330 wBias=-34.3032 condBias=97.9122 dotDrift=-11.797sigma uMRED=0.1825912906 uER=0.428711 uMAE=66.1836 WCE=621 bias=-41.6875
[pop04_soft:00400] loss=59.954712 tau=3.00 collapse_w=0.000 mid_frac=0.250 hard=score=0.4012118343 wNMSE=0.022732447 wMSE=1731.7659 wMRED=0.59271846 wER=0.362797 wMAE=16.8464 wBias=-2.1125 condBias=21.4647 dotDrift=-3.249sigma uMRED=0.0620759389 uER=0.427734 uMAE=40.6172 WCE=412 bias=-13.1250
[pop04_soft:00600] loss=37.875332 tau=3.75 collapse_w=0.000 mid_frac=0.232 hard=score=0.1726182098 wNMSE=0.021917696 wMSE=1669.6979 wMRED=0.53301567 wER=0.330998 wMAE=15.7104 wBias=-0.5541 condBias=21.5686 dotDrift=-0.868sigma uMRED=0.0584480690 uER=0.410156 uMAE=38.1445 WCE=374 bias=-14.8750
[pop04_soft:00800] loss=37.584488 tau=4.50 collapse_w=0.084 mid_frac=0.223 hard=score=0.1518586079 wNMSE=0.021518575 wMSE=1639.2927 wMRED=0.52041183 wER=0.330998 wMAE=15.3960 wBias=-0.1383 condBias=21.0805 dotDrift=-0.219sigma uMRED=0.0569549636 uER=0.410156 uMAE=36.9805 WCE=374 bias=-13.6250
[pop04_soft:01000] loss=37.563068 tau=5.25 collapse_w=0.293 mid_frac=0.232 hard=score=0.2330659833 wNMSE=0.020773713 wMSE=1582.5488 wMRED=0.42011091 wER=0.326144 wMAE=13.8857 wBias=-1.2720 condBias=20.9922 dotDrift=-2.046sigma uMRED=0.0545973348 uER=0.398438 uMAE=36.2539 WCE=374 bias=-13.6250
[pop04_soft:01199] loss=37.542877 tau=6.00 collapse_w=0.500 mid_frac=0.241 hard=score=0.2123394369 wNMSE=0.020715927 wMSE=1578.1467 wMRED=0.41780289 wER=0.326144 wMAE=13.7533 wBias=-1.1112 condBias=20.9732 dotDrift=-1.790sigma uMRED=0.0543606639 uER=0.398438 uMAE=36.0664 WCE=374 bias=-13.3750
[pop04_hard:00000] loss=58.998657 tau=6.00 collapse_w=0.000 mid_frac=0.241 hard=score=0.2123394369 wNMSE=0.020715927 wMSE=1578.1467 wMRED=0.41780289 wER=0.326144 wMAE=13.7533 wBias=-1.1112 condBias=20.9732 dotDrift=-1.790sigma uMRED=0.0543606639 uER=0.398438 uMAE=36.0664 WCE=374 bias=-13.3750
[pop04_hard:00200] loss=38.913059 tau=6.00 collapse_w=0.000 mid_frac=0.205 hard=score=0.1609845820 wNMSE=0.021007718 wMSE=1600.3755 wMRED=0.42028829 wER=0.326936 wMAE=14.0936 wBias=-0.4853 condBias=21.1662 dotDrift=-0.776sigma uMRED=0.0591644044 uER=0.404297 uMAE=40.1406 WCE=310 bias=-4.3750
[pop04_hard:00400] loss=36.484341 tau=6.00 collapse_w=0.000 mid_frac=0.205 hard=score=0.1829403265 wNMSE=0.023990337 wMSE=1827.5924 wMRED=0.52388452 wER=0.326936 wMAE=15.6137 wBias=0.5709 condBias=20.6535 dotDrift=+0.855sigma uMRED=0.0614844191 uER=0.404297 uMAE=41.1328 WCE=310 bias=2.3750
[pop04_hard:00599] loss=64.645630 tau=6.00 collapse_w=0.000 mid_frac=0.214 hard=score=1.2997013574 wNMSE=0.020570989 wMSE=1567.1053 wMRED=0.51193087 wER=0.326936 wMAE=14.6345 wBias=-4.6410 condBias=20.2889 dotDrift=-7.503sigma uMRED=0.0554726685 uER=0.404297 uMAE=36.1484 WCE=310 bias=-9.6250
[pop04] done (conf=0.53, noise=0.5); global best score=0.0309867233 wNMSE=0.0024237404 wMSE=184.6414 wMRED=0.15885366 wER=0.155645 wMAE=3.9358 wBias=-0.4356 condBias=7.7916 dotDrift=-2.051sigma uMRED=0.0105226322 uER=0.191406 uMAE=5.6250 WCE=80 bias=0.0000
[pop05_soft:00000] loss=17.159903 tau=1.50 collapse_w=0.000 mid_frac=0.402 hard=score=468.7076252793 wNMSE=1.8881944 wMSE=143843.3229 wMRED=11.95867391 wER=0.429605 wMAE=186.8257 wBias=91.7928 condBias=207.1676 dotDrift=+15.490sigma uMRED=0.3172602318 uER=0.430664 uMAE=99.2109 WCE=1136 bias=34.9375
[pop05_soft:00200] loss=183.351624 tau=2.25 collapse_w=0.000 mid_frac=0.429 hard=score=120.5366171728 wNMSE=1.5965976 wMSE=121629.3760 wMRED=11.40129111 wER=0.412310 wMAE=171.8953 wBias=44.6871 condBias=182.3566 dotDrift=+8.201sigma uMRED=0.2997461289 uER=0.434570 uMAE=92.4570 WCE=896 bias=7.7500
[pop05_soft:00400] loss=157.577774 tau=3.00 collapse_w=0.000 mid_frac=0.384 hard=score=24.3755020616 wNMSE=0.086880789 wMSE=6618.6094 wMRED=2.23499897 wER=0.372279 wMAE=31.7575 wBias=-20.9404 condBias=43.0912 dotDrift=-16.473sigma uMRED=0.0837474028 uER=0.424805 uMAE=38.0703 WCE=320 bias=-1.8750
[pop05_soft:00600] loss=126.312553 tau=3.75 collapse_w=0.000 mid_frac=0.366 hard=score=71.0050083382 wNMSE=0.27748922 wMSE=21139.2278 wMRED=3.99835996 wER=0.412173 wMAE=57.8424 wBias=-35.6985 condBias=80.1495 dotDrift=-15.714sigma uMRED=0.1274039184 uER=0.434570 uMAE=51.6152 WCE=520 bias=-21.0625
[pop05_soft:00800] loss=68.745232 tau=4.50 collapse_w=0.084 mid_frac=0.375 hard=score=0.8103338003 wNMSE=0.01769596 wMSE=1348.0845 wMRED=0.63118141 wER=0.378008 wMAE=15.8375 wBias=3.5669 condBias=18.8966 dotDrift=+6.217sigma uMRED=0.0549821911 uER=0.424805 uMAE=36.0547 WCE=266 bias=-6.4375
[pop05_soft:01000] loss=66.530281 tau=5.25 collapse_w=0.293 mid_frac=0.348 hard=score=0.4609985012 wNMSE=0.013406041 wMSE=1021.2770 wMRED=0.38796225 wER=0.374658 wMAE=11.9039 wBias=-2.6562 condBias=15.0241 dotDrift=-5.320sigma uMRED=0.0485943749 uER=0.421875 uMAE=34.5234 WCE=266 bias=-9.4375
[pop05_soft:01199] loss=66.397118 tau=6.00 collapse_w=0.500 mid_frac=0.339 hard=score=0.4609985012 wNMSE=0.013406041 wMSE=1021.2770 wMRED=0.38796225 wER=0.374658 wMAE=11.9039 wBias=-2.6562 condBias=15.0241 dotDrift=-5.320sigma uMRED=0.0485943749 uER=0.421875 uMAE=34.5234 WCE=266 bias=-9.4375
[pop05_hard:00000] loss=43.425491 tau=6.00 collapse_w=0.000 mid_frac=0.339 hard=score=0.4609985012 wNMSE=0.013406041 wMSE=1021.2770 wMRED=0.38796225 wER=0.374658 wMAE=11.9039 wBias=-2.6562 condBias=15.0241 dotDrift=-5.320sigma uMRED=0.0485943749 uER=0.421875 uMAE=34.5234 WCE=266 bias=-9.4375
[pop05_hard:00200] loss=16.670975 tau=6.00 collapse_w=0.000 mid_frac=0.321 hard=score=0.1775261488 wNMSE=0.010776243 wMSE=820.9380 wMRED=0.38151521 wER=0.374930 wMAE=11.1816 wBias=-1.4247 condBias=13.4341 dotDrift=-3.182sigma uMRED=0.0415393978 uER=0.424805 uMAE=28.9766 WCE=200 bias=-0.9375
[pop05_hard:00400] loss=14.892695 tau=6.00 collapse_w=0.000 mid_frac=0.321 hard=score=0.1321550788 wNMSE=0.010573077 wMSE=805.4608 wMRED=0.37695604 wER=0.374930 wMAE=10.8696 wBias=-1.1128 condBias=13.1966 dotDrift=-2.509sigma uMRED=0.0407463915 uER=0.424805 uMAE=28.4766 WCE=200 bias=-0.4375
[pop05_hard:00599] loss=24.588806 tau=6.00 collapse_w=0.000 mid_frac=0.312 hard=score=0.1180808890 wNMSE=0.010554645 wMSE=804.0566 wMRED=0.36960924 wER=0.374930 wMAE=10.7802 wBias=-0.9922 condBias=13.1930 dotDrift=-2.239sigma uMRED=0.0406113586 uER=0.424805 uMAE=28.4531 WCE=200 bias=-0.3125
[pop05] done (conf=0.51, noise=1.0); global best score=0.0309867233 wNMSE=0.0024237404 wMSE=184.6414 wMRED=0.15885366 wER=0.155645 wMAE=3.9358 wBias=-0.4356 condBias=7.7916 dotDrift=-2.051sigma uMRED=0.0105226322 uER=0.191406 uMAE=5.6250 WCE=80 bias=0.0000
[pop06_soft:00000] loss=12.628436 tau=1.50 collapse_w=0.000 mid_frac=0.384 hard=score=113.3833502590 wNMSE=1.0985663 wMSE=83689.1734 wMRED=14.39930984 wER=0.436925 wMAE=89.8800 wBias=44.7679 condBias=120.1049 dotDrift=+9.904sigma uMRED=0.3025440749 uER=0.434570 uMAE=90.9053 WCE=3920 bias=39.7500
[pop06_soft:00200] loss=63.550720 tau=2.25 collapse_w=0.000 mid_frac=0.348 hard=score=39.4048227959 wNMSE=0.059500011 wMSE=4532.7320 wMRED=1.67425732 wER=0.375491 wMAE=27.2837 wBias=-26.8372 condBias=48.3843 dotDrift=-25.512sigma uMRED=0.1029746585 uER=0.424805 uMAE=61.5293 WCE=576 bias=-60.3125
[pop06_soft:00400] loss=57.994900 tau=3.00 collapse_w=0.000 mid_frac=0.277 hard=score=1.5862389046 wNMSE=0.014449036 wMSE=1100.7327 wMRED=0.55532781 wER=0.338021 wMAE=11.8612 wBias=-5.2409 condBias=17.2206 dotDrift=-10.110sigma uMRED=0.0497829803 uER=0.414062 uMAE=33.4492 WCE=340 bias=-16.9375
[pop06_soft:00600] loss=37.740616 tau=3.75 collapse_w=0.000 mid_frac=0.241 hard=score=1.0381437411 wNMSE=0.012424188 wMSE=946.4791 wMRED=0.45460340 wER=0.338274 wMAE=10.5935 wBias=-4.1943 condBias=16.3794 dotDrift=-8.725sigma uMRED=0.0439924985 uER=0.406250 uMAE=29.2500 WCE=322 bias=-15.0000
[pop06_soft:00800] loss=37.487785 tau=4.50 collapse_w=0.084 mid_frac=0.241 hard=score=0.9189062489 wNMSE=0.012385908 wMSE=943.5629 wMRED=0.44341719 wER=0.338274 wMAE=10.4593 wBias=-3.9231 condBias=16.3236 dotDrift=-8.174sigma uMRED=0.0437447728 uER=0.406250 uMAE=29.1758 WCE=322 bias=-14.7500
[pop06_soft:01000] loss=37.468395 tau=5.25 collapse_w=0.293 mid_frac=0.223 hard=score=0.9189062489 wNMSE=0.012385908 wMSE=943.5629 wMRED=0.44341719 wER=0.338274 wMAE=10.4593 wBias=-3.9231 condBias=16.3236 dotDrift=-8.174sigma uMRED=0.0437447728 uER=0.406250 uMAE=29.1758 WCE=322 bias=-14.7500
[pop06_soft:01199] loss=37.446129 tau=6.00 collapse_w=0.500 mid_frac=0.214 hard=score=0.7879348352 wNMSE=0.012348802 wMSE=940.7361 wMRED=0.43996239 wER=0.338450 wMAE=10.3562 wBias=-3.6011 condBias=16.2904 dotDrift=-7.514sigma uMRED=0.0434768547 uER=0.409180 uMAE=29.0430 WCE=306 bias=-14.2500
[pop06_hard:00000] loss=54.939896 tau=6.00 collapse_w=0.000 mid_frac=0.214 hard=score=0.7879348352 wNMSE=0.012348802 wMSE=940.7361 wMRED=0.43996239 wER=0.338450 wMAE=10.3562 wBias=-3.6011 condBias=16.2904 dotDrift=-7.514sigma uMRED=0.0434768547 uER=0.409180 uMAE=29.0430 WCE=306 bias=-14.2500
[pop06_hard:00200] loss=54.445862 tau=6.00 collapse_w=0.000 mid_frac=0.179 hard=score=0.7361776610 wNMSE=0.012351023 wMSE=940.9053 wMRED=0.44006254 wER=0.338450 wMAE=10.4211 wBias=-3.4655 condBias=16.2749 dotDrift=-7.231sigma uMRED=0.0435018786 uER=0.409180 uMAE=29.0430 WCE=306 bias=-14.1250
[pop06_hard:00400] loss=18.985296 tau=6.00 collapse_w=0.000 mid_frac=0.125 hard=score=0.0698112773 wNMSE=0.0091560085 wMSE=697.5080 wMRED=0.35410744 wER=0.329640 wMAE=8.8797 wBias=0.2150 condBias=14.1361 dotDrift=+0.521sigma uMRED=0.0311952337 uER=0.398438 uMAE=19.1836 WCE=238 bias=-0.3750
[pop06_hard:00599] loss=18.985296 tau=6.00 collapse_w=0.000 mid_frac=0.116 hard=score=0.0803034818 wNMSE=0.0095542962 wMSE=727.8497 wMRED=0.35523466 wER=0.330225 wMAE=9.0865 wBias=0.4262 condBias=14.4913 dotDrift=+1.011sigma uMRED=0.0352126904 uER=0.410156 uMAE=23.1133 WCE=238 bias=3.6250
[pop06] done (conf=0.53, noise=0.5); global best score=0.0309867233 wNMSE=0.0024237404 wMSE=184.6414 wMRED=0.15885366 wER=0.155645 wMAE=3.9358 wBias=-0.4356 condBias=7.7916 dotDrift=-2.051sigma uMRED=0.0105226322 uER=0.191406 uMAE=5.6250 WCE=80 bias=0.0000
[pop07_soft:00000] loss=13.743151 tau=1.50 collapse_w=0.000 mid_frac=0.491 hard=score=173.3440610608 wNMSE=0.29687296 wMSE=22615.8877 wMRED=3.53289716 wER=0.437165 wMAE=76.1990 wBias=56.3083 condBias=89.3179 dotDrift=+23.963sigma uMRED=0.1925077502 uER=0.437500 uMAE=107.3008 WCE=811 bias=69.6875
[pop07_soft:00200] loss=61.851200 tau=2.25 collapse_w=0.000 mid_frac=0.357 hard=score=1.0062580369 wNMSE=0.070846825 wMSE=5397.1363 wMRED=1.99120487 wER=0.435204 wMAE=35.3708 wBias=-2.8558 condBias=41.9349 dotDrift=-2.488sigma uMRED=0.0941574169 uER=0.431641 uMAE=50.3535 WCE=697 bias=-34.5000
[pop07_soft:00400] loss=61.366199 tau=3.00 collapse_w=0.000 mid_frac=0.330 hard=score=8.9524158735 wNMSE=0.017720597 wMSE=1349.9614 wMRED=0.88741977 wER=0.412035 wMAE=17.4527 wBias=-12.8047 condBias=20.8393 dotDrift=-22.304sigma uMRED=0.0517025009 uER=0.431641 uMAE=30.4668 WCE=243 bias=-18.5625
[pop07_soft:00600] loss=66.559296 tau=3.75 collapse_w=0.000 mid_frac=0.357 hard=score=0.4852887214 wNMSE=0.011399415 wMSE=868.4115 wMRED=0.36900458 wER=0.412035 wMAE=11.4588 wBias=-2.8422 condBias=11.1906 dotDrift=-6.173sigma uMRED=0.0342416566 uER=0.431641 uMAE=22.5156 WCE=192 bias=-7.8125
[pop07_soft:00800] loss=66.268349 tau=4.50 collapse_w=0.084 mid_frac=0.321 hard=score=0.0395290839 wNMSE=0.0086790484 wMSE=661.1730 wMRED=0.33425437 wER=0.412035 wMAE=9.8000 wBias=-0.1971 condBias=8.9037 dotDrift=-0.491sigma uMRED=0.0309093194 uER=0.431641 uMAE=21.2832 WCE=192 bias=-5.3125
[pop07_soft:01000] loss=66.223648 tau=5.25 collapse_w=0.293 mid_frac=0.312 hard=score=0.0395290839 wNMSE=0.0086790484 wMSE=661.1730 wMRED=0.33425437 wER=0.412035 wMAE=9.8000 wBias=-0.1971 condBias=8.9037 dotDrift=-0.491sigma uMRED=0.0309093194 uER=0.431641 uMAE=21.2832 WCE=192 bias=-5.3125
[pop07_soft:01199] loss=66.194611 tau=6.00 collapse_w=0.500 mid_frac=0.312 hard=score=0.0417791647 wNMSE=0.0086272394 wMSE=657.2262 wMRED=0.33420215 wER=0.412035 wMAE=9.7691 wBias=0.3013 condBias=9.0101 dotDrift=+0.752sigma uMRED=0.0309673538 uER=0.431641 uMAE=21.1582 WCE=192 bias=-1.3125
[pop07_hard:00000] loss=48.101059 tau=6.00 collapse_w=0.000 mid_frac=0.304 hard=score=0.0471268786 wNMSE=0.0084574562 wMSE=644.2920 wMRED=0.33190681 wER=0.412035 wMAE=9.6430 wBias=0.4622 condBias=8.8461 dotDrift=+1.165sigma uMRED=0.0307504220 uER=0.431641 uMAE=21.0332 WCE=192 bias=-1.0625
[pop07_hard:00200] loss=50.809158 tau=6.00 collapse_w=0.000 mid_frac=0.268 hard=score=0.0580237393 wNMSE=0.0082980436 wMSE=632.1479 wMRED=0.33127581 wER=0.412035 wMAE=9.5519 wBias=0.6734 condBias=8.5205 dotDrift=+1.714sigma uMRED=0.0287046908 uER=0.431641 uMAE=19.3438 WCE=192 bias=2.9375
[pop07_hard:00400] loss=108.150925 tau=6.00 collapse_w=0.000 mid_frac=0.277 hard=score=3.3857096328 wNMSE=0.036027991 wMSE=2744.6252 wMRED=0.40475206 wER=0.412035 wMAE=13.6778 wBias=-7.5636 condBias=30.2034 dotDrift=-9.240sigma uMRED=0.0429711476 uER=0.431641 uMAE=26.8477 WCE=478 bias=-13.0625
[pop07_hard:00599] loss=50.809158 tau=6.00 collapse_w=0.000 mid_frac=0.286 hard=score=0.0580237393 wNMSE=0.0082980436 wMSE=632.1479 wMRED=0.33127581 wER=0.412035 wMAE=9.5519 wBias=0.6734 condBias=8.5205 dotDrift=+1.714sigma uMRED=0.0287046908 uER=0.431641 uMAE=19.3438 WCE=192 bias=2.9375
[pop07] done (conf=0.51, noise=1.0); global best score=0.0309867233 wNMSE=0.0024237404 wMSE=184.6414 wMRED=0.15885366 wER=0.155645 wMAE=3.9358 wBias=-0.4356 condBias=7.7916 dotDrift=-2.051sigma uMRED=0.0105226322 uER=0.191406 uMAE=5.6250 WCE=80 bias=0.0000
[pop08_soft:00000] loss=10.672391 tau=1.50 collapse_w=0.000 mid_frac=0.366 hard=score=58.1307659849 wNMSE=0.26843667 wMSE=20449.6013 wMRED=3.72471401 wER=0.434551 wMAE=54.8143 wBias=-32.2096 condBias=70.7924 dotDrift=-14.415sigma uMRED=0.1471907997 uER=0.436523 uMAE=71.0156 WCE=556 bias=19.0000
[pop08_soft:00200] loss=62.379780 tau=2.25 collapse_w=0.000 mid_frac=0.277 hard=score=34.0153517878 wNMSE=0.065776098 wMSE=5010.8466 wMRED=1.86518924 wER=0.405508 wMAE=30.4312 wBias=-24.9223 condBias=45.0143 dotDrift=-22.533sigma uMRED=0.0899284933 uER=0.428711 uMAE=48.2285 WCE=368 bias=-28.1875
[pop08_soft:00400] loss=79.813972 tau=3.00 collapse_w=0.000 mid_frac=0.241 hard=score=28.2403837890 wNMSE=0.073325206 wMSE=5585.9403 wMRED=1.96809856 wER=0.398039 wMAE=30.9279 wBias=-22.6027 condBias=46.2370 dotDrift=-19.355sigma uMRED=0.0983197247 uER=0.428711 uMAE=52.9629 WCE=450 bias=-28.4375
[pop08_soft:00600] loss=78.178879 tau=3.75 collapse_w=0.000 mid_frac=0.232 hard=score=8.4135401891 wNMSE=0.056817345 wMSE=4328.3656 wMRED=1.69725034 wER=0.381986 wMAE=29.5734 wBias=-12.1224 condBias=34.6753 dotDrift=-11.793sigma uMRED=0.0846151183 uER=0.425781 uMAE=45.5312 WCE=418 bias=-15.8125
[pop08_soft:00800] loss=41.467617 tau=4.50 collapse_w=0.084 mid_frac=0.223 hard=score=1.5586027434 wNMSE=0.030745621 wMSE=2342.2124 wMRED=1.17732041 wER=0.380602 wMAE=22.0130 wBias=-4.9098 condBias=21.7737 dotDrift=-6.493sigma uMRED=0.0668258124 uER=0.424805 uMAE=38.3105 WCE=354 bias=-11.3125
[pop08_soft:01000] loss=37.897125 tau=5.25 collapse_w=0.293 mid_frac=0.232 hard=score=0.1468893456 wNMSE=0.015851197 wMSE=1207.5498 wMRED=0.30222421 wER=0.337123 wMAE=10.2849 wBias=-0.7155 condBias=19.2087 dotDrift=-1.318sigma uMRED=0.0493818737 uER=0.412109 uMAE=34.9336 WCE=354 bias=-11.4375
[pop08_soft:01199] loss=37.693546 tau=6.00 collapse_w=0.500 mid_frac=0.205 hard=score=0.1468893456 wNMSE=0.015851197 wMSE=1207.5498 wMRED=0.30222421 wER=0.337123 wMAE=10.2849 wBias=-0.7155 condBias=19.2087 dotDrift=-1.318sigma uMRED=0.0493818737 uER=0.412109 uMAE=34.9336 WCE=354 bias=-11.4375
[pop08_hard:00000] loss=50.204243 tau=6.00 collapse_w=0.000 mid_frac=0.205 hard=score=0.1468893456 wNMSE=0.015851197 wMSE=1207.5498 wMRED=0.30222421 wER=0.337123 wMAE=10.2849 wBias=-0.7155 condBias=19.2087 dotDrift=-1.318sigma uMRED=0.0493818737 uER=0.412109 uMAE=34.9336 WCE=354 bias=-11.4375
[pop08_hard:00200] loss=34.425476 tau=6.00 collapse_w=0.000 mid_frac=0.179 hard=score=0.1205193646 wNMSE=0.016575561 wMSE=1262.7322 wMRED=0.29618750 wER=0.337123 wMAE=10.3818 wBias=0.0688 condBias=19.2171 dotDrift=+0.124sigma uMRED=0.0490141774 uER=0.412109 uMAE=34.9473 WCE=354 bias=-4.1875
[pop08_hard:00400] loss=23.037163 tau=6.00 collapse_w=0.000 mid_frac=0.152 hard=score=0.2141644770 wNMSE=0.015610072 wMSE=1189.1808 wMRED=0.32523567 wER=0.337123 wMAE=10.8823 wBias=1.3675 condBias=18.6471 dotDrift=+2.538sigma uMRED=0.0473880235 uER=0.412109 uMAE=33.1699 WCE=290 bias=-0.1875
[pop08_hard:00599] loss=36.720501 tau=6.00 collapse_w=0.000 mid_frac=0.143 hard=score=0.4285089984 wNMSE=0.0097053201 wMSE=739.3547 wMRED=0.29948435 wER=0.337123 wMAE=9.2071 wBias=-2.5758 condBias=13.7183 dotDrift=-6.063sigma uMRED=0.0409552695 uER=0.412109 uMAE=29.4863 WCE=290 bias=-7.9375
[pop08] done (conf=0.53, noise=0.5); global best score=0.0309867233 wNMSE=0.0024237404 wMSE=184.6414 wMRED=0.15885366 wER=0.155645 wMAE=3.9358 wBias=-0.4356 condBias=7.7916 dotDrift=-2.051sigma uMRED=0.0105226322 uER=0.191406 uMAE=5.6250 WCE=80 bias=0.0000
[pop09_soft:00000] loss=16.282330 tau=1.50 collapse_w=0.000 mid_frac=0.464 hard=score=481.6467085096 wNMSE=0.84495547 wMSE=64369.0085 wMRED=11.53295516 wER=0.437165 wMAE=110.8500 wBias=93.9373 condBias=166.2718 dotDrift=+23.696sigma uMRED=0.2626879879 uER=0.437500 uMAE=88.1719 WCE=3948 bias=62.5000
[pop09_soft:00200] loss=104.455963 tau=2.25 collapse_w=0.000 mid_frac=0.420 hard=score=51.5284170210 wNMSE=0.39132141 wMSE=29811.0047 wMRED=5.84933416 wER=0.433883 wMAE=87.7333 wBias=-29.9818 condBias=98.1704 dotDrift=-11.113sigma uMRED=0.1942558853 uER=0.431641 uMAE=79.5801 WCE=620 bias=-9.5625
[pop09_soft:00400] loss=91.139114 tau=3.00 collapse_w=0.000 mid_frac=0.384 hard=score=1.2760308136 wNMSE=0.023892912 wMSE=1820.1705 wMRED=0.62217779 wER=0.408753 wMAE=19.1401 wBias=4.6385 condBias=17.7529 dotDrift=+6.958sigma uMRED=0.0586218081 uER=0.425781 uMAE=37.9492 WCE=288 bias=-4.8125
[pop09_soft:00600] loss=86.273643 tau=3.75 collapse_w=0.000 mid_frac=0.304 hard=score=0.9023576366 wNMSE=0.020266499 wMSE=1543.9091 wMRED=0.73697095 wER=0.395261 wMAE=17.1683 wBias=3.7674 condBias=19.5492 dotDrift=+6.136sigma uMRED=0.0559806614 uER=0.425781 uMAE=34.0039 WCE=320 bias=-2.5000
[pop09_soft:00800] loss=66.921295 tau=4.50 collapse_w=0.084 mid_frac=0.241 hard=score=0.7139432059 wNMSE=0.020021875 wMSE=1525.2736 wMRED=0.73118005 wER=0.374867 wMAE=16.9408 wBias=3.2781 condBias=19.1803 dotDrift=+5.372sigma uMRED=0.0550908675 uER=0.418945 uMAE=33.6602 WCE=320 bias=-1.1250
[pop09_soft:01000] loss=66.452904 tau=5.25 collapse_w=0.293 mid_frac=0.241 hard=score=0.5460299910 wNMSE=0.019540742 wMSE=1488.6206 wMRED=0.73465708 wER=0.376670 wMAE=16.8910 wBias=2.7819 condBias=18.8738 dotDrift=+4.614sigma uMRED=0.0550564845 uER=0.421875 uMAE=33.6172 WCE=288 bias=-2.0000
[pop09_soft:01199] loss=66.360123 tau=6.00 collapse_w=0.500 mid_frac=0.223 hard=score=0.5460299910 wNMSE=0.019540742 wMSE=1488.6206 wMRED=0.73465708 wER=0.376670 wMAE=16.8910 wBias=2.7819 condBias=18.8738 dotDrift=+4.614sigma uMRED=0.0550564845 uER=0.421875 uMAE=33.6172 WCE=288 bias=-2.0000
[pop09_hard:00000] loss=30.516716 tau=6.00 collapse_w=0.000 mid_frac=0.223 hard=score=0.5460299910 wNMSE=0.019540742 wMSE=1488.6206 wMRED=0.73465708 wER=0.376670 wMAE=16.8910 wBias=2.7819 condBias=18.8738 dotDrift=+4.614sigma uMRED=0.0550564845 uER=0.421875 uMAE=33.6172 WCE=288 bias=-2.0000
[pop09_hard:00200] loss=30.332695 tau=6.00 collapse_w=0.000 mid_frac=0.223 hard=score=0.6096689686 wNMSE=0.019435134 wMSE=1480.5754 wMRED=0.73418760 wER=0.376670 wMAE=16.8346 wBias=2.9931 condBias=18.7339 dotDrift=+4.978sigma uMRED=0.0536645809 uER=0.421875 uMAE=32.6250 WCE=288 bias=2.0000
[pop09_hard:00400] loss=29.560242 tau=6.00 collapse_w=0.000 mid_frac=0.232 hard=score=0.2252086635 wNMSE=0.0182716 wMSE=1391.9370 wMRED=0.56354922 wER=0.376670 wMAE=15.7149 wBias=1.4250 condBias=18.1613 dotDrift=+2.444sigma uMRED=0.0527106545 uER=0.421875 uMAE=33.6172 WCE=288 bias=-3.0000
[pop09_hard:00599] loss=30.709143 tau=6.00 collapse_w=0.000 mid_frac=0.241 hard=score=1.1020680351 wNMSE=0.01920891 wMSE=1463.3416 wMRED=0.68275302 wER=0.374867 wMAE=17.4778 wBias=-4.2800 condBias=15.5987 dotDrift=-7.161sigma uMRED=0.0530623933 uER=0.418945 uMAE=33.0996 WCE=288 bias=-1.3750
[pop09] done (conf=0.51, noise=1.0); global best score=0.0309867233 wNMSE=0.0024237404 wMSE=184.6414 wMRED=0.15885366 wER=0.155645 wMAE=3.9358 wBias=-0.4356 condBias=7.7916 dotDrift=-2.051sigma uMRED=0.0105226322 uER=0.191406 uMAE=5.6250 WCE=80 bias=0.0000
[pop10_soft:00000] loss=9.473959 tau=1.50 collapse_w=0.000 mid_frac=0.375 hard=score=173.3347609881 wNMSE=0.94543168 wMSE=72023.3223 wMRED=8.19444744 wER=0.437165 wMAE=144.3163 wBias=55.4896 condBias=152.0462 dotDrift=+13.233sigma uMRED=0.2948119765 uER=0.437500 uMAE=124.4961 WCE=756 bias=9.1875
[pop10_soft:00200] loss=74.266327 tau=2.25 collapse_w=0.000 mid_frac=0.321 hard=score=47.2943283508 wNMSE=0.12645093 wMSE=9633.0766 wMRED=2.74077431 wER=0.405890 wMAE=40.8144 wBias=-29.1605 condBias=67.9027 dotDrift=-19.015sigma uMRED=0.0991004481 uER=0.422852 uMAE=44.4648 WCE=354 bias=-33.9375
[pop10_soft:00400] loss=88.148285 tau=3.00 collapse_w=0.000 mid_frac=0.268 hard=score=7.4543911127 wNMSE=0.067388777 wMSE=5133.7010 wMRED=2.09331276 wER=0.420750 wMAE=35.1170 wBias=-11.1455 condBias=44.9200 dotDrift=-9.956sigma uMRED=0.0853520553 uER=0.431641 uMAE=41.8027 WCE=326 bias=-26.0625
[pop10_soft:00600] loss=101.469147 tau=3.75 collapse_w=0.000 mid_frac=0.214 hard=score=16.8425218881 wNMSE=0.060110954 wMSE=4579.2739 wMRED=1.83425401 wER=0.398486 wMAE=28.6943 wBias=-17.3637 condBias=44.8914 dotDrift=-16.422sigma uMRED=0.0738643195 uER=0.427734 uMAE=36.4336 WCE=278 bias=-29.5000
[pop10_soft:00800] loss=100.983055 tau=4.50 collapse_w=0.084 mid_frac=0.196 hard=score=14.5723710844 wNMSE=0.058345461 wMSE=4444.7780 wMRED=1.81602092 wER=0.390355 wMAE=27.9039 wBias=-16.1245 condBias=42.8133 dotDrift=-15.479sigma uMRED=0.0699860660 uER=0.421875 uMAE=33.6699 WCE=262 bias=-26.2500
[pop10_soft:01000] loss=100.768044 tau=5.25 collapse_w=0.293 mid_frac=0.179 hard=score=8.2273083381 wNMSE=0.058729448 wMSE=4474.0303 wMRED=1.95559351 wER=0.411953 wMAE=30.4061 wBias=-11.8618 condBias=42.8419 dotDrift=-11.350sigma uMRED=0.0661405702 uER=0.425781 uMAE=28.4785 WCE=248 bias=-16.2500
[pop10_soft:01199] loss=100.595024 tau=6.00 collapse_w=0.500 mid_frac=0.170 hard=score=6.1128729340 wNMSE=0.060593252 wMSE=4616.0155 wMRED=2.05431937 wER=0.411953 wMAE=32.2507 wBias=-10.0173 condBias=43.7472 dotDrift=-9.436sigma uMRED=0.0683311433 uER=0.425781 uMAE=28.9785 WCE=248 bias=-15.7500
[pop10_hard:00000] loss=157.621536 tau=6.00 collapse_w=0.000 mid_frac=0.170 hard=score=6.1128729340 wNMSE=0.060593252 wMSE=4616.0155 wMRED=2.05431937 wER=0.411953 wMAE=32.2507 wBias=-10.0173 condBias=43.7472 dotDrift=-9.436sigma uMRED=0.0683311433 uER=0.425781 uMAE=28.9785 WCE=248 bias=-15.7500
[pop10_hard:00200] loss=135.801270 tau=6.00 collapse_w=0.000 mid_frac=0.161 hard=score=5.6511097135 wNMSE=0.059888197 wMSE=4562.3042 wMRED=2.05309828 wER=0.411953 wMAE=32.0409 wBias=-9.5939 condBias=43.0249 dotDrift=-9.090sigma uMRED=0.0641511249 uER=0.425781 uMAE=25.0645 WCE=248 bias=-7.7500
[pop10_hard:00400] loss=122.995071 tau=6.00 collapse_w=0.000 mid_frac=0.143 hard=score=3.6485915602 wNMSE=0.063376679 wMSE=4828.0580 wMRED=2.08396324 wER=0.414614 wMAE=33.9234 wBias=-7.4363 condBias=39.6461 dotDrift=-6.849sigma uMRED=0.0703829896 uER=0.431641 uMAE=28.7051 WCE=248 bias=-3.6250
[pop10_hard:00599] loss=122.995071 tau=6.00 collapse_w=0.000 mid_frac=0.134 hard=score=2.7549404152 wNMSE=0.062894458 wMSE=4791.3222 wMRED=2.08195878 wER=0.414614 wMAE=33.7799 wBias=-6.2771 condBias=37.7715 dotDrift=-5.804sigma uMRED=0.0683758342 uER=0.431641 uMAE=27.5566 WCE=248 bias=4.3750
[pop10] done (conf=0.53, noise=0.5); global best score=0.0309867233 wNMSE=0.0024237404 wMSE=184.6414 wMRED=0.15885366 wER=0.155645 wMAE=3.9358 wBias=-0.4356 condBias=7.7916 dotDrift=-2.051sigma uMRED=0.0105226322 uER=0.191406 uMAE=5.6250 WCE=80 bias=0.0000
[pop11_soft:00000] loss=7.120700 tau=1.50 collapse_w=0.000 mid_frac=0.482 hard=score=16.1604597049 wNMSE=0.1643329 wMSE=12518.9386 wMRED=1.06905156 wER=0.434702 wMAE=35.3701 wBias=16.7247 condBias=57.2285 dotDrift=+9.567sigma uMRED=0.1137910773 uER=0.422852 uMAE=70.8203 WCE=696 bias=25.3750
[pop11_soft:00200] loss=56.996738 tau=2.25 collapse_w=0.000 mid_frac=0.438 hard=score=0.2004581473 wNMSE=0.025453788 wMSE=1939.0787 wMRED=0.45445059 wER=0.344169 wMAE=15.0062 wBias=0.6898 condBias=21.6430 dotDrift=+1.003sigma uMRED=0.0666756176 uER=0.421875 uMAE=47.8438 WCE=384 bias=6.0000
[pop11_soft:00400] loss=64.118027 tau=3.00 collapse_w=0.000 mid_frac=0.420 hard=score=0.1596911950 wNMSE=0.018148651 wMSE=1382.5707 wMRED=0.49080875 wER=0.372483 wMAE=14.0485 wBias=-0.7690 condBias=19.0917 dotDrift=-1.324sigma uMRED=0.0628680981 uER=0.424805 uMAE=43.5918 WCE=384 bias=5.4375
[pop11_soft:00600] loss=40.062080 tau=3.75 collapse_w=0.000 mid_frac=0.375 hard=score=0.1387571922 wNMSE=0.01211175 wMSE=922.6775 wMRED=0.48644922 wER=0.355641 wMAE=12.3578 wBias=0.9160 condBias=16.5215 dotDrift=+1.930sigma uMRED=0.0496429253 uER=0.421875 uMAE=33.2969 WCE=336 bias=2.9375
[pop11_soft:00800] loss=38.049187 tau=4.50 collapse_w=0.084 mid_frac=0.357 hard=score=0.1274799474 wNMSE=0.0123432 wMSE=940.3094 wMRED=0.46742762 wER=0.355641 wMAE=12.1549 wBias=0.8099 condBias=16.3593 dotDrift=+1.690sigma uMRED=0.0492109342 uER=0.421875 uMAE=33.4570 WCE=320 bias=1.6875
[pop11_soft:01000] loss=37.871967 tau=5.25 collapse_w=0.293 mid_frac=0.357 hard=score=0.1330226133 wNMSE=0.012350165 wMSE=940.8400 wMRED=0.46455159 wER=0.339452 wMAE=12.1402 wBias=0.8702 condBias=16.3604 dotDrift=+1.816sigma uMRED=0.0491652803 uER=0.418945 uMAE=33.4453 WCE=320 bias=1.7500
[pop11_soft:01199] loss=37.812805 tau=6.00 collapse_w=0.500 mid_frac=0.366 hard=score=0.1330226133 wNMSE=0.012350165 wMSE=940.8400 wMRED=0.46455159 wER=0.339452 wMAE=12.1402 wBias=0.8702 condBias=16.3604 dotDrift=+1.816sigma uMRED=0.0491652803 uER=0.418945 uMAE=33.4453 WCE=320 bias=1.7500
[pop11_hard:00000] loss=26.114820 tau=6.00 collapse_w=0.000 mid_frac=0.366 hard=score=0.1330226133 wNMSE=0.012350165 wMSE=940.8400 wMRED=0.46455159 wER=0.339452 wMAE=12.1402 wBias=0.8702 condBias=16.3604 dotDrift=+1.816sigma uMRED=0.0491652803 uER=0.418945 uMAE=33.4453 WCE=320 bias=1.7500
[pop11_hard:00200] loss=47.898609 tau=6.00 collapse_w=0.000 mid_frac=0.304 hard=score=0.1737538917 wNMSE=0.0091776989 wMSE=699.1604 wMRED=0.43434704 wER=0.332297 wMAE=10.7989 wBias=1.3780 condBias=14.3762 dotDrift=+3.335sigma uMRED=0.0450878661 uER=0.418945 uMAE=30.7109 WCE=258 bias=-13.7500
[pop11_hard:00400] loss=37.719757 tau=6.00 collapse_w=0.000 mid_frac=0.277 hard=score=0.5652610681 wNMSE=0.009462001 wMSE=720.8186 wMRED=0.45351874 wER=0.328947 wMAE=11.1230 wBias=3.0314 condBias=14.2158 dotDrift=+7.226sigma uMRED=0.0439245935 uER=0.416016 uMAE=30.0938 WCE=258 bias=-8.2500
[pop11_hard:00599] loss=27.734453 tau=6.00 collapse_w=0.000 mid_frac=0.250 hard=score=0.8787468205 wNMSE=0.0074503088 wMSE=567.5672 wMRED=0.44973607 wER=0.328649 wMAE=10.5246 wBias=3.9037 condBias=12.8694 dotDrift=+10.487sigma uMRED=0.0313498704 uER=0.410156 uMAE=19.0039 WCE=144 bias=7.7500
[pop11] done (conf=0.51, noise=1.0); global best score=0.0309867233 wNMSE=0.0024237404 wMSE=184.6414 wMRED=0.15885366 wER=0.155645 wMAE=3.9358 wBias=-0.4356 condBias=7.7916 dotDrift=-2.051sigma uMRED=0.0105226322 uER=0.191406 uMAE=5.6250 WCE=80 bias=0.0000
[best] stage=initial score=0.0309867233 wNMSE=0.0024237404 wMSE=184.6414 wMRED=0.15885366 wER=0.155645 wMAE=3.9358 wBias=-0.4356 condBias=7.7916 dotDrift=-2.051sigma uMRED=0.0105226322 uER=0.191406 uMAE=5.6250 WCE=80 bias=0.0000
[best-json] /home/xuanqi/tony/work/FPGA/signed8x8_approx/signed8x8_2026_8_22/runs_qwen_legacy_refactor_20260916/balanced/base_q055/best_signed88_inits.json
[best-rtl] /home/xuanqi/tony/work/FPGA/signed8x8_approx/signed8x8_2026_8_22/runs_qwen_legacy_refactor_20260916/balanced/base_q055/best_rtl
[design] balanced_split search_bits=112
[safety] max_zero_violations=0 max_workload_zero_violation_probability=0
[metric-guard] relative_to_base=0.02 limits={'max_zero_violations': 0, 'max_workload_zero_violation_probability': 0.0, 'max_wce': 80, 'max_er': 0.19523437500000002, 'max_mred': 0.010733084807042093, 'max_ned': 0.000350189208984375, 'max_rmse': 17.219581876456818, 'max_nmse': 9.745882157349079e-06, 'max_abs_bias': 0.26378035962709584, 'max_workload_wce': 80, 'max_workload_er': 0.15875788810767935, 'max_workload_mred': 0.16203073665724843, 'max_workload_ned': 0.0002450249775910757, 'max_workload_rmse': 13.860047524219818, 'max_workload_nmse': 0.0024722151792031907, 'max_abs_workload_bias': 0.44427513714074085, 'max_conditional_bias_rms': 7.947400592741819}
[start] score=0.0309867233 wNMSE=0.0024237404 wMSE=184.6414 wMRED=0.15885366 wER=0.155645 wMAE=3.9358 wBias=-0.4356 condBias=7.7916 dotDrift=-2.051sigma uMRED=0.0105226322 uER=0.191406 uMAE=5.6250 WCE=80 bias=0.0000
[single] ACCEPT ['lo_lut23:47'] 0.0309867233->0.0233118611 wNMSE=0.0023228112 wBias=-0.27470
[single] round=2 no improvement
[pair] ACCEPT ['mid_lut23:47', 'mid_lut23:51'] 0.0233118611->0.0113911570 wNMSE=0.00078351931 wBias=-0.24771
[pair] round=2 no improvement
[final] score=0.0113911570 wNMSE=0.00078351931 wMSE=59.6888 wMRED=0.12811284 wER=0.155645 wMAE=2.5140 wBias=-0.2477 condBias=4.5812 dotDrift=-2.052sigma uMRED=0.0066776286 uER=0.191406 uMAE=3.3750 WCE=48 bias=0.2500
[json] /home/xuanqi/tony/work/FPGA/signed8x8_approx/signed8x8_2026_8_22/runs_qwen_legacy_refactor_20260916/balanced/base_q055/refined/best_signed88_inits.json
