[design] quality quad4 entries=48
[device] cuda
[safety] max_zero_violations=0 max_workload_zero_violation_probability=0
[initial] score=4.8685537428 wNMSE=0.028670176 wMSE=2184.1042 wMRED=0.87558118 wER=0.216412 wMAE=17.2492 wBias=-9.2876 condBias=23.3494 dotDrift=-12.719sigma uMRED=0.0444405825 uER=0.246094 uMAE=24.5000 WCE=180 bias=1.2500
[aligned-objective] schema=aligned_ai_metrics_v2 guard_tolerance=0.1 constraint_weight=10
[quad_warmup_bit:00000] loss=3.129190 tau=1.50 collapse_w=0.000 mid_frac=0.562 hard=score=4.9931569402 wNMSE=0.028363854 wMSE=2160.7685 wMRED=0.87464291 wER=0.216412 wMAE=17.1246 wBias=-9.4122 condBias=23.2242 dotDrift=-12.959sigma uMRED=0.0433124647 uER=0.246094 uMAE=23.5000 WCE=180 bias=0.2500
[quad_warmup_bit:00200] loss=0.920397 tau=1.50 collapse_w=0.000 mid_frac=0.500 hard=score=0.0591267905 wNMSE=0.006671549 wMSE=508.2410 wMRED=0.26917904 wER=0.199768 wMAE=7.0229 wBias=0.5256 condBias=11.2657 dotDrift=+1.492sigma uMRED=0.0215111974 uER=0.238281 uMAE=13.9531 WCE=144 bias=-8.7500
[quad_warmup_bit:00400] loss=0.289984 tau=1.50 collapse_w=0.000 mid_frac=0.417 hard=score=1.0558356661 wNMSE=0.0060457978 wMSE=460.5710 wMRED=0.42804989 wER=0.174531 wMAE=7.2418 wBias=4.3215 condBias=10.7229 dotDrift=+12.888sigma uMRED=0.0191620280 uER=0.218750 uMAE=10.5000 WCE=116 bias=-5.5000
[quad_warmup_bit:00600] loss=0.091825 tau=1.50 collapse_w=0.000 mid_frac=0.333 hard=score=0.9460285052 wNMSE=0.0062969735 wMSE=479.7057 wMRED=0.42795529 wER=0.151802 wMAE=7.3962 wBias=4.0774 condBias=10.9434 dotDrift=+11.914sigma uMRED=0.0223447126 uER=0.210938 uMAE=13.5625 WCE=112 bias=-9.3750
[quad_warmup_bit:00800] loss=0.078808 tau=1.50 collapse_w=0.000 mid_frac=0.354 hard=score=0.9460285052 wNMSE=0.0062969735 wMSE=479.7057 wMRED=0.42795529 wER=0.151802 wMAE=7.3962 wBias=4.0774 condBias=10.9434 dotDrift=+11.914sigma uMRED=0.0223447126 uER=0.210938 uMAE=13.5625 WCE=112 bias=-9.3750
[quad_warmup_bit:01000] loss=0.071045 tau=1.50 collapse_w=0.000 mid_frac=0.312 hard=score=0.8766115365 wNMSE=0.0063557904 wMSE=484.1864 wMRED=0.43110978 wER=0.151802 wMAE=7.5570 wBias=3.9165 condBias=10.9944 dotDrift=+11.391sigma uMRED=0.0227335834 uER=0.210938 uMAE=13.8125 WCE=112 bias=-9.6250
[quad_warmup_bit:01200] loss=0.068611 tau=1.50 collapse_w=0.000 mid_frac=0.312 hard=score=0.8766115365 wNMSE=0.0063557904 wMSE=484.1864 wMRED=0.43110978 wER=0.151802 wMAE=7.5570 wBias=3.9165 condBias=10.9944 dotDrift=+11.391sigma uMRED=0.0227335834 uER=0.210938 uMAE=13.8125 WCE=112 bias=-9.6250
[quad_warmup_bit:01400] loss=0.066948 tau=1.50 collapse_w=0.000 mid_frac=0.292 hard=score=0.8766115365 wNMSE=0.0063557904 wMSE=484.1864 wMRED=0.43110978 wER=0.151802 wMAE=7.5570 wBias=3.9165 condBias=10.9944 dotDrift=+11.391sigma uMRED=0.0227335834 uER=0.210938 uMAE=13.8125 WCE=112 bias=-9.6250
[quad_warmup_bit:01600] loss=0.066164 tau=1.50 collapse_w=0.000 mid_frac=0.271 hard=score=0.8766115365 wNMSE=0.0063557904 wMSE=484.1864 wMRED=0.43110978 wER=0.151802 wMAE=7.5570 wBias=3.9165 condBias=10.9944 dotDrift=+11.391sigma uMRED=0.0227335834 uER=0.210938 uMAE=13.8125 WCE=112 bias=-9.6250
[quad_warmup_bit:01800] loss=0.065046 tau=1.50 collapse_w=0.000 mid_frac=0.271 hard=score=0.8766115365 wNMSE=0.0063557904 wMSE=484.1864 wMRED=0.43110978 wER=0.151802 wMAE=7.5570 wBias=3.9165 condBias=10.9944 dotDrift=+11.391sigma uMRED=0.0227335834 uER=0.210938 uMAE=13.8125 WCE=112 bias=-9.6250
[quad_warmup_bit:02000] loss=0.064170 tau=1.50 collapse_w=0.000 mid_frac=0.292 hard=score=0.9440463721 wNMSE=0.0064613462 wMSE=492.2277 wMRED=0.43151711 wER=0.151802 wMAE=7.5634 wBias=4.0705 condBias=11.0854 dotDrift=+11.742sigma uMRED=0.0226132882 uER=0.210938 uMAE=13.6875 WCE=112 bias=-9.3750
[quad_warmup_bit:02200] loss=0.063422 tau=1.50 collapse_w=0.000 mid_frac=0.292 hard=score=0.9440463721 wNMSE=0.0064613462 wMSE=492.2277 wMRED=0.43151711 wER=0.151802 wMAE=7.5634 wBias=4.0705 condBias=11.0854 dotDrift=+11.742sigma uMRED=0.0226132882 uER=0.210938 uMAE=13.6875 WCE=112 bias=-9.3750
[quad_warmup_bit:02400] loss=0.063056 tau=1.50 collapse_w=0.000 mid_frac=0.271 hard=score=0.9440463721 wNMSE=0.0064613462 wMSE=492.2277 wMRED=0.43151711 wER=0.151802 wMAE=7.5634 wBias=4.0705 condBias=11.0854 dotDrift=+11.742sigma uMRED=0.0226132882 uER=0.210938 uMAE=13.6875 WCE=112 bias=-9.3750
[quad_warmup_bit:02600] loss=0.060963 tau=1.50 collapse_w=0.000 mid_frac=0.271 hard=score=0.9440463721 wNMSE=0.0064613462 wMSE=492.2277 wMRED=0.43151711 wER=0.151802 wMAE=7.5634 wBias=4.0705 condBias=11.0854 dotDrift=+11.742sigma uMRED=0.0226132882 uER=0.210938 uMAE=13.6875 WCE=112 bias=-9.3750
[quad_warmup_bit:02800] loss=0.059996 tau=1.50 collapse_w=0.000 mid_frac=0.271 hard=score=0.9440463721 wNMSE=0.0064613462 wMSE=492.2277 wMRED=0.43151711 wER=0.151802 wMAE=7.5634 wBias=4.0705 condBias=11.0854 dotDrift=+11.742sigma uMRED=0.0226132882 uER=0.210938 uMAE=13.6875 WCE=112 bias=-9.3750
[quad_warmup_bit:03000] loss=0.059338 tau=1.50 collapse_w=0.000 mid_frac=0.271 hard=score=0.9440463721 wNMSE=0.0064613462 wMSE=492.2277 wMRED=0.43151711 wER=0.151802 wMAE=7.5634 wBias=4.0705 condBias=11.0854 dotDrift=+11.742sigma uMRED=0.0226132882 uER=0.210938 uMAE=13.6875 WCE=112 bias=-9.3750
[quad_warmup_bit:03200] loss=0.058688 tau=1.50 collapse_w=0.000 mid_frac=0.271 hard=score=0.9440463721 wNMSE=0.0064613462 wMSE=492.2277 wMRED=0.43151711 wER=0.151802 wMAE=7.5634 wBias=4.0705 condBias=11.0854 dotDrift=+11.742sigma uMRED=0.0226132882 uER=0.210938 uMAE=13.6875 WCE=112 bias=-9.3750
[quad_warmup_bit:03400] loss=0.058009 tau=1.50 collapse_w=0.000 mid_frac=0.271 hard=score=0.9440463721 wNMSE=0.0064613462 wMSE=492.2277 wMRED=0.43151711 wER=0.151802 wMAE=7.5634 wBias=4.0705 condBias=11.0854 dotDrift=+11.742sigma uMRED=0.0226132882 uER=0.210938 uMAE=13.6875 WCE=112 bias=-9.3750
[quad_warmup_bit:03600] loss=0.057277 tau=1.50 collapse_w=0.000 mid_frac=0.271 hard=score=0.9440463721 wNMSE=0.0064613462 wMSE=492.2277 wMRED=0.43151711 wER=0.151802 wMAE=7.5634 wBias=4.0705 condBias=11.0854 dotDrift=+11.742sigma uMRED=0.0226132882 uER=0.210938 uMAE=13.6875 WCE=112 bias=-9.3750
[quad_warmup_bit:03800] loss=0.056229 tau=1.50 collapse_w=0.000 mid_frac=0.271 hard=score=0.9440463721 wNMSE=0.0064613462 wMSE=492.2277 wMRED=0.43151711 wER=0.151802 wMAE=7.5634 wBias=4.0705 condBias=11.0854 dotDrift=+11.742sigma uMRED=0.0226132882 uER=0.210938 uMAE=13.6875 WCE=112 bias=-9.3750
[quad_warmup_bit:04000] loss=0.055241 tau=1.50 collapse_w=0.000 mid_frac=0.250 hard=score=1.1742054191 wNMSE=0.0058798432 wMSE=447.9285 wMRED=0.42888646 wER=0.151802 wMAE=7.2173 wBias=4.5689 condBias=10.5742 dotDrift=+13.816sigma uMRED=0.0195660216 uER=0.210938 uMAE=11.0000 WCE=112 bias=-5.3750
[quad_warmup_bit:04200] loss=0.054052 tau=1.50 collapse_w=0.000 mid_frac=0.292 hard=score=0.0589774090 wNMSE=0.00078011968 wMSE=59.4298 wMRED=0.02750225 wER=0.098127 wMAE=1.6537 wBias=-0.9948 condBias=3.8516 dotDrift=-8.258sigma uMRED=0.0104240470 uER=0.195312 uMAE=9.0000 WCE=112 bias=-7.3750
[quad_warmup_bit:04400] loss=0.052777 tau=1.50 collapse_w=0.000 mid_frac=0.292 hard=score=0.0589774090 wNMSE=0.00078011968 wMSE=59.4298 wMRED=0.02750225 wER=0.098127 wMAE=1.6537 wBias=-0.9948 condBias=3.8516 dotDrift=-8.258sigma uMRED=0.0104240470 uER=0.195312 uMAE=9.0000 WCE=112 bias=-7.3750
[quad_warmup_bit:04600] loss=0.051455 tau=1.50 collapse_w=0.000 mid_frac=0.292 hard=score=0.0589774090 wNMSE=0.00078011968 wMSE=59.4298 wMRED=0.02750225 wER=0.098127 wMAE=1.6537 wBias=-0.9948 condBias=3.8516 dotDrift=-8.258sigma uMRED=0.0104240470 uER=0.195312 uMAE=9.0000 WCE=112 bias=-7.3750
[quad_warmup_bit:04800] loss=0.049956 tau=1.50 collapse_w=0.000 mid_frac=0.271 hard=score=0.0343713608 wNMSE=0.00062617822 wMSE=47.7025 wMRED=0.02247394 wER=0.087794 wMAE=1.2794 wBias=-0.7451 condBias=3.4509 dotDrift=-6.905sigma uMRED=0.0090669818 uER=0.171875 uMAE=8.0000 WCE=112 bias=-7.3750
[quad_warmup_bit:05000] loss=0.049284 tau=1.50 collapse_w=0.000 mid_frac=0.271 hard=score=0.0343713608 wNMSE=0.00062617822 wMSE=47.7025 wMRED=0.02247394 wER=0.087794 wMAE=1.2794 wBias=-0.7451 condBias=3.4509 dotDrift=-6.905sigma uMRED=0.0090669818 uER=0.171875 uMAE=8.0000 WCE=112 bias=-7.3750
[quad_warmup_bit:05200] loss=0.048001 tau=1.50 collapse_w=0.000 mid_frac=0.271 hard=score=0.0343713608 wNMSE=0.00062617822 wMSE=47.7025 wMRED=0.02247394 wER=0.087794 wMAE=1.2794 wBias=-0.7451 condBias=3.4509 dotDrift=-6.905sigma uMRED=0.0090669818 uER=0.171875 uMAE=8.0000 WCE=112 bias=-7.3750
[quad_warmup_bit:05400] loss=0.046657 tau=1.50 collapse_w=0.000 mid_frac=0.271 hard=score=0.0283013469 wNMSE=0.00054535197 wMSE=41.5451 wMRED=0.02189502 wER=0.087794 wMAE=1.2072 wBias=-0.6728 condBias=3.2204 dotDrift=-6.681sigma uMRED=0.0084900303 uER=0.171875 uMAE=7.5000 WCE=112 bias=-6.8750
[quad_warmup_bit:05600] loss=0.045077 tau=1.50 collapse_w=0.000 mid_frac=0.271 hard=score=0.0283013469 wNMSE=0.00054535197 wMSE=41.5451 wMRED=0.02189502 wER=0.087794 wMAE=1.2072 wBias=-0.6728 condBias=3.2204 dotDrift=-6.681sigma uMRED=0.0084900303 uER=0.171875 uMAE=7.5000 WCE=112 bias=-6.8750
[quad_warmup_bit:05800] loss=0.044279 tau=1.50 collapse_w=0.000 mid_frac=0.250 hard=score=0.0238697583 wNMSE=0.00042793783 wMSE=32.6005 wMRED=0.02160895 wER=0.087794 wMAE=1.1543 wBias=-0.6200 condBias=2.8530 dotDrift=-6.950sigma uMRED=0.0074719265 uER=0.171875 uMAE=6.5000 WCE=80 bias=-5.8750
[quad_warmup_bit:05999] loss=0.043646 tau=1.50 collapse_w=0.000 mid_frac=0.250 hard=score=0.0238697583 wNMSE=0.00042793783 wMSE=32.6005 wMRED=0.02160895 wER=0.087794 wMAE=1.1543 wBias=-0.6200 condBias=2.8530 dotDrift=-6.950sigma uMRED=0.0074719265 uER=0.171875 uMAE=6.5000 WCE=80 bias=-5.8750
[quad_soft:00000] loss=0.049575 tau=1.50 collapse_w=0.000 mid_frac=0.250 hard=score=0.0238697583 wNMSE=0.00042793783 wMSE=32.6005 wMRED=0.02160895 wER=0.087794 wMAE=1.1543 wBias=-0.6200 condBias=2.8530 dotDrift=-6.950sigma uMRED=0.0074719265 uER=0.171875 uMAE=6.5000 WCE=80 bias=-5.8750
[quad_soft:00200] loss=0.046883 tau=1.59 collapse_w=0.000 mid_frac=0.250 hard=score=0.0147223781 wNMSE=0.00030263097 wMSE=23.0545 wMRED=0.02094554 wER=0.087006 wMAE=1.0350 wBias=-0.4800 condBias=2.3990 dotDrift=-6.398sigma uMRED=0.0052366548 uER=0.156250 uMAE=4.3125 WCE=80 bias=-3.3750
[quad_soft:00400] loss=0.047414 tau=1.68 collapse_w=0.000 mid_frac=0.250 hard=score=0.0147223781 wNMSE=0.00030263097 wMSE=23.0545 wMRED=0.02094554 wER=0.087006 wMAE=1.0350 wBias=-0.4800 condBias=2.3990 dotDrift=-6.398sigma uMRED=0.0052366548 uER=0.156250 uMAE=4.3125 WCE=80 bias=-3.3750
[quad_soft:00600] loss=0.050805 tau=1.77 collapse_w=0.000 mid_frac=0.250 hard=score=0.0147223781 wNMSE=0.00030263097 wMSE=23.0545 wMRED=0.02094554 wER=0.087006 wMAE=1.0350 wBias=-0.4800 condBias=2.3990 dotDrift=-6.398sigma uMRED=0.0052366548 uER=0.156250 uMAE=4.3125 WCE=80 bias=-3.3750
[quad_soft:00800] loss=0.049225 tau=1.86 collapse_w=0.000 mid_frac=0.250 hard=score=0.0147223781 wNMSE=0.00030263097 wMSE=23.0545 wMRED=0.02094554 wER=0.087006 wMAE=1.0350 wBias=-0.4800 condBias=2.3990 dotDrift=-6.398sigma uMRED=0.0052366548 uER=0.156250 uMAE=4.3125 WCE=80 bias=-3.3750
[quad_soft:01000] loss=0.050212 tau=1.95 collapse_w=0.000 mid_frac=0.250 hard=score=0.0147223781 wNMSE=0.00030263097 wMSE=23.0545 wMRED=0.02094554 wER=0.087006 wMAE=1.0350 wBias=-0.4800 condBias=2.3990 dotDrift=-6.398sigma uMRED=0.0052366548 uER=0.156250 uMAE=4.3125 WCE=80 bias=-3.3750
[quad_soft:01200] loss=0.051503 tau=2.04 collapse_w=0.000 mid_frac=0.250 hard=score=0.0147223781 wNMSE=0.00030263097 wMSE=23.0545 wMRED=0.02094554 wER=0.087006 wMAE=1.0350 wBias=-0.4800 condBias=2.3990 dotDrift=-6.398sigma uMRED=0.0052366548 uER=0.156250 uMAE=4.3125 WCE=80 bias=-3.3750
[quad_soft:01400] loss=0.052645 tau=2.13 collapse_w=0.000 mid_frac=0.250 hard=score=0.0147223781 wNMSE=0.00030263097 wMSE=23.0545 wMRED=0.02094554 wER=0.087006 wMAE=1.0350 wBias=-0.4800 condBias=2.3990 dotDrift=-6.398sigma uMRED=0.0052366548 uER=0.156250 uMAE=4.3125 WCE=80 bias=-3.3750
[quad_soft:01600] loss=0.041647 tau=2.22 collapse_w=0.000 mid_frac=0.250 hard=score=0.0147223781 wNMSE=0.00030263097 wMSE=23.0545 wMRED=0.02094554 wER=0.087006 wMAE=1.0350 wBias=-0.4800 condBias=2.3990 dotDrift=-6.398sigma uMRED=0.0052366548 uER=0.156250 uMAE=4.3125 WCE=80 bias=-3.3750
[quad_soft:01800] loss=0.041019 tau=2.31 collapse_w=0.000 mid_frac=0.250 hard=score=0.0147223781 wNMSE=0.00030263097 wMSE=23.0545 wMRED=0.02094554 wER=0.087006 wMAE=1.0350 wBias=-0.4800 condBias=2.3990 dotDrift=-6.398sigma uMRED=0.0052366548 uER=0.156250 uMAE=4.3125 WCE=80 bias=-3.3750
[quad_soft:02000] loss=0.037880 tau=2.40 collapse_w=0.000 mid_frac=0.250 hard=score=0.0147223781 wNMSE=0.00030263097 wMSE=23.0545 wMRED=0.02094554 wER=0.087006 wMAE=1.0350 wBias=-0.4800 condBias=2.3990 dotDrift=-6.398sigma uMRED=0.0052366548 uER=0.156250 uMAE=4.3125 WCE=80 bias=-3.3750
[quad_soft:02200] loss=0.040613 tau=2.49 collapse_w=0.000 mid_frac=0.250 hard=score=0.0147223781 wNMSE=0.00030263097 wMSE=23.0545 wMRED=0.02094554 wER=0.087006 wMAE=1.0350 wBias=-0.4800 condBias=2.3990 dotDrift=-6.398sigma uMRED=0.0052366548 uER=0.156250 uMAE=4.3125 WCE=80 bias=-3.3750
[quad_soft:02400] loss=0.036642 tau=2.58 collapse_w=0.000 mid_frac=0.250 hard=score=0.0147223781 wNMSE=0.00030263097 wMSE=23.0545 wMRED=0.02094554 wER=0.087006 wMAE=1.0350 wBias=-0.4800 condBias=2.3990 dotDrift=-6.398sigma uMRED=0.0052366548 uER=0.156250 uMAE=4.3125 WCE=80 bias=-3.3750
[quad_soft:02600] loss=0.035916 tau=2.67 collapse_w=0.000 mid_frac=0.250 hard=score=0.0147223781 wNMSE=0.00030263097 wMSE=23.0545 wMRED=0.02094554 wER=0.087006 wMAE=1.0350 wBias=-0.4800 condBias=2.3990 dotDrift=-6.398sigma uMRED=0.0052366548 uER=0.156250 uMAE=4.3125 WCE=80 bias=-3.3750
[quad_soft:02800] loss=0.035414 tau=2.76 collapse_w=0.000 mid_frac=0.250 hard=score=0.0147223781 wNMSE=0.00030263097 wMSE=23.0545 wMRED=0.02094554 wER=0.087006 wMAE=1.0350 wBias=-0.4800 condBias=2.3990 dotDrift=-6.398sigma uMRED=0.0052366548 uER=0.156250 uMAE=4.3125 WCE=80 bias=-3.3750
[quad_soft:03000] loss=0.034904 tau=2.85 collapse_w=0.000 mid_frac=0.250 hard=score=0.0041664239 wNMSE=0.00042562499 wMSE=32.4243 wMRED=0.02593256 wER=0.095083 wMAE=1.3278 wBias=0.1439 condBias=2.8449 dotDrift=+1.617sigma uMRED=0.0058088982 uER=0.164062 uMAE=4.6250 WCE=80 bias=-2.3750
[quad_soft:03200] loss=0.034459 tau=2.94 collapse_w=0.000 mid_frac=0.250 hard=score=0.0041664239 wNMSE=0.00042562499 wMSE=32.4243 wMRED=0.02593256 wER=0.095083 wMAE=1.3278 wBias=0.1439 condBias=2.8449 dotDrift=+1.617sigma uMRED=0.0058088982 uER=0.164062 uMAE=4.6250 WCE=80 bias=-2.3750
[quad_soft:03400] loss=0.033950 tau=3.03 collapse_w=0.000 mid_frac=0.250 hard=score=0.0041664239 wNMSE=0.00042562499 wMSE=32.4243 wMRED=0.02593256 wER=0.095083 wMAE=1.3278 wBias=0.1439 condBias=2.8449 dotDrift=+1.617sigma uMRED=0.0058088982 uER=0.164062 uMAE=4.6250 WCE=80 bias=-2.3750
[quad_soft:03600] loss=0.033573 tau=3.12 collapse_w=0.000 mid_frac=0.250 hard=score=0.0041664239 wNMSE=0.00042562499 wMSE=32.4243 wMRED=0.02593256 wER=0.095083 wMAE=1.3278 wBias=0.1439 condBias=2.8449 dotDrift=+1.617sigma uMRED=0.0058088982 uER=0.164062 uMAE=4.6250 WCE=80 bias=-2.3750
[quad_soft:03800] loss=0.031796 tau=3.21 collapse_w=0.000 mid_frac=0.271 hard=score=0.0025480348 wNMSE=0.0003499657 wMSE=26.6605 wMRED=0.02314889 wER=0.095083 wMAE=1.1738 wBias=-0.0101 condBias=2.5797 dotDrift=-0.126sigma uMRED=0.0054266051 uER=0.164062 uMAE=4.3750 WCE=80 bias=-2.6250
[quad_soft:04000] loss=0.028197 tau=3.30 collapse_w=0.000 mid_frac=0.271 hard=score=0.0025480348 wNMSE=0.0003499657 wMSE=26.6605 wMRED=0.02314889 wER=0.095083 wMAE=1.1738 wBias=-0.0101 condBias=2.5797 dotDrift=-0.126sigma uMRED=0.0054266051 uER=0.164062 uMAE=4.3750 WCE=80 bias=-2.6250
[quad_soft:04200] loss=0.027200 tau=3.39 collapse_w=0.000 mid_frac=0.271 hard=score=0.0025480348 wNMSE=0.0003499657 wMSE=26.6605 wMRED=0.02314889 wER=0.095083 wMAE=1.1738 wBias=-0.0101 condBias=2.5797 dotDrift=-0.126sigma uMRED=0.0054266051 uER=0.164062 uMAE=4.3750 WCE=80 bias=-2.6250
[quad_soft:04400] loss=0.026392 tau=3.48 collapse_w=0.000 mid_frac=0.271 hard=score=0.0025480348 wNMSE=0.0003499657 wMSE=26.6605 wMRED=0.02314889 wER=0.095083 wMAE=1.1738 wBias=-0.0101 condBias=2.5797 dotDrift=-0.126sigma uMRED=0.0054266051 uER=0.164062 uMAE=4.3750 WCE=80 bias=-2.6250
[quad_soft:04600] loss=0.025761 tau=3.57 collapse_w=0.000 mid_frac=0.271 hard=score=0.0025480348 wNMSE=0.0003499657 wMSE=26.6605 wMRED=0.02314889 wER=0.095083 wMAE=1.1738 wBias=-0.0101 condBias=2.5797 dotDrift=-0.126sigma uMRED=0.0054266051 uER=0.164062 uMAE=4.3750 WCE=80 bias=-2.6250
[quad_soft:04800] loss=0.024852 tau=3.66 collapse_w=0.000 mid_frac=0.271 hard=score=0.0025480348 wNMSE=0.0003499657 wMSE=26.6605 wMRED=0.02314889 wER=0.095083 wMAE=1.1738 wBias=-0.0101 condBias=2.5797 dotDrift=-0.126sigma uMRED=0.0054266051 uER=0.164062 uMAE=4.3750 WCE=80 bias=-2.6250
[quad_soft:05000] loss=0.023940 tau=3.75 collapse_w=0.000 mid_frac=0.271 hard=score=0.0025480348 wNMSE=0.0003499657 wMSE=26.6605 wMRED=0.02314889 wER=0.095083 wMAE=1.1738 wBias=-0.0101 condBias=2.5797 dotDrift=-0.126sigma uMRED=0.0054266051 uER=0.164062 uMAE=4.3750 WCE=80 bias=-2.6250
[quad_soft:05200] loss=0.023053 tau=3.84 collapse_w=0.000 mid_frac=0.271 hard=score=0.0025480348 wNMSE=0.0003499657 wMSE=26.6605 wMRED=0.02314889 wER=0.095083 wMAE=1.1738 wBias=-0.0101 condBias=2.5797 dotDrift=-0.126sigma uMRED=0.0054266051 uER=0.164062 uMAE=4.3750 WCE=80 bias=-2.6250
[quad_soft:05400] loss=0.021727 tau=3.93 collapse_w=0.000 mid_frac=0.271 hard=score=0.0025480348 wNMSE=0.0003499657 wMSE=26.6605 wMRED=0.02314889 wER=0.095083 wMAE=1.1738 wBias=-0.0101 condBias=2.5797 dotDrift=-0.126sigma uMRED=0.0054266051 uER=0.164062 uMAE=4.3750 WCE=80 bias=-2.6250
[quad_soft:05600] loss=0.020799 tau=4.02 collapse_w=0.000 mid_frac=0.271 hard=score=0.0025480348 wNMSE=0.0003499657 wMSE=26.6605 wMRED=0.02314889 wER=0.095083 wMAE=1.1738 wBias=-0.0101 condBias=2.5797 dotDrift=-0.126sigma uMRED=0.0054266051 uER=0.164062 uMAE=4.3750 WCE=80 bias=-2.6250
[quad_soft:05800] loss=0.019936 tau=4.11 collapse_w=0.000 mid_frac=0.271 hard=score=0.0025480348 wNMSE=0.0003499657 wMSE=26.6605 wMRED=0.02314889 wER=0.095083 wMAE=1.1738 wBias=-0.0101 condBias=2.5797 dotDrift=-0.126sigma uMRED=0.0054266051 uER=0.164062 uMAE=4.3750 WCE=80 bias=-2.6250
[quad_soft:06000] loss=0.019357 tau=4.20 collapse_w=0.000 mid_frac=0.271 hard=score=0.0025480348 wNMSE=0.0003499657 wMSE=26.6605 wMRED=0.02314889 wER=0.095083 wMAE=1.1738 wBias=-0.0101 condBias=2.5797 dotDrift=-0.126sigma uMRED=0.0054266051 uER=0.164062 uMAE=4.3750 WCE=80 bias=-2.6250
[quad_soft:06200] loss=0.019723 tau=4.29 collapse_w=0.025 mid_frac=0.271 hard=score=0.0025480348 wNMSE=0.0003499657 wMSE=26.6605 wMRED=0.02314889 wER=0.095083 wMAE=1.1738 wBias=-0.0101 condBias=2.5797 dotDrift=-0.126sigma uMRED=0.0054266051 uER=0.164062 uMAE=4.3750 WCE=80 bias=-2.6250
[quad_soft:06400] loss=0.020267 tau=4.38 collapse_w=0.050 mid_frac=0.271 hard=score=0.0025480348 wNMSE=0.0003499657 wMSE=26.6605 wMRED=0.02314889 wER=0.095083 wMAE=1.1738 wBias=-0.0101 condBias=2.5797 dotDrift=-0.126sigma uMRED=0.0054266051 uER=0.164062 uMAE=4.3750 WCE=80 bias=-2.6250
[quad_soft:06600] loss=0.020699 tau=4.47 collapse_w=0.075 mid_frac=0.271 hard=score=0.0025480348 wNMSE=0.0003499657 wMSE=26.6605 wMRED=0.02314889 wER=0.095083 wMAE=1.1738 wBias=-0.0101 condBias=2.5797 dotDrift=-0.126sigma uMRED=0.0054266051 uER=0.164062 uMAE=4.3750 WCE=80 bias=-2.6250
[quad_soft:06800] loss=0.021027 tau=4.56 collapse_w=0.100 mid_frac=0.271 hard=score=0.0025480348 wNMSE=0.0003499657 wMSE=26.6605 wMRED=0.02314889 wER=0.095083 wMAE=1.1738 wBias=-0.0101 condBias=2.5797 dotDrift=-0.126sigma uMRED=0.0054266051 uER=0.164062 uMAE=4.3750 WCE=80 bias=-2.6250
[quad_soft:07000] loss=0.021252 tau=4.65 collapse_w=0.125 mid_frac=0.271 hard=score=0.0025480348 wNMSE=0.0003499657 wMSE=26.6605 wMRED=0.02314889 wER=0.095083 wMAE=1.1738 wBias=-0.0101 condBias=2.5797 dotDrift=-0.126sigma uMRED=0.0054266051 uER=0.164062 uMAE=4.3750 WCE=80 bias=-2.6250
[quad_soft:07200] loss=0.021861 tau=4.74 collapse_w=0.150 mid_frac=0.271 hard=score=0.0025480348 wNMSE=0.0003499657 wMSE=26.6605 wMRED=0.02314889 wER=0.095083 wMAE=1.1738 wBias=-0.0101 condBias=2.5797 dotDrift=-0.126sigma uMRED=0.0054266051 uER=0.164062 uMAE=4.3750 WCE=80 bias=-2.6250
[quad_soft:07400] loss=0.021584 tau=4.83 collapse_w=0.175 mid_frac=0.271 hard=score=0.0025480348 wNMSE=0.0003499657 wMSE=26.6605 wMRED=0.02314889 wER=0.095083 wMAE=1.1738 wBias=-0.0101 condBias=2.5797 dotDrift=-0.126sigma uMRED=0.0054266051 uER=0.164062 uMAE=4.3750 WCE=80 bias=-2.6250
[quad_soft:07600] loss=0.021715 tau=4.92 collapse_w=0.200 mid_frac=0.271 hard=score=0.0025480348 wNMSE=0.0003499657 wMSE=26.6605 wMRED=0.02314889 wER=0.095083 wMAE=1.1738 wBias=-0.0101 condBias=2.5797 dotDrift=-0.126sigma uMRED=0.0054266051 uER=0.164062 uMAE=4.3750 WCE=80 bias=-2.6250
[quad_soft:07800] loss=0.021783 tau=5.01 collapse_w=0.225 mid_frac=0.271 hard=score=0.0025480348 wNMSE=0.0003499657 wMSE=26.6605 wMRED=0.02314889 wER=0.095083 wMAE=1.1738 wBias=-0.0101 condBias=2.5797 dotDrift=-0.126sigma uMRED=0.0054266051 uER=0.164062 uMAE=4.3750 WCE=80 bias=-2.6250
[quad_soft:08000] loss=0.021796 tau=5.10 collapse_w=0.250 mid_frac=0.250 hard=score=0.0025480348 wNMSE=0.0003499657 wMSE=26.6605 wMRED=0.02314889 wER=0.095083 wMAE=1.1738 wBias=-0.0101 condBias=2.5797 dotDrift=-0.126sigma uMRED=0.0054266051 uER=0.164062 uMAE=4.3750 WCE=80 bias=-2.6250
[quad_soft:08200] loss=0.021778 tau=5.19 collapse_w=0.275 mid_frac=0.250 hard=score=0.0025480348 wNMSE=0.0003499657 wMSE=26.6605 wMRED=0.02314889 wER=0.095083 wMAE=1.1738 wBias=-0.0101 condBias=2.5797 dotDrift=-0.126sigma uMRED=0.0054266051 uER=0.164062 uMAE=4.3750 WCE=80 bias=-2.6250
[quad_soft:08400] loss=0.021756 tau=5.28 collapse_w=0.300 mid_frac=0.229 hard=score=0.0025480348 wNMSE=0.0003499657 wMSE=26.6605 wMRED=0.02314889 wER=0.095083 wMAE=1.1738 wBias=-0.0101 condBias=2.5797 dotDrift=-0.126sigma uMRED=0.0054266051 uER=0.164062 uMAE=4.3750 WCE=80 bias=-2.6250
[quad_soft:08600] loss=0.021786 tau=5.37 collapse_w=0.325 mid_frac=0.229 hard=score=0.0025480348 wNMSE=0.0003499657 wMSE=26.6605 wMRED=0.02314889 wER=0.095083 wMAE=1.1738 wBias=-0.0101 condBias=2.5797 dotDrift=-0.126sigma uMRED=0.0054266051 uER=0.164062 uMAE=4.3750 WCE=80 bias=-2.6250
[quad_soft:08800] loss=0.021704 tau=5.46 collapse_w=0.350 mid_frac=0.229 hard=score=0.0025480348 wNMSE=0.0003499657 wMSE=26.6605 wMRED=0.02314889 wER=0.095083 wMAE=1.1738 wBias=-0.0101 condBias=2.5797 dotDrift=-0.126sigma uMRED=0.0054266051 uER=0.164062 uMAE=4.3750 WCE=80 bias=-2.6250
[quad_soft:09000] loss=0.021602 tau=5.55 collapse_w=0.375 mid_frac=0.229 hard=score=0.0025480348 wNMSE=0.0003499657 wMSE=26.6605 wMRED=0.02314889 wER=0.095083 wMAE=1.1738 wBias=-0.0101 condBias=2.5797 dotDrift=-0.126sigma uMRED=0.0054266051 uER=0.164062 uMAE=4.3750 WCE=80 bias=-2.6250
[quad_soft:09200] loss=0.021561 tau=5.64 collapse_w=0.400 mid_frac=0.229 hard=score=0.0025480348 wNMSE=0.0003499657 wMSE=26.6605 wMRED=0.02314889 wER=0.095083 wMAE=1.1738 wBias=-0.0101 condBias=2.5797 dotDrift=-0.126sigma uMRED=0.0054266051 uER=0.164062 uMAE=4.3750 WCE=80 bias=-2.6250
[quad_soft:09400] loss=0.021228 tau=5.73 collapse_w=0.425 mid_frac=0.229 hard=score=0.0025480348 wNMSE=0.0003499657 wMSE=26.6605 wMRED=0.02314889 wER=0.095083 wMAE=1.1738 wBias=-0.0101 condBias=2.5797 dotDrift=-0.126sigma uMRED=0.0054266051 uER=0.164062 uMAE=4.3750 WCE=80 bias=-2.6250
[quad_soft:09600] loss=0.021116 tau=5.82 collapse_w=0.450 mid_frac=0.229 hard=score=0.0025480348 wNMSE=0.0003499657 wMSE=26.6605 wMRED=0.02314889 wER=0.095083 wMAE=1.1738 wBias=-0.0101 condBias=2.5797 dotDrift=-0.126sigma uMRED=0.0054266051 uER=0.164062 uMAE=4.3750 WCE=80 bias=-2.6250
[quad_soft:09800] loss=0.020606 tau=5.91 collapse_w=0.475 mid_frac=0.229 hard=score=0.0025480348 wNMSE=0.0003499657 wMSE=26.6605 wMRED=0.02314889 wER=0.095083 wMAE=1.1738 wBias=-0.0101 condBias=2.5797 dotDrift=-0.126sigma uMRED=0.0054266051 uER=0.164062 uMAE=4.3750 WCE=80 bias=-2.6250
[quad_soft:09999] loss=0.020048 tau=6.00 collapse_w=0.500 mid_frac=0.229 hard=score=0.0025480348 wNMSE=0.0003499657 wMSE=26.6605 wMRED=0.02314889 wER=0.095083 wMAE=1.1738 wBias=-0.0101 condBias=2.5797 dotDrift=-0.126sigma uMRED=0.0054266051 uER=0.164062 uMAE=4.3750 WCE=80 bias=-2.6250
[quad_hard_ste:00000] loss=38.874363 tau=6.00 collapse_w=0.000 mid_frac=0.229 hard=score=0.0025480348 wNMSE=0.0003499657 wMSE=26.6605 wMRED=0.02314889 wER=0.095083 wMAE=1.1738 wBias=-0.0101 condBias=2.5797 dotDrift=-0.126sigma uMRED=0.0054266051 uER=0.164062 uMAE=4.3750 WCE=80 bias=-2.6250
[quad_hard_ste:00200] loss=19.310661 tau=6.00 collapse_w=0.000 mid_frac=0.229 hard=score=0.0066455335 wNMSE=0.00033030399 wMSE=25.1627 wMRED=0.02299028 wER=0.095083 wMAE=1.1504 wBias=0.2790 condBias=2.5062 dotDrift=+3.560sigma uMRED=0.0051544605 uER=0.164062 uMAE=4.1250 WCE=80 bias=-0.6250
[quad_hard_ste:00400] loss=19.310661 tau=6.00 collapse_w=0.000 mid_frac=0.229 hard=score=0.0066455335 wNMSE=0.00033030399 wMSE=25.1627 wMRED=0.02299028 wER=0.095083 wMAE=1.1504 wBias=0.2790 condBias=2.5062 dotDrift=+3.560sigma uMRED=0.0051544605 uER=0.164062 uMAE=4.1250 WCE=80 bias=-0.6250
[quad_hard_ste:00600] loss=33.321548 tau=6.00 collapse_w=0.000 mid_frac=0.250 hard=score=0.0718618582 wNMSE=0.00054971377 wMSE=41.8774 wMRED=0.10883125 wER=0.148758 wMAE=2.1951 wBias=-1.1119 condBias=3.2331 dotDrift=-10.997sigma uMRED=0.0068971468 uER=0.179688 uMAE=4.4375 WCE=80 bias=-1.1250
[quad_hard_ste:00800] loss=16.529676 tau=6.00 collapse_w=0.000 mid_frac=0.208 hard=score=0.0126147918 wNMSE=0.00028626899 wMSE=21.8081 wMRED=0.01990724 wER=0.095083 wMAE=1.0005 wBias=0.4399 condBias=2.3330 dotDrift=+6.028sigma uMRED=0.0049005792 uER=0.164062 uMAE=4.0000 WCE=72 bias=-0.3750
[quad_hard_ste:01000] loss=48.025444 tau=6.00 collapse_w=0.000 mid_frac=0.229 hard=score=0.0535348390 wNMSE=0.00050567876 wMSE=38.5228 wMRED=0.10574821 wER=0.148758 wMAE=2.0451 wBias=-0.9510 condBias=3.1008 dotDrift=-9.807sigma uMRED=0.0066432654 uER=0.179688 uMAE=4.3125 WCE=72 bias=-0.8750
[quad_hard_ste:01200] loss=16.529676 tau=6.00 collapse_w=0.000 mid_frac=0.208 hard=score=0.0340632803 wNMSE=0.00049301632 wMSE=37.5582 wMRED=0.10570529 wER=0.148758 wMAE=2.0376 wBias=-0.7398 condBias=3.0617 dotDrift=-7.726sigma uMRED=0.0065141713 uER=0.179688 uMAE=4.1875 WCE=64 bias=3.1250
[quad_hard_ste:01400] loss=48.025444 tau=6.00 collapse_w=0.000 mid_frac=0.188 hard=score=0.0250496566 wNMSE=0.00027360655 wMSE=20.8434 wMRED=0.01986431 wER=0.095083 wMAE=0.9929 wBias=0.6511 condBias=2.2808 dotDrift=+9.128sigma uMRED=0.0047714851 uER=0.164062 uMAE=3.8750 WCE=64 bias=3.6250
[quad_hard_ste:01600] loss=28.379013 tau=6.00 collapse_w=0.000 mid_frac=0.229 hard=score=0.0535348390 wNMSE=0.00050567876 wMSE=38.5228 wMRED=0.10574821 wER=0.148758 wMAE=2.0451 wBias=-0.9510 condBias=3.1008 dotDrift=-9.807sigma uMRED=0.0066432654 uER=0.179688 uMAE=4.3125 WCE=72 bias=-0.8750
[quad_hard_ste:01800] loss=28.379013 tau=6.00 collapse_w=0.000 mid_frac=0.208 hard=score=0.0340632803 wNMSE=0.00049301632 wMSE=37.5582 wMRED=0.10570529 wER=0.148758 wMAE=2.0376 wBias=-0.7398 condBias=3.0617 dotDrift=-7.726sigma uMRED=0.0065141713 uER=0.179688 uMAE=4.1875 WCE=64 bias=3.1250
[quad_hard_ste:02000] loss=48.025444 tau=6.00 collapse_w=0.000 mid_frac=0.208 hard=score=0.0126147918 wNMSE=0.00028626899 wMSE=21.8081 wMRED=0.01990724 wER=0.095083 wMAE=1.0005 wBias=0.4399 condBias=2.3330 dotDrift=+6.028sigma uMRED=0.0049005792 uER=0.164062 uMAE=4.0000 WCE=72 bias=-0.3750
[quad_hard_ste:02200] loss=16.529676 tau=6.00 collapse_w=0.000 mid_frac=0.188 hard=score=0.0250496566 wNMSE=0.00027360655 wMSE=20.8434 wMRED=0.01986431 wER=0.095083 wMAE=0.9929 wBias=0.6511 condBias=2.2808 dotDrift=+9.128sigma uMRED=0.0047714851 uER=0.164062 uMAE=3.8750 WCE=64 bias=3.6250
[quad_hard_ste:02400] loss=34.478741 tau=6.00 collapse_w=0.000 mid_frac=0.188 hard=score=0.0016141650 wNMSE=0.00020489326 wMSE=15.6088 wMRED=0.01714010 wER=0.095083 wMAE=0.8293 wBias=0.0273 condBias=1.9737 dotDrift=+0.442sigma uMRED=0.0044376218 uER=0.164062 uMAE=3.6875 WCE=64 bias=2.6250
[quad_hard_ste:02600] loss=34.478741 tau=6.00 collapse_w=0.000 mid_frac=0.188 hard=score=0.0016141650 wNMSE=0.00020489326 wMSE=15.6088 wMRED=0.01714010 wER=0.095083 wMAE=0.8293 wBias=0.0273 condBias=1.9737 dotDrift=+0.442sigma uMRED=0.0044376218 uER=0.164062 uMAE=3.6875 WCE=64 bias=2.6250
[quad_hard_ste:02800] loss=34.478741 tau=6.00 collapse_w=0.000 mid_frac=0.188 hard=score=0.0016141650 wNMSE=0.00020489326 wMSE=15.6088 wMRED=0.01714010 wER=0.095083 wMAE=0.8293 wBias=0.0273 condBias=1.9737 dotDrift=+0.442sigma uMRED=0.0044376218 uER=0.164062 uMAE=3.6875 WCE=64 bias=2.6250
[quad_hard_ste:03000] loss=34.478741 tau=6.00 collapse_w=0.000 mid_frac=0.208 hard=score=0.0034895080 wNMSE=0.0002175557 wMSE=16.5735 wMRED=0.01718302 wER=0.095083 wMAE=0.8369 wBias=-0.1840 condBias=2.0338 dotDrift=-2.892sigma uMRED=0.0045667159 uER=0.164062 uMAE=3.8125 WCE=72 bias=-1.3750
[quad_hard_ste:03200] loss=34.478741 tau=6.00 collapse_w=0.000 mid_frac=0.188 hard=score=0.0016141650 wNMSE=0.00020489326 wMSE=15.6088 wMRED=0.01714010 wER=0.095083 wMAE=0.8293 wBias=0.0273 condBias=1.9737 dotDrift=+0.442sigma uMRED=0.0044376218 uER=0.164062 uMAE=3.6875 WCE=64 bias=2.6250
[quad_hard_ste:03400] loss=34.478741 tau=6.00 collapse_w=0.000 mid_frac=0.208 hard=score=0.0034895080 wNMSE=0.0002175557 wMSE=16.5735 wMRED=0.01718302 wER=0.095083 wMAE=0.8369 wBias=-0.1840 condBias=2.0338 dotDrift=-2.892sigma uMRED=0.0045667159 uER=0.164062 uMAE=3.8125 WCE=72 bias=-1.3750
[quad_hard_ste:03600] loss=34.478741 tau=6.00 collapse_w=0.000 mid_frac=0.188 hard=score=0.0016141650 wNMSE=0.00020489326 wMSE=15.6088 wMRED=0.01714010 wER=0.095083 wMAE=0.8293 wBias=0.0273 condBias=1.9737 dotDrift=+0.442sigma uMRED=0.0044376218 uER=0.164062 uMAE=3.6875 WCE=64 bias=2.6250
[quad_hard_ste:03800] loss=23.952450 tau=6.00 collapse_w=0.000 mid_frac=0.188 hard=score=0.0016141650 wNMSE=0.00020489326 wMSE=15.6088 wMRED=0.01714010 wER=0.095083 wMAE=0.8293 wBias=0.0273 condBias=1.9737 dotDrift=+0.442sigma uMRED=0.0044376218 uER=0.164062 uMAE=3.6875 WCE=64 bias=2.6250
[quad_hard_ste:03999] loss=45.632851 tau=6.00 collapse_w=0.000 mid_frac=0.188 hard=score=0.0053627292 wNMSE=0.0002153895 wMSE=16.4084 wMRED=0.01722726 wER=0.095083 wMAE=0.8418 wBias=-0.2619 condBias=2.0237 dotDrift=-4.137sigma uMRED=0.0045747770 uER=0.164062 uMAE=3.8125 WCE=64 bias=0.6250
[pop00_soft:00000] loss=2.832779 tau=1.50 collapse_w=0.000 mid_frac=0.354 hard=score=0.4137756108 wNMSE=0.0044165371 wMSE=336.4534 wMRED=0.10777474 wER=0.135123 wMAE=4.2179 wBias=2.6639 condBias=9.1634 dotDrift=+9.295sigma uMRED=0.0146593992 uER=0.203125 uMAE=10.4062 WCE=128 bias=7.5000
[pop00_soft:00200] loss=5.300781 tau=2.25 collapse_w=0.000 mid_frac=0.375 hard=score=1.3153796178 wNMSE=0.0055278847 wMSE=421.1162 wMRED=0.39618090 wER=0.159629 wMAE=7.3357 wBias=4.8498 condBias=10.2531 dotDrift=+15.125sigma uMRED=0.0212089486 uER=0.230469 uMAE=12.7500 WCE=112 bias=-2.8750
[pop00_soft:00400] loss=0.134369 tau=3.00 collapse_w=0.000 mid_frac=0.250 hard=score=1.8849539421 wNMSE=0.0058934376 wMSE=448.9642 wMRED=0.43653203 wER=0.159629 wMAE=7.4798 wBias=5.8277 condBias=11.6652 dotDrift=+17.602sigma uMRED=0.0192813192 uER=0.230469 uMAE=10.3125 WCE=72 bias=4.2500
[pop00_soft:00600] loss=0.043947 tau=3.75 collapse_w=0.000 mid_frac=0.250 hard=score=1.8119610350 wNMSE=0.0058120265 wMSE=442.7622 wMRED=0.43652747 wER=0.175954 wMAE=7.4796 wBias=5.7120 condBias=11.4335 dotDrift=+17.373sigma uMRED=0.0192813192 uER=0.234375 uMAE=10.3125 WCE=72 bias=4.1250
[pop00_soft:00800] loss=0.039458 tau=4.50 collapse_w=0.084 mid_frac=0.292 hard=score=1.7136431130 wNMSE=0.0058177145 wMSE=443.1956 wMRED=0.43802668 wER=0.175954 wMAE=7.5346 wBias=5.5511 condBias=11.1115 dotDrift=+16.876sigma uMRED=0.0194503190 uER=0.234375 uMAE=10.4375 WCE=72 bias=3.8750
[pop00_soft:01000] loss=0.041814 tau=5.25 collapse_w=0.293 mid_frac=0.271 hard=score=1.7136431130 wNMSE=0.0058177145 wMSE=443.1956 wMRED=0.43802668 wER=0.175954 wMAE=7.5346 wBias=5.5511 condBias=11.1115 dotDrift=+16.876sigma uMRED=0.0194503190 uER=0.234375 uMAE=10.4375 WCE=72 bias=3.8750
[pop00_soft:01199] loss=0.041032 tau=6.00 collapse_w=0.500 mid_frac=0.229 hard=score=1.7136431130 wNMSE=0.0058177145 wMSE=443.1956 wMRED=0.43802668 wER=0.175954 wMAE=7.5346 wBias=5.5511 condBias=11.1115 dotDrift=+16.876sigma uMRED=0.0194503190 uER=0.234375 uMAE=10.4375 WCE=72 bias=3.8750
[pop00_hard:00000] loss=146.573318 tau=6.00 collapse_w=0.000 mid_frac=0.229 hard=score=1.7136431130 wNMSE=0.0058177145 wMSE=443.1956 wMRED=0.43802668 wER=0.175954 wMAE=7.5346 wBias=5.5511 condBias=11.1115 dotDrift=+16.876sigma uMRED=0.0194503190 uER=0.234375 uMAE=10.4375 WCE=72 bias=3.8750
[pop00_hard:00200] loss=105.503441 tau=6.00 collapse_w=0.000 mid_frac=0.229 hard=score=1.4830491976 wNMSE=0.0055428611 wMSE=422.2571 wMRED=0.41958563 wER=0.175954 wMAE=7.3759 wBias=5.1577 condBias=10.3244 dotDrift=+16.064sigma uMRED=0.0189937911 uER=0.234375 uMAE=10.2500 WCE=72 bias=-0.2500
[pop00_hard:00400] loss=102.502327 tau=6.00 collapse_w=0.000 mid_frac=0.229 hard=score=1.2964576746 wNMSE=0.0050866128 wMSE=387.5000 wMRED=0.38284461 wER=0.175954 wMAE=7.0825 wBias=4.8191 condBias=9.8355 dotDrift=+15.668sigma uMRED=0.0184703681 uER=0.234375 uMAE=10.2500 WCE=74 bias=-0.5000
[pop00_hard:00599] loss=34.545788 tau=6.00 collapse_w=0.000 mid_frac=0.188 hard=score=0.0174635487 wNMSE=0.00084565343 wMSE=64.4222 wMRED=0.07344543 wER=0.152414 wMAE=2.2560 wBias=-0.4554 condBias=4.0109 dotDrift=-3.631sigma uMRED=0.0105415943 uER=0.226562 uMAE=8.1562 WCE=74 bias=-0.5000
[pop00] done (conf=0.53, noise=0.5); global best score=0.0016111764 wNMSE=0.00012742207 wMSE=9.7071 wMRED=0.02810209 wER=0.088891 wMAE=0.7864 wBias=-0.0872 condBias=1.5569 dotDrift=-1.790sigma uMRED=0.0019195893 uER=0.109375 uMAE=1.1250 WCE=16 bias=0.0000
[pop01_soft:00000] loss=1.730144 tau=1.50 collapse_w=0.000 mid_frac=0.375 hard=score=0.0457765097 wNMSE=0.0069249528 wMSE=527.5454 wMRED=0.25665667 wER=0.205961 wMAE=6.7220 wBias=-0.0662 condBias=11.4779 dotDrift=-0.184sigma uMRED=0.0197281277 uER=0.242188 uMAE=12.4766 WCE=161 bias=-6.0000
[pop01_soft:00200] loss=4.326319 tau=2.25 collapse_w=0.000 mid_frac=0.375 hard=score=1.5147132546 wNMSE=0.0054467903 wMSE=414.9384 wMRED=0.42973562 wER=0.216412 wMAE=7.3726 wBias=5.2148 condBias=10.4389 dotDrift=+16.384sigma uMRED=0.0182127317 uER=0.246094 uMAE=9.3906 WCE=78 bias=-1.0625
[pop01_soft:00400] loss=0.125815 tau=3.00 collapse_w=0.000 mid_frac=0.292 hard=score=0.5396658504 wNMSE=0.002335128 wMSE=177.8909 wMRED=0.21342906 wER=0.175954 wMAE=4.5500 wBias=3.1031 condBias=6.6647 dotDrift=+14.890sigma uMRED=0.0149626272 uER=0.234375 uMAE=9.7812 WCE=104 bias=1.3750
[pop01_soft:00600] loss=0.064853 tau=3.75 collapse_w=0.000 mid_frac=0.271 hard=score=0.5396658504 wNMSE=0.002335128 wMSE=177.8909 wMRED=0.21342906 wER=0.175954 wMAE=4.5500 wBias=3.1031 condBias=6.6647 dotDrift=+14.890sigma uMRED=0.0149626272 uER=0.234375 uMAE=9.7812 WCE=104 bias=1.3750
[pop01_soft:00800] loss=0.053083 tau=4.50 collapse_w=0.084 mid_frac=0.271 hard=score=0.5396658504 wNMSE=0.002335128 wMSE=177.8909 wMRED=0.21342906 wER=0.175954 wMAE=4.5500 wBias=3.1031 condBias=6.6647 dotDrift=+14.890sigma uMRED=0.0149626272 uER=0.234375 uMAE=9.7812 WCE=104 bias=1.3750
[pop01_soft:01000] loss=0.045234 tau=5.25 collapse_w=0.293 mid_frac=0.250 hard=score=0.5396658504 wNMSE=0.002335128 wMSE=177.8909 wMRED=0.21342906 wER=0.175954 wMAE=4.5500 wBias=3.1031 condBias=6.6647 dotDrift=+14.890sigma uMRED=0.0149626272 uER=0.234375 uMAE=9.7812 WCE=104 bias=1.3750
[pop01_soft:01199] loss=0.040126 tau=6.00 collapse_w=0.500 mid_frac=0.208 hard=score=0.5396658504 wNMSE=0.002335128 wMSE=177.8909 wMRED=0.21342906 wER=0.175954 wMAE=4.5500 wBias=3.1031 condBias=6.6647 dotDrift=+14.890sigma uMRED=0.0149626272 uER=0.234375 uMAE=9.7812 WCE=104 bias=1.3750
[pop01_hard:00000] loss=85.427437 tau=6.00 collapse_w=0.000 mid_frac=0.208 hard=score=0.5396658504 wNMSE=0.002335128 wMSE=177.8909 wMRED=0.21342906 wER=0.175954 wMAE=4.5500 wBias=3.1031 condBias=6.6647 dotDrift=+14.890sigma uMRED=0.0149626272 uER=0.234375 uMAE=9.7812 WCE=104 bias=1.3750
[pop01_hard:00200] loss=230.575043 tau=6.00 collapse_w=0.000 mid_frac=0.208 hard=score=4.0208518541 wNMSE=0.011466749 wMSE=873.5411 wMRED=0.63489192 wER=0.175954 wMAE=9.9848 wBias=-8.5226 condBias=17.0593 dotDrift=-18.455sigma uMRED=0.0219908743 uER=0.234375 uMAE=9.6562 WCE=100 bias=-6.6250
[pop01_hard:00400] loss=230.575043 tau=6.00 collapse_w=0.000 mid_frac=0.208 hard=score=4.0208518541 wNMSE=0.011466749 wMSE=873.5411 wMRED=0.63489192 wER=0.175954 wMAE=9.9848 wBias=-8.5226 condBias=17.0593 dotDrift=-18.455sigma uMRED=0.0219908743 uER=0.234375 uMAE=9.6562 WCE=100 bias=-6.6250
[pop01_hard:00599] loss=222.098618 tau=6.00 collapse_w=0.000 mid_frac=0.125 hard=score=3.6707582382 wNMSE=0.011240779 wMSE=856.3266 wMRED=0.63824655 wER=0.175561 wMAE=9.9988 wBias=-8.1371 condBias=16.2876 dotDrift=-17.796sigma uMRED=0.0218754692 uER=0.226562 uMAE=9.5000 WCE=98 bias=-6.2500
[pop01] done (conf=0.51, noise=1.0); global best score=0.0016111764 wNMSE=0.00012742207 wMSE=9.7071 wMRED=0.02810209 wER=0.088891 wMAE=0.7864 wBias=-0.0872 condBias=1.5569 dotDrift=-1.790sigma uMRED=0.0019195893 uER=0.109375 uMAE=1.1250 WCE=16 bias=0.0000
[pop02_soft:00000] loss=2.158888 tau=1.50 collapse_w=0.000 mid_frac=0.396 hard=score=7.8978452583 wNMSE=0.019921696 wMSE=1517.6419 wMRED=0.87317106 wER=0.203033 wMAE=12.4984 wBias=-11.9601 condBias=23.9401 dotDrift=-19.649sigma uMRED=0.0286200629 uER=0.234375 uMAE=12.6406 WCE=141 bias=-8.4375
[pop02_soft:00200] loss=0.659094 tau=2.25 collapse_w=0.000 mid_frac=0.250 hard=score=0.0183913771 wNMSE=0.00078253806 wMSE=59.6140 wMRED=0.04357851 wER=0.169477 wMAE=1.8636 wBias=-0.4870 condBias=3.8585 dotDrift=-4.037sigma uMRED=0.0103751576 uER=0.218750 uMAE=8.6094 WCE=78 bias=-4.1875
[pop02_soft:00400] loss=0.076441 tau=3.00 collapse_w=0.000 mid_frac=0.229 hard=score=0.0363011927 wNMSE=0.00072595789 wMSE=55.3037 wMRED=0.03675947 wER=0.151802 wMAE=1.6825 wBias=-0.7584 condBias=3.7163 dotDrift=-6.527sigma uMRED=0.0088102531 uER=0.210938 uMAE=7.1875 WCE=78 bias=-6.3750
[pop02_soft:00600] loss=0.042721 tau=3.75 collapse_w=0.000 mid_frac=0.229 hard=score=0.0363011927 wNMSE=0.00072595789 wMSE=55.3037 wMRED=0.03675947 wER=0.151802 wMAE=1.6825 wBias=-0.7584 condBias=3.7163 dotDrift=-6.527sigma uMRED=0.0088102531 uER=0.210938 uMAE=7.1875 WCE=78 bias=-6.3750
[pop02_soft:00800] loss=0.041092 tau=4.50 collapse_w=0.084 mid_frac=0.250 hard=score=0.0301451148 wNMSE=0.0006481622 wMSE=49.3772 wMRED=0.03618054 wER=0.151802 wMAE=1.6102 wBias=-0.6862 condBias=3.5115 dotDrift=-6.249sigma uMRED=0.0082333016 uER=0.210938 uMAE=6.6875 WCE=78 bias=-5.8750
[pop02_soft:01000] loss=0.041023 tau=5.25 collapse_w=0.293 mid_frac=0.208 hard=score=0.0301451148 wNMSE=0.0006481622 wMSE=49.3772 wMRED=0.03618054 wER=0.151802 wMAE=1.6102 wBias=-0.6862 condBias=3.5115 dotDrift=-6.249sigma uMRED=0.0082333016 uER=0.210938 uMAE=6.6875 WCE=78 bias=-5.8750
[pop02_soft:01199] loss=0.039887 tau=6.00 collapse_w=0.500 mid_frac=0.188 hard=score=0.0301451148 wNMSE=0.0006481622 wMSE=49.3772 wMRED=0.03618054 wER=0.151802 wMAE=1.6102 wBias=-0.6862 condBias=3.5115 dotDrift=-6.249sigma uMRED=0.0082333016 uER=0.210938 uMAE=6.6875 WCE=78 bias=-5.8750
[pop02_hard:00000] loss=84.037193 tau=6.00 collapse_w=0.000 mid_frac=0.188 hard=score=0.0301451148 wNMSE=0.0006481622 wMSE=49.3772 wMRED=0.03618054 wER=0.151802 wMAE=1.6102 wBias=-0.6862 condBias=3.5115 dotDrift=-6.249sigma uMRED=0.0082333016 uER=0.210938 uMAE=6.6875 WCE=78 bias=-5.8750
[pop02_hard:00200] loss=84.037193 tau=6.00 collapse_w=0.000 mid_frac=0.167 hard=score=0.0301451148 wNMSE=0.0006481622 wMSE=49.3772 wMRED=0.03618054 wER=0.151802 wMAE=1.6102 wBias=-0.6862 condBias=3.5115 dotDrift=-6.249sigma uMRED=0.0082333016 uER=0.210938 uMAE=6.6875 WCE=78 bias=-5.8750
[pop02_hard:00400] loss=66.559036 tau=6.00 collapse_w=0.000 mid_frac=0.146 hard=score=0.0062432605 wNMSE=0.00051765507 wMSE=39.4351 wMRED=0.04416285 wER=0.169477 wMAE=1.4658 wBias=0.2089 condBias=3.1385 dotDrift=+2.129sigma uMRED=0.0075244328 uER=0.218750 uMAE=6.0625 WCE=78 bias=-4.6250
[pop02_hard:00599] loss=49.068043 tau=6.00 collapse_w=0.000 mid_frac=0.167 hard=score=0.0173973526 wNMSE=0.0005265431 wMSE=40.1122 wMRED=0.04425869 wER=0.169477 wMAE=1.4764 wBias=0.4980 condBias=3.1653 dotDrift=+5.033sigma uMRED=0.0075687307 uER=0.218750 uMAE=6.0938 WCE=78 bias=-2.6250
[pop02] done (conf=0.53, noise=0.5); global best score=0.0016111764 wNMSE=0.00012742207 wMSE=9.7071 wMRED=0.02810209 wER=0.088891 wMAE=0.7864 wBias=-0.0872 condBias=1.5569 dotDrift=-1.790sigma uMRED=0.0019195893 uER=0.109375 uMAE=1.1250 WCE=16 bias=0.0000
[pop03_soft:00000] loss=1.892778 tau=1.50 collapse_w=0.000 mid_frac=0.417 hard=score=0.9731244231 wNMSE=0.0030902308 wMSE=235.4149 wMRED=0.21559486 wER=0.214534 wMAE=5.0724 wBias=4.1864 condBias=8.3811 dotDrift=+17.462sigma uMRED=0.0115875557 uER=0.238281 uMAE=6.1406 WCE=92 bias=4.3750
[pop03_soft:00200] loss=0.332528 tau=2.25 collapse_w=0.000 mid_frac=0.417 hard=score=0.1935857728 wNMSE=0.0014121434 wMSE=107.5776 wMRED=0.20259505 wER=0.214534 wMAE=3.8451 wBias=1.8333 condBias=5.1821 dotDrift=+11.312sigma uMRED=0.0087585806 uER=0.238281 uMAE=4.3750 WCE=44 bias=0.6250
[pop03_soft:00400] loss=0.264852 tau=3.00 collapse_w=0.000 mid_frac=0.438 hard=score=0.2595102899 wNMSE=0.001685538 wMSE=128.4049 wMRED=0.23950866 wER=0.166863 wMAE=4.1665 wBias=2.1303 condBias=5.6614 dotDrift=+12.032sigma uMRED=0.0092313714 uER=0.203125 uMAE=4.3125 WCE=40 bias=0.8750
[pop03_soft:00600] loss=0.052144 tau=3.75 collapse_w=0.000 mid_frac=0.396 hard=score=0.4117024619 wNMSE=0.0015199988 wMSE=115.7941 wMRED=0.22721494 wER=0.166863 wMAE=3.7235 wBias=2.7134 condBias=5.4313 dotDrift=+16.138sigma uMRED=0.0082495342 uER=0.203125 uMAE=3.7812 WCE=40 bias=1.6250
[pop03_soft:00800] loss=0.045648 tau=4.50 collapse_w=0.084 mid_frac=0.396 hard=score=0.4117024619 wNMSE=0.0015199988 wMSE=115.7941 wMRED=0.22721494 wER=0.166863 wMAE=3.7235 wBias=2.7134 condBias=5.4313 dotDrift=+16.138sigma uMRED=0.0082495342 uER=0.203125 uMAE=3.7812 WCE=40 bias=1.6250
[pop03_soft:01000] loss=0.048704 tau=5.25 collapse_w=0.293 mid_frac=0.396 hard=score=0.4117024619 wNMSE=0.0015199988 wMSE=115.7941 wMRED=0.22721494 wER=0.166863 wMAE=3.7235 wBias=2.7134 condBias=5.4313 dotDrift=+16.138sigma uMRED=0.0082495342 uER=0.203125 uMAE=3.7812 WCE=40 bias=1.6250
[pop03_soft:01199] loss=0.047614 tau=6.00 collapse_w=0.500 mid_frac=0.375 hard=score=0.4117024619 wNMSE=0.0015199988 wMSE=115.7941 wMRED=0.22721494 wER=0.166863 wMAE=3.7235 wBias=2.7134 condBias=5.4313 dotDrift=+16.138sigma uMRED=0.0082495342 uER=0.203125 uMAE=3.7812 WCE=40 bias=1.6250
[pop03_hard:00000] loss=50.409046 tau=6.00 collapse_w=0.000 mid_frac=0.375 hard=score=0.4117024619 wNMSE=0.0015199988 wMSE=115.7941 wMRED=0.22721494 wER=0.166863 wMAE=3.7235 wBias=2.7134 condBias=5.4313 dotDrift=+16.138sigma uMRED=0.0082495342 uER=0.203125 uMAE=3.7812 WCE=40 bias=1.6250
[pop03_hard:00200] loss=50.409046 tau=6.00 collapse_w=0.000 mid_frac=0.375 hard=score=0.4117024619 wNMSE=0.0015199988 wMSE=115.7941 wMRED=0.22721494 wER=0.166863 wMAE=3.7235 wBias=2.7134 condBias=5.4313 dotDrift=+16.138sigma uMRED=0.0082495342 uER=0.203125 uMAE=3.7812 WCE=40 bias=1.6250
[pop03_hard:00400] loss=50.409046 tau=6.00 collapse_w=0.000 mid_frac=0.375 hard=score=0.4117024619 wNMSE=0.0015199988 wMSE=115.7941 wMRED=0.22721494 wER=0.166863 wMAE=3.7235 wBias=2.7134 condBias=5.4313 dotDrift=+16.138sigma uMRED=0.0082495342 uER=0.203125 uMAE=3.7812 WCE=40 bias=1.6250
[pop03_hard:00599] loss=50.409046 tau=6.00 collapse_w=0.000 mid_frac=0.375 hard=score=0.4117024619 wNMSE=0.0015199988 wMSE=115.7941 wMRED=0.22721494 wER=0.166863 wMAE=3.7235 wBias=2.7134 condBias=5.4313 dotDrift=+16.138sigma uMRED=0.0082495342 uER=0.203125 uMAE=3.7812 WCE=40 bias=1.6250
[pop03] done (conf=0.51, noise=1.0); global best score=0.0016111764 wNMSE=0.00012742207 wMSE=9.7071 wMRED=0.02810209 wER=0.088891 wMAE=0.7864 wBias=-0.0872 condBias=1.5569 dotDrift=-1.790sigma uMRED=0.0019195893 uER=0.109375 uMAE=1.1250 WCE=16 bias=0.0000
[pop04_soft:00000] loss=3.165017 tau=1.50 collapse_w=0.000 mid_frac=0.188 hard=score=0.7544152233 wNMSE=0.0053104847 wMSE=404.5546 wMRED=0.38241137 wER=0.172559 wMAE=7.3401 wBias=-3.6353 condBias=10.0493 dotDrift=-11.567sigma uMRED=0.0171473702 uER=0.203125 uMAE=8.5391 WCE=80 bias=1.1875
[pop04_soft:00200] loss=0.579632 tau=2.25 collapse_w=0.000 mid_frac=0.250 hard=score=2.0083143738 wNMSE=0.0065187157 wMSE=496.5981 wMRED=0.45811871 wER=0.175173 wMAE=8.1223 wBias=6.0132 condBias=12.0371 dotDrift=+17.270sigma uMRED=0.0186904012 uER=0.218750 uMAE=8.9531 WCE=73 bias=-0.4375
[pop04_soft:00400] loss=0.057546 tau=3.00 collapse_w=0.000 mid_frac=0.167 hard=score=0.6741573066 wNMSE=0.0026816667 wMSE=204.2903 wMRED=0.24178620 wER=0.158663 wMAE=5.0618 wBias=3.4730 condBias=7.1418 dotDrift=+15.551sigma uMRED=0.0134237804 uER=0.210938 uMAE=7.5938 WCE=72 bias=2.7500
[pop04_soft:00600] loss=0.047212 tau=3.75 collapse_w=0.000 mid_frac=0.188 hard=score=0.7293942195 wNMSE=0.0026171683 wMSE=199.3768 wMRED=0.24062835 wER=0.155388 wMAE=4.9173 wBias=3.6176 condBias=7.2414 dotDrift=+16.397sigma uMRED=0.0122698774 uER=0.191406 uMAE=6.5938 WCE=72 bias=3.7500
[pop04_soft:00800] loss=0.042702 tau=4.50 collapse_w=0.084 mid_frac=0.188 hard=score=0.2217812108 wNMSE=0.0022250148 wMSE=169.5024 wMRED=0.21167324 wER=0.155388 wMAE=4.4505 wBias=-1.9461 condBias=6.5054 dotDrift=-9.567sigma uMRED=0.0114862784 uER=0.191406 uMAE=6.3750 WCE=72 bias=1.7500
[pop04_soft:01000] loss=0.047623 tau=5.25 collapse_w=0.293 mid_frac=0.188 hard=score=0.2217812108 wNMSE=0.0022250148 wMSE=169.5024 wMRED=0.21167324 wER=0.155388 wMAE=4.4505 wBias=-1.9461 condBias=6.5054 dotDrift=-9.567sigma uMRED=0.0114862784 uER=0.191406 uMAE=6.3750 WCE=72 bias=1.7500
[pop04_soft:01199] loss=0.047064 tau=6.00 collapse_w=0.500 mid_frac=0.188 hard=score=0.2217812108 wNMSE=0.0022250148 wMSE=169.5024 wMRED=0.21167324 wER=0.155388 wMAE=4.4505 wBias=-1.9461 condBias=6.5054 dotDrift=-9.567sigma uMRED=0.0114862784 uER=0.191406 uMAE=6.3750 WCE=72 bias=1.7500
[pop04_hard:00000] loss=64.249763 tau=6.00 collapse_w=0.000 mid_frac=0.188 hard=score=0.2217812108 wNMSE=0.0022250148 wMSE=169.5024 wMRED=0.21167324 wER=0.155388 wMAE=4.4505 wBias=-1.9461 condBias=6.5054 dotDrift=-9.567sigma uMRED=0.0114862784 uER=0.191406 uMAE=6.3750 WCE=72 bias=1.7500
[pop04_hard:00200] loss=84.134895 tau=6.00 collapse_w=0.000 mid_frac=0.208 hard=score=0.8871029890 wNMSE=0.0023494335 wMSE=178.9807 wMRED=0.21281426 wER=0.155388 wMAE=4.5245 wBias=-4.0034 condBias=8.0147 dotDrift=-19.152sigma uMRED=0.0116469836 uER=0.191406 uMAE=6.4688 WCE=72 bias=-2.2500
[pop04_hard:00400] loss=125.024590 tau=6.00 collapse_w=0.000 mid_frac=0.208 hard=score=1.1169997203 wNMSE=0.0023111814 wMSE=176.0666 wMRED=0.21265181 wER=0.155388 wMAE=4.5018 wBias=-4.5018 condBias=9.0120 dotDrift=-21.713sigma uMRED=0.0114064407 uER=0.191406 uMAE=6.2500 WCE=70 bias=-6.2500
[pop04_hard:00599] loss=107.726509 tau=6.00 collapse_w=0.000 mid_frac=0.188 hard=score=0.8319316143 wNMSE=0.0021237688 wMSE=161.7895 wMRED=0.20643074 wER=0.151790 wMAE=4.0556 wBias=-3.8779 condBias=7.7628 dotDrift=-19.512sigma uMRED=0.0101995307 uER=0.183594 uMAE=5.4688 WCE=70 bias=-5.2500
[pop04] done (conf=0.53, noise=0.5); global best score=0.0016111764 wNMSE=0.00012742207 wMSE=9.7071 wMRED=0.02810209 wER=0.088891 wMAE=0.7864 wBias=-0.0872 condBias=1.5569 dotDrift=-1.790sigma uMRED=0.0019195893 uER=0.109375 uMAE=1.1250 WCE=16 bias=0.0000
[pop05_soft:00000] loss=2.466601 tau=1.50 collapse_w=0.000 mid_frac=0.438 hard=score=6.8327885103 wNMSE=0.019294371 wMSE=1469.8520 wMRED=0.83642496 wER=0.216412 wMAE=13.1047 wBias=-11.1132 condBias=22.2457 dotDrift=-18.552sigma uMRED=0.0300931143 uER=0.246094 uMAE=13.8125 WCE=131 bias=-0.8750
[pop05_soft:00200] loss=10.346288 tau=2.25 collapse_w=0.000 mid_frac=0.396 hard=score=0.0152257528 wNMSE=0.0018992275 wMSE=144.6838 wMRED=0.06797274 wER=0.194815 wMAE=3.2187 wBias=-0.2158 condBias=6.0114 dotDrift=-1.148sigma uMRED=0.0143956589 uER=0.242188 uMAE=11.2812 WCE=102 bias=0.6250
[pop05_soft:00400] loss=0.210481 tau=3.00 collapse_w=0.000 mid_frac=0.333 hard=score=0.0873111582 wNMSE=0.0020112015 wMSE=153.2140 wMRED=0.06231023 wER=0.194815 wMAE=3.1933 wBias=1.1674 condBias=6.1858 dotDrift=+6.036sigma uMRED=0.0133483702 uER=0.242188 uMAE=10.2812 WCE=94 bias=2.0000
[pop05_soft:00600] loss=0.051257 tau=3.75 collapse_w=0.000 mid_frac=0.292 hard=score=0.0363461176 wNMSE=0.0015159475 wMSE=115.4854 wMRED=0.05208603 wER=0.175954 wMAE=2.7441 wBias=-0.6947 condBias=5.3703 dotDrift=-4.137sigma uMRED=0.0127522513 uER=0.234375 uMAE=10.1562 WCE=94 bias=2.0000
[pop05_soft:00800] loss=0.038329 tau=4.50 collapse_w=0.084 mid_frac=0.312 hard=score=0.0363461176 wNMSE=0.0015159475 wMSE=115.4854 wMRED=0.05208603 wER=0.175954 wMAE=2.7441 wBias=-0.6947 condBias=5.3703 dotDrift=-4.137sigma uMRED=0.0127522513 uER=0.234375 uMAE=10.1562 WCE=94 bias=2.0000
[pop05_soft:01000] loss=0.040845 tau=5.25 collapse_w=0.293 mid_frac=0.333 hard=score=0.1145192505 wNMSE=0.0020889922 wMSE=159.1402 wMRED=0.05610428 wER=0.175954 wMAE=3.0851 wBias=1.3626 condBias=6.3040 dotDrift=+6.913sigma uMRED=0.0139061667 uER=0.234375 uMAE=10.9688 WCE=94 bias=6.0000
[pop05_soft:01199] loss=0.038517 tau=6.00 collapse_w=0.500 mid_frac=0.312 hard=score=0.1145192505 wNMSE=0.0020889922 wMSE=159.1402 wMRED=0.05610428 wER=0.175954 wMAE=3.0851 wBias=1.3626 condBias=6.3040 dotDrift=+6.913sigma uMRED=0.0139061667 uER=0.234375 uMAE=10.9688 WCE=94 bias=6.0000
[pop05_hard:00000] loss=117.960365 tau=6.00 collapse_w=0.000 mid_frac=0.312 hard=score=0.1145192505 wNMSE=0.0020889922 wMSE=159.1402 wMRED=0.05610428 wER=0.175954 wMAE=3.0851 wBias=1.3626 condBias=6.3040 dotDrift=+6.913sigma uMRED=0.0139061667 uER=0.234375 uMAE=10.9688 WCE=94 bias=6.0000
[pop05_hard:00200] loss=92.800667 tau=6.00 collapse_w=0.000 mid_frac=0.250 hard=score=0.1150152573 wNMSE=0.0011614516 wMSE=88.4798 wMRED=0.05061015 wER=0.175954 wMAE=2.5331 wBias=-1.4043 condBias=4.7006 dotDrift=-9.555sigma uMRED=0.0103190789 uER=0.234375 uMAE=7.9062 WCE=62 bias=-6.0000
[pop05_hard:00400] loss=73.703667 tau=6.00 collapse_w=0.000 mid_frac=0.208 hard=score=0.0379828154 wNMSE=0.0010560674 wMSE=80.4516 wMRED=0.04647489 wER=0.175954 wMAE=2.2553 wBias=-0.7524 condBias=4.4826 dotDrift=-5.369sigma uMRED=0.0099755844 uER=0.234375 uMAE=7.8438 WCE=62 bias=-4.5000
[pop05_hard:00599] loss=73.703667 tau=6.00 collapse_w=0.000 mid_frac=0.125 hard=score=0.0379828154 wNMSE=0.0010560674 wMSE=80.4516 wMRED=0.04647489 wER=0.175954 wMAE=2.2553 wBias=-0.7524 condBias=4.4826 dotDrift=-5.369sigma uMRED=0.0099755844 uER=0.234375 uMAE=7.8438 WCE=62 bias=-4.5000
[pop05] done (conf=0.51, noise=1.0); global best score=0.0016111764 wNMSE=0.00012742207 wMSE=9.7071 wMRED=0.02810209 wER=0.088891 wMAE=0.7864 wBias=-0.0872 condBias=1.5569 dotDrift=-1.790sigma uMRED=0.0019195893 uER=0.109375 uMAE=1.1250 WCE=16 bias=0.0000
[pop06_soft:00000] loss=2.455205 tau=1.50 collapse_w=0.000 mid_frac=0.208 hard=score=1.7050424804 wNMSE=0.0089041276 wMSE=678.3196 wMRED=0.25934775 wER=0.215185 wMAE=7.2561 wBias=5.5083 condBias=13.0121 dotDrift=+13.536sigma uMRED=0.0229905759 uER=0.238281 uMAE=15.2031 WCE=160 bias=4.0625
[pop06_soft:00200] loss=3.745250 tau=2.25 collapse_w=0.000 mid_frac=0.208 hard=score=0.3156167952 wNMSE=0.0024470953 wMSE=186.4206 wMRED=0.23485503 wER=0.215926 wMAE=5.0471 wBias=2.3419 condBias=6.8223 dotDrift=+10.977sigma uMRED=0.0150049225 uER=0.242188 uMAE=9.3516 WCE=83 bias=-3.4375
[pop06_soft:00400] loss=0.064056 tau=3.00 collapse_w=0.000 mid_frac=0.146 hard=score=0.4863128240 wNMSE=0.0026602167 wMSE=202.6563 wMRED=0.24187857 wER=0.175954 wMAE=5.1135 wBias=2.9332 condBias=7.1131 dotDrift=+13.187sigma uMRED=0.0154077364 uER=0.234375 uMAE=9.6250 WCE=80 bias=-2.3750
[pop06_soft:00600] loss=0.044039 tau=3.75 collapse_w=0.000 mid_frac=0.125 hard=score=0.2111245407 wNMSE=0.0018727397 wMSE=142.6660 wMRED=0.22968090 wER=0.169477 wMAE=4.1762 wBias=1.9046 condBias=5.9678 dotDrift=+10.205sigma uMRED=0.0126258911 uER=0.218750 uMAE=7.7500 WCE=80 bias=-4.3750
[pop06_soft:00800] loss=0.036048 tau=4.50 collapse_w=0.084 mid_frac=0.167 hard=score=0.2111245407 wNMSE=0.0018727397 wMSE=142.6660 wMRED=0.22968090 wER=0.169477 wMAE=4.1762 wBias=1.9046 condBias=5.9678 dotDrift=+10.205sigma uMRED=0.0126258911 uER=0.218750 uMAE=7.7500 WCE=80 bias=-4.3750
[pop06_soft:01000] loss=0.038922 tau=5.25 collapse_w=0.293 mid_frac=0.167 hard=score=0.1983375886 wNMSE=0.0018557384 wMSE=141.3708 wMRED=0.22921177 wER=0.168422 wMAE=4.1139 wBias=1.8423 condBias=5.9406 dotDrift=+9.916sigma uMRED=0.0120618322 uER=0.210938 uMAE=7.2500 WCE=80 bias=-4.8750
[pop06_soft:01199] loss=0.034129 tau=6.00 collapse_w=0.500 mid_frac=0.146 hard=score=0.1983375886 wNMSE=0.0018557384 wMSE=141.3708 wMRED=0.22921177 wER=0.168422 wMAE=4.1139 wBias=1.8423 condBias=5.9406 dotDrift=+9.916sigma uMRED=0.0120618322 uER=0.210938 uMAE=7.2500 WCE=80 bias=-4.8750
[pop06_hard:00000] loss=95.165154 tau=6.00 collapse_w=0.000 mid_frac=0.146 hard=score=0.1983375886 wNMSE=0.0018557384 wMSE=141.3708 wMRED=0.22921177 wER=0.168422 wMAE=4.1139 wBias=1.8423 condBias=5.9406 dotDrift=+9.916sigma uMRED=0.0120618322 uER=0.210938 uMAE=7.2500 WCE=80 bias=-4.8750
[pop06_hard:00200] loss=95.165154 tau=6.00 collapse_w=0.000 mid_frac=0.146 hard=score=0.1983375886 wNMSE=0.0018557384 wMSE=141.3708 wMRED=0.22921177 wER=0.168422 wMAE=4.1139 wBias=1.8423 condBias=5.9406 dotDrift=+9.916sigma uMRED=0.0120618322 uER=0.210938 uMAE=7.2500 WCE=80 bias=-4.8750
[pop06_hard:00400] loss=111.783714 tau=6.00 collapse_w=0.000 mid_frac=0.125 hard=score=0.2088915888 wNMSE=0.0018304305 wMSE=139.4428 wMRED=0.22892570 wER=0.167641 wMAE=4.0611 wBias=1.8951 condBias=5.9000 dotDrift=+10.271sigma uMRED=0.0110437284 uER=0.195312 uMAE=6.2500 WCE=80 bias=-3.8750
[pop06_hard:00599] loss=93.634735 tau=6.00 collapse_w=0.000 mid_frac=0.125 hard=score=0.7197291093 wNMSE=0.0014272399 wMSE=108.7276 wMRED=0.20531260 wER=0.167641 wMAE=3.6312 wBias=-3.6125 condBias=7.2314 dotDrift=-22.173sigma uMRED=0.0093759338 uER=0.195312 uMAE=5.0625 WCE=54 bias=-4.8750
[pop06] done (conf=0.53, noise=0.5); global best score=0.0016111764 wNMSE=0.00012742207 wMSE=9.7071 wMRED=0.02810209 wER=0.088891 wMAE=0.7864 wBias=-0.0872 condBias=1.5569 dotDrift=-1.790sigma uMRED=0.0019195893 uER=0.109375 uMAE=1.1250 WCE=16 bias=0.0000
[pop07_soft:00000] loss=2.329875 tau=1.50 collapse_w=0.000 mid_frac=0.375 hard=score=0.0695404512 wNMSE=0.0067437006 wMSE=513.7375 wMRED=0.09056248 wER=0.205914 wMAE=4.9790 wBias=-0.7037 condBias=11.3259 dotDrift=-1.987sigma uMRED=0.0155341713 uER=0.242188 uMAE=10.6875 WCE=153 bias=0.2500
[pop07_soft:00200] loss=8.041205 tau=2.25 collapse_w=0.000 mid_frac=0.438 hard=score=2.0571946697 wNMSE=0.0051856984 wMSE=395.0483 wMRED=0.43016768 wER=0.203033 wMAE=6.7665 wBias=6.1005 condBias=12.2114 dotDrift=+19.643sigma uMRED=0.0146787059 uER=0.234375 uMAE=6.3438 WCE=72 bias=3.1875
[pop07_soft:00400] loss=0.101830 tau=3.00 collapse_w=0.000 mid_frac=0.312 hard=score=0.0215767074 wNMSE=0.00049026603 wMSE=37.3486 wMRED=0.02807310 wER=0.148817 wMAE=1.3327 wBias=0.5768 condBias=3.0542 dotDrift=+6.040sigma uMRED=0.0065279513 uER=0.218750 uMAE=5.1875 WCE=56 bias=1.1250
[pop07_soft:00600] loss=0.039348 tau=3.75 collapse_w=0.000 mid_frac=0.250 hard=score=0.0215767074 wNMSE=0.00049026603 wMSE=37.3486 wMRED=0.02807310 wER=0.148817 wMAE=1.3327 wBias=0.5768 condBias=3.0542 dotDrift=+6.040sigma uMRED=0.0065279513 uER=0.218750 uMAE=5.1875 WCE=56 bias=1.1250
[pop07_soft:00800] loss=0.031603 tau=4.50 collapse_w=0.084 mid_frac=0.271 hard=score=0.0258960362 wNMSE=0.00041160997 wMSE=31.3566 wMRED=0.02749418 wER=0.148817 wMAE=1.2605 wBias=0.6491 condBias=2.7985 dotDrift=+7.418sigma uMRED=0.0059509998 uER=0.218750 uMAE=4.6875 WCE=56 bias=1.6250
[pop07_soft:01000] loss=0.035196 tau=5.25 collapse_w=0.293 mid_frac=0.271 hard=score=0.0258960362 wNMSE=0.00041160997 wMSE=31.3566 wMRED=0.02749418 wER=0.148817 wMAE=1.2605 wBias=0.6491 condBias=2.7985 dotDrift=+7.418sigma uMRED=0.0059509998 uER=0.218750 uMAE=4.6875 WCE=56 bias=1.6250
[pop07_soft:01199] loss=0.034413 tau=6.00 collapse_w=0.500 mid_frac=0.250 hard=score=0.0258960362 wNMSE=0.00041160997 wMSE=31.3566 wMRED=0.02749418 wER=0.148817 wMAE=1.2605 wBias=0.6491 condBias=2.7985 dotDrift=+7.418sigma uMRED=0.0059509998 uER=0.218750 uMAE=4.6875 WCE=56 bias=1.6250
[pop07_hard:00000] loss=29.598768 tau=6.00 collapse_w=0.000 mid_frac=0.250 hard=score=0.0258960362 wNMSE=0.00041160997 wMSE=31.3566 wMRED=0.02749418 wER=0.148817 wMAE=1.2605 wBias=0.6491 condBias=2.7985 dotDrift=+7.418sigma uMRED=0.0059509998 uER=0.218750 uMAE=4.6875 WCE=56 bias=1.6250
[pop07_hard:00200] loss=41.563354 tau=6.00 collapse_w=0.000 mid_frac=0.208 hard=score=0.0053610287 wNMSE=0.00058961507 wMSE=44.9171 wMRED=0.02830136 wER=0.148817 wMAE=1.3664 wBias=0.1507 condBias=3.3499 dotDrift=+1.439sigma uMRED=0.0068741476 uER=0.218750 uMAE=5.5000 WCE=80 bias=-2.3750
[pop07_hard:00400] loss=41.563354 tau=6.00 collapse_w=0.000 mid_frac=0.208 hard=score=0.0053610287 wNMSE=0.00058961507 wMSE=44.9171 wMRED=0.02830136 wER=0.148817 wMAE=1.3664 wBias=0.1507 condBias=3.3499 dotDrift=+1.439sigma uMRED=0.0068741476 uER=0.218750 uMAE=5.5000 WCE=80 bias=-2.3750
[pop07_hard:00599] loss=292.086792 tau=6.00 collapse_w=0.000 mid_frac=0.167 hard=score=0.0053610287 wNMSE=0.00058961507 wMSE=44.9171 wMRED=0.02830136 wER=0.148817 wMAE=1.3664 wBias=0.1507 condBias=3.3499 dotDrift=+1.439sigma uMRED=0.0068741476 uER=0.218750 uMAE=5.5000 WCE=80 bias=-2.3750
[pop07] done (conf=0.51, noise=1.0); global best score=0.0016111764 wNMSE=0.00012742207 wMSE=9.7071 wMRED=0.02810209 wER=0.088891 wMAE=0.7864 wBias=-0.0872 condBias=1.5569 dotDrift=-1.790sigma uMRED=0.0019195893 uER=0.109375 uMAE=1.1250 WCE=16 bias=0.0000
[pop08_soft:00000] loss=2.602536 tau=1.50 collapse_w=0.000 mid_frac=0.292 hard=score=0.0278460875 wNMSE=0.0028244122 wMSE=215.1647 wMRED=0.16808893 wER=0.208090 wMAE=4.3009 wBias=0.3937 condBias=7.3294 dotDrift=+1.718sigma uMRED=0.0168730314 uER=0.234375 uMAE=12.2344 WCE=144 bias=10.4375
[pop08_soft:00200] loss=1.620577 tau=2.25 collapse_w=0.000 mid_frac=0.312 hard=score=0.9493556830 wNMSE=0.0048346641 wMSE=368.3064 wMRED=0.41954979 wER=0.211941 wMAE=6.8575 wBias=4.1052 condBias=9.5884 dotDrift=+13.690sigma uMRED=0.0135884443 uER=0.230469 uMAE=5.2656 WCE=72 bias=-0.5625
[pop08_soft:00400] loss=0.065407 tau=3.00 collapse_w=0.000 mid_frac=0.271 hard=score=0.0239099268 wNMSE=0.00039814969 wMSE=30.3312 wMRED=0.04281515 wER=0.175173 wMAE=1.5743 wBias=-0.6185 condBias=2.7514 dotDrift=-7.188sigma uMRED=0.0050827323 uER=0.218750 uMAE=3.5000 WCE=46 bias=-2.1250
[pop08_soft:00600] loss=0.042195 tau=3.75 collapse_w=0.000 mid_frac=0.271 hard=score=0.0077163772 wNMSE=0.00032668879 wMSE=24.8873 wMRED=0.04166704 wER=0.172559 wMAE=1.4331 wBias=-0.3047 condBias=2.4921 dotDrift=-3.909sigma uMRED=0.0039656218 uER=0.203125 uMAE=2.5312 WCE=36 bias=-1.0000
[pop08_soft:00800] loss=0.034437 tau=4.50 collapse_w=0.084 mid_frac=0.229 hard=score=0.0298633450 wNMSE=0.00037069866 wMSE=28.2400 wMRED=0.03978071 wER=0.147964 wMAE=1.4682 wBias=-0.7046 condBias=2.6551 dotDrift=-8.486sigma uMRED=0.0039819528 uER=0.187500 uMAE=2.5312 WCE=32 bias=-1.8750
[pop08_soft:01000] loss=0.040479 tau=5.25 collapse_w=0.293 mid_frac=0.188 hard=score=0.0298633450 wNMSE=0.00037069866 wMSE=28.2400 wMRED=0.03978071 wER=0.147964 wMAE=1.4682 wBias=-0.7046 condBias=2.6551 dotDrift=-8.486sigma uMRED=0.0039819528 uER=0.187500 uMAE=2.5312 WCE=32 bias=-1.8750
[pop08_soft:01199] loss=0.041082 tau=6.00 collapse_w=0.500 mid_frac=0.188 hard=score=0.0298633450 wNMSE=0.00037069866 wMSE=28.2400 wMRED=0.03978071 wER=0.147964 wMAE=1.4682 wBias=-0.7046 condBias=2.6551 dotDrift=-8.486sigma uMRED=0.0039819528 uER=0.187500 uMAE=2.5312 WCE=32 bias=-1.8750
[pop08_hard:00000] loss=24.191433 tau=6.00 collapse_w=0.000 mid_frac=0.188 hard=score=0.0298633450 wNMSE=0.00037069866 wMSE=28.2400 wMRED=0.03978071 wER=0.147964 wMAE=1.4682 wBias=-0.7046 condBias=2.6551 dotDrift=-8.486sigma uMRED=0.0039819528 uER=0.187500 uMAE=2.5312 WCE=32 bias=-1.8750
[pop08_hard:00200] loss=24.191433 tau=6.00 collapse_w=0.000 mid_frac=0.167 hard=score=0.0298633450 wNMSE=0.00037069866 wMSE=28.2400 wMRED=0.03978071 wER=0.147964 wMAE=1.4682 wBias=-0.7046 condBias=2.6551 dotDrift=-8.486sigma uMRED=0.0039819528 uER=0.187500 uMAE=2.5312 WCE=32 bias=-1.8750
[pop08_hard:00400] loss=96.862778 tau=6.00 collapse_w=0.000 mid_frac=0.104 hard=score=1.3866124249 wNMSE=0.0054190483 wMSE=412.8250 wMRED=0.44210319 wER=0.172559 wMAE=7.1565 wBias=4.9836 condBias=10.1514 dotDrift=+15.698sigma uMRED=0.0142520452 uER=0.203125 uMAE=5.5312 WCE=72 bias=1.1250
[pop08_hard:00599] loss=102.440956 tau=6.00 collapse_w=0.000 mid_frac=0.125 hard=score=0.0199591688 wNMSE=0.00043445014 wMSE=33.0966 wMRED=0.04078214 wER=0.149800 wMAE=1.6053 wBias=-0.5536 condBias=2.8745 dotDrift=-6.159sigma uMRED=0.0053920316 uER=0.210938 uMAE=3.8125 WCE=40 bias=-0.3750
[pop08] done (conf=0.53, noise=0.5); global best score=0.0016111764 wNMSE=0.00012742207 wMSE=9.7071 wMRED=0.02810209 wER=0.088891 wMAE=0.7864 wBias=-0.0872 condBias=1.5569 dotDrift=-1.790sigma uMRED=0.0019195893 uER=0.109375 uMAE=1.1250 WCE=16 bias=0.0000
[pop09_soft:00000] loss=3.108091 tau=1.50 collapse_w=0.000 mid_frac=0.333 hard=score=1.1338374777 wNMSE=0.021334473 wMSE=1625.2677 wMRED=0.61776544 wER=0.194451 wMAE=13.5268 wBias=-4.2836 condBias=20.1405 dotDrift=-6.800sigma uMRED=0.0320109433 uER=0.234375 uMAE=16.8125 WCE=224 bias=5.5000
[pop09_soft:00200] loss=2.833441 tau=2.25 collapse_w=0.000 mid_frac=0.292 hard=score=2.2247066428 wNMSE=0.0071806635 wMSE=547.0255 wMRED=0.45604143 wER=0.178127 wMAE=8.5041 wBias=6.3301 condBias=12.6712 dotDrift=+17.322sigma uMRED=0.0206705149 uER=0.234375 uMAE=10.7969 WCE=96 bias=4.1250
[pop09_soft:00400] loss=0.114009 tau=3.00 collapse_w=0.000 mid_frac=0.229 hard=score=2.4691184436 wNMSE=0.0072459611 wMSE=551.9999 wMRED=0.45733502 wER=0.194451 wMAE=8.4122 wBias=6.6756 condBias=13.3628 dotDrift=+18.185sigma uMRED=0.0186774421 uER=0.234375 uMAE=8.8125 WCE=96 bias=6.5000
[pop09_soft:00600] loss=0.054565 tau=3.75 collapse_w=0.000 mid_frac=0.188 hard=score=2.4691184436 wNMSE=0.0072459611 wMSE=551.9999 wMRED=0.45733502 wER=0.194451 wMAE=8.4122 wBias=6.6756 condBias=13.3628 dotDrift=+18.185sigma uMRED=0.0186774421 uER=0.234375 uMAE=8.8125 WCE=96 bias=6.5000
[pop09_soft:00800] loss=0.038227 tau=4.50 collapse_w=0.084 mid_frac=0.229 hard=score=2.5337852021 wNMSE=0.0073620299 wMSE=560.8421 wMRED=0.45874085 wER=0.194451 wMAE=8.4569 wBias=6.7633 condBias=13.5383 dotDrift=+18.277sigma uMRED=0.0187766351 uER=0.234375 uMAE=8.8750 WCE=96 bias=6.6250
[pop09_soft:01000] loss=0.039187 tau=5.25 collapse_w=0.293 mid_frac=0.208 hard=score=1.1989093376 wNMSE=0.0058488761 wMSE=445.5695 wMRED=0.44648836 wER=0.194451 wMAE=7.5807 wBias=4.6183 condBias=10.5464 dotDrift=+14.003sigma uMRED=0.0161848398 uER=0.234375 uMAE=7.1250 WCE=74 bias=2.5000
[pop09_soft:01199] loss=0.034924 tau=6.00 collapse_w=0.500 mid_frac=0.208 hard=score=1.1989093376 wNMSE=0.0058488761 wMSE=445.5695 wMRED=0.44648836 wER=0.194451 wMAE=7.5807 wBias=4.6183 condBias=10.5464 dotDrift=+14.003sigma uMRED=0.0161848398 uER=0.234375 uMAE=7.1250 WCE=74 bias=2.5000
[pop09_hard:00000] loss=115.812027 tau=6.00 collapse_w=0.000 mid_frac=0.208 hard=score=1.1989093376 wNMSE=0.0058488761 wMSE=445.5695 wMRED=0.44648836 wER=0.194451 wMAE=7.5807 wBias=4.6183 condBias=10.5464 dotDrift=+14.003sigma uMRED=0.0161848398 uER=0.234375 uMAE=7.1250 WCE=74 bias=2.5000
[pop09_hard:00200] loss=67.532249 tau=6.00 collapse_w=0.000 mid_frac=0.229 hard=score=0.4597329128 wNMSE=0.0037202354 wMSE=283.4089 wMRED=0.34349737 wER=0.194451 wMAE=6.2835 wBias=2.8239 condBias=8.4112 dotDrift=+10.736sigma uMRED=0.0152546994 uER=0.234375 uMAE=7.8750 WCE=60 bias=-0.1250
[pop09_hard:00400] loss=137.659973 tau=6.00 collapse_w=0.000 mid_frac=0.250 hard=score=1.3290812890 wNMSE=0.0051173204 wMSE=389.8393 wMRED=0.35434403 wER=0.194451 wMAE=7.1150 wBias=4.8812 condBias=9.8657 dotDrift=+15.822sigma uMRED=0.0177473016 uER=0.234375 uMAE=9.5625 WCE=96 bias=3.8750
[pop09_hard:00599] loss=139.382095 tau=6.00 collapse_w=0.000 mid_frac=0.208 hard=score=2.1797386350 wNMSE=0.0090681057 wMSE=690.8115 wMRED=0.53339270 wER=0.194451 wMAE=9.4663 wBias=-6.2461 condBias=13.1323 dotDrift=-15.209sigma uMRED=0.0215885342 uER=0.234375 uMAE=10.3125 WCE=96 bias=-0.1250
[pop09] done (conf=0.51, noise=1.0); global best score=0.0016111764 wNMSE=0.00012742207 wMSE=9.7071 wMRED=0.02810209 wER=0.088891 wMAE=0.7864 wBias=-0.0872 condBias=1.5569 dotDrift=-1.790sigma uMRED=0.0019195893 uER=0.109375 uMAE=1.1250 WCE=16 bias=0.0000
[pop10_soft:00000] loss=2.698369 tau=1.50 collapse_w=0.000 mid_frac=0.479 hard=score=0.0163755138 wNMSE=0.0024737305 wMSE=188.4497 wMRED=0.08326669 wER=0.190625 wMAE=3.5786 wBias=0.0030 condBias=6.8595 dotDrift=+0.014sigma uMRED=0.0130684683 uER=0.234375 uMAE=9.6562 WCE=132 bias=3.0000
[pop10_soft:00200] loss=5.273752 tau=2.25 collapse_w=0.000 mid_frac=0.354 hard=score=0.0341737055 wNMSE=0.0011982085 wMSE=91.2800 wMRED=0.05096423 wER=0.175954 wMAE=2.3886 wBias=0.6921 condBias=4.7742 dotDrift=+4.636sigma uMRED=0.0084476268 uER=0.234375 uMAE=6.0859 WCE=65 bias=-0.4375
[pop10_soft:00400] loss=0.066937 tau=3.00 collapse_w=0.000 mid_frac=0.354 hard=score=0.0253699578 wNMSE=0.0011103261 wMSE=84.5850 wMRED=0.05539642 wER=0.175954 wMAE=2.3961 wBias=0.5709 condBias=4.5958 dotDrift=+3.973sigma uMRED=0.0080322104 uER=0.234375 uMAE=5.6562 WCE=64 bias=-0.1250
[pop10_soft:00600] loss=0.039620 tau=3.75 collapse_w=0.000 mid_frac=0.312 hard=score=0.0280915500 wNMSE=0.0010487159 wMSE=79.8915 wMRED=0.03867187 wER=0.132814 wMAE=1.9749 wBias=0.6224 condBias=4.4663 dotDrift=+4.457sigma uMRED=0.0065157653 uER=0.203125 uMAE=4.5938 WCE=64 bias=0.7500
[pop10_soft:00800] loss=0.033543 tau=4.50 collapse_w=0.084 mid_frac=0.333 hard=score=0.0280915500 wNMSE=0.0010487159 wMSE=79.8915 wMRED=0.03867187 wER=0.132814 wMAE=1.9749 wBias=0.6224 condBias=4.4663 dotDrift=+4.457sigma uMRED=0.0065157653 uER=0.203125 uMAE=4.5938 WCE=64 bias=0.7500
[pop10_soft:01000] loss=0.038405 tau=5.25 collapse_w=0.293 mid_frac=0.312 hard=score=0.0280915500 wNMSE=0.0010487159 wMSE=79.8915 wMRED=0.03867187 wER=0.132814 wMAE=1.9749 wBias=0.6224 condBias=4.4663 dotDrift=+4.457sigma uMRED=0.0065157653 uER=0.203125 uMAE=4.5938 WCE=64 bias=0.7500
[pop10_soft:01199] loss=0.039609 tau=6.00 collapse_w=0.500 mid_frac=0.250 hard=score=0.0280915500 wNMSE=0.0010487159 wMSE=79.8915 wMRED=0.03867187 wER=0.132814 wMAE=1.9749 wBias=0.6224 condBias=4.4663 dotDrift=+4.457sigma uMRED=0.0065157653 uER=0.203125 uMAE=4.5938 WCE=64 bias=0.7500
[pop10_hard:00000] loss=26.368097 tau=6.00 collapse_w=0.000 mid_frac=0.250 hard=score=0.0280915500 wNMSE=0.0010487159 wMSE=79.8915 wMRED=0.03867187 wER=0.132814 wMAE=1.9749 wBias=0.6224 condBias=4.4663 dotDrift=+4.457sigma uMRED=0.0065157653 uER=0.203125 uMAE=4.5938 WCE=64 bias=0.7500
[pop10_hard:00200] loss=57.520355 tau=6.00 collapse_w=0.000 mid_frac=0.229 hard=score=0.1196155500 wNMSE=0.0011731345 wMSE=89.3698 wMRED=0.03981289 wER=0.132814 wMAE=2.0490 wBias=-1.4349 condBias=4.7240 dotDrift=-9.714sigma uMRED=0.0066764705 uER=0.203125 uMAE=4.6875 WCE=70 bias=-3.2500
[pop10_hard:00400] loss=24.058130 tau=6.00 collapse_w=0.000 mid_frac=0.167 hard=score=0.0155447228 wNMSE=0.0013518178 wMSE=102.9820 wMRED=0.06375968 wER=0.173340 wMAE=2.6043 wBias=0.3408 condBias=5.0708 dotDrift=+2.149sigma uMRED=0.0074238946 uER=0.218750 uMAE=4.8438 WCE=70 bias=-0.2500
[pop10_hard:00599] loss=29.308735 tau=6.00 collapse_w=0.000 mid_frac=0.146 hard=score=0.0176510363 wNMSE=0.0013519215 wMSE=102.9899 wMRED=0.06375804 wER=0.173340 wMAE=2.6045 wBias=0.3936 condBias=5.0710 dotDrift=+2.482sigma uMRED=0.0074530697 uER=0.218750 uMAE=4.8750 WCE=70 bias=0.7500
[pop10] done (conf=0.53, noise=0.5); global best score=0.0016111764 wNMSE=0.00012742207 wMSE=9.7071 wMRED=0.02810209 wER=0.088891 wMAE=0.7864 wBias=-0.0872 condBias=1.5569 dotDrift=-1.790sigma uMRED=0.0019195893 uER=0.109375 uMAE=1.1250 WCE=16 bias=0.0000
[pop11_soft:00000] loss=5.509779 tau=1.50 collapse_w=0.000 mid_frac=0.312 hard=score=8.1088049208 wNMSE=0.029316973 wMSE=2233.3774 wMRED=0.98283768 wER=0.187557 wMAE=16.9804 wBias=-12.0767 condBias=24.1736 dotDrift=-16.355sigma uMRED=0.0359390181 uER=0.226562 uMAE=15.5625 WCE=148 bias=-5.2500
[pop11_soft:00200] loss=58.870533 tau=2.25 collapse_w=0.000 mid_frac=0.396 hard=score=6.3701730408 wNMSE=0.024519939 wMSE=1867.9377 wMRED=0.91865926 wER=0.204544 wMAE=14.6600 wBias=-10.6948 condBias=21.5939 dotDrift=-15.837sigma uMRED=0.0321935584 uER=0.234375 uMAE=14.1094 WCE=142 bias=-0.6875
[pop11_soft:00400] loss=15.687746 tau=3.00 collapse_w=0.000 mid_frac=0.312 hard=score=0.7104272612 wNMSE=0.0060106746 wMSE=457.8953 wMRED=0.41711819 wER=0.173340 wMAE=7.4830 wBias=-3.5099 condBias=10.6919 dotDrift=-10.498sigma uMRED=0.0185211423 uER=0.218750 uMAE=9.5781 WCE=105 bias=0.3125
[pop11_soft:00600] loss=0.260741 tau=3.75 collapse_w=0.000 mid_frac=0.333 hard=score=2.9844308659 wNMSE=0.0080311384 wMSE=611.8150 wMRED=0.46090559 wER=0.173340 wMAE=8.5249 wBias=7.3462 condBias=14.7057 dotDrift=+19.008sigma uMRED=0.0200821306 uER=0.218750 uMAE=10.0938 WCE=97 bias=4.0625
[pop11_soft:00800] loss=0.106535 tau=4.50 collapse_w=0.084 mid_frac=0.354 hard=score=2.7639631639 wNMSE=0.0076900136 wMSE=585.8280 wMRED=0.45525147 wER=0.173340 wMAE=8.3933 wBias=7.0672 condBias=14.1471 dotDrift=+18.687sigma uMRED=0.0199577805 uER=0.218750 uMAE=10.0938 WCE=97 bias=3.6875
[pop11_soft:01000] loss=0.093167 tau=5.25 collapse_w=0.293 mid_frac=0.354 hard=score=2.7639631639 wNMSE=0.0076900136 wMSE=585.8280 wMRED=0.45525147 wER=0.173340 wMAE=8.3933 wBias=7.0672 condBias=14.1471 dotDrift=+18.687sigma uMRED=0.0199577805 uER=0.218750 uMAE=10.0938 WCE=97 bias=3.6875
[pop11_soft:01199] loss=0.090361 tau=6.00 collapse_w=0.500 mid_frac=0.354 hard=score=2.7639631639 wNMSE=0.0076900136 wMSE=585.8280 wMRED=0.45525147 wER=0.173340 wMAE=8.3933 wBias=7.0672 condBias=14.1471 dotDrift=+18.687sigma uMRED=0.0199577805 uER=0.218750 uMAE=10.0938 WCE=97 bias=3.6875
[pop11_hard:00000] loss=171.351212 tau=6.00 collapse_w=0.000 mid_frac=0.354 hard=score=2.7639631639 wNMSE=0.0076900136 wMSE=585.8280 wMRED=0.45525147 wER=0.173340 wMAE=8.3933 wBias=7.0672 condBias=14.1471 dotDrift=+18.687sigma uMRED=0.0199577805 uER=0.218750 uMAE=10.0938 WCE=97 bias=3.6875
[pop11_hard:00200] loss=137.806610 tau=6.00 collapse_w=0.000 mid_frac=0.333 hard=score=2.0646455535 wNMSE=0.004623317 wMSE=352.2059 wMRED=0.39936971 wER=0.173340 wMAE=6.5682 wBias=-6.1174 condBias=12.2455 dotDrift=-20.862sigma uMRED=0.0157391685 uER=0.218750 uMAE=7.7500 WCE=64 bias=-4.3125
[pop11_hard:00400] loss=102.784447 tau=6.00 collapse_w=0.000 mid_frac=0.333 hard=score=1.4048991529 wNMSE=0.0060715964 wMSE=462.5364 wMRED=0.44270773 wER=0.173340 wMAE=7.4301 wBias=5.0099 condBias=10.7455 dotDrift=+14.909sigma uMRED=0.0171043229 uER=0.218750 uMAE=8.1719 WCE=80 bias=-0.3125
[pop11_hard:00599] loss=139.747391 tau=6.00 collapse_w=0.000 mid_frac=0.312 hard=score=1.9187997923 wNMSE=0.0046674887 wMSE=355.5710 wMRED=0.39952390 wER=0.173340 wMAE=6.5944 wBias=-5.8933 condBias=11.7973 dotDrift=-20.002sigma uMRED=0.0161764113 uER=0.218750 uMAE=8.1719 WCE=80 bias=-0.3125
[pop11] done (conf=0.51, noise=1.0); global best score=0.0016111764 wNMSE=0.00012742207 wMSE=9.7071 wMRED=0.02810209 wER=0.088891 wMAE=0.7864 wBias=-0.0872 condBias=1.5569 dotDrift=-1.790sigma uMRED=0.0019195893 uER=0.109375 uMAE=1.1250 WCE=16 bias=0.0000
[best] stage=guard_baseline score=0.0016111764 wNMSE=0.00012742207 wMSE=9.7071 wMRED=0.02810209 wER=0.088891 wMAE=0.7864 wBias=-0.0872 condBias=1.5569 dotDrift=-1.790sigma uMRED=0.0019195893 uER=0.109375 uMAE=1.1250 WCE=16 bias=0.0000
[best-json] /home/xuanqi/tony/work/FPGA/signed8x8_approx/signed8x8_2026_8_22/runs_qwen_aligned_v2_20260914/quality/rand514/best_signed88_inits.json
[best-rtl] /home/xuanqi/tony/work/FPGA/signed8x8_approx/signed8x8_2026_8_22/runs_qwen_aligned_v2_20260914/quality/rand514/best_rtl
[design] quality search_bits=48
[safety] max_zero_violations=0 max_workload_zero_violation_probability=0
[metric-guard] relative_to_base=0.02 limits={'max_zero_violations': 0, 'max_workload_zero_violation_probability': 0.0, 'max_wce': 16, 'max_er': 0.11156250000000001, 'max_mred': 0.001957981082714989, 'max_ned': 7.0037841796875e-05, 'max_rmse': 3.9504430131315655, 'max_nmse': 5.129411661762673e-07, 'max_abs_bias': 0.06051536478449089, 'max_workload_wce': 16, 'max_workload_er': 0.09066865361524373, 'max_workload_mred': 0.02866412993103653, 'max_workload_ned': 4.89576713823333e-05, 'max_workload_rmse': 3.1779276565721166, 'max_workload_nmse': 0.00012997051593010618, 'max_abs_workload_bias': 0.08890147835055814, 'max_conditional_bias_rms': 1.5880176161605608}
[start] score=0.0016111764 wNMSE=0.00012742207 wMSE=9.7071 wMRED=0.02810209 wER=0.088891 wMAE=0.7864 wBias=-0.0872 condBias=1.5569 dotDrift=-1.790sigma uMRED=0.0019195893 uER=0.109375 uMAE=1.1250 WCE=16 bias=0.0000
[single] round=1 no improvement
[pair] ACCEPT ['cp_lut23:47', 'cp_lut23:51'] 0.0016111764->0.0009163530 wNMSE=3.6935493e-05 wBias=-0.08030
[pair] ACCEPT ['cp_lut23:31', 'cp_lut23:15'] 0.0009163530->0.0005958120 wNMSE=5.2609532e-05 wBias=+0.00857
[pair] round=3 no improvement
[final] score=0.0005958120 wNMSE=5.2609532e-05 wMSE=4.0078 wMRED=0.01528248 wER=0.083718 wMAE=0.5313 wBias=0.0086 condBias=1.0004 dotDrift=+0.274sigma uMRED=0.0012490528 uER=0.109375 uMAE=0.7500 WCE=12 bias=0.0000
[json] /home/xuanqi/tony/work/FPGA/signed8x8_approx/signed8x8_2026_8_22/runs_qwen_aligned_v2_20260914/quality/rand514/refined/best_signed88_inits.json
