[design] quality quad4 entries=56
[device] cuda
[initial] score=0.0178996219 wNMSE=4.6326047e-05 wMSE=1381.8125 wMRED=0.02833490 wER=0.250000 wMAE=15.2031 wBias=7.6875 condBias=18.5864 dotDrift=+13.236sigma uMRED=0.0283349003 uER=0.250000 uMAE=15.2031 WCE=158 bias=7.6875
[quad_warmup_bit:00000] loss=0.134635 tau=1.50 collapse_w=0.000 mid_frac=0.518 hard=score=0.0178996219 wNMSE=4.6326047e-05 wMSE=1381.8125 wMRED=0.02833490 wER=0.250000 wMAE=15.2031 wBias=7.6875 condBias=18.5864 dotDrift=+13.236sigma uMRED=0.0283349003 uER=0.250000 uMAE=15.2031 WCE=158 bias=7.6875
[quad_warmup_bit:00025] loss=0.130752 tau=1.50 collapse_w=0.000 mid_frac=0.518 hard=score=0.0171230191 wNMSE=4.520294e-05 wMSE=1348.3125 wMRED=0.02628828 wER=0.246094 wMAE=14.7812 wBias=7.3125 condBias=18.3597 dotDrift=+12.745sigma uMRED=0.0262882771 uER=0.246094 uMAE=14.7812 WCE=158 bias=7.3125 *BEST*
[quad_warmup_bit:00075] loss=0.123937 tau=1.50 collapse_w=0.000 mid_frac=0.536 hard=score=0.0103433987 wNMSE=3.8606785e-05 wMSE=1151.5625 wMRED=0.02556907 wER=0.250000 wMAE=14.7969 wBias=4.1875 condBias=16.9673 dotDrift=+7.898sigma uMRED=0.0255690667 uER=0.250000 uMAE=14.7969 WCE=128 bias=4.1875 *BEST*
[quad_warmup_bit:00200] loss=0.110190 tau=1.50 collapse_w=0.000 mid_frac=0.571 hard=score=0.0155779878 wNMSE=3.1884909e-05 wMSE=951.0625 wMRED=0.01756750 wER=0.246094 wMAE=12.6484 wBias=7.4375 condBias=15.4197 dotDrift=+15.435sigma uMRED=0.0175675023 uER=0.246094 uMAE=12.6484 WCE=129 bias=7.4375
[quad_warmup_bit:00375] loss=0.092541 tau=1.50 collapse_w=0.000 mid_frac=0.464 hard=score=0.0050098672 wNMSE=7.2268549e-06 wMSE=215.5625 wMRED=0.00684539 wER=0.246094 wMAE=4.9531 wBias=0.4375 condBias=7.3410 dotDrift=+1.907sigma uMRED=0.0068453912 uER=0.246094 uMAE=4.9531 WCE=81 bias=0.4375 *BEST*
[quad_warmup_bit:00400] loss=0.090055 tau=1.50 collapse_w=0.000 mid_frac=0.482 hard=score=0.0061827439 wNMSE=5.3578046e-06 wMSE=159.8125 wMRED=0.00602921 wER=0.246094 wMAE=4.3438 wBias=-3.8125 condBias=7.6250 dotDrift=-19.301sigma uMRED=0.0060292146 uER=0.246094 uMAE=4.3438 WCE=68 bias=-3.8125
[quad_warmup_bit:00600] loss=0.073682 tau=1.50 collapse_w=0.000 mid_frac=0.357 hard=score=0.0021437694 wNMSE=1.2739715e-06 wMSE=38.0000 wMRED=0.00344157 wER=0.152344 wMAE=2.1250 wBias=-1.1250 condBias=3.0822 dotDrift=-11.680sigma uMRED=0.0034415700 uER=0.152344 uMAE=2.1250 WCE=32 bias=-1.1250 *BEST*
[quad_warmup_bit:00750] loss=0.065061 tau=1.50 collapse_w=0.000 mid_frac=0.286 hard=score=0.0009923623 wNMSE=7.3756246e-07 wMSE=22.0000 wMRED=0.00273531 wER=0.140625 wMAE=1.6250 wBias=-0.1250 condBias=2.3452 dotDrift=-1.706sigma uMRED=0.0027353065 uER=0.140625 uMAE=1.6250 WCE=16 bias=-0.1250 *BEST*
[quad_warmup_bit:00800] loss=0.062537 tau=1.50 collapse_w=0.000 mid_frac=0.250 hard=score=0.0009923623 wNMSE=7.3756246e-07 wMSE=22.0000 wMRED=0.00273531 wER=0.140625 wMAE=1.6250 wBias=-0.1250 condBias=2.3452 dotDrift=-1.706sigma uMRED=0.0027353065 uER=0.140625 uMAE=1.6250 WCE=16 bias=-0.1250
[quad_warmup_bit:01000] loss=0.054642 tau=1.50 collapse_w=0.000 mid_frac=0.161 hard=score=0.0009923623 wNMSE=7.3756246e-07 wMSE=22.0000 wMRED=0.00273531 wER=0.140625 wMAE=1.6250 wBias=-0.1250 condBias=2.3452 dotDrift=-1.706sigma uMRED=0.0027353065 uER=0.140625 uMAE=1.6250 WCE=16 bias=-0.1250
[quad_warmup_bit:01025] loss=0.053898 tau=1.50 collapse_w=0.000 mid_frac=0.161 hard=score=0.0009912681 wNMSE=5.6993463e-07 wMSE=17.0000 wMRED=0.00234644 wER=0.140625 wMAE=1.3750 wBias=0.1250 condBias=2.0616 dotDrift=+1.940sigma uMRED=0.0023464357 uER=0.140625 uMAE=1.3750 WCE=16 bias=0.1250 *BEST*
[quad_warmup_bit:01200] loss=0.049789 tau=1.50 collapse_w=0.000 mid_frac=0.125 hard=score=0.0009912681 wNMSE=5.6993463e-07 wMSE=17.0000 wMRED=0.00234644 wER=0.140625 wMAE=1.3750 wBias=0.1250 condBias=2.0616 dotDrift=+1.940sigma uMRED=0.0023464357 uER=0.140625 uMAE=1.3750 WCE=16 bias=0.1250
[quad_warmup_bit:01400] loss=0.047844 tau=1.50 collapse_w=0.000 mid_frac=0.107 hard=score=0.0009964398 wNMSE=5.3640906e-07 wMSE=16.0000 wMRED=0.00206298 wER=0.125000 wMAE=1.2500 wBias=0.2500 condBias=2.0000 dotDrift=+4.000sigma uMRED=0.0020629821 uER=0.125000 uMAE=1.2500 WCE=16 bias=0.2500
[quad_warmup_bit:01600] loss=0.046953 tau=1.50 collapse_w=0.000 mid_frac=0.107 hard=score=0.0009964398 wNMSE=5.3640906e-07 wMSE=16.0000 wMRED=0.00206298 wER=0.125000 wMAE=1.2500 wBias=0.2500 condBias=2.0000 dotDrift=+4.000sigma uMRED=0.0020629821 uER=0.125000 uMAE=1.2500 WCE=16 bias=0.2500
[quad_warmup_bit:01800] loss=0.046431 tau=1.50 collapse_w=0.000 mid_frac=0.107 hard=score=0.0009964398 wNMSE=5.3640906e-07 wMSE=16.0000 wMRED=0.00206298 wER=0.125000 wMAE=1.2500 wBias=0.2500 condBias=2.0000 dotDrift=+4.000sigma uMRED=0.0020629821 uER=0.125000 uMAE=1.2500 WCE=16 bias=0.2500
[quad_warmup_bit:02000] loss=0.046085 tau=1.50 collapse_w=0.000 mid_frac=0.107 hard=score=0.0009964398 wNMSE=5.3640906e-07 wMSE=16.0000 wMRED=0.00206298 wER=0.125000 wMAE=1.2500 wBias=0.2500 condBias=2.0000 dotDrift=+4.000sigma uMRED=0.0020629821 uER=0.125000 uMAE=1.2500 WCE=16 bias=0.2500
[quad_warmup_bit:02200] loss=0.045841 tau=1.50 collapse_w=0.000 mid_frac=0.107 hard=score=0.0009964398 wNMSE=5.3640906e-07 wMSE=16.0000 wMRED=0.00206298 wER=0.125000 wMAE=1.2500 wBias=0.2500 condBias=2.0000 dotDrift=+4.000sigma uMRED=0.0020629821 uER=0.125000 uMAE=1.2500 WCE=16 bias=0.2500
[quad_warmup_bit:02400] loss=0.045659 tau=1.50 collapse_w=0.000 mid_frac=0.125 hard=score=0.0009964398 wNMSE=5.3640906e-07 wMSE=16.0000 wMRED=0.00206298 wER=0.125000 wMAE=1.2500 wBias=0.2500 condBias=2.0000 dotDrift=+4.000sigma uMRED=0.0020629821 uER=0.125000 uMAE=1.2500 WCE=16 bias=0.2500
[quad_warmup_bit:02600] loss=0.045520 tau=1.50 collapse_w=0.000 mid_frac=0.125 hard=score=0.0009964398 wNMSE=5.3640906e-07 wMSE=16.0000 wMRED=0.00206298 wER=0.125000 wMAE=1.2500 wBias=0.2500 condBias=2.0000 dotDrift=+4.000sigma uMRED=0.0020629821 uER=0.125000 uMAE=1.2500 WCE=16 bias=0.2500
[quad_warmup_bit:02800] loss=0.045410 tau=1.50 collapse_w=0.000 mid_frac=0.125 hard=score=0.0009964398 wNMSE=5.3640906e-07 wMSE=16.0000 wMRED=0.00206298 wER=0.125000 wMAE=1.2500 wBias=0.2500 condBias=2.0000 dotDrift=+4.000sigma uMRED=0.0020629821 uER=0.125000 uMAE=1.2500 WCE=16 bias=0.2500
[quad_warmup_bit:03000] loss=0.045322 tau=1.50 collapse_w=0.000 mid_frac=0.125 hard=score=0.0009964398 wNMSE=5.3640906e-07 wMSE=16.0000 wMRED=0.00206298 wER=0.125000 wMAE=1.2500 wBias=0.2500 condBias=2.0000 dotDrift=+4.000sigma uMRED=0.0020629821 uER=0.125000 uMAE=1.2500 WCE=16 bias=0.2500
[quad_warmup_bit:03200] loss=0.045250 tau=1.50 collapse_w=0.000 mid_frac=0.125 hard=score=0.0009964398 wNMSE=5.3640906e-07 wMSE=16.0000 wMRED=0.00206298 wER=0.125000 wMAE=1.2500 wBias=0.2500 condBias=2.0000 dotDrift=+4.000sigma uMRED=0.0020629821 uER=0.125000 uMAE=1.2500 WCE=16 bias=0.2500
[quad_warmup_bit:03400] loss=0.045190 tau=1.50 collapse_w=0.000 mid_frac=0.125 hard=score=0.0009964398 wNMSE=5.3640906e-07 wMSE=16.0000 wMRED=0.00206298 wER=0.125000 wMAE=1.2500 wBias=0.2500 condBias=2.0000 dotDrift=+4.000sigma uMRED=0.0020629821 uER=0.125000 uMAE=1.2500 WCE=16 bias=0.2500
[quad_warmup_bit:03600] loss=0.045140 tau=1.50 collapse_w=0.000 mid_frac=0.125 hard=score=0.0009964398 wNMSE=5.3640906e-07 wMSE=16.0000 wMRED=0.00206298 wER=0.125000 wMAE=1.2500 wBias=0.2500 condBias=2.0000 dotDrift=+4.000sigma uMRED=0.0020629821 uER=0.125000 uMAE=1.2500 WCE=16 bias=0.2500
[quad_warmup_bit:03800] loss=0.045098 tau=1.50 collapse_w=0.000 mid_frac=0.125 hard=score=0.0009964398 wNMSE=5.3640906e-07 wMSE=16.0000 wMRED=0.00206298 wER=0.125000 wMAE=1.2500 wBias=0.2500 condBias=2.0000 dotDrift=+4.000sigma uMRED=0.0020629821 uER=0.125000 uMAE=1.2500 WCE=16 bias=0.2500
[quad_warmup_bit:04000] loss=0.045062 tau=1.50 collapse_w=0.000 mid_frac=0.125 hard=score=0.0009964398 wNMSE=5.3640906e-07 wMSE=16.0000 wMRED=0.00206298 wER=0.125000 wMAE=1.2500 wBias=0.2500 condBias=2.0000 dotDrift=+4.000sigma uMRED=0.0020629821 uER=0.125000 uMAE=1.2500 WCE=16 bias=0.2500
[quad_warmup_bit:04200] loss=0.045031 tau=1.50 collapse_w=0.000 mid_frac=0.125 hard=score=0.0009964398 wNMSE=5.3640906e-07 wMSE=16.0000 wMRED=0.00206298 wER=0.125000 wMAE=1.2500 wBias=0.2500 condBias=2.0000 dotDrift=+4.000sigma uMRED=0.0020629821 uER=0.125000 uMAE=1.2500 WCE=16 bias=0.2500
[quad_warmup_bit:04400] loss=0.045005 tau=1.50 collapse_w=0.000 mid_frac=0.125 hard=score=0.0009964398 wNMSE=5.3640906e-07 wMSE=16.0000 wMRED=0.00206298 wER=0.125000 wMAE=1.2500 wBias=0.2500 condBias=2.0000 dotDrift=+4.000sigma uMRED=0.0020629821 uER=0.125000 uMAE=1.2500 WCE=16 bias=0.2500
[quad_warmup_bit:04600] loss=0.044982 tau=1.50 collapse_w=0.000 mid_frac=0.125 hard=score=0.0009964398 wNMSE=5.3640906e-07 wMSE=16.0000 wMRED=0.00206298 wER=0.125000 wMAE=1.2500 wBias=0.2500 condBias=2.0000 dotDrift=+4.000sigma uMRED=0.0020629821 uER=0.125000 uMAE=1.2500 WCE=16 bias=0.2500
[quad_warmup_bit:04800] loss=0.044962 tau=1.50 collapse_w=0.000 mid_frac=0.125 hard=score=0.0009964398 wNMSE=5.3640906e-07 wMSE=16.0000 wMRED=0.00206298 wER=0.125000 wMAE=1.2500 wBias=0.2500 condBias=2.0000 dotDrift=+4.000sigma uMRED=0.0020629821 uER=0.125000 uMAE=1.2500 WCE=16 bias=0.2500
[quad_warmup_bit:05000] loss=0.044944 tau=1.50 collapse_w=0.000 mid_frac=0.125 hard=score=0.0009964398 wNMSE=5.3640906e-07 wMSE=16.0000 wMRED=0.00206298 wER=0.125000 wMAE=1.2500 wBias=0.2500 condBias=2.0000 dotDrift=+4.000sigma uMRED=0.0020629821 uER=0.125000 uMAE=1.2500 WCE=16 bias=0.2500
[quad_warmup_bit:05200] loss=0.044929 tau=1.50 collapse_w=0.000 mid_frac=0.125 hard=score=0.0009964398 wNMSE=5.3640906e-07 wMSE=16.0000 wMRED=0.00206298 wER=0.125000 wMAE=1.2500 wBias=0.2500 condBias=2.0000 dotDrift=+4.000sigma uMRED=0.0020629821 uER=0.125000 uMAE=1.2500 WCE=16 bias=0.2500
[quad_warmup_bit:05400] loss=0.044915 tau=1.50 collapse_w=0.000 mid_frac=0.125 hard=score=0.0009964398 wNMSE=5.3640906e-07 wMSE=16.0000 wMRED=0.00206298 wER=0.125000 wMAE=1.2500 wBias=0.2500 condBias=2.0000 dotDrift=+4.000sigma uMRED=0.0020629821 uER=0.125000 uMAE=1.2500 WCE=16 bias=0.2500
[quad_warmup_bit:05600] loss=0.044903 tau=1.50 collapse_w=0.000 mid_frac=0.125 hard=score=0.0009964398 wNMSE=5.3640906e-07 wMSE=16.0000 wMRED=0.00206298 wER=0.125000 wMAE=1.2500 wBias=0.2500 condBias=2.0000 dotDrift=+4.000sigma uMRED=0.0020629821 uER=0.125000 uMAE=1.2500 WCE=16 bias=0.2500
[quad_warmup_bit:05800] loss=0.044892 tau=1.50 collapse_w=0.000 mid_frac=0.125 hard=score=0.0009964398 wNMSE=5.3640906e-07 wMSE=16.0000 wMRED=0.00206298 wER=0.125000 wMAE=1.2500 wBias=0.2500 condBias=2.0000 dotDrift=+4.000sigma uMRED=0.0020629821 uER=0.125000 uMAE=1.2500 WCE=16 bias=0.2500
[quad_warmup_bit:05999] loss=0.044883 tau=1.50 collapse_w=0.000 mid_frac=0.125 hard=score=0.0009964398 wNMSE=5.3640906e-07 wMSE=16.0000 wMRED=0.00206298 wER=0.125000 wMAE=1.2500 wBias=0.2500 condBias=2.0000 dotDrift=+4.000sigma uMRED=0.0020629821 uER=0.125000 uMAE=1.2500 WCE=16 bias=0.2500
[quad_soft:00000] loss=0.045394 tau=1.50 collapse_w=0.000 mid_frac=0.125 hard=score=0.0009964398 wNMSE=5.3640906e-07 wMSE=16.0000 wMRED=0.00206298 wER=0.125000 wMAE=1.2500 wBias=0.2500 condBias=2.0000 dotDrift=+4.000sigma uMRED=0.0020629821 uER=0.125000 uMAE=1.2500 WCE=16 bias=0.2500
[quad_soft:00025] loss=0.045264 tau=1.51 collapse_w=0.000 mid_frac=0.089 hard=score=0.0009898746 wNMSE=4.6935793e-07 wMSE=14.0000 wMRED=0.00192995 wER=0.128906 wMAE=1.1875 wBias=0.1250 condBias=1.8708 dotDrift=+2.138sigma uMRED=0.0019299489 uER=0.128906 uMAE=1.1875 WCE=16 bias=0.1250 *BEST*
[quad_soft:00200] loss=0.044476 tau=1.59 collapse_w=0.000 mid_frac=0.125 hard=score=0.0009964398 wNMSE=5.3640906e-07 wMSE=16.0000 wMRED=0.00206298 wER=0.125000 wMAE=1.2500 wBias=0.2500 condBias=2.0000 dotDrift=+4.000sigma uMRED=0.0020629821 uER=0.125000 uMAE=1.2500 WCE=16 bias=0.2500
[quad_soft:00400] loss=0.043616 tau=1.68 collapse_w=0.000 mid_frac=0.143 hard=score=0.0009912681 wNMSE=5.6993463e-07 wMSE=17.0000 wMRED=0.00234644 wER=0.140625 wMAE=1.3750 wBias=0.1250 condBias=2.0616 dotDrift=+1.940sigma uMRED=0.0023464357 uER=0.140625 uMAE=1.3750 WCE=16 bias=0.1250
[quad_soft:00600] loss=0.042766 tau=1.77 collapse_w=0.000 mid_frac=0.143 hard=score=0.0009912681 wNMSE=5.6993463e-07 wMSE=17.0000 wMRED=0.00234644 wER=0.140625 wMAE=1.3750 wBias=0.1250 condBias=2.0616 dotDrift=+1.940sigma uMRED=0.0023464357 uER=0.140625 uMAE=1.3750 WCE=16 bias=0.1250
[quad_soft:00800] loss=0.041917 tau=1.86 collapse_w=0.000 mid_frac=0.143 hard=score=0.0009912681 wNMSE=5.6993463e-07 wMSE=17.0000 wMRED=0.00234644 wER=0.140625 wMAE=1.3750 wBias=0.1250 condBias=2.0616 dotDrift=+1.940sigma uMRED=0.0023464357 uER=0.140625 uMAE=1.3750 WCE=16 bias=0.1250
[quad_soft:01000] loss=0.041070 tau=1.95 collapse_w=0.000 mid_frac=0.143 hard=score=0.0009912681 wNMSE=5.6993463e-07 wMSE=17.0000 wMRED=0.00234644 wER=0.140625 wMAE=1.3750 wBias=0.1250 condBias=2.0616 dotDrift=+1.940sigma uMRED=0.0023464357 uER=0.140625 uMAE=1.3750 WCE=16 bias=0.1250
[quad_soft:01200] loss=0.040223 tau=2.04 collapse_w=0.000 mid_frac=0.143 hard=score=0.0009912681 wNMSE=5.6993463e-07 wMSE=17.0000 wMRED=0.00234644 wER=0.140625 wMAE=1.3750 wBias=0.1250 condBias=2.0616 dotDrift=+1.940sigma uMRED=0.0023464357 uER=0.140625 uMAE=1.3750 WCE=16 bias=0.1250
[quad_soft:01400] loss=0.039376 tau=2.13 collapse_w=0.000 mid_frac=0.143 hard=score=0.0009912681 wNMSE=5.6993463e-07 wMSE=17.0000 wMRED=0.00234644 wER=0.140625 wMAE=1.3750 wBias=0.1250 condBias=2.0616 dotDrift=+1.940sigma uMRED=0.0023464357 uER=0.140625 uMAE=1.3750 WCE=16 bias=0.1250
[quad_soft:01600] loss=0.038530 tau=2.22 collapse_w=0.000 mid_frac=0.143 hard=score=0.0009912681 wNMSE=5.6993463e-07 wMSE=17.0000 wMRED=0.00234644 wER=0.140625 wMAE=1.3750 wBias=0.1250 condBias=2.0616 dotDrift=+1.940sigma uMRED=0.0023464357 uER=0.140625 uMAE=1.3750 WCE=16 bias=0.1250
[quad_soft:01800] loss=0.037683 tau=2.31 collapse_w=0.000 mid_frac=0.143 hard=score=0.0009912681 wNMSE=5.6993463e-07 wMSE=17.0000 wMRED=0.00234644 wER=0.140625 wMAE=1.3750 wBias=0.1250 condBias=2.0616 dotDrift=+1.940sigma uMRED=0.0023464357 uER=0.140625 uMAE=1.3750 WCE=16 bias=0.1250
[quad_soft:02000] loss=0.036836 tau=2.40 collapse_w=0.000 mid_frac=0.143 hard=score=0.0009912681 wNMSE=5.6993463e-07 wMSE=17.0000 wMRED=0.00234644 wER=0.140625 wMAE=1.3750 wBias=0.1250 condBias=2.0616 dotDrift=+1.940sigma uMRED=0.0023464357 uER=0.140625 uMAE=1.3750 WCE=16 bias=0.1250
[quad_soft:02200] loss=0.035989 tau=2.49 collapse_w=0.000 mid_frac=0.161 hard=score=0.0009912681 wNMSE=5.6993463e-07 wMSE=17.0000 wMRED=0.00234644 wER=0.140625 wMAE=1.3750 wBias=0.1250 condBias=2.0616 dotDrift=+1.940sigma uMRED=0.0023464357 uER=0.140625 uMAE=1.3750 WCE=16 bias=0.1250
[quad_soft:02400] loss=0.035142 tau=2.58 collapse_w=0.000 mid_frac=0.161 hard=score=0.0009912681 wNMSE=5.6993463e-07 wMSE=17.0000 wMRED=0.00234644 wER=0.140625 wMAE=1.3750 wBias=0.1250 condBias=2.0616 dotDrift=+1.940sigma uMRED=0.0023464357 uER=0.140625 uMAE=1.3750 WCE=16 bias=0.1250
[quad_soft:02600] loss=0.034295 tau=2.67 collapse_w=0.000 mid_frac=0.161 hard=score=0.0009912681 wNMSE=5.6993463e-07 wMSE=17.0000 wMRED=0.00234644 wER=0.140625 wMAE=1.3750 wBias=0.1250 condBias=2.0616 dotDrift=+1.940sigma uMRED=0.0023464357 uER=0.140625 uMAE=1.3750 WCE=16 bias=0.1250
[quad_soft:02800] loss=0.033448 tau=2.76 collapse_w=0.000 mid_frac=0.161 hard=score=0.0009912681 wNMSE=5.6993463e-07 wMSE=17.0000 wMRED=0.00234644 wER=0.140625 wMAE=1.3750 wBias=0.1250 condBias=2.0616 dotDrift=+1.940sigma uMRED=0.0023464357 uER=0.140625 uMAE=1.3750 WCE=16 bias=0.1250
[quad_soft:03000] loss=0.032600 tau=2.85 collapse_w=0.000 mid_frac=0.161 hard=score=0.0009912681 wNMSE=5.6993463e-07 wMSE=17.0000 wMRED=0.00234644 wER=0.140625 wMAE=1.3750 wBias=0.1250 condBias=2.0616 dotDrift=+1.940sigma uMRED=0.0023464357 uER=0.140625 uMAE=1.3750 WCE=16 bias=0.1250
[quad_soft:03200] loss=0.031753 tau=2.94 collapse_w=0.000 mid_frac=0.161 hard=score=0.0009912681 wNMSE=5.6993463e-07 wMSE=17.0000 wMRED=0.00234644 wER=0.140625 wMAE=1.3750 wBias=0.1250 condBias=2.0616 dotDrift=+1.940sigma uMRED=0.0023464357 uER=0.140625 uMAE=1.3750 WCE=16 bias=0.1250
[quad_soft:03400] loss=0.030906 tau=3.03 collapse_w=0.000 mid_frac=0.161 hard=score=0.0009912681 wNMSE=5.6993463e-07 wMSE=17.0000 wMRED=0.00234644 wER=0.140625 wMAE=1.3750 wBias=0.1250 condBias=2.0616 dotDrift=+1.940sigma uMRED=0.0023464357 uER=0.140625 uMAE=1.3750 WCE=16 bias=0.1250
[quad_soft:03600] loss=0.030058 tau=3.12 collapse_w=0.000 mid_frac=0.161 hard=score=0.0009912681 wNMSE=5.6993463e-07 wMSE=17.0000 wMRED=0.00234644 wER=0.140625 wMAE=1.3750 wBias=0.1250 condBias=2.0616 dotDrift=+1.940sigma uMRED=0.0023464357 uER=0.140625 uMAE=1.3750 WCE=16 bias=0.1250
[quad_soft:03800] loss=0.029210 tau=3.21 collapse_w=0.000 mid_frac=0.161 hard=score=0.0009912681 wNMSE=5.6993463e-07 wMSE=17.0000 wMRED=0.00234644 wER=0.140625 wMAE=1.3750 wBias=0.1250 condBias=2.0616 dotDrift=+1.940sigma uMRED=0.0023464357 uER=0.140625 uMAE=1.3750 WCE=16 bias=0.1250
[quad_soft:04000] loss=0.028363 tau=3.30 collapse_w=0.000 mid_frac=0.161 hard=score=0.0009912681 wNMSE=5.6993463e-07 wMSE=17.0000 wMRED=0.00234644 wER=0.140625 wMAE=1.3750 wBias=0.1250 condBias=2.0616 dotDrift=+1.940sigma uMRED=0.0023464357 uER=0.140625 uMAE=1.3750 WCE=16 bias=0.1250
[quad_soft:04200] loss=0.027514 tau=3.39 collapse_w=0.000 mid_frac=0.161 hard=score=0.0009912681 wNMSE=5.6993463e-07 wMSE=17.0000 wMRED=0.00234644 wER=0.140625 wMAE=1.3750 wBias=0.1250 condBias=2.0616 dotDrift=+1.940sigma uMRED=0.0023464357 uER=0.140625 uMAE=1.3750 WCE=16 bias=0.1250
[quad_soft:04400] loss=0.026664 tau=3.48 collapse_w=0.000 mid_frac=0.161 hard=score=0.0009912681 wNMSE=5.6993463e-07 wMSE=17.0000 wMRED=0.00234644 wER=0.140625 wMAE=1.3750 wBias=0.1250 condBias=2.0616 dotDrift=+1.940sigma uMRED=0.0023464357 uER=0.140625 uMAE=1.3750 WCE=16 bias=0.1250
[quad_soft:04600] loss=0.025815 tau=3.57 collapse_w=0.000 mid_frac=0.161 hard=score=0.0009912681 wNMSE=5.6993463e-07 wMSE=17.0000 wMRED=0.00234644 wER=0.140625 wMAE=1.3750 wBias=0.1250 condBias=2.0616 dotDrift=+1.940sigma uMRED=0.0023464357 uER=0.140625 uMAE=1.3750 WCE=16 bias=0.1250
[quad_soft:04800] loss=0.024966 tau=3.66 collapse_w=0.000 mid_frac=0.161 hard=score=0.0009912681 wNMSE=5.6993463e-07 wMSE=17.0000 wMRED=0.00234644 wER=0.140625 wMAE=1.3750 wBias=0.1250 condBias=2.0616 dotDrift=+1.940sigma uMRED=0.0023464357 uER=0.140625 uMAE=1.3750 WCE=16 bias=0.1250
[quad_soft:05000] loss=0.024116 tau=3.75 collapse_w=0.000 mid_frac=0.161 hard=score=0.0009912681 wNMSE=5.6993463e-07 wMSE=17.0000 wMRED=0.00234644 wER=0.140625 wMAE=1.3750 wBias=0.1250 condBias=2.0616 dotDrift=+1.940sigma uMRED=0.0023464357 uER=0.140625 uMAE=1.3750 WCE=16 bias=0.1250
[quad_soft:05200] loss=0.023267 tau=3.84 collapse_w=0.000 mid_frac=0.161 hard=score=0.0009912681 wNMSE=5.6993463e-07 wMSE=17.0000 wMRED=0.00234644 wER=0.140625 wMAE=1.3750 wBias=0.1250 condBias=2.0616 dotDrift=+1.940sigma uMRED=0.0023464357 uER=0.140625 uMAE=1.3750 WCE=16 bias=0.1250
[quad_soft:05400] loss=0.022417 tau=3.93 collapse_w=0.000 mid_frac=0.161 hard=score=0.0009912681 wNMSE=5.6993463e-07 wMSE=17.0000 wMRED=0.00234644 wER=0.140625 wMAE=1.3750 wBias=0.1250 condBias=2.0616 dotDrift=+1.940sigma uMRED=0.0023464357 uER=0.140625 uMAE=1.3750 WCE=16 bias=0.1250
[quad_soft:05600] loss=0.021567 tau=4.02 collapse_w=0.000 mid_frac=0.161 hard=score=0.0009912681 wNMSE=5.6993463e-07 wMSE=17.0000 wMRED=0.00234644 wER=0.140625 wMAE=1.3750 wBias=0.1250 condBias=2.0616 dotDrift=+1.940sigma uMRED=0.0023464357 uER=0.140625 uMAE=1.3750 WCE=16 bias=0.1250
[quad_soft:05800] loss=0.020718 tau=4.11 collapse_w=0.000 mid_frac=0.161 hard=score=0.0009912681 wNMSE=5.6993463e-07 wMSE=17.0000 wMRED=0.00234644 wER=0.140625 wMAE=1.3750 wBias=0.1250 condBias=2.0616 dotDrift=+1.940sigma uMRED=0.0023464357 uER=0.140625 uMAE=1.3750 WCE=16 bias=0.1250
[quad_soft:06000] loss=0.019871 tau=4.20 collapse_w=0.000 mid_frac=0.161 hard=score=0.0009912681 wNMSE=5.6993463e-07 wMSE=17.0000 wMRED=0.00234644 wER=0.140625 wMAE=1.3750 wBias=0.1250 condBias=2.0616 dotDrift=+1.940sigma uMRED=0.0023464357 uER=0.140625 uMAE=1.3750 WCE=16 bias=0.1250
[quad_soft:06125] loss=0.019880 tau=4.26 collapse_w=0.016 mid_frac=0.161 hard=score=0.0009874593 wNMSE=4.3583236e-07 wMSE=13.0000 wMRED=0.00179692 wER=0.128906 wMAE=1.1250 wBias=0.0000 condBias=1.8028 dotDrift=+0.000sigma uMRED=0.0017969157 uER=0.128906 uMAE=1.1250 WCE=16 bias=0.0000 *BEST*
[quad_soft:06200] loss=0.019837 tau=4.29 collapse_w=0.025 mid_frac=0.161 hard=score=0.0009874593 wNMSE=4.3583236e-07 wMSE=13.0000 wMRED=0.00179692 wER=0.128906 wMAE=1.1250 wBias=0.0000 condBias=1.8028 dotDrift=+0.000sigma uMRED=0.0017969157 uER=0.128906 uMAE=1.1250 WCE=16 bias=0.0000
[quad_soft:06400] loss=0.019629 tau=4.38 collapse_w=0.050 mid_frac=0.143 hard=score=0.0009888033 wNMSE=4.3583236e-07 wMSE=13.0000 wMRED=0.00166388 wER=0.117188 wMAE=1.0625 wBias=-0.1250 condBias=1.8028 dotDrift=-2.219sigma uMRED=0.0016638825 uER=0.117188 uMAE=1.0625 WCE=16 bias=-0.1250
[quad_soft:06600] loss=0.019385 tau=4.47 collapse_w=0.075 mid_frac=0.125 hard=score=0.0009888033 wNMSE=4.3583236e-07 wMSE=13.0000 wMRED=0.00166388 wER=0.117188 wMAE=1.0625 wBias=-0.1250 condBias=1.8028 dotDrift=-2.219sigma uMRED=0.0016638825 uER=0.117188 uMAE=1.0625 WCE=16 bias=-0.1250
[quad_soft:06800] loss=0.019112 tau=4.56 collapse_w=0.100 mid_frac=0.125 hard=score=0.0009888033 wNMSE=4.3583236e-07 wMSE=13.0000 wMRED=0.00166388 wER=0.117188 wMAE=1.0625 wBias=-0.1250 condBias=1.8028 dotDrift=-2.219sigma uMRED=0.0016638825 uER=0.117188 uMAE=1.0625 WCE=16 bias=-0.1250
[quad_soft:07000] loss=0.018815 tau=4.65 collapse_w=0.125 mid_frac=0.125 hard=score=0.0009888033 wNMSE=4.3583236e-07 wMSE=13.0000 wMRED=0.00166388 wER=0.117188 wMAE=1.0625 wBias=-0.1250 condBias=1.8028 dotDrift=-2.219sigma uMRED=0.0016638825 uER=0.117188 uMAE=1.0625 WCE=16 bias=-0.1250
[quad_soft:07200] loss=0.018495 tau=4.74 collapse_w=0.150 mid_frac=0.107 hard=score=0.0009888033 wNMSE=4.3583236e-07 wMSE=13.0000 wMRED=0.00166388 wER=0.117188 wMAE=1.0625 wBias=-0.1250 condBias=1.8028 dotDrift=-2.219sigma uMRED=0.0016638825 uER=0.117188 uMAE=1.0625 WCE=16 bias=-0.1250
[quad_soft:07400] loss=0.018155 tau=4.83 collapse_w=0.175 mid_frac=0.089 hard=score=0.0009888033 wNMSE=4.3583236e-07 wMSE=13.0000 wMRED=0.00166388 wER=0.117188 wMAE=1.0625 wBias=-0.1250 condBias=1.8028 dotDrift=-2.219sigma uMRED=0.0016638825 uER=0.117188 uMAE=1.0625 WCE=16 bias=-0.1250
[quad_soft:07600] loss=0.017793 tau=4.92 collapse_w=0.200 mid_frac=0.071 hard=score=0.0009888033 wNMSE=4.3583236e-07 wMSE=13.0000 wMRED=0.00166388 wER=0.117188 wMAE=1.0625 wBias=-0.1250 condBias=1.8028 dotDrift=-2.219sigma uMRED=0.0016638825 uER=0.117188 uMAE=1.0625 WCE=16 bias=-0.1250
[quad_soft:07800] loss=0.017411 tau=5.01 collapse_w=0.225 mid_frac=0.071 hard=score=0.0009888033 wNMSE=4.3583236e-07 wMSE=13.0000 wMRED=0.00166388 wER=0.117188 wMAE=1.0625 wBias=-0.1250 condBias=1.8028 dotDrift=-2.219sigma uMRED=0.0016638825 uER=0.117188 uMAE=1.0625 WCE=16 bias=-0.1250
[quad_soft:08000] loss=0.017007 tau=5.10 collapse_w=0.250 mid_frac=0.071 hard=score=0.0009888033 wNMSE=4.3583236e-07 wMSE=13.0000 wMRED=0.00166388 wER=0.117188 wMAE=1.0625 wBias=-0.1250 condBias=1.8028 dotDrift=-2.219sigma uMRED=0.0016638825 uER=0.117188 uMAE=1.0625 WCE=16 bias=-0.1250
[quad_soft:08200] loss=0.016578 tau=5.19 collapse_w=0.275 mid_frac=0.071 hard=score=0.0009888033 wNMSE=4.3583236e-07 wMSE=13.0000 wMRED=0.00166388 wER=0.117188 wMAE=1.0625 wBias=-0.1250 condBias=1.8028 dotDrift=-2.219sigma uMRED=0.0016638825 uER=0.117188 uMAE=1.0625 WCE=16 bias=-0.1250
[quad_soft:08400] loss=0.016123 tau=5.28 collapse_w=0.300 mid_frac=0.071 hard=score=0.0009888033 wNMSE=4.3583236e-07 wMSE=13.0000 wMRED=0.00166388 wER=0.117188 wMAE=1.0625 wBias=-0.1250 condBias=1.8028 dotDrift=-2.219sigma uMRED=0.0016638825 uER=0.117188 uMAE=1.0625 WCE=16 bias=-0.1250
[quad_soft:08600] loss=0.015638 tau=5.37 collapse_w=0.325 mid_frac=0.071 hard=score=0.0009888033 wNMSE=4.3583236e-07 wMSE=13.0000 wMRED=0.00166388 wER=0.117188 wMAE=1.0625 wBias=-0.1250 condBias=1.8028 dotDrift=-2.219sigma uMRED=0.0016638825 uER=0.117188 uMAE=1.0625 WCE=16 bias=-0.1250
[quad_soft:08800] loss=0.015117 tau=5.46 collapse_w=0.350 mid_frac=0.071 hard=score=0.0009888033 wNMSE=4.3583236e-07 wMSE=13.0000 wMRED=0.00166388 wER=0.117188 wMAE=1.0625 wBias=-0.1250 condBias=1.8028 dotDrift=-2.219sigma uMRED=0.0016638825 uER=0.117188 uMAE=1.0625 WCE=16 bias=-0.1250
[quad_soft:09000] loss=0.014553 tau=5.55 collapse_w=0.375 mid_frac=0.071 hard=score=0.0009888033 wNMSE=4.3583236e-07 wMSE=13.0000 wMRED=0.00166388 wER=0.117188 wMAE=1.0625 wBias=-0.1250 condBias=1.8028 dotDrift=-2.219sigma uMRED=0.0016638825 uER=0.117188 uMAE=1.0625 WCE=16 bias=-0.1250
[quad_soft:09200] loss=0.013931 tau=5.64 collapse_w=0.400 mid_frac=0.071 hard=score=0.0009888033 wNMSE=4.3583236e-07 wMSE=13.0000 wMRED=0.00166388 wER=0.117188 wMAE=1.0625 wBias=-0.1250 condBias=1.8028 dotDrift=-2.219sigma uMRED=0.0016638825 uER=0.117188 uMAE=1.0625 WCE=16 bias=-0.1250
[quad_soft:09400] loss=0.013234 tau=5.73 collapse_w=0.425 mid_frac=0.071 hard=score=0.0009888033 wNMSE=4.3583236e-07 wMSE=13.0000 wMRED=0.00166388 wER=0.117188 wMAE=1.0625 wBias=-0.1250 condBias=1.8028 dotDrift=-2.219sigma uMRED=0.0016638825 uER=0.117188 uMAE=1.0625 WCE=16 bias=-0.1250
[quad_soft:09600] loss=0.012440 tau=5.82 collapse_w=0.450 mid_frac=0.071 hard=score=0.0009888033 wNMSE=4.3583236e-07 wMSE=13.0000 wMRED=0.00166388 wER=0.117188 wMAE=1.0625 wBias=-0.1250 condBias=1.8028 dotDrift=-2.219sigma uMRED=0.0016638825 uER=0.117188 uMAE=1.0625 WCE=16 bias=-0.1250
[quad_soft:09800] loss=0.011505 tau=5.91 collapse_w=0.475 mid_frac=0.071 hard=score=0.0009888033 wNMSE=4.3583236e-07 wMSE=13.0000 wMRED=0.00166388 wER=0.117188 wMAE=1.0625 wBias=-0.1250 condBias=1.8028 dotDrift=-2.219sigma uMRED=0.0016638825 uER=0.117188 uMAE=1.0625 WCE=16 bias=-0.1250
[quad_soft:09999] loss=0.010332 tau=6.00 collapse_w=0.500 mid_frac=0.071 hard=score=0.0009888033 wNMSE=4.3583236e-07 wMSE=13.0000 wMRED=0.00166388 wER=0.117188 wMAE=1.0625 wBias=-0.1250 condBias=1.8028 dotDrift=-2.219sigma uMRED=0.0016638825 uER=0.117188 uMAE=1.0625 WCE=16 bias=-0.1250
[quad_hard_ste:00000] loss=0.006859 tau=6.00 collapse_w=0.500 mid_frac=0.071 hard=score=0.0009888033 wNMSE=4.3583236e-07 wMSE=13.0000 wMRED=0.00166388 wER=0.117188 wMAE=1.0625 wBias=-0.1250 condBias=1.8028 dotDrift=-2.219sigma uMRED=0.0016638825 uER=0.117188 uMAE=1.0625 WCE=16 bias=-0.1250
[quad_hard_ste:00200] loss=0.006176 tau=6.00 collapse_w=0.500 mid_frac=0.071 hard=score=0.0009888033 wNMSE=4.3583236e-07 wMSE=13.0000 wMRED=0.00166388 wER=0.117188 wMAE=1.0625 wBias=-0.1250 condBias=1.8028 dotDrift=-2.219sigma uMRED=0.0016638825 uER=0.117188 uMAE=1.0625 WCE=16 bias=-0.1250
[quad_hard_ste:00400] loss=0.005780 tau=6.00 collapse_w=0.500 mid_frac=0.071 hard=score=0.0009888033 wNMSE=4.3583236e-07 wMSE=13.0000 wMRED=0.00166388 wER=0.117188 wMAE=1.0625 wBias=-0.1250 condBias=1.8028 dotDrift=-2.219sigma uMRED=0.0016638825 uER=0.117188 uMAE=1.0625 WCE=16 bias=-0.1250
[quad_hard_ste:00600] loss=0.005545 tau=6.00 collapse_w=0.500 mid_frac=0.071 hard=score=0.0009888033 wNMSE=4.3583236e-07 wMSE=13.0000 wMRED=0.00166388 wER=0.117188 wMAE=1.0625 wBias=-0.1250 condBias=1.8028 dotDrift=-2.219sigma uMRED=0.0016638825 uER=0.117188 uMAE=1.0625 WCE=16 bias=-0.1250
[quad_hard_ste:00800] loss=0.005398 tau=6.00 collapse_w=0.500 mid_frac=0.071 hard=score=0.0009888033 wNMSE=4.3583236e-07 wMSE=13.0000 wMRED=0.00166388 wER=0.117188 wMAE=1.0625 wBias=-0.1250 condBias=1.8028 dotDrift=-2.219sigma uMRED=0.0016638825 uER=0.117188 uMAE=1.0625 WCE=16 bias=-0.1250
[quad_hard_ste:01000] loss=0.005302 tau=6.00 collapse_w=0.500 mid_frac=0.071 hard=score=0.0009888033 wNMSE=4.3583236e-07 wMSE=13.0000 wMRED=0.00166388 wER=0.117188 wMAE=1.0625 wBias=-0.1250 condBias=1.8028 dotDrift=-2.219sigma uMRED=0.0016638825 uER=0.117188 uMAE=1.0625 WCE=16 bias=-0.1250
[quad_hard_ste:01200] loss=0.005236 tau=6.00 collapse_w=0.500 mid_frac=0.071 hard=score=0.0009888033 wNMSE=4.3583236e-07 wMSE=13.0000 wMRED=0.00166388 wER=0.117188 wMAE=1.0625 wBias=-0.1250 condBias=1.8028 dotDrift=-2.219sigma uMRED=0.0016638825 uER=0.117188 uMAE=1.0625 WCE=16 bias=-0.1250
[quad_hard_ste:01400] loss=0.005189 tau=6.00 collapse_w=0.500 mid_frac=0.071 hard=score=0.0009888033 wNMSE=4.3583236e-07 wMSE=13.0000 wMRED=0.00166388 wER=0.117188 wMAE=1.0625 wBias=-0.1250 condBias=1.8028 dotDrift=-2.219sigma uMRED=0.0016638825 uER=0.117188 uMAE=1.0625 WCE=16 bias=-0.1250
[quad_hard_ste:01600] loss=0.005154 tau=6.00 collapse_w=0.500 mid_frac=0.071 hard=score=0.0009888033 wNMSE=4.3583236e-07 wMSE=13.0000 wMRED=0.00166388 wER=0.117188 wMAE=1.0625 wBias=-0.1250 condBias=1.8028 dotDrift=-2.219sigma uMRED=0.0016638825 uER=0.117188 uMAE=1.0625 WCE=16 bias=-0.1250
[quad_hard_ste:01800] loss=0.005128 tau=6.00 collapse_w=0.500 mid_frac=0.071 hard=score=0.0009888033 wNMSE=4.3583236e-07 wMSE=13.0000 wMRED=0.00166388 wER=0.117188 wMAE=1.0625 wBias=-0.1250 condBias=1.8028 dotDrift=-2.219sigma uMRED=0.0016638825 uER=0.117188 uMAE=1.0625 WCE=16 bias=-0.1250
[quad_hard_ste:02000] loss=0.005107 tau=6.00 collapse_w=0.500 mid_frac=0.071 hard=score=0.0009888033 wNMSE=4.3583236e-07 wMSE=13.0000 wMRED=0.00166388 wER=0.117188 wMAE=1.0625 wBias=-0.1250 condBias=1.8028 dotDrift=-2.219sigma uMRED=0.0016638825 uER=0.117188 uMAE=1.0625 WCE=16 bias=-0.1250
[quad_hard_ste:02200] loss=0.005091 tau=6.00 collapse_w=0.500 mid_frac=0.071 hard=score=0.0009888033 wNMSE=4.3583236e-07 wMSE=13.0000 wMRED=0.00166388 wER=0.117188 wMAE=1.0625 wBias=-0.1250 condBias=1.8028 dotDrift=-2.219sigma uMRED=0.0016638825 uER=0.117188 uMAE=1.0625 WCE=16 bias=-0.1250
[quad_hard_ste:02400] loss=0.005078 tau=6.00 collapse_w=0.500 mid_frac=0.071 hard=score=0.0009888033 wNMSE=4.3583236e-07 wMSE=13.0000 wMRED=0.00166388 wER=0.117188 wMAE=1.0625 wBias=-0.1250 condBias=1.8028 dotDrift=-2.219sigma uMRED=0.0016638825 uER=0.117188 uMAE=1.0625 WCE=16 bias=-0.1250
[quad_hard_ste:02600] loss=0.005067 tau=6.00 collapse_w=0.500 mid_frac=0.071 hard=score=0.0009888033 wNMSE=4.3583236e-07 wMSE=13.0000 wMRED=0.00166388 wER=0.117188 wMAE=1.0625 wBias=-0.1250 condBias=1.8028 dotDrift=-2.219sigma uMRED=0.0016638825 uER=0.117188 uMAE=1.0625 WCE=16 bias=-0.1250
[quad_hard_ste:02800] loss=0.005059 tau=6.00 collapse_w=0.500 mid_frac=0.071 hard=score=0.0009888033 wNMSE=4.3583236e-07 wMSE=13.0000 wMRED=0.00166388 wER=0.117188 wMAE=1.0625 wBias=-0.1250 condBias=1.8028 dotDrift=-2.219sigma uMRED=0.0016638825 uER=0.117188 uMAE=1.0625 WCE=16 bias=-0.1250
[quad_hard_ste:03000] loss=0.005051 tau=6.00 collapse_w=0.500 mid_frac=0.071 hard=score=0.0009888033 wNMSE=4.3583236e-07 wMSE=13.0000 wMRED=0.00166388 wER=0.117188 wMAE=1.0625 wBias=-0.1250 condBias=1.8028 dotDrift=-2.219sigma uMRED=0.0016638825 uER=0.117188 uMAE=1.0625 WCE=16 bias=-0.1250
[quad_hard_ste:03200] loss=0.005045 tau=6.00 collapse_w=0.500 mid_frac=0.071 hard=score=0.0009888033 wNMSE=4.3583236e-07 wMSE=13.0000 wMRED=0.00166388 wER=0.117188 wMAE=1.0625 wBias=-0.1250 condBias=1.8028 dotDrift=-2.219sigma uMRED=0.0016638825 uER=0.117188 uMAE=1.0625 WCE=16 bias=-0.1250
[quad_hard_ste:03400] loss=0.005040 tau=6.00 collapse_w=0.500 mid_frac=0.071 hard=score=0.0009888033 wNMSE=4.3583236e-07 wMSE=13.0000 wMRED=0.00166388 wER=0.117188 wMAE=1.0625 wBias=-0.1250 condBias=1.8028 dotDrift=-2.219sigma uMRED=0.0016638825 uER=0.117188 uMAE=1.0625 WCE=16 bias=-0.1250
[quad_hard_ste:03600] loss=0.005036 tau=6.00 collapse_w=0.500 mid_frac=0.071 hard=score=0.0009888033 wNMSE=4.3583236e-07 wMSE=13.0000 wMRED=0.00166388 wER=0.117188 wMAE=1.0625 wBias=-0.1250 condBias=1.8028 dotDrift=-2.219sigma uMRED=0.0016638825 uER=0.117188 uMAE=1.0625 WCE=16 bias=-0.1250
[quad_hard_ste:03800] loss=0.005032 tau=6.00 collapse_w=0.500 mid_frac=0.071 hard=score=0.0009888033 wNMSE=4.3583236e-07 wMSE=13.0000 wMRED=0.00166388 wER=0.117188 wMAE=1.0625 wBias=-0.1250 condBias=1.8028 dotDrift=-2.219sigma uMRED=0.0016638825 uER=0.117188 uMAE=1.0625 WCE=16 bias=-0.1250
[quad_hard_ste:03999] loss=0.005029 tau=6.00 collapse_w=0.500 mid_frac=0.071 hard=score=0.0009888033 wNMSE=4.3583236e-07 wMSE=13.0000 wMRED=0.00166388 wER=0.117188 wMAE=1.0625 wBias=-0.1250 condBias=1.8028 dotDrift=-2.219sigma uMRED=0.0016638825 uER=0.117188 uMAE=1.0625 WCE=16 bias=-0.1250
[pop00_soft:00000] loss=0.123846 tau=1.50 collapse_w=0.000 mid_frac=0.357 hard=score=0.0114436821 wNMSE=3.2557516e-05 wMSE=971.1250 wMRED=0.02385291 wER=0.242188 wMAE=12.1875 wBias=4.7500 condBias=15.5814 dotDrift=+9.755sigma uMRED=0.0238529145 uER=0.242188 uMAE=12.1875 WCE=135 bias=4.7500
[pop00_soft:00200] loss=0.067343 tau=2.25 collapse_w=0.000 mid_frac=0.179 hard=score=0.0010529912 wNMSE=6.9775085e-07 wMSE=20.8125 wMRED=0.00255635 wER=0.171875 wMAE=1.5391 wBias=-0.0625 condBias=2.2810 dotDrift=-0.877sigma uMRED=0.0025563523 uER=0.171875 uMAE=1.5391 WCE=17 bias=-0.0625
[pop00_soft:00400] loss=0.036489 tau=3.00 collapse_w=0.000 mid_frac=0.089 hard=score=0.0012668701 wNMSE=7.3756246e-07 wMSE=22.0000 wMRED=0.00224719 wER=0.117188 wMAE=1.4375 wBias=-0.5000 condBias=2.3452 dotDrift=-6.822sigma uMRED=0.0022471887 uER=0.117188 uMAE=1.4375 WCE=20 bias=-0.5000
[pop00_soft:00600] loss=0.024921 tau=3.75 collapse_w=0.000 mid_frac=0.054 hard=score=0.0009957668 wNMSE=5.028835e-07 wMSE=15.0000 wMRED=0.00185832 wER=0.117188 wMAE=1.1875 wBias=-0.2500 condBias=1.9365 dotDrift=-4.131sigma uMRED=0.0018583179 uER=0.117188 uMAE=1.1875 WCE=16 bias=-0.2500
[pop00_soft:00800] loss=0.020773 tau=4.50 collapse_w=0.084 mid_frac=0.054 hard=score=0.0009888033 wNMSE=4.3583236e-07 wMSE=13.0000 wMRED=0.00166388 wER=0.117188 wMAE=1.0625 wBias=-0.1250 condBias=1.8028 dotDrift=-2.219sigma uMRED=0.0016638825 uER=0.117188 uMAE=1.0625 WCE=16 bias=-0.1250
[pop00_soft:01000] loss=0.018145 tau=5.25 collapse_w=0.293 mid_frac=0.018 hard=score=0.0009888033 wNMSE=4.3583236e-07 wMSE=13.0000 wMRED=0.00166388 wER=0.117188 wMAE=1.0625 wBias=-0.1250 condBias=1.8028 dotDrift=-2.219sigma uMRED=0.0016638825 uER=0.117188 uMAE=1.0625 WCE=16 bias=-0.1250
[pop00_soft:01199] loss=0.010945 tau=6.00 collapse_w=0.500 mid_frac=0.018 hard=score=0.0009888033 wNMSE=4.3583236e-07 wMSE=13.0000 wMRED=0.00166388 wER=0.117188 wMAE=1.0625 wBias=-0.1250 condBias=1.8028 dotDrift=-2.219sigma uMRED=0.0016638825 uER=0.117188 uMAE=1.0625 WCE=16 bias=-0.1250
[pop00_hard:00000] loss=0.007618 tau=6.00 collapse_w=0.500 mid_frac=0.018 hard=score=0.0009888033 wNMSE=4.3583236e-07 wMSE=13.0000 wMRED=0.00166388 wER=0.117188 wMAE=1.0625 wBias=-0.1250 condBias=1.8028 dotDrift=-2.219sigma uMRED=0.0016638825 uER=0.117188 uMAE=1.0625 WCE=16 bias=-0.1250
[pop00_hard:00200] loss=0.005659 tau=6.00 collapse_w=0.500 mid_frac=0.018 hard=score=0.0009888033 wNMSE=4.3583236e-07 wMSE=13.0000 wMRED=0.00166388 wER=0.117188 wMAE=1.0625 wBias=-0.1250 condBias=1.8028 dotDrift=-2.219sigma uMRED=0.0016638825 uER=0.117188 uMAE=1.0625 WCE=16 bias=-0.1250
[pop00_hard:00400] loss=0.004556 tau=6.00 collapse_w=0.500 mid_frac=0.018 hard=score=0.0009888033 wNMSE=4.3583236e-07 wMSE=13.0000 wMRED=0.00166388 wER=0.117188 wMAE=1.0625 wBias=-0.1250 condBias=1.8028 dotDrift=-2.219sigma uMRED=0.0016638825 uER=0.117188 uMAE=1.0625 WCE=16 bias=-0.1250
[pop00_hard:00599] loss=0.003905 tau=6.00 collapse_w=0.500 mid_frac=0.018 hard=score=0.0009888033 wNMSE=4.3583236e-07 wMSE=13.0000 wMRED=0.00166388 wER=0.117188 wMAE=1.0625 wBias=-0.1250 condBias=1.8028 dotDrift=-2.219sigma uMRED=0.0016638825 uER=0.117188 uMAE=1.0625 WCE=16 bias=-0.1250
[pop00] done (conf=0.53, noise=0.5); global best score=0.0009874593 wNMSE=4.3583236e-07 wMSE=13.0000 wMRED=0.00179692 wER=0.128906 wMAE=1.1250 wBias=0.0000 condBias=1.8028 dotDrift=+0.000sigma uMRED=0.0017969157 uER=0.128906 uMAE=1.1250 WCE=16 bias=0.0000
[pop01_soft:00000] loss=0.120859 tau=1.50 collapse_w=0.000 mid_frac=0.500 hard=score=0.0086643535 wNMSE=2.454281e-05 wMSE=732.0625 wMRED=0.01566904 wER=0.250000 wMAE=10.3438 wBias=3.5625 condBias=13.5283 dotDrift=+8.427sigma uMRED=0.0156690442 uER=0.250000 uMAE=10.3438 WCE=112 bias=3.5625
[pop01_soft:00200] loss=0.074779 tau=2.25 collapse_w=0.000 mid_frac=0.375 hard=score=0.0052291961 wNMSE=7.3756246e-06 wMSE=220.0000 wMRED=0.00842170 wER=0.183594 wMAE=4.9688 wBias=1.5000 condBias=7.4162 dotDrift=+6.472sigma uMRED=0.0084216992 uER=0.183594 uMAE=4.9688 WCE=80 bias=1.5000
[pop01_soft:00400] loss=0.044632 tau=3.00 collapse_w=0.000 mid_frac=0.268 hard=score=0.0073333620 wNMSE=7.4426757e-06 wMSE=222.0000 wMRED=0.00644703 wER=0.171875 wMAE=4.4375 wBias=-3.5000 condBias=7.4498 dotDrift=-15.034sigma uMRED=0.0064470253 uER=0.171875 uMAE=4.4375 WCE=92 bias=-3.5000
[pop01_soft:00600] loss=0.030616 tau=3.75 collapse_w=0.000 mid_frac=0.250 hard=score=0.0017426749 wNMSE=7.0403689e-07 wMSE=21.0000 wMRED=0.00312270 wER=0.156250 wMAE=1.5938 wBias=-0.3750 condBias=2.2913 dotDrift=-5.237sigma uMRED=0.0031226983 uER=0.156250 uMAE=1.5938 WCE=28 bias=-0.3750
[pop01_soft:00800] loss=0.025913 tau=4.50 collapse_w=0.084 mid_frac=0.214 hard=score=0.0010079118 wNMSE=4.6935793e-07 wMSE=14.0000 wMRED=0.00234217 wER=0.140625 wMAE=1.2500 wBias=0.3750 condBias=1.8708 dotDrift=+6.414sigma uMRED=0.0023421693 uER=0.140625 uMAE=1.2500 WCE=16 bias=0.3750
[pop01_soft:01000] loss=0.024006 tau=5.25 collapse_w=0.293 mid_frac=0.179 hard=score=0.0010235165 wNMSE=5.6993463e-07 wMSE=17.0000 wMRED=0.00254386 wER=0.140625 wMAE=1.3750 wBias=0.5000 condBias=2.0616 dotDrift=+7.761sigma uMRED=0.0025438643 uER=0.140625 uMAE=1.3750 WCE=16 bias=0.5000
[pop01_soft:01199] loss=0.018254 tau=6.00 collapse_w=0.500 mid_frac=0.179 hard=score=0.0010235165 wNMSE=5.6993463e-07 wMSE=17.0000 wMRED=0.00254386 wER=0.140625 wMAE=1.3750 wBias=0.5000 condBias=2.0616 dotDrift=+7.761sigma uMRED=0.0025438643 uER=0.140625 uMAE=1.3750 WCE=16 bias=0.5000
[pop01_hard:00000] loss=0.014672 tau=6.00 collapse_w=0.500 mid_frac=0.179 hard=score=0.0010235165 wNMSE=5.6993463e-07 wMSE=17.0000 wMRED=0.00254386 wER=0.140625 wMAE=1.3750 wBias=0.5000 condBias=2.0616 dotDrift=+7.761sigma uMRED=0.0025438643 uER=0.140625 uMAE=1.3750 WCE=16 bias=0.5000
[pop01_hard:00200] loss=0.013135 tau=6.00 collapse_w=0.500 mid_frac=0.179 hard=score=0.0010235165 wNMSE=5.6993463e-07 wMSE=17.0000 wMRED=0.00254386 wER=0.140625 wMAE=1.3750 wBias=0.5000 condBias=2.0616 dotDrift=+7.761sigma uMRED=0.0025438643 uER=0.140625 uMAE=1.3750 WCE=16 bias=0.5000
[pop01_hard:00400] loss=0.012272 tau=6.00 collapse_w=0.500 mid_frac=0.179 hard=score=0.0010235165 wNMSE=5.6993463e-07 wMSE=17.0000 wMRED=0.00254386 wER=0.140625 wMAE=1.3750 wBias=0.5000 condBias=2.0616 dotDrift=+7.761sigma uMRED=0.0025438643 uER=0.140625 uMAE=1.3750 WCE=16 bias=0.5000
[pop01_hard:00599] loss=0.011760 tau=6.00 collapse_w=0.500 mid_frac=0.179 hard=score=0.0010235165 wNMSE=5.6993463e-07 wMSE=17.0000 wMRED=0.00254386 wER=0.140625 wMAE=1.3750 wBias=0.5000 condBias=2.0616 dotDrift=+7.761sigma uMRED=0.0025438643 uER=0.140625 uMAE=1.3750 WCE=16 bias=0.5000
[pop01] done (conf=0.51, noise=1.0); global best score=0.0009874593 wNMSE=4.3583236e-07 wMSE=13.0000 wMRED=0.00179692 wER=0.128906 wMAE=1.1250 wBias=0.0000 condBias=1.8028 dotDrift=+0.000sigma uMRED=0.0017969157 uER=0.128906 uMAE=1.1250 WCE=16 bias=0.0000
[pop02_soft:00000] loss=0.125131 tau=1.50 collapse_w=0.000 mid_frac=0.411 hard=score=0.0075128218 wNMSE=3.382101e-05 wMSE=1008.8125 wMRED=0.01668615 wER=0.250000 wMAE=11.9219 wBias=1.8125 condBias=15.8809 dotDrift=+3.652sigma uMRED=0.0166861533 uER=0.250000 uMAE=11.9219 WCE=114 bias=1.8125
[pop02_soft:00200] loss=0.069776 tau=2.25 collapse_w=0.000 mid_frac=0.286 hard=score=0.0010102021 wNMSE=7.7108803e-07 wMSE=23.0000 wMRED=0.00386055 wER=0.144531 wMAE=1.6875 wBias=0.3750 condBias=2.3979 dotDrift=+5.004sigma uMRED=0.0038605457 uER=0.144531 uMAE=1.6875 WCE=16 bias=0.3750
[pop02_soft:00400] loss=0.041912 tau=3.00 collapse_w=0.000 mid_frac=0.179 hard=score=0.0009909688 wNMSE=6.3698576e-07 wMSE=19.0000 wMRED=0.00231882 wER=0.128906 wMAE=1.4375 wBias=-0.1250 condBias=2.1794 dotDrift=-1.835sigma uMRED=0.0023188197 uER=0.128906 uMAE=1.4375 WCE=16 bias=-0.1250
[pop02_soft:00600] loss=0.029036 tau=3.75 collapse_w=0.000 mid_frac=0.196 hard=score=0.0009898746 wNMSE=4.6935793e-07 wMSE=14.0000 wMRED=0.00192995 wER=0.128906 wMAE=1.1875 wBias=0.1250 condBias=1.8708 dotDrift=+2.138sigma uMRED=0.0019299489 uER=0.128906 uMAE=1.1875 WCE=16 bias=0.1250
[pop02_soft:00800] loss=0.022460 tau=4.50 collapse_w=0.084 mid_frac=0.125 hard=score=0.0009898746 wNMSE=4.6935793e-07 wMSE=14.0000 wMRED=0.00192995 wER=0.128906 wMAE=1.1875 wBias=0.1250 condBias=1.8708 dotDrift=+2.138sigma uMRED=0.0019299489 uER=0.128906 uMAE=1.1875 WCE=16 bias=0.1250
[pop02_soft:01000] loss=0.020484 tau=5.25 collapse_w=0.293 mid_frac=0.071 hard=score=0.0009898746 wNMSE=4.6935793e-07 wMSE=14.0000 wMRED=0.00192995 wER=0.128906 wMAE=1.1875 wBias=0.1250 condBias=1.8708 dotDrift=+2.138sigma uMRED=0.0019299489 uER=0.128906 uMAE=1.1875 WCE=16 bias=0.1250
[pop02_soft:01199] loss=0.014171 tau=6.00 collapse_w=0.500 mid_frac=0.071 hard=score=0.0009898746 wNMSE=4.6935793e-07 wMSE=14.0000 wMRED=0.00192995 wER=0.128906 wMAE=1.1875 wBias=0.1250 condBias=1.8708 dotDrift=+2.138sigma uMRED=0.0019299489 uER=0.128906 uMAE=1.1875 WCE=16 bias=0.1250
[pop02_hard:00000] loss=0.010944 tau=6.00 collapse_w=0.500 mid_frac=0.071 hard=score=0.0009898746 wNMSE=4.6935793e-07 wMSE=14.0000 wMRED=0.00192995 wER=0.128906 wMAE=1.1875 wBias=0.1250 condBias=1.8708 dotDrift=+2.138sigma uMRED=0.0019299489 uER=0.128906 uMAE=1.1875 WCE=16 bias=0.1250
[pop02_hard:00200] loss=0.009089 tau=6.00 collapse_w=0.500 mid_frac=0.071 hard=score=0.0009898746 wNMSE=4.6935793e-07 wMSE=14.0000 wMRED=0.00192995 wER=0.128906 wMAE=1.1875 wBias=0.1250 condBias=1.8708 dotDrift=+2.138sigma uMRED=0.0019299489 uER=0.128906 uMAE=1.1875 WCE=16 bias=0.1250
[pop02_hard:00400] loss=0.008025 tau=6.00 collapse_w=0.500 mid_frac=0.071 hard=score=0.0009898746 wNMSE=4.6935793e-07 wMSE=14.0000 wMRED=0.00192995 wER=0.128906 wMAE=1.1875 wBias=0.1250 condBias=1.8708 dotDrift=+2.138sigma uMRED=0.0019299489 uER=0.128906 uMAE=1.1875 WCE=16 bias=0.1250
[pop02_hard:00599] loss=0.007396 tau=6.00 collapse_w=0.500 mid_frac=0.071 hard=score=0.0009898746 wNMSE=4.6935793e-07 wMSE=14.0000 wMRED=0.00192995 wER=0.128906 wMAE=1.1875 wBias=0.1250 condBias=1.8708 dotDrift=+2.138sigma uMRED=0.0019299489 uER=0.128906 uMAE=1.1875 WCE=16 bias=0.1250
[pop02] done (conf=0.53, noise=0.5); global best score=0.0009874593 wNMSE=4.3583236e-07 wMSE=13.0000 wMRED=0.00179692 wER=0.128906 wMAE=1.1250 wBias=0.0000 condBias=1.8028 dotDrift=+0.000sigma uMRED=0.0017969157 uER=0.128906 uMAE=1.1250 WCE=16 bias=0.0000
[pop03_soft:00000] loss=0.142949 tau=1.50 collapse_w=0.000 mid_frac=0.375 hard=score=0.0648796766 wNMSE=0.00013567168 wMSE=4046.8125 wMRED=0.05664123 wER=0.246094 wMAE=26.1016 wBias=19.1875 condBias=38.3750 dotDrift=+19.304sigma uMRED=0.0566412264 uER=0.246094 uMAE=26.1016 WCE=229 bias=19.1875
[pop03_soft:00200] loss=0.091740 tau=2.25 collapse_w=0.000 mid_frac=0.321 hard=score=0.0091126846 wNMSE=3.1518223e-05 wMSE=940.1250 wMRED=0.01195282 wER=0.238281 wMAE=8.7500 wBias=1.1250 condBias=15.3307 dotDrift=+2.348sigma uMRED=0.0119528239 uER=0.238281 uMAE=8.7500 WCE=145 bias=1.1250
[pop03_soft:00400] loss=0.053180 tau=3.00 collapse_w=0.000 mid_frac=0.286 hard=score=0.0071930055 wNMSE=8.9450402e-06 wMSE=266.8125 wMRED=0.00784156 wER=0.203125 wMAE=5.5391 wBias=-4.0625 condBias=8.1672 dotDrift=-15.917sigma uMRED=0.0078415578 uER=0.203125 uMAE=5.5391 WCE=80 bias=-4.0625
[pop03_soft:00600] loss=0.033466 tau=3.75 collapse_w=0.000 mid_frac=0.286 hard=score=0.0020143119 wNMSE=1.108439e-06 wMSE=33.0625 wMRED=0.00313330 wER=0.183594 wMAE=2.0391 wBias=-0.5625 condBias=2.8750 dotDrift=-6.261sigma uMRED=0.0031333038 uER=0.183594 uMAE=2.0391 WCE=32 bias=-0.5625
[pop03_soft:00800] loss=0.026435 tau=4.50 collapse_w=0.084 mid_frac=0.268 hard=score=0.0010529912 wNMSE=6.9775085e-07 wMSE=20.8125 wMRED=0.00255635 wER=0.171875 wMAE=1.5391 wBias=-0.0625 condBias=2.2810 dotDrift=-0.877sigma uMRED=0.0025563523 uER=0.171875 uMAE=1.5391 WCE=17 bias=-0.0625
[pop03_soft:01000] loss=0.025595 tau=5.25 collapse_w=0.293 mid_frac=0.268 hard=score=0.0010529912 wNMSE=6.9775085e-07 wMSE=20.8125 wMRED=0.00255635 wER=0.171875 wMAE=1.5391 wBias=-0.0625 condBias=2.2810 dotDrift=-0.877sigma uMRED=0.0025563523 uER=0.171875 uMAE=1.5391 WCE=17 bias=-0.0625
[pop03_soft:01199] loss=0.021780 tau=6.00 collapse_w=0.500 mid_frac=0.250 hard=score=0.0010529912 wNMSE=6.9775085e-07 wMSE=20.8125 wMRED=0.00255635 wER=0.171875 wMAE=1.5391 wBias=-0.0625 condBias=2.2810 dotDrift=-0.877sigma uMRED=0.0025563523 uER=0.171875 uMAE=1.5391 WCE=17 bias=-0.0625
[pop03_hard:00000] loss=0.019148 tau=6.00 collapse_w=0.500 mid_frac=0.250 hard=score=0.0010529912 wNMSE=6.9775085e-07 wMSE=20.8125 wMRED=0.00255635 wER=0.171875 wMAE=1.5391 wBias=-0.0625 condBias=2.2810 dotDrift=-0.877sigma uMRED=0.0025563523 uER=0.171875 uMAE=1.5391 WCE=17 bias=-0.0625
[pop03_hard:00200] loss=0.017249 tau=6.00 collapse_w=0.500 mid_frac=0.232 hard=score=0.0010529912 wNMSE=6.9775085e-07 wMSE=20.8125 wMRED=0.00255635 wER=0.171875 wMAE=1.5391 wBias=-0.0625 condBias=2.2810 dotDrift=-0.877sigma uMRED=0.0025563523 uER=0.171875 uMAE=1.5391 WCE=17 bias=-0.0625
[pop03_hard:00400] loss=0.016207 tau=6.00 collapse_w=0.500 mid_frac=0.232 hard=score=0.0010529912 wNMSE=6.9775085e-07 wMSE=20.8125 wMRED=0.00255635 wER=0.171875 wMAE=1.5391 wBias=-0.0625 condBias=2.2810 dotDrift=-0.877sigma uMRED=0.0025563523 uER=0.171875 uMAE=1.5391 WCE=17 bias=-0.0625
[pop03_hard:00599] loss=0.015587 tau=6.00 collapse_w=0.500 mid_frac=0.232 hard=score=0.0010529912 wNMSE=6.9775085e-07 wMSE=20.8125 wMRED=0.00255635 wER=0.171875 wMAE=1.5391 wBias=-0.0625 condBias=2.2810 dotDrift=-0.877sigma uMRED=0.0025563523 uER=0.171875 uMAE=1.5391 WCE=17 bias=-0.0625
[pop03] done (conf=0.51, noise=1.0); global best score=0.0009874593 wNMSE=4.3583236e-07 wMSE=13.0000 wMRED=0.00179692 wER=0.128906 wMAE=1.1250 wBias=0.0000 condBias=1.8028 dotDrift=+0.000sigma uMRED=0.0017969157 uER=0.128906 uMAE=1.1250 WCE=16 bias=0.0000
[pop04_soft:00000] loss=0.123035 tau=1.50 collapse_w=0.000 mid_frac=0.375 hard=score=0.0176760715 wNMSE=4.9693271e-05 wMSE=1482.2500 wMRED=0.02263450 wER=0.246094 wMAE=15.4297 wBias=7.0000 condBias=19.2500 dotDrift=+11.636sigma uMRED=0.0226344978 uER=0.246094 uMAE=15.4297 WCE=177 bias=7.0000
[pop04_soft:00200] loss=0.067381 tau=2.25 collapse_w=0.000 mid_frac=0.232 hard=score=0.0022789851 wNMSE=1.3745482e-06 wMSE=41.0000 wMRED=0.00334998 wER=0.148438 wMAE=2.1250 wBias=-1.5000 condBias=3.2016 dotDrift=-14.993sigma uMRED=0.0033499762 uER=0.148438 uMAE=2.1250 WCE=32 bias=-1.5000
[pop04_soft:00400] loss=0.038187 tau=3.00 collapse_w=0.000 mid_frac=0.107 hard=score=0.0009898746 wNMSE=4.6935793e-07 wMSE=14.0000 wMRED=0.00192995 wER=0.128906 wMAE=1.1875 wBias=0.1250 condBias=1.8708 dotDrift=+2.138sigma uMRED=0.0019299489 uER=0.128906 uMAE=1.1875 WCE=16 bias=0.1250
[pop04_soft:00600] loss=0.025581 tau=3.75 collapse_w=0.000 mid_frac=0.071 hard=score=0.0009888033 wNMSE=4.3583236e-07 wMSE=13.0000 wMRED=0.00166388 wER=0.117188 wMAE=1.0625 wBias=-0.1250 condBias=1.8028 dotDrift=-2.219sigma uMRED=0.0016638825 uER=0.117188 uMAE=1.0625 WCE=16 bias=-0.1250
[pop04_soft:00800] loss=0.021452 tau=4.50 collapse_w=0.084 mid_frac=0.054 hard=score=0.0009888033 wNMSE=4.3583236e-07 wMSE=13.0000 wMRED=0.00166388 wER=0.117188 wMAE=1.0625 wBias=-0.1250 condBias=1.8028 dotDrift=-2.219sigma uMRED=0.0016638825 uER=0.117188 uMAE=1.0625 WCE=16 bias=-0.1250
[pop04_soft:01000] loss=0.019138 tau=5.25 collapse_w=0.293 mid_frac=0.036 hard=score=0.0009888033 wNMSE=4.3583236e-07 wMSE=13.0000 wMRED=0.00166388 wER=0.117188 wMAE=1.0625 wBias=-0.1250 condBias=1.8028 dotDrift=-2.219sigma uMRED=0.0016638825 uER=0.117188 uMAE=1.0625 WCE=16 bias=-0.1250
[pop04_soft:01199] loss=0.012455 tau=6.00 collapse_w=0.500 mid_frac=0.036 hard=score=0.0009888033 wNMSE=4.3583236e-07 wMSE=13.0000 wMRED=0.00166388 wER=0.117188 wMAE=1.0625 wBias=-0.1250 condBias=1.8028 dotDrift=-2.219sigma uMRED=0.0016638825 uER=0.117188 uMAE=1.0625 WCE=16 bias=-0.1250
[pop04_hard:00000] loss=0.009270 tau=6.00 collapse_w=0.500 mid_frac=0.036 hard=score=0.0009888033 wNMSE=4.3583236e-07 wMSE=13.0000 wMRED=0.00166388 wER=0.117188 wMAE=1.0625 wBias=-0.1250 condBias=1.8028 dotDrift=-2.219sigma uMRED=0.0016638825 uER=0.117188 uMAE=1.0625 WCE=16 bias=-0.1250
[pop04_hard:00200] loss=0.007343 tau=6.00 collapse_w=0.500 mid_frac=0.036 hard=score=0.0009888033 wNMSE=4.3583236e-07 wMSE=13.0000 wMRED=0.00166388 wER=0.117188 wMAE=1.0625 wBias=-0.1250 condBias=1.8028 dotDrift=-2.219sigma uMRED=0.0016638825 uER=0.117188 uMAE=1.0625 WCE=16 bias=-0.1250
[pop04_hard:00400] loss=0.006258 tau=6.00 collapse_w=0.500 mid_frac=0.036 hard=score=0.0009888033 wNMSE=4.3583236e-07 wMSE=13.0000 wMRED=0.00166388 wER=0.117188 wMAE=1.0625 wBias=-0.1250 condBias=1.8028 dotDrift=-2.219sigma uMRED=0.0016638825 uER=0.117188 uMAE=1.0625 WCE=16 bias=-0.1250
[pop04_hard:00599] loss=0.005619 tau=6.00 collapse_w=0.500 mid_frac=0.036 hard=score=0.0009888033 wNMSE=4.3583236e-07 wMSE=13.0000 wMRED=0.00166388 wER=0.117188 wMAE=1.0625 wBias=-0.1250 condBias=1.8028 dotDrift=-2.219sigma uMRED=0.0016638825 uER=0.117188 uMAE=1.0625 WCE=16 bias=-0.1250
[pop04] done (conf=0.53, noise=0.5); global best score=0.0009874593 wNMSE=4.3583236e-07 wMSE=13.0000 wMRED=0.00179692 wER=0.128906 wMAE=1.1250 wBias=0.0000 condBias=1.8028 dotDrift=+0.000sigma uMRED=0.0017969157 uER=0.128906 uMAE=1.1250 WCE=16 bias=0.0000
[pop05_soft:00000] loss=0.139778 tau=1.50 collapse_w=0.000 mid_frac=0.482 hard=score=0.0179582162 wNMSE=9.4810302e-05 wMSE=2828.0000 wMRED=0.04168006 wER=0.250000 wMAE=21.3750 wBias=6.1250 condBias=26.5895 dotDrift=+7.371sigma uMRED=0.0416800630 uER=0.250000 uMAE=21.3750 WCE=206 bias=6.1250
[pop05_soft:00200] loss=0.089237 tau=2.25 collapse_w=0.000 mid_frac=0.411 hard=score=0.0040007764 wNMSE=3.5872356e-06 wMSE=107.0000 wMRED=0.00852034 wER=0.234375 wMAE=4.2500 wBias=2.7500 condBias=5.5000 dotDrift=+17.015sigma uMRED=0.0085203446 uER=0.234375 uMAE=4.2500 WCE=48 bias=2.7500
[pop05_soft:00400] loss=0.053429 tau=3.00 collapse_w=0.000 mid_frac=0.321 hard=score=0.0009920393 wNMSE=5.5317185e-07 wMSE=16.5000 wMRED=0.00242267 wER=0.156250 wMAE=1.3750 wBias=0.1250 condBias=2.0310 dotDrift=+1.969sigma uMRED=0.0024226728 uER=0.156250 uMAE=1.3750 WCE=16 bias=0.1250
[pop05_soft:00600] loss=0.034180 tau=3.75 collapse_w=0.000 mid_frac=0.286 hard=score=0.0009878600 wNMSE=5.3640906e-07 wMSE=16.0000 wMRED=0.00210923 wER=0.125000 wMAE=1.2500 wBias=0.0000 condBias=2.0000 dotDrift=+0.000sigma uMRED=0.0021092349 uER=0.125000 uMAE=1.2500 WCE=16 bias=0.0000
[pop05_soft:00800] loss=0.027848 tau=4.50 collapse_w=0.084 mid_frac=0.214 hard=score=0.0009953549 wNMSE=3.6878123e-07 wMSE=11.0000 wMRED=0.00172036 wER=0.125000 wMAE=1.0000 wBias=0.2500 condBias=1.6583 dotDrift=+4.824sigma uMRED=0.0017203641 uER=0.125000 uMAE=1.0000 WCE=16 bias=0.2500
[pop05_soft:01000] loss=0.027164 tau=5.25 collapse_w=0.293 mid_frac=0.196 hard=score=0.0009953549 wNMSE=3.6878123e-07 wMSE=11.0000 wMRED=0.00172036 wER=0.125000 wMAE=1.0000 wBias=0.2500 condBias=1.6583 dotDrift=+4.824sigma uMRED=0.0017203641 uER=0.125000 uMAE=1.0000 WCE=16 bias=0.2500
[pop05_soft:01199] loss=0.022604 tau=6.00 collapse_w=0.500 mid_frac=0.196 hard=score=0.0009953549 wNMSE=3.6878123e-07 wMSE=11.0000 wMRED=0.00172036 wER=0.125000 wMAE=1.0000 wBias=0.2500 condBias=1.6583 dotDrift=+4.824sigma uMRED=0.0017203641 uER=0.125000 uMAE=1.0000 WCE=16 bias=0.2500
[pop05_hard:00000] loss=0.018277 tau=6.00 collapse_w=0.500 mid_frac=0.196 hard=score=0.0009953549 wNMSE=3.6878123e-07 wMSE=11.0000 wMRED=0.00172036 wER=0.125000 wMAE=1.0000 wBias=0.2500 condBias=1.6583 dotDrift=+4.824sigma uMRED=0.0017203641 uER=0.125000 uMAE=1.0000 WCE=16 bias=0.2500
[pop05_hard:00200] loss=0.016537 tau=6.00 collapse_w=0.500 mid_frac=0.196 hard=score=0.0009953549 wNMSE=3.6878123e-07 wMSE=11.0000 wMRED=0.00172036 wER=0.125000 wMAE=1.0000 wBias=0.2500 condBias=1.6583 dotDrift=+4.824sigma uMRED=0.0017203641 uER=0.125000 uMAE=1.0000 WCE=16 bias=0.2500
[pop05_hard:00400] loss=0.015560 tau=6.00 collapse_w=0.500 mid_frac=0.196 hard=score=0.0009953549 wNMSE=3.6878123e-07 wMSE=11.0000 wMRED=0.00172036 wER=0.125000 wMAE=1.0000 wBias=0.2500 condBias=1.6583 dotDrift=+4.824sigma uMRED=0.0017203641 uER=0.125000 uMAE=1.0000 WCE=16 bias=0.2500
[pop05_hard:00599] loss=0.014987 tau=6.00 collapse_w=0.500 mid_frac=0.196 hard=score=0.0009953549 wNMSE=3.6878123e-07 wMSE=11.0000 wMRED=0.00172036 wER=0.125000 wMAE=1.0000 wBias=0.2500 condBias=1.6583 dotDrift=+4.824sigma uMRED=0.0017203641 uER=0.125000 uMAE=1.0000 WCE=16 bias=0.2500
[pop05] done (conf=0.51, noise=1.0); global best score=0.0009874593 wNMSE=4.3583236e-07 wMSE=13.0000 wMRED=0.00179692 wER=0.128906 wMAE=1.1250 wBias=0.0000 condBias=1.8028 dotDrift=+0.000sigma uMRED=0.0017969157 uER=0.128906 uMAE=1.1250 WCE=16 bias=0.0000
[pop06_soft:00000] loss=0.133207 tau=1.50 collapse_w=0.000 mid_frac=0.357 hard=score=0.0313562218 wNMSE=9.7190617e-05 wMSE=2899.0000 wMRED=0.04285980 wER=0.250000 wMAE=22.2500 wBias=12.2500 condBias=26.9212 dotDrift=+14.561sigma uMRED=0.0428597960 uER=0.250000 uMAE=22.2500 WCE=172 bias=12.2500
[pop06_soft:00200] loss=0.075770 tau=2.25 collapse_w=0.000 mid_frac=0.179 hard=score=0.0044755337 wNMSE=3.8638215e-06 wMSE=115.2500 wMRED=0.00434262 wER=0.199219 wMAE=3.1719 wBias=1.7500 condBias=5.3677 dotDrift=+10.433sigma uMRED=0.0043426197 uER=0.199219 uMAE=3.1719 WCE=66 bias=1.7500
[pop06_soft:00400] loss=0.039858 tau=3.00 collapse_w=0.000 mid_frac=0.054 hard=score=0.0009909688 wNMSE=6.3698576e-07 wMSE=19.0000 wMRED=0.00231882 wER=0.128906 wMAE=1.4375 wBias=-0.1250 condBias=2.1794 dotDrift=-1.835sigma uMRED=0.0023188197 uER=0.128906 uMAE=1.4375 WCE=16 bias=-0.1250
[pop06_soft:00600] loss=0.025228 tau=3.75 collapse_w=0.000 mid_frac=0.054 hard=score=0.0009898746 wNMSE=4.6935793e-07 wMSE=14.0000 wMRED=0.00192995 wER=0.128906 wMAE=1.1875 wBias=0.1250 condBias=1.8708 dotDrift=+2.138sigma uMRED=0.0019299489 uER=0.128906 uMAE=1.1875 WCE=16 bias=0.1250
[pop06_soft:00800] loss=0.020949 tau=4.50 collapse_w=0.084 mid_frac=0.036 hard=score=0.0009888033 wNMSE=4.3583236e-07 wMSE=13.0000 wMRED=0.00166388 wER=0.117188 wMAE=1.0625 wBias=-0.1250 condBias=1.8028 dotDrift=-2.219sigma uMRED=0.0016638825 uER=0.117188 uMAE=1.0625 WCE=16 bias=-0.1250
[pop06_soft:01000] loss=0.018193 tau=5.25 collapse_w=0.293 mid_frac=0.018 hard=score=0.0009888033 wNMSE=4.3583236e-07 wMSE=13.0000 wMRED=0.00166388 wER=0.117188 wMAE=1.0625 wBias=-0.1250 condBias=1.8028 dotDrift=-2.219sigma uMRED=0.0016638825 uER=0.117188 uMAE=1.0625 WCE=16 bias=-0.1250
[pop06_soft:01199] loss=0.011034 tau=6.00 collapse_w=0.500 mid_frac=0.018 hard=score=0.0009888033 wNMSE=4.3583236e-07 wMSE=13.0000 wMRED=0.00166388 wER=0.117188 wMAE=1.0625 wBias=-0.1250 condBias=1.8028 dotDrift=-2.219sigma uMRED=0.0016638825 uER=0.117188 uMAE=1.0625 WCE=16 bias=-0.1250
[pop06_hard:00000] loss=0.007829 tau=6.00 collapse_w=0.500 mid_frac=0.018 hard=score=0.0009888033 wNMSE=4.3583236e-07 wMSE=13.0000 wMRED=0.00166388 wER=0.117188 wMAE=1.0625 wBias=-0.1250 condBias=1.8028 dotDrift=-2.219sigma uMRED=0.0016638825 uER=0.117188 uMAE=1.0625 WCE=16 bias=-0.1250
[pop06_hard:00200] loss=0.005791 tau=6.00 collapse_w=0.500 mid_frac=0.018 hard=score=0.0009888033 wNMSE=4.3583236e-07 wMSE=13.0000 wMRED=0.00166388 wER=0.117188 wMAE=1.0625 wBias=-0.1250 condBias=1.8028 dotDrift=-2.219sigma uMRED=0.0016638825 uER=0.117188 uMAE=1.0625 WCE=16 bias=-0.1250
[pop06_hard:00400] loss=0.004643 tau=6.00 collapse_w=0.500 mid_frac=0.018 hard=score=0.0009888033 wNMSE=4.3583236e-07 wMSE=13.0000 wMRED=0.00166388 wER=0.117188 wMAE=1.0625 wBias=-0.1250 condBias=1.8028 dotDrift=-2.219sigma uMRED=0.0016638825 uER=0.117188 uMAE=1.0625 WCE=16 bias=-0.1250
[pop06_hard:00599] loss=0.003966 tau=6.00 collapse_w=0.500 mid_frac=0.018 hard=score=0.0009888033 wNMSE=4.3583236e-07 wMSE=13.0000 wMRED=0.00166388 wER=0.117188 wMAE=1.0625 wBias=-0.1250 condBias=1.8028 dotDrift=-2.219sigma uMRED=0.0016638825 uER=0.117188 uMAE=1.0625 WCE=16 bias=-0.1250
[pop06] done (conf=0.53, noise=0.5); global best score=0.0009874593 wNMSE=4.3583236e-07 wMSE=13.0000 wMRED=0.00179692 wER=0.128906 wMAE=1.1250 wBias=0.0000 condBias=1.8028 dotDrift=+0.000sigma uMRED=0.0017969157 uER=0.128906 uMAE=1.1250 WCE=16 bias=0.0000
[pop07_soft:00000] loss=0.150918 tau=1.50 collapse_w=0.000 mid_frac=0.375 hard=score=0.0232252326 wNMSE=7.3085735e-05 wMSE=2180.0000 wMRED=0.05098823 wER=0.250000 wMAE=19.0938 wBias=8.7500 condBias=23.3452 dotDrift=+11.994sigma uMRED=0.0509882255 uER=0.250000 uMAE=19.0938 WCE=205 bias=8.7500
[pop07_soft:00200] loss=0.102612 tau=2.25 collapse_w=0.000 mid_frac=0.411 hard=score=0.0214330944 wNMSE=4.7015416e-05 wMSE=1402.3750 wMRED=0.03521945 wER=0.250000 wMAE=11.5000 wBias=8.0000 condBias=18.7241 dotDrift=+13.672sigma uMRED=0.0352194474 uER=0.250000 uMAE=11.5000 WCE=205 bias=8.0000
[pop07_soft:00400] loss=0.060447 tau=3.00 collapse_w=0.000 mid_frac=0.304 hard=score=0.0039371980 wNMSE=4.8779699e-06 wMSE=145.5000 wMRED=0.00561794 wER=0.195312 wMAE=4.1562 wBias=0.0000 condBias=6.0312 dotDrift=+0.000sigma uMRED=0.0056179357 uER=0.195312 uMAE=4.1562 WCE=64 bias=0.0000
[pop07_soft:00600] loss=0.037797 tau=3.75 collapse_w=0.000 mid_frac=0.321 hard=score=0.0047079390 wNMSE=4.2577469e-06 wMSE=127.0000 wMRED=0.00456174 wER=0.171875 wMAE=3.4688 wBias=-2.3750 condBias=5.6347 dotDrift=-13.488sigma uMRED=0.0045617385 uER=0.171875 uMAE=3.4688 WCE=64 bias=-2.3750
[pop07_soft:00800] loss=0.029951 tau=4.50 collapse_w=0.084 mid_frac=0.250 hard=score=0.0050716151 wNMSE=4.8276816e-06 wMSE=144.0000 wMRED=0.00535474 wER=0.179688 wMAE=3.9688 wBias=-2.8750 condBias=6.0000 dotDrift=-15.333sigma uMRED=0.0053547449 uER=0.179688 uMAE=3.9688 WCE=64 bias=-2.8750
[pop07_soft:01000] loss=0.027488 tau=5.25 collapse_w=0.293 mid_frac=0.214 hard=score=0.0049745179 wNMSE=4.7271049e-06 wMSE=141.0000 wMRED=0.00519258 wER=0.179688 wMAE=3.8750 wBias=-2.7500 condBias=5.9372 dotDrift=-14.822sigma uMRED=0.0051925828 uER=0.179688 uMAE=3.8750 WCE=64 bias=-2.7500
[pop07_soft:01199] loss=0.021329 tau=6.00 collapse_w=0.500 mid_frac=0.214 hard=score=0.0049745179 wNMSE=4.7271049e-06 wMSE=141.0000 wMRED=0.00519258 wER=0.179688 wMAE=3.8750 wBias=-2.7500 condBias=5.9372 dotDrift=-14.822sigma uMRED=0.0051925828 uER=0.179688 uMAE=3.8750 WCE=64 bias=-2.7500
[pop07_hard:00000] loss=0.019284 tau=6.00 collapse_w=0.500 mid_frac=0.214 hard=score=0.0049745179 wNMSE=4.7271049e-06 wMSE=141.0000 wMRED=0.00519258 wER=0.179688 wMAE=3.8750 wBias=-2.7500 condBias=5.9372 dotDrift=-14.822sigma uMRED=0.0051925828 uER=0.179688 uMAE=3.8750 WCE=64 bias=-2.7500
[pop07_hard:00200] loss=0.017401 tau=6.00 collapse_w=0.500 mid_frac=0.214 hard=score=0.0049745179 wNMSE=4.7271049e-06 wMSE=141.0000 wMRED=0.00519258 wER=0.179688 wMAE=3.8750 wBias=-2.7500 condBias=5.9372 dotDrift=-14.822sigma uMRED=0.0051925828 uER=0.179688 uMAE=3.8750 WCE=64 bias=-2.7500
[pop07_hard:00400] loss=0.016341 tau=6.00 collapse_w=0.500 mid_frac=0.214 hard=score=0.0049745179 wNMSE=4.7271049e-06 wMSE=141.0000 wMRED=0.00519258 wER=0.179688 wMAE=3.8750 wBias=-2.7500 condBias=5.9372 dotDrift=-14.822sigma uMRED=0.0051925828 uER=0.179688 uMAE=3.8750 WCE=64 bias=-2.7500
[pop07_hard:00599] loss=0.015715 tau=6.00 collapse_w=0.500 mid_frac=0.214 hard=score=0.0049745179 wNMSE=4.7271049e-06 wMSE=141.0000 wMRED=0.00519258 wER=0.179688 wMAE=3.8750 wBias=-2.7500 condBias=5.9372 dotDrift=-14.822sigma uMRED=0.0051925828 uER=0.179688 uMAE=3.8750 WCE=64 bias=-2.7500
[pop07] done (conf=0.51, noise=1.0); global best score=0.0009874593 wNMSE=4.3583236e-07 wMSE=13.0000 wMRED=0.00179692 wER=0.128906 wMAE=1.1250 wBias=0.0000 condBias=1.8028 dotDrift=+0.000sigma uMRED=0.0017969157 uER=0.128906 uMAE=1.1250 WCE=16 bias=0.0000
[pop08_soft:00000] loss=0.124109 tau=1.50 collapse_w=0.000 mid_frac=0.339 hard=score=0.0080206561 wNMSE=3.5457477e-05 wMSE=1057.6250 wMRED=0.02347943 wER=0.250000 wMAE=13.7500 wBias=-0.5000 condBias=16.2606 dotDrift=-0.984sigma uMRED=0.0234794281 uER=0.250000 uMAE=13.7500 WCE=129 bias=-0.5000
[pop08_soft:00200] loss=0.070832 tau=2.25 collapse_w=0.000 mid_frac=0.268 hard=score=0.0022745519 wNMSE=2.7155709e-06 wMSE=81.0000 wMRED=0.00495948 wER=0.167969 wMAE=3.3125 wBias=-0.6250 condBias=4.5000 dotDrift=-4.444sigma uMRED=0.0049594765 uER=0.167969 uMAE=3.3125 WCE=36 bias=-0.6250
[pop08_soft:00400] loss=0.039715 tau=3.00 collapse_w=0.000 mid_frac=0.143 hard=score=0.0010070755 wNMSE=6.034602e-07 wMSE=18.0000 wMRED=0.00205275 wER=0.117188 wMAE=1.3125 wBias=-0.3750 condBias=2.1213 dotDrift=-5.657sigma uMRED=0.0020527533 uER=0.117188 uMAE=1.3125 WCE=16 bias=-0.3750
[pop08_soft:00600] loss=0.026088 tau=3.75 collapse_w=0.000 mid_frac=0.107 hard=score=0.0009888033 wNMSE=4.3583236e-07 wMSE=13.0000 wMRED=0.00166388 wER=0.117188 wMAE=1.0625 wBias=-0.1250 condBias=1.8028 dotDrift=-2.219sigma uMRED=0.0016638825 uER=0.117188 uMAE=1.0625 WCE=16 bias=-0.1250
[pop08_soft:00800] loss=0.021021 tau=4.50 collapse_w=0.084 mid_frac=0.071 hard=score=0.0009888033 wNMSE=4.3583236e-07 wMSE=13.0000 wMRED=0.00166388 wER=0.117188 wMAE=1.0625 wBias=-0.1250 condBias=1.8028 dotDrift=-2.219sigma uMRED=0.0016638825 uER=0.117188 uMAE=1.0625 WCE=16 bias=-0.1250
[pop08_soft:01000] loss=0.018264 tau=5.25 collapse_w=0.293 mid_frac=0.036 hard=score=0.0009888033 wNMSE=4.3583236e-07 wMSE=13.0000 wMRED=0.00166388 wER=0.117188 wMAE=1.0625 wBias=-0.1250 condBias=1.8028 dotDrift=-2.219sigma uMRED=0.0016638825 uER=0.117188 uMAE=1.0625 WCE=16 bias=-0.1250
[pop08_soft:01199] loss=0.011384 tau=6.00 collapse_w=0.500 mid_frac=0.036 hard=score=0.0009888033 wNMSE=4.3583236e-07 wMSE=13.0000 wMRED=0.00166388 wER=0.117188 wMAE=1.0625 wBias=-0.1250 condBias=1.8028 dotDrift=-2.219sigma uMRED=0.0016638825 uER=0.117188 uMAE=1.0625 WCE=16 bias=-0.1250
[pop08_hard:00000] loss=0.008217 tau=6.00 collapse_w=0.500 mid_frac=0.036 hard=score=0.0009888033 wNMSE=4.3583236e-07 wMSE=13.0000 wMRED=0.00166388 wER=0.117188 wMAE=1.0625 wBias=-0.1250 condBias=1.8028 dotDrift=-2.219sigma uMRED=0.0016638825 uER=0.117188 uMAE=1.0625 WCE=16 bias=-0.1250
[pop08_hard:00200] loss=0.006343 tau=6.00 collapse_w=0.500 mid_frac=0.036 hard=score=0.0009888033 wNMSE=4.3583236e-07 wMSE=13.0000 wMRED=0.00166388 wER=0.117188 wMAE=1.0625 wBias=-0.1250 condBias=1.8028 dotDrift=-2.219sigma uMRED=0.0016638825 uER=0.117188 uMAE=1.0625 WCE=16 bias=-0.1250
[pop08_hard:00400] loss=0.005298 tau=6.00 collapse_w=0.500 mid_frac=0.036 hard=score=0.0009888033 wNMSE=4.3583236e-07 wMSE=13.0000 wMRED=0.00166388 wER=0.117188 wMAE=1.0625 wBias=-0.1250 condBias=1.8028 dotDrift=-2.219sigma uMRED=0.0016638825 uER=0.117188 uMAE=1.0625 WCE=16 bias=-0.1250
[pop08_hard:00599] loss=0.004686 tau=6.00 collapse_w=0.500 mid_frac=0.036 hard=score=0.0009888033 wNMSE=4.3583236e-07 wMSE=13.0000 wMRED=0.00166388 wER=0.117188 wMAE=1.0625 wBias=-0.1250 condBias=1.8028 dotDrift=-2.219sigma uMRED=0.0016638825 uER=0.117188 uMAE=1.0625 WCE=16 bias=-0.1250
[pop08] done (conf=0.53, noise=0.5); global best score=0.0009874593 wNMSE=4.3583236e-07 wMSE=13.0000 wMRED=0.00179692 wER=0.128906 wMAE=1.1250 wBias=0.0000 condBias=1.8028 dotDrift=+0.000sigma uMRED=0.0017969157 uER=0.128906 uMAE=1.1250 WCE=16 bias=0.0000
[pop09_soft:00000] loss=0.126759 tau=1.50 collapse_w=0.000 mid_frac=0.393 hard=score=0.0089696154 wNMSE=3.6773356e-05 wMSE=1096.8750 wMRED=0.02430512 wER=0.242188 wMAE=12.5703 wBias=-0.2500 condBias=16.5596 dotDrift=-0.483sigma uMRED=0.0243051159 uER=0.242188 uMAE=12.5703 WCE=145 bias=-0.2500
[pop09_soft:00200] loss=0.079059 tau=2.25 collapse_w=0.000 mid_frac=0.339 hard=score=0.0097689536 wNMSE=2.56282e-05 wMSE=764.4375 wMRED=0.01303242 wER=0.210938 wMAE=8.3906 wBias=2.5625 condBias=13.8242 dotDrift=+5.932sigma uMRED=0.0130324165 uER=0.210938 uMAE=8.3906 WCE=144 bias=2.5625
[pop09_soft:00400] loss=0.043443 tau=3.00 collapse_w=0.000 mid_frac=0.232 hard=score=0.0044139177 wNMSE=4.1906958e-06 wMSE=125.0000 wMRED=0.00424856 wER=0.156250 wMAE=3.1250 wBias=1.8750 condBias=5.5902 dotDrift=+10.733sigma uMRED=0.0042485556 uER=0.156250 uMAE=3.1250 WCE=64 bias=1.8750
[pop09_soft:00600] loss=0.027461 tau=3.75 collapse_w=0.000 mid_frac=0.161 hard=score=0.0012412315 wNMSE=6.7051133e-07 wMSE=20.0000 wMRED=0.00239748 wER=0.125000 wMAE=1.3750 wBias=-0.2500 condBias=2.2361 dotDrift=-3.578sigma uMRED=0.0023974783 uER=0.125000 uMAE=1.3750 WCE=20 bias=-0.2500
[pop09_soft:00775] loss=0.020949 tau=4.41 collapse_w=0.058 mid_frac=0.107 hard=score=0.0009866087 wNMSE=5.028835e-07 wMSE=15.0000 wMRED=0.00191959 wER=0.109375 wMAE=1.1250 wBias=0.0000 condBias=1.9365 dotDrift=+0.000sigma uMRED=0.0019195893 uER=0.109375 uMAE=1.1250 WCE=16 bias=0.0000 *BEST*
[pop09_soft:00800] loss=0.020865 tau=4.50 collapse_w=0.084 mid_frac=0.107 hard=score=0.0009866087 wNMSE=5.028835e-07 wMSE=15.0000 wMRED=0.00191959 wER=0.109375 wMAE=1.1250 wBias=0.0000 condBias=1.9365 dotDrift=+0.000sigma uMRED=0.0019195893 uER=0.109375 uMAE=1.1250 WCE=16 bias=0.0000
[pop09_soft:01000] loss=0.018443 tau=5.25 collapse_w=0.293 mid_frac=0.071 hard=score=0.0009866087 wNMSE=5.028835e-07 wMSE=15.0000 wMRED=0.00191959 wER=0.109375 wMAE=1.1250 wBias=0.0000 condBias=1.9365 dotDrift=+0.000sigma uMRED=0.0019195893 uER=0.109375 uMAE=1.1250 WCE=16 bias=0.0000
[pop09_soft:01199] loss=0.012436 tau=6.00 collapse_w=0.500 mid_frac=0.071 hard=score=0.0009866087 wNMSE=5.028835e-07 wMSE=15.0000 wMRED=0.00191959 wER=0.109375 wMAE=1.1250 wBias=0.0000 condBias=1.9365 dotDrift=+0.000sigma uMRED=0.0019195893 uER=0.109375 uMAE=1.1250 WCE=16 bias=0.0000
[pop09_hard:00000] loss=0.009500 tau=6.00 collapse_w=0.500 mid_frac=0.071 hard=score=0.0009866087 wNMSE=5.028835e-07 wMSE=15.0000 wMRED=0.00191959 wER=0.109375 wMAE=1.1250 wBias=0.0000 condBias=1.9365 dotDrift=+0.000sigma uMRED=0.0019195893 uER=0.109375 uMAE=1.1250 WCE=16 bias=0.0000
[pop09_hard:00200] loss=0.007805 tau=6.00 collapse_w=0.500 mid_frac=0.071 hard=score=0.0009866087 wNMSE=5.028835e-07 wMSE=15.0000 wMRED=0.00191959 wER=0.109375 wMAE=1.1250 wBias=0.0000 condBias=1.9365 dotDrift=+0.000sigma uMRED=0.0019195893 uER=0.109375 uMAE=1.1250 WCE=16 bias=0.0000
[pop09_hard:00400] loss=0.006853 tau=6.00 collapse_w=0.500 mid_frac=0.071 hard=score=0.0009866087 wNMSE=5.028835e-07 wMSE=15.0000 wMRED=0.00191959 wER=0.109375 wMAE=1.1250 wBias=0.0000 condBias=1.9365 dotDrift=+0.000sigma uMRED=0.0019195893 uER=0.109375 uMAE=1.1250 WCE=16 bias=0.0000
[pop09_hard:00599] loss=0.006295 tau=6.00 collapse_w=0.500 mid_frac=0.071 hard=score=0.0009866087 wNMSE=5.028835e-07 wMSE=15.0000 wMRED=0.00191959 wER=0.109375 wMAE=1.1250 wBias=0.0000 condBias=1.9365 dotDrift=+0.000sigma uMRED=0.0019195893 uER=0.109375 uMAE=1.1250 WCE=16 bias=0.0000
[pop09] done (conf=0.51, noise=1.0); global best score=0.0009866087 wNMSE=5.028835e-07 wMSE=15.0000 wMRED=0.00191959 wER=0.109375 wMAE=1.1250 wBias=0.0000 condBias=1.9365 dotDrift=+0.000sigma uMRED=0.0019195893 uER=0.109375 uMAE=1.1250 WCE=16 bias=0.0000
[pop10_soft:00000] loss=0.126673 tau=1.50 collapse_w=0.000 mid_frac=0.339 hard=score=0.0096076777 wNMSE=2.8875989e-05 wMSE=861.3125 wMRED=0.02315637 wER=0.238281 wMAE=10.9922 wBias=-3.1875 condBias=14.6741 dotDrift=-6.951sigma uMRED=0.0231563695 uER=0.238281 uMAE=10.9922 WCE=133 bias=-3.1875
[pop10_soft:00200] loss=0.069075 tau=2.25 collapse_w=0.000 mid_frac=0.196 hard=score=0.0052236440 wNMSE=5.9004997e-06 wMSE=176.0000 wMRED=0.01188557 wER=0.175781 wMAE=3.7812 wBias=1.5000 condBias=6.6332 dotDrift=+7.236sigma uMRED=0.0118855742 uER=0.175781 uMAE=3.7812 WCE=80 bias=1.5000
[pop10_soft:00400] loss=0.037010 tau=3.00 collapse_w=0.000 mid_frac=0.089 hard=score=0.0012421743 wNMSE=7.7108803e-07 wMSE=23.0000 wMRED=0.00251326 wER=0.128906 wMAE=1.5625 wBias=-0.2500 condBias=2.3979 dotDrift=-3.336sigma uMRED=0.0025132551 uER=0.128906 uMAE=1.5625 WCE=20 bias=-0.2500
[pop10_soft:00600] loss=0.024997 tau=3.75 collapse_w=0.000 mid_frac=0.054 hard=score=0.0012668701 wNMSE=7.3756246e-07 wMSE=22.0000 wMRED=0.00224719 wER=0.117188 wMAE=1.4375 wBias=-0.5000 condBias=2.3452 dotDrift=-6.822sigma uMRED=0.0022471887 uER=0.117188 uMAE=1.4375 WCE=20 bias=-0.5000
[pop10_soft:00800] loss=0.020840 tau=4.50 collapse_w=0.084 mid_frac=0.018 hard=score=0.0009888033 wNMSE=4.3583236e-07 wMSE=13.0000 wMRED=0.00166388 wER=0.117188 wMAE=1.0625 wBias=-0.1250 condBias=1.8028 dotDrift=-2.219sigma uMRED=0.0016638825 uER=0.117188 uMAE=1.0625 WCE=16 bias=-0.1250
[pop10_soft:01000] loss=0.018157 tau=5.25 collapse_w=0.293 mid_frac=0.000 hard=score=0.0009888033 wNMSE=4.3583236e-07 wMSE=13.0000 wMRED=0.00166388 wER=0.117188 wMAE=1.0625 wBias=-0.1250 condBias=1.8028 dotDrift=-2.219sigma uMRED=0.0016638825 uER=0.117188 uMAE=1.0625 WCE=16 bias=-0.1250
[pop10_soft:01199] loss=0.010661 tau=6.00 collapse_w=0.500 mid_frac=0.000 hard=score=0.0009888033 wNMSE=4.3583236e-07 wMSE=13.0000 wMRED=0.00166388 wER=0.117188 wMAE=1.0625 wBias=-0.1250 condBias=1.8028 dotDrift=-2.219sigma uMRED=0.0016638825 uER=0.117188 uMAE=1.0625 WCE=16 bias=-0.1250
[pop10_hard:00000] loss=0.007371 tau=6.00 collapse_w=0.500 mid_frac=0.000 hard=score=0.0009888033 wNMSE=4.3583236e-07 wMSE=13.0000 wMRED=0.00166388 wER=0.117188 wMAE=1.0625 wBias=-0.1250 condBias=1.8028 dotDrift=-2.219sigma uMRED=0.0016638825 uER=0.117188 uMAE=1.0625 WCE=16 bias=-0.1250
[pop10_hard:00200] loss=0.005245 tau=6.00 collapse_w=0.500 mid_frac=0.000 hard=score=0.0009888033 wNMSE=4.3583236e-07 wMSE=13.0000 wMRED=0.00166388 wER=0.117188 wMAE=1.0625 wBias=-0.1250 condBias=1.8028 dotDrift=-2.219sigma uMRED=0.0016638825 uER=0.117188 uMAE=1.0625 WCE=16 bias=-0.1250
[pop10_hard:00400] loss=0.003999 tau=6.00 collapse_w=0.500 mid_frac=0.000 hard=score=0.0009888033 wNMSE=4.3583236e-07 wMSE=13.0000 wMRED=0.00166388 wER=0.117188 wMAE=1.0625 wBias=-0.1250 condBias=1.8028 dotDrift=-2.219sigma uMRED=0.0016638825 uER=0.117188 uMAE=1.0625 WCE=16 bias=-0.1250
[pop10_hard:00599] loss=0.003250 tau=6.00 collapse_w=0.500 mid_frac=0.000 hard=score=0.0009888033 wNMSE=4.3583236e-07 wMSE=13.0000 wMRED=0.00166388 wER=0.117188 wMAE=1.0625 wBias=-0.1250 condBias=1.8028 dotDrift=-2.219sigma uMRED=0.0016638825 uER=0.117188 uMAE=1.0625 WCE=16 bias=-0.1250
[pop10] done (conf=0.53, noise=0.5); global best score=0.0009866087 wNMSE=5.028835e-07 wMSE=15.0000 wMRED=0.00191959 wER=0.109375 wMAE=1.1250 wBias=0.0000 condBias=1.9365 dotDrift=+0.000sigma uMRED=0.0019195893 uER=0.109375 uMAE=1.1250 WCE=16 bias=0.0000
[pop11_soft:00000] loss=0.129803 tau=1.50 collapse_w=0.000 mid_frac=0.321 hard=score=0.0383154031 wNMSE=8.0411071e-05 wMSE=2398.5000 wMRED=0.05212093 wER=0.246094 wMAE=17.6250 wBias=13.0000 condBias=26.0000 dotDrift=+16.988sigma uMRED=0.0521209259 uER=0.246094 uMAE=17.6250 WCE=244 bias=13.0000
[pop11_soft:00200] loss=0.081669 tau=2.25 collapse_w=0.000 mid_frac=0.411 hard=score=0.0050826530 wNMSE=1.5094886e-05 wMSE=450.2500 wMRED=0.01856871 wER=0.222656 wMAE=8.1094 wBias=1.0000 condBias=10.6095 dotDrift=+3.016sigma uMRED=0.0185687071 uER=0.222656 uMAE=8.1094 WCE=80 bias=1.0000
[pop11_soft:00400] loss=0.047202 tau=3.00 collapse_w=0.000 mid_frac=0.304 hard=score=0.0010233683 wNMSE=6.3698576e-07 wMSE=19.0000 wMRED=0.00229531 wER=0.132812 wMAE=1.4375 wBias=-0.5000 condBias=2.1794 dotDrift=-7.341sigma uMRED=0.0022953061 uER=0.132812 uMAE=1.4375 WCE=16 bias=-0.5000
[pop11_soft:00600] loss=0.029974 tau=3.75 collapse_w=0.000 mid_frac=0.232 hard=score=0.0009878600 wNMSE=5.3640906e-07 wMSE=16.0000 wMRED=0.00210923 wER=0.125000 wMAE=1.2500 wBias=0.0000 condBias=2.0000 dotDrift=+0.000sigma uMRED=0.0021092349 uER=0.125000 uMAE=1.2500 WCE=16 bias=0.0000
[pop11_soft:00800] loss=0.023583 tau=4.50 collapse_w=0.084 mid_frac=0.143 hard=score=0.0009887372 wNMSE=5.028835e-07 wMSE=15.0000 wMRED=0.00182578 wER=0.109375 wMAE=1.1250 wBias=0.1250 condBias=1.9365 dotDrift=+2.066sigma uMRED=0.0018257813 uER=0.109375 uMAE=1.1250 WCE=16 bias=0.1250
[pop11_soft:01000] loss=0.022351 tau=5.25 collapse_w=0.293 mid_frac=0.107 hard=score=0.0009887372 wNMSE=5.028835e-07 wMSE=15.0000 wMRED=0.00182578 wER=0.109375 wMAE=1.1250 wBias=0.1250 condBias=1.9365 dotDrift=+2.066sigma uMRED=0.0018257813 uER=0.109375 uMAE=1.1250 WCE=16 bias=0.1250
[pop11_soft:01199] loss=0.017501 tau=6.00 collapse_w=0.500 mid_frac=0.107 hard=score=0.0009887372 wNMSE=5.028835e-07 wMSE=15.0000 wMRED=0.00182578 wER=0.109375 wMAE=1.1250 wBias=0.1250 condBias=1.9365 dotDrift=+2.066sigma uMRED=0.0018257813 uER=0.109375 uMAE=1.1250 WCE=16 bias=0.1250
[pop11_hard:00000] loss=0.014216 tau=6.00 collapse_w=0.500 mid_frac=0.107 hard=score=0.0009887372 wNMSE=5.028835e-07 wMSE=15.0000 wMRED=0.00182578 wER=0.109375 wMAE=1.1250 wBias=0.1250 condBias=1.9365 dotDrift=+2.066sigma uMRED=0.0018257813 uER=0.109375 uMAE=1.1250 WCE=16 bias=0.1250
[pop11_hard:00200] loss=0.012413 tau=6.00 collapse_w=0.500 mid_frac=0.107 hard=score=0.0009887372 wNMSE=5.028835e-07 wMSE=15.0000 wMRED=0.00182578 wER=0.109375 wMAE=1.1250 wBias=0.1250 condBias=1.9365 dotDrift=+2.066sigma uMRED=0.0018257813 uER=0.109375 uMAE=1.1250 WCE=16 bias=0.1250
[pop11_hard:00400] loss=0.011357 tau=6.00 collapse_w=0.500 mid_frac=0.107 hard=score=0.0009887372 wNMSE=5.028835e-07 wMSE=15.0000 wMRED=0.00182578 wER=0.109375 wMAE=1.1250 wBias=0.1250 condBias=1.9365 dotDrift=+2.066sigma uMRED=0.0018257813 uER=0.109375 uMAE=1.1250 WCE=16 bias=0.1250
[pop11_hard:00599] loss=0.010729 tau=6.00 collapse_w=0.500 mid_frac=0.107 hard=score=0.0009887372 wNMSE=5.028835e-07 wMSE=15.0000 wMRED=0.00182578 wER=0.109375 wMAE=1.1250 wBias=0.1250 condBias=1.9365 dotDrift=+2.066sigma uMRED=0.0018257813 uER=0.109375 uMAE=1.1250 WCE=16 bias=0.1250
[pop11] done (conf=0.51, noise=1.0); global best score=0.0009866087 wNMSE=5.028835e-07 wMSE=15.0000 wMRED=0.00191959 wER=0.109375 wMAE=1.1250 wBias=0.0000 condBias=1.9365 dotDrift=+0.000sigma uMRED=0.0019195893 uER=0.109375 uMAE=1.1250 WCE=16 bias=0.0000
[best] stage=pop09_soft score=0.0009866087 wNMSE=5.028835e-07 wMSE=15.0000 wMRED=0.00191959 wER=0.109375 wMAE=1.1250 wBias=0.0000 condBias=1.9365 dotDrift=+0.000sigma uMRED=0.0019195893 uER=0.109375 uMAE=1.1250 WCE=16 bias=0.0000
[best-json] /home/xuanqi/tony/work/FPGA/signed8x8_approx/signed8x8_2026_8_22/runs_uniform/quality/rand224/best_signed88_inits.json
[best-rtl] /home/xuanqi/tony/work/FPGA/signed8x8_approx/signed8x8_2026_8_22/runs_uniform/quality/rand224/best_rtl
[design] quality search_bits=56
[start] score=0.0009866087 wNMSE=5.028835e-07 wMSE=15.0000 wMRED=0.00191959 wER=0.109375 wMAE=1.1250 wBias=0.0000 condBias=1.9365 dotDrift=+0.000sigma uMRED=0.0019195893 uER=0.109375 uMAE=1.1250 WCE=16 bias=0.0000
[single] round=1 no improvement
[pair] ACCEPT ['cp_lut23:51', 'cp_lut23:47'] 0.0009866087->0.0004960898 wNMSE=1.3410227e-07 wBias=+0.00000
[pair] round=2 no improvement
[final] score=0.0004960898 wNMSE=1.3410227e-07 wMSE=4.0000 wMRED=0.00114843 wER=0.109375 wMAE=0.6250 wBias=0.0000 condBias=1.0000 dotDrift=+0.000sigma uMRED=0.0011484255 uER=0.109375 uMAE=0.6250 WCE=8 bias=0.0000
[json] /home/xuanqi/tony/work/FPGA/signed8x8_approx/signed8x8_2026_8_22/runs_uniform/quality/rand224/refined/best_signed88_inits.json
