[design] balanced_split quad4 entries=112
[device] cuda
[initial] score=325.0781281247 wNMSE=0.46833739 wMSE=35678.1090 wMRED=5.24573127 wER=0.437165 wMAE=94.7846 wBias=77.6505 condBias=126.9057 dotDrift=+26.310sigma uMRED=0.1742419099 uER=0.437500 uMAE=73.2461 WCE=675 bias=45.1875
[quad_warmup_bit:00000] loss=4.198868 tau=1.50 collapse_w=0.000 mid_frac=0.509 hard=score=323.7928029593 wNMSE=0.46785079 wMSE=35641.0401 wMRED=5.24319958 wER=0.437165 wMAE=94.6407 wBias=77.4965 condBias=126.7177 dotDrift=+26.272sigma uMRED=0.1739215930 uER=0.437500 uMAE=73.0586 WCE=675 bias=44.9375 *BEST*
[quad_warmup_bit:00025] loss=3.531609 tau=1.50 collapse_w=0.000 mid_frac=0.473 hard=score=254.4589642558 wNMSE=0.41334955 wMSE=31489.1159 wMRED=4.86388511 wER=0.437165 wMAE=87.2246 wBias=68.6889 condBias=115.6729 dotDrift=+24.773sigma uMRED=0.1555242397 uER=0.437500 uMAE=63.5605 WCE=611 bias=25.4375 *BEST*
[quad_warmup_bit:00050] loss=2.902386 tau=1.50 collapse_w=0.000 mid_frac=0.473 hard=score=61.6210891940 wNMSE=0.17179153 wMSE=13087.1400 wMRED=3.08579295 wER=0.437165 wMAE=53.6355 wBias=33.7683 condBias=62.9456 dotDrift=+18.892sigma uMRED=0.1074847859 uER=0.437500 uMAE=49.9277 WCE=356 bias=7.3125 *BEST*
[quad_warmup_bit:00075] loss=2.321315 tau=1.50 collapse_w=0.000 mid_frac=0.518 hard=score=29.5040724210 wNMSE=0.59802712 wMSE=45557.9186 wMRED=7.40638676 wER=0.437165 wMAE=104.0753 wBias=-23.0250 condBias=114.8983 dotDrift=-6.904sigma uMRED=0.2033658340 uER=0.437500 uMAE=69.0410 WCE=724 bias=-20.6875 *BEST*
[quad_warmup_bit:00200] loss=0.489682 tau=1.50 collapse_w=0.000 mid_frac=0.491 hard=score=144.1050780703 wNMSE=0.87967776 wMSE=67014.1648 wMRED=8.46112657 wER=0.410494 wMAE=123.2675 wBias=-51.5027 condBias=139.6182 dotDrift=-12.733sigma uMRED=0.2721816560 uER=0.431641 uMAE=107.9219 WCE=852 bias=-83.9375
[quad_warmup_bit:00400] loss=0.248783 tau=1.50 collapse_w=0.000 mid_frac=0.455 hard=score=197.1752711183 wNMSE=0.95164789 wMSE=72496.8751 wMRED=8.80670786 wER=0.394304 wMAE=130.0580 wBias=-60.3053 condBias=150.0061 dotDrift=-14.334sigma uMRED=0.2892991779 uER=0.428711 uMAE=116.3047 WCE=912 bias=-92.8125
[quad_warmup_bit:00600] loss=0.230223 tau=1.50 collapse_w=0.000 mid_frac=0.420 hard=score=190.7932681998 wNMSE=0.94862777 wMSE=72266.8012 wMRED=8.84533969 wER=0.380169 wMAE=129.9704 wBias=-59.3139 condBias=149.7387 dotDrift=-14.121sigma uMRED=0.2892840400 uER=0.422852 uMAE=116.0312 WCE=912 bias=-92.1250
[quad_warmup_bit:00800] loss=0.214378 tau=1.50 collapse_w=0.000 mid_frac=0.446 hard=score=185.5118956016 wNMSE=0.93844027 wMSE=71490.7140 wMRED=8.81843470 wER=0.365234 wMAE=129.1638 wBias=-58.4829 condBias=148.7747 dotDrift=-13.999sigma uMRED=0.2872941844 uER=0.414062 uMAE=114.9375 WCE=912 bias=-91.0000
[quad_warmup_bit:01000] loss=0.199507 tau=1.50 collapse_w=0.000 mid_frac=0.446 hard=score=151.6758042073 wNMSE=0.89377006 wMSE=68087.7217 wMRED=8.41647157 wER=0.365234 wMAE=123.5279 wBias=-52.8470 condBias=140.6496 dotDrift=-12.962sigma uMRED=0.2775752583 uER=0.414062 uMAE=112.4375 WCE=848 bias=-88.5000
[quad_warmup_bit:01200] loss=0.185369 tau=1.50 collapse_w=0.000 mid_frac=0.455 hard=score=147.0184644226 wNMSE=0.87950602 wMSE=67001.0819 wMRED=8.25849362 wER=0.367297 wMAE=122.7879 wBias=-52.0264 condBias=137.0061 dotDrift=-12.864sigma uMRED=0.2778832272 uER=0.408203 uMAE=113.6562 WCE=816 bias=-90.0000
[quad_warmup_bit:01400] loss=0.172431 tau=1.50 collapse_w=0.000 mid_frac=0.402 hard=score=403.5598557980 wNMSE=0.70446356 wMSE=53666.2850 wMRED=6.04420605 wER=0.295961 wMAE=86.8404 wBias=-86.4890 condBias=160.8324 dotDrift=-23.894sigma uMRED=0.2246905886 uER=0.396484 uMAE=99.2344 WCE=816 bias=-93.0000
[quad_warmup_bit:01600] loss=0.161150 tau=1.50 collapse_w=0.000 mid_frac=0.375 hard=score=397.0388758506 wNMSE=0.69462452 wMSE=52916.7434 wMRED=6.02551835 wER=0.295961 wMAE=86.1385 wBias=-85.7871 condBias=159.4362 dotDrift=-23.867sigma uMRED=0.2228827114 uER=0.396484 uMAE=98.2344 WCE=816 bias=-92.0000
[quad_warmup_bit:01800] loss=0.150662 tau=1.50 collapse_w=0.000 mid_frac=0.357 hard=score=203.0076221485 wNMSE=0.43650269 wMSE=33252.9307 wMRED=4.49883616 wER=0.277064 wMAE=70.3897 wBias=-61.3164 condBias=126.4676 dotDrift=-21.520sigma uMRED=0.1882919236 uER=0.388672 uMAE=90.4688 WCE=660 bias=-81.0000
[quad_warmup_bit:02000] loss=0.140450 tau=1.50 collapse_w=0.000 mid_frac=0.339 hard=score=152.1992327741 wNMSE=0.38114323 wMSE=29035.6266 wMRED=4.38118458 wER=0.273736 wMAE=62.7570 wBias=-53.0790 condBias=109.6519 dotDrift=-19.936sigma uMRED=0.1592817706 uER=0.374023 uMAE=70.7188 WCE=592 bias=-65.0000
[quad_warmup_bit:02200] loss=0.130718 tau=1.50 collapse_w=0.000 mid_frac=0.304 hard=score=174.7514162940 wNMSE=0.39223219 wMSE=29880.3880 wMRED=4.37039727 wER=0.233543 wMAE=59.7700 wBias=-56.8904 condBias=109.1746 dotDrift=-21.063sigma uMRED=0.1550964215 uER=0.345703 uMAE=67.7188 WCE=592 bias=-62.0000
[quad_warmup_bit:02400] loss=0.122312 tau=1.50 collapse_w=0.000 mid_frac=0.277 hard=score=136.1528632593 wNMSE=0.30252374 wMSE=23046.3659 wMRED=3.81412087 wER=0.233543 wMAE=53.0956 wBias=-50.2161 condBias=95.8528 dotDrift=-21.170sigma uMRED=0.1338989990 uER=0.345703 uMAE=57.2188 WCE=576 bias=-51.5000
[quad_warmup_bit:02600] loss=0.115034 tau=1.50 collapse_w=0.000 mid_frac=0.259 hard=score=1.9429885715 wNMSE=0.027192288 wMSE=2071.5182 wMRED=0.20222105 wER=0.188248 wMAE=11.9010 wBias=-5.8845 condBias=23.5049 dotDrift=-8.275sigma uMRED=0.0599463044 uER=0.333984 uMAE=45.0469 WCE=640 bias=-37.5000 *BEST*
[quad_warmup_bit:02625] loss=0.114176 tau=1.50 collapse_w=0.000 mid_frac=0.250 hard=score=1.7621578107 wNMSE=0.025890181 wMSE=1972.3232 wMRED=0.19952021 wER=0.188248 wMAE=11.6112 wBias=-5.5947 condBias=22.9632 dotDrift=-8.062sigma uMRED=0.0573605751 uER=0.333984 uMAE=43.0469 WCE=640 bias=-35.5000 *BEST*
[quad_warmup_bit:02650] loss=0.113329 tau=1.50 collapse_w=0.000 mid_frac=0.241 hard=score=0.7275778022 wNMSE=0.011948363 wMSE=910.2305 wMRED=0.18277782 wER=0.186876 wMAE=9.7398 wBias=-3.6024 condBias=13.0086 dotDrift=-7.642sigma uMRED=0.0384370979 uER=0.325195 uMAE=28.3594 WCE=212 bias=-19.5000 *BEST*
[quad_warmup_bit:02800] loss=0.108553 tau=1.50 collapse_w=0.000 mid_frac=0.232 hard=score=1.7554357640 wNMSE=0.0116796 wMSE=889.7561 wMRED=0.18647098 wER=0.182965 wMAE=9.3147 wBias=-5.6617 condBias=16.3972 dotDrift=-12.148sigma uMRED=0.0381251739 uER=0.315430 uMAE=27.1094 WCE=212 bias=-23.5000
[quad_warmup_bit:03000] loss=0.103104 tau=1.50 collapse_w=0.000 mid_frac=0.223 hard=score=1.5699813615 wNMSE=0.011361487 wMSE=865.5221 wMRED=0.18191181 wER=0.176909 wMAE=9.0028 wBias=-5.3498 condBias=15.8870 dotDrift=-11.638sigma uMRED=0.0373321675 uER=0.309570 uMAE=26.6094 WCE=212 bias=-23.0000
[quad_warmup_bit:03200] loss=0.098386 tau=1.50 collapse_w=0.000 mid_frac=0.223 hard=score=1.7059198350 wNMSE=0.012296614 wMSE=936.7604 wMRED=0.18338288 wER=0.176909 wMAE=9.2273 wBias=-5.5743 condBias=16.4236 dotDrift=-11.656sigma uMRED=0.0419241288 uER=0.309570 uMAE=30.6094 WCE=256 bias=-27.0000
[quad_warmup_bit:03400] loss=0.093903 tau=1.50 collapse_w=0.000 mid_frac=0.214 hard=score=2.0124516046 wNMSE=0.01210026 wMSE=921.8021 wMRED=0.16935058 wER=0.167161 wMAE=8.6994 wBias=-6.0645 condBias=16.3489 dotDrift=-12.784sigma uMRED=0.0372873523 uER=0.283203 uMAE=26.7344 WCE=256 bias=-24.0000
[quad_warmup_bit:03600] loss=0.089450 tau=1.50 collapse_w=0.000 mid_frac=0.188 hard=score=1.7259905728 wNMSE=0.010887141 wMSE=829.3863 wMRED=0.16704892 wER=0.166369 wMAE=8.3384 wBias=-5.6155 condBias=15.6569 dotDrift=-12.479sigma uMRED=0.0297075034 uER=0.267578 uMAE=20.0625 WCE=212 bias=-16.0000
[quad_warmup_bit:03800] loss=0.084722 tau=1.50 collapse_w=0.000 mid_frac=0.179 hard=score=1.7259905728 wNMSE=0.010887141 wMSE=829.3863 wMRED=0.16704892 wER=0.166369 wMAE=8.3384 wBias=-5.6155 condBias=15.6569 dotDrift=-12.479sigma uMRED=0.0297075034 uER=0.267578 uMAE=20.0625 WCE=212 bias=-16.0000
[quad_warmup_bit:04000] loss=0.079353 tau=1.50 collapse_w=0.000 mid_frac=0.161 hard=score=1.3740757783 wNMSE=0.0088890674 wMSE=677.1723 wMRED=0.14469857 wER=0.163086 wMAE=7.0255 wBias=-5.0090 condBias=13.8090 dotDrift=-12.319sigma uMRED=0.0223797951 uER=0.248047 uMAE=14.6875 WCE=180 bias=-12.0000
[quad_warmup_bit:04075] loss=0.077314 tau=1.50 collapse_w=0.000 mid_frac=0.134 hard=score=0.3391210984 wNMSE=0.004084749 wMSE=311.1776 wMRED=0.11423810 wER=0.153003 wMAE=4.5155 wBias=-2.4533 condBias=9.5840 dotDrift=-8.901sigma uMRED=0.0125792404 uER=0.212891 uMAE=7.1875 WCE=144 bias=-4.0000 *BEST*
[quad_warmup_bit:04200] loss=0.074174 tau=1.50 collapse_w=0.000 mid_frac=0.125 hard=score=0.3391210984 wNMSE=0.004084749 wMSE=311.1776 wMRED=0.11423810 wER=0.153003 wMAE=4.5155 wBias=-2.4533 condBias=9.5840 dotDrift=-8.901sigma uMRED=0.0125792404 uER=0.212891 uMAE=7.1875 WCE=144 bias=-4.0000
[quad_warmup_bit:04400] loss=0.070277 tau=1.50 collapse_w=0.000 mid_frac=0.116 hard=score=0.3391210984 wNMSE=0.004084749 wMSE=311.1776 wMRED=0.11423810 wER=0.153003 wMAE=4.5155 wBias=-2.4533 condBias=9.5840 dotDrift=-8.901sigma uMRED=0.0125792404 uER=0.212891 uMAE=7.1875 WCE=144 bias=-4.0000
[quad_warmup_bit:04600] loss=0.067295 tau=1.50 collapse_w=0.000 mid_frac=0.107 hard=score=0.3391210984 wNMSE=0.004084749 wMSE=311.1776 wMRED=0.11423810 wER=0.153003 wMAE=4.5155 wBias=-2.4533 condBias=9.5840 dotDrift=-8.901sigma uMRED=0.0125792404 uER=0.212891 uMAE=7.1875 WCE=144 bias=-4.0000
[quad_warmup_bit:04800] loss=0.064854 tau=1.50 collapse_w=0.000 mid_frac=0.089 hard=score=0.3391210984 wNMSE=0.004084749 wMSE=311.1776 wMRED=0.11423810 wER=0.153003 wMAE=4.5155 wBias=-2.4533 condBias=9.5840 dotDrift=-8.901sigma uMRED=0.0125792404 uER=0.212891 uMAE=7.1875 WCE=144 bias=-4.0000
[quad_warmup_bit:05000] loss=0.063169 tau=1.50 collapse_w=0.000 mid_frac=0.089 hard=score=0.3391210984 wNMSE=0.004084749 wMSE=311.1776 wMRED=0.11423810 wER=0.153003 wMAE=4.5155 wBias=-2.4533 condBias=9.5840 dotDrift=-8.901sigma uMRED=0.0125792404 uER=0.212891 uMAE=7.1875 WCE=144 bias=-4.0000
[quad_warmup_bit:05200] loss=0.061913 tau=1.50 collapse_w=0.000 mid_frac=0.089 hard=score=0.3391210984 wNMSE=0.004084749 wMSE=311.1776 wMRED=0.11423810 wER=0.153003 wMAE=4.5155 wBias=-2.4533 condBias=9.5840 dotDrift=-8.901sigma uMRED=0.0125792404 uER=0.212891 uMAE=7.1875 WCE=144 bias=-4.0000
[quad_warmup_bit:05400] loss=0.060941 tau=1.50 collapse_w=0.000 mid_frac=0.089 hard=score=0.3391210984 wNMSE=0.004084749 wMSE=311.1776 wMRED=0.11423810 wER=0.153003 wMAE=4.5155 wBias=-2.4533 condBias=9.5840 dotDrift=-8.901sigma uMRED=0.0125792404 uER=0.212891 uMAE=7.1875 WCE=144 bias=-4.0000
[quad_warmup_bit:05600] loss=0.060174 tau=1.50 collapse_w=0.000 mid_frac=0.089 hard=score=0.3391210984 wNMSE=0.004084749 wMSE=311.1776 wMRED=0.11423810 wER=0.153003 wMAE=4.5155 wBias=-2.4533 condBias=9.5840 dotDrift=-8.901sigma uMRED=0.0125792404 uER=0.212891 uMAE=7.1875 WCE=144 bias=-4.0000
[quad_warmup_bit:05800] loss=0.059555 tau=1.50 collapse_w=0.000 mid_frac=0.089 hard=score=0.3391210984 wNMSE=0.004084749 wMSE=311.1776 wMRED=0.11423810 wER=0.153003 wMAE=4.5155 wBias=-2.4533 condBias=9.5840 dotDrift=-8.901sigma uMRED=0.0125792404 uER=0.212891 uMAE=7.1875 WCE=144 bias=-4.0000
[quad_warmup_bit:05999] loss=0.059050 tau=1.50 collapse_w=0.000 mid_frac=0.089 hard=score=0.3391210984 wNMSE=0.004084749 wMSE=311.1776 wMRED=0.11423810 wER=0.153003 wMAE=4.5155 wBias=-2.4533 condBias=9.5840 dotDrift=-8.901sigma uMRED=0.0125792404 uER=0.212891 uMAE=7.1875 WCE=144 bias=-4.0000
[quad_soft:00000] loss=0.162522 tau=1.50 collapse_w=0.000 mid_frac=0.089 hard=score=0.3391210984 wNMSE=0.004084749 wMSE=311.1776 wMRED=0.11423810 wER=0.153003 wMAE=4.5155 wBias=-2.4533 condBias=9.5840 dotDrift=-8.901sigma uMRED=0.0125792404 uER=0.212891 uMAE=7.1875 WCE=144 bias=-4.0000
[quad_soft:00200] loss=0.094189 tau=1.59 collapse_w=0.000 mid_frac=0.080 hard=score=0.3391210984 wNMSE=0.004084749 wMSE=311.1776 wMRED=0.11423810 wER=0.153003 wMAE=4.5155 wBias=-2.4533 condBias=9.5840 dotDrift=-8.901sigma uMRED=0.0125792404 uER=0.212891 uMAE=7.1875 WCE=144 bias=-4.0000
[quad_soft:00300] loss=0.086012 tau=1.64 collapse_w=0.000 mid_frac=0.080 hard=score=0.0047774161 wNMSE=0.00084578902 wMSE=64.4325 wMRED=0.08383172 wER=0.147652 wMAE=2.6451 wBias=0.0468 condBias=4.7150 dotDrift=+0.373sigma uMRED=0.0068427756 uER=0.201172 uMAE=3.8906 WCE=52 bias=0.0000 *BEST*
[quad_soft:00400] loss=0.080645 tau=1.68 collapse_w=0.000 mid_frac=0.089 hard=score=0.0049433053 wNMSE=0.00086245404 wMSE=65.7021 wMRED=0.08275786 wER=0.153708 wMAE=2.7229 wBias=-0.1043 condBias=4.3762 dotDrift=-0.823sigma uMRED=0.0069978090 uER=0.207031 uMAE=4.0625 WCE=48 bias=-0.2500
[quad_soft:00600] loss=0.074671 tau=1.77 collapse_w=0.000 mid_frac=0.098 hard=score=0.0049433053 wNMSE=0.00086245404 wMSE=65.7021 wMRED=0.08275786 wER=0.153708 wMAE=2.7229 wBias=-0.1043 condBias=4.3762 dotDrift=-0.823sigma uMRED=0.0069978090 uER=0.207031 uMAE=4.0625 WCE=48 bias=-0.2500
[quad_soft:00800] loss=0.071784 tau=1.86 collapse_w=0.000 mid_frac=0.107 hard=score=0.0216789738 wNMSE=0.00085398763 wMSE=65.0571 wMRED=0.08320601 wER=0.172270 wMAE=2.7394 wBias=-0.5680 condBias=4.3935 dotDrift=-4.507sigma uMRED=0.0070809382 uER=0.222656 uMAE=4.0938 WCE=48 bias=-0.7500
[quad_soft:01000] loss=0.069778 tau=1.95 collapse_w=0.000 mid_frac=0.107 hard=score=0.0216789738 wNMSE=0.00085398763 wMSE=65.0571 wMRED=0.08320601 wER=0.172270 wMAE=2.7394 wBias=-0.5680 condBias=4.3935 dotDrift=-4.507sigma uMRED=0.0070809382 uER=0.222656 uMAE=4.0938 WCE=48 bias=-0.7500
[quad_soft:01200] loss=0.068063 tau=2.04 collapse_w=0.000 mid_frac=0.107 hard=score=0.0216789738 wNMSE=0.00085398763 wMSE=65.0571 wMRED=0.08320601 wER=0.172270 wMAE=2.7394 wBias=-0.5680 condBias=4.3935 dotDrift=-4.507sigma uMRED=0.0070809382 uER=0.222656 uMAE=4.0938 WCE=48 bias=-0.7500
[quad_soft:01400] loss=0.066545 tau=2.13 collapse_w=0.000 mid_frac=0.116 hard=score=0.0216789738 wNMSE=0.00085398763 wMSE=65.0571 wMRED=0.08320601 wER=0.172270 wMAE=2.7394 wBias=-0.5680 condBias=4.3935 dotDrift=-4.507sigma uMRED=0.0070809382 uER=0.222656 uMAE=4.0938 WCE=48 bias=-0.7500
[quad_soft:01600] loss=0.065117 tau=2.22 collapse_w=0.000 mid_frac=0.116 hard=score=0.0216789738 wNMSE=0.00085398763 wMSE=65.0571 wMRED=0.08320601 wER=0.172270 wMAE=2.7394 wBias=-0.5680 condBias=4.3935 dotDrift=-4.507sigma uMRED=0.0070809382 uER=0.222656 uMAE=4.0938 WCE=48 bias=-0.7500
[quad_soft:01800] loss=0.063744 tau=2.31 collapse_w=0.000 mid_frac=0.116 hard=score=0.0216789738 wNMSE=0.00085398763 wMSE=65.0571 wMRED=0.08320601 wER=0.172270 wMAE=2.7394 wBias=-0.5680 condBias=4.3935 dotDrift=-4.507sigma uMRED=0.0070809382 uER=0.222656 uMAE=4.0938 WCE=48 bias=-0.7500
[quad_soft:02000] loss=0.062405 tau=2.40 collapse_w=0.000 mid_frac=0.125 hard=score=0.0216789738 wNMSE=0.00085398763 wMSE=65.0571 wMRED=0.08320601 wER=0.172270 wMAE=2.7394 wBias=-0.5680 condBias=4.3935 dotDrift=-4.507sigma uMRED=0.0070809382 uER=0.222656 uMAE=4.0938 WCE=48 bias=-0.7500
[quad_soft:02200] loss=0.061090 tau=2.49 collapse_w=0.000 mid_frac=0.125 hard=score=0.0216789738 wNMSE=0.00085398763 wMSE=65.0571 wMRED=0.08320601 wER=0.172270 wMAE=2.7394 wBias=-0.5680 condBias=4.3935 dotDrift=-4.507sigma uMRED=0.0070809382 uER=0.222656 uMAE=4.0938 WCE=48 bias=-0.7500
[quad_soft:02400] loss=0.059780 tau=2.58 collapse_w=0.000 mid_frac=0.125 hard=score=0.0216789738 wNMSE=0.00085398763 wMSE=65.0571 wMRED=0.08320601 wER=0.172270 wMAE=2.7394 wBias=-0.5680 condBias=4.3935 dotDrift=-4.507sigma uMRED=0.0070809382 uER=0.222656 uMAE=4.0938 WCE=48 bias=-0.7500
[quad_soft:02600] loss=0.058479 tau=2.67 collapse_w=0.000 mid_frac=0.125 hard=score=0.0216789738 wNMSE=0.00085398763 wMSE=65.0571 wMRED=0.08320601 wER=0.172270 wMAE=2.7394 wBias=-0.5680 condBias=4.3935 dotDrift=-4.507sigma uMRED=0.0070809382 uER=0.222656 uMAE=4.0938 WCE=48 bias=-0.7500
[quad_soft:02800] loss=0.057183 tau=2.76 collapse_w=0.000 mid_frac=0.125 hard=score=0.0216789738 wNMSE=0.00085398763 wMSE=65.0571 wMRED=0.08320601 wER=0.172270 wMAE=2.7394 wBias=-0.5680 condBias=4.3935 dotDrift=-4.507sigma uMRED=0.0070809382 uER=0.222656 uMAE=4.0938 WCE=48 bias=-0.7500
[quad_soft:03000] loss=0.055888 tau=2.85 collapse_w=0.000 mid_frac=0.125 hard=score=0.0216789738 wNMSE=0.00085398763 wMSE=65.0571 wMRED=0.08320601 wER=0.172270 wMAE=2.7394 wBias=-0.5680 condBias=4.3935 dotDrift=-4.507sigma uMRED=0.0070809382 uER=0.222656 uMAE=4.0938 WCE=48 bias=-0.7500
[quad_soft:03200] loss=0.054596 tau=2.94 collapse_w=0.000 mid_frac=0.125 hard=score=0.0216789738 wNMSE=0.00085398763 wMSE=65.0571 wMRED=0.08320601 wER=0.172270 wMAE=2.7394 wBias=-0.5680 condBias=4.3935 dotDrift=-4.507sigma uMRED=0.0070809382 uER=0.222656 uMAE=4.0938 WCE=48 bias=-0.7500
[quad_soft:03400] loss=0.053304 tau=3.03 collapse_w=0.000 mid_frac=0.125 hard=score=0.0216789738 wNMSE=0.00085398763 wMSE=65.0571 wMRED=0.08320601 wER=0.172270 wMAE=2.7394 wBias=-0.5680 condBias=4.3935 dotDrift=-4.507sigma uMRED=0.0070809382 uER=0.222656 uMAE=4.0938 WCE=48 bias=-0.7500
[quad_soft:03600] loss=0.052012 tau=3.12 collapse_w=0.000 mid_frac=0.125 hard=score=0.0216789738 wNMSE=0.00085398763 wMSE=65.0571 wMRED=0.08320601 wER=0.172270 wMAE=2.7394 wBias=-0.5680 condBias=4.3935 dotDrift=-4.507sigma uMRED=0.0070809382 uER=0.222656 uMAE=4.0938 WCE=48 bias=-0.7500
[quad_soft:03800] loss=0.050719 tau=3.21 collapse_w=0.000 mid_frac=0.125 hard=score=0.0216789738 wNMSE=0.00085398763 wMSE=65.0571 wMRED=0.08320601 wER=0.172270 wMAE=2.7394 wBias=-0.5680 condBias=4.3935 dotDrift=-4.507sigma uMRED=0.0070809382 uER=0.222656 uMAE=4.0938 WCE=48 bias=-0.7500
[quad_soft:04000] loss=0.049425 tau=3.30 collapse_w=0.000 mid_frac=0.125 hard=score=0.0216789738 wNMSE=0.00085398763 wMSE=65.0571 wMRED=0.08320601 wER=0.172270 wMAE=2.7394 wBias=-0.5680 condBias=4.3935 dotDrift=-4.507sigma uMRED=0.0070809382 uER=0.222656 uMAE=4.0938 WCE=48 bias=-0.7500
[quad_soft:04200] loss=0.048072 tau=3.39 collapse_w=0.000 mid_frac=0.125 hard=score=0.0216789738 wNMSE=0.00085398763 wMSE=65.0571 wMRED=0.08320601 wER=0.172270 wMAE=2.7394 wBias=-0.5680 condBias=4.3935 dotDrift=-4.507sigma uMRED=0.0070809382 uER=0.222656 uMAE=4.0938 WCE=48 bias=-0.7500
[quad_soft:04400] loss=0.046720 tau=3.48 collapse_w=0.000 mid_frac=0.125 hard=score=0.0216789738 wNMSE=0.00085398763 wMSE=65.0571 wMRED=0.08320601 wER=0.172270 wMAE=2.7394 wBias=-0.5680 condBias=4.3935 dotDrift=-4.507sigma uMRED=0.0070809382 uER=0.222656 uMAE=4.0938 WCE=48 bias=-0.7500
[quad_soft:04600] loss=0.045366 tau=3.57 collapse_w=0.000 mid_frac=0.125 hard=score=0.0216789738 wNMSE=0.00085398763 wMSE=65.0571 wMRED=0.08320601 wER=0.172270 wMAE=2.7394 wBias=-0.5680 condBias=4.3935 dotDrift=-4.507sigma uMRED=0.0070809382 uER=0.222656 uMAE=4.0938 WCE=48 bias=-0.7500
[quad_soft:04800] loss=0.044004 tau=3.66 collapse_w=0.000 mid_frac=0.125 hard=score=0.0216789738 wNMSE=0.00085398763 wMSE=65.0571 wMRED=0.08320601 wER=0.172270 wMAE=2.7394 wBias=-0.5680 condBias=4.3935 dotDrift=-4.507sigma uMRED=0.0070809382 uER=0.222656 uMAE=4.0938 WCE=48 bias=-0.7500
[quad_soft:05000] loss=0.042646 tau=3.75 collapse_w=0.000 mid_frac=0.125 hard=score=0.0216789738 wNMSE=0.00085398763 wMSE=65.0571 wMRED=0.08320601 wER=0.172270 wMAE=2.7394 wBias=-0.5680 condBias=4.3935 dotDrift=-4.507sigma uMRED=0.0070809382 uER=0.222656 uMAE=4.0938 WCE=48 bias=-0.7500
[quad_soft:05200] loss=0.041289 tau=3.84 collapse_w=0.000 mid_frac=0.125 hard=score=0.0216789738 wNMSE=0.00085398763 wMSE=65.0571 wMRED=0.08320601 wER=0.172270 wMAE=2.7394 wBias=-0.5680 condBias=4.3935 dotDrift=-4.507sigma uMRED=0.0070809382 uER=0.222656 uMAE=4.0938 WCE=48 bias=-0.7500
[quad_soft:05400] loss=0.039928 tau=3.93 collapse_w=0.000 mid_frac=0.125 hard=score=0.0216789738 wNMSE=0.00085398763 wMSE=65.0571 wMRED=0.08320601 wER=0.172270 wMAE=2.7394 wBias=-0.5680 condBias=4.3935 dotDrift=-4.507sigma uMRED=0.0070809382 uER=0.222656 uMAE=4.0938 WCE=48 bias=-0.7500
[quad_soft:05600] loss=0.038568 tau=4.02 collapse_w=0.000 mid_frac=0.125 hard=score=0.0216789738 wNMSE=0.00085398763 wMSE=65.0571 wMRED=0.08320601 wER=0.172270 wMAE=2.7394 wBias=-0.5680 condBias=4.3935 dotDrift=-4.507sigma uMRED=0.0070809382 uER=0.222656 uMAE=4.0938 WCE=48 bias=-0.7500
[quad_soft:05800] loss=0.037211 tau=4.11 collapse_w=0.000 mid_frac=0.125 hard=score=0.0216789738 wNMSE=0.00085398763 wMSE=65.0571 wMRED=0.08320601 wER=0.172270 wMAE=2.7394 wBias=-0.5680 condBias=4.3935 dotDrift=-4.507sigma uMRED=0.0070809382 uER=0.222656 uMAE=4.0938 WCE=48 bias=-0.7500
[quad_soft:06000] loss=0.035854 tau=4.20 collapse_w=0.000 mid_frac=0.125 hard=score=0.0216789738 wNMSE=0.00085398763 wMSE=65.0571 wMRED=0.08320601 wER=0.172270 wMAE=2.7394 wBias=-0.5680 condBias=4.3935 dotDrift=-4.507sigma uMRED=0.0070809382 uER=0.222656 uMAE=4.0938 WCE=48 bias=-0.7500
[quad_soft:06200] loss=0.035362 tau=4.29 collapse_w=0.025 mid_frac=0.134 hard=score=0.0216789738 wNMSE=0.00085398763 wMSE=65.0571 wMRED=0.08320601 wER=0.172270 wMAE=2.7394 wBias=-0.5680 condBias=4.3935 dotDrift=-4.507sigma uMRED=0.0070809382 uER=0.222656 uMAE=4.0938 WCE=48 bias=-0.7500
[quad_soft:06400] loss=0.034726 tau=4.38 collapse_w=0.050 mid_frac=0.125 hard=score=0.0077421102 wNMSE=0.00074972491 wMSE=57.1143 wMRED=0.08089578 wER=0.166214 wMAE=2.4922 wBias=-0.2561 condBias=4.3679 dotDrift=-2.168sigma uMRED=0.0064954694 uER=0.216797 uMAE=3.6562 WCE=48 bias=-0.2500
[quad_soft:06600] loss=0.034019 tau=4.47 collapse_w=0.075 mid_frac=0.116 hard=score=0.0077421102 wNMSE=0.00074972491 wMSE=57.1143 wMRED=0.08089578 wER=0.166214 wMAE=2.4922 wBias=-0.2561 condBias=4.3679 dotDrift=-2.168sigma uMRED=0.0064954694 uER=0.216797 uMAE=3.6562 WCE=48 bias=-0.2500
[quad_soft:06800] loss=0.033276 tau=4.56 collapse_w=0.100 mid_frac=0.107 hard=score=0.0058046316 wNMSE=0.00071822397 wMSE=54.7146 wMRED=0.07931853 wER=0.166214 wMAE=2.4117 wBias=-0.1756 condBias=4.1998 dotDrift=-1.520sigma uMRED=0.0063010340 uER=0.216797 uMAE=3.5312 WCE=48 bias=-0.1250
[quad_soft:07000] loss=0.032495 tau=4.65 collapse_w=0.125 mid_frac=0.089 hard=score=0.0086374255 wNMSE=0.00073248522 wMSE=55.8010 wMRED=0.07909999 wER=0.147652 wMAE=2.4038 wBias=0.2881 condBias=4.2342 dotDrift=+2.468sigma uMRED=0.0062594694 uER=0.201172 uMAE=3.5156 WCE=48 bias=0.3750
[quad_soft:07200] loss=0.031668 tau=4.74 collapse_w=0.150 mid_frac=0.080 hard=score=0.0086374255 wNMSE=0.00073248522 wMSE=55.8010 wMRED=0.07909999 wER=0.147652 wMAE=2.4038 wBias=0.2881 condBias=4.2342 dotDrift=+2.468sigma uMRED=0.0062594694 uER=0.201172 uMAE=3.5156 WCE=48 bias=0.3750
[quad_soft:07400] loss=0.030807 tau=4.83 collapse_w=0.175 mid_frac=0.062 hard=score=0.0086374255 wNMSE=0.00073248522 wMSE=55.8010 wMRED=0.07909999 wER=0.147652 wMAE=2.4038 wBias=0.2881 condBias=4.2342 dotDrift=+2.468sigma uMRED=0.0062594694 uER=0.201172 uMAE=3.5156 WCE=48 bias=0.3750
[quad_soft:07600] loss=0.029895 tau=4.92 collapse_w=0.200 mid_frac=0.054 hard=score=0.0086374255 wNMSE=0.00073248522 wMSE=55.8010 wMRED=0.07909999 wER=0.147652 wMAE=2.4038 wBias=0.2881 condBias=4.2342 dotDrift=+2.468sigma uMRED=0.0062594694 uER=0.201172 uMAE=3.5156 WCE=48 bias=0.3750
[quad_soft:07800] loss=0.028952 tau=5.01 collapse_w=0.225 mid_frac=0.045 hard=score=0.0086374255 wNMSE=0.00073248522 wMSE=55.8010 wMRED=0.07909999 wER=0.147652 wMAE=2.4038 wBias=0.2881 condBias=4.2342 dotDrift=+2.468sigma uMRED=0.0062594694 uER=0.201172 uMAE=3.5156 WCE=48 bias=0.3750
[quad_soft:08000] loss=0.027992 tau=5.10 collapse_w=0.250 mid_frac=0.045 hard=score=0.0086374255 wNMSE=0.00073248522 wMSE=55.8010 wMRED=0.07909999 wER=0.147652 wMAE=2.4038 wBias=0.2881 condBias=4.2342 dotDrift=+2.468sigma uMRED=0.0062594694 uER=0.201172 uMAE=3.5156 WCE=48 bias=0.3750
[quad_soft:08200] loss=0.027006 tau=5.19 collapse_w=0.275 mid_frac=0.045 hard=score=0.0086374255 wNMSE=0.00073248522 wMSE=55.8010 wMRED=0.07909999 wER=0.147652 wMAE=2.4038 wBias=0.2881 condBias=4.2342 dotDrift=+2.468sigma uMRED=0.0062594694 uER=0.201172 uMAE=3.5156 WCE=48 bias=0.3750
[quad_soft:08400] loss=0.025975 tau=5.28 collapse_w=0.300 mid_frac=0.045 hard=score=0.0086374255 wNMSE=0.00073248522 wMSE=55.8010 wMRED=0.07909999 wER=0.147652 wMAE=2.4038 wBias=0.2881 condBias=4.2342 dotDrift=+2.468sigma uMRED=0.0062594694 uER=0.201172 uMAE=3.5156 WCE=48 bias=0.3750
[quad_soft:08600] loss=0.024919 tau=5.37 collapse_w=0.325 mid_frac=0.045 hard=score=0.0086374255 wNMSE=0.00073248522 wMSE=55.8010 wMRED=0.07909999 wER=0.147652 wMAE=2.4038 wBias=0.2881 condBias=4.2342 dotDrift=+2.468sigma uMRED=0.0062594694 uER=0.201172 uMAE=3.5156 WCE=48 bias=0.3750
[quad_soft:08800] loss=0.023839 tau=5.46 collapse_w=0.350 mid_frac=0.045 hard=score=0.0086374255 wNMSE=0.00073248522 wMSE=55.8010 wMRED=0.07909999 wER=0.147652 wMAE=2.4038 wBias=0.2881 condBias=4.2342 dotDrift=+2.468sigma uMRED=0.0062594694 uER=0.201172 uMAE=3.5156 WCE=48 bias=0.3750
[quad_soft:09000] loss=0.022721 tau=5.55 collapse_w=0.375 mid_frac=0.045 hard=score=0.0086374255 wNMSE=0.00073248522 wMSE=55.8010 wMRED=0.07909999 wER=0.147652 wMAE=2.4038 wBias=0.2881 condBias=4.2342 dotDrift=+2.468sigma uMRED=0.0062594694 uER=0.201172 uMAE=3.5156 WCE=48 bias=0.3750
[quad_soft:09200] loss=0.021508 tau=5.64 collapse_w=0.400 mid_frac=0.045 hard=score=0.0086374255 wNMSE=0.00073248522 wMSE=55.8010 wMRED=0.07909999 wER=0.147652 wMAE=2.4038 wBias=0.2881 condBias=4.2342 dotDrift=+2.468sigma uMRED=0.0062594694 uER=0.201172 uMAE=3.5156 WCE=48 bias=0.3750
[quad_soft:09400] loss=0.020245 tau=5.73 collapse_w=0.425 mid_frac=0.045 hard=score=0.0086374255 wNMSE=0.00073248522 wMSE=55.8010 wMRED=0.07909999 wER=0.147652 wMAE=2.4038 wBias=0.2881 condBias=4.2342 dotDrift=+2.468sigma uMRED=0.0062594694 uER=0.201172 uMAE=3.5156 WCE=48 bias=0.3750
[quad_soft:09600] loss=0.018941 tau=5.82 collapse_w=0.450 mid_frac=0.045 hard=score=0.0086374255 wNMSE=0.00073248522 wMSE=55.8010 wMRED=0.07909999 wER=0.147652 wMAE=2.4038 wBias=0.2881 condBias=4.2342 dotDrift=+2.468sigma uMRED=0.0062594694 uER=0.201172 uMAE=3.5156 WCE=48 bias=0.3750
[quad_soft:09800] loss=0.017537 tau=5.91 collapse_w=0.475 mid_frac=0.045 hard=score=0.0086374255 wNMSE=0.00073248522 wMSE=55.8010 wMRED=0.07909999 wER=0.147652 wMAE=2.4038 wBias=0.2881 condBias=4.2342 dotDrift=+2.468sigma uMRED=0.0062594694 uER=0.201172 uMAE=3.5156 WCE=48 bias=0.3750
[quad_soft:09999] loss=0.015970 tau=6.00 collapse_w=0.500 mid_frac=0.045 hard=score=0.0086374255 wNMSE=0.00073248522 wMSE=55.8010 wMRED=0.07909999 wER=0.147652 wMAE=2.4038 wBias=0.2881 condBias=4.2342 dotDrift=+2.468sigma uMRED=0.0062594694 uER=0.201172 uMAE=3.5156 WCE=48 bias=0.3750
[quad_hard_ste:00000] loss=0.017558 tau=6.00 collapse_w=0.500 mid_frac=0.045 hard=score=0.0086374255 wNMSE=0.00073248522 wMSE=55.8010 wMRED=0.07909999 wER=0.147652 wMAE=2.4038 wBias=0.2881 condBias=4.2342 dotDrift=+2.468sigma uMRED=0.0062594694 uER=0.201172 uMAE=3.5156 WCE=48 bias=0.3750
[quad_hard_ste:00200] loss=0.018328 tau=6.00 collapse_w=0.500 mid_frac=0.045 hard=score=0.0086374255 wNMSE=0.00073248522 wMSE=55.8010 wMRED=0.07909999 wER=0.147652 wMAE=2.4038 wBias=0.2881 condBias=4.2342 dotDrift=+2.468sigma uMRED=0.0062594694 uER=0.201172 uMAE=3.5156 WCE=48 bias=0.3750
[quad_hard_ste:00400] loss=0.017953 tau=6.00 collapse_w=0.500 mid_frac=0.045 hard=score=0.0086374255 wNMSE=0.00073248522 wMSE=55.8010 wMRED=0.07909999 wER=0.147652 wMAE=2.4038 wBias=0.2881 condBias=4.2342 dotDrift=+2.468sigma uMRED=0.0062594694 uER=0.201172 uMAE=3.5156 WCE=48 bias=0.3750
[quad_hard_ste:00600] loss=0.284357 tau=6.00 collapse_w=0.500 mid_frac=0.045 hard=score=0.0086374255 wNMSE=0.00073248522 wMSE=55.8010 wMRED=0.07909999 wER=0.147652 wMAE=2.4038 wBias=0.2881 condBias=4.2342 dotDrift=+2.468sigma uMRED=0.0062594694 uER=0.201172 uMAE=3.5156 WCE=48 bias=0.3750
[quad_hard_ste:00800] loss=0.017531 tau=6.00 collapse_w=0.500 mid_frac=0.045 hard=score=0.0086374255 wNMSE=0.00073248522 wMSE=55.8010 wMRED=0.07909999 wER=0.147652 wMAE=2.4038 wBias=0.2881 condBias=4.2342 dotDrift=+2.468sigma uMRED=0.0062594694 uER=0.201172 uMAE=3.5156 WCE=48 bias=0.3750
[quad_hard_ste:01000] loss=0.017412 tau=6.00 collapse_w=0.500 mid_frac=0.045 hard=score=0.0086374255 wNMSE=0.00073248522 wMSE=55.8010 wMRED=0.07909999 wER=0.147652 wMAE=2.4038 wBias=0.2881 condBias=4.2342 dotDrift=+2.468sigma uMRED=0.0062594694 uER=0.201172 uMAE=3.5156 WCE=48 bias=0.3750
[quad_hard_ste:01200] loss=0.017323 tau=6.00 collapse_w=0.500 mid_frac=0.054 hard=score=0.2784015773 wNMSE=0.0039714452 wMSE=302.5461 wMRED=0.10950637 wER=0.153003 wMAE=4.2742 wBias=-2.2120 condBias=9.3568 dotDrift=-8.139sigma uMRED=0.0119959342 uER=0.212891 uMAE=6.8125 WCE=144 bias=-3.6250
[quad_hard_ste:01400] loss=0.017254 tau=6.00 collapse_w=0.500 mid_frac=0.045 hard=score=0.0086374255 wNMSE=0.00073248522 wMSE=55.8010 wMRED=0.07909999 wER=0.147652 wMAE=2.4038 wBias=0.2881 condBias=4.2342 dotDrift=+2.468sigma uMRED=0.0062594694 uER=0.201172 uMAE=3.5156 WCE=48 bias=0.3750
[quad_hard_ste:01600] loss=0.017204 tau=6.00 collapse_w=0.500 mid_frac=0.054 hard=score=0.2784015773 wNMSE=0.0039714452 wMSE=302.5461 wMRED=0.10950637 wER=0.153003 wMAE=4.2742 wBias=-2.2120 condBias=9.3568 dotDrift=-8.139sigma uMRED=0.0119959342 uER=0.212891 uMAE=6.8125 WCE=144 bias=-3.6250
[quad_hard_ste:01800] loss=0.283808 tau=6.00 collapse_w=0.500 mid_frac=0.045 hard=score=0.0086374255 wNMSE=0.00073248522 wMSE=55.8010 wMRED=0.07909999 wER=0.147652 wMAE=2.4038 wBias=0.2881 condBias=4.2342 dotDrift=+2.468sigma uMRED=0.0062594694 uER=0.201172 uMAE=3.5156 WCE=48 bias=0.3750
[quad_hard_ste:02000] loss=0.017127 tau=6.00 collapse_w=0.500 mid_frac=0.045 hard=score=0.0086374255 wNMSE=0.00073248522 wMSE=55.8010 wMRED=0.07909999 wER=0.147652 wMAE=2.4038 wBias=0.2881 condBias=4.2342 dotDrift=+2.468sigma uMRED=0.0062594694 uER=0.201172 uMAE=3.5156 WCE=48 bias=0.3750
[quad_hard_ste:02200] loss=0.017096 tau=6.00 collapse_w=0.500 mid_frac=0.045 hard=score=0.0086374255 wNMSE=0.00073248522 wMSE=55.8010 wMRED=0.07909999 wER=0.147652 wMAE=2.4038 wBias=0.2881 condBias=4.2342 dotDrift=+2.468sigma uMRED=0.0062594694 uER=0.201172 uMAE=3.5156 WCE=48 bias=0.3750
[quad_hard_ste:02400] loss=0.283722 tau=6.00 collapse_w=0.500 mid_frac=0.054 hard=score=0.2784015773 wNMSE=0.0039714452 wMSE=302.5461 wMRED=0.10950637 wER=0.153003 wMAE=4.2742 wBias=-2.2120 condBias=9.3568 dotDrift=-8.139sigma uMRED=0.0119959342 uER=0.212891 uMAE=6.8125 WCE=144 bias=-3.6250
[quad_hard_ste:02600] loss=0.283701 tau=6.00 collapse_w=0.500 mid_frac=0.054 hard=score=0.2784015773 wNMSE=0.0039714452 wMSE=302.5461 wMRED=0.10950637 wER=0.153003 wMAE=4.2742 wBias=-2.2120 condBias=9.3568 dotDrift=-8.139sigma uMRED=0.0119959342 uER=0.212891 uMAE=6.8125 WCE=144 bias=-3.6250
[quad_hard_ste:02800] loss=0.017035 tau=6.00 collapse_w=0.500 mid_frac=0.045 hard=score=0.0086374255 wNMSE=0.00073248522 wMSE=55.8010 wMRED=0.07909999 wER=0.147652 wMAE=2.4038 wBias=0.2881 condBias=4.2342 dotDrift=+2.468sigma uMRED=0.0062594694 uER=0.201172 uMAE=3.5156 WCE=48 bias=0.3750
[quad_hard_ste:03000] loss=0.017022 tau=6.00 collapse_w=0.500 mid_frac=0.045 hard=score=0.0086374255 wNMSE=0.00073248522 wMSE=55.8010 wMRED=0.07909999 wER=0.147652 wMAE=2.4038 wBias=0.2881 condBias=4.2342 dotDrift=+2.468sigma uMRED=0.0062594694 uER=0.201172 uMAE=3.5156 WCE=48 bias=0.3750
[quad_hard_ste:03200] loss=0.017006 tau=6.00 collapse_w=0.500 mid_frac=0.045 hard=score=0.0086374255 wNMSE=0.00073248522 wMSE=55.8010 wMRED=0.07909999 wER=0.147652 wMAE=2.4038 wBias=0.2881 condBias=4.2342 dotDrift=+2.468sigma uMRED=0.0062594694 uER=0.201172 uMAE=3.5156 WCE=48 bias=0.3750
[quad_hard_ste:03400] loss=0.283647 tau=6.00 collapse_w=0.500 mid_frac=0.054 hard=score=0.2784015773 wNMSE=0.0039714452 wMSE=302.5461 wMRED=0.10950637 wER=0.153003 wMAE=4.2742 wBias=-2.2120 condBias=9.3568 dotDrift=-8.139sigma uMRED=0.0119959342 uER=0.212891 uMAE=6.8125 WCE=144 bias=-3.6250
[quad_hard_ste:03600] loss=0.283638 tau=6.00 collapse_w=0.500 mid_frac=0.045 hard=score=0.0086374255 wNMSE=0.00073248522 wMSE=55.8010 wMRED=0.07909999 wER=0.147652 wMAE=2.4038 wBias=0.2881 condBias=4.2342 dotDrift=+2.468sigma uMRED=0.0062594694 uER=0.201172 uMAE=3.5156 WCE=48 bias=0.3750
[quad_hard_ste:03800] loss=0.016985 tau=6.00 collapse_w=0.500 mid_frac=0.054 hard=score=0.2784015773 wNMSE=0.0039714452 wMSE=302.5461 wMRED=0.10950637 wER=0.153003 wMAE=4.2742 wBias=-2.2120 condBias=9.3568 dotDrift=-8.139sigma uMRED=0.0119959342 uER=0.212891 uMAE=6.8125 WCE=144 bias=-3.6250
[quad_hard_ste:03999] loss=0.016980 tau=6.00 collapse_w=0.500 mid_frac=0.045 hard=score=0.0086374255 wNMSE=0.00073248522 wMSE=55.8010 wMRED=0.07909999 wER=0.147652 wMAE=2.4038 wBias=0.2881 condBias=4.2342 dotDrift=+2.468sigma uMRED=0.0062594694 uER=0.201172 uMAE=3.5156 WCE=48 bias=0.3750
[pop00_soft:00000] loss=2.282506 tau=1.50 collapse_w=0.000 mid_frac=0.259 hard=score=2.3116289277 wNMSE=0.30619788 wMSE=23326.2633 wMRED=5.11983348 wER=0.436952 wMAE=81.7261 wBias=-5.7501 condBias=83.4011 dotDrift=-2.410sigma uMRED=0.1915733032 uER=0.434570 uMAE=86.9219 WCE=556 bias=3.4375
[pop00_soft:00200] loss=0.966695 tau=2.25 collapse_w=0.000 mid_frac=0.268 hard=score=34.5272275769 wNMSE=0.31041852 wMSE=23647.7933 wMRED=5.28977286 wER=0.426838 wMAE=78.8785 wBias=-25.1360 condBias=87.4098 dotDrift=-10.461sigma uMRED=0.1870426391 uER=0.414062 uMAE=83.3398 WCE=573 bias=-51.3125
[pop00_soft:00400] loss=0.401422 tau=3.00 collapse_w=0.000 mid_frac=0.205 hard=score=2.8666946482 wNMSE=0.05268946 wMSE=4013.9018 wMRED=1.17059142 wER=0.299927 wMAE=27.5681 wBias=-7.1553 condBias=28.0189 dotDrift=-7.228sigma uMRED=0.0897117470 uER=0.374023 uMAE=58.0000 WCE=528 bias=-42.7500
[pop00_soft:00600] loss=0.185729 tau=3.75 collapse_w=0.000 mid_frac=0.179 hard=score=0.0768095093 wNMSE=0.031903646 wMSE=2430.4311 wMRED=0.89555590 wER=0.322081 wMAE=21.6980 wBias=0.0904 condBias=18.1908 dotDrift=+0.117sigma uMRED=0.0727850424 uER=0.375000 uMAE=48.7734 WCE=464 bias=-19.5000
[pop00_soft:00800] loss=0.131430 tau=4.50 collapse_w=0.084 mid_frac=0.152 hard=score=0.0779032066 wNMSE=0.020283257 wMSE=1545.1858 wMRED=0.53777336 wER=0.249349 wMAE=14.2387 wBias=-0.6115 condBias=16.1051 dotDrift=-0.996sigma uMRED=0.0567462704 uER=0.326172 uMAE=39.8906 WCE=432 bias=-17.5000
[pop00_soft:01000] loss=0.101974 tau=5.25 collapse_w=0.293 mid_frac=0.152 hard=score=0.0785252242 wNMSE=0.01855908 wMSE=1413.8373 wMRED=0.53913058 wER=0.250713 wMAE=14.2532 wBias=0.7333 condBias=16.3299 dotDrift=+1.248sigma uMRED=0.0544095910 uER=0.336914 uMAE=36.4609 WCE=304 bias=2.5000
[pop00_soft:01199] loss=0.069940 tau=6.00 collapse_w=0.500 mid_frac=0.143 hard=score=0.0785252242 wNMSE=0.01855908 wMSE=1413.8373 wMRED=0.53913058 wER=0.250713 wMAE=14.2532 wBias=0.7333 condBias=16.3299 dotDrift=+1.248sigma uMRED=0.0544095910 uER=0.336914 uMAE=36.4609 WCE=304 bias=2.5000
[pop00_hard:00000] loss=0.115481 tau=6.00 collapse_w=0.500 mid_frac=0.143 hard=score=0.0785252242 wNMSE=0.01855908 wMSE=1413.8373 wMRED=0.53913058 wER=0.250713 wMAE=14.2532 wBias=0.7333 condBias=16.3299 dotDrift=+1.248sigma uMRED=0.0544095910 uER=0.336914 uMAE=36.4609 WCE=304 bias=2.5000
[pop00_hard:00200] loss=0.090285 tau=6.00 collapse_w=0.500 mid_frac=0.134 hard=score=0.0785252242 wNMSE=0.01855908 wMSE=1413.8373 wMRED=0.53913058 wER=0.250713 wMAE=14.2532 wBias=0.7333 condBias=16.3299 dotDrift=+1.248sigma uMRED=0.0544095910 uER=0.336914 uMAE=36.4609 WCE=304 bias=2.5000
[pop00_hard:00400] loss=0.690151 tau=6.00 collapse_w=0.500 mid_frac=0.134 hard=score=0.0785252242 wNMSE=0.01855908 wMSE=1413.8373 wMRED=0.53913058 wER=0.250713 wMAE=14.2532 wBias=0.7333 condBias=16.3299 dotDrift=+1.248sigma uMRED=0.0544095910 uER=0.336914 uMAE=36.4609 WCE=304 bias=2.5000
[pop00_hard:00599] loss=0.112986 tau=6.00 collapse_w=0.500 mid_frac=0.134 hard=score=0.0785252242 wNMSE=0.01855908 wMSE=1413.8373 wMRED=0.53913058 wER=0.250713 wMAE=14.2532 wBias=0.7333 condBias=16.3299 dotDrift=+1.248sigma uMRED=0.0544095910 uER=0.336914 uMAE=36.4609 WCE=304 bias=2.5000
[pop00] done (conf=0.53, noise=0.5); global best score=0.0047774161 wNMSE=0.00084578902 wMSE=64.4325 wMRED=0.08383172 wER=0.147652 wMAE=2.6451 wBias=0.0468 condBias=4.7150 dotDrift=+0.373sigma uMRED=0.0068427756 uER=0.201172 uMAE=3.8906 WCE=52 bias=0.0000
[pop01_soft:00000] loss=2.961702 tau=1.50 collapse_w=0.000 mid_frac=0.393 hard=score=155.7688067076 wNMSE=0.34660933 wMSE=26404.8221 wMRED=4.32864619 wER=0.436580 wMAE=91.6916 wBias=53.7127 condBias=95.8111 dotDrift=+21.155sigma uMRED=0.1850826330 uER=0.425781 uMAE=87.3867 WCE=616 bias=39.5000
[pop01_soft:00200] loss=1.352704 tau=2.25 collapse_w=0.000 mid_frac=0.455 hard=score=23.5126562536 wNMSE=0.46315842 wMSE=35283.5736 wMRED=6.12423748 wER=0.436892 wMAE=102.6052 wBias=-20.5190 condBias=111.0593 dotDrift=-6.991sigma uMRED=0.2212569886 uER=0.431641 uMAE=90.8789 WCE=612 bias=-11.3750
[pop01_soft:00400] loss=0.797826 tau=3.00 collapse_w=0.000 mid_frac=0.393 hard=score=9.4449298640 wNMSE=0.16450826 wMSE=12532.2980 wMRED=2.07016133 wER=0.422175 wMAE=53.4718 wBias=13.0436 condBias=59.2573 dotDrift=+7.457sigma uMRED=0.1233481289 uER=0.416992 uMAE=66.2812 WCE=608 bias=4.1250
[pop01_soft:00600] loss=0.489070 tau=3.75 collapse_w=0.000 mid_frac=0.393 hard=score=26.9430834289 wNMSE=0.10796854 wMSE=8225.0817 wMRED=1.93205410 wER=0.420331 wMAE=44.5314 wBias=22.3013 condBias=44.7557 dotDrift=+15.738sigma uMRED=0.0945064733 uER=0.398438 uMAE=47.1719 WCE=560 bias=23.6250
[pop01_soft:00800] loss=0.364224 tau=4.50 collapse_w=0.084 mid_frac=0.375 hard=score=8.6482836814 wNMSE=0.054459265 wMSE=4148.7262 wMRED=1.72587110 wER=0.381291 wMAE=35.9940 wBias=12.6152 condBias=23.8179 dotDrift=+12.535sigma uMRED=0.0725084175 uER=0.421875 uMAE=36.9141 WCE=352 bias=15.5000
[pop01_soft:01000] loss=0.276517 tau=5.25 collapse_w=0.293 mid_frac=0.357 hard=score=10.3772224502 wNMSE=0.055080377 wMSE=4196.0428 wMRED=1.72422258 wER=0.367269 wMAE=35.6672 wBias=13.8309 condBias=24.1813 dotDrift=+13.665sigma uMRED=0.0693705862 uER=0.407227 uMAE=34.0234 WCE=336 bias=13.0000
[pop01_soft:01199] loss=0.174542 tau=6.00 collapse_w=0.500 mid_frac=0.339 hard=score=8.2523726317 wNMSE=0.054929068 wMSE=4184.5159 wMRED=1.74207233 wER=0.380461 wMAE=36.6093 wBias=12.3249 condBias=23.2489 dotDrift=+12.194sigma uMRED=0.0691832200 uER=0.411133 uMAE=33.1797 WCE=248 bias=-1.5000
[pop01_hard:00000] loss=8.360812 tau=6.00 collapse_w=0.500 mid_frac=0.339 hard=score=8.2523726317 wNMSE=0.054929068 wMSE=4184.5159 wMRED=1.74207233 wER=0.380461 wMAE=36.6093 wBias=12.3249 condBias=23.2489 dotDrift=+12.194sigma uMRED=0.0691832200 uER=0.411133 uMAE=33.1797 WCE=248 bias=-1.5000
[pop01_hard:00200] loss=5.894263 tau=6.00 collapse_w=0.500 mid_frac=0.348 hard=score=5.7813740032 wNMSE=0.054358026 wMSE=4141.0138 wMRED=1.73256728 wER=0.378473 wMAE=35.9696 wBias=10.2931 condBias=23.2091 dotDrift=+10.237sigma uMRED=0.0686100674 uER=0.397461 uMAE=33.2344 WCE=256 bias=-6.2500
[pop01_hard:00400] loss=3.977104 tau=6.00 collapse_w=0.500 mid_frac=0.366 hard=score=3.8515352196 wNMSE=0.054759188 wMSE=4171.5744 wMRED=1.75076719 wER=0.376336 wMAE=36.2131 wBias=8.3683 condBias=23.0892 dotDrift=+8.292sigma uMRED=0.0696157173 uER=0.394531 uMAE=33.8672 WCE=272 bias=-9.0000
[pop01_hard:00599] loss=0.509859 tau=6.00 collapse_w=0.500 mid_frac=0.348 hard=score=0.3924987738 wNMSE=0.11195236 wMSE=8528.5705 wMRED=1.88137341 wER=0.380749 wMAE=44.9303 wBias=-1.8538 condBias=44.4489 dotDrift=-1.285sigma uMRED=0.1008359186 uER=0.408203 uMAE=53.6250 WCE=632 bias=-31.5000
[pop01] done (conf=0.51, noise=1.0); global best score=0.0047774161 wNMSE=0.00084578902 wMSE=64.4325 wMRED=0.08383172 wER=0.147652 wMAE=2.6451 wBias=0.0468 condBias=4.7150 dotDrift=+0.373sigma uMRED=0.0068427756 uER=0.201172 uMAE=3.8906 WCE=52 bias=0.0000
[pop02_soft:00000] loss=2.941483 tau=1.50 collapse_w=0.000 mid_frac=0.339 hard=score=0.2145785921 wNMSE=0.10643244 wMSE=8108.0612 wMRED=2.55304552 wER=0.410941 wMAE=44.8826 wBias=0.2057 condBias=44.6185 dotDrift=+0.146sigma uMRED=0.0893663755 uER=0.424805 uMAE=40.0039 WCE=348 bias=-12.3750
[pop02_soft:00200] loss=1.212396 tau=2.25 collapse_w=0.000 mid_frac=0.339 hard=score=25.5663096740 wNMSE=0.11862806 wMSE=9037.1278 wMRED=2.54218405 wER=0.379589 wMAE=46.4023 wBias=-21.7000 condBias=54.9277 dotDrift=-14.609sigma uMRED=0.1202913356 uER=0.411133 uMAE=61.4844 WCE=664 bias=-55.3750
[pop02_soft:00400] loss=0.286683 tau=3.00 collapse_w=0.000 mid_frac=0.232 hard=score=2.0899276289 wNMSE=0.042406546 wMSE=3230.5458 wMRED=0.74658842 wER=0.308364 wMAE=19.5335 wBias=-6.0807 condBias=29.3957 dotDrift=-6.847sigma uMRED=0.0583139129 uER=0.370117 uMAE=34.3281 WCE=420 bias=-23.8750
[pop02_soft:00600] loss=0.093440 tau=3.75 collapse_w=0.000 mid_frac=0.223 hard=score=0.2370047248 wNMSE=0.011001353 wMSE=838.0870 wMRED=0.32983485 wER=0.286035 wMAE=10.3452 wBias=-1.9663 condBias=15.3225 dotDrift=-4.347sigma uMRED=0.0343484763 uER=0.363281 uMAE=21.1875 WCE=192 bias=-8.3750
[pop02_soft:00800] loss=0.063107 tau=4.50 collapse_w=0.084 mid_frac=0.196 hard=score=0.4576033769 wNMSE=0.011043597 wMSE=841.3052 wMRED=0.30502190 wER=0.274878 wMAE=9.8676 wBias=-2.8227 condBias=15.3152 dotDrift=-6.228sigma uMRED=0.0319141709 uER=0.352539 uMAE=19.5312 WCE=192 bias=-7.0000
[pop02_soft:01000] loss=0.051067 tau=5.25 collapse_w=0.293 mid_frac=0.116 hard=score=0.2024182459 wNMSE=0.010959616 wMSE=834.9074 wMRED=0.23106152 wER=0.222821 wMAE=9.0901 wBias=-1.7960 condBias=15.2430 dotDrift=-3.978sigma uMRED=0.0302190471 uER=0.328125 uMAE=19.0781 WCE=192 bias=-6.0000
[pop02_soft:01199] loss=0.038362 tau=6.00 collapse_w=0.500 mid_frac=0.116 hard=score=0.2024182459 wNMSE=0.010959616 wMSE=834.9074 wMRED=0.23106152 wER=0.222821 wMAE=9.0901 wBias=-1.7960 condBias=15.2430 dotDrift=-3.978sigma uMRED=0.0302190471 uER=0.328125 uMAE=19.0781 WCE=192 bias=-6.0000
[pop02_hard:00000] loss=0.227160 tau=6.00 collapse_w=0.500 mid_frac=0.116 hard=score=0.2024182459 wNMSE=0.010959616 wMSE=834.9074 wMRED=0.23106152 wER=0.222821 wMAE=9.0901 wBias=-1.7960 condBias=15.2430 dotDrift=-3.978sigma uMRED=0.0302190471 uER=0.328125 uMAE=19.0781 WCE=192 bias=-6.0000
[pop02_hard:00200] loss=0.223136 tau=6.00 collapse_w=0.500 mid_frac=0.116 hard=score=0.2024182459 wNMSE=0.010959616 wMSE=834.9074 wMRED=0.23106152 wER=0.222821 wMAE=9.0901 wBias=-1.7960 condBias=15.2430 dotDrift=-3.978sigma uMRED=0.0302190471 uER=0.328125 uMAE=19.0781 WCE=192 bias=-6.0000
[pop02_hard:00400] loss=0.842912 tau=6.00 collapse_w=0.500 mid_frac=0.116 hard=score=0.8025608214 wNMSE=0.016452059 wMSE=1253.3237 wMRED=0.63244572 wER=0.268959 wMAE=14.6537 wBias=3.7677 condBias=18.9527 dotDrift=+6.811sigma uMRED=0.0393610217 uER=0.341797 uMAE=21.0781 WCE=192 bias=-4.0000
[pop02_hard:00599] loss=0.221446 tau=6.00 collapse_w=0.500 mid_frac=0.116 hard=score=0.2024182459 wNMSE=0.010959616 wMSE=834.9074 wMRED=0.23106152 wER=0.222821 wMAE=9.0901 wBias=-1.7960 condBias=15.2430 dotDrift=-3.978sigma uMRED=0.0302190471 uER=0.328125 uMAE=19.0781 WCE=192 bias=-6.0000
[pop02] done (conf=0.53, noise=0.5); global best score=0.0047774161 wNMSE=0.00084578902 wMSE=64.4325 wMRED=0.08383172 wER=0.147652 wMAE=2.6451 wBias=0.0468 condBias=4.7150 dotDrift=+0.373sigma uMRED=0.0068427756 uER=0.201172 uMAE=3.8906 WCE=52 bias=0.0000
[pop03_soft:00000] loss=1.560139 tau=1.50 collapse_w=0.000 mid_frac=0.393 hard=score=24.5864985308 wNMSE=0.17190577 wMSE=13095.8426 wMRED=3.42171450 wER=0.436967 wMAE=62.7886 wBias=21.2426 condBias=67.0687 dotDrift=+11.880sigma uMRED=0.1358428385 uER=0.436523 uMAE=63.9297 WCE=499 bias=8.6875
[pop03_soft:00200] loss=0.861917 tau=2.25 collapse_w=0.000 mid_frac=0.366 hard=score=0.8095423896 wNMSE=0.12062885 wMSE=9189.5487 wMRED=2.57382876 wER=0.427146 wMAE=46.0510 wBias=3.3064 condBias=50.0142 dotDrift=+2.207sigma uMRED=0.1108525545 uER=0.431641 uMAE=55.0820 WCE=436 bias=-2.4375
[pop03_soft:00400] loss=0.359727 tau=3.00 collapse_w=0.000 mid_frac=0.339 hard=score=0.2505638016 wNMSE=0.079084383 wMSE=6024.6765 wMRED=1.36401627 wER=0.326646 wMAE=28.7106 wBias=-1.3635 condBias=39.9113 dotDrift=-1.124sigma uMRED=0.0866970869 uER=0.414062 uMAE=49.2578 WCE=448 bias=15.5000
[pop03_soft:00600] loss=0.201393 tau=3.75 collapse_w=0.000 mid_frac=0.384 hard=score=0.6919183668 wNMSE=0.086181787 wMSE=6565.3592 wMRED=1.28916958 wER=0.299912 wMAE=28.1515 wBias=3.1193 condBias=42.2272 dotDrift=+2.464sigma uMRED=0.0974325496 uER=0.389648 uMAE=58.4531 WCE=528 bias=46.2500
[pop03_soft:00800] loss=0.149356 tau=4.50 collapse_w=0.084 mid_frac=0.357 hard=score=2.7520196780 wNMSE=0.035737653 wMSE=2722.5072 wMRED=1.15181026 wER=0.305888 wMAE=21.0269 wBias=-7.0425 condBias=25.7511 dotDrift=-8.638sigma uMRED=0.0759180932 uER=0.385742 uMAE=47.0625 WCE=512 bias=30.1250
[pop03_soft:01000] loss=0.116673 tau=5.25 collapse_w=0.293 mid_frac=0.312 hard=score=0.9701906461 wNMSE=0.030715842 wMSE=2339.9438 wMRED=0.95756243 wER=0.259797 wMAE=18.7569 wBias=-4.0994 condBias=21.9614 dotDrift=-5.424sigma uMRED=0.0710482982 uER=0.374023 uMAE=45.3750 WCE=352 bias=31.2500
[pop03_soft:01199] loss=0.087463 tau=6.00 collapse_w=0.500 mid_frac=0.304 hard=score=1.6038584616 wNMSE=0.030418989 wMSE=2317.3294 wMRED=0.95637633 wER=0.252264 wMAE=18.2214 wBias=-5.3471 condBias=22.5777 dotDrift=-7.109sigma uMRED=0.0708291730 uER=0.366211 uMAE=44.6875 WCE=352 bias=29.2500
[pop03_hard:00000] loss=1.661991 tau=6.00 collapse_w=0.500 mid_frac=0.304 hard=score=1.6038584616 wNMSE=0.030418989 wMSE=2317.3294 wMRED=0.95637633 wER=0.252264 wMAE=18.2214 wBias=-5.3471 condBias=22.5777 dotDrift=-7.109sigma uMRED=0.0708291730 uER=0.366211 uMAE=44.6875 WCE=352 bias=29.2500
[pop03_hard:00200] loss=1.658902 tau=6.00 collapse_w=0.500 mid_frac=0.304 hard=score=1.6038584616 wNMSE=0.030418989 wMSE=2317.3294 wMRED=0.95637633 wER=0.252264 wMAE=18.2214 wBias=-5.3471 condBias=22.5777 dotDrift=-7.109sigma uMRED=0.0708291730 uER=0.366211 uMAE=44.6875 WCE=352 bias=29.2500
[pop03_hard:00400] loss=1.657864 tau=6.00 collapse_w=0.500 mid_frac=0.295 hard=score=1.6038584616 wNMSE=0.030418989 wMSE=2317.3294 wMRED=0.95637633 wER=0.252264 wMAE=18.2214 wBias=-5.3471 condBias=22.5777 dotDrift=-7.109sigma uMRED=0.0708291730 uER=0.366211 uMAE=44.6875 WCE=352 bias=29.2500
[pop03_hard:00599] loss=0.897023 tau=6.00 collapse_w=0.500 mid_frac=0.268 hard=score=0.8439152230 wNMSE=0.032046715 wMSE=2441.3302 wMRED=0.92530719 wER=0.236629 wMAE=18.0081 wBias=-3.7910 condBias=24.8111 dotDrift=-4.910sigma uMRED=0.0745490439 uER=0.371094 uMAE=48.0625 WCE=352 bias=34.7500
[pop03] done (conf=0.51, noise=1.0); global best score=0.0047774161 wNMSE=0.00084578902 wMSE=64.4325 wMRED=0.08383172 wER=0.147652 wMAE=2.6451 wBias=0.0468 condBias=4.7150 dotDrift=+0.373sigma uMRED=0.0068427756 uER=0.201172 uMAE=3.8906 WCE=52 bias=0.0000
[pop04_soft:00000] loss=2.748180 tau=1.50 collapse_w=0.000 mid_frac=0.339 hard=score=408.6020511306 wNMSE=0.67965632 wMSE=51776.4608 wMRED=5.39164576 wER=0.424856 wMAE=92.8280 wBias=87.0373 condBias=161.3069 dotDrift=+24.480sigma uMRED=0.1626632433 uER=0.419922 uMAE=62.5371 WCE=712 bias=47.5000
[pop04_soft:00200] loss=0.930039 tau=2.25 collapse_w=0.000 mid_frac=0.268 hard=score=3.7731297486 wNMSE=0.018587715 wMSE=1416.0187 wMRED=0.86590945 wER=0.345384 wMAE=18.3338 wBias=-8.3245 condBias=23.9794 dotDrift=-14.158sigma uMRED=0.0467076359 uER=0.413086 uMAE=26.8125 WCE=196 bias=-14.1250
[pop04_soft:00400] loss=0.218898 tau=3.00 collapse_w=0.000 mid_frac=0.223 hard=score=0.2772236035 wNMSE=0.016409485 wMSE=1250.0804 wMRED=0.66913794 wER=0.316284 wMAE=15.4447 wBias=-2.0769 condBias=18.5300 dotDrift=-3.759sigma uMRED=0.0460217041 uER=0.392578 uMAE=27.3594 WCE=248 bias=-18.6250
[pop04_soft:00600] loss=0.082671 tau=3.75 collapse_w=0.000 mid_frac=0.250 hard=score=0.0387083888 wNMSE=0.012741725 wMSE=970.6692 wMRED=0.62527196 wER=0.303279 wMAE=13.5429 wBias=-0.1638 condBias=16.0649 dotDrift=-0.336sigma uMRED=0.0400889288 uER=0.374023 uMAE=23.7031 WCE=232 bias=-14.8750
[pop04_soft:00800] loss=0.054665 tau=4.50 collapse_w=0.084 mid_frac=0.250 hard=score=0.4678810144 wNMSE=0.012669878 wMSE=965.1958 wMRED=0.60374982 wER=0.290149 wMAE=12.9597 wBias=2.8357 condBias=15.9936 dotDrift=+5.842sigma uMRED=0.0381565108 uER=0.351562 uMAE=22.0938 WCE=240 bias=-11.8750
[pop04_soft:01000] loss=0.048306 tau=5.25 collapse_w=0.293 mid_frac=0.196 hard=score=0.3438270275 wNMSE=0.007176499 wMSE=546.7082 wMRED=0.20748754 wER=0.242188 wMAE=7.5749 wBias=-2.4388 condBias=10.7764 dotDrift=-6.675sigma uMRED=0.0292816402 uER=0.351562 uMAE=20.9219 WCE=224 bias=-11.8750
[pop04_soft:01199] loss=0.039002 tau=6.00 collapse_w=0.500 mid_frac=0.188 hard=score=0.7540554572 wNMSE=0.0058473746 wMSE=445.4551 wMRED=0.19006600 wER=0.238053 wMAE=6.4912 wBias=-3.6889 condBias=10.1125 dotDrift=-11.186sigma uMRED=0.0265852917 uER=0.342773 uMAE=19.2812 WCE=224 bias=-13.8750
[pop04_hard:00000] loss=0.779438 tau=6.00 collapse_w=0.500 mid_frac=0.188 hard=score=0.7540554572 wNMSE=0.0058473746 wMSE=445.4551 wMRED=0.19006600 wER=0.238053 wMAE=6.4912 wBias=-3.6889 condBias=10.1125 dotDrift=-11.186sigma uMRED=0.0265852917 uER=0.342773 uMAE=19.2812 WCE=224 bias=-13.8750
[pop04_hard:00200] loss=0.775767 tau=6.00 collapse_w=0.500 mid_frac=0.179 hard=score=0.2217571158 wNMSE=0.011176097 wMSE=851.3990 wMRED=0.58624331 wER=0.288468 wMAE=12.0027 wBias=1.8748 condBias=14.7190 dotDrift=+4.112sigma uMRED=0.0356050773 uER=0.357422 uMAE=21.2656 WCE=224 bias=-11.8750
[pop04_hard:00400] loss=0.261645 tau=6.00 collapse_w=0.500 mid_frac=0.179 hard=score=0.2217571158 wNMSE=0.011176097 wMSE=851.3990 wMRED=0.58624331 wER=0.288468 wMAE=12.0027 wBias=1.8748 condBias=14.7190 dotDrift=+4.112sigma uMRED=0.0356050773 uER=0.357422 uMAE=21.2656 WCE=224 bias=-11.8750
[pop04_hard:00599] loss=0.772877 tau=6.00 collapse_w=0.500 mid_frac=0.188 hard=score=0.7540554572 wNMSE=0.0058473746 wMSE=445.4551 wMRED=0.19006600 wER=0.238053 wMAE=6.4912 wBias=-3.6889 condBias=10.1125 dotDrift=-11.186sigma uMRED=0.0265852917 uER=0.342773 uMAE=19.2812 WCE=224 bias=-13.8750
[pop04] done (conf=0.53, noise=0.5); global best score=0.0047774161 wNMSE=0.00084578902 wMSE=64.4325 wMRED=0.08383172 wER=0.147652 wMAE=2.6451 wBias=0.0468 condBias=4.7150 dotDrift=+0.373sigma uMRED=0.0068427756 uER=0.201172 uMAE=3.8906 WCE=52 bias=0.0000
[pop05_soft:00000] loss=5.132555 tau=1.50 collapse_w=0.000 mid_frac=0.402 hard=score=391.8232286617 wNMSE=1.0580515 wMSE=80602.7387 wMRED=7.46616263 wER=0.437165 wMAE=130.8785 wBias=85.1515 condBias=164.6933 dotDrift=+19.195sigma uMRED=0.2488254009 uER=0.437500 uMAE=98.4492 WCE=1068 bias=59.8750
[pop05_soft:00200] loss=1.652622 tau=2.25 collapse_w=0.000 mid_frac=0.402 hard=score=269.6021306256 wNMSE=0.68821038 wMSE=52428.1117 wMRED=6.10734407 wER=0.411609 wMAE=87.7397 wBias=-70.6471 condBias=129.4209 dotDrift=-19.747sigma uMRED=0.2171011422 uER=0.431641 uMAE=91.3281 WCE=817 bias=-32.1250
[pop05_soft:00400] loss=0.873811 tau=3.00 collapse_w=0.000 mid_frac=0.429 hard=score=23.2128020882 wNMSE=0.064224446 wMSE=4892.6411 wMRED=1.65473827 wER=0.373297 wMAE=27.8896 wBias=-20.7158 condBias=39.5323 dotDrift=-18.954sigma uMRED=0.0852101363 uER=0.416016 uMAE=47.1875 WCE=464 bias=-1.2500
[pop05_soft:00600] loss=0.382946 tau=3.75 collapse_w=0.000 mid_frac=0.429 hard=score=11.7964507333 wNMSE=0.026629156 wMSE=2028.6186 wMRED=1.14493622 wER=0.341634 wMAE=18.7650 wBias=-14.7700 condBias=28.9011 dotDrift=-20.987sigma uMRED=0.0569170313 uER=0.394531 uMAE=32.0000 WCE=320 bias=-10.0000
[pop05_soft:00800] loss=0.247277 tau=4.50 collapse_w=0.084 mid_frac=0.464 hard=score=9.1007975956 wNMSE=0.024954072 wMSE=1901.0101 wMRED=1.11806502 wER=0.327589 wMAE=17.9537 wBias=-12.9652 condBias=25.7478 dotDrift=-19.031sigma uMRED=0.0571357284 uER=0.390625 uMAE=33.0391 WCE=320 bias=-2.7500
[pop05_soft:01000] loss=0.192878 tau=5.25 collapse_w=0.293 mid_frac=0.446 hard=score=8.1758103836 wNMSE=0.022864412 wMSE=1741.8191 wMRED=1.03203177 wER=0.327589 wMAE=17.3332 wBias=-12.2868 condBias=24.3920 dotDrift=-18.842sigma uMRED=0.0559264088 uER=0.390625 uMAE=33.0391 WCE=320 bias=-2.2500
[pop05_soft:01199] loss=0.144776 tau=6.00 collapse_w=0.500 mid_frac=0.446 hard=score=7.1654432784 wNMSE=0.02204235 wMSE=1679.1941 wMRED=1.00593703 wER=0.308692 wMAE=16.5682 wBias=-11.4983 condBias=22.8149 dotDrift=-17.958sigma uMRED=0.0544624091 uER=0.382812 uMAE=32.4766 WCE=320 bias=-1.2500
[pop05_hard:00000] loss=7.236308 tau=6.00 collapse_w=0.500 mid_frac=0.446 hard=score=7.1654432784 wNMSE=0.02204235 wMSE=1679.1941 wMRED=1.00593703 wER=0.308692 wMAE=16.5682 wBias=-11.4983 condBias=22.8149 dotDrift=-17.958sigma uMRED=0.0544624091 uER=0.382812 uMAE=32.4766 WCE=320 bias=-1.2500
[pop05_hard:00200] loss=7.235350 tau=6.00 collapse_w=0.500 mid_frac=0.429 hard=score=7.1654432784 wNMSE=0.02204235 wMSE=1679.1941 wMRED=1.00593703 wER=0.308692 wMAE=16.5682 wBias=-11.4983 condBias=22.8149 dotDrift=-17.958sigma uMRED=0.0544624091 uER=0.382812 uMAE=32.4766 WCE=320 bias=-1.2500
[pop05_hard:00400] loss=0.536507 tau=6.00 collapse_w=0.500 mid_frac=0.402 hard=score=0.4689518485 wNMSE=0.043598937 wMSE=3321.3826 wMRED=1.07974024 wER=0.312224 wMAE=21.8542 wBias=-2.6224 condBias=30.1904 dotDrift=-2.912sigma uMRED=0.0779402706 uER=0.391602 uMAE=49.0078 WCE=464 bias=25.2500
[pop05_hard:00599] loss=4.240509 tau=6.00 collapse_w=0.500 mid_frac=0.375 hard=score=4.1817933102 wNMSE=0.15506805 wMSE=11813.1394 wMRED=1.25206169 wER=0.325432 wMAE=32.5555 wBias=8.4950 condBias=59.9863 dotDrift=+5.002sigma uMRED=0.1093309736 uER=0.398438 uMAE=67.5078 WCE=808 bias=44.2500
[pop05] done (conf=0.51, noise=1.0); global best score=0.0047774161 wNMSE=0.00084578902 wMSE=64.4325 wMRED=0.08383172 wER=0.147652 wMAE=2.6451 wBias=0.0468 condBias=4.7150 dotDrift=+0.373sigma uMRED=0.0068427756 uER=0.201172 uMAE=3.8906 WCE=52 bias=0.0000
[pop06_soft:00000] loss=3.083555 tau=1.50 collapse_w=0.000 mid_frac=0.384 hard=score=1.1473867012 wNMSE=0.41892496 wMSE=31913.8528 wMRED=5.62944197 wER=0.437165 wMAE=90.6419 wBias=2.8476 condBias=88.0815 dotDrift=+1.020sigma uMRED=0.2047347621 uER=0.437500 uMAE=89.0977 WCE=743 bias=39.3125
[pop06_soft:00200] loss=1.268925 tau=2.25 collapse_w=0.000 mid_frac=0.339 hard=score=108.5557408322 wNMSE=0.44199452 wMSE=33671.2998 wMRED=4.77164048 wER=0.320833 wMAE=72.1895 wBias=-44.7630 condBias=100.6130 dotDrift=-15.612sigma uMRED=0.1733937130 uER=0.400391 uMAE=74.5547 WCE=628 bias=-27.0000
[pop06_soft:00400] loss=0.332144 tau=3.00 collapse_w=0.000 mid_frac=0.295 hard=score=0.9100111856 wNMSE=0.014689513 wMSE=1119.0523 wMRED=0.65899772 wER=0.297689 wMAE=14.4904 wBias=4.0133 condBias=18.6716 dotDrift=+7.678sigma uMRED=0.0488095048 uER=0.376953 uMAE=30.7500 WCE=292 bias=-8.7500
[pop06_soft:00600] loss=0.092656 tau=3.75 collapse_w=0.000 mid_frac=0.295 hard=score=0.1227868412 wNMSE=0.017996624 wMSE=1370.9892 wMRED=0.67865273 wER=0.322741 wMAE=15.8179 wBias=1.1552 condBias=20.9555 dotDrift=+1.997sigma uMRED=0.0541078258 uER=0.385742 uMAE=33.4141 WCE=304 bias=-8.2500
[pop06_soft:00800] loss=0.060416 tau=4.50 collapse_w=0.084 mid_frac=0.250 hard=score=0.0524428873 wNMSE=0.014995664 wMSE=1142.3750 wMRED=0.63788242 wER=0.298123 wMAE=14.1481 wBias=0.3535 condBias=18.1413 dotDrift=+0.669sigma uMRED=0.0451860346 uER=0.366211 uMAE=27.1406 WCE=284 bias=-14.7500
[pop06_soft:01000] loss=0.050398 tau=5.25 collapse_w=0.293 mid_frac=0.179 hard=score=0.1057177227 wNMSE=0.01421872 wMSE=1083.1872 wMRED=0.60365807 wER=0.267970 wMAE=13.4351 wBias=1.0747 condBias=17.8077 dotDrift=+2.090sigma uMRED=0.0408505110 uER=0.352539 uMAE=23.8906 WCE=284 bias=-6.5000
[pop06_soft:01199] loss=0.039689 tau=6.00 collapse_w=0.500 mid_frac=0.152 hard=score=1.1152159903 wNMSE=0.0087262763 wMSE=664.7708 wMRED=0.20227386 wER=0.221831 wMAE=7.8714 wBias=-4.4889 condBias=13.7934 dotDrift=-11.143sigma uMRED=0.0317085364 uER=0.338867 uMAE=21.8906 WCE=284 bias=-8.5000
[pop06_hard:00000] loss=1.136410 tau=6.00 collapse_w=0.500 mid_frac=0.152 hard=score=1.1152159903 wNMSE=0.0087262763 wMSE=664.7708 wMRED=0.20227386 wER=0.221831 wMAE=7.8714 wBias=-4.4889 condBias=13.7934 dotDrift=-11.143sigma uMRED=0.0317085364 uER=0.338867 uMAE=21.8906 WCE=284 bias=-8.5000
[pop06_hard:00200] loss=1.131964 tau=6.00 collapse_w=0.500 mid_frac=0.143 hard=score=1.1152159903 wNMSE=0.0087262763 wMSE=664.7708 wMRED=0.20227386 wER=0.221831 wMAE=7.8714 wBias=-4.4889 condBias=13.7934 dotDrift=-11.143sigma uMRED=0.0317085364 uER=0.338867 uMAE=21.8906 WCE=284 bias=-8.5000
[pop06_hard:00400] loss=0.064142 tau=6.00 collapse_w=0.500 mid_frac=0.134 hard=score=0.0481334167 wNMSE=0.010839965 wMSE=825.7924 wMRED=0.21367928 wER=0.221831 wMAE=8.5004 wBias=0.5113 condBias=14.6510 dotDrift=+1.139sigma uMRED=0.0329662627 uER=0.338867 uMAE=22.5938 WCE=284 bias=-0.5000
[pop06_hard:00599] loss=0.062713 tau=6.00 collapse_w=0.500 mid_frac=0.134 hard=score=0.0481334167 wNMSE=0.010839965 wMSE=825.7924 wMRED=0.21367928 wER=0.221831 wMAE=8.5004 wBias=0.5113 condBias=14.6510 dotDrift=+1.139sigma uMRED=0.0329662627 uER=0.338867 uMAE=22.5938 WCE=284 bias=-0.5000
[pop06] done (conf=0.53, noise=0.5); global best score=0.0047774161 wNMSE=0.00084578902 wMSE=64.4325 wMRED=0.08383172 wER=0.147652 wMAE=2.6451 wBias=0.0468 condBias=4.7150 dotDrift=+0.373sigma uMRED=0.0068427756 uER=0.201172 uMAE=3.8906 WCE=52 bias=0.0000
[pop07_soft:00000] loss=6.334755 tau=1.50 collapse_w=0.000 mid_frac=0.464 hard=score=351.8386134926 wNMSE=1.568976 wMSE=119525.1507 wMRED=10.80812943 wER=0.431759 wMAE=174.3590 wBias=80.5872 condBias=185.3159 dotDrift=+14.918sigma uMRED=0.3264064449 uER=0.431641 uMAE=120.5234 WCE=952 bias=68.2500
[pop07_soft:00200] loss=14.081035 tau=2.25 collapse_w=0.000 mid_frac=0.438 hard=score=2.4760264422 wNMSE=0.89195193 wMSE=67949.2157 wMRED=8.48016561 wER=0.436464 wMAE=130.7712 wBias=-4.4508 condBias=133.0186 dotDrift=-1.093sigma uMRED=0.2691456439 uER=0.434570 uMAE=105.2305 WCE=636 bias=-36.6250
[pop07_soft:00400] loss=2.011874 tau=3.00 collapse_w=0.000 mid_frac=0.420 hard=score=38.9109630809 wNMSE=1.0837584 wMSE=82561.1000 wMRED=9.26050206 wER=0.398879 wMAE=140.3846 wBias=-26.2982 condBias=146.9024 dotDrift=-5.858sigma uMRED=0.2892393507 uER=0.425781 uMAE=108.3652 WCE=824 bias=-73.0625
[pop07_soft:00600] loss=1.666637 tau=3.75 collapse_w=0.000 mid_frac=0.384 hard=score=10.7576237249 wNMSE=0.85917504 wMSE=65452.2603 wMRED=8.19248789 wER=0.397160 wMAE=125.5592 wBias=-13.2256 condBias=129.2248 dotDrift=-3.309sigma uMRED=0.2595165500 uER=0.419922 uMAE=99.2402 WCE=676 bias=-64.8125
[pop07_soft:00800] loss=1.404125 tau=4.50 collapse_w=0.084 mid_frac=0.366 hard=score=8.0160068673 wNMSE=0.79830366 wMSE=60815.0574 wMRED=7.76559382 wER=0.400075 wMAE=123.2570 wBias=-11.1900 condBias=127.0130 dotDrift=-2.904sigma uMRED=0.2721388300 uER=0.431641 uMAE=114.8711 WCE=820 bias=-85.5625
[pop07_soft:01000] loss=1.217251 tau=5.25 collapse_w=0.293 mid_frac=0.339 hard=score=7.7043933693 wNMSE=0.79624505 wMSE=60658.2318 wMRED=7.76220147 wER=0.400075 wMAE=122.9998 wBias=-10.9328 condBias=126.6197 dotDrift=-2.841sigma uMRED=0.2713912570 uER=0.431641 uMAE=114.3711 WCE=804 bias=-85.0625
[pop07_soft:01199] loss=1.021272 tau=6.00 collapse_w=0.500 mid_frac=0.312 hard=score=7.7043933693 wNMSE=0.79624505 wMSE=60658.2318 wMRED=7.76220147 wER=0.400075 wMAE=122.9998 wBias=-10.9328 condBias=126.6197 dotDrift=-2.841sigma uMRED=0.2713912570 uER=0.431641 uMAE=114.3711 WCE=804 bias=-85.0625
[pop07_hard:00000] loss=8.086673 tau=6.00 collapse_w=0.500 mid_frac=0.312 hard=score=7.7043933693 wNMSE=0.79624505 wMSE=60658.2318 wMRED=7.76220147 wER=0.400075 wMAE=122.9998 wBias=-10.9328 condBias=126.6197 dotDrift=-2.841sigma uMRED=0.2713912570 uER=0.431641 uMAE=114.3711 WCE=804 bias=-85.0625
[pop07_hard:00200] loss=1.898329 tau=6.00 collapse_w=0.500 mid_frac=0.304 hard=score=1.5183425884 wNMSE=0.70813466 wMSE=53945.9506 wMRED=7.63620672 wER=0.400075 wMAE=114.7628 wBias=-2.6958 condBias=118.0030 dotDrift=-0.743sigma uMRED=0.2445880117 uER=0.431641 uMAE=98.3711 WCE=672 bias=-69.0625
[pop07_hard:00400] loss=95.286011 tau=6.00 collapse_w=0.500 mid_frac=0.295 hard=score=95.0876970721 wNMSE=0.39804378 wMSE=30323.1170 wMRED=3.93804142 wER=0.392188 wMAE=71.6299 wBias=41.8848 condBias=92.6762 dotDrift=+15.394sigma uMRED=0.1648870038 uER=0.428711 uMAE=83.2520 WCE=672 bias=-53.0625
[pop07_hard:00599] loss=95.285217 tau=6.00 collapse_w=0.500 mid_frac=0.295 hard=score=1.5183425884 wNMSE=0.70813466 wMSE=53945.9506 wMRED=7.63620672 wER=0.400075 wMAE=114.7628 wBias=-2.6958 condBias=118.0030 dotDrift=-0.743sigma uMRED=0.2445880117 uER=0.431641 uMAE=98.3711 WCE=672 bias=-69.0625
[pop07] done (conf=0.51, noise=1.0); global best score=0.0047774161 wNMSE=0.00084578902 wMSE=64.4325 wMRED=0.08383172 wER=0.147652 wMAE=2.6451 wBias=0.0468 condBias=4.7150 dotDrift=+0.373sigma uMRED=0.0068427756 uER=0.201172 uMAE=3.8906 WCE=52 bias=0.0000
[pop08_soft:00000] loss=4.023393 tau=1.50 collapse_w=0.000 mid_frac=0.375 hard=score=315.0516301875 wNMSE=1.9246038 wMSE=146617.0038 wMRED=12.49012919 wER=0.436661 wMAE=194.8228 wBias=76.1655 condBias=201.3273 dotDrift=+12.731sigma uMRED=0.3353335570 uER=0.431641 uMAE=104.4375 WCE=1048 bias=51.0000
[pop08_soft:00200] loss=1.727326 tau=2.25 collapse_w=0.000 mid_frac=0.348 hard=score=306.4075824508 wNMSE=0.62263262 wMSE=47432.3749 wMRED=5.44676522 wER=0.377024 wMAE=79.7681 wBias=-75.3415 condBias=148.9065 dotDrift=-22.140sigma uMRED=0.1857030831 uER=0.418945 uMAE=73.2559 WCE=748 bias=-57.9375
[pop08_soft:00400] loss=0.748435 tau=3.00 collapse_w=0.000 mid_frac=0.268 hard=score=1.3275257628 wNMSE=0.013883721 wMSE=1057.6668 wMRED=0.70792013 wER=0.318933 wMAE=15.1335 wBias=4.8978 condBias=17.7989 dotDrift=+9.638sigma uMRED=0.0409301041 uER=0.365234 uMAE=23.2500 WCE=208 bias=2.8750
[pop08_soft:00600] loss=0.143806 tau=3.75 collapse_w=0.000 mid_frac=0.232 hard=score=1.6964321728 wNMSE=0.015744186 wMSE=1199.3977 wMRED=0.71952016 wER=0.317448 wMAE=16.0219 wBias=5.5511 condBias=19.2556 dotDrift=+10.258sigma uMRED=0.0490632511 uER=0.371094 uMAE=28.6562 WCE=196 bias=-1.5000
[pop08_soft:00800] loss=0.073304 tau=4.50 collapse_w=0.084 mid_frac=0.214 hard=score=1.9898364088 wNMSE=0.017060576 wMSE=1299.6808 wMRED=0.70252427 wER=0.320700 wMAE=16.2031 wBias=6.0148 condBias=20.9129 dotDrift=+10.678sigma uMRED=0.0470708255 uER=0.367188 uMAE=26.9219 WCE=224 bias=3.0000
[pop08_soft:01000] loss=0.057113 tau=5.25 collapse_w=0.293 mid_frac=0.170 hard=score=0.8064615792 wNMSE=0.014941408 wMSE=1138.2418 wMRED=0.65415365 wER=0.304730 wMAE=14.8040 wBias=3.7802 condBias=18.5560 dotDrift=+7.171sigma uMRED=0.0459215112 uER=0.369141 uMAE=26.9219 WCE=192 bias=-2.0000
[pop08_soft:01199] loss=0.037157 tau=6.00 collapse_w=0.500 mid_frac=0.152 hard=score=0.8064615792 wNMSE=0.014941408 wMSE=1138.2418 wMRED=0.65415365 wER=0.304730 wMAE=14.8040 wBias=3.7802 condBias=18.5560 dotDrift=+7.171sigma uMRED=0.0459215112 uER=0.369141 uMAE=26.9219 WCE=192 bias=-2.0000
[pop08_hard:00000] loss=0.854431 tau=6.00 collapse_w=0.500 mid_frac=0.152 hard=score=0.8064615792 wNMSE=0.014941408 wMSE=1138.2418 wMRED=0.65415365 wER=0.304730 wMAE=14.8040 wBias=3.7802 condBias=18.5560 dotDrift=+7.171sigma uMRED=0.0459215112 uER=0.369141 uMAE=26.9219 WCE=192 bias=-2.0000
[pop08_hard:00200] loss=0.857396 tau=6.00 collapse_w=0.500 mid_frac=0.143 hard=score=0.8064615792 wNMSE=0.014941408 wMSE=1138.2418 wMRED=0.65415365 wER=0.304730 wMAE=14.8040 wBias=3.7802 condBias=18.5560 dotDrift=+7.171sigma uMRED=0.0459215112 uER=0.369141 uMAE=26.9219 WCE=192 bias=-2.0000
[pop08_hard:00400] loss=0.913548 tau=6.00 collapse_w=0.500 mid_frac=0.152 hard=score=0.8851678763 wNMSE=0.015504266 wMSE=1181.1205 wMRED=0.25572776 wER=0.262645 wMAE=10.1271 wBias=-3.9450 condBias=18.1851 dotDrift=-7.346sigma uMRED=0.0456446935 uER=0.355469 uMAE=31.9844 WCE=384 bias=-20.1250
[pop08_hard:00599] loss=0.912041 tau=6.00 collapse_w=0.500 mid_frac=0.152 hard=score=0.8851678763 wNMSE=0.015504266 wMSE=1181.1205 wMRED=0.25572776 wER=0.262645 wMAE=10.1271 wBias=-3.9450 condBias=18.1851 dotDrift=-7.346sigma uMRED=0.0456446935 uER=0.355469 uMAE=31.9844 WCE=384 bias=-20.1250
[pop08] done (conf=0.53, noise=0.5); global best score=0.0047774161 wNMSE=0.00084578902 wMSE=64.4325 wMRED=0.08383172 wER=0.147652 wMAE=2.6451 wBias=0.0468 condBias=4.7150 dotDrift=+0.373sigma uMRED=0.0068427756 uER=0.201172 uMAE=3.8906 WCE=52 bias=0.0000
[pop09_soft:00000] loss=4.541775 tau=1.50 collapse_w=0.000 mid_frac=0.321 hard=score=66.3935320200 wNMSE=0.44337746 wMSE=33776.6530 wMRED=5.74559575 wER=0.437165 wMAE=64.1668 wBias=34.9156 condBias=78.8850 dotDrift=+12.159sigma uMRED=0.1678061320 uER=0.437500 uMAE=68.6426 WCE=3900 bias=23.9375
[pop09_soft:00200] loss=1.669313 tau=2.25 collapse_w=0.000 mid_frac=0.339 hard=score=21.3876963764 wNMSE=0.29539321 wMSE=22503.1600 wMRED=4.45183581 wER=0.437165 wMAE=76.5101 wBias=-19.6866 condBias=84.0110 dotDrift=-8.399sigma uMRED=0.1966228967 uER=0.437500 uMAE=96.1582 WCE=647 bias=-61.4375
[pop09_soft:00400] loss=1.223944 tau=3.00 collapse_w=0.000 mid_frac=0.286 hard=score=5.1470761733 wNMSE=0.15599658 wMSE=11883.8752 wMRED=2.35312629 wER=0.408270 wMAE=46.4373 wBias=-9.5099 condBias=56.9105 dotDrift=-5.583sigma uMRED=0.1439751667 uER=0.428711 uMAE=82.4160 WCE=648 bias=-60.0000
[pop09_soft:00600] loss=0.731259 tau=3.75 collapse_w=0.000 mid_frac=0.268 hard=score=34.3878590429 wNMSE=0.054068817 wMSE=4118.9817 wMRED=1.47527565 wER=0.362797 wMAE=25.8955 wBias=-25.2408 condBias=41.4370 dotDrift=-25.170sigma uMRED=0.1008288046 uER=0.427734 uMAE=62.7285 WCE=628 bias=-61.8125
[pop09_soft:00800] loss=0.550914 tau=4.50 collapse_w=0.084 mid_frac=0.268 hard=score=30.7457459054 wNMSE=0.047109481 wMSE=3588.8170 wMRED=1.38990905 wER=0.350563 wMAE=24.3250 wBias=-23.8653 condBias=39.1177 dotDrift=-25.496sigma uMRED=0.0987247545 uER=0.424805 uMAE=62.7031 WCE=632 bias=-62.2500
[pop09_soft:01000] loss=0.444004 tau=5.25 collapse_w=0.293 mid_frac=0.223 hard=score=30.5630651013 wNMSE=0.046770641 wMSE=3563.0041 wMRED=1.37414081 wER=0.350563 wMAE=24.2540 wBias=-23.7944 condBias=39.0324 dotDrift=-25.512sigma uMRED=0.0985314042 uER=0.424805 uMAE=62.7031 WCE=628 bias=-62.2500
[pop09_soft:01199] loss=0.342349 tau=6.00 collapse_w=0.500 mid_frac=0.214 hard=score=30.5630651013 wNMSE=0.046770641 wMSE=3563.0041 wMRED=1.37414081 wER=0.350563 wMAE=24.2540 wBias=-23.7944 condBias=39.0324 dotDrift=-25.512sigma uMRED=0.0985314042 uER=0.424805 uMAE=62.7031 WCE=628 bias=-62.2500
[pop09_hard:00000] loss=30.627342 tau=6.00 collapse_w=0.500 mid_frac=0.214 hard=score=30.5630651013 wNMSE=0.046770641 wMSE=3563.0041 wMRED=1.37414081 wER=0.350563 wMAE=24.2540 wBias=-23.7944 condBias=39.0324 dotDrift=-25.512sigma uMRED=0.0985314042 uER=0.424805 uMAE=62.7031 WCE=628 bias=-62.2500
[pop09_hard:00200] loss=30.624029 tau=6.00 collapse_w=0.500 mid_frac=0.214 hard=score=30.5630651013 wNMSE=0.046770641 wMSE=3563.0041 wMRED=1.37414081 wER=0.350563 wMAE=24.2540 wBias=-23.7944 condBias=39.0324 dotDrift=-25.512sigma uMRED=0.0985314042 uER=0.424805 uMAE=62.7031 WCE=628 bias=-62.2500
[pop09_hard:00400] loss=30.626677 tau=6.00 collapse_w=0.500 mid_frac=0.214 hard=score=30.5630651013 wNMSE=0.046770641 wMSE=3563.0041 wMRED=1.37414081 wER=0.350563 wMAE=24.2540 wBias=-23.7944 condBias=39.0324 dotDrift=-25.512sigma uMRED=0.0985314042 uER=0.424805 uMAE=62.7031 WCE=628 bias=-62.2500
[pop09_hard:00599] loss=27.759552 tau=6.00 collapse_w=0.500 mid_frac=0.170 hard=score=22.3439292987 wNMSE=0.048803536 wMSE=3717.8707 wMRED=1.37364536 wER=0.348002 wMAE=24.5414 wBias=-20.3342 condBias=33.9240 dotDrift=-21.343sigma uMRED=0.1000820049 uER=0.416016 uMAE=63.9531 WCE=500 bias=-37.5000
[pop09] done (conf=0.51, noise=1.0); global best score=0.0047774161 wNMSE=0.00084578902 wMSE=64.4325 wMRED=0.08383172 wER=0.147652 wMAE=2.6451 wBias=0.0468 condBias=4.7150 dotDrift=+0.373sigma uMRED=0.0068427756 uER=0.201172 uMAE=3.8906 WCE=52 bias=0.0000
[pop10_soft:00000] loss=1.617910 tau=1.50 collapse_w=0.000 mid_frac=0.384 hard=score=0.4000952196 wNMSE=0.14567049 wMSE=11097.2302 wMRED=2.77778078 wER=0.432867 wMAE=48.0356 wBias=1.4804 condBias=58.3684 dotDrift=+0.899sigma uMRED=0.1186739467 uER=0.433594 uMAE=57.7031 WCE=588 bias=28.8125
[pop10_soft:00200] loss=0.956437 tau=2.25 collapse_w=0.000 mid_frac=0.330 hard=score=2.0882891026 wNMSE=0.11619492 wMSE=8851.7704 wMRED=1.73506988 wER=0.335191 wMAE=33.8728 wBias=-5.8945 condBias=50.1543 dotDrift=-4.010sigma uMRED=0.1007569652 uER=0.414062 uMAE=55.0391 WCE=588 bias=23.0000
[pop10_soft:00400] loss=0.341844 tau=3.00 collapse_w=0.000 mid_frac=0.268 hard=score=1.1922230912 wNMSE=0.042309538 wMSE=3223.1557 wMRED=1.21145900 wER=0.316033 wMAE=24.8195 wBias=4.5247 condBias=21.9293 dotDrift=+5.101sigma uMRED=0.0703240207 uER=0.372070 uMAE=39.3281 WCE=452 bias=13.0000
[pop10_soft:00600] loss=0.168961 tau=3.75 collapse_w=0.000 mid_frac=0.241 hard=score=1.3919723965 wNMSE=0.034517425 wMSE=2629.5497 wMRED=1.16933613 wER=0.310557 wMAE=23.3904 wBias=4.9414 condBias=20.8004 dotDrift=+6.167sigma uMRED=0.0641179882 uER=0.376953 uMAE=35.0078 WCE=384 bias=7.8750
[pop10_soft:00800] loss=0.128783 tau=4.50 collapse_w=0.084 mid_frac=0.188 hard=score=2.3906313750 wNMSE=0.034613263 wMSE=2636.8507 wMRED=1.11741732 wER=0.278067 wMAE=22.3493 wBias=6.5542 condBias=23.3451 dotDrift=+8.169sigma uMRED=0.0605766205 uER=0.352539 uMAE=32.9609 WCE=384 bias=11.5000
[pop10_soft:01000] loss=0.099010 tau=5.25 collapse_w=0.293 mid_frac=0.161 hard=score=0.3648984128 wNMSE=0.029143136 wMSE=2220.1345 wMRED=1.07143094 wER=0.258269 wMAE=20.1709 wBias=2.3775 condBias=16.5513 dotDrift=+3.229sigma uMRED=0.0516683199 uER=0.336914 uMAE=28.0859 WCE=288 bias=-11.5000
[pop10_soft:01199] loss=0.066981 tau=6.00 collapse_w=0.500 mid_frac=0.143 hard=score=0.3648984128 wNMSE=0.029143136 wMSE=2220.1345 wMRED=1.07143094 wER=0.258269 wMAE=20.1709 wBias=2.3775 condBias=16.5513 dotDrift=+3.229sigma uMRED=0.0516683199 uER=0.336914 uMAE=28.0859 WCE=288 bias=-11.5000
[pop10_hard:00000] loss=0.427410 tau=6.00 collapse_w=0.500 mid_frac=0.143 hard=score=0.3648984128 wNMSE=0.029143136 wMSE=2220.1345 wMRED=1.07143094 wER=0.258269 wMAE=20.1709 wBias=2.3775 condBias=16.5513 dotDrift=+3.229sigma uMRED=0.0516683199 uER=0.336914 uMAE=28.0859 WCE=288 bias=-11.5000
[pop10_hard:00200] loss=0.428076 tau=6.00 collapse_w=0.500 mid_frac=0.125 hard=score=0.3648984128 wNMSE=0.029143136 wMSE=2220.1345 wMRED=1.07143094 wER=0.258269 wMAE=20.1709 wBias=2.3775 condBias=16.5513 dotDrift=+3.229sigma uMRED=0.0516683199 uER=0.336914 uMAE=28.0859 WCE=288 bias=-11.5000
[pop10_hard:00400] loss=0.279436 tau=6.00 collapse_w=0.500 mid_frac=0.152 hard=score=0.2135253656 wNMSE=0.027581404 wMSE=2101.1612 wMRED=0.98633216 wER=0.258269 wMAE=19.6291 wBias=1.6990 condBias=16.0787 dotDrift=+2.372sigma uMRED=0.0508330438 uER=0.336914 uMAE=28.3359 WCE=288 bias=-12.0000
[pop10_hard:00599] loss=21.468590 tau=6.00 collapse_w=0.500 mid_frac=0.116 hard=score=21.3920841160 wNMSE=0.029811215 wMSE=2271.0290 wMRED=1.36086204 wER=0.258269 wMAE=20.3697 wBias=-19.9129 condBias=33.5202 dotDrift=-26.743sigma uMRED=0.0551196114 uER=0.336914 uMAE=27.7109 WCE=288 bias=-19.5000
[pop10] done (conf=0.53, noise=0.5); global best score=0.0047774161 wNMSE=0.00084578902 wMSE=64.4325 wMRED=0.08383172 wER=0.147652 wMAE=2.6451 wBias=0.0468 condBias=4.7150 dotDrift=+0.373sigma uMRED=0.0068427756 uER=0.201172 uMAE=3.8906 WCE=52 bias=0.0000
[pop11_soft:00000] loss=3.778960 tau=1.50 collapse_w=0.000 mid_frac=0.277 hard=score=110.5006871492 wNMSE=0.31495563 wMSE=23993.4320 wMRED=3.07723449 wER=0.424889 wMAE=72.6608 wBias=45.2292 condBias=73.2900 dotDrift=+18.688sigma uMRED=0.1493451754 uER=0.434570 uMAE=72.1719 WCE=852 bias=32.3750
[pop11_soft:00200] loss=1.537607 tau=2.25 collapse_w=0.000 mid_frac=0.321 hard=score=9.1536736216 wNMSE=0.42384233 wMSE=32288.4599 wMRED=5.13357191 wER=0.394772 wMAE=88.5157 wBias=-12.4954 condBias=98.2920 dotDrift=-4.450sigma uMRED=0.1957799878 uER=0.416992 uMAE=83.5801 WCE=832 bias=-4.0625
[pop11_soft:00400] loss=1.052453 tau=3.00 collapse_w=0.000 mid_frac=0.312 hard=score=71.6304898224 wNMSE=0.27116967 wMSE=20657.8022 wMRED=2.68770736 wER=0.410815 wMAE=65.6227 wBias=36.3873 condBias=64.5885 dotDrift=+16.203sigma uMRED=0.1389613102 uER=0.419922 uMAE=68.4609 WCE=816 bias=20.7500
[pop11_soft:00600] loss=0.372840 tau=3.75 collapse_w=0.000 mid_frac=0.304 hard=score=2.0555567900 wNMSE=0.044805098 wMSE=3413.2683 wMRED=1.19245217 wER=0.394744 wMAE=28.2400 wBias=-6.0560 condBias=25.3311 dotDrift=-6.634sigma uMRED=0.0719453867 uER=0.417969 uMAE=41.9609 WCE=340 bias=-9.7500
[pop11_soft:00800] loss=0.246705 tau=4.50 collapse_w=0.084 mid_frac=0.295 hard=score=2.2810938670 wNMSE=0.04637003 wMSE=3532.4854 wMRED=1.20545390 wER=0.405172 wMAE=28.5201 wBias=-6.3865 condBias=26.9131 dotDrift=-6.877sigma uMRED=0.0743308408 uER=0.407227 uMAE=43.3750 WCE=352 bias=-8.8750
[pop11_soft:01000] loss=0.161192 tau=5.25 collapse_w=0.293 mid_frac=0.250 hard=score=0.8870780176 wNMSE=0.041935057 wMSE=3194.6276 wMRED=1.02051041 wER=0.411037 wMAE=26.2722 wBias=-3.8619 condBias=26.7003 dotDrift=-4.373sigma uMRED=0.0712451991 uER=0.421875 uMAE=43.0625 WCE=368 bias=-8.3750
[pop11_soft:01199] loss=0.109234 tau=6.00 collapse_w=0.500 mid_frac=0.241 hard=score=0.8870780176 wNMSE=0.041935057 wMSE=3194.6276 wMRED=1.02051041 wER=0.411037 wMAE=26.2722 wBias=-3.8619 condBias=26.7003 dotDrift=-4.373sigma uMRED=0.0712451991 uER=0.421875 uMAE=43.0625 WCE=368 bias=-8.3750
[pop11_hard:00000] loss=0.948168 tau=6.00 collapse_w=0.500 mid_frac=0.241 hard=score=0.8870780176 wNMSE=0.041935057 wMSE=3194.6276 wMRED=1.02051041 wER=0.411037 wMAE=26.2722 wBias=-3.8619 condBias=26.7003 dotDrift=-4.373sigma uMRED=0.0712451991 uER=0.421875 uMAE=43.0625 WCE=368 bias=-8.3750
[pop11_hard:00200] loss=0.945548 tau=6.00 collapse_w=0.500 mid_frac=0.241 hard=score=0.8870780176 wNMSE=0.041935057 wMSE=3194.6276 wMRED=1.02051041 wER=0.411037 wMAE=26.2722 wBias=-3.8619 condBias=26.7003 dotDrift=-4.373sigma uMRED=0.0712451991 uER=0.421875 uMAE=43.0625 WCE=368 bias=-8.3750
[pop11_hard:00400] loss=0.585427 tau=6.00 collapse_w=0.500 mid_frac=0.214 hard=score=0.5271367380 wNMSE=0.041514079 wMSE=3162.5573 wMRED=1.01505690 wER=0.411037 wMAE=25.9949 wBias=-2.8694 condBias=26.7678 dotDrift=-3.266sigma uMRED=0.0705013269 uER=0.421875 uMAE=42.4531 WCE=368 bias=0.1250
[pop11_hard:00599] loss=0.136903 tau=6.00 collapse_w=0.500 mid_frac=0.179 hard=score=0.0784004025 wNMSE=0.039806629 wMSE=3032.4832 wMRED=1.03993615 wER=0.437114 wMAE=26.2108 wBias=0.0671 condBias=24.3513 dotDrift=+0.078sigma uMRED=0.0690578970 uER=0.436523 uMAE=41.8828 WCE=340 bias=3.8750
[pop11] done (conf=0.51, noise=1.0); global best score=0.0047774161 wNMSE=0.00084578902 wMSE=64.4325 wMRED=0.08383172 wER=0.147652 wMAE=2.6451 wBias=0.0468 condBias=4.7150 dotDrift=+0.373sigma uMRED=0.0068427756 uER=0.201172 uMAE=3.8906 WCE=52 bias=0.0000
[best] stage=quad_soft score=0.0047774161 wNMSE=0.00084578902 wMSE=64.4325 wMRED=0.08383172 wER=0.147652 wMAE=2.6451 wBias=0.0468 condBias=4.7150 dotDrift=+0.373sigma uMRED=0.0068427756 uER=0.201172 uMAE=3.8906 WCE=52 bias=0.0000
[best-json] /home/xuanqi/tony/work/FPGA/signed8x8_approx/signed8x8_2026_8_22/runs_qwen_balanced/rand210/best_signed88_inits.json
[best-rtl] /home/xuanqi/tony/work/FPGA/signed8x8_approx/signed8x8_2026_8_22/runs_qwen_balanced/rand210/best_rtl
[design] balanced_split search_bits=112
[start] score=0.0047774161 wNMSE=0.00084578902 wMSE=64.4325 wMRED=0.08383172 wER=0.147652 wMAE=2.6451 wBias=0.0468 condBias=4.7150 dotDrift=+0.373sigma uMRED=0.0068427756 uER=0.201172 uMAE=3.8906 WCE=52 bias=0.0000
[single] ACCEPT ['lo_lut01:23'] 0.0047774161->0.0046681078 wNMSE=0.00084264661 wBias=-0.01351
[single] ACCEPT ['lo_lut23:15'] 0.0046681078->0.0045609726 wNMSE=0.00079643217 wBias=+0.06692
[single] ACCEPT ['lo_lut23:11'] 0.0045609726->0.0043896977 wNMSE=0.00080280036 wBias=-0.03143
[single] ACCEPT ['lo_lut45:19'] 0.0043896977->0.0043337618 wNMSE=0.00080264477 wBias=-0.00502
[single] round=5 no improvement
[pair] ACCEPT ['lo_lut23:47', 'lo_lut23:51'] 0.0043337618->0.0035777054 wNMSE=0.00068550188 wBias=+0.00184
[pair] ACCEPT ['mid_lut01:55', 'mid_lut01:63'] 0.0035777054->0.0034531132 wNMSE=0.0005999133 wBias=+0.00224
[pair] ACCEPT ['lo_lut01:59', 'lo_lut01:63'] 0.0034531132->0.0034366096 wNMSE=0.00059065303 wBias=+0.00726
[pair] ACCEPT ['lo_lut01:31', 'lo_lut01:23'] 0.0034366096->0.0034332771 wNMSE=0.00059060907 wBias=+0.00720
[final] score=0.0034332771 wNMSE=0.00059060907 wMSE=44.9928 wMRED=0.14775118 wER=0.302730 wMAE=2.8653 wBias=0.0072 condBias=3.5507 dotDrift=+0.069sigma uMRED=0.0074927745 uER=0.349609 uMAE=3.9238 WCE=40 bias=0.4375
[json] /home/xuanqi/tony/work/FPGA/signed8x8_approx/signed8x8_2026_8_22/runs_qwen_balanced/rand210/refined/best_signed88_inits.json
