[design] quality quad4 entries=56
[device] cuda
[initial] score=13.1332086596 wNMSE=0.092746137 wMSE=7065.4337 wMRED=2.03566081 wER=0.249598 wMAE=37.8131 wBias=15.5307 condBias=41.9922 dotDrift=+11.825sigma uMRED=0.0626683934 uER=0.250000 uMAE=24.7812 WCE=231 bias=5.1875
[quad_warmup_bit:00000] loss=0.249795 tau=1.50 collapse_w=0.000 mid_frac=0.571 hard=score=13.1332086596 wNMSE=0.092746137 wMSE=7065.4337 wMRED=2.03566081 wER=0.249598 wMAE=37.8131 wBias=15.5307 condBias=41.9922 dotDrift=+11.825sigma uMRED=0.0626683934 uER=0.250000 uMAE=24.7812 WCE=231 bias=5.1875
[quad_warmup_bit:00025] loss=0.218473 tau=1.50 collapse_w=0.000 mid_frac=0.607 hard=score=12.1622282075 wNMSE=0.093252229 wMSE=7103.9880 wMRED=2.07343211 wER=0.249598 wMAE=38.1832 wBias=14.9380 condBias=42.1067 dotDrift=+11.343sigma uMRED=0.0652097659 uER=0.250000 uMAE=26.7109 WCE=231 bias=2.8125 *BEST*
[quad_warmup_bit:00050] loss=0.192700 tau=1.50 collapse_w=0.000 mid_frac=0.589 hard=score=11.2743994302 wNMSE=0.091434597 wMSE=6965.5201 wMRED=2.05294768 wER=0.249598 wMAE=37.9590 wBias=14.3771 condBias=41.6943 dotDrift=+11.025sigma uMRED=0.0649265333 uER=0.250000 uMAE=26.7344 WCE=224 bias=2.1875 *BEST*
[quad_warmup_bit:00075] loss=0.172351 tau=1.50 collapse_w=0.000 mid_frac=0.607 hard=score=10.9284022453 wNMSE=0.0907448 wMSE=6912.9712 wMRED=2.04836843 wER=0.249598 wMAE=37.8609 wBias=14.1524 condBias=41.5367 dotDrift=+10.894sigma uMRED=0.0652022412 uER=0.250000 uMAE=27.1094 WCE=224 bias=1.4375 *BEST*
[quad_warmup_bit:00100] loss=0.156711 tau=1.50 collapse_w=0.000 mid_frac=0.607 hard=score=0.0562328107 wNMSE=0.029978558 wMSE=2283.7772 wMRED=1.22681531 wER=0.249598 wMAE=22.7716 wBias=-0.1448 condBias=23.8760 dotDrift=-0.194sigma uMRED=0.0468822289 uER=0.250000 uMAE=22.8281 WCE=157 bias=-2.1875 *BEST*
[quad_warmup_bit:00200] loss=0.124581 tau=1.50 collapse_w=0.000 mid_frac=0.500 hard=score=4.8036662274 wNMSE=0.04049363 wMSE=3084.8192 wMRED=1.43578733 wER=0.249598 wMAE=24.5255 wBias=-9.3781 condBias=27.7499 dotDrift=-10.806sigma uMRED=0.0494631888 uER=0.250000 uMAE=21.6875 WCE=162 bias=-10.3750
[quad_warmup_bit:00400] loss=0.103968 tau=1.50 collapse_w=0.000 mid_frac=0.446 hard=score=15.0509617676 wNMSE=0.033900005 wMSE=2582.5144 wMRED=1.04045185 wER=0.159629 wMAE=17.4492 wBias=-16.6906 condBias=33.4101 dotDrift=-21.020sigma uMRED=0.0420449552 uER=0.230469 uMAE=20.8750 WCE=164 bias=-16.1250
[quad_warmup_bit:00600] loss=0.091141 tau=1.50 collapse_w=0.000 mid_frac=0.375 hard=score=9.7206682492 wNMSE=0.022779602 wMSE=1735.3582 wMRED=0.83601197 wER=0.150981 wMAE=14.2771 wBias=-13.4106 condBias=26.8450 dotDrift=-20.603sigma uMRED=0.0332323608 uER=0.210938 uMAE=15.8750 WCE=148 bias=-9.7500
[quad_warmup_bit:00800] loss=0.080540 tau=1.50 collapse_w=0.000 mid_frac=0.357 hard=score=10.3166375762 wNMSE=0.022259788 wMSE=1695.7586 wMRED=0.83258971 wER=0.146740 wMAE=13.8459 wBias=-13.8179 condBias=27.6602 dotDrift=-21.475sigma uMRED=0.0296012394 uER=0.171875 uMAE=12.6875 WCE=148 bias=-12.2500
[quad_warmup_bit:01000] loss=0.070407 tau=1.50 collapse_w=0.000 mid_frac=0.321 hard=score=10.3166375762 wNMSE=0.022259788 wMSE=1695.7586 wMRED=0.83258971 wER=0.146740 wMAE=13.8459 wBias=-13.8179 condBias=27.6602 dotDrift=-21.475sigma uMRED=0.0296012394 uER=0.171875 uMAE=12.6875 WCE=148 bias=-12.2500
[quad_warmup_bit:01200] loss=0.060155 tau=1.50 collapse_w=0.000 mid_frac=0.268 hard=score=7.4780333479 wNMSE=0.018376445 wMSE=1399.9241 wMRED=0.80545090 wER=0.138913 wMAE=11.7886 wBias=-11.7606 condBias=23.5411 dotDrift=-20.117sigma uMRED=0.0236206551 uER=0.152344 uMAE=8.6875 WCE=128 bias=-8.2500
[quad_warmup_bit:01225] loss=0.058935 tau=1.50 collapse_w=0.000 mid_frac=0.250 hard=score=0.0308319603 wNMSE=0.0009428734 wMSE=71.8284 wMRED=0.02708733 wER=0.093702 wMAE=1.4128 wBias=-0.6333 condBias=4.2367 dotDrift=-4.782sigma uMRED=0.0064774266 uER=0.140625 uMAE=5.1250 WCE=128 bias=-4.2500 *BEST*
[quad_warmup_bit:01400] loss=0.051483 tau=1.50 collapse_w=0.000 mid_frac=0.179 hard=score=0.0444470777 wNMSE=0.00095485161 wMSE=72.7409 wMRED=0.02436171 wER=0.085022 wMAE=1.3359 wBias=-0.8086 condBias=4.2635 dotDrift=-6.068sigma uMRED=0.0064163641 uER=0.132812 uMAE=5.1250 WCE=128 bias=-4.5000
[quad_warmup_bit:01575] loss=0.045726 tau=1.50 collapse_w=0.000 mid_frac=0.143 hard=score=0.0066555733 wNMSE=0.00016400496 wMSE=12.4940 wMRED=0.02079279 wER=0.082765 wMAE=0.8653 wBias=-0.3102 condBias=1.7662 dotDrift=-5.617sigma uMRED=0.0022409797 uER=0.117188 uMAE=1.4375 WCE=20 bias=-0.5000 *BEST*
[quad_warmup_bit:01600] loss=0.045018 tau=1.50 collapse_w=0.000 mid_frac=0.143 hard=score=0.0066555733 wNMSE=0.00016400496 wMSE=12.4940 wMRED=0.02079279 wER=0.082765 wMAE=0.8653 wBias=-0.3102 condBias=1.7662 dotDrift=-5.617sigma uMRED=0.0022409797 uER=0.117188 uMAE=1.4375 WCE=20 bias=-0.5000
[quad_warmup_bit:01675] loss=0.043041 tau=1.50 collapse_w=0.000 mid_frac=0.161 hard=score=0.0023438180 wNMSE=0.00010514428 wMSE=8.0099 wMRED=0.01763830 wER=0.082765 wMAE=0.7044 wBias=-0.1493 condBias=1.4141 dotDrift=-3.377sigma uMRED=0.0018521089 uER=0.117188 uMAE=1.1875 WCE=16 bias=-0.2500 *BEST*
[quad_warmup_bit:01800] loss=0.040229 tau=1.50 collapse_w=0.000 mid_frac=0.161 hard=score=0.0023438180 wNMSE=0.00010514428 wMSE=8.0099 wMRED=0.01763830 wER=0.082765 wMAE=0.7044 wBias=-0.1493 condBias=1.4141 dotDrift=-3.377sigma uMRED=0.0018521089 uER=0.117188 uMAE=1.1875 WCE=16 bias=-0.2500
[quad_warmup_bit:02000] loss=0.037019 tau=1.50 collapse_w=0.000 mid_frac=0.125 hard=score=0.0023438180 wNMSE=0.00010514428 wMSE=8.0099 wMRED=0.01763830 wER=0.082765 wMAE=0.7044 wBias=-0.1493 condBias=1.4141 dotDrift=-3.377sigma uMRED=0.0018521089 uER=0.117188 uMAE=1.1875 WCE=16 bias=-0.2500
[quad_warmup_bit:02200] loss=0.035012 tau=1.50 collapse_w=0.000 mid_frac=0.125 hard=score=0.0023438180 wNMSE=0.00010514428 wMSE=8.0099 wMRED=0.01763830 wER=0.082765 wMAE=0.7044 wBias=-0.1493 condBias=1.4141 dotDrift=-3.377sigma uMRED=0.0018521089 uER=0.117188 uMAE=1.1875 WCE=16 bias=-0.2500
[quad_warmup_bit:02400] loss=0.033598 tau=1.50 collapse_w=0.000 mid_frac=0.089 hard=score=0.0023438180 wNMSE=0.00010514428 wMSE=8.0099 wMRED=0.01763830 wER=0.082765 wMAE=0.7044 wBias=-0.1493 condBias=1.4141 dotDrift=-3.377sigma uMRED=0.0018521089 uER=0.117188 uMAE=1.1875 WCE=16 bias=-0.2500
[quad_warmup_bit:02600] loss=0.032670 tau=1.50 collapse_w=0.000 mid_frac=0.089 hard=score=0.0023438180 wNMSE=0.00010514428 wMSE=8.0099 wMRED=0.01763830 wER=0.082765 wMAE=0.7044 wBias=-0.1493 condBias=1.4141 dotDrift=-3.377sigma uMRED=0.0018521089 uER=0.117188 uMAE=1.1875 WCE=16 bias=-0.2500
[quad_warmup_bit:02800] loss=0.032053 tau=1.50 collapse_w=0.000 mid_frac=0.089 hard=score=0.0023438180 wNMSE=0.00010514428 wMSE=8.0099 wMRED=0.01763830 wER=0.082765 wMAE=0.7044 wBias=-0.1493 condBias=1.4141 dotDrift=-3.377sigma uMRED=0.0018521089 uER=0.117188 uMAE=1.1875 WCE=16 bias=-0.2500
[quad_warmup_bit:03000] loss=0.031601 tau=1.50 collapse_w=0.000 mid_frac=0.089 hard=score=0.0023438180 wNMSE=0.00010514428 wMSE=8.0099 wMRED=0.01763830 wER=0.082765 wMAE=0.7044 wBias=-0.1493 condBias=1.4141 dotDrift=-3.377sigma uMRED=0.0018521089 uER=0.117188 uMAE=1.1875 WCE=16 bias=-0.2500
[quad_warmup_bit:03200] loss=0.031254 tau=1.50 collapse_w=0.000 mid_frac=0.089 hard=score=0.0023438180 wNMSE=0.00010514428 wMSE=8.0099 wMRED=0.01763830 wER=0.082765 wMAE=0.7044 wBias=-0.1493 condBias=1.4141 dotDrift=-3.377sigma uMRED=0.0018521089 uER=0.117188 uMAE=1.1875 WCE=16 bias=-0.2500
[quad_warmup_bit:03400] loss=0.030983 tau=1.50 collapse_w=0.000 mid_frac=0.089 hard=score=0.0023438180 wNMSE=0.00010514428 wMSE=8.0099 wMRED=0.01763830 wER=0.082765 wMAE=0.7044 wBias=-0.1493 condBias=1.4141 dotDrift=-3.377sigma uMRED=0.0018521089 uER=0.117188 uMAE=1.1875 WCE=16 bias=-0.2500
[quad_warmup_bit:03600] loss=0.030767 tau=1.50 collapse_w=0.000 mid_frac=0.089 hard=score=0.0023438180 wNMSE=0.00010514428 wMSE=8.0099 wMRED=0.01763830 wER=0.082765 wMAE=0.7044 wBias=-0.1493 condBias=1.4141 dotDrift=-3.377sigma uMRED=0.0018521089 uER=0.117188 uMAE=1.1875 WCE=16 bias=-0.2500
[quad_warmup_bit:03800] loss=0.030591 tau=1.50 collapse_w=0.000 mid_frac=0.089 hard=score=0.0023438180 wNMSE=0.00010514428 wMSE=8.0099 wMRED=0.01763830 wER=0.082765 wMAE=0.7044 wBias=-0.1493 condBias=1.4141 dotDrift=-3.377sigma uMRED=0.0018521089 uER=0.117188 uMAE=1.1875 WCE=16 bias=-0.2500
[quad_warmup_bit:04000] loss=0.030446 tau=1.50 collapse_w=0.000 mid_frac=0.089 hard=score=0.0023438180 wNMSE=0.00010514428 wMSE=8.0099 wMRED=0.01763830 wER=0.082765 wMAE=0.7044 wBias=-0.1493 condBias=1.4141 dotDrift=-3.377sigma uMRED=0.0018521089 uER=0.117188 uMAE=1.1875 WCE=16 bias=-0.2500
[quad_warmup_bit:04200] loss=0.030326 tau=1.50 collapse_w=0.000 mid_frac=0.089 hard=score=0.0023438180 wNMSE=0.00010514428 wMSE=8.0099 wMRED=0.01763830 wER=0.082765 wMAE=0.7044 wBias=-0.1493 condBias=1.4141 dotDrift=-3.377sigma uMRED=0.0018521089 uER=0.117188 uMAE=1.1875 WCE=16 bias=-0.2500
[quad_warmup_bit:04400] loss=0.030227 tau=1.50 collapse_w=0.000 mid_frac=0.089 hard=score=0.0023438180 wNMSE=0.00010514428 wMSE=8.0099 wMRED=0.01763830 wER=0.082765 wMAE=0.7044 wBias=-0.1493 condBias=1.4141 dotDrift=-3.377sigma uMRED=0.0018521089 uER=0.117188 uMAE=1.1875 WCE=16 bias=-0.2500
[quad_warmup_bit:04600] loss=0.030142 tau=1.50 collapse_w=0.000 mid_frac=0.089 hard=score=0.0023438180 wNMSE=0.00010514428 wMSE=8.0099 wMRED=0.01763830 wER=0.082765 wMAE=0.7044 wBias=-0.1493 condBias=1.4141 dotDrift=-3.377sigma uMRED=0.0018521089 uER=0.117188 uMAE=1.1875 WCE=16 bias=-0.2500
[quad_warmup_bit:04800] loss=0.030069 tau=1.50 collapse_w=0.000 mid_frac=0.089 hard=score=0.0023438180 wNMSE=0.00010514428 wMSE=8.0099 wMRED=0.01763830 wER=0.082765 wMAE=0.7044 wBias=-0.1493 condBias=1.4141 dotDrift=-3.377sigma uMRED=0.0018521089 uER=0.117188 uMAE=1.1875 WCE=16 bias=-0.2500
[quad_warmup_bit:05000] loss=0.030006 tau=1.50 collapse_w=0.000 mid_frac=0.089 hard=score=0.0023438180 wNMSE=0.00010514428 wMSE=8.0099 wMRED=0.01763830 wER=0.082765 wMAE=0.7044 wBias=-0.1493 condBias=1.4141 dotDrift=-3.377sigma uMRED=0.0018521089 uER=0.117188 uMAE=1.1875 WCE=16 bias=-0.2500
[quad_warmup_bit:05200] loss=0.029951 tau=1.50 collapse_w=0.000 mid_frac=0.089 hard=score=0.0023438180 wNMSE=0.00010514428 wMSE=8.0099 wMRED=0.01763830 wER=0.082765 wMAE=0.7044 wBias=-0.1493 condBias=1.4141 dotDrift=-3.377sigma uMRED=0.0018521089 uER=0.117188 uMAE=1.1875 WCE=16 bias=-0.2500
[quad_warmup_bit:05400] loss=0.029904 tau=1.50 collapse_w=0.000 mid_frac=0.089 hard=score=0.0023438180 wNMSE=0.00010514428 wMSE=8.0099 wMRED=0.01763830 wER=0.082765 wMAE=0.7044 wBias=-0.1493 condBias=1.4141 dotDrift=-3.377sigma uMRED=0.0018521089 uER=0.117188 uMAE=1.1875 WCE=16 bias=-0.2500
[quad_warmup_bit:05600] loss=0.029862 tau=1.50 collapse_w=0.000 mid_frac=0.089 hard=score=0.0023438180 wNMSE=0.00010514428 wMSE=8.0099 wMRED=0.01763830 wER=0.082765 wMAE=0.7044 wBias=-0.1493 condBias=1.4141 dotDrift=-3.377sigma uMRED=0.0018521089 uER=0.117188 uMAE=1.1875 WCE=16 bias=-0.2500
[quad_warmup_bit:05800] loss=0.029826 tau=1.50 collapse_w=0.000 mid_frac=0.089 hard=score=0.0023438180 wNMSE=0.00010514428 wMSE=8.0099 wMRED=0.01763830 wER=0.082765 wMAE=0.7044 wBias=-0.1493 condBias=1.4141 dotDrift=-3.377sigma uMRED=0.0018521089 uER=0.117188 uMAE=1.1875 WCE=16 bias=-0.2500
[quad_warmup_bit:05999] loss=0.029794 tau=1.50 collapse_w=0.000 mid_frac=0.089 hard=score=0.0023438180 wNMSE=0.00010514428 wMSE=8.0099 wMRED=0.01763830 wER=0.082765 wMAE=0.7044 wBias=-0.1493 condBias=1.4141 dotDrift=-3.377sigma uMRED=0.0018521089 uER=0.117188 uMAE=1.1875 WCE=16 bias=-0.2500
[quad_soft:00000] loss=0.036872 tau=1.50 collapse_w=0.000 mid_frac=0.089 hard=score=0.0023438180 wNMSE=0.00010514428 wMSE=8.0099 wMRED=0.01763830 wER=0.082765 wMAE=0.7044 wBias=-0.1493 condBias=1.4141 dotDrift=-3.377sigma uMRED=0.0018521089 uER=0.117188 uMAE=1.1875 WCE=16 bias=-0.2500
[quad_soft:00200] loss=0.034472 tau=1.59 collapse_w=0.000 mid_frac=0.071 hard=score=0.0023438180 wNMSE=0.00010514428 wMSE=8.0099 wMRED=0.01763830 wER=0.082765 wMAE=0.7044 wBias=-0.1493 condBias=1.4141 dotDrift=-3.377sigma uMRED=0.0018521089 uER=0.117188 uMAE=1.1875 WCE=16 bias=-0.2500
[quad_soft:00400] loss=0.033392 tau=1.68 collapse_w=0.000 mid_frac=0.071 hard=score=0.0023438180 wNMSE=0.00010514428 wMSE=8.0099 wMRED=0.01763830 wER=0.082765 wMAE=0.7044 wBias=-0.1493 condBias=1.4141 dotDrift=-3.377sigma uMRED=0.0018521089 uER=0.117188 uMAE=1.1875 WCE=16 bias=-0.2500
[quad_soft:00600] loss=0.032694 tau=1.77 collapse_w=0.000 mid_frac=0.071 hard=score=0.0023438180 wNMSE=0.00010514428 wMSE=8.0099 wMRED=0.01763830 wER=0.082765 wMAE=0.7044 wBias=-0.1493 condBias=1.4141 dotDrift=-3.377sigma uMRED=0.0018521089 uER=0.117188 uMAE=1.1875 WCE=16 bias=-0.2500
[quad_soft:00800] loss=0.032041 tau=1.86 collapse_w=0.000 mid_frac=0.071 hard=score=0.0023438180 wNMSE=0.00010514428 wMSE=8.0099 wMRED=0.01763830 wER=0.082765 wMAE=0.7044 wBias=-0.1493 condBias=1.4141 dotDrift=-3.377sigma uMRED=0.0018521089 uER=0.117188 uMAE=1.1875 WCE=16 bias=-0.2500
[quad_soft:01000] loss=0.031404 tau=1.95 collapse_w=0.000 mid_frac=0.071 hard=score=0.0023438180 wNMSE=0.00010514428 wMSE=8.0099 wMRED=0.01763830 wER=0.082765 wMAE=0.7044 wBias=-0.1493 condBias=1.4141 dotDrift=-3.377sigma uMRED=0.0018521089 uER=0.117188 uMAE=1.1875 WCE=16 bias=-0.2500
[quad_soft:01200] loss=0.030774 tau=2.04 collapse_w=0.000 mid_frac=0.071 hard=score=0.0023438180 wNMSE=0.00010514428 wMSE=8.0099 wMRED=0.01763830 wER=0.082765 wMAE=0.7044 wBias=-0.1493 condBias=1.4141 dotDrift=-3.377sigma uMRED=0.0018521089 uER=0.117188 uMAE=1.1875 WCE=16 bias=-0.2500
[quad_soft:01400] loss=0.030148 tau=2.13 collapse_w=0.000 mid_frac=0.071 hard=score=0.0023438180 wNMSE=0.00010514428 wMSE=8.0099 wMRED=0.01763830 wER=0.082765 wMAE=0.7044 wBias=-0.1493 condBias=1.4141 dotDrift=-3.377sigma uMRED=0.0018521089 uER=0.117188 uMAE=1.1875 WCE=16 bias=-0.2500
[quad_soft:01600] loss=0.029524 tau=2.22 collapse_w=0.000 mid_frac=0.071 hard=score=0.0023438180 wNMSE=0.00010514428 wMSE=8.0099 wMRED=0.01763830 wER=0.082765 wMAE=0.7044 wBias=-0.1493 condBias=1.4141 dotDrift=-3.377sigma uMRED=0.0018521089 uER=0.117188 uMAE=1.1875 WCE=16 bias=-0.2500
[quad_soft:01800] loss=0.028901 tau=2.31 collapse_w=0.000 mid_frac=0.071 hard=score=0.0023438180 wNMSE=0.00010514428 wMSE=8.0099 wMRED=0.01763830 wER=0.082765 wMAE=0.7044 wBias=-0.1493 condBias=1.4141 dotDrift=-3.377sigma uMRED=0.0018521089 uER=0.117188 uMAE=1.1875 WCE=16 bias=-0.2500
[quad_soft:02000] loss=0.028278 tau=2.40 collapse_w=0.000 mid_frac=0.071 hard=score=0.0023438180 wNMSE=0.00010514428 wMSE=8.0099 wMRED=0.01763830 wER=0.082765 wMAE=0.7044 wBias=-0.1493 condBias=1.4141 dotDrift=-3.377sigma uMRED=0.0018521089 uER=0.117188 uMAE=1.1875 WCE=16 bias=-0.2500
[quad_soft:02200] loss=0.027656 tau=2.49 collapse_w=0.000 mid_frac=0.071 hard=score=0.0023438180 wNMSE=0.00010514428 wMSE=8.0099 wMRED=0.01763830 wER=0.082765 wMAE=0.7044 wBias=-0.1493 condBias=1.4141 dotDrift=-3.377sigma uMRED=0.0018521089 uER=0.117188 uMAE=1.1875 WCE=16 bias=-0.2500
[quad_soft:02400] loss=0.027034 tau=2.58 collapse_w=0.000 mid_frac=0.071 hard=score=0.0023438180 wNMSE=0.00010514428 wMSE=8.0099 wMRED=0.01763830 wER=0.082765 wMAE=0.7044 wBias=-0.1493 condBias=1.4141 dotDrift=-3.377sigma uMRED=0.0018521089 uER=0.117188 uMAE=1.1875 WCE=16 bias=-0.2500
[quad_soft:02600] loss=0.026412 tau=2.67 collapse_w=0.000 mid_frac=0.089 hard=score=0.0023438180 wNMSE=0.00010514428 wMSE=8.0099 wMRED=0.01763830 wER=0.082765 wMAE=0.7044 wBias=-0.1493 condBias=1.4141 dotDrift=-3.377sigma uMRED=0.0018521089 uER=0.117188 uMAE=1.1875 WCE=16 bias=-0.2500
[quad_soft:02800] loss=0.025790 tau=2.76 collapse_w=0.000 mid_frac=0.089 hard=score=0.0023438180 wNMSE=0.00010514428 wMSE=8.0099 wMRED=0.01763830 wER=0.082765 wMAE=0.7044 wBias=-0.1493 condBias=1.4141 dotDrift=-3.377sigma uMRED=0.0018521089 uER=0.117188 uMAE=1.1875 WCE=16 bias=-0.2500
[quad_soft:03000] loss=0.025168 tau=2.85 collapse_w=0.000 mid_frac=0.089 hard=score=0.0023438180 wNMSE=0.00010514428 wMSE=8.0099 wMRED=0.01763830 wER=0.082765 wMAE=0.7044 wBias=-0.1493 condBias=1.4141 dotDrift=-3.377sigma uMRED=0.0018521089 uER=0.117188 uMAE=1.1875 WCE=16 bias=-0.2500
[quad_soft:03200] loss=0.024546 tau=2.94 collapse_w=0.000 mid_frac=0.089 hard=score=0.0023438180 wNMSE=0.00010514428 wMSE=8.0099 wMRED=0.01763830 wER=0.082765 wMAE=0.7044 wBias=-0.1493 condBias=1.4141 dotDrift=-3.377sigma uMRED=0.0018521089 uER=0.117188 uMAE=1.1875 WCE=16 bias=-0.2500
[quad_soft:03400] loss=0.023924 tau=3.03 collapse_w=0.000 mid_frac=0.089 hard=score=0.0023438180 wNMSE=0.00010514428 wMSE=8.0099 wMRED=0.01763830 wER=0.082765 wMAE=0.7044 wBias=-0.1493 condBias=1.4141 dotDrift=-3.377sigma uMRED=0.0018521089 uER=0.117188 uMAE=1.1875 WCE=16 bias=-0.2500
[quad_soft:03600] loss=0.023301 tau=3.12 collapse_w=0.000 mid_frac=0.089 hard=score=0.0023438180 wNMSE=0.00010514428 wMSE=8.0099 wMRED=0.01763830 wER=0.082765 wMAE=0.7044 wBias=-0.1493 condBias=1.4141 dotDrift=-3.377sigma uMRED=0.0018521089 uER=0.117188 uMAE=1.1875 WCE=16 bias=-0.2500
[quad_soft:03800] loss=0.022679 tau=3.21 collapse_w=0.000 mid_frac=0.089 hard=score=0.0023438180 wNMSE=0.00010514428 wMSE=8.0099 wMRED=0.01763830 wER=0.082765 wMAE=0.7044 wBias=-0.1493 condBias=1.4141 dotDrift=-3.377sigma uMRED=0.0018521089 uER=0.117188 uMAE=1.1875 WCE=16 bias=-0.2500
[quad_soft:04000] loss=0.022057 tau=3.30 collapse_w=0.000 mid_frac=0.089 hard=score=0.0023438180 wNMSE=0.00010514428 wMSE=8.0099 wMRED=0.01763830 wER=0.082765 wMAE=0.7044 wBias=-0.1493 condBias=1.4141 dotDrift=-3.377sigma uMRED=0.0018521089 uER=0.117188 uMAE=1.1875 WCE=16 bias=-0.2500
[quad_soft:04200] loss=0.021428 tau=3.39 collapse_w=0.000 mid_frac=0.089 hard=score=0.0023438180 wNMSE=0.00010514428 wMSE=8.0099 wMRED=0.01763830 wER=0.082765 wMAE=0.7044 wBias=-0.1493 condBias=1.4141 dotDrift=-3.377sigma uMRED=0.0018521089 uER=0.117188 uMAE=1.1875 WCE=16 bias=-0.2500
[quad_soft:04400] loss=0.020800 tau=3.48 collapse_w=0.000 mid_frac=0.089 hard=score=0.0023438180 wNMSE=0.00010514428 wMSE=8.0099 wMRED=0.01763830 wER=0.082765 wMAE=0.7044 wBias=-0.1493 condBias=1.4141 dotDrift=-3.377sigma uMRED=0.0018521089 uER=0.117188 uMAE=1.1875 WCE=16 bias=-0.2500
[quad_soft:04600] loss=0.020172 tau=3.57 collapse_w=0.000 mid_frac=0.089 hard=score=0.0023438180 wNMSE=0.00010514428 wMSE=8.0099 wMRED=0.01763830 wER=0.082765 wMAE=0.7044 wBias=-0.1493 condBias=1.4141 dotDrift=-3.377sigma uMRED=0.0018521089 uER=0.117188 uMAE=1.1875 WCE=16 bias=-0.2500
[quad_soft:04800] loss=0.019542 tau=3.66 collapse_w=0.000 mid_frac=0.089 hard=score=0.0023438180 wNMSE=0.00010514428 wMSE=8.0099 wMRED=0.01763830 wER=0.082765 wMAE=0.7044 wBias=-0.1493 condBias=1.4141 dotDrift=-3.377sigma uMRED=0.0018521089 uER=0.117188 uMAE=1.1875 WCE=16 bias=-0.2500
[quad_soft:05000] loss=0.018914 tau=3.75 collapse_w=0.000 mid_frac=0.089 hard=score=0.0023438180 wNMSE=0.00010514428 wMSE=8.0099 wMRED=0.01763830 wER=0.082765 wMAE=0.7044 wBias=-0.1493 condBias=1.4141 dotDrift=-3.377sigma uMRED=0.0018521089 uER=0.117188 uMAE=1.1875 WCE=16 bias=-0.2500
[quad_soft:05200] loss=0.018285 tau=3.84 collapse_w=0.000 mid_frac=0.089 hard=score=0.0023438180 wNMSE=0.00010514428 wMSE=8.0099 wMRED=0.01763830 wER=0.082765 wMAE=0.7044 wBias=-0.1493 condBias=1.4141 dotDrift=-3.377sigma uMRED=0.0018521089 uER=0.117188 uMAE=1.1875 WCE=16 bias=-0.2500
[quad_soft:05400] loss=0.017655 tau=3.93 collapse_w=0.000 mid_frac=0.089 hard=score=0.0023438180 wNMSE=0.00010514428 wMSE=8.0099 wMRED=0.01763830 wER=0.082765 wMAE=0.7044 wBias=-0.1493 condBias=1.4141 dotDrift=-3.377sigma uMRED=0.0018521089 uER=0.117188 uMAE=1.1875 WCE=16 bias=-0.2500
[quad_soft:05600] loss=0.017026 tau=4.02 collapse_w=0.000 mid_frac=0.089 hard=score=0.0023438180 wNMSE=0.00010514428 wMSE=8.0099 wMRED=0.01763830 wER=0.082765 wMAE=0.7044 wBias=-0.1493 condBias=1.4141 dotDrift=-3.377sigma uMRED=0.0018521089 uER=0.117188 uMAE=1.1875 WCE=16 bias=-0.2500
[quad_soft:05800] loss=0.016397 tau=4.11 collapse_w=0.000 mid_frac=0.107 hard=score=0.0023438180 wNMSE=0.00010514428 wMSE=8.0099 wMRED=0.01763830 wER=0.082765 wMAE=0.7044 wBias=-0.1493 condBias=1.4141 dotDrift=-3.377sigma uMRED=0.0018521089 uER=0.117188 uMAE=1.1875 WCE=16 bias=-0.2500
[quad_soft:06000] loss=0.015771 tau=4.20 collapse_w=0.000 mid_frac=0.107 hard=score=0.0023438180 wNMSE=0.00010514428 wMSE=8.0099 wMRED=0.01763830 wER=0.082765 wMAE=0.7044 wBias=-0.1493 condBias=1.4141 dotDrift=-3.377sigma uMRED=0.0018521089 uER=0.117188 uMAE=1.1875 WCE=16 bias=-0.2500
[quad_soft:06200] loss=0.015855 tau=4.29 collapse_w=0.025 mid_frac=0.125 hard=score=0.0023438180 wNMSE=0.00010514428 wMSE=8.0099 wMRED=0.01763830 wER=0.082765 wMAE=0.7044 wBias=-0.1493 condBias=1.4141 dotDrift=-3.377sigma uMRED=0.0018521089 uER=0.117188 uMAE=1.1875 WCE=16 bias=-0.2500
[quad_soft:06300] loss=0.015815 tau=4.34 collapse_w=0.038 mid_frac=0.107 hard=score=0.0013734682 wNMSE=8.8383708e-05 wMSE=6.7331 wMRED=0.01606106 wER=0.082765 wMAE=0.6240 wBias=-0.0689 condBias=1.2965 dotDrift=-1.700sigma uMRED=0.0016576735 uER=0.117188 uMAE=1.0625 WCE=16 bias=-0.1250 *BEST*
[quad_soft:06400] loss=0.015766 tau=4.38 collapse_w=0.050 mid_frac=0.107 hard=score=0.0013734682 wNMSE=8.8383708e-05 wMSE=6.7331 wMRED=0.01606106 wER=0.082765 wMAE=0.6240 wBias=-0.0689 condBias=1.2965 dotDrift=-1.700sigma uMRED=0.0016576735 uER=0.117188 uMAE=1.0625 WCE=16 bias=-0.1250
[quad_soft:06600] loss=0.015637 tau=4.47 collapse_w=0.075 mid_frac=0.107 hard=score=0.0013734682 wNMSE=8.8383708e-05 wMSE=6.7331 wMRED=0.01606106 wER=0.082765 wMAE=0.6240 wBias=-0.0689 condBias=1.2965 dotDrift=-1.700sigma uMRED=0.0016576735 uER=0.117188 uMAE=1.0625 WCE=16 bias=-0.1250
[quad_soft:06800] loss=0.015467 tau=4.56 collapse_w=0.100 mid_frac=0.089 hard=score=0.0013734682 wNMSE=8.8383708e-05 wMSE=6.7331 wMRED=0.01606106 wER=0.082765 wMAE=0.6240 wBias=-0.0689 condBias=1.2965 dotDrift=-1.700sigma uMRED=0.0016576735 uER=0.117188 uMAE=1.0625 WCE=16 bias=-0.1250
[quad_soft:07000] loss=0.015263 tau=4.65 collapse_w=0.125 mid_frac=0.054 hard=score=0.0013734682 wNMSE=8.8383708e-05 wMSE=6.7331 wMRED=0.01606106 wER=0.082765 wMAE=0.6240 wBias=-0.0689 condBias=1.2965 dotDrift=-1.700sigma uMRED=0.0016576735 uER=0.117188 uMAE=1.0625 WCE=16 bias=-0.1250
[quad_soft:07200] loss=0.015030 tau=4.74 collapse_w=0.150 mid_frac=0.036 hard=score=0.0013734682 wNMSE=8.8383708e-05 wMSE=6.7331 wMRED=0.01606106 wER=0.082765 wMAE=0.6240 wBias=-0.0689 condBias=1.2965 dotDrift=-1.700sigma uMRED=0.0016576735 uER=0.117188 uMAE=1.0625 WCE=16 bias=-0.1250
[quad_soft:07400] loss=0.014768 tau=4.83 collapse_w=0.175 mid_frac=0.036 hard=score=0.0013734682 wNMSE=8.8383708e-05 wMSE=6.7331 wMRED=0.01606106 wER=0.082765 wMAE=0.6240 wBias=-0.0689 condBias=1.2965 dotDrift=-1.700sigma uMRED=0.0016576735 uER=0.117188 uMAE=1.0625 WCE=16 bias=-0.1250
[quad_soft:07600] loss=0.014444 tau=4.92 collapse_w=0.200 mid_frac=0.036 hard=score=0.0013734682 wNMSE=8.8383708e-05 wMSE=6.7331 wMRED=0.01606106 wER=0.082765 wMAE=0.6240 wBias=-0.0689 condBias=1.2965 dotDrift=-1.700sigma uMRED=0.0016576735 uER=0.117188 uMAE=1.0625 WCE=16 bias=-0.1250
[quad_soft:07800] loss=0.014124 tau=5.01 collapse_w=0.225 mid_frac=0.036 hard=score=0.0013734682 wNMSE=8.8383708e-05 wMSE=6.7331 wMRED=0.01606106 wER=0.082765 wMAE=0.6240 wBias=-0.0689 condBias=1.2965 dotDrift=-1.700sigma uMRED=0.0016576735 uER=0.117188 uMAE=1.0625 WCE=16 bias=-0.1250
[quad_soft:08000] loss=0.013786 tau=5.10 collapse_w=0.250 mid_frac=0.036 hard=score=0.0013734682 wNMSE=8.8383708e-05 wMSE=6.7331 wMRED=0.01606106 wER=0.082765 wMAE=0.6240 wBias=-0.0689 condBias=1.2965 dotDrift=-1.700sigma uMRED=0.0016576735 uER=0.117188 uMAE=1.0625 WCE=16 bias=-0.1250
[quad_soft:08200] loss=0.013425 tau=5.19 collapse_w=0.275 mid_frac=0.036 hard=score=0.0013734682 wNMSE=8.8383708e-05 wMSE=6.7331 wMRED=0.01606106 wER=0.082765 wMAE=0.6240 wBias=-0.0689 condBias=1.2965 dotDrift=-1.700sigma uMRED=0.0016576735 uER=0.117188 uMAE=1.0625 WCE=16 bias=-0.1250
[quad_soft:08400] loss=0.013044 tau=5.28 collapse_w=0.300 mid_frac=0.036 hard=score=0.0013734682 wNMSE=8.8383708e-05 wMSE=6.7331 wMRED=0.01606106 wER=0.082765 wMAE=0.6240 wBias=-0.0689 condBias=1.2965 dotDrift=-1.700sigma uMRED=0.0016576735 uER=0.117188 uMAE=1.0625 WCE=16 bias=-0.1250
[quad_soft:08600] loss=0.012639 tau=5.37 collapse_w=0.325 mid_frac=0.036 hard=score=0.0013734682 wNMSE=8.8383708e-05 wMSE=6.7331 wMRED=0.01606106 wER=0.082765 wMAE=0.6240 wBias=-0.0689 condBias=1.2965 dotDrift=-1.700sigma uMRED=0.0016576735 uER=0.117188 uMAE=1.0625 WCE=16 bias=-0.1250
[quad_soft:08800] loss=0.012208 tau=5.46 collapse_w=0.350 mid_frac=0.036 hard=score=0.0013734682 wNMSE=8.8383708e-05 wMSE=6.7331 wMRED=0.01606106 wER=0.082765 wMAE=0.6240 wBias=-0.0689 condBias=1.2965 dotDrift=-1.700sigma uMRED=0.0016576735 uER=0.117188 uMAE=1.0625 WCE=16 bias=-0.1250
[quad_soft:09000] loss=0.011748 tau=5.55 collapse_w=0.375 mid_frac=0.036 hard=score=0.0013734682 wNMSE=8.8383708e-05 wMSE=6.7331 wMRED=0.01606106 wER=0.082765 wMAE=0.6240 wBias=-0.0689 condBias=1.2965 dotDrift=-1.700sigma uMRED=0.0016576735 uER=0.117188 uMAE=1.0625 WCE=16 bias=-0.1250
[quad_soft:09200] loss=0.011255 tau=5.64 collapse_w=0.400 mid_frac=0.036 hard=score=0.0013734682 wNMSE=8.8383708e-05 wMSE=6.7331 wMRED=0.01606106 wER=0.082765 wMAE=0.6240 wBias=-0.0689 condBias=1.2965 dotDrift=-1.700sigma uMRED=0.0016576735 uER=0.117188 uMAE=1.0625 WCE=16 bias=-0.1250
[quad_soft:09400] loss=0.010713 tau=5.73 collapse_w=0.425 mid_frac=0.036 hard=score=0.0013734682 wNMSE=8.8383708e-05 wMSE=6.7331 wMRED=0.01606106 wER=0.082765 wMAE=0.6240 wBias=-0.0689 condBias=1.2965 dotDrift=-1.700sigma uMRED=0.0016576735 uER=0.117188 uMAE=1.0625 WCE=16 bias=-0.1250
[quad_soft:09600] loss=0.010100 tau=5.82 collapse_w=0.450 mid_frac=0.036 hard=score=0.0013734682 wNMSE=8.8383708e-05 wMSE=6.7331 wMRED=0.01606106 wER=0.082765 wMAE=0.6240 wBias=-0.0689 condBias=1.2965 dotDrift=-1.700sigma uMRED=0.0016576735 uER=0.117188 uMAE=1.0625 WCE=16 bias=-0.1250
[quad_soft:09800] loss=0.009384 tau=5.91 collapse_w=0.475 mid_frac=0.036 hard=score=0.0013734682 wNMSE=8.8383708e-05 wMSE=6.7331 wMRED=0.01606106 wER=0.082765 wMAE=0.6240 wBias=-0.0689 condBias=1.2965 dotDrift=-1.700sigma uMRED=0.0016576735 uER=0.117188 uMAE=1.0625 WCE=16 bias=-0.1250
[quad_soft:09999] loss=0.008481 tau=6.00 collapse_w=0.500 mid_frac=0.036 hard=score=0.0013734682 wNMSE=8.8383708e-05 wMSE=6.7331 wMRED=0.01606106 wER=0.082765 wMAE=0.6240 wBias=-0.0689 condBias=1.2965 dotDrift=-1.700sigma uMRED=0.0016576735 uER=0.117188 uMAE=1.0625 WCE=16 bias=-0.1250
[quad_hard_ste:00000] loss=0.006144 tau=6.00 collapse_w=0.500 mid_frac=0.036 hard=score=0.0013734682 wNMSE=8.8383708e-05 wMSE=6.7331 wMRED=0.01606106 wER=0.082765 wMAE=0.6240 wBias=-0.0689 condBias=1.2965 dotDrift=-1.700sigma uMRED=0.0016576735 uER=0.117188 uMAE=1.0625 WCE=16 bias=-0.1250
[quad_hard_ste:00200] loss=0.005453 tau=6.00 collapse_w=0.500 mid_frac=0.036 hard=score=0.0013734682 wNMSE=8.8383708e-05 wMSE=6.7331 wMRED=0.01606106 wER=0.082765 wMAE=0.6240 wBias=-0.0689 condBias=1.2965 dotDrift=-1.700sigma uMRED=0.0016576735 uER=0.117188 uMAE=1.0625 WCE=16 bias=-0.1250
[quad_hard_ste:00400] loss=0.005004 tau=6.00 collapse_w=0.500 mid_frac=0.036 hard=score=0.0013734682 wNMSE=8.8383708e-05 wMSE=6.7331 wMRED=0.01606106 wER=0.082765 wMAE=0.6240 wBias=-0.0689 condBias=1.2965 dotDrift=-1.700sigma uMRED=0.0016576735 uER=0.117188 uMAE=1.0625 WCE=16 bias=-0.1250
[quad_hard_ste:00600] loss=0.004709 tau=6.00 collapse_w=0.500 mid_frac=0.036 hard=score=0.0013734682 wNMSE=8.8383708e-05 wMSE=6.7331 wMRED=0.01606106 wER=0.082765 wMAE=0.6240 wBias=-0.0689 condBias=1.2965 dotDrift=-1.700sigma uMRED=0.0016576735 uER=0.117188 uMAE=1.0625 WCE=16 bias=-0.1250
[quad_hard_ste:00800] loss=0.004518 tau=6.00 collapse_w=0.500 mid_frac=0.036 hard=score=0.0013734682 wNMSE=8.8383708e-05 wMSE=6.7331 wMRED=0.01606106 wER=0.082765 wMAE=0.6240 wBias=-0.0689 condBias=1.2965 dotDrift=-1.700sigma uMRED=0.0016576735 uER=0.117188 uMAE=1.0625 WCE=16 bias=-0.1250
[quad_hard_ste:01000] loss=0.004392 tau=6.00 collapse_w=0.500 mid_frac=0.036 hard=score=0.0013734682 wNMSE=8.8383708e-05 wMSE=6.7331 wMRED=0.01606106 wER=0.082765 wMAE=0.6240 wBias=-0.0689 condBias=1.2965 dotDrift=-1.700sigma uMRED=0.0016576735 uER=0.117188 uMAE=1.0625 WCE=16 bias=-0.1250
[quad_hard_ste:01200] loss=0.004306 tau=6.00 collapse_w=0.500 mid_frac=0.036 hard=score=0.0013734682 wNMSE=8.8383708e-05 wMSE=6.7331 wMRED=0.01606106 wER=0.082765 wMAE=0.6240 wBias=-0.0689 condBias=1.2965 dotDrift=-1.700sigma uMRED=0.0016576735 uER=0.117188 uMAE=1.0625 WCE=16 bias=-0.1250
[quad_hard_ste:01400] loss=0.004246 tau=6.00 collapse_w=0.500 mid_frac=0.036 hard=score=0.0013734682 wNMSE=8.8383708e-05 wMSE=6.7331 wMRED=0.01606106 wER=0.082765 wMAE=0.6240 wBias=-0.0689 condBias=1.2965 dotDrift=-1.700sigma uMRED=0.0016576735 uER=0.117188 uMAE=1.0625 WCE=16 bias=-0.1250
[quad_hard_ste:01600] loss=0.004201 tau=6.00 collapse_w=0.500 mid_frac=0.036 hard=score=0.0013734682 wNMSE=8.8383708e-05 wMSE=6.7331 wMRED=0.01606106 wER=0.082765 wMAE=0.6240 wBias=-0.0689 condBias=1.2965 dotDrift=-1.700sigma uMRED=0.0016576735 uER=0.117188 uMAE=1.0625 WCE=16 bias=-0.1250
[quad_hard_ste:01800] loss=0.004167 tau=6.00 collapse_w=0.500 mid_frac=0.036 hard=score=0.0013734682 wNMSE=8.8383708e-05 wMSE=6.7331 wMRED=0.01606106 wER=0.082765 wMAE=0.6240 wBias=-0.0689 condBias=1.2965 dotDrift=-1.700sigma uMRED=0.0016576735 uER=0.117188 uMAE=1.0625 WCE=16 bias=-0.1250
[quad_hard_ste:02000] loss=0.004142 tau=6.00 collapse_w=0.500 mid_frac=0.036 hard=score=0.0013734682 wNMSE=8.8383708e-05 wMSE=6.7331 wMRED=0.01606106 wER=0.082765 wMAE=0.6240 wBias=-0.0689 condBias=1.2965 dotDrift=-1.700sigma uMRED=0.0016576735 uER=0.117188 uMAE=1.0625 WCE=16 bias=-0.1250
[quad_hard_ste:02200] loss=0.004121 tau=6.00 collapse_w=0.500 mid_frac=0.036 hard=score=0.0013734682 wNMSE=8.8383708e-05 wMSE=6.7331 wMRED=0.01606106 wER=0.082765 wMAE=0.6240 wBias=-0.0689 condBias=1.2965 dotDrift=-1.700sigma uMRED=0.0016576735 uER=0.117188 uMAE=1.0625 WCE=16 bias=-0.1250
[quad_hard_ste:02400] loss=0.004105 tau=6.00 collapse_w=0.500 mid_frac=0.036 hard=score=0.0013734682 wNMSE=8.8383708e-05 wMSE=6.7331 wMRED=0.01606106 wER=0.082765 wMAE=0.6240 wBias=-0.0689 condBias=1.2965 dotDrift=-1.700sigma uMRED=0.0016576735 uER=0.117188 uMAE=1.0625 WCE=16 bias=-0.1250
[quad_hard_ste:02600] loss=0.004092 tau=6.00 collapse_w=0.500 mid_frac=0.036 hard=score=0.0013734682 wNMSE=8.8383708e-05 wMSE=6.7331 wMRED=0.01606106 wER=0.082765 wMAE=0.6240 wBias=-0.0689 condBias=1.2965 dotDrift=-1.700sigma uMRED=0.0016576735 uER=0.117188 uMAE=1.0625 WCE=16 bias=-0.1250
[quad_hard_ste:02800] loss=0.004081 tau=6.00 collapse_w=0.500 mid_frac=0.036 hard=score=0.0013734682 wNMSE=8.8383708e-05 wMSE=6.7331 wMRED=0.01606106 wER=0.082765 wMAE=0.6240 wBias=-0.0689 condBias=1.2965 dotDrift=-1.700sigma uMRED=0.0016576735 uER=0.117188 uMAE=1.0625 WCE=16 bias=-0.1250
[quad_hard_ste:03000] loss=0.004072 tau=6.00 collapse_w=0.500 mid_frac=0.036 hard=score=0.0013734682 wNMSE=8.8383708e-05 wMSE=6.7331 wMRED=0.01606106 wER=0.082765 wMAE=0.6240 wBias=-0.0689 condBias=1.2965 dotDrift=-1.700sigma uMRED=0.0016576735 uER=0.117188 uMAE=1.0625 WCE=16 bias=-0.1250
[quad_hard_ste:03200] loss=0.004065 tau=6.00 collapse_w=0.500 mid_frac=0.036 hard=score=0.0013734682 wNMSE=8.8383708e-05 wMSE=6.7331 wMRED=0.01606106 wER=0.082765 wMAE=0.6240 wBias=-0.0689 condBias=1.2965 dotDrift=-1.700sigma uMRED=0.0016576735 uER=0.117188 uMAE=1.0625 WCE=16 bias=-0.1250
[quad_hard_ste:03400] loss=0.004058 tau=6.00 collapse_w=0.500 mid_frac=0.036 hard=score=0.0013734682 wNMSE=8.8383708e-05 wMSE=6.7331 wMRED=0.01606106 wER=0.082765 wMAE=0.6240 wBias=-0.0689 condBias=1.2965 dotDrift=-1.700sigma uMRED=0.0016576735 uER=0.117188 uMAE=1.0625 WCE=16 bias=-0.1250
[quad_hard_ste:03600] loss=0.004053 tau=6.00 collapse_w=0.500 mid_frac=0.036 hard=score=0.0013734682 wNMSE=8.8383708e-05 wMSE=6.7331 wMRED=0.01606106 wER=0.082765 wMAE=0.6240 wBias=-0.0689 condBias=1.2965 dotDrift=-1.700sigma uMRED=0.0016576735 uER=0.117188 uMAE=1.0625 WCE=16 bias=-0.1250
[quad_hard_ste:03800] loss=0.004048 tau=6.00 collapse_w=0.500 mid_frac=0.036 hard=score=0.0013734682 wNMSE=8.8383708e-05 wMSE=6.7331 wMRED=0.01606106 wER=0.082765 wMAE=0.6240 wBias=-0.0689 condBias=1.2965 dotDrift=-1.700sigma uMRED=0.0016576735 uER=0.117188 uMAE=1.0625 WCE=16 bias=-0.1250
[quad_hard_ste:03999] loss=0.004044 tau=6.00 collapse_w=0.500 mid_frac=0.036 hard=score=0.0013734682 wNMSE=8.8383708e-05 wMSE=6.7331 wMRED=0.01606106 wER=0.082765 wMAE=0.6240 wBias=-0.0689 condBias=1.2965 dotDrift=-1.700sigma uMRED=0.0016576735 uER=0.117188 uMAE=1.0625 WCE=16 bias=-0.1250
[pop00_soft:00000] loss=0.386892 tau=1.50 collapse_w=0.000 mid_frac=0.375 hard=score=15.3563474754 wNMSE=0.016563031 wMSE=1261.7776 wMRED=0.92198252 wER=0.249598 wMAE=17.2967 wBias=16.8763 condBias=33.7798 dotDrift=+30.406sigma uMRED=0.0329285605 uER=0.250000 uMAE=15.2188 WCE=102 bias=7.4375
[pop00_soft:00200] loss=0.193375 tau=2.25 collapse_w=0.000 mid_frac=0.375 hard=score=0.2263114313 wNMSE=0.0012637827 wMSE=96.2754 wMRED=0.14435622 wER=0.189876 wMAE=3.1790 wBias=-2.0095 condBias=4.9026 dotDrift=-13.107sigma uMRED=0.0135832944 uER=0.230469 uMAE=10.0938 WCE=116 bias=-3.1250
[pop00_soft:00400] loss=0.087387 tau=3.00 collapse_w=0.000 mid_frac=0.304 hard=score=1.3619414230 wNMSE=0.0063299759 wMSE=482.2198 wMRED=0.44772261 wER=0.192748 wMAE=7.8382 wBias=5.0000 condBias=10.9716 dotDrift=+14.572sigma uMRED=0.0211958823 uER=0.234375 uMAE=12.0000 WCE=116 bias=-0.6250
[pop00_soft:00600] loss=0.039482 tau=3.75 collapse_w=0.000 mid_frac=0.304 hard=score=1.1141743136 wNMSE=0.0057780503 wMSE=440.1739 wMRED=0.43810418 wER=0.169477 wMAE=7.3884 wBias=4.5224 condBias=10.4824 dotDrift=+13.795sigma uMRED=0.0185685137 uER=0.218750 uMAE=9.7500 WCE=80 bias=-3.1250
[pop00_soft:00800] loss=0.028700 tau=4.50 collapse_w=0.084 mid_frac=0.304 hard=score=1.0926295562 wNMSE=0.0056744979 wMSE=432.2853 wMRED=0.43558867 wER=0.167220 wMAE=7.1834 wBias=4.4782 condBias=10.3880 dotDrift=+13.785sigma uMRED=0.0172459605 uER=0.203125 uMAE=8.6250 WCE=80 bias=-4.0000
[pop00_soft:01000] loss=0.029549 tau=5.25 collapse_w=0.293 mid_frac=0.268 hard=score=1.0926295562 wNMSE=0.0056744979 wMSE=432.2853 wMRED=0.43558867 wER=0.167220 wMAE=7.1834 wBias=4.4782 condBias=10.3880 dotDrift=+13.785sigma uMRED=0.0172459605 uER=0.203125 uMAE=8.6250 WCE=80 bias=-4.0000
[pop00_soft:01199] loss=0.027739 tau=6.00 collapse_w=0.500 mid_frac=0.268 hard=score=1.0926295562 wNMSE=0.0056744979 wMSE=432.2853 wMRED=0.43558867 wER=0.167220 wMAE=7.1834 wBias=4.4782 condBias=10.3880 dotDrift=+13.785sigma uMRED=0.0172459605 uER=0.203125 uMAE=8.6250 WCE=80 bias=-4.0000
[pop00_hard:00000] loss=1.133978 tau=6.00 collapse_w=0.500 mid_frac=0.268 hard=score=1.0926295562 wNMSE=0.0056744979 wMSE=432.2853 wMRED=0.43558867 wER=0.167220 wMAE=7.1834 wBias=4.4782 condBias=10.3880 dotDrift=+13.785sigma uMRED=0.0172459605 uER=0.203125 uMAE=8.6250 WCE=80 bias=-4.0000
[pop00_hard:00200] loss=1.133191 tau=6.00 collapse_w=0.500 mid_frac=0.250 hard=score=1.0926295562 wNMSE=0.0056744979 wMSE=432.2853 wMRED=0.43558867 wER=0.167220 wMAE=7.1834 wBias=4.4782 condBias=10.3880 dotDrift=+13.785sigma uMRED=0.0172459605 uER=0.203125 uMAE=8.6250 WCE=80 bias=-4.0000
[pop00_hard:00400] loss=1.058338 tau=6.00 collapse_w=0.500 mid_frac=0.268 hard=score=1.0122075522 wNMSE=0.0054305045 wMSE=413.6978 wMRED=0.41727275 wER=0.167341 wMAE=7.0430 wBias=4.3089 condBias=10.1622 dotDrift=+13.558sigma uMRED=0.0170224588 uER=0.203125 uMAE=8.6562 WCE=80 bias=-4.1250
[pop00_hard:00599] loss=0.724467 tau=6.00 collapse_w=0.500 mid_frac=0.250 hard=score=0.6909285079 wNMSE=0.0018108422 wMSE=137.9506 wMRED=0.14518634 wER=0.175954 wMAE=3.5552 wBias=-3.5552 condBias=7.1165 dotDrift=-19.372sigma uMRED=0.0152979856 uER=0.234375 uMAE=11.3750 WCE=132 bias=-11.3750
[pop00] done (conf=0.53, noise=0.5); global best score=0.0013734682 wNMSE=8.8383708e-05 wMSE=6.7331 wMRED=0.01606106 wER=0.082765 wMAE=0.6240 wBias=-0.0689 condBias=1.2965 dotDrift=-1.700sigma uMRED=0.0016576735 uER=0.117188 uMAE=1.0625 WCE=16 bias=-0.1250
[pop01_soft:00000] loss=0.432149 tau=1.50 collapse_w=0.000 mid_frac=0.482 hard=score=14.8274638232 wNMSE=0.026112932 wMSE=1989.2925 wMRED=0.92395899 wER=0.245145 wMAE=17.5583 wBias=16.5733 condBias=33.1765 dotDrift=+23.782sigma uMRED=0.0260398071 uER=0.246094 uMAE=9.4219 WCE=133 bias=6.1875
[pop01_soft:00200] loss=0.219780 tau=2.25 collapse_w=0.000 mid_frac=0.446 hard=score=3.1593882877 wNMSE=0.0084621851 wMSE=644.6523 wMRED=0.36117226 wER=0.249598 wMAE=8.3114 wBias=-7.6355 condBias=15.2859 dotDrift=-19.247sigma uMRED=0.0236917271 uER=0.250000 uMAE=14.5312 WCE=155 bias=-13.6250
[pop01_soft:00400] loss=0.140872 tau=3.00 collapse_w=0.000 mid_frac=0.464 hard=score=0.1208812496 wNMSE=0.0060472552 wMSE=460.6821 wMRED=0.18318064 wER=0.249598 wMAE=5.5100 wBias=-1.3788 condBias=10.7264 dotDrift=-4.111sigma uMRED=0.0177266917 uER=0.250000 uMAE=11.9844 WCE=154 bias=-9.7500
[pop01_soft:00600] loss=0.084245 tau=3.75 collapse_w=0.000 mid_frac=0.500 hard=score=0.1285156764 wNMSE=0.0062015336 wMSE=472.4350 wMRED=0.16776208 wER=0.167515 wMAE=5.2690 wBias=-1.4247 condBias=10.8627 dotDrift=-4.195sigma uMRED=0.0174173095 uER=0.222656 uMAE=11.8750 WCE=162 bias=-9.6250
[pop01_soft:00800] loss=0.060008 tau=4.50 collapse_w=0.084 mid_frac=0.482 hard=score=0.1043691402 wNMSE=0.0059456946 wMSE=452.9451 wMRED=0.16467088 wER=0.167878 wMAE=5.1178 wBias=-1.2638 condBias=10.6362 dotDrift=-3.800sigma uMRED=0.0171466900 uER=0.226562 uMAE=11.7344 WCE=154 bias=-9.3750
[pop01_soft:01000] loss=0.052676 tau=5.25 collapse_w=0.293 mid_frac=0.411 hard=score=0.0487833162 wNMSE=0.0051734718 wMSE=394.1169 wMRED=0.16118399 wER=0.166823 wMAE=4.6582 wBias=-0.7654 condBias=9.9210 dotDrift=-2.468sigma uMRED=0.0130763939 uER=0.218750 uMAE=8.1406 WCE=154 bias=-5.3750
[pop01_soft:01199] loss=0.043452 tau=6.00 collapse_w=0.500 mid_frac=0.375 hard=score=0.0934207262 wNMSE=0.00067935236 wMSE=51.7533 wMRED=0.13404518 wER=0.166823 wMAE=2.6009 wBias=1.2919 condBias=3.5945 dotDrift=+11.493sigma uMRED=0.0070958096 uER=0.218750 uMAE=4.1406 WCE=42 bias=-1.3750
[pop01_hard:00000] loss=0.129574 tau=6.00 collapse_w=0.500 mid_frac=0.375 hard=score=0.0934207262 wNMSE=0.00067935236 wMSE=51.7533 wMRED=0.13404518 wER=0.166823 wMAE=2.6009 wBias=1.2919 condBias=3.5945 dotDrift=+11.493sigma uMRED=0.0070958096 uER=0.218750 uMAE=4.1406 WCE=42 bias=-1.3750
[pop01_hard:00200] loss=0.129100 tau=6.00 collapse_w=0.500 mid_frac=0.393 hard=score=0.0487833162 wNMSE=0.0051734718 wMSE=394.1169 wMRED=0.16118399 wER=0.166823 wMAE=4.6582 wBias=-0.7654 condBias=9.9210 dotDrift=-2.468sigma uMRED=0.0130763939 uER=0.218750 uMAE=8.1406 WCE=154 bias=-5.3750
[pop01_hard:00400] loss=0.078970 tau=6.00 collapse_w=0.500 mid_frac=0.375 hard=score=0.0934207262 wNMSE=0.00067935236 wMSE=51.7533 wMRED=0.13404518 wER=0.166823 wMAE=2.6009 wBias=1.2919 condBias=3.5945 dotDrift=+11.493sigma uMRED=0.0070958096 uER=0.218750 uMAE=4.1406 WCE=42 bias=-1.3750
[pop01_hard:00599] loss=0.078021 tau=6.00 collapse_w=0.500 mid_frac=0.393 hard=score=0.0487833162 wNMSE=0.0051734718 wMSE=394.1169 wMRED=0.16118399 wER=0.166823 wMAE=4.6582 wBias=-0.7654 condBias=9.9210 dotDrift=-2.468sigma uMRED=0.0130763939 uER=0.218750 uMAE=8.1406 WCE=154 bias=-5.3750
[pop01] done (conf=0.51, noise=1.0); global best score=0.0013734682 wNMSE=8.8383708e-05 wMSE=6.7331 wMRED=0.01606106 wER=0.082765 wMAE=0.6240 wBias=-0.0689 condBias=1.2965 dotDrift=-1.700sigma uMRED=0.0016576735 uER=0.117188 uMAE=1.0625 WCE=16 bias=-0.1250
[pop02_soft:00000] loss=0.555406 tau=1.50 collapse_w=0.000 mid_frac=0.250 hard=score=27.3031847136 wNMSE=0.088636915 wMSE=6752.3917 wMRED=1.95265701 wER=0.249598 wMAE=36.5020 wBias=22.4647 condBias=44.9705 dotDrift=+17.496sigma uMRED=0.0594180674 uER=0.250000 uMAE=23.1562 WCE=232 bias=9.0625
[pop02_soft:00200] loss=0.340379 tau=2.25 collapse_w=0.000 mid_frac=0.250 hard=score=13.1211395696 wNMSE=0.031375321 wMSE=2390.1831 wMRED=1.02120280 wER=0.194815 wMAE=17.5866 wBias=-15.5817 condBias=31.1898 dotDrift=-20.398sigma uMRED=0.0424439177 uER=0.242188 uMAE=21.3125 WCE=156 bias=-18.2500
[pop02_soft:00400] loss=0.245005 tau=3.00 collapse_w=0.000 mid_frac=0.214 hard=score=4.4795850567 wNMSE=0.013121997 wMSE=999.6384 wMRED=0.55482246 wER=0.194815 wMAE=11.2727 wBias=-9.0942 condBias=18.2038 dotDrift=-18.409sigma uMRED=0.0312562828 uER=0.242188 uMAE=18.3125 WCE=156 bias=-14.8750
[pop02_soft:00600] loss=0.141174 tau=3.75 collapse_w=0.000 mid_frac=0.196 hard=score=2.5622616418 wNMSE=0.0052539374 wMSE=400.2468 wMRED=0.41247066 wER=0.165085 wMAE=6.9152 wBias=-6.8809 condBias=13.7737 dotDrift=-22.012sigma uMRED=0.0178127531 uER=0.207031 uMAE=9.4375 WCE=108 bias=-8.8750
[pop02_soft:00800] loss=0.065267 tau=4.50 collapse_w=0.084 mid_frac=0.304 hard=score=1.6578831151 wNMSE=0.0053806554 wMSE=409.9002 wMRED=0.42473705 wER=0.172768 wMAE=7.3326 wBias=-5.5251 condBias=11.0593 dotDrift=-17.466sigma uMRED=0.0187151396 uER=0.207031 uMAE=9.9375 WCE=116 bias=-5.8750
[pop02_soft:01000] loss=0.037795 tau=5.25 collapse_w=0.293 mid_frac=0.196 hard=score=1.7059440056 wNMSE=0.006643479 wMSE=506.1026 wMRED=0.44914189 wER=0.172768 wMAE=8.0842 wBias=5.6022 condBias=11.2402 dotDrift=+15.937sigma uMRED=0.0198558603 uER=0.207031 uMAE=10.3750 WCE=116 bias=-1.8750
[pop02_soft:01199] loss=0.030922 tau=6.00 collapse_w=0.500 mid_frac=0.161 hard=score=1.7059440056 wNMSE=0.006643479 wMSE=506.1026 wMRED=0.44914189 wER=0.172768 wMAE=8.0842 wBias=5.6022 condBias=11.2402 dotDrift=+15.937sigma uMRED=0.0198558603 uER=0.207031 uMAE=10.3750 WCE=116 bias=-1.8750
[pop02_hard:00000] loss=1.747388 tau=6.00 collapse_w=0.500 mid_frac=0.161 hard=score=1.7059440056 wNMSE=0.006643479 wMSE=506.1026 wMRED=0.44914189 wER=0.172768 wMAE=8.0842 wBias=5.6022 condBias=11.2402 dotDrift=+15.937sigma uMRED=0.0198558603 uER=0.207031 uMAE=10.3750 WCE=116 bias=-1.8750
[pop02_hard:00200] loss=1.745393 tau=6.00 collapse_w=0.500 mid_frac=0.179 hard=score=1.7059440056 wNMSE=0.006643479 wMSE=506.1026 wMRED=0.44914189 wER=0.172768 wMAE=8.0842 wBias=5.6022 condBias=11.2402 dotDrift=+15.937sigma uMRED=0.0198558603 uER=0.207031 uMAE=10.3750 WCE=116 bias=-1.8750
[pop02_hard:00400] loss=1.743533 tau=6.00 collapse_w=0.500 mid_frac=0.179 hard=score=1.7059440056 wNMSE=0.006643479 wMSE=506.1026 wMRED=0.44914189 wER=0.172768 wMAE=8.0842 wBias=5.6022 condBias=11.2402 dotDrift=+15.937sigma uMRED=0.0198558603 uER=0.207031 uMAE=10.3750 WCE=116 bias=-1.8750
[pop02_hard:00599] loss=1.693206 tau=6.00 collapse_w=0.500 mid_frac=0.179 hard=score=1.7059440056 wNMSE=0.006643479 wMSE=506.1026 wMRED=0.44914189 wER=0.172768 wMAE=8.0842 wBias=5.6022 condBias=11.2402 dotDrift=+15.937sigma uMRED=0.0198558603 uER=0.207031 uMAE=10.3750 WCE=116 bias=-1.8750
[pop02] done (conf=0.53, noise=0.5); global best score=0.0013734682 wNMSE=8.8383708e-05 wMSE=6.7331 wMRED=0.01606106 wER=0.082765 wMAE=0.6240 wBias=-0.0689 condBias=1.2965 dotDrift=-1.700sigma uMRED=0.0016576735 uER=0.117188 uMAE=1.0625 WCE=16 bias=-0.1250
[pop03_soft:00000] loss=0.378851 tau=1.50 collapse_w=0.000 mid_frac=0.482 hard=score=0.0856522180 wNMSE=0.038413876 wMSE=2926.3827 wMRED=1.31917774 wER=0.249598 wMAE=24.0657 wBias=0.5246 condBias=27.0258 dotDrift=+0.621sigma uMRED=0.0499433494 uER=0.250000 uMAE=23.3828 WCE=206 bias=6.5625
[pop03_soft:00200] loss=0.308164 tau=2.25 collapse_w=0.000 mid_frac=0.393 hard=score=0.8432479042 wNMSE=0.039118225 wMSE=2980.0403 wMRED=1.32627381 wER=0.249598 wMAE=25.3846 wBias=-3.7915 condBias=27.2737 dotDrift=-4.445sigma uMRED=0.0534380908 uER=0.250000 uMAE=25.6875 WCE=170 bias=-4.8125
[pop03_soft:00400] loss=0.226194 tau=3.00 collapse_w=0.000 mid_frac=0.393 hard=score=2.0963591059 wNMSE=0.02930835 wMSE=2232.7206 wMRED=1.22955620 wER=0.249598 wMAE=21.7685 wBias=-6.1616 condBias=23.6082 dotDrift=-8.346sigma uMRED=0.0433714631 uER=0.250000 uMAE=19.3125 WCE=148 bias=-12.0000
[pop03_soft:00600] loss=0.087619 tau=3.75 collapse_w=0.000 mid_frac=0.375 hard=score=0.3344933163 wNMSE=0.0056008769 wMSE=426.6768 wMRED=0.08207443 wER=0.177062 wMAE=4.6228 wBias=-2.4271 condBias=10.3230 dotDrift=-7.520sigma uMRED=0.0204636826 uER=0.226562 uMAE=16.1875 WCE=148 bias=-13.7500
[pop03_soft:00800] loss=0.058921 tau=4.50 collapse_w=0.084 mid_frac=0.375 hard=score=0.3881854286 wNMSE=0.0057545636 wMSE=438.3847 wMRED=0.08771188 wER=0.195922 wMAE=4.8195 wBias=-2.6238 condBias=10.4634 dotDrift=-8.020sigma uMRED=0.0208931035 uER=0.234375 uMAE=16.4375 WCE=148 bias=-14.0000
[pop03_soft:01000] loss=0.052214 tau=5.25 collapse_w=0.293 mid_frac=0.321 hard=score=0.3881854286 wNMSE=0.0057545636 wMSE=438.3847 wMRED=0.08771188 wER=0.195922 wMAE=4.8195 wBias=-2.6238 condBias=10.4634 dotDrift=-8.020sigma uMRED=0.0208931035 uER=0.234375 uMAE=16.4375 WCE=148 bias=-14.0000
[pop03_soft:01199] loss=0.044555 tau=6.00 collapse_w=0.500 mid_frac=0.321 hard=score=0.3881854286 wNMSE=0.0057545636 wMSE=438.3847 wMRED=0.08771188 wER=0.195922 wMAE=4.8195 wBias=-2.6238 condBias=10.4634 dotDrift=-8.020sigma uMRED=0.0208931035 uER=0.234375 uMAE=16.4375 WCE=148 bias=-14.0000
[pop03_hard:00000] loss=0.410835 tau=6.00 collapse_w=0.500 mid_frac=0.321 hard=score=0.3881854286 wNMSE=0.0057545636 wMSE=438.3847 wMRED=0.08771188 wER=0.195922 wMAE=4.8195 wBias=-2.6238 condBias=10.4634 dotDrift=-8.020sigma uMRED=0.0208931035 uER=0.234375 uMAE=16.4375 WCE=148 bias=-14.0000
[pop03_hard:00200] loss=0.408634 tau=6.00 collapse_w=0.500 mid_frac=0.321 hard=score=0.3881854286 wNMSE=0.0057545636 wMSE=438.3847 wMRED=0.08771188 wER=0.195922 wMAE=4.8195 wBias=-2.6238 condBias=10.4634 dotDrift=-8.020sigma uMRED=0.0208931035 uER=0.234375 uMAE=16.4375 WCE=148 bias=-14.0000
[pop03_hard:00400] loss=0.410962 tau=6.00 collapse_w=0.500 mid_frac=0.321 hard=score=0.3881854286 wNMSE=0.0057545636 wMSE=438.3847 wMRED=0.08771188 wER=0.195922 wMAE=4.8195 wBias=-2.6238 condBias=10.4634 dotDrift=-8.020sigma uMRED=0.0208931035 uER=0.234375 uMAE=16.4375 WCE=148 bias=-14.0000
[pop03_hard:00599] loss=1.282464 tau=6.00 collapse_w=0.500 mid_frac=0.304 hard=score=1.2427158227 wNMSE=0.011415171 wMSE=869.6118 wMRED=0.44201341 wER=0.195922 wMAE=11.1192 wBias=4.7545 condBias=14.7340 dotDrift=+10.319sigma uMRED=0.0281180955 uER=0.234375 uMAE=17.9375 WCE=148 bias=-12.0000
[pop03] done (conf=0.51, noise=1.0); global best score=0.0013734682 wNMSE=8.8383708e-05 wMSE=6.7331 wMRED=0.01606106 wER=0.082765 wMAE=0.6240 wBias=-0.0689 condBias=1.2965 dotDrift=-1.700sigma uMRED=0.0016576735 uER=0.117188 uMAE=1.0625 WCE=16 bias=-0.1250
[pop04_soft:00000] loss=0.450407 tau=1.50 collapse_w=0.000 mid_frac=0.339 hard=score=4.2496329018 wNMSE=0.0098293772 wMSE=748.8055 wMRED=0.50086205 wER=0.247587 wMAE=10.2246 wBias=8.8635 condBias=17.7443 dotDrift=+20.730sigma uMRED=0.0213262688 uER=0.242188 uMAE=12.1641 WCE=122 bias=4.0625
[pop04_soft:00200] loss=0.259513 tau=2.25 collapse_w=0.000 mid_frac=0.321 hard=score=16.9844923012 wNMSE=0.036252186 wMSE=2761.7044 wMRED=1.10240130 wER=0.198072 wMAE=18.1372 wBias=-17.7324 condBias=35.4964 dotDrift=-21.595sigma uMRED=0.0400672297 uER=0.230469 uMAE=18.1094 WCE=168 bias=-11.0000
[pop04_soft:00400] loss=0.159356 tau=3.00 collapse_w=0.000 mid_frac=0.232 hard=score=0.8602662047 wNMSE=0.0020092088 wMSE=153.0622 wMRED=0.22200876 wER=0.173857 wMAE=4.3963 wBias=-3.9742 condBias=7.9559 dotDrift=-20.559sigma uMRED=0.0147356591 uER=0.210938 uMAE=9.8750 WCE=120 bias=-2.5000
[pop04_soft:00600] loss=0.056162 tau=3.75 collapse_w=0.000 mid_frac=0.286 hard=score=0.0697244172 wNMSE=0.0005515387 wMSE=42.0164 wMRED=0.03279837 wER=0.125648 wMAE=1.5646 wBias=-1.0717 condBias=3.2380 dotDrift=-10.581sigma uMRED=0.0067260385 uER=0.191406 uMAE=5.3750 WCE=116 bias=-4.8750
[pop04_soft:00800] loss=0.029955 tau=4.50 collapse_w=0.084 mid_frac=0.268 hard=score=0.0464114240 wNMSE=0.00039490512 wMSE=30.0840 wMRED=0.03001764 wER=0.116223 wMAE=1.4064 wBias=-0.8720 condBias=2.7400 dotDrift=-10.175sigma uMRED=0.0054912503 uER=0.175781 uMAE=4.2500 WCE=80 bias=-3.6250
[pop04_soft:01000] loss=0.028676 tau=5.25 collapse_w=0.293 mid_frac=0.179 hard=score=0.0464114240 wNMSE=0.00039490512 wMSE=30.0840 wMRED=0.03001764 wER=0.116223 wMAE=1.4064 wBias=-0.8720 condBias=2.7400 dotDrift=-10.175sigma uMRED=0.0054912503 uER=0.175781 uMAE=4.2500 WCE=80 bias=-3.6250
[pop04_soft:01199] loss=0.026373 tau=6.00 collapse_w=0.500 mid_frac=0.179 hard=score=0.0464114240 wNMSE=0.00039490512 wMSE=30.0840 wMRED=0.03001764 wER=0.116223 wMAE=1.4064 wBias=-0.8720 condBias=2.7400 dotDrift=-10.175sigma uMRED=0.0054912503 uER=0.175781 uMAE=4.2500 WCE=80 bias=-3.6250
[pop04_hard:00000] loss=0.065727 tau=6.00 collapse_w=0.500 mid_frac=0.179 hard=score=0.0464114240 wNMSE=0.00039490512 wMSE=30.0840 wMRED=0.03001764 wER=0.116223 wMAE=1.4064 wBias=-0.8720 condBias=2.7400 dotDrift=-10.175sigma uMRED=0.0054912503 uER=0.175781 uMAE=4.2500 WCE=80 bias=-3.6250
[pop04_hard:00200] loss=0.061908 tau=6.00 collapse_w=0.500 mid_frac=0.179 hard=score=0.0464114240 wNMSE=0.00039490512 wMSE=30.0840 wMRED=0.03001764 wER=0.116223 wMAE=1.4064 wBias=-0.8720 condBias=2.7400 dotDrift=-10.175sigma uMRED=0.0054912503 uER=0.175781 uMAE=4.2500 WCE=80 bias=-3.6250
[pop04_hard:00400] loss=0.059117 tau=6.00 collapse_w=0.500 mid_frac=0.161 hard=score=0.0464114240 wNMSE=0.00039490512 wMSE=30.0840 wMRED=0.03001764 wER=0.116223 wMAE=1.4064 wBias=-0.8720 condBias=2.7400 dotDrift=-10.175sigma uMRED=0.0054912503 uER=0.175781 uMAE=4.2500 WCE=80 bias=-3.6250
[pop04_hard:00599] loss=0.057543 tau=6.00 collapse_w=0.500 mid_frac=0.161 hard=score=0.0464114240 wNMSE=0.00039490512 wMSE=30.0840 wMRED=0.03001764 wER=0.116223 wMAE=1.4064 wBias=-0.8720 condBias=2.7400 dotDrift=-10.175sigma uMRED=0.0054912503 uER=0.175781 uMAE=4.2500 WCE=80 bias=-3.6250
[pop04] done (conf=0.53, noise=0.5); global best score=0.0013734682 wNMSE=8.8383708e-05 wMSE=6.7331 wMRED=0.01606106 wER=0.082765 wMAE=0.6240 wBias=-0.0689 condBias=1.2965 dotDrift=-1.700sigma uMRED=0.0016576735 uER=0.117188 uMAE=1.0625 WCE=16 bias=-0.1250
[pop05_soft:00000] loss=0.329094 tau=1.50 collapse_w=0.000 mid_frac=0.518 hard=score=0.3481796940 wNMSE=0.021224914 wMSE=1616.9215 wMRED=0.82734867 wER=0.249598 wMAE=16.9492 wBias=-2.3824 condBias=20.0897 dotDrift=-3.792sigma uMRED=0.0356693275 uER=0.250000 uMAE=17.3125 WCE=173 bias=-4.3750
[pop05_soft:00200] loss=0.217632 tau=2.25 collapse_w=0.000 mid_frac=0.482 hard=score=2.8106129947 wNMSE=0.014500451 wMSE=1104.6495 wMRED=0.59266838 wER=0.249598 wMAE=12.3139 wBias=-7.1865 condBias=16.6062 dotDrift=-13.838sigma uMRED=0.0284456836 uER=0.250000 uMAE=14.6094 WCE=158 bias=-7.3750
[pop05_soft:00400] loss=0.131375 tau=3.00 collapse_w=0.000 mid_frac=0.393 hard=score=0.1908828112 wNMSE=0.011400023 wMSE=868.4578 wMRED=0.46972142 wER=0.181273 wMAE=10.0198 wBias=1.7447 condBias=14.7258 dotDrift=+3.789sigma uMRED=0.0282053503 uER=0.230469 uMAE=16.8438 WCE=160 bias=-12.5000
[pop05_soft:00600] loss=0.097620 tau=3.75 collapse_w=0.000 mid_frac=0.357 hard=score=0.1441037254 wNMSE=0.011522986 wMSE=877.8252 wMRED=0.47528275 wER=0.194272 wMAE=10.1604 wBias=1.4735 condBias=14.8050 dotDrift=+3.183sigma uMRED=0.0285691784 uER=0.234375 uMAE=17.0625 WCE=160 bias=-12.7500
[pop05_soft:00800] loss=0.079829 tau=4.50 collapse_w=0.084 mid_frac=0.286 hard=score=0.9887701748 wNMSE=0.0064471975 wMSE=491.1498 wMRED=0.07349122 wER=0.141139 wMAE=4.5904 wBias=-4.2441 condBias=11.0753 dotDrift=-12.256sigma uMRED=0.0195474990 uER=0.226562 uMAE=15.1875 WCE=160 bias=-15.0000
[pop05_soft:01000] loss=0.068444 tau=5.25 collapse_w=0.293 mid_frac=0.268 hard=score=0.9887701748 wNMSE=0.0064471975 wMSE=491.1498 wMRED=0.07349122 wER=0.141139 wMAE=4.5904 wBias=-4.2441 condBias=11.0753 dotDrift=-12.256sigma uMRED=0.0195474990 uER=0.226562 uMAE=15.1875 WCE=160 bias=-15.0000
[pop05_soft:01199] loss=0.054595 tau=6.00 collapse_w=0.500 mid_frac=0.268 hard=score=0.9887701748 wNMSE=0.0064471975 wMSE=491.1498 wMRED=0.07349122 wER=0.141139 wMAE=4.5904 wBias=-4.2441 condBias=11.0753 dotDrift=-12.256sigma uMRED=0.0195474990 uER=0.226562 uMAE=15.1875 WCE=160 bias=-15.0000
[pop05_hard:00000] loss=1.005539 tau=6.00 collapse_w=0.500 mid_frac=0.268 hard=score=0.9887701748 wNMSE=0.0064471975 wMSE=491.1498 wMRED=0.07349122 wER=0.141139 wMAE=4.5904 wBias=-4.2441 condBias=11.0753 dotDrift=-12.256sigma uMRED=0.0195474990 uER=0.226562 uMAE=15.1875 WCE=160 bias=-15.0000
[pop05_hard:00200] loss=1.003219 tau=6.00 collapse_w=0.500 mid_frac=0.268 hard=score=0.9887701748 wNMSE=0.0064471975 wMSE=491.1498 wMRED=0.07349122 wER=0.141139 wMAE=4.5904 wBias=-4.2441 condBias=11.0753 dotDrift=-12.256sigma uMRED=0.0195474990 uER=0.226562 uMAE=15.1875 WCE=160 bias=-15.0000
[pop05_hard:00400] loss=0.155645 tau=6.00 collapse_w=0.500 mid_frac=0.268 hard=score=0.9887701748 wNMSE=0.0064471975 wMSE=491.1498 wMRED=0.07349122 wER=0.141139 wMAE=4.5904 wBias=-4.2441 condBias=11.0753 dotDrift=-12.256sigma uMRED=0.0195474990 uER=0.226562 uMAE=15.1875 WCE=160 bias=-15.0000
[pop05_hard:00599] loss=0.155150 tau=6.00 collapse_w=0.500 mid_frac=0.268 hard=score=0.1207906954 wNMSE=0.011412182 wMSE=869.3841 wMRED=0.47487542 wER=0.194815 wMAE=10.1541 wBias=1.3195 condBias=14.7336 dotDrift=+2.864sigma uMRED=0.0286894736 uER=0.242188 uMAE=17.1875 WCE=160 bias=-13.0000
[pop05] done (conf=0.51, noise=1.0); global best score=0.0013734682 wNMSE=8.8383708e-05 wMSE=6.7331 wMRED=0.01606106 wER=0.082765 wMAE=0.6240 wBias=-0.0689 condBias=1.2965 dotDrift=-1.700sigma uMRED=0.0016576735 uER=0.117188 uMAE=1.0625 WCE=16 bias=-0.1250
[pop06_soft:00000] loss=0.387520 tau=1.50 collapse_w=0.000 mid_frac=0.375 hard=score=1.5791810790 wNMSE=0.012990485 wMSE=989.6198 wMRED=0.73791528 wER=0.249598 wMAE=14.5101 wBias=5.3622 condBias=15.7171 dotDrift=+10.909sigma uMRED=0.0347540307 uER=0.250000 uMAE=20.0000 WCE=201 bias=15.3750
[pop06_soft:00200] loss=0.229037 tau=2.25 collapse_w=0.000 mid_frac=0.250 hard=score=0.2725219648 wNMSE=0.008243123 wMSE=627.9640 wMRED=0.67608901 wER=0.244798 wMAE=11.8226 wBias=2.1730 condBias=12.5188 dotDrift=+5.550sigma uMRED=0.0229722825 uER=0.234375 uMAE=10.7188 WCE=96 bias=-1.1250
[pop06_soft:00400] loss=0.090318 tau=3.00 collapse_w=0.000 mid_frac=0.232 hard=score=0.0122845090 wNMSE=0.0015443874 wMSE=117.6520 wMRED=0.04920908 wER=0.128905 wMAE=2.6506 wBias=0.3063 condBias=5.4200 dotDrift=+1.807sigma uMRED=0.0103568388 uER=0.210938 uMAE=7.8750 WCE=80 bias=-2.5000
[pop06_soft:00600] loss=0.031932 tau=3.75 collapse_w=0.000 mid_frac=0.250 hard=score=1.2151092495 wNMSE=0.0056418836 wMSE=429.8007 wMRED=0.43627536 wER=0.170736 wMAE=7.2018 wBias=4.7256 condBias=10.3581 dotDrift=+14.588sigma uMRED=0.0170429151 uER=0.214844 uMAE=8.4062 WCE=80 bias=-3.1250
[pop06_soft:00800] loss=0.025825 tau=4.50 collapse_w=0.084 mid_frac=0.214 hard=score=1.5659040287 wNMSE=0.0056021139 wMSE=426.7710 wMRED=0.42962591 wER=0.154097 wMAE=7.1178 wBias=5.3714 condBias=10.7522 dotDrift=+16.641sigma uMRED=0.0157864006 uER=0.195312 uMAE=7.2500 WCE=80 bias=-0.8750
[pop06_soft:01000] loss=0.025677 tau=5.25 collapse_w=0.293 mid_frac=0.161 hard=score=0.0066670861 wNMSE=0.0005023904 wMSE=38.2723 wMRED=0.02824171 wER=0.100422 wMAE=1.5542 wBias=-0.1922 condBias=3.0910 dotDrift=-1.989sigma uMRED=0.0066444260 uER=0.179688 uMAE=5.2500 WCE=64 bias=-2.8750
[pop06_soft:01199] loss=0.021503 tau=6.00 collapse_w=0.500 mid_frac=0.107 hard=score=0.0466366079 wNMSE=0.0020618675 wMSE=157.0738 wMRED=0.04181111 wER=0.100422 wMAE=2.5828 wBias=0.8364 condBias=6.2627 dotDrift=+4.271sigma uMRED=0.0096347181 uER=0.179688 uMAE=7.2500 WCE=96 bias=-0.8750
[pop06_hard:00000] loss=0.061122 tau=6.00 collapse_w=0.500 mid_frac=0.107 hard=score=0.0466366079 wNMSE=0.0020618675 wMSE=157.0738 wMRED=0.04181111 wER=0.100422 wMAE=2.5828 wBias=0.8364 condBias=6.2627 dotDrift=+4.271sigma uMRED=0.0096347181 uER=0.179688 uMAE=7.2500 WCE=96 bias=-0.8750
[pop06_hard:00200] loss=0.059850 tau=6.00 collapse_w=0.500 mid_frac=0.125 hard=score=0.0466366079 wNMSE=0.0020618675 wMSE=157.0738 wMRED=0.04181111 wER=0.100422 wMAE=2.5828 wBias=0.8364 condBias=6.2627 dotDrift=+4.271sigma uMRED=0.0096347181 uER=0.179688 uMAE=7.2500 WCE=96 bias=-0.8750
[pop06_hard:00400] loss=0.019333 tau=6.00 collapse_w=0.500 mid_frac=0.125 hard=score=0.0466366079 wNMSE=0.0020618675 wMSE=157.0738 wMRED=0.04181111 wER=0.100422 wMAE=2.5828 wBias=0.8364 condBias=6.2627 dotDrift=+4.271sigma uMRED=0.0096347181 uER=0.179688 uMAE=7.2500 WCE=96 bias=-0.8750
[pop06_hard:00599] loss=0.018476 tau=6.00 collapse_w=0.500 mid_frac=0.143 hard=score=0.0066670861 wNMSE=0.0005023904 wMSE=38.2723 wMRED=0.02824171 wER=0.100422 wMAE=1.5542 wBias=-0.1922 condBias=3.0910 dotDrift=-1.989sigma uMRED=0.0066444260 uER=0.179688 uMAE=5.2500 WCE=64 bias=-2.8750
[pop06] done (conf=0.53, noise=0.5); global best score=0.0013734682 wNMSE=8.8383708e-05 wMSE=6.7331 wMRED=0.01606106 wER=0.082765 wMAE=0.6240 wBias=-0.0689 condBias=1.2965 dotDrift=-1.700sigma uMRED=0.0016576735 uER=0.117188 uMAE=1.0625 WCE=16 bias=-0.1250
[pop07_soft:00000] loss=0.506187 tau=1.50 collapse_w=0.000 mid_frac=0.304 hard=score=19.1371298589 wNMSE=0.049843055 wMSE=3797.0617 wMRED=1.21388104 wER=0.249598 wMAE=24.5008 wBias=18.8162 condBias=37.6689 dotDrift=+19.543sigma uMRED=0.0433140124 uER=0.250000 uMAE=20.3672 WCE=180 bias=7.6875
[pop07_soft:00200] loss=0.244485 tau=2.25 collapse_w=0.000 mid_frac=0.286 hard=score=1.3051046815 wNMSE=0.003165504 wMSE=241.1492 wMRED=0.21414859 wER=0.249598 wMAE=5.0322 wBias=-4.8995 condBias=9.8079 dotDrift=-20.192sigma uMRED=0.0176849317 uER=0.250000 uMAE=12.0781 WCE=141 bias=-12.0625
[pop07_soft:00400] loss=0.143200 tau=3.00 collapse_w=0.000 mid_frac=0.321 hard=score=1.0317138151 wNMSE=0.0027768435 wMSE=211.5409 wMRED=0.14688984 wER=0.194815 wMAE=4.3526 wBias=-4.3526 condBias=8.7135 dotDrift=-19.153sigma uMRED=0.0162113815 uER=0.242188 uMAE=11.6250 WCE=132 bias=-11.6250
[pop07_soft:00600] loss=0.075364 tau=3.75 collapse_w=0.000 mid_frac=0.339 hard=score=0.7143211715 wNMSE=0.0024454658 wMSE=186.2965 wMRED=0.12885579 wER=0.168874 wMAE=3.6985 wBias=-3.6140 condBias=7.2346 dotDrift=-16.946sigma uMRED=0.0147403724 uER=0.226562 uMAE=10.7500 WCE=128 bias=-10.6250
[pop07_soft:00800] loss=0.048866 tau=4.50 collapse_w=0.084 mid_frac=0.339 hard=score=0.6052819327 wNMSE=0.0023307453 wMSE=177.5570 wMRED=0.12717437 wER=0.168874 wMAE=3.5996 wBias=-3.3223 condBias=6.6596 dotDrift=-15.957sigma uMRED=0.0142239948 uER=0.226562 uMAE=10.3125 WCE=128 bias=-6.5000
[pop07_soft:01000] loss=0.045417 tau=5.25 collapse_w=0.293 mid_frac=0.321 hard=score=0.6832604097 wNMSE=0.0023617435 wMSE=179.9185 wMRED=0.12727855 wER=0.168874 wMAE=3.6181 wBias=-3.5335 condBias=7.0735 dotDrift=-16.860sigma uMRED=0.0145459370 uER=0.226562 uMAE=10.6250 WCE=128 bias=-10.5000
[pop07_soft:01199] loss=0.040857 tau=6.00 collapse_w=0.500 mid_frac=0.321 hard=score=0.6832604097 wNMSE=0.0023617435 wMSE=179.9185 wMRED=0.12727855 wER=0.168874 wMAE=3.6181 wBias=-3.5335 condBias=7.0735 dotDrift=-16.860sigma uMRED=0.0145459370 uER=0.226562 uMAE=10.6250 WCE=128 bias=-10.5000
[pop07_hard:00000] loss=0.715619 tau=6.00 collapse_w=0.500 mid_frac=0.321 hard=score=0.6832604097 wNMSE=0.0023617435 wMSE=179.9185 wMRED=0.12727855 wER=0.168874 wMAE=3.6181 wBias=-3.5335 condBias=7.0735 dotDrift=-16.860sigma uMRED=0.0145459370 uER=0.226562 uMAE=10.6250 WCE=128 bias=-10.5000
[pop07_hard:00200] loss=0.712624 tau=6.00 collapse_w=0.500 mid_frac=0.321 hard=score=0.6832604097 wNMSE=0.0023617435 wMSE=179.9185 wMRED=0.12727855 wER=0.168874 wMAE=3.6181 wBias=-3.5335 condBias=7.0735 dotDrift=-16.860sigma uMRED=0.0145459370 uER=0.226562 uMAE=10.6250 WCE=128 bias=-10.5000
[pop07_hard:00400] loss=0.510303 tau=6.00 collapse_w=0.500 mid_frac=0.321 hard=score=0.4820015440 wNMSE=0.0027918217 wMSE=212.6820 wMRED=0.12935699 wER=0.168874 wMAE=3.8740 wBias=-2.9553 condBias=7.2886 dotDrift=-12.969sigma uMRED=0.0165082869 uER=0.226562 uMAE=12.3125 WCE=128 bias=-6.5000
[pop07_hard:00599] loss=0.081272 tau=6.00 collapse_w=0.500 mid_frac=0.304 hard=score=0.0548832991 wNMSE=0.0024140057 wMSE=183.8998 wMRED=0.12598676 wER=0.168874 wMAE=3.6492 wBias=-0.8980 condBias=6.7774 dotDrift=-4.238sigma uMRED=0.0159898537 uER=0.226562 uMAE=12.0000 WCE=128 bias=-2.5000
[pop07] done (conf=0.51, noise=1.0); global best score=0.0013734682 wNMSE=8.8383708e-05 wMSE=6.7331 wMRED=0.01606106 wER=0.082765 wMAE=0.6240 wBias=-0.0689 condBias=1.2965 dotDrift=-1.700sigma uMRED=0.0016576735 uER=0.117188 uMAE=1.0625 WCE=16 bias=-0.1250
[pop08_soft:00000] loss=0.385850 tau=1.50 collapse_w=0.000 mid_frac=0.357 hard=score=3.0558248929 wNMSE=0.01109714 wMSE=845.3841 wMRED=0.50574004 wER=0.239147 wMAE=10.1137 wBias=-7.5038 condBias=15.0206 dotDrift=-16.517sigma uMRED=0.0275511811 uER=0.246094 uMAE=15.9062 WCE=150 bias=-12.6250
[pop08_soft:00200] loss=0.217434 tau=2.25 collapse_w=0.000 mid_frac=0.268 hard=score=3.2501992247 wNMSE=0.01094103 wMSE=833.4915 wMRED=0.45250420 wER=0.159629 wMAE=9.9050 wBias=-7.7407 condBias=15.4946 dotDrift=-17.160sigma uMRED=0.0292534097 uER=0.230469 uMAE=18.0625 WCE=156 bias=-14.7500
[pop08_soft:00400] loss=0.085926 tau=3.00 collapse_w=0.000 mid_frac=0.232 hard=score=0.2577944742 wNMSE=0.01020794 wMSE=777.6445 wMRED=0.45726174 wER=0.159629 wMAE=9.5498 wBias=2.0842 condBias=13.9346 dotDrift=+4.783sigma uMRED=0.0279453922 uER=0.230469 uMAE=17.0625 WCE=140 bias=-12.7500
[pop08_soft:00600] loss=0.038451 tau=3.75 collapse_w=0.000 mid_frac=0.232 hard=score=0.5475422223 wNMSE=0.0089397775 wMSE=681.0354 wMRED=0.44914325 wER=0.152344 wMAE=8.5568 wBias=3.1255 condBias=13.0398 dotDrift=+7.665sigma uMRED=0.0175732387 uER=0.160156 uMAE=7.5625 WCE=136 bias=-2.6250
[pop08_soft:00800] loss=0.028114 tau=4.50 collapse_w=0.084 mid_frac=0.196 hard=score=0.8576826560 wNMSE=0.0072524483 wMSE=552.4941 wMRED=0.43779938 wER=0.144267 wMAE=7.7306 wBias=3.9518 condBias=11.7446 dotDrift=+10.760sigma uMRED=0.0152850862 uER=0.152344 uMAE=6.0625 WCE=104 bias=-1.1250
[pop08_soft:01000] loss=0.025102 tau=5.25 collapse_w=0.293 mid_frac=0.143 hard=score=1.9560086990 wNMSE=0.0053641676 wMSE=408.6442 wMRED=0.42277557 wER=0.144267 wMAE=6.6068 wBias=6.0091 condBias=12.0285 dotDrift=+19.025sigma uMRED=0.0120833191 uER=0.152344 uMAE=3.9375 WCE=80 bias=2.8750
[pop08_soft:01199] loss=0.021010 tau=6.00 collapse_w=0.500 mid_frac=0.143 hard=score=1.9560086990 wNMSE=0.0053641676 wMSE=408.6442 wMRED=0.42277557 wER=0.144267 wMAE=6.6068 wBias=6.0091 condBias=12.0285 dotDrift=+19.025sigma uMRED=0.0120833191 uER=0.152344 uMAE=3.9375 WCE=80 bias=2.8750
[pop08_hard:00000] loss=1.990139 tau=6.00 collapse_w=0.500 mid_frac=0.143 hard=score=1.9560086990 wNMSE=0.0053641676 wMSE=408.6442 wMRED=0.42277557 wER=0.144267 wMAE=6.6068 wBias=6.0091 condBias=12.0285 dotDrift=+19.025sigma uMRED=0.0120833191 uER=0.152344 uMAE=3.9375 WCE=80 bias=2.8750
[pop08_hard:00200] loss=0.895377 tau=6.00 collapse_w=0.500 mid_frac=0.161 hard=score=0.8576826560 wNMSE=0.0072524483 wMSE=552.4941 wMRED=0.43779938 wER=0.144267 wMAE=7.7306 wBias=3.9518 condBias=11.7446 dotDrift=+10.760sigma uMRED=0.0152850862 uER=0.152344 uMAE=6.0625 WCE=104 bias=-1.1250
[pop08_hard:00400] loss=1.452268 tau=6.00 collapse_w=0.500 mid_frac=0.125 hard=score=1.4203752269 wNMSE=0.0045129183 wMSE=343.7957 wMRED=0.40507949 wER=0.144267 wMAE=6.1001 wBias=-5.1183 condBias=10.2450 dotDrift=-17.667sigma uMRED=0.0112785138 uER=0.152344 uMAE=3.6250 WCE=64 bias=-1.1250
[pop08_hard:00599] loss=1.450374 tau=6.00 collapse_w=0.500 mid_frac=0.107 hard=score=1.4203752269 wNMSE=0.0045129183 wMSE=343.7957 wMRED=0.40507949 wER=0.144267 wMAE=6.1001 wBias=-5.1183 condBias=10.2450 dotDrift=-17.667sigma uMRED=0.0112785138 uER=0.152344 uMAE=3.6250 WCE=64 bias=-1.1250
[pop08] done (conf=0.53, noise=0.5); global best score=0.0013734682 wNMSE=8.8383708e-05 wMSE=6.7331 wMRED=0.01606106 wER=0.082765 wMAE=0.6240 wBias=-0.0689 condBias=1.2965 dotDrift=-1.700sigma uMRED=0.0016576735 uER=0.117188 uMAE=1.0625 WCE=16 bias=-0.1250
[pop09_soft:00000] loss=0.360888 tau=1.50 collapse_w=0.000 mid_frac=0.393 hard=score=4.1277115248 wNMSE=0.036528214 wMSE=2782.7324 wMRED=1.20084338 wER=0.243671 wMAE=20.8853 wBias=-8.6887 condBias=26.3551 dotDrift=-10.541sigma uMRED=0.0434076661 uER=0.242188 uMAE=19.2344 WCE=167 bias=-0.9375
[pop09_soft:00200] loss=0.233833 tau=2.25 collapse_w=0.000 mid_frac=0.429 hard=score=8.2866209728 wNMSE=0.036040783 wMSE=2745.5997 wMRED=1.11120990 wER=0.229838 wMAE=19.6425 wBias=-12.3615 condBias=26.1796 dotDrift=-15.098sigma uMRED=0.0431028529 uER=0.234375 uMAE=19.9688 WCE=160 bias=-4.6250
[pop09_soft:00400] loss=0.133351 tau=3.00 collapse_w=0.000 mid_frac=0.375 hard=score=1.7971315107 wNMSE=0.0058151573 wMSE=443.0008 wMRED=0.24804844 wER=0.217738 wMAE=6.3192 wBias=-5.7504 condBias=11.5119 dotDrift=-17.485sigma uMRED=0.0223850868 uER=0.238281 uMAE=15.5938 WCE=148 bias=-15.5000
[pop09_soft:00600] loss=0.058975 tau=3.75 collapse_w=0.000 mid_frac=0.357 hard=score=0.0595178041 wNMSE=0.0064473619 wMSE=491.1623 wMRED=0.26654383 wER=0.175954 wMAE=6.9398 wBias=-0.8695 condBias=11.0751 dotDrift=-2.511sigma uMRED=0.0229186115 uER=0.234375 uMAE=15.4375 WCE=148 bias=-13.1250
[pop09_soft:00800] loss=0.045016 tau=4.50 collapse_w=0.084 mid_frac=0.286 hard=score=0.0494896785 wNMSE=0.0062694489 wMSE=477.6088 wMRED=0.26480906 wER=0.175954 wMAE=6.8314 wBias=-0.7611 condBias=10.9212 dotDrift=-2.229sigma uMRED=0.0222118760 uER=0.234375 uMAE=14.8125 WCE=144 bias=-12.5000
[pop09_soft:01000] loss=0.036483 tau=5.25 collapse_w=0.293 mid_frac=0.232 hard=score=0.0999947490 wNMSE=0.0024349367 wMSE=185.4943 wMRED=0.23767025 wER=0.169477 wMAE=4.7741 wBias=1.2962 condBias=6.8055 dotDrift=+6.091sigma uMRED=0.0162312917 uER=0.218750 uMAE=10.8125 WCE=96 bias=-8.5000
[pop09_soft:01199] loss=0.029790 tau=6.00 collapse_w=0.500 mid_frac=0.232 hard=score=0.0999947490 wNMSE=0.0024349367 wMSE=185.4943 wMRED=0.23767025 wER=0.169477 wMAE=4.7741 wBias=1.2962 condBias=6.8055 dotDrift=+6.091sigma uMRED=0.0162312917 uER=0.218750 uMAE=10.8125 WCE=96 bias=-8.5000
[pop09_hard:00000] loss=0.130159 tau=6.00 collapse_w=0.500 mid_frac=0.232 hard=score=0.0999947490 wNMSE=0.0024349367 wMSE=185.4943 wMRED=0.23767025 wER=0.169477 wMAE=4.7741 wBias=1.2962 condBias=6.8055 dotDrift=+6.091sigma uMRED=0.0162312917 uER=0.218750 uMAE=10.8125 WCE=96 bias=-8.5000
[pop09_hard:00200] loss=1.015312 tau=6.00 collapse_w=0.500 mid_frac=0.214 hard=score=0.9888429395 wNMSE=0.0020093121 wMSE=153.0701 wMRED=0.21997417 wER=0.169477 wMAE=4.2674 wBias=-4.2674 condBias=8.5421 dotDrift=-22.075sigma uMRED=0.0154264864 uER=0.218750 uMAE=10.5000 WCE=96 bias=-10.5000
[pop09_hard:00400] loss=1.016065 tau=6.00 collapse_w=0.500 mid_frac=0.214 hard=score=0.9888429395 wNMSE=0.0020093121 wMSE=153.0701 wMRED=0.21997417 wER=0.169477 wMAE=4.2674 wBias=-4.2674 condBias=8.5421 dotDrift=-22.075sigma uMRED=0.0154264864 uER=0.218750 uMAE=10.5000 WCE=96 bias=-10.5000
[pop09_hard:00599] loss=0.073980 tau=6.00 collapse_w=0.500 mid_frac=0.214 hard=score=0.0420731625 wNMSE=0.0027904721 wMSE=212.5792 wMRED=0.29666826 wER=0.236964 wMAE=5.9065 wBias=-0.7704 condBias=7.2855 dotDrift=-3.382sigma uMRED=0.0180828752 uER=0.230469 uMAE=11.6875 WCE=96 bias=-7.0000
[pop09] done (conf=0.51, noise=1.0); global best score=0.0013734682 wNMSE=8.8383708e-05 wMSE=6.7331 wMRED=0.01606106 wER=0.082765 wMAE=0.6240 wBias=-0.0689 condBias=1.2965 dotDrift=-1.700sigma uMRED=0.0016576735 uER=0.117188 uMAE=1.0625 WCE=16 bias=-0.1250
[pop10_soft:00000] loss=0.340702 tau=1.50 collapse_w=0.000 mid_frac=0.339 hard=score=0.3108090588 wNMSE=0.012398225 wMSE=944.5012 wMRED=0.68297527 wER=0.249598 wMAE=13.6836 wBias=2.2962 condBias=15.3549 dotDrift=+4.782sigma uMRED=0.0287259110 uER=0.250000 uMAE=14.9531 WCE=135 bias=-5.3125
[pop10_soft:00200] loss=0.143046 tau=2.25 collapse_w=0.000 mid_frac=0.268 hard=score=0.2931051899 wNMSE=0.0042377023 wMSE=322.8297 wMRED=0.05779644 wER=0.128013 wMAE=3.5786 wBias=-2.2760 condBias=8.9799 dotDrift=-8.107sigma uMRED=0.0163122756 uER=0.214844 uMAE=12.8750 WCE=130 bias=-8.7500
[pop10_soft:00400] loss=0.046939 tau=3.00 collapse_w=0.000 mid_frac=0.179 hard=score=0.0574309591 wNMSE=0.0011177758 wMSE=85.1526 wMRED=0.03345730 wER=0.110460 wMAE=1.7160 wBias=-0.9436 condBias=4.6127 dotDrift=-6.545sigma uMRED=0.0097529146 uER=0.191406 uMAE=8.0938 WCE=128 bias=-7.1250
[pop10_soft:00600] loss=0.025136 tau=3.75 collapse_w=0.000 mid_frac=0.161 hard=score=0.0026367675 wNMSE=0.00027694974 wMSE=21.0981 wMRED=0.03113759 wER=0.107763 wMAE=1.2374 wBias=0.0685 condBias=2.2951 dotDrift=+0.954sigma uMRED=0.0033912106 uER=0.148438 uMAE=2.1875 WCE=32 bias=0.3750
[pop10_soft:00775] loss=0.020462 tau=4.41 collapse_w=0.058 mid_frac=0.161 hard=score=0.0012408121 wNMSE=0.0001421445 wMSE=10.8286 wMRED=0.01949822 wER=0.086940 wMAE=0.8410 wBias=0.0274 condBias=1.6442 dotDrift=+0.533sigma uMRED=0.0023627713 uER=0.132812 uMAE=1.5625 WCE=16 bias=0.1250 *BEST*
[pop10_soft:00800] loss=0.020764 tau=4.50 collapse_w=0.084 mid_frac=0.125 hard=score=0.0067160647 wNMSE=0.00026195939 wMSE=19.9562 wMRED=0.02289057 wER=0.090592 wMAE=1.0981 wBias=0.2845 condBias=2.2321 dotDrift=+4.077sigma uMRED=0.0031103443 uER=0.136719 uMAE=2.0625 WCE=32 bias=0.6250
[pop10_soft:01000] loss=0.019986 tau=5.25 collapse_w=0.293 mid_frac=0.089 hard=score=0.0209702003 wNMSE=0.000494567 wMSE=37.6763 wMRED=0.02476711 wER=0.092849 wMAE=1.3473 wBias=0.5337 condBias=3.0676 dotDrift=+5.565sigma uMRED=0.0053665800 uER=0.152344 uMAE=4.0625 WCE=80 bias=2.6250
[pop10_soft:01199] loss=0.015805 tau=6.00 collapse_w=0.500 mid_frac=0.089 hard=score=0.0209702003 wNMSE=0.000494567 wMSE=37.6763 wMRED=0.02476711 wER=0.092849 wMAE=1.3473 wBias=0.5337 condBias=3.0676 dotDrift=+5.565sigma uMRED=0.0053665800 uER=0.152344 uMAE=4.0625 WCE=80 bias=2.6250
[pop10_hard:00000] loss=0.030493 tau=6.00 collapse_w=0.500 mid_frac=0.089 hard=score=0.0209702003 wNMSE=0.000494567 wMSE=37.6763 wMRED=0.02476711 wER=0.092849 wMAE=1.3473 wBias=0.5337 condBias=3.0676 dotDrift=+5.565sigma uMRED=0.0053665800 uER=0.152344 uMAE=4.0625 WCE=80 bias=2.6250
[pop10_hard:00200] loss=0.031173 tau=6.00 collapse_w=0.500 mid_frac=0.089 hard=score=0.0209702003 wNMSE=0.000494567 wMSE=37.6763 wMRED=0.02476711 wER=0.092849 wMAE=1.3473 wBias=0.5337 condBias=3.0676 dotDrift=+5.565sigma uMRED=0.0053665800 uER=0.152344 uMAE=4.0625 WCE=80 bias=2.6250
[pop10_hard:00400] loss=0.147369 tau=6.00 collapse_w=0.500 mid_frac=0.089 hard=score=0.1356239681 wNMSE=0.002560657 wMSE=195.0718 wMRED=0.04144619 wER=0.092849 wMAE=2.5770 wBias=-1.5236 condBias=6.9801 dotDrift=-6.981sigma uMRED=0.0087882181 uER=0.152344 uMAE=6.3125 WCE=112 bias=-1.3750
[pop10_hard:00599] loss=0.143702 tau=6.00 collapse_w=0.500 mid_frac=0.089 hard=score=0.0209702003 wNMSE=0.000494567 wMSE=37.6763 wMRED=0.02476711 wER=0.092849 wMAE=1.3473 wBias=0.5337 condBias=3.0676 dotDrift=+5.565sigma uMRED=0.0053665800 uER=0.152344 uMAE=4.0625 WCE=80 bias=2.6250
[pop10] done (conf=0.53, noise=0.5); global best score=0.0012408121 wNMSE=0.0001421445 wMSE=10.8286 wMRED=0.01949822 wER=0.086940 wMAE=0.8410 wBias=0.0274 condBias=1.6442 dotDrift=+0.533sigma uMRED=0.0023627713 uER=0.132812 uMAE=1.5625 WCE=16 bias=0.1250
[pop11_soft:00000] loss=0.397100 tau=1.50 collapse_w=0.000 mid_frac=0.518 hard=score=13.0541390682 wNMSE=0.017169743 wMSE=1307.9971 wMRED=0.82772975 wER=0.249598 wMAE=15.9929 wBias=15.5544 condBias=31.1353 dotDrift=+27.525sigma uMRED=0.0334115181 uER=0.250000 uMAE=17.8125 WCE=159 bias=13.1250
[pop11_soft:00200] loss=0.218462 tau=2.25 collapse_w=0.000 mid_frac=0.411 hard=score=1.2353041598 wNMSE=0.00718688 wMSE=547.4991 wMRED=0.57197705 wER=0.249598 wMAE=10.1841 wBias=4.7572 condBias=11.6892 dotDrift=+13.012sigma uMRED=0.0212063527 uER=0.250000 uMAE=11.0000 WCE=108 bias=-0.5000
[pop11_soft:00400] loss=0.109931 tau=3.00 collapse_w=0.000 mid_frac=0.375 hard=score=5.0213444158 wNMSE=0.0075270462 wMSE=573.4131 wMRED=0.60150457 wER=0.245853 wMAE=10.8947 wBias=9.6423 condBias=19.3009 dotDrift=+25.771sigma uMRED=0.0209587514 uER=0.242188 uMAE=10.0312 WCE=116 bias=-3.0000
[pop11_soft:00600] loss=0.042138 tau=3.75 collapse_w=0.000 mid_frac=0.357 hard=score=0.2479451446 wNMSE=0.0018871325 wMSE=143.7624 wMRED=0.23774189 wER=0.190015 wMAE=4.2776 wBias=2.1030 condBias=5.9904 dotDrift=+11.225sigma uMRED=0.0124073430 uER=0.226562 uMAE=7.5312 WCE=116 bias=-4.3750
[pop11_soft:00800] loss=0.033368 tau=4.50 collapse_w=0.084 mid_frac=0.339 hard=score=0.3873793484 wNMSE=0.002003683 wMSE=152.6413 wMRED=0.24222226 wER=0.181946 wMAE=4.5100 wBias=2.6546 condBias=6.1729 dotDrift=+13.751sigma uMRED=0.0121273940 uER=0.218750 uMAE=7.0000 WCE=84 bias=-2.5000
[pop11_soft:01000] loss=0.034656 tau=5.25 collapse_w=0.293 mid_frac=0.339 hard=score=0.3873793484 wNMSE=0.002003683 wMSE=152.6413 wMRED=0.24222226 wER=0.181946 wMAE=4.5100 wBias=2.6546 condBias=6.1729 dotDrift=+13.751sigma uMRED=0.0121273940 uER=0.218750 uMAE=7.0000 WCE=84 bias=-2.5000
[pop11_soft:01199] loss=0.033627 tau=6.00 collapse_w=0.500 mid_frac=0.357 hard=score=0.3873793484 wNMSE=0.002003683 wMSE=152.6413 wMRED=0.24222226 wER=0.181946 wMAE=4.5100 wBias=2.6546 condBias=6.1729 dotDrift=+13.751sigma uMRED=0.0121273940 uER=0.218750 uMAE=7.0000 WCE=84 bias=-2.5000
[pop11_hard:00000] loss=0.423405 tau=6.00 collapse_w=0.500 mid_frac=0.357 hard=score=0.3873793484 wNMSE=0.002003683 wMSE=152.6413 wMRED=0.24222226 wER=0.181946 wMAE=4.5100 wBias=2.6546 condBias=6.1729 dotDrift=+13.751sigma uMRED=0.0121273940 uER=0.218750 uMAE=7.0000 WCE=84 bias=-2.5000
[pop11_hard:00200] loss=0.495540 tau=6.00 collapse_w=0.500 mid_frac=0.321 hard=score=0.4624493587 wNMSE=0.0012693776 wMSE=96.7016 wMRED=0.21446304 wER=0.181946 wMAE=3.6359 wBias=-2.9091 condBias=5.8229 dotDrift=-18.933sigma uMRED=0.0108187157 uER=0.218750 uMAE=6.5000 WCE=84 bias=-4.5000
[pop11_hard:00400] loss=0.492288 tau=6.00 collapse_w=0.500 mid_frac=0.321 hard=score=0.4624493587 wNMSE=0.0012693776 wMSE=96.7016 wMRED=0.21446304 wER=0.181946 wMAE=3.6359 wBias=-2.9091 condBias=5.8229 dotDrift=-18.933sigma uMRED=0.0108187157 uER=0.218750 uMAE=6.5000 WCE=84 bias=-4.5000
[pop11_hard:00599] loss=0.491180 tau=6.00 collapse_w=0.500 mid_frac=0.321 hard=score=0.4624493587 wNMSE=0.0012693776 wMSE=96.7016 wMRED=0.21446304 wER=0.181946 wMAE=3.6359 wBias=-2.9091 condBias=5.8229 dotDrift=-18.933sigma uMRED=0.0108187157 uER=0.218750 uMAE=6.5000 WCE=84 bias=-4.5000
[pop11] done (conf=0.51, noise=1.0); global best score=0.0012408121 wNMSE=0.0001421445 wMSE=10.8286 wMRED=0.01949822 wER=0.086940 wMAE=0.8410 wBias=0.0274 condBias=1.6442 dotDrift=+0.533sigma uMRED=0.0023627713 uER=0.132812 uMAE=1.5625 WCE=16 bias=0.1250
[best] stage=pop10_soft score=0.0012408121 wNMSE=0.0001421445 wMSE=10.8286 wMRED=0.01949822 wER=0.086940 wMAE=0.8410 wBias=0.0274 condBias=1.6442 dotDrift=+0.533sigma uMRED=0.0023627713 uER=0.132812 uMAE=1.5625 WCE=16 bias=0.1250
[best-json] /home/xuanqi/tony/work/FPGA/signed8x8_approx/signed8x8_2026_8_22/runs_qwen_quality/rand226/best_signed88_inits.json
[best-rtl] /home/xuanqi/tony/work/FPGA/signed8x8_approx/signed8x8_2026_8_22/runs_qwen_quality/rand226/best_rtl
[design] quality search_bits=56
[start] score=0.0012408121 wNMSE=0.0001421445 wMSE=10.8286 wMRED=0.01949822 wER=0.086940 wMAE=0.8410 wBias=0.0274 condBias=1.6442 dotDrift=+0.533sigma uMRED=0.0023627713 uER=0.132812 uMAE=1.5625 WCE=16 bias=0.1250
[single] ACCEPT ['cp_lut45:15'] 0.0012408121->0.0012028511 wNMSE=0.00014367455 wBias=-0.00063
[single] round=2 no improvement
[pair] ACCEPT ['cp_lut23:51', 'cp_lut23:47'] 0.0012028511->0.0011457134 wNMSE=0.00010437745 wBias=+0.00623
[pair] ACCEPT ['cp_lut23:11', 'cp_lut23:23'] 0.0011457134->0.0011422725 wNMSE=0.00010133208 wBias=-0.00449
[pair] ACCEPT ['cp_lut01:63', 'cp_lut01:59'] 0.0011422725->0.0011388598 wNMSE=9.8028867e-05 wBias=+0.00053
[pair] round=4 no improvement
[final] score=0.0011388598 wNMSE=9.8028867e-05 wMSE=7.4679 wMRED=0.02708202 wER=0.168140 wMAE=0.9085 wBias=0.0005 condBias=1.3654 dotDrift=+0.012sigma uMRED=0.0025920265 uER=0.210938 uMAE=1.6875 WCE=16 bias=-0.3750
[json] /home/xuanqi/tony/work/FPGA/signed8x8_approx/signed8x8_2026_8_22/runs_qwen_quality/rand226/refined/best_signed88_inits.json
