[design] default_split quad4 entries=168
[device] cuda
[initial] score=346.8754420287 wNMSE=20.609655 wMSE=1974677.9348 wMRED=36.74095010 wER=0.580048 wMAE=750.5419 wBias=85.2343 condBias=767.7162 dotDrift=+3.882sigma uMRED=1.2877485458 uER=0.573730 uMAE=412.3472 WCE=4064 bias=80.0000
[quad_warmup_bit:00000] loss=16.662294 tau=1.50 collapse_w=0.000 mid_frac=0.458 hard=score=515.7751710374 wNMSE=20.508924 wMSE=1965026.5553 wMRED=35.75914979 wER=0.580048 wMAE=767.3810 wBias=105.8223 condBias=786.0867 dotDrift=+4.831sigma uMRED=1.2741720673 uER=0.573730 uMAE=418.8149 WCE=3748 bias=88.0000
[quad_warmup_bit:00050] loss=11.003630 tau=1.50 collapse_w=0.000 mid_frac=0.458 hard=score=37.6413561707 wNMSE=13.383489 wMSE=1282315.5152 wMRED=39.56520457 wER=0.580048 wMAE=647.6662 wBias=-17.8306 condBias=673.4286 dotDrift=-1.008sigma uMRED=1.3227718867 uER=0.573730 uMAE=359.9600 WCE=3513 bias=30.0000 *BEST*
[quad_warmup_bit:00200] loss=0.924480 tau=1.50 collapse_w=0.000 mid_frac=0.435 hard=score=1038.9858910556 wNMSE=12.01178 wMSE=1150887.6228 wMRED=34.64775309 wER=0.560017 wMAE=563.5085 wBias=-154.3588 condBias=610.2457 dotDrift=-9.209sigma uMRED=1.2251972513 uER=0.569336 uMAE=359.6152 WCE=3532 bias=-142.6250
[quad_warmup_bit:00400] loss=0.746417 tau=1.50 collapse_w=0.000 mid_frac=0.435 hard=score=988.4708168952 wNMSE=11.968373 wMSE=1146728.6736 wMRED=34.72218272 wER=0.547808 wMAE=563.4893 wBias=-150.4898 condBias=609.2632 dotDrift=-8.994sigma uMRED=1.2243220210 uER=0.560547 uMAE=358.1133 WCE=3512 bias=-138.8750
[quad_warmup_bit:00600] loss=0.691647 tau=1.50 collapse_w=0.000 mid_frac=0.423 hard=score=1337.7853971632 wNMSE=11.256897 wMSE=1078559.8397 wMRED=32.96732243 wER=0.547808 wMAE=535.5070 wBias=-175.6174 condBias=591.5622 dotDrift=-10.822sigma uMRED=1.1762674766 uER=0.560547 uMAE=348.7930 WCE=3504 bias=-144.5000
[quad_warmup_bit:00800] loss=0.634509 tau=1.50 collapse_w=0.000 mid_frac=0.405 hard=score=1330.5621795157 wNMSE=11.214839 wMSE=1074530.1668 wMRED=32.97202972 wER=0.530092 wMAE=534.3136 wBias=-175.1393 condBias=590.8845 dotDrift=-10.813sigma uMRED=1.1757896229 uER=0.534180 uMAE=348.2695 WCE=3536 bias=-142.3750
[quad_warmup_bit:01000] loss=0.574639 tau=1.50 collapse_w=0.000 mid_frac=0.375 hard=score=1259.8298502850 wNMSE=10.883055 wMSE=1042740.8503 wMRED=32.20716830 wER=0.527873 wMAE=515.5121 wBias=-170.4010 condBias=575.2072 dotDrift=-10.680sigma uMRED=1.1362622850 uER=0.530518 uMAE=332.4688 WCE=3472 bias=-131.6250
[quad_warmup_bit:01200] loss=0.513743 tau=1.50 collapse_w=0.000 mid_frac=0.351 hard=score=1596.5869285023 wNMSE=10.443133 wMSE=1000590.5041 wMRED=30.66753827 wER=0.485077 wMAE=486.2322 wBias=-192.2044 condBias=551.6225 dotDrift=-12.297sigma uMRED=1.0717821834 uER=0.506348 uMAE=312.2383 WCE=3472 bias=-126.1250
[quad_warmup_bit:01400] loss=0.456972 tau=1.50 collapse_w=0.000 mid_frac=0.315 hard=score=3720.0719514469 wNMSE=9.1448885 wMSE=876201.4603 wMRED=23.64756215 wER=0.413292 wMAE=384.1529 wBias=-294.3522 condBias=521.9296 dotDrift=-20.125sigma uMRED=0.8912647456 uER=0.481689 uMAE=282.1035 WCE=3328 bias=-154.1250
[quad_warmup_bit:01600] loss=0.406391 tau=1.50 collapse_w=0.000 mid_frac=0.310 hard=score=2467.5304537081 wNMSE=6.46138 wMSE=619085.7960 wMRED=19.72859440 wER=0.414438 wMAE=330.5021 wBias=-239.7008 condBias=439.3486 dotDrift=-19.497sigma uMRED=0.7459511106 uER=0.462646 uMAE=234.6777 WCE=2752 bias=-104.3750
[quad_warmup_bit:01800] loss=0.364912 tau=1.50 collapse_w=0.000 mid_frac=0.292 hard=score=1722.5887314610 wNMSE=5.2196523 wMSE=500111.8384 wMRED=17.38704519 wER=0.396247 wMAE=298.1112 wBias=-200.2075 condBias=385.5812 dotDrift=-18.119sigma uMRED=0.6680704009 uER=0.443848 uMAE=210.0684 WCE=2432 bias=-74.3750
[quad_warmup_bit:02000] loss=0.333130 tau=1.50 collapse_w=0.000 mid_frac=0.274 hard=score=1108.8514706653 wNMSE=5.193866 wMSE=497641.1688 wMRED=17.25537499 wER=0.394878 wMAE=295.5547 wBias=-160.4259 condBias=373.0059 dotDrift=-14.554sigma uMRED=0.6568268388 uER=0.437988 uMAE=209.5605 WCE=3220 bias=-1.3750
[quad_warmup_bit:02200] loss=0.306231 tau=1.50 collapse_w=0.000 mid_frac=0.244 hard=score=967.6893988578 wNMSE=4.9277096 wMSE=472139.8566 wMRED=16.53043990 wER=0.388778 wMAE=282.9053 wBias=-149.8203 condBias=355.8870 dotDrift=-13.955sigma uMRED=0.6276515063 uER=0.416016 uMAE=199.7109 WCE=3072 bias=9.6250
[quad_warmup_bit:02300] loss=0.291986 tau=1.50 collapse_w=0.000 mid_frac=0.238 hard=score=19.8694706342 wNMSE=1.1255945 wMSE=107846.8630 wMRED=3.33774932 wER=0.332205 wMAE=117.2472 wBias=20.3816 condBias=145.1477 dotDrift=+3.972sigma uMRED=0.2759958339 uER=0.400635 uMAE=144.7812 WCE=3072 bias=67.6250 *BEST*
[quad_warmup_bit:02350] loss=0.284326 tau=1.50 collapse_w=0.000 mid_frac=0.238 hard=score=8.6371336902 wNMSE=1.5530788 wMSE=148805.5239 wMRED=3.84959780 wER=0.332205 wMAE=124.7638 wBias=11.9437 condBias=142.3309 dotDrift=+1.982sigma uMRED=0.3513041720 uER=0.400635 uMAE=154.8281 WCE=3364 bias=56.6250 *BEST*
[quad_warmup_bit:02375] loss=0.280360 tau=1.50 collapse_w=0.000 mid_frac=0.226 hard=score=7.4181422464 wNMSE=1.5479631 wMSE=148315.3728 wMRED=3.83938587 wER=0.330466 wMAE=123.5938 wBias=10.6979 condBias=141.9532 dotDrift=+1.778sigma uMRED=0.3403209459 uER=0.391846 uMAE=147.2031 WCE=3364 bias=48.6250 *BEST*
[quad_warmup_bit:02400] loss=0.276307 tau=1.50 collapse_w=0.000 mid_frac=0.226 hard=score=7.4181422464 wNMSE=1.5479631 wMSE=148315.3728 wMRED=3.83938587 wER=0.330466 wMAE=123.5938 wBias=10.6979 condBias=141.9532 dotDrift=+1.778sigma uMRED=0.3403209459 uER=0.391846 uMAE=147.2031 WCE=3364 bias=48.6250
[quad_warmup_bit:02600] loss=0.242589 tau=1.50 collapse_w=0.000 mid_frac=0.196 hard=score=86.3320847655 wNMSE=0.83575859 wMSE=80076.7437 wMRED=3.24745565 wER=0.320759 wMAE=88.3655 wBias=-44.5903 condBias=117.8655 dotDrift=-10.085sigma uMRED=0.2502764443 uER=0.367188 uMAE=96.6406 WCE=3364 bias=-31.5000
[quad_warmup_bit:02800] loss=0.212934 tau=1.50 collapse_w=0.000 mid_frac=0.185 hard=score=86.3320847655 wNMSE=0.83575859 wMSE=80076.7437 wMRED=3.24745565 wER=0.320759 wMAE=88.3655 wBias=-44.5903 condBias=117.8655 dotDrift=-10.085sigma uMRED=0.2502764443 uER=0.367188 uMAE=96.6406 WCE=3364 bias=-31.5000
[quad_warmup_bit:03000] loss=0.191231 tau=1.50 collapse_w=0.000 mid_frac=0.179 hard=score=122.7308265196 wNMSE=0.8903031 wMSE=85302.8312 wMRED=3.64208531 wER=0.312305 wMAE=93.6551 wBias=-53.2659 condBias=129.7328 dotDrift=-11.672sigma uMRED=0.2595660066 uER=0.350098 uMAE=96.3438 WCE=3364 bias=-29.5000
[quad_warmup_bit:03200] loss=0.175834 tau=1.50 collapse_w=0.000 mid_frac=0.173 hard=score=237.1780574552 wNMSE=1.1453828 wMSE=109742.8473 wMRED=5.06047699 wER=0.302078 wMAE=114.6812 wBias=-74.1843 condBias=168.2387 dotDrift=-14.332sigma uMRED=0.2961115638 uER=0.328613 uMAE=101.2656 WCE=3364 bias=-33.5000
[quad_warmup_bit:03400] loss=0.164404 tau=1.50 collapse_w=0.000 mid_frac=0.167 hard=score=19.5127891203 wNMSE=0.50653591 wMSE=48532.8505 wMRED=1.95070865 wER=0.294723 wMAE=63.0771 wBias=-20.8964 condBias=68.0936 dotDrift=-6.071sigma uMRED=0.1818529891 uER=0.313965 uMAE=76.3145 WCE=3156 bias=-7.5000
[quad_warmup_bit:03600] loss=0.155504 tau=1.50 collapse_w=0.000 mid_frac=0.161 hard=score=19.5127891203 wNMSE=0.50653591 wMSE=48532.8505 wMRED=1.95070865 wER=0.294723 wMAE=63.0771 wBias=-20.8964 condBias=68.0936 dotDrift=-6.071sigma uMRED=0.1818529891 uER=0.313965 uMAE=76.3145 WCE=3156 bias=-7.5000
[quad_warmup_bit:03800] loss=0.147595 tau=1.50 collapse_w=0.000 mid_frac=0.149 hard=score=22.3959129677 wNMSE=0.57173134 wMSE=54779.4357 wMRED=2.07859473 wER=0.294723 wMAE=63.9714 wBias=-22.4045 condBias=66.7218 dotDrift=-6.126sigma uMRED=0.1935498395 uER=0.313965 uMAE=76.7773 WCE=3460 bias=-8.5000
[quad_warmup_bit:04000] loss=0.139580 tau=1.50 collapse_w=0.000 mid_frac=0.137 hard=score=18.3564865450 wNMSE=0.52317477 wMSE=50127.0739 wMRED=1.96863785 wER=0.302842 wMAE=62.3353 wBias=-20.2237 condBias=65.9233 dotDrift=-5.781sigma uMRED=0.1828753703 uER=0.336426 uMAE=75.8848 WCE=3392 bias=-6.0000
[quad_warmup_bit:04025] loss=0.138627 tau=1.50 collapse_w=0.000 mid_frac=0.137 hard=score=5.9259663654 wNMSE=0.32223371 wMSE=30874.2579 wMRED=1.50417201 wER=0.325450 wMAE=59.6791 wBias=-11.1490 condBias=55.7845 dotDrift=-4.061sigma uMRED=0.1364712088 uER=0.359131 uMAE=77.7500 WCE=3088 bias=-3.0000 *BEST*
[quad_warmup_bit:04200] loss=0.132172 tau=1.50 collapse_w=0.000 mid_frac=0.131 hard=score=6.0691664865 wNMSE=0.33137808 wMSE=31750.4099 wMRED=1.50723989 wER=0.319890 wMAE=59.7209 wBias=-11.2915 condBias=55.1052 dotDrift=-4.056sigma uMRED=0.1372105332 uER=0.348145 uMAE=77.9297 WCE=3072 bias=-3.5000
[quad_warmup_bit:04350] loss=0.126899 tau=1.50 collapse_w=0.000 mid_frac=0.125 hard=score=0.5953338991 wNMSE=0.32435368 wMSE=31077.3790 wMRED=1.05873381 wER=0.277040 wMAE=53.1777 wBias=0.1105 condBias=55.7972 dotDrift=+0.040sigma uMRED=0.1268318614 uER=0.336426 uMAE=76.2422 WCE=3072 bias=0.5000 *BEST*
[quad_warmup_bit:04400] loss=0.125306 tau=1.50 collapse_w=0.000 mid_frac=0.119 hard=score=1.2593423575 wNMSE=0.30313923 wMSE=29044.7537 wMRED=0.88326593 wER=0.259945 wMAE=50.4308 wBias=-4.0268 condBias=55.1875 dotDrift=-1.512sigma uMRED=0.1192493354 uER=0.324707 uMAE=73.4219 WCE=3072 bias=-2.5000
[quad_warmup_bit:04600] loss=0.120529 tau=1.50 collapse_w=0.000 mid_frac=0.119 hard=score=11.4219781233 wNMSE=0.13750046 wMSE=13174.3658 wMRED=0.93602490 wER=0.270686 wMAE=37.9036 wBias=-16.1513 condBias=62.9286 dotDrift=-9.006sigma uMRED=0.0982778394 uER=0.324707 uMAE=51.1895 WCE=772 bias=-24.5000
[quad_warmup_bit:04800] loss=0.117374 tau=1.50 collapse_w=0.000 mid_frac=0.095 hard=score=1.1640309055 wNMSE=0.069623225 wMSE=6670.8273 wMRED=0.74666699 wER=0.250555 wMAE=25.5422 wBias=-4.8681 condBias=45.8282 dotDrift=-3.815sigma uMRED=0.0678661146 uER=0.294434 uMAE=33.0312 WCE=592 bias=-7.5000
[quad_warmup_bit:05000] loss=0.114106 tau=1.50 collapse_w=0.000 mid_frac=0.095 hard=score=1.1640309055 wNMSE=0.069623225 wMSE=6670.8273 wMRED=0.74666699 wER=0.250555 wMAE=25.5422 wBias=-4.8681 condBias=45.8282 dotDrift=-3.815sigma uMRED=0.0678661146 uER=0.294434 uMAE=33.0312 WCE=592 bias=-7.5000
[quad_warmup_bit:05200] loss=0.109856 tau=1.50 collapse_w=0.000 mid_frac=0.089 hard=score=1.1640309055 wNMSE=0.069623225 wMSE=6670.8273 wMRED=0.74666699 wER=0.250555 wMAE=25.5422 wBias=-4.8681 condBias=45.8282 dotDrift=-3.815sigma uMRED=0.0678661146 uER=0.294434 uMAE=33.0312 WCE=592 bias=-7.5000
[quad_warmup_bit:05400] loss=0.105879 tau=1.50 collapse_w=0.000 mid_frac=0.077 hard=score=3.9865465236 wNMSE=0.066628109 wMSE=6383.8555 wMRED=0.57823483 wER=0.231674 wMAE=23.3002 wBias=-9.4758 condBias=45.1953 dotDrift=-7.590sigma uMRED=0.0621196573 uER=0.278809 uMAE=31.1875 WCE=592 bias=-11.5000
[quad_warmup_bit:05600] loss=0.102945 tau=1.50 collapse_w=0.000 mid_frac=0.077 hard=score=3.9865465236 wNMSE=0.066628109 wMSE=6383.8555 wMRED=0.57823483 wER=0.231674 wMAE=23.3002 wBias=-9.4758 condBias=45.1953 dotDrift=-7.590sigma uMRED=0.0621196573 uER=0.278809 uMAE=31.1875 WCE=592 bias=-11.5000
[quad_warmup_bit:05800] loss=0.101326 tau=1.50 collapse_w=0.000 mid_frac=0.077 hard=score=5.3973428672 wNMSE=0.072341946 wMSE=6931.3167 wMRED=0.60203576 wER=0.239161 wMAE=24.8875 wBias=-11.0631 condBias=49.2290 dotDrift=-8.505sigma uMRED=0.0656736820 uER=0.284668 uMAE=33.1875 WCE=656 bias=-13.5000
[quad_warmup_bit:05999] loss=0.100502 tau=1.50 collapse_w=0.000 mid_frac=0.077 hard=score=5.3973428672 wNMSE=0.072341946 wMSE=6931.3167 wMRED=0.60203576 wER=0.239161 wMAE=24.8875 wBias=-11.0631 condBias=49.2290 dotDrift=-8.505sigma uMRED=0.0656736820 uER=0.284668 uMAE=33.1875 WCE=656 bias=-13.5000
[quad_soft:00000] loss=0.364662 tau=1.50 collapse_w=0.000 mid_frac=0.077 hard=score=5.3973428672 wNMSE=0.072341946 wMSE=6931.3167 wMRED=0.60203576 wER=0.239161 wMAE=24.8875 wBias=-11.0631 condBias=49.2290 dotDrift=-8.505sigma uMRED=0.0656736820 uER=0.284668 uMAE=33.1875 WCE=656 bias=-13.5000
[quad_soft:00200] loss=0.223494 tau=1.59 collapse_w=0.000 mid_frac=0.060 hard=score=11.7896578386 wNMSE=0.076625982 wMSE=7341.7841 wMRED=0.75958546 wER=0.271570 wMAE=26.6882 wBias=-16.4838 condBias=50.0948 dotDrift=-12.312sigma uMRED=0.0686205978 uER=0.312012 uMAE=32.9375 WCE=656 bias=-19.2500
[quad_soft:00400] loss=0.188404 tau=1.68 collapse_w=0.000 mid_frac=0.042 hard=score=0.0774253261 wNMSE=0.014784697 wMSE=1416.5698 wMRED=0.55735359 wER=0.259471 wMAE=14.4805 wBias=-0.9805 condBias=22.3621 dotDrift=-1.667sigma uMRED=0.0358382345 uER=0.291504 uMAE=16.1055 WCE=176 bias=-0.2500 *BEST*
[quad_soft:00475] loss=0.179708 tau=1.71 collapse_w=0.000 mid_frac=0.042 hard=score=0.0310209358 wNMSE=0.01101901 wMSE=1055.7672 wMRED=0.37600268 wER=0.245943 wMAE=11.6145 wBias=-0.1613 condBias=19.3947 dotDrift=-0.318sigma uMRED=0.0286021910 uER=0.279785 uMAE=13.6055 WCE=176 bias=0.2500 *BEST*
[quad_soft:00600] loss=0.169457 tau=1.77 collapse_w=0.000 mid_frac=0.042 hard=score=0.1806327896 wNMSE=0.0097471954 wMSE=933.9104 wMRED=0.45414217 wER=0.279371 wMAE=11.7392 wBias=1.8909 condBias=18.2591 dotDrift=+3.960sigma uMRED=0.0298068022 uER=0.309082 uMAE=13.5430 WCE=176 bias=2.2500
[quad_soft:00800] loss=0.158653 tau=1.86 collapse_w=0.000 mid_frac=0.042 hard=score=0.1005271151 wNMSE=0.011880622 wMSE=1138.3209 wMRED=0.45571849 wER=0.285326 wMAE=13.4444 wBias=-1.2838 condBias=17.7537 dotDrift=-2.435sigma uMRED=0.0324837096 uER=0.319336 uMAE=16.2305 WCE=176 bias=-1.7500
[quad_soft:01000] loss=0.155457 tau=1.95 collapse_w=0.000 mid_frac=0.036 hard=score=0.1806327896 wNMSE=0.0097471954 wMSE=933.9104 wMRED=0.45414217 wER=0.279371 wMAE=11.7392 wBias=1.8909 condBias=18.2591 dotDrift=+3.960sigma uMRED=0.0298068022 uER=0.309082 uMAE=13.5430 WCE=176 bias=2.2500
[quad_soft:01200] loss=0.151524 tau=2.04 collapse_w=0.000 mid_frac=0.042 hard=score=0.1806327896 wNMSE=0.0097471954 wMSE=933.9104 wMRED=0.45414217 wER=0.279371 wMAE=11.7392 wBias=1.8909 condBias=18.2591 dotDrift=+3.960sigma uMRED=0.0298068022 uER=0.309082 uMAE=13.5430 WCE=176 bias=2.2500
[quad_soft:01400] loss=0.147617 tau=2.13 collapse_w=0.000 mid_frac=0.042 hard=score=0.1806327896 wNMSE=0.0097471954 wMSE=933.9104 wMRED=0.45414217 wER=0.279371 wMAE=11.7392 wBias=1.8909 condBias=18.2591 dotDrift=+3.960sigma uMRED=0.0298068022 uER=0.309082 uMAE=13.5430 WCE=176 bias=2.2500
[quad_soft:01600] loss=0.144849 tau=2.22 collapse_w=0.000 mid_frac=0.042 hard=score=0.1806327896 wNMSE=0.0097471954 wMSE=933.9104 wMRED=0.45414217 wER=0.279371 wMAE=11.7392 wBias=1.8909 condBias=18.2591 dotDrift=+3.960sigma uMRED=0.0298068022 uER=0.309082 uMAE=13.5430 WCE=176 bias=2.2500
[quad_soft:01800] loss=0.142398 tau=2.31 collapse_w=0.000 mid_frac=0.042 hard=score=0.1005271151 wNMSE=0.011880622 wMSE=1138.3209 wMRED=0.45571849 wER=0.285326 wMAE=13.4444 wBias=-1.2838 condBias=17.7537 dotDrift=-2.435sigma uMRED=0.0324837096 uER=0.319336 uMAE=16.2305 WCE=176 bias=-1.7500
[quad_soft:02000] loss=0.140028 tau=2.40 collapse_w=0.000 mid_frac=0.042 hard=score=0.1005271151 wNMSE=0.011880622 wMSE=1138.3209 wMRED=0.45571849 wER=0.285326 wMAE=13.4444 wBias=-1.2838 condBias=17.7537 dotDrift=-2.435sigma uMRED=0.0324837096 uER=0.319336 uMAE=16.2305 WCE=176 bias=-1.7500
[quad_soft:02200] loss=0.137689 tau=2.49 collapse_w=0.000 mid_frac=0.042 hard=score=0.1005271151 wNMSE=0.011880622 wMSE=1138.3209 wMRED=0.45571849 wER=0.285326 wMAE=13.4444 wBias=-1.2838 condBias=17.7537 dotDrift=-2.435sigma uMRED=0.0324837096 uER=0.319336 uMAE=16.2305 WCE=176 bias=-1.7500
[quad_soft:02400] loss=0.135362 tau=2.58 collapse_w=0.000 mid_frac=0.048 hard=score=0.1168123376 wNMSE=0.011921758 wMSE=1142.2623 wMRED=0.46232153 wER=0.298916 wMAE=13.5842 wBias=-1.4236 condBias=17.8410 dotDrift=-2.696sigma uMRED=0.0327671632 uER=0.331055 uMAE=16.3555 WCE=176 bias=-1.8750
[quad_soft:02600] loss=0.133047 tau=2.67 collapse_w=0.000 mid_frac=0.048 hard=score=0.1168123376 wNMSE=0.011921758 wMSE=1142.2623 wMRED=0.46232153 wER=0.298916 wMAE=13.5842 wBias=-1.4236 condBias=17.8410 dotDrift=-2.696sigma uMRED=0.0327671632 uER=0.331055 uMAE=16.3555 WCE=176 bias=-1.8750
[quad_soft:02800] loss=0.130727 tau=2.76 collapse_w=0.000 mid_frac=0.048 hard=score=0.1168123376 wNMSE=0.011921758 wMSE=1142.2623 wMRED=0.46232153 wER=0.298916 wMAE=13.5842 wBias=-1.4236 condBias=17.8410 dotDrift=-2.696sigma uMRED=0.0327671632 uER=0.331055 uMAE=16.3555 WCE=176 bias=-1.8750
[quad_soft:03000] loss=0.128414 tau=2.85 collapse_w=0.000 mid_frac=0.048 hard=score=0.1168123376 wNMSE=0.011921758 wMSE=1142.2623 wMRED=0.46232153 wER=0.298916 wMAE=13.5842 wBias=-1.4236 condBias=17.8410 dotDrift=-2.696sigma uMRED=0.0327671632 uER=0.331055 uMAE=16.3555 WCE=176 bias=-1.8750
[quad_soft:03200] loss=0.126079 tau=2.94 collapse_w=0.000 mid_frac=0.048 hard=score=0.1168123376 wNMSE=0.011921758 wMSE=1142.2623 wMRED=0.46232153 wER=0.298916 wMAE=13.5842 wBias=-1.4236 condBias=17.8410 dotDrift=-2.696sigma uMRED=0.0327671632 uER=0.331055 uMAE=16.3555 WCE=176 bias=-1.8750
[quad_soft:03400] loss=0.123749 tau=3.03 collapse_w=0.000 mid_frac=0.048 hard=score=0.1168123376 wNMSE=0.011921758 wMSE=1142.2623 wMRED=0.46232153 wER=0.298916 wMAE=13.5842 wBias=-1.4236 condBias=17.8410 dotDrift=-2.696sigma uMRED=0.0327671632 uER=0.331055 uMAE=16.3555 WCE=176 bias=-1.8750
[quad_soft:03600] loss=0.121415 tau=3.12 collapse_w=0.000 mid_frac=0.048 hard=score=0.1168123376 wNMSE=0.011921758 wMSE=1142.2623 wMRED=0.46232153 wER=0.298916 wMAE=13.5842 wBias=-1.4236 condBias=17.8410 dotDrift=-2.696sigma uMRED=0.0327671632 uER=0.331055 uMAE=16.3555 WCE=176 bias=-1.8750
[quad_soft:03800] loss=0.119055 tau=3.21 collapse_w=0.000 mid_frac=0.048 hard=score=0.1168123376 wNMSE=0.011921758 wMSE=1142.2623 wMRED=0.46232153 wER=0.298916 wMAE=13.5842 wBias=-1.4236 condBias=17.8410 dotDrift=-2.696sigma uMRED=0.0327671632 uER=0.331055 uMAE=16.3555 WCE=176 bias=-1.8750
[quad_soft:04000] loss=0.116684 tau=3.30 collapse_w=0.000 mid_frac=0.054 hard=score=0.1168123376 wNMSE=0.011921758 wMSE=1142.2623 wMRED=0.46232153 wER=0.298916 wMAE=13.5842 wBias=-1.4236 condBias=17.8410 dotDrift=-2.696sigma uMRED=0.0327671632 uER=0.331055 uMAE=16.3555 WCE=176 bias=-1.8750
[quad_soft:04200] loss=0.113801 tau=3.39 collapse_w=0.000 mid_frac=0.054 hard=score=0.1168123376 wNMSE=0.011921758 wMSE=1142.2623 wMRED=0.46232153 wER=0.298916 wMAE=13.5842 wBias=-1.4236 condBias=17.8410 dotDrift=-2.696sigma uMRED=0.0327671632 uER=0.331055 uMAE=16.3555 WCE=176 bias=-1.8750
[quad_soft:04400] loss=0.110897 tau=3.48 collapse_w=0.000 mid_frac=0.054 hard=score=0.1168123376 wNMSE=0.011921758 wMSE=1142.2623 wMRED=0.46232153 wER=0.298916 wMAE=13.5842 wBias=-1.4236 condBias=17.8410 dotDrift=-2.696sigma uMRED=0.0327671632 uER=0.331055 uMAE=16.3555 WCE=176 bias=-1.8750
[quad_soft:04600] loss=0.108004 tau=3.57 collapse_w=0.000 mid_frac=0.054 hard=score=0.1168123376 wNMSE=0.011921758 wMSE=1142.2623 wMRED=0.46232153 wER=0.298916 wMAE=13.5842 wBias=-1.4236 condBias=17.8410 dotDrift=-2.696sigma uMRED=0.0327671632 uER=0.331055 uMAE=16.3555 WCE=176 bias=-1.8750
[quad_soft:04800] loss=0.105097 tau=3.66 collapse_w=0.000 mid_frac=0.054 hard=score=0.1168123376 wNMSE=0.011921758 wMSE=1142.2623 wMRED=0.46232153 wER=0.298916 wMAE=13.5842 wBias=-1.4236 condBias=17.8410 dotDrift=-2.696sigma uMRED=0.0327671632 uER=0.331055 uMAE=16.3555 WCE=176 bias=-1.8750
[quad_soft:05000] loss=0.102185 tau=3.75 collapse_w=0.000 mid_frac=0.054 hard=score=0.1168123376 wNMSE=0.011921758 wMSE=1142.2623 wMRED=0.46232153 wER=0.298916 wMAE=13.5842 wBias=-1.4236 condBias=17.8410 dotDrift=-2.696sigma uMRED=0.0327671632 uER=0.331055 uMAE=16.3555 WCE=176 bias=-1.8750
[quad_soft:05200] loss=0.099275 tau=3.84 collapse_w=0.000 mid_frac=0.054 hard=score=0.1168123376 wNMSE=0.011921758 wMSE=1142.2623 wMRED=0.46232153 wER=0.298916 wMAE=13.5842 wBias=-1.4236 condBias=17.8410 dotDrift=-2.696sigma uMRED=0.0327671632 uER=0.331055 uMAE=16.3555 WCE=176 bias=-1.8750
[quad_soft:05400] loss=0.096358 tau=3.93 collapse_w=0.000 mid_frac=0.054 hard=score=0.1168123376 wNMSE=0.011921758 wMSE=1142.2623 wMRED=0.46232153 wER=0.298916 wMAE=13.5842 wBias=-1.4236 condBias=17.8410 dotDrift=-2.696sigma uMRED=0.0327671632 uER=0.331055 uMAE=16.3555 WCE=176 bias=-1.8750
[quad_soft:05600] loss=0.093440 tau=4.02 collapse_w=0.000 mid_frac=0.054 hard=score=0.1168123376 wNMSE=0.011921758 wMSE=1142.2623 wMRED=0.46232153 wER=0.298916 wMAE=13.5842 wBias=-1.4236 condBias=17.8410 dotDrift=-2.696sigma uMRED=0.0327671632 uER=0.331055 uMAE=16.3555 WCE=176 bias=-1.8750
[quad_soft:05800] loss=0.090526 tau=4.11 collapse_w=0.000 mid_frac=0.054 hard=score=0.1168123376 wNMSE=0.011921758 wMSE=1142.2623 wMRED=0.46232153 wER=0.298916 wMAE=13.5842 wBias=-1.4236 condBias=17.8410 dotDrift=-2.696sigma uMRED=0.0327671632 uER=0.331055 uMAE=16.3555 WCE=176 bias=-1.8750
[quad_soft:06000] loss=0.087586 tau=4.20 collapse_w=0.000 mid_frac=0.054 hard=score=0.1168123376 wNMSE=0.011921758 wMSE=1142.2623 wMRED=0.46232153 wER=0.298916 wMAE=13.5842 wBias=-1.4236 condBias=17.8410 dotDrift=-2.696sigma uMRED=0.0327671632 uER=0.331055 uMAE=16.3555 WCE=176 bias=-1.8750
[quad_soft:06200] loss=0.085618 tau=4.29 collapse_w=0.025 mid_frac=0.054 hard=score=0.1168123376 wNMSE=0.011921758 wMSE=1142.2623 wMRED=0.46232153 wER=0.298916 wMAE=13.5842 wBias=-1.4236 condBias=17.8410 dotDrift=-2.696sigma uMRED=0.0327671632 uER=0.331055 uMAE=16.3555 WCE=176 bias=-1.8750
[quad_soft:06400] loss=0.083523 tau=4.38 collapse_w=0.050 mid_frac=0.042 hard=score=0.1589938815 wNMSE=0.0097883313 wMSE=937.8518 wMRED=0.46074520 wER=0.292961 wMAE=11.8790 wBias=1.7510 condBias=18.3440 dotDrift=+3.659sigma uMRED=0.0300902558 uER=0.320801 uMAE=13.6680 WCE=176 bias=2.1250
[quad_soft:06600] loss=0.081345 tau=4.47 collapse_w=0.075 mid_frac=0.042 hard=score=0.1589938815 wNMSE=0.0097883313 wMSE=937.8518 wMRED=0.46074520 wER=0.292961 wMAE=11.8790 wBias=1.7510 condBias=18.3440 dotDrift=+3.659sigma uMRED=0.0300902558 uER=0.320801 uMAE=13.6680 WCE=176 bias=2.1250
[quad_soft:06800] loss=0.079109 tau=4.56 collapse_w=0.100 mid_frac=0.030 hard=score=0.1967734663 wNMSE=0.0096672002 wMSE=926.2458 wMRED=0.45242946 wER=0.279371 wMAE=11.6405 wBias=1.9896 condBias=18.0817 dotDrift=+4.184sigma uMRED=0.0296123668 uER=0.309082 uMAE=13.4180 WCE=176 bias=2.3750
[quad_soft:07000] loss=0.076825 tau=4.65 collapse_w=0.125 mid_frac=0.030 hard=score=0.1967734663 wNMSE=0.0096672002 wMSE=926.2458 wMRED=0.45242946 wER=0.279371 wMAE=11.6405 wBias=1.9896 condBias=18.0817 dotDrift=+4.184sigma uMRED=0.0296123668 uER=0.309082 uMAE=13.4180 WCE=176 bias=2.3750
[quad_soft:07200] loss=0.074489 tau=4.74 collapse_w=0.150 mid_frac=0.030 hard=score=0.1967734663 wNMSE=0.0096672002 wMSE=926.2458 wMRED=0.45242946 wER=0.279371 wMAE=11.6405 wBias=1.9896 condBias=18.0817 dotDrift=+4.184sigma uMRED=0.0296123668 uER=0.309082 uMAE=13.4180 WCE=176 bias=2.3750
[quad_soft:07400] loss=0.072104 tau=4.83 collapse_w=0.175 mid_frac=0.030 hard=score=0.1967734663 wNMSE=0.0096672002 wMSE=926.2458 wMRED=0.45242946 wER=0.279371 wMAE=11.6405 wBias=1.9896 condBias=18.0817 dotDrift=+4.184sigma uMRED=0.0296123668 uER=0.309082 uMAE=13.4180 WCE=176 bias=2.3750
[quad_soft:07600] loss=0.069696 tau=4.92 collapse_w=0.200 mid_frac=0.030 hard=score=0.1967734663 wNMSE=0.0096672002 wMSE=926.2458 wMRED=0.45242946 wER=0.279371 wMAE=11.6405 wBias=1.9896 condBias=18.0817 dotDrift=+4.184sigma uMRED=0.0296123668 uER=0.309082 uMAE=13.4180 WCE=176 bias=2.3750
[quad_soft:07800] loss=0.067241 tau=5.01 collapse_w=0.225 mid_frac=0.030 hard=score=0.1967734663 wNMSE=0.0096672002 wMSE=926.2458 wMRED=0.45242946 wER=0.279371 wMAE=11.6405 wBias=1.9896 condBias=18.0817 dotDrift=+4.184sigma uMRED=0.0296123668 uER=0.309082 uMAE=13.4180 WCE=176 bias=2.3750
[quad_soft:08000] loss=0.064754 tau=5.10 collapse_w=0.250 mid_frac=0.030 hard=score=0.1967734663 wNMSE=0.0096672002 wMSE=926.2458 wMRED=0.45242946 wER=0.279371 wMAE=11.6405 wBias=1.9896 condBias=18.0817 dotDrift=+4.184sigma uMRED=0.0296123668 uER=0.309082 uMAE=13.4180 WCE=176 bias=2.3750
[quad_soft:08200] loss=0.062227 tau=5.19 collapse_w=0.275 mid_frac=0.024 hard=score=0.1967734663 wNMSE=0.0096672002 wMSE=926.2458 wMRED=0.45242946 wER=0.279371 wMAE=11.6405 wBias=1.9896 condBias=18.0817 dotDrift=+4.184sigma uMRED=0.0296123668 uER=0.309082 uMAE=13.4180 WCE=176 bias=2.3750
[quad_soft:08400] loss=0.059656 tau=5.28 collapse_w=0.300 mid_frac=0.024 hard=score=0.1967734663 wNMSE=0.0096672002 wMSE=926.2458 wMRED=0.45242946 wER=0.279371 wMAE=11.6405 wBias=1.9896 condBias=18.0817 dotDrift=+4.184sigma uMRED=0.0296123668 uER=0.309082 uMAE=13.4180 WCE=176 bias=2.3750
[quad_soft:08600] loss=0.057013 tau=5.37 collapse_w=0.325 mid_frac=0.024 hard=score=0.1967734663 wNMSE=0.0096672002 wMSE=926.2458 wMRED=0.45242946 wER=0.279371 wMAE=11.6405 wBias=1.9896 condBias=18.0817 dotDrift=+4.184sigma uMRED=0.0296123668 uER=0.309082 uMAE=13.4180 WCE=176 bias=2.3750
[quad_soft:08800] loss=0.054317 tau=5.46 collapse_w=0.350 mid_frac=0.024 hard=score=0.1967734663 wNMSE=0.0096672002 wMSE=926.2458 wMRED=0.45242946 wER=0.279371 wMAE=11.6405 wBias=1.9896 condBias=18.0817 dotDrift=+4.184sigma uMRED=0.0296123668 uER=0.309082 uMAE=13.4180 WCE=176 bias=2.3750
[quad_soft:09000] loss=0.051572 tau=5.55 collapse_w=0.375 mid_frac=0.024 hard=score=0.1967734663 wNMSE=0.0096672002 wMSE=926.2458 wMRED=0.45242946 wER=0.279371 wMAE=11.6405 wBias=1.9896 condBias=18.0817 dotDrift=+4.184sigma uMRED=0.0296123668 uER=0.309082 uMAE=13.4180 WCE=176 bias=2.3750
[quad_soft:09200] loss=0.048751 tau=5.64 collapse_w=0.400 mid_frac=0.024 hard=score=0.1967734663 wNMSE=0.0096672002 wMSE=926.2458 wMRED=0.45242946 wER=0.279371 wMAE=11.6405 wBias=1.9896 condBias=18.0817 dotDrift=+4.184sigma uMRED=0.0296123668 uER=0.309082 uMAE=13.4180 WCE=176 bias=2.3750
[quad_soft:09400] loss=0.045853 tau=5.73 collapse_w=0.425 mid_frac=0.024 hard=score=0.1967734663 wNMSE=0.0096672002 wMSE=926.2458 wMRED=0.45242946 wER=0.279371 wMAE=11.6405 wBias=1.9896 condBias=18.0817 dotDrift=+4.184sigma uMRED=0.0296123668 uER=0.309082 uMAE=13.4180 WCE=176 bias=2.3750
[quad_soft:09600] loss=0.042851 tau=5.82 collapse_w=0.450 mid_frac=0.024 hard=score=0.1967734663 wNMSE=0.0096672002 wMSE=926.2458 wMRED=0.45242946 wER=0.279371 wMAE=11.6405 wBias=1.9896 condBias=18.0817 dotDrift=+4.184sigma uMRED=0.0296123668 uER=0.309082 uMAE=13.4180 WCE=176 bias=2.3750
[quad_soft:09800] loss=0.039703 tau=5.91 collapse_w=0.475 mid_frac=0.024 hard=score=0.1967734663 wNMSE=0.0096672002 wMSE=926.2458 wMRED=0.45242946 wER=0.279371 wMAE=11.6405 wBias=1.9896 condBias=18.0817 dotDrift=+4.184sigma uMRED=0.0296123668 uER=0.309082 uMAE=13.4180 WCE=176 bias=2.3750
[quad_soft:09999] loss=0.036329 tau=6.00 collapse_w=0.500 mid_frac=0.024 hard=score=0.1967734663 wNMSE=0.0096672002 wMSE=926.2458 wMRED=0.45242946 wER=0.279371 wMAE=11.6405 wBias=1.9896 condBias=18.0817 dotDrift=+4.184sigma uMRED=0.0296123668 uER=0.309082 uMAE=13.4180 WCE=176 bias=2.3750
[quad_hard_ste:00000] loss=0.220697 tau=6.00 collapse_w=0.500 mid_frac=0.024 hard=score=0.1967734663 wNMSE=0.0096672002 wMSE=926.2458 wMRED=0.45242946 wER=0.279371 wMAE=11.6405 wBias=1.9896 condBias=18.0817 dotDrift=+4.184sigma uMRED=0.0296123668 uER=0.309082 uMAE=13.4180 WCE=176 bias=2.3750
[quad_hard_ste:00200] loss=19.818972 tau=6.00 collapse_w=0.500 mid_frac=0.036 hard=score=19.7309772558 wNMSE=0.052986978 wMSE=5076.8544 wMRED=1.75850986 wER=0.305506 wMAE=27.8538 wBias=-21.4231 condBias=42.6785 dotDrift=-19.243sigma uMRED=0.0621807623 uER=0.316895 uMAE=18.1523 WCE=256 bias=-5.6250
[quad_hard_ste:00400] loss=19.818396 tau=6.00 collapse_w=0.500 mid_frac=0.030 hard=score=0.1967734663 wNMSE=0.0096672002 wMSE=926.2458 wMRED=0.45242946 wER=0.279371 wMAE=11.6405 wBias=1.9896 condBias=18.0817 dotDrift=+4.184sigma uMRED=0.0296123668 uER=0.309082 uMAE=13.4180 WCE=176 bias=2.3750
[quad_hard_ste:00600] loss=0.222978 tau=6.00 collapse_w=0.500 mid_frac=0.030 hard=score=0.1967734663 wNMSE=0.0096672002 wMSE=926.2458 wMRED=0.45242946 wER=0.279371 wMAE=11.6405 wBias=1.9896 condBias=18.0817 dotDrift=+4.184sigma uMRED=0.0296123668 uER=0.309082 uMAE=13.4180 WCE=176 bias=2.3750
[quad_hard_ste:00800] loss=19.817545 tau=6.00 collapse_w=0.500 mid_frac=0.036 hard=score=19.7309772558 wNMSE=0.052986978 wMSE=5076.8544 wMRED=1.75850986 wER=0.305506 wMAE=27.8538 wBias=-21.4231 condBias=42.6785 dotDrift=-19.243sigma uMRED=0.0621807623 uER=0.316895 uMAE=18.1523 WCE=256 bias=-5.6250
[quad_hard_ste:01000] loss=0.222252 tau=6.00 collapse_w=0.500 mid_frac=0.036 hard=score=19.7309772558 wNMSE=0.052986978 wMSE=5076.8544 wMRED=1.75850986 wER=0.305506 wMAE=27.8538 wBias=-21.4231 condBias=42.6785 dotDrift=-19.243sigma uMRED=0.0621807623 uER=0.316895 uMAE=18.1523 WCE=256 bias=-5.6250
[quad_hard_ste:01200] loss=0.221964 tau=6.00 collapse_w=0.500 mid_frac=0.036 hard=score=19.7309772558 wNMSE=0.052986978 wMSE=5076.8544 wMRED=1.75850986 wER=0.305506 wMAE=27.8538 wBias=-21.4231 condBias=42.6785 dotDrift=-19.243sigma uMRED=0.0621807623 uER=0.316895 uMAE=18.1523 WCE=256 bias=-5.6250
[quad_hard_ste:01400] loss=19.816671 tau=6.00 collapse_w=0.500 mid_frac=0.030 hard=score=0.1967734663 wNMSE=0.0096672002 wMSE=926.2458 wMRED=0.45242946 wER=0.279371 wMAE=11.6405 wBias=1.9896 condBias=18.0817 dotDrift=+4.184sigma uMRED=0.0296123668 uER=0.309082 uMAE=13.4180 WCE=176 bias=2.3750
[quad_hard_ste:01600] loss=0.221497 tau=6.00 collapse_w=0.500 mid_frac=0.030 hard=score=0.1967734663 wNMSE=0.0096672002 wMSE=926.2458 wMRED=0.45242946 wER=0.279371 wMAE=11.6405 wBias=1.9896 condBias=18.0817 dotDrift=+4.184sigma uMRED=0.0296123668 uER=0.309082 uMAE=13.4180 WCE=176 bias=2.3750
[quad_hard_ste:01800] loss=0.221308 tau=6.00 collapse_w=0.500 mid_frac=0.036 hard=score=19.7309772558 wNMSE=0.052986978 wMSE=5076.8544 wMRED=1.75850986 wER=0.305506 wMAE=27.8538 wBias=-21.4231 condBias=42.6785 dotDrift=-19.243sigma uMRED=0.0621807623 uER=0.316895 uMAE=18.1523 WCE=256 bias=-5.6250
[quad_hard_ste:02000] loss=0.221137 tau=6.00 collapse_w=0.500 mid_frac=0.036 hard=score=19.7309772558 wNMSE=0.052986978 wMSE=5076.8544 wMRED=1.75850986 wER=0.305506 wMAE=27.8538 wBias=-21.4231 condBias=42.6785 dotDrift=-19.243sigma uMRED=0.0621807623 uER=0.316895 uMAE=18.1523 WCE=256 bias=-5.6250
[quad_hard_ste:02200] loss=19.815937 tau=6.00 collapse_w=0.500 mid_frac=0.030 hard=score=0.1967734663 wNMSE=0.0096672002 wMSE=926.2458 wMRED=0.45242946 wER=0.279371 wMAE=11.6405 wBias=1.9896 condBias=18.0817 dotDrift=+4.184sigma uMRED=0.0296123668 uER=0.309082 uMAE=13.4180 WCE=176 bias=2.3750
[quad_hard_ste:02400] loss=0.220838 tau=6.00 collapse_w=0.500 mid_frac=0.030 hard=score=0.1967734663 wNMSE=0.0096672002 wMSE=926.2458 wMRED=0.45242946 wER=0.279371 wMAE=11.6405 wBias=1.9896 condBias=18.0817 dotDrift=+4.184sigma uMRED=0.0296123668 uER=0.309082 uMAE=13.4180 WCE=176 bias=2.3750
[quad_hard_ste:02600] loss=19.815670 tau=6.00 collapse_w=0.500 mid_frac=0.036 hard=score=19.7309772558 wNMSE=0.052986978 wMSE=5076.8544 wMRED=1.75850986 wER=0.305506 wMAE=27.8538 wBias=-21.4231 condBias=42.6785 dotDrift=-19.243sigma uMRED=0.0621807623 uER=0.316895 uMAE=18.1523 WCE=256 bias=-5.6250
[quad_hard_ste:02800] loss=0.220589 tau=6.00 collapse_w=0.500 mid_frac=0.030 hard=score=0.1967734663 wNMSE=0.0096672002 wMSE=926.2458 wMRED=0.45242946 wER=0.279371 wMAE=11.6405 wBias=1.9896 condBias=18.0817 dotDrift=+4.184sigma uMRED=0.0296123668 uER=0.309082 uMAE=13.4180 WCE=176 bias=2.3750
[quad_hard_ste:03000] loss=19.815439 tau=6.00 collapse_w=0.500 mid_frac=0.030 hard=score=0.1967734663 wNMSE=0.0096672002 wMSE=926.2458 wMRED=0.45242946 wER=0.279371 wMAE=11.6405 wBias=1.9896 condBias=18.0817 dotDrift=+4.184sigma uMRED=0.0296123668 uER=0.309082 uMAE=13.4180 WCE=176 bias=2.3750
[quad_hard_ste:03200] loss=0.220377 tau=6.00 collapse_w=0.500 mid_frac=0.030 hard=score=0.1967734663 wNMSE=0.0096672002 wMSE=926.2458 wMRED=0.45242946 wER=0.279371 wMAE=11.6405 wBias=1.9896 condBias=18.0817 dotDrift=+4.184sigma uMRED=0.0296123668 uER=0.309082 uMAE=13.4180 WCE=176 bias=2.3750
[quad_hard_ste:03400] loss=19.815243 tau=6.00 collapse_w=0.500 mid_frac=0.036 hard=score=19.7309772558 wNMSE=0.052986978 wMSE=5076.8544 wMRED=1.75850986 wER=0.305506 wMAE=27.8538 wBias=-21.4231 condBias=42.6785 dotDrift=-19.243sigma uMRED=0.0621807623 uER=0.316895 uMAE=18.1523 WCE=256 bias=-5.6250
[quad_hard_ste:03600] loss=19.815151 tau=6.00 collapse_w=0.500 mid_frac=0.030 hard=score=0.1967734663 wNMSE=0.0096672002 wMSE=926.2458 wMRED=0.45242946 wER=0.279371 wMAE=11.6405 wBias=1.9896 condBias=18.0817 dotDrift=+4.184sigma uMRED=0.0296123668 uER=0.309082 uMAE=13.4180 WCE=176 bias=2.3750
[quad_hard_ste:03800] loss=19.815063 tau=6.00 collapse_w=0.500 mid_frac=0.030 hard=score=0.1967734663 wNMSE=0.0096672002 wMSE=926.2458 wMRED=0.45242946 wER=0.279371 wMAE=11.6405 wBias=1.9896 condBias=18.0817 dotDrift=+4.184sigma uMRED=0.0296123668 uER=0.309082 uMAE=13.4180 WCE=176 bias=2.3750
[quad_hard_ste:03999] loss=19.814983 tau=6.00 collapse_w=0.500 mid_frac=0.030 hard=score=0.1967734663 wNMSE=0.0096672002 wMSE=926.2458 wMRED=0.45242946 wER=0.279371 wMAE=11.6405 wBias=1.9896 condBias=18.0817 dotDrift=+4.184sigma uMRED=0.0296123668 uER=0.309082 uMAE=13.4180 WCE=176 bias=2.3750
[pop00_soft:00000] loss=19.634068 tau=1.50 collapse_w=0.000 mid_frac=0.315 hard=score=345.4121952920 wNMSE=8.1946869 wMSE=785159.5632 wMRED=27.41436089 wER=0.560068 wMAE=400.7078 wBias=-87.9157 condBias=413.2618 dotDrift=-6.350sigma uMRED=0.9523745444 uER=0.557617 uMAE=291.1582 WCE=3240 bias=16.0625
[pop00_soft:00200] loss=4.891650 tau=2.25 collapse_w=0.000 mid_frac=0.286 hard=score=2836.4915384421 wNMSE=7.6064762 wMSE=728801.1796 wMRED=22.99080201 wER=0.536890 wMAE=315.0388 wBias=-256.9587 condBias=546.7612 dotDrift=-19.264sigma uMRED=0.8055499593 uER=0.553223 uMAE=243.3247 WCE=3421 bias=-164.4375
[pop00_soft:00400] loss=0.904964 tau=3.00 collapse_w=0.000 mid_frac=0.256 hard=score=15.0205883770 wNMSE=0.22004752 wMSE=21083.4673 wMRED=1.92842783 wER=0.462706 wMAE=63.2589 wBias=-18.4766 condBias=76.1687 dotDrift=-8.144sigma uMRED=0.2651604465 uER=0.507568 uMAE=165.2617 WCE=1296 bias=6.2500
[pop00_soft:00600] loss=0.161505 tau=3.75 collapse_w=0.000 mid_frac=0.185 hard=score=11.7730014793 wNMSE=0.18747546 wMSE=17962.6321 wMRED=1.23155994 wER=0.374351 wMAE=42.0494 wBias=-16.3245 condBias=72.6292 dotDrift=-7.795sigma uMRED=0.2338610754 uER=0.429199 uMAE=147.4180 WCE=1280 bias=-24.3750
[pop00_soft:00800] loss=0.101516 tau=4.50 collapse_w=0.084 mid_frac=0.185 hard=score=17.4932050872 wNMSE=0.18184659 wMSE=17423.3121 wMRED=1.08767144 wER=0.378903 wMAE=40.0769 wBias=-20.0106 condBias=72.3836 dotDrift=-9.702sigma uMRED=0.2248770851 uER=0.453857 uMAE=149.1719 WCE=1280 bias=-35.8750
[pop00_soft:01000] loss=0.081027 tau=5.25 collapse_w=0.293 mid_frac=0.167 hard=score=11.0994888003 wNMSE=0.16647662 wMSE=15950.6659 wMRED=0.74058462 wER=0.332345 wMAE=35.7675 wBias=-15.8658 condBias=69.6872 dotDrift=-8.040sigma uMRED=0.2048564262 uER=0.434326 uMAE=139.7500 WCE=1096 bias=-39.8750
[pop00_soft:01199] loss=0.059813 tau=6.00 collapse_w=0.500 mid_frac=0.155 hard=score=11.0994888003 wNMSE=0.16647662 wMSE=15950.6659 wMRED=0.74058462 wER=0.332345 wMAE=35.7675 wBias=-15.8658 condBias=69.6872 dotDrift=-8.040sigma uMRED=0.2048564262 uER=0.434326 uMAE=139.7500 WCE=1096 bias=-39.8750
[pop00_hard:00000] loss=11.109480 tau=6.00 collapse_w=0.500 mid_frac=0.155 hard=score=11.0994888003 wNMSE=0.16647662 wMSE=15950.6659 wMRED=0.74058462 wER=0.332345 wMAE=35.7675 wBias=-15.8658 condBias=69.6872 dotDrift=-8.040sigma uMRED=0.2048564262 uER=0.434326 uMAE=139.7500 WCE=1096 bias=-39.8750
[pop00_hard:00200] loss=9.260278 tau=6.00 collapse_w=0.500 mid_frac=0.137 hard=score=9.2539096172 wNMSE=0.1582307 wMSE=15160.5973 wMRED=0.73013181 wER=0.332345 wMAE=34.8053 wBias=-14.4602 condBias=65.0968 dotDrift=-7.516sigma uMRED=0.1960078273 uER=0.434326 uMAE=134.2344 WCE=1056 bias=-31.8750
[pop00_hard:00400] loss=0.412238 tau=6.00 collapse_w=0.500 mid_frac=0.113 hard=score=0.4043679311 wNMSE=0.19417262 wMSE=18604.3088 wMRED=0.81067295 wER=0.340896 wMAE=41.9781 wBias=1.1326 condBias=65.0615 dotDrift=+0.531sigma uMRED=0.2156986381 uER=0.449951 uMAE=146.1289 WCE=1056 bias=-9.8750
[pop00_hard:00599] loss=4.301054 tau=6.00 collapse_w=0.500 mid_frac=0.113 hard=score=0.4043679311 wNMSE=0.19417262 wMSE=18604.3088 wMRED=0.81067295 wER=0.340896 wMAE=41.9781 wBias=1.1326 condBias=65.0615 dotDrift=+0.531sigma uMRED=0.2156986381 uER=0.449951 uMAE=146.1289 WCE=1056 bias=-9.8750
[pop00] done (conf=0.53, noise=0.5); global best score=0.0310209358 wNMSE=0.01101901 wMSE=1055.7672 wMRED=0.37600268 wER=0.245943 wMAE=11.6145 wBias=-0.1613 condBias=19.3947 dotDrift=-0.318sigma uMRED=0.0286021910 uER=0.279785 uMAE=13.6055 WCE=176 bias=0.2500
[pop01_soft:00000] loss=7.313344 tau=1.50 collapse_w=0.000 mid_frac=0.375 hard=score=78.2825551733 wNMSE=4.0368538 wMSE=386784.0693 wMRED=9.94114496 wER=0.573895 wMAE=255.0457 wBias=40.9201 condBias=340.5366 dotDrift=+4.211sigma uMRED=0.7304470926 uER=0.571533 uMAE=360.7729 WCE=3176 bias=42.9375
[pop01_soft:00200] loss=2.854819 tau=2.25 collapse_w=0.000 mid_frac=0.387 hard=score=47.8630065699 wNMSE=2.6515386 wMSE=254052.5242 wMRED=5.27872737 wER=0.558636 wMAE=179.0427 wBias=31.9620 condBias=252.1165 dotDrift=+4.058sigma uMRED=0.5232740771 uER=0.566406 uMAE=288.3042 WCE=2752 bias=24.6875
[pop01_soft:00400] loss=1.427692 tau=3.00 collapse_w=0.000 mid_frac=0.321 hard=score=4.4212634384 wNMSE=1.0829985 wMSE=103765.5999 wMRED=2.90416733 wER=0.523519 wMAE=118.3450 wBias=7.9491 condBias=140.8461 dotDrift=+1.579sigma uMRED=0.3793075627 uER=0.542969 uMAE=223.2246 WCE=2784 bias=-2.8750
[pop01_soft:00600] loss=1.109090 tau=3.75 collapse_w=0.000 mid_frac=0.268 hard=score=2.6299984316 wNMSE=1.262331 wMSE=120948.0320 wMRED=3.00125763 wER=0.473165 wMAE=123.1766 wBias=3.8942 condBias=154.7589 dotDrift=+0.717sigma uMRED=0.3855579688 uER=0.520020 uMAE=220.5801 WCE=2904 bias=25.6250
[pop01_soft:00800] loss=0.941069 tau=4.50 collapse_w=0.084 mid_frac=0.244 hard=score=7.5993838964 wNMSE=1.011196 wMSE=96885.9688 wMRED=2.57699929 wER=0.440497 wMAE=105.8197 wBias=11.8882 condBias=138.3610 dotDrift=+2.444sigma uMRED=0.3014626557 uER=0.487061 uMAE=174.0039 WCE=1664 bias=13.3750
[pop01_soft:01000] loss=0.844941 tau=5.25 collapse_w=0.293 mid_frac=0.220 hard=score=6.0262469541 wNMSE=1.0048663 wMSE=96279.5030 wMRED=2.59567423 wER=0.440497 wMAE=105.0784 wBias=10.2357 condBias=138.4565 dotDrift=+2.111sigma uMRED=0.3098370034 uER=0.487061 uMAE=181.2539 WCE=1664 bias=19.3750
[pop01_soft:01199] loss=0.747199 tau=6.00 collapse_w=0.500 mid_frac=0.208 hard=score=13.5394045550 wNMSE=1.0072825 wMSE=96511.0082 wMRED=2.66664392 wER=0.500505 wMAE=109.1412 wBias=16.7574 condBias=138.3128 dotDrift=+3.452sigma uMRED=0.3118145987 uER=0.502686 uMAE=182.3066 WCE=1664 bias=21.3750
[pop01_hard:00000] loss=13.618922 tau=6.00 collapse_w=0.500 mid_frac=0.208 hard=score=13.5394045550 wNMSE=1.0072825 wMSE=96511.0082 wMRED=2.66664392 wER=0.500505 wMAE=109.1412 wBias=16.7574 condBias=138.3128 dotDrift=+3.452sigma uMRED=0.3118145987 uER=0.502686 uMAE=182.3066 WCE=1664 bias=21.3750
[pop01_hard:00200] loss=1.794592 tau=6.00 collapse_w=0.500 mid_frac=0.220 hard=score=1.7126342002 wNMSE=1.0037558 wMSE=96173.1037 wMRED=2.68876657 wER=0.423791 wMAE=102.2312 wBias=1.6201 condBias=145.2484 dotDrift=+0.334sigma uMRED=0.2944825598 uER=0.476807 uMAE=165.6836 WCE=1664 bias=-14.6250
[pop01_hard:00400] loss=1.743860 tau=6.00 collapse_w=0.500 mid_frac=0.238 hard=score=1.6493575410 wNMSE=1.0118027 wMSE=96944.1064 wMRED=2.84530931 wER=0.453213 wMAE=104.5372 wBias=-0.9769 condBias=145.9532 dotDrift=-0.201sigma uMRED=0.2992774515 uER=0.492676 uMAE=166.7285 WCE=1664 bias=-16.8750
[pop01_hard:00599] loss=1.761815 tau=6.00 collapse_w=0.500 mid_frac=0.238 hard=score=1.6493575410 wNMSE=1.0118027 wMSE=96944.1064 wMRED=2.84530931 wER=0.453213 wMAE=104.5372 wBias=-0.9769 condBias=145.9532 dotDrift=-0.201sigma uMRED=0.2992774515 uER=0.492676 uMAE=166.7285 WCE=1664 bias=-16.8750
[pop01] done (conf=0.51, noise=1.0); global best score=0.0310209358 wNMSE=0.01101901 wMSE=1055.7672 wMRED=0.37600268 wER=0.245943 wMAE=11.6145 wBias=-0.1613 condBias=19.3947 dotDrift=-0.318sigma uMRED=0.0286021910 uER=0.279785 uMAE=13.6055 WCE=176 bias=0.2500
[pop02_soft:00000] loss=14.987259 tau=1.50 collapse_w=0.000 mid_frac=0.262 hard=score=399.3232677844 wNMSE=9.3441285 wMSE=895291.2908 wMRED=29.27690429 wER=0.579105 wMAE=437.0754 wBias=-94.6362 condBias=454.3058 dotDrift=-6.401sigma uMRED=1.1106128045 uER=0.571533 uMAE=364.7290 WCE=3524 bias=149.1875
[pop02_soft:00200] loss=5.645966 tau=2.25 collapse_w=0.000 mid_frac=0.280 hard=score=18.5901903510 wNMSE=0.3988551 wMSE=38215.6027 wMRED=3.88800080 wER=0.556496 wMAE=87.6183 wBias=-20.3656 condBias=108.4487 dotDrift=-6.667sigma uMRED=0.3317776670 uER=0.564209 uMAE=192.1055 WCE=1952 bias=35.2500
[pop02_soft:00400] loss=1.712336 tau=3.00 collapse_w=0.000 mid_frac=0.256 hard=score=14.3844909216 wNMSE=0.27055294 wMSE=25922.5559 wMRED=2.31846670 wER=0.485355 wMAE=71.9775 wBias=18.0328 condBias=78.8295 dotDrift=+7.168sigma uMRED=0.2580800695 uER=0.537598 uMAE=157.9395 WCE=1280 bias=52.8750
[pop02_soft:00600] loss=0.407040 tau=3.75 collapse_w=0.000 mid_frac=0.190 hard=score=3.0992599243 wNMSE=0.26102538 wMSE=25009.6896 wMRED=2.05554973 wER=0.471565 wMAE=64.8726 wBias=7.8232 condBias=75.5817 dotDrift=+3.166sigma uMRED=0.2511686580 uER=0.516846 uMAE=154.4336 WCE=1588 bias=-32.8750
[pop02_soft:00800] loss=0.292829 tau=4.50 collapse_w=0.084 mid_frac=0.161 hard=score=4.4300836020 wNMSE=0.26641931 wMSE=25526.4991 wMRED=1.90770260 wER=0.496717 wMAE=63.8527 wBias=9.6086 condBias=73.9959 dotDrift=+3.849sigma uMRED=0.2450976503 uER=0.518311 uMAE=151.0039 WCE=1532 bias=-24.1250
[pop02_soft:01000] loss=0.222469 tau=5.25 collapse_w=0.293 mid_frac=0.119 hard=score=1.4071149236 wNMSE=0.18885557 wMSE=18094.8650 wMRED=1.79449641 wER=0.488351 wMAE=55.9924 wBias=-4.9320 condBias=65.6707 dotDrift=-2.347sigma uMRED=0.2039044401 uER=0.506592 uMAE=124.3320 WCE=1280 bias=11.0000
[pop02_soft:01199] loss=0.157008 tau=6.00 collapse_w=0.500 mid_frac=0.107 hard=score=0.4071992443 wNMSE=0.17993775 wMSE=17240.4198 wMRED=1.66765610 wER=0.479428 wMAE=52.5007 wBias=-1.1564 condBias=63.3171 dotDrift=-0.564sigma uMRED=0.1978133564 uER=0.503662 uMAE=122.3320 WCE=1280 bias=15.0000
[pop02_hard:00000] loss=0.455367 tau=6.00 collapse_w=0.500 mid_frac=0.107 hard=score=0.4071992443 wNMSE=0.17993775 wMSE=17240.4198 wMRED=1.66765610 wER=0.479428 wMAE=52.5007 wBias=-1.1564 condBias=63.3171 dotDrift=-0.564sigma uMRED=0.1978133564 uER=0.503662 uMAE=122.3320 WCE=1280 bias=15.0000
[pop02_hard:00200] loss=0.513415 tau=6.00 collapse_w=0.500 mid_frac=0.095 hard=score=0.5001701759 wNMSE=0.23305539 wMSE=22329.7935 wMRED=1.68101506 wER=0.479428 wMAE=54.5004 wBias=0.8433 condBias=72.6558 dotDrift=+0.361sigma uMRED=0.2409417112 uER=0.503662 uMAE=154.3320 WCE=1936 bias=47.0000
[pop02_hard:00400] loss=18.466923 tau=6.00 collapse_w=0.500 mid_frac=0.101 hard=score=18.4198229830 wNMSE=0.25151446 wMSE=24098.4167 wMRED=1.74321012 wER=0.479428 wMAE=59.1980 wBias=20.5053 condBias=69.2841 dotDrift=+8.454sigma uMRED=0.2149133391 uER=0.503662 uMAE=133.3008 WCE=1280 bias=47.0000
[pop02_hard:00599] loss=0.467921 tau=6.00 collapse_w=0.500 mid_frac=0.101 hard=score=0.4272490280 wNMSE=0.17305891 wMSE=16581.3361 wMRED=1.63506049 wER=0.479428 wMAE=50.6368 wBias=1.4683 condBias=59.1252 dotDrift=+0.730sigma uMRED=0.1921911159 uER=0.503662 uMAE=119.8027 WCE=1280 bias=19.0000
[pop02] done (conf=0.53, noise=0.5); global best score=0.0310209358 wNMSE=0.01101901 wMSE=1055.7672 wMRED=0.37600268 wER=0.245943 wMAE=11.6145 wBias=-0.1613 condBias=19.3947 dotDrift=-0.318sigma uMRED=0.0286021910 uER=0.279785 uMAE=13.6055 WCE=176 bias=0.2500
[pop03_soft:00000] loss=50.387409 tau=1.50 collapse_w=0.000 mid_frac=0.464 hard=score=1403.9372937105 wNMSE=12.716644 wMSE=1218422.9579 wMRED=20.55941272 wER=0.579558 wMAE=507.5504 wBias=179.6452 condBias=575.3571 dotDrift=+10.416sigma uMRED=0.8361692054 uER=0.573730 uMAE=352.8047 WCE=4032 bias=111.3750
[pop03_soft:00200] loss=277.952240 tau=2.25 collapse_w=0.000 mid_frac=0.369 hard=score=57.4948444868 wNMSE=10.973886 wMSE=1051443.6137 wMRED=21.66104130 wER=0.580288 wMAE=471.8445 wBias=29.4446 condBias=498.4000 dotDrift=+1.838sigma uMRED=0.8342685310 uER=0.578125 uMAE=307.7642 WCE=4032 bias=-124.9375
[pop03_soft:00400] loss=20.917452 tau=3.00 collapse_w=0.000 mid_frac=0.345 hard=score=50.2855781003 wNMSE=9.5068709 wMSE=910884.1732 wMRED=20.96519361 wER=0.580288 wMAE=440.6948 wBias=-27.8582 condBias=463.6383 dotDrift=-1.868sigma uMRED=0.8342868795 uER=0.578125 uMAE=316.0093 WCE=4064 bias=-184.0000
[pop03_soft:00600] loss=13.644428 tau=3.75 collapse_w=0.000 mid_frac=0.369 hard=score=172.6957563043 wNMSE=2.9537757 wMSE=283010.8385 wMRED=18.91079643 wER=0.577087 wMAE=306.4980 wBias=-62.5428 condBias=331.2159 dotDrift=-7.524sigma uMRED=0.7220335115 uER=0.573730 uMAE=257.7935 WCE=1961 bias=-162.0625
[pop03_soft:00800] loss=8.152887 tau=4.50 collapse_w=0.084 mid_frac=0.435 hard=score=5.6673642167 wNMSE=2.7608297 wMSE=264524.0612 wMRED=18.24334415 wER=0.575163 wMAE=303.5159 wBias=-3.7246 condBias=314.7200 dotDrift=-0.463sigma uMRED=0.7200519664 uER=0.571533 uMAE=264.6826 WCE=2048 bias=70.8750
[pop03_soft:01000] loss=6.674424 tau=5.25 collapse_w=0.293 mid_frac=0.446 hard=score=23.3424653641 wNMSE=2.6239569 wMSE=251409.8267 wMRED=17.52171267 wER=0.575560 wMAE=295.1186 wBias=20.9068 condBias=292.2936 dotDrift=+2.669sigma uMRED=0.7037110874 uER=0.573730 uMAE=271.2285 WCE=2048 bias=119.6250
[pop03_soft:01199] loss=3.331270 tau=6.00 collapse_w=0.500 mid_frac=0.446 hard=score=470.1761266824 wNMSE=1.4318588 wMSE=137191.0450 wMRED=9.71139688 wER=0.575172 wMAE=214.1107 wBias=104.5507 condBias=237.0373 dotDrift=+18.065sigma uMRED=0.5024252008 uER=0.572998 uMAE=235.6055 WCE=1964 bias=39.7500
[pop03_hard:00000] loss=470.615509 tau=6.00 collapse_w=0.500 mid_frac=0.446 hard=score=470.1761266824 wNMSE=1.4318588 wMSE=137191.0450 wMRED=9.71139688 wER=0.575172 wMAE=214.1107 wBias=104.5507 condBias=237.0373 dotDrift=+18.065sigma uMRED=0.5024252008 uER=0.572998 uMAE=235.6055 WCE=1964 bias=39.7500
[pop03_hard:00200] loss=470.618683 tau=6.00 collapse_w=0.500 mid_frac=0.446 hard=score=470.1761266824 wNMSE=1.4318588 wMSE=137191.0450 wMRED=9.71139688 wER=0.575172 wMAE=214.1107 wBias=104.5507 condBias=237.0373 dotDrift=+18.065sigma uMRED=0.5024252008 uER=0.572998 uMAE=235.6055 WCE=1964 bias=39.7500
[pop03_hard:00400] loss=452.073608 tau=6.00 collapse_w=0.500 mid_frac=0.429 hard=score=451.6248711036 wNMSE=1.4110565 wMSE=135197.9018 wMRED=9.69534073 wER=0.574840 wMAE=212.8793 wBias=102.4600 condBias=233.1004 dotDrift=+17.834sigma uMRED=0.5016984961 uER=0.570801 uMAE=235.2383 WCE=1964 bias=37.7500
[pop03_hard:00599] loss=54.310204 tau=6.00 collapse_w=0.500 mid_frac=0.393 hard=score=50.0625491419 wNMSE=1.4167877 wMSE=135747.0261 wMRED=9.86791374 wER=0.574717 wMAE=215.7514 wBias=33.2178 condBias=184.2817 dotDrift=+5.770sigma uMRED=0.4992119132 uER=0.559570 uMAE=229.2012 WCE=1624 bias=-132.6250
[pop03] done (conf=0.51, noise=1.0); global best score=0.0310209358 wNMSE=0.01101901 wMSE=1055.7672 wMRED=0.37600268 wER=0.245943 wMAE=11.6145 wBias=-0.1613 condBias=19.3947 dotDrift=-0.318sigma uMRED=0.0286021910 uER=0.279785 uMAE=13.6055 WCE=176 bias=0.2500
[pop04_soft:00000] loss=18.531252 tau=1.50 collapse_w=0.000 mid_frac=0.399 hard=score=18.3770936823 wNMSE=11.451499 wMSE=1097205.3236 wMRED=30.65432267 wER=0.577550 wMAE=542.2786 wBias=-2.8191 condBias=520.0850 dotDrift=-0.172sigma uMRED=1.2037614775 uER=0.570801 uMAE=424.8916 WCE=3392 bias=27.8750
[pop04_soft:00200] loss=6.023629 tau=2.25 collapse_w=0.000 mid_frac=0.333 hard=score=2490.7338804261 wNMSE=6.8120028 wMSE=652680.1109 wMRED=20.23392087 wER=0.523915 wMAE=321.2240 wBias=-240.7589 condBias=503.4880 dotDrift=-19.073sigma uMRED=0.7969499103 uER=0.544434 uMAE=296.2363 WCE=2948 bias=-182.6250
[pop04_soft:00400] loss=3.659540 tau=3.00 collapse_w=0.000 mid_frac=0.268 hard=score=28.4704591230 wNMSE=3.235187 wMSE=309973.7726 wMRED=17.36215943 wER=0.457331 wMAE=179.5800 wBias=-23.0097 condBias=323.0302 dotDrift=-2.645sigma uMRED=0.6710135060 uER=0.527344 uMAE=214.9902 WCE=3488 bias=106.0000
[pop04_soft:00600] loss=1.629892 tau=3.75 collapse_w=0.000 mid_frac=0.286 hard=score=1.3235262783 wNMSE=0.53581918 wMSE=51338.5757 wMRED=3.28395677 wER=0.448524 wMAE=111.2938 wBias=2.7783 condBias=99.1160 dotDrift=+0.785sigma uMRED=0.3105032861 uER=0.523438 uMAE=178.7578 WCE=1664 bias=112.1250
[pop04_soft:00800] loss=0.833921 tau=4.50 collapse_w=0.084 mid_frac=0.244 hard=score=158.8579666964 wNMSE=0.56166243 wMSE=53814.7011 wMRED=4.52092534 wER=0.411907 wMAE=103.7694 wBias=-60.7828 condBias=112.0112 dotDrift=-16.769sigma uMRED=0.2941991946 uER=0.505127 uMAE=167.5332 WCE=1488 bias=-5.5000
[pop04_soft:01000] loss=0.389601 tau=5.25 collapse_w=0.293 mid_frac=0.196 hard=score=20.2673355406 wNMSE=0.21431055 wMSE=20533.7901 wMRED=1.85195719 wER=0.413337 wMAE=61.0640 wBias=-21.5469 condBias=70.2893 dotDrift=-9.623sigma uMRED=0.2311395539 uER=0.499023 uMAE=143.1641 WCE=1616 bias=-25.0000
[pop04_soft:01199] loss=0.151369 tau=6.00 collapse_w=0.500 mid_frac=0.179 hard=score=16.6785839844 wNMSE=0.20501284 wMSE=19642.9462 wMRED=1.81057594 wER=0.410845 wMAE=59.4196 wBias=-19.5186 condBias=63.9860 dotDrift=-8.913sigma uMRED=0.2252219559 uER=0.494629 uMAE=140.4414 WCE=1616 bias=-22.5000
[pop04_hard:00000] loss=16.719107 tau=6.00 collapse_w=0.500 mid_frac=0.179 hard=score=16.6785839844 wNMSE=0.20501284 wMSE=19642.9462 wMRED=1.81057594 wER=0.410845 wMAE=59.4196 wBias=-19.5186 condBias=63.9860 dotDrift=-8.913sigma uMRED=0.2252219559 uER=0.494629 uMAE=140.4414 WCE=1616 bias=-22.5000
[pop04_hard:00200] loss=7.583312 tau=6.00 collapse_w=0.500 mid_frac=0.167 hard=score=7.5471105503 wNMSE=0.22957808 wMSE=21996.6210 wMRED=1.83650701 wER=0.410845 wMAE=61.7761 wBias=-12.8992 condBias=69.4874 dotDrift=-5.566sigma uMRED=0.2446443639 uER=0.494629 uMAE=152.8320 WCE=1616 bias=10.5000
[pop04_hard:00400] loss=4.866452 tau=6.00 collapse_w=0.500 mid_frac=0.143 hard=score=4.8407239012 wNMSE=0.23935816 wMSE=22933.6824 wMRED=1.69528679 wER=0.410845 wMAE=60.3203 wBias=-10.1282 condBias=71.8144 dotDrift=-4.280sigma uMRED=0.2532827945 uER=0.494629 uMAE=161.0820 WCE=1664 bias=20.5000
[pop04_hard:00599] loss=4.865647 tau=6.00 collapse_w=0.500 mid_frac=0.137 hard=score=7.3625779048 wNMSE=0.24208656 wMSE=23195.0990 wMRED=1.93804740 wER=0.410845 wMAE=58.8733 wBias=12.6758 condBias=82.4162 dotDrift=+5.327sigma uMRED=0.2614191863 uER=0.494629 uMAE=160.9863 WCE=1664 bias=28.5000
[pop04] done (conf=0.53, noise=0.5); global best score=0.0310209358 wNMSE=0.01101901 wMSE=1055.7672 wMRED=0.37600268 wER=0.245943 wMAE=11.6145 wBias=-0.1613 condBias=19.3947 dotDrift=-0.318sigma uMRED=0.0286021910 uER=0.279785 uMAE=13.6055 WCE=176 bias=0.2500
[pop05_soft:00000] loss=14.504350 tau=1.50 collapse_w=0.000 mid_frac=0.506 hard=score=903.5313499199 wNMSE=7.1622609 wMSE=686239.4713 wMRED=22.66144183 wER=0.579977 wMAE=361.7684 wBias=-144.3964 condBias=428.7773 dotDrift=-11.156sigma uMRED=0.8883950078 uER=0.577881 uMAE=304.6284 WCE=2844 bias=-16.1250
[pop05_soft:00200] loss=7.405681 tau=2.25 collapse_w=0.000 mid_frac=0.435 hard=score=1922.1554443072 wNMSE=6.7807326 wMSE=649684.0053 wMRED=20.92274686 wER=0.565114 wMAE=316.9023 wBias=-211.4027 condBias=420.0631 dotDrift=-16.786sigma uMRED=0.7697243976 uER=0.573730 uMAE=250.9497 WCE=2844 bias=-102.2500
[pop05_soft:00400] loss=5.910264 tau=3.00 collapse_w=0.000 mid_frac=0.446 hard=score=1123.8022175289 wNMSE=2.5146959 wMSE=240941.1817 wMRED=12.65317688 wER=0.523803 wMAE=205.0549 wBias=-161.8043 condBias=308.3687 dotDrift=-21.097sigma uMRED=0.5321491379 uER=0.563232 uMAE=206.0156 WCE=1800 bias=-81.5000
[pop05_soft:00600] loss=2.954051 tau=3.75 collapse_w=0.000 mid_frac=0.405 hard=score=114.8384252569 wNMSE=0.72561956 wMSE=69523.9661 wMRED=4.24438662 wER=0.497496 wMAE=137.2933 wBias=-51.5497 condBias=138.7184 dotDrift=-12.512sigma uMRED=0.3206626448 uER=0.555908 uMAE=179.5605 WCE=1496 bias=-86.6250
[pop05_soft:00800] loss=2.306497 tau=4.50 collapse_w=0.084 mid_frac=0.405 hard=score=806.7673789775 wNMSE=1.1954659 wMSE=114541.4731 wMRED=9.66833503 wER=0.507973 wMAE=169.9583 wBias=-137.1881 condBias=214.3605 dotDrift=-25.943sigma uMRED=0.4564529368 uER=0.556641 uMAE=189.8223 WCE=1384 bias=-80.1250
[pop05_soft:01000] loss=1.901855 tau=5.25 collapse_w=0.293 mid_frac=0.357 hard=score=418.6395132171 wNMSE=0.71356418 wMSE=68368.9015 wMRED=7.14575595 wER=0.519942 wMAE=129.4871 wBias=-98.7982 condBias=166.5185 dotDrift=-24.182sigma uMRED=0.3782827051 uER=0.561035 uMAE=170.1562 WCE=1304 bias=-72.8750
[pop05_soft:01199] loss=1.455426 tau=6.00 collapse_w=0.500 mid_frac=0.327 hard=score=38.3534214979 wNMSE=0.33766996 wMSE=32353.2551 wMRED=2.52585624 wER=0.517628 wMAE=85.0094 wBias=-29.7117 condBias=93.4196 dotDrift=-10.572sigma uMRED=0.2744100955 uER=0.560303 uMAE=155.8613 WCE=1432 bias=-65.1250
[pop05_hard:00000] loss=38.444401 tau=6.00 collapse_w=0.500 mid_frac=0.327 hard=score=38.3534214979 wNMSE=0.33766996 wMSE=32353.2551 wMRED=2.52585624 wER=0.517628 wMAE=85.0094 wBias=-29.7117 condBias=93.4196 dotDrift=-10.572sigma uMRED=0.2744100955 uER=0.560303 uMAE=155.8613 WCE=1432 bias=-65.1250
[pop05_hard:00200] loss=38.442608 tau=6.00 collapse_w=0.500 mid_frac=0.327 hard=score=38.3534214979 wNMSE=0.33766996 wMSE=32353.2551 wMRED=2.52585624 wER=0.517628 wMAE=85.0094 wBias=-29.7117 condBias=93.4196 dotDrift=-10.572sigma uMRED=0.2744100955 uER=0.560303 uMAE=155.8613 WCE=1432 bias=-65.1250
[pop05_hard:00400] loss=5.898504 tau=6.00 collapse_w=0.500 mid_frac=0.286 hard=score=5.8037753746 wNMSE=0.29456213 wMSE=28222.9546 wMRED=2.28572584 wER=0.526858 wMAE=80.0433 wBias=-11.1301 condBias=81.6409 dotDrift=-4.240sigma uMRED=0.2272451785 uER=0.565430 uMAE=140.2656 WCE=1104 bias=-10.1250
[pop05_hard:00599] loss=22.198723 tau=6.00 collapse_w=0.500 mid_frac=0.238 hard=score=25.9233283658 wNMSE=0.32408755 wMSE=31051.8805 wMRED=2.26528338 wER=0.526795 wMAE=82.6403 wBias=24.3353 condBias=86.6034 dotDrift=+8.838sigma uMRED=0.2515604180 uER=0.563965 uMAE=157.8125 WCE=1376 bias=65.3750
[pop05] done (conf=0.51, noise=1.0); global best score=0.0310209358 wNMSE=0.01101901 wMSE=1055.7672 wMRED=0.37600268 wER=0.245943 wMAE=11.6145 wBias=-0.1613 condBias=19.3947 dotDrift=-0.318sigma uMRED=0.0286021910 uER=0.279785 uMAE=13.6055 WCE=176 bias=0.2500
[pop06_soft:00000] loss=13.533242 tau=1.50 collapse_w=0.000 mid_frac=0.405 hard=score=708.9606838876 wNMSE=8.7504177 wMSE=838405.9333 wMRED=25.72887971 wER=0.578888 wMAE=456.7523 wBias=-127.4072 condBias=497.0813 dotDrift=-8.905sigma uMRED=1.1642637033 uER=0.575928 uMAE=443.8296 WCE=2729 bias=31.0625
[pop06_soft:00200] loss=6.651026 tau=2.25 collapse_w=0.000 mid_frac=0.363 hard=score=934.7591493259 wNMSE=2.0805279 wMSE=199342.1290 wMRED=7.07714091 wER=0.519008 wMAE=163.2356 wBias=-147.5781 condBias=259.7394 dotDrift=-21.154sigma uMRED=0.4775144206 uER=0.540039 uMAE=245.9141 WCE=3144 bias=-123.1250
[pop06_soft:00400] loss=2.382542 tau=3.00 collapse_w=0.000 mid_frac=0.310 hard=score=60.0728611621 wNMSE=1.4599826 wMSE=139885.6701 wMRED=2.63884770 wER=0.496181 wMAE=100.4631 wBias=-36.7940 condBias=138.6038 dotDrift=-6.296sigma uMRED=0.3588600979 uER=0.548584 uMAE=212.4629 WCE=2768 bias=-36.5000
[pop06_soft:00600] loss=0.222145 tau=3.75 collapse_w=0.000 mid_frac=0.250 hard=score=0.7028372538 wNMSE=0.1896222 wMSE=18168.3186 wMRED=1.66397406 wER=0.435330 wMAE=54.6528 wBias=-2.6515 condBias=73.8150 dotDrift=-1.259sigma uMRED=0.2399751975 uER=0.522217 uMAE=152.5469 WCE=1568 bias=-16.3750
[pop06_soft:00800] loss=0.114865 tau=4.50 collapse_w=0.084 mid_frac=0.220 hard=score=5.1323048523 wNMSE=0.13995461 wMSE=13409.5060 wMRED=1.17266903 wER=0.417352 wMAE=37.6557 wBias=10.5989 condBias=63.3159 dotDrift=+5.858sigma uMRED=0.1980824243 uER=0.494385 uMAE=129.1035 WCE=1664 bias=19.8750
[pop06_soft:01000] loss=0.087283 tau=5.25 collapse_w=0.293 mid_frac=0.161 hard=score=5.4202127289 wNMSE=0.10125848 wMSE=9701.9033 wMRED=0.96266629 wER=0.373692 wMAE=27.8666 wBias=10.9795 condBias=54.1787 dotDrift=+7.134sigma uMRED=0.1780123714 uER=0.456787 uMAE=117.9863 WCE=1664 bias=18.3750
[pop06_soft:01199] loss=0.060747 tau=6.00 collapse_w=0.500 mid_frac=0.155 hard=score=0.2871656237 wNMSE=0.093613183 wMSE=8969.3831 wMRED=0.92320105 wER=0.370603 wMAE=25.2348 wBias=0.8949 condBias=51.8836 dotDrift=+0.605sigma uMRED=0.1689989867 uER=0.449951 uMAE=113.2285 WCE=1664 bias=4.3750
[pop06_hard:00000] loss=0.280747 tau=6.00 collapse_w=0.500 mid_frac=0.155 hard=score=0.2871656237 wNMSE=0.093613183 wMSE=8969.3831 wMRED=0.92320105 wER=0.370603 wMAE=25.2348 wBias=0.8949 condBias=51.8836 dotDrift=+0.605sigma uMRED=0.1689989867 uER=0.449951 uMAE=113.2285 WCE=1664 bias=4.3750
[pop06_hard:00200] loss=1.163883 tau=6.00 collapse_w=0.500 mid_frac=0.161 hard=score=1.1673518938 wNMSE=0.11785803 wMSE=11292.3606 wMRED=1.01106416 wER=0.373474 wMAE=30.6502 wBias=-4.5205 condBias=58.6156 dotDrift=-2.723sigma uMRED=0.1847327304 uER=0.455811 uMAE=121.2285 WCE=1664 bias=-3.6250
[pop06_hard:00400] loss=0.148508 tau=6.00 collapse_w=0.500 mid_frac=0.143 hard=score=0.1127451772 wNMSE=0.025590593 wMSE=2451.9178 wMRED=0.89817939 wER=0.370603 wMAE=21.5345 wBias=-0.8421 condBias=26.5882 dotDrift=-1.088sigma uMRED=0.0842289488 uER=0.449951 uMAE=52.0098 WCE=680 bias=-27.6250
[pop06_hard:00599] loss=0.246168 tau=6.00 collapse_w=0.500 mid_frac=0.125 hard=score=0.2151601048 wNMSE=0.02424711 wMSE=2323.1943 wMRED=0.87531471 wER=0.370147 wMAE=20.8065 wBias=1.7825 condBias=24.5685 dotDrift=+2.367sigma uMRED=0.0810489108 uER=0.448975 uMAE=51.2988 WCE=680 bias=-23.6250
[pop06] done (conf=0.53, noise=0.5); global best score=0.0310209358 wNMSE=0.01101901 wMSE=1055.7672 wMRED=0.37600268 wER=0.245943 wMAE=11.6145 wBias=-0.1613 condBias=19.3947 dotDrift=-0.318sigma uMRED=0.0286021910 uER=0.279785 uMAE=13.6055 WCE=176 bias=0.2500
[pop07_soft:00000] loss=6.511000 tau=1.50 collapse_w=0.000 mid_frac=0.435 hard=score=169.9683813061 wNMSE=9.1498803 wMSE=876679.7375 wMRED=28.29228776 wER=0.568788 wMAE=484.4864 wBias=-60.1960 condBias=515.1549 dotDrift=-4.115sigma uMRED=1.1586772609 uER=0.568604 uMAE=409.2236 WCE=3044 bias=73.2500
[pop07_soft:00200] loss=6.637887 tau=2.25 collapse_w=0.000 mid_frac=0.363 hard=score=1151.7174368205 wNMSE=6.9209942 wMSE=663122.9282 wMRED=18.98495347 wER=0.512601 wMAE=353.4033 wBias=-163.2827 condBias=453.8472 dotDrift=-12.833sigma uMRED=0.8752258033 uER=0.554688 uMAE=342.9004 WCE=3232 bias=33.1250
[pop07_soft:00400] loss=4.085905 tau=3.00 collapse_w=0.000 mid_frac=0.286 hard=score=2.3191142190 wNMSE=0.44218191 wMSE=42366.8843 wMRED=3.50784783 wER=0.466639 wMAE=99.1039 wBias=-5.8498 condBias=90.8625 dotDrift=-1.819sigma uMRED=0.3044788323 uER=0.537354 uMAE=186.3086 WCE=1904 bias=119.8750
[pop07_soft:00600] loss=1.583356 tau=3.75 collapse_w=0.000 mid_frac=0.262 hard=score=23.1671027125 wNMSE=0.23423245 wMSE=22442.5716 wMRED=1.76856238 wER=0.483589 wMAE=64.6468 wBias=23.0421 condBias=78.9537 dotDrift=+9.844sigma uMRED=0.2246392963 uER=0.545410 uMAE=137.4648 WCE=1608 bias=-15.7500
[pop07_soft:00800] loss=0.289432 tau=4.50 collapse_w=0.084 mid_frac=0.292 hard=score=8.5835115077 wNMSE=0.19254756 wMSE=18448.6071 wMRED=1.74256417 wER=0.495114 wMAE=57.6105 wBias=13.8161 condBias=74.2338 dotDrift=+6.510sigma uMRED=0.2174309303 uER=0.541992 uMAE=136.1484 WCE=1672 bias=-65.5000
[pop07_soft:01000] loss=0.205594 tau=5.25 collapse_w=0.293 mid_frac=0.292 hard=score=12.0788521473 wNMSE=0.19328216 wMSE=18518.9910 wMRED=1.59316906 wER=0.485694 wMAE=55.5068 wBias=16.5113 condBias=74.1787 dotDrift=+7.765sigma uMRED=0.2127767963 uER=0.537598 uMAE=134.7852 WCE=1672 bias=-63.1250
[pop07_soft:01199] loss=0.147328 tau=6.00 collapse_w=0.500 mid_frac=0.280 hard=score=13.4650128549 wNMSE=0.19446869 wMSE=18632.6771 wMRED=1.70148802 wER=0.495114 wMAE=56.2635 wBias=17.4643 condBias=74.1724 dotDrift=+8.188sigma uMRED=0.2133527654 uER=0.541992 uMAE=133.7852 WCE=1672 bias=-61.1250
[pop07_hard:00000] loss=13.499802 tau=6.00 collapse_w=0.500 mid_frac=0.280 hard=score=13.4650128549 wNMSE=0.19446869 wMSE=18632.6771 wMRED=1.70148802 wER=0.495114 wMAE=56.2635 wBias=17.4643 condBias=74.1724 dotDrift=+8.188sigma uMRED=0.2133527654 uER=0.541992 uMAE=133.7852 WCE=1672 bias=-61.1250
[pop07_hard:00200] loss=13.497669 tau=6.00 collapse_w=0.500 mid_frac=0.286 hard=score=29.5455819826 wNMSE=0.52209158 wMSE=50023.2897 wMRED=1.97034097 wER=0.495114 wMAE=71.5909 wBias=-25.8591 condBias=118.2824 dotDrift=-7.400sigma uMRED=0.2580081363 uER=0.541992 uMAE=155.0977 WCE=1672 bias=-125.1250
[pop07_hard:00400] loss=13.496700 tau=6.00 collapse_w=0.500 mid_frac=0.286 hard=score=29.5455819826 wNMSE=0.52209158 wMSE=50023.2897 wMRED=1.97034097 wER=0.495114 wMAE=71.5909 wBias=-25.8591 condBias=118.2824 dotDrift=-7.400sigma uMRED=0.2580081363 uER=0.541992 uMAE=155.0977 WCE=1672 bias=-125.1250
[pop07_hard:00599] loss=29.590300 tau=6.00 collapse_w=0.500 mid_frac=0.286 hard=score=29.5455819826 wNMSE=0.52209158 wMSE=50023.2897 wMRED=1.97034097 wER=0.495114 wMAE=71.5909 wBias=-25.8591 condBias=118.2824 dotDrift=-7.400sigma uMRED=0.2580081363 uER=0.541992 uMAE=155.0977 WCE=1672 bias=-125.1250
[pop07] done (conf=0.51, noise=1.0); global best score=0.0310209358 wNMSE=0.01101901 wMSE=1055.7672 wMRED=0.37600268 wER=0.245943 wMAE=11.6145 wBias=-0.1613 condBias=19.3947 dotDrift=-0.318sigma uMRED=0.0286021910 uER=0.279785 uMAE=13.6055 WCE=176 bias=0.2500
[pop08_soft:00000] loss=5.905780 tau=1.50 collapse_w=0.000 mid_frac=0.351 hard=score=578.1885021228 wNMSE=2.1180641 wMSE=202938.5979 wMRED=12.69506723 wER=0.546861 wMAE=224.2922 wBias=-115.8654 condBias=269.9395 dotDrift=-16.461sigma uMRED=0.6287951019 uER=0.562012 uMAE=272.1050 WCE=2840 bias=12.2500
[pop08_soft:00200] loss=4.335388 tau=2.25 collapse_w=0.000 mid_frac=0.339 hard=score=15.3660488736 wNMSE=3.6140904 wMSE=346277.7357 wMRED=18.02248695 wER=0.535891 wMAE=202.5812 wBias=-14.5618 condBias=317.0765 dotDrift=-1.584sigma uMRED=0.7095194383 uER=0.564941 uMAE=254.9902 WCE=3600 bias=124.6250
[pop08_soft:00400] loss=1.411050 tau=3.00 collapse_w=0.000 mid_frac=0.292 hard=score=0.9595548454 wNMSE=0.2829404 wMSE=27109.4386 wMRED=2.08526231 wER=0.486503 wMAE=77.7193 wBias=-3.2244 condBias=78.5625 dotDrift=-1.253sigma uMRED=0.2713038861 uER=0.535400 uMAE=179.6797 WCE=1488 bias=-35.8750
[pop08_soft:00600] loss=0.401877 tau=3.75 collapse_w=0.000 mid_frac=0.238 hard=score=27.9268619168 wNMSE=0.25191619 wMSE=24136.9086 wMRED=1.87058427 wER=0.463915 wMAE=66.7334 wBias=-25.3367 condBias=76.3489 dotDrift=-10.437sigma uMRED=0.2555825032 uER=0.526367 uMAE=168.0957 WCE=1736 bias=-83.3750
[pop08_soft:00800] loss=0.277799 tau=4.50 collapse_w=0.084 mid_frac=0.173 hard=score=30.3869236550 wNMSE=0.23050031 wMSE=22084.9829 wMRED=1.60269230 wER=0.435017 wMAE=59.0670 wBias=-26.4549 condBias=77.6590 dotDrift=-11.393sigma uMRED=0.2424160534 uER=0.479736 uMAE=146.8457 WCE=1760 bias=-105.0000
[pop08_soft:01000] loss=0.200264 tau=5.25 collapse_w=0.293 mid_frac=0.131 hard=score=12.7084226407 wNMSE=0.22877857 wMSE=21920.0172 wMRED=1.64826584 wER=0.443974 wMAE=55.2819 wBias=-16.9153 condBias=81.3894 dotDrift=-7.312sigma uMRED=0.2436001284 uER=0.486328 uMAE=146.7383 WCE=1760 bias=-103.6250
[pop08_soft:01199] loss=0.125712 tau=6.00 collapse_w=0.500 mid_frac=0.101 hard=score=11.3846244100 wNMSE=0.2224433 wMSE=21313.0148 wMRED=1.64229032 wER=0.443615 wMAE=54.3477 wBias=-15.9811 condBias=80.3296 dotDrift=-7.006sigma uMRED=0.2221726780 uER=0.479492 uMAE=130.7383 WCE=1760 bias=-87.6250
[pop08_hard:00000] loss=11.406689 tau=6.00 collapse_w=0.500 mid_frac=0.101 hard=score=11.3846244100 wNMSE=0.2224433 wMSE=21313.0148 wMRED=1.64229032 wER=0.443615 wMAE=54.3477 wBias=-15.9811 condBias=80.3296 dotDrift=-7.006sigma uMRED=0.2221726780 uER=0.479492 uMAE=130.7383 WCE=1760 bias=-87.6250
[pop08_hard:00200] loss=11.401013 tau=6.00 collapse_w=0.500 mid_frac=0.101 hard=score=11.3846244100 wNMSE=0.2224433 wMSE=21313.0148 wMRED=1.64229032 wER=0.443615 wMAE=54.3477 wBias=-15.9811 condBias=80.3296 dotDrift=-7.006sigma uMRED=0.2221726780 uER=0.479492 uMAE=130.7383 WCE=1760 bias=-87.6250
[pop08_hard:00400] loss=0.345394 tau=6.00 collapse_w=0.500 mid_frac=0.089 hard=score=0.3426580752 wNMSE=0.14412759 wMSE=13809.3327 wMRED=1.43048876 wER=0.440089 wMAE=41.7076 wBias=0.2864 condBias=63.1144 dotDrift=+0.156sigma uMRED=0.1883097956 uER=0.472656 uMAE=113.7109 WCE=1760 bias=-67.6250
[pop08_hard:00599] loss=0.496562 tau=6.00 collapse_w=0.500 mid_frac=0.083 hard=score=0.4565222451 wNMSE=0.10856518 wMSE=10401.9827 wMRED=1.41712980 wER=0.440089 wMAE=39.7080 wBias=2.2860 condBias=53.8584 dotDrift=+1.435sigma uMRED=0.1451814408 uER=0.472656 uMAE=81.7109 WCE=964 bias=-35.6250
[pop08] done (conf=0.53, noise=0.5); global best score=0.0310209358 wNMSE=0.01101901 wMSE=1055.7672 wMRED=0.37600268 wER=0.245943 wMAE=11.6145 wBias=-0.1613 condBias=19.3947 dotDrift=-0.318sigma uMRED=0.0286021910 uER=0.279785 uMAE=13.6055 WCE=176 bias=0.2500
[pop09_soft:00000] loss=19.977493 tau=1.50 collapse_w=0.000 mid_frac=0.452 hard=score=271.3640045965 wNMSE=20.616044 wMSE=1975290.0977 wMRED=34.90262499 wER=0.576158 wMAE=757.5504 wBias=74.0062 condBias=759.1264 dotDrift=+3.370sigma uMRED=1.4096520283 uER=0.572998 uMAE=523.1836 WCE=3952 bias=16.2500
[pop09_soft:00200] loss=11.732141 tau=2.25 collapse_w=0.000 mid_frac=0.375 hard=score=282.8792770055 wNMSE=13.349678 wMSE=1279075.9576 wMRED=35.74431646 wER=0.580288 wMAE=617.1530 wBias=-78.0767 condBias=635.2950 dotDrift=-4.418sigma uMRED=1.3668306199 uER=0.578125 uMAE=429.9819 WCE=3249 bias=-112.0000
[pop09_soft:00400] loss=9.533203 tau=3.00 collapse_w=0.000 mid_frac=0.452 hard=score=2729.1913222288 wNMSE=8.3370275 wMSE=798797.6747 wMRED=22.27730586 wER=0.569496 wMAE=388.9000 wBias=-251.9725 condBias=492.2257 dotDrift=-18.043sigma uMRED=0.9623879072 uER=0.562744 uMAE=346.8867 WCE=2984 bias=-86.2500
[pop09_soft:00600] loss=4.742733 tau=3.75 collapse_w=0.000 mid_frac=0.369 hard=score=30.6410622052 wNMSE=1.3243846 wMSE=126893.5927 wMRED=6.85896499 wER=0.453839 wMAE=147.4369 wBias=-25.7730 condBias=188.2405 dotDrift=-4.630sigma uMRED=0.4702507779 uER=0.532227 uMAE=238.0703 WCE=1792 bias=76.3750
[pop09_soft:00800] loss=2.149479 tau=4.50 collapse_w=0.084 mid_frac=0.327 hard=score=7.3138944973 wNMSE=0.30901746 wMSE=29607.9664 wMRED=2.32784494 wER=0.506307 wMAE=81.3067 wBias=-12.5493 condBias=90.3660 dotDrift=-4.668sigma uMRED=0.2899025600 uER=0.547852 uMAE=174.0215 WCE=1368 bias=-62.5000
[pop09_soft:01000] loss=1.679583 tau=5.25 collapse_w=0.293 mid_frac=0.274 hard=score=15.6060973667 wNMSE=0.32271417 wMSE=30920.2921 wMRED=2.42795522 wER=0.494098 wMAE=83.3898 wBias=-18.7244 condBias=94.3743 dotDrift=-6.815sigma uMRED=0.3005389616 uER=0.539062 uMAE=180.0176 WCE=1432 bias=-73.2500
[pop09_soft:01199] loss=1.381757 tau=6.00 collapse_w=0.500 mid_frac=0.274 hard=score=6.7004816744 wNMSE=0.31705853 wMSE=30378.4070 wMRED=2.40736461 wER=0.494098 wMAE=81.4124 wBias=-11.9394 condBias=94.9526 dotDrift=-4.384sigma uMRED=0.2977466523 uER=0.539062 uMAE=178.4336 WCE=1432 bias=-67.2500
[pop09_hard:00000] loss=6.782864 tau=6.00 collapse_w=0.500 mid_frac=0.274 hard=score=6.7004816744 wNMSE=0.31705853 wMSE=30378.4070 wMRED=2.40736461 wER=0.494098 wMAE=81.4124 wBias=-11.9394 condBias=94.9526 dotDrift=-4.384sigma uMRED=0.2977466523 uER=0.539062 uMAE=178.4336 WCE=1432 bias=-67.2500
[pop09_hard:00200] loss=2.025371 tau=6.00 collapse_w=0.500 mid_frac=0.262 hard=score=1.9521083107 wNMSE=0.32599273 wMSE=31234.4215 wMRED=2.40621383 wER=0.494098 wMAE=80.4676 wBias=-5.5781 condBias=95.0783 dotDrift=-2.020sigma uMRED=0.3069085144 uER=0.539062 uMAE=191.0625 WCE=1536 bias=0.7500
[pop09_hard:00400] loss=2.026033 tau=6.00 collapse_w=0.500 mid_frac=0.262 hard=score=1.9521083107 wNMSE=0.32599273 wMSE=31234.4215 wMRED=2.40621383 wER=0.494098 wMAE=80.4676 wBias=-5.5781 condBias=95.0783 dotDrift=-2.020sigma uMRED=0.3069085144 uER=0.539062 uMAE=191.0625 WCE=1536 bias=0.7500
[pop09_hard:00599] loss=106.680313 tau=6.00 collapse_w=0.500 mid_frac=0.238 hard=score=106.5964737869 wNMSE=1.0086917 wMSE=96646.0223 wMRED=2.85925548 wER=0.494098 wMAE=111.0659 wBias=49.5449 condBias=152.1219 dotDrift=+10.200sigma uMRED=0.3721011820 uER=0.539062 uMAE=222.8906 WCE=1792 bias=70.7500
[pop09] done (conf=0.51, noise=1.0); global best score=0.0310209358 wNMSE=0.01101901 wMSE=1055.7672 wMRED=0.37600268 wER=0.245943 wMAE=11.6145 wBias=-0.1613 condBias=19.3947 dotDrift=-0.318sigma uMRED=0.0286021910 uER=0.279785 uMAE=13.6055 WCE=176 bias=0.2500
[pop10_soft:00000] loss=7.191915 tau=1.50 collapse_w=0.000 mid_frac=0.333 hard=score=2258.9372636343 wNMSE=7.6919034 wMSE=736986.2446 wMRED=20.86448046 wER=0.574117 wMAE=310.3725 wBias=-229.1597 condBias=472.1486 dotDrift=-17.084sigma uMRED=0.8162354051 uER=0.562500 uMAE=289.6548 WCE=2917 bias=16.1250
[pop10_soft:00200] loss=4.936515 tau=2.25 collapse_w=0.000 mid_frac=0.280 hard=score=7.0337198128 wNMSE=3.2572827 wMSE=312090.8286 wMRED=17.10049656 wER=0.530162 wMAE=169.8969 wBias=-6.0237 condBias=284.4871 dotDrift=-0.690sigma uMRED=0.7239691416 uER=0.538574 uMAE=256.8398 WCE=3664 bias=158.5000
[pop10_soft:00400] loss=2.176611 tau=3.00 collapse_w=0.000 mid_frac=0.196 hard=score=8.1203745275 wNMSE=0.59431988 wMSE=56943.7177 wMRED=7.59096550 wER=0.451433 wMAE=77.7259 wBias=12.8275 condBias=84.7550 dotDrift=+3.440sigma uMRED=0.3452790686 uER=0.511719 uMAE=143.0059 WCE=3920 bias=55.0000
[pop10_soft:00600] loss=0.533609 tau=3.75 collapse_w=0.000 mid_frac=0.190 hard=score=10.2547906739 wNMSE=0.24908398 wMSE=23865.5445 wMRED=2.33449832 wER=0.435464 wMAE=72.4321 wBias=-15.1254 condBias=76.8812 dotDrift=-6.266sigma uMRED=0.2461573023 uER=0.472168 uMAE=138.7637 WCE=1184 bias=20.1250
[pop10_soft:00800] loss=0.278852 tau=4.50 collapse_w=0.084 mid_frac=0.167 hard=score=14.0395894831 wNMSE=0.18366063 wMSE=17597.1209 wMRED=1.76604136 wER=0.395064 wMAE=55.4516 wBias=-17.8938 condBias=61.9383 dotDrift=-8.633sigma uMRED=0.1930035791 uER=0.446777 uMAE=111.9980 WCE=1184 bias=-12.1250
[pop10_soft:01000] loss=0.206160 tau=5.25 collapse_w=0.293 mid_frac=0.143 hard=score=7.8914721649 wNMSE=0.17549088 wMSE=16814.3507 wMRED=1.55905579 wER=0.395064 wMAE=52.0902 wBias=-13.2861 condBias=60.1357 dotDrift=-6.557sigma uMRED=0.1863124749 uER=0.446777 uMAE=110.4980 WCE=1184 bias=-8.1250
[pop10_soft:01199] loss=0.122921 tau=6.00 collapse_w=0.500 mid_frac=0.125 hard=score=0.4771822475 wNMSE=0.16055954 wMSE=15383.7311 wMRED=1.27808073 wER=0.395064 wMAE=44.7451 wBias=-1.8841 condBias=63.5895 dotDrift=-0.972sigma uMRED=0.1801098357 uER=0.446777 uMAE=108.0625 WCE=1184 bias=-4.1250
[pop10_hard:00000] loss=0.508570 tau=6.00 collapse_w=0.500 mid_frac=0.125 hard=score=0.4771822475 wNMSE=0.16055954 wMSE=15383.7311 wMRED=1.27808073 wER=0.395064 wMAE=44.7451 wBias=-1.8841 condBias=63.5895 dotDrift=-0.972sigma uMRED=0.1801098357 uER=0.446777 uMAE=108.0625 WCE=1184 bias=-4.1250
[pop10_hard:00200] loss=0.367469 tau=6.00 collapse_w=0.500 mid_frac=0.125 hard=score=0.4771822475 wNMSE=0.16055954 wMSE=15383.7311 wMRED=1.27808073 wER=0.395064 wMAE=44.7451 wBias=-1.8841 condBias=63.5895 dotDrift=-0.972sigma uMRED=0.1801098357 uER=0.446777 uMAE=108.0625 WCE=1184 bias=-4.1250
[pop10_hard:00400] loss=0.502384 tau=6.00 collapse_w=0.500 mid_frac=0.119 hard=score=0.3357292551 wNMSE=0.16109141 wMSE=15434.6910 wMRED=1.37877556 wER=0.395064 wMAE=46.1664 wBias=0.4198 condBias=63.6187 dotDrift=+0.216sigma uMRED=0.1829251566 uER=0.446777 uMAE=108.7344 WCE=1184 bias=-2.1250
[pop10_hard:00599] loss=0.346959 tau=6.00 collapse_w=0.500 mid_frac=0.125 hard=score=0.4771822475 wNMSE=0.16055954 wMSE=15383.7311 wMRED=1.27808073 wER=0.395064 wMAE=44.7451 wBias=-1.8841 condBias=63.5895 dotDrift=-0.972sigma uMRED=0.1801098357 uER=0.446777 uMAE=108.0625 WCE=1184 bias=-4.1250
[pop10] done (conf=0.53, noise=0.5); global best score=0.0310209358 wNMSE=0.01101901 wMSE=1055.7672 wMRED=0.37600268 wER=0.245943 wMAE=11.6145 wBias=-0.1613 condBias=19.3947 dotDrift=-0.318sigma uMRED=0.0286021910 uER=0.279785 uMAE=13.6055 WCE=176 bias=0.2500
[pop11_soft:00000] loss=28.032211 tau=1.50 collapse_w=0.000 mid_frac=0.476 hard=score=616.8382795151 wNMSE=11.330045 wMSE=1085568.4426 wMRED=34.02916398 wER=0.578336 wMAE=528.6545 wBias=118.3337 condBias=559.1110 dotDrift=+7.269sigma uMRED=1.0339843524 uER=0.572998 uMAE=258.9702 WCE=2965 bias=-6.4375
[pop11_soft:00200] loss=11.290829 tau=2.25 collapse_w=0.000 mid_frac=0.423 hard=score=441.5634016391 wNMSE=11.977789 wMSE=1147630.8927 wMRED=36.92037392 wER=0.579882 wMAE=559.4260 wBias=-99.2915 condBias=609.4507 dotDrift=-5.932sigma uMRED=1.2236501953 uER=0.573730 uMAE=339.9238 WCE=3328 bias=-200.9375
[pop11_soft:00400] loss=9.071246 tau=3.00 collapse_w=0.000 mid_frac=0.452 hard=score=12.9226275033 wNMSE=7.9754754 wMSE=764156.1979 wMRED=27.83112020 wER=0.510423 wMAE=429.4758 wBias=-4.4414 condBias=430.2314 dotDrift=-0.325sigma uMRED=0.9095954324 uER=0.552490 uMAE=254.2285 WCE=2196 bias=-115.8750
[pop11_soft:00600] loss=5.745935 tau=3.75 collapse_w=0.000 mid_frac=0.351 hard=score=1053.4463762525 wNMSE=4.2772481 wMSE=409817.0308 wMRED=14.85529012 wER=0.530807 wMAE=265.4845 wBias=156.4039 condBias=331.5262 dotDrift=+15.636sigma uMRED=0.6210895723 uER=0.564209 uMAE=237.7070 WCE=2116 bias=-104.3750
[pop11_soft:00800] loss=1.873553 tau=4.50 collapse_w=0.084 mid_frac=0.345 hard=score=36.2798813757 wNMSE=0.2701346 wMSE=25882.4727 wMRED=2.19852960 wER=0.510932 wMAE=75.1512 wBias=-28.9225 condBias=86.6846 dotDrift=-11.506sigma uMRED=0.2516786706 uER=0.555908 uMAE=145.3555 WCE=1364 bias=-90.8750
[pop11_soft:01000] loss=1.554842 tau=5.25 collapse_w=0.293 mid_frac=0.321 hard=score=40.0262047700 wNMSE=0.27092314 wMSE=25958.0261 wMRED=2.19974667 wER=0.519915 wMAE=75.2453 wBias=-30.3995 condBias=87.3080 dotDrift=-12.076sigma uMRED=0.2545820873 uER=0.562500 uMAE=148.0898 WCE=1368 bias=-94.1250
[pop11_soft:01199] loss=1.316377 tau=6.00 collapse_w=0.500 mid_frac=0.333 hard=score=40.0262047700 wNMSE=0.27092314 wMSE=25958.0261 wMRED=2.19974667 wER=0.519915 wMAE=75.2453 wBias=-30.3995 condBias=87.3080 dotDrift=-12.076sigma uMRED=0.2545820873 uER=0.562500 uMAE=148.0898 WCE=1368 bias=-94.1250
[pop11_hard:00000] loss=40.103970 tau=6.00 collapse_w=0.500 mid_frac=0.333 hard=score=40.0262047700 wNMSE=0.27092314 wMSE=25958.0261 wMRED=2.19974667 wER=0.519915 wMAE=75.2453 wBias=-30.3995 condBias=87.3080 dotDrift=-12.076sigma uMRED=0.2545820873 uER=0.562500 uMAE=148.0898 WCE=1368 bias=-94.1250
[pop11_hard:00200] loss=40.100735 tau=6.00 collapse_w=0.500 mid_frac=0.333 hard=score=40.0262047700 wNMSE=0.27092314 wMSE=25958.0261 wMRED=2.19974667 wER=0.519915 wMAE=75.2453 wBias=-30.3995 condBias=87.3080 dotDrift=-12.076sigma uMRED=0.2545820873 uER=0.562500 uMAE=148.0898 WCE=1368 bias=-94.1250
[pop11_hard:00400] loss=32.785183 tau=6.00 collapse_w=0.500 mid_frac=0.321 hard=score=32.6976662438 wNMSE=0.22866731 wMSE=21909.3576 wMRED=2.17101095 wER=0.519915 wMAE=72.3177 wBias=-27.4719 condBias=79.6605 dotDrift=-11.878sigma uMRED=0.2302965490 uER=0.562500 uMAE=132.0898 WCE=1096 bias=-78.1250
[pop11_hard:00599] loss=3.793730 tau=6.00 collapse_w=0.500 mid_frac=0.274 hard=score=3.7554043730 wNMSE=0.2563935 wMSE=24565.8936 wMRED=1.87201284 wER=0.471185 wMAE=67.1902 wBias=-8.7086 condBias=82.0950 dotDrift=-3.556sigma uMRED=0.2449731313 uER=0.539062 uMAE=164.4551 WCE=1792 bias=9.3750
[pop11] done (conf=0.51, noise=1.0); global best score=0.0310209358 wNMSE=0.01101901 wMSE=1055.7672 wMRED=0.37600268 wER=0.245943 wMAE=11.6145 wBias=-0.1613 condBias=19.3947 dotDrift=-0.318sigma uMRED=0.0286021910 uER=0.279785 uMAE=13.6055 WCE=176 bias=0.2500
[best] stage=quad_soft score=0.0310209358 wNMSE=0.01101901 wMSE=1055.7672 wMRED=0.37600268 wER=0.245943 wMAE=11.6145 wBias=-0.1613 condBias=19.3947 dotDrift=-0.318sigma uMRED=0.0286021910 uER=0.279785 uMAE=13.6055 WCE=176 bias=0.2500
[best-json] /home/xuanqi/tony/work/FPGA/signed8x8_approx/signed8x8_2026_8_22/runs_module_groups/G4_gate_up/default_split/rand301/best_signed88_inits.json
[best-rtl] /home/xuanqi/tony/work/FPGA/signed8x8_approx/signed8x8_2026_8_22/runs_module_groups/G4_gate_up/default_split/rand301/best_rtl
[design] default_split search_bits=168
[start] score=0.0310209358 wNMSE=0.01101901 wMSE=1055.7672 wMRED=0.37600268 wER=0.245943 wMAE=11.6145 wBias=-0.1613 condBias=19.3947 dotDrift=-0.318sigma uMRED=0.0286021910 uER=0.279785 uMAE=13.6055 WCE=176 bias=0.2500
[single] ACCEPT ['lo_lut23:15'] 0.0310209358->0.0298312500 wNMSE=0.010930663 wBias=-0.06261
[single] ACCEPT ['lo_lut01:27'] 0.0298312500->0.0296560730 wNMSE=0.010928203 wBias=-0.00058
[single] round=3 no improvement
[pair] ACCEPT ['hi_lut01:63', 'hi_lut01:55'] 0.0296560730->0.0266996578 wNMSE=0.0092039135 wBias=+0.00294
[pair] ACCEPT ['lo_lut23:51', 'lo_lut23:3'] 0.0266996578->0.0257256579 wNMSE=0.0090288606 wBias=-0.02316
[pair] ACCEPT ['lo_lut45:59', 'mid_lut23:31'] 0.0257256579->0.0249991266 wNMSE=0.0088842125 wBias=+0.01918
[pair] ACCEPT ['mid_lut01:55', 'mid_lut01:63'] 0.0249991266->0.0247368279 wNMSE=0.0087235953 wBias=+0.01980
[final] score=0.0247368279 wNMSE=0.0087235953 wMSE=835.8360 wMRED=0.57535952 wER=0.435198 wMAE=13.0891 wBias=0.0198 condBias=16.1693 dotDrift=+0.044sigma uMRED=0.0333032954 uER=0.447754 uMAE=14.7222 WCE=168 bias=0.8125
[json] /home/xuanqi/tony/work/FPGA/signed8x8_approx/signed8x8_2026_8_22/runs_module_groups/G4_gate_up/default_split/rand301/refined/best_signed88_inits.json
