[design] default_split quad4 entries=168
[device] cuda
[initial] score=224.6463104176 wNMSE=27.237131 wMSE=1424760.4599 wMRED=57.05043957 wER=0.585938 wMAE=715.9607 wBias=47.5388 condBias=717.5459 dotDrift=+2.549sigma uMRED=1.4134887218 uER=0.578125 uMAE=428.9600 WCE=3180 bias=3.8750
[quad_warmup_bit:00000] loss=27.068548 tau=1.50 collapse_w=0.000 mid_frac=0.518 hard=score=224.6463104176 wNMSE=27.237131 wMSE=1424760.4599 wMRED=57.05043957 wER=0.585938 wMAE=715.9607 wBias=47.5388 condBias=717.5459 dotDrift=+2.549sigma uMRED=1.4134887218 uER=0.578125 uMAE=428.9600 WCE=3180 bias=3.8750
[quad_warmup_bit:00025] loss=21.024591 tau=1.50 collapse_w=0.000 mid_frac=0.524 hard=score=138.6371666183 wNMSE=27.690498 wMSE=1448475.8568 wMRED=57.31528768 wER=0.585938 wMAE=720.3704 wBias=33.9362 condBias=722.4704 dotDrift=+1.805sigma uMRED=1.4466767916 uER=0.578125 uMAE=449.3042 WCE=3180 bias=-33.8750 *BEST*
[quad_warmup_bit:00050] loss=15.636756 tau=1.50 collapse_w=0.000 mid_frac=0.518 hard=score=127.1810523350 wNMSE=27.700388 wMSE=1448993.1634 wMRED=57.29761321 wER=0.585938 wMAE=720.1054 wBias=31.7056 condBias=722.2230 dotDrift=+1.686sigma uMRED=1.4467031405 uER=0.578125 uMAE=449.1929 WCE=3180 bias=-33.1250 *BEST*
[quad_warmup_bit:00075] loss=10.949192 tau=1.50 collapse_w=0.000 mid_frac=0.494 hard=score=116.7103986694 wNMSE=33.512257 wMSE=1753009.0622 wMRED=62.52840502 wER=0.585938 wMAE=774.1082 wBias=-27.2310 condBias=786.6617 dotDrift=-1.316sigma uMRED=1.5538643202 uER=0.578125 uMAE=473.4404 WCE=3692 bias=-60.6250 *BEST*
[quad_warmup_bit:00200] loss=0.918167 tau=1.50 collapse_w=0.000 mid_frac=0.435 hard=score=1689.3265982098 wNMSE=31.401899 wMSE=1642617.3283 wMRED=58.51302967 wER=0.575614 wMAE=711.2800 wBias=-144.5301 condBias=751.0855 dotDrift=-7.217sigma uMRED=1.3916837736 uER=0.573730 uMAE=393.9414 WCE=3873 bias=-130.8750
[quad_warmup_bit:00400] loss=0.802578 tau=1.50 collapse_w=0.000 mid_frac=0.405 hard=score=1512.6497969883 wNMSE=30.760151 wMSE=1609047.8028 wMRED=57.55648997 wER=0.559766 wMAE=697.4848 wBias=-136.5805 condBias=730.4899 dotDrift=-6.891sigma uMRED=1.3647819740 uER=0.558350 uMAE=388.0972 WCE=3756 bias=-134.6875
[quad_warmup_bit:00600] loss=0.693828 tau=1.50 collapse_w=0.000 mid_frac=0.429 hard=score=1676.1848620102 wNMSE=27.231551 wMSE=1424468.5369 wMRED=54.21464938 wER=0.535444 wMAE=651.6338 wBias=-144.2873 condBias=683.3311 dotDrift=-7.737sigma uMRED=1.3426922961 uER=0.540771 uMAE=408.5957 WCE=3696 bias=-137.3750
[quad_warmup_bit:00800] loss=0.593691 tau=1.50 collapse_w=0.000 mid_frac=0.381 hard=score=4734.6857409618 wNMSE=15.901812 wMSE=831815.6883 wMRED=36.25240426 wER=0.469659 wMAE=438.8183 wBias=-245.1846 condBias=524.1189 dotDrift=-17.205sigma uMRED=1.0197891563 uER=0.516602 uMAE=353.1582 WCE=3136 bias=-156.6250
[quad_warmup_bit:01000] loss=0.492935 tau=1.50 collapse_w=0.000 mid_frac=0.363 hard=score=1793.8035351062 wNMSE=5.7819721 wMSE=302452.0120 wMRED=19.47437547 wER=0.375000 wMAE=239.9052 wBias=-150.9278 condBias=323.1186 dotDrift=-17.564sigma uMRED=0.6120989075 uER=0.497803 uMAE=234.8652 WCE=1984 bias=-8.1250
[quad_warmup_bit:01075] loss=0.452029 tau=1.50 collapse_w=0.000 mid_frac=0.333 hard=score=8.1870763001 wNMSE=1.6762982 wMSE=87686.3023 wMRED=5.09588273 wER=0.394439 wMAE=117.1779 wBias=8.0515 condBias=139.9454 dotDrift=+1.740sigma uMRED=0.3662285650 uER=0.490723 uMAE=201.5098 WCE=1792 bias=33.8750 *BEST*
[quad_warmup_bit:01200] loss=0.384265 tau=1.50 collapse_w=0.000 mid_frac=0.304 hard=score=13.0088923693 wNMSE=2.3856891 wMSE=124794.1822 wMRED=14.26074593 wER=0.366604 wMAE=88.9826 wBias=-10.6030 condBias=186.1162 dotDrift=-1.921sigma uMRED=0.4211381455 uER=0.459229 uMAE=155.5156 WCE=3968 bias=-37.1250
[quad_warmup_bit:01400] loss=0.300640 tau=1.50 collapse_w=0.000 mid_frac=0.280 hard=score=15.5656992070 wNMSE=2.3784096 wMSE=124413.3928 wMRED=14.24102517 wER=0.362109 wMAE=87.8654 wBias=-12.0520 condBias=186.7200 dotDrift=-2.187sigma uMRED=0.4169506705 uER=0.440186 uMAE=152.8008 WCE=3968 bias=-40.3750
[quad_warmup_bit:01500] loss=0.272986 tau=1.50 collapse_w=0.000 mid_frac=0.238 hard=score=5.5961480780 wNMSE=1.8623435 wMSE=97418.2402 wMRED=8.00955179 wER=0.363872 wMAE=81.0225 wBias=-5.6915 condBias=138.0673 dotDrift=-1.167sigma uMRED=0.3527069096 uER=0.440918 uMAE=151.8477 WCE=3900 bias=-39.8750 *BEST*
[quad_warmup_bit:01550] loss=0.261815 tau=1.50 collapse_w=0.000 mid_frac=0.238 hard=score=4.3849832809 wNMSE=1.8494814 wMSE=96745.4291 wMRED=7.98268586 wER=0.355845 wMAE=79.5055 wBias=-4.1745 condBias=137.1369 dotDrift=-0.859sigma uMRED=0.3439814263 uER=0.418213 uMAE=145.8477 WCE=3900 bias=-33.8750 *BEST*
[quad_warmup_bit:01600] loss=0.252082 tau=1.50 collapse_w=0.000 mid_frac=0.226 hard=score=4.2561419686 wNMSE=1.8485502 wMSE=96696.7195 wMRED=7.98078433 wER=0.355015 wMAE=79.3090 wBias=-3.9780 condBias=136.9618 dotDrift=-0.819sigma uMRED=0.3394185801 uER=0.399658 uMAE=141.8477 WCE=3900 bias=-29.8750 *BEST*
[quad_warmup_bit:01725] loss=0.232598 tau=1.50 collapse_w=0.000 mid_frac=0.220 hard=score=1.7667754723 wNMSE=1.0447432 wMSE=54649.9852 wMRED=4.01910422 wER=0.317876 wMAE=63.5377 wBias=1.2464 condBias=77.7608 dotDrift=+0.341sigma uMRED=0.2863204740 uER=0.389404 uMAE=143.0664 WCE=3840 bias=-44.8750 *BEST*
[quad_warmup_bit:01800] loss=0.223340 tau=1.50 collapse_w=0.000 mid_frac=0.220 hard=score=1.7667754723 wNMSE=1.0447432 wMSE=54649.9852 wMRED=4.01910422 wER=0.317876 wMAE=63.5377 wBias=1.2464 condBias=77.7608 dotDrift=+0.341sigma uMRED=0.2863204740 uER=0.389404 uMAE=143.0664 WCE=3840 bias=-44.8750
[quad_warmup_bit:01900] loss=0.213066 tau=1.50 collapse_w=0.000 mid_frac=0.208 hard=score=1.6650408889 wNMSE=0.98760505 wMSE=51661.1166 wMRED=3.99911027 wER=0.317604 wMAE=61.6740 wBias=1.2575 condBias=69.9866 dotDrift=+0.354sigma uMRED=0.2545112894 uER=0.382812 uMAE=119.1191 WCE=3840 bias=-36.8750 *BEST*
[quad_warmup_bit:02000] loss=0.204548 tau=1.50 collapse_w=0.000 mid_frac=0.208 hard=score=2.7255085519 wNMSE=0.94730983 wMSE=49553.2945 wMRED=3.97236588 wER=0.317142 wMAE=59.3862 wBias=4.0069 condBias=64.5012 dotDrift=+1.152sigma uMRED=0.2166362869 uER=0.374023 uMAE=90.8145 WCE=3840 bias=-3.8750
[quad_warmup_bit:02075] loss=0.199005 tau=1.50 collapse_w=0.000 mid_frac=0.190 hard=score=1.5968408192 wNMSE=0.92735328 wMSE=48509.3773 wMRED=3.93979332 wER=0.317308 wMAE=57.5377 wBias=1.4314 condBias=61.5492 dotDrift=+0.416sigma uMRED=0.1964567484 uER=0.367676 uMAE=77.2695 WCE=3840 bias=-20.8750 *BEST*
[quad_warmup_bit:02200] loss=0.190898 tau=1.50 collapse_w=0.000 mid_frac=0.173 hard=score=1.5968408192 wNMSE=0.92735328 wMSE=48509.3773 wMRED=3.93979332 wER=0.317308 wMAE=57.5377 wBias=1.4314 condBias=61.5492 dotDrift=+0.416sigma uMRED=0.1964567484 uER=0.367676 uMAE=77.2695 WCE=3840 bias=-20.8750
[quad_warmup_bit:02350] loss=0.182562 tau=1.50 collapse_w=0.000 mid_frac=0.155 hard=score=1.5588038967 wNMSE=0.92710246 wMSE=48496.2568 wMRED=3.93514400 wER=0.317638 wMAE=57.4390 wBias=1.2508 condBias=61.4521 dotDrift=+0.364sigma uMRED=0.1963700894 uER=0.370605 uMAE=77.3359 WCE=3840 bias=-21.1250 *BEST*
[quad_warmup_bit:02400] loss=0.180176 tau=1.50 collapse_w=0.000 mid_frac=0.149 hard=score=1.5588038967 wNMSE=0.92710246 wMSE=48496.2568 wMRED=3.93514400 wER=0.317638 wMAE=57.4390 wBias=1.2508 condBias=61.4521 dotDrift=+0.364sigma uMRED=0.1963700894 uER=0.370605 uMAE=77.3359 WCE=3840 bias=-21.1250
[quad_warmup_bit:02600] loss=0.171932 tau=1.50 collapse_w=0.000 mid_frac=0.137 hard=score=2.1366904839 wNMSE=0.58241007 wMSE=30465.5741 wMRED=2.47899318 wER=0.318901 wMAE=51.5335 wBias=3.8456 condBias=62.5643 dotDrift=+1.410sigma uMRED=0.1747838461 uER=0.384277 uMAE=77.4609 WCE=3520 bias=-22.1250
[quad_warmup_bit:02800] loss=0.164604 tau=1.50 collapse_w=0.000 mid_frac=0.125 hard=score=3.5655743238 wNMSE=0.28631944 wMSE=14977.2238 wMRED=2.08121152 wER=0.318901 wMAE=47.4368 wBias=6.2364 condBias=67.8965 dotDrift=+3.261sigma uMRED=0.1511072105 uER=0.384277 uMAE=73.3203 WCE=816 bias=-23.1250
[quad_warmup_bit:03000] loss=0.158726 tau=1.50 collapse_w=0.000 mid_frac=0.119 hard=score=3.5655743238 wNMSE=0.28631944 wMSE=14977.2238 wMRED=2.08121152 wER=0.318901 wMAE=47.4368 wBias=6.2364 condBias=67.8965 dotDrift=+3.261sigma uMRED=0.1511072105 uER=0.384277 uMAE=73.3203 WCE=816 bias=-23.1250
[quad_warmup_bit:03200] loss=0.154703 tau=1.50 collapse_w=0.000 mid_frac=0.101 hard=score=7.1154779696 wNMSE=0.2826544 wMSE=14785.5077 wMRED=2.03722288 wER=0.318679 wMAE=46.2546 wBias=9.1818 condBias=67.1886 dotDrift=+4.833sigma uMRED=0.1468989610 uER=0.377686 uMAE=70.5781 WCE=800 bias=-17.1250
[quad_warmup_bit:03400] loss=0.151944 tau=1.50 collapse_w=0.000 mid_frac=0.101 hard=score=28.4357843866 wNMSE=0.197303 wMSE=10320.8194 wMRED=1.88304711 wER=0.317485 wMAE=38.9704 wBias=18.9287 condBias=55.7399 dotDrift=+11.925sigma uMRED=0.1191583106 uER=0.375488 uMAE=56.9766 WCE=688 bias=-1.1250
[quad_warmup_bit:03600] loss=0.149944 tau=1.50 collapse_w=0.000 mid_frac=0.101 hard=score=33.1389839987 wNMSE=0.1703953 wMSE=8913.2915 wMRED=1.84410505 wER=0.320347 wMAE=36.5747 wBias=20.4700 condBias=51.0501 dotDrift=+13.876sigma uMRED=0.0935299320 uER=0.365723 uMAE=40.3516 WCE=512 bias=13.8750
[quad_warmup_bit:03800] loss=0.148429 tau=1.50 collapse_w=0.000 mid_frac=0.095 hard=score=33.1389839987 wNMSE=0.1703953 wMSE=8913.2915 wMRED=1.84410505 wER=0.320347 wMAE=36.5747 wBias=20.4700 condBias=51.0501 dotDrift=+13.876sigma uMRED=0.0935299320 uER=0.365723 uMAE=40.3516 WCE=512 bias=13.8750
[quad_warmup_bit:04000] loss=0.147232 tau=1.50 collapse_w=0.000 mid_frac=0.089 hard=score=33.1389839987 wNMSE=0.1703953 wMSE=8913.2915 wMRED=1.84410505 wER=0.320347 wMAE=36.5747 wBias=20.4700 condBias=51.0501 dotDrift=+13.876sigma uMRED=0.0935299320 uER=0.365723 uMAE=40.3516 WCE=512 bias=13.8750
[quad_warmup_bit:04200] loss=0.146253 tau=1.50 collapse_w=0.000 mid_frac=0.089 hard=score=42.2917836645 wNMSE=0.16714287 wMSE=8743.1583 wMRED=1.62974877 wER=0.298827 wMAE=34.2307 wBias=23.1496 condBias=50.5225 dotDrift=+15.845sigma uMRED=0.0893971203 uER=0.354004 uMAE=39.3516 WCE=512 bias=15.8750
[quad_warmup_bit:04400] loss=0.145359 tau=1.50 collapse_w=0.000 mid_frac=0.071 hard=score=18.9005476598 wNMSE=0.10799431 wMSE=5649.1273 wMRED=1.51853504 wER=0.291811 wMAE=28.1877 wBias=15.4469 condBias=41.4318 dotDrift=+13.153sigma uMRED=0.0632176950 uER=0.334473 uMAE=25.5391 WCE=432 bias=-0.1250
[quad_warmup_bit:04600] loss=0.144616 tau=1.50 collapse_w=0.000 mid_frac=0.065 hard=score=18.9005476598 wNMSE=0.10799431 wMSE=5649.1273 wMRED=1.51853504 wER=0.291811 wMAE=28.1877 wBias=15.4469 condBias=41.4318 dotDrift=+13.153sigma uMRED=0.0632176950 uER=0.334473 uMAE=25.5391 WCE=432 bias=-0.1250
[quad_warmup_bit:04800] loss=0.144027 tau=1.50 collapse_w=0.000 mid_frac=0.065 hard=score=18.9005476598 wNMSE=0.10799431 wMSE=5649.1273 wMRED=1.51853504 wER=0.291811 wMAE=28.1877 wBias=15.4469 condBias=41.4318 dotDrift=+13.153sigma uMRED=0.0632176950 uER=0.334473 uMAE=25.5391 WCE=432 bias=-0.1250
[quad_warmup_bit:05000] loss=0.143550 tau=1.50 collapse_w=0.000 mid_frac=0.065 hard=score=32.5991675657 wNMSE=0.1361196 wMSE=7120.3468 wMRED=1.59478772 wER=0.293005 wMAE=31.6371 wBias=20.3203 condBias=45.1757 dotDrift=+15.412sigma uMRED=0.0706568149 uER=0.336670 uMAE=29.2891 WCE=432 bias=7.8750
[quad_warmup_bit:05200] loss=0.143154 tau=1.50 collapse_w=0.000 mid_frac=0.071 hard=score=39.8415096211 wNMSE=0.14514685 wMSE=7592.5578 wMRED=1.63166789 wER=0.293005 wMAE=32.6667 wBias=22.4751 condBias=49.1097 dotDrift=+16.508sigma uMRED=0.0754363127 uER=0.336670 uMAE=30.5195 WCE=480 bias=11.8750
[quad_warmup_bit:05400] loss=0.142817 tau=1.50 collapse_w=0.000 mid_frac=0.071 hard=score=39.8415096211 wNMSE=0.14514685 wMSE=7592.5578 wMRED=1.63166789 wER=0.293005 wMAE=32.6667 wBias=22.4751 condBias=49.1097 dotDrift=+16.508sigma uMRED=0.0754363127 uER=0.336670 uMAE=30.5195 WCE=480 bias=11.8750
[quad_warmup_bit:05600] loss=0.142526 tau=1.50 collapse_w=0.000 mid_frac=0.071 hard=score=39.8415096211 wNMSE=0.14514685 wMSE=7592.5578 wMRED=1.63166789 wER=0.293005 wMAE=32.6667 wBias=22.4751 condBias=49.1097 dotDrift=+16.508sigma uMRED=0.0754363127 uER=0.336670 uMAE=30.5195 WCE=480 bias=11.8750
[quad_warmup_bit:05800] loss=0.142273 tau=1.50 collapse_w=0.000 mid_frac=0.071 hard=score=39.8415096211 wNMSE=0.14514685 wMSE=7592.5578 wMRED=1.63166789 wER=0.293005 wMAE=32.6667 wBias=22.4751 condBias=49.1097 dotDrift=+16.508sigma uMRED=0.0754363127 uER=0.336670 uMAE=30.5195 WCE=480 bias=11.8750
[quad_warmup_bit:05999] loss=0.142053 tau=1.50 collapse_w=0.000 mid_frac=0.071 hard=score=39.8415096211 wNMSE=0.14514685 wMSE=7592.5578 wMRED=1.63166789 wER=0.293005 wMAE=32.6667 wBias=22.4751 condBias=49.1097 dotDrift=+16.508sigma uMRED=0.0754363127 uER=0.336670 uMAE=30.5195 WCE=480 bias=11.8750
[quad_soft:00000] loss=0.868356 tau=1.50 collapse_w=0.000 mid_frac=0.071 hard=score=39.8415096211 wNMSE=0.14514685 wMSE=7592.5578 wMRED=1.63166789 wER=0.293005 wMAE=32.6667 wBias=22.4751 condBias=49.1097 dotDrift=+16.508sigma uMRED=0.0754363127 uER=0.336670 uMAE=30.5195 WCE=480 bias=11.8750
[quad_soft:00200] loss=0.422438 tau=1.59 collapse_w=0.000 mid_frac=0.083 hard=score=10.6060526783 wNMSE=0.11882566 wMSE=6215.7099 wMRED=1.78622543 wER=0.329345 wMAE=31.8827 wBias=11.5062 condBias=43.8545 dotDrift=+9.340sigma uMRED=0.0794311366 uER=0.377197 uMAE=34.9844 WCE=544 bias=-13.1250
[quad_soft:00400] loss=0.362169 tau=1.68 collapse_w=0.000 mid_frac=0.077 hard=score=11.8813400584 wNMSE=0.12139387 wMSE=6350.0513 wMRED=1.79991830 wER=0.322398 wMAE=32.1695 wBias=12.1905 condBias=45.0405 dotDrift=+9.791sigma uMRED=0.0802474978 uER=0.361084 uMAE=35.1172 WCE=544 bias=-12.0000
[quad_soft:00600] loss=0.345675 tau=1.77 collapse_w=0.000 mid_frac=0.071 hard=score=12.9025019738 wNMSE=0.11830769 wMSE=6188.6149 wMRED=1.79660556 wER=0.322283 wMAE=31.8173 wBias=12.7190 condBias=44.3483 dotDrift=+10.348sigma uMRED=0.0726232855 uER=0.358887 uMAE=29.5234 WCE=464 bias=-4.0000
[quad_soft:00800] loss=0.337219 tau=1.86 collapse_w=0.000 mid_frac=0.065 hard=score=15.6520988908 wNMSE=0.11777278 wMSE=6160.6340 wMRED=1.81967194 wER=0.302400 wMAE=31.3322 wBias=14.0331 condBias=44.2504 dotDrift=+11.443sigma uMRED=0.0716376683 uER=0.345703 uMAE=28.7734 WCE=464 bias=-3.0000
[quad_soft:01000] loss=0.324627 tau=1.95 collapse_w=0.000 mid_frac=0.071 hard=score=23.4241576902 wNMSE=0.11116374 wMSE=5814.9185 wMRED=1.62535184 wER=0.300768 wMAE=28.6706 wBias=17.2129 condBias=43.0947 dotDrift=+14.446sigma uMRED=0.0655667170 uER=0.341064 uMAE=26.5078 WCE=464 bias=-0.5000
[quad_soft:01200] loss=0.314089 tau=2.04 collapse_w=0.000 mid_frac=0.071 hard=score=29.8064985078 wNMSE=0.11397059 wMSE=5961.7432 wMRED=1.75381395 wER=0.302269 wMAE=28.8170 wBias=19.4344 condBias=43.4889 dotDrift=+16.109sigma uMRED=0.0653002070 uER=0.347656 uMAE=25.6211 WCE=464 bias=1.5000
[quad_soft:01400] loss=0.312150 tau=2.13 collapse_w=0.000 mid_frac=0.071 hard=score=29.8064985078 wNMSE=0.11397059 wMSE=5961.7432 wMRED=1.75381395 wER=0.302269 wMAE=28.8170 wBias=19.4344 condBias=43.4889 dotDrift=+16.109sigma uMRED=0.0653002070 uER=0.347656 uMAE=25.6211 WCE=464 bias=1.5000
[quad_soft:01600] loss=0.310975 tau=2.22 collapse_w=0.000 mid_frac=0.071 hard=score=29.8064985078 wNMSE=0.11397059 wMSE=5961.7432 wMRED=1.75381395 wER=0.302269 wMAE=28.8170 wBias=19.4344 condBias=43.4889 dotDrift=+16.109sigma uMRED=0.0653002070 uER=0.347656 uMAE=25.6211 WCE=464 bias=1.5000
[quad_soft:01800] loss=0.309720 tau=2.31 collapse_w=0.000 mid_frac=0.071 hard=score=29.8064985078 wNMSE=0.11397059 wMSE=5961.7432 wMRED=1.75381395 wER=0.302269 wMAE=28.8170 wBias=19.4344 condBias=43.4889 dotDrift=+16.109sigma uMRED=0.0653002070 uER=0.347656 uMAE=25.6211 WCE=464 bias=1.5000
[quad_soft:02000] loss=0.308143 tau=2.40 collapse_w=0.000 mid_frac=0.071 hard=score=29.8064985078 wNMSE=0.11397059 wMSE=5961.7432 wMRED=1.75381395 wER=0.302269 wMAE=28.8170 wBias=19.4344 condBias=43.4889 dotDrift=+16.109sigma uMRED=0.0653002070 uER=0.347656 uMAE=25.6211 WCE=464 bias=1.5000
[quad_soft:02200] loss=0.306092 tau=2.49 collapse_w=0.000 mid_frac=0.077 hard=score=28.0182143254 wNMSE=0.11157023 wMSE=5836.1820 wMRED=1.74178879 wER=0.307743 wMAE=28.5730 wBias=18.8400 condBias=42.3586 dotDrift=+15.783sigma uMRED=0.0641613337 uER=0.359375 uMAE=25.3711 WCE=432 bias=0.5000
[quad_soft:02400] loss=0.304339 tau=2.58 collapse_w=0.000 mid_frac=0.077 hard=score=28.0182143254 wNMSE=0.11157023 wMSE=5836.1820 wMRED=1.74178879 wER=0.307743 wMAE=28.5730 wBias=18.8400 condBias=42.3586 dotDrift=+15.783sigma uMRED=0.0641613337 uER=0.359375 uMAE=25.3711 WCE=432 bias=0.5000
[quad_soft:02600] loss=0.302465 tau=2.67 collapse_w=0.000 mid_frac=0.077 hard=score=28.0182143254 wNMSE=0.11157023 wMSE=5836.1820 wMRED=1.74178879 wER=0.307743 wMAE=28.5730 wBias=18.8400 condBias=42.3586 dotDrift=+15.783sigma uMRED=0.0641613337 uER=0.359375 uMAE=25.3711 WCE=432 bias=0.5000
[quad_soft:02800] loss=0.300510 tau=2.76 collapse_w=0.000 mid_frac=0.083 hard=score=28.0182143254 wNMSE=0.11157023 wMSE=5836.1820 wMRED=1.74178879 wER=0.307743 wMAE=28.5730 wBias=18.8400 condBias=42.3586 dotDrift=+15.783sigma uMRED=0.0641613337 uER=0.359375 uMAE=25.3711 WCE=432 bias=0.5000
[quad_soft:03000] loss=0.298452 tau=2.85 collapse_w=0.000 mid_frac=0.077 hard=score=28.0182143254 wNMSE=0.11157023 wMSE=5836.1820 wMRED=1.74178879 wER=0.307743 wMAE=28.5730 wBias=18.8400 condBias=42.3586 dotDrift=+15.783sigma uMRED=0.0641613337 uER=0.359375 uMAE=25.3711 WCE=432 bias=0.5000
[quad_soft:03200] loss=0.296198 tau=2.94 collapse_w=0.000 mid_frac=0.077 hard=score=28.0182143254 wNMSE=0.11157023 wMSE=5836.1820 wMRED=1.74178879 wER=0.307743 wMAE=28.5730 wBias=18.8400 condBias=42.3586 dotDrift=+15.783sigma uMRED=0.0641613337 uER=0.359375 uMAE=25.3711 WCE=432 bias=0.5000
[quad_soft:03400] loss=0.293790 tau=3.03 collapse_w=0.000 mid_frac=0.077 hard=score=28.0182143254 wNMSE=0.11157023 wMSE=5836.1820 wMRED=1.74178879 wER=0.307743 wMAE=28.5730 wBias=18.8400 condBias=42.3586 dotDrift=+15.783sigma uMRED=0.0641613337 uER=0.359375 uMAE=25.3711 WCE=432 bias=0.5000
[quad_soft:03600] loss=0.291188 tau=3.12 collapse_w=0.000 mid_frac=0.077 hard=score=21.8337304387 wNMSE=0.10546154 wMSE=5516.6394 wMRED=1.87690305 wER=0.347360 wMAE=29.0260 wBias=16.6172 condBias=41.2954 dotDrift=+14.319sigma uMRED=0.0667308249 uER=0.390625 uMAE=26.1211 WCE=432 bias=-1.5000
[quad_soft:03800] loss=0.288473 tau=3.21 collapse_w=0.000 mid_frac=0.077 hard=score=21.8337304387 wNMSE=0.10546154 wMSE=5516.6394 wMRED=1.87690305 wER=0.347360 wMAE=29.0260 wBias=16.6172 condBias=41.2954 dotDrift=+14.319sigma uMRED=0.0667308249 uER=0.390625 uMAE=26.1211 WCE=432 bias=-1.5000
[quad_soft:04000] loss=0.285624 tau=3.30 collapse_w=0.000 mid_frac=0.077 hard=score=22.1010390352 wNMSE=0.10537272 wMSE=5511.9930 wMRED=1.87687338 wER=0.347213 wMAE=28.9955 wBias=16.7197 condBias=41.2745 dotDrift=+14.413sigma uMRED=0.0661386597 uER=0.386230 uMAE=25.1934 WCE=432 bias=0.5000
[quad_soft:04200] loss=0.279748 tau=3.39 collapse_w=0.000 mid_frac=0.077 hard=score=22.1010390352 wNMSE=0.10537272 wMSE=5511.9930 wMRED=1.87687338 wER=0.347213 wMAE=28.9955 wBias=16.7197 condBias=41.2745 dotDrift=+14.413sigma uMRED=0.0661386597 uER=0.386230 uMAE=25.1934 WCE=432 bias=0.5000
[quad_soft:04400] loss=0.273870 tau=3.48 collapse_w=0.000 mid_frac=0.077 hard=score=22.1010390352 wNMSE=0.10537272 wMSE=5511.9930 wMRED=1.87687338 wER=0.347213 wMAE=28.9955 wBias=16.7197 condBias=41.2745 dotDrift=+14.413sigma uMRED=0.0661386597 uER=0.386230 uMAE=25.1934 WCE=432 bias=0.5000
[quad_soft:04600] loss=0.267985 tau=3.57 collapse_w=0.000 mid_frac=0.077 hard=score=21.8337304387 wNMSE=0.10546154 wMSE=5516.6394 wMRED=1.87690305 wER=0.347360 wMAE=29.0260 wBias=16.6172 condBias=41.2954 dotDrift=+14.319sigma uMRED=0.0667308249 uER=0.390625 uMAE=26.1211 WCE=432 bias=-1.5000
[quad_soft:04800] loss=0.262076 tau=3.66 collapse_w=0.000 mid_frac=0.077 hard=score=21.8337304387 wNMSE=0.10546154 wMSE=5516.6394 wMRED=1.87690305 wER=0.347360 wMAE=29.0260 wBias=16.6172 condBias=41.2954 dotDrift=+14.319sigma uMRED=0.0667308249 uER=0.390625 uMAE=26.1211 WCE=432 bias=-1.5000
[quad_soft:05000] loss=0.256187 tau=3.75 collapse_w=0.000 mid_frac=0.077 hard=score=22.2460615596 wNMSE=0.10523206 wMSE=5504.6353 wMRED=1.87337687 wER=0.347360 wMAE=28.8679 wBias=16.7753 condBias=41.1815 dotDrift=+14.471sigma uMRED=0.0663419541 uER=0.390625 uMAE=25.8711 WCE=432 bias=-1.2500
[quad_soft:05200] loss=0.250258 tau=3.84 collapse_w=0.000 mid_frac=0.077 hard=score=22.2460615596 wNMSE=0.10523206 wMSE=5504.6353 wMRED=1.87337687 wER=0.347360 wMAE=28.8679 wBias=16.7753 condBias=41.1815 dotDrift=+14.471sigma uMRED=0.0663419541 uER=0.390625 uMAE=25.8711 WCE=432 bias=-1.2500
[quad_soft:05400] loss=0.244371 tau=3.93 collapse_w=0.000 mid_frac=0.077 hard=score=22.2460615596 wNMSE=0.10523206 wMSE=5504.6353 wMRED=1.87337687 wER=0.347360 wMAE=28.8679 wBias=16.7753 condBias=41.1815 dotDrift=+14.471sigma uMRED=0.0663419541 uER=0.390625 uMAE=25.8711 WCE=432 bias=-1.2500
[quad_soft:05600] loss=0.238469 tau=4.02 collapse_w=0.000 mid_frac=0.077 hard=score=22.2460615596 wNMSE=0.10523206 wMSE=5504.6353 wMRED=1.87337687 wER=0.347360 wMAE=28.8679 wBias=16.7753 condBias=41.1815 dotDrift=+14.471sigma uMRED=0.0663419541 uER=0.390625 uMAE=25.8711 WCE=432 bias=-1.2500
[quad_soft:05800] loss=0.232457 tau=4.11 collapse_w=0.000 mid_frac=0.077 hard=score=22.2460615596 wNMSE=0.10523206 wMSE=5504.6353 wMRED=1.87337687 wER=0.347360 wMAE=28.8679 wBias=16.7753 condBias=41.1815 dotDrift=+14.471sigma uMRED=0.0663419541 uER=0.390625 uMAE=25.8711 WCE=432 bias=-1.2500
[quad_soft:06000] loss=0.226500 tau=4.20 collapse_w=0.000 mid_frac=0.077 hard=score=22.2460615596 wNMSE=0.10523206 wMSE=5504.6353 wMRED=1.87337687 wER=0.347360 wMAE=28.8679 wBias=16.7753 condBias=41.1815 dotDrift=+14.471sigma uMRED=0.0663419541 uER=0.390625 uMAE=25.8711 WCE=432 bias=-1.2500
[quad_soft:06200] loss=0.221618 tau=4.29 collapse_w=0.025 mid_frac=0.071 hard=score=22.5814364027 wNMSE=0.10514543 wMSE=5500.1039 wMRED=1.87337681 wER=0.347236 wMAE=28.8408 wBias=16.9026 condBias=41.1618 dotDrift=+14.586sigma uMRED=0.0657749250 uER=0.384766 uMAE=24.9785 WCE=432 bias=1.2500
[quad_soft:06400] loss=0.216477 tau=4.38 collapse_w=0.050 mid_frac=0.065 hard=score=22.5814364027 wNMSE=0.10514543 wMSE=5500.1039 wMRED=1.87337681 wER=0.347236 wMAE=28.8408 wBias=16.9026 condBias=41.1618 dotDrift=+14.586sigma uMRED=0.0657749250 uER=0.384766 uMAE=24.9785 WCE=432 bias=1.2500
[quad_soft:06600] loss=0.211332 tau=4.47 collapse_w=0.075 mid_frac=0.065 hard=score=22.5814364027 wNMSE=0.10514543 wMSE=5500.1039 wMRED=1.87337681 wER=0.347236 wMAE=28.8408 wBias=16.9026 condBias=41.1618 dotDrift=+14.586sigma uMRED=0.0657749250 uER=0.384766 uMAE=24.9785 WCE=432 bias=1.2500
[quad_soft:06800] loss=0.206080 tau=4.56 collapse_w=0.100 mid_frac=0.065 hard=score=22.5814364027 wNMSE=0.10514543 wMSE=5500.1039 wMRED=1.87337681 wER=0.347236 wMAE=28.8408 wBias=16.9026 condBias=41.1618 dotDrift=+14.586sigma uMRED=0.0657749250 uER=0.384766 uMAE=24.9785 WCE=432 bias=1.2500
[quad_soft:07000] loss=0.200776 tau=4.65 collapse_w=0.125 mid_frac=0.060 hard=score=22.5814364027 wNMSE=0.10514543 wMSE=5500.1039 wMRED=1.87337681 wER=0.347236 wMAE=28.8408 wBias=16.9026 condBias=41.1618 dotDrift=+14.586sigma uMRED=0.0657749250 uER=0.384766 uMAE=24.9785 WCE=432 bias=1.2500
[quad_soft:07200] loss=0.195376 tau=4.74 collapse_w=0.150 mid_frac=0.060 hard=score=22.5814364027 wNMSE=0.10514543 wMSE=5500.1039 wMRED=1.87337681 wER=0.347236 wMAE=28.8408 wBias=16.9026 condBias=41.1618 dotDrift=+14.586sigma uMRED=0.0657749250 uER=0.384766 uMAE=24.9785 WCE=432 bias=1.2500
[quad_soft:07400] loss=0.189925 tau=4.83 collapse_w=0.175 mid_frac=0.060 hard=score=22.5814364027 wNMSE=0.10514543 wMSE=5500.1039 wMRED=1.87337681 wER=0.347236 wMAE=28.8408 wBias=16.9026 condBias=41.1618 dotDrift=+14.586sigma uMRED=0.0657749250 uER=0.384766 uMAE=24.9785 WCE=432 bias=1.2500
[quad_soft:07600] loss=0.184408 tau=4.92 collapse_w=0.200 mid_frac=0.048 hard=score=22.5814364027 wNMSE=0.10514543 wMSE=5500.1039 wMRED=1.87337681 wER=0.347236 wMAE=28.8408 wBias=16.9026 condBias=41.1618 dotDrift=+14.586sigma uMRED=0.0657749250 uER=0.384766 uMAE=24.9785 WCE=432 bias=1.2500
[quad_soft:07800] loss=0.178712 tau=5.01 collapse_w=0.225 mid_frac=0.042 hard=score=25.5227142312 wNMSE=0.10500946 wMSE=5492.9916 wMRED=1.88030824 wER=0.345816 wMAE=28.6584 wBias=17.9800 condBias=41.3065 dotDrift=+15.526sigma uMRED=0.0651467275 uER=0.380371 uMAE=24.0508 WCE=432 bias=3.2500
[quad_soft:08000] loss=0.172888 tau=5.10 collapse_w=0.250 mid_frac=0.042 hard=score=25.5227142312 wNMSE=0.10500946 wMSE=5492.9916 wMRED=1.88030824 wER=0.345816 wMAE=28.6584 wBias=17.9800 condBias=41.3065 dotDrift=+15.526sigma uMRED=0.0651467275 uER=0.380371 uMAE=24.0508 WCE=432 bias=3.2500
[quad_soft:08200] loss=0.167146 tau=5.19 collapse_w=0.275 mid_frac=0.042 hard=score=25.5227142312 wNMSE=0.10500946 wMSE=5492.9916 wMRED=1.88030824 wER=0.345816 wMAE=28.6584 wBias=17.9800 condBias=41.3065 dotDrift=+15.526sigma uMRED=0.0651467275 uER=0.380371 uMAE=24.0508 WCE=432 bias=3.2500
[quad_soft:08400] loss=0.161340 tau=5.28 collapse_w=0.300 mid_frac=0.042 hard=score=25.5227142312 wNMSE=0.10500946 wMSE=5492.9916 wMRED=1.88030824 wER=0.345816 wMAE=28.6584 wBias=17.9800 condBias=41.3065 dotDrift=+15.526sigma uMRED=0.0651467275 uER=0.380371 uMAE=24.0508 WCE=432 bias=3.2500
[quad_soft:08600] loss=0.155437 tau=5.37 collapse_w=0.325 mid_frac=0.042 hard=score=25.5227142312 wNMSE=0.10500946 wMSE=5492.9916 wMRED=1.88030824 wER=0.345816 wMAE=28.6584 wBias=17.9800 condBias=41.3065 dotDrift=+15.526sigma uMRED=0.0651467275 uER=0.380371 uMAE=24.0508 WCE=432 bias=3.2500
[quad_soft:08800] loss=0.149488 tau=5.46 collapse_w=0.350 mid_frac=0.042 hard=score=25.5227142312 wNMSE=0.10500946 wMSE=5492.9916 wMRED=1.88030824 wER=0.345816 wMAE=28.6584 wBias=17.9800 condBias=41.3065 dotDrift=+15.526sigma uMRED=0.0651467275 uER=0.380371 uMAE=24.0508 WCE=432 bias=3.2500
[quad_soft:09000] loss=0.143469 tau=5.55 collapse_w=0.375 mid_frac=0.042 hard=score=25.5227142312 wNMSE=0.10500946 wMSE=5492.9916 wMRED=1.88030824 wER=0.345816 wMAE=28.6584 wBias=17.9800 condBias=41.3065 dotDrift=+15.526sigma uMRED=0.0651467275 uER=0.380371 uMAE=24.0508 WCE=432 bias=3.2500
[quad_soft:09200] loss=0.137290 tau=5.64 collapse_w=0.400 mid_frac=0.042 hard=score=25.5227142312 wNMSE=0.10500946 wMSE=5492.9916 wMRED=1.88030824 wER=0.345816 wMAE=28.6584 wBias=17.9800 condBias=41.3065 dotDrift=+15.526sigma uMRED=0.0651467275 uER=0.380371 uMAE=24.0508 WCE=432 bias=3.2500
[quad_soft:09400] loss=0.131047 tau=5.73 collapse_w=0.425 mid_frac=0.036 hard=score=25.5227142312 wNMSE=0.10500946 wMSE=5492.9916 wMRED=1.88030824 wER=0.345816 wMAE=28.6584 wBias=17.9800 condBias=41.3065 dotDrift=+15.526sigma uMRED=0.0651467275 uER=0.380371 uMAE=24.0508 WCE=432 bias=3.2500
[quad_soft:09600] loss=0.124652 tau=5.82 collapse_w=0.450 mid_frac=0.036 hard=score=25.5227142312 wNMSE=0.10500946 wMSE=5492.9916 wMRED=1.88030824 wER=0.345816 wMAE=28.6584 wBias=17.9800 condBias=41.3065 dotDrift=+15.526sigma uMRED=0.0651467275 uER=0.380371 uMAE=24.0508 WCE=432 bias=3.2500
[quad_soft:09800] loss=0.118064 tau=5.91 collapse_w=0.475 mid_frac=0.036 hard=score=25.5227142312 wNMSE=0.10500946 wMSE=5492.9916 wMRED=1.88030824 wER=0.345816 wMAE=28.6584 wBias=17.9800 condBias=41.3065 dotDrift=+15.526sigma uMRED=0.0651467275 uER=0.380371 uMAE=24.0508 WCE=432 bias=3.2500
[quad_soft:09999] loss=0.111283 tau=6.00 collapse_w=0.500 mid_frac=0.036 hard=score=25.5227142312 wNMSE=0.10500946 wMSE=5492.9916 wMRED=1.88030824 wER=0.345816 wMAE=28.6584 wBias=17.9800 condBias=41.3065 dotDrift=+15.526sigma uMRED=0.0651467275 uER=0.380371 uMAE=24.0508 WCE=432 bias=3.2500
[quad_hard_ste:00000] loss=25.606325 tau=6.00 collapse_w=0.500 mid_frac=0.036 hard=score=25.5227142312 wNMSE=0.10500946 wMSE=5492.9916 wMRED=1.88030824 wER=0.345816 wMAE=28.6584 wBias=17.9800 condBias=41.3065 dotDrift=+15.526sigma uMRED=0.0651467275 uER=0.380371 uMAE=24.0508 WCE=432 bias=3.2500
[quad_hard_ste:00200] loss=684.158691 tau=6.00 collapse_w=0.500 mid_frac=0.048 hard=score=683.7160610493 wNMSE=1.4266666 wMSE=74628.2020 wMRED=9.63732101 wER=0.345990 wMAE=98.5472 wBias=-93.2609 condBias=177.6743 dotDrift=-21.849sigma uMRED=0.1934327236 uER=0.376221 uMAE=42.8027 WCE=928 bias=-31.2500
[quad_hard_ste:00400] loss=17.461302 tau=6.00 collapse_w=0.500 mid_frac=0.042 hard=score=17.3658435721 wNMSE=0.10985933 wMSE=5746.6855 wMRED=2.07400654 wER=0.345990 wMAE=31.2801 wBias=14.8002 condBias=42.1342 dotDrift=+12.495sigma uMRED=0.0709912770 uER=0.376221 uMAE=26.1152 WCE=432 bias=0.7500
[quad_hard_ste:00600] loss=17.461018 tau=6.00 collapse_w=0.500 mid_frac=0.042 hard=score=17.3658435721 wNMSE=0.10985933 wMSE=5746.6855 wMRED=2.07400654 wER=0.345990 wMAE=31.2801 wBias=14.8002 condBias=42.1342 dotDrift=+12.495sigma uMRED=0.0709912770 uER=0.376221 uMAE=26.1152 WCE=432 bias=0.7500
[quad_hard_ste:00800] loss=684.157776 tau=6.00 collapse_w=0.500 mid_frac=0.048 hard=score=683.7160610493 wNMSE=1.4266666 wMSE=74628.2020 wMRED=9.63732101 wER=0.345990 wMAE=98.5472 wBias=-93.2609 condBias=177.6743 dotDrift=-21.849sigma uMRED=0.1934327236 uER=0.376221 uMAE=42.8027 WCE=928 bias=-31.2500
[quad_hard_ste:01000] loss=684.157776 tau=6.00 collapse_w=0.500 mid_frac=0.048 hard=score=683.7160610493 wNMSE=1.4266666 wMSE=74628.2020 wMRED=9.63732101 wER=0.345990 wMAE=98.5472 wBias=-93.2609 condBias=177.6743 dotDrift=-21.849sigma uMRED=0.1934327236 uER=0.376221 uMAE=42.8027 WCE=928 bias=-31.2500
[quad_hard_ste:01200] loss=6.153993 tau=6.00 collapse_w=0.500 mid_frac=0.042 hard=score=6.0731148648 wNMSE=0.10181749 wMSE=5326.0212 wMRED=1.73781735 wER=0.385965 wMAE=32.5243 wBias=8.6657 condBias=34.5396 dotDrift=+7.599sigma uMRED=0.0668834402 uER=0.387207 uMAE=26.4590 WCE=400 bias=-1.2500
[quad_hard_ste:01400] loss=6.153860 tau=6.00 collapse_w=0.500 mid_frac=0.042 hard=score=6.0731148648 wNMSE=0.10181749 wMSE=5326.0212 wMRED=1.73781735 wER=0.385965 wMAE=32.5243 wBias=8.6657 condBias=34.5396 dotDrift=+7.599sigma uMRED=0.0668834402 uER=0.387207 uMAE=26.4590 WCE=400 bias=-1.2500
[quad_hard_ste:01600] loss=776.841553 tau=6.00 collapse_w=0.500 mid_frac=0.048 hard=score=776.3776385149 wNMSE=1.4909847 wMSE=77992.6516 wMRED=10.14702065 wER=0.385965 wMAE=103.4878 wBias=-99.3954 condBias=181.4491 dotDrift=-22.778sigma uMRED=0.2027065773 uER=0.387207 uMAE=44.1465 WCE=992 bias=-33.2500
[quad_hard_ste:01800] loss=776.841553 tau=6.00 collapse_w=0.500 mid_frac=0.054 hard=score=776.3776385149 wNMSE=1.4909847 wMSE=77992.6516 wMRED=10.14702065 wER=0.385965 wMAE=103.4878 wBias=-99.3954 condBias=181.4491 dotDrift=-22.778sigma uMRED=0.2027065773 uER=0.387207 uMAE=44.1465 WCE=992 bias=-33.2500
[quad_hard_ste:02000] loss=776.841492 tau=6.00 collapse_w=0.500 mid_frac=0.060 hard=score=776.3776385149 wNMSE=1.4909847 wMSE=77992.6516 wMRED=10.14702065 wER=0.385965 wMAE=103.4878 wBias=-99.3954 condBias=181.4491 dotDrift=-22.778sigma uMRED=0.2027065773 uER=0.387207 uMAE=44.1465 WCE=992 bias=-33.2500
[quad_hard_ste:02200] loss=6.153766 tau=6.00 collapse_w=0.500 mid_frac=0.054 hard=score=6.0731148648 wNMSE=0.10181749 wMSE=5326.0212 wMRED=1.73781735 wER=0.385965 wMAE=32.5243 wBias=8.6657 condBias=34.5396 dotDrift=+7.599sigma uMRED=0.0668834402 uER=0.387207 uMAE=26.4590 WCE=400 bias=-1.2500
[quad_hard_ste:02400] loss=776.841431 tau=6.00 collapse_w=0.500 mid_frac=0.054 hard=score=6.0731148648 wNMSE=0.10181749 wMSE=5326.0212 wMRED=1.73781735 wER=0.385965 wMAE=32.5243 wBias=8.6657 condBias=34.5396 dotDrift=+7.599sigma uMRED=0.0668834402 uER=0.387207 uMAE=26.4590 WCE=400 bias=-1.2500
[quad_hard_ste:02600] loss=776.841370 tau=6.00 collapse_w=0.500 mid_frac=0.054 hard=score=6.0731148648 wNMSE=0.10181749 wMSE=5326.0212 wMRED=1.73781735 wER=0.385965 wMAE=32.5243 wBias=8.6657 condBias=34.5396 dotDrift=+7.599sigma uMRED=0.0668834402 uER=0.387207 uMAE=26.4590 WCE=400 bias=-1.2500
[quad_hard_ste:02800] loss=6.153562 tau=6.00 collapse_w=0.500 mid_frac=0.060 hard=score=776.3776385149 wNMSE=1.4909847 wMSE=77992.6516 wMRED=10.14702065 wER=0.385965 wMAE=103.4878 wBias=-99.3954 condBias=181.4491 dotDrift=-22.778sigma uMRED=0.2027065773 uER=0.387207 uMAE=44.1465 WCE=992 bias=-33.2500
[quad_hard_ste:03000] loss=776.841187 tau=6.00 collapse_w=0.500 mid_frac=0.054 hard=score=6.0731148648 wNMSE=0.10181749 wMSE=5326.0212 wMRED=1.73781735 wER=0.385965 wMAE=32.5243 wBias=8.6657 condBias=34.5396 dotDrift=+7.599sigma uMRED=0.0668834402 uER=0.387207 uMAE=26.4590 WCE=400 bias=-1.2500
[quad_hard_ste:03200] loss=6.153399 tau=6.00 collapse_w=0.500 mid_frac=0.060 hard=score=776.3776385149 wNMSE=1.4909847 wMSE=77992.6516 wMRED=10.14702065 wER=0.385965 wMAE=103.4878 wBias=-99.3954 condBias=181.4491 dotDrift=-22.778sigma uMRED=0.2027065773 uER=0.387207 uMAE=44.1465 WCE=992 bias=-33.2500
[quad_hard_ste:03400] loss=6.153316 tau=6.00 collapse_w=0.500 mid_frac=0.054 hard=score=6.0731148648 wNMSE=0.10181749 wMSE=5326.0212 wMRED=1.73781735 wER=0.385965 wMAE=32.5243 wBias=8.6657 condBias=34.5396 dotDrift=+7.599sigma uMRED=0.0668834402 uER=0.387207 uMAE=26.4590 WCE=400 bias=-1.2500
[quad_hard_ste:03600] loss=776.840881 tau=6.00 collapse_w=0.500 mid_frac=0.054 hard=score=6.0731148648 wNMSE=0.10181749 wMSE=5326.0212 wMRED=1.73781735 wER=0.385965 wMAE=32.5243 wBias=8.6657 condBias=34.5396 dotDrift=+7.599sigma uMRED=0.0668834402 uER=0.387207 uMAE=26.4590 WCE=400 bias=-1.2500
[quad_hard_ste:03800] loss=776.840820 tau=6.00 collapse_w=0.500 mid_frac=0.054 hard=score=6.0731148648 wNMSE=0.10181749 wMSE=5326.0212 wMRED=1.73781735 wER=0.385965 wMAE=32.5243 wBias=8.6657 condBias=34.5396 dotDrift=+7.599sigma uMRED=0.0668834402 uER=0.387207 uMAE=26.4590 WCE=400 bias=-1.2500
[quad_hard_ste:03999] loss=776.840759 tau=6.00 collapse_w=0.500 mid_frac=0.060 hard=score=776.3776385149 wNMSE=1.4909847 wMSE=77992.6516 wMRED=10.14702065 wER=0.385965 wMAE=103.4878 wBias=-99.3954 condBias=181.4491 dotDrift=-22.778sigma uMRED=0.2027065773 uER=0.387207 uMAE=44.1465 WCE=992 bias=-33.2500
[pop00_soft:00000] loss=17.768099 tau=1.50 collapse_w=0.000 mid_frac=0.327 hard=score=26.0663325925 wNMSE=10.309259 wMSE=539272.0962 wMRED=35.11500177 wER=0.576902 wMAE=285.6306 wBias=10.9555 condBias=318.0171 dotDrift=+0.955sigma uMRED=0.8187529811 uER=0.573730 uMAE=229.4258 WCE=3752 bias=83.2500
[pop00_soft:00200] loss=5.755048 tau=2.25 collapse_w=0.000 mid_frac=0.298 hard=score=22.2408883979 wNMSE=0.32008447 wMSE=16743.4556 wMRED=2.25299768 wER=0.499218 wMAE=51.0281 wBias=16.5983 condBias=75.8357 dotDrift=+8.210sigma uMRED=0.2379903985 uER=0.555908 uMAE=146.7539 WCE=1760 bias=42.3750
[pop00_soft:00300] loss=3.013041 tau=2.63 collapse_w=0.000 mid_frac=0.262 hard=score=1.1234098844 wNMSE=0.57531923 wMSE=30094.6557 wMRED=2.71578485 wER=0.478825 wMAE=68.9934 wBias=0.8457 condBias=84.9863 dotDrift=+0.312sigma uMRED=0.3140448762 uER=0.547607 uMAE=205.4570 WCE=2864 bias=65.1250 *BEST*
[pop00_soft:00325] loss=2.289315 tau=2.72 collapse_w=0.000 mid_frac=0.244 hard=score=0.8014519647 wNMSE=0.41981964 wMSE=21960.5515 wMRED=2.73076275 wER=0.484263 wMAE=66.8654 wBias=0.1007 condBias=82.5467 dotDrift=+0.043sigma uMRED=0.2670708632 uER=0.553467 uMAE=166.1660 WCE=1312 bias=49.6250 *BEST*
[pop00_soft:00400] loss=0.756999 tau=3.00 collapse_w=0.000 mid_frac=0.190 hard=score=3.4576534930 wNMSE=0.40730052 wMSE=21305.6828 wMRED=2.71387765 wER=0.466600 wMAE=62.4187 wBias=5.8205 condBias=88.3129 dotDrift=+2.552sigma uMRED=0.2689332500 uER=0.552246 uMAE=156.3281 WCE=1440 bias=-54.6250
[pop00_soft:00600] loss=0.369246 tau=3.75 collapse_w=0.000 mid_frac=0.220 hard=score=2.1738062852 wNMSE=0.42120606 wMSE=22033.0743 wMRED=2.60824572 wER=0.419295 wMAE=59.7587 wBias=4.1333 condBias=90.3628 dotDrift=+1.782sigma uMRED=0.2583293686 uER=0.507324 uMAE=147.6133 WCE=1508 bias=-86.7500
[pop00_soft:00800] loss=0.289042 tau=4.50 collapse_w=0.084 mid_frac=0.202 hard=score=13.9030775103 wNMSE=0.38039602 wMSE=19898.3217 wMRED=2.40771223 wER=0.433869 wMAE=55.7653 wBias=12.9756 condBias=83.0109 dotDrift=+5.887sigma uMRED=0.2333981800 uER=0.493408 uMAE=135.1992 WCE=1152 bias=-15.3750
[pop00_soft:01000] loss=0.215315 tau=5.25 collapse_w=0.293 mid_frac=0.214 hard=score=8.3556972117 wNMSE=0.38466416 wMSE=20121.5862 wMRED=2.61556689 wER=0.433869 wMAE=57.6863 wBias=9.8729 condBias=82.8389 dotDrift=+4.454sigma uMRED=0.2360358456 uER=0.493408 uMAE=135.1992 WCE=1152 bias=-18.3750
[pop00_soft:01199] loss=0.148999 tau=6.00 collapse_w=0.500 mid_frac=0.202 hard=score=6.8060253208 wNMSE=0.39480162 wMSE=20651.8716 wMRED=2.63701897 wER=0.433869 wMAE=58.7637 wBias=8.7955 condBias=84.9719 dotDrift=+3.917sigma uMRED=0.2395898703 uER=0.493408 uMAE=137.1992 WCE=1152 bias=-20.3750
[pop00_hard:00000] loss=6.908130 tau=6.00 collapse_w=0.500 mid_frac=0.202 hard=score=6.8060253208 wNMSE=0.39480162 wMSE=20651.8716 wMRED=2.63701897 wER=0.433869 wMAE=58.7637 wBias=8.7955 condBias=84.9719 dotDrift=+3.917sigma uMRED=0.2395898703 uER=0.493408 uMAE=137.1992 WCE=1152 bias=-20.3750
[pop00_hard:00200] loss=0.944197 tau=6.00 collapse_w=0.500 mid_frac=0.167 hard=score=0.8548707802 wNMSE=0.40484675 wMSE=21177.3272 wMRED=2.75502157 wER=0.444795 wMAE=60.4213 wBias=-0.8967 condBias=86.0702 dotDrift=-0.394sigma uMRED=0.2519142504 uER=0.488525 uMAE=141.7461 WCE=1496 bias=-92.3750
[pop00_hard:00400] loss=0.961089 tau=6.00 collapse_w=0.500 mid_frac=0.167 hard=score=0.8548707802 wNMSE=0.40484675 wMSE=21177.3272 wMRED=2.75502157 wER=0.444795 wMAE=60.4213 wBias=-0.8967 condBias=86.0702 dotDrift=-0.394sigma uMRED=0.2519142504 uER=0.488525 uMAE=141.7461 WCE=1496 bias=-92.3750
[pop00_hard:00599] loss=0.960093 tau=6.00 collapse_w=0.500 mid_frac=0.167 hard=score=0.8548707802 wNMSE=0.40484675 wMSE=21177.3272 wMRED=2.75502157 wER=0.444795 wMAE=60.4213 wBias=-0.8967 condBias=86.0702 dotDrift=-0.394sigma uMRED=0.2519142504 uER=0.488525 uMAE=141.7461 WCE=1496 bias=-92.3750
[pop00] done (conf=0.53, noise=0.5); global best score=0.8014519647 wNMSE=0.41981964 wMSE=21960.5515 wMRED=2.73076275 wER=0.484263 wMAE=66.8654 wBias=0.1007 condBias=82.5467 dotDrift=+0.043sigma uMRED=0.2670708632 uER=0.553467 uMAE=166.1660 WCE=1312 bias=49.6250
[pop01_soft:00000] loss=48.079296 tau=1.50 collapse_w=0.000 mid_frac=0.446 hard=score=155.3817736309 wNMSE=25.261108 wMSE=1321395.7001 wMRED=55.05552697 wER=0.585938 wMAE=690.5442 wBias=37.4268 condBias=694.0870 dotDrift=+2.084sigma uMRED=1.3852333814 uER=0.578125 uMAE=438.2905 WCE=2961 bias=51.9375
[pop01_soft:00200] loss=19.631989 tau=2.25 collapse_w=0.000 mid_frac=0.446 hard=score=3300.3041690957 wNMSE=18.779437 wMSE=982342.7831 wMRED=43.68533679 wER=0.585938 wMAE=530.1889 wBias=-204.1848 condBias=580.9174 dotDrift=-13.185sigma uMRED=1.1362392878 uER=0.578125 uMAE=368.8325 WCE=3225 bias=-240.9375
[pop01_soft:00400] loss=16.373970 tau=3.00 collapse_w=0.000 mid_frac=0.423 hard=score=1272.0274047602 wNMSE=3.9144729 wMSE=204764.0834 wMRED=12.86590234 wER=0.553595 wMAE=193.9852 wBias=-127.1234 condBias=265.0170 dotDrift=-17.980sigma uMRED=0.5570627414 uER=0.570801 uMAE=298.5537 WCE=3392 bias=-23.6250
[pop01_soft:00600] loss=10.926101 tau=3.75 collapse_w=0.000 mid_frac=0.375 hard=score=932.5121040892 wNMSE=4.3323075 wMSE=226620.7978 wMRED=14.74868569 wER=0.510624 wMAE=216.6893 wBias=-108.6864 condBias=248.3733 dotDrift=-14.612sigma uMRED=0.5870009342 uER=0.560547 uMAE=303.7852 WCE=2786 bias=118.6250
[pop01_soft:00800] loss=2.415972 tau=4.50 collapse_w=0.084 mid_frac=0.363 hard=score=33.7528340949 wNMSE=0.6195357 wMSE=32407.5968 wMRED=2.92627539 wER=0.525421 wMAE=79.5135 wBias=-20.4370 condBias=84.7481 dotDrift=-7.266sigma uMRED=0.3038486819 uER=0.561279 uMAE=193.6660 WCE=1536 bias=-111.0000
[pop01_soft:01000] loss=0.837221 tau=5.25 collapse_w=0.293 mid_frac=0.351 hard=score=82.4529632132 wNMSE=0.62275666 wMSE=32576.0835 wMRED=3.06509574 wER=0.524633 wMAE=81.2427 wBias=-32.2561 condBias=82.4088 dotDrift=-11.438sigma uMRED=0.2968260199 uER=0.556885 uMAE=190.9395 WCE=1392 bias=-84.7500
[pop01_soft:01199] loss=0.638286 tau=6.00 collapse_w=0.500 mid_frac=0.327 hard=score=75.4405435475 wNMSE=0.60209431 wMSE=31495.2465 wMRED=3.08341369 wER=0.529578 wMAE=80.9858 wBias=-30.8511 condBias=76.5198 dotDrift=-11.126sigma uMRED=0.2850175257 uER=0.559814 uMAE=188.7480 WCE=1256 bias=-69.0000
[pop01_hard:00000] loss=75.568054 tau=6.00 collapse_w=0.500 mid_frac=0.327 hard=score=75.4405435475 wNMSE=0.60209431 wMSE=31495.2465 wMRED=3.08341369 wER=0.529578 wMAE=80.9858 wBias=-30.8511 condBias=76.5198 dotDrift=-11.126sigma uMRED=0.2850175257 uER=0.559814 uMAE=188.7480 WCE=1256 bias=-69.0000
[pop01_hard:00200] loss=44.094933 tau=6.00 collapse_w=0.500 mid_frac=0.315 hard=score=43.9830326671 wNMSE=0.6114375 wMSE=31983.9842 wMRED=3.09480122 wER=0.529578 wMAE=81.2244 wBias=-23.4320 condBias=81.8372 dotDrift=-8.385sigma uMRED=0.2970530408 uER=0.559814 uMAE=191.1309 WCE=1522 bias=-5.0000
[pop01_hard:00400] loss=3.332307 tau=6.00 collapse_w=0.500 mid_frac=0.286 hard=score=3.2343371141 wNMSE=0.72278113 wMSE=37808.3127 wMRED=2.98094747 wER=0.526097 wMAE=81.2399 wBias=-5.0160 condBias=97.9627 dotDrift=-1.651sigma uMRED=0.3455827219 uER=0.555420 uMAE=217.3262 WCE=1698 bias=131.2500
[pop01_hard:00599] loss=1.291312 tau=6.00 collapse_w=0.500 mid_frac=0.280 hard=score=12.3557335032 wNMSE=0.52354962 wMSE=27386.6139 wMRED=2.77676339 wER=0.526097 wMAE=72.5708 wBias=-12.1198 condBias=71.5409 dotDrift=-4.687sigma uMRED=0.2740063525 uER=0.555420 uMAE=181.5488 WCE=1522 bias=15.7500
[pop01] done (conf=0.51, noise=1.0); global best score=0.8014519647 wNMSE=0.41981964 wMSE=21960.5515 wMRED=2.73076275 wER=0.484263 wMAE=66.8654 wBias=0.1007 condBias=82.5467 dotDrift=+0.043sigma uMRED=0.2670708632 uER=0.553467 uMAE=166.1660 WCE=1312 bias=49.6250
[pop02_soft:00000] loss=20.814348 tau=1.50 collapse_w=0.000 mid_frac=0.375 hard=score=15.0183526134 wNMSE=5.7480663 wMSE=300678.4189 wMRED=22.95459581 wER=0.568990 wMAE=298.2666 wBias=8.7286 condBias=277.7279 dotDrift=+1.019sigma uMRED=0.7524906452 uER=0.570801 uMAE=313.4004 WCE=3400 bias=139.5625
[pop02_soft:00200] loss=8.479261 tau=2.25 collapse_w=0.000 mid_frac=0.369 hard=score=478.1350426620 wNMSE=11.496688 wMSE=601385.8632 wMRED=30.75144380 wER=0.554319 wMAE=279.0147 wBias=-76.4454 condBias=447.8328 dotDrift=-6.309sigma uMRED=0.8329458358 uER=0.566406 uMAE=306.5059 WCE=3600 bias=137.2500
[pop02_soft:00400] loss=2.205267 tau=3.00 collapse_w=0.000 mid_frac=0.304 hard=score=0.9374342213 wNMSE=0.45172193 wMSE=23629.3438 wMRED=3.12512982 wER=0.474543 wMAE=71.2145 wBias=-1.0787 condBias=81.0788 dotDrift=-0.449sigma uMRED=0.2575914104 uER=0.546143 uMAE=147.5801 WCE=1336 bias=-17.5000
[pop02_soft:00600] loss=0.575225 tau=3.75 collapse_w=0.000 mid_frac=0.280 hard=score=25.4030280851 wNMSE=0.40601468 wMSE=21238.4207 wMRED=2.83161733 wER=0.446004 wMAE=66.3442 wBias=-17.7604 condBias=75.0931 dotDrift=-7.800sigma uMRED=0.2232680250 uER=0.517578 uMAE=134.7656 WCE=1304 bias=-37.6250
[pop02_soft:00800] loss=0.433669 tau=4.50 collapse_w=0.084 mid_frac=0.262 hard=score=12.1449843931 wNMSE=0.37826999 wMSE=19787.1103 wMRED=2.54574456 wER=0.446907 wMAE=60.4989 wBias=-12.0983 condBias=73.9251 dotDrift=-5.504sigma uMRED=0.1976878698 uER=0.512451 uMAE=106.4121 WCE=1336 bias=-36.6250
[pop02_soft:00950] loss=0.353771 tau=5.07 collapse_w=0.240 mid_frac=0.232 hard=score=0.7007222429 wNMSE=0.37647889 wMSE=19693.4191 wMRED=2.42849157 wER=0.448296 wMAE=56.7996 wBias=-0.1896 condBias=77.1139 dotDrift=-0.086sigma uMRED=0.1971298283 uER=0.516846 uMAE=105.4180 WCE=1336 bias=-33.1250 *BEST*
[pop02_soft:01000] loss=0.329975 tau=5.25 collapse_w=0.293 mid_frac=0.214 hard=score=0.7614727186 wNMSE=0.37598204 wMSE=19667.4291 wMRED=2.41414685 wER=0.448296 wMAE=56.5861 wBias=-0.9104 condBias=77.0248 dotDrift=-0.415sigma uMRED=0.1969962932 uER=0.516846 uMAE=105.5273 WCE=1336 bias=-34.1250
[pop02_soft:01199] loss=0.194865 tau=6.00 collapse_w=0.500 mid_frac=0.202 hard=score=9.0873506589 wNMSE=0.39904798 wMSE=20873.9963 wMRED=2.89788336 wER=0.433164 wMAE=60.0033 wBias=10.3136 condBias=84.1722 dotDrift=+4.569sigma uMRED=0.2061520587 uER=0.506592 uMAE=107.0234 WCE=1336 bias=-31.1250
[pop02_hard:00000] loss=9.195529 tau=6.00 collapse_w=0.500 mid_frac=0.202 hard=score=9.0873506589 wNMSE=0.39904798 wMSE=20873.9963 wMRED=2.89788336 wER=0.433164 wMAE=60.0033 wBias=10.3136 condBias=84.1722 dotDrift=+4.569sigma uMRED=0.2061520587 uER=0.506592 uMAE=107.0234 WCE=1336 bias=-31.1250
[pop02_hard:00200] loss=5.870567 tau=6.00 collapse_w=0.500 mid_frac=0.202 hard=score=5.7801456103 wNMSE=0.38617412 wMSE=20200.5713 wMRED=2.57390165 wER=0.433164 wMAE=59.8118 wBias=-8.0512 condBias=75.0280 dotDrift=-3.625sigma uMRED=0.2003662108 uER=0.506592 uMAE=106.9180 WCE=1336 bias=-37.1250
[pop02_hard:00400] loss=2.171217 tau=6.00 collapse_w=0.500 mid_frac=0.202 hard=score=5.7801456103 wNMSE=0.38617412 wMSE=20200.5713 wMRED=2.57390165 wER=0.433164 wMAE=59.8118 wBias=-8.0512 condBias=75.0280 dotDrift=-3.625sigma uMRED=0.2003662108 uER=0.506592 uMAE=106.9180 WCE=1336 bias=-37.1250
[pop02_hard:00599] loss=2.170147 tau=6.00 collapse_w=0.500 mid_frac=0.196 hard=score=2.0891428110 wNMSE=0.3797773 wMSE=19865.9571 wMRED=2.44681055 wER=0.396024 wMAE=53.8817 wBias=4.1920 condBias=80.0254 dotDrift=+1.903sigma uMRED=0.1970100841 uER=0.496338 uMAE=105.0234 WCE=1336 bias=-33.1250
[pop02] done (conf=0.53, noise=0.5); global best score=0.7007222429 wNMSE=0.37647889 wMSE=19693.4191 wMRED=2.42849157 wER=0.448296 wMAE=56.7996 wBias=-0.1896 condBias=77.1139 dotDrift=-0.086sigma uMRED=0.1971298283 uER=0.516846 uMAE=105.4180 WCE=1336 bias=-33.1250
[pop03_soft:00000] loss=23.662020 tau=1.50 collapse_w=0.000 mid_frac=0.435 hard=score=2162.8937866481 wNMSE=15.274029 wMSE=798976.6635 wMRED=39.81433013 wER=0.585679 wMAE=474.1644 wBias=-165.1414 condBias=528.8328 dotDrift=-11.824sigma uMRED=1.0119466575 uER=0.577393 uMAE=351.6724 WCE=3264 bias=-23.4375
[pop03_soft:00200] loss=12.132381 tau=2.25 collapse_w=0.000 mid_frac=0.411 hard=score=3734.3679811824 wNMSE=13.38755 wMSE=700295.8914 wMRED=34.15740706 wER=0.585721 wMAE=399.2717 wBias=-217.6763 condBias=486.8058 dotDrift=-16.648sigma uMRED=0.8996444101 uER=0.577393 uMAE=311.4541 WCE=2797 bias=-20.6875
[pop03_soft:00400] loss=7.764599 tau=3.00 collapse_w=0.000 mid_frac=0.375 hard=score=160.1261530015 wNMSE=2.4157801 wMSE=126368.2249 wMRED=14.73544284 wER=0.568423 wMAE=114.8695 wBias=44.6737 condBias=165.1459 dotDrift=+8.043sigma uMRED=0.4743463026 uER=0.575195 uMAE=207.7295 WCE=3920 bias=169.6250
[pop03_soft:00600] loss=1.033978 tau=3.75 collapse_w=0.000 mid_frac=0.286 hard=score=13.1944137185 wNMSE=0.42350379 wMSE=22153.2671 wMRED=2.85385758 wER=0.545141 wMAE=73.8614 wBias=12.6633 condBias=55.1923 dotDrift=+5.445sigma uMRED=0.2081092485 uER=0.564941 uMAE=137.2012 WCE=1252 bias=-1.3750
[pop03_soft:00800] loss=0.559697 tau=4.50 collapse_w=0.084 mid_frac=0.345 hard=score=9.3899481547 wNMSE=0.34524234 wMSE=18059.4509 wMRED=2.57954117 wER=0.547113 wMAE=65.8349 wBias=10.6363 condBias=46.7670 dotDrift=+5.065sigma uMRED=0.1956743019 uER=0.558105 uMAE=137.7529 WCE=1472 bias=12.8750
[pop03_soft:01000] loss=0.454012 tau=5.25 collapse_w=0.293 mid_frac=0.345 hard=score=11.9153703695 wNMSE=0.34791891 wMSE=18199.4608 wMRED=2.55807158 wER=0.547383 wMAE=65.3598 wBias=12.0577 condBias=46.1570 dotDrift=+5.720sigma uMRED=0.1951318026 uER=0.558350 uMAE=138.2529 WCE=1472 bias=14.8750
[pop03_soft:01199] loss=0.362278 tau=6.00 collapse_w=0.500 mid_frac=0.339 hard=score=11.9153703695 wNMSE=0.34791891 wMSE=18199.4608 wMRED=2.55807158 wER=0.547383 wMAE=65.3598 wBias=12.0577 condBias=46.1570 dotDrift=+5.720sigma uMRED=0.1951318026 uER=0.558350 uMAE=138.2529 WCE=1472 bias=14.8750
[pop03_hard:00000] loss=12.008581 tau=6.00 collapse_w=0.500 mid_frac=0.339 hard=score=11.9153703695 wNMSE=0.34791891 wMSE=18199.4608 wMRED=2.55807158 wER=0.547383 wMAE=65.3598 wBias=12.0577 condBias=46.1570 dotDrift=+5.720sigma uMRED=0.1951318026 uER=0.558350 uMAE=138.2529 WCE=1472 bias=14.8750
[pop03_hard:00200] loss=5.396217 tau=6.00 collapse_w=0.500 mid_frac=0.327 hard=score=5.2926566894 wNMSE=0.32230743 wMSE=16859.7372 wMRED=2.55605033 wER=0.547383 wMAE=64.7056 wBias=7.8296 condBias=45.7705 dotDrift=+3.859sigma uMRED=0.1874579849 uER=0.558350 uMAE=126.7295 WCE=1248 bias=-49.1250
[pop03_hard:00400] loss=1.059250 tau=6.00 collapse_w=0.500 mid_frac=0.310 hard=score=0.9530546033 wNMSE=0.39007348 wMSE=20404.5450 wMRED=2.66381331 wER=0.547989 wMAE=70.8892 wBias=-2.0940 condBias=54.7465 dotDrift=-0.938sigma uMRED=0.2113223856 uER=0.560547 uMAE=139.3682 WCE=1252 bias=-65.2500
[pop03_hard:00575] loss=1.058415 tau=6.00 collapse_w=0.500 mid_frac=0.298 hard=score=0.6138600157 wNMSE=0.393361 wMSE=20576.5136 wMRED=2.62012266 wER=0.540717 wMAE=70.0355 wBias=-0.2109 condBias=54.9048 dotDrift=-0.094sigma uMRED=0.2110071850 uER=0.558350 uMAE=140.0693 WCE=1252 bias=-63.2500 *BEST*
[pop03_hard:00599] loss=0.717379 tau=6.00 collapse_w=0.500 mid_frac=0.298 hard=score=0.6138600157 wNMSE=0.393361 wMSE=20576.5136 wMRED=2.62012266 wER=0.540717 wMAE=70.0355 wBias=-0.2109 condBias=54.9048 dotDrift=-0.094sigma uMRED=0.2110071850 uER=0.558350 uMAE=140.0693 WCE=1252 bias=-63.2500
[pop03] done (conf=0.51, noise=1.0); global best score=0.6138600157 wNMSE=0.393361 wMSE=20576.5136 wMRED=2.62012266 wER=0.540717 wMAE=70.0355 wBias=-0.2109 condBias=54.9048 dotDrift=-0.094sigma uMRED=0.2110071850 uER=0.558350 uMAE=140.0693 WCE=1252 bias=-63.2500
[pop04_soft:00000] loss=69.833626 tau=1.50 collapse_w=0.000 mid_frac=0.405 hard=score=11016.7620531089 wNMSE=23.297678 wMSE=1218689.6381 wMRED=33.55476254 wER=0.578613 wMAE=482.5845 wBias=374.3735 condBias=678.8425 dotDrift=+21.704sigma uMRED=1.0475578360 uER=0.575928 uMAE=419.4331 WCE=3276 bias=169.6875
[pop04_soft:00200] loss=12.529066 tau=2.25 collapse_w=0.000 mid_frac=0.262 hard=score=926.3818975826 wNMSE=2.7067872 wMSE=141590.6593 wMRED=7.27845918 wER=0.572383 wMAE=140.8378 wBias=-108.4822 condBias=223.5497 dotDrift=-18.451sigma uMRED=0.4813958610 uER=0.572998 uMAE=254.4888 WCE=3141 bias=-172.8750
[pop04_soft:00400] loss=2.797209 tau=3.00 collapse_w=0.000 mid_frac=0.321 hard=score=179.7116538162 wNMSE=1.7019155 wMSE=89026.3302 wMRED=4.19626982 wER=0.550971 wMAE=96.3110 wBias=-47.5934 condBias=99.0893 dotDrift=-10.209sigma uMRED=0.3670154096 uER=0.564941 uMAE=192.3027 WCE=3056 bias=-51.8750
[pop04_soft:00600] loss=0.324145 tau=3.75 collapse_w=0.000 mid_frac=0.256 hard=score=1.8577657449 wNMSE=0.35658046 wMSE=18652.5423 wMRED=2.29032074 wER=0.545443 wMAE=57.8419 wBias=3.8856 condBias=76.1837 dotDrift=+1.821sigma uMRED=0.2226366979 uER=0.551025 uMAE=132.7227 WCE=1256 bias=4.8750
[pop04_soft:00800] loss=0.202322 tau=4.50 collapse_w=0.084 mid_frac=0.238 hard=score=3.9486962278 wNMSE=0.2497927 wMSE=13066.5288 wMRED=1.65802798 wER=0.450695 wMAE=43.0443 wBias=-6.6312 condBias=64.0307 dotDrift=-3.713sigma uMRED=0.1860794382 uER=0.523682 uMAE=115.9648 WCE=1216 bias=-13.0000
[pop04_soft:01000] loss=0.157484 tau=5.25 collapse_w=0.293 mid_frac=0.208 hard=score=3.8094264464 wNMSE=0.24761224 wMSE=12952.4702 wMRED=1.71825697 wER=0.450695 wMAE=43.3350 wBias=-6.4992 condBias=63.9344 dotDrift=-3.655sigma uMRED=0.1821123401 uER=0.523682 uMAE=112.2344 WCE=1216 bias=-17.5000
[pop04_soft:01199] loss=0.115103 tau=6.00 collapse_w=0.500 mid_frac=0.214 hard=score=3.8094264464 wNMSE=0.24761224 wMSE=12952.4702 wMRED=1.71825697 wER=0.450695 wMAE=43.3350 wBias=-6.4992 condBias=63.9344 dotDrift=-3.655sigma uMRED=0.1821123401 uER=0.523682 uMAE=112.2344 WCE=1216 bias=-17.5000
[pop04_hard:00000] loss=3.865954 tau=6.00 collapse_w=0.500 mid_frac=0.214 hard=score=3.8094264464 wNMSE=0.24761224 wMSE=12952.4702 wMRED=1.71825697 wER=0.450695 wMAE=43.3350 wBias=-6.4992 condBias=63.9344 dotDrift=-3.655sigma uMRED=0.1821123401 uER=0.523682 uMAE=112.2344 WCE=1216 bias=-17.5000
[pop04_hard:00200] loss=3.863034 tau=6.00 collapse_w=0.500 mid_frac=0.208 hard=score=3.8094264464 wNMSE=0.24761224 wMSE=12952.4702 wMRED=1.71825697 wER=0.450695 wMAE=43.3350 wBias=-6.4992 condBias=63.9344 dotDrift=-3.655sigma uMRED=0.1821123401 uER=0.523682 uMAE=112.2344 WCE=1216 bias=-17.5000
[pop04_hard:00400] loss=3.861655 tau=6.00 collapse_w=0.500 mid_frac=0.208 hard=score=3.8094264464 wNMSE=0.24761224 wMSE=12952.4702 wMRED=1.71825697 wER=0.450695 wMAE=43.3350 wBias=-6.4992 condBias=63.9344 dotDrift=-3.655sigma uMRED=0.1821123401 uER=0.523682 uMAE=112.2344 WCE=1216 bias=-17.5000
[pop04_hard:00599] loss=3.351064 tau=6.00 collapse_w=0.500 mid_frac=0.208 hard=score=1.4906671463 wNMSE=0.21935386 wMSE=11474.2887 wMRED=1.63674143 wER=0.450695 wMAE=40.5442 wBias=-3.6563 condBias=60.5206 dotDrift=-2.185sigma uMRED=0.1754475746 uER=0.523682 uMAE=108.7344 WCE=1088 bias=-13.5000
[pop04] done (conf=0.53, noise=0.5); global best score=0.6138600157 wNMSE=0.393361 wMSE=20576.5136 wMRED=2.62012266 wER=0.540717 wMAE=70.0355 wBias=-0.2109 condBias=54.9048 dotDrift=-0.094sigma uMRED=0.2110071850 uER=0.558350 uMAE=140.0693 WCE=1252 bias=-63.2500
[pop05_soft:00000] loss=98.130836 tau=1.50 collapse_w=0.000 mid_frac=0.399 hard=score=5458.1942748056 wNMSE=36.782911 wMSE=1924095.3457 wMRED=57.72561689 wER=0.585938 wMAE=736.5172 wBias=262.5581 condBias=756.0552 dotDrift=+12.114sigma uMRED=1.3455435967 uER=0.578125 uMAE=378.3901 WCE=3637 bias=69.2500
[pop05_soft:00200] loss=63.536880 tau=2.25 collapse_w=0.000 mid_frac=0.321 hard=score=143.7615004421 wNMSE=20.996029 wMSE=1098291.5953 wMRED=45.85027945 wER=0.572535 wMAE=548.5008 wBias=-37.5326 condBias=560.8475 dotDrift=-2.292sigma uMRED=1.1214153593 uER=0.570068 uMAE=362.4805 WCE=2576 bias=-187.0000
[pop05_soft:00400] loss=18.534271 tau=3.00 collapse_w=0.000 mid_frac=0.315 hard=score=33.6490589783 wNMSE=17.825187 wMSE=932426.4365 wMRED=41.76105761 wER=0.562772 wMAE=501.9608 wBias=8.4357 condBias=505.8716 dotDrift=+0.559sigma uMRED=1.0022553756 uER=0.565674 uMAE=322.9106 WCE=2168 bias=-141.9375
[pop05_soft:00600] loss=6.340664 tau=3.75 collapse_w=0.000 mid_frac=0.333 hard=score=1.2320458683 wNMSE=0.47462026 wMSE=24827.1439 wMRED=2.27076774 wER=0.533449 wMAE=59.6647 wBias=2.0436 condBias=73.7287 dotDrift=+0.830sigma uMRED=0.2250336836 uER=0.555420 uMAE=132.2046 WCE=3380 bias=79.6875
[pop05_soft:00800] loss=0.527428 tau=4.50 collapse_w=0.084 mid_frac=0.315 hard=score=0.7266792855 wNMSE=0.38531123 wMSE=20155.4338 wMRED=2.04093222 wER=0.505824 wMAE=56.4081 wBias=0.0085 condBias=77.7096 dotDrift=+0.004sigma uMRED=0.2631096131 uER=0.533936 uMAE=165.7783 WCE=1665 bias=17.5625
[pop05_soft:01000] loss=0.335389 tau=5.25 collapse_w=0.293 mid_frac=0.304 hard=score=4.4097591412 wNMSE=0.38462133 wMSE=20119.3459 wMRED=1.75944497 wER=0.466271 wMAE=51.7052 wBias=6.7949 condBias=71.5270 dotDrift=+3.066sigma uMRED=0.2404601072 uER=0.522705 uMAE=147.8242 WCE=3328 bias=8.5625
[pop05_soft:01199] loss=0.249653 tau=6.00 collapse_w=0.500 mid_frac=0.292 hard=score=5.6653307125 wNMSE=0.42806595 wMSE=22391.9116 wMRED=1.54215774 wER=0.455288 wMAE=50.1808 wBias=7.8269 condBias=76.7128 dotDrift=+3.348sigma uMRED=0.2597031974 uER=0.524170 uMAE=164.9492 WCE=3328 bias=22.5625
[pop05_hard:00000] loss=5.612634 tau=6.00 collapse_w=0.500 mid_frac=0.292 hard=score=5.6653307125 wNMSE=0.42806595 wMSE=22391.9116 wMRED=1.54215774 wER=0.455288 wMAE=50.1808 wBias=7.8269 condBias=76.7128 dotDrift=+3.348sigma uMRED=0.2597031974 uER=0.524170 uMAE=164.9492 WCE=3328 bias=22.5625
[pop05_hard:00200] loss=0.723183 tau=6.00 collapse_w=0.500 mid_frac=0.286 hard=score=0.6609146879 wNMSE=0.34328181 wMSE=17956.8964 wMRED=1.62975270 wER=0.470142 wMAE=50.8808 wBias=-0.8390 condBias=70.4676 dotDrift=-0.401sigma uMRED=0.2248455795 uER=0.528564 uMAE=143.1914 WCE=1024 bias=-60.4375
[pop05_hard:00400] loss=0.721339 tau=6.00 collapse_w=0.500 mid_frac=0.274 hard=score=0.6609146879 wNMSE=0.34328181 wMSE=17956.8964 wMRED=1.62975270 wER=0.470142 wMAE=50.8808 wBias=-0.8390 condBias=70.4676 dotDrift=-0.401sigma uMRED=0.2248455795 uER=0.528564 uMAE=143.1914 WCE=1024 bias=-60.4375
[pop05_hard:00550] loss=0.667523 tau=6.00 collapse_w=0.500 mid_frac=0.280 hard=score=0.6090341552 wNMSE=0.34305758 wMSE=17945.1671 wMRED=1.58687399 wER=0.455805 wMAE=50.3555 wBias=-0.2338 condBias=70.4484 dotDrift=-0.112sigma uMRED=0.2240831370 uER=0.523438 uMAE=143.1641 WCE=1024 bias=-59.9375 *BEST*
[pop05_hard:00599] loss=0.721504 tau=6.00 collapse_w=0.500 mid_frac=0.280 hard=score=1.4510845193 wNMSE=0.29399785 wMSE=15378.8775 wMRED=1.60000406 wER=0.470055 wMAE=48.3632 wBias=3.4324 condBias=65.3710 dotDrift=+1.771sigma uMRED=0.1949974754 uER=0.527832 uMAE=122.8359 WCE=992 bias=-28.4375
[pop05] done (conf=0.51, noise=1.0); global best score=0.6090341552 wNMSE=0.34305758 wMSE=17945.1671 wMRED=1.58687399 wER=0.455805 wMAE=50.3555 wBias=-0.2338 condBias=70.4484 dotDrift=-0.112sigma uMRED=0.2240831370 uER=0.523438 uMAE=143.1641 WCE=1024 bias=-59.9375
[pop06_soft:00000] loss=28.787172 tau=1.50 collapse_w=0.000 mid_frac=0.321 hard=score=2509.7502367544 wNMSE=7.1007416 wMSE=371436.1713 wMRED=24.21259370 wER=0.585675 wMAE=345.4916 wBias=178.5443 condBias=383.4545 dotDrift=+18.749sigma uMRED=0.6639207200 uER=0.573730 uMAE=235.0034 WCE=2099 bias=63.3750
[pop06_soft:00200] loss=7.542991 tau=2.25 collapse_w=0.000 mid_frac=0.339 hard=score=430.8093574774 wNMSE=1.2911024 wMSE=67536.9099 wMRED=6.03408174 wER=0.564828 wMAE=115.5149 wBias=-73.9799 condBias=133.4059 dotDrift=-18.219sigma uMRED=0.3310291255 uER=0.574463 uMAE=181.4277 WCE=1700 bias=-58.8750
[pop06_soft:00400] loss=1.087051 tau=3.00 collapse_w=0.000 mid_frac=0.262 hard=score=3.1637073134 wNMSE=0.47511585 wMSE=24853.0678 wMRED=2.55981015 wER=0.479246 wMAE=63.9102 wBias=5.3759 condBias=79.4020 dotDrift=+2.182sigma uMRED=0.2977114672 uER=0.552979 uMAE=187.2734 WCE=2864 bias=52.0000
[pop06_soft:00600] loss=0.259996 tau=3.75 collapse_w=0.000 mid_frac=0.226 hard=score=0.7998068765 wNMSE=0.41077191 wMSE=21487.2694 wMRED=2.35327991 wER=0.477492 wMAE=57.2825 wBias=0.6962 condBias=81.7655 dotDrift=+0.304sigma uMRED=0.2705349491 uER=0.528809 uMAE=163.0195 WCE=1408 bias=40.1250
[pop06_soft:00750] loss=0.150706 tau=4.31 collapse_w=0.032 mid_frac=0.250 hard=score=0.5922699406 wNMSE=0.31992328 wMSE=16735.0235 wMRED=1.51651248 wER=0.439554 wMAE=40.9309 wBias=0.1536 condBias=69.3977 dotDrift=+0.076sigma uMRED=0.2262409314 uER=0.507568 uMAE=141.9375 WCE=1152 bias=42.3750 *BEST*
[pop06_soft:00800] loss=0.133568 tau=4.50 collapse_w=0.084 mid_frac=0.238 hard=score=0.9180497160 wNMSE=0.34309226 wMSE=17946.9813 wMRED=1.54186539 wER=0.454955 wMAE=40.9648 wBias=1.8547 condBias=72.9470 dotDrift=+0.886sigma uMRED=0.2364086506 uER=0.512451 uMAE=148.8281 WCE=1408 bias=52.3750
[pop06_soft:01000] loss=0.093331 tau=5.25 collapse_w=0.293 mid_frac=0.214 hard=score=3.3993091400 wNMSE=0.32611685 wMSE=17059.0062 wMRED=1.49680655 wER=0.409489 wMAE=41.4623 wBias=5.9831 condBias=68.9571 dotDrift=+2.932sigma uMRED=0.2191708397 uER=0.494385 uMAE=137.6680 WCE=1096 bias=6.8750
[pop06_soft:01199] loss=0.064760 tau=6.00 collapse_w=0.500 mid_frac=0.196 hard=score=3.8863982289 wNMSE=0.32593626 wMSE=17049.5594 wMRED=1.52096498 wER=0.428770 wMAE=41.4435 wBias=6.4833 condBias=68.9736 dotDrift=+3.178sigma uMRED=0.2195022264 uER=0.505127 uMAE=137.6758 WCE=1088 bias=7.3750
[pop06_hard:00000] loss=3.939342 tau=6.00 collapse_w=0.500 mid_frac=0.196 hard=score=3.8863982289 wNMSE=0.32593626 wMSE=17049.5594 wMRED=1.52096498 wER=0.428770 wMAE=41.4435 wBias=6.4833 condBias=68.9736 dotDrift=+3.178sigma uMRED=0.2195022264 uER=0.505127 uMAE=137.6758 WCE=1088 bias=7.3750
[pop06_hard:00200] loss=5.901131 tau=6.00 collapse_w=0.500 mid_frac=0.185 hard=score=5.8473875021 wNMSE=0.37083697 wMSE=19398.2931 wMRED=1.59925266 wER=0.428770 wMAE=44.5018 wBias=-8.1369 condBias=76.0384 dotDrift=-3.739sigma uMRED=0.2338863391 uER=0.505127 uMAE=143.6602 WCE=1088 bias=-16.6250
[pop06_hard:00400] loss=2.735452 tau=6.00 collapse_w=0.500 mid_frac=0.173 hard=score=2.6837047672 wNMSE=0.37088029 wMSE=19400.5592 wMRED=1.64887192 wER=0.398114 wMAE=43.6275 wBias=-5.0761 condBias=76.4386 dotDrift=-2.332sigma uMRED=0.2342494228 uER=0.496338 uMAE=143.4570 WCE=1088 bias=-15.6250
[pop06_hard:00599] loss=2.734495 tau=6.00 collapse_w=0.500 mid_frac=0.173 hard=score=0.7782173566 wNMSE=0.38220148 wMSE=19992.7645 wMRED=2.09994473 wER=0.435254 wMAE=49.7491 wBias=1.0455 condBias=78.1770 dotDrift=+0.473sigma uMRED=0.2433913973 uER=0.506592 uMAE=145.4570 WCE=1088 bias=-13.6250
[pop06] done (conf=0.53, noise=0.5); global best score=0.5922699406 wNMSE=0.31992328 wMSE=16735.0235 wMRED=1.51651248 wER=0.439554 wMAE=40.9309 wBias=0.1536 condBias=69.3977 dotDrift=+0.076sigma uMRED=0.2262409314 uER=0.507568 uMAE=141.9375 WCE=1152 bias=42.3750
[pop07_soft:00000] loss=80.824959 tau=1.50 collapse_w=0.000 mid_frac=0.458 hard=score=7492.6774184138 wNMSE=25.067079 wMSE=1311246.1411 wMRED=21.73890706 wER=0.585394 wMAE=495.9392 wBias=308.3732 condBias=721.1436 dotDrift=+17.235sigma uMRED=0.6960118027 uER=0.573730 uMAE=323.4375 WCE=3968 bias=163.1875
[pop07_soft:00200] loss=94.183899 tau=2.25 collapse_w=0.000 mid_frac=0.393 hard=score=7806.6065175549 wNMSE=20.934096 wMSE=1095051.8764 wMRED=41.31555730 wER=0.573070 wMAE=473.7355 wBias=-314.9524 condBias=630.8633 dotDrift=-19.262sigma uMRED=1.0922334683 uER=0.575928 uMAE=356.3774 WCE=3799 bias=-300.8750
[pop07_soft:00400] loss=12.620596 tau=3.00 collapse_w=0.000 mid_frac=0.399 hard=score=118.0457433324 wNMSE=2.6693101 wMSE=139630.2492 wMRED=7.28641379 wER=0.554950 wMAE=149.0147 wBias=-38.1063 condBias=180.8782 dotDrift=-6.527sigma uMRED=0.3210080757 uER=0.566406 uMAE=169.4492 WCE=3568 bias=-67.3750
[pop07_soft:00600] loss=3.958624 tau=3.75 collapse_w=0.000 mid_frac=0.399 hard=score=81.8345372876 wNMSE=1.5719505 wMSE=82227.9282 wMRED=5.45001669 wER=0.522564 wMAE=130.8176 wBias=-31.8413 condBias=121.0633 dotDrift=-7.107sigma uMRED=0.3239992752 uER=0.561035 uMAE=223.1387 WCE=3504 bias=-27.3750
[pop07_soft:00800] loss=2.994477 tau=4.50 collapse_w=0.084 mid_frac=0.351 hard=score=155.4584657544 wNMSE=1.5060509 wMSE=78780.7547 wMRED=5.63173090 wER=0.504427 wMAE=126.2088 wBias=-44.2151 condBias=122.9113 dotDrift=-10.082sigma uMRED=0.3327361646 uER=0.552734 uMAE=202.1172 WCE=3504 bias=-98.1250
[pop07_soft:01000] loss=2.549079 tau=5.25 collapse_w=0.293 mid_frac=0.321 hard=score=68.6944927736 wNMSE=0.9534166 wMSE=49872.7364 wMRED=5.33564393 wER=0.505094 wMAE=116.6170 wBias=-29.2518 condBias=113.8713 dotDrift=-8.383sigma uMRED=0.3011711556 uER=0.550781 uMAE=174.8311 WCE=1688 bias=-36.3750
[pop07_soft:01199] loss=2.154190 tau=6.00 collapse_w=0.500 mid_frac=0.321 hard=score=54.5667555088 wNMSE=0.94031473 wMSE=49187.3843 wMRED=5.25421239 wER=0.505094 wMAE=115.3819 wBias=-25.9952 condBias=108.8803 dotDrift=-7.501sigma uMRED=0.3011289487 uER=0.550781 uMAE=168.6572 WCE=1672 bias=-23.8750
[pop07_hard:00000] loss=54.778801 tau=6.00 collapse_w=0.500 mid_frac=0.321 hard=score=54.5667555088 wNMSE=0.94031473 wMSE=49187.3843 wMRED=5.25421239 wER=0.505094 wMAE=115.3819 wBias=-25.9952 condBias=108.8803 dotDrift=-7.501sigma uMRED=0.3011289487 uER=0.550781 uMAE=168.6572 WCE=1672 bias=-23.8750
[pop07_hard:00200] loss=54.775070 tau=6.00 collapse_w=0.500 mid_frac=0.315 hard=score=54.5667555088 wNMSE=0.94031473 wMSE=49187.3843 wMRED=5.25421239 wER=0.505094 wMAE=115.3819 wBias=-25.9952 condBias=108.8803 dotDrift=-7.501sigma uMRED=0.3011289487 uER=0.550781 uMAE=168.6572 WCE=1672 bias=-23.8750
[pop07_hard:00400] loss=45.685871 tau=6.00 collapse_w=0.500 mid_frac=0.304 hard=score=45.4691680557 wNMSE=0.95019745 wMSE=49704.3445 wMRED=5.26369109 wER=0.505094 wMAE=116.2795 wBias=-23.6582 condBias=105.6895 dotDrift=-6.791sigma uMRED=0.3090573816 uER=0.550781 uMAE=180.6689 WCE=1488 bias=8.1250
[pop07_hard:00599] loss=45.686146 tau=6.00 collapse_w=0.500 mid_frac=0.286 hard=score=45.4691680557 wNMSE=0.95019745 wMSE=49704.3445 wMRED=5.26369109 wER=0.505094 wMAE=116.2795 wBias=-23.6582 condBias=105.6895 dotDrift=-6.791sigma uMRED=0.3090573816 uER=0.550781 uMAE=180.6689 WCE=1488 bias=8.1250
[pop07] done (conf=0.51, noise=1.0); global best score=0.5922699406 wNMSE=0.31992328 wMSE=16735.0235 wMRED=1.51651248 wER=0.439554 wMAE=40.9309 wBias=0.1536 condBias=69.3977 dotDrift=+0.076sigma uMRED=0.2262409314 uER=0.507568 uMAE=141.9375 WCE=1152 bias=42.3750
[pop08_soft:00000] loss=70.103539 tau=1.50 collapse_w=0.000 mid_frac=0.327 hard=score=2458.2382695173 wNMSE=39.538565 wMSE=2068242.1968 wMRED=47.01941225 wER=0.583232 wMAE=747.2378 wBias=174.7002 condBias=723.0781 dotDrift=+7.775sigma uMRED=1.0997913256 uER=0.573730 uMAE=338.6382 WCE=3729 bias=94.1875
[pop08_soft:00200] loss=18.195229 tau=2.25 collapse_w=0.000 mid_frac=0.298 hard=score=17081.9971239689 wNMSE=23.506741 wMSE=1229625.6289 wMRED=39.64789486 wER=0.530051 wMAE=479.7979 wBias=-466.4694 condBias=776.6465 dotDrift=-26.923sigma uMRED=1.1299079066 uER=0.568848 uMAE=391.8369 WCE=3868 bias=-339.1875
[pop08_soft:00400] loss=9.204818 tau=3.00 collapse_w=0.000 mid_frac=0.298 hard=score=728.3901136485 wNMSE=8.1196257 wMSE=424733.4790 wMRED=27.84488336 wER=0.518272 wMAE=222.9238 wBias=-95.4790 condBias=403.1992 dotDrift=-9.376sigma uMRED=0.6681629992 uER=0.566895 uMAE=202.6406 WCE=3696 bias=-63.6250
[pop08_soft:00600] loss=2.105290 tau=3.75 collapse_w=0.000 mid_frac=0.256 hard=score=192.1679551281 wNMSE=1.0728589 wMSE=56120.7041 wMRED=6.51541122 wER=0.495860 wMAE=121.8953 wBias=-49.3165 condBias=111.2851 dotDrift=-13.323sigma uMRED=0.3258739988 uER=0.555908 uMAE=181.9980 WCE=1248 bias=25.6250
[pop08_soft:00800] loss=0.956525 tau=4.50 collapse_w=0.084 mid_frac=0.268 hard=score=47.5061558076 wNMSE=0.37711529 wMSE=19726.7086 wMRED=2.60705559 wER=0.496907 wMAE=66.8839 wBias=-24.4726 condBias=67.0703 dotDrift=-11.151sigma uMRED=0.2376379205 uER=0.547852 uMAE=148.1953 WCE=1064 bias=-0.7500
[pop08_soft:01000] loss=0.658013 tau=5.25 collapse_w=0.293 mid_frac=0.256 hard=score=82.3160749892 wNMSE=0.38315618 wMSE=20042.7045 wMRED=2.71686437 wER=0.482844 wMAE=65.4542 wBias=-32.2928 condBias=76.2972 dotDrift=-14.598sigma uMRED=0.2305737089 uER=0.539795 uMAE=127.4629 WCE=1064 bias=-37.2500
[pop08_soft:01199] loss=0.467028 tau=6.00 collapse_w=0.500 mid_frac=0.250 hard=score=110.8646188634 wNMSE=0.34976533 wMSE=18296.0462 wMRED=3.31118366 wER=0.486053 wMAE=69.3741 wBias=-37.5303 condBias=67.1358 dotDrift=-17.758sigma uMRED=0.2236207941 uER=0.543457 uMAE=122.6172 WCE=1064 bias=-29.2500
[pop08_hard:00000] loss=111.009476 tau=6.00 collapse_w=0.500 mid_frac=0.250 hard=score=110.8646188634 wNMSE=0.34976533 wMSE=18296.0462 wMRED=3.31118366 wER=0.486053 wMAE=69.3741 wBias=-37.5303 condBias=67.1358 dotDrift=-17.758sigma uMRED=0.2236207941 uER=0.543457 uMAE=122.6172 WCE=1064 bias=-29.2500
[pop08_hard:00200] loss=111.005005 tau=6.00 collapse_w=0.500 mid_frac=0.250 hard=score=110.8646188634 wNMSE=0.34976533 wMSE=18296.0462 wMRED=3.31118366 wER=0.486053 wMAE=69.3741 wBias=-37.5303 condBias=67.1358 dotDrift=-17.758sigma uMRED=0.2236207941 uER=0.543457 uMAE=122.6172 WCE=1064 bias=-29.2500
[pop08_hard:00400] loss=46.022682 tau=6.00 collapse_w=0.500 mid_frac=0.226 hard=score=45.9027401043 wNMSE=0.28288956 wMSE=14797.8086 wMRED=2.80910470 wER=0.484749 wMAE=61.3108 wBias=-24.0927 condBias=53.7661 dotDrift=-12.676sigma uMRED=0.2019838862 uER=0.541260 uMAE=117.9277 WCE=952 bias=-13.2500
[pop08_hard:00599] loss=2.852908 tau=6.00 collapse_w=0.500 mid_frac=0.196 hard=score=2.7505845206 wNMSE=0.26832598 wMSE=14035.9950 wMRED=2.70209489 wER=0.523485 wMAE=67.7184 wBias=-5.4419 condBias=47.4258 dotDrift=-2.940sigma uMRED=0.1881822165 uER=0.549316 uMAE=112.3574 WCE=1216 bias=29.1250
[pop08] done (conf=0.53, noise=0.5); global best score=0.5922699406 wNMSE=0.31992328 wMSE=16735.0235 wMRED=1.51651248 wER=0.439554 wMAE=40.9309 wBias=0.1536 condBias=69.3977 dotDrift=+0.076sigma uMRED=0.2262409314 uER=0.507568 uMAE=141.9375 WCE=1152 bias=42.3750
[pop09_soft:00000] loss=99.495255 tau=1.50 collapse_w=0.000 mid_frac=0.381 hard=score=9382.1867558429 wNMSE=25.372192 wMSE=1327206.4453 wMRED=19.92057515 wER=0.585938 wMAE=492.5709 wBias=345.2590 condBias=725.0709 dotDrift=+19.180sigma uMRED=0.7442663955 uER=0.578125 uMAE=357.3286 WCE=3950 bias=112.6875
[pop09_soft:00200] loss=279.486847 tau=2.25 collapse_w=0.000 mid_frac=0.333 hard=score=814.7902157865 wNMSE=54.154536 wMSE=2832796.1494 wMRED=75.20778734 wER=0.585722 wMAE=905.8136 wBias=96.1017 condBias=918.7035 dotDrift=+3.654sigma uMRED=1.7104915497 uER=0.577881 uMAE=485.1665 WCE=4054 bias=-212.5625
[pop09_soft:00400] loss=37.803009 tau=3.00 collapse_w=0.000 mid_frac=0.327 hard=score=629.7339745664 wNMSE=31.576993 wMSE=1651776.3830 wMRED=59.92885019 wER=0.585938 wMAE=704.0023 wBias=-85.7982 condBias=700.6707 dotDrift=-4.273sigma uMRED=1.4442392547 uER=0.578125 uMAE=437.7153 WCE=3813 bias=-264.9375
[pop09_soft:00600] loss=18.572685 tau=3.75 collapse_w=0.000 mid_frac=0.369 hard=score=450.4642403590 wNMSE=2.0195534 wMSE=105641.8084 wMRED=9.63928297 wER=0.585938 wMAE=159.6730 wBias=-75.5623 condBias=171.4293 dotDrift=-14.879sigma uMRED=0.4294228839 uER=0.578125 uMAE=219.1836 WCE=1740 bias=-92.0000
[pop09_soft:00800] loss=8.623319 tau=4.50 collapse_w=0.084 mid_frac=0.375 hard=score=75.8047856026 wNMSE=0.72545148 wMSE=37947.9973 wMRED=5.49652383 wER=0.572648 wMAE=101.6130 wBias=-30.8394 condBias=94.2497 dotDrift=-10.132sigma uMRED=0.3435013188 uER=0.571533 uMAE=226.2656 WCE=1952 bias=53.2500
[pop09_soft:01000] loss=6.344628 tau=5.25 collapse_w=0.293 mid_frac=0.369 hard=score=686.9050725767 wNMSE=1.3831451 wMSE=72351.6167 wMRED=10.19009491 wER=0.572648 wMAE=150.0617 wBias=-93.4859 condBias=167.6568 dotDrift=-22.243sigma uMRED=0.3784704093 uER=0.571533 uMAE=186.8008 WCE=1124 bias=-49.7500
[pop09_soft:01199] loss=5.745756 tau=6.00 collapse_w=0.500 mid_frac=0.357 hard=score=783.4327040772 wNMSE=1.4321236 wMSE=74913.6572 wMRED=10.36789019 wER=0.540355 wMAE=149.7174 wBias=-99.8576 condBias=169.7707 dotDrift=-23.350sigma uMRED=0.3807351480 uER=0.562744 uMAE=186.5703 WCE=1124 bias=-52.0000
[pop09_hard:00000] loss=783.927673 tau=6.00 collapse_w=0.500 mid_frac=0.357 hard=score=783.4327040772 wNMSE=1.4321236 wMSE=74913.6572 wMRED=10.36789019 wER=0.540355 wMAE=149.7174 wBias=-99.8576 condBias=169.7707 dotDrift=-23.350sigma uMRED=0.3807351480 uER=0.562744 uMAE=186.5703 WCE=1124 bias=-52.0000
[pop09_hard:00200] loss=783.925537 tau=6.00 collapse_w=0.500 mid_frac=0.357 hard=score=783.4327040772 wNMSE=1.4321236 wMSE=74913.6572 wMRED=10.36789019 wER=0.540355 wMAE=149.7174 wBias=-99.8576 condBias=169.7707 dotDrift=-23.350sigma uMRED=0.3807351480 uER=0.562744 uMAE=186.5703 WCE=1124 bias=-52.0000
[pop09_hard:00400] loss=783.927551 tau=6.00 collapse_w=0.500 mid_frac=0.345 hard=score=783.4327040772 wNMSE=1.4321236 wMSE=74913.6572 wMRED=10.36789019 wER=0.540355 wMAE=149.7174 wBias=-99.8576 condBias=169.7707 dotDrift=-23.350sigma uMRED=0.3807351480 uER=0.562744 uMAE=186.5703 WCE=1124 bias=-52.0000
[pop09_hard:00599] loss=783.932068 tau=6.00 collapse_w=0.500 mid_frac=0.345 hard=score=783.4327040772 wNMSE=1.4321236 wMSE=74913.6572 wMRED=10.36789019 wER=0.540355 wMAE=149.7174 wBias=-99.8576 condBias=169.7707 dotDrift=-23.350sigma uMRED=0.3807351480 uER=0.562744 uMAE=186.5703 WCE=1124 bias=-52.0000
[pop09] done (conf=0.51, noise=1.0); global best score=0.5922699406 wNMSE=0.31992328 wMSE=16735.0235 wMRED=1.51651248 wER=0.439554 wMAE=40.9309 wBias=0.1536 condBias=69.3977 dotDrift=+0.076sigma uMRED=0.2262409314 uER=0.507568 uMAE=141.9375 WCE=1152 bias=42.3750
[pop10_soft:00000] loss=61.530582 tau=1.50 collapse_w=0.000 mid_frac=0.411 hard=score=181.5655807406 wNMSE=35.717596 wMSE=1868369.2584 wMRED=61.93190576 wER=0.575995 wMAE=735.3818 wBias=39.5220 condBias=711.9825 dotDrift=+1.850sigma uMRED=1.4891788776 uER=0.575928 uMAE=440.7222 WCE=3550 bias=-57.8125
[pop10_soft:00200] loss=12.624878 tau=2.25 collapse_w=0.000 mid_frac=0.339 hard=score=11863.2913772662 wNMSE=19.883301 wMSE=1040085.3625 wMRED=37.63323329 wER=0.540085 wMAE=422.4912 wBias=-388.6392 condBias=696.2198 dotDrift=-24.389sigma uMRED=1.0382838017 uER=0.568604 uMAE=352.4590 WCE=3817 bias=-340.6250
[pop10_soft:00400] loss=4.810902 tau=3.00 collapse_w=0.000 mid_frac=0.345 hard=score=296.7352591443 wNMSE=0.94930428 wMSE=49657.6230 wMRED=7.11638188 wER=0.506844 wMAE=101.7424 wBias=-61.3822 condBias=111.3807 dotDrift=-17.629sigma uMRED=0.3843638794 uER=0.551025 uMAE=187.5488 WCE=3428 bias=54.8750
[pop10_soft:00600] loss=0.789677 tau=3.75 collapse_w=0.000 mid_frac=0.268 hard=score=5.8142394845 wNMSE=0.47469337 wMSE=24830.9680 wMRED=3.17926077 wER=0.488679 wMAE=74.0155 wBias=-7.9753 condBias=79.7993 dotDrift=-3.239sigma uMRED=0.2842248901 uER=0.545654 uMAE=172.4707 WCE=1296 bias=75.2500
[pop10_soft:00800] loss=0.518201 tau=4.50 collapse_w=0.084 mid_frac=0.244 hard=score=15.7452185844 wNMSE=0.46824338 wMSE=24493.5724 wMRED=3.00665710 wER=0.470895 wMAE=69.2926 wBias=-13.8059 condBias=77.0437 dotDrift=-5.646sigma uMRED=0.2793175687 uER=0.531006 uMAE=169.5020 WCE=1200 bias=-10.7500
[pop10_soft:01000] loss=0.408197 tau=5.25 collapse_w=0.293 mid_frac=0.179 hard=score=13.4661894259 wNMSE=0.42262226 wMSE=22107.1552 wMRED=2.77612338 wER=0.453371 wMAE=63.8665 wBias=-12.7367 condBias=73.2337 dotDrift=-5.482sigma uMRED=0.2523105104 uER=0.514404 uMAE=150.7168 WCE=1136 bias=-23.7500
[pop10_soft:01199] loss=0.309167 tau=6.00 collapse_w=0.500 mid_frac=0.161 hard=score=8.6824063141 wNMSE=0.41860049 wMSE=21896.7783 wMRED=2.56176710 wER=0.442150 wMAE=61.5225 wBias=-10.0570 condBias=72.6011 dotDrift=-4.350sigma uMRED=0.2481776988 uER=0.512207 uMAE=149.7168 WCE=1136 bias=-21.7500
[pop10_hard:00000] loss=8.782042 tau=6.00 collapse_w=0.500 mid_frac=0.161 hard=score=8.6824063141 wNMSE=0.41860049 wMSE=21896.7783 wMRED=2.56176710 wER=0.442150 wMAE=61.5225 wBias=-10.0570 condBias=72.6011 dotDrift=-4.350sigma uMRED=0.2481776988 uER=0.512207 uMAE=149.7168 WCE=1136 bias=-21.7500
[pop10_hard:00200] loss=2.219070 tau=6.00 collapse_w=0.500 mid_frac=0.137 hard=score=2.1302920963 wNMSE=0.40602354 wMSE=21238.8845 wMRED=2.54725876 wER=0.442150 wMAE=61.1764 wBias=-4.2212 condBias=68.8175 dotDrift=-1.854sigma uMRED=0.2417543174 uER=0.512207 uMAE=148.9551 WCE=1216 bias=58.2500
[pop10_hard:00400] loss=2.216696 tau=6.00 collapse_w=0.500 mid_frac=0.137 hard=score=2.1302920963 wNMSE=0.40602354 wMSE=21238.8845 wMRED=2.54725876 wER=0.442150 wMAE=61.1764 wBias=-4.2212 condBias=68.8175 dotDrift=-1.854sigma uMRED=0.2417543174 uER=0.512207 uMAE=148.9551 WCE=1216 bias=58.2500
[pop10_hard:00599] loss=1.028807 tau=6.00 collapse_w=0.500 mid_frac=0.113 hard=score=0.9454427480 wNMSE=0.36906288 wMSE=19305.4911 wMRED=2.51868985 wER=0.439289 wMAE=58.9087 wBias=-1.8174 condBias=65.5462 dotDrift=-0.837sigma uMRED=0.2183660112 uER=0.509033 uMAE=132.9805 WCE=1216 bias=74.7500
[pop10] done (conf=0.53, noise=0.5); global best score=0.5922699406 wNMSE=0.31992328 wMSE=16735.0235 wMRED=1.51651248 wER=0.439554 wMAE=40.9309 wBias=0.1536 condBias=69.3977 dotDrift=+0.076sigma uMRED=0.2262409314 uER=0.507568 uMAE=141.9375 WCE=1152 bias=42.3750
[pop11_soft:00000] loss=32.396149 tau=1.50 collapse_w=0.000 mid_frac=0.488 hard=score=676.6469461707 wNMSE=26.854706 wMSE=1404755.9717 wMRED=49.79742430 wER=0.574321 wMAE=650.0420 wBias=90.0021 condBias=627.6374 dotDrift=+4.860sigma uMRED=1.4392805623 uER=0.575928 uMAE=531.5659 WCE=2929 bias=131.6250
[pop11_soft:00200] loss=11.500196 tau=2.25 collapse_w=0.000 mid_frac=0.500 hard=score=2915.8319555599 wNMSE=15.454704 wMSE=808427.7107 wMRED=28.98340334 wER=0.584876 wMAE=387.1184 wBias=-192.0751 condBias=458.4979 dotDrift=-13.672sigma uMRED=1.0546885612 uER=0.575928 uMAE=463.6553 WCE=2692 bias=19.4375
[pop11_soft:00400] loss=6.989605 tau=3.00 collapse_w=0.000 mid_frac=0.446 hard=score=46.8100065044 wNMSE=0.98554974 wMSE=51553.6047 wMRED=6.93362533 wER=0.560984 wMAE=124.0044 wBias=-23.9479 condBias=113.5484 dotDrift=-6.750sigma uMRED=0.3875389642 uER=0.571533 uMAE=232.3491 WCE=1684 bias=-68.3125
[pop11_soft:00600] loss=3.313154 tau=3.75 collapse_w=0.000 mid_frac=0.387 hard=score=521.8468471391 wNMSE=1.780308 wMSE=93127.0064 wMRED=10.01983757 wER=0.553821 wMAE=144.6191 wBias=-81.3715 condBias=184.0614 dotDrift=-17.065sigma uMRED=0.4212417183 uER=0.564941 uMAE=212.7271 WCE=1828 bias=-44.5625
[pop11_soft:00800] loss=1.586765 tau=4.50 collapse_w=0.084 mid_frac=0.345 hard=score=5.8048310165 wNMSE=0.47869548 wMSE=25040.3164 wMRED=2.62336985 wER=0.573446 wMAE=70.2959 wBias=-7.9006 condBias=88.9217 dotDrift=-3.195sigma uMRED=0.3023302785 uER=0.575928 uMAE=183.4697 WCE=1880 bias=-82.4375
[pop11_soft:01000] loss=1.286929 tau=5.25 collapse_w=0.293 mid_frac=0.327 hard=score=5.9367217724 wNMSE=0.47892296 wMSE=25052.2161 wMRED=2.62653092 wER=0.573446 wMAE=70.3927 wBias=-8.0059 condBias=88.9708 dotDrift=-3.237sigma uMRED=0.3024962239 uER=0.575928 uMAE=183.5791 WCE=1880 bias=-82.5625
[pop11_soft:01199] loss=1.062624 tau=6.00 collapse_w=0.500 mid_frac=0.327 hard=score=5.9367217724 wNMSE=0.47892296 wMSE=25052.2161 wMRED=2.62653092 wER=0.573446 wMAE=70.3927 wBias=-8.0059 condBias=88.9708 dotDrift=-3.237sigma uMRED=0.3024962239 uER=0.575928 uMAE=183.5791 WCE=1880 bias=-82.5625
[pop11_hard:00000] loss=6.011257 tau=6.00 collapse_w=0.500 mid_frac=0.327 hard=score=5.9367217724 wNMSE=0.47892296 wMSE=25052.2161 wMRED=2.62653092 wER=0.573446 wMAE=70.3927 wBias=-8.0059 condBias=88.9708 dotDrift=-3.237sigma uMRED=0.3024962239 uER=0.575928 uMAE=183.5791 WCE=1880 bias=-82.5625
[pop11_hard:00200] loss=5.572878 tau=6.00 collapse_w=0.500 mid_frac=0.315 hard=score=5.5014427644 wNMSE=0.47806715 wMSE=25007.4488 wMRED=2.60100957 wER=0.573446 wMAE=70.1299 wBias=-7.6525 condBias=88.9531 dotDrift=-3.097sigma uMRED=0.3019617402 uER=0.575928 uMAE=183.3760 WCE=1872 bias=-82.3125
[pop11_hard:00400] loss=1.754480 tau=6.00 collapse_w=0.500 mid_frac=0.315 hard=score=1.6864859904 wNMSE=0.40550274 wMSE=21211.6415 wMRED=2.55491976 wER=0.573446 wMAE=66.8195 wBias=-3.3811 condBias=79.7542 dotDrift=-1.486sigma uMRED=0.2599321652 uER=0.575928 uMAE=157.5464 WCE=1872 bias=-50.3125
[pop11_hard:00599] loss=1.753533 tau=6.00 collapse_w=0.500 mid_frac=0.315 hard=score=1.6864859904 wNMSE=0.40550274 wMSE=21211.6415 wMRED=2.55491976 wER=0.573446 wMAE=66.8195 wBias=-3.3811 condBias=79.7542 dotDrift=-1.486sigma uMRED=0.2599321652 uER=0.575928 uMAE=157.5464 WCE=1872 bias=-50.3125
[pop11] done (conf=0.51, noise=1.0); global best score=0.5922699406 wNMSE=0.31992328 wMSE=16735.0235 wMRED=1.51651248 wER=0.439554 wMAE=40.9309 wBias=0.1536 condBias=69.3977 dotDrift=+0.076sigma uMRED=0.2262409314 uER=0.507568 uMAE=141.9375 WCE=1152 bias=42.3750
[best] stage=pop06_soft score=0.5922699406 wNMSE=0.31992328 wMSE=16735.0235 wMRED=1.51651248 wER=0.439554 wMAE=40.9309 wBias=0.1536 condBias=69.3977 dotDrift=+0.076sigma uMRED=0.2262409314 uER=0.507568 uMAE=141.9375 WCE=1152 bias=42.3750
[best-json] /home/xuanqi/tony/work/FPGA/signed8x8_approx/signed8x8_2026_8_22/runs_module_groups/G2_v/default_split/rand302/best_signed88_inits.json
[best-rtl] /home/xuanqi/tony/work/FPGA/signed8x8_approx/signed8x8_2026_8_22/runs_module_groups/G2_v/default_split/rand302/best_rtl
[design] default_split search_bits=168
[start] score=0.5922699406 wNMSE=0.31992328 wMSE=16735.0235 wMRED=1.51651248 wER=0.439554 wMAE=40.9309 wBias=0.1536 condBias=69.3977 dotDrift=+0.076sigma uMRED=0.2262409314 uER=0.507568 uMAE=141.9375 WCE=1152 bias=42.3750
[single] ACCEPT ['lo_lut67:23'] 0.5922699406->0.5855908118 wNMSE=0.31837567 wBias=-0.03259
[single] ACCEPT ['mid_lut45:11'] 0.5855908118->0.5787562565 wNMSE=0.31412804 wBias=+0.18722
[single] ACCEPT ['mid_lut67:51'] 0.5787562565->0.5718262160 wNMSE=0.30455484 wBias=-0.59857
[single] ACCEPT ['hi_lut45:11'] 0.5718262160->0.5094299432 wNMSE=0.27450497 wBias=+0.46927
[single] ACCEPT ['hi_lut45:23'] 0.5094299432->0.4689647532 wNMSE=0.25068881 wBias=-0.45811
[single] ACCEPT ['mid_lut45:43'] 0.4689647532->0.4404229212 wNMSE=0.24552654 wBias=-0.01849
[single] ACCEPT ['lo_lut67:11'] 0.4404229212->0.4390733442 wNMSE=0.24420198 wBias=+0.19788
[single] ACCEPT ['lo_lut45:27'] 0.4390733442->0.4327123159 wNMSE=0.24330898 wBias=-0.01364
[single] ACCEPT ['lo_lut67:19'] 0.4327123159->0.4313345149 wNMSE=0.24252036 wBias=-0.10787
[single] ACCEPT ['lo_lut45:7'] 0.4313345149->0.4298974188 wNMSE=0.2416775 wBias=+0.16028
[single] ACCEPT ['lo_lut45:55'] 0.4298974188->0.4269266925 wNMSE=0.24138059 wBias=+0.06717
[single] ACCEPT ['lo_lut45:51'] 0.4269266925->0.4255978686 wNMSE=0.24107274 wBias=+0.02005
[single] ACCEPT ['lo_lut67:15'] 0.4255978686->0.4251832048 wNMSE=0.24078106 wBias=-0.07909
[single] ACCEPT ['lo_lut23:23'] 0.4251832048->0.4244860614 wNMSE=0.24069201 wBias=+0.01083
[single] ACCEPT ['lo_lut45:15'] 0.4244860614->0.4243297206 wNMSE=0.24065602 wBias=-0.01396
[single] round=16 no improvement
[pair] ACCEPT ['hi_lut45:55', 'hi_lut45:43'] 0.4243297206->0.3628688708 wNMSE=0.19695234 wBias=+0.26697
[pair] ACCEPT ['mid_lut45:35', 'hi_lut67:27'] 0.3628688708->0.2956942526 wNMSE=0.12953616 wBias=-0.40913
[pair] ACCEPT ['lo_lut67:59', 'hi_lut45:51'] 0.2956942526->0.2044393879 wNMSE=0.099794708 wBias=+0.26371
[pair] ACCEPT ['hi_lut23:43', 'hi_lut45:27'] 0.2044393879->0.1651965711 wNMSE=0.077243723 wBias=+0.34891
[basin] ACCEPT ['lo_lut45:43', 'lo_lut67:27', 'mid_lut23:3'] 0.1651965711->0.1642217647 wNMSE=0.080814187 wBias=+0.02941
[basin] ACCEPT ['lo_lut01:27', 'mid_lut23:31'] 0.1642217647->0.1577149494 wNMSE=0.079395553 wBias=+0.01178
[basin] ACCEPT ['lo_lut23:15', 'mid_lut23:11'] 0.1577149494->0.1538864940 wNMSE=0.077916657 wBias=+0.01167
[basin] ACCEPT ['lo_lut01:19', 'lo_lut45:27', 'lo_lut45:47'] 0.1538864940->0.1514272469 wNMSE=0.077920224 wBias=+0.02841
[basin] ACCEPT ['lo_lut01:31', 'lo_lut23:55', 'lo_lut45:19'] 0.1514272469->0.1512850960 wNMSE=0.077865145 wBias=-0.00505
[basin] ACCEPT ['lo_lut23:23', 'mid_lut23:3', 'lo_lut67:11', 'mid_lut23:31'] 0.1512850960->0.1460927525 wNMSE=0.074657523 wBias=-0.00623
[final] score=0.1460927525 wNMSE=0.074657523 wMSE=3905.2970 wMRED=1.33031278 wER=0.526238 wMAE=33.8260 wBias=-0.0062 condBias=24.5588 dotDrift=-0.006sigma uMRED=0.0879146144 uER=0.549561 uMAE=65.4561 WCE=512 bias=-12.1875
[json] /home/xuanqi/tony/work/FPGA/signed8x8_approx/signed8x8_2026_8_22/runs_module_groups/G2_v/default_split/rand302/refined/best_signed88_inits.json
