[design] quality quad4 entries=56
[device] cuda
[initial] score=0.0015877353 wNMSE=0.00012742207 wMSE=9.7071 wMRED=0.02810209 wER=0.088891 wMAE=0.7864 wBias=-0.0872 condBias=1.5569 dotDrift=-1.790sigma uMRED=0.0019195893 uER=0.109375 uMAE=1.1250 WCE=16 bias=0.0000
[quad_warmup_bit:00000] loss=0.134419 tau=1.50 collapse_w=0.000 mid_frac=0.000 hard=score=0.0015877353 wNMSE=0.00012742207 wMSE=9.7071 wMRED=0.02810209 wER=0.088891 wMAE=0.7864 wBias=-0.0872 condBias=1.5569 dotDrift=-1.790sigma uMRED=0.0019195893 uER=0.109375 uMAE=1.1250 WCE=16 bias=0.0000
[quad_warmup_bit:00200] loss=0.067393 tau=1.50 collapse_w=0.000 mid_frac=0.000 hard=score=0.0015392671 wNMSE=0.00012633554 wMSE=9.6243 wMRED=0.01964339 wER=0.083718 wMAE=0.7657 wBias=0.0821 condBias=1.5502 dotDrift=+1.695sigma uMRED=0.0018257813 uER=0.109375 uMAE=1.1250 WCE=16 bias=0.1250 *BEST*
[quad_warmup_bit:00400] loss=0.054513 tau=1.50 collapse_w=0.000 mid_frac=0.000 hard=score=0.0015392671 wNMSE=0.00012633554 wMSE=9.6243 wMRED=0.01964339 wER=0.083718 wMAE=0.7657 wBias=0.0821 condBias=1.5502 dotDrift=+1.695sigma uMRED=0.0018257813 uER=0.109375 uMAE=1.1250 WCE=16 bias=0.1250
[quad_warmup_bit:00600] loss=0.046686 tau=1.50 collapse_w=0.000 mid_frac=0.000 hard=score=0.0181541554 wNMSE=0.00026539286 wMSE=20.2177 wMRED=0.02377472 wER=0.090842 wMAE=1.0967 wBias=-0.5417 condBias=2.2464 dotDrift=-7.710sigma uMRED=0.0028395506 uER=0.125000 uMAE=1.8125 WCE=32 bias=-0.8750
[quad_warmup_bit:00800] loss=0.041404 tau=1.50 collapse_w=0.000 mid_frac=0.000 hard=score=0.0040231395 wNMSE=0.00013035136 wMSE=9.9302 wMRED=0.01921555 wER=0.082765 wMAE=0.7848 wBias=-0.2298 condBias=1.5746 dotDrift=-4.667sigma uMRED=0.0020465443 uER=0.117188 uMAE=1.3125 WCE=16 bias=-0.3750
[quad_warmup_bit:01000] loss=0.037864 tau=1.50 collapse_w=0.000 mid_frac=0.000 hard=score=0.0040231395 wNMSE=0.00013035136 wMSE=9.9302 wMRED=0.01921555 wER=0.082765 wMAE=0.7848 wBias=-0.2298 condBias=1.5746 dotDrift=-4.667sigma uMRED=0.0020465443 uER=0.117188 uMAE=1.3125 WCE=16 bias=-0.3750
[quad_warmup_bit:01200] loss=0.035595 tau=1.50 collapse_w=0.000 mid_frac=0.000 hard=score=0.0040231395 wNMSE=0.00013035136 wMSE=9.9302 wMRED=0.01921555 wER=0.082765 wMAE=0.7848 wBias=-0.2298 condBias=1.5746 dotDrift=-4.667sigma uMRED=0.0020465443 uER=0.117188 uMAE=1.3125 WCE=16 bias=-0.3750
[quad_warmup_bit:01400] loss=0.034119 tau=1.50 collapse_w=0.000 mid_frac=0.000 hard=score=0.0040231395 wNMSE=0.00013035136 wMSE=9.9302 wMRED=0.01921555 wER=0.082765 wMAE=0.7848 wBias=-0.2298 condBias=1.5746 dotDrift=-4.667sigma uMRED=0.0020465443 uER=0.117188 uMAE=1.3125 WCE=16 bias=-0.3750
[quad_warmup_bit:01600] loss=0.033110 tau=1.50 collapse_w=0.000 mid_frac=0.000 hard=score=0.0040231395 wNMSE=0.00013035136 wMSE=9.9302 wMRED=0.01921555 wER=0.082765 wMAE=0.7848 wBias=-0.2298 condBias=1.5746 dotDrift=-4.667sigma uMRED=0.0020465443 uER=0.117188 uMAE=1.3125 WCE=16 bias=-0.3750
[quad_warmup_bit:01800] loss=0.032390 tau=1.50 collapse_w=0.000 mid_frac=0.000 hard=score=0.0040231395 wNMSE=0.00013035136 wMSE=9.9302 wMRED=0.01921555 wER=0.082765 wMAE=0.7848 wBias=-0.2298 condBias=1.5746 dotDrift=-4.667sigma uMRED=0.0020465443 uER=0.117188 uMAE=1.3125 WCE=16 bias=-0.3750
[quad_warmup_bit:02000] loss=0.031858 tau=1.50 collapse_w=0.000 mid_frac=0.000 hard=score=0.0040231395 wNMSE=0.00013035136 wMSE=9.9302 wMRED=0.01921555 wER=0.082765 wMAE=0.7848 wBias=-0.2298 condBias=1.5746 dotDrift=-4.667sigma uMRED=0.0020465443 uER=0.117188 uMAE=1.3125 WCE=16 bias=-0.3750
[quad_warmup_bit:02200] loss=0.031452 tau=1.50 collapse_w=0.000 mid_frac=0.000 hard=score=0.0040231395 wNMSE=0.00013035136 wMSE=9.9302 wMRED=0.01921555 wER=0.082765 wMAE=0.7848 wBias=-0.2298 condBias=1.5746 dotDrift=-4.667sigma uMRED=0.0020465443 uER=0.117188 uMAE=1.3125 WCE=16 bias=-0.3750
[quad_warmup_bit:02400] loss=0.031136 tau=1.50 collapse_w=0.000 mid_frac=0.000 hard=score=0.0040231395 wNMSE=0.00013035136 wMSE=9.9302 wMRED=0.01921555 wER=0.082765 wMAE=0.7848 wBias=-0.2298 condBias=1.5746 dotDrift=-4.667sigma uMRED=0.0020465443 uER=0.117188 uMAE=1.3125 WCE=16 bias=-0.3750
[quad_warmup_bit:02600] loss=0.030885 tau=1.50 collapse_w=0.000 mid_frac=0.000 hard=score=0.0040231395 wNMSE=0.00013035136 wMSE=9.9302 wMRED=0.01921555 wER=0.082765 wMAE=0.7848 wBias=-0.2298 condBias=1.5746 dotDrift=-4.667sigma uMRED=0.0020465443 uER=0.117188 uMAE=1.3125 WCE=16 bias=-0.3750
[quad_warmup_bit:02800] loss=0.030684 tau=1.50 collapse_w=0.000 mid_frac=0.000 hard=score=0.0040231395 wNMSE=0.00013035136 wMSE=9.9302 wMRED=0.01921555 wER=0.082765 wMAE=0.7848 wBias=-0.2298 condBias=1.5746 dotDrift=-4.667sigma uMRED=0.0020465443 uER=0.117188 uMAE=1.3125 WCE=16 bias=-0.3750
[quad_warmup_bit:03000] loss=0.030520 tau=1.50 collapse_w=0.000 mid_frac=0.000 hard=score=0.0040231395 wNMSE=0.00013035136 wMSE=9.9302 wMRED=0.01921555 wER=0.082765 wMAE=0.7848 wBias=-0.2298 condBias=1.5746 dotDrift=-4.667sigma uMRED=0.0020465443 uER=0.117188 uMAE=1.3125 WCE=16 bias=-0.3750
[quad_warmup_bit:03200] loss=0.030386 tau=1.50 collapse_w=0.000 mid_frac=0.000 hard=score=0.0040231395 wNMSE=0.00013035136 wMSE=9.9302 wMRED=0.01921555 wER=0.082765 wMAE=0.7848 wBias=-0.2298 condBias=1.5746 dotDrift=-4.667sigma uMRED=0.0020465443 uER=0.117188 uMAE=1.3125 WCE=16 bias=-0.3750
[quad_warmup_bit:03400] loss=0.030273 tau=1.50 collapse_w=0.000 mid_frac=0.000 hard=score=0.0040231395 wNMSE=0.00013035136 wMSE=9.9302 wMRED=0.01921555 wER=0.082765 wMAE=0.7848 wBias=-0.2298 condBias=1.5746 dotDrift=-4.667sigma uMRED=0.0020465443 uER=0.117188 uMAE=1.3125 WCE=16 bias=-0.3750
[quad_warmup_bit:03600] loss=0.030179 tau=1.50 collapse_w=0.000 mid_frac=0.000 hard=score=0.0040231395 wNMSE=0.00013035136 wMSE=9.9302 wMRED=0.01921555 wER=0.082765 wMAE=0.7848 wBias=-0.2298 condBias=1.5746 dotDrift=-4.667sigma uMRED=0.0020465443 uER=0.117188 uMAE=1.3125 WCE=16 bias=-0.3750
[quad_warmup_bit:03800] loss=0.030099 tau=1.50 collapse_w=0.000 mid_frac=0.000 hard=score=0.0040231395 wNMSE=0.00013035136 wMSE=9.9302 wMRED=0.01921555 wER=0.082765 wMAE=0.7848 wBias=-0.2298 condBias=1.5746 dotDrift=-4.667sigma uMRED=0.0020465443 uER=0.117188 uMAE=1.3125 WCE=16 bias=-0.3750
[quad_warmup_bit:04000] loss=0.030030 tau=1.50 collapse_w=0.000 mid_frac=0.000 hard=score=0.0040231395 wNMSE=0.00013035136 wMSE=9.9302 wMRED=0.01921555 wER=0.082765 wMAE=0.7848 wBias=-0.2298 condBias=1.5746 dotDrift=-4.667sigma uMRED=0.0020465443 uER=0.117188 uMAE=1.3125 WCE=16 bias=-0.3750
[quad_warmup_bit:04200] loss=0.029971 tau=1.50 collapse_w=0.000 mid_frac=0.000 hard=score=0.0040231395 wNMSE=0.00013035136 wMSE=9.9302 wMRED=0.01921555 wER=0.082765 wMAE=0.7848 wBias=-0.2298 condBias=1.5746 dotDrift=-4.667sigma uMRED=0.0020465443 uER=0.117188 uMAE=1.3125 WCE=16 bias=-0.3750
[quad_warmup_bit:04400] loss=0.029920 tau=1.50 collapse_w=0.000 mid_frac=0.000 hard=score=0.0040231395 wNMSE=0.00013035136 wMSE=9.9302 wMRED=0.01921555 wER=0.082765 wMAE=0.7848 wBias=-0.2298 condBias=1.5746 dotDrift=-4.667sigma uMRED=0.0020465443 uER=0.117188 uMAE=1.3125 WCE=16 bias=-0.3750
[quad_warmup_bit:04600] loss=0.029875 tau=1.50 collapse_w=0.000 mid_frac=0.000 hard=score=0.0040231395 wNMSE=0.00013035136 wMSE=9.9302 wMRED=0.01921555 wER=0.082765 wMAE=0.7848 wBias=-0.2298 condBias=1.5746 dotDrift=-4.667sigma uMRED=0.0020465443 uER=0.117188 uMAE=1.3125 WCE=16 bias=-0.3750
[quad_warmup_bit:04800] loss=0.029836 tau=1.50 collapse_w=0.000 mid_frac=0.000 hard=score=0.0040231395 wNMSE=0.00013035136 wMSE=9.9302 wMRED=0.01921555 wER=0.082765 wMAE=0.7848 wBias=-0.2298 condBias=1.5746 dotDrift=-4.667sigma uMRED=0.0020465443 uER=0.117188 uMAE=1.3125 WCE=16 bias=-0.3750
[quad_warmup_bit:05000] loss=0.029801 tau=1.50 collapse_w=0.000 mid_frac=0.000 hard=score=0.0040231395 wNMSE=0.00013035136 wMSE=9.9302 wMRED=0.01921555 wER=0.082765 wMAE=0.7848 wBias=-0.2298 condBias=1.5746 dotDrift=-4.667sigma uMRED=0.0020465443 uER=0.117188 uMAE=1.3125 WCE=16 bias=-0.3750
[quad_warmup_bit:05200] loss=0.029771 tau=1.50 collapse_w=0.000 mid_frac=0.000 hard=score=0.0040231395 wNMSE=0.00013035136 wMSE=9.9302 wMRED=0.01921555 wER=0.082765 wMAE=0.7848 wBias=-0.2298 condBias=1.5746 dotDrift=-4.667sigma uMRED=0.0020465443 uER=0.117188 uMAE=1.3125 WCE=16 bias=-0.3750
[quad_warmup_bit:05400] loss=0.029744 tau=1.50 collapse_w=0.000 mid_frac=0.000 hard=score=0.0040231395 wNMSE=0.00013035136 wMSE=9.9302 wMRED=0.01921555 wER=0.082765 wMAE=0.7848 wBias=-0.2298 condBias=1.5746 dotDrift=-4.667sigma uMRED=0.0020465443 uER=0.117188 uMAE=1.3125 WCE=16 bias=-0.3750
[quad_warmup_bit:05600] loss=0.029721 tau=1.50 collapse_w=0.000 mid_frac=0.000 hard=score=0.0040231395 wNMSE=0.00013035136 wMSE=9.9302 wMRED=0.01921555 wER=0.082765 wMAE=0.7848 wBias=-0.2298 condBias=1.5746 dotDrift=-4.667sigma uMRED=0.0020465443 uER=0.117188 uMAE=1.3125 WCE=16 bias=-0.3750
[quad_warmup_bit:05800] loss=0.029700 tau=1.50 collapse_w=0.000 mid_frac=0.000 hard=score=0.0040231395 wNMSE=0.00013035136 wMSE=9.9302 wMRED=0.01921555 wER=0.082765 wMAE=0.7848 wBias=-0.2298 condBias=1.5746 dotDrift=-4.667sigma uMRED=0.0020465443 uER=0.117188 uMAE=1.3125 WCE=16 bias=-0.3750
[quad_warmup_bit:05999] loss=0.029681 tau=1.50 collapse_w=0.000 mid_frac=0.000 hard=score=0.0040231395 wNMSE=0.00013035136 wMSE=9.9302 wMRED=0.01921555 wER=0.082765 wMAE=0.7848 wBias=-0.2298 condBias=1.5746 dotDrift=-4.667sigma uMRED=0.0020465443 uER=0.117188 uMAE=1.3125 WCE=16 bias=-0.3750
[quad_soft:00000] loss=0.036258 tau=1.50 collapse_w=0.000 mid_frac=0.000 hard=score=0.0040231395 wNMSE=0.00013035136 wMSE=9.9302 wMRED=0.01921555 wER=0.082765 wMAE=0.7848 wBias=-0.2298 condBias=1.5746 dotDrift=-4.667sigma uMRED=0.0020465443 uER=0.117188 uMAE=1.3125 WCE=16 bias=-0.3750
[quad_soft:00050] loss=0.035365 tau=1.52 collapse_w=0.000 mid_frac=0.000 hard=score=0.0013734682 wNMSE=8.8383708e-05 wMSE=6.7331 wMRED=0.01606106 wER=0.082765 wMAE=0.6240 wBias=-0.0689 condBias=1.2965 dotDrift=-1.700sigma uMRED=0.0016576735 uER=0.117188 uMAE=1.0625 WCE=16 bias=-0.1250 *BEST*
[quad_soft:00200] loss=0.034346 tau=1.59 collapse_w=0.000 mid_frac=0.000 hard=score=0.0013734682 wNMSE=8.8383708e-05 wMSE=6.7331 wMRED=0.01606106 wER=0.082765 wMAE=0.6240 wBias=-0.0689 condBias=1.2965 dotDrift=-1.700sigma uMRED=0.0016576735 uER=0.117188 uMAE=1.0625 WCE=16 bias=-0.1250
[quad_soft:00400] loss=0.033323 tau=1.68 collapse_w=0.000 mid_frac=0.000 hard=score=0.0013734682 wNMSE=8.8383708e-05 wMSE=6.7331 wMRED=0.01606106 wER=0.082765 wMAE=0.6240 wBias=-0.0689 condBias=1.2965 dotDrift=-1.700sigma uMRED=0.0016576735 uER=0.117188 uMAE=1.0625 WCE=16 bias=-0.1250
[quad_soft:00600] loss=0.032659 tau=1.77 collapse_w=0.000 mid_frac=0.000 hard=score=0.0013734682 wNMSE=8.8383708e-05 wMSE=6.7331 wMRED=0.01606106 wER=0.082765 wMAE=0.6240 wBias=-0.0689 condBias=1.2965 dotDrift=-1.700sigma uMRED=0.0016576735 uER=0.117188 uMAE=1.0625 WCE=16 bias=-0.1250
[quad_soft:00800] loss=0.032022 tau=1.86 collapse_w=0.000 mid_frac=0.000 hard=score=0.0013734682 wNMSE=8.8383708e-05 wMSE=6.7331 wMRED=0.01606106 wER=0.082765 wMAE=0.6240 wBias=-0.0689 condBias=1.2965 dotDrift=-1.700sigma uMRED=0.0016576735 uER=0.117188 uMAE=1.0625 WCE=16 bias=-0.1250
[quad_soft:01000] loss=0.031393 tau=1.95 collapse_w=0.000 mid_frac=0.000 hard=score=0.0013734682 wNMSE=8.8383708e-05 wMSE=6.7331 wMRED=0.01606106 wER=0.082765 wMAE=0.6240 wBias=-0.0689 condBias=1.2965 dotDrift=-1.700sigma uMRED=0.0016576735 uER=0.117188 uMAE=1.0625 WCE=16 bias=-0.1250
[quad_soft:01200] loss=0.030768 tau=2.04 collapse_w=0.000 mid_frac=0.000 hard=score=0.0013734682 wNMSE=8.8383708e-05 wMSE=6.7331 wMRED=0.01606106 wER=0.082765 wMAE=0.6240 wBias=-0.0689 condBias=1.2965 dotDrift=-1.700sigma uMRED=0.0016576735 uER=0.117188 uMAE=1.0625 WCE=16 bias=-0.1250
[quad_soft:01400] loss=0.030145 tau=2.13 collapse_w=0.000 mid_frac=0.000 hard=score=0.0013734682 wNMSE=8.8383708e-05 wMSE=6.7331 wMRED=0.01606106 wER=0.082765 wMAE=0.6240 wBias=-0.0689 condBias=1.2965 dotDrift=-1.700sigma uMRED=0.0016576735 uER=0.117188 uMAE=1.0625 WCE=16 bias=-0.1250
[quad_soft:01600] loss=0.029522 tau=2.22 collapse_w=0.000 mid_frac=0.000 hard=score=0.0013734682 wNMSE=8.8383708e-05 wMSE=6.7331 wMRED=0.01606106 wER=0.082765 wMAE=0.6240 wBias=-0.0689 condBias=1.2965 dotDrift=-1.700sigma uMRED=0.0016576735 uER=0.117188 uMAE=1.0625 WCE=16 bias=-0.1250
[quad_soft:01800] loss=0.028900 tau=2.31 collapse_w=0.000 mid_frac=0.000 hard=score=0.0013734682 wNMSE=8.8383708e-05 wMSE=6.7331 wMRED=0.01606106 wER=0.082765 wMAE=0.6240 wBias=-0.0689 condBias=1.2965 dotDrift=-1.700sigma uMRED=0.0016576735 uER=0.117188 uMAE=1.0625 WCE=16 bias=-0.1250
[quad_soft:02000] loss=0.028277 tau=2.40 collapse_w=0.000 mid_frac=0.000 hard=score=0.0013734682 wNMSE=8.8383708e-05 wMSE=6.7331 wMRED=0.01606106 wER=0.082765 wMAE=0.6240 wBias=-0.0689 condBias=1.2965 dotDrift=-1.700sigma uMRED=0.0016576735 uER=0.117188 uMAE=1.0625 WCE=16 bias=-0.1250
[quad_soft:02200] loss=0.027656 tau=2.49 collapse_w=0.000 mid_frac=0.000 hard=score=0.0013734682 wNMSE=8.8383708e-05 wMSE=6.7331 wMRED=0.01606106 wER=0.082765 wMAE=0.6240 wBias=-0.0689 condBias=1.2965 dotDrift=-1.700sigma uMRED=0.0016576735 uER=0.117188 uMAE=1.0625 WCE=16 bias=-0.1250
[quad_soft:02400] loss=0.027033 tau=2.58 collapse_w=0.000 mid_frac=0.000 hard=score=0.0013734682 wNMSE=8.8383708e-05 wMSE=6.7331 wMRED=0.01606106 wER=0.082765 wMAE=0.6240 wBias=-0.0689 condBias=1.2965 dotDrift=-1.700sigma uMRED=0.0016576735 uER=0.117188 uMAE=1.0625 WCE=16 bias=-0.1250
[quad_soft:02600] loss=0.026412 tau=2.67 collapse_w=0.000 mid_frac=0.000 hard=score=0.0013734682 wNMSE=8.8383708e-05 wMSE=6.7331 wMRED=0.01606106 wER=0.082765 wMAE=0.6240 wBias=-0.0689 condBias=1.2965 dotDrift=-1.700sigma uMRED=0.0016576735 uER=0.117188 uMAE=1.0625 WCE=16 bias=-0.1250
[quad_soft:02800] loss=0.025790 tau=2.76 collapse_w=0.000 mid_frac=0.000 hard=score=0.0013734682 wNMSE=8.8383708e-05 wMSE=6.7331 wMRED=0.01606106 wER=0.082765 wMAE=0.6240 wBias=-0.0689 condBias=1.2965 dotDrift=-1.700sigma uMRED=0.0016576735 uER=0.117188 uMAE=1.0625 WCE=16 bias=-0.1250
[quad_soft:03000] loss=0.025168 tau=2.85 collapse_w=0.000 mid_frac=0.000 hard=score=0.0013734682 wNMSE=8.8383708e-05 wMSE=6.7331 wMRED=0.01606106 wER=0.082765 wMAE=0.6240 wBias=-0.0689 condBias=1.2965 dotDrift=-1.700sigma uMRED=0.0016576735 uER=0.117188 uMAE=1.0625 WCE=16 bias=-0.1250
[quad_soft:03200] loss=0.024546 tau=2.94 collapse_w=0.000 mid_frac=0.000 hard=score=0.0013734682 wNMSE=8.8383708e-05 wMSE=6.7331 wMRED=0.01606106 wER=0.082765 wMAE=0.6240 wBias=-0.0689 condBias=1.2965 dotDrift=-1.700sigma uMRED=0.0016576735 uER=0.117188 uMAE=1.0625 WCE=16 bias=-0.1250
[quad_soft:03400] loss=0.023924 tau=3.03 collapse_w=0.000 mid_frac=0.000 hard=score=0.0013734682 wNMSE=8.8383708e-05 wMSE=6.7331 wMRED=0.01606106 wER=0.082765 wMAE=0.6240 wBias=-0.0689 condBias=1.2965 dotDrift=-1.700sigma uMRED=0.0016576735 uER=0.117188 uMAE=1.0625 WCE=16 bias=-0.1250
[quad_soft:03600] loss=0.023301 tau=3.12 collapse_w=0.000 mid_frac=0.000 hard=score=0.0013734682 wNMSE=8.8383708e-05 wMSE=6.7331 wMRED=0.01606106 wER=0.082765 wMAE=0.6240 wBias=-0.0689 condBias=1.2965 dotDrift=-1.700sigma uMRED=0.0016576735 uER=0.117188 uMAE=1.0625 WCE=16 bias=-0.1250
[quad_soft:03800] loss=0.022679 tau=3.21 collapse_w=0.000 mid_frac=0.018 hard=score=0.0013734682 wNMSE=8.8383708e-05 wMSE=6.7331 wMRED=0.01606106 wER=0.082765 wMAE=0.6240 wBias=-0.0689 condBias=1.2965 dotDrift=-1.700sigma uMRED=0.0016576735 uER=0.117188 uMAE=1.0625 WCE=16 bias=-0.1250
[quad_soft:04000] loss=0.022057 tau=3.30 collapse_w=0.000 mid_frac=0.036 hard=score=0.0013734682 wNMSE=8.8383708e-05 wMSE=6.7331 wMRED=0.01606106 wER=0.082765 wMAE=0.6240 wBias=-0.0689 condBias=1.2965 dotDrift=-1.700sigma uMRED=0.0016576735 uER=0.117188 uMAE=1.0625 WCE=16 bias=-0.1250
[quad_soft:04200] loss=0.021428 tau=3.39 collapse_w=0.000 mid_frac=0.036 hard=score=0.0013734682 wNMSE=8.8383708e-05 wMSE=6.7331 wMRED=0.01606106 wER=0.082765 wMAE=0.6240 wBias=-0.0689 condBias=1.2965 dotDrift=-1.700sigma uMRED=0.0016576735 uER=0.117188 uMAE=1.0625 WCE=16 bias=-0.1250
[quad_soft:04400] loss=0.020800 tau=3.48 collapse_w=0.000 mid_frac=0.054 hard=score=0.0013734682 wNMSE=8.8383708e-05 wMSE=6.7331 wMRED=0.01606106 wER=0.082765 wMAE=0.6240 wBias=-0.0689 condBias=1.2965 dotDrift=-1.700sigma uMRED=0.0016576735 uER=0.117188 uMAE=1.0625 WCE=16 bias=-0.1250
[quad_soft:04600] loss=0.020171 tau=3.57 collapse_w=0.000 mid_frac=0.054 hard=score=0.0013734682 wNMSE=8.8383708e-05 wMSE=6.7331 wMRED=0.01606106 wER=0.082765 wMAE=0.6240 wBias=-0.0689 condBias=1.2965 dotDrift=-1.700sigma uMRED=0.0016576735 uER=0.117188 uMAE=1.0625 WCE=16 bias=-0.1250
[quad_soft:04800] loss=0.019542 tau=3.66 collapse_w=0.000 mid_frac=0.054 hard=score=0.0013734682 wNMSE=8.8383708e-05 wMSE=6.7331 wMRED=0.01606106 wER=0.082765 wMAE=0.6240 wBias=-0.0689 condBias=1.2965 dotDrift=-1.700sigma uMRED=0.0016576735 uER=0.117188 uMAE=1.0625 WCE=16 bias=-0.1250
[quad_soft:05000] loss=0.018914 tau=3.75 collapse_w=0.000 mid_frac=0.071 hard=score=0.0013734682 wNMSE=8.8383708e-05 wMSE=6.7331 wMRED=0.01606106 wER=0.082765 wMAE=0.6240 wBias=-0.0689 condBias=1.2965 dotDrift=-1.700sigma uMRED=0.0016576735 uER=0.117188 uMAE=1.0625 WCE=16 bias=-0.1250
[quad_soft:05200] loss=0.018284 tau=3.84 collapse_w=0.000 mid_frac=0.071 hard=score=0.0013734682 wNMSE=8.8383708e-05 wMSE=6.7331 wMRED=0.01606106 wER=0.082765 wMAE=0.6240 wBias=-0.0689 condBias=1.2965 dotDrift=-1.700sigma uMRED=0.0016576735 uER=0.117188 uMAE=1.0625 WCE=16 bias=-0.1250
[quad_soft:05400] loss=0.017655 tau=3.93 collapse_w=0.000 mid_frac=0.071 hard=score=0.0013734682 wNMSE=8.8383708e-05 wMSE=6.7331 wMRED=0.01606106 wER=0.082765 wMAE=0.6240 wBias=-0.0689 condBias=1.2965 dotDrift=-1.700sigma uMRED=0.0016576735 uER=0.117188 uMAE=1.0625 WCE=16 bias=-0.1250
[quad_soft:05600] loss=0.017026 tau=4.02 collapse_w=0.000 mid_frac=0.071 hard=score=0.0013734682 wNMSE=8.8383708e-05 wMSE=6.7331 wMRED=0.01606106 wER=0.082765 wMAE=0.6240 wBias=-0.0689 condBias=1.2965 dotDrift=-1.700sigma uMRED=0.0016576735 uER=0.117188 uMAE=1.0625 WCE=16 bias=-0.1250
[quad_soft:05800] loss=0.016397 tau=4.11 collapse_w=0.000 mid_frac=0.071 hard=score=0.0013734682 wNMSE=8.8383708e-05 wMSE=6.7331 wMRED=0.01606106 wER=0.082765 wMAE=0.6240 wBias=-0.0689 condBias=1.2965 dotDrift=-1.700sigma uMRED=0.0016576735 uER=0.117188 uMAE=1.0625 WCE=16 bias=-0.1250
[quad_soft:06000] loss=0.015770 tau=4.20 collapse_w=0.000 mid_frac=0.071 hard=score=0.0013734682 wNMSE=8.8383708e-05 wMSE=6.7331 wMRED=0.01606106 wER=0.082765 wMAE=0.6240 wBias=-0.0689 condBias=1.2965 dotDrift=-1.700sigma uMRED=0.0016576735 uER=0.117188 uMAE=1.0625 WCE=16 bias=-0.1250
[quad_soft:06200] loss=0.015880 tau=4.29 collapse_w=0.025 mid_frac=0.107 hard=score=0.0013734682 wNMSE=8.8383708e-05 wMSE=6.7331 wMRED=0.01606106 wER=0.082765 wMAE=0.6240 wBias=-0.0689 condBias=1.2965 dotDrift=-1.700sigma uMRED=0.0016576735 uER=0.117188 uMAE=1.0625 WCE=16 bias=-0.1250
[quad_soft:06400] loss=0.015735 tau=4.38 collapse_w=0.050 mid_frac=0.107 hard=score=0.0013734682 wNMSE=8.8383708e-05 wMSE=6.7331 wMRED=0.01606106 wER=0.082765 wMAE=0.6240 wBias=-0.0689 condBias=1.2965 dotDrift=-1.700sigma uMRED=0.0016576735 uER=0.117188 uMAE=1.0625 WCE=16 bias=-0.1250
[quad_soft:06600] loss=0.015568 tau=4.47 collapse_w=0.075 mid_frac=0.107 hard=score=0.0013734682 wNMSE=8.8383708e-05 wMSE=6.7331 wMRED=0.01606106 wER=0.082765 wMAE=0.6240 wBias=-0.0689 condBias=1.2965 dotDrift=-1.700sigma uMRED=0.0016576735 uER=0.117188 uMAE=1.0625 WCE=16 bias=-0.1250
[quad_soft:06800] loss=0.015364 tau=4.56 collapse_w=0.100 mid_frac=0.071 hard=score=0.0013734682 wNMSE=8.8383708e-05 wMSE=6.7331 wMRED=0.01606106 wER=0.082765 wMAE=0.6240 wBias=-0.0689 condBias=1.2965 dotDrift=-1.700sigma uMRED=0.0016576735 uER=0.117188 uMAE=1.0625 WCE=16 bias=-0.1250
[quad_soft:07000] loss=0.015124 tau=4.65 collapse_w=0.125 mid_frac=0.036 hard=score=0.0013734682 wNMSE=8.8383708e-05 wMSE=6.7331 wMRED=0.01606106 wER=0.082765 wMAE=0.6240 wBias=-0.0689 condBias=1.2965 dotDrift=-1.700sigma uMRED=0.0016576735 uER=0.117188 uMAE=1.0625 WCE=16 bias=-0.1250
[quad_soft:07200] loss=0.014850 tau=4.74 collapse_w=0.150 mid_frac=0.018 hard=score=0.0013734682 wNMSE=8.8383708e-05 wMSE=6.7331 wMRED=0.01606106 wER=0.082765 wMAE=0.6240 wBias=-0.0689 condBias=1.2965 dotDrift=-1.700sigma uMRED=0.0016576735 uER=0.117188 uMAE=1.0625 WCE=16 bias=-0.1250
[quad_soft:07400] loss=0.014546 tau=4.83 collapse_w=0.175 mid_frac=0.018 hard=score=0.0013734682 wNMSE=8.8383708e-05 wMSE=6.7331 wMRED=0.01606106 wER=0.082765 wMAE=0.6240 wBias=-0.0689 condBias=1.2965 dotDrift=-1.700sigma uMRED=0.0016576735 uER=0.117188 uMAE=1.0625 WCE=16 bias=-0.1250
[quad_soft:07600] loss=0.014183 tau=4.92 collapse_w=0.200 mid_frac=0.018 hard=score=0.0013734682 wNMSE=8.8383708e-05 wMSE=6.7331 wMRED=0.01606106 wER=0.082765 wMAE=0.6240 wBias=-0.0689 condBias=1.2965 dotDrift=-1.700sigma uMRED=0.0016576735 uER=0.117188 uMAE=1.0625 WCE=16 bias=-0.1250
[quad_soft:07800] loss=0.013821 tau=5.01 collapse_w=0.225 mid_frac=0.018 hard=score=0.0013734682 wNMSE=8.8383708e-05 wMSE=6.7331 wMRED=0.01606106 wER=0.082765 wMAE=0.6240 wBias=-0.0689 condBias=1.2965 dotDrift=-1.700sigma uMRED=0.0016576735 uER=0.117188 uMAE=1.0625 WCE=16 bias=-0.1250
[quad_soft:08000] loss=0.013438 tau=5.10 collapse_w=0.250 mid_frac=0.018 hard=score=0.0013734682 wNMSE=8.8383708e-05 wMSE=6.7331 wMRED=0.01606106 wER=0.082765 wMAE=0.6240 wBias=-0.0689 condBias=1.2965 dotDrift=-1.700sigma uMRED=0.0016576735 uER=0.117188 uMAE=1.0625 WCE=16 bias=-0.1250
[quad_soft:08200] loss=0.013033 tau=5.19 collapse_w=0.275 mid_frac=0.018 hard=score=0.0013734682 wNMSE=8.8383708e-05 wMSE=6.7331 wMRED=0.01606106 wER=0.082765 wMAE=0.6240 wBias=-0.0689 condBias=1.2965 dotDrift=-1.700sigma uMRED=0.0016576735 uER=0.117188 uMAE=1.0625 WCE=16 bias=-0.1250
[quad_soft:08400] loss=0.012604 tau=5.28 collapse_w=0.300 mid_frac=0.018 hard=score=0.0013734682 wNMSE=8.8383708e-05 wMSE=6.7331 wMRED=0.01606106 wER=0.082765 wMAE=0.6240 wBias=-0.0689 condBias=1.2965 dotDrift=-1.700sigma uMRED=0.0016576735 uER=0.117188 uMAE=1.0625 WCE=16 bias=-0.1250
[quad_soft:08600] loss=0.012151 tau=5.37 collapse_w=0.325 mid_frac=0.018 hard=score=0.0013734682 wNMSE=8.8383708e-05 wMSE=6.7331 wMRED=0.01606106 wER=0.082765 wMAE=0.6240 wBias=-0.0689 condBias=1.2965 dotDrift=-1.700sigma uMRED=0.0016576735 uER=0.117188 uMAE=1.0625 WCE=16 bias=-0.1250
[quad_soft:08800] loss=0.011666 tau=5.46 collapse_w=0.350 mid_frac=0.018 hard=score=0.0013734682 wNMSE=8.8383708e-05 wMSE=6.7331 wMRED=0.01606106 wER=0.082765 wMAE=0.6240 wBias=-0.0689 condBias=1.2965 dotDrift=-1.700sigma uMRED=0.0016576735 uER=0.117188 uMAE=1.0625 WCE=16 bias=-0.1250
[quad_soft:09000] loss=0.011156 tau=5.55 collapse_w=0.375 mid_frac=0.018 hard=score=0.0013734682 wNMSE=8.8383708e-05 wMSE=6.7331 wMRED=0.01606106 wER=0.082765 wMAE=0.6240 wBias=-0.0689 condBias=1.2965 dotDrift=-1.700sigma uMRED=0.0016576735 uER=0.117188 uMAE=1.0625 WCE=16 bias=-0.1250
[quad_soft:09200] loss=0.010603 tau=5.64 collapse_w=0.400 mid_frac=0.018 hard=score=0.0013734682 wNMSE=8.8383708e-05 wMSE=6.7331 wMRED=0.01606106 wER=0.082765 wMAE=0.6240 wBias=-0.0689 condBias=1.2965 dotDrift=-1.700sigma uMRED=0.0016576735 uER=0.117188 uMAE=1.0625 WCE=16 bias=-0.1250
[quad_soft:09400] loss=0.010004 tau=5.73 collapse_w=0.425 mid_frac=0.018 hard=score=0.0013734682 wNMSE=8.8383708e-05 wMSE=6.7331 wMRED=0.01606106 wER=0.082765 wMAE=0.6240 wBias=-0.0689 condBias=1.2965 dotDrift=-1.700sigma uMRED=0.0016576735 uER=0.117188 uMAE=1.0625 WCE=16 bias=-0.1250
[quad_soft:09600] loss=0.009333 tau=5.82 collapse_w=0.450 mid_frac=0.018 hard=score=0.0013734682 wNMSE=8.8383708e-05 wMSE=6.7331 wMRED=0.01606106 wER=0.082765 wMAE=0.6240 wBias=-0.0689 condBias=1.2965 dotDrift=-1.700sigma uMRED=0.0016576735 uER=0.117188 uMAE=1.0625 WCE=16 bias=-0.1250
[quad_soft:09800] loss=0.008543 tau=5.91 collapse_w=0.475 mid_frac=0.018 hard=score=0.0013734682 wNMSE=8.8383708e-05 wMSE=6.7331 wMRED=0.01606106 wER=0.082765 wMAE=0.6240 wBias=-0.0689 condBias=1.2965 dotDrift=-1.700sigma uMRED=0.0016576735 uER=0.117188 uMAE=1.0625 WCE=16 bias=-0.1250
[quad_soft:09999] loss=0.007556 tau=6.00 collapse_w=0.500 mid_frac=0.018 hard=score=0.0013734682 wNMSE=8.8383708e-05 wMSE=6.7331 wMRED=0.01606106 wER=0.082765 wMAE=0.6240 wBias=-0.0689 condBias=1.2965 dotDrift=-1.700sigma uMRED=0.0016576735 uER=0.117188 uMAE=1.0625 WCE=16 bias=-0.1250
[quad_hard_ste:00000] loss=0.005091 tau=6.00 collapse_w=0.500 mid_frac=0.018 hard=score=0.0013734682 wNMSE=8.8383708e-05 wMSE=6.7331 wMRED=0.01606106 wER=0.082765 wMAE=0.6240 wBias=-0.0689 condBias=1.2965 dotDrift=-1.700sigma uMRED=0.0016576735 uER=0.117188 uMAE=1.0625 WCE=16 bias=-0.1250
[quad_hard_ste:00200] loss=0.004423 tau=6.00 collapse_w=0.500 mid_frac=0.018 hard=score=0.0013734682 wNMSE=8.8383708e-05 wMSE=6.7331 wMRED=0.01606106 wER=0.082765 wMAE=0.6240 wBias=-0.0689 condBias=1.2965 dotDrift=-1.700sigma uMRED=0.0016576735 uER=0.117188 uMAE=1.0625 WCE=16 bias=-0.1250
[quad_hard_ste:00400] loss=0.004031 tau=6.00 collapse_w=0.500 mid_frac=0.018 hard=score=0.0013734682 wNMSE=8.8383708e-05 wMSE=6.7331 wMRED=0.01606106 wER=0.082765 wMAE=0.6240 wBias=-0.0689 condBias=1.2965 dotDrift=-1.700sigma uMRED=0.0016576735 uER=0.117188 uMAE=1.0625 WCE=16 bias=-0.1250
[quad_hard_ste:00600] loss=0.003775 tau=6.00 collapse_w=0.500 mid_frac=0.018 hard=score=0.0013734682 wNMSE=8.8383708e-05 wMSE=6.7331 wMRED=0.01606106 wER=0.082765 wMAE=0.6240 wBias=-0.0689 condBias=1.2965 dotDrift=-1.700sigma uMRED=0.0016576735 uER=0.117188 uMAE=1.0625 WCE=16 bias=-0.1250
[quad_hard_ste:00800] loss=0.003607 tau=6.00 collapse_w=0.500 mid_frac=0.018 hard=score=0.0013734682 wNMSE=8.8383708e-05 wMSE=6.7331 wMRED=0.01606106 wER=0.082765 wMAE=0.6240 wBias=-0.0689 condBias=1.2965 dotDrift=-1.700sigma uMRED=0.0016576735 uER=0.117188 uMAE=1.0625 WCE=16 bias=-0.1250
[quad_hard_ste:01000] loss=0.003494 tau=6.00 collapse_w=0.500 mid_frac=0.018 hard=score=0.0013734682 wNMSE=8.8383708e-05 wMSE=6.7331 wMRED=0.01606106 wER=0.082765 wMAE=0.6240 wBias=-0.0689 condBias=1.2965 dotDrift=-1.700sigma uMRED=0.0016576735 uER=0.117188 uMAE=1.0625 WCE=16 bias=-0.1250
[quad_hard_ste:01200] loss=0.003417 tau=6.00 collapse_w=0.500 mid_frac=0.018 hard=score=0.0013734682 wNMSE=8.8383708e-05 wMSE=6.7331 wMRED=0.01606106 wER=0.082765 wMAE=0.6240 wBias=-0.0689 condBias=1.2965 dotDrift=-1.700sigma uMRED=0.0016576735 uER=0.117188 uMAE=1.0625 WCE=16 bias=-0.1250
[quad_hard_ste:01400] loss=0.003361 tau=6.00 collapse_w=0.500 mid_frac=0.018 hard=score=0.0013734682 wNMSE=8.8383708e-05 wMSE=6.7331 wMRED=0.01606106 wER=0.082765 wMAE=0.6240 wBias=-0.0689 condBias=1.2965 dotDrift=-1.700sigma uMRED=0.0016576735 uER=0.117188 uMAE=1.0625 WCE=16 bias=-0.1250
[quad_hard_ste:01600] loss=0.003321 tau=6.00 collapse_w=0.500 mid_frac=0.018 hard=score=0.0013734682 wNMSE=8.8383708e-05 wMSE=6.7331 wMRED=0.01606106 wER=0.082765 wMAE=0.6240 wBias=-0.0689 condBias=1.2965 dotDrift=-1.700sigma uMRED=0.0016576735 uER=0.117188 uMAE=1.0625 WCE=16 bias=-0.1250
[quad_hard_ste:01800] loss=0.003290 tau=6.00 collapse_w=0.500 mid_frac=0.018 hard=score=0.0013734682 wNMSE=8.8383708e-05 wMSE=6.7331 wMRED=0.01606106 wER=0.082765 wMAE=0.6240 wBias=-0.0689 condBias=1.2965 dotDrift=-1.700sigma uMRED=0.0016576735 uER=0.117188 uMAE=1.0625 WCE=16 bias=-0.1250
[quad_hard_ste:02000] loss=0.003266 tau=6.00 collapse_w=0.500 mid_frac=0.018 hard=score=0.0013734682 wNMSE=8.8383708e-05 wMSE=6.7331 wMRED=0.01606106 wER=0.082765 wMAE=0.6240 wBias=-0.0689 condBias=1.2965 dotDrift=-1.700sigma uMRED=0.0016576735 uER=0.117188 uMAE=1.0625 WCE=16 bias=-0.1250
[quad_hard_ste:02200] loss=0.003247 tau=6.00 collapse_w=0.500 mid_frac=0.018 hard=score=0.0013734682 wNMSE=8.8383708e-05 wMSE=6.7331 wMRED=0.01606106 wER=0.082765 wMAE=0.6240 wBias=-0.0689 condBias=1.2965 dotDrift=-1.700sigma uMRED=0.0016576735 uER=0.117188 uMAE=1.0625 WCE=16 bias=-0.1250
[quad_hard_ste:02400] loss=0.003232 tau=6.00 collapse_w=0.500 mid_frac=0.018 hard=score=0.0013734682 wNMSE=8.8383708e-05 wMSE=6.7331 wMRED=0.01606106 wER=0.082765 wMAE=0.6240 wBias=-0.0689 condBias=1.2965 dotDrift=-1.700sigma uMRED=0.0016576735 uER=0.117188 uMAE=1.0625 WCE=16 bias=-0.1250
[quad_hard_ste:02600] loss=0.003220 tau=6.00 collapse_w=0.500 mid_frac=0.018 hard=score=0.0013734682 wNMSE=8.8383708e-05 wMSE=6.7331 wMRED=0.01606106 wER=0.082765 wMAE=0.6240 wBias=-0.0689 condBias=1.2965 dotDrift=-1.700sigma uMRED=0.0016576735 uER=0.117188 uMAE=1.0625 WCE=16 bias=-0.1250
[quad_hard_ste:02800] loss=0.003210 tau=6.00 collapse_w=0.500 mid_frac=0.018 hard=score=0.0013734682 wNMSE=8.8383708e-05 wMSE=6.7331 wMRED=0.01606106 wER=0.082765 wMAE=0.6240 wBias=-0.0689 condBias=1.2965 dotDrift=-1.700sigma uMRED=0.0016576735 uER=0.117188 uMAE=1.0625 WCE=16 bias=-0.1250
[quad_hard_ste:03000] loss=0.003201 tau=6.00 collapse_w=0.500 mid_frac=0.018 hard=score=0.0013734682 wNMSE=8.8383708e-05 wMSE=6.7331 wMRED=0.01606106 wER=0.082765 wMAE=0.6240 wBias=-0.0689 condBias=1.2965 dotDrift=-1.700sigma uMRED=0.0016576735 uER=0.117188 uMAE=1.0625 WCE=16 bias=-0.1250
[quad_hard_ste:03200] loss=0.003194 tau=6.00 collapse_w=0.500 mid_frac=0.018 hard=score=0.0013734682 wNMSE=8.8383708e-05 wMSE=6.7331 wMRED=0.01606106 wER=0.082765 wMAE=0.6240 wBias=-0.0689 condBias=1.2965 dotDrift=-1.700sigma uMRED=0.0016576735 uER=0.117188 uMAE=1.0625 WCE=16 bias=-0.1250
[quad_hard_ste:03400] loss=0.003188 tau=6.00 collapse_w=0.500 mid_frac=0.018 hard=score=0.0013734682 wNMSE=8.8383708e-05 wMSE=6.7331 wMRED=0.01606106 wER=0.082765 wMAE=0.6240 wBias=-0.0689 condBias=1.2965 dotDrift=-1.700sigma uMRED=0.0016576735 uER=0.117188 uMAE=1.0625 WCE=16 bias=-0.1250
[quad_hard_ste:03600] loss=0.003183 tau=6.00 collapse_w=0.500 mid_frac=0.018 hard=score=0.0013734682 wNMSE=8.8383708e-05 wMSE=6.7331 wMRED=0.01606106 wER=0.082765 wMAE=0.6240 wBias=-0.0689 condBias=1.2965 dotDrift=-1.700sigma uMRED=0.0016576735 uER=0.117188 uMAE=1.0625 WCE=16 bias=-0.1250
[quad_hard_ste:03800] loss=0.003179 tau=6.00 collapse_w=0.500 mid_frac=0.018 hard=score=0.0013734682 wNMSE=8.8383708e-05 wMSE=6.7331 wMRED=0.01606106 wER=0.082765 wMAE=0.6240 wBias=-0.0689 condBias=1.2965 dotDrift=-1.700sigma uMRED=0.0016576735 uER=0.117188 uMAE=1.0625 WCE=16 bias=-0.1250
[quad_hard_ste:03999] loss=0.003175 tau=6.00 collapse_w=0.500 mid_frac=0.018 hard=score=0.0013734682 wNMSE=8.8383708e-05 wMSE=6.7331 wMRED=0.01606106 wER=0.082765 wMAE=0.6240 wBias=-0.0689 condBias=1.2965 dotDrift=-1.700sigma uMRED=0.0016576735 uER=0.117188 uMAE=1.0625 WCE=16 bias=-0.1250
[pop00_soft:00000] loss=0.472489 tau=1.50 collapse_w=0.000 mid_frac=0.375 hard=score=9.8579116155 wNMSE=0.10056205 wMSE=7660.8527 wMRED=2.23028194 wER=0.249413 wMAE=40.1628 wBias=13.4204 condBias=43.7257 dotDrift=+9.813sigma uMRED=0.0600711026 uER=0.246094 uMAE=19.2578 WCE=235 bias=-0.5625
[pop00_soft:00200] loss=0.284555 tau=2.25 collapse_w=0.000 mid_frac=0.375 hard=score=7.2200666000 wNMSE=0.045050395 wMSE=3431.9551 wMRED=1.50663219 wER=0.248542 wMAE=25.2425 wBias=-11.5201 condBias=29.2692 dotDrift=-12.585sigma uMRED=0.0454815244 uER=0.242188 uMAE=16.7500 WCE=176 bias=-13.0000
[pop00_soft:00400] loss=0.150945 tau=3.00 collapse_w=0.000 mid_frac=0.339 hard=score=0.6485741370 wNMSE=0.0052669175 wMSE=401.2356 wMRED=0.06335914 wER=0.120022 wMAE=3.7882 wBias=-3.4240 condBias=10.0101 dotDrift=-10.940sigma uMRED=0.0132146678 uER=0.203125 uMAE=9.6250 WCE=160 bias=-9.2500
[pop00_soft:00600] loss=0.045264 tau=3.75 collapse_w=0.000 mid_frac=0.321 hard=score=0.5563630729 wNMSE=0.0051550948 wMSE=392.7170 wMRED=0.06325504 wER=0.118699 wMAE=3.6987 wBias=-3.1643 condBias=9.9034 dotDrift=-10.219sigma uMRED=0.0111911357 uER=0.179688 uMAE=7.6250 WCE=160 bias=-7.0000
[pop00_soft:00800] loss=0.030235 tau=4.50 collapse_w=0.084 mid_frac=0.250 hard=score=0.3403797073 wNMSE=0.003996879 wMSE=304.4837 wMRED=0.04754554 wER=0.094112 wMAE=2.9940 wBias=-2.4596 condBias=8.7204 dotDrift=-9.021sigma uMRED=0.0093671027 uER=0.164062 uMAE=6.5000 WCE=144 bias=-5.8750
[pop00_soft:01000] loss=0.026729 tau=5.25 collapse_w=0.293 mid_frac=0.161 hard=score=0.0119563216 wNMSE=0.00020244092 wMSE=15.4220 wMRED=0.02040673 wER=0.086285 wMAE=0.9367 wBias=-0.4024 condBias=1.9623 dotDrift=-6.557sigma uMRED=0.0033865184 uER=0.144531 uMAE=2.5000 WCE=48 bias=-1.8750
[pop00_soft:01199] loss=0.023141 tau=6.00 collapse_w=0.500 mid_frac=0.161 hard=score=0.0119563216 wNMSE=0.00020244092 wMSE=15.4220 wMRED=0.02040673 wER=0.086285 wMAE=0.9367 wBias=-0.4024 condBias=1.9623 dotDrift=-6.557sigma uMRED=0.0033865184 uER=0.144531 uMAE=2.5000 WCE=48 bias=-1.8750
[pop00_hard:00000] loss=0.029796 tau=6.00 collapse_w=0.500 mid_frac=0.161 hard=score=0.0119563216 wNMSE=0.00020244092 wMSE=15.4220 wMRED=0.02040673 wER=0.086285 wMAE=0.9367 wBias=-0.4024 condBias=1.9623 dotDrift=-6.557sigma uMRED=0.0033865184 uER=0.144531 uMAE=2.5000 WCE=48 bias=-1.8750
[pop00_hard:00200] loss=0.026510 tau=6.00 collapse_w=0.500 mid_frac=0.161 hard=score=0.0119563216 wNMSE=0.00020244092 wMSE=15.4220 wMRED=0.02040673 wER=0.086285 wMAE=0.9367 wBias=-0.4024 condBias=1.9623 dotDrift=-6.557sigma uMRED=0.0033865184 uER=0.144531 uMAE=2.5000 WCE=48 bias=-1.8750
[pop00_hard:00400] loss=0.024877 tau=6.00 collapse_w=0.500 mid_frac=0.161 hard=score=0.0119563216 wNMSE=0.00020244092 wMSE=15.4220 wMRED=0.02040673 wER=0.086285 wMAE=0.9367 wBias=-0.4024 condBias=1.9623 dotDrift=-6.557sigma uMRED=0.0033865184 uER=0.144531 uMAE=2.5000 WCE=48 bias=-1.8750
[pop00_hard:00599] loss=0.023888 tau=6.00 collapse_w=0.500 mid_frac=0.161 hard=score=0.0119563216 wNMSE=0.00020244092 wMSE=15.4220 wMRED=0.02040673 wER=0.086285 wMAE=0.9367 wBias=-0.4024 condBias=1.9623 dotDrift=-6.557sigma uMRED=0.0033865184 uER=0.144531 uMAE=2.5000 WCE=48 bias=-1.8750
[pop00] done (conf=0.53, noise=0.5); global best score=0.0013734682 wNMSE=8.8383708e-05 wMSE=6.7331 wMRED=0.01606106 wER=0.082765 wMAE=0.6240 wBias=-0.0689 condBias=1.2965 dotDrift=-1.700sigma uMRED=0.0016576735 uER=0.117188 uMAE=1.0625 WCE=16 bias=-0.1250
[pop01_soft:00000] loss=0.821946 tau=1.50 collapse_w=0.000 mid_frac=0.518 hard=score=36.4056111421 wNMSE=0.094783841 wMSE=7220.6668 wMRED=1.89971211 wER=0.249340 wMAE=36.5109 wBias=25.9546 condBias=51.9564 dotDrift=+19.548sigma uMRED=0.0575881629 uER=0.246094 uMAE=22.1719 WCE=242 bias=17.9375
[pop01_soft:00200] loss=2.010330 tau=2.25 collapse_w=0.000 mid_frac=0.464 hard=score=4.7375449496 wNMSE=0.060285152 wMSE=4592.5443 wMRED=1.80032537 wER=0.249598 wMAE=30.9753 wBias=9.2814 condBias=33.8552 dotDrift=+8.765sigma uMRED=0.0486893969 uER=0.250000 uMAE=16.5469 WCE=178 bias=-1.3750
[pop01_soft:00400] loss=0.421284 tau=3.00 collapse_w=0.000 mid_frac=0.411 hard=score=0.5712414143 wNMSE=0.061292037 wMSE=4669.2492 wMRED=1.92079342 wER=0.249598 wMAE=31.7498 wBias=-2.9461 condBias=34.1383 dotDrift=-2.759sigma uMRED=0.0550079769 uER=0.250000 uMAE=20.1250 WCE=185 bias=-8.3750
[pop01_soft:00600] loss=0.342778 tau=3.75 collapse_w=0.000 mid_frac=0.411 hard=score=0.4714111699 wNMSE=0.060502043 wMSE=4609.0671 wMRED=1.92175471 wER=0.249598 wMAE=31.5629 wBias=-2.6167 condBias=33.9176 dotDrift=-2.467sigma uMRED=0.0546906893 uER=0.250000 uMAE=19.8750 WCE=184 bias=-8.0000
[pop01_soft:00800] loss=0.266418 tau=4.50 collapse_w=0.084 mid_frac=0.482 hard=score=0.6467522304 wNMSE=0.038276093 wMSE=2915.8864 wMRED=1.48319657 wER=0.249598 wMAE=25.6606 wBias=3.2855 condBias=26.9770 dotDrift=+3.894sigma uMRED=0.0447325932 uER=0.250000 uMAE=17.6250 WCE=128 bias=-5.7500
[pop01_soft:01000] loss=0.213510 tau=5.25 collapse_w=0.293 mid_frac=0.446 hard=score=0.6467522304 wNMSE=0.038276093 wMSE=2915.8864 wMRED=1.48319657 wER=0.249598 wMAE=25.6606 wBias=3.2855 condBias=26.9770 dotDrift=+3.894sigma uMRED=0.0447325932 uER=0.250000 uMAE=17.6250 WCE=128 bias=-5.7500
[pop01_soft:01199] loss=0.166047 tau=6.00 collapse_w=0.500 mid_frac=0.411 hard=score=0.6467522304 wNMSE=0.038276093 wMSE=2915.8864 wMRED=1.48319657 wER=0.249598 wMAE=25.6606 wBias=3.2855 condBias=26.9770 dotDrift=+3.894sigma uMRED=0.0447325932 uER=0.250000 uMAE=17.6250 WCE=128 bias=-5.7500
[pop01_hard:00000] loss=0.752621 tau=6.00 collapse_w=0.500 mid_frac=0.411 hard=score=0.6467522304 wNMSE=0.038276093 wMSE=2915.8864 wMRED=1.48319657 wER=0.249598 wMAE=25.6606 wBias=3.2855 condBias=26.9770 dotDrift=+3.894sigma uMRED=0.0447325932 uER=0.250000 uMAE=17.6250 WCE=128 bias=-5.7500
[pop01_hard:00200] loss=0.749913 tau=6.00 collapse_w=0.500 mid_frac=0.411 hard=score=0.6467522304 wNMSE=0.038276093 wMSE=2915.8864 wMRED=1.48319657 wER=0.249598 wMAE=25.6606 wBias=3.2855 condBias=26.9770 dotDrift=+3.894sigma uMRED=0.0447325932 uER=0.250000 uMAE=17.6250 WCE=128 bias=-5.7500
[pop01_hard:00400] loss=0.498250 tau=6.00 collapse_w=0.500 mid_frac=0.393 hard=score=0.3794929141 wNMSE=0.059018653 wMSE=4496.0620 wMRED=1.88458078 wER=0.249598 wMAE=31.2243 wBias=-2.2781 condBias=33.4992 dotDrift=-2.174sigma uMRED=0.0538745677 uER=0.250000 uMAE=19.6250 WCE=176 bias=-7.7500
[pop01_hard:00599] loss=0.496382 tau=6.00 collapse_w=0.500 mid_frac=0.393 hard=score=0.3794929141 wNMSE=0.059018653 wMSE=4496.0620 wMRED=1.88458078 wER=0.249598 wMAE=31.2243 wBias=-2.2781 condBias=33.4992 dotDrift=-2.174sigma uMRED=0.0538745677 uER=0.250000 uMAE=19.6250 WCE=176 bias=-7.7500
[pop01] done (conf=0.51, noise=1.0); global best score=0.0013734682 wNMSE=8.8383708e-05 wMSE=6.7331 wMRED=0.01606106 wER=0.082765 wMAE=0.6240 wBias=-0.0689 condBias=1.2965 dotDrift=-1.700sigma uMRED=0.0016576735 uER=0.117188 uMAE=1.0625 WCE=16 bias=-0.1250
[pop02_soft:00000] loss=0.383707 tau=1.50 collapse_w=0.000 mid_frac=0.357 hard=score=0.0685122445 wNMSE=0.037261218 wMSE=2838.5729 wMRED=1.49295661 wER=0.249598 wMAE=24.9511 wBias=0.2380 condBias=26.6175 dotDrift=+0.286sigma uMRED=0.0460963257 uER=0.250000 uMAE=18.7344 WCE=146 bias=6.3125
[pop02_soft:00200] loss=0.207452 tau=2.25 collapse_w=0.000 mid_frac=0.268 hard=score=8.1066647677 wNMSE=0.020005449 wMSE=1524.0222 wMRED=0.83757606 wER=0.189379 wMAE=13.4501 wBias=-12.2453 condBias=24.5116 dotDrift=-20.075sigma uMRED=0.0282619048 uER=0.234375 uMAE=11.7812 WCE=130 bias=-7.5000
[pop02_soft:00400] loss=0.055686 tau=3.00 collapse_w=0.000 mid_frac=0.125 hard=score=0.4563850045 wNMSE=0.0079864456 wMSE=608.4103 wMRED=0.44921665 wER=0.159629 wMAE=8.7860 wBias=2.8479 condBias=12.3252 dotDrift=+7.389sigma uMRED=0.0239841885 uER=0.230469 uMAE=13.8125 WCE=128 bias=-9.5000
[pop02_soft:00600] loss=0.028404 tau=3.75 collapse_w=0.000 mid_frac=0.107 hard=score=0.0181313319 wNMSE=0.00096069593 wMSE=73.1862 wMRED=0.03423445 wER=0.098668 wMAE=1.9244 wBias=0.4869 condBias=4.2747 dotDrift=+3.643sigma uMRED=0.0053984968 uER=0.144531 uMAE=3.5625 WCE=64 bias=1.1250
[pop02_soft:00800] loss=0.022893 tau=4.50 collapse_w=0.084 mid_frac=0.107 hard=score=0.0395064328 wNMSE=0.00082565444 wMSE=62.8986 wMRED=0.02967527 wER=0.090592 wMAE=1.6125 wBias=0.7989 condBias=3.9631 dotDrift=+6.447sigma uMRED=0.0046054904 uER=0.136719 uMAE=3.0625 WCE=64 bias=1.6250
[pop02_soft:01000] loss=0.021870 tau=5.25 collapse_w=0.293 mid_frac=0.054 hard=score=0.0181313319 wNMSE=0.00096069593 wMSE=73.1862 wMRED=0.03423445 wER=0.098668 wMAE=1.9244 wBias=0.4869 condBias=4.2747 dotDrift=+3.643sigma uMRED=0.0053984968 uER=0.144531 uMAE=3.5625 WCE=64 bias=1.1250
[pop02_soft:01199] loss=0.017325 tau=6.00 collapse_w=0.500 mid_frac=0.054 hard=score=0.0181313319 wNMSE=0.00096069593 wMSE=73.1862 wMRED=0.03423445 wER=0.098668 wMAE=1.9244 wBias=0.4869 condBias=4.2747 dotDrift=+3.643sigma uMRED=0.0053984968 uER=0.144531 uMAE=3.5625 WCE=64 bias=1.1250
[pop02_hard:00000] loss=0.029331 tau=6.00 collapse_w=0.500 mid_frac=0.054 hard=score=0.0181313319 wNMSE=0.00096069593 wMSE=73.1862 wMRED=0.03423445 wER=0.098668 wMAE=1.9244 wBias=0.4869 condBias=4.2747 dotDrift=+3.643sigma uMRED=0.0053984968 uER=0.144531 uMAE=3.5625 WCE=64 bias=1.1250
[pop02_hard:00200] loss=0.030840 tau=6.00 collapse_w=0.500 mid_frac=0.054 hard=score=0.0181313319 wNMSE=0.00096069593 wMSE=73.1862 wMRED=0.03423445 wER=0.098668 wMAE=1.9244 wBias=0.4869 condBias=4.2747 dotDrift=+3.643sigma uMRED=0.0053984968 uER=0.144531 uMAE=3.5625 WCE=64 bias=1.1250
[pop02_hard:00400] loss=0.148047 tau=6.00 collapse_w=0.500 mid_frac=0.054 hard=score=0.1395504136 wNMSE=0.0012984379 wMSE=98.9155 wMRED=0.03734413 wER=0.098668 wMAE=2.1254 wBias=-1.5703 condBias=4.9701 dotDrift=-10.105sigma uMRED=0.0058298428 uER=0.144531 uMAE=3.8125 WCE=80 bias=-2.8750
[pop02_hard:00599] loss=0.146416 tau=6.00 collapse_w=0.500 mid_frac=0.054 hard=score=0.1395504136 wNMSE=0.0012984379 wMSE=98.9155 wMRED=0.03734413 wER=0.098668 wMAE=2.1254 wBias=-1.5703 condBias=4.9701 dotDrift=-10.105sigma uMRED=0.0058298428 uER=0.144531 uMAE=3.8125 WCE=80 bias=-2.8750
[pop02] done (conf=0.53, noise=0.5); global best score=0.0013734682 wNMSE=8.8383708e-05 wMSE=6.7331 wMRED=0.01606106 wER=0.082765 wMAE=0.6240 wBias=-0.0689 condBias=1.2965 dotDrift=-1.700sigma uMRED=0.0016576735 uER=0.117188 uMAE=1.0625 WCE=16 bias=-0.1250
[pop03_soft:00000] loss=0.479556 tau=1.50 collapse_w=0.000 mid_frac=0.411 hard=score=10.0915804553 wNMSE=0.01807226 wMSE=1376.7512 wMRED=0.65248505 wER=0.249598 wMAE=15.0517 wBias=13.6707 condBias=27.3643 dotDrift=+23.580sigma uMRED=0.0278751774 uER=0.250000 uMAE=13.9688 WCE=132 bias=11.5625
[pop03_soft:00200] loss=0.331272 tau=2.25 collapse_w=0.000 mid_frac=0.464 hard=score=8.0566742012 wNMSE=0.047241926 wMSE=3598.9068 wMRED=1.56027348 wER=0.249598 wMAE=25.7548 wBias=-12.1731 condBias=29.9725 dotDrift=-12.987sigma uMRED=0.0498964293 uER=0.250000 uMAE=20.3438 WCE=188 bias=-15.6875
[pop03_soft:00400] loss=0.254382 tau=3.00 collapse_w=0.000 mid_frac=0.429 hard=score=0.0355604425 wNMSE=0.013323444 wMSE=1014.9847 wMRED=0.72324335 wER=0.248542 wMAE=14.1864 wBias=-0.3204 condBias=15.9177 dotDrift=-0.644sigma uMRED=0.0301472176 uER=0.242188 uMAE=15.5000 WCE=160 bias=-11.4375
[pop03_soft:00600] loss=0.164867 tau=3.75 collapse_w=0.000 mid_frac=0.411 hard=score=0.6734164836 wNMSE=0.0079796086 wMSE=607.8894 wMRED=0.50931921 wER=0.238519 wMAE=10.3897 wBias=3.4900 condBias=12.3177 dotDrift=+9.059sigma uMRED=0.0226053708 uER=0.234375 uMAE=12.5078 WCE=96 bias=-8.4375
[pop03_soft:00800] loss=0.112843 tau=4.50 collapse_w=0.084 mid_frac=0.375 hard=score=1.2415288606 wNMSE=0.007876313 wMSE=600.0203 wMRED=0.42801651 wER=0.225002 wMAE=9.7598 wBias=4.7669 condBias=12.2377 dotDrift=+12.455sigma uMRED=0.0219503737 uER=0.234375 uMAE=12.9844 WCE=112 bias=-8.5625
[pop03_soft:01000] loss=0.083636 tau=5.25 collapse_w=0.293 mid_frac=0.375 hard=score=0.3775045148 wNMSE=0.0024622435 wMSE=187.5746 wMRED=0.06862271 wER=0.170219 wMAE=3.3153 wBias=-2.6113 condBias=6.8438 dotDrift=-12.203sigma uMRED=0.0145086218 uER=0.226562 uMAE=11.4062 WCE=112 bias=-10.5625
[pop03_soft:01199] loss=0.067303 tau=6.00 collapse_w=0.500 mid_frac=0.393 hard=score=0.3775045148 wNMSE=0.0024622435 wMSE=187.5746 wMRED=0.06862271 wER=0.170219 wMAE=3.3153 wBias=-2.6113 condBias=6.8438 dotDrift=-12.203sigma uMRED=0.0145086218 uER=0.226562 uMAE=11.4062 WCE=112 bias=-10.5625
[pop03_hard:00000] loss=0.407888 tau=6.00 collapse_w=0.500 mid_frac=0.393 hard=score=0.3775045148 wNMSE=0.0024622435 wMSE=187.5746 wMRED=0.06862271 wER=0.170219 wMAE=3.3153 wBias=-2.6113 condBias=6.8438 dotDrift=-12.203sigma uMRED=0.0145086218 uER=0.226562 uMAE=11.4062 WCE=112 bias=-10.5625
[pop03_hard:00200] loss=0.406281 tau=6.00 collapse_w=0.500 mid_frac=0.393 hard=score=0.3775045148 wNMSE=0.0024622435 wMSE=187.5746 wMRED=0.06862271 wER=0.170219 wMAE=3.3153 wBias=-2.6113 condBias=6.8438 dotDrift=-12.203sigma uMRED=0.0145086218 uER=0.226562 uMAE=11.4062 WCE=112 bias=-10.5625
[pop03_hard:00400] loss=0.404810 tau=6.00 collapse_w=0.500 mid_frac=0.393 hard=score=0.3775045148 wNMSE=0.0024622435 wMSE=187.5746 wMRED=0.06862271 wER=0.170219 wMAE=3.3153 wBias=-2.6113 condBias=6.8438 dotDrift=-12.203sigma uMRED=0.0145086218 uER=0.226562 uMAE=11.4062 WCE=112 bias=-10.5625
[pop03_hard:00599] loss=1.286863 tau=6.00 collapse_w=0.500 mid_frac=0.393 hard=score=1.2415288606 wNMSE=0.007876313 wMSE=600.0203 wMRED=0.42801651 wER=0.225002 wMAE=9.7598 wBias=4.7669 condBias=12.2377 dotDrift=+12.455sigma uMRED=0.0219503737 uER=0.234375 uMAE=12.9844 WCE=112 bias=-8.5625
[pop03] done (conf=0.51, noise=1.0); global best score=0.0013734682 wNMSE=8.8383708e-05 wMSE=6.7331 wMRED=0.01606106 wER=0.082765 wMAE=0.6240 wBias=-0.0689 condBias=1.2965 dotDrift=-1.700sigma uMRED=0.0016576735 uER=0.117188 uMAE=1.0625 WCE=16 bias=-0.1250
[pop04_soft:00000] loss=0.266108 tau=1.50 collapse_w=0.000 mid_frac=0.321 hard=score=1.8484627581 wNMSE=0.0068644485 wMSE=522.9361 wMRED=0.45488172 wER=0.248542 wMAE=8.0840 wBias=5.8313 condBias=11.6721 dotDrift=+16.320sigma uMRED=0.0235490638 uER=0.242188 uMAE=14.1562 WCE=136 bias=6.3125
[pop04_soft:00200] loss=0.104588 tau=2.25 collapse_w=0.000 mid_frac=0.286 hard=score=1.3797236304 wNMSE=0.006523446 wMSE=496.9584 wMRED=0.15237336 wER=0.175954 wMAE=5.4360 wBias=-5.0280 condBias=11.1406 dotDrift=-14.435sigma uMRED=0.0228996227 uER=0.234375 uMAE=17.3750 WCE=156 bias=-9.6250
[pop04_soft:00400] loss=0.050553 tau=3.00 collapse_w=0.000 mid_frac=0.339 hard=score=0.9283757024 wNMSE=0.0047133887 wMSE=359.0676 wMRED=0.14262842 wER=0.163674 wMAE=4.5542 wBias=-4.1184 condBias=9.4691 dotDrift=-13.910sigma uMRED=0.0175943722 uER=0.210938 uMAE=12.9375 WCE=140 bias=-4.8750
[pop04_soft:00600] loss=0.029409 tau=3.75 collapse_w=0.000 mid_frac=0.232 hard=score=0.0783051457 wNMSE=0.00064258602 wMSE=48.9524 wMRED=0.03106531 wER=0.099456 wMAE=1.7024 wBias=-1.1681 condBias=3.4962 dotDrift=-10.685sigma uMRED=0.0060576682 uER=0.160156 uMAE=4.5000 WCE=64 bias=-3.8750
[pop04_soft:00800] loss=0.024155 tau=4.50 collapse_w=0.084 mid_frac=0.196 hard=score=0.0441249986 wNMSE=0.00050754452 wMSE=38.6649 wMRED=0.02650614 wER=0.091379 wMAE=1.3905 wBias=-0.8561 condBias=3.1075 dotDrift=-8.812sigma uMRED=0.0052646619 uER=0.152344 uMAE=4.0000 WCE=64 bias=-3.3750
[pop04_soft:01000] loss=0.022416 tau=5.25 collapse_w=0.293 mid_frac=0.089 hard=score=0.0305648387 wNMSE=0.00042112454 wMSE=32.0814 wMRED=0.02335165 wER=0.091379 wMAE=1.2296 wBias=-0.6953 condBias=2.8305 dotDrift=-7.856sigma uMRED=0.0048757911 uER=0.152344 uMAE=3.7500 WCE=64 bias=-3.1250
[pop04_soft:01199] loss=0.018158 tau=6.00 collapse_w=0.500 mid_frac=0.089 hard=score=0.0305648387 wNMSE=0.00042112454 wMSE=32.0814 wMRED=0.02335165 wER=0.091379 wMAE=1.2296 wBias=-0.6953 condBias=2.8305 dotDrift=-7.856sigma uMRED=0.0048757911 uER=0.152344 uMAE=3.7500 WCE=64 bias=-3.1250
[pop04_hard:00000] loss=0.043227 tau=6.00 collapse_w=0.500 mid_frac=0.089 hard=score=0.0305648387 wNMSE=0.00042112454 wMSE=32.0814 wMRED=0.02335165 wER=0.091379 wMAE=1.2296 wBias=-0.6953 condBias=2.8305 dotDrift=-7.856sigma uMRED=0.0048757911 uER=0.152344 uMAE=3.7500 WCE=64 bias=-3.1250
[pop04_hard:00200] loss=0.040242 tau=6.00 collapse_w=0.500 mid_frac=0.089 hard=score=0.0305648387 wNMSE=0.00042112454 wMSE=32.0814 wMRED=0.02335165 wER=0.091379 wMAE=1.2296 wBias=-0.6953 condBias=2.8305 dotDrift=-7.856sigma uMRED=0.0048757911 uER=0.152344 uMAE=3.7500 WCE=64 bias=-3.1250
[pop04_hard:00400] loss=0.038626 tau=6.00 collapse_w=0.500 mid_frac=0.089 hard=score=0.0305648387 wNMSE=0.00042112454 wMSE=32.0814 wMRED=0.02335165 wER=0.091379 wMAE=1.2296 wBias=-0.6953 condBias=2.8305 dotDrift=-7.856sigma uMRED=0.0048757911 uER=0.152344 uMAE=3.7500 WCE=64 bias=-3.1250
[pop04_hard:00599] loss=0.038714 tau=6.00 collapse_w=0.500 mid_frac=0.089 hard=score=0.0305648387 wNMSE=0.00042112454 wMSE=32.0814 wMRED=0.02335165 wER=0.091379 wMAE=1.2296 wBias=-0.6953 condBias=2.8305 dotDrift=-7.856sigma uMRED=0.0048757911 uER=0.152344 uMAE=3.7500 WCE=64 bias=-3.1250
[pop04] done (conf=0.53, noise=0.5); global best score=0.0013734682 wNMSE=8.8383708e-05 wMSE=6.7331 wMRED=0.01606106 wER=0.082765 wMAE=0.6240 wBias=-0.0689 condBias=1.2965 dotDrift=-1.700sigma uMRED=0.0016576735 uER=0.117188 uMAE=1.0625 WCE=16 bias=-0.1250
[pop05_soft:00000] loss=0.368172 tau=1.50 collapse_w=0.000 mid_frac=0.321 hard=score=10.1284191201 wNMSE=0.017332856 wMSE=1320.4231 wMRED=0.68687660 wER=0.241133 wMAE=14.4660 wBias=13.6962 condBias=27.4162 dotDrift=+24.123sigma uMRED=0.0290221788 uER=0.246094 uMAE=15.7656 WCE=138 bias=13.4375
[pop05_soft:00200] loss=0.195057 tau=2.25 collapse_w=0.000 mid_frac=0.304 hard=score=0.1415769083 wNMSE=0.0011414539 wMSE=86.9564 wMRED=0.08773337 wER=0.238172 wMAE=2.3367 wBias=-1.5678 condBias=4.6606 dotDrift=-10.760sigma uMRED=0.0121634624 uER=0.242188 uMAE=9.6953 WCE=124 bias=-5.9375
[pop05_soft:00400] loss=0.112497 tau=3.00 collapse_w=0.000 mid_frac=0.321 hard=score=0.7543090911 wNMSE=0.004403117 wMSE=335.4310 wMRED=0.09437395 wER=0.206494 wMAE=4.2914 wBias=-3.7074 condBias=9.1529 dotDrift=-12.955sigma uMRED=0.0177295383 uER=0.238281 uMAE=13.5469 WCE=132 bias=-10.2500
[pop05_soft:00600] loss=0.055803 tau=3.75 collapse_w=0.000 mid_frac=0.321 hard=score=0.0858069991 wNMSE=0.0012801778 wMSE=97.5244 wMRED=0.04527572 wER=0.141139 wMAE=2.4030 wBias=-1.1964 condBias=4.9355 dotDrift=-7.753sigma uMRED=0.0127482033 uER=0.226562 uMAE=10.5000 WCE=112 bias=-5.6250
[pop05_soft:00800] loss=0.036454 tau=4.50 collapse_w=0.084 mid_frac=0.339 hard=score=0.0542273818 wNMSE=0.0012604745 wMSE=96.0234 wMRED=0.03978934 wER=0.122279 wMAE=2.2494 wBias=-0.9192 condBias=4.8973 dotDrift=-6.004sigma uMRED=0.0124271112 uER=0.218750 uMAE=10.3125 WCE=112 bias=-5.2500
[pop05_soft:01000] loss=0.034480 tau=5.25 collapse_w=0.293 mid_frac=0.250 hard=score=0.0485498114 wNMSE=0.00098348701 wMSE=74.9224 wMRED=0.03183781 wER=0.118626 wMAE=1.6803 wBias=-0.8645 condBias=4.3263 dotDrift=-6.392sigma uMRED=0.0108865318 uER=0.214844 uMAE=9.3125 WCE=112 bias=-5.2500
[pop05_soft:01199] loss=0.032054 tau=6.00 collapse_w=0.500 mid_frac=0.196 hard=score=0.0485498114 wNMSE=0.00098348701 wMSE=74.9224 wMRED=0.03183781 wER=0.118626 wMAE=1.6803 wBias=-0.8645 condBias=4.3263 dotDrift=-6.392sigma uMRED=0.0108865318 uER=0.214844 uMAE=9.3125 WCE=112 bias=-5.2500
[pop05_hard:00000] loss=0.070811 tau=6.00 collapse_w=0.500 mid_frac=0.196 hard=score=0.0485498114 wNMSE=0.00098348701 wMSE=74.9224 wMRED=0.03183781 wER=0.118626 wMAE=1.6803 wBias=-0.8645 condBias=4.3263 dotDrift=-6.392sigma uMRED=0.0108865318 uER=0.214844 uMAE=9.3125 WCE=112 bias=-5.2500
[pop05_hard:00200] loss=0.066444 tau=6.00 collapse_w=0.500 mid_frac=0.196 hard=score=0.0485498114 wNMSE=0.00098348701 wMSE=74.9224 wMRED=0.03183781 wER=0.118626 wMAE=1.6803 wBias=-0.8645 condBias=4.3263 dotDrift=-6.392sigma uMRED=0.0108865318 uER=0.214844 uMAE=9.3125 WCE=112 bias=-5.2500
[pop05_hard:00400] loss=0.064062 tau=6.00 collapse_w=0.500 mid_frac=0.196 hard=score=0.0485498114 wNMSE=0.00098348701 wMSE=74.9224 wMRED=0.03183781 wER=0.118626 wMAE=1.6803 wBias=-0.8645 condBias=4.3263 dotDrift=-6.392sigma uMRED=0.0108865318 uER=0.214844 uMAE=9.3125 WCE=112 bias=-5.2500
[pop05_hard:00599] loss=0.062486 tau=6.00 collapse_w=0.500 mid_frac=0.196 hard=score=0.0485498114 wNMSE=0.00098348701 wMSE=74.9224 wMRED=0.03183781 wER=0.118626 wMAE=1.6803 wBias=-0.8645 condBias=4.3263 dotDrift=-6.392sigma uMRED=0.0108865318 uER=0.214844 uMAE=9.3125 WCE=112 bias=-5.2500
[pop05] done (conf=0.51, noise=1.0); global best score=0.0013734682 wNMSE=8.8383708e-05 wMSE=6.7331 wMRED=0.01606106 wER=0.082765 wMAE=0.6240 wBias=-0.0689 condBias=1.2965 dotDrift=-1.700sigma uMRED=0.0016576735 uER=0.117188 uMAE=1.0625 WCE=16 bias=-0.1250
[pop06_soft:00000] loss=0.623350 tau=1.50 collapse_w=0.000 mid_frac=0.375 hard=score=31.6816550213 wNMSE=0.065651645 wMSE=5001.3657 wMRED=1.34323003 wER=0.236376 wMAE=25.8897 wBias=24.2219 condBias=48.4882 dotDrift=+21.920sigma uMRED=0.0358774118 uER=0.242188 uMAE=11.9219 WCE=213 bias=9.4375
[pop06_soft:00200] loss=0.281773 tau=2.25 collapse_w=0.000 mid_frac=0.339 hard=score=22.8640193643 wNMSE=0.044399311 wMSE=3382.3554 wMRED=1.23700734 wER=0.216412 wMAE=20.5780 wBias=-20.5780 condBias=41.1916 dotDrift=-22.645sigma uMRED=0.0483536890 uER=0.246094 uMAE=23.3750 WCE=189 bias=-23.3750
[pop06_soft:00400] loss=0.195789 tau=3.00 collapse_w=0.000 mid_frac=0.321 hard=score=21.7616007945 wNMSE=0.042756585 wMSE=3257.2119 wMRED=1.20217395 wER=0.194815 wMAE=20.0753 wBias=-20.0753 condBias=40.1853 dotDrift=-22.512sigma uMRED=0.0472048791 uER=0.242188 uMAE=22.8750 WCE=184 bias=-22.8750
[pop06_soft:00600] loss=0.092540 tau=3.75 collapse_w=0.000 mid_frac=0.321 hard=score=1.1693835217 wNMSE=0.0067705828 wMSE=515.7854 wMRED=0.10331518 wER=0.162810 wMAE=4.9967 wBias=-4.6212 condBias=11.3498 dotDrift=-13.023sigma uMRED=0.0222838822 uER=0.230469 uMAE=17.4062 WCE=164 bias=-17.1250
[pop06_soft:00800] loss=0.044220 tau=4.50 collapse_w=0.084 mid_frac=0.304 hard=score=1.1171480868 wNMSE=0.0065686751 wMSE=500.4040 wMRED=0.10274304 wER=0.162810 wMAE=4.8911 wBias=-4.5156 condBias=11.1795 dotDrift=-12.919sigma uMRED=0.0202476746 uER=0.230469 uMAE=15.4062 WCE=164 bias=-15.1250
[pop06_soft:01000] loss=0.042394 tau=5.25 collapse_w=0.293 mid_frac=0.286 hard=score=0.8553329901 wNMSE=0.0054340254 wMSE=413.9660 wMRED=0.09479151 wER=0.154734 wMAE=4.3220 wBias=-3.9465 condBias=10.1684 dotDrift=-12.414sigma uMRED=0.0187070953 uER=0.222656 uMAE=14.4062 WCE=148 bias=-14.1250
[pop06_soft:01199] loss=0.040333 tau=6.00 collapse_w=0.500 mid_frac=0.286 hard=score=0.8553329901 wNMSE=0.0054340254 wMSE=413.9660 wMRED=0.09479151 wER=0.154734 wMAE=4.3220 wBias=-3.9465 condBias=10.1684 dotDrift=-12.414sigma uMRED=0.0187070953 uER=0.222656 uMAE=14.4062 WCE=148 bias=-14.1250
[pop06_hard:00000] loss=0.883197 tau=6.00 collapse_w=0.500 mid_frac=0.286 hard=score=0.8553329901 wNMSE=0.0054340254 wMSE=413.9660 wMRED=0.09479151 wER=0.154734 wMAE=4.3220 wBias=-3.9465 condBias=10.1684 dotDrift=-12.414sigma uMRED=0.0187070953 uER=0.222656 uMAE=14.4062 WCE=148 bias=-14.1250
[pop06_hard:00200] loss=0.674740 tau=6.00 collapse_w=0.500 mid_frac=0.268 hard=score=0.6478891800 wNMSE=0.0037753958 wMSE=287.6110 wMRED=0.08800681 wER=0.154734 wMAE=3.8077 wBias=-3.4322 condBias=8.4758 dotDrift=-12.952sigma uMRED=0.0172119492 uER=0.222656 uMAE=13.4062 WCE=136 bias=-13.1250
[pop06_hard:00400] loss=0.075175 tau=6.00 collapse_w=0.500 mid_frac=0.250 hard=score=0.0476883796 wNMSE=0.00063204736 wMSE=48.1496 wMRED=0.06572680 wER=0.153260 wMAE=1.9547 wBias=-0.8765 condBias=3.4675 dotDrift=-8.084sigma uMRED=0.0091879479 uER=0.210938 uMAE=7.1875 WCE=88 bias=-5.1250
[pop06_hard:00599] loss=0.055280 tau=6.00 collapse_w=0.500 mid_frac=0.250 hard=score=0.0312097109 wNMSE=0.00062916977 wMSE=47.9304 wMRED=0.06099003 wER=0.134400 wMAE=1.8286 wBias=-0.6798 condBias=3.4595 dotDrift=-6.285sigma uMRED=0.0089513557 uER=0.203125 uMAE=7.0625 WCE=88 bias=-4.8750
[pop06] done (conf=0.53, noise=0.5); global best score=0.0013734682 wNMSE=8.8383708e-05 wMSE=6.7331 wMRED=0.01606106 wER=0.082765 wMAE=0.6240 wBias=-0.0689 condBias=1.2965 dotDrift=-1.700sigma uMRED=0.0016576735 uER=0.117188 uMAE=1.0625 WCE=16 bias=-0.1250
[pop07_soft:00000] loss=0.497251 tau=1.50 collapse_w=0.000 mid_frac=0.375 hard=score=8.6703670409 wNMSE=0.092245438 wMSE=7027.2903 wMRED=2.24592553 wER=0.249598 wMAE=38.5273 wBias=12.5815 condBias=41.8784 dotDrift=+9.605sigma uMRED=0.0619616284 uER=0.250000 uMAE=21.9844 WCE=214 bias=7.2500
[pop07_soft:00200] loss=0.373232 tau=2.25 collapse_w=0.000 mid_frac=0.375 hard=score=3.9591166219 wNMSE=0.080324126 wMSE=6119.1205 wMRED=2.12781876 wER=0.249598 wMAE=36.4401 wBias=8.4317 condBias=39.0792 dotDrift=+6.898sigma uMRED=0.0606462911 uER=0.250000 uMAE=22.5000 WCE=196 bias=-8.2500
[pop07_soft:00400] loss=0.290802 tau=3.00 collapse_w=0.000 mid_frac=0.357 hard=score=9.9199736122 wNMSE=0.025917594 wMSE=1974.4115 wMRED=0.98547116 wER=0.249598 wMAE=15.2645 wBias=-13.5446 condBias=27.1117 dotDrift=-19.509sigma uMRED=0.0356384217 uER=0.250000 uMAE=16.8125 WCE=152 bias=-14.1250
[pop07_soft:00600] loss=0.190941 tau=3.75 collapse_w=0.000 mid_frac=0.411 hard=score=7.1223808228 wNMSE=0.0192952 wMSE=1469.9152 wMRED=0.84078717 wER=0.241521 wMAE=13.2303 wBias=-11.4751 condBias=22.9691 dotDrift=-19.155sigma uMRED=0.0318345223 uER=0.242188 uMAE=15.6250 WCE=128 bias=-12.8750
[pop07_soft:00800] loss=0.133277 tau=4.50 collapse_w=0.084 mid_frac=0.429 hard=score=5.9946152101 wNMSE=0.018869479 wMSE=1437.4836 wMRED=0.83591685 wER=0.220823 wMAE=12.8969 wBias=-10.5228 condBias=21.0631 dotDrift=-17.763sigma uMRED=0.0282387805 uER=0.222656 uMAE=12.3750 WCE=128 bias=-8.1250
[pop07_soft:01000] loss=0.107152 tau=5.25 collapse_w=0.293 mid_frac=0.375 hard=score=5.7972016890 wNMSE=0.018477859 wMSE=1407.6499 wMRED=0.83197900 wER=0.217869 wMAE=12.7342 wBias=-10.3476 condBias=20.7122 dotDrift=-17.651sigma uMRED=0.0279727141 uER=0.218750 uMAE=12.2500 WCE=128 bias=-7.8750
[pop07_soft:01199] loss=0.084264 tau=6.00 collapse_w=0.500 mid_frac=0.375 hard=score=5.7972016890 wNMSE=0.018477859 wMSE=1407.6499 wMRED=0.83197900 wER=0.217869 wMAE=12.7342 wBias=-10.3476 condBias=20.7122 dotDrift=-17.651sigma uMRED=0.0279727141 uER=0.218750 uMAE=12.2500 WCE=128 bias=-7.8750
[pop07_hard:00000] loss=5.861627 tau=6.00 collapse_w=0.500 mid_frac=0.375 hard=score=5.7972016890 wNMSE=0.018477859 wMSE=1407.6499 wMRED=0.83197900 wER=0.217869 wMAE=12.7342 wBias=-10.3476 condBias=20.7122 dotDrift=-17.651sigma uMRED=0.0279727141 uER=0.218750 uMAE=12.2500 WCE=128 bias=-7.8750
[pop07_hard:00200] loss=5.860311 tau=6.00 collapse_w=0.500 mid_frac=0.375 hard=score=5.7972016890 wNMSE=0.018477859 wMSE=1407.6499 wMRED=0.83197900 wER=0.217869 wMAE=12.7342 wBias=-10.3476 condBias=20.7122 dotDrift=-17.651sigma uMRED=0.0279727141 uER=0.218750 uMAE=12.2500 WCE=128 bias=-7.8750
[pop07_hard:00400] loss=5.861931 tau=6.00 collapse_w=0.500 mid_frac=0.375 hard=score=5.7972016890 wNMSE=0.018477859 wMSE=1407.6499 wMRED=0.83197900 wER=0.217869 wMAE=12.7342 wBias=-10.3476 condBias=20.7122 dotDrift=-17.651sigma uMRED=0.0279727141 uER=0.218750 uMAE=12.2500 WCE=128 bias=-7.8750
[pop07_hard:00599] loss=5.236856 tau=6.00 collapse_w=0.500 mid_frac=0.339 hard=score=1.4120128956 wNMSE=0.043253733 wMSE=3295.0848 wMRED=1.59703404 wER=0.236729 wMAE=27.0415 wBias=4.9872 condBias=28.6774 dotDrift=+5.560sigma uMRED=0.0456051892 uER=0.226562 uMAE=16.8125 WCE=132 bias=0.1250
[pop07] done (conf=0.51, noise=1.0); global best score=0.0013734682 wNMSE=8.8383708e-05 wMSE=6.7331 wMRED=0.01606106 wER=0.082765 wMAE=0.6240 wBias=-0.0689 condBias=1.2965 dotDrift=-1.700sigma uMRED=0.0016576735 uER=0.117188 uMAE=1.0625 WCE=16 bias=-0.1250
[pop08_soft:00000] loss=0.404704 tau=1.50 collapse_w=0.000 mid_frac=0.268 hard=score=0.1711797618 wNMSE=0.049925486 wMSE=3803.3413 wMRED=1.75530688 wER=0.249598 wMAE=28.7358 wBias=1.2632 condBias=30.8100 dotDrift=+1.311sigma uMRED=0.0472803707 uER=0.250000 uMAE=16.0156 WCE=157 bias=1.7500
[pop08_soft:00200] loss=0.218707 tau=2.25 collapse_w=0.000 mid_frac=0.304 hard=score=7.3770144505 wNMSE=0.018607409 wMSE=1417.5191 wMRED=0.82069189 wER=0.168696 wMAE=12.4618 wBias=-11.6803 condBias=23.3805 dotDrift=-19.855sigma uMRED=0.0269247783 uER=0.203125 uMAE=11.3750 WCE=128 bias=-5.0000
[pop08_soft:00400] loss=0.060148 tau=3.00 collapse_w=0.000 mid_frac=0.214 hard=score=0.9519932840 wNMSE=0.0063285049 wMSE=482.1078 wMRED=0.43872647 wER=0.166082 wMAE=7.4665 wBias=4.1675 condBias=10.9711 dotDrift=+12.147sigma uMRED=0.0188700703 uER=0.187500 uMAE=9.9375 WCE=128 bias=-5.6250
[pop08_soft:00600] loss=0.033095 tau=3.75 collapse_w=0.000 mid_frac=0.161 hard=score=1.4979410097 wNMSE=0.0052637285 wMSE=400.9927 wMRED=0.42217699 wER=0.136441 wMAE=6.4289 wBias=5.2535 condBias=10.5157 dotDrift=+16.790sigma uMRED=0.0113829542 uER=0.132812 uMAE=3.4375 WCE=80 bias=1.5000
[pop08_soft:00800] loss=0.025514 tau=4.50 collapse_w=0.084 mid_frac=0.089 hard=score=0.0040231395 wNMSE=0.00013035136 wMSE=9.9302 wMRED=0.01921555 wER=0.082765 wMAE=0.7848 wBias=-0.2298 condBias=1.5746 dotDrift=-4.667sigma uMRED=0.0020465443 uER=0.117188 uMAE=1.3125 WCE=16 bias=-0.3750
[pop08_soft:01000] loss=0.020116 tau=5.25 collapse_w=0.293 mid_frac=0.036 hard=score=0.0040231395 wNMSE=0.00013035136 wMSE=9.9302 wMRED=0.01921555 wER=0.082765 wMAE=0.7848 wBias=-0.2298 condBias=1.5746 dotDrift=-4.667sigma uMRED=0.0020465443 uER=0.117188 uMAE=1.3125 WCE=16 bias=-0.3750
[pop08_soft:01199] loss=0.013923 tau=6.00 collapse_w=0.500 mid_frac=0.036 hard=score=0.0040231395 wNMSE=0.00013035136 wMSE=9.9302 wMRED=0.01921555 wER=0.082765 wMAE=0.7848 wBias=-0.2298 condBias=1.5746 dotDrift=-4.667sigma uMRED=0.0020465443 uER=0.117188 uMAE=1.3125 WCE=16 bias=-0.3750
[pop08_hard:00000] loss=0.014185 tau=6.00 collapse_w=0.500 mid_frac=0.036 hard=score=0.0040231395 wNMSE=0.00013035136 wMSE=9.9302 wMRED=0.01921555 wER=0.082765 wMAE=0.7848 wBias=-0.2298 condBias=1.5746 dotDrift=-4.667sigma uMRED=0.0020465443 uER=0.117188 uMAE=1.3125 WCE=16 bias=-0.3750
[pop08_hard:00200] loss=0.011675 tau=6.00 collapse_w=0.500 mid_frac=0.036 hard=score=0.0040231395 wNMSE=0.00013035136 wMSE=9.9302 wMRED=0.01921555 wER=0.082765 wMAE=0.7848 wBias=-0.2298 condBias=1.5746 dotDrift=-4.667sigma uMRED=0.0020465443 uER=0.117188 uMAE=1.3125 WCE=16 bias=-0.3750
[pop08_hard:00400] loss=0.010239 tau=6.00 collapse_w=0.500 mid_frac=0.036 hard=score=0.0040231395 wNMSE=0.00013035136 wMSE=9.9302 wMRED=0.01921555 wER=0.082765 wMAE=0.7848 wBias=-0.2298 condBias=1.5746 dotDrift=-4.667sigma uMRED=0.0020465443 uER=0.117188 uMAE=1.3125 WCE=16 bias=-0.3750
[pop08_hard:00599] loss=0.009347 tau=6.00 collapse_w=0.500 mid_frac=0.036 hard=score=0.0040231395 wNMSE=0.00013035136 wMSE=9.9302 wMRED=0.01921555 wER=0.082765 wMAE=0.7848 wBias=-0.2298 condBias=1.5746 dotDrift=-4.667sigma uMRED=0.0020465443 uER=0.117188 uMAE=1.3125 WCE=16 bias=-0.3750
[pop08] done (conf=0.53, noise=0.5); global best score=0.0013734682 wNMSE=8.8383708e-05 wMSE=6.7331 wMRED=0.01606106 wER=0.082765 wMAE=0.6240 wBias=-0.0689 condBias=1.2965 dotDrift=-1.700sigma uMRED=0.0016576735 uER=0.117188 uMAE=1.0625 WCE=16 bias=-0.1250
[pop09_soft:00000] loss=0.235518 tau=1.50 collapse_w=0.000 mid_frac=0.393 hard=score=0.1635395022 wNMSE=0.010962086 wMSE=835.0956 wMRED=0.18484950 wER=0.249598 wMAE=8.0017 wBias=1.5990 condBias=14.4391 dotDrift=+3.541sigma uMRED=0.0241850430 uER=0.250000 uMAE=16.5781 WCE=153 bias=-1.6250
[pop09_soft:00200] loss=0.119827 tau=2.25 collapse_w=0.000 mid_frac=0.429 hard=score=0.2218941091 wNMSE=0.0065918945 wMSE=502.1729 wMRED=0.15936987 wER=0.249279 wMAE=6.0304 wBias=-1.9381 condBias=11.1988 dotDrift=-5.535sigma uMRED=0.0212851778 uER=0.246094 uMAE=15.5547 WCE=160 bias=-13.3125
[pop09_soft:00400] loss=0.070351 tau=3.00 collapse_w=0.000 mid_frac=0.446 hard=score=0.1504018548 wNMSE=0.0056797347 wMSE=432.6842 wMRED=0.19128453 wER=0.249279 wMAE=5.9524 wBias=-1.5720 condBias=10.3950 dotDrift=-4.837sigma uMRED=0.0210040647 uER=0.246094 uMAE=15.0391 WCE=144 bias=-12.8125
[pop09_soft:00600] loss=0.044398 tau=3.75 collapse_w=0.000 mid_frac=0.464 hard=score=0.1744419676 wNMSE=0.0020849019 wMSE=158.8286 wMRED=0.23540228 wER=0.169158 wMAE=4.4719 wBias=1.7583 condBias=6.2973 dotDrift=+8.929sigma uMRED=0.0131099607 uER=0.214844 uMAE=7.9688 WCE=80 bias=-4.9375
[pop09_soft:00800] loss=0.033619 tau=4.50 collapse_w=0.084 mid_frac=0.429 hard=score=0.1640477211 wNMSE=0.0022225775 wMSE=169.3167 wMRED=0.23587141 wER=0.169158 wMAE=4.5342 wBias=1.6960 condBias=6.5021 dotDrift=+8.342sigma uMRED=0.0136740196 uER=0.214844 uMAE=8.4688 WCE=96 bias=-5.4375
[pop09_soft:01000] loss=0.034457 tau=5.25 collapse_w=0.293 mid_frac=0.375 hard=score=0.1640477211 wNMSE=0.0022225775 wMSE=169.3167 wMRED=0.23587141 wER=0.169158 wMAE=4.5342 wBias=1.6960 condBias=6.5021 dotDrift=+8.342sigma uMRED=0.0136740196 uER=0.214844 uMAE=8.4688 WCE=96 bias=-5.4375
[pop09_soft:01199] loss=0.033599 tau=6.00 collapse_w=0.500 mid_frac=0.357 hard=score=0.1640477211 wNMSE=0.0022225775 wMSE=169.3167 wMRED=0.23587141 wER=0.169158 wMAE=4.5342 wBias=1.6960 condBias=6.5021 dotDrift=+8.342sigma uMRED=0.0136740196 uER=0.214844 uMAE=8.4688 WCE=96 bias=-5.4375
[pop09_hard:00000] loss=0.200116 tau=6.00 collapse_w=0.500 mid_frac=0.357 hard=score=0.1640477211 wNMSE=0.0022225775 wMSE=169.3167 wMRED=0.23587141 wER=0.169158 wMAE=4.5342 wBias=1.6960 condBias=6.5021 dotDrift=+8.342sigma uMRED=0.0136740196 uER=0.214844 uMAE=8.4688 WCE=96 bias=-5.4375
[pop09_hard:00200] loss=0.199224 tau=6.00 collapse_w=0.500 mid_frac=0.357 hard=score=0.1640477211 wNMSE=0.0022225775 wMSE=169.3167 wMRED=0.23587141 wER=0.169158 wMAE=4.5342 wBias=1.6960 condBias=6.5021 dotDrift=+8.342sigma uMRED=0.0136740196 uER=0.214844 uMAE=8.4688 WCE=96 bias=-5.4375
[pop09_hard:00400] loss=4.861902 tau=6.00 collapse_w=0.500 mid_frac=0.357 hard=score=0.1640477211 wNMSE=0.0022225775 wMSE=169.3167 wMRED=0.23587141 wER=0.169158 wMAE=4.5342 wBias=1.6960 condBias=6.5021 dotDrift=+8.342sigma uMRED=0.0136740196 uER=0.214844 uMAE=8.4688 WCE=96 bias=-5.4375
[pop09_hard:00599] loss=0.198034 tau=6.00 collapse_w=0.500 mid_frac=0.357 hard=score=0.1640477211 wNMSE=0.0022225775 wMSE=169.3167 wMRED=0.23587141 wER=0.169158 wMAE=4.5342 wBias=1.6960 condBias=6.5021 dotDrift=+8.342sigma uMRED=0.0136740196 uER=0.214844 uMAE=8.4688 WCE=96 bias=-5.4375
[pop09] done (conf=0.51, noise=1.0); global best score=0.0013734682 wNMSE=8.8383708e-05 wMSE=6.7331 wMRED=0.01606106 wER=0.082765 wMAE=0.6240 wBias=-0.0689 condBias=1.2965 dotDrift=-1.700sigma uMRED=0.0016576735 uER=0.117188 uMAE=1.0625 WCE=16 bias=-0.1250
[pop10_soft:00000] loss=0.436745 tau=1.50 collapse_w=0.000 mid_frac=0.304 hard=score=15.2616626172 wNMSE=0.052540224 wMSE=4002.5330 wMRED=1.52112059 wER=0.249598 wMAE=27.9967 wBias=16.7914 condBias=33.6148 dotDrift=+16.986sigma uMRED=0.0462009067 uER=0.250000 uMAE=18.2812 WCE=178 bias=9.5000
[pop10_soft:00200] loss=0.253305 tau=2.25 collapse_w=0.000 mid_frac=0.357 hard=score=5.1061795842 wNMSE=0.025163986 wMSE=1917.0014 wMRED=1.03307854 wER=0.249598 wMAE=17.7825 wBias=-9.6958 condBias=21.8757 dotDrift=-14.173sigma uMRED=0.0389653962 uER=0.250000 uMAE=18.5000 WCE=156 bias=-9.7500
[pop10_soft:00400] loss=0.115800 tau=3.00 collapse_w=0.000 mid_frac=0.321 hard=score=1.4186214518 wNMSE=0.0050268329 wMSE=382.9459 wMRED=0.42529540 wER=0.191311 wMAE=7.0019 wBias=-5.1079 condBias=10.2242 dotDrift=-16.705sigma uMRED=0.0179571144 uER=0.230469 uMAE=9.5312 WCE=116 bias=-1.8750
[pop10_soft:00600] loss=0.039201 tau=3.75 collapse_w=0.000 mid_frac=0.232 hard=score=1.1282966389 wNMSE=0.0056650767 wMSE=431.5676 wMRED=0.43596461 wER=0.166678 wMAE=7.1145 wBias=4.5472 condBias=10.3792 dotDrift=+14.009sigma uMRED=0.0162767483 uER=0.195312 uMAE=7.7500 WCE=116 bias=-3.1250
[pop10_soft:00800] loss=0.028745 tau=4.50 collapse_w=0.084 mid_frac=0.232 hard=score=1.4211468838 wNMSE=0.0056441044 wMSE=429.9699 wMRED=0.43826537 wER=0.173155 wMAE=7.2982 wBias=5.1143 condBias=10.3600 dotDrift=+15.785sigma uMRED=0.0161254218 uER=0.210938 uMAE=7.3750 WCE=84 bias=-1.1250
[pop10_soft:01000] loss=0.027045 tau=5.25 collapse_w=0.293 mid_frac=0.143 hard=score=1.3115981594 wNMSE=0.0054096996 wMSE=412.1128 wMRED=0.43111937 wER=0.158601 wMAE=6.7497 wBias=4.9119 condBias=10.1426 dotDrift=+15.485sigma uMRED=0.0144656381 uER=0.187500 uMAE=6.2500 WCE=84 bias=-1.6250
[pop10_soft:01199] loss=0.024208 tau=6.00 collapse_w=0.500 mid_frac=0.143 hard=score=1.3115981594 wNMSE=0.0054096996 wMSE=412.1128 wMRED=0.43111937 wER=0.158601 wMAE=6.7497 wBias=4.9119 condBias=10.1426 dotDrift=+15.485sigma uMRED=0.0144656381 uER=0.187500 uMAE=6.2500 WCE=84 bias=-1.6250
[pop10_hard:00000] loss=1.349465 tau=6.00 collapse_w=0.500 mid_frac=0.143 hard=score=1.3115981594 wNMSE=0.0054096996 wMSE=412.1128 wMRED=0.43111937 wER=0.158601 wMAE=6.7497 wBias=4.9119 condBias=10.1426 dotDrift=+15.485sigma uMRED=0.0144656381 uER=0.187500 uMAE=6.2500 WCE=84 bias=-1.6250
[pop10_hard:00200] loss=0.042588 tau=6.00 collapse_w=0.500 mid_frac=0.143 hard=score=0.0284636064 wNMSE=0.00030997609 wMSE=23.6141 wMRED=0.02973516 wER=0.104926 wMAE=1.1861 wBias=-0.6517 condBias=2.4279 dotDrift=-8.584sigma uMRED=0.0053236635 uER=0.171875 uMAE=4.2500 WCE=84 bias=-3.6250
[pop10_hard:00400] loss=0.040047 tau=6.00 collapse_w=0.500 mid_frac=0.143 hard=score=0.0284636064 wNMSE=0.00030997609 wMSE=23.6141 wMRED=0.02973516 wER=0.104926 wMAE=1.1861 wBias=-0.6517 condBias=2.4279 dotDrift=-8.584sigma uMRED=0.0053236635 uER=0.171875 uMAE=4.2500 WCE=84 bias=-3.6250
[pop10_hard:00599] loss=0.038657 tau=6.00 collapse_w=0.500 mid_frac=0.143 hard=score=0.0284636064 wNMSE=0.00030997609 wMSE=23.6141 wMRED=0.02973516 wER=0.104926 wMAE=1.1861 wBias=-0.6517 condBias=2.4279 dotDrift=-8.584sigma uMRED=0.0053236635 uER=0.171875 uMAE=4.2500 WCE=84 bias=-3.6250
[pop10] done (conf=0.53, noise=0.5); global best score=0.0013734682 wNMSE=8.8383708e-05 wMSE=6.7331 wMRED=0.01606106 wER=0.082765 wMAE=0.6240 wBias=-0.0689 condBias=1.2965 dotDrift=-1.700sigma uMRED=0.0016576735 uER=0.117188 uMAE=1.0625 WCE=16 bias=-0.1250
[pop11_soft:00000] loss=0.555218 tau=1.50 collapse_w=0.000 mid_frac=0.500 hard=score=10.4536167525 wNMSE=0.013539739 wMSE=1031.4621 wMRED=0.63759997 wER=0.249598 wMAE=13.9394 wBias=13.9179 condBias=27.8583 dotDrift=+27.735sigma uMRED=0.0299890168 uER=0.250000 uMAE=15.8750 WCE=164 bias=15.5000
[pop11_soft:00200] loss=0.791506 tau=2.25 collapse_w=0.000 mid_frac=0.482 hard=score=0.2626845090 wNMSE=0.0030226882 wMSE=230.2695 wMRED=0.34500851 wER=0.249598 wMAE=6.3943 wBias=2.1586 condBias=7.5812 dotDrift=+9.104sigma uMRED=0.0166762064 uER=0.250000 uMAE=10.1797 WCE=120 bias=3.3750
[pop11_soft:00400] loss=0.177184 tau=3.00 collapse_w=0.000 mid_frac=0.464 hard=score=0.3573129281 wNMSE=0.0017358759 wMSE=132.2396 wMRED=0.18087845 wER=0.215469 wMAE=3.8907 wBias=-2.5424 condBias=5.7458 dotDrift=-14.150sigma uMRED=0.0144471237 uER=0.242188 uMAE=10.0625 WCE=112 bias=1.2500
[pop11_soft:00600] loss=0.124339 tau=3.75 collapse_w=0.000 mid_frac=0.500 hard=score=0.2327080088 wNMSE=0.0015954334 wMSE=121.5407 wMRED=0.15909176 wER=0.165050 wMAE=3.4360 wBias=-2.0377 condBias=5.5086 dotDrift=-11.829sigma uMRED=0.0138887076 uER=0.218750 uMAE=10.0000 WCE=112 bias=1.8750
[pop11_soft:00800] loss=0.093948 tau=4.50 collapse_w=0.084 mid_frac=0.500 hard=score=0.4140281599 wNMSE=0.0009695843 wMSE=73.8633 wMRED=0.16372637 wER=0.182724 wMAE=3.1883 wBias=-2.7516 condBias=5.5082 dotDrift=-20.491sigma uMRED=0.0112601054 uER=0.226562 uMAE=7.6250 WCE=84 bias=-2.2500
[pop11_soft:01000] loss=0.078815 tau=5.25 collapse_w=0.293 mid_frac=0.464 hard=score=0.4609551582 wNMSE=0.00099947439 wMSE=76.1403 wMRED=0.16639650 wER=0.192748 wMAE=3.3239 wBias=-2.9056 condBias=5.8165 dotDrift=-21.311sigma uMRED=0.0113781903 uER=0.234375 uMAE=7.6250 WCE=84 bias=-2.5000
[pop11_soft:01199] loss=0.064036 tau=6.00 collapse_w=0.500 mid_frac=0.446 hard=score=0.4609551582 wNMSE=0.00099947439 wMSE=76.1403 wMRED=0.16639650 wER=0.192748 wMAE=3.3239 wBias=-2.9056 condBias=5.8165 dotDrift=-21.311sigma uMRED=0.0113781903 uER=0.234375 uMAE=7.6250 WCE=84 bias=-2.5000
[pop11_hard:00000] loss=0.501076 tau=6.00 collapse_w=0.500 mid_frac=0.446 hard=score=0.4609551582 wNMSE=0.00099947439 wMSE=76.1403 wMRED=0.16639650 wER=0.192748 wMAE=3.3239 wBias=-2.9056 condBias=5.8165 dotDrift=-21.311sigma uMRED=0.0113781903 uER=0.234375 uMAE=7.6250 WCE=84 bias=-2.5000
[pop11_hard:00200] loss=0.499158 tau=6.00 collapse_w=0.500 mid_frac=0.446 hard=score=0.4609551582 wNMSE=0.00099947439 wMSE=76.1403 wMRED=0.16639650 wER=0.192748 wMAE=3.3239 wBias=-2.9056 condBias=5.8165 dotDrift=-21.311sigma uMRED=0.0113781903 uER=0.234375 uMAE=7.6250 WCE=84 bias=-2.5000
[pop11_hard:00400] loss=0.434313 tau=6.00 collapse_w=0.500 mid_frac=0.429 hard=score=0.4609551582 wNMSE=0.00099947439 wMSE=76.1403 wMRED=0.16639650 wER=0.192748 wMAE=3.3239 wBias=-2.9056 condBias=5.8165 dotDrift=-21.311sigma uMRED=0.0113781903 uER=0.234375 uMAE=7.6250 WCE=84 bias=-2.5000
[pop11_hard:00599] loss=0.496961 tau=6.00 collapse_w=0.500 mid_frac=0.411 hard=score=0.3900592164 wNMSE=0.003115832 wMSE=237.3652 wMRED=0.30787419 wER=0.192748 wMAE=5.8431 wBias=2.6580 condBias=7.6976 dotDrift=+11.042sigma uMRED=0.0153031146 uER=0.234375 uMAE=8.6875 WCE=84 bias=-0.5000
[pop11] done (conf=0.51, noise=1.0); global best score=0.0013734682 wNMSE=8.8383708e-05 wMSE=6.7331 wMRED=0.01606106 wER=0.082765 wMAE=0.6240 wBias=-0.0689 condBias=1.2965 dotDrift=-1.700sigma uMRED=0.0016576735 uER=0.117188 uMAE=1.0625 WCE=16 bias=-0.1250
[best] stage=quad_soft score=0.0013734682 wNMSE=8.8383708e-05 wMSE=6.7331 wMRED=0.01606106 wER=0.082765 wMAE=0.6240 wBias=-0.0689 condBias=1.2965 dotDrift=-1.700sigma uMRED=0.0016576735 uER=0.117188 uMAE=1.0625 WCE=16 bias=-0.1250
[best-json] /home/xuanqi/tony/work/FPGA/signed8x8_approx/signed8x8_2026_8_22/runs_qwen_quality/base_q080/best_signed88_inits.json
[best-rtl] /home/xuanqi/tony/work/FPGA/signed8x8_approx/signed8x8_2026_8_22/runs_qwen_quality/base_q080/best_rtl
[design] quality search_bits=56
[start] score=0.0013734682 wNMSE=8.8383708e-05 wMSE=6.7331 wMRED=0.01606106 wER=0.082765 wMAE=0.6240 wBias=-0.0689 condBias=1.2965 dotDrift=-1.700sigma uMRED=0.0016576735 uER=0.117188 uMAE=1.0625 WCE=16 bias=-0.1250
[single] ACCEPT ['cp_lut01:27'] 0.0013734682->0.0011271378 wNMSE=8.9293335e-05 wBias=-0.01104
[single] round=2 no improvement
[pair] ACCEPT ['cp_lut23:51', 'cp_lut23:55'] 0.0011271378->0.0011122521 wNMSE=7.9219546e-05 wBias=+0.01021
[pair] ACCEPT ['cp_lut01:59', 'cp_lut01:63'] 0.0011122521->0.0011100218 wNMSE=7.2270689e-05 wBias=+0.01523
[pair] ACCEPT ['cp_lut01:51', 'cp_lut23:55'] 0.0011100218->0.0011035642 wNMSE=6.2826656e-05 wBias=-0.01796
[pair] ACCEPT ['cp_lut23:59', 'cp_lut23:43'] 0.0011035642->0.0010275014 wNMSE=9.5425363e-05 wBias=+0.01403
[final] score=0.0010275014 wNMSE=9.5425363e-05 wMSE=7.2695 wMRED=0.03480095 wER=0.225918 wMAE=1.0456 wBias=0.0140 condBias=1.3471 dotDrift=+0.333sigma uMRED=0.0023050101 uER=0.234375 uMAE=1.3281 WCE=14 bias=-0.1875
[json] /home/xuanqi/tony/work/FPGA/signed8x8_approx/signed8x8_2026_8_22/runs_qwen_quality/base_q080/refined/best_signed88_inits.json
