[design] default_split quad4 entries=168
[device] cuda
[initial] score=155.3907947703 wNMSE=7.8491781 wMSE=752055.2432 wMRED=27.10599221 wER=0.579971 wMAE=480.6119 wBias=-57.5502 condBias=486.5986 dotDrift=-4.247sigma uMRED=1.1230546597 uER=0.575928 uMAE=384.6084 WCE=3216 bias=-5.3125
[quad_warmup_bit:00000] loss=3.182727 tau=1.50 collapse_w=0.000 mid_frac=0.482 hard=score=163.4746037384 wNMSE=7.8366196 wMSE=750851.9722 wMRED=27.03861264 wER=0.579971 wMAE=479.4530 wBias=-59.1785 condBias=485.3837 dotDrift=-4.371sigma uMRED=1.1212699912 uER=0.575928 uMAE=384.2930 WCE=3216 bias=-5.8125
[quad_warmup_bit:00200] loss=0.532708 tau=1.50 collapse_w=0.000 mid_frac=0.488 hard=score=479.6960991243 wNMSE=6.9377555 wMSE=664728.8841 wMRED=26.53171836 wER=0.571554 wMAE=437.1790 wBias=-104.5786 condBias=445.1111 dotDrift=-8.209sigma uMRED=0.9800132512 uER=0.575195 uMAE=331.9844 WCE=3160 bias=-141.8750
[quad_warmup_bit:00400] loss=0.491472 tau=1.50 collapse_w=0.000 mid_frac=0.494 hard=score=950.2223800572 wNMSE=5.8625498 wMSE=561709.9365 wMRED=22.60916281 wER=0.539546 wMAE=372.5250 wBias=-148.3351 condBias=393.9257 dotDrift=-12.667sigma uMRED=0.8737300430 uER=0.567139 uMAE=313.3535 WCE=3044 bias=-145.3750
[quad_warmup_bit:00600] loss=0.451334 tau=1.50 collapse_w=0.000 mid_frac=0.470 hard=score=1433.8593521952 wNMSE=6.3307413 wMSE=606568.8832 wMRED=22.34958211 wER=0.483317 wMAE=369.2861 wBias=-182.4720 condBias=405.0152 dotDrift=-14.995sigma uMRED=0.9473676884 uER=0.537842 uMAE=331.3613 WCE=3276 bias=-237.6250
[quad_warmup_bit:00800] loss=0.411981 tau=1.50 collapse_w=0.000 mid_frac=0.411 hard=score=1222.2713548165 wNMSE=5.9496564 wMSE=570055.9012 wMRED=21.03386657 wER=0.456053 wMAE=349.3854 wBias=-168.4133 condBias=377.8357 dotDrift=-14.276sigma uMRED=0.8999517160 uER=0.507812 uMAE=314.4902 WCE=3316 bias=-217.6250
[quad_warmup_bit:01000] loss=0.375487 tau=1.50 collapse_w=0.000 mid_frac=0.375 hard=score=50.8432860020 wNMSE=0.41726753 wMSE=39979.7566 wMRED=4.41562369 wER=0.399741 wMAE=97.5341 wBias=34.1798 condBias=109.7348 dotDrift=+10.940sigma uMRED=0.3191561445 uER=0.472656 uMAE=173.8672 WCE=1472 bias=-96.1250 *BEST*
[quad_warmup_bit:01025] loss=0.371245 tau=1.50 collapse_w=0.000 mid_frac=0.375 hard=score=45.7227914627 wNMSE=0.41711699 wMSE=39965.3333 wMRED=4.41728544 wER=0.400911 wMAE=96.4721 wBias=32.3823 condBias=106.8083 dotDrift=+10.367sigma uMRED=0.3191934559 uER=0.474854 uMAE=174.0566 WCE=1472 bias=-98.3750 *BEST*
[quad_warmup_bit:01050] loss=0.367100 tau=1.50 collapse_w=0.000 mid_frac=0.363 hard=score=44.9073641845 wNMSE=0.4181478 wMSE=40064.0986 wMRED=4.41878290 wER=0.399686 wMAE=96.4393 wBias=32.0846 condBias=106.8976 dotDrift=+10.259sigma uMRED=0.3203686363 uER=0.468262 uMAE=173.7480 WCE=1472 bias=-100.3750 *BEST*
[quad_warmup_bit:01150] loss=0.351601 tau=1.50 collapse_w=0.000 mid_frac=0.333 hard=score=40.1022896641 wNMSE=0.33576557 wMSE=32170.7899 wMRED=4.26887871 wER=0.393695 wMAE=85.3626 wBias=30.3342 condBias=103.7376 dotDrift=+10.824sigma uMRED=0.2387486764 uER=0.448242 uMAE=118.4043 WCE=1472 bias=-60.3750 *BEST*
[quad_warmup_bit:01200] loss=0.344500 tau=1.50 collapse_w=0.000 mid_frac=0.327 hard=score=109.3263733003 wNMSE=0.28058819 wMSE=26884.0659 wMRED=3.52414856 wER=0.352067 wMAE=71.7801 wBias=50.4286 condBias=109.2753 dotDrift=+19.684sigma uMRED=0.1882934896 uER=0.432861 uMAE=91.6660 WCE=1216 bias=-30.3750
[quad_warmup_bit:01375] loss=0.322140 tau=1.50 collapse_w=0.000 mid_frac=0.280 hard=score=0.2933027244 wNMSE=0.10518568 wMSE=10078.1812 wMRED=0.82337226 wER=0.282700 wMAE=35.0281 wBias=-1.2092 condBias=47.1674 dotDrift=-0.771sigma uMRED=0.1234982867 uER=0.375244 uMAE=80.1738 WCE=1216 bias=-44.3750 *BEST*
[quad_warmup_bit:01400] loss=0.319165 tau=1.50 collapse_w=0.000 mid_frac=0.274 hard=score=0.2933027244 wNMSE=0.10518568 wMSE=10078.1812 wMRED=0.82337226 wER=0.282700 wMAE=35.0281 wBias=-1.2092 condBias=47.1674 dotDrift=-0.771sigma uMRED=0.1234982867 uER=0.375244 uMAE=80.1738 WCE=1216 bias=-44.3750
[quad_warmup_bit:01600] loss=0.296217 tau=1.50 collapse_w=0.000 mid_frac=0.274 hard=score=1.3990492250 wNMSE=0.15896427 wMSE=15230.8825 wMRED=0.85827416 wER=0.283097 wMAE=39.0356 wBias=5.0197 condBias=57.8137 dotDrift=+2.603sigma uMRED=0.1630199840 uER=0.379639 uMAE=107.5801 WCE=1344 bias=-4.3750
[quad_warmup_bit:01800] loss=0.273264 tau=1.50 collapse_w=0.000 mid_frac=0.250 hard=score=72.7688896530 wNMSE=0.35194971 wMSE=33721.4445 wMRED=3.92838463 wER=0.324701 wMAE=74.4388 wBias=-41.0794 condBias=88.3151 dotDrift=-14.317sigma uMRED=0.2338563900 uER=0.371582 uMAE=112.6680 WCE=1360 bias=-12.5000
[quad_warmup_bit:02000] loss=0.249394 tau=1.50 collapse_w=0.000 mid_frac=0.238 hard=score=83.5238853274 wNMSE=0.37363368 wMSE=35799.0564 wMRED=4.22876083 wER=0.326746 wMAE=76.4848 wBias=-44.0251 condBias=91.5395 dotDrift=-14.892sigma uMRED=0.2405787726 uER=0.375977 uMAE=113.3105 WCE=1360 bias=-15.0000
[quad_warmup_bit:02200] loss=0.226572 tau=1.50 collapse_w=0.000 mid_frac=0.220 hard=score=49.0782318129 wNMSE=0.41206374 wMSE=39481.1649 wMRED=4.34468704 wER=0.326746 wMAE=78.2946 wBias=-33.5751 condBias=99.6377 dotDrift=-10.814sigma uMRED=0.2600247700 uER=0.375977 uMAE=116.2656 WCE=3328 bias=1.0000
[quad_warmup_bit:02400] loss=0.206502 tau=1.50 collapse_w=0.000 mid_frac=0.196 hard=score=87.0214299286 wNMSE=0.4319369 wMSE=41385.2767 wMRED=4.17096532 wER=0.324291 wMAE=83.1818 wBias=-44.8702 condBias=103.3740 dotDrift=-14.116sigma uMRED=0.2743769279 uER=0.371582 uMAE=125.8945 WCE=3328 bias=-12.0000
[quad_warmup_bit:02600] loss=0.184557 tau=1.50 collapse_w=0.000 mid_frac=0.161 hard=score=87.0214299286 wNMSE=0.4319369 wMSE=41385.2767 wMRED=4.17096532 wER=0.324291 wMAE=83.1818 wBias=-44.8702 condBias=103.3740 dotDrift=-14.116sigma uMRED=0.2743769279 uER=0.371582 uMAE=125.8945 WCE=3328 bias=-12.0000
[quad_warmup_bit:02800] loss=0.157827 tau=1.50 collapse_w=0.000 mid_frac=0.155 hard=score=7.8991983715 wNMSE=0.16623215 wMSE=15927.2416 wMRED=0.89403548 wER=0.254268 wMAE=36.6659 wBias=-13.2869 condBias=67.9264 dotDrift=-6.738sigma uMRED=0.1621185145 uER=0.325684 uMAE=97.2969 WCE=1360 bias=-19.0000
[quad_warmup_bit:03000] loss=0.136796 tau=1.50 collapse_w=0.000 mid_frac=0.143 hard=score=7.8991983715 wNMSE=0.16623215 wMSE=15927.2416 wMRED=0.89403548 wER=0.254268 wMAE=36.6659 wBias=-13.2869 condBias=67.9264 dotDrift=-6.738sigma uMRED=0.1621185145 uER=0.325684 uMAE=97.2969 WCE=1360 bias=-19.0000
[quad_warmup_bit:03200] loss=0.125460 tau=1.50 collapse_w=0.000 mid_frac=0.125 hard=score=5.7714388693 wNMSE=0.14926049 wMSE=14301.1322 wMRED=0.88389964 wER=0.253407 wMAE=35.0779 wBias=-11.2872 condBias=64.8284 dotDrift=-6.041sigma uMRED=0.1269761604 uER=0.310059 uMAE=70.6875 WCE=1360 bias=13.0000
[quad_warmup_bit:03400] loss=0.116806 tau=1.50 collapse_w=0.000 mid_frac=0.131 hard=score=3.1009072129 wNMSE=0.13410041 wMSE=12848.5961 wMRED=0.77015302 wER=0.261746 wMAE=31.0134 wBias=-8.1002 condBias=61.1693 dotDrift=-4.573sigma uMRED=0.1354821217 uER=0.331543 uMAE=80.1875 WCE=1328 bias=2.0000
[quad_warmup_bit:03600] loss=0.110332 tau=1.50 collapse_w=0.000 mid_frac=0.119 hard=score=3.1009072129 wNMSE=0.13410041 wMSE=12848.5961 wMRED=0.77015302 wER=0.261746 wMAE=31.0134 wBias=-8.1002 condBias=61.1693 dotDrift=-4.573sigma uMRED=0.1354821217 uER=0.331543 uMAE=80.1875 WCE=1328 bias=2.0000
[quad_warmup_bit:03800] loss=0.107287 tau=1.50 collapse_w=0.000 mid_frac=0.119 hard=score=1.9521518149 wNMSE=0.13192134 wMSE=12639.8123 wMRED=0.76870056 wER=0.261746 wMAE=30.8095 wBias=-6.2318 condBias=60.6266 dotDrift=-3.548sigma uMRED=0.1308958321 uER=0.331543 uMAE=76.9844 WCE=1328 bias=34.0000
[quad_warmup_bit:03900] loss=0.106221 tau=1.50 collapse_w=0.000 mid_frac=0.113 hard=score=0.2327791177 wNMSE=0.031241823 wMSE=2993.3805 wMRED=0.60000024 wER=0.253648 wMAE=18.4707 wBias=1.8779 condBias=29.5640 dotDrift=+2.197sigma uMRED=0.0603925640 uER=0.307129 uMAE=33.6250 WCE=512 bias=18.0000 *BEST*
[quad_warmup_bit:04000] loss=0.105322 tau=1.50 collapse_w=0.000 mid_frac=0.113 hard=score=0.2327791177 wNMSE=0.031241823 wMSE=2993.3805 wMRED=0.60000024 wER=0.253648 wMAE=18.4707 wBias=1.8779 condBias=29.5640 dotDrift=+2.197sigma uMRED=0.0603925640 uER=0.307129 uMAE=33.6250 WCE=512 bias=18.0000
[quad_warmup_bit:04200] loss=0.103889 tau=1.50 collapse_w=0.000 mid_frac=0.113 hard=score=1.1803151800 wNMSE=0.034289567 wMSE=3285.3947 wMRED=0.62699950 wER=0.253648 wMAE=19.5114 wBias=5.0525 condBias=32.8874 dotDrift=+5.642sigma uMRED=0.0630812294 uER=0.307129 uMAE=34.5273 WCE=512 bias=22.0000
[quad_warmup_bit:04400] loss=0.102791 tau=1.50 collapse_w=0.000 mid_frac=0.113 hard=score=0.5971471945 wNMSE=0.031705422 wMSE=3037.7995 wMRED=0.60473645 wER=0.246796 wMAE=17.9974 wBias=3.4652 condBias=30.8612 dotDrift=+4.024sigma uMRED=0.0598438129 uER=0.295410 uMAE=32.6523 WCE=512 bias=20.0000
[quad_warmup_bit:04600] loss=0.101940 tau=1.50 collapse_w=0.000 mid_frac=0.113 hard=score=0.5971471945 wNMSE=0.031705422 wMSE=3037.7995 wMRED=0.60473645 wER=0.246796 wMAE=17.9974 wBias=3.4652 condBias=30.8612 dotDrift=+4.024sigma uMRED=0.0598438129 uER=0.295410 uMAE=32.6523 WCE=512 bias=20.0000
[quad_warmup_bit:04800] loss=0.101299 tau=1.50 collapse_w=0.000 mid_frac=0.107 hard=score=0.9640691078 wNMSE=0.045591822 wMSE=4368.3005 wMRED=0.61071197 wER=0.246796 wMAE=18.9315 wBias=4.3994 condBias=36.0888 dotDrift=+4.260sigma uMRED=0.0812712633 uER=0.295410 uMAE=48.6523 WCE=1024 bias=36.0000
[quad_warmup_bit:05000] loss=0.100800 tau=1.50 collapse_w=0.000 mid_frac=0.107 hard=score=0.9640691078 wNMSE=0.045591822 wMSE=4368.3005 wMRED=0.61071197 wER=0.246796 wMAE=18.9315 wBias=4.3994 condBias=36.0888 dotDrift=+4.260sigma uMRED=0.0812712633 uER=0.295410 uMAE=48.6523 WCE=1024 bias=36.0000
[quad_warmup_bit:05100] loss=0.100589 tau=1.50 collapse_w=0.000 mid_frac=0.107 hard=score=0.1730417787 wNMSE=0.049949964 wMSE=4785.8682 wMRED=0.61216443 wER=0.246796 wMAE=19.1354 wBias=0.6627 condBias=37.8759 dotDrift=+0.613sigma uMRED=0.0858575529 uER=0.295410 uMAE=51.8555 WCE=1204 bias=-28.0000 *BEST*
[quad_warmup_bit:05200] loss=0.100399 tau=1.50 collapse_w=0.000 mid_frac=0.107 hard=score=0.1730417787 wNMSE=0.049949964 wMSE=4785.8682 wMRED=0.61216443 wER=0.246796 wMAE=19.1354 wBias=0.6627 condBias=37.8759 dotDrift=+0.613sigma uMRED=0.0858575529 uER=0.295410 uMAE=51.8555 WCE=1204 bias=-28.0000
[quad_warmup_bit:05400] loss=0.100066 tau=1.50 collapse_w=0.000 mid_frac=0.107 hard=score=0.1730417787 wNMSE=0.049949964 wMSE=4785.8682 wMRED=0.61216443 wER=0.246796 wMAE=19.1354 wBias=0.6627 condBias=37.8759 dotDrift=+0.613sigma uMRED=0.0858575529 uER=0.295410 uMAE=51.8555 WCE=1204 bias=-28.0000
[quad_warmup_bit:05600] loss=0.099788 tau=1.50 collapse_w=0.000 mid_frac=0.107 hard=score=0.1730417787 wNMSE=0.049949964 wMSE=4785.8682 wMRED=0.61216443 wER=0.246796 wMAE=19.1354 wBias=0.6627 condBias=37.8759 dotDrift=+0.613sigma uMRED=0.0858575529 uER=0.295410 uMAE=51.8555 WCE=1204 bias=-28.0000
[quad_warmup_bit:05800] loss=0.099551 tau=1.50 collapse_w=0.000 mid_frac=0.107 hard=score=0.1730417787 wNMSE=0.049949964 wMSE=4785.8682 wMRED=0.61216443 wER=0.246796 wMAE=19.1354 wBias=0.6627 condBias=37.8759 dotDrift=+0.613sigma uMRED=0.0858575529 uER=0.295410 uMAE=51.8555 WCE=1204 bias=-28.0000
[quad_warmup_bit:05999] loss=0.099348 tau=1.50 collapse_w=0.000 mid_frac=0.107 hard=score=0.1730417787 wNMSE=0.049949964 wMSE=4785.8682 wMRED=0.61216443 wER=0.246796 wMAE=19.1354 wBias=0.6627 condBias=37.8759 dotDrift=+0.613sigma uMRED=0.0858575529 uER=0.295410 uMAE=51.8555 WCE=1204 bias=-28.0000
[quad_soft:00000] loss=0.301564 tau=1.50 collapse_w=0.000 mid_frac=0.107 hard=score=0.1730417787 wNMSE=0.049949964 wMSE=4785.8682 wMRED=0.61216443 wER=0.246796 wMAE=19.1354 wBias=0.6627 condBias=37.8759 dotDrift=+0.613sigma uMRED=0.0858575529 uER=0.295410 uMAE=51.8555 WCE=1204 bias=-28.0000
[quad_soft:00200] loss=0.210130 tau=1.59 collapse_w=0.000 mid_frac=0.101 hard=score=0.1730417787 wNMSE=0.049949964 wMSE=4785.8682 wMRED=0.61216443 wER=0.246796 wMAE=19.1354 wBias=0.6627 condBias=37.8759 dotDrift=+0.613sigma uMRED=0.0858575529 uER=0.295410 uMAE=51.8555 WCE=1204 bias=-28.0000
[quad_soft:00400] loss=0.183474 tau=1.68 collapse_w=0.000 mid_frac=0.089 hard=score=0.3973475302 wNMSE=0.036636944 wMSE=3510.3046 wMRED=0.54215084 wER=0.246796 wMAE=15.9864 wBias=-2.4864 condBias=32.5300 dotDrift=-2.686sigma uMRED=0.0778116490 uER=0.295410 uMAE=47.8555 WCE=1204 bias=-32.0000
[quad_soft:00600] loss=0.164662 tau=1.77 collapse_w=0.000 mid_frac=0.095 hard=score=0.3913637403 wNMSE=0.035244833 wMSE=3376.9219 wMRED=0.62021425 wER=0.280224 wMAE=16.1088 wBias=-2.4788 condBias=31.7756 dotDrift=-2.730sigma uMRED=0.0790162603 uER=0.324707 uMAE=47.7930 WCE=1172 bias=-32.0000
[quad_soft:00700] loss=0.161186 tau=1.82 collapse_w=0.000 mid_frac=0.083 hard=score=0.1238754572 wNMSE=0.031488751 wMSE=3017.0395 wMRED=0.46951862 wER=0.280224 wMAE=13.8049 wBias=-0.1749 condBias=30.1394 dotDrift=-0.204sigma uMRED=0.0730505737 uER=0.324707 uMAE=45.7930 WCE=1172 bias=-30.0000 *BEST*
[quad_soft:00800] loss=0.158585 tau=1.86 collapse_w=0.000 mid_frac=0.083 hard=score=0.1238754572 wNMSE=0.031488751 wMSE=3017.0395 wMRED=0.46951862 wER=0.280224 wMAE=13.8049 wBias=-0.1749 condBias=30.1394 dotDrift=-0.204sigma uMRED=0.0730505737 uER=0.324707 uMAE=45.7930 WCE=1172 bias=-30.0000
[quad_soft:01000] loss=0.153884 tau=1.95 collapse_w=0.000 mid_frac=0.089 hard=score=0.1238754572 wNMSE=0.031488751 wMSE=3017.0395 wMRED=0.46951862 wER=0.280224 wMAE=13.8049 wBias=-0.1749 condBias=30.1394 dotDrift=-0.204sigma uMRED=0.0730505737 uER=0.324707 uMAE=45.7930 WCE=1172 bias=-30.0000
[quad_soft:01200] loss=0.150199 tau=2.04 collapse_w=0.000 mid_frac=0.083 hard=score=0.1238754572 wNMSE=0.031488751 wMSE=3017.0395 wMRED=0.46951862 wER=0.280224 wMAE=13.8049 wBias=-0.1749 condBias=30.1394 dotDrift=-0.204sigma uMRED=0.0730505737 uER=0.324707 uMAE=45.7930 WCE=1172 bias=-30.0000
[quad_soft:01400] loss=0.147603 tau=2.13 collapse_w=0.000 mid_frac=0.095 hard=score=0.1420039232 wNMSE=0.031544271 wMSE=3022.3590 wMRED=0.46953606 wER=0.293752 wMAE=13.8121 wBias=-0.6716 condBias=30.2336 dotDrift=-0.782sigma uMRED=0.0730597263 uER=0.336426 uMAE=45.8047 WCE=1172 bias=-30.5000
[quad_soft:01600] loss=0.145180 tau=2.22 collapse_w=0.000 mid_frac=0.095 hard=score=0.1420039232 wNMSE=0.031544271 wMSE=3022.3590 wMRED=0.46953606 wER=0.293752 wMAE=13.8121 wBias=-0.6716 condBias=30.2336 dotDrift=-0.782sigma uMRED=0.0730597263 uER=0.336426 uMAE=45.8047 WCE=1172 bias=-30.5000
[quad_soft:01800] loss=0.142812 tau=2.31 collapse_w=0.000 mid_frac=0.101 hard=score=0.1312858348 wNMSE=0.031330821 wMSE=3001.9077 wMRED=0.46611065 wER=0.293752 wMAE=13.6147 wBias=-0.4742 condBias=29.9646 dotDrift=-0.554sigma uMRED=0.0726708555 uER=0.336426 uMAE=45.5547 WCE=1164 bias=-30.2500
[quad_soft:02000] loss=0.140480 tau=2.40 collapse_w=0.000 mid_frac=0.101 hard=score=0.1312858348 wNMSE=0.031330821 wMSE=3001.9077 wMRED=0.46611065 wER=0.293752 wMAE=13.6147 wBias=-0.4742 condBias=29.9646 dotDrift=-0.554sigma uMRED=0.0726708555 uER=0.336426 uMAE=45.5547 WCE=1164 bias=-30.2500
[quad_soft:02200] loss=0.138167 tau=2.49 collapse_w=0.000 mid_frac=0.101 hard=score=0.1312858348 wNMSE=0.031330821 wMSE=3001.9077 wMRED=0.46611065 wER=0.293752 wMAE=13.6147 wBias=-0.4742 condBias=29.9646 dotDrift=-0.554sigma uMRED=0.0726708555 uER=0.336426 uMAE=45.5547 WCE=1164 bias=-30.2500
[quad_soft:02400] loss=0.135838 tau=2.58 collapse_w=0.000 mid_frac=0.101 hard=score=0.1312858348 wNMSE=0.031330821 wMSE=3001.9077 wMRED=0.46611065 wER=0.293752 wMAE=13.6147 wBias=-0.4742 condBias=29.9646 dotDrift=-0.554sigma uMRED=0.0726708555 uER=0.336426 uMAE=45.5547 WCE=1164 bias=-30.2500
[quad_soft:02600] loss=0.133522 tau=2.67 collapse_w=0.000 mid_frac=0.101 hard=score=0.1312858348 wNMSE=0.031330821 wMSE=3001.9077 wMRED=0.46611065 wER=0.293752 wMAE=13.6147 wBias=-0.4742 condBias=29.9646 dotDrift=-0.554sigma uMRED=0.0726708555 uER=0.336426 uMAE=45.5547 WCE=1164 bias=-30.2500
[quad_soft:02800] loss=0.131202 tau=2.76 collapse_w=0.000 mid_frac=0.101 hard=score=0.1312858348 wNMSE=0.031330821 wMSE=3001.9077 wMRED=0.46611065 wER=0.293752 wMAE=13.6147 wBias=-0.4742 condBias=29.9646 dotDrift=-0.554sigma uMRED=0.0726708555 uER=0.336426 uMAE=45.5547 WCE=1164 bias=-30.2500
[quad_soft:03000] loss=0.128871 tau=2.85 collapse_w=0.000 mid_frac=0.101 hard=score=0.1312858348 wNMSE=0.031330821 wMSE=3001.9077 wMRED=0.46611065 wER=0.293752 wMAE=13.6147 wBias=-0.4742 condBias=29.9646 dotDrift=-0.554sigma uMRED=0.0726708555 uER=0.336426 uMAE=45.5547 WCE=1164 bias=-30.2500
[quad_soft:03200] loss=0.126533 tau=2.94 collapse_w=0.000 mid_frac=0.101 hard=score=0.1312858348 wNMSE=0.031330821 wMSE=3001.9077 wMRED=0.46611065 wER=0.293752 wMAE=13.6147 wBias=-0.4742 condBias=29.9646 dotDrift=-0.554sigma uMRED=0.0726708555 uER=0.336426 uMAE=45.5547 WCE=1164 bias=-30.2500
[quad_soft:03400] loss=0.124193 tau=3.03 collapse_w=0.000 mid_frac=0.101 hard=score=0.1312858348 wNMSE=0.031330821 wMSE=3001.9077 wMRED=0.46611065 wER=0.293752 wMAE=13.6147 wBias=-0.4742 condBias=29.9646 dotDrift=-0.554sigma uMRED=0.0726708555 uER=0.336426 uMAE=45.5547 WCE=1164 bias=-30.2500
[quad_soft:03600] loss=0.121843 tau=3.12 collapse_w=0.000 mid_frac=0.101 hard=score=0.1312858348 wNMSE=0.031330821 wMSE=3001.9077 wMRED=0.46611065 wER=0.293752 wMAE=13.6147 wBias=-0.4742 condBias=29.9646 dotDrift=-0.554sigma uMRED=0.0726708555 uER=0.336426 uMAE=45.5547 WCE=1164 bias=-30.2500
[quad_soft:03800] loss=0.119475 tau=3.21 collapse_w=0.000 mid_frac=0.101 hard=score=0.1312858348 wNMSE=0.031330821 wMSE=3001.9077 wMRED=0.46611065 wER=0.293752 wMAE=13.6147 wBias=-0.4742 condBias=29.9646 dotDrift=-0.554sigma uMRED=0.0726708555 uER=0.336426 uMAE=45.5547 WCE=1164 bias=-30.2500
[quad_soft:04000] loss=0.117096 tau=3.30 collapse_w=0.000 mid_frac=0.101 hard=score=0.1312858348 wNMSE=0.031330821 wMSE=3001.9077 wMRED=0.46611065 wER=0.293752 wMAE=13.6147 wBias=-0.4742 condBias=29.9646 dotDrift=-0.554sigma uMRED=0.0726708555 uER=0.336426 uMAE=45.5547 WCE=1164 bias=-30.2500
[quad_soft:04200] loss=0.114197 tau=3.39 collapse_w=0.000 mid_frac=0.101 hard=score=0.1312858348 wNMSE=0.031330821 wMSE=3001.9077 wMRED=0.46611065 wER=0.293752 wMAE=13.6147 wBias=-0.4742 condBias=29.9646 dotDrift=-0.554sigma uMRED=0.0726708555 uER=0.336426 uMAE=45.5547 WCE=1164 bias=-30.2500
[quad_soft:04400] loss=0.111278 tau=3.48 collapse_w=0.000 mid_frac=0.101 hard=score=0.1312858348 wNMSE=0.031330821 wMSE=3001.9077 wMRED=0.46611065 wER=0.293752 wMAE=13.6147 wBias=-0.4742 condBias=29.9646 dotDrift=-0.554sigma uMRED=0.0726708555 uER=0.336426 uMAE=45.5547 WCE=1164 bias=-30.2500
[quad_soft:04600] loss=0.108373 tau=3.57 collapse_w=0.000 mid_frac=0.101 hard=score=0.1312858348 wNMSE=0.031330821 wMSE=3001.9077 wMRED=0.46611065 wER=0.293752 wMAE=13.6147 wBias=-0.4742 condBias=29.9646 dotDrift=-0.554sigma uMRED=0.0726708555 uER=0.336426 uMAE=45.5547 WCE=1164 bias=-30.2500
[quad_soft:04800] loss=0.105459 tau=3.66 collapse_w=0.000 mid_frac=0.101 hard=score=0.1312858348 wNMSE=0.031330821 wMSE=3001.9077 wMRED=0.46611065 wER=0.293752 wMAE=13.6147 wBias=-0.4742 condBias=29.9646 dotDrift=-0.554sigma uMRED=0.0726708555 uER=0.336426 uMAE=45.5547 WCE=1164 bias=-30.2500
[quad_soft:05000] loss=0.102546 tau=3.75 collapse_w=0.000 mid_frac=0.101 hard=score=0.1312858348 wNMSE=0.031330821 wMSE=3001.9077 wMRED=0.46611065 wER=0.293752 wMAE=13.6147 wBias=-0.4742 condBias=29.9646 dotDrift=-0.554sigma uMRED=0.0726708555 uER=0.336426 uMAE=45.5547 WCE=1164 bias=-30.2500
[quad_soft:05200] loss=0.099615 tau=3.84 collapse_w=0.000 mid_frac=0.095 hard=score=0.1312858348 wNMSE=0.031330821 wMSE=3001.9077 wMRED=0.46611065 wER=0.293752 wMAE=13.6147 wBias=-0.4742 condBias=29.9646 dotDrift=-0.554sigma uMRED=0.0726708555 uER=0.336426 uMAE=45.5547 WCE=1164 bias=-30.2500
[quad_soft:05400] loss=0.096685 tau=3.93 collapse_w=0.000 mid_frac=0.095 hard=score=0.1312858348 wNMSE=0.031330821 wMSE=3001.9077 wMRED=0.46611065 wER=0.293752 wMAE=13.6147 wBias=-0.4742 condBias=29.9646 dotDrift=-0.554sigma uMRED=0.0726708555 uER=0.336426 uMAE=45.5547 WCE=1164 bias=-30.2500
[quad_soft:05600] loss=0.093754 tau=4.02 collapse_w=0.000 mid_frac=0.095 hard=score=0.1312858348 wNMSE=0.031330821 wMSE=3001.9077 wMRED=0.46611065 wER=0.293752 wMAE=13.6147 wBias=-0.4742 condBias=29.9646 dotDrift=-0.554sigma uMRED=0.0726708555 uER=0.336426 uMAE=45.5547 WCE=1164 bias=-30.2500
[quad_soft:05800] loss=0.090822 tau=4.11 collapse_w=0.000 mid_frac=0.095 hard=score=0.1312858348 wNMSE=0.031330821 wMSE=3001.9077 wMRED=0.46611065 wER=0.293752 wMAE=13.6147 wBias=-0.4742 condBias=29.9646 dotDrift=-0.554sigma uMRED=0.0726708555 uER=0.336426 uMAE=45.5547 WCE=1164 bias=-30.2500
[quad_soft:06000] loss=0.087884 tau=4.20 collapse_w=0.000 mid_frac=0.095 hard=score=0.1312858348 wNMSE=0.031330821 wMSE=3001.9077 wMRED=0.46611065 wER=0.293752 wMAE=13.6147 wBias=-0.4742 condBias=29.9646 dotDrift=-0.554sigma uMRED=0.0726708555 uER=0.336426 uMAE=45.5547 WCE=1164 bias=-30.2500
[quad_soft:06200] loss=0.085945 tau=4.29 collapse_w=0.025 mid_frac=0.101 hard=score=0.1312858348 wNMSE=0.031330821 wMSE=3001.9077 wMRED=0.46611065 wER=0.293752 wMAE=13.6147 wBias=-0.4742 condBias=29.9646 dotDrift=-0.554sigma uMRED=0.0726708555 uER=0.336426 uMAE=45.5547 WCE=1164 bias=-30.2500
[quad_soft:06400] loss=0.083885 tau=4.38 collapse_w=0.050 mid_frac=0.101 hard=score=0.1312858348 wNMSE=0.031330821 wMSE=3001.9077 wMRED=0.46611065 wER=0.293752 wMAE=13.6147 wBias=-0.4742 condBias=29.9646 dotDrift=-0.554sigma uMRED=0.0726708555 uER=0.336426 uMAE=45.5547 WCE=1164 bias=-30.2500
[quad_soft:06600] loss=0.081724 tau=4.47 collapse_w=0.075 mid_frac=0.101 hard=score=0.1312858348 wNMSE=0.031330821 wMSE=3001.9077 wMRED=0.46611065 wER=0.293752 wMAE=13.6147 wBias=-0.4742 condBias=29.9646 dotDrift=-0.554sigma uMRED=0.0726708555 uER=0.336426 uMAE=45.5547 WCE=1164 bias=-30.2500
[quad_soft:06800] loss=0.079504 tau=4.56 collapse_w=0.100 mid_frac=0.095 hard=score=0.1271957857 wNMSE=0.031236458 wMSE=2992.8665 wMRED=0.46439794 wER=0.293752 wMAE=13.5160 wBias=-0.3755 condBias=29.8341 dotDrift=-0.439sigma uMRED=0.0724764201 uER=0.336426 uMAE=45.4297 WCE=1160 bias=-30.1250
[quad_soft:07000] loss=0.077243 tau=4.65 collapse_w=0.125 mid_frac=0.089 hard=score=0.1216513198 wNMSE=0.031187266 wMSE=2988.1532 wMRED=0.46438050 wER=0.280224 wMAE=13.5088 wBias=0.1212 condBias=29.7488 dotDrift=+0.142sigma uMRED=0.0724672675 uER=0.324707 uMAE=45.4180 WCE=1160 bias=-29.6250 *BEST*
[quad_soft:07200] loss=0.074945 tau=4.74 collapse_w=0.150 mid_frac=0.089 hard=score=0.1216513198 wNMSE=0.031187266 wMSE=2988.1532 wMRED=0.46438050 wER=0.280224 wMAE=13.5088 wBias=0.1212 condBias=29.7488 dotDrift=+0.142sigma uMRED=0.0724672675 uER=0.324707 uMAE=45.4180 WCE=1160 bias=-29.6250
[quad_soft:07400] loss=0.072622 tau=4.83 collapse_w=0.175 mid_frac=0.089 hard=score=0.1216513198 wNMSE=0.031187266 wMSE=2988.1532 wMRED=0.46438050 wER=0.280224 wMAE=13.5088 wBias=0.1212 condBias=29.7488 dotDrift=+0.142sigma uMRED=0.0724672675 uER=0.324707 uMAE=45.4180 WCE=1160 bias=-29.6250
[quad_soft:07600] loss=0.070256 tau=4.92 collapse_w=0.200 mid_frac=0.089 hard=score=0.1216513198 wNMSE=0.031187266 wMSE=2988.1532 wMRED=0.46438050 wER=0.280224 wMAE=13.5088 wBias=0.1212 condBias=29.7488 dotDrift=+0.142sigma uMRED=0.0724672675 uER=0.324707 uMAE=45.4180 WCE=1160 bias=-29.6250
[quad_soft:07800] loss=0.067858 tau=5.01 collapse_w=0.225 mid_frac=0.089 hard=score=0.7441672069 wNMSE=0.028082962 wMSE=2690.7197 wMRED=0.46331162 wER=0.280224 wMAE=13.3636 wBias=3.8579 condBias=28.1128 dotDrift=+4.760sigma uMRED=0.0693118868 uER=0.324707 uMAE=43.2617 WCE=1024 bias=34.3750
[quad_soft:08000] loss=0.065437 tau=5.10 collapse_w=0.250 mid_frac=0.077 hard=score=0.7441672069 wNMSE=0.028082962 wMSE=2690.7197 wMRED=0.46331162 wER=0.280224 wMAE=13.3636 wBias=3.8579 condBias=28.1128 dotDrift=+4.760sigma uMRED=0.0693118868 uER=0.324707 uMAE=43.2617 WCE=1024 bias=34.3750
[quad_soft:08200] loss=0.062947 tau=5.19 collapse_w=0.275 mid_frac=0.071 hard=score=0.7441672069 wNMSE=0.028082962 wMSE=2690.7197 wMRED=0.46331162 wER=0.280224 wMAE=13.3636 wBias=3.8579 condBias=28.1128 dotDrift=+4.760sigma uMRED=0.0693118868 uER=0.324707 uMAE=43.2617 WCE=1024 bias=34.3750
[quad_soft:08400] loss=0.060430 tau=5.28 collapse_w=0.300 mid_frac=0.065 hard=score=0.7441672069 wNMSE=0.028082962 wMSE=2690.7197 wMRED=0.46331162 wER=0.280224 wMAE=13.3636 wBias=3.8579 condBias=28.1128 dotDrift=+4.760sigma uMRED=0.0693118868 uER=0.324707 uMAE=43.2617 WCE=1024 bias=34.3750
[quad_soft:08600] loss=0.057866 tau=5.37 collapse_w=0.325 mid_frac=0.060 hard=score=0.7441672069 wNMSE=0.028082962 wMSE=2690.7197 wMRED=0.46331162 wER=0.280224 wMAE=13.3636 wBias=3.8579 condBias=28.1128 dotDrift=+4.760sigma uMRED=0.0693118868 uER=0.324707 uMAE=43.2617 WCE=1024 bias=34.3750
[quad_soft:08800] loss=0.055192 tau=5.46 collapse_w=0.350 mid_frac=0.060 hard=score=0.7441672069 wNMSE=0.028082962 wMSE=2690.7197 wMRED=0.46331162 wER=0.280224 wMAE=13.3636 wBias=3.8579 condBias=28.1128 dotDrift=+4.760sigma uMRED=0.0693118868 uER=0.324707 uMAE=43.2617 WCE=1024 bias=34.3750
[quad_soft:09000] loss=0.052505 tau=5.55 collapse_w=0.375 mid_frac=0.060 hard=score=0.7441672069 wNMSE=0.028082962 wMSE=2690.7197 wMRED=0.46331162 wER=0.280224 wMAE=13.3636 wBias=3.8579 condBias=28.1128 dotDrift=+4.760sigma uMRED=0.0693118868 uER=0.324707 uMAE=43.2617 WCE=1024 bias=34.3750
[quad_soft:09200] loss=0.049752 tau=5.64 collapse_w=0.400 mid_frac=0.060 hard=score=0.7441672069 wNMSE=0.028082962 wMSE=2690.7197 wMRED=0.46331162 wER=0.280224 wMAE=13.3636 wBias=3.8579 condBias=28.1128 dotDrift=+4.760sigma uMRED=0.0693118868 uER=0.324707 uMAE=43.2617 WCE=1024 bias=34.3750
[quad_soft:09400] loss=0.046930 tau=5.73 collapse_w=0.425 mid_frac=0.060 hard=score=0.7441672069 wNMSE=0.028082962 wMSE=2690.7197 wMRED=0.46331162 wER=0.280224 wMAE=13.3636 wBias=3.8579 condBias=28.1128 dotDrift=+4.760sigma uMRED=0.0693118868 uER=0.324707 uMAE=43.2617 WCE=1024 bias=34.3750
[quad_soft:09600] loss=0.044011 tau=5.82 collapse_w=0.450 mid_frac=0.060 hard=score=0.7441672069 wNMSE=0.028082962 wMSE=2690.7197 wMRED=0.46331162 wER=0.280224 wMAE=13.3636 wBias=3.8579 condBias=28.1128 dotDrift=+4.760sigma uMRED=0.0693118868 uER=0.324707 uMAE=43.2617 WCE=1024 bias=34.3750
[quad_soft:09800] loss=0.040945 tau=5.91 collapse_w=0.475 mid_frac=0.060 hard=score=0.7441672069 wNMSE=0.028082962 wMSE=2690.7197 wMRED=0.46331162 wER=0.280224 wMAE=13.3636 wBias=3.8579 condBias=28.1128 dotDrift=+4.760sigma uMRED=0.0693118868 uER=0.324707 uMAE=43.2617 WCE=1024 bias=34.3750
[quad_soft:09999] loss=0.037699 tau=6.00 collapse_w=0.500 mid_frac=0.060 hard=score=0.7441672069 wNMSE=0.028082962 wMSE=2690.7197 wMRED=0.46331162 wER=0.280224 wMAE=13.3636 wBias=3.8579 condBias=28.1128 dotDrift=+4.760sigma uMRED=0.0693118868 uER=0.324707 uMAE=43.2617 WCE=1024 bias=34.3750
[quad_hard_ste:00000] loss=0.729305 tau=6.00 collapse_w=0.500 mid_frac=0.060 hard=score=0.7441672069 wNMSE=0.028082962 wMSE=2690.7197 wMRED=0.46331162 wER=0.280224 wMAE=13.3636 wBias=3.8579 condBias=28.1128 dotDrift=+4.760sigma uMRED=0.0693118868 uER=0.324707 uMAE=43.2617 WCE=1024 bias=34.3750
[quad_hard_ste:00200] loss=0.238609 tau=6.00 collapse_w=0.500 mid_frac=0.060 hard=score=0.2796821358 wNMSE=0.031024262 wMSE=2972.5353 wMRED=0.59974976 wER=0.330846 wMAE=14.7626 wBias=-1.9274 condBias=29.5897 dotDrift=-2.263sigma uMRED=0.0765136674 uER=0.362793 uMAE=46.4180 WCE=1160 bias=-31.6250
[quad_hard_ste:00400] loss=0.729105 tau=6.00 collapse_w=0.500 mid_frac=0.060 hard=score=0.2463016209 wNMSE=0.027324311 wMSE=2618.0310 wMRED=0.59850449 wER=0.330846 wMAE=14.5895 wBias=1.8093 condBias=27.6683 dotDrift=+2.263sigma uMRED=0.0726910727 uER=0.362793 uMAE=43.7617 WCE=1024 bias=32.3750
[quad_hard_ste:00600] loss=0.237936 tau=6.00 collapse_w=0.500 mid_frac=0.060 hard=score=0.2796821358 wNMSE=0.031024262 wMSE=2972.5353 wMRED=0.59974976 wER=0.330846 wMAE=14.7626 wBias=-1.9274 condBias=29.5897 dotDrift=-2.263sigma uMRED=0.0765136674 uER=0.362793 uMAE=46.4180 WCE=1160 bias=-31.6250
[quad_hard_ste:00800] loss=0.264421 tau=6.00 collapse_w=0.500 mid_frac=0.060 hard=score=0.2796821358 wNMSE=0.031024262 wMSE=2972.5353 wMRED=0.59974976 wER=0.330846 wMAE=14.7626 wBias=-1.9274 condBias=29.5897 dotDrift=-2.263sigma uMRED=0.0765136674 uER=0.362793 uMAE=46.4180 WCE=1160 bias=-31.6250
[quad_hard_ste:01000] loss=0.264271 tau=6.00 collapse_w=0.500 mid_frac=0.060 hard=score=0.2796821358 wNMSE=0.031024262 wMSE=2972.5353 wMRED=0.59974976 wER=0.330846 wMAE=14.7626 wBias=-1.9274 condBias=29.5897 dotDrift=-2.263sigma uMRED=0.0765136674 uER=0.362793 uMAE=46.4180 WCE=1160 bias=-31.6250
[quad_hard_ste:01200] loss=0.264163 tau=6.00 collapse_w=0.500 mid_frac=0.054 hard=score=0.7441672069 wNMSE=0.028082962 wMSE=2690.7197 wMRED=0.46331162 wER=0.280224 wMAE=13.3636 wBias=3.8579 condBias=28.1128 dotDrift=+4.760sigma uMRED=0.0693118868 uER=0.324707 uMAE=43.2617 WCE=1024 bias=34.3750
[quad_hard_ste:01400] loss=0.237394 tau=6.00 collapse_w=0.500 mid_frac=0.054 hard=score=0.7441672069 wNMSE=0.028082962 wMSE=2690.7197 wMRED=0.46331162 wER=0.280224 wMAE=13.3636 wBias=3.8579 condBias=28.1128 dotDrift=+4.760sigma uMRED=0.0693118868 uER=0.324707 uMAE=43.2617 WCE=1024 bias=34.3750
[quad_hard_ste:01600] loss=0.264061 tau=6.00 collapse_w=0.500 mid_frac=0.060 hard=score=0.2796821358 wNMSE=0.031024262 wMSE=2972.5353 wMRED=0.59974976 wER=0.330846 wMAE=14.7626 wBias=-1.9274 condBias=29.5897 dotDrift=-2.263sigma uMRED=0.0765136674 uER=0.362793 uMAE=46.4180 WCE=1160 bias=-31.6250
[quad_hard_ste:01800] loss=0.237333 tau=6.00 collapse_w=0.500 mid_frac=0.060 hard=score=0.2796821358 wNMSE=0.031024262 wMSE=2972.5353 wMRED=0.59974976 wER=0.330846 wMAE=14.7626 wBias=-1.9274 condBias=29.5897 dotDrift=-2.263sigma uMRED=0.0765136674 uER=0.362793 uMAE=46.4180 WCE=1160 bias=-31.6250
[quad_hard_ste:02000] loss=0.728214 tau=6.00 collapse_w=0.500 mid_frac=0.054 hard=score=0.7441672069 wNMSE=0.028082962 wMSE=2690.7197 wMRED=0.46331162 wER=0.280224 wMAE=13.3636 wBias=3.8579 condBias=28.1128 dotDrift=+4.760sigma uMRED=0.0693118868 uER=0.324707 uMAE=43.2617 WCE=1024 bias=34.3750
[quad_hard_ste:02200] loss=0.237333 tau=6.00 collapse_w=0.500 mid_frac=0.054 hard=score=0.7441672069 wNMSE=0.028082962 wMSE=2690.7197 wMRED=0.46331162 wER=0.280224 wMAE=13.3636 wBias=3.8579 condBias=28.1128 dotDrift=+4.760sigma uMRED=0.0693118868 uER=0.324707 uMAE=43.2617 WCE=1024 bias=34.3750
[quad_hard_ste:02400] loss=0.728240 tau=6.00 collapse_w=0.500 mid_frac=0.054 hard=score=0.7441672069 wNMSE=0.028082962 wMSE=2690.7197 wMRED=0.46331162 wER=0.280224 wMAE=13.3636 wBias=3.8579 condBias=28.1128 dotDrift=+4.760sigma uMRED=0.0693118868 uER=0.324707 uMAE=43.2617 WCE=1024 bias=34.3750
[quad_hard_ste:02600] loss=0.264080 tau=6.00 collapse_w=0.500 mid_frac=0.060 hard=score=0.2796821358 wNMSE=0.031024262 wMSE=2972.5353 wMRED=0.59974976 wER=0.330846 wMAE=14.7626 wBias=-1.9274 condBias=29.5897 dotDrift=-2.263sigma uMRED=0.0765136674 uER=0.362793 uMAE=46.4180 WCE=1160 bias=-31.6250
[quad_hard_ste:02800] loss=0.728303 tau=6.00 collapse_w=0.500 mid_frac=0.060 hard=score=0.2463016209 wNMSE=0.027324311 wMSE=2618.0310 wMRED=0.59850449 wER=0.330846 wMAE=14.5895 wBias=1.8093 condBias=27.6683 dotDrift=+2.263sigma uMRED=0.0726910727 uER=0.362793 uMAE=43.7617 WCE=1024 bias=32.3750
[quad_hard_ste:03000] loss=0.264155 tau=6.00 collapse_w=0.500 mid_frac=0.060 hard=score=0.2796821358 wNMSE=0.031024262 wMSE=2972.5353 wMRED=0.59974976 wER=0.330846 wMAE=14.7626 wBias=-1.9274 condBias=29.5897 dotDrift=-2.263sigma uMRED=0.0765136674 uER=0.362793 uMAE=46.4180 WCE=1160 bias=-31.6250
[quad_hard_ste:03200] loss=0.237502 tau=6.00 collapse_w=0.500 mid_frac=0.060 hard=score=0.2796821358 wNMSE=0.031024262 wMSE=2972.5353 wMRED=0.59974976 wER=0.330846 wMAE=14.7626 wBias=-1.9274 condBias=29.5897 dotDrift=-2.263sigma uMRED=0.0765136674 uER=0.362793 uMAE=46.4180 WCE=1160 bias=-31.6250
[quad_hard_ste:03400] loss=0.264249 tau=6.00 collapse_w=0.500 mid_frac=0.065 hard=score=0.2463016209 wNMSE=0.027324311 wMSE=2618.0310 wMRED=0.59850449 wER=0.330846 wMAE=14.5895 wBias=1.8093 condBias=27.6683 dotDrift=+2.263sigma uMRED=0.0726910727 uER=0.362793 uMAE=43.7617 WCE=1024 bias=32.3750
[quad_hard_ste:03600] loss=0.237603 tau=6.00 collapse_w=0.500 mid_frac=0.065 hard=score=0.2796821358 wNMSE=0.031024262 wMSE=2972.5353 wMRED=0.59974976 wER=0.330846 wMAE=14.7626 wBias=-1.9274 condBias=29.5897 dotDrift=-2.263sigma uMRED=0.0765136674 uER=0.362793 uMAE=46.4180 WCE=1160 bias=-31.6250
[quad_hard_ste:03800] loss=0.728550 tau=6.00 collapse_w=0.500 mid_frac=0.060 hard=score=0.7441672069 wNMSE=0.028082962 wMSE=2690.7197 wMRED=0.46331162 wER=0.280224 wMAE=13.3636 wBias=3.8579 condBias=28.1128 dotDrift=+4.760sigma uMRED=0.0693118868 uER=0.324707 uMAE=43.2617 WCE=1024 bias=34.3750
[quad_hard_ste:03999] loss=0.237732 tau=6.00 collapse_w=0.500 mid_frac=0.065 hard=score=0.2796821358 wNMSE=0.031024262 wMSE=2972.5353 wMRED=0.59974976 wER=0.330846 wMAE=14.7626 wBias=-1.9274 condBias=29.5897 dotDrift=-2.263sigma uMRED=0.0765136674 uER=0.362793 uMAE=46.4180 WCE=1160 bias=-31.6250
[pop00_soft:00000] loss=16.066126 tau=1.50 collapse_w=0.000 mid_frac=0.333 hard=score=1.4595358133 wNMSE=0.43026599 wMSE=41225.1813 wMRED=2.54357167 wER=0.573812 wMAE=80.0122 wBias=4.1060 condBias=78.4716 dotDrift=+1.294sigma uMRED=0.3283381799 uER=0.571533 uMAE=206.5264 WCE=2640 bias=84.5625
[pop00_soft:00200] loss=4.162126 tau=2.25 collapse_w=0.000 mid_frac=0.292 hard=score=179.6537911931 wNMSE=0.48987223 wMSE=46936.2489 wMRED=3.42150242 wER=0.521901 wMAE=92.8861 wBias=-64.6758 condBias=97.8242 dotDrift=-19.106sigma uMRED=0.3339650112 uER=0.549561 uMAE=197.4961 WCE=2857 bias=-66.6250
[pop00_soft:00400] loss=0.951834 tau=3.00 collapse_w=0.000 mid_frac=0.232 hard=score=26.2329328553 wNMSE=0.24891767 wMSE=23849.6105 wMRED=1.73088293 wER=0.451887 wMAE=58.6395 wBias=-24.5313 condBias=74.5387 dotDrift=-10.166sigma uMRED=0.2756980425 uER=0.503174 uMAE=172.9199 WCE=2228 bias=-38.2500
[pop00_soft:00600] loss=0.180985 tau=3.75 collapse_w=0.000 mid_frac=0.179 hard=score=34.8614465263 wNMSE=0.18728319 wMSE=17944.2107 wMRED=1.56560917 wER=0.412662 wMAE=51.9279 wBias=-28.3970 condBias=72.7977 dotDrift=-13.567sigma uMRED=0.2063426039 uER=0.476074 uMAE=128.0820 WCE=1304 bias=-43.0000
[pop00_soft:00800] loss=0.109159 tau=4.50 collapse_w=0.084 mid_frac=0.173 hard=score=28.4189897179 wNMSE=0.16294552 wMSE=15612.3397 wMRED=1.16331703 wER=0.360068 wMAE=41.3229 wBias=-25.6240 condBias=68.5666 dotDrift=-13.125sigma uMRED=0.2030934119 uER=0.431152 uMAE=128.7500 WCE=1264 bias=-60.7500
[pop00_soft:01000] loss=0.078621 tau=5.25 collapse_w=0.293 mid_frac=0.149 hard=score=32.8527151605 wNMSE=0.16705834 wMSE=16006.4025 wMRED=1.16753507 wER=0.360068 wMAE=41.5864 wBias=-27.5699 condBias=69.3122 dotDrift=-13.947sigma uMRED=0.2039365834 uER=0.431152 uMAE=129.1406 WCE=1264 bias=-62.6250
[pop00_soft:01199] loss=0.052887 tau=6.00 collapse_w=0.500 mid_frac=0.125 hard=score=32.8527151605 wNMSE=0.16705834 wMSE=16006.4025 wMRED=1.16753507 wER=0.360068 wMAE=41.5864 wBias=-27.5699 condBias=69.3122 dotDrift=-13.947sigma uMRED=0.2039365834 uER=0.431152 uMAE=129.1406 WCE=1264 bias=-62.6250
[pop00_hard:00000] loss=32.875698 tau=6.00 collapse_w=0.500 mid_frac=0.125 hard=score=32.8527151605 wNMSE=0.16705834 wMSE=16006.4025 wMRED=1.16753507 wER=0.360068 wMAE=41.5864 wBias=-27.5699 condBias=69.3122 dotDrift=-13.947sigma uMRED=0.2039365834 uER=0.431152 uMAE=129.1406 WCE=1264 bias=-62.6250
[pop00_hard:00200] loss=32.871830 tau=6.00 collapse_w=0.500 mid_frac=0.125 hard=score=32.8527151605 wNMSE=0.16705834 wMSE=16006.4025 wMRED=1.16753507 wER=0.360068 wMAE=41.5864 wBias=-27.5699 condBias=69.3122 dotDrift=-13.947sigma uMRED=0.2039365834 uER=0.431152 uMAE=129.1406 WCE=1264 bias=-62.6250
[pop00_hard:00400] loss=1.309188 tau=6.00 collapse_w=0.500 mid_frac=0.107 hard=score=1.2836368189 wNMSE=0.1930999 wMSE=18501.5285 wMRED=1.31853918 wER=0.367423 wMAE=47.6450 wBias=-4.5639 condBias=76.0234 dotDrift=-2.147sigma uMRED=0.2193967107 uER=0.445801 uMAE=136.8359 WCE=1248 bias=-30.6250
[pop00_hard:00599] loss=0.585452 tau=6.00 collapse_w=0.500 mid_frac=0.101 hard=score=0.5455137441 wNMSE=0.19649944 wMSE=18827.2496 wMRED=1.62480191 wER=0.403536 wMAE=52.6398 wBias=1.8366 condBias=76.6931 dotDrift=+0.857sigma uMRED=0.2233672266 uER=0.442871 uMAE=134.8359 WCE=1248 bias=-24.6250
[pop00] done (conf=0.53, noise=0.5); global best score=0.1216513198 wNMSE=0.031187266 wMSE=2988.1532 wMRED=0.46438050 wER=0.280224 wMAE=13.5088 wBias=0.1212 condBias=29.7488 dotDrift=+0.142sigma uMRED=0.0724672675 uER=0.324707 uMAE=45.4180 WCE=1160 bias=-29.6250
[pop01_soft:00000] loss=21.569813 tau=1.50 collapse_w=0.000 mid_frac=0.446 hard=score=570.0896227351 wNMSE=20.927333 wMSE=2005115.7486 wMRED=45.76405511 wER=0.579929 wMAE=770.2910 wBias=111.8038 condBias=781.5277 dotDrift=+5.053sigma uMRED=1.7169761835 uER=0.575195 uMAE=571.0796 WCE=3615 bias=43.8750
[pop01_soft:00200] loss=14.758229 tau=2.25 collapse_w=0.000 mid_frac=0.429 hard=score=390.9613848508 wNMSE=12.452153 wMSE=1193081.1985 wMRED=36.70718141 wER=0.580189 wMAE=601.4083 wBias=-93.0237 condBias=623.4014 dotDrift=-5.451sigma uMRED=1.3879368974 uER=0.575928 uMAE=443.9443 WCE=3401 bias=-140.7500
[pop01_soft:00400] loss=15.532700 tau=3.00 collapse_w=0.000 mid_frac=0.440 hard=score=155.9947433499 wNMSE=10.612645 wMSE=1016832.0219 wMRED=33.20124203 wER=0.546282 wMAE=558.5497 wBias=-56.8280 condBias=566.0258 dotDrift=-3.607sigma uMRED=1.2703661810 uER=0.564209 uMAE=418.4067 WCE=2981 bias=-88.0625
[pop01_soft:00600] loss=8.515043 tau=3.75 collapse_w=0.000 mid_frac=0.435 hard=score=320.2458625680 wNMSE=0.81583043 wMSE=78167.3626 wMRED=4.30864229 wER=0.527244 wMAE=125.5419 wBias=-86.3556 condBias=146.2686 dotDrift=-19.768sigma uMRED=0.4073932465 uER=0.557617 uMAE=229.6396 WCE=2128 bias=-54.9375
[pop01_soft:00800] loss=4.523838 tau=4.50 collapse_w=0.084 mid_frac=0.387 hard=score=495.4601384025 wNMSE=0.8266018 wMSE=79199.4026 wMRED=4.63831514 wER=0.520864 wMAE=127.7564 wBias=-107.4938 condBias=175.7130 dotDrift=-24.446sigma uMRED=0.3707015941 uER=0.555176 uMAE=191.1489 WCE=1872 bias=-159.3125
[pop01_soft:01000] loss=2.029833 tau=5.25 collapse_w=0.293 mid_frac=0.345 hard=score=411.6599234398 wNMSE=0.70246262 wMSE=67305.2245 wMRED=4.50762597 wER=0.520974 wMAE=117.8574 wBias=-97.9913 condBias=160.6198 dotDrift=-24.174sigma uMRED=0.3300304084 uER=0.558105 uMAE=175.3208 WCE=1364 bias=-133.9375
[pop01_soft:01199] loss=1.575622 tau=6.00 collapse_w=0.500 mid_frac=0.321 hard=score=168.6380747391 wNMSE=0.66816034 wMSE=64018.6113 wMRED=2.25724901 wER=0.516809 wMAE=87.6868 wBias=-62.5751 condBias=131.3079 dotDrift=-15.828sigma uMRED=0.3095182033 uER=0.557129 uMAE=181.6816 WCE=1620 bias=-159.1875
[pop01_hard:00000] loss=168.708527 tau=6.00 collapse_w=0.500 mid_frac=0.321 hard=score=168.6380747391 wNMSE=0.66816034 wMSE=64018.6113 wMRED=2.25724901 wER=0.516809 wMAE=87.6868 wBias=-62.5751 condBias=131.3079 dotDrift=-15.828sigma uMRED=0.3095182033 uER=0.557129 uMAE=181.6816 WCE=1620 bias=-159.1875
[pop01_hard:00200] loss=168.704636 tau=6.00 collapse_w=0.500 mid_frac=0.321 hard=score=168.6380747391 wNMSE=0.66816034 wMSE=64018.6113 wMRED=2.25724901 wER=0.516809 wMAE=87.6868 wBias=-62.5751 condBias=131.3079 dotDrift=-15.828sigma uMRED=0.3095182033 uER=0.557129 uMAE=181.6816 WCE=1620 bias=-159.1875
[pop01_hard:00400] loss=168.706345 tau=6.00 collapse_w=0.500 mid_frac=0.310 hard=score=168.6380747391 wNMSE=0.66816034 wMSE=64018.6113 wMRED=2.25724901 wER=0.516809 wMAE=87.6868 wBias=-62.5751 condBias=131.3079 dotDrift=-15.828sigma uMRED=0.3095182033 uER=0.557129 uMAE=181.6816 WCE=1620 bias=-159.1875
[pop01_hard:00599] loss=9.594468 tau=6.00 collapse_w=0.500 mid_frac=0.214 hard=score=9.5221704536 wNMSE=1.7829428 wMSE=170829.5414 wMRED=2.94306342 wER=0.489170 wMAE=129.7404 wBias=12.5123 condBias=205.8929 dotDrift=+1.937sigma uMRED=0.4116156370 uER=0.547852 uMAE=230.5435 WCE=2176 bias=-27.3125
[pop01] done (conf=0.51, noise=1.0); global best score=0.1216513198 wNMSE=0.031187266 wMSE=2988.1532 wMRED=0.46438050 wER=0.280224 wMAE=13.5088 wBias=0.1212 condBias=29.7488 dotDrift=+0.142sigma uMRED=0.0724672675 uER=0.324707 uMAE=45.4180 WCE=1160 bias=-29.6250
[pop02_soft:00000] loss=19.544441 tau=1.50 collapse_w=0.000 mid_frac=0.381 hard=score=12.7974569531 wNMSE=1.8461704 wMSE=176887.5812 wMRED=10.94307392 wER=0.572480 wMAE=234.8159 wBias=14.4133 condBias=215.6673 dotDrift=+2.193sigma uMRED=0.5623403528 uER=0.571533 uMAE=265.6201 WCE=2120 bias=51.8125
[pop02_soft:00200] loss=5.582212 tau=2.25 collapse_w=0.000 mid_frac=0.298 hard=score=306.8375767962 wNMSE=1.3730383 wMSE=131555.2617 wMRED=8.15080290 wER=0.535420 wMAE=170.2980 wBias=-84.3880 condBias=178.5207 dotDrift=-14.890sigma uMRED=0.4810238990 uER=0.561768 uMAE=236.7109 WCE=1920 bias=-44.6250
[pop02_soft:00400] loss=1.325168 tau=3.00 collapse_w=0.000 mid_frac=0.238 hard=score=109.9563635741 wNMSE=0.22267359 wMSE=21335.0800 wMRED=2.69892485 wER=0.506967 wMAE=75.8753 wBias=-50.6268 condBias=74.6313 dotDrift=-22.183sigma uMRED=0.2210308751 uER=0.535400 uMAE=133.0352 WCE=1136 bias=-70.2500
[pop02_soft:00600] loss=0.244641 tau=3.75 collapse_w=0.000 mid_frac=0.220 hard=score=12.3032948951 wNMSE=0.15282337 wMSE=14642.5029 wMRED=1.81990597 wER=0.463697 wMAE=52.7368 wBias=-16.7316 condBias=69.0941 dotDrift=-8.849sigma uMRED=0.1766345540 uER=0.508301 uMAE=104.0898 WCE=1072 bias=-35.5000
[pop02_soft:00800] loss=0.154356 tau=4.50 collapse_w=0.084 mid_frac=0.202 hard=score=8.3030718963 wNMSE=0.13226475 wMSE=12672.7154 wMRED=1.63107559 wER=0.452417 wMAE=46.6093 wBias=-13.6918 condBias=65.1067 dotDrift=-7.784sigma uMRED=0.1544163010 uER=0.493652 uMAE=81.8438 WCE=912 bias=-33.0000
[pop02_soft:01000] loss=0.103593 tau=5.25 collapse_w=0.293 mid_frac=0.149 hard=score=5.2776599222 wNMSE=0.11423706 wMSE=10945.4238 wMRED=1.41892620 wER=0.423684 wMAE=39.6439 wBias=-10.8438 condBias=55.6785 dotDrift=-6.634sigma uMRED=0.1321794617 uER=0.454590 uMAE=69.0117 WCE=912 bias=-36.0000
[pop02_soft:01199] loss=0.067233 tau=6.00 collapse_w=0.500 mid_frac=0.149 hard=score=4.2425138984 wNMSE=0.11810067 wMSE=11315.6087 wMRED=1.42816004 wER=0.425678 wMAE=40.8347 wBias=-9.6530 condBias=56.7792 dotDrift=-5.808sigma uMRED=0.1422912561 uER=0.466309 uMAE=77.0117 WCE=912 bias=-28.0000
[pop02_hard:00000] loss=4.296798 tau=6.00 collapse_w=0.500 mid_frac=0.149 hard=score=4.2425138984 wNMSE=0.11810067 wMSE=11315.6087 wMRED=1.42816004 wER=0.425678 wMAE=40.8347 wBias=-9.6530 condBias=56.7792 dotDrift=-5.808sigma uMRED=0.1422912561 uER=0.466309 uMAE=77.0117 WCE=912 bias=-28.0000
[pop02_hard:00200] loss=4.292396 tau=6.00 collapse_w=0.500 mid_frac=0.149 hard=score=4.2425138984 wNMSE=0.11810067 wMSE=11315.6087 wMRED=1.42816004 wER=0.425678 wMAE=40.8347 wBias=-9.6530 condBias=56.7792 dotDrift=-5.808sigma uMRED=0.1422912561 uER=0.466309 uMAE=77.0117 WCE=912 bias=-28.0000
[pop02_hard:00400] loss=0.671741 tau=6.00 collapse_w=0.500 mid_frac=0.137 hard=score=3.0331507268 wNMSE=0.11572483 wMSE=11087.9718 wMRED=1.41498826 wER=0.430712 wMAE=41.4499 wBias=-8.0657 condBias=53.7595 dotDrift=-4.902sigma uMRED=0.1410352915 uER=0.475098 uMAE=77.7891 WCE=912 bias=-26.0000
[pop02_hard:00599] loss=3.079071 tau=6.00 collapse_w=0.500 mid_frac=0.137 hard=score=3.0331507268 wNMSE=0.11572483 wMSE=11087.9718 wMRED=1.41498826 wER=0.430712 wMAE=41.4499 wBias=-8.0657 condBias=53.7595 dotDrift=-4.902sigma uMRED=0.1410352915 uER=0.475098 uMAE=77.7891 WCE=912 bias=-26.0000
[pop02] done (conf=0.53, noise=0.5); global best score=0.1216513198 wNMSE=0.031187266 wMSE=2988.1532 wMRED=0.46438050 wER=0.280224 wMAE=13.5088 wBias=0.1212 condBias=29.7488 dotDrift=+0.142sigma uMRED=0.0724672675 uER=0.324707 uMAE=45.4180 WCE=1160 bias=-29.6250
[pop03_soft:00000] loss=5.266492 tau=1.50 collapse_w=0.000 mid_frac=0.429 hard=score=523.1647630367 wNMSE=7.4600964 wMSE=714776.0603 wMRED=27.14284156 wER=0.580288 wMAE=453.7120 wBias=-109.2845 condBias=461.8420 dotDrift=-8.273sigma uMRED=1.1669667664 uER=0.578125 uMAE=430.9092 WCE=3041 bias=-19.0625
[pop03_soft:00200] loss=4.108395 tau=2.25 collapse_w=0.000 mid_frac=0.405 hard=score=895.9114804763 wNMSE=2.4177804 wMSE=231655.3918 wMRED=9.54955310 wER=0.572146 wMAE=207.9234 wBias=144.4648 condBias=244.5214 dotDrift=+19.210sigma uMRED=0.5380346204 uER=0.574463 uMAE=231.2969 WCE=3089 bias=137.9375
[pop03_soft:00400] loss=1.558881 tau=3.00 collapse_w=0.000 mid_frac=0.369 hard=score=52.3922104698 wNMSE=0.21376521 wMSE=20481.5391 wMRED=2.36359601 wER=0.544391 wMAE=70.6721 wBias=34.8627 condBias=84.8373 dotDrift=+15.591sigma uMRED=0.2323428234 uER=0.566406 uMAE=141.9785 WCE=1264 bias=49.7500
[pop03_soft:00600] loss=0.385946 tau=3.75 collapse_w=0.000 mid_frac=0.333 hard=score=0.4761545221 wNMSE=0.15712594 wMSE=15054.7469 wMRED=2.06921384 wER=0.510636 wMAE=59.2631 wBias=-1.5711 condBias=70.6398 dotDrift=-0.819sigma uMRED=0.1912827394 uER=0.547363 uMAE=108.1641 WCE=1648 bias=-53.5000
[pop03_soft:00800] loss=0.234989 tau=4.50 collapse_w=0.084 mid_frac=0.333 hard=score=2.3989405142 wNMSE=0.13072768 wMSE=12525.4434 wMRED=1.44282017 wER=0.510304 wMAE=48.7892 wBias=-6.9852 condBias=63.4908 dotDrift=-3.995sigma uMRED=0.1705670979 uER=0.536377 uMAE=101.7812 WCE=1568 bias=-54.5000
[pop03_soft:01000] loss=0.172434 tau=5.25 collapse_w=0.293 mid_frac=0.327 hard=score=6.0526932343 wNMSE=0.1346216 wMSE=12898.5324 wMRED=1.41512808 wER=0.501650 wMAE=47.0941 wBias=-11.5795 condBias=64.7043 dotDrift=-6.525sigma uMRED=0.1700828965 uER=0.534180 uMAE=101.9941 WCE=1568 bias=-59.5000
[pop03_soft:01199] loss=0.130786 tau=6.00 collapse_w=0.500 mid_frac=0.321 hard=score=8.3117026619 wNMSE=0.13562477 wMSE=12994.6496 wMRED=1.33017603 wER=0.498961 wMAE=45.6792 wBias=-13.6700 condBias=64.9507 dotDrift=-7.675sigma uMRED=0.1683823425 uER=0.533203 uMAE=102.0410 WCE=1568 bias=-61.5000
[pop03_hard:00000] loss=8.335911 tau=6.00 collapse_w=0.500 mid_frac=0.321 hard=score=8.3117026619 wNMSE=0.13562477 wMSE=12994.6496 wMRED=1.33017603 wER=0.498961 wMAE=45.6792 wBias=-13.6700 condBias=64.9507 dotDrift=-7.675sigma uMRED=0.1683823425 uER=0.533203 uMAE=102.0410 WCE=1568 bias=-61.5000
[pop03_hard:00200] loss=8.333404 tau=6.00 collapse_w=0.500 mid_frac=0.321 hard=score=8.3117026619 wNMSE=0.13562477 wMSE=12994.6496 wMRED=1.33017603 wER=0.498961 wMAE=45.6792 wBias=-13.6700 condBias=64.9507 dotDrift=-7.675sigma uMRED=0.1683823425 uER=0.533203 uMAE=102.0410 WCE=1568 bias=-61.5000
[pop03_hard:00400] loss=0.370509 tau=6.00 collapse_w=0.500 mid_frac=0.274 hard=score=0.3127823674 wNMSE=0.13601199 wMSE=13031.7506 wMRED=1.75889933 wER=0.508518 wMAE=53.3830 wBias=-0.3955 condBias=64.4022 dotDrift=-0.222sigma uMRED=0.1674820059 uER=0.538330 uMAE=98.4785 WCE=1264 bias=-37.0000
[pop03_hard:00599] loss=0.370006 tau=6.00 collapse_w=0.500 mid_frac=0.268 hard=score=0.3099705797 wNMSE=0.13668936 wMSE=13096.6511 wMRED=1.76163778 wER=0.508688 wMAE=53.6968 wBias=0.2010 condBias=64.7658 dotDrift=+0.112sigma uMRED=0.1705455413 uER=0.540039 uMAE=100.7070 WCE=1264 bias=-33.0000
[pop03] done (conf=0.51, noise=1.0); global best score=0.1216513198 wNMSE=0.031187266 wMSE=2988.1532 wMRED=0.46438050 wER=0.280224 wMAE=13.5088 wBias=0.1212 condBias=29.7488 dotDrift=+0.142sigma uMRED=0.0724672675 uER=0.324707 uMAE=45.4180 WCE=1160 bias=-29.6250
[pop04_soft:00000] loss=8.617196 tau=1.50 collapse_w=0.000 mid_frac=0.351 hard=score=127.5459666495 wNMSE=1.2592507 wMSE=120652.8980 wMRED=8.41870318 wER=0.554711 wMAE=182.4986 wBias=54.1170 condBias=164.3234 dotDrift=+9.971sigma uMRED=0.4858120563 uER=0.569336 uMAE=267.0200 WCE=2800 bias=80.3125
[pop04_soft:00200] loss=4.675895 tau=2.25 collapse_w=0.000 mid_frac=0.327 hard=score=16.9279080283 wNMSE=0.60252148 wMSE=57729.5396 wMRED=4.47665822 wER=0.523804 wMAE=128.9491 wBias=19.2453 condBias=96.1152 dotDrift=+5.126sigma uMRED=0.3387312872 uER=0.543213 uMAE=216.0469 WCE=2800 bias=95.7500
[pop04_soft:00400] loss=2.426234 tau=3.00 collapse_w=0.000 mid_frac=0.238 hard=score=84.9041399756 wNMSE=3.2918073 wMSE=315398.7492 wMRED=17.35640662 wER=0.461429 wMAE=189.9701 wBias=-42.9969 condBias=327.7191 dotDrift=-4.900sigma uMRED=0.6495139216 uER=0.524414 uMAE=228.5234 WCE=3528 bias=49.8750
[pop04_soft:00600] loss=0.747871 tau=3.75 collapse_w=0.000 mid_frac=0.185 hard=score=4.6587632667 wNMSE=0.35705376 wMSE=34210.4796 wMRED=2.45647855 wER=0.447185 wMAE=83.5844 wBias=-9.7105 condBias=87.9269 dotDrift=-3.360sigma uMRED=0.2850244155 uER=0.494385 uMAE=163.9414 WCE=1504 bias=34.0000
[pop04_soft:00800] loss=0.401665 tau=4.50 collapse_w=0.084 mid_frac=0.167 hard=score=4.5897983360 wNMSE=0.34531933 wMSE=33086.1663 wMRED=2.35554919 wER=0.427726 wMAE=79.7738 wBias=-9.6448 condBias=86.8980 dotDrift=-3.394sigma uMRED=0.2781491693 uER=0.470215 uMAE=158.9297 WCE=1424 bias=-21.0000
[pop04_soft:01000] loss=0.318635 tau=5.25 collapse_w=0.293 mid_frac=0.131 hard=score=1.2265315072 wNMSE=0.2824514 wMSE=27062.5855 wMRED=2.18303190 wER=0.420297 wMAE=68.7283 wBias=3.9866 condBias=78.7687 dotDrift=+1.551sigma uMRED=0.2479426559 uER=0.463623 uMAE=142.1562 WCE=1360 bias=-6.0000
[pop04_soft:01199] loss=0.233171 tau=6.00 collapse_w=0.500 mid_frac=0.125 hard=score=1.2265315072 wNMSE=0.2824514 wMSE=27062.5855 wMRED=2.18303190 wER=0.420297 wMAE=68.7283 wBias=3.9866 condBias=78.7687 dotDrift=+1.551sigma uMRED=0.2479426559 uER=0.463623 uMAE=142.1562 WCE=1360 bias=-6.0000
[pop04_hard:00000] loss=1.293884 tau=6.00 collapse_w=0.500 mid_frac=0.125 hard=score=1.2265315072 wNMSE=0.2824514 wMSE=27062.5855 wMRED=2.18303190 wER=0.420297 wMAE=68.7283 wBias=3.9866 condBias=78.7687 dotDrift=+1.551sigma uMRED=0.2479426559 uER=0.463623 uMAE=142.1562 WCE=1360 bias=-6.0000
[pop04_hard:00200] loss=8.744342 tau=6.00 collapse_w=0.500 mid_frac=0.119 hard=score=8.6871937868 wNMSE=0.20000525 wMSE=19163.1524 wMRED=2.06145631 wER=0.420297 wMAE=61.3513 wBias=-13.9384 condBias=62.7935 dotDrift=-6.444sigma uMRED=0.2169701803 uER=0.463623 uMAE=125.4062 WCE=1360 bias=26.0000
[pop04_hard:00400] loss=2.566150 tau=6.00 collapse_w=0.500 mid_frac=0.083 hard=score=2.5202505982 wNMSE=0.17801765 wMSE=17056.4489 wMRED=1.89854486 wER=0.419076 wMAE=57.5291 wBias=-7.1196 condBias=58.1703 dotDrift=-3.489sigma uMRED=0.1897563347 uER=0.459717 uMAE=109.9492 WCE=1360 bias=46.0000
[pop04_hard:00599] loss=1.342667 tau=6.00 collapse_w=0.500 mid_frac=0.071 hard=score=1.2992920871 wNMSE=0.1844229 wMSE=17670.1566 wMRED=1.90017224 wER=0.420741 wMAE=58.6205 wBias=-4.6778 condBias=58.3901 dotDrift=-2.252sigma uMRED=0.1903894040 uER=0.472168 uMAE=110.8398 WCE=1360 bias=50.0000
[pop04] done (conf=0.53, noise=0.5); global best score=0.1216513198 wNMSE=0.031187266 wMSE=2988.1532 wMRED=0.46438050 wER=0.280224 wMAE=13.5088 wBias=0.1212 condBias=29.7488 dotDrift=+0.142sigma uMRED=0.0724672675 uER=0.324707 uMAE=45.4180 WCE=1160 bias=-29.6250
[pop05_soft:00000] loss=14.825559 tau=1.50 collapse_w=0.000 mid_frac=0.417 hard=score=1008.9023667183 wNMSE=5.047467 wMSE=483614.2038 wMRED=10.52897604 wER=0.579453 wMAE=302.1281 wBias=153.0075 condBias=357.6947 dotDrift=+14.081sigma uMRED=0.7734385618 uER=0.573730 uMAE=435.0986 WCE=3422 bias=143.1250
[pop05_soft:00200] loss=6.237244 tau=2.25 collapse_w=0.000 mid_frac=0.393 hard=score=315.0613222944 wNMSE=1.7031384 wMSE=163183.2240 wMRED=4.31955923 wER=0.539314 wMAE=126.2861 wBias=-85.4744 condBias=180.5802 dotDrift=-13.542sigma uMRED=0.4537245033 uER=0.557617 uMAE=250.8877 WCE=2928 bias=-138.2500
[pop05_soft:00400] loss=3.462339 tau=3.00 collapse_w=0.000 mid_frac=0.387 hard=score=3.0726742684 wNMSE=0.18604324 wMSE=17825.4073 wMRED=1.74556702 wER=0.455137 wMAE=58.3366 wBias=8.0136 condBias=66.5171 dotDrift=+3.841sigma uMRED=0.1798744862 uER=0.522949 uMAE=108.9980 WCE=768 bias=49.0000
[pop05_soft:00600] loss=1.781094 tau=3.75 collapse_w=0.000 mid_frac=0.339 hard=score=11.1930428410 wNMSE=0.2683369 wMSE=25710.2300 wMRED=1.77678792 wER=0.458227 wMAE=63.6012 wBias=15.8141 condBias=82.8200 dotDrift=+6.312sigma uMRED=0.2513524048 uER=0.510498 uMAE=150.0723 WCE=1424 bias=33.8750
[pop05_soft:00800] loss=0.805447 tau=4.50 collapse_w=0.084 mid_frac=0.292 hard=score=3.7802294170 wNMSE=0.30487425 wMSE=29210.9915 wMRED=1.80900495 wER=0.458026 wMAE=67.3306 wBias=8.6945 condBias=85.7175 dotDrift=+3.256sigma uMRED=0.2776767635 uER=0.507568 uMAE=168.4629 WCE=1424 bias=-3.1250
[pop05_soft:01000] loss=0.547429 tau=5.25 collapse_w=0.293 mid_frac=0.280 hard=score=1.9964233764 wNMSE=0.23008895 wMSE=22045.5691 wMRED=1.49597819 wER=0.423667 wMAE=56.2056 wBias=-6.0614 condBias=71.1201 dotDrift=-2.613sigma uMRED=0.2219629128 uER=0.492920 uMAE=134.4141 WCE=1424 bias=-41.8750
[pop05_soft:01199] loss=0.418266 tau=6.00 collapse_w=0.500 mid_frac=0.280 hard=score=1.2891684439 wNMSE=0.29515945 wMSE=28280.1854 wMRED=1.53007506 wER=0.424114 wMAE=60.8216 wBias=-4.2273 condBias=81.6296 dotDrift=-1.609sigma uMRED=0.2688225471 uER=0.495850 uMAE=166.1016 WCE=1424 bias=-13.8750
[pop05_hard:00000] loss=1.326632 tau=6.00 collapse_w=0.500 mid_frac=0.280 hard=score=1.2891684439 wNMSE=0.29515945 wMSE=28280.1854 wMRED=1.53007506 wER=0.424114 wMAE=60.8216 wBias=-4.2273 condBias=81.6296 dotDrift=-1.609sigma uMRED=0.2688225471 uER=0.495850 uMAE=166.1016 WCE=1424 bias=-13.8750
[pop05_hard:00200] loss=1.323221 tau=6.00 collapse_w=0.500 mid_frac=0.274 hard=score=1.2891684439 wNMSE=0.29515945 wMSE=28280.1854 wMRED=1.53007506 wER=0.424114 wMAE=60.8216 wBias=-4.2273 condBias=81.6296 dotDrift=-1.609sigma uMRED=0.2688225471 uER=0.495850 uMAE=166.1016 WCE=1424 bias=-13.8750
[pop05_hard:00400] loss=1.321941 tau=6.00 collapse_w=0.500 mid_frac=0.256 hard=score=0.6322400548 wNMSE=0.30209673 wMSE=28944.8682 wMRED=1.82482110 wER=0.453416 wMAE=66.2365 wBias=1.4703 condBias=83.7726 dotDrift=+0.553sigma uMRED=0.2774938221 uER=0.503906 uMAE=168.0234 WCE=1424 bias=-11.8750
[pop05_hard:00599] loss=0.576425 tau=6.00 collapse_w=0.500 mid_frac=0.268 hard=score=0.7504854874 wNMSE=0.24442425 wMSE=23419.0814 wMRED=1.49604789 wER=0.424114 wMAE=57.1672 wBias=2.6996 condBias=73.0640 dotDrift=+1.129sigma uMRED=0.2265684848 uER=0.495850 uMAE=137.8828 WCE=1272 bias=66.1250
[pop05] done (conf=0.51, noise=1.0); global best score=0.1216513198 wNMSE=0.031187266 wMSE=2988.1532 wMRED=0.46438050 wER=0.280224 wMAE=13.5088 wBias=0.1212 condBias=29.7488 dotDrift=+0.142sigma uMRED=0.0724672675 uER=0.324707 uMAE=45.4180 WCE=1160 bias=-29.6250
[pop06_soft:00000] loss=21.057205 tau=1.50 collapse_w=0.000 mid_frac=0.298 hard=score=4737.5162565912 wNMSE=18.254857 wMSE=1749057.0819 wMRED=37.38541449 wER=0.579749 wMAE=649.9104 wBias=331.7181 condBias=730.1058 dotDrift=+16.053sigma uMRED=1.3023345978 uER=0.575928 uMAE=390.5635 WCE=3956 bias=177.3750
[pop06_soft:00200] loss=6.893456 tau=2.25 collapse_w=0.000 mid_frac=0.292 hard=score=869.0096978841 wNMSE=7.8823842 wMSE=755236.8244 wMRED=26.36811753 wER=0.557700 wMAE=398.8042 wBias=-141.5226 condBias=403.4928 dotDrift=-10.422sigma uMRED=0.8972250419 uER=0.554688 uMAE=270.8926 WCE=3732 bias=-98.0000
[pop06_soft:00400] loss=1.150426 tau=3.00 collapse_w=0.000 mid_frac=0.214 hard=score=15.4579833715 wNMSE=0.56438425 wMSE=54075.4874 wMRED=1.97712054 wER=0.456003 wMAE=73.9274 wBias=-18.3935 condBias=88.3082 dotDrift=-5.062sigma uMRED=0.3253535343 uER=0.525146 uMAE=183.0156 WCE=3396 bias=-16.0000
[pop06_soft:00600] loss=0.209069 tau=3.75 collapse_w=0.000 mid_frac=0.173 hard=score=10.9096681744 wNMSE=0.29508662 wMSE=28273.2069 wMRED=1.59175223 wER=0.403135 wMAE=61.7005 wBias=-15.5812 condBias=87.1667 dotDrift=-5.931sigma uMRED=0.2516417126 uER=0.486816 uMAE=155.8535 WCE=1200 bias=-28.5000
[pop06_soft:00800] loss=0.127253 tau=4.50 collapse_w=0.084 mid_frac=0.185 hard=score=6.7017073010 wNMSE=0.24186064 wMSE=23173.4536 wMRED=1.26101348 wER=0.410402 wMAE=51.3053 wBias=-12.0926 condBias=77.5978 dotDrift=-5.084sigma uMRED=0.2076379464 uER=0.484131 uMAE=124.9590 WCE=1312 bias=-73.6250
[pop06_soft:01000] loss=0.100038 tau=5.25 collapse_w=0.293 mid_frac=0.143 hard=score=8.7929435584 wNMSE=0.24466489 wMSE=23442.1372 wMRED=1.23568554 wER=0.379827 wMAE=50.8083 wBias=-13.9661 condBias=78.1577 dotDrift=-5.838sigma uMRED=0.2077093059 uER=0.467529 uMAE=125.3008 WCE=1312 bias=-75.3750
[pop06_soft:01199] loss=0.067591 tau=6.00 collapse_w=0.500 mid_frac=0.131 hard=score=4.8945529618 wNMSE=0.23686902 wMSE=22695.1895 wMRED=1.23201068 wER=0.379827 wMAE=50.4436 wBias=-10.2294 condBias=75.5096 dotDrift=-4.346sigma uMRED=0.1959690676 uER=0.467529 uMAE=119.4258 WCE=1024 bias=-11.3750
[pop06_hard:00000] loss=4.931229 tau=6.00 collapse_w=0.500 mid_frac=0.131 hard=score=4.8945529618 wNMSE=0.23686902 wMSE=22695.1895 wMRED=1.23201068 wER=0.379827 wMAE=50.4436 wBias=-10.2294 condBias=75.5096 dotDrift=-4.346sigma uMRED=0.1959690676 uER=0.467529 uMAE=119.4258 WCE=1024 bias=-11.3750
[pop06_hard:00200] loss=2.019227 tau=6.00 collapse_w=0.500 mid_frac=0.131 hard=score=1.9813231989 wNMSE=0.23366233 wMSE=22387.9469 wMRED=1.34756983 wER=0.392492 wMAE=52.3443 wBias=-6.0483 condBias=74.7530 dotDrift=-2.587sigma uMRED=0.1976087918 uER=0.475342 uMAE=118.9258 WCE=1024 bias=-7.3750
[pop06_hard:00400] loss=0.611944 tau=6.00 collapse_w=0.500 mid_frac=0.119 hard=score=0.5750643858 wNMSE=0.22041339 wMSE=21118.5225 wMRED=1.34806063 wER=0.391696 wMAE=50.9378 wBias=-1.9610 condBias=76.3398 dotDrift=-0.864sigma uMRED=0.1877458125 uER=0.473145 uMAE=111.0352 WCE=1024 bias=4.6250
[pop06_hard:00599] loss=0.610318 tau=6.00 collapse_w=0.500 mid_frac=0.113 hard=score=0.4199834272 wNMSE=0.20054226 wMSE=19214.6051 wMRED=1.31932491 wER=0.390346 wMAE=48.0102 wBias=0.9666 condBias=72.4243 dotDrift=+0.446sigma uMRED=0.1634602743 uER=0.467285 uMAE=95.0352 WCE=1024 bias=20.6250
[pop06] done (conf=0.53, noise=0.5); global best score=0.1216513198 wNMSE=0.031187266 wMSE=2988.1532 wMRED=0.46438050 wER=0.280224 wMAE=13.5088 wBias=0.1212 condBias=29.7488 dotDrift=+0.142sigma uMRED=0.0724672675 uER=0.324707 uMAE=45.4180 WCE=1160 bias=-29.6250
[pop07_soft:00000] loss=8.690978 tau=1.50 collapse_w=0.000 mid_frac=0.405 hard=score=814.3142174459 wNMSE=4.3692904 wMSE=418635.9050 wMRED=22.09869960 wER=0.580288 wMAE=287.5345 wBias=137.4175 condBias=283.7660 dotDrift=+13.593sigma uMRED=0.9152607839 uER=0.578125 uMAE=322.3066 WCE=3882 bias=62.3750
[pop07_soft:00200] loss=5.291147 tau=2.25 collapse_w=0.000 mid_frac=0.381 hard=score=63.5396981284 wNMSE=2.7690732 wMSE=265313.8969 wMRED=16.67331992 wER=0.561194 wMAE=154.6802 wBias=-37.1233 condBias=263.7724 dotDrift=-4.613sigma uMRED=0.6025471047 uER=0.567139 uMAE=206.7285 WCE=3746 bias=-92.8750
[pop07_soft:00400] loss=3.983825 tau=3.00 collapse_w=0.000 mid_frac=0.339 hard=score=164.9603126989 wNMSE=0.64651599 wMSE=61944.7964 wMRED=2.96412910 wER=0.525175 wMAE=96.6826 wBias=61.9044 condBias=115.8555 dotDrift=+15.918sigma uMRED=0.3475472719 uER=0.550049 uMAE=202.4863 WCE=3712 bias=163.1250
[pop07_soft:00600] loss=1.798126 tau=3.75 collapse_w=0.000 mid_frac=0.315 hard=score=133.0058807028 wNMSE=0.46264463 wMSE=44327.4839 wMRED=2.40307187 wER=0.528124 wMAE=85.9348 wBias=55.5966 condBias=101.0873 dotDrift=+16.900sigma uMRED=0.3052084990 uER=0.556152 uMAE=182.2344 WCE=3296 bias=150.1250
[pop07_soft:00800] loss=0.480084 tau=4.50 collapse_w=0.084 mid_frac=0.298 hard=score=3.0712902660 wNMSE=0.34290904 wMSE=32855.2284 wMRED=2.29616228 wER=0.503034 wMAE=79.3257 wBias=7.5536 condBias=98.3560 dotDrift=+2.667sigma uMRED=0.2583659997 uER=0.545898 uMAE=144.9062 WCE=1216 bias=-9.3750
[pop07_soft:01000] loss=0.292541 tau=5.25 collapse_w=0.293 mid_frac=0.304 hard=score=5.4267398746 wNMSE=0.27207944 wMSE=26068.8148 wMRED=1.98923838 wER=0.532404 wMAE=69.3807 wBias=10.7229 condBias=83.8583 dotDrift=+4.250sigma uMRED=0.2331292357 uER=0.554688 uMAE=133.1270 WCE=1216 bias=-3.6250
[pop07_soft:01199] loss=0.183975 tau=6.00 collapse_w=0.500 mid_frac=0.304 hard=score=7.3153706482 wNMSE=0.27436268 wMSE=26287.5788 wMRED=1.93637984 wER=0.523358 wMAE=68.2412 wBias=12.6108 condBias=84.0223 dotDrift=+4.978sigma uMRED=0.2306395250 uER=0.549561 uMAE=132.1270 WCE=1216 bias=-1.6250
[pop07_hard:00000] loss=7.386418 tau=6.00 collapse_w=0.500 mid_frac=0.304 hard=score=7.3153706482 wNMSE=0.27436268 wMSE=26287.5788 wMRED=1.93637984 wER=0.523358 wMAE=68.2412 wBias=12.6108 condBias=84.0223 dotDrift=+4.978sigma uMRED=0.2306395250 uER=0.549561 uMAE=132.1270 WCE=1216 bias=-1.6250
[pop07_hard:00200] loss=0.703873 tau=6.00 collapse_w=0.500 mid_frac=0.292 hard=score=0.6326084871 wNMSE=0.29115064 wMSE=27896.0880 wMRED=1.99935323 wER=0.523358 wMAE=69.8711 wBias=1.5247 condBias=86.3523 dotDrift=+0.584sigma uMRED=0.2359477108 uER=0.549561 uMAE=135.1172 WCE=1252 bias=-66.6250
[pop07_hard:00400] loss=4.481941 tau=6.00 collapse_w=0.500 mid_frac=0.298 hard=score=4.4239573500 wNMSE=0.29878388 wMSE=28627.4533 wMRED=2.00407618 wER=0.523358 wMAE=70.9483 wBias=9.4913 condBias=88.2360 dotDrift=+3.590sigma uMRED=0.2733580874 uER=0.549561 uMAE=162.4824 WCE=1508 bias=-34.6250
[pop07_hard:00599] loss=3.410414 tau=6.00 collapse_w=0.500 mid_frac=0.304 hard=score=3.3527306297 wNMSE=0.29814405 wMSE=28566.1500 wMRED=1.98961572 wER=0.523358 wMAE=71.2415 wBias=8.0670 condBias=87.4102 dotDrift=+3.055sigma uMRED=0.2731362176 uER=0.549561 uMAE=162.5742 WCE=1508 bias=-35.1250
[pop07] done (conf=0.51, noise=1.0); global best score=0.1216513198 wNMSE=0.031187266 wMSE=2988.1532 wMRED=0.46438050 wER=0.280224 wMAE=13.5088 wBias=0.1212 condBias=29.7488 dotDrift=+0.142sigma uMRED=0.0724672675 uER=0.324707 uMAE=45.4180 WCE=1160 bias=-29.6250
[pop08_soft:00000] loss=21.206417 tau=1.50 collapse_w=0.000 mid_frac=0.351 hard=score=605.9337174422 wNMSE=10.249041 wMSE=981993.8529 wMRED=35.11023870 wER=0.576969 wMAE=484.6753 wBias=117.4062 condBias=438.8035 dotDrift=+7.583sigma uMRED=1.2097557532 uER=0.575195 uMAE=364.2183 WCE=3408 bias=125.0625
[pop08_soft:00200] loss=6.574922 tau=2.25 collapse_w=0.000 mid_frac=0.310 hard=score=1325.6717142600 wNMSE=3.0873128 wMSE=295805.4630 wMRED=14.97167027 wER=0.576046 wMAE=263.3162 wBias=-175.7048 condBias=323.4232 dotDrift=-20.676sigma uMRED=0.6560307101 uER=0.569336 uMAE=273.3691 WCE=2720 bias=-126.3125
[pop08_soft:00400] loss=1.593889 tau=3.00 collapse_w=0.000 mid_frac=0.250 hard=score=1.7400462590 wNMSE=0.54025822 wMSE=51763.8945 wMRED=3.81204229 wER=0.497477 wMAE=79.0422 wBias=-4.1581 condBias=88.2717 dotDrift=-1.170sigma uMRED=0.3252487166 uER=0.541992 uMAE=178.9453 WCE=3816 bias=2.2500
[pop08_soft:00600] loss=0.350869 tau=3.75 collapse_w=0.000 mid_frac=0.179 hard=score=1.3922694379 wNMSE=0.24703454 wMSE=23669.1812 wMRED=1.94805026 wER=0.465627 wMAE=63.9195 wBias=4.5490 condBias=86.7316 dotDrift=+1.892sigma uMRED=0.2355861708 uER=0.522949 uMAE=143.3398 WCE=1572 bias=-24.6250
[pop08_soft:00800] loss=0.234717 tau=4.50 collapse_w=0.084 mid_frac=0.179 hard=score=9.3083954930 wNMSE=0.23768493 wMSE=22773.3649 wMRED=1.83067055 wER=0.411628 wMAE=59.8789 wBias=14.3703 condBias=83.0307 dotDrift=+6.094sigma uMRED=0.2261554274 uER=0.465820 uMAE=138.4766 WCE=1556 bias=-14.5000
[pop08_soft:01000] loss=0.175797 tau=5.25 collapse_w=0.293 mid_frac=0.161 hard=score=14.8195533609 wNMSE=0.2432058 wMSE=23302.3370 wMRED=1.99234465 wER=0.411754 wMAE=62.6718 wBias=18.3060 condBias=85.8237 dotDrift=+7.675sigma uMRED=0.2380217900 uER=0.468018 uMAE=135.9180 WCE=1556 bias=2.7500
[pop08_soft:01199] loss=0.120416 tau=6.00 collapse_w=0.500 mid_frac=0.137 hard=score=42.5439813193 wNMSE=0.1759339 wMSE=16856.7982 wMRED=1.82063884 wER=0.411754 wMAE=52.2488 wBias=31.3989 condBias=75.8268 dotDrift=+15.478sigma uMRED=0.2101417903 uER=0.468018 uMAE=121.9414 WCE=1556 bias=18.7500
[pop08_hard:00000] loss=42.586555 tau=6.00 collapse_w=0.500 mid_frac=0.137 hard=score=42.5439813193 wNMSE=0.1759339 wMSE=16856.7982 wMRED=1.82063884 wER=0.411754 wMAE=52.2488 wBias=31.3989 condBias=75.8268 dotDrift=+15.478sigma uMRED=0.2101417903 uER=0.468018 uMAE=121.9414 WCE=1556 bias=18.7500
[pop08_hard:00200] loss=2.297090 tau=6.00 collapse_w=0.500 mid_frac=0.155 hard=score=2.2631135395 wNMSE=0.31327729 wMSE=30016.1148 wMRED=1.62925600 wER=0.423330 wMAE=64.5406 wBias=-6.2335 condBias=94.9371 dotDrift=-2.303sigma uMRED=0.2611728582 uER=0.479736 uMAE=156.5215 WCE=1556 bias=-69.2500
[pop08_hard:00400] loss=2.294179 tau=6.00 collapse_w=0.500 mid_frac=0.149 hard=score=1.7791209842 wNMSE=0.32606983 wMSE=31241.8095 wMRED=2.06834340 wER=0.417104 wMAE=68.5640 wBias=5.1651 condBias=100.5883 dotDrift=+1.870sigma uMRED=0.2729151373 uER=0.477539 uMAE=158.1035 WCE=1556 bias=-65.2500
[pop08_hard:00599] loss=2.515075 tau=6.00 collapse_w=0.500 mid_frac=0.155 hard=score=2.2631135395 wNMSE=0.31327729 wMSE=30016.1148 wMRED=1.62925600 wER=0.423330 wMAE=64.5406 wBias=-6.2335 condBias=94.9371 dotDrift=-2.303sigma uMRED=0.2611728582 uER=0.479736 uMAE=156.5215 WCE=1556 bias=-69.2500
[pop08] done (conf=0.53, noise=0.5); global best score=0.1216513198 wNMSE=0.031187266 wMSE=2988.1532 wMRED=0.46438050 wER=0.280224 wMAE=13.5088 wBias=0.1212 condBias=29.7488 dotDrift=+0.142sigma uMRED=0.0724672675 uER=0.324707 uMAE=45.4180 WCE=1160 bias=-29.6250
[pop09_soft:00000] loss=16.081751 tau=1.50 collapse_w=0.000 mid_frac=0.506 hard=score=1942.3242027019 wNMSE=3.0848189 wMSE=295566.5169 wMRED=10.41553520 wER=0.569503 wMAE=239.7248 wBias=212.8281 condBias=379.8119 dotDrift=+25.054sigma uMRED=0.5594536844 uER=0.568604 uMAE=234.9209 WCE=3532 bias=206.5625
[pop09_soft:00200] loss=6.393773 tau=2.25 collapse_w=0.000 mid_frac=0.435 hard=score=113.8698720501 wNMSE=1.372006 wMSE=131456.3544 wMRED=10.61301460 wER=0.548395 wMAE=183.1802 wBias=50.9311 condBias=200.4995 dotDrift=+8.990sigma uMRED=0.4137184067 uER=0.552490 uMAE=159.9395 WCE=1792 bias=-50.2500
[pop09_soft:00400] loss=2.610778 tau=3.00 collapse_w=0.000 mid_frac=0.345 hard=score=10.7876664318 wNMSE=0.16421065 wMSE=15733.5555 wMRED=1.39870735 wER=0.509833 wMAE=51.8669 wBias=15.5978 condBias=67.0192 dotDrift=+7.958sigma uMRED=0.1999697378 uER=0.548828 uMAE=124.9570 WCE=1872 bias=66.3750
[pop09_soft:00600] loss=0.649693 tau=3.75 collapse_w=0.000 mid_frac=0.310 hard=score=6.6644460320 wNMSE=0.18801811 wMSE=18014.6256 wMRED=1.42338620 wER=0.492222 wMAE=54.1890 wBias=12.1192 condBias=67.1996 dotDrift=+5.779sigma uMRED=0.2004094154 uER=0.541260 uMAE=129.1543 WCE=1376 bias=13.5000
[pop09_soft:00800] loss=0.396978 tau=4.50 collapse_w=0.084 mid_frac=0.298 hard=score=0.3985071227 wNMSE=0.14556236 wMSE=13946.8021 wMRED=1.33907449 wER=0.500807 wMAE=46.7963 wBias=1.4655 condBias=57.8951 dotDrift=+0.794sigma uMRED=0.1922811698 uER=0.535400 uMAE=124.5781 WCE=1312 bias=-17.6250
[pop09_soft:01000] loss=0.300363 tau=5.25 collapse_w=0.293 mid_frac=0.274 hard=score=0.4433905912 wNMSE=0.13660948 wMSE=13088.9975 wMRED=1.31004403 wER=0.501105 wMAE=45.1879 wBias=1.8591 condBias=55.7894 dotDrift=+1.040sigma uMRED=0.1876206057 uER=0.535400 uMAE=120.4121 WCE=1312 bias=-14.1250
[pop09_soft:01199] loss=0.222592 tau=6.00 collapse_w=0.500 mid_frac=0.274 hard=score=0.4433905912 wNMSE=0.13660948 wMSE=13088.9975 wMRED=1.31004403 wER=0.501105 wMAE=45.1879 wBias=1.8591 condBias=55.7894 dotDrift=+1.040sigma uMRED=0.1876206057 uER=0.535400 uMAE=120.4121 WCE=1312 bias=-14.1250
[pop09_hard:00000] loss=0.477767 tau=6.00 collapse_w=0.500 mid_frac=0.274 hard=score=0.4433905912 wNMSE=0.13660948 wMSE=13088.9975 wMRED=1.31004403 wER=0.501105 wMAE=45.1879 wBias=1.8591 condBias=55.7894 dotDrift=+1.040sigma uMRED=0.1876206057 uER=0.535400 uMAE=120.4121 WCE=1312 bias=-14.1250
[pop09_hard:00200] loss=0.644677 tau=6.00 collapse_w=0.500 mid_frac=0.274 hard=score=0.4433905912 wNMSE=0.13660948 wMSE=13088.9975 wMRED=1.31004403 wER=0.501105 wMAE=45.1879 wBias=1.8591 condBias=55.7894 dotDrift=+1.040sigma uMRED=0.1876206057 uER=0.535400 uMAE=120.4121 WCE=1312 bias=-14.1250
[pop09_hard:00400] loss=0.643261 tau=6.00 collapse_w=0.500 mid_frac=0.274 hard=score=0.4433905912 wNMSE=0.13660948 wMSE=13088.9975 wMRED=1.31004403 wER=0.501105 wMAE=45.1879 wBias=1.8591 condBias=55.7894 dotDrift=+1.040sigma uMRED=0.1876206057 uER=0.535400 uMAE=120.4121 WCE=1312 bias=-14.1250
[pop09_hard:00599] loss=0.642457 tau=6.00 collapse_w=0.500 mid_frac=0.274 hard=score=0.5685792121 wNMSE=0.14025845 wMSE=13438.6176 wMRED=1.31235872 wER=0.501105 wMAE=45.3295 wBias=2.4555 condBias=58.7770 dotDrift=+1.356sigma uMRED=0.1899897614 uER=0.535400 uMAE=121.5293 WCE=1392 bias=-10.1250
[pop09] done (conf=0.51, noise=1.0); global best score=0.1216513198 wNMSE=0.031187266 wMSE=2988.1532 wMRED=0.46438050 wER=0.280224 wMAE=13.5088 wBias=0.1212 condBias=29.7488 dotDrift=+0.142sigma uMRED=0.0724672675 uER=0.324707 uMAE=45.4180 WCE=1160 bias=-29.6250
[pop10_soft:00000] loss=22.352419 tau=1.50 collapse_w=0.000 mid_frac=0.292 hard=score=816.3308677954 wNMSE=4.2498372 wMSE=407190.6971 wMRED=13.78860393 wER=0.550672 wMAE=275.2015 wBias=137.5883 condBias=309.5286 dotDrift=+13.799sigma uMRED=0.6966574947 uER=0.551025 uMAE=275.8350 WCE=2798 bias=77.1875
[pop10_soft:00200] loss=6.346942 tau=2.25 collapse_w=0.000 mid_frac=0.304 hard=score=763.5733168027 wNMSE=1.3551863 wMSE=129844.8007 wMRED=5.30891046 wER=0.506062 wMAE=145.0950 wBias=-133.4398 condBias=207.3597 dotDrift=-23.700sigma uMRED=0.4329508775 uER=0.547363 uMAE=217.9604 WCE=2472 bias=-209.1875
[pop10_soft:00400] loss=2.538916 tau=3.00 collapse_w=0.000 mid_frac=0.280 hard=score=296.2793488752 wNMSE=1.0798508 wMSE=103464.0089 wMRED=5.52760997 wER=0.443129 wMAE=130.3786 wBias=-82.9890 condBias=165.5236 dotDrift=-16.512sigma uMRED=0.4472756969 uER=0.503906 uMAE=204.1562 WCE=3364 bias=-51.3750
[pop10_soft:00600] loss=0.334482 tau=3.75 collapse_w=0.000 mid_frac=0.232 hard=score=27.2209769169 wNMSE=0.290267 wMSE=27811.4242 wMRED=2.33606268 wER=0.465710 wMAE=70.8842 wBias=-24.9947 condBias=83.5458 dotDrift=-9.592sigma uMRED=0.2420877021 uER=0.501465 uMAE=134.9785 WCE=1264 bias=19.7500
[pop10_soft:00800] loss=0.198748 tau=4.50 collapse_w=0.084 mid_frac=0.208 hard=score=4.6130158295 wNMSE=0.23123196 wMSE=22155.0847 wMRED=1.87771419 wER=0.450275 wMAE=58.1774 wBias=9.9003 condBias=73.7455 dotDrift=+4.257sigma uMRED=0.1997785607 uER=0.490967 uMAE=113.8496 WCE=1200 bias=23.3750
[pop10_soft:01000] loss=0.140745 tau=5.25 collapse_w=0.293 mid_frac=0.196 hard=score=1.8916440152 wNMSE=0.19397445 wMSE=18585.3215 wMRED=1.75233873 wER=0.453146 wMAE=52.9022 wBias=-5.9412 condBias=71.7471 dotDrift=-2.789sigma uMRED=0.1868112737 uER=0.489502 uMAE=106.5977 WCE=1200 bias=-2.6250
[pop10_soft:01199] loss=0.097083 tau=6.00 collapse_w=0.500 mid_frac=0.179 hard=score=2.4388784406 wNMSE=0.18372259 wMSE=17603.0582 wMRED=1.62075556 wER=0.442299 wMAE=49.0398 wBias=-6.9477 condBias=70.2188 dotDrift=-3.351sigma uMRED=0.1797643919 uER=0.479492 uMAE=101.8477 WCE=1200 bias=-2.6250
[pop10_hard:00000] loss=2.489076 tau=6.00 collapse_w=0.500 mid_frac=0.179 hard=score=2.4388784406 wNMSE=0.18372259 wMSE=17603.0582 wMRED=1.62075556 wER=0.442299 wMAE=49.0398 wBias=-6.9477 condBias=70.2188 dotDrift=-3.351sigma uMRED=0.1797643919 uER=0.479492 uMAE=101.8477 WCE=1200 bias=-2.6250
[pop10_hard:00200] loss=2.484012 tau=6.00 collapse_w=0.500 mid_frac=0.161 hard=score=2.4388784406 wNMSE=0.18372259 wMSE=17603.0582 wMRED=1.62075556 wER=0.442299 wMAE=49.0398 wBias=-6.9477 condBias=70.2188 dotDrift=-3.351sigma uMRED=0.1797643919 uER=0.479492 uMAE=101.8477 WCE=1200 bias=-2.6250
[pop10_hard:00400] loss=0.441389 tau=6.00 collapse_w=0.500 mid_frac=0.143 hard=score=0.4061886457 wNMSE=0.13629928 wMSE=13059.2765 wMRED=1.45662147 wER=0.442769 wMAE=43.6291 wBias=1.6158 condBias=60.2866 dotDrift=+0.905sigma uMRED=0.1669996864 uER=0.487305 uMAE=98.2500 WCE=1200 bias=34.3750
[pop10_hard:00599] loss=0.333186 tau=6.00 collapse_w=0.500 mid_frac=0.149 hard=score=0.2981415947 wNMSE=0.13091291 wMSE=12543.1906 wMRED=1.48885412 wER=0.430444 wMAE=42.6992 wBias=-0.5038 condBias=59.7139 dotDrift=-0.288sigma uMRED=0.1488163578 uER=0.477783 uMAE=83.4766 WCE=1200 bias=17.3750
[pop10] done (conf=0.53, noise=0.5); global best score=0.1216513198 wNMSE=0.031187266 wMSE=2988.1532 wMRED=0.46438050 wER=0.280224 wMAE=13.5088 wBias=0.1212 condBias=29.7488 dotDrift=+0.142sigma uMRED=0.0724672675 uER=0.324707 uMAE=45.4180 WCE=1160 bias=-29.6250
[pop11_soft:00000] loss=18.839743 tau=1.50 collapse_w=0.000 mid_frac=0.411 hard=score=549.6035528937 wNMSE=4.3155739 wMSE=413489.1440 wMRED=17.77307524 wER=0.568395 wMAE=347.1963 wBias=112.6310 condBias=352.3213 dotDrift=+11.210sigma uMRED=0.8129883105 uER=0.569336 uMAE=328.3350 WCE=3312 bias=16.7500
[pop11_soft:00200] loss=6.129558 tau=2.25 collapse_w=0.000 mid_frac=0.351 hard=score=622.6459297805 wNMSE=1.8029316 wMSE=172744.7286 wMRED=9.37679235 wER=0.570041 wMAE=201.0906 wBias=-120.3520 condBias=246.5302 dotDrift=-18.532sigma uMRED=0.5948749730 uER=0.573730 uMAE=280.8672 WCE=2293 bias=-144.1250
[pop11_soft:00400] loss=1.935434 tau=3.00 collapse_w=0.000 mid_frac=0.363 hard=score=6.4611501468 wNMSE=0.58230914 wMSE=55792.9297 wMRED=4.16286648 wER=0.523920 wMAE=106.9627 wBias=-11.2731 condBias=113.3609 dotDrift=-3.054sigma uMRED=0.3085783862 uER=0.548096 uMAE=166.5854 WCE=1776 bias=5.4375
[pop11_soft:00600] loss=0.358403 tau=3.75 collapse_w=0.000 mid_frac=0.327 hard=score=1.9370928082 wNMSE=0.2065457 wMSE=19789.8144 wMRED=2.28151919 wER=0.501413 wMAE=66.4849 wBias=6.0162 condBias=75.9640 dotDrift=+2.737sigma uMRED=0.2086664830 uER=0.535889 uMAE=112.8843 WCE=864 bias=9.6875
[pop11_soft:00800] loss=0.234711 tau=4.50 collapse_w=0.084 mid_frac=0.304 hard=score=1.7073487950 wNMSE=0.21117309 wMSE=20233.1792 wMRED=2.08772998 wER=0.456688 wMAE=62.0134 wBias=5.5455 condBias=75.7160 dotDrift=+2.495sigma uMRED=0.1967107816 uER=0.506592 uMAE=106.9824 WCE=864 bias=2.5000
[pop11_soft:01000] loss=0.170861 tau=5.25 collapse_w=0.293 mid_frac=0.268 hard=score=3.2565540843 wNMSE=0.21353179 wMSE=20459.1742 wMRED=1.74954739 wER=0.429220 wMAE=55.6292 wBias=8.1793 condBias=75.9954 dotDrift=+3.660sigma uMRED=0.1770964966 uER=0.491943 uMAE=97.7500 WCE=864 bias=-3.5000
[pop11_soft:01199] loss=0.115051 tau=6.00 collapse_w=0.500 mid_frac=0.256 hard=score=3.2565540843 wNMSE=0.21353179 wMSE=20459.1742 wMRED=1.74954739 wER=0.429220 wMAE=55.6292 wBias=8.1793 condBias=75.9954 dotDrift=+3.660sigma uMRED=0.1770964966 uER=0.491943 uMAE=97.7500 WCE=864 bias=-3.5000
[pop11_hard:00000] loss=3.330864 tau=6.00 collapse_w=0.500 mid_frac=0.256 hard=score=3.2565540843 wNMSE=0.21353179 wMSE=20459.1742 wMRED=1.74954739 wER=0.429220 wMAE=55.6292 wBias=8.1793 condBias=75.9954 dotDrift=+3.660sigma uMRED=0.1770964966 uER=0.491943 uMAE=97.7500 WCE=864 bias=-3.5000
[pop11_hard:00200] loss=60.931313 tau=6.00 collapse_w=0.500 mid_frac=0.250 hard=score=60.8675059716 wNMSE=0.49645314 wMSE=47566.7877 wMRED=2.11720532 wER=0.441798 wMAE=70.6893 wBias=-37.4480 condBias=113.8665 dotDrift=-10.989sigma uMRED=0.2181942562 uER=0.497803 uMAE=116.8125 WCE=1424 bias=-69.5000
[pop11_hard:00400] loss=6.372118 tau=6.00 collapse_w=0.500 mid_frac=0.238 hard=score=6.3100189655 wNMSE=0.52150162 wMSE=49966.7631 wMRED=2.12853839 wER=0.441798 wMAE=73.0330 wBias=-11.2622 condBias=111.6295 dotDrift=-3.225sigma uMRED=0.2183610920 uER=0.497803 uMAE=118.8750 WCE=1424 bias=-37.5000
[pop11_hard:00599] loss=21.313526 tau=6.00 collapse_w=0.500 mid_frac=0.196 hard=score=21.1964078794 wNMSE=0.59948628 wMSE=57438.7270 wMRED=3.19996918 wER=0.502168 wMAE=98.3573 wBias=21.6949 condBias=119.4644 dotDrift=+5.793sigma uMRED=0.2615109396 uER=0.522705 uMAE=133.5801 WCE=1424 bias=-13.7500
[pop11] done (conf=0.51, noise=1.0); global best score=0.1216513198 wNMSE=0.031187266 wMSE=2988.1532 wMRED=0.46438050 wER=0.280224 wMAE=13.5088 wBias=0.1212 condBias=29.7488 dotDrift=+0.142sigma uMRED=0.0724672675 uER=0.324707 uMAE=45.4180 WCE=1160 bias=-29.6250
[best] stage=quad_soft score=0.1216513198 wNMSE=0.031187266 wMSE=2988.1532 wMRED=0.46438050 wER=0.280224 wMAE=13.5088 wBias=0.1212 condBias=29.7488 dotDrift=+0.142sigma uMRED=0.0724672675 uER=0.324707 uMAE=45.4180 WCE=1160 bias=-29.6250
[best-json] /home/xuanqi/tony/work/FPGA/signed8x8_approx/signed8x8_2026_8_22/runs_module_groups/G4_gate_up/default_split/rand303/best_signed88_inits.json
[best-rtl] /home/xuanqi/tony/work/FPGA/signed8x8_approx/signed8x8_2026_8_22/runs_module_groups/G4_gate_up/default_split/rand303/best_rtl
[design] default_split search_bits=168
[start] score=0.1216513198 wNMSE=0.031187266 wMSE=2988.1532 wMRED=0.46438050 wER=0.280224 wMAE=13.5088 wBias=0.1212 condBias=29.7488 dotDrift=+0.142sigma uMRED=0.0724672675 uER=0.324707 uMAE=45.4180 WCE=1160 bias=-29.6250
[single] ACCEPT ['hi_lut45:19'] 0.1216513198->0.1060308652 wNMSE=0.022063266 wBias=+0.58830
[single] ACCEPT ['mid_lut23:31'] 0.1060308652->0.0909390244 wNMSE=0.021957481 wBias=-0.02523
[single] ACCEPT ['mid_lut45:19'] 0.0909390244->0.0878091404 wNMSE=0.021486355 wBias=+0.08428
[single] ACCEPT ['lo_lut45:19'] 0.0878091404->0.0872028589 wNMSE=0.021372729 wBias=+0.11162
[single] ACCEPT ['lo_lut23:51'] 0.0872028589->0.0864131133 wNMSE=0.02118777 wBias=-0.07923
[single] ACCEPT ['lo_lut67:51'] 0.0864131133->0.0846963087 wNMSE=0.02060744 wBias=+0.13946
[single] ACCEPT ['lo_lut23:31'] 0.0846963087->0.0838219717 wNMSE=0.020591995 wBias=-0.01383
[single] round=8 no improvement
[pair] ACCEPT ['hi_lut67:19', 'hi_lut01:55'] 0.0838219717->0.0483120396 wNMSE=0.010612748 wBias=-0.19413
[pair] ACCEPT ['hi_lut45:19', 'lo_lut45:59'] 0.0483120396->0.0279442432 wNMSE=0.0092564927 wBias=-0.00535
[pair] ACCEPT ['lo_lut67:51', 'lo_lut23:59'] 0.0279442432->0.0249269437 wNMSE=0.0088805022 wBias=+0.03000
[pair] ACCEPT ['mid_lut01:55', 'mid_lut01:63'] 0.0249269437->0.0246493894 wNMSE=0.0087151004 wBias=+0.03062
[basin] ACCEPT ['lo_lut67:15', 'lo_lut23:59', 'lo_lut01:27'] 0.0246493894->0.0245601542 wNMSE=0.008750258 wBias=+0.00060
[final] score=0.0245601542 wNMSE=0.008750258 wMSE=838.3906 wMRED=0.56815331 wER=0.416246 wMAE=13.1322 wBias=0.0006 condBias=15.9149 dotDrift=+0.001sigma uMRED=0.0345920695 uER=0.463867 uMAE=17.3027 WCE=168 bias=1.3125
[json] /home/xuanqi/tony/work/FPGA/signed8x8_approx/signed8x8_2026_8_22/runs_module_groups/G4_gate_up/default_split/rand303/refined/best_signed88_inits.json
