[design] default_split quad4 entries=168
[device] cuda
[initial] score=321.3558130817 wNMSE=15.244286 wMSE=797420.8463 wMRED=39.24484819 wER=0.585774 wMAE=508.2403 wBias=-61.2784 condBias=519.5274 dotDrift=-4.392sigma uMRED=1.1230546597 uER=0.575928 uMAE=384.6084 WCE=3216 bias=-5.3125
[quad_warmup_bit:00000] loss=6.146065 tau=1.50 collapse_w=0.000 mid_frac=0.482 hard=score=339.1375487389 wNMSE=15.216455 wMSE=795965.0121 wMRED=39.14371394 wER=0.585774 wMAE=506.8605 wBias=-63.1133 condBias=518.1756 dotDrift=-4.527sigma uMRED=1.1212699912 uER=0.575928 uMAE=384.2930 WCE=3216 bias=-5.8125
[quad_warmup_bit:00200] loss=0.721609 tau=1.50 collapse_w=0.000 mid_frac=0.482 hard=score=2067.0715561756 wNMSE=12.803341 wMSE=669736.2398 wMRED=34.92797423 wER=0.575695 wMAE=417.0159 wBias=-161.6311 condBias=453.2316 dotDrift=-12.640sigma uMRED=0.9014731415 uER=0.575195 uMAE=315.9844 WCE=3160 bias=-157.8750
[quad_warmup_bit:00400] loss=0.649080 tau=1.50 collapse_w=0.000 mid_frac=0.476 hard=score=1961.8140755446 wNMSE=11.965443 wMSE=625906.2090 wMRED=33.33855550 wER=0.539117 wMAE=402.9559 wBias=-157.4755 condBias=437.1684 dotDrift=-12.739sigma uMRED=0.8834545269 uER=0.567139 uMAE=314.6855 WCE=3064 bias=-152.0000
[quad_warmup_bit:00600] loss=0.581361 tau=1.50 collapse_w=0.000 mid_frac=0.464 hard=score=3540.1420130922 wNMSE=11.248399 wMSE=588398.0277 wMRED=28.42240997 wER=0.467887 wMAE=344.1506 wBias=-212.0524 condBias=408.0783 dotDrift=-17.692sigma uMRED=0.8658649356 uER=0.531250 uMAE=311.6895 WCE=3276 bias=-232.6250
[quad_warmup_bit:00725] loss=0.542723 tau=1.50 collapse_w=0.000 mid_frac=0.435 hard=score=7.3063325553 wNMSE=2.7364538 wMSE=143142.5050 wMRED=7.26034852 wER=0.447347 wMAE=138.9065 wBias=6.0589 condBias=170.6048 dotDrift=+1.025sigma uMRED=0.5018635549 uER=0.524658 uMAE=261.7773 WCE=3308 bias=-175.6250 *BEST*
[quad_warmup_bit:00800] loss=0.520430 tau=1.50 collapse_w=0.000 mid_frac=0.411 hard=score=105.1361132009 wNMSE=0.7684143 wMSE=40195.3602 wMRED=6.43984490 wER=0.405369 wMAE=99.4978 wBias=36.3593 condBias=110.2467 dotDrift=+11.607sigma uMRED=0.3112001508 uER=0.490967 uMAE=172.3379 WCE=1488 bias=-105.6250
[quad_warmup_bit:01000] loss=0.463489 tau=1.50 collapse_w=0.000 mid_frac=0.369 hard=score=136.1690545807 wNMSE=0.65643739 wMSE=34337.9052 wMRED=5.74483920 wER=0.400628 wMAE=86.0196 wBias=41.4894 condBias=106.7553 dotDrift=+14.329sigma uMRED=0.2609628909 uER=0.480225 uMAE=142.6777 WCE=1428 bias=-84.8750
[quad_warmup_bit:01125] loss=0.428713 tau=1.50 collapse_w=0.000 mid_frac=0.310 hard=score=2.6380480313 wNMSE=1.0414828 wMSE=54479.4370 wMRED=9.70779887 wER=0.393914 wMAE=119.9231 wBias=3.4806 condBias=120.3406 dotDrift=+0.954sigma uMRED=0.3111827433 uER=0.439209 uMAE=139.0449 WCE=1216 bias=-32.3750 *BEST*
[quad_warmup_bit:01200] loss=0.408435 tau=1.50 collapse_w=0.000 mid_frac=0.298 hard=score=262.2862537452 wNMSE=0.63993489 wMSE=33474.6677 wMRED=5.80421582 wER=0.342602 wMAE=78.0040 wBias=-57.7437 condBias=107.0121 dotDrift=-20.199sigma uMRED=0.2568586760 uER=0.430664 uMAE=130.0215 WCE=1216 bias=-42.3750
[quad_warmup_bit:01400] loss=0.358479 tau=1.50 collapse_w=0.000 mid_frac=0.292 hard=score=250.0896979998 wNMSE=0.74502697 wMSE=38971.9812 wMRED=6.28657770 wER=0.337329 wMAE=82.9943 wBias=-56.3635 condBias=102.0628 dotDrift=-18.273sigma uMRED=0.2806255888 uER=0.420410 uMAE=144.2949 WCE=1344 bias=5.5000
[quad_warmup_bit:01600] loss=0.308572 tau=1.50 collapse_w=0.000 mid_frac=0.244 hard=score=418.1257642909 wNMSE=0.95105543 wMSE=49749.2248 wMRED=7.40545594 wER=0.345365 wMAE=94.3539 wBias=-72.9199 condBias=132.8140 dotDrift=-20.923sigma uMRED=0.3231971926 uER=0.419678 uMAE=160.6777 WCE=1552 bias=-15.0000
[quad_warmup_bit:01800] loss=0.264863 tau=1.50 collapse_w=0.000 mid_frac=0.244 hard=score=737.3068149724 wNMSE=1.6461408 wMSE=86108.7875 wMRED=9.91485799 wER=0.314774 wMAE=118.2543 wBias=-96.8401 condBias=177.1870 dotDrift=-21.121sigma uMRED=0.3608501817 uER=0.395996 uMAE=160.9121 WCE=1360 bias=-12.5000
[quad_warmup_bit:02000] loss=0.233998 tau=1.50 collapse_w=0.000 mid_frac=0.190 hard=score=798.8861713725 wNMSE=1.6615685 wMSE=86915.8013 wMRED=9.91836622 wER=0.314596 wMAE=118.6299 wBias=-100.8149 condBias=184.8105 dotDrift=-21.885sigma uMRED=0.3680812616 uER=0.389404 uMAE=166.0957 WCE=1428 bias=-74.5000
[quad_warmup_bit:02200] loss=0.211085 tau=1.50 collapse_w=0.000 mid_frac=0.179 hard=score=3.0656938368 wNMSE=1.1292497 wMSE=59070.4777 wMRED=4.09688615 wER=0.314596 wMAE=66.4492 wBias=4.0667 condBias=82.5392 dotDrift=+1.071sigma uMRED=0.3137443739 uER=0.389404 uMAE=158.3945 WCE=3840 bias=-30.5000
[quad_warmup_bit:02400] loss=0.188813 tau=1.50 collapse_w=0.000 mid_frac=0.173 hard=score=3.0656938368 wNMSE=1.1292497 wMSE=59070.4777 wMRED=4.09688615 wER=0.314596 wMAE=66.4492 wBias=4.0667 condBias=82.5392 dotDrift=+1.071sigma uMRED=0.3137443739 uER=0.389404 uMAE=158.3945 WCE=3840 bias=-30.5000
[quad_warmup_bit:02500] loss=0.179612 tau=1.50 collapse_w=0.000 mid_frac=0.155 hard=score=1.8143644502 wNMSE=1.0647511 wMSE=55696.5886 wMRED=4.00042789 wER=0.310559 wMAE=62.8867 wBias=1.3655 condBias=78.4190 dotDrift=+0.370sigma uMRED=0.2953371959 uER=0.374756 uMAE=150.2031 WCE=3840 bias=-37.5000 *BEST*
[quad_warmup_bit:02600] loss=0.172555 tau=1.50 collapse_w=0.000 mid_frac=0.161 hard=score=2.7705510789 wNMSE=0.884978 wMSE=46292.7479 wMRED=3.79652084 wER=0.322988 wMAE=60.5728 wBias=4.0795 condBias=81.2588 dotDrift=+1.213sigma uMRED=0.2831865406 uER=0.389404 uMAE=148.4609 WCE=3840 bias=-36.3750
[quad_warmup_bit:02800] loss=0.162058 tau=1.50 collapse_w=0.000 mid_frac=0.155 hard=score=4.8017230614 wNMSE=0.41395511 wMSE=21653.7808 wMRED=2.12198860 wER=0.315784 wMAE=52.2413 wBias=7.1782 condBias=82.4284 dotDrift=+3.122sigma uMRED=0.2492914291 uER=0.380615 uMAE=145.8125 WCE=1332 bias=-38.5000
[quad_warmup_bit:03000] loss=0.156071 tau=1.50 collapse_w=0.000 mid_frac=0.125 hard=score=12.2170789734 wNMSE=0.36778415 wMSE=19238.6015 wMRED=2.06043929 wER=0.315529 wMAE=49.1788 wBias=12.1352 condBias=77.2044 dotDrift=+5.599sigma uMRED=0.2066753132 uER=0.376709 uMAE=114.5391 WCE=1204 bias=-2.5000
[quad_warmup_bit:03200] loss=0.152630 tau=1.50 collapse_w=0.000 mid_frac=0.101 hard=score=2.5742657236 wNMSE=0.31327228 wMSE=16387.1134 wMRED=1.95823640 wER=0.304466 wMAE=43.5917 wBias=5.0268 condBias=72.2469 dotDrift=+2.513sigma uMRED=0.1830293427 uER=0.355225 uMAE=102.2422 WCE=1232 bias=-17.5000
[quad_warmup_bit:03400] loss=0.150301 tau=1.50 collapse_w=0.000 mid_frac=0.101 hard=score=17.5554509988 wNMSE=0.22771331 wMSE=11911.5670 wMRED=1.80362839 wER=0.303272 wMAE=36.2957 wBias=14.7736 condBias=61.6585 dotDrift=+8.663sigma uMRED=0.1552351626 uER=0.353027 uMAE=88.6250 WCE=1232 bias=-1.5000
[quad_warmup_bit:03600] loss=0.148607 tau=1.50 collapse_w=0.000 mid_frac=0.101 hard=score=17.5554509988 wNMSE=0.22771331 wMSE=11911.5670 wMRED=1.80362839 wER=0.303272 wMAE=36.2957 wBias=14.7736 condBias=61.6585 dotDrift=+8.663sigma uMRED=0.1552351626 uER=0.353027 uMAE=88.6250 WCE=1232 bias=-1.5000
[quad_warmup_bit:03800] loss=0.147338 tau=1.50 collapse_w=0.000 mid_frac=0.095 hard=score=9.9333995485 wNMSE=0.16082016 wMSE=8412.4203 wMRED=1.76696609 wER=0.302869 wMAE=33.1256 wBias=11.0641 condBias=51.8337 dotDrift=+7.720sigma uMRED=0.1133236422 uER=0.349121 uMAE=60.1484 WCE=1204 bias=-33.5000
[quad_warmup_bit:04000] loss=0.146349 tau=1.50 collapse_w=0.000 mid_frac=0.095 hard=score=9.9333995485 wNMSE=0.16082016 wMSE=8412.4203 wMRED=1.76696609 wER=0.302869 wMAE=33.1256 wBias=11.0641 condBias=51.8337 dotDrift=+7.720sigma uMRED=0.1133236422 uER=0.349121 uMAE=60.1484 WCE=1204 bias=-33.5000
[quad_warmup_bit:04200] loss=0.145564 tau=1.50 collapse_w=0.000 mid_frac=0.095 hard=score=9.9333995485 wNMSE=0.16082016 wMSE=8412.4203 wMRED=1.76696609 wER=0.302869 wMAE=33.1256 wBias=11.0641 condBias=51.8337 dotDrift=+7.720sigma uMRED=0.1133236422 uER=0.349121 uMAE=60.1484 WCE=1204 bias=-33.5000
[quad_warmup_bit:04400] loss=0.144926 tau=1.50 collapse_w=0.000 mid_frac=0.095 hard=score=13.6735637423 wNMSE=0.11667543 wMSE=6103.2320 wMRED=1.74832117 wER=0.301901 wMAE=31.0869 wBias=13.1028 condBias=43.6073 dotDrift=+10.734sigma uMRED=0.0704687415 uER=0.333496 uMAE=28.1484 WCE=464 bias=-1.5000
[quad_warmup_bit:04600] loss=0.144395 tau=1.50 collapse_w=0.000 mid_frac=0.095 hard=score=18.4617974594 wNMSE=0.11999628 wMSE=6276.9442 wMRED=1.76785975 wER=0.306426 wMAE=31.9524 wBias=15.2576 condBias=44.4171 dotDrift=+12.325sigma uMRED=0.0710322369 uER=0.337891 uMAE=28.6367 WCE=464 bias=2.5000
[quad_warmup_bit:04800] loss=0.143948 tau=1.50 collapse_w=0.000 mid_frac=0.095 hard=score=18.4617974594 wNMSE=0.11999628 wMSE=6276.9442 wMRED=1.76785975 wER=0.306426 wMAE=31.9524 wBias=15.2576 condBias=44.4171 dotDrift=+12.325sigma uMRED=0.0710322369 uER=0.337891 uMAE=28.6367 WCE=464 bias=2.5000
[quad_warmup_bit:05000] loss=0.143538 tau=1.50 collapse_w=0.000 mid_frac=0.089 hard=score=18.4617974594 wNMSE=0.11999628 wMSE=6276.9442 wMRED=1.76785975 wER=0.306426 wMAE=31.9524 wBias=15.2576 condBias=44.4171 dotDrift=+12.325sigma uMRED=0.0710322369 uER=0.337891 uMAE=28.6367 WCE=464 bias=2.5000
[quad_warmup_bit:05200] loss=0.143100 tau=1.50 collapse_w=0.000 mid_frac=0.083 hard=score=18.4617974594 wNMSE=0.11999628 wMSE=6276.9442 wMRED=1.76785975 wER=0.306426 wMAE=31.9524 wBias=15.2576 condBias=44.4171 dotDrift=+12.325sigma uMRED=0.0710322369 uER=0.337891 uMAE=28.6367 WCE=464 bias=2.5000
[quad_warmup_bit:05400] loss=0.142661 tau=1.50 collapse_w=0.000 mid_frac=0.083 hard=score=18.4617974594 wNMSE=0.11999628 wMSE=6276.9442 wMRED=1.76785975 wER=0.306426 wMAE=31.9524 wBias=15.2576 condBias=44.4171 dotDrift=+12.325sigma uMRED=0.0710322369 uER=0.337891 uMAE=28.6367 WCE=464 bias=2.5000
[quad_warmup_bit:05600] loss=0.142354 tau=1.50 collapse_w=0.000 mid_frac=0.083 hard=score=18.4617974594 wNMSE=0.11999628 wMSE=6276.9442 wMRED=1.76785975 wER=0.306426 wMAE=31.9524 wBias=15.2576 condBias=44.4171 dotDrift=+12.325sigma uMRED=0.0710322369 uER=0.337891 uMAE=28.6367 WCE=464 bias=2.5000
[quad_warmup_bit:05800] loss=0.142114 tau=1.50 collapse_w=0.000 mid_frac=0.083 hard=score=18.4617974594 wNMSE=0.11999628 wMSE=6276.9442 wMRED=1.76785975 wER=0.306426 wMAE=31.9524 wBias=15.2576 condBias=44.4171 dotDrift=+12.325sigma uMRED=0.0710322369 uER=0.337891 uMAE=28.6367 WCE=464 bias=2.5000
[quad_warmup_bit:05999] loss=0.141911 tau=1.50 collapse_w=0.000 mid_frac=0.083 hard=score=18.4617974594 wNMSE=0.11999628 wMSE=6276.9442 wMRED=1.76785975 wER=0.306426 wMAE=31.9524 wBias=15.2576 condBias=44.4171 dotDrift=+12.325sigma uMRED=0.0710322369 uER=0.337891 uMAE=28.6367 WCE=464 bias=2.5000
[quad_soft:00000] loss=0.836746 tau=1.50 collapse_w=0.000 mid_frac=0.083 hard=score=18.4617974594 wNMSE=0.11999628 wMSE=6276.9442 wMRED=1.76785975 wER=0.306426 wMAE=31.9524 wBias=15.2576 condBias=44.4171 dotDrift=+12.325sigma uMRED=0.0710322369 uER=0.337891 uMAE=28.6367 WCE=464 bias=2.5000
[quad_soft:00200] loss=0.418924 tau=1.59 collapse_w=0.000 mid_frac=0.101 hard=score=11.7892930302 wNMSE=0.11807873 wMSE=6176.6380 wMRED=1.74578714 wER=0.313664 wMAE=31.4017 wBias=12.1471 condBias=43.5703 dotDrift=+9.892sigma uMRED=0.0781113661 uER=0.361084 uMAE=34.3984 WCE=528 bias=-12.1250
[quad_soft:00400] loss=0.363416 tau=1.68 collapse_w=0.000 mid_frac=0.077 hard=score=11.9676038403 wNMSE=0.12090288 wMSE=6324.3679 wMRED=1.80059920 wER=0.322378 wMAE=32.1738 wBias=12.2388 condBias=44.8488 dotDrift=+9.849sigma uMRED=0.0783482596 uER=0.356689 uMAE=33.9609 WCE=464 bias=-9.6250
[quad_soft:00600] loss=0.346255 tau=1.77 collapse_w=0.000 mid_frac=0.060 hard=score=12.9990680534 wNMSE=0.11838784 wMSE=6192.8074 wMRED=1.79824764 wER=0.322193 wMAE=31.8711 wBias=12.7673 condBias=44.3985 dotDrift=+10.383sigma uMRED=0.0721169721 uER=0.353760 uMAE=28.8594 WCE=464 bias=-1.6250
[quad_soft:00800] loss=0.337521 tau=1.86 collapse_w=0.000 mid_frac=0.077 hard=score=15.5335777501 wNMSE=0.11790991 wMSE=6167.8073 wMRED=1.82142929 wER=0.302532 wMAE=31.4106 wBias=13.9789 condBias=44.3085 dotDrift=+11.392sigma uMRED=0.0717657405 uER=0.347168 uMAE=28.8379 WCE=464 bias=-2.6250
[quad_soft:01000] loss=0.325756 tau=1.95 collapse_w=0.000 mid_frac=0.071 hard=score=15.5335777501 wNMSE=0.11790991 wMSE=6167.8073 wMRED=1.82142929 wER=0.302532 wMAE=31.4106 wBias=13.9789 condBias=44.3085 dotDrift=+11.392sigma uMRED=0.0717657405 uER=0.347168 uMAE=28.8379 WCE=464 bias=-2.6250
[quad_soft:01200] loss=0.315438 tau=2.04 collapse_w=0.000 mid_frac=0.071 hard=score=21.1144181151 wNMSE=0.11995182 wMSE=6274.6185 wMRED=1.97774098 wER=0.325909 wMAE=31.8387 wBias=16.3281 condBias=44.5893 dotDrift=+13.192sigma uMRED=0.0738175029 uER=0.372803 uMAE=30.3047 WCE=464 bias=-4.1250
[quad_soft:01400] loss=0.312296 tau=2.13 collapse_w=0.000 mid_frac=0.077 hard=score=28.5248289241 wNMSE=0.11501993 wMSE=6016.6337 wMRED=1.75782895 wER=0.303210 wMAE=29.1591 wBias=19.0077 condBias=43.7200 dotDrift=+15.683sigma uMRED=0.0678518164 uER=0.357178 uMAE=28.3047 WCE=464 bias=-2.1250
[quad_soft:01600] loss=0.310837 tau=2.22 collapse_w=0.000 mid_frac=0.077 hard=score=28.5248289241 wNMSE=0.11501993 wMSE=6016.6337 wMRED=1.75782895 wER=0.303210 wMAE=29.1591 wBias=19.0077 condBias=43.7200 dotDrift=+15.683sigma uMRED=0.0678518164 uER=0.357178 uMAE=28.3047 WCE=464 bias=-2.1250
[quad_soft:01800] loss=0.309534 tau=2.31 collapse_w=0.000 mid_frac=0.077 hard=score=28.5248289241 wNMSE=0.11501993 wMSE=6016.6337 wMRED=1.75782895 wER=0.303210 wMAE=29.1591 wBias=19.0077 condBias=43.7200 dotDrift=+15.683sigma uMRED=0.0678518164 uER=0.357178 uMAE=28.3047 WCE=464 bias=-2.1250
[quad_soft:02000] loss=0.307820 tau=2.40 collapse_w=0.000 mid_frac=0.077 hard=score=28.5248289241 wNMSE=0.11501993 wMSE=6016.6337 wMRED=1.75782895 wER=0.303210 wMAE=29.1591 wBias=19.0077 condBias=43.7200 dotDrift=+15.683sigma uMRED=0.0678518164 uER=0.357178 uMAE=28.3047 WCE=464 bias=-2.1250
[quad_soft:02200] loss=0.306015 tau=2.49 collapse_w=0.000 mid_frac=0.083 hard=score=26.7762862029 wNMSE=0.11263736 wMSE=5892.0027 wMRED=1.74580902 wER=0.308622 wMAE=28.9175 wBias=18.4133 condBias=42.6064 dotDrift=+15.353sigma uMRED=0.0667387673 uER=0.367432 uMAE=28.1016 WCE=432 bias=-3.1250
[quad_soft:02400] loss=0.304310 tau=2.58 collapse_w=0.000 mid_frac=0.077 hard=score=27.8588527540 wNMSE=0.11169173 wMSE=5842.5372 wMRED=1.74354384 wER=0.307813 wMAE=28.6498 wBias=18.7858 condBias=42.4099 dotDrift=+15.729sigma uMRED=0.0642695680 uER=0.359375 uMAE=25.3945 WCE=432 bias=0.8750
[quad_soft:02600] loss=0.302425 tau=2.67 collapse_w=0.000 mid_frac=0.071 hard=score=28.1610460854 wNMSE=0.11163458 wMSE=5839.5481 wMRED=1.74355182 wER=0.307618 wMAE=28.6249 wBias=18.8883 condBias=42.4059 dotDrift=+15.819sigma uMRED=0.0637887400 uER=0.353516 uMAE=24.6035 WCE=432 bias=2.8750
[quad_soft:02800] loss=0.300494 tau=2.76 collapse_w=0.000 mid_frac=0.071 hard=score=28.1610460854 wNMSE=0.11163458 wMSE=5839.5481 wMRED=1.74355182 wER=0.307618 wMAE=28.6249 wBias=18.8883 condBias=42.4059 dotDrift=+15.819sigma uMRED=0.0637887400 uER=0.353516 uMAE=24.6035 WCE=432 bias=2.8750
[quad_soft:03000] loss=0.298423 tau=2.85 collapse_w=0.000 mid_frac=0.071 hard=score=28.1610460854 wNMSE=0.11163458 wMSE=5839.5481 wMRED=1.74355182 wER=0.307618 wMAE=28.6249 wBias=18.8883 condBias=42.4059 dotDrift=+15.819sigma uMRED=0.0637887400 uER=0.353516 uMAE=24.6035 WCE=432 bias=2.8750
[quad_soft:03200] loss=0.296197 tau=2.94 collapse_w=0.000 mid_frac=0.065 hard=score=28.1610460854 wNMSE=0.11163458 wMSE=5839.5481 wMRED=1.74355182 wER=0.307618 wMAE=28.6249 wBias=18.8883 condBias=42.4059 dotDrift=+15.819sigma uMRED=0.0637887400 uER=0.353516 uMAE=24.6035 WCE=432 bias=2.8750
[quad_soft:03400] loss=0.293772 tau=3.03 collapse_w=0.000 mid_frac=0.065 hard=score=28.1610460854 wNMSE=0.11163458 wMSE=5839.5481 wMRED=1.74355182 wER=0.307618 wMAE=28.6249 wBias=18.8883 condBias=42.4059 dotDrift=+15.819sigma uMRED=0.0637887400 uER=0.353516 uMAE=24.6035 WCE=432 bias=2.8750
[quad_soft:03600] loss=0.291189 tau=3.12 collapse_w=0.000 mid_frac=0.065 hard=score=28.1610460854 wNMSE=0.11163458 wMSE=5839.5481 wMRED=1.74355182 wER=0.307618 wMAE=28.6249 wBias=18.8883 condBias=42.4059 dotDrift=+15.819sigma uMRED=0.0637887400 uER=0.353516 uMAE=24.6035 WCE=432 bias=2.8750
[quad_soft:03800] loss=0.288457 tau=3.21 collapse_w=0.000 mid_frac=0.071 hard=score=21.9597113601 wNMSE=0.10550778 wMSE=5519.0582 wMRED=1.87866608 wER=0.347236 wMAE=29.0779 wBias=16.6655 condBias=41.3355 dotDrift=+14.357sigma uMRED=0.0663582312 uER=0.384766 uMAE=25.3535 WCE=432 bias=0.8750
[quad_soft:04000] loss=0.285609 tau=3.30 collapse_w=0.000 mid_frac=0.071 hard=score=21.9597113601 wNMSE=0.10550778 wMSE=5519.0582 wMRED=1.87866608 wER=0.347236 wMAE=29.0779 wBias=16.6655 condBias=41.3355 dotDrift=+14.357sigma uMRED=0.0663582312 uER=0.384766 uMAE=25.3535 WCE=432 bias=0.8750
[quad_soft:04200] loss=0.279735 tau=3.39 collapse_w=0.000 mid_frac=0.071 hard=score=21.9597113601 wNMSE=0.10550778 wMSE=5519.0582 wMRED=1.87866608 wER=0.347236 wMAE=29.0779 wBias=16.6655 condBias=41.3355 dotDrift=+14.357sigma uMRED=0.0663582312 uER=0.384766 uMAE=25.3535 WCE=432 bias=0.8750
[quad_soft:04400] loss=0.273867 tau=3.48 collapse_w=0.000 mid_frac=0.071 hard=score=21.9597113601 wNMSE=0.10550778 wMSE=5519.0582 wMRED=1.87866608 wER=0.347236 wMAE=29.0779 wBias=16.6655 condBias=41.3355 dotDrift=+14.357sigma uMRED=0.0663582312 uER=0.384766 uMAE=25.3535 WCE=432 bias=0.8750
[quad_soft:04600] loss=0.267992 tau=3.57 collapse_w=0.000 mid_frac=0.071 hard=score=21.9597113601 wNMSE=0.10550778 wMSE=5519.0582 wMRED=1.87866608 wER=0.347236 wMAE=29.0779 wBias=16.6655 condBias=41.3355 dotDrift=+14.357sigma uMRED=0.0663582312 uER=0.384766 uMAE=25.3535 WCE=432 bias=0.8750
[quad_soft:04800] loss=0.262133 tau=3.66 collapse_w=0.000 mid_frac=0.071 hard=score=21.9597113601 wNMSE=0.10550778 wMSE=5519.0582 wMRED=1.87866608 wER=0.347236 wMAE=29.0779 wBias=16.6655 condBias=41.3355 dotDrift=+14.357sigma uMRED=0.0663582312 uER=0.384766 uMAE=25.3535 WCE=432 bias=0.8750
[quad_soft:05000] loss=0.256264 tau=3.75 collapse_w=0.000 mid_frac=0.077 hard=score=21.9597113601 wNMSE=0.10550778 wMSE=5519.0582 wMRED=1.87866608 wER=0.347236 wMAE=29.0779 wBias=16.6655 condBias=41.3355 dotDrift=+14.357sigma uMRED=0.0663582312 uER=0.384766 uMAE=25.3535 WCE=432 bias=0.8750
[quad_soft:05200] loss=0.250290 tau=3.84 collapse_w=0.000 mid_frac=0.077 hard=score=22.3731978824 wNMSE=0.10525413 wMSE=5505.7899 wMRED=1.87513990 wER=0.347236 wMAE=28.9199 wBias=16.8236 condBias=41.2179 dotDrift=+14.511sigma uMRED=0.0659693604 uER=0.384766 uMAE=25.1035 WCE=432 bias=1.1250
[quad_soft:05400] loss=0.244376 tau=3.93 collapse_w=0.000 mid_frac=0.077 hard=score=22.3731978824 wNMSE=0.10525413 wMSE=5505.7899 wMRED=1.87513990 wER=0.347236 wMAE=28.9199 wBias=16.8236 condBias=41.2179 dotDrift=+14.511sigma uMRED=0.0659693604 uER=0.384766 uMAE=25.1035 WCE=432 bias=1.1250
[quad_soft:05600] loss=0.238440 tau=4.02 collapse_w=0.000 mid_frac=0.077 hard=score=22.3731978824 wNMSE=0.10525413 wMSE=5505.7899 wMRED=1.87513990 wER=0.347236 wMAE=28.9199 wBias=16.8236 condBias=41.2179 dotDrift=+14.511sigma uMRED=0.0659693604 uER=0.384766 uMAE=25.1035 WCE=432 bias=1.1250
[quad_soft:05800] loss=0.232476 tau=4.11 collapse_w=0.000 mid_frac=0.077 hard=score=22.3731978824 wNMSE=0.10525413 wMSE=5505.7899 wMRED=1.87513990 wER=0.347236 wMAE=28.9199 wBias=16.8236 condBias=41.2179 dotDrift=+14.511sigma uMRED=0.0659693604 uER=0.384766 uMAE=25.1035 WCE=432 bias=1.1250
[quad_soft:06000] loss=0.226474 tau=4.20 collapse_w=0.000 mid_frac=0.077 hard=score=22.3731978824 wNMSE=0.10525413 wMSE=5505.7899 wMRED=1.87513990 wER=0.347236 wMAE=28.9199 wBias=16.8236 condBias=41.2179 dotDrift=+14.511sigma uMRED=0.0659693604 uER=0.384766 uMAE=25.1035 WCE=432 bias=1.1250
[quad_soft:06200] loss=0.221528 tau=4.29 collapse_w=0.025 mid_frac=0.077 hard=score=22.3731978824 wNMSE=0.10525413 wMSE=5505.7899 wMRED=1.87513990 wER=0.347236 wMAE=28.9199 wBias=16.8236 condBias=41.2179 dotDrift=+14.511sigma uMRED=0.0659693604 uER=0.384766 uMAE=25.1035 WCE=432 bias=1.1250
[quad_soft:06400] loss=0.216468 tau=4.38 collapse_w=0.050 mid_frac=0.071 hard=score=22.3731978824 wNMSE=0.10525413 wMSE=5505.7899 wMRED=1.87513990 wER=0.347236 wMAE=28.9199 wBias=16.8236 condBias=41.2179 dotDrift=+14.511sigma uMRED=0.0659693604 uER=0.384766 uMAE=25.1035 WCE=432 bias=1.1250
[quad_soft:06600] loss=0.211322 tau=4.47 collapse_w=0.075 mid_frac=0.071 hard=score=22.3731978824 wNMSE=0.10525413 wMSE=5505.7899 wMRED=1.87513990 wER=0.347236 wMAE=28.9199 wBias=16.8236 condBias=41.2179 dotDrift=+14.511sigma uMRED=0.0659693604 uER=0.384766 uMAE=25.1035 WCE=432 bias=1.1250
[quad_soft:06800] loss=0.206083 tau=4.56 collapse_w=0.100 mid_frac=0.060 hard=score=22.5814364027 wNMSE=0.10514543 wMSE=5500.1039 wMRED=1.87337681 wER=0.347236 wMAE=28.8408 wBias=16.9026 condBias=41.1618 dotDrift=+14.586sigma uMRED=0.0657749250 uER=0.384766 uMAE=24.9785 WCE=432 bias=1.2500
[quad_soft:07000] loss=0.200751 tau=4.65 collapse_w=0.125 mid_frac=0.060 hard=score=22.5814364027 wNMSE=0.10514543 wMSE=5500.1039 wMRED=1.87337681 wER=0.347236 wMAE=28.8408 wBias=16.9026 condBias=41.1618 dotDrift=+14.586sigma uMRED=0.0657749250 uER=0.384766 uMAE=24.9785 WCE=432 bias=1.2500
[quad_soft:07200] loss=0.195335 tau=4.74 collapse_w=0.150 mid_frac=0.060 hard=score=22.5814364027 wNMSE=0.10514543 wMSE=5500.1039 wMRED=1.87337681 wER=0.347236 wMAE=28.8408 wBias=16.9026 condBias=41.1618 dotDrift=+14.586sigma uMRED=0.0657749250 uER=0.384766 uMAE=24.9785 WCE=432 bias=1.2500
[quad_soft:07400] loss=0.189866 tau=4.83 collapse_w=0.175 mid_frac=0.060 hard=score=22.5814364027 wNMSE=0.10514543 wMSE=5500.1039 wMRED=1.87337681 wER=0.347236 wMAE=28.8408 wBias=16.9026 condBias=41.1618 dotDrift=+14.586sigma uMRED=0.0657749250 uER=0.384766 uMAE=24.9785 WCE=432 bias=1.2500
[quad_soft:07600] loss=0.184237 tau=4.92 collapse_w=0.200 mid_frac=0.036 hard=score=25.5227142312 wNMSE=0.10500946 wMSE=5492.9916 wMRED=1.88030824 wER=0.345816 wMAE=28.6584 wBias=17.9800 condBias=41.3065 dotDrift=+15.526sigma uMRED=0.0651467275 uER=0.380371 uMAE=24.0508 WCE=432 bias=3.2500
[quad_soft:07800] loss=0.178490 tau=5.01 collapse_w=0.225 mid_frac=0.036 hard=score=25.5227142312 wNMSE=0.10500946 wMSE=5492.9916 wMRED=1.88030824 wER=0.345816 wMAE=28.6584 wBias=17.9800 condBias=41.3065 dotDrift=+15.526sigma uMRED=0.0651467275 uER=0.380371 uMAE=24.0508 WCE=432 bias=3.2500
[quad_soft:08000] loss=0.172811 tau=5.10 collapse_w=0.250 mid_frac=0.030 hard=score=25.5227142312 wNMSE=0.10500946 wMSE=5492.9916 wMRED=1.88030824 wER=0.345816 wMAE=28.6584 wBias=17.9800 condBias=41.3065 dotDrift=+15.526sigma uMRED=0.0651467275 uER=0.380371 uMAE=24.0508 WCE=432 bias=3.2500
[quad_soft:08200] loss=0.167052 tau=5.19 collapse_w=0.275 mid_frac=0.030 hard=score=25.5227142312 wNMSE=0.10500946 wMSE=5492.9916 wMRED=1.88030824 wER=0.345816 wMAE=28.6584 wBias=17.9800 condBias=41.3065 dotDrift=+15.526sigma uMRED=0.0651467275 uER=0.380371 uMAE=24.0508 WCE=432 bias=3.2500
[quad_soft:08400] loss=0.161254 tau=5.28 collapse_w=0.300 mid_frac=0.030 hard=score=25.5227142312 wNMSE=0.10500946 wMSE=5492.9916 wMRED=1.88030824 wER=0.345816 wMAE=28.6584 wBias=17.9800 condBias=41.3065 dotDrift=+15.526sigma uMRED=0.0651467275 uER=0.380371 uMAE=24.0508 WCE=432 bias=3.2500
[quad_soft:08600] loss=0.155329 tau=5.37 collapse_w=0.325 mid_frac=0.030 hard=score=25.5227142312 wNMSE=0.10500946 wMSE=5492.9916 wMRED=1.88030824 wER=0.345816 wMAE=28.6584 wBias=17.9800 condBias=41.3065 dotDrift=+15.526sigma uMRED=0.0651467275 uER=0.380371 uMAE=24.0508 WCE=432 bias=3.2500
[quad_soft:08800] loss=0.149325 tau=5.46 collapse_w=0.350 mid_frac=0.030 hard=score=25.5227142312 wNMSE=0.10500946 wMSE=5492.9916 wMRED=1.88030824 wER=0.345816 wMAE=28.6584 wBias=17.9800 condBias=41.3065 dotDrift=+15.526sigma uMRED=0.0651467275 uER=0.380371 uMAE=24.0508 WCE=432 bias=3.2500
[quad_soft:09000] loss=0.143240 tau=5.55 collapse_w=0.375 mid_frac=0.030 hard=score=25.5227142312 wNMSE=0.10500946 wMSE=5492.9916 wMRED=1.88030824 wER=0.345816 wMAE=28.6584 wBias=17.9800 condBias=41.3065 dotDrift=+15.526sigma uMRED=0.0651467275 uER=0.380371 uMAE=24.0508 WCE=432 bias=3.2500
[quad_soft:09200] loss=0.137069 tau=5.64 collapse_w=0.400 mid_frac=0.030 hard=score=25.5227142312 wNMSE=0.10500946 wMSE=5492.9916 wMRED=1.88030824 wER=0.345816 wMAE=28.6584 wBias=17.9800 condBias=41.3065 dotDrift=+15.526sigma uMRED=0.0651467275 uER=0.380371 uMAE=24.0508 WCE=432 bias=3.2500
[quad_soft:09400] loss=0.130821 tau=5.73 collapse_w=0.425 mid_frac=0.024 hard=score=25.5227142312 wNMSE=0.10500946 wMSE=5492.9916 wMRED=1.88030824 wER=0.345816 wMAE=28.6584 wBias=17.9800 condBias=41.3065 dotDrift=+15.526sigma uMRED=0.0651467275 uER=0.380371 uMAE=24.0508 WCE=432 bias=3.2500
[quad_soft:09600] loss=0.124405 tau=5.82 collapse_w=0.450 mid_frac=0.024 hard=score=25.5227142312 wNMSE=0.10500946 wMSE=5492.9916 wMRED=1.88030824 wER=0.345816 wMAE=28.6584 wBias=17.9800 condBias=41.3065 dotDrift=+15.526sigma uMRED=0.0651467275 uER=0.380371 uMAE=24.0508 WCE=432 bias=3.2500
[quad_soft:09800] loss=0.117816 tau=5.91 collapse_w=0.475 mid_frac=0.024 hard=score=25.5227142312 wNMSE=0.10500946 wMSE=5492.9916 wMRED=1.88030824 wER=0.345816 wMAE=28.6584 wBias=17.9800 condBias=41.3065 dotDrift=+15.526sigma uMRED=0.0651467275 uER=0.380371 uMAE=24.0508 WCE=432 bias=3.2500
[quad_soft:09999] loss=0.110984 tau=6.00 collapse_w=0.500 mid_frac=0.024 hard=score=25.5227142312 wNMSE=0.10500946 wMSE=5492.9916 wMRED=1.88030824 wER=0.345816 wMAE=28.6584 wBias=17.9800 condBias=41.3065 dotDrift=+15.526sigma uMRED=0.0651467275 uER=0.380371 uMAE=24.0508 WCE=432 bias=3.2500
[quad_hard_ste:00000] loss=25.605972 tau=6.00 collapse_w=0.500 mid_frac=0.024 hard=score=25.5227142312 wNMSE=0.10500946 wMSE=5492.9916 wMRED=1.88030824 wER=0.345816 wMAE=28.6584 wBias=17.9800 condBias=41.3065 dotDrift=+15.526sigma uMRED=0.0651467275 uER=0.380371 uMAE=24.0508 WCE=432 bias=3.2500
[quad_hard_ste:00200] loss=6.512307 tau=6.00 collapse_w=0.500 mid_frac=0.060 hard=score=6.4075011708 wNMSE=0.12419781 wMSE=6496.7241 wMRED=2.22984986 wER=0.363739 wMAE=36.0086 wBias=8.8792 condBias=44.1931 dotDrift=+7.050sigma uMRED=0.0827909276 uER=0.399658 uMAE=32.8535 WCE=432 bias=-7.2500
[quad_hard_ste:00400] loss=2.128137 tau=6.00 collapse_w=0.500 mid_frac=0.095 hard=score=2.0284371478 wNMSE=0.12681457 wMSE=6633.6056 wMRED=2.04573102 wER=0.363739 wMAE=36.4192 wBias=4.7813 condBias=45.0389 dotDrift=+3.757sigma uMRED=0.0908533342 uER=0.399658 uMAE=40.2500 WCE=464 bias=-18.6250
[quad_hard_ste:00600] loss=2.127807 tau=6.00 collapse_w=0.500 mid_frac=0.095 hard=score=2.0284371478 wNMSE=0.12681457 wMSE=6633.6056 wMRED=2.04573102 wER=0.363739 wMAE=36.4192 wBias=4.7813 condBias=45.0389 dotDrift=+3.757sigma uMRED=0.0908533342 uER=0.399658 uMAE=40.2500 WCE=464 bias=-18.6250
[quad_hard_ste:00800] loss=154.703857 tau=6.00 collapse_w=0.500 mid_frac=0.095 hard=score=2.0284371478 wNMSE=0.12681457 wMSE=6633.6056 wMRED=2.04573102 wER=0.363739 wMAE=36.4192 wBias=4.7813 condBias=45.0389 dotDrift=+3.757sigma uMRED=0.0908533342 uER=0.399658 uMAE=40.2500 WCE=464 bias=-18.6250
[quad_hard_ste:01000] loss=2.127352 tau=6.00 collapse_w=0.500 mid_frac=0.095 hard=score=2.0284371478 wNMSE=0.12681457 wMSE=6633.6056 wMRED=2.04573102 wER=0.363739 wMAE=36.4192 wBias=4.7813 condBias=45.0389 dotDrift=+3.757sigma uMRED=0.0908533342 uER=0.399658 uMAE=40.2500 WCE=464 bias=-18.6250
[quad_hard_ste:01200] loss=2.127184 tau=6.00 collapse_w=0.500 mid_frac=0.095 hard=score=2.0284371478 wNMSE=0.12681457 wMSE=6633.6056 wMRED=2.04573102 wER=0.363739 wMAE=36.4192 wBias=4.7813 condBias=45.0389 dotDrift=+3.757sigma uMRED=0.0908533342 uER=0.399658 uMAE=40.2500 WCE=464 bias=-18.6250
[quad_hard_ste:01400] loss=2.127030 tau=6.00 collapse_w=0.500 mid_frac=0.107 hard=score=154.4786402064 wNMSE=0.49178141 wMSE=25724.8348 wMRED=4.65964491 wER=0.403714 wMAE=73.7068 wBias=-44.2946 condBias=99.1425 dotDrift=-17.675sigma uMRED=0.1363484710 uER=0.410645 uMAE=51.8125 WCE=512 bias=-34.6250
[quad_hard_ste:01600] loss=154.703171 tau=6.00 collapse_w=0.500 mid_frac=0.101 hard=score=2.0284371478 wNMSE=0.12681457 wMSE=6633.6056 wMRED=2.04573102 wER=0.363739 wMAE=36.4192 wBias=4.7813 condBias=45.0389 dotDrift=+3.757sigma uMRED=0.0908533342 uER=0.399658 uMAE=40.2500 WCE=464 bias=-18.6250
[quad_hard_ste:01800] loss=2.126695 tau=6.00 collapse_w=0.500 mid_frac=0.101 hard=score=2.0284371478 wNMSE=0.12681457 wMSE=6633.6056 wMRED=2.04573102 wER=0.363739 wMAE=36.4192 wBias=4.7813 condBias=45.0389 dotDrift=+3.757sigma uMRED=0.0908533342 uER=0.399658 uMAE=40.2500 WCE=464 bias=-18.6250
[quad_hard_ste:02000] loss=2.126541 tau=6.00 collapse_w=0.500 mid_frac=0.101 hard=score=2.0284371478 wNMSE=0.12681457 wMSE=6633.6056 wMRED=2.04573102 wER=0.363739 wMAE=36.4192 wBias=4.7813 condBias=45.0389 dotDrift=+3.757sigma uMRED=0.0908533342 uER=0.399658 uMAE=40.2500 WCE=464 bias=-18.6250
[quad_hard_ste:02200] loss=2.126405 tau=6.00 collapse_w=0.500 mid_frac=0.101 hard=score=2.0284371478 wNMSE=0.12681457 wMSE=6633.6056 wMRED=2.04573102 wER=0.363739 wMAE=36.4192 wBias=4.7813 condBias=45.0389 dotDrift=+3.757sigma uMRED=0.0908533342 uER=0.399658 uMAE=40.2500 WCE=464 bias=-18.6250
[quad_hard_ste:02400] loss=2.126292 tau=6.00 collapse_w=0.500 mid_frac=0.101 hard=score=2.0284371478 wNMSE=0.12681457 wMSE=6633.6056 wMRED=2.04573102 wER=0.363739 wMAE=36.4192 wBias=4.7813 condBias=45.0389 dotDrift=+3.757sigma uMRED=0.0908533342 uER=0.399658 uMAE=40.2500 WCE=464 bias=-18.6250
[quad_hard_ste:02600] loss=4.615272 tau=6.00 collapse_w=0.500 mid_frac=0.095 hard=score=4.5243239586 wNMSE=0.12783464 wMSE=6686.9647 wMRED=1.91618533 wER=0.403714 wMAE=41.0919 wBias=-7.4086 condBias=34.0817 dotDrift=-5.798sigma uMRED=0.0891408204 uER=0.410645 uMAE=41.6250 WCE=464 bias=-22.5000
[quad_hard_ste:02800] loss=4.613186 tau=6.00 collapse_w=0.500 mid_frac=0.065 hard=score=4.5243239586 wNMSE=0.12783464 wMSE=6686.9647 wMRED=1.91618533 wER=0.403714 wMAE=41.0919 wBias=-7.4086 condBias=34.0817 dotDrift=-5.798sigma uMRED=0.0891408204 uER=0.410645 uMAE=41.6250 WCE=464 bias=-22.5000
[quad_hard_ste:02850] loss=1.336440 tau=6.00 collapse_w=0.500 mid_frac=0.054 hard=score=1.2559866574 wNMSE=0.11651437 wMSE=6094.8072 wMRED=1.75587986 wER=0.387729 wMAE=37.3257 wBias=-3.6425 condBias=31.5592 dotDrift=-2.986sigma uMRED=0.0801030440 uER=0.395020 uMAE=37.6250 WCE=464 bias=-18.5000 *BEST*
[quad_hard_ste:03000] loss=1.335384 tau=6.00 collapse_w=0.500 mid_frac=0.036 hard=score=1.2559866574 wNMSE=0.11651437 wMSE=6094.8072 wMRED=1.75587986 wER=0.387729 wMAE=37.3257 wBias=-3.6425 condBias=31.5592 dotDrift=-2.986sigma uMRED=0.0801030440 uER=0.395020 uMAE=37.6250 WCE=464 bias=-18.5000
[quad_hard_ste:03200] loss=1.334336 tau=6.00 collapse_w=0.500 mid_frac=0.036 hard=score=1.2559866574 wNMSE=0.11651437 wMSE=6094.8072 wMRED=1.75587986 wER=0.387729 wMAE=37.3257 wBias=-3.6425 condBias=31.5592 dotDrift=-2.986sigma uMRED=0.0801030440 uER=0.395020 uMAE=37.6250 WCE=464 bias=-18.5000
[quad_hard_ste:03400] loss=1.333386 tau=6.00 collapse_w=0.500 mid_frac=0.036 hard=score=1.2559866574 wNMSE=0.11651437 wMSE=6094.8072 wMRED=1.75587986 wER=0.387729 wMAE=37.3257 wBias=-3.6425 condBias=31.5592 dotDrift=-2.986sigma uMRED=0.0801030440 uER=0.395020 uMAE=37.6250 WCE=464 bias=-18.5000
[quad_hard_ste:03600] loss=1.332412 tau=6.00 collapse_w=0.500 mid_frac=0.036 hard=score=1.2559866574 wNMSE=0.11651437 wMSE=6094.8072 wMRED=1.75587986 wER=0.387729 wMAE=37.3257 wBias=-3.6425 condBias=31.5592 dotDrift=-2.986sigma uMRED=0.0801030440 uER=0.395020 uMAE=37.6250 WCE=464 bias=-18.5000
[quad_hard_ste:03800] loss=6.131904 tau=6.00 collapse_w=0.500 mid_frac=0.030 hard=score=6.0505972790 wNMSE=0.11533844 wMSE=6033.2950 wMRED=1.88366247 wER=0.347754 wMAE=32.5740 wBias=8.6265 condBias=43.0909 dotDrift=+7.108sigma uMRED=0.0816211223 uER=0.384033 uMAE=36.1250 WCE=464 bias=-14.5000
[quad_hard_ste:03999] loss=1.330639 tau=6.00 collapse_w=0.500 mid_frac=0.030 hard=score=6.0505972790 wNMSE=0.11533844 wMSE=6033.2950 wMRED=1.88366247 wER=0.347754 wMAE=32.5740 wBias=8.6265 condBias=43.0909 dotDrift=+7.108sigma uMRED=0.0816211223 uER=0.384033 uMAE=36.1250 WCE=464 bias=-14.5000
[pop00_soft:00000] loss=32.405842 tau=1.50 collapse_w=0.000 mid_frac=0.333 hard=score=65.9624639689 wNMSE=0.96825103 wMSE=50648.7177 wMRED=4.99950650 wER=0.580328 wMAE=112.0796 wBias=28.6982 condBias=77.3086 dotDrift=+8.161sigma uMRED=0.3650224341 uER=0.571533 uMAE=213.7612 WCE=2704 bias=93.9375
[pop00_soft:00200] loss=6.247237 tau=2.25 collapse_w=0.000 mid_frac=0.280 hard=score=11.7530365818 wNMSE=0.92982313 wMSE=48638.5739 wMRED=4.75427489 wER=0.522025 wMAE=111.1954 wBias=-11.4564 condBias=76.4528 dotDrift=-3.325sigma uMRED=0.3150565462 uER=0.555420 uMAE=181.9482 WCE=2953 bias=-14.8750
[pop00_soft:00400] loss=0.936122 tau=3.00 collapse_w=0.000 mid_frac=0.179 hard=score=52.7794816712 wNMSE=0.40097543 wMSE=20974.8206 wMRED=2.83930087 wER=0.444953 wMAE=65.1248 wBias=-25.7839 condBias=75.5322 dotDrift=-11.394sigma uMRED=0.2339602814 uER=0.500244 uMAE=132.3145 WCE=1488 bias=-65.6250
[pop00_soft:00600] loss=0.549195 tau=3.75 collapse_w=0.000 mid_frac=0.155 hard=score=62.4332807085 wNMSE=0.35238258 wMSE=18432.9532 wMRED=2.64008442 wER=0.414348 wMAE=59.5523 wBias=-28.0924 condBias=69.3670 dotDrift=-13.243sigma uMRED=0.2074147011 uER=0.479004 uMAE=120.3477 WCE=1544 bias=-83.6250
[pop00_soft:00800] loss=0.375787 tau=4.50 collapse_w=0.084 mid_frac=0.155 hard=score=77.6314986142 wNMSE=0.36815922 wMSE=19258.2209 wMRED=2.50601359 wER=0.391977 wMAE=58.8660 wBias=-31.3501 condBias=71.6178 dotDrift=-14.458sigma uMRED=0.2178831868 uER=0.458008 uMAE=123.6543 WCE=1544 bias=-109.0000
[pop00_soft:01000] loss=0.233968 tau=5.25 collapse_w=0.293 mid_frac=0.143 hard=score=6.5450488021 wNMSE=0.36235382 wMSE=18954.5434 wMRED=2.78063954 wER=0.427968 wMAE=56.0135 wBias=-8.6239 condBias=80.5964 dotDrift=-4.009sigma uMRED=0.2242174849 uER=0.467773 uMAE=122.8672 WCE=1544 bias=-101.8750
[pop00_soft:01199] loss=0.147588 tau=6.00 collapse_w=0.500 mid_frac=0.125 hard=score=6.5450488021 wNMSE=0.36235382 wMSE=18954.5434 wMRED=2.78063954 wER=0.427968 wMAE=56.0135 wBias=-8.6239 condBias=80.5964 dotDrift=-4.009sigma uMRED=0.2242174849 uER=0.467773 uMAE=122.8672 WCE=1544 bias=-101.8750
[pop00_hard:00000] loss=6.634120 tau=6.00 collapse_w=0.500 mid_frac=0.125 hard=score=6.5450488021 wNMSE=0.36235382 wMSE=18954.5434 wMRED=2.78063954 wER=0.427968 wMAE=56.0135 wBias=-8.6239 condBias=80.5964 dotDrift=-4.009sigma uMRED=0.2242174849 uER=0.467773 uMAE=122.8672 WCE=1544 bias=-101.8750
[pop00_hard:00200] loss=2.529012 tau=6.00 collapse_w=0.500 mid_frac=0.119 hard=score=2.4496324809 wNMSE=0.33039922 wMSE=17283.0147 wMRED=2.70440366 wER=0.425349 wMAE=52.1622 wBias=-4.7725 condBias=77.4761 dotDrift=-2.323sigma uMRED=0.2084837413 uER=0.459961 uMAE=114.8672 WCE=1544 bias=-93.8750
[pop00_hard:00400] loss=2.526718 tau=6.00 collapse_w=0.500 mid_frac=0.119 hard=score=2.4496324809 wNMSE=0.33039922 wMSE=17283.0147 wMRED=2.70440366 wER=0.425349 wMAE=52.1622 wBias=-4.7725 condBias=77.4761 dotDrift=-2.323sigma uMRED=0.2084837413 uER=0.459961 uMAE=114.8672 WCE=1544 bias=-93.8750
[pop00_hard:00599] loss=1.491620 tau=6.00 collapse_w=0.500 mid_frac=0.119 hard=score=2.4496324809 wNMSE=0.33039922 wMSE=17283.0147 wMRED=2.70440366 wER=0.425349 wMAE=52.1622 wBias=-4.7725 condBias=77.4761 dotDrift=-2.323sigma uMRED=0.2084837413 uER=0.459961 uMAE=114.8672 WCE=1544 bias=-93.8750
[pop00] done (conf=0.53, noise=0.5); global best score=1.2559866574 wNMSE=0.11651437 wMSE=6094.8072 wMRED=1.75587986 wER=0.387729 wMAE=37.3257 wBias=-3.6425 condBias=31.5592 dotDrift=-2.986sigma uMRED=0.0801030440 uER=0.395020 uMAE=37.6250 WCE=464 bias=-18.5000
[pop01_soft:00000] loss=40.263042 tau=1.50 collapse_w=0.000 mid_frac=0.452 hard=score=1438.9032060639 wNMSE=44.456837 wMSE=2325514.4811 wMRED=68.10542748 wER=0.585726 wMAE=856.5342 wBias=131.8922 condBias=864.1574 dotDrift=+5.535sigma uMRED=1.7426888507 uER=0.575195 uMAE=580.9741 WCE=3615 bias=32.1250
[pop01_soft:00200] loss=26.730717 tau=2.25 collapse_w=0.000 mid_frac=0.417 hard=score=665.8563258266 wNMSE=26.029999 wMSE=1361615.9924 wMRED=53.85546646 wER=0.585870 wMAE=659.1392 wBias=-89.0737 condBias=681.3797 dotDrift=-4.885sigma uMRED=1.3783170567 uER=0.575928 uMAE=436.2954 WCE=3417 bias=-134.7500
[pop01_soft:00400] loss=30.645102 tau=3.00 collapse_w=0.000 mid_frac=0.452 hard=score=202.3582630103 wNMSE=22.067426 wMSE=1154335.7799 wMRED=48.83277231 wER=0.571996 wMAE=610.2549 wBias=-45.8317 condBias=617.4079 dotDrift=-2.730sigma uMRED=1.2734107709 uER=0.571533 uMAE=417.9175 WCE=2925 bias=-86.0625
[pop01_soft:00600] loss=17.131229 tau=3.75 collapse_w=0.000 mid_frac=0.452 hard=score=659.5544120693 wNMSE=1.512879 wMSE=79137.9286 wMRED=6.82208554 wER=0.542957 wMAE=126.8183 wBias=-91.5941 condBias=157.9499 dotDrift=-20.838sigma uMRED=0.4014134386 uER=0.562012 uMAE=214.9697 WCE=1808 bias=-85.1875
[pop01_soft:00800] loss=8.589347 tau=4.50 collapse_w=0.084 mid_frac=0.405 hard=score=1007.5506950849 wNMSE=1.5286075 wMSE=79960.6769 wMRED=7.27280542 wER=0.522787 wMAE=124.8477 wBias=-113.2837 condBias=185.2884 dotDrift=-25.639sigma uMRED=0.3721681128 uER=0.563965 uMAE=180.0576 WCE=1892 bias=-165.4375
[pop01_soft:01000] loss=5.180098 tau=5.25 collapse_w=0.293 mid_frac=0.393 hard=score=590.5060712236 wNMSE=1.0291326 wMSE=53833.4024 wMRED=6.77563149 wER=0.538506 wMAE=104.3951 wBias=-86.6928 condBias=159.2311 dotDrift=-23.913sigma uMRED=0.3475351993 uER=0.556885 uMAE=185.6621 WCE=1504 bias=-80.6875
[pop01_soft:01199] loss=3.604048 tau=6.00 collapse_w=0.500 mid_frac=0.345 hard=score=1637.7926201197 wNMSE=2.2879544 wMSE=119681.7274 wMRED=12.04093270 wER=0.513825 wMAE=158.1961 wBias=-144.4266 condBias=265.5665 dotDrift=-26.719sigma uMRED=0.4417492799 uER=0.544922 uMAE=202.3687 WCE=1504 bias=-129.1875
[pop01_hard:00000] loss=1638.345459 tau=6.00 collapse_w=0.500 mid_frac=0.345 hard=score=1637.7926201197 wNMSE=2.2879544 wMSE=119681.7274 wMRED=12.04093270 wER=0.513825 wMAE=158.1961 wBias=-144.4266 condBias=265.5665 dotDrift=-26.719sigma uMRED=0.4417492799 uER=0.544922 uMAE=202.3687 WCE=1504 bias=-129.1875
[pop01_hard:00200] loss=1638.343140 tau=6.00 collapse_w=0.500 mid_frac=0.333 hard=score=1637.7926201197 wNMSE=2.2879544 wMSE=119681.7274 wMRED=12.04093270 wER=0.513825 wMAE=158.1961 wBias=-144.4266 condBias=265.5665 dotDrift=-26.719sigma uMRED=0.4417492799 uER=0.544922 uMAE=202.3687 WCE=1504 bias=-129.1875
[pop01_hard:00400] loss=1587.494385 tau=6.00 collapse_w=0.500 mid_frac=0.310 hard=score=1586.9428084130 wNMSE=2.3057459 wMSE=120612.3917 wMRED=12.06063570 wER=0.514489 wMAE=159.4324 wBias=-142.1585 condBias=262.9762 dotDrift=-26.197sigma uMRED=0.4559974841 uER=0.550049 uMAE=209.6387 WCE=1504 bias=-105.1875
[pop01_hard:00599] loss=512.376038 tau=6.00 collapse_w=0.500 mid_frac=0.226 hard=score=511.8540246088 wNMSE=3.9101486 wMSE=204537.8795 wMRED=12.64581693 wER=0.497642 wMAE=192.3062 wBias=-80.3346 condBias=237.6045 dotDrift=-11.368sigma uMRED=0.6452343176 uER=0.545654 uMAE=311.6582 WCE=2692 bias=93.5625
[pop01] done (conf=0.51, noise=1.0); global best score=1.2559866574 wNMSE=0.11651437 wMSE=6094.8072 wMRED=1.75587986 wER=0.387729 wMAE=37.3257 wBias=-3.6425 condBias=31.5592 dotDrift=-2.986sigma uMRED=0.0801030440 uER=0.395020 uMAE=37.6250 WCE=464 bias=-18.5000
[pop02_soft:00000] loss=39.007301 tau=1.50 collapse_w=0.000 mid_frac=0.375 hard=score=161.4508769772 wNMSE=4.8804935 wMSE=255296.1263 wMRED=19.49119990 wER=0.576932 wMAE=265.8873 wBias=-43.9459 condBias=270.1606 dotDrift=-5.566sigma uMRED=0.5924053752 uER=0.567139 uMAE=243.2041 WCE=2120 bias=67.8125
[pop02_soft:00200] loss=9.708491 tau=2.25 collapse_w=0.000 mid_frac=0.274 hard=score=2416.2456766731 wNMSE=5.5672105 wMSE=291217.9426 wMRED=18.30518311 wER=0.528043 wMAE=227.8479 wBias=-175.3021 condBias=323.4219 dotDrift=-20.790sigma uMRED=0.5601944875 uER=0.557373 uMAE=226.3984 WCE=1920 bias=-50.3750
[pop02_soft:00400] loss=3.023525 tau=3.00 collapse_w=0.000 mid_frac=0.226 hard=score=0.7268459071 wNMSE=0.37701013 wMSE=19721.2076 wMRED=3.04878741 wER=0.522041 wMAE=69.1937 wBias=1.0176 condBias=63.1374 dotDrift=+0.464sigma uMRED=0.2249150298 uER=0.555908 uMAE=145.8594 WCE=1104 bias=-39.1250 *BEST*
[pop02_soft:00600] loss=0.537569 tau=3.75 collapse_w=0.000 mid_frac=0.208 hard=score=27.4344885928 wNMSE=0.34070536 wMSE=17822.1239 wMRED=2.88986338 wER=0.487445 wMAE=63.1251 wBias=-18.5110 condBias=68.3827 dotDrift=-8.874sigma uMRED=0.2054954595 uER=0.524414 uMAE=123.2246 WCE=1064 bias=-53.1250
[pop02_soft:00800] loss=0.381076 tau=4.50 collapse_w=0.084 mid_frac=0.179 hard=score=14.1881417173 wNMSE=0.28864565 wMSE=15098.9068 wMRED=2.46040734 wER=0.458558 wMAE=54.7808 wBias=-13.2107 condBias=64.2338 dotDrift=-6.881sigma uMRED=0.1748016279 uER=0.485596 uMAE=91.8164 WCE=956 bias=-46.8750
[pop02_soft:01000] loss=0.234687 tau=5.25 collapse_w=0.293 mid_frac=0.143 hard=score=1.0578860647 wNMSE=0.26508059 wMSE=13866.2303 wMRED=2.48123428 wER=0.411652 wMAE=47.2714 wBias=2.6590 condBias=66.9644 dotDrift=+1.445sigma uMRED=0.1603758590 uER=0.478027 uMAE=82.9453 WCE=956 bias=-42.8750
[pop02_soft:01075] loss=0.198185 tau=5.53 collapse_w=0.371 mid_frac=0.137 hard=score=0.5659960867 wNMSE=0.28258529 wMSE=14781.8926 wMRED=2.52176338 wER=0.411652 wMAE=49.0278 wBias=0.5041 condBias=71.7963 dotDrift=+0.265sigma uMRED=0.1669623674 uER=0.478027 uMAE=86.3711 WCE=956 bias=-46.8750 *BEST*
[pop02_soft:01100] loss=0.187827 tau=5.63 collapse_w=0.397 mid_frac=0.131 hard=score=0.5466891560 wNMSE=0.2793864 wMSE=14614.5600 wMRED=2.51864269 wER=0.411652 wMAE=48.4912 wBias=-0.2543 condBias=71.6498 dotDrift=-0.135sigma uMRED=0.1607413905 uER=0.478027 uMAE=79.6504 WCE=956 bias=-54.8750 *BEST*
[pop02_soft:01199] loss=0.149553 tau=6.00 collapse_w=0.500 mid_frac=0.131 hard=score=0.5466891560 wNMSE=0.2793864 wMSE=14614.5600 wMRED=2.51864269 wER=0.411652 wMAE=48.4912 wBias=-0.2543 condBias=71.6498 dotDrift=-0.135sigma uMRED=0.1607413905 uER=0.478027 uMAE=79.6504 WCE=956 bias=-54.8750
[pop02_hard:00000] loss=0.650554 tau=6.00 collapse_w=0.500 mid_frac=0.131 hard=score=0.5466891560 wNMSE=0.2793864 wMSE=14614.5600 wMRED=2.51864269 wER=0.411652 wMAE=48.4912 wBias=-0.2543 condBias=71.6498 dotDrift=-0.135sigma uMRED=0.1607413905 uER=0.478027 uMAE=79.6504 WCE=956 bias=-54.8750
[pop02_hard:00200] loss=29.572767 tau=6.00 collapse_w=0.500 mid_frac=0.125 hard=score=0.5466891560 wNMSE=0.2793864 wMSE=14614.5600 wMRED=2.51864269 wER=0.411652 wMAE=48.4912 wBias=-0.2543 condBias=71.6498 dotDrift=-0.135sigma uMRED=0.1607413905 uER=0.478027 uMAE=79.6504 WCE=956 bias=-54.8750
[pop02_hard:00400] loss=29.572241 tau=6.00 collapse_w=0.500 mid_frac=0.131 hard=score=0.5466891560 wNMSE=0.2793864 wMSE=14614.5600 wMRED=2.51864269 wER=0.411652 wMAE=48.4912 wBias=-0.2543 condBias=71.6498 dotDrift=-0.135sigma uMRED=0.1607413905 uER=0.478027 uMAE=79.6504 WCE=956 bias=-54.8750
[pop02_hard:00599] loss=0.645748 tau=6.00 collapse_w=0.500 mid_frac=0.137 hard=score=0.5466891560 wNMSE=0.2793864 wMSE=14614.5600 wMRED=2.51864269 wER=0.411652 wMAE=48.4912 wBias=-0.2543 condBias=71.6498 dotDrift=-0.135sigma uMRED=0.1607413905 uER=0.478027 uMAE=79.6504 WCE=956 bias=-54.8750
[pop02] done (conf=0.53, noise=0.5); global best score=0.5466891560 wNMSE=0.2793864 wMSE=14614.5600 wMRED=2.51864269 wER=0.411652 wMAE=48.4912 wBias=-0.2543 condBias=71.6498 dotDrift=-0.135sigma uMRED=0.1607413905 uER=0.478027 uMAE=79.6504 WCE=956 bias=-54.8750
[pop03_soft:00000] loss=7.757891 tau=1.50 collapse_w=0.000 mid_frac=0.435 hard=score=1145.5293868425 wNMSE=14.917257 wMSE=780314.1132 wMRED=39.57417865 wER=0.585938 wMAE=488.4585 wBias=-119.5946 condBias=506.4305 dotDrift=-8.665sigma uMRED=1.1195624670 uER=0.578125 uMAE=395.4556 WCE=3073 bias=18.8125
[pop03_soft:00200] loss=8.387524 tau=2.25 collapse_w=0.000 mid_frac=0.440 hard=score=2087.1171543756 wNMSE=6.2149323 wMSE=325099.9391 wMRED=26.21656951 wER=0.585896 wMAE=256.4525 wBias=162.8745 condBias=306.7196 dotDrift=+18.282sigma uMRED=0.6979530178 uER=0.577393 uMAE=230.1436 WCE=3954 bias=129.0625
[pop03_soft:00400] loss=4.603118 tau=3.00 collapse_w=0.000 mid_frac=0.375 hard=score=97.5545238660 wNMSE=0.78753914 wMSE=41195.7708 wMRED=6.04225836 wER=0.582697 wMAE=80.0771 wBias=35.0610 condBias=82.3179 dotDrift=+11.056sigma uMRED=0.2885808770 uER=0.575195 uMAE=156.1387 WCE=3904 bias=118.6250
[pop03_soft:00600] loss=0.791450 tau=3.75 collapse_w=0.000 mid_frac=0.315 hard=score=0.7256041066 wNMSE=0.38009067 wMSE=19882.3491 wMRED=2.85143804 wER=0.543235 wMAE=66.5150 wBias=0.5653 condBias=72.2499 dotDrift=+0.257sigma uMRED=0.2310058641 uER=0.562500 uMAE=139.9531 WCE=1792 bias=-32.1250
[pop03_soft:00800] loss=0.416305 tau=4.50 collapse_w=0.084 mid_frac=0.280 hard=score=5.6594425693 wNMSE=0.33894972 wMSE=17730.2871 wMRED=2.52279989 wER=0.533197 wMAE=58.4624 wBias=-7.9795 condBias=75.1196 dotDrift=-3.835sigma uMRED=0.2096727733 uER=0.558350 uMAE=121.0938 WCE=1840 bias=-64.1250
[pop03_soft:01000] loss=0.324378 tau=5.25 collapse_w=0.293 mid_frac=0.262 hard=score=1.2818588010 wNMSE=0.32225726 wMSE=16857.1131 wMRED=2.15505880 wER=0.518247 wMAE=53.9156 wBias=-2.8440 condBias=72.6938 dotDrift=-1.402sigma uMRED=0.2042884337 uER=0.551025 uMAE=121.6250 WCE=1840 bias=-56.1250
[pop03_soft:01199] loss=0.242269 tau=6.00 collapse_w=0.500 mid_frac=0.262 hard=score=10.0502265978 wNMSE=0.16530139 wMSE=8646.8316 wMRED=1.96269270 wER=0.518247 wMAE=44.3904 wBias=11.1310 condBias=48.3503 dotDrift=+7.661sigma uMRED=0.1371354745 uER=0.551025 uMAE=84.8203 WCE=960 bias=23.8750
[pop03_hard:00000] loss=10.133268 tau=6.00 collapse_w=0.500 mid_frac=0.262 hard=score=4.2397006976 wNMSE=0.2274809 wMSE=11899.4102 wMRED=1.98137024 wER=0.518247 wMAE=45.9785 wBias=6.9029 condBias=60.8497 dotDrift=+4.050sigma uMRED=0.1746493417 uER=0.551025 uMAE=107.3203 WCE=1840 bias=-40.1250
[pop03_hard:00200] loss=5.997355 tau=6.00 collapse_w=0.500 mid_frac=0.256 hard=score=5.9343533107 wNMSE=0.33577799 wMSE=17564.3756 wMRED=2.47326908 wER=0.518247 wMAE=57.5996 wBias=-8.2032 condBias=74.2484 dotDrift=-3.961sigma uMRED=0.2086279556 uER=0.551025 uMAE=121.3828 WCE=1840 bias=-60.1250
[pop03_hard:00400] loss=4.943369 tau=6.00 collapse_w=0.500 mid_frac=0.256 hard=score=4.8794776889 wNMSE=0.34181606 wMSE=17880.2237 wMRED=2.48344623 wER=0.518247 wMAE=58.2497 wBias=-7.3240 condBias=75.6346 dotDrift=-3.505sigma uMRED=0.2173735246 uER=0.551025 uMAE=126.7109 WCE=1840 bias=-52.1250
[pop03_hard:00599] loss=3.952873 tau=6.00 collapse_w=0.500 mid_frac=0.250 hard=score=0.6383510867 wNMSE=0.27937155 wMSE=14613.7834 wMRED=2.41682824 wER=0.518247 wMAE=54.2549 wBias=-0.8410 condBias=68.4252 dotDrift=-0.445sigma uMRED=0.2013607957 uER=0.551025 uMAE=118.6406 WCE=1840 bias=-42.1250
[pop03] done (conf=0.51, noise=1.0); global best score=0.5466891560 wNMSE=0.2793864 wMSE=14614.5600 wMRED=2.51864269 wER=0.411652 wMAE=48.4912 wBias=-0.2543 condBias=71.6498 dotDrift=-0.135sigma uMRED=0.1607413905 uER=0.478027 uMAE=79.6504 WCE=956 bias=-54.8750
[pop04_soft:00000] loss=15.072750 tau=1.50 collapse_w=0.000 mid_frac=0.345 hard=score=162.8115468728 wNMSE=2.4060197 wMSE=125857.6637 wMRED=12.23934001 wER=0.555969 wMAE=185.7749 wBias=44.9439 condBias=184.7082 dotDrift=+8.108sigma uMRED=0.4925488309 uER=0.568604 uMAE=274.9165 WCE=2857 bias=47.5625
[pop04_soft:00200] loss=7.548585 tau=2.25 collapse_w=0.000 mid_frac=0.321 hard=score=6.6640483830 wNMSE=1.0621905 wMSE=55562.6420 wMRED=7.79699782 wER=0.534588 wMAE=124.3065 wBias=-7.7183 condBias=104.3578 dotDrift=-2.096sigma uMRED=0.3429657296 uER=0.557617 uMAE=198.0625 WCE=2096 bias=111.7500
[pop04_soft:00400] loss=3.507081 tau=3.00 collapse_w=0.000 mid_frac=0.256 hard=score=275.4517675654 wNMSE=7.4952573 wMSE=392073.0903 wMRED=26.59155748 wER=0.518263 wMAE=187.5520 wBias=-57.8578 condBias=370.6718 dotDrift=-5.914sigma uMRED=0.6440656853 uER=0.561279 uMAE=216.7188 WCE=3656 bias=103.5000
[pop04_soft:00600] loss=0.651886 tau=3.75 collapse_w=0.000 mid_frac=0.161 hard=score=29.8384122910 wNMSE=0.51219052 wMSE=26792.4250 wMRED=3.05927641 wER=0.416886 wMAE=66.1346 wBias=19.2050 condBias=94.9351 dotDrift=+7.509sigma uMRED=0.2719463463 uER=0.504639 uMAE=149.2832 WCE=1504 bias=30.0000
[pop04_soft:00800] loss=0.373274 tau=4.50 collapse_w=0.084 mid_frac=0.155 hard=score=55.8778253526 wNMSE=0.40714928 wMSE=21297.7712 wMRED=2.83875220 wER=0.436160 wMAE=57.6220 wBias=26.5277 condBias=83.7919 dotDrift=+11.634sigma uMRED=0.2369835713 uER=0.509766 uMAE=131.5410 WCE=1360 bias=37.3750
[pop04_soft:01000] loss=0.240662 tau=5.25 collapse_w=0.293 mid_frac=0.119 hard=score=52.7924301004 wNMSE=0.39576434 wMSE=20702.2309 wMRED=2.78368213 wER=0.435810 wMAE=55.7844 wBias=25.7804 condBias=81.9365 dotDrift=+11.467sigma uMRED=0.2330088797 uER=0.514893 uMAE=128.9629 WCE=1328 bias=36.8750
[pop04_soft:01199] loss=0.153826 tau=6.00 collapse_w=0.500 mid_frac=0.119 hard=score=71.3853472949 wNMSE=0.34287231 wMSE=17935.4759 wMRED=2.74966489 wER=0.435810 wMAE=53.0824 wBias=30.0518 condBias=76.4096 dotDrift=+14.361sigma uMRED=0.2013152258 uER=0.514893 uMAE=108.2129 WCE=1328 bias=68.8750
[pop04_hard:00000] loss=71.482796 tau=6.00 collapse_w=0.500 mid_frac=0.119 hard=score=71.3853472949 wNMSE=0.34287231 wMSE=17935.4759 wMRED=2.74966489 wER=0.435810 wMAE=53.0824 wBias=30.0518 condBias=76.4096 dotDrift=+14.361sigma uMRED=0.2013152258 uER=0.514893 uMAE=108.2129 WCE=1328 bias=68.8750
[pop04_hard:00200] loss=3.925458 tau=6.00 collapse_w=0.500 mid_frac=0.137 hard=score=3.8470526324 wNMSE=0.37900638 wMSE=19825.6307 wMRED=2.69267708 wER=0.435810 wMAE=52.6695 wBias=6.2976 condBias=80.7557 dotDrift=+2.862sigma uMRED=0.2548368224 uER=0.514893 uMAE=152.7129 WCE=1700 bias=-59.1250
[pop04_hard:00400] loss=35.979057 tau=6.00 collapse_w=0.500 mid_frac=0.113 hard=score=35.9141708712 wNMSE=1.8896384 wMSE=98846.0206 wMRED=3.28252335 wER=0.435810 wMAE=81.2218 wBias=-20.4361 condBias=169.2600 dotDrift=-4.160sigma uMRED=0.3341119408 uER=0.514893 uMAE=180.9629 WCE=2484 bias=-59.1250
[pop04_hard:00599] loss=27.902718 tau=6.00 collapse_w=0.500 mid_frac=0.089 hard=score=27.8528972780 wNMSE=1.864427 wMSE=97527.2266 wMRED=3.06314520 wER=0.435810 wMAE=78.6021 wBias=-17.7565 condBias=168.1239 dotDrift=-3.639sigma uMRED=0.3294739018 uER=0.514893 uMAE=179.9629 WCE=2484 bias=-57.1250
[pop04] done (conf=0.53, noise=0.5); global best score=0.5466891560 wNMSE=0.2793864 wMSE=14614.5600 wMRED=2.51864269 wER=0.411652 wMAE=48.4912 wBias=-0.2543 condBias=71.6498 dotDrift=-0.135sigma uMRED=0.1607413905 uER=0.478027 uMAE=79.6504 WCE=956 bias=-54.8750
[pop05_soft:00000] loss=26.467842 tau=1.50 collapse_w=0.000 mid_frac=0.417 hard=score=732.9727145115 wNMSE=8.770894 wMSE=458800.9929 wMRED=20.41290438 wER=0.579822 wMAE=339.0683 wBias=95.7590 condBias=363.9822 dotDrift=+9.048sigma uMRED=0.9329227793 uER=0.570801 uMAE=483.4707 WCE=3422 bias=178.8750
[pop05_soft:00200] loss=10.552347 tau=2.25 collapse_w=0.000 mid_frac=0.399 hard=score=1652.1425240555 wNMSE=3.9337768 wMSE=205773.8571 wMRED=12.89088805 wER=0.554848 wMAE=187.3790 wBias=-144.9597 condBias=262.8095 dotDrift=-20.452sigma uMRED=0.6397932711 uER=0.569336 uMAE=318.5312 WCE=2926 bias=-114.1250
[pop05_soft:00400] loss=7.000782 tau=3.00 collapse_w=0.000 mid_frac=0.405 hard=score=15.3197259180 wNMSE=0.89173531 wMSE=46646.2198 wMRED=3.55134407 wER=0.493433 wMAE=76.2930 wBias=13.2977 condBias=86.5744 dotDrift=+3.940sigma uMRED=0.3294515539 uER=0.538574 uMAE=187.4258 WCE=3656 bias=114.6250
[pop05_soft:00600] loss=3.356322 tau=3.75 collapse_w=0.000 mid_frac=0.304 hard=score=8.4198854568 wNMSE=0.54717236 wMSE=28622.3072 wMRED=2.93190111 wER=0.497716 wMAE=72.2178 wBias=9.6946 condBias=90.9011 dotDrift=+3.667sigma uMRED=0.2949766787 uER=0.551758 uMAE=168.9160 WCE=2824 bias=18.7500
[pop05_soft:00800] loss=1.272820 tau=4.50 collapse_w=0.084 mid_frac=0.232 hard=score=1.0389719567 wNMSE=0.55234025 wMSE=28892.6370 wMRED=2.87930905 wER=0.480216 wMAE=72.0964 wBias=-0.6401 condBias=93.5759 dotDrift=-0.241sigma uMRED=0.3030787824 uER=0.517822 uMAE=176.8398 WCE=1636 bias=-30.3750
[pop05_soft:01000] loss=1.028944 tau=5.25 collapse_w=0.293 mid_frac=0.202 hard=score=3.0812106353 wNMSE=0.53516024 wMSE=27993.9596 wMRED=2.66850297 wER=0.495266 wMAE=69.3790 wBias=-5.1889 condBias=91.6750 dotDrift=-1.985sigma uMRED=0.2989246988 uER=0.531738 uMAE=177.5508 WCE=1636 bias=-37.6250
[pop05_soft:01199] loss=0.826311 tau=6.00 collapse_w=0.500 mid_frac=0.214 hard=score=0.9541205882 wNMSE=0.47874533 wMSE=25042.9243 wMRED=2.63617194 wER=0.495266 wMAE=66.5733 wBias=-0.9176 condBias=87.0316 dotDrift=-0.371sigma uMRED=0.2662240036 uER=0.531738 uMAE=154.8242 WCE=1636 bias=-5.6250
[pop05_hard:00000] loss=1.033102 tau=6.00 collapse_w=0.500 mid_frac=0.214 hard=score=0.9541205882 wNMSE=0.47874533 wMSE=25042.9243 wMRED=2.63617194 wER=0.495266 wMAE=66.5733 wBias=-0.9176 condBias=87.0316 dotDrift=-0.371sigma uMRED=0.2662240036 uER=0.531738 uMAE=154.8242 WCE=1636 bias=-5.6250
[pop05_hard:00200] loss=1.030044 tau=6.00 collapse_w=0.500 mid_frac=0.214 hard=score=0.9541205882 wNMSE=0.47874533 wMSE=25042.9243 wMRED=2.63617194 wER=0.495266 wMAE=66.5733 wBias=-0.9176 condBias=87.0316 dotDrift=-0.371sigma uMRED=0.2662240036 uER=0.531738 uMAE=154.8242 WCE=1636 bias=-5.6250
[pop05_hard:00400] loss=0.954894 tau=6.00 collapse_w=0.500 mid_frac=0.208 hard=score=0.8615784505 wNMSE=0.41144901 wMSE=21522.6880 wMRED=2.61617594 wER=0.495266 wMAE=64.4592 wBias=1.1965 condBias=79.5448 dotDrift=+0.522sigma uMRED=0.2230956488 uER=0.531738 uMAE=122.8242 WCE=1224 bias=26.3750
[pop05_hard:00599] loss=0.954496 tau=6.00 collapse_w=0.500 mid_frac=0.208 hard=score=0.8615784505 wNMSE=0.41144901 wMSE=21522.6880 wMRED=2.61617594 wER=0.495266 wMAE=64.4592 wBias=1.1965 condBias=79.5448 dotDrift=+0.522sigma uMRED=0.2230956488 uER=0.531738 uMAE=122.8242 WCE=1224 bias=26.3750
[pop05] done (conf=0.51, noise=1.0); global best score=0.5466891560 wNMSE=0.2793864 wMSE=14614.5600 wMRED=2.51864269 wER=0.411652 wMAE=48.4912 wBias=-0.2543 condBias=71.6498 dotDrift=-0.135sigma uMRED=0.1607413905 uER=0.478027 uMAE=79.6504 WCE=956 bias=-54.8750
[pop06_soft:00000] loss=44.840096 tau=1.50 collapse_w=0.000 mid_frac=0.286 hard=score=11826.0723051419 wNMSE=36.586109 wMSE=1913800.6919 wMRED=47.18302914 wER=0.585542 wMAE=692.2975 wBias=387.4932 condBias=825.1259 dotDrift=+17.927sigma uMRED=1.1730873639 uER=0.573730 uMAE=370.2588 WCE=3790 bias=156.1250
[pop06_soft:00200] loss=11.972741 tau=2.25 collapse_w=0.000 mid_frac=0.262 hard=score=20.7460373666 wNMSE=8.1258762 wMSE=425060.4413 wMRED=19.00161858 wER=0.565630 wMAE=318.9914 wBias=-8.9883 condBias=308.5926 dotDrift=-0.882sigma uMRED=0.5920086308 uER=0.562744 uMAE=229.9131 WCE=3584 bias=-139.2500
[pop06_soft:00400] loss=2.671464 tau=3.00 collapse_w=0.000 mid_frac=0.214 hard=score=15.7396359654 wNMSE=0.66865164 wMSE=34976.8265 wMRED=2.99035686 wER=0.496061 wMAE=78.5522 wBias=-13.6051 condBias=93.7408 dotDrift=-4.656sigma uMRED=0.3031231085 uER=0.546387 uMAE=172.9141 WCE=3324 bias=43.7500
[pop06_soft:00600] loss=0.532718 tau=3.75 collapse_w=0.000 mid_frac=0.179 hard=score=12.3874846168 wNMSE=0.48124506 wMSE=25173.6836 wMRED=2.58939686 wER=0.465362 wMAE=67.6956 wBias=-12.1320 condBias=81.3259 dotDrift=-4.894sigma uMRED=0.2677985539 uER=0.514893 uMAE=157.7559 WCE=1456 bias=10.2500
[pop06_soft:00800] loss=0.381127 tau=4.50 collapse_w=0.084 mid_frac=0.155 hard=score=11.2318595292 wNMSE=0.46481965 wMSE=24314.4791 wMRED=2.48312122 wER=0.427245 wMAE=64.4046 wBias=-11.5290 condBias=80.3849 dotDrift=-4.732sigma uMRED=0.2386880894 uER=0.493896 uMAE=133.0449 WCE=1200 bias=-16.6250
[pop06_soft:01000] loss=0.281780 tau=5.25 collapse_w=0.293 mid_frac=0.155 hard=score=10.9066728331 wNMSE=0.46392139 wMSE=24267.4914 wMRED=2.48715660 wER=0.427273 wMAE=64.3273 wBias=-11.3484 condBias=80.3804 dotDrift=-4.662sigma uMRED=0.2387611692 uER=0.495361 uMAE=133.1035 WCE=1200 bias=-16.3750
[pop06_soft:01199] loss=0.195708 tau=6.00 collapse_w=0.500 mid_frac=0.143 hard=score=6.8705057562 wNMSE=0.47837437 wMSE=25023.5195 wMRED=2.47360734 wER=0.499647 wMAE=65.8858 wBias=-8.7551 condBias=83.0977 dotDrift=-3.542sigma uMRED=0.2487276818 uER=0.514160 uMAE=141.0762 WCE=1456 bias=-7.8750
[pop06_hard:00000] loss=6.949248 tau=6.00 collapse_w=0.500 mid_frac=0.143 hard=score=6.8705057562 wNMSE=0.47837437 wMSE=25023.5195 wMRED=2.47360734 wER=0.499647 wMAE=65.8858 wBias=-8.7551 condBias=83.0977 dotDrift=-3.542sigma uMRED=0.2487276818 uER=0.514160 uMAE=141.0762 WCE=1456 bias=-7.8750
[pop06_hard:00200] loss=6.944448 tau=6.00 collapse_w=0.500 mid_frac=0.137 hard=score=6.8705057562 wNMSE=0.47837437 wMSE=25023.5195 wMRED=2.47360734 wER=0.499647 wMAE=65.8858 wBias=-8.7551 condBias=83.0977 dotDrift=-3.542sigma uMRED=0.2487276818 uER=0.514160 uMAE=141.0762 WCE=1456 bias=-7.8750
[pop06_hard:00400] loss=0.946644 tau=6.00 collapse_w=0.500 mid_frac=0.101 hard=score=0.8884296522 wNMSE=0.46299439 wMSE=24219.0004 wMRED=2.20497872 wER=0.507674 wMAE=62.4496 wBias=0.7390 condBias=79.2652 dotDrift=+0.304sigma uMRED=0.2389600209 uER=0.514404 uMAE=137.0547 WCE=1456 bias=17.6250
[pop06_hard:00599] loss=0.999359 tau=6.00 collapse_w=0.500 mid_frac=0.113 hard=score=2.0211304571 wNMSE=0.43590628 wMSE=22802.0354 wMRED=2.44786816 wER=0.507674 wMAE=64.5561 wBias=-3.9754 condBias=75.5716 dotDrift=-1.685sigma uMRED=0.2318593537 uER=0.514404 uMAE=130.5938 WCE=1456 bias=20.6250
[pop06] done (conf=0.53, noise=0.5); global best score=0.5466891560 wNMSE=0.2793864 wMSE=14614.5600 wMRED=2.51864269 wER=0.411652 wMAE=48.4912 wBias=-0.2543 condBias=71.6498 dotDrift=-0.135sigma uMRED=0.1607413905 uER=0.478027 uMAE=79.6504 WCE=956 bias=-54.8750
[pop07_soft:00000] loss=14.673991 tau=1.50 collapse_w=0.000 mid_frac=0.393 hard=score=1310.9248777838 wNMSE=8.6746156 wMSE=453764.7194 wMRED=32.90776708 wER=0.585938 wMAE=297.2651 wBias=128.7039 condBias=295.1038 dotDrift=+12.228sigma uMRED=0.9153149624 uER=0.578125 uMAE=322.3613 WCE=3882 bias=61.7500
[pop07_soft:00200] loss=8.925192 tau=2.25 collapse_w=0.000 mid_frac=0.375 hard=score=83.3482191116 wNMSE=5.8908235 wMSE=308145.9756 wMRED=27.22168916 wER=0.569262 wMAE=199.9144 wBias=30.7451 condBias=250.9251 dotDrift=+3.545sigma uMRED=0.6902954704 uER=0.567871 uMAE=242.4375 WCE=3852 bias=-21.8750
[pop07_soft:00400] loss=4.579361 tau=3.00 collapse_w=0.000 mid_frac=0.304 hard=score=221.0037200721 wNMSE=0.71701357 wMSE=37506.6143 wMRED=3.12514571 wER=0.530947 wMAE=80.4493 wBias=52.9742 condBias=107.7178 dotDrift=+17.506sigma uMRED=0.3201277714 uER=0.555176 uMAE=194.9043 WCE=2048 bias=157.7500
[pop07_soft:00600] loss=2.309550 tau=3.75 collapse_w=0.000 mid_frac=0.304 hard=score=113.7502382561 wNMSE=0.55924232 wMSE=29253.6809 wMRED=2.97152553 wER=0.525980 wMAE=71.5462 wBias=37.9417 condBias=95.8795 dotDrift=+14.197sigma uMRED=0.2790155569 uER=0.552490 uMAE=164.5430 WCE=1600 bias=116.2500
[pop07_soft:00800] loss=0.462702 tau=4.50 collapse_w=0.084 mid_frac=0.286 hard=score=11.8190068528 wNMSE=0.41180233 wMSE=21541.1702 wMRED=2.71027311 wER=0.488799 wMAE=64.5123 wBias=11.8859 condBias=80.0471 dotDrift=+5.183sigma uMRED=0.2369555754 uER=0.542236 uMAE=136.2539 WCE=1216 bias=-5.5000
[pop07_soft:01000] loss=0.313168 tau=5.25 collapse_w=0.293 mid_frac=0.298 hard=score=32.6620410155 wNMSE=0.40263332 wMSE=21061.5436 wMRED=2.27527694 wER=0.478903 wMAE=58.8357 wBias=20.1865 condBias=78.9346 dotDrift=+8.902sigma uMRED=0.2264687462 uER=0.537109 uMAE=132.2227 WCE=1216 bias=2.5000
[pop07_soft:01199] loss=0.195051 tau=6.00 collapse_w=0.500 mid_frac=0.280 hard=score=22.6162095021 wNMSE=0.40143716 wMSE=20998.9732 wMRED=2.49316364 wER=0.452665 wMAE=58.0370 wBias=16.7128 condBias=78.9202 dotDrift=+7.381sigma uMRED=0.2293165822 uER=0.532471 uMAE=132.2617 WCE=1216 bias=0.5000
[pop07_hard:00000] loss=22.711254 tau=6.00 collapse_w=0.500 mid_frac=0.280 hard=score=22.6162095021 wNMSE=0.40143716 wMSE=20998.9732 wMRED=2.49316364 wER=0.452665 wMAE=58.0370 wBias=16.7128 condBias=78.9202 dotDrift=+7.381sigma uMRED=0.2293165822 uER=0.532471 uMAE=132.2617 WCE=1216 bias=0.5000
[pop07_hard:00200] loss=2.088407 tau=6.00 collapse_w=0.500 mid_frac=0.280 hard=score=1.9779629009 wNMSE=0.42409341 wMSE=22184.1102 wMRED=2.85470316 wER=0.452665 wMAE=62.0385 wBias=3.9345 condBias=81.3467 dotDrift=+1.691sigma uMRED=0.2383357473 uER=0.532471 uMAE=135.1055 WCE=1252 bias=-67.5000
[pop07_hard:00400] loss=1.150087 tau=6.00 collapse_w=0.500 mid_frac=0.304 hard=score=1.0493874724 wNMSE=0.46694915 wMSE=24425.8719 wMRED=2.89824062 wER=0.489478 wMAE=65.1595 wBias=-1.5931 condBias=85.6794 dotDrift=-0.652sigma uMRED=0.2803197080 uER=0.541992 uMAE=164.8340 WCE=1508 bias=-102.0000
[pop07_hard:00599] loss=1.149174 tau=6.00 collapse_w=0.500 mid_frac=0.298 hard=score=3.4938375750 wNMSE=0.45225074 wMSE=23657.0056 wMRED=2.89291142 wER=0.489478 wMAE=64.7841 wBias=5.8260 condBias=84.5704 dotDrift=+2.424sigma uMRED=0.2782158346 uER=0.541992 uMAE=163.6465 WCE=1508 bias=-38.0000
[pop07] done (conf=0.51, noise=1.0); global best score=0.5466891560 wNMSE=0.2793864 wMSE=14614.5600 wMRED=2.51864269 wER=0.411652 wMAE=48.4912 wBias=-0.2543 condBias=71.6498 dotDrift=-0.135sigma uMRED=0.1607413905 uER=0.478027 uMAE=79.6504 WCE=956 bias=-54.8750
[pop08_soft:00000] loss=50.156277 tau=1.50 collapse_w=0.000 mid_frac=0.357 hard=score=7088.6980472143 wNMSE=10.088951 wMSE=527747.9065 wMRED=33.30857183 wER=0.583447 wMAE=353.4557 wBias=300.5019 condBias=496.2965 dotDrift=+26.474sigma uMRED=0.8542412835 uER=0.574463 uMAE=301.9048 WCE=3944 bias=188.3125
[pop08_soft:00200] loss=10.887550 tau=2.25 collapse_w=0.000 mid_frac=0.298 hard=score=4856.5188302748 wNMSE=9.7911138 wMSE=512168.1733 wMRED=27.32964967 wER=0.581655 wMAE=345.6055 wBias=-248.5617 condBias=449.5537 dotDrift=-22.228sigma uMRED=0.8924543627 uER=0.573730 uMAE=374.2925 WCE=2456 bias=-142.8125
[pop08_soft:00400] loss=2.197340 tau=3.00 collapse_w=0.000 mid_frac=0.196 hard=score=22.9630221560 wNMSE=0.52302858 wMSE=27359.3585 wMRED=3.21654307 wER=0.512772 wMAE=77.0247 wBias=-16.7572 condBias=86.2956 dotDrift=-6.484sigma uMRED=0.3028314350 uER=0.548584 uMAE=187.5996 WCE=1836 bias=-9.2500
[pop08_soft:00600] loss=0.394759 tau=3.75 collapse_w=0.000 mid_frac=0.173 hard=score=5.3607199970 wNMSE=0.41046313 wMSE=21471.1172 wMRED=2.64146968 wER=0.449093 wMAE=58.1165 wBias=7.6126 condBias=87.3688 dotDrift=+3.325sigma uMRED=0.2553007688 uER=0.529297 uMAE=147.4414 WCE=1824 bias=-15.6250
[pop08_soft:00800] loss=0.291261 tau=4.50 collapse_w=0.084 mid_frac=0.149 hard=score=7.6199236678 wNMSE=0.39928469 wMSE=20886.3784 wMRED=2.29706450 wER=0.459279 wMAE=54.0169 wBias=9.3340 condBias=85.7241 dotDrift=+4.133sigma uMRED=0.2469772769 uER=0.506104 uMAE=144.0391 WCE=1744 bias=-9.5000
[pop08_soft:01000] loss=0.217258 tau=5.25 collapse_w=0.293 mid_frac=0.149 hard=score=19.1448876201 wNMSE=0.38709982 wMSE=20248.9945 wMRED=2.21476641 wER=0.476313 wMAE=52.1055 wBias=15.3226 condBias=82.2679 dotDrift=+6.891sigma uMRED=0.2398983069 uER=0.514893 uMAE=140.5430 WCE=1720 bias=-2.0000
[pop08_soft:01199] loss=0.151363 tau=6.00 collapse_w=0.500 mid_frac=0.137 hard=score=19.1448876201 wNMSE=0.38709982 wMSE=20248.9945 wMRED=2.21476641 wER=0.476313 wMAE=52.1055 wBias=15.3226 condBias=82.2679 dotDrift=+6.891sigma uMRED=0.2398983069 uER=0.514893 uMAE=140.5430 WCE=1720 bias=-2.0000
[pop08_hard:00000] loss=19.199631 tau=6.00 collapse_w=0.500 mid_frac=0.137 hard=score=19.1448876201 wNMSE=0.38709982 wMSE=20248.9945 wMRED=2.21476641 wER=0.476313 wMAE=52.1055 wBias=15.3226 condBias=82.2679 dotDrift=+6.891sigma uMRED=0.2398983069 uER=0.514893 uMAE=140.5430 WCE=1720 bias=-2.0000
[pop08_hard:00200] loss=2.929772 tau=6.00 collapse_w=0.500 mid_frac=0.137 hard=score=2.8696810169 wNMSE=0.49163878 wMSE=25717.3739 wMRED=2.27725000 wER=0.476313 wMAE=56.0552 wBias=4.9629 condBias=93.4299 dotDrift=+1.981sigma uMRED=0.2659483864 uER=0.514893 uMAE=165.3145 WCE=1720 bias=-86.0000
[pop08_hard:00400] loss=1.109924 tau=6.00 collapse_w=0.500 mid_frac=0.137 hard=score=1.0485041922 wNMSE=0.44339291 wMSE=23193.6572 wMRED=2.35745482 wER=0.433954 wMAE=54.1243 wBias=-1.5675 condBias=88.3349 dotDrift=-0.659sigma uMRED=0.2527366675 uER=0.493652 uMAE=157.3672 WCE=1728 bias=-96.0000
[pop08_hard:00599] loss=0.967256 tau=6.00 collapse_w=0.500 mid_frac=0.113 hard=score=0.9114325405 wNMSE=0.44523695 wMSE=23290.1180 wMRED=2.36318658 wER=0.433954 wMAE=54.2339 wBias=-0.7818 condBias=89.2052 dotDrift=-0.328sigma uMRED=0.2597370373 uER=0.493652 uMAE=153.7734 WCE=1728 bias=-80.0000
[pop08] done (conf=0.53, noise=0.5); global best score=0.5466891560 wNMSE=0.2793864 wMSE=14614.5600 wMRED=2.51864269 wER=0.411652 wMAE=48.4912 wBias=-0.2543 condBias=71.6498 dotDrift=-0.135sigma uMRED=0.1607413905 uER=0.478027 uMAE=79.6504 WCE=956 bias=-54.8750
[pop09_soft:00000] loss=28.097895 tau=1.50 collapse_w=0.000 mid_frac=0.482 hard=score=3170.6758332021 wNMSE=5.1224699 wMSE=267953.7891 wMRED=14.26549513 wER=0.582903 wMAE=230.2461 wBias=200.9093 condBias=364.5193 dotDrift=+24.840sigma uMRED=0.5377109226 uER=0.573730 uMAE=226.7397 WCE=2894 bias=198.4375
[pop09_soft:00200] loss=11.559988 tau=2.25 collapse_w=0.000 mid_frac=0.423 hard=score=144.6787742269 wNMSE=3.1235309 wMSE=163390.3094 wMRED=18.17024227 wER=0.564724 wMAE=223.7504 wBias=42.0163 condBias=231.6706 dotDrift=+6.652sigma uMRED=0.4031208580 uER=0.567139 uMAE=126.7993 WCE=1104 bias=-22.3750
[pop09_soft:00400] loss=5.024573 tau=3.00 collapse_w=0.000 mid_frac=0.399 hard=score=14.8922056315 wNMSE=0.28644396 wMSE=14983.7375 wMRED=1.93607106 wER=0.512352 wMAE=49.2999 wBias=13.5323 condBias=65.9083 dotDrift=+7.075sigma uMRED=0.2160581520 uER=0.557617 uMAE=137.1465 WCE=1392 bias=49.0000
[pop09_soft:00600] loss=0.939747 tau=3.75 collapse_w=0.000 mid_frac=0.327 hard=score=0.9270467833 wNMSE=0.32519163 wMSE=17010.6083 wMRED=2.12450691 wER=0.471297 wMAE=53.3100 wBias=1.9420 condBias=74.2038 dotDrift=+0.953sigma uMRED=0.2354024217 uER=0.536865 uMAE=142.1660 WCE=1376 bias=-14.5000
[pop09_soft:00800] loss=0.562431 tau=4.50 collapse_w=0.084 mid_frac=0.292 hard=score=9.6677277105 wNMSE=0.26089766 wMSE=13647.4237 wMRED=2.14945638 wER=0.505106 wMAE=48.4875 wBias=-10.8173 condBias=64.5069 dotDrift=-5.926sigma uMRED=0.2135645283 uER=0.555176 uMAE=132.7598 WCE=1312 bias=-36.7500
[pop09_soft:00950] loss=0.399386 tau=5.07 collapse_w=0.240 mid_frac=0.286 hard=score=0.4170650931 wNMSE=0.20613335 wMSE=10782.7305 wMRED=2.01070512 wER=0.505904 wMAE=42.6348 wBias=-0.1361 condBias=55.6875 dotDrift=-0.084sigma uMRED=0.1936422539 uER=0.559570 uMAE=122.3145 WCE=1312 bias=-16.7500 *BEST*
[pop09_soft:01000] loss=0.240707 tau=5.25 collapse_w=0.293 mid_frac=0.304 hard=score=1.6103558317 wNMSE=0.19371654 wMSE=10133.2133 wMRED=1.93752235 wER=0.488409 wMAE=41.1537 wBias=3.9427 condBias=52.6834 dotDrift=+2.507sigma uMRED=0.1743925742 uER=0.555176 uMAE=109.6211 WCE=1312 bias=11.3750
[pop09_soft:01199] loss=0.157171 tau=6.00 collapse_w=0.500 mid_frac=0.310 hard=score=4.3670435650 wNMSE=0.19779041 wMSE=10346.3156 wMRED=1.80786511 wER=0.498632 wMAE=41.0368 wBias=7.1149 condBias=53.1112 dotDrift=+4.477sigma uMRED=0.1735972883 uER=0.557373 uMAE=110.1387 WCE=1312 bias=14.2500
[pop09_hard:00000] loss=4.427487 tau=6.00 collapse_w=0.500 mid_frac=0.310 hard=score=4.3670435650 wNMSE=0.19779041 wMSE=10346.3156 wMRED=1.80786511 wER=0.498632 wMAE=41.0368 wBias=7.1149 condBias=53.1112 dotDrift=+4.477sigma uMRED=0.1735972883 uER=0.557373 uMAE=110.1387 WCE=1312 bias=14.2500
[pop09_hard:00200] loss=2.415418 tau=6.00 collapse_w=0.500 mid_frac=0.304 hard=score=2.3406779350 wNMSE=0.25090762 wMSE=13124.8495 wMRED=2.07150071 wER=0.498632 wMAE=46.5748 wBias=-4.8547 condBias=63.7103 dotDrift=-2.712sigma uMRED=0.1986575636 uER=0.557373 uMAE=120.4980 WCE=1312 bias=-3.7500
[pop09_hard:00400] loss=2.411324 tau=6.00 collapse_w=0.500 mid_frac=0.298 hard=score=2.3406779350 wNMSE=0.25090762 wMSE=13124.8495 wMRED=2.07150071 wER=0.498632 wMAE=46.5748 wBias=-4.8547 condBias=63.7103 dotDrift=-2.712sigma uMRED=0.1986575636 uER=0.557373 uMAE=120.4980 WCE=1312 bias=-3.7500
[pop09_hard:00599] loss=1.822521 tau=6.00 collapse_w=0.500 mid_frac=0.280 hard=score=1.7533651943 wNMSE=0.25027219 wMSE=13091.6106 wMRED=2.04343096 wER=0.498632 wMAE=45.9939 wBias=-4.0084 condBias=63.6199 dotDrift=-2.242sigma uMRED=0.1979896551 uER=0.557373 uMAE=120.7070 WCE=1312 bias=-2.7500
[pop09] done (conf=0.51, noise=1.0); global best score=0.4170650931 wNMSE=0.20613335 wMSE=10782.7305 wMRED=2.01070512 wER=0.505904 wMAE=42.6348 wBias=-0.1361 condBias=55.6875 dotDrift=-0.084sigma uMRED=0.1936422539 uER=0.559570 uMAE=122.3145 WCE=1312 bias=-16.7500
[pop10_soft:00000] loss=46.986889 tau=1.50 collapse_w=0.000 mid_frac=0.280 hard=score=2251.5601377127 wNMSE=8.2023997 wMSE=429063.3449 wMRED=20.86342548 wER=0.575816 wMAE=308.4538 wBias=169.0230 condBias=341.2917 dotDrift=+16.514sigma uMRED=0.7119168856 uER=0.562744 uMAE=282.6304 WCE=2802 bias=54.5625
[pop10_soft:00200] loss=11.537531 tau=2.25 collapse_w=0.000 mid_frac=0.286 hard=score=1197.0177293494 wNMSE=2.2957291 wMSE=120088.4206 wMRED=7.52332387 wER=0.540336 wMAE=143.1950 wBias=-123.4365 condBias=195.9613 dotDrift=-22.797sigma uMRED=0.4638888604 uER=0.564209 uMAE=238.0840 WCE=2504 bias=-229.6875
[pop10_soft:00400] loss=4.627337 tau=3.00 collapse_w=0.000 mid_frac=0.238 hard=score=71.4807976220 wNMSE=0.39049189 wMSE=20426.4318 wMRED=2.27238173 wER=0.499091 wMAE=57.8051 wBias=-30.0517 condBias=84.1582 dotDrift=-13.457sigma uMRED=0.2736557053 uER=0.553711 uMAE=175.8379 WCE=1432 bias=-126.6250
[pop10_soft:00600] loss=0.361887 tau=3.75 collapse_w=0.000 mid_frac=0.280 hard=score=12.4839259187 wNMSE=0.34592251 wMSE=18095.0300 wMRED=2.15376085 wER=0.474143 wMAE=52.4212 wBias=-12.2916 condBias=76.7330 dotDrift=-5.848sigma uMRED=0.2299861441 uER=0.537598 uMAE=135.9453 WCE=1200 bias=8.3750
[pop10_soft:00800] loss=0.191976 tau=4.50 collapse_w=0.084 mid_frac=0.238 hard=score=0.5118110203 wNMSE=0.24008129 wMSE=12558.5298 wMRED=1.70127185 wER=0.431426 wMAE=39.6437 wBias=-0.7172 condBias=63.2648 dotDrift=-0.410sigma uMRED=0.1895735987 uER=0.509277 uMAE=119.7715 WCE=1200 bias=2.2500
[pop10_soft:01000] loss=0.130232 tau=5.25 collapse_w=0.293 mid_frac=0.220 hard=score=0.3945992503 wNMSE=0.17075479 wMSE=8932.0959 wMRED=1.36060145 wER=0.388856 wMAE=29.0315 wBias=-0.7436 condBias=51.8437 dotDrift=-0.504sigma uMRED=0.1547250422 uER=0.490479 uMAE=104.6953 WCE=1200 bias=-4.7500 *BEST*
[pop10_soft:01025] loss=0.122359 tau=5.35 collapse_w=0.319 mid_frac=0.214 hard=score=0.3650534355 wNMSE=0.16955369 wMSE=8869.2670 wMRED=1.30190263 wER=0.401977 wMAE=29.1214 wBias=0.4669 condBias=51.1699 dotDrift=+0.317sigma uMRED=0.1536567368 uER=0.494141 uMAE=104.5879 WCE=1200 bias=-3.7500 *BEST*
[pop10_soft:01100] loss=0.107607 tau=5.63 collapse_w=0.397 mid_frac=0.208 hard=score=0.3479433873 wNMSE=0.16953217 wMSE=8868.1413 wMRED=1.34126179 wER=0.429112 wMAE=29.3013 wBias=-0.0339 condBias=51.2077 dotDrift=-0.023sigma uMRED=0.1543157486 uER=0.505371 uMAE=104.7715 WCE=1200 bias=-4.2500 *BEST*
[pop10_soft:01199] loss=0.088895 tau=6.00 collapse_w=0.500 mid_frac=0.214 hard=score=0.5036537190 wNMSE=0.1720023 wMSE=8997.3527 wMRED=1.52805309 wER=0.428811 wMAE=30.5372 wBias=1.3838 condBias=51.8294 dotDrift=+0.934sigma uMRED=0.1564274034 uER=0.502441 uMAE=104.3965 WCE=1200 bias=-3.2500
[pop10_hard:00000] loss=0.553176 tau=6.00 collapse_w=0.500 mid_frac=0.214 hard=score=0.5036537190 wNMSE=0.1720023 wMSE=8997.3527 wMRED=1.52805309 wER=0.428811 wMAE=30.5372 wBias=1.3838 condBias=51.8294 dotDrift=+0.934sigma uMRED=0.1564274034 uER=0.502441 uMAE=104.3965 WCE=1200 bias=-3.2500
[pop10_hard:00200] loss=0.552269 tau=6.00 collapse_w=0.500 mid_frac=0.202 hard=score=3.1944408693 wNMSE=0.16366572 wMSE=8561.2703 wMRED=1.52583445 wER=0.428811 wMAE=30.3242 wBias=-6.0352 condBias=50.4566 dotDrift=-4.174sigma uMRED=0.1530151165 uER=0.502441 uMAE=102.0527 WCE=1096 bias=-67.2500
[pop10_hard:00400] loss=0.550361 tau=6.00 collapse_w=0.500 mid_frac=0.202 hard=score=0.5036537190 wNMSE=0.1720023 wMSE=8997.3527 wMRED=1.52805309 wER=0.428811 wMAE=30.5372 wBias=1.3838 condBias=51.8294 dotDrift=+0.934sigma uMRED=0.1564274034 uER=0.502441 uMAE=104.3965 WCE=1200 bias=-3.2500
[pop10_hard:00599] loss=0.548921 tau=6.00 collapse_w=0.500 mid_frac=0.202 hard=score=0.5036537190 wNMSE=0.1720023 wMSE=8997.3527 wMRED=1.52805309 wER=0.428811 wMAE=30.5372 wBias=1.3838 condBias=51.8294 dotDrift=+0.934sigma uMRED=0.1564274034 uER=0.502441 uMAE=104.3965 WCE=1200 bias=-3.2500
[pop10] done (conf=0.53, noise=0.5); global best score=0.3479433873 wNMSE=0.16953217 wMSE=8868.1413 wMRED=1.34126179 wER=0.429112 wMAE=29.3013 wBias=-0.0339 condBias=51.2077 dotDrift=-0.023sigma uMRED=0.1543157486 uER=0.505371 uMAE=104.7715 WCE=1200 bias=-4.2500
[pop11_soft:00000] loss=38.089161 tau=1.50 collapse_w=0.000 mid_frac=0.417 hard=score=1153.7859678912 wNMSE=8.0646998 wMSE=421860.3334 wMRED=25.60889367 wER=0.573810 wMAE=359.1490 wBias=120.6618 condBias=365.6507 dotDrift=+11.890sigma uMRED=0.8064088226 uER=0.571533 uMAE=321.9883 WCE=3312 bias=16.7500
[pop11_soft:00200] loss=10.579293 tau=2.25 collapse_w=0.000 mid_frac=0.351 hard=score=1290.5573779953 wNMSE=3.0290548 wMSE=158448.3130 wMRED=13.17585401 wER=0.572634 wMAE=192.7872 wBias=-128.0940 condBias=242.9036 dotDrift=-20.595sigma uMRED=0.5877669236 uER=0.573730 uMAE=276.8672 WCE=2293 bias=-148.1250
[pop11_soft:00400] loss=3.008339 tau=3.00 collapse_w=0.000 mid_frac=0.381 hard=score=66.3543016623 wNMSE=0.95093075 wMSE=49742.7028 wMRED=5.84187527 wER=0.538751 wMAE=103.4970 wBias=-28.7329 condBias=111.1904 dotDrift=-8.245sigma uMRED=0.3021003111 uER=0.555908 uMAE=159.1987 WCE=1776 bias=-4.5625
[pop11_soft:00600] loss=0.454893 tau=3.75 collapse_w=0.000 mid_frac=0.339 hard=score=1.7455704878 wNMSE=0.30813613 wMSE=16118.4441 wMRED=3.04770189 wER=0.508155 wMAE=60.7027 wBias=3.8697 condBias=70.2881 dotDrift=+1.951sigma uMRED=0.1999068688 uER=0.540283 uMAE=104.4663 WCE=864 bias=0.5625
[pop11_soft:00800] loss=0.284280 tau=4.50 collapse_w=0.084 mid_frac=0.304 hard=score=2.7642666262 wNMSE=0.30729437 wMSE=16074.4116 wMRED=2.68179709 wER=0.478201 wMAE=54.3901 wBias=5.3149 condBias=68.2557 dotDrift=+2.683sigma uMRED=0.1937449535 uER=0.530029 uMAE=105.7246 WCE=864 bias=2.2500
[pop11_soft:01000] loss=0.214314 tau=5.25 collapse_w=0.293 mid_frac=0.286 hard=score=3.6382567373 wNMSE=0.31638331 wMSE=16549.8499 wMRED=2.35888556 wER=0.473760 wMAE=50.2922 wBias=6.2556 condBias=67.0218 dotDrift=+3.112sigma uMRED=0.1870147996 uER=0.526367 uMAE=111.0312 WCE=1152 bias=41.0000
[pop11_soft:01199] loss=0.153480 tau=6.00 collapse_w=0.500 mid_frac=0.262 hard=score=0.5375794295 wNMSE=0.29357536 wMSE=15356.7776 wMRED=1.83235471 wER=0.467767 wMAE=44.2008 wBias=0.1211 condBias=65.0299 dotDrift=+0.063sigma uMRED=0.1767987858 uER=0.524902 uMAE=109.0430 WCE=1152 bias=39.0000
[pop11_hard:00000] loss=0.604204 tau=6.00 collapse_w=0.500 mid_frac=0.262 hard=score=0.5375794295 wNMSE=0.29357536 wMSE=15356.7776 wMRED=1.83235471 wER=0.467767 wMAE=44.2008 wBias=0.1211 condBias=65.0299 dotDrift=+0.063sigma uMRED=0.1767987858 uER=0.524902 uMAE=109.0430 WCE=1152 bias=39.0000
[pop11_hard:00200] loss=19.213190 tau=6.00 collapse_w=0.500 mid_frac=0.256 hard=score=1.9065915166 wNMSE=0.30592517 wMSE=16002.7897 wMRED=1.84004500 wER=0.467767 wMAE=44.5163 wBias=-4.1071 condBias=69.7957 dotDrift=-2.078sigma uMRED=0.1888029570 uER=0.524902 uMAE=111.5430 WCE=1400 bias=-25.0000
[pop11_hard:00400] loss=19.953684 tau=6.00 collapse_w=0.500 mid_frac=0.256 hard=score=19.8943257221 wNMSE=0.72969689 wMSE=38170.0726 wMRED=2.06418259 wER=0.467767 wMAE=55.9731 wBias=-15.4244 condBias=106.2165 dotDrift=-5.053sigma uMRED=0.2300144625 uER=0.524902 uMAE=132.7305 WCE=1488 bias=-57.0000
[pop11_hard:00599] loss=19.953201 tau=6.00 collapse_w=0.500 mid_frac=0.244 hard=score=19.8943257221 wNMSE=0.72969689 wMSE=38170.0726 wMRED=2.06418259 wER=0.467767 wMAE=55.9731 wBias=-15.4244 condBias=106.2165 dotDrift=-5.053sigma uMRED=0.2300144625 uER=0.524902 uMAE=132.7305 WCE=1488 bias=-57.0000
[pop11] done (conf=0.51, noise=1.0); global best score=0.3479433873 wNMSE=0.16953217 wMSE=8868.1413 wMRED=1.34126179 wER=0.429112 wMAE=29.3013 wBias=-0.0339 condBias=51.2077 dotDrift=-0.023sigma uMRED=0.1543157486 uER=0.505371 uMAE=104.7715 WCE=1200 bias=-4.2500
[best] stage=pop10_soft score=0.3479433873 wNMSE=0.16953217 wMSE=8868.1413 wMRED=1.34126179 wER=0.429112 wMAE=29.3013 wBias=-0.0339 condBias=51.2077 dotDrift=-0.023sigma uMRED=0.1543157486 uER=0.505371 uMAE=104.7715 WCE=1200 bias=-4.2500
[best-json] /home/xuanqi/tony/work/FPGA/signed8x8_approx/signed8x8_2026_8_22/runs_module_groups/G2_v/default_split/rand303/best_signed88_inits.json
[best-rtl] /home/xuanqi/tony/work/FPGA/signed8x8_approx/signed8x8_2026_8_22/runs_module_groups/G2_v/default_split/rand303/best_rtl
[design] default_split search_bits=168
[start] score=0.3479433873 wNMSE=0.16953217 wMSE=8868.1413 wMRED=1.34126179 wER=0.429112 wMAE=29.3013 wBias=-0.0339 condBias=51.2077 dotDrift=-0.023sigma uMRED=0.1543157486 uER=0.505371 uMAE=104.7715 WCE=1200 bias=-4.2500
[single] ACCEPT ['lo_lut67:11'] 0.3479433873->0.3439492485 wNMSE=0.16726189 wBias=+0.18251
[single] ACCEPT ['lo_lut67:55'] 0.3439492485->0.3299932600 wNMSE=0.1631556 wBias=-0.18995
[single] ACCEPT ['lo_lut67:43'] 0.3299932600->0.3211586677 wNMSE=0.16020337 wBias=+0.24279
[single] ACCEPT ['lo_lut45:27'] 0.3211586677->0.3160570360 wNMSE=0.15982869 wBias=+0.03127
[single] ACCEPT ['lo_lut45:43'] 0.3160570360->0.3153484071 wNMSE=0.15942154 wBias=+0.13945
[single] ACCEPT ['lo_lut23:51'] 0.3153484071->0.3129868021 wNMSE=0.15910896 wBias=-0.00833
[single] ACCEPT ['mid_lut45:15'] 0.3129868021->0.3121475285 wNMSE=0.15804356 wBias=+0.09417
[single] ACCEPT ['lo_lut67:19'] 0.3121475285->0.3112936913 wNMSE=0.15781966 wBias=-0.00006
[single] ACCEPT ['mid_lut45:19'] 0.3112936913->0.3110771684 wNMSE=0.15690302 wBias=+0.09817
[single] ACCEPT ['lo_lut23:27'] 0.3110771684->0.3102966694 wNMSE=0.15689104 wBias=-0.02879
[single] ACCEPT ['lo_lut45:47'] 0.3102966694->0.3100116007 wNMSE=0.15681883 wBias=+0.02078
[single] ACCEPT ['lo_lut45:51'] 0.3100116007->0.3099917623 wNMSE=0.15676214 wBias=-0.02633
[single] ACCEPT ['lo_lut45:19'] 0.3099917623->0.3099473086 wNMSE=0.15678328 wBias=-0.00277
[single] round=14 no improvement
[pair] ACCEPT ['hi_lut67:23', 'hi_lut67:11'] 0.3099473086->0.1203753099 wNMSE=0.043208417 wBias=+0.55908
[pair] ACCEPT ['lo_lut67:43', 'lo_lut67:11'] 0.1203753099->0.0822108949 wNMSE=0.039196793 wBias=-0.09002
[pair] ACCEPT ['mid_lut45:51', 'lo_lut45:43'] 0.0822108949->0.0784952377 wNMSE=0.037848018 wBias=-0.00176
[pair] ACCEPT ['mid_lut67:15', 'mid_lut45:43'] 0.0784952377->0.0735929334 wNMSE=0.036082047 wBias=-0.03135
[basin] ACCEPT ['lo_lut23:19', 'lo_lut23:7', 'lo_lut23:27'] 0.0735929334->0.0729204710 wNMSE=0.036054831 wBias=+0.04153
[basin] ACCEPT ['lo_lut67:15', 'mid_lut01:31', 'lo_lut01:31'] 0.0729204710->0.0718063025 wNMSE=0.035402262 wBias=+0.00240
[basin] ACCEPT ['mid_lut23:11', 'lo_lut67:19', 'mid_lut01:59', 'mid_lut23:3'] 0.0718063025->0.0713678034 wNMSE=0.035192724 wBias=+0.02126
[final] score=0.0713678034 wNMSE=0.035192724 wMSE=1840.9135 wMRED=1.19434180 wER=0.471822 wMAE=22.4605 wBias=0.0213 condBias=20.6844 dotDrift=+0.032sigma uMRED=0.0597715591 uER=0.537598 uMAE=39.4053 WCE=288 bias=2.8125
[json] /home/xuanqi/tony/work/FPGA/signed8x8_approx/signed8x8_2026_8_22/runs_module_groups/G2_v/default_split/rand303/refined/best_signed88_inits.json
