[initial-infeasible] random start violates zero-product safety: zero_violations=148, workload_zero_probability=0.0776177181068; using guard baseline as deployable best
[design] default_split quad4 entries=168
[device] cuda
[safety] max_zero_violations=0 max_workload_zero_violation_probability=0
[initial] score=6922.0748007756 wNMSE=22.192216 wMSE=1690610.9173 wMRED=47.19420681 wER=0.582243 wMAE=650.8733 wBias=353.0212 condBias=722.1523 dotDrift=+17.376sigma uMRED=1.2597043228 uER=0.577148 uMAE=391.1440 WCE=3793 bias=157.6250
[aligned-objective] schema=aligned_ai_metrics_v2 loss_mode=legacy_aligned guard_tolerance=0.1 constraint_weight=10
[quad_warmup_bit:00000] loss=55.472649 tau=1.50 collapse_w=0.000 mid_frac=0.577 hard=score=6922.0748007756 wNMSE=22.192216 wMSE=1690610.9173 wMRED=47.19420681 wER=0.582243 wMAE=650.8733 wBias=353.0212 condBias=722.1523 dotDrift=+17.376sigma uMRED=1.2597043228 uER=0.577148 uMAE=391.1440 WCE=3793 bias=157.6250
[quad_warmup_bit:00200] loss=10.294368 tau=1.50 collapse_w=0.000 mid_frac=0.500 hard=score=946.7731535143 wNMSE=5.2062645 wMSE=396615.0860 wMRED=20.42493523 wER=0.582578 wMAE=314.4923 wBias=-129.6138 condBias=354.4273 dotDrift=-13.172sigma uMRED=0.8958841776 uER=0.578125 uMAE=386.6851 WCE=3148 bias=-104.1250
[quad_warmup_bit:00400] loss=5.063515 tau=1.50 collapse_w=0.000 mid_frac=0.530 hard=score=1275.7692987355 wNMSE=3.3192297 wMSE=252860.1025 wMRED=17.42466018 wER=0.493014 wMAE=234.5477 wBias=-152.1206 condBias=314.8125 dotDrift=-19.361sigma uMRED=0.6364695860 uER=0.566895 uMAE=263.8506 WCE=1968 bias=-86.5625
[quad_warmup_bit:00600] loss=3.541677 tau=1.50 collapse_w=0.000 mid_frac=0.405 hard=score=50.0644119247 wNMSE=0.34937025 wMSE=26615.1500 wMRED=3.13693181 wER=0.433805 wMAE=75.9723 wBias=-29.7395 condBias=80.3606 dotDrift=-11.667sigma uMRED=0.2916825767 uER=0.547852 uMAE=175.4727 WCE=1824 bias=-57.2500
[quad_warmup_bit:00800] loss=2.876964 tau=1.50 collapse_w=0.000 mid_frac=0.345 hard=score=38.2106550627 wNMSE=0.35891451 wMSE=27342.2349 wMRED=3.15247050 wER=0.450293 wMAE=78.2654 wBias=-25.6738 condBias=84.8354 dotDrift=-9.937sigma uMRED=0.2978822035 uER=0.548584 uMAE=177.7500 WCE=1904 bias=-63.6250
[quad_warmup_bit:01000] loss=2.510851 tau=1.50 collapse_w=0.000 mid_frac=0.315 hard=score=130.1180186189 wNMSE=0.52484648 wMSE=39982.9920 wMRED=4.66894620 wER=0.414228 wMAE=93.2541 wBias=-48.4307 condBias=93.9396 dotDrift=-15.501sigma uMRED=0.3206986806 uER=0.535889 uMAE=178.6816 WCE=1888 bias=-68.7500
[quad_warmup_bit:01200] loss=2.214760 tau=1.50 collapse_w=0.000 mid_frac=0.292 hard=score=124.8366610736 wNMSE=0.52984027 wMSE=40363.4205 wMRED=4.68469554 wER=0.414228 wMAE=94.2838 wBias=-47.4011 condBias=95.2461 dotDrift=-15.100sigma uMRED=0.3240490863 uER=0.535889 uMAE=180.6816 WCE=1888 bias=-66.7500
[quad_warmup_bit:01400] loss=2.030445 tau=1.50 collapse_w=0.000 mid_frac=0.280 hard=score=2.5469260975 wNMSE=0.30485232 wMSE=23223.7580 wMRED=2.27637209 wER=0.381168 wMAE=59.9216 wBias=-1.7879 condBias=87.1431 dotDrift=-0.751sigma uMRED=0.2756073927 uER=0.508057 uMAE=166.8457 WCE=1828 bias=-45.6250
[quad_warmup_bit:01600] loss=1.553380 tau=1.50 collapse_w=0.000 mid_frac=0.286 hard=score=2.3808424733 wNMSE=0.30307568 wMSE=23088.4134 wMRED=2.15454130 wER=0.379268 wMAE=59.2913 wBias=-0.8256 condBias=86.5411 dotDrift=-0.348sigma uMRED=0.2716558657 uER=0.496338 uMAE=164.8828 WCE=1840 bias=-42.7500
[quad_warmup_bit:01800] loss=1.528635 tau=1.50 collapse_w=0.000 mid_frac=0.268 hard=score=2.2655226326 wNMSE=0.27859354 wMSE=21223.3547 wMRED=2.07031450 wER=0.368585 wMAE=56.1089 wBias=-1.6141 condBias=82.2983 dotDrift=-0.709sigma uMRED=0.2555311409 uER=0.480469 uMAE=154.9727 WCE=1840 bias=-51.2500
[quad_warmup_bit:02000] loss=1.516427 tau=1.50 collapse_w=0.000 mid_frac=0.268 hard=score=1.6408244600 wNMSE=0.22329636 wMSE=17010.7963 wMRED=1.96431092 wER=0.353587 wMAE=51.5687 wBias=-0.7697 condBias=70.9723 dotDrift=-0.378sigma uMRED=0.2027567948 uER=0.440186 uMAE=116.1250 WCE=880 bias=-22.2500
[quad_warmup_bit:02200] loss=1.078046 tau=1.50 collapse_w=0.000 mid_frac=0.244 hard=score=1.6571842109 wNMSE=0.2243891 wMSE=17094.0415 wMRED=2.09383636 wER=0.368375 wMAE=52.4892 wBias=-0.6593 condBias=71.3128 dotDrift=-0.323sigma uMRED=0.2048049048 uER=0.452637 uMAE=116.5938 WCE=864 bias=-22.0000
[quad_warmup_bit:02400] loss=0.927900 tau=1.50 collapse_w=0.000 mid_frac=0.214 hard=score=2.0698338751 wNMSE=0.22686739 wMSE=17282.8387 wMRED=1.95853305 wER=0.345366 wMAE=51.9638 wBias=2.7214 condBias=71.4407 dotDrift=+1.325sigma uMRED=0.2032355474 uER=0.448730 uMAE=116.5938 WCE=864 bias=-19.0000
[quad_warmup_bit:02600] loss=0.921597 tau=1.50 collapse_w=0.000 mid_frac=0.202 hard=score=2.0928543362 wNMSE=0.22581945 wMSE=17203.0061 wMRED=1.95779751 wER=0.345366 wMAE=51.8516 wBias=2.8337 condBias=71.2181 dotDrift=+1.383sigma uMRED=0.2009395667 uER=0.448730 uMAE=114.5938 WCE=864 bias=-17.0000
[quad_warmup_bit:02800] loss=0.918014 tau=1.50 collapse_w=0.000 mid_frac=0.196 hard=score=2.0993153462 wNMSE=0.22572157 wMSE=17195.5495 wMRED=1.95769500 wER=0.345351 wMAE=51.8388 wBias=2.8617 condBias=71.1665 dotDrift=+1.397sigma uMRED=0.2006084265 uER=0.446533 uMAE=114.3398 WCE=864 bias=-16.5000
[quad_warmup_bit:03000] loss=0.914434 tau=1.50 collapse_w=0.000 mid_frac=0.190 hard=score=2.3322611399 wNMSE=0.22579487 wMSE=17201.1335 wMRED=2.01644955 wER=0.338463 wMAE=51.9099 wBias=3.5401 condBias=71.2742 dotDrift=+1.728sigma uMRED=0.2011137176 uER=0.445068 uMAE=114.1523 WCE=848 bias=-16.0000
[quad_warmup_bit:03200] loss=0.912961 tau=1.50 collapse_w=0.000 mid_frac=0.179 hard=score=2.3322611399 wNMSE=0.22579487 wMSE=17201.1335 wMRED=2.01644955 wER=0.338463 wMAE=51.9099 wBias=3.5401 condBias=71.2742 dotDrift=+1.728sigma uMRED=0.2011137176 uER=0.445068 uMAE=114.1523 WCE=848 bias=-16.0000
[quad_warmup_bit:03400] loss=0.911224 tau=1.50 collapse_w=0.000 mid_frac=0.167 hard=score=4.2237096878 wNMSE=0.2272295 wMSE=17310.4243 wMRED=1.90821353 wER=0.318634 wMAE=49.9008 wBias=6.8538 condBias=71.4353 dotDrift=+3.334sigma uMRED=0.1988184489 uER=0.437256 uMAE=114.1523 WCE=848 bias=-12.0000
[quad_warmup_bit:03600] loss=0.909392 tau=1.50 collapse_w=0.000 mid_frac=0.167 hard=score=4.5620858298 wNMSE=0.22718023 wMSE=17306.6708 wMRED=1.90980866 wER=0.318085 wMAE=49.7294 wBias=7.2771 condBias=71.9663 dotDrift=+3.540sigma uMRED=0.2016148636 uER=0.425537 uMAE=110.1523 WCE=848 bias=-4.0000
[quad_warmup_bit:03800] loss=0.908553 tau=1.50 collapse_w=0.000 mid_frac=0.179 hard=score=4.5423793954 wNMSE=0.2272775 wMSE=17314.0807 wMRED=1.90991118 wER=0.318100 wMAE=49.7421 wBias=7.2491 condBias=72.0171 dotDrift=+3.526sigma uMRED=0.2019460039 uER=0.427734 uMAE=110.4062 WCE=848 bias=-4.5000
[quad_warmup_bit:04000] loss=0.907388 tau=1.50 collapse_w=0.000 mid_frac=0.179 hard=score=9.7901053943 wNMSE=0.1743857 wMSE=13284.7649 wMRED=1.80494840 wER=0.318100 wMAE=44.4924 wBias=12.4988 condBias=62.4819 dotDrift=+6.940sigma uMRED=0.1852560507 uER=0.427734 uMAE=102.4062 WCE=720 bias=3.5000
[quad_warmup_bit:04200] loss=0.906588 tau=1.50 collapse_w=0.000 mid_frac=0.173 hard=score=7.0579224807 wNMSE=0.16269347 wMSE=12394.0467 wMRED=1.79030166 wER=0.317762 wMAE=42.9964 wBias=10.3673 condBias=60.4458 dotDrift=+5.960sigma uMRED=0.1668668323 uER=0.424805 uMAE=89.8672 WCE=720 bias=-12.5000
[quad_warmup_bit:04400] loss=0.905947 tau=1.50 collapse_w=0.000 mid_frac=0.155 hard=score=1.0893896675 wNMSE=0.11905086 wMSE=9069.3371 wMRED=1.68104418 wER=0.310932 wMAE=36.5045 wBias=1.7472 condBias=53.2573 dotDrift=+1.174sigma uMRED=0.1423884881 uER=0.406982 uMAE=76.8477 WCE=704 bias=-28.0000
[quad_warmup_bit:04600] loss=0.905243 tau=1.50 collapse_w=0.000 mid_frac=0.155 hard=score=1.1702584464 wNMSE=0.11658536 wMSE=8881.5146 wMRED=1.67793563 wER=0.310803 wMAE=36.1541 wBias=2.2373 condBias=52.3870 dotDrift=+1.519sigma uMRED=0.1332033956 uER=0.404785 uMAE=70.7988 WCE=684 bias=-20.0000
[quad_warmup_bit:04800] loss=0.904898 tau=1.50 collapse_w=0.000 mid_frac=0.149 hard=score=1.1702584464 wNMSE=0.11658536 wMSE=8881.5146 wMRED=1.67793563 wER=0.310803 wMAE=36.1541 wBias=2.2373 condBias=52.3870 dotDrift=+1.519sigma uMRED=0.1332033956 uER=0.404785 uMAE=70.7988 WCE=684 bias=-20.0000
[quad_warmup_bit:05000] loss=0.903017 tau=1.50 collapse_w=0.000 mid_frac=0.137 hard=score=1.1702584464 wNMSE=0.11658536 wMSE=8881.5146 wMRED=1.67793563 wER=0.310803 wMAE=36.1541 wBias=2.2373 condBias=52.3870 dotDrift=+1.519sigma uMRED=0.1332033956 uER=0.404785 uMAE=70.7988 WCE=684 bias=-20.0000
[quad_warmup_bit:05200] loss=0.902770 tau=1.50 collapse_w=0.000 mid_frac=0.143 hard=score=2.3251289166 wNMSE=0.097725204 wMSE=7444.7408 wMRED=1.65327717 wER=0.308019 wMAE=33.7485 wBias=5.3242 condBias=48.8723 dotDrift=+3.949sigma uMRED=0.1089746649 uER=0.389160 uMAE=54.7988 WCE=592 bias=-3.0000
[quad_warmup_bit:05400] loss=0.902676 tau=1.50 collapse_w=0.000 mid_frac=0.137 hard=score=2.3251289166 wNMSE=0.097725204 wMSE=7444.7408 wMRED=1.65327717 wER=0.308019 wMAE=33.7485 wBias=5.3242 condBias=48.8723 dotDrift=+3.949sigma uMRED=0.1089746649 uER=0.389160 uMAE=54.7988 WCE=592 bias=-3.0000
[quad_warmup_bit:05600] loss=0.152611 tau=1.50 collapse_w=0.000 mid_frac=0.143 hard=score=2.3251289166 wNMSE=0.097725204 wMSE=7444.7408 wMRED=1.65327717 wER=0.308019 wMAE=33.7485 wBias=5.3242 condBias=48.8723 dotDrift=+3.949sigma uMRED=0.1089746649 uER=0.389160 uMAE=54.7988 WCE=592 bias=-3.0000
[quad_warmup_bit:05800] loss=0.151450 tau=1.50 collapse_w=0.000 mid_frac=0.137 hard=score=2.4732170291 wNMSE=0.096354918 wMSE=7340.3520 wMRED=1.64909376 wER=0.300598 wMAE=33.3474 wBias=5.5979 condBias=48.5310 dotDrift=+4.182sigma uMRED=0.1030642665 uER=0.366699 uMAE=48.6250 WCE=592 bias=4.7500
[quad_warmup_bit:05999] loss=0.151101 tau=1.50 collapse_w=0.000 mid_frac=0.131 hard=score=4.2011165319 wNMSE=0.089931164 wMSE=6850.9881 wMRED=1.61179958 wER=0.296716 wMAE=31.6811 wBias=8.0981 condBias=44.7973 dotDrift=+6.262sigma uMRED=0.0968181300 uER=0.357910 uMAE=45.5273 WCE=512 bias=8.7500
[quad_soft:00000] loss=0.412230 tau=1.50 collapse_w=0.000 mid_frac=0.131 hard=score=4.2011165319 wNMSE=0.089931164 wMSE=6850.9881 wMRED=1.61179958 wER=0.296716 wMAE=31.6811 wBias=8.0981 condBias=44.7973 dotDrift=+6.262sigma uMRED=0.0968181300 uER=0.357910 uMAE=45.5273 WCE=512 bias=8.7500
[quad_soft:00200] loss=0.340295 tau=1.59 collapse_w=0.000 mid_frac=0.131 hard=score=2.4732170291 wNMSE=0.096354918 wMSE=7340.3520 wMRED=1.64909376 wER=0.300598 wMAE=33.3474 wBias=5.5979 condBias=48.5310 dotDrift=+4.182sigma uMRED=0.1030642665 uER=0.366699 uMAE=48.6250 WCE=592 bias=4.7500
[quad_soft:00400] loss=0.332423 tau=1.68 collapse_w=0.000 mid_frac=0.131 hard=score=1.7208602356 wNMSE=0.094695548 wMSE=7213.9405 wMRED=1.65041061 wER=0.305070 wMAE=33.5473 wBias=4.2656 condBias=47.4426 dotDrift=+3.214sigma uMRED=0.1033938828 uER=0.371094 uMAE=48.8633 WCE=576 bias=3.7500
[quad_soft:00600] loss=0.331628 tau=1.77 collapse_w=0.000 mid_frac=0.131 hard=score=1.7208602356 wNMSE=0.094695548 wMSE=7213.9405 wMRED=1.65041061 wER=0.305070 wMAE=33.5473 wBias=4.2656 condBias=47.4426 dotDrift=+3.214sigma uMRED=0.1033938828 uER=0.371094 uMAE=48.8633 WCE=576 bias=3.7500
[quad_soft:00800] loss=0.332489 tau=1.86 collapse_w=0.000 mid_frac=0.119 hard=score=4.0483318307 wNMSE=0.095074002 wMSE=7242.7713 wMRED=1.77168563 wER=0.305759 wMAE=33.3794 wBias=7.8021 condBias=47.2367 dotDrift=+5.867sigma uMRED=0.1029377134 uER=0.378906 uMAE=47.9883 WCE=544 bias=7.2500
[quad_soft:01000] loss=0.342561 tau=1.95 collapse_w=0.000 mid_frac=0.119 hard=score=4.0483318307 wNMSE=0.095074002 wMSE=7242.7713 wMRED=1.77168563 wER=0.305759 wMAE=33.3794 wBias=7.8021 condBias=47.2367 dotDrift=+5.867sigma uMRED=0.1029377134 uER=0.378906 uMAE=47.9883 WCE=544 bias=7.2500
[quad_soft:01200] loss=0.346145 tau=2.04 collapse_w=0.000 mid_frac=0.113 hard=score=4.0483318307 wNMSE=0.095074002 wMSE=7242.7713 wMRED=1.77168563 wER=0.305759 wMAE=33.3794 wBias=7.8021 condBias=47.2367 dotDrift=+5.867sigma uMRED=0.1029377134 uER=0.378906 uMAE=47.9883 WCE=544 bias=7.2500
[quad_soft:01400] loss=0.354722 tau=2.13 collapse_w=0.000 mid_frac=0.107 hard=score=4.0483318307 wNMSE=0.095074002 wMSE=7242.7713 wMRED=1.77168563 wER=0.305759 wMAE=33.3794 wBias=7.8021 condBias=47.2367 dotDrift=+5.867sigma uMRED=0.1029377134 uER=0.378906 uMAE=47.9883 WCE=544 bias=7.2500
[quad_soft:01600] loss=0.357681 tau=2.22 collapse_w=0.000 mid_frac=0.107 hard=score=3.5409985170 wNMSE=0.094392077 wMSE=7190.8221 wMRED=1.76926526 wER=0.305759 wMAE=33.2803 wBias=7.1852 condBias=46.6506 dotDrift=+5.423sigma uMRED=0.1022927373 uER=0.378906 uMAE=47.4883 WCE=544 bias=6.2500
[quad_soft:01800] loss=0.363227 tau=2.31 collapse_w=0.000 mid_frac=0.107 hard=score=3.5409985170 wNMSE=0.094392077 wMSE=7190.8221 wMRED=1.76926526 wER=0.305759 wMAE=33.2803 wBias=7.1852 condBias=46.6506 dotDrift=+5.423sigma uMRED=0.1022927373 uER=0.378906 uMAE=47.4883 WCE=544 bias=6.2500
[quad_soft:02000] loss=0.368143 tau=2.40 collapse_w=0.000 mid_frac=0.107 hard=score=3.5409985170 wNMSE=0.094392077 wMSE=7190.8221 wMRED=1.76926526 wER=0.305759 wMAE=33.2803 wBias=7.1852 condBias=46.6506 dotDrift=+5.423sigma uMRED=0.1022927373 uER=0.378906 uMAE=47.4883 WCE=544 bias=6.2500
[quad_soft:02200] loss=0.373400 tau=2.49 collapse_w=0.000 mid_frac=0.107 hard=score=3.5409985170 wNMSE=0.094392077 wMSE=7190.8221 wMRED=1.76926526 wER=0.305759 wMAE=33.2803 wBias=7.1852 condBias=46.6506 dotDrift=+5.423sigma uMRED=0.1022927373 uER=0.378906 uMAE=47.4883 WCE=544 bias=6.2500
[quad_soft:02400] loss=0.380028 tau=2.58 collapse_w=0.000 mid_frac=0.107 hard=score=3.5409985170 wNMSE=0.094392077 wMSE=7190.8221 wMRED=1.76926526 wER=0.305759 wMAE=33.2803 wBias=7.1852 condBias=46.6506 dotDrift=+5.423sigma uMRED=0.1022927373 uER=0.378906 uMAE=47.4883 WCE=544 bias=6.2500
[quad_soft:02600] loss=0.382232 tau=2.67 collapse_w=0.000 mid_frac=0.101 hard=score=3.6020032884 wNMSE=0.094323347 wMSE=7185.5862 wMRED=1.76770186 wER=0.305759 wMAE=33.2009 wBias=7.2656 condBias=46.6050 dotDrift=+5.486sigma uMRED=0.1021311189 uER=0.378906 uMAE=47.3789 WCE=544 bias=6.3750
[quad_soft:02800] loss=0.390420 tau=2.76 collapse_w=0.000 mid_frac=0.101 hard=score=3.6020032884 wNMSE=0.094323347 wMSE=7185.5862 wMRED=1.76770186 wER=0.305759 wMAE=33.2009 wBias=7.2656 condBias=46.6050 dotDrift=+5.486sigma uMRED=0.1021311189 uER=0.378906 uMAE=47.3789 WCE=544 bias=6.3750
[quad_soft:03000] loss=0.391989 tau=2.85 collapse_w=0.000 mid_frac=0.101 hard=score=3.9727647508 wNMSE=0.094253918 wMSE=7180.2970 wMRED=1.76658321 wER=0.305759 wMAE=33.1309 wBias=7.7293 condBias=46.6455 dotDrift=+5.838sigma uMRED=0.1019100498 uER=0.378906 uMAE=47.2539 WCE=544 bias=6.8750
[quad_soft:03200] loss=0.396513 tau=2.94 collapse_w=0.000 mid_frac=0.101 hard=score=3.9727647508 wNMSE=0.094253918 wMSE=7180.2970 wMRED=1.76658321 wER=0.305759 wMAE=33.1309 wBias=7.7293 condBias=46.6455 dotDrift=+5.838sigma uMRED=0.1019100498 uER=0.378906 uMAE=47.2539 WCE=544 bias=6.8750
[quad_soft:03400] loss=0.399877 tau=3.03 collapse_w=0.000 mid_frac=0.107 hard=score=3.9727647508 wNMSE=0.094253918 wMSE=7180.2970 wMRED=1.76658321 wER=0.305759 wMAE=33.1309 wBias=7.7293 condBias=46.6455 dotDrift=+5.838sigma uMRED=0.1019100498 uER=0.378906 uMAE=47.2539 WCE=544 bias=6.8750
[quad_soft:03600] loss=0.408124 tau=3.12 collapse_w=0.000 mid_frac=0.107 hard=score=3.9727647508 wNMSE=0.094253918 wMSE=7180.2970 wMRED=1.76658321 wER=0.305759 wMAE=33.1309 wBias=7.7293 condBias=46.6455 dotDrift=+5.838sigma uMRED=0.1019100498 uER=0.378906 uMAE=47.2539 WCE=544 bias=6.8750
[quad_soft:03800] loss=0.410322 tau=3.21 collapse_w=0.000 mid_frac=0.107 hard=score=3.9727647508 wNMSE=0.094253918 wMSE=7180.2970 wMRED=1.76658321 wER=0.305759 wMAE=33.1309 wBias=7.7293 condBias=46.6455 dotDrift=+5.838sigma uMRED=0.1019100498 uER=0.378906 uMAE=47.2539 WCE=544 bias=6.8750
[quad_soft:04000] loss=0.415369 tau=3.30 collapse_w=0.000 mid_frac=0.101 hard=score=3.9727647508 wNMSE=0.094253918 wMSE=7180.2970 wMRED=1.76658321 wER=0.305759 wMAE=33.1309 wBias=7.7293 condBias=46.6455 dotDrift=+5.838sigma uMRED=0.1019100498 uER=0.378906 uMAE=47.2539 WCE=544 bias=6.8750
[quad_soft:04200] loss=0.408648 tau=3.39 collapse_w=0.000 mid_frac=0.101 hard=score=3.9727647508 wNMSE=0.094253918 wMSE=7180.2970 wMRED=1.76658321 wER=0.305759 wMAE=33.1309 wBias=7.7293 condBias=46.6455 dotDrift=+5.838sigma uMRED=0.1019100498 uER=0.378906 uMAE=47.2539 WCE=544 bias=6.8750
[quad_soft:04400] loss=0.400254 tau=3.48 collapse_w=0.000 mid_frac=0.101 hard=score=3.9727647508 wNMSE=0.094253918 wMSE=7180.2970 wMRED=1.76658321 wER=0.305759 wMAE=33.1309 wBias=7.7293 condBias=46.6455 dotDrift=+5.838sigma uMRED=0.1019100498 uER=0.378906 uMAE=47.2539 WCE=544 bias=6.8750
[quad_soft:04600] loss=0.395521 tau=3.57 collapse_w=0.000 mid_frac=0.101 hard=score=3.9727647508 wNMSE=0.094253918 wMSE=7180.2970 wMRED=1.76658321 wER=0.305759 wMAE=33.1309 wBias=7.7293 condBias=46.6455 dotDrift=+5.838sigma uMRED=0.1019100498 uER=0.378906 uMAE=47.2539 WCE=544 bias=6.8750
[quad_soft:04800] loss=0.392963 tau=3.66 collapse_w=0.000 mid_frac=0.101 hard=score=3.9727647508 wNMSE=0.094253918 wMSE=7180.2970 wMRED=1.76658321 wER=0.305759 wMAE=33.1309 wBias=7.7293 condBias=46.6455 dotDrift=+5.838sigma uMRED=0.1019100498 uER=0.378906 uMAE=47.2539 WCE=544 bias=6.8750
[quad_soft:05000] loss=0.379044 tau=3.75 collapse_w=0.000 mid_frac=0.101 hard=score=3.9727647508 wNMSE=0.094253918 wMSE=7180.2970 wMRED=1.76658321 wER=0.305759 wMAE=33.1309 wBias=7.7293 condBias=46.6455 dotDrift=+5.838sigma uMRED=0.1019100498 uER=0.378906 uMAE=47.2539 WCE=544 bias=6.8750
[quad_soft:05200] loss=0.372746 tau=3.84 collapse_w=0.000 mid_frac=0.101 hard=score=3.9727647508 wNMSE=0.094253918 wMSE=7180.2970 wMRED=1.76658321 wER=0.305759 wMAE=33.1309 wBias=7.7293 condBias=46.6455 dotDrift=+5.838sigma uMRED=0.1019100498 uER=0.378906 uMAE=47.2539 WCE=544 bias=6.8750
[quad_soft:05400] loss=0.364825 tau=3.93 collapse_w=0.000 mid_frac=0.101 hard=score=3.9727647508 wNMSE=0.094253918 wMSE=7180.2970 wMRED=1.76658321 wER=0.305759 wMAE=33.1309 wBias=7.7293 condBias=46.6455 dotDrift=+5.838sigma uMRED=0.1019100498 uER=0.378906 uMAE=47.2539 WCE=544 bias=6.8750
[quad_soft:05600] loss=0.358031 tau=4.02 collapse_w=0.000 mid_frac=0.101 hard=score=3.9727647508 wNMSE=0.094253918 wMSE=7180.2970 wMRED=1.76658321 wER=0.305759 wMAE=33.1309 wBias=7.7293 condBias=46.6455 dotDrift=+5.838sigma uMRED=0.1019100498 uER=0.378906 uMAE=47.2539 WCE=544 bias=6.8750
[quad_soft:05800] loss=0.351528 tau=4.11 collapse_w=0.000 mid_frac=0.101 hard=score=3.9727647508 wNMSE=0.094253918 wMSE=7180.2970 wMRED=1.76658321 wER=0.305759 wMAE=33.1309 wBias=7.7293 condBias=46.6455 dotDrift=+5.838sigma uMRED=0.1019100498 uER=0.378906 uMAE=47.2539 WCE=544 bias=6.8750
[quad_soft:06000] loss=0.343029 tau=4.20 collapse_w=0.000 mid_frac=0.101 hard=score=3.9727647508 wNMSE=0.094253918 wMSE=7180.2970 wMRED=1.76658321 wER=0.305759 wMAE=33.1309 wBias=7.7293 condBias=46.6455 dotDrift=+5.838sigma uMRED=0.1019100498 uER=0.378906 uMAE=47.2539 WCE=544 bias=6.8750
[quad_soft:06200] loss=0.336660 tau=4.29 collapse_w=0.025 mid_frac=0.101 hard=score=3.9727647508 wNMSE=0.094253918 wMSE=7180.2970 wMRED=1.76658321 wER=0.305759 wMAE=33.1309 wBias=7.7293 condBias=46.6455 dotDrift=+5.838sigma uMRED=0.1019100498 uER=0.378906 uMAE=47.2539 WCE=544 bias=6.8750
[quad_soft:06400] loss=0.331569 tau=4.38 collapse_w=0.050 mid_frac=0.101 hard=score=3.9727647508 wNMSE=0.094253918 wMSE=7180.2970 wMRED=1.76658321 wER=0.305759 wMAE=33.1309 wBias=7.7293 condBias=46.6455 dotDrift=+5.838sigma uMRED=0.1019100498 uER=0.378906 uMAE=47.2539 WCE=544 bias=6.8750
[quad_soft:06600] loss=0.323855 tau=4.47 collapse_w=0.075 mid_frac=0.101 hard=score=3.9727647508 wNMSE=0.094253918 wMSE=7180.2970 wMRED=1.76658321 wER=0.305759 wMAE=33.1309 wBias=7.7293 condBias=46.6455 dotDrift=+5.838sigma uMRED=0.1019100498 uER=0.378906 uMAE=47.2539 WCE=544 bias=6.8750
[quad_soft:06800] loss=0.318750 tau=4.56 collapse_w=0.100 mid_frac=0.101 hard=score=3.9727647508 wNMSE=0.094253918 wMSE=7180.2970 wMRED=1.76658321 wER=0.305759 wMAE=33.1309 wBias=7.7293 condBias=46.6455 dotDrift=+5.838sigma uMRED=0.1019100498 uER=0.378906 uMAE=47.2539 WCE=544 bias=6.8750
[quad_soft:07000] loss=0.314426 tau=4.65 collapse_w=0.125 mid_frac=0.101 hard=score=3.9727647508 wNMSE=0.094253918 wMSE=7180.2970 wMRED=1.76658321 wER=0.305759 wMAE=33.1309 wBias=7.7293 condBias=46.6455 dotDrift=+5.838sigma uMRED=0.1019100498 uER=0.378906 uMAE=47.2539 WCE=544 bias=6.8750
[quad_soft:07200] loss=0.306848 tau=4.74 collapse_w=0.150 mid_frac=0.101 hard=score=3.9727647508 wNMSE=0.094253918 wMSE=7180.2970 wMRED=1.76658321 wER=0.305759 wMAE=33.1309 wBias=7.7293 condBias=46.6455 dotDrift=+5.838sigma uMRED=0.1019100498 uER=0.378906 uMAE=47.2539 WCE=544 bias=6.8750
[quad_soft:07400] loss=0.300688 tau=4.83 collapse_w=0.175 mid_frac=0.101 hard=score=3.9727647508 wNMSE=0.094253918 wMSE=7180.2970 wMRED=1.76658321 wER=0.305759 wMAE=33.1309 wBias=7.7293 condBias=46.6455 dotDrift=+5.838sigma uMRED=0.1019100498 uER=0.378906 uMAE=47.2539 WCE=544 bias=6.8750
[quad_soft:07600] loss=0.294160 tau=4.92 collapse_w=0.200 mid_frac=0.101 hard=score=3.9727647508 wNMSE=0.094253918 wMSE=7180.2970 wMRED=1.76658321 wER=0.305759 wMAE=33.1309 wBias=7.7293 condBias=46.6455 dotDrift=+5.838sigma uMRED=0.1019100498 uER=0.378906 uMAE=47.2539 WCE=544 bias=6.8750
[quad_soft:07800] loss=0.288619 tau=5.01 collapse_w=0.225 mid_frac=0.101 hard=score=3.9727647508 wNMSE=0.094253918 wMSE=7180.2970 wMRED=1.76658321 wER=0.305759 wMAE=33.1309 wBias=7.7293 condBias=46.6455 dotDrift=+5.838sigma uMRED=0.1019100498 uER=0.378906 uMAE=47.2539 WCE=544 bias=6.8750
[quad_soft:08000] loss=0.283325 tau=5.10 collapse_w=0.250 mid_frac=0.101 hard=score=3.9727647508 wNMSE=0.094253918 wMSE=7180.2970 wMRED=1.76658321 wER=0.305759 wMAE=33.1309 wBias=7.7293 condBias=46.6455 dotDrift=+5.838sigma uMRED=0.1019100498 uER=0.378906 uMAE=47.2539 WCE=544 bias=6.8750
[quad_soft:08200] loss=0.275790 tau=5.19 collapse_w=0.275 mid_frac=0.101 hard=score=3.9727647508 wNMSE=0.094253918 wMSE=7180.2970 wMRED=1.76658321 wER=0.305759 wMAE=33.1309 wBias=7.7293 condBias=46.6455 dotDrift=+5.838sigma uMRED=0.1019100498 uER=0.378906 uMAE=47.2539 WCE=544 bias=6.8750
[quad_soft:08400] loss=0.270530 tau=5.28 collapse_w=0.300 mid_frac=0.101 hard=score=3.9727647508 wNMSE=0.094253918 wMSE=7180.2970 wMRED=1.76658321 wER=0.305759 wMAE=33.1309 wBias=7.7293 condBias=46.6455 dotDrift=+5.838sigma uMRED=0.1019100498 uER=0.378906 uMAE=47.2539 WCE=544 bias=6.8750
[quad_soft:08600] loss=0.263942 tau=5.37 collapse_w=0.325 mid_frac=0.101 hard=score=3.9727647508 wNMSE=0.094253918 wMSE=7180.2970 wMRED=1.76658321 wER=0.305759 wMAE=33.1309 wBias=7.7293 condBias=46.6455 dotDrift=+5.838sigma uMRED=0.1019100498 uER=0.378906 uMAE=47.2539 WCE=544 bias=6.8750
[quad_soft:08800] loss=0.258051 tau=5.46 collapse_w=0.350 mid_frac=0.095 hard=score=3.9727647508 wNMSE=0.094253918 wMSE=7180.2970 wMRED=1.76658321 wER=0.305759 wMAE=33.1309 wBias=7.7293 condBias=46.6455 dotDrift=+5.838sigma uMRED=0.1019100498 uER=0.378906 uMAE=47.2539 WCE=544 bias=6.8750
[quad_soft:09000] loss=0.251921 tau=5.55 collapse_w=0.375 mid_frac=0.095 hard=score=3.9727647508 wNMSE=0.094253918 wMSE=7180.2970 wMRED=1.76658321 wER=0.305759 wMAE=33.1309 wBias=7.7293 condBias=46.6455 dotDrift=+5.838sigma uMRED=0.1019100498 uER=0.378906 uMAE=47.2539 WCE=544 bias=6.8750
[quad_soft:09200] loss=0.244566 tau=5.64 collapse_w=0.400 mid_frac=0.095 hard=score=3.9727647508 wNMSE=0.094253918 wMSE=7180.2970 wMRED=1.76658321 wER=0.305759 wMAE=33.1309 wBias=7.7293 condBias=46.6455 dotDrift=+5.838sigma uMRED=0.1019100498 uER=0.378906 uMAE=47.2539 WCE=544 bias=6.8750
[quad_soft:09400] loss=0.237294 tau=5.73 collapse_w=0.425 mid_frac=0.095 hard=score=3.9727647508 wNMSE=0.094253918 wMSE=7180.2970 wMRED=1.76658321 wER=0.305759 wMAE=33.1309 wBias=7.7293 condBias=46.6455 dotDrift=+5.838sigma uMRED=0.1019100498 uER=0.378906 uMAE=47.2539 WCE=544 bias=6.8750
[quad_soft:09600] loss=0.230036 tau=5.82 collapse_w=0.450 mid_frac=0.095 hard=score=3.9727647508 wNMSE=0.094253918 wMSE=7180.2970 wMRED=1.76658321 wER=0.305759 wMAE=33.1309 wBias=7.7293 condBias=46.6455 dotDrift=+5.838sigma uMRED=0.1019100498 uER=0.378906 uMAE=47.2539 WCE=544 bias=6.8750
[quad_soft:09800] loss=0.222059 tau=5.91 collapse_w=0.475 mid_frac=0.095 hard=score=3.9727647508 wNMSE=0.094253918 wMSE=7180.2970 wMRED=1.76658321 wER=0.305759 wMAE=33.1309 wBias=7.7293 condBias=46.6455 dotDrift=+5.838sigma uMRED=0.1019100498 uER=0.378906 uMAE=47.2539 WCE=544 bias=6.8750
[quad_soft:09999] loss=0.225461 tau=6.00 collapse_w=0.500 mid_frac=0.089 hard=score=4.4281442349 wNMSE=0.093743578 wMSE=7141.4192 wMRED=1.73052248 wER=0.292359 wMAE=32.5911 wBias=8.2728 condBias=46.3717 dotDrift=+6.265sigma uMRED=0.1008243667 uER=0.367188 uMAE=46.8164 WCE=544 bias=7.3750
[quad_hard_ste:00000] loss=11.197644 tau=6.00 collapse_w=0.000 mid_frac=0.089 hard=score=4.4281442349 wNMSE=0.093743578 wMSE=7141.4192 wMRED=1.73052248 wER=0.292359 wMAE=32.5911 wBias=8.2728 condBias=46.3717 dotDrift=+6.265sigma uMRED=0.1008243667 uER=0.367188 uMAE=46.8164 WCE=544 bias=7.3750
[quad_hard_ste:00200] loss=50.288414 tau=6.00 collapse_w=0.000 mid_frac=0.095 hard=score=1.8955979901 wNMSE=0.14833929 wMSE=11300.5399 wMRED=1.78001723 wER=0.305759 wMAE=35.0545 wBias=3.8710 condBias=57.5802 dotDrift=+2.331sigma uMRED=0.1485228829 uER=0.378906 uMAE=81.7773 WCE=1672 bias=-57.3750
[quad_hard_ste:00400] loss=42.720421 tau=6.00 collapse_w=0.000 mid_frac=0.083 hard=score=1.6567372727 wNMSE=0.14241532 wMSE=10849.2496 wMRED=1.56934163 wER=0.326859 wMAE=36.8423 wBias=-3.8521 condBias=44.4268 dotDrift=-2.367sigma uMRED=0.1379143004 uER=0.373047 uMAE=78.6426 WCE=1672 bias=-55.8750
[quad_hard_ste:00600] loss=57.916782 tau=6.00 collapse_w=0.000 mid_frac=0.071 hard=score=18.1770486615 wNMSE=0.14829778 wMSE=11297.3775 wMRED=1.59538350 wER=0.326859 wMAE=33.0340 wBias=17.7746 condBias=55.9924 dotDrift=+10.703sigma uMRED=0.1384864633 uER=0.373047 uMAE=76.5977 WCE=1672 bias=-35.8750
[quad_hard_ste:00800] loss=412.276550 tau=6.00 collapse_w=0.000 mid_frac=0.060 hard=score=316.5855579042 wNMSE=0.92874689 wMSE=70752.2687 wMRED=8.33457178 wER=0.308353 wMAE=90.5784 wBias=-75.6684 condBias=146.2495 dotDrift=-18.206sigma uMRED=0.2601556697 uER=0.358398 uMAE=92.6133 WCE=1672 bias=-67.3750
[quad_hard_ste:01000] loss=401.119720 tau=6.00 collapse_w=0.000 mid_frac=0.042 hard=score=306.6189734581 wNMSE=0.93314571 wMSE=71087.3724 wMRED=8.35575901 wER=0.312235 wMAE=91.8284 wBias=-74.4183 condBias=145.6092 dotDrift=-17.863sigma uMRED=0.2637096944 uER=0.367188 uMAE=94.6133 WCE=1672 bias=-65.3750
[quad_hard_ste:01200] loss=401.119720 tau=6.00 collapse_w=0.000 mid_frac=0.024 hard=score=306.6189734581 wNMSE=0.93314571 wMSE=71087.3724 wMRED=8.35575901 wER=0.312235 wMAE=91.8284 wBias=-74.4183 condBias=145.6092 dotDrift=-17.863sigma uMRED=0.2637096944 uER=0.367188 uMAE=94.6133 WCE=1672 bias=-65.3750
[quad_hard_ste:01400] loss=399.088806 tau=6.00 collapse_w=0.000 mid_frac=0.024 hard=score=304.7648851972 wNMSE=0.93263665 wMSE=71048.5922 wMRED=8.35721082 wER=0.330741 wMAE=91.9235 wBias=-74.1865 condBias=145.4939 dotDrift=-17.813sigma uMRED=0.2637830195 uER=0.381836 uMAE=94.6992 WCE=1672 bias=-65.1250
[quad_hard_ste:01600] loss=390.186096 tau=6.00 collapse_w=0.000 mid_frac=0.018 hard=score=296.8914700429 wNMSE=0.9241357 wMSE=70400.9863 wMRED=8.35007037 wER=0.345060 wMAE=91.7325 wBias=-73.2084 condBias=143.5924 dotDrift=-17.658sigma uMRED=0.2634323584 uER=0.390625 uMAE=94.5742 WCE=1672 bias=-64.1250
[quad_hard_ste:01800] loss=390.186096 tau=6.00 collapse_w=0.000 mid_frac=0.012 hard=score=296.8914700429 wNMSE=0.9241357 wMSE=70400.9863 wMRED=8.35007037 wER=0.345060 wMAE=91.7325 wBias=-73.2084 condBias=143.5924 dotDrift=-17.658sigma uMRED=0.2634323584 uER=0.390625 uMAE=94.5742 WCE=1672 bias=-64.1250
[quad_hard_ste:02000] loss=390.186096 tau=6.00 collapse_w=0.000 mid_frac=0.006 hard=score=296.8914700429 wNMSE=0.9241357 wMSE=70400.9863 wMRED=8.35007037 wER=0.345060 wMAE=91.7325 wBias=-73.2084 condBias=143.5924 dotDrift=-17.658sigma uMRED=0.2634323584 uER=0.390625 uMAE=94.5742 WCE=1672 bias=-64.1250
[quad_hard_ste:02200] loss=390.186096 tau=6.00 collapse_w=0.000 mid_frac=0.006 hard=score=296.8914700429 wNMSE=0.9241357 wMSE=70400.9863 wMRED=8.35007037 wER=0.345060 wMAE=91.7325 wBias=-73.2084 condBias=143.5924 dotDrift=-17.658sigma uMRED=0.2634323584 uER=0.390625 uMAE=94.5742 WCE=1672 bias=-64.1250
[quad_hard_ste:02400] loss=390.186096 tau=6.00 collapse_w=0.000 mid_frac=0.000 hard=score=296.8914700429 wNMSE=0.9241357 wMSE=70400.9863 wMRED=8.35007037 wER=0.345060 wMAE=91.7325 wBias=-73.2084 condBias=143.5924 dotDrift=-17.658sigma uMRED=0.2634323584 uER=0.390625 uMAE=94.5742 WCE=1672 bias=-64.1250
[quad_hard_ste:02600] loss=390.186096 tau=6.00 collapse_w=0.000 mid_frac=0.000 hard=score=296.8914700429 wNMSE=0.9241357 wMSE=70400.9863 wMRED=8.35007037 wER=0.345060 wMAE=91.7325 wBias=-73.2084 condBias=143.5924 dotDrift=-17.658sigma uMRED=0.2634323584 uER=0.390625 uMAE=94.5742 WCE=1672 bias=-64.1250
[quad_hard_ste:02800] loss=390.186096 tau=6.00 collapse_w=0.000 mid_frac=0.000 hard=score=296.8914700429 wNMSE=0.9241357 wMSE=70400.9863 wMRED=8.35007037 wER=0.345060 wMAE=91.7325 wBias=-73.2084 condBias=143.5924 dotDrift=-17.658sigma uMRED=0.2634323584 uER=0.390625 uMAE=94.5742 WCE=1672 bias=-64.1250
[quad_hard_ste:03000] loss=390.186096 tau=6.00 collapse_w=0.000 mid_frac=0.000 hard=score=296.8914700429 wNMSE=0.9241357 wMSE=70400.9863 wMRED=8.35007037 wER=0.345060 wMAE=91.7325 wBias=-73.2084 condBias=143.5924 dotDrift=-17.658sigma uMRED=0.2634323584 uER=0.390625 uMAE=94.5742 WCE=1672 bias=-64.1250
[quad_hard_ste:03200] loss=390.186096 tau=6.00 collapse_w=0.000 mid_frac=0.000 hard=score=296.8914700429 wNMSE=0.9241357 wMSE=70400.9863 wMRED=8.35007037 wER=0.345060 wMAE=91.7325 wBias=-73.2084 condBias=143.5924 dotDrift=-17.658sigma uMRED=0.2634323584 uER=0.390625 uMAE=94.5742 WCE=1672 bias=-64.1250
[quad_hard_ste:03400] loss=390.186096 tau=6.00 collapse_w=0.000 mid_frac=0.000 hard=score=296.8914700429 wNMSE=0.9241357 wMSE=70400.9863 wMRED=8.35007037 wER=0.345060 wMAE=91.7325 wBias=-73.2084 condBias=143.5924 dotDrift=-17.658sigma uMRED=0.2634323584 uER=0.390625 uMAE=94.5742 WCE=1672 bias=-64.1250
[quad_hard_ste:03600] loss=390.186096 tau=6.00 collapse_w=0.000 mid_frac=0.000 hard=score=296.8914700429 wNMSE=0.9241357 wMSE=70400.9863 wMRED=8.35007037 wER=0.345060 wMAE=91.7325 wBias=-73.2084 condBias=143.5924 dotDrift=-17.658sigma uMRED=0.2634323584 uER=0.390625 uMAE=94.5742 WCE=1672 bias=-64.1250
[quad_hard_ste:03800] loss=390.186096 tau=6.00 collapse_w=0.000 mid_frac=0.000 hard=score=296.8914700429 wNMSE=0.9241357 wMSE=70400.9863 wMRED=8.35007037 wER=0.345060 wMAE=91.7325 wBias=-73.2084 condBias=143.5924 dotDrift=-17.658sigma uMRED=0.2634323584 uER=0.390625 uMAE=94.5742 WCE=1672 bias=-64.1250
[quad_hard_ste:03999] loss=390.186096 tau=6.00 collapse_w=0.000 mid_frac=0.000 hard=score=296.8914700429 wNMSE=0.9241357 wMSE=70400.9863 wMRED=8.35007037 wER=0.345060 wMAE=91.7325 wBias=-73.2084 condBias=143.5924 dotDrift=-17.658sigma uMRED=0.2634323584 uER=0.390625 uMAE=94.5742 WCE=1672 bias=-64.1250
[pop00_soft:00000] loss=30.192343 tau=1.50 collapse_w=0.000 mid_frac=0.333 hard=score=989.8820134689 wNMSE=7.0896521 wMSE=540092.2214 wMRED=21.36042688 wER=0.560372 wMAE=299.8132 wBias=-131.5305 condBias=387.9100 dotDrift=-11.454sigma uMRED=0.8139459265 uER=0.567139 uMAE=326.0464 WCE=3012 bias=-4.8125
[pop00_soft:00200] loss=99.349411 tau=2.25 collapse_w=0.000 mid_frac=0.333 hard=score=2206.0881220771 wNMSE=4.8450586 wMSE=369098.2903 wMRED=18.54565784 wER=0.518285 wMAE=239.6809 wBias=-200.3243 condBias=402.8846 dotDrift=-21.103sigma uMRED=0.5706623011 uER=0.568604 uMAE=201.2598 WCE=2112 bias=-158.3125
[pop00_soft:00400] loss=100.496765 tau=3.00 collapse_w=0.000 mid_frac=0.268 hard=score=8.6732593616 wNMSE=0.30877905 wMSE=23522.8977 wMRED=2.21121172 wER=0.456755 wMAE=65.6457 wBias=-10.8800 condBias=78.3844 dotDrift=-4.540sigma uMRED=0.2644376071 uER=0.557373 uMAE=162.7578 WCE=1304 bias=-90.6250
[pop00_soft:00600] loss=89.342491 tau=3.75 collapse_w=0.000 mid_frac=0.238 hard=score=4.7064578831 wNMSE=0.20625119 wMSE=15712.2894 wMRED=2.00827167 wER=0.482434 wMAE=50.7444 wBias=-7.7440 condBias=60.8848 dotDrift=-3.954sigma uMRED=0.2209026561 uER=0.561035 uMAE=141.2734 WCE=1238 bias=-97.8750
[pop00_soft:00800] loss=67.328377 tau=4.50 collapse_w=0.084 mid_frac=0.256 hard=score=2.4085073761 wNMSE=0.19445945 wMSE=14813.9903 wMRED=1.69553842 wER=0.440462 wMAE=46.9647 wBias=-4.4611 condBias=58.9368 dotDrift=-2.346sigma uMRED=0.2103972695 uER=0.549072 uMAE=137.7305 WCE=1238 bias=-94.8750
[pop00_soft:01000] loss=67.112541 tau=5.25 collapse_w=0.293 mid_frac=0.214 hard=score=1.7332133346 wNMSE=0.17901816 wMSE=13637.6669 wMRED=1.39403080 wER=0.440549 wMAE=42.3827 wBias=-3.4018 condBias=55.5633 dotDrift=-1.864sigma uMRED=0.1988851218 uER=0.549805 uMAE=133.2627 WCE=1238 bias=-92.6250
[pop00_soft:01199] loss=66.945587 tau=6.00 collapse_w=0.500 mid_frac=0.208 hard=score=1.7332133346 wNMSE=0.17901816 wMSE=13637.6669 wMRED=1.39403080 wER=0.440549 wMAE=42.3827 wBias=-3.4018 condBias=55.5633 dotDrift=-1.864sigma uMRED=0.1988851218 uER=0.549805 uMAE=133.2627 WCE=1238 bias=-92.6250
[pop00_hard:00000] loss=69.458771 tau=6.00 collapse_w=0.000 mid_frac=0.208 hard=score=1.7332133346 wNMSE=0.17901816 wMSE=13637.6669 wMRED=1.39403080 wER=0.440549 wMAE=42.3827 wBias=-3.4018 condBias=55.5633 dotDrift=-1.864sigma uMRED=0.1988851218 uER=0.549805 uMAE=133.2627 WCE=1238 bias=-92.6250
[pop00_hard:00200] loss=27.972305 tau=6.00 collapse_w=0.000 mid_frac=0.161 hard=score=1.6078183768 wNMSE=0.18077053 wMSE=13771.1636 wMRED=1.43879147 wER=0.438347 wMAE=42.1856 wBias=3.3791 condBias=52.4058 dotDrift=+1.843sigma uMRED=0.1975113046 uER=0.541016 uMAE=134.4492 WCE=1160 bias=-16.6250
[pop00_hard:00400] loss=38.435703 tau=6.00 collapse_w=0.000 mid_frac=0.137 hard=score=0.8826383374 wNMSE=0.15123697 wMSE=11521.2864 wMRED=1.15325967 wER=0.435443 wMAE=37.7427 wBias=1.2890 condBias=47.0208 dotDrift=+0.769sigma uMRED=0.1802425684 uER=0.539551 uMAE=124.0859 WCE=1512 bias=15.3750
[pop00_hard:00599] loss=39.893368 tau=6.00 collapse_w=0.000 mid_frac=0.137 hard=score=1.0197417637 wNMSE=0.135709 wMSE=10338.3599 wMRED=1.14476061 wER=0.435443 wMAE=37.1186 wBias=-2.6830 condBias=39.5620 dotDrift=-1.689sigma uMRED=0.1575348918 uER=0.539551 uMAE=114.9844 WCE=1176 bias=-48.6250
[pop00] done (conf=0.53, noise=0.5); global best score=0.5629904674 wNMSE=0.042308133 wMSE=3223.0486 wMRED=0.80731767 wER=0.207327 wMAE=17.1897 wBias=-1.9279 condBias=34.0002 dotDrift=-2.173sigma uMRED=0.0509231343 uER=0.252930 uMAE=23.6250 WCE=336 bias=0.0000
[pop01_soft:00000] loss=67.003067 tau=1.50 collapse_w=0.000 mid_frac=0.452 hard=score=4403.9080417376 wNMSE=13.102589 wMSE=998159.9257 wMRED=34.75839976 wER=0.575283 wMAE=485.6609 wBias=281.6934 condBias=560.4432 dotDrift=+18.045sigma uMRED=0.9073106034 uER=0.575195 uMAE=279.0137 WCE=3242 bias=39.5625
[pop01_soft:00200] loss=223.454422 tau=2.25 collapse_w=0.000 mid_frac=0.494 hard=score=578.6247710098 wNMSE=3.0035173 wMSE=228809.0194 wMRED=20.94731875 wER=0.582220 wMAE=271.2705 wBias=-101.1573 condBias=305.1090 dotDrift=-13.534sigma uMRED=0.7145527126 uER=0.577393 uMAE=288.0620 WCE=2261 bias=-156.6875
[pop01_soft:00400] loss=141.762482 tau=3.00 collapse_w=0.000 mid_frac=0.458 hard=score=787.9954896377 wNMSE=1.2010546 wMSE=91496.7692 wMRED=9.97810692 wER=0.564376 wMAE=142.9187 wBias=-120.2302 condBias=182.3281 dotDrift=-25.438sigma uMRED=0.4403167927 uER=0.575928 uMAE=195.5068 WCE=2928 bias=-92.8750
[pop01_soft:00600] loss=86.514702 tau=3.75 collapse_w=0.000 mid_frac=0.452 hard=score=77.9978798044 wNMSE=0.38602007 wMSE=29407.1462 wMRED=3.88825924 wER=0.525316 wMAE=78.8811 wBias=-37.3980 condBias=90.4122 dotDrift=-13.957sigma uMRED=0.3141712928 uER=0.565674 uMAE=178.4331 WCE=1484 bias=-53.3125
[pop01_soft:00800] loss=76.892670 tau=4.50 collapse_w=0.084 mid_frac=0.399 hard=score=64.0221274736 wNMSE=0.3436707 wMSE=26180.9563 wMRED=3.29712186 wER=0.520028 wMAE=71.1336 wBias=-33.9025 condBias=79.0940 dotDrift=-13.410sigma uMRED=0.2996122822 uER=0.562500 uMAE=182.2925 WCE=1598 bias=-81.4375
[pop01_soft:01000] loss=72.674026 tau=5.25 collapse_w=0.293 mid_frac=0.393 hard=score=30.6127016482 wNMSE=0.33271183 wMSE=25346.1057 wMRED=3.04687701 wER=0.520028 wMAE=71.3616 wBias=-23.0243 condBias=72.5326 dotDrift=-9.256sigma uMRED=0.2966585323 uER=0.562500 uMAE=183.3052 WCE=1598 bias=-79.4375
[pop01_soft:01199] loss=72.335197 tau=6.00 collapse_w=0.500 mid_frac=0.393 hard=score=30.6127016482 wNMSE=0.33271183 wMSE=25346.1057 wMRED=3.04687701 wER=0.520028 wMAE=71.3616 wBias=-23.0243 condBias=72.5326 dotDrift=-9.256sigma uMRED=0.2966585323 uER=0.562500 uMAE=183.3052 WCE=1598 bias=-79.4375
[pop01_hard:00000] loss=178.565079 tau=6.00 collapse_w=0.000 mid_frac=0.393 hard=score=30.6127016482 wNMSE=0.33271183 wMSE=25346.1057 wMRED=3.04687701 wER=0.520028 wMAE=71.3616 wBias=-23.0243 condBias=72.5326 dotDrift=-9.256sigma uMRED=0.2966585323 uER=0.562500 uMAE=183.3052 WCE=1598 bias=-79.4375
[pop01_hard:00200] loss=174.958603 tau=6.00 collapse_w=0.000 mid_frac=0.387 hard=score=28.9869039874 wNMSE=0.33077768 wMSE=25198.7617 wMRED=3.01335916 wER=0.520028 wMAE=70.8846 wBias=-22.3751 condBias=71.9452 dotDrift=-9.021sigma uMRED=0.2935613577 uER=0.562500 uMAE=181.0742 WCE=1598 bias=-76.9375
[pop01_hard:00400] loss=103.979454 tau=6.00 collapse_w=0.000 mid_frac=0.363 hard=score=2.0276975552 wNMSE=0.31594514 wMSE=24068.8134 wMRED=3.25533345 wER=0.541699 wMAE=79.0214 wBias=-3.3681 condBias=61.5257 dotDrift=-1.389sigma uMRED=0.2524040980 uER=0.568359 uMAE=156.8618 WCE=1388 bias=-16.9375
[pop01_hard:00599] loss=91.516258 tau=6.00 collapse_w=0.000 mid_frac=0.351 hard=score=1.9090243647 wNMSE=0.29665151 wMSE=22599.0173 wMRED=3.23018546 wER=0.541699 wMAE=76.7374 wBias=3.3094 condBias=58.9916 dotDrift=+1.409sigma uMRED=0.2274978972 uER=0.568359 uMAE=142.9634 WCE=1416 bias=63.0625
[pop01] done (conf=0.51, noise=1.0); global best score=0.5629904674 wNMSE=0.042308133 wMSE=3223.0486 wMRED=0.80731767 wER=0.207327 wMAE=17.1897 wBias=-1.9279 condBias=34.0002 dotDrift=-2.173sigma uMRED=0.0509231343 uER=0.252930 uMAE=23.6250 WCE=336 bias=0.0000
[pop02_soft:00000] loss=53.063225 tau=1.50 collapse_w=0.000 mid_frac=0.298 hard=score=1402.4527948527 wNMSE=16.836868 wMSE=1282638.5961 wMRED=44.69660009 wER=0.579863 wMAE=589.2250 wBias=154.0190 condBias=613.7465 dotDrift=+8.704sigma uMRED=1.1679610389 uER=0.572998 uMAE=338.7266 WCE=2944 bias=-59.6250
[pop02_soft:00200] loss=117.400368 tau=2.25 collapse_w=0.000 mid_frac=0.333 hard=score=3174.3388420113 wNMSE=5.6255112 wMSE=428553.4471 wMRED=21.33544033 wER=0.474179 wMAE=254.0299 wBias=-240.7447 condBias=429.7009 dotDrift=-23.536sigma uMRED=0.6616585595 uER=0.546387 uMAE=240.2959 WCE=2910 bias=-101.9375
[pop02_soft:00400] loss=81.163422 tau=3.00 collapse_w=0.000 mid_frac=0.280 hard=score=9.7172463676 wNMSE=0.2114063 wMSE=16105.0072 wMRED=1.91276319 wER=0.473895 wMAE=51.9907 wBias=-12.2596 condBias=68.7344 dotDrift=-6.183sigma uMRED=0.2287383700 uER=0.541992 uMAE=142.4287 WCE=1248 bias=-45.1875
[pop02_soft:00600] loss=87.712639 tau=3.75 collapse_w=0.000 mid_frac=0.262 hard=score=8.6965627695 wNMSE=0.1605287 wMSE=12229.1332 wMRED=1.49729289 wER=0.461872 wMAE=39.4251 wBias=-11.8429 condBias=59.9982 dotDrift=-6.854sigma uMRED=0.1938046886 uER=0.535889 uMAE=122.1582 WCE=1092 bias=-35.9375
[pop02_soft:00800] loss=66.176361 tau=4.50 collapse_w=0.084 mid_frac=0.256 hard=score=6.2036066190 wNMSE=0.15962356 wMSE=12160.1797 wMRED=1.48138382 wER=0.445330 wMAE=38.9992 wBias=-9.7058 condBias=59.6343 dotDrift=-5.633sigma uMRED=0.1919164197 uER=0.531494 uMAE=121.1260 WCE=1124 bias=-33.7500
[pop02_soft:01000] loss=66.045326 tau=5.25 collapse_w=0.293 mid_frac=0.274 hard=score=4.5366883064 wNMSE=0.15371883 wMSE=11710.3556 wMRED=1.44254389 wER=0.442233 wMAE=37.5053 wBias=-8.0532 condBias=57.0158 dotDrift=-4.763sigma uMRED=0.1877758879 uER=0.528564 uMAE=118.9561 WCE=1124 bias=-31.2500
[pop02_soft:01199] loss=66.005966 tau=6.00 collapse_w=0.500 mid_frac=0.262 hard=score=7.5349628225 wNMSE=0.14813842 wMSE=11285.2373 wMRED=1.37880477 wER=0.442233 wMAE=36.1260 wBias=-11.0012 condBias=56.1233 dotDrift=-6.628sigma uMRED=0.1863058173 uER=0.528564 uMAE=118.9561 WCE=1032 bias=-35.2500
[pop02_hard:00000] loss=42.683311 tau=6.00 collapse_w=0.000 mid_frac=0.262 hard=score=7.5349628225 wNMSE=0.14813842 wMSE=11285.2373 wMRED=1.37880477 wER=0.442233 wMAE=36.1260 wBias=-11.0012 condBias=56.1233 dotDrift=-6.628sigma uMRED=0.1863058173 uER=0.528564 uMAE=118.9561 WCE=1032 bias=-35.2500
[pop02_hard:00200] loss=36.728607 tau=6.00 collapse_w=0.000 mid_frac=0.238 hard=score=3.2489959776 wNMSE=0.15449176 wMSE=11769.2372 wMRED=1.40213566 wER=0.418867 wMAE=36.6942 wBias=-6.3798 condBias=56.8166 dotDrift=-3.764sigma uMRED=0.1942428969 uER=0.522705 uMAE=126.6875 WCE=1032 bias=1.3750
[pop02_hard:00400] loss=34.909096 tau=6.00 collapse_w=0.000 mid_frac=0.226 hard=score=1.5300153895 wNMSE=0.18434357 wMSE=14043.3590 wMRED=1.34524214 wER=0.418867 wMAE=37.5077 wBias=-1.6548 condBias=66.0718 dotDrift=-0.894sigma uMRED=0.2278036951 uER=0.522705 uMAE=145.8984 WCE=1696 bias=66.3750
[pop02_hard:00599] loss=19.398792 tau=6.00 collapse_w=0.000 mid_frac=0.214 hard=score=4.3455535540 wNMSE=0.11074222 wMSE=8436.3814 wMRED=1.31714057 wER=0.430725 wMAE=33.8378 wBias=-8.1881 condBias=46.0185 dotDrift=-5.705sigma uMRED=0.1571792091 uER=0.527100 uMAE=102.1885 WCE=864 bias=-42.3750
[pop02] done (conf=0.53, noise=0.5); global best score=0.5629904674 wNMSE=0.042308133 wMSE=3223.0486 wMRED=0.80731767 wER=0.207327 wMAE=17.1897 wBias=-1.9279 condBias=34.0002 dotDrift=-2.173sigma uMRED=0.0509231343 uER=0.252930 uMAE=23.6250 WCE=336 bias=0.0000
[pop03_soft:00000] loss=35.667686 tau=1.50 collapse_w=0.000 mid_frac=0.458 hard=score=486.1005227037 wNMSE=2.5262218 wMSE=192448.4741 wMRED=13.48636101 wER=0.582578 wMAE=246.3437 wBias=93.4803 condBias=203.1455 dotDrift=+13.638sigma uMRED=0.5318100096 uER=0.578125 uMAE=238.7764 WCE=3704 bias=5.0000
[pop03_soft:00200] loss=119.276802 tau=2.25 collapse_w=0.000 mid_frac=0.411 hard=score=362.7466028203 wNMSE=4.2096745 wMSE=320694.5046 wMRED=9.30562350 wER=0.561665 wMAE=219.2213 wBias=-78.8878 condBias=231.1207 dotDrift=-8.915sigma uMRED=0.6012090597 uER=0.571533 uMAE=312.1338 WCE=3644 bias=-178.3750
[pop03_soft:00400] loss=114.683868 tau=3.00 collapse_w=0.000 mid_frac=0.321 hard=score=19.2249530823 wNMSE=0.95134138 wMSE=72473.5253 wMRED=6.34816558 wER=0.562423 wMAE=140.9186 wBias=-16.0375 condBias=103.3051 dotDrift=-3.813sigma uMRED=0.2934916753 uER=0.571533 uMAE=144.2627 WCE=3380 bias=-17.2500
[pop03_soft:00600] loss=103.261093 tau=3.75 collapse_w=0.000 mid_frac=0.333 hard=score=62.7726965274 wNMSE=0.76940693 wMSE=58613.6939 wMRED=7.29338015 wER=0.561902 wMAE=131.7773 wBias=-32.4977 condBias=109.9878 dotDrift=-8.591sigma uMRED=0.2940427970 uER=0.570801 uMAE=132.8320 WCE=1554 bias=-60.9375
[pop03_soft:00800] loss=98.464340 tau=4.50 collapse_w=0.084 mid_frac=0.327 hard=score=34.0834814852 wNMSE=0.37217109 wMSE=28352.1261 wMRED=4.69197610 wER=0.555622 wMAE=92.2223 wBias=-24.2930 condBias=71.2084 dotDrift=-9.234sigma uMRED=0.2243512826 uER=0.566406 uMAE=113.8535 WCE=1554 bias=-58.9375
[pop03_soft:01000] loss=96.941063 tau=5.25 collapse_w=0.293 mid_frac=0.327 hard=score=5.4748290766 wNMSE=0.41326694 wMSE=31482.8225 wMRED=5.44327257 wER=0.555622 wMAE=104.9060 wBias=-6.9330 condBias=79.6613 dotDrift=-2.501sigma uMRED=0.2401483491 uER=0.566406 uMAE=117.3232 WCE=1554 bias=-52.4375
[pop03_soft:01199] loss=96.546638 tau=6.00 collapse_w=0.500 mid_frac=0.327 hard=score=5.2606733580 wNMSE=0.41349111 wMSE=31499.9003 wMRED=5.44298023 wER=0.555622 wMAE=105.0427 wBias=-6.6480 condBias=79.7685 dotDrift=-2.397sigma uMRED=0.2400946603 uER=0.566406 uMAE=117.3135 WCE=1554 bias=-52.1875
[pop03_hard:00000] loss=124.973251 tau=6.00 collapse_w=0.000 mid_frac=0.327 hard=score=5.2606733580 wNMSE=0.41349111 wMSE=31499.9003 wMRED=5.44298023 wER=0.555622 wMAE=105.0427 wBias=-6.6480 condBias=79.7685 dotDrift=-2.397sigma uMRED=0.2400946603 uER=0.566406 uMAE=117.3135 WCE=1554 bias=-52.1875
[pop03_hard:00200] loss=107.085320 tau=6.00 collapse_w=0.000 mid_frac=0.315 hard=score=3.3619041005 wNMSE=0.431235 wMSE=32851.6362 wMRED=5.46246067 wER=0.555905 wMAE=107.0087 wBias=-2.5243 condBias=82.9674 dotDrift=-0.891sigma uMRED=0.2645088924 uER=0.568604 uMAE=133.8091 WCE=1554 bias=-20.1875
[pop03_hard:00400] loss=93.963814 tau=6.00 collapse_w=0.000 mid_frac=0.280 hard=score=2.9716702662 wNMSE=0.42498932 wMSE=32375.8375 wMRED=5.45901777 wER=0.553917 wMAE=106.8350 wBias=1.4556 condBias=80.9653 dotDrift=+0.518sigma uMRED=0.2495209912 uER=0.556152 uMAE=121.7661 WCE=1298 bias=-1.1875
[pop03_hard:00599] loss=105.169579 tau=6.00 collapse_w=0.000 mid_frac=0.268 hard=score=11.8841871889 wNMSE=0.38034638 wMSE=28974.9224 wMRED=4.71130030 wER=0.553917 wMAE=92.9545 wBias=-13.2729 condBias=72.7449 dotDrift=-4.990sigma uMRED=0.2329660395 uER=0.556152 uMAE=117.6797 WCE=1282 bias=-4.6875
[pop03] done (conf=0.51, noise=1.0); global best score=0.5629904674 wNMSE=0.042308133 wMSE=3223.0486 wMRED=0.80731767 wER=0.207327 wMAE=17.1897 wBias=-1.9279 condBias=34.0002 dotDrift=-2.173sigma uMRED=0.0509231343 uER=0.252930 uMAE=23.6250 WCE=336 bias=0.0000
[pop04_soft:00000] loss=34.378170 tau=1.50 collapse_w=0.000 mid_frac=0.304 hard=score=193.4417967935 wNMSE=11.922434 wMSE=908255.2472 wMRED=39.25863657 wER=0.578056 wMAE=521.9468 wBias=-41.2014 condBias=541.1102 dotDrift=-2.767sigma uMRED=1.1534598224 uER=0.566895 uMAE=366.9189 WCE=2842 bias=-15.7500
[pop04_soft:00200] loss=93.039528 tau=2.25 collapse_w=0.000 mid_frac=0.298 hard=score=1719.4610888609 wNMSE=9.8135365 wMSE=747598.7069 wMRED=32.62333423 wER=0.536297 wMAE=408.5770 wBias=-174.7861 condBias=468.1326 dotDrift=-12.938sigma uMRED=0.8635129695 uER=0.545898 uMAE=231.4307 WCE=2968 bias=-157.3750
[pop04_soft:00400] loss=81.714104 tau=3.00 collapse_w=0.000 mid_frac=0.238 hard=score=25.9147736450 wNMSE=0.18238187 wMSE=13893.9157 wMRED=2.14611273 wER=0.489404 wMAE=54.9378 wBias=-21.4246 condBias=56.4907 dotDrift=-11.633sigma uMRED=0.1845206011 uER=0.548584 uMAE=108.1191 WCE=1342 bias=-57.5000
[pop04_soft:00600] loss=87.659828 tau=3.75 collapse_w=0.000 mid_frac=0.179 hard=score=1.0402997206 wNMSE=0.11461954 wMSE=8731.7575 wMRED=2.11940825 wER=0.478619 wMAE=44.9651 wBias=-0.1517 condBias=56.6972 dotDrift=-0.104sigma uMRED=0.1371425326 uER=0.547852 uMAE=71.0195 WCE=630 bias=-5.6250
[pop04_soft:00800] loss=66.215675 tau=4.50 collapse_w=0.084 mid_frac=0.161 hard=score=1.8072520528 wNMSE=0.11105999 wMSE=8460.5896 wMRED=1.97866636 wER=0.470384 wMAE=42.5605 wBias=3.8981 condBias=55.8161 dotDrift=+2.712sigma uMRED=0.1328198518 uER=0.542725 uMAE=70.2217 WCE=630 bias=-0.7500
[pop04_soft:01000] loss=66.006729 tau=5.25 collapse_w=0.293 mid_frac=0.167 hard=score=1.4589095335 wNMSE=0.11411888 wMSE=8693.6173 wMRED=1.89330438 wER=0.450927 wMAE=41.9455 wBias=-3.0961 condBias=51.6896 dotDrift=-2.125sigma uMRED=0.1254106787 uER=0.532227 uMAE=69.6553 WCE=630 bias=-14.7500
[pop04_soft:01199] loss=65.983475 tau=6.00 collapse_w=0.500 mid_frac=0.161 hard=score=1.4589095335 wNMSE=0.11411888 wMSE=8693.6173 wMRED=1.89330438 wER=0.450927 wMAE=41.9455 wBias=-3.0961 condBias=51.6896 dotDrift=-2.125sigma uMRED=0.1254106787 uER=0.532227 uMAE=69.6553 WCE=630 bias=-14.7500
[pop04_hard:00000] loss=13.514127 tau=6.00 collapse_w=0.000 mid_frac=0.161 hard=score=1.4589095335 wNMSE=0.11411888 wMSE=8693.6173 wMRED=1.89330438 wER=0.450927 wMAE=41.9455 wBias=-3.0961 condBias=51.6896 dotDrift=-2.125sigma uMRED=0.1254106787 uER=0.532227 uMAE=69.6553 WCE=630 bias=-14.7500
[pop04_hard:00200] loss=6.199628 tau=6.00 collapse_w=0.000 mid_frac=0.131 hard=score=1.1622574512 wNMSE=0.11247492 wMSE=8568.3796 wMRED=1.89411259 wER=0.450927 wMAE=41.4982 wBias=-2.0264 condBias=51.8187 dotDrift=-1.401sigma uMRED=0.1213119971 uER=0.532227 uMAE=64.5850 WCE=630 bias=-2.7500
[pop04_hard:00400] loss=6.199628 tau=6.00 collapse_w=0.000 mid_frac=0.125 hard=score=1.1622574512 wNMSE=0.11247492 wMSE=8568.3796 wMRED=1.89411259 wER=0.450927 wMAE=41.4982 wBias=-2.0264 condBias=51.8187 dotDrift=-1.401sigma uMRED=0.1213119971 uER=0.532227 uMAE=64.5850 WCE=630 bias=-2.7500
[pop04_hard:00599] loss=6.199628 tau=6.00 collapse_w=0.000 mid_frac=0.125 hard=score=1.1622574512 wNMSE=0.11247492 wMSE=8568.3796 wMRED=1.89411259 wER=0.450927 wMAE=41.4982 wBias=-2.0264 condBias=51.8187 dotDrift=-1.401sigma uMRED=0.1213119971 uER=0.532227 uMAE=64.5850 WCE=630 bias=-2.7500
[pop04] done (conf=0.53, noise=0.5); global best score=0.5629904674 wNMSE=0.042308133 wMSE=3223.0486 wMRED=0.80731767 wER=0.207327 wMAE=17.1897 wBias=-1.9279 condBias=34.0002 dotDrift=-2.173sigma uMRED=0.0509231343 uER=0.252930 uMAE=23.6250 WCE=336 bias=0.0000
[pop05_soft:00000] loss=41.730751 tau=1.50 collapse_w=0.000 mid_frac=0.393 hard=score=1967.8835548814 wNMSE=20.303908 wMSE=1546758.9790 wMRED=52.51537255 wER=0.580097 wMAE=696.1003 wBias=182.6573 condBias=745.4395 dotDrift=+9.400sigma uMRED=1.3135469236 uER=0.562012 uMAE=354.6724 WCE=3704 bias=-66.3125
[pop05_soft:00200] loss=172.849304 tau=2.25 collapse_w=0.000 mid_frac=0.411 hard=score=187.9533543649 wNMSE=22.539953 wMSE=1717101.6705 wMRED=55.69873742 wER=0.557976 wMAE=721.2562 wBias=13.4438 condBias=757.0905 dotDrift=+0.657sigma uMRED=1.4250179359 uER=0.571533 uMAE=383.1074 WCE=3393 bias=-98.5625
[pop05_soft:00400] loss=166.641220 tau=3.00 collapse_w=0.000 mid_frac=0.345 hard=score=1192.8603883948 wNMSE=4.534353 wMSE=345428.6236 wMRED=19.32311960 wER=0.551576 wMAE=241.2177 wBias=-145.9722 condBias=347.3826 dotDrift=-15.895sigma uMRED=0.5438386675 uER=0.551514 uMAE=176.3135 WCE=2112 bias=-48.4375
[pop05_soft:00600] loss=107.465752 tau=3.75 collapse_w=0.000 mid_frac=0.327 hard=score=83.1993977649 wNMSE=0.28894861 wMSE=22012.2080 wMRED=3.70116279 wER=0.467752 wMAE=74.2941 wBias=-38.8336 condBias=74.6225 dotDrift=-16.752sigma uMRED=0.2332248018 uER=0.541992 uMAE=127.1958 WCE=1172 bias=-30.3125
[pop05_soft:00800] loss=98.756371 tau=4.50 collapse_w=0.084 mid_frac=0.304 hard=score=126.1139174348 wNMSE=0.25356084 wMSE=19316.3552 wMRED=3.52170218 wER=0.472444 wMAE=67.9093 wBias=-48.1109 condBias=73.4055 dotDrift=-22.154sigma uMRED=0.2060912455 uER=0.543457 uMAE=111.8521 WCE=948 bias=-43.9375
[pop05_soft:01000] loss=97.964691 tau=5.25 collapse_w=0.293 mid_frac=0.304 hard=score=144.2185097342 wNMSE=0.25237113 wMSE=19225.7224 wMRED=3.55479270 wER=0.472444 wMAE=67.0612 wBias=-51.4655 condBias=78.6125 dotDrift=-23.755sigma uMRED=0.2077199713 uER=0.543457 uMAE=108.9438 WCE=948 bias=-49.9375
[pop05_soft:01199] loss=97.284172 tau=6.00 collapse_w=0.500 mid_frac=0.298 hard=score=168.2699336305 wNMSE=0.26253201 wMSE=19999.7822 wMRED=3.60428915 wER=0.472444 wMAE=68.2260 wBias=-55.5840 condBias=86.2604 dotDrift=-25.155sigma uMRED=0.2162469199 uER=0.543457 uMAE=110.5308 WCE=948 bias=-57.9375
[pop05_hard:00000] loss=230.768997 tau=6.00 collapse_w=0.000 mid_frac=0.298 hard=score=168.2699336305 wNMSE=0.26253201 wMSE=19999.7822 wMRED=3.60428915 wER=0.472444 wMAE=68.2260 wBias=-55.5840 condBias=86.2604 dotDrift=-25.155sigma uMRED=0.2162469199 uER=0.543457 uMAE=110.5308 WCE=948 bias=-57.9375
[pop05_hard:00200] loss=119.682480 tau=6.00 collapse_w=0.000 mid_frac=0.280 hard=score=97.5675696302 wNMSE=0.23401946 wMSE=17827.6861 wMRED=3.19075858 wER=0.472267 wMAE=64.5719 wBias=-42.1995 condBias=74.3092 dotDrift=-20.227sigma uMRED=0.2033476035 uER=0.539795 uMAE=106.8838 WCE=948 bias=-49.3125
[pop05_hard:00400] loss=107.984291 tau=6.00 collapse_w=0.000 mid_frac=0.262 hard=score=53.8224583547 wNMSE=0.24499471 wMSE=18663.7839 wMRED=3.11819717 wER=0.472267 wMAE=64.5742 wBias=-31.2107 condBias=57.5910 dotDrift=-14.621sigma uMRED=0.2078937483 uER=0.539795 uMAE=118.3184 WCE=1344 bias=30.8125
[pop05_hard:00599] loss=189.637436 tau=6.00 collapse_w=0.000 mid_frac=0.214 hard=score=87.4293908057 wNMSE=0.57824611 wMSE=44050.9944 wMRED=6.09410795 wER=0.547433 wMAE=117.3905 wBias=39.4666 condBias=96.8553 dotDrift=+12.035sigma uMRED=0.2580757526 uER=0.545898 uMAE=118.3130 WCE=948 bias=1.8125
[pop05] done (conf=0.51, noise=1.0); global best score=0.5629904674 wNMSE=0.042308133 wMSE=3223.0486 wMRED=0.80731767 wER=0.207327 wMAE=17.1897 wBias=-1.9279 condBias=34.0002 dotDrift=-2.173sigma uMRED=0.0509231343 uER=0.252930 uMAE=23.6250 WCE=336 bias=0.0000
[pop06_soft:00000] loss=39.150051 tau=1.50 collapse_w=0.000 mid_frac=0.292 hard=score=2571.3468223084 wNMSE=15.47378 wMSE=1178798.0697 wMRED=38.38680227 wER=0.582578 wMAE=566.5030 wBias=212.4146 condBias=580.6216 dotDrift=+12.521sigma uMRED=1.2032963579 uER=0.578125 uMAE=472.1704 WCE=3441 bias=180.1875
[pop06_soft:00200] loss=112.442886 tau=2.25 collapse_w=0.000 mid_frac=0.304 hard=score=1422.1097364537 wNMSE=2.6902596 wMSE=204944.9330 wMRED=15.44880951 wER=0.540940 wMAE=204.3131 wBias=-161.2292 condBias=261.9359 dotDrift=-22.793sigma uMRED=0.6306150645 uER=0.571533 uMAE=258.0415 WCE=3376 bias=-99.0000
[pop06_soft:00400] loss=157.247391 tau=3.00 collapse_w=0.000 mid_frac=0.244 hard=score=629.4081613793 wNMSE=2.7393273 wMSE=208682.9308 wMRED=14.35058053 wER=0.550058 wMAE=207.3040 wBias=-105.8849 condBias=271.8141 dotDrift=-14.834sigma uMRED=0.5357000556 uER=0.571533 uMAE=227.4678 WCE=1616 bias=-73.7500
[pop06_soft:00600] loss=119.740463 tau=3.75 collapse_w=0.000 mid_frac=0.179 hard=score=219.0354030621 wNMSE=4.0733606 wMSE=310310.0608 wMRED=22.78898150 wER=0.529024 wMAE=178.2758 wBias=-58.5154 condBias=333.3152 dotDrift=-6.723sigma uMRED=0.6378396389 uER=0.564209 uMAE=189.2007 WCE=3464 bias=-75.0000
[pop06_soft:00800] loss=106.193398 tau=4.50 collapse_w=0.084 mid_frac=0.173 hard=score=28.5499824328 wNMSE=0.36554222 wMSE=27847.1367 wMRED=3.03280267 wER=0.496770 wMAE=77.5685 wBias=-21.9873 condBias=82.0567 dotDrift=-8.433sigma uMRED=0.2751281987 uER=0.554688 uMAE=158.0439 WCE=1480 bias=-66.0625
[pop06_soft:01000] loss=101.121269 tau=5.25 collapse_w=0.293 mid_frac=0.190 hard=score=194.8545746828 wNMSE=0.50362786 wMSE=38366.5494 wMRED=4.70551834 wER=0.496770 wMAE=95.4326 wBias=-59.6411 condBias=104.8399 dotDrift=-19.487sigma uMRED=0.2955535277 uER=0.554688 uMAE=155.5894 WCE=1480 bias=-100.0625
[pop06_soft:01199] loss=98.801926 tau=6.00 collapse_w=0.500 mid_frac=0.185 hard=score=195.3475546225 wNMSE=0.50367059 wMSE=38369.8052 wMRED=4.70578278 wER=0.496770 wMAE=95.4397 wBias=-59.7181 condBias=104.8702 dotDrift=-19.512sigma uMRED=0.2955569707 uER=0.554688 uMAE=155.5679 WCE=1480 bias=-100.1875
[pop06_hard:00000] loss=334.950989 tau=6.00 collapse_w=0.000 mid_frac=0.185 hard=score=195.3475546225 wNMSE=0.50367059 wMSE=38369.8052 wMRED=4.70578278 wER=0.496770 wMAE=95.4397 wBias=-59.7181 condBias=104.8702 dotDrift=-19.512sigma uMRED=0.2955569707 uER=0.554688 uMAE=155.5679 WCE=1480 bias=-100.1875
[pop06_hard:00200] loss=204.277206 tau=6.00 collapse_w=0.000 mid_frac=0.167 hard=score=126.5218535172 wNMSE=0.50253506 wMSE=38283.3001 wMRED=4.70153596 wER=0.496770 wMAE=94.6700 wBias=-47.8249 condBias=93.0732 dotDrift=-15.643sigma uMRED=0.2597074656 uER=0.554688 uMAE=130.1270 WCE=1280 bias=-3.1875
[pop06_hard:00400] loss=98.076012 tau=6.00 collapse_w=0.000 mid_frac=0.125 hard=score=28.0725632818 wNMSE=0.3237997 wMSE=24667.1766 wMRED=2.94826190 wER=0.490656 wMAE=72.6438 wBias=-22.0214 condBias=71.9165 dotDrift=-8.974sigma uMRED=0.2176312440 uER=0.551758 uMAE=117.0176 WCE=1280 bias=13.8125
[pop06_hard:00599] loss=77.483864 tau=6.00 collapse_w=0.000 mid_frac=0.119 hard=score=5.5737084764 wNMSE=0.44859842 wMSE=34174.3875 wMRED=3.88060465 wER=0.506214 wMAE=91.7762 wBias=-7.4591 condBias=81.8550 dotDrift=-2.582sigma uMRED=0.2415685568 uER=0.554688 uMAE=118.8979 WCE=1150 bias=-41.6875
[pop06] done (conf=0.53, noise=0.5); global best score=0.5629904674 wNMSE=0.042308133 wMSE=3223.0486 wMRED=0.80731767 wER=0.207327 wMAE=17.1897 wBias=-1.9279 condBias=34.0002 dotDrift=-2.173sigma uMRED=0.0509231343 uER=0.252930 uMAE=23.6250 WCE=336 bias=0.0000
[pop07_soft:00000] loss=39.471016 tau=1.50 collapse_w=0.000 mid_frac=0.458 hard=score=949.2065441447 wNMSE=15.430758 wMSE=1175520.6155 wMRED=48.49297490 wER=0.582578 wMAE=578.1443 wBias=124.3678 condBias=514.7990 dotDrift=+7.341sigma uMRED=1.3801698332 uER=0.578125 uMAE=411.2129 WCE=3672 bias=79.9375
[pop07_soft:00200] loss=145.655853 tau=2.25 collapse_w=0.000 mid_frac=0.405 hard=score=1470.6255819444 wNMSE=13.039949 wMSE=993387.9664 wMRED=38.47773090 wER=0.579165 wMAE=457.5013 wBias=-159.8995 condBias=493.6897 dotDrift=-10.268sigma uMRED=1.0247325425 uER=0.575195 uMAE=312.2280 WCE=3360 bias=-56.1875
[pop07_soft:00400] loss=170.587479 tau=3.00 collapse_w=0.000 mid_frac=0.393 hard=score=26.3684513408 wNMSE=3.4838796 wMSE=265403.1899 wMRED=21.00690415 wER=0.568232 wMAE=257.1590 wBias=7.4753 condBias=269.7581 dotDrift=+0.929sigma uMRED=0.5598154712 uER=0.567871 uMAE=165.8711 WCE=2856 bias=33.8750
[pop07_soft:00600] loss=143.768112 tau=3.75 collapse_w=0.000 mid_frac=0.345 hard=score=175.1582593510 wNMSE=1.1853512 wMSE=90300.4789 wMRED=8.91150908 wER=0.568306 wMAE=132.1820 wBias=-55.4548 condBias=149.8967 dotDrift=-11.811sigma uMRED=0.4001803330 uER=0.565674 uMAE=177.3584 WCE=2840 bias=-1.7500
[pop07_soft:00800] loss=130.832764 tau=4.50 collapse_w=0.084 mid_frac=0.298 hard=score=79.9291239371 wNMSE=1.1469304 wMSE=87373.5667 wMRED=8.12111768 wER=0.547516 wMAE=132.3268 wBias=-36.4859 condBias=135.6525 dotDrift=-7.900sigma uMRED=0.3897511019 uER=0.558838 uMAE=178.5024 WCE=2840 bias=6.8750
[pop07_soft:01000] loss=127.858597 tau=5.25 collapse_w=0.293 mid_frac=0.286 hard=score=72.0325687414 wNMSE=1.1244061 wMSE=85657.6598 wMRED=8.11014425 wER=0.540660 wMAE=131.0192 wBias=-34.4593 condBias=130.9189 dotDrift=-7.535sigma uMRED=0.3801583611 uER=0.552979 uMAE=175.7070 WCE=2904 bias=15.3750
[pop07_soft:01199] loss=126.694435 tau=6.00 collapse_w=0.500 mid_frac=0.280 hard=score=69.9534635085 wNMSE=1.1197474 wMSE=85302.7563 wMRED=8.09198101 wER=0.547516 wMAE=132.1355 wBias=-33.9259 condBias=129.9089 dotDrift=-7.434sigma uMRED=0.3819481806 uER=0.558838 uMAE=176.3804 WCE=2904 bias=13.3750
[pop07_hard:00000] loss=230.980591 tau=6.00 collapse_w=0.000 mid_frac=0.280 hard=score=69.9534635085 wNMSE=1.1197474 wMSE=85302.7563 wMRED=8.09198101 wER=0.547516 wMAE=132.1355 wBias=-33.9259 condBias=129.9089 dotDrift=-7.434sigma uMRED=0.3819481806 uER=0.558838 uMAE=176.3804 WCE=2904 bias=13.3750
[pop07_hard:00200] loss=218.736267 tau=6.00 collapse_w=0.000 mid_frac=0.268 hard=score=78.9995704199 wNMSE=0.9833092 wMSE=74908.8454 wMRED=8.02445734 wER=0.547516 wMAE=127.2286 wBias=-36.3454 condBias=135.1120 dotDrift=-8.499sigma uMRED=0.3147499327 uER=0.558838 uMAE=140.3999 WCE=1430 bias=-6.6250
[pop07_hard:00400] loss=214.946777 tau=6.00 collapse_w=0.000 mid_frac=0.256 hard=score=76.2598232458 wNMSE=0.99200935 wMSE=75571.6253 wMRED=8.03118764 wER=0.547516 wMAE=127.9488 wBias=-35.6252 condBias=134.2802 dotDrift=-8.294sigma uMRED=0.3262112309 uER=0.558838 uMAE=148.8999 WCE=1430 bias=1.8750
[pop07_hard:00599] loss=140.050751 tau=6.00 collapse_w=0.000 mid_frac=0.262 hard=score=7.2682053143 wNMSE=1.0644283 wMSE=81088.5300 wMRED=9.92853911 wER=0.577016 wMAE=148.7244 wBias=-3.9861 condBias=111.4102 dotDrift=-0.896sigma uMRED=0.3352473132 uER=0.569092 uMAE=136.4248 WCE=1174 bias=10.0000
[pop07] done (conf=0.51, noise=1.0); global best score=0.5629904674 wNMSE=0.042308133 wMSE=3223.0486 wMRED=0.80731767 wER=0.207327 wMAE=17.1897 wBias=-1.9279 condBias=34.0002 dotDrift=-2.173sigma uMRED=0.0509231343 uER=0.252930 uMAE=23.6250 WCE=336 bias=0.0000
[pop08_soft:00000] loss=25.857914 tau=1.50 collapse_w=0.000 mid_frac=0.304 hard=score=204.9207030733 wNMSE=4.5356558 wMSE=345527.8708 wMRED=23.83895362 wER=0.580111 wMAE=331.6350 wBias=56.3300 condBias=323.4980 dotDrift=+6.133sigma uMRED=0.6678658064 uER=0.567871 uMAE=208.3320 WCE=1584 bias=-67.6250
[pop08_soft:00200] loss=85.291679 tau=2.25 collapse_w=0.000 mid_frac=0.226 hard=score=8.8797343298 wNMSE=0.63039842 wMSE=48023.9760 wMRED=4.82870533 wER=0.559904 wMAE=99.5768 wBias=9.4960 condBias=84.1340 dotDrift=+2.773sigma uMRED=0.2861308817 uER=0.559814 uMAE=132.0190 WCE=3384 bias=-47.9375
[pop08_soft:00400] loss=77.482666 tau=3.00 collapse_w=0.000 mid_frac=0.190 hard=score=9.6425358822 wNMSE=0.27520974 wMSE=20965.5759 wMRED=2.65903859 wER=0.491194 wMAE=63.4926 wBias=-11.8427 condBias=77.2436 dotDrift=-5.235sigma uMRED=0.2490818312 uER=0.559570 uMAE=137.2739 WCE=1150 bias=-83.5625
[pop08_soft:00600] loss=66.735733 tau=3.75 collapse_w=0.000 mid_frac=0.143 hard=score=3.5235327405 wNMSE=0.25573007 wMSE=19481.6077 wMRED=2.61100491 wER=0.473477 wMAE=59.3565 wBias=-5.6569 condBias=72.9691 dotDrift=-2.594sigma uMRED=0.2251234510 uER=0.552246 uMAE=123.1411 WCE=1070 bias=-67.5625
[pop08_soft:00800] loss=66.463448 tau=4.50 collapse_w=0.084 mid_frac=0.137 hard=score=3.2979181403 wNMSE=0.23256718 wMSE=17717.0507 wMRED=2.05335445 wER=0.462103 wMAE=51.0418 wBias=-5.8004 condBias=67.0239 dotDrift=-2.789sigma uMRED=0.2062457106 uER=0.545410 uMAE=116.5869 WCE=1070 bias=-62.6250
[pop08_soft:01000] loss=66.394646 tau=5.25 collapse_w=0.293 mid_frac=0.131 hard=score=2.4872692544 wNMSE=0.19194196 wMSE=14622.2066 wMRED=1.91595699 wER=0.453095 wMAE=44.9017 wBias=4.8346 condBias=59.4505 dotDrift=+2.559sigma uMRED=0.1840304450 uER=0.543213 uMAE=106.6289 WCE=1070 bias=-46.5000
[pop08_soft:01199] loss=66.321091 tau=6.00 collapse_w=0.500 mid_frac=0.131 hard=score=2.5928235972 wNMSE=0.19126641 wMSE=14570.7431 wMRED=1.91480752 wER=0.453095 wMAE=44.8454 wBias=5.0591 condBias=59.0257 dotDrift=+2.682sigma uMRED=0.1810846849 uER=0.543213 uMAE=105.7168 WCE=1070 bias=-42.5000
[pop08_hard:00000] loss=40.292744 tau=6.00 collapse_w=0.000 mid_frac=0.131 hard=score=2.5928235972 wNMSE=0.19126641 wMSE=14570.7431 wMRED=1.91480752 wER=0.453095 wMAE=44.8454 wBias=5.0591 condBias=59.0257 dotDrift=+2.682sigma uMRED=0.1810846849 uER=0.543213 uMAE=105.7168 WCE=1070 bias=-42.5000
[pop08_hard:00200] loss=97.814087 tau=6.00 collapse_w=0.000 mid_frac=0.125 hard=score=34.9584055164 wNMSE=0.57908289 wMSE=44114.7408 wMRED=2.11751453 wER=0.453095 wMAE=56.9402 wBias=-23.9559 condBias=110.6932 dotDrift=-7.300sigma uMRED=0.2344697973 uER=0.543213 uMAE=133.2988 WCE=1678 bias=-46.5000
[pop08_hard:00400] loss=34.675682 tau=6.00 collapse_w=0.000 mid_frac=0.131 hard=score=1.3993681770 wNMSE=0.18621745 wMSE=14186.1114 wMRED=1.82765618 wER=0.453095 wMAE=42.3266 wBias=2.1111 condBias=58.1055 dotDrift=+1.134sigma uMRED=0.1784165498 uER=0.543213 uMAE=105.7832 WCE=1070 bias=-46.5000
[pop08_hard:00599] loss=40.801384 tau=6.00 collapse_w=0.000 mid_frac=0.125 hard=score=1.3993681770 wNMSE=0.18621745 wMSE=14186.1114 wMRED=1.82765618 wER=0.453095 wMAE=42.3266 wBias=2.1111 condBias=58.1055 dotDrift=+1.134sigma uMRED=0.1784165498 uER=0.543213 uMAE=105.7832 WCE=1070 bias=-46.5000
[pop08] done (conf=0.53, noise=0.5); global best score=0.5629904674 wNMSE=0.042308133 wMSE=3223.0486 wMRED=0.80731767 wER=0.207327 wMAE=17.1897 wBias=-1.9279 condBias=34.0002 dotDrift=-2.173sigma uMRED=0.0509231343 uER=0.252930 uMAE=23.6250 WCE=336 bias=0.0000
[pop09_soft:00000] loss=56.268913 tau=1.50 collapse_w=0.000 mid_frac=0.452 hard=score=5051.5536272147 wNMSE=8.122698 wMSE=618790.0255 wMRED=21.28039172 wER=0.575531 wMAE=396.9872 wBias=304.3058 condBias=465.2864 dotDrift=+24.758sigma uMRED=0.8356176294 uER=0.574463 uMAE=367.0776 WCE=3640 bias=108.5000
[pop09_soft:00200] loss=149.350723 tau=2.25 collapse_w=0.000 mid_frac=0.405 hard=score=812.5935027719 wNMSE=2.8689615 wMSE=218558.5057 wMRED=11.74077113 wER=0.582578 wMAE=201.6527 wBias=-120.8796 condBias=273.0765 dotDrift=-16.548sigma uMRED=0.6722433060 uER=0.578125 uMAE=331.0674 WCE=2817 bias=-202.4375
[pop09_soft:00400] loss=135.386459 tau=3.00 collapse_w=0.000 mid_frac=0.333 hard=score=727.3951108718 wNMSE=1.3686487 wMSE=104264.1452 wMRED=10.70437215 wER=0.504402 wMAE=142.6198 wBias=-115.1969 condBias=207.2057 dotDrift=-22.832sigma uMRED=0.4546266204 uER=0.566895 uMAE=211.7485 WCE=2000 bias=10.5000
[pop09_soft:00600] loss=94.881020 tau=3.75 collapse_w=0.000 mid_frac=0.304 hard=score=3.6537921251 wNMSE=0.29478994 wMSE=22457.2026 wMRED=2.39306266 wER=0.500812 wMAE=64.4087 wBias=-6.0770 condBias=68.5233 dotDrift=-2.595sigma uMRED=0.2285793249 uER=0.560303 uMAE=137.4473 WCE=1272 bias=16.3750
[pop09_soft:00800] loss=91.881264 tau=4.50 collapse_w=0.084 mid_frac=0.351 hard=score=7.4081671621 wNMSE=0.25389788 wMSE=19342.0308 wMRED=1.85651248 wER=0.490302 wMAE=56.4140 wBias=-10.7089 condBias=59.8179 dotDrift=-4.928sigma uMRED=0.2083273974 uER=0.555908 uMAE=129.3721 WCE=1272 bias=10.3750
[pop09_soft:01000] loss=91.437378 tau=5.25 collapse_w=0.293 mid_frac=0.333 hard=score=7.1301821495 wNMSE=0.25371056 wMSE=19327.7605 wMRED=1.83755462 wER=0.490302 wMAE=56.2374 wBias=-10.4670 condBias=59.7381 dotDrift=-4.819sigma uMRED=0.2079886351 uER=0.555908 uMAE=129.3564 WCE=1272 bias=10.6250
[pop09_soft:01199] loss=91.311241 tau=6.00 collapse_w=0.500 mid_frac=0.333 hard=score=7.1301821495 wNMSE=0.25371056 wMSE=19327.7605 wMRED=1.83755462 wER=0.490302 wMAE=56.2374 wBias=-10.4670 condBias=59.7381 dotDrift=-4.819sigma uMRED=0.2079886351 uER=0.555908 uMAE=129.3564 WCE=1272 bias=10.6250
[pop09_hard:00000] loss=34.227745 tau=6.00 collapse_w=0.000 mid_frac=0.333 hard=score=7.1301821495 wNMSE=0.25371056 wMSE=19327.7605 wMRED=1.83755462 wER=0.490302 wMAE=56.2374 wBias=-10.4670 condBias=59.7381 dotDrift=-4.819sigma uMRED=0.2079886351 uER=0.555908 uMAE=129.3564 WCE=1272 bias=10.6250
[pop09_hard:00200] loss=58.139179 tau=6.00 collapse_w=0.000 mid_frac=0.345 hard=score=5.4401048332 wNMSE=0.2784887 wMSE=21215.3681 wMRED=2.05902740 wER=0.488400 wMAE=58.2212 wBias=-8.4695 condBias=66.5434 dotDrift=-3.721sigma uMRED=0.2159971598 uER=0.555176 uMAE=133.4043 WCE=1342 bias=-55.3750
[pop09_hard:00400] loss=22.478085 tau=6.00 collapse_w=0.000 mid_frac=0.310 hard=score=1.3707935136 wNMSE=0.26053122 wMSE=19847.3612 wMRED=2.04780078 wER=0.488349 wMAE=57.5436 wBias=0.3919 condBias=62.0176 dotDrift=+0.178sigma uMRED=0.2049076762 uER=0.554443 uMAE=133.1357 WCE=1272 bias=2.6250
[pop09_hard:00599] loss=22.478085 tau=6.00 collapse_w=0.000 mid_frac=0.304 hard=score=1.3707935136 wNMSE=0.26053122 wMSE=19847.3612 wMRED=2.04780078 wER=0.488349 wMAE=57.5436 wBias=0.3919 condBias=62.0176 dotDrift=+0.178sigma uMRED=0.2049076762 uER=0.554443 uMAE=133.1357 WCE=1272 bias=2.6250
[pop09] done (conf=0.51, noise=1.0); global best score=0.5629904674 wNMSE=0.042308133 wMSE=3223.0486 wMRED=0.80731767 wER=0.207327 wMAE=17.1897 wBias=-1.9279 condBias=34.0002 dotDrift=-2.173sigma uMRED=0.0509231343 uER=0.252930 uMAE=23.6250 WCE=336 bias=0.0000
[pop10_soft:00000] loss=50.768539 tau=1.50 collapse_w=0.000 mid_frac=0.310 hard=score=2188.1762867255 wNMSE=28.832331 wMSE=2196457.2578 wMRED=57.97183440 wER=0.581492 wMAE=769.0199 wBias=191.4734 condBias=814.1914 dotDrift=+8.269sigma uMRED=1.5234259917 uER=0.573730 uMAE=426.3467 WCE=3903 bias=51.7500
[pop10_soft:00200] loss=139.186600 tau=2.25 collapse_w=0.000 mid_frac=0.304 hard=score=896.0695965826 wNMSE=19.194648 wMSE=1462255.1264 wMRED=49.69280683 wER=0.558260 wMAE=632.5666 wBias=-118.1261 condBias=680.4838 dotDrift=-6.252sigma uMRED=1.3411881056 uER=0.564941 uMAE=384.0400 WCE=3699 bias=-67.5625
[pop10_soft:00400] loss=137.678864 tau=3.00 collapse_w=0.000 mid_frac=0.298 hard=score=137.8248269752 wNMSE=0.59620683 wMSE=45419.2487 wMRED=6.32300726 wER=0.514799 wMAE=93.2363 wBias=-49.5915 condBias=109.7226 dotDrift=-14.892sigma uMRED=0.3237708436 uER=0.548096 uMAE=149.1367 WCE=3456 bias=38.4375
[pop10_soft:00600] loss=92.937920 tau=3.75 collapse_w=0.000 mid_frac=0.226 hard=score=8.7323921526 wNMSE=0.25571066 wMSE=19480.1294 wMRED=2.43841048 wER=0.517029 wMAE=62.7961 wBias=-11.4257 condBias=71.8677 dotDrift=-5.239sigma uMRED=0.2405953919 uER=0.555420 uMAE=151.0464 WCE=1252 bias=-17.7500
[pop10_soft:00800] loss=88.135727 tau=4.50 collapse_w=0.084 mid_frac=0.244 hard=score=19.5092352695 wNMSE=0.23128998 wMSE=17619.7531 wMRED=2.08526791 wER=0.523606 wMAE=53.9988 wBias=-18.3944 condBias=62.6612 dotDrift=-8.869sigma uMRED=0.2264009690 uER=0.567139 uMAE=145.0059 WCE=1240 bias=-60.7500
[pop10_soft:01000] loss=87.952812 tau=5.25 collapse_w=0.293 mid_frac=0.226 hard=score=14.0902273456 wNMSE=0.19010409 wMSE=14482.1972 wMRED=2.05502792 wER=0.523606 wMAE=51.4232 wBias=-15.6024 condBias=53.8962 dotDrift=-8.298sigma uMRED=0.2019266737 uER=0.567139 uMAE=128.8184 WCE=1240 bias=-44.2500
[pop10_soft:01199] loss=87.857880 tau=6.00 collapse_w=0.500 mid_frac=0.208 hard=score=18.8729262286 wNMSE=0.2313782 wMSE=17626.4734 wMRED=2.08186104 wER=0.523606 wMAE=53.8932 wBias=-18.0724 condBias=62.5375 dotDrift=-8.712sigma uMRED=0.2262122120 uER=0.567139 uMAE=144.8184 WCE=1240 bias=-60.2500
[pop10_hard:00000] loss=115.223434 tau=6.00 collapse_w=0.000 mid_frac=0.208 hard=score=18.8729262286 wNMSE=0.2313782 wMSE=17626.4734 wMRED=2.08186104 wER=0.523606 wMAE=53.8932 wBias=-18.0724 condBias=62.5375 dotDrift=-8.712sigma uMRED=0.2262122120 uER=0.567139 uMAE=144.8184 WCE=1240 bias=-60.2500
[pop10_hard:00200] loss=101.356689 tau=6.00 collapse_w=0.000 mid_frac=0.190 hard=score=9.9382232070 wNMSE=0.22316677 wMSE=17000.9239 wMRED=1.82178433 wER=0.523606 wMAE=50.5020 wBias=-12.7064 condBias=60.6974 dotDrift=-6.237sigma uMRED=0.2194068693 uER=0.567139 uMAE=142.1621 WCE=1240 bias=-55.2500
[pop10_hard:00400] loss=70.578400 tau=6.00 collapse_w=0.000 mid_frac=0.149 hard=score=2.6339706911 wNMSE=0.28643037 wMSE=21820.3678 wMRED=1.96306105 wER=0.523953 wMAE=57.7828 wBias=3.1432 condBias=79.2887 dotDrift=+1.362sigma uMRED=0.2859592613 uER=0.564941 uMAE=178.2344 WCE=1454 bias=1.7500
[pop10_hard:00599] loss=70.798477 tau=6.00 collapse_w=0.000 mid_frac=0.149 hard=score=3.5793563196 wNMSE=0.29976871 wMSE=22836.4870 wMRED=1.96828546 wER=0.523953 wMAE=58.3029 wBias=-5.3103 condBias=79.7831 dotDrift=-2.249sigma uMRED=0.2876181193 uER=0.564941 uMAE=179.8672 WCE=1454 bias=-61.7500
[pop10] done (conf=0.53, noise=0.5); global best score=0.5629904674 wNMSE=0.042308133 wMSE=3223.0486 wMRED=0.80731767 wER=0.207327 wMAE=17.1897 wBias=-1.9279 condBias=34.0002 dotDrift=-2.173sigma uMRED=0.0509231343 uER=0.252930 uMAE=23.6250 WCE=336 bias=0.0000
[pop11_soft:00000] loss=52.562225 tau=1.50 collapse_w=0.000 mid_frac=0.452 hard=score=7113.5998805879 wNMSE=23.838669 wMSE=1816038.3131 wMRED=43.66107998 wER=0.582468 wMAE=624.0186 wBias=358.4785 condBias=699.1198 dotDrift=+17.025sigma uMRED=1.2658288246 uER=0.575928 uMAE=393.4116 WCE=3841 bias=98.0000
[pop11_soft:00200] loss=167.555496 tau=2.25 collapse_w=0.000 mid_frac=0.452 hard=score=437.9156357216 wNMSE=2.9948056 wMSE=228145.3553 wMRED=16.71636133 wER=0.580022 wMAE=235.9707 wBias=-88.0803 condBias=245.2637 dotDrift=-11.802sigma uMRED=0.6323279270 uER=0.575195 uMAE=257.8994 WCE=3372 bias=-182.7500
[pop11_soft:00400] loss=173.630768 tau=3.00 collapse_w=0.000 mid_frac=0.464 hard=score=41.5849701641 wNMSE=1.6329824 wMSE=124401.1812 wMRED=13.55321343 wER=0.580055 wMAE=183.9476 wBias=-23.7137 condBias=168.9401 dotDrift=-4.303sigma uMRED=0.4560912867 uER=0.573730 uMAE=180.4663 WCE=1436 bias=9.5625
[pop11_soft:00600] loss=178.534683 tau=3.75 collapse_w=0.000 mid_frac=0.375 hard=score=778.1544061386 wNMSE=5.1533624 wMSE=392584.9825 wMRED=22.66423902 wER=0.582033 wMAE=278.2208 wBias=-117.0429 condBias=300.6450 dotDrift=-11.955sigma uMRED=0.6283519444 uER=0.575928 uMAE=197.8350 WCE=2128 bias=-36.2500
[pop11_soft:00800] loss=96.737694 tau=4.50 collapse_w=0.084 mid_frac=0.333 hard=score=2.4328571502 wNMSE=0.2319448 wMSE=17669.6377 wMRED=2.75150732 wER=0.562543 wMAE=67.7018 wBias=0.4035 condBias=74.3231 dotDrift=+0.194sigma uMRED=0.2072932261 uER=0.573730 uMAE=108.5073 WCE=1154 bias=-20.8125
[pop11_soft:01000] loss=68.807739 tau=5.25 collapse_w=0.293 mid_frac=0.333 hard=score=6.9929210068 wNMSE=0.23063505 wMSE=17569.8604 wMRED=2.75126707 wER=0.537451 wMAE=63.4669 wBias=-9.2847 condBias=77.1674 dotDrift=-4.483sigma uMRED=0.2072229207 uER=0.570068 uMAE=107.5674 WCE=1164 bias=-25.6875
[pop11_soft:01199] loss=67.982384 tau=6.00 collapse_w=0.500 mid_frac=0.327 hard=score=8.1410787246 wNMSE=0.22754153 wMSE=17334.1948 wMRED=2.66845008 wER=0.529102 wMAE=62.2244 wBias=-10.4250 condBias=76.1663 dotDrift=-5.068sigma uMRED=0.2054001144 uER=0.564941 uMAE=107.1523 WCE=1164 bias=-25.7500
[pop11_hard:00000] loss=77.544167 tau=6.00 collapse_w=0.000 mid_frac=0.327 hard=score=8.1410787246 wNMSE=0.22754153 wMSE=17334.1948 wMRED=2.66845008 wER=0.529102 wMAE=62.2244 wBias=-10.4250 condBias=76.1663 dotDrift=-5.068sigma uMRED=0.2054001144 uER=0.564941 uMAE=107.1523 WCE=1164 bias=-25.7500
[pop11_hard:00200] loss=73.654663 tau=6.00 collapse_w=0.000 mid_frac=0.304 hard=score=6.9219556624 wNMSE=0.22369568 wMSE=17041.2164 wMRED=2.64121019 wER=0.529202 wMAE=61.4533 wBias=-9.3210 condBias=74.6178 dotDrift=-4.570sigma uMRED=0.2034765788 uER=0.565674 uMAE=106.8867 WCE=1112 bias=-22.2500
[pop11_hard:00400] loss=52.248730 tau=6.00 collapse_w=0.000 mid_frac=0.244 hard=score=3.0967713276 wNMSE=0.1732235 wMSE=13196.2283 wMRED=2.57732031 wER=0.527311 wMAE=57.8517 wBias=-4.8618 condBias=67.5253 dotDrift=-2.709sigma uMRED=0.1777779445 uER=0.564941 uMAE=91.3730 WCE=944 bias=1.1250
[pop11_hard:00599] loss=50.199047 tau=6.00 collapse_w=0.000 mid_frac=0.238 hard=score=1.7378600039 wNMSE=0.16691882 wMSE=12715.9351 wMRED=2.53351173 wER=0.513273 wMAE=57.8175 wBias=-1.0670 condBias=61.8673 dotDrift=-0.606sigma uMRED=0.1731435811 uER=0.556152 uMAE=90.1719 WCE=864 bias=2.7500
[pop11] done (conf=0.51, noise=1.0); global best score=0.5629904674 wNMSE=0.042308133 wMSE=3223.0486 wMRED=0.80731767 wER=0.207327 wMAE=17.1897 wBias=-1.9279 condBias=34.0002 dotDrift=-2.173sigma uMRED=0.0509231343 uER=0.252930 uMAE=23.6250 WCE=336 bias=0.0000
[best] stage=guard_baseline score=0.5629904674 wNMSE=0.042308133 wMSE=3223.0486 wMRED=0.80731767 wER=0.207327 wMAE=17.1897 wBias=-1.9279 condBias=34.0002 dotDrift=-2.173sigma uMRED=0.0509231343 uER=0.252930 uMAE=23.6250 WCE=336 bias=0.0000
[best-json] /home/xuanqi/tony/work/FPGA/signed8x8_approx/signed8x8_2026_8_22/runs_qwen_legacy_refactor_20260916/default/rand611/best_signed88_inits.json
[best-rtl] /home/xuanqi/tony/work/FPGA/signed8x8_approx/signed8x8_2026_8_22/runs_qwen_legacy_refactor_20260916/default/rand611/best_rtl
[design] default_split search_bits=168
[safety] max_zero_violations=0 max_workload_zero_violation_probability=0
[metric-guard] relative_to_base=0.02 limits={'max_zero_violations': 0, 'max_workload_zero_violation_probability': 0.0, 'max_wce': 336, 'max_er': 0.25798828125, 'max_mred': 0.05194159699258835, 'max_ned': 0.001470794677734375, 'max_rmse': 70.11340813282436, 'max_nmse': 0.0001615764673455242, 'max_abs_bias': 1.074041178505275, 'max_workload_wce': 336, 'max_workload_er': 0.2114733974431658, 'max_workload_mred': 0.8234640261831421, 'max_workload_ned': 0.0010701567513685636, 'max_workload_rmse': 57.90733801654324, 'max_workload_nmse': 0.043154295571426936, 'max_abs_workload_bias': 1.966495293433808, 'max_conditional_bias_rms': 34.680202271755206}
[start] score=0.5629904674 wNMSE=0.042308133 wMSE=3223.0486 wMRED=0.80731767 wER=0.207327 wMAE=17.1897 wBias=-1.9279 condBias=34.0002 dotDrift=-2.173sigma uMRED=0.0509231343 uER=0.252930 uMAE=23.6250 WCE=336 bias=0.0000
[single] ACCEPT ['mid_lut23:47'] 0.5629904674->0.4254589646 wNMSE=0.040544269 wBias=-1.28400
[single] round=2 no improvement
[pair] ACCEPT ['hi_lut23:47', 'hi_lut23:51'] 0.4254589646->0.2093670247 wNMSE=0.014086166 wBias=-1.16826
[pair] ACCEPT ['lo_lut23:47', 'lo_lut23:51'] 0.2093670247->0.2007686392 wNMSE=0.013661598 wBias=-1.16140
[pair] round=3 no improvement
[final] score=0.2007686392 wNMSE=0.013661598 wMSE=1040.7454 wMRED=0.65008969 wER=0.207327 wMAE=10.9337 wBias=-1.1614 condBias=19.8643 dotDrift=-2.304sigma uMRED=0.0321789185 uER=0.252930 uMAE=14.1250 WCE=200 bias=1.0000
[json] /home/xuanqi/tony/work/FPGA/signed8x8_approx/signed8x8_2026_8_22/runs_qwen_legacy_refactor_20260916/default/rand611/refined/best_signed88_inits.json
