[design] default_split quad4 entries=168
[device] cuda
[safety] max_zero_violations=0 max_workload_zero_violation_probability=0
[initial] score=0.5629904674 wNMSE=0.042308133 wMSE=3223.0486 wMRED=0.80731767 wER=0.207327 wMAE=17.1897 wBias=-1.9279 condBias=34.0002 dotDrift=-2.173sigma uMRED=0.0509231343 uER=0.252930 uMAE=23.6250 WCE=336 bias=0.0000
[aligned-objective] schema=aligned_ai_metrics_v2 guard_tolerance=0.1 constraint_weight=10
[quad_warmup_bit:00000] loss=15.685790 tau=1.50 collapse_w=0.000 mid_frac=0.000 hard=score=0.5629904674 wNMSE=0.042308133 wMSE=3223.0486 wMRED=0.80731767 wER=0.207327 wMAE=17.1897 wBias=-1.9279 condBias=34.0002 dotDrift=-2.173sigma uMRED=0.0509231343 uER=0.252930 uMAE=23.6250 WCE=336 bias=0.0000
[quad_warmup_bit:00200] loss=3.482359 tau=1.50 collapse_w=0.000 mid_frac=0.000 hard=score=0.5629904674 wNMSE=0.042308133 wMSE=3223.0486 wMRED=0.80731767 wER=0.207327 wMAE=17.1897 wBias=-1.9279 condBias=34.0002 dotDrift=-2.173sigma uMRED=0.0509231343 uER=0.252930 uMAE=23.6250 WCE=336 bias=0.0000
[quad_warmup_bit:00400] loss=2.345379 tau=1.50 collapse_w=0.000 mid_frac=0.000 hard=score=16.7751586862 wNMSE=0.11421833 wMSE=8701.1934 wMRED=1.31501388 wER=0.297087 wMAE=36.0089 wBias=-17.1317 condBias=54.4423 dotDrift=-11.754sigma uMRED=0.1063778508 uER=0.371094 uMAE=50.5625 WCE=672 bias=-24.8750
[quad_warmup_bit:00600] loss=2.049738 tau=1.50 collapse_w=0.000 mid_frac=0.000 hard=score=11.1255172428 wNMSE=0.11652262 wMSE=8876.7347 wMRED=1.42779610 wER=0.311940 wMAE=39.2961 wBias=-13.7393 condBias=55.1195 dotDrift=-9.333sigma uMRED=0.1159912353 uER=0.396484 uMAE=55.5625 WCE=672 bias=-20.8750
[quad_warmup_bit:00800] loss=1.956992 tau=1.50 collapse_w=0.000 mid_frac=0.000 hard=score=22.3961835314 wNMSE=0.15443995 wMSE=11765.2904 wMRED=1.47687460 wER=0.317871 wMAE=43.1249 wBias=-19.7945 condBias=63.3955 dotDrift=-11.679sigma uMRED=0.1303848924 uER=0.413330 uMAE=63.0625 WCE=736 bias=-31.3750
[quad_warmup_bit:01000] loss=1.921841 tau=1.50 collapse_w=0.000 mid_frac=0.000 hard=score=25.6525604944 wNMSE=0.15274752 wMSE=11636.3603 wMRED=1.42084217 wER=0.296652 wMAE=41.5919 wBias=-21.2727 condBias=61.9502 dotDrift=-12.621sigma uMRED=0.1245451022 uER=0.389160 uMAE=59.5625 WCE=720 bias=-33.8750
[quad_warmup_bit:01200] loss=1.478190 tau=1.50 collapse_w=0.000 mid_frac=0.000 hard=score=24.1630892298 wNMSE=0.14994303 wMSE=11422.7132 wMRED=1.40619245 wER=0.296652 wMAE=40.9480 wBias=-20.6288 condBias=60.7314 dotDrift=-12.353sigma uMRED=0.1228022961 uER=0.389160 uMAE=58.5625 WCE=688 bias=-32.8750
[quad_warmup_bit:01400] loss=1.464543 tau=1.50 collapse_w=0.000 mid_frac=0.000 hard=score=33.3009439592 wNMSE=0.13172143 wMSE=10034.5852 wMRED=1.05365596 wER=0.260750 wMAE=33.5489 wBias=-24.4225 condBias=57.7998 dotDrift=-15.603sigma uMRED=0.1038509440 uER=0.354004 uMAE=50.5625 WCE=656 bias=-36.8750
[quad_warmup_bit:01600] loss=1.451746 tau=1.50 collapse_w=0.000 mid_frac=0.000 hard=score=33.3009439592 wNMSE=0.13172143 wMSE=10034.5852 wMRED=1.05365596 wER=0.260750 wMAE=33.5489 wBias=-24.4225 condBias=57.7998 dotDrift=-15.603sigma uMRED=0.1038509440 uER=0.354004 uMAE=50.5625 WCE=656 bias=-36.8750
[quad_warmup_bit:01800] loss=1.443831 tau=1.50 collapse_w=0.000 mid_frac=0.000 hard=score=35.8592731515 wNMSE=0.1409868 wMSE=10740.4248 wMRED=1.06033186 wER=0.261150 wMAE=34.4750 wBias=-25.3486 condBias=59.4839 dotDrift=-15.654sigma uMRED=0.1252783943 uER=0.361816 uMAE=66.5625 WCE=816 bias=-52.8750
[quad_warmup_bit:02000] loss=1.438535 tau=1.50 collapse_w=0.000 mid_frac=0.000 hard=score=21.5377953830 wNMSE=0.12000291 wMSE=9141.8645 wMRED=0.89314042 wER=0.236476 wMAE=29.4951 wBias=-19.5348 condBias=51.7176 dotDrift=-13.076sigma uMRED=0.1099944814 uER=0.337402 uMAE=59.4648 WCE=816 bias=-44.8750
[quad_warmup_bit:02200] loss=1.009369 tau=1.50 collapse_w=0.000 mid_frac=0.000 hard=score=21.5377953830 wNMSE=0.12000291 wMSE=9141.8645 wMRED=0.89314042 wER=0.236476 wMAE=29.4951 wBias=-19.5348 condBias=51.7176 dotDrift=-13.076sigma uMRED=0.1099944814 uER=0.337402 uMAE=59.4648 WCE=816 bias=-44.8750
[quad_warmup_bit:02400] loss=0.865516 tau=1.50 collapse_w=0.000 mid_frac=0.000 hard=score=16.0621109198 wNMSE=0.10073819 wMSE=7674.2714 wMRED=0.82054643 wER=0.236476 wMAE=26.7886 wBias=-16.8284 condBias=47.2343 dotDrift=-12.294sigma uMRED=0.1018101394 uER=0.337402 uMAE=55.4648 WCE=688 bias=-40.8750
[quad_warmup_bit:02600] loss=0.864092 tau=1.50 collapse_w=0.000 mid_frac=0.000 hard=score=12.1183908016 wNMSE=0.095127224 wMSE=7246.8258 wMRED=0.64138320 wER=0.218474 wMAE=24.4936 wBias=-14.5333 condBias=45.8900 dotDrift=-10.926sigma uMRED=0.0958444529 uER=0.329590 uMAE=53.4648 WCE=688 bias=-38.8750
[quad_warmup_bit:02800] loss=0.862592 tau=1.50 collapse_w=0.000 mid_frac=0.000 hard=score=12.1183908016 wNMSE=0.095127224 wMSE=7246.8258 wMRED=0.64138320 wER=0.218474 wMAE=24.4936 wBias=-14.5333 condBias=45.8900 dotDrift=-10.926sigma uMRED=0.0958444529 uER=0.329590 uMAE=53.4648 WCE=688 bias=-38.8750
[quad_warmup_bit:03000] loss=0.861385 tau=1.50 collapse_w=0.000 mid_frac=0.000 hard=score=12.1183908016 wNMSE=0.095127224 wMSE=7246.8258 wMRED=0.64138320 wER=0.218474 wMAE=24.4936 wBias=-14.5333 condBias=45.8900 dotDrift=-10.926sigma uMRED=0.0958444529 uER=0.329590 uMAE=53.4648 WCE=688 bias=-38.8750
[quad_warmup_bit:03200] loss=0.859844 tau=1.50 collapse_w=0.000 mid_frac=0.000 hard=score=12.1183908016 wNMSE=0.095127224 wMSE=7246.8258 wMRED=0.64138320 wER=0.218474 wMAE=24.4936 wBias=-14.5333 condBias=45.8900 dotDrift=-10.926sigma uMRED=0.0958444529 uER=0.329590 uMAE=53.4648 WCE=688 bias=-38.8750
[quad_warmup_bit:03400] loss=0.858876 tau=1.50 collapse_w=0.000 mid_frac=0.000 hard=score=12.1183908016 wNMSE=0.095127224 wMSE=7246.8258 wMRED=0.64138320 wER=0.218474 wMAE=24.4936 wBias=-14.5333 condBias=45.8900 dotDrift=-10.926sigma uMRED=0.0958444529 uER=0.329590 uMAE=53.4648 WCE=688 bias=-38.8750
[quad_warmup_bit:03600] loss=0.858199 tau=1.50 collapse_w=0.000 mid_frac=0.000 hard=score=12.1183908016 wNMSE=0.095127224 wMSE=7246.8258 wMRED=0.64138320 wER=0.218474 wMAE=24.4936 wBias=-14.5333 condBias=45.8900 dotDrift=-10.926sigma uMRED=0.0958444529 uER=0.329590 uMAE=53.4648 WCE=688 bias=-38.8750
[quad_warmup_bit:03800] loss=0.857657 tau=1.50 collapse_w=0.000 mid_frac=0.000 hard=score=12.1183908016 wNMSE=0.095127224 wMSE=7246.8258 wMRED=0.64138320 wER=0.218474 wMAE=24.4936 wBias=-14.5333 condBias=45.8900 dotDrift=-10.926sigma uMRED=0.0958444529 uER=0.329590 uMAE=53.4648 WCE=688 bias=-38.8750
[quad_warmup_bit:04000] loss=0.857142 tau=1.50 collapse_w=0.000 mid_frac=0.000 hard=score=12.1183908016 wNMSE=0.095127224 wMSE=7246.8258 wMRED=0.64138320 wER=0.218474 wMAE=24.4936 wBias=-14.5333 condBias=45.8900 dotDrift=-10.926sigma uMRED=0.0958444529 uER=0.329590 uMAE=53.4648 WCE=688 bias=-38.8750
[quad_warmup_bit:04200] loss=0.856655 tau=1.50 collapse_w=0.000 mid_frac=0.000 hard=score=1.0095670847 wNMSE=0.045143635 wMSE=3439.0582 wMRED=0.51723460 wER=0.217335 wMAE=17.3760 wBias=-3.4101 condBias=34.7898 dotDrift=-3.722sigma uMRED=0.0717661359 uER=0.322266 uMAE=41.1250 WCE=688 bias=-21.8750
[quad_warmup_bit:04400] loss=0.856183 tau=1.50 collapse_w=0.000 mid_frac=0.000 hard=score=1.0095670847 wNMSE=0.045143635 wMSE=3439.0582 wMRED=0.51723460 wER=0.217335 wMAE=17.3760 wBias=-3.4101 condBias=34.7898 dotDrift=-3.722sigma uMRED=0.0717661359 uER=0.322266 uMAE=41.1250 WCE=688 bias=-21.8750
[quad_warmup_bit:04600] loss=0.855558 tau=1.50 collapse_w=0.000 mid_frac=0.000 hard=score=1.0095670847 wNMSE=0.045143635 wMSE=3439.0582 wMRED=0.51723460 wER=0.217335 wMAE=17.3760 wBias=-3.4101 condBias=34.7898 dotDrift=-3.722sigma uMRED=0.0717661359 uER=0.322266 uMAE=41.1250 WCE=688 bias=-21.8750
[quad_warmup_bit:04800] loss=0.854797 tau=1.50 collapse_w=0.000 mid_frac=0.000 hard=score=1.0095670847 wNMSE=0.045143635 wMSE=3439.0582 wMRED=0.51723460 wER=0.217335 wMAE=17.3760 wBias=-3.4101 condBias=34.7898 dotDrift=-3.722sigma uMRED=0.0717661359 uER=0.322266 uMAE=41.1250 WCE=688 bias=-21.8750
[quad_warmup_bit:05000] loss=0.854256 tau=1.50 collapse_w=0.000 mid_frac=0.000 hard=score=0.5297795330 wNMSE=0.059730154 wMSE=4550.2644 wMRED=0.58128072 wER=0.217335 wMAE=19.9667 wBias=-0.8194 condBias=39.7971 dotDrift=-0.777sigma uMRED=0.0798120398 uER=0.322266 uMAE=45.1250 WCE=688 bias=-17.8750
[quad_warmup_bit:05200] loss=0.855971 tau=1.50 collapse_w=0.000 mid_frac=0.000 hard=score=1.2598849227 wNMSE=0.060076721 wMSE=4576.6660 wMRED=0.78372703 wER=0.235337 wMAE=21.6669 wBias=3.7707 condBias=39.5744 dotDrift=+3.567sigma uMRED=0.0811009156 uER=0.330078 uMAE=44.0469 WCE=688 bias=-13.8750
[quad_warmup_bit:05400] loss=0.856148 tau=1.50 collapse_w=0.000 mid_frac=0.000 hard=score=1.2598849227 wNMSE=0.060076721 wMSE=4576.6660 wMRED=0.78372703 wER=0.235337 wMAE=21.6669 wBias=3.7707 condBias=39.5744 dotDrift=+3.567sigma uMRED=0.0811009156 uER=0.330078 uMAE=44.0469 WCE=688 bias=-13.8750
[quad_warmup_bit:05600] loss=0.146731 tau=1.50 collapse_w=0.000 mid_frac=0.000 hard=score=1.2598849227 wNMSE=0.060076721 wMSE=4576.6660 wMRED=0.78372703 wER=0.235337 wMAE=21.6669 wBias=3.7707 condBias=39.5744 dotDrift=+3.567sigma uMRED=0.0811009156 uER=0.330078 uMAE=44.0469 WCE=688 bias=-13.8750
[quad_warmup_bit:05800] loss=0.104772 tau=1.50 collapse_w=0.000 mid_frac=0.000 hard=score=1.2598849227 wNMSE=0.060076721 wMSE=4576.6660 wMRED=0.78372703 wER=0.235337 wMAE=21.6669 wBias=3.7707 condBias=39.5744 dotDrift=+3.567sigma uMRED=0.0811009156 uER=0.330078 uMAE=44.0469 WCE=688 bias=-13.8750
[quad_warmup_bit:05999] loss=0.104278 tau=1.50 collapse_w=0.000 mid_frac=0.000 hard=score=1.2598849227 wNMSE=0.060076721 wMSE=4576.6660 wMRED=0.78372703 wER=0.235337 wMAE=21.6669 wBias=3.7707 condBias=39.5744 dotDrift=+3.567sigma uMRED=0.0811009156 uER=0.330078 uMAE=44.0469 WCE=688 bias=-13.8750
[quad_soft:00000] loss=0.249266 tau=1.50 collapse_w=0.000 mid_frac=0.000 hard=score=1.2598849227 wNMSE=0.060076721 wMSE=4576.6660 wMRED=0.78372703 wER=0.235337 wMAE=21.6669 wBias=3.7707 condBias=39.5744 dotDrift=+3.567sigma uMRED=0.0811009156 uER=0.330078 uMAE=44.0469 WCE=688 bias=-13.8750
[quad_soft:00200] loss=0.200213 tau=1.59 collapse_w=0.000 mid_frac=0.000 hard=score=3.9784666843 wNMSE=0.050963553 wMSE=3882.4216 wMRED=0.68025239 wER=0.235337 wMAE=18.8913 wBias=-8.1174 condBias=35.9005 dotDrift=-8.338sigma uMRED=0.0756296251 uER=0.330078 uMAE=41.8750 WCE=680 bias=-26.6250
[quad_soft:00400] loss=0.186340 tau=1.68 collapse_w=0.000 mid_frac=0.000 hard=score=2.3907686391 wNMSE=0.044005355 wMSE=3352.3436 wMRED=0.49652999 wER=0.228213 wMAE=16.2844 wBias=-6.1343 condBias=33.5789 dotDrift=-6.781sigma uMRED=0.0688709322 uER=0.314453 uMAE=39.3750 WCE=680 bias=-25.1250
[quad_soft:00600] loss=0.182924 tau=1.77 collapse_w=0.000 mid_frac=0.000 hard=score=2.3907686391 wNMSE=0.044005355 wMSE=3352.3436 wMRED=0.49652999 wER=0.228213 wMAE=16.2844 wBias=-6.1343 condBias=33.5789 dotDrift=-6.781sigma uMRED=0.0688709322 uER=0.314453 uMAE=39.3750 WCE=680 bias=-25.1250
[quad_soft:00800] loss=0.180679 tau=1.86 collapse_w=0.000 mid_frac=0.000 hard=score=1.2389533510 wNMSE=0.04124834 wMSE=3142.3132 wMRED=0.62677513 wER=0.265622 wMAE=16.6345 wBias=-4.0903 condBias=32.5514 dotDrift=-4.670sigma uMRED=0.0702585950 uER=0.345703 uMAE=39.3750 WCE=648 bias=-23.1250
[quad_soft:01000] loss=0.180270 tau=1.95 collapse_w=0.000 mid_frac=0.000 hard=score=1.2389533510 wNMSE=0.04124834 wMSE=3142.3132 wMRED=0.62677513 wER=0.265622 wMAE=16.6345 wBias=-4.0903 condBias=32.5514 dotDrift=-4.670sigma uMRED=0.0702585950 uER=0.345703 uMAE=39.3750 WCE=648 bias=-23.1250
[quad_soft:01200] loss=0.182190 tau=2.04 collapse_w=0.000 mid_frac=0.000 hard=score=1.2389533510 wNMSE=0.04124834 wMSE=3142.3132 wMRED=0.62677513 wER=0.265622 wMAE=16.6345 wBias=-4.0903 condBias=32.5514 dotDrift=-4.670sigma uMRED=0.0702585950 uER=0.345703 uMAE=39.3750 WCE=648 bias=-23.1250
[quad_soft:01400] loss=0.185267 tau=2.13 collapse_w=0.000 mid_frac=0.000 hard=score=1.2389533510 wNMSE=0.04124834 wMSE=3142.3132 wMRED=0.62677513 wER=0.265622 wMAE=16.6345 wBias=-4.0903 condBias=32.5514 dotDrift=-4.670sigma uMRED=0.0702585950 uER=0.345703 uMAE=39.3750 WCE=648 bias=-23.1250
[quad_soft:01600] loss=0.187251 tau=2.22 collapse_w=0.000 mid_frac=0.000 hard=score=1.2389533510 wNMSE=0.04124834 wMSE=3142.3132 wMRED=0.62677513 wER=0.265622 wMAE=16.6345 wBias=-4.0903 condBias=32.5514 dotDrift=-4.670sigma uMRED=0.0702585950 uER=0.345703 uMAE=39.3750 WCE=648 bias=-23.1250
[quad_soft:01800] loss=0.189130 tau=2.31 collapse_w=0.000 mid_frac=0.000 hard=score=1.2389533510 wNMSE=0.04124834 wMSE=3142.3132 wMRED=0.62677513 wER=0.265622 wMAE=16.6345 wBias=-4.0903 condBias=32.5514 dotDrift=-4.670sigma uMRED=0.0702585950 uER=0.345703 uMAE=39.3750 WCE=648 bias=-23.1250
[quad_soft:02000] loss=0.187442 tau=2.40 collapse_w=0.000 mid_frac=0.000 hard=score=1.2389533510 wNMSE=0.04124834 wMSE=3142.3132 wMRED=0.62677513 wER=0.265622 wMAE=16.6345 wBias=-4.0903 condBias=32.5514 dotDrift=-4.670sigma uMRED=0.0702585950 uER=0.345703 uMAE=39.3750 WCE=648 bias=-23.1250
[quad_soft:02200] loss=0.187154 tau=2.49 collapse_w=0.000 mid_frac=0.000 hard=score=1.3036191819 wNMSE=0.041029885 wMSE=3125.6713 wMRED=0.62399146 wER=0.265622 wMAE=16.4805 wBias=-4.2443 condBias=32.3398 dotDrift=-4.859sigma uMRED=0.0698763019 uER=0.345703 uMAE=39.1250 WCE=648 bias=-23.3750
[quad_soft:02400] loss=0.182268 tau=2.58 collapse_w=0.000 mid_frac=0.000 hard=score=1.3036191819 wNMSE=0.041029885 wMSE=3125.6713 wMRED=0.62399146 wER=0.265622 wMAE=16.4805 wBias=-4.2443 condBias=32.3398 dotDrift=-4.859sigma uMRED=0.0698763019 uER=0.345703 uMAE=39.1250 WCE=648 bias=-23.3750
[quad_soft:02600] loss=0.182423 tau=2.67 collapse_w=0.000 mid_frac=0.000 hard=score=1.3036191819 wNMSE=0.041029885 wMSE=3125.6713 wMRED=0.62399146 wER=0.265622 wMAE=16.4805 wBias=-4.2443 condBias=32.3398 dotDrift=-4.859sigma uMRED=0.0698763019 uER=0.345703 uMAE=39.1250 WCE=648 bias=-23.3750
[quad_soft:02800] loss=0.182675 tau=2.76 collapse_w=0.000 mid_frac=0.000 hard=score=1.3036191819 wNMSE=0.041029885 wMSE=3125.6713 wMRED=0.62399146 wER=0.265622 wMAE=16.4805 wBias=-4.2443 condBias=32.3398 dotDrift=-4.859sigma uMRED=0.0698763019 uER=0.345703 uMAE=39.1250 WCE=648 bias=-23.3750
[quad_soft:03000] loss=0.181749 tau=2.85 collapse_w=0.000 mid_frac=0.000 hard=score=1.3036191819 wNMSE=0.041029885 wMSE=3125.6713 wMRED=0.62399146 wER=0.265622 wMAE=16.4805 wBias=-4.2443 condBias=32.3398 dotDrift=-4.859sigma uMRED=0.0698763019 uER=0.345703 uMAE=39.1250 WCE=648 bias=-23.3750
[quad_soft:03200] loss=0.180419 tau=2.94 collapse_w=0.000 mid_frac=0.000 hard=score=1.3036191819 wNMSE=0.041029885 wMSE=3125.6713 wMRED=0.62399146 wER=0.265622 wMAE=16.4805 wBias=-4.2443 condBias=32.3398 dotDrift=-4.859sigma uMRED=0.0698763019 uER=0.345703 uMAE=39.1250 WCE=648 bias=-23.3750
[quad_soft:03400] loss=0.180658 tau=3.03 collapse_w=0.000 mid_frac=0.000 hard=score=1.3036191819 wNMSE=0.041029885 wMSE=3125.6713 wMRED=0.62399146 wER=0.265622 wMAE=16.4805 wBias=-4.2443 condBias=32.3398 dotDrift=-4.859sigma uMRED=0.0698763019 uER=0.345703 uMAE=39.1250 WCE=648 bias=-23.3750
[quad_soft:03600] loss=0.180142 tau=3.12 collapse_w=0.000 mid_frac=0.000 hard=score=1.3036191819 wNMSE=0.041029885 wMSE=3125.6713 wMRED=0.62399146 wER=0.265622 wMAE=16.4805 wBias=-4.2443 condBias=32.3398 dotDrift=-4.859sigma uMRED=0.0698763019 uER=0.345703 uMAE=39.1250 WCE=648 bias=-23.3750
[quad_soft:03800] loss=0.181839 tau=3.21 collapse_w=0.000 mid_frac=0.000 hard=score=1.3036191819 wNMSE=0.041029885 wMSE=3125.6713 wMRED=0.62399146 wER=0.265622 wMAE=16.4805 wBias=-4.2443 condBias=32.3398 dotDrift=-4.859sigma uMRED=0.0698763019 uER=0.345703 uMAE=39.1250 WCE=648 bias=-23.3750
[quad_soft:04000] loss=0.180077 tau=3.30 collapse_w=0.000 mid_frac=0.000 hard=score=1.3036191819 wNMSE=0.041029885 wMSE=3125.6713 wMRED=0.62399146 wER=0.265622 wMAE=16.4805 wBias=-4.2443 condBias=32.3398 dotDrift=-4.859sigma uMRED=0.0698763019 uER=0.345703 uMAE=39.1250 WCE=648 bias=-23.3750
[quad_soft:04200] loss=0.176103 tau=3.39 collapse_w=0.000 mid_frac=0.000 hard=score=1.3036191819 wNMSE=0.041029885 wMSE=3125.6713 wMRED=0.62399146 wER=0.265622 wMAE=16.4805 wBias=-4.2443 condBias=32.3398 dotDrift=-4.859sigma uMRED=0.0698763019 uER=0.345703 uMAE=39.1250 WCE=648 bias=-23.3750
[quad_soft:04400] loss=0.172215 tau=3.48 collapse_w=0.000 mid_frac=0.006 hard=score=1.0932128082 wNMSE=0.040776728 wMSE=3106.3856 wMRED=0.65020965 wER=0.291067 wMAE=16.5618 wBias=-3.7606 condBias=32.1678 dotDrift=-4.318sigma uMRED=0.0701717963 uER=0.369141 uMAE=39.1250 WCE=640 bias=-22.8750
[quad_soft:04600] loss=0.168234 tau=3.57 collapse_w=0.000 mid_frac=0.006 hard=score=1.0932128082 wNMSE=0.040776728 wMSE=3106.3856 wMRED=0.65020965 wER=0.291067 wMAE=16.5618 wBias=-3.7606 condBias=32.1678 dotDrift=-4.318sigma uMRED=0.0701717963 uER=0.369141 uMAE=39.1250 WCE=640 bias=-22.8750
[quad_soft:04800] loss=0.166022 tau=3.66 collapse_w=0.000 mid_frac=0.006 hard=score=1.0932128082 wNMSE=0.040776728 wMSE=3106.3856 wMRED=0.65020965 wER=0.291067 wMAE=16.5618 wBias=-3.7606 condBias=32.1678 dotDrift=-4.318sigma uMRED=0.0701717963 uER=0.369141 uMAE=39.1250 WCE=640 bias=-22.8750
[quad_soft:05000] loss=0.161048 tau=3.75 collapse_w=0.000 mid_frac=0.006 hard=score=1.0932128082 wNMSE=0.040776728 wMSE=3106.3856 wMRED=0.65020965 wER=0.291067 wMAE=16.5618 wBias=-3.7606 condBias=32.1678 dotDrift=-4.318sigma uMRED=0.0701717963 uER=0.369141 uMAE=39.1250 WCE=640 bias=-22.8750
[quad_soft:05200] loss=0.157687 tau=3.84 collapse_w=0.000 mid_frac=0.006 hard=score=1.0932128082 wNMSE=0.040776728 wMSE=3106.3856 wMRED=0.65020965 wER=0.291067 wMAE=16.5618 wBias=-3.7606 condBias=32.1678 dotDrift=-4.318sigma uMRED=0.0701717963 uER=0.369141 uMAE=39.1250 WCE=640 bias=-22.8750
[quad_soft:05400] loss=0.156202 tau=3.93 collapse_w=0.000 mid_frac=0.006 hard=score=1.0932128082 wNMSE=0.040776728 wMSE=3106.3856 wMRED=0.65020965 wER=0.291067 wMAE=16.5618 wBias=-3.7606 condBias=32.1678 dotDrift=-4.318sigma uMRED=0.0701717963 uER=0.369141 uMAE=39.1250 WCE=640 bias=-22.8750
[quad_soft:05600] loss=0.151526 tau=4.02 collapse_w=0.000 mid_frac=0.006 hard=score=1.0932128082 wNMSE=0.040776728 wMSE=3106.3856 wMRED=0.65020965 wER=0.291067 wMAE=16.5618 wBias=-3.7606 condBias=32.1678 dotDrift=-4.318sigma uMRED=0.0701717963 uER=0.369141 uMAE=39.1250 WCE=640 bias=-22.8750
[quad_soft:05800] loss=0.148128 tau=4.11 collapse_w=0.000 mid_frac=0.006 hard=score=1.0932128082 wNMSE=0.040776728 wMSE=3106.3856 wMRED=0.65020965 wER=0.291067 wMAE=16.5618 wBias=-3.7606 condBias=32.1678 dotDrift=-4.318sigma uMRED=0.0701717963 uER=0.369141 uMAE=39.1250 WCE=640 bias=-22.8750
[quad_soft:06000] loss=0.144583 tau=4.20 collapse_w=0.000 mid_frac=0.006 hard=score=1.0932128082 wNMSE=0.040776728 wMSE=3106.3856 wMRED=0.65020965 wER=0.291067 wMAE=16.5618 wBias=-3.7606 condBias=32.1678 dotDrift=-4.318sigma uMRED=0.0701717963 uER=0.369141 uMAE=39.1250 WCE=640 bias=-22.8750
[quad_soft:06200] loss=0.141421 tau=4.29 collapse_w=0.025 mid_frac=0.006 hard=score=1.0932128082 wNMSE=0.040776728 wMSE=3106.3856 wMRED=0.65020965 wER=0.291067 wMAE=16.5618 wBias=-3.7606 condBias=32.1678 dotDrift=-4.318sigma uMRED=0.0701717963 uER=0.369141 uMAE=39.1250 WCE=640 bias=-22.8750
[quad_soft:06400] loss=0.138668 tau=4.38 collapse_w=0.050 mid_frac=0.006 hard=score=1.0932128082 wNMSE=0.040776728 wMSE=3106.3856 wMRED=0.65020965 wER=0.291067 wMAE=16.5618 wBias=-3.7606 condBias=32.1678 dotDrift=-4.318sigma uMRED=0.0701717963 uER=0.369141 uMAE=39.1250 WCE=640 bias=-22.8750
[quad_soft:06600] loss=0.136316 tau=4.47 collapse_w=0.075 mid_frac=0.012 hard=score=1.1503247756 wNMSE=0.040856136 wMSE=3112.4350 wMRED=0.65796762 wER=0.304376 wMAE=16.6974 wBias=-3.8962 condBias=32.2486 dotDrift=-4.470sigma uMRED=0.0704552499 uER=0.380127 uMAE=39.2500 WCE=640 bias=-23.0000
[quad_soft:06800] loss=0.134422 tau=4.56 collapse_w=0.100 mid_frac=0.012 hard=score=1.1503247756 wNMSE=0.040856136 wMSE=3112.4350 wMRED=0.65796762 wER=0.304376 wMAE=16.6974 wBias=-3.8962 condBias=32.2486 dotDrift=-4.470sigma uMRED=0.0704552499 uER=0.380127 uMAE=39.2500 WCE=640 bias=-23.0000
[quad_soft:07000] loss=0.129879 tau=4.65 collapse_w=0.125 mid_frac=0.012 hard=score=1.1503247756 wNMSE=0.040856136 wMSE=3112.4350 wMRED=0.65796762 wER=0.304376 wMAE=16.6974 wBias=-3.8962 condBias=32.2486 dotDrift=-4.470sigma uMRED=0.0704552499 uER=0.380127 uMAE=39.2500 WCE=640 bias=-23.0000
[quad_soft:07200] loss=0.126884 tau=4.74 collapse_w=0.150 mid_frac=0.012 hard=score=1.1503247756 wNMSE=0.040856136 wMSE=3112.4350 wMRED=0.65796762 wER=0.304376 wMAE=16.6974 wBias=-3.8962 condBias=32.2486 dotDrift=-4.470sigma uMRED=0.0704552499 uER=0.380127 uMAE=39.2500 WCE=640 bias=-23.0000
[quad_soft:07400] loss=0.123830 tau=4.83 collapse_w=0.175 mid_frac=0.012 hard=score=1.1503247756 wNMSE=0.040856136 wMSE=3112.4350 wMRED=0.65796762 wER=0.304376 wMAE=16.6974 wBias=-3.8962 condBias=32.2486 dotDrift=-4.470sigma uMRED=0.0704552499 uER=0.380127 uMAE=39.2500 WCE=640 bias=-23.0000
[quad_soft:07600] loss=0.120722 tau=4.92 collapse_w=0.200 mid_frac=0.012 hard=score=1.1503247756 wNMSE=0.040856136 wMSE=3112.4350 wMRED=0.65796762 wER=0.304376 wMAE=16.6974 wBias=-3.8962 condBias=32.2486 dotDrift=-4.470sigma uMRED=0.0704552499 uER=0.380127 uMAE=39.2500 WCE=640 bias=-23.0000
[quad_soft:07800] loss=0.117327 tau=5.01 collapse_w=0.225 mid_frac=0.012 hard=score=1.1503247756 wNMSE=0.040856136 wMSE=3112.4350 wMRED=0.65796762 wER=0.304376 wMAE=16.6974 wBias=-3.8962 condBias=32.2486 dotDrift=-4.470sigma uMRED=0.0704552499 uER=0.380127 uMAE=39.2500 WCE=640 bias=-23.0000
[quad_soft:08000] loss=0.114070 tau=5.10 collapse_w=0.250 mid_frac=0.012 hard=score=1.1503247756 wNMSE=0.040856136 wMSE=3112.4350 wMRED=0.65796762 wER=0.304376 wMAE=16.6974 wBias=-3.8962 condBias=32.2486 dotDrift=-4.470sigma uMRED=0.0704552499 uER=0.380127 uMAE=39.2500 WCE=640 bias=-23.0000
[quad_soft:08200] loss=0.110191 tau=5.19 collapse_w=0.275 mid_frac=0.012 hard=score=1.1503247756 wNMSE=0.040856136 wMSE=3112.4350 wMRED=0.65796762 wER=0.304376 wMAE=16.6974 wBias=-3.8962 condBias=32.2486 dotDrift=-4.470sigma uMRED=0.0704552499 uER=0.380127 uMAE=39.2500 WCE=640 bias=-23.0000
[quad_soft:08400] loss=0.107277 tau=5.28 collapse_w=0.300 mid_frac=0.012 hard=score=1.1503247756 wNMSE=0.040856136 wMSE=3112.4350 wMRED=0.65796762 wER=0.304376 wMAE=16.6974 wBias=-3.8962 condBias=32.2486 dotDrift=-4.470sigma uMRED=0.0704552499 uER=0.380127 uMAE=39.2500 WCE=640 bias=-23.0000
[quad_soft:08600] loss=0.103667 tau=5.37 collapse_w=0.325 mid_frac=0.012 hard=score=1.1503247756 wNMSE=0.040856136 wMSE=3112.4350 wMRED=0.65796762 wER=0.304376 wMAE=16.6974 wBias=-3.8962 condBias=32.2486 dotDrift=-4.470sigma uMRED=0.0704552499 uER=0.380127 uMAE=39.2500 WCE=640 bias=-23.0000
[quad_soft:08800] loss=0.099957 tau=5.46 collapse_w=0.350 mid_frac=0.012 hard=score=1.1503247756 wNMSE=0.040856136 wMSE=3112.4350 wMRED=0.65796762 wER=0.304376 wMAE=16.6974 wBias=-3.8962 condBias=32.2486 dotDrift=-4.470sigma uMRED=0.0704552499 uER=0.380127 uMAE=39.2500 WCE=640 bias=-23.0000
[quad_soft:09000] loss=0.096140 tau=5.55 collapse_w=0.375 mid_frac=0.012 hard=score=1.1503247756 wNMSE=0.040856136 wMSE=3112.4350 wMRED=0.65796762 wER=0.304376 wMAE=16.6974 wBias=-3.8962 condBias=32.2486 dotDrift=-4.470sigma uMRED=0.0704552499 uER=0.380127 uMAE=39.2500 WCE=640 bias=-23.0000
[quad_soft:09200] loss=0.091932 tau=5.64 collapse_w=0.400 mid_frac=0.012 hard=score=1.1503247756 wNMSE=0.040856136 wMSE=3112.4350 wMRED=0.65796762 wER=0.304376 wMAE=16.6974 wBias=-3.8962 condBias=32.2486 dotDrift=-4.470sigma uMRED=0.0704552499 uER=0.380127 uMAE=39.2500 WCE=640 bias=-23.0000
[quad_soft:09400] loss=0.087674 tau=5.73 collapse_w=0.425 mid_frac=0.012 hard=score=1.1503247756 wNMSE=0.040856136 wMSE=3112.4350 wMRED=0.65796762 wER=0.304376 wMAE=16.6974 wBias=-3.8962 condBias=32.2486 dotDrift=-4.470sigma uMRED=0.0704552499 uER=0.380127 uMAE=39.2500 WCE=640 bias=-23.0000
[quad_soft:09600] loss=0.083297 tau=5.82 collapse_w=0.450 mid_frac=0.012 hard=score=1.1503247756 wNMSE=0.040856136 wMSE=3112.4350 wMRED=0.65796762 wER=0.304376 wMAE=16.6974 wBias=-3.8962 condBias=32.2486 dotDrift=-4.470sigma uMRED=0.0704552499 uER=0.380127 uMAE=39.2500 WCE=640 bias=-23.0000
[quad_soft:09800] loss=0.078741 tau=5.91 collapse_w=0.475 mid_frac=0.018 hard=score=1.1503247756 wNMSE=0.040856136 wMSE=3112.4350 wMRED=0.65796762 wER=0.304376 wMAE=16.6974 wBias=-3.8962 condBias=32.2486 dotDrift=-4.470sigma uMRED=0.0704552499 uER=0.380127 uMAE=39.2500 WCE=640 bias=-23.0000
[quad_soft:09999] loss=0.073323 tau=6.00 collapse_w=0.500 mid_frac=0.018 hard=score=1.1503247756 wNMSE=0.040856136 wMSE=3112.4350 wMRED=0.65796762 wER=0.304376 wMAE=16.6974 wBias=-3.8962 condBias=32.2486 dotDrift=-4.470sigma uMRED=0.0704552499 uER=0.380127 uMAE=39.2500 WCE=640 bias=-23.0000
[quad_hard_ste:00000] loss=14.441912 tau=6.00 collapse_w=0.000 mid_frac=0.018 hard=score=1.1503247756 wNMSE=0.040856136 wMSE=3112.4350 wMRED=0.65796762 wER=0.304376 wMAE=16.6974 wBias=-3.8962 condBias=32.2486 dotDrift=-4.470sigma uMRED=0.0704552499 uER=0.380127 uMAE=39.2500 WCE=640 bias=-23.0000
[quad_hard_ste:00200] loss=14.441912 tau=6.00 collapse_w=0.000 mid_frac=0.012 hard=score=1.1503247756 wNMSE=0.040856136 wMSE=3112.4350 wMRED=0.65796762 wER=0.304376 wMAE=16.6974 wBias=-3.8962 condBias=32.2486 dotDrift=-4.470sigma uMRED=0.0704552499 uER=0.380127 uMAE=39.2500 WCE=640 bias=-23.0000
[quad_hard_ste:00400] loss=12.450294 tau=6.00 collapse_w=0.000 mid_frac=0.006 hard=score=0.5259682618 wNMSE=0.039927293 wMSE=3041.6754 wMRED=0.65802195 wER=0.290928 wMAE=16.6993 wBias=-1.9400 condBias=31.9627 dotDrift=-2.251sigma uMRED=0.0704552499 uER=0.374268 uMAE=39.2500 WCE=640 bias=-21.0000
[quad_hard_ste:00600] loss=12.329558 tau=6.00 collapse_w=0.000 mid_frac=0.000 hard=score=0.4975842012 wNMSE=0.039864578 wMSE=3036.8978 wMRED=0.65026398 wER=0.273065 wMAE=16.5637 wBias=-1.8044 condBias=31.9008 dotDrift=-2.096sigma uMRED=0.0701717963 uER=0.361328 uMAE=39.1250 WCE=640 bias=-20.8750
[quad_hard_ste:00800] loss=12.329558 tau=6.00 collapse_w=0.000 mid_frac=0.000 hard=score=0.4975842012 wNMSE=0.039864578 wMSE=3036.8978 wMRED=0.65026398 wER=0.273065 wMAE=16.5637 wBias=-1.8044 condBias=31.9008 dotDrift=-2.096sigma uMRED=0.0701717963 uER=0.361328 uMAE=39.1250 WCE=640 bias=-20.8750
[quad_hard_ste:01000] loss=12.329558 tau=6.00 collapse_w=0.000 mid_frac=0.000 hard=score=0.4975842012 wNMSE=0.039864578 wMSE=3036.8978 wMRED=0.65026398 wER=0.273065 wMAE=16.5637 wBias=-1.8044 condBias=31.9008 dotDrift=-2.096sigma uMRED=0.0701717963 uER=0.361328 uMAE=39.1250 WCE=640 bias=-20.8750
[quad_hard_ste:01200] loss=12.329558 tau=6.00 collapse_w=0.000 mid_frac=0.000 hard=score=0.4975842012 wNMSE=0.039864578 wMSE=3036.8978 wMRED=0.65026398 wER=0.273065 wMAE=16.5637 wBias=-1.8044 condBias=31.9008 dotDrift=-2.096sigma uMRED=0.0701717963 uER=0.361328 uMAE=39.1250 WCE=640 bias=-20.8750
[quad_hard_ste:01400] loss=12.329558 tau=6.00 collapse_w=0.000 mid_frac=0.000 hard=score=0.4975842012 wNMSE=0.039864578 wMSE=3036.8978 wMRED=0.65026398 wER=0.273065 wMAE=16.5637 wBias=-1.8044 condBias=31.9008 dotDrift=-2.096sigma uMRED=0.0701717963 uER=0.361328 uMAE=39.1250 WCE=640 bias=-20.8750
[quad_hard_ste:01600] loss=12.329558 tau=6.00 collapse_w=0.000 mid_frac=0.000 hard=score=0.4975842012 wNMSE=0.039864578 wMSE=3036.8978 wMRED=0.65026398 wER=0.273065 wMAE=16.5637 wBias=-1.8044 condBias=31.9008 dotDrift=-2.096sigma uMRED=0.0701717963 uER=0.361328 uMAE=39.1250 WCE=640 bias=-20.8750
[quad_hard_ste:01800] loss=12.329558 tau=6.00 collapse_w=0.000 mid_frac=0.000 hard=score=0.4975842012 wNMSE=0.039864578 wMSE=3036.8978 wMRED=0.65026398 wER=0.273065 wMAE=16.5637 wBias=-1.8044 condBias=31.9008 dotDrift=-2.096sigma uMRED=0.0701717963 uER=0.361328 uMAE=39.1250 WCE=640 bias=-20.8750
[quad_hard_ste:02000] loss=12.329558 tau=6.00 collapse_w=0.000 mid_frac=0.000 hard=score=0.4975842012 wNMSE=0.039864578 wMSE=3036.8978 wMRED=0.65026398 wER=0.273065 wMAE=16.5637 wBias=-1.8044 condBias=31.9008 dotDrift=-2.096sigma uMRED=0.0701717963 uER=0.361328 uMAE=39.1250 WCE=640 bias=-20.8750
[quad_hard_ste:02200] loss=12.329558 tau=6.00 collapse_w=0.000 mid_frac=0.000 hard=score=0.4975842012 wNMSE=0.039864578 wMSE=3036.8978 wMRED=0.65026398 wER=0.273065 wMAE=16.5637 wBias=-1.8044 condBias=31.9008 dotDrift=-2.096sigma uMRED=0.0701717963 uER=0.361328 uMAE=39.1250 WCE=640 bias=-20.8750
[quad_hard_ste:02400] loss=12.329558 tau=6.00 collapse_w=0.000 mid_frac=0.000 hard=score=0.4975842012 wNMSE=0.039864578 wMSE=3036.8978 wMRED=0.65026398 wER=0.273065 wMAE=16.5637 wBias=-1.8044 condBias=31.9008 dotDrift=-2.096sigma uMRED=0.0701717963 uER=0.361328 uMAE=39.1250 WCE=640 bias=-20.8750
[quad_hard_ste:02600] loss=12.329558 tau=6.00 collapse_w=0.000 mid_frac=0.000 hard=score=0.4975842012 wNMSE=0.039864578 wMSE=3036.8978 wMRED=0.65026398 wER=0.273065 wMAE=16.5637 wBias=-1.8044 condBias=31.9008 dotDrift=-2.096sigma uMRED=0.0701717963 uER=0.361328 uMAE=39.1250 WCE=640 bias=-20.8750
[quad_hard_ste:02800] loss=12.329558 tau=6.00 collapse_w=0.000 mid_frac=0.000 hard=score=0.4975842012 wNMSE=0.039864578 wMSE=3036.8978 wMRED=0.65026398 wER=0.273065 wMAE=16.5637 wBias=-1.8044 condBias=31.9008 dotDrift=-2.096sigma uMRED=0.0701717963 uER=0.361328 uMAE=39.1250 WCE=640 bias=-20.8750
[quad_hard_ste:03000] loss=12.329558 tau=6.00 collapse_w=0.000 mid_frac=0.000 hard=score=0.4975842012 wNMSE=0.039864578 wMSE=3036.8978 wMRED=0.65026398 wER=0.273065 wMAE=16.5637 wBias=-1.8044 condBias=31.9008 dotDrift=-2.096sigma uMRED=0.0701717963 uER=0.361328 uMAE=39.1250 WCE=640 bias=-20.8750
[quad_hard_ste:03200] loss=12.329558 tau=6.00 collapse_w=0.000 mid_frac=0.000 hard=score=0.4975842012 wNMSE=0.039864578 wMSE=3036.8978 wMRED=0.65026398 wER=0.273065 wMAE=16.5637 wBias=-1.8044 condBias=31.9008 dotDrift=-2.096sigma uMRED=0.0701717963 uER=0.361328 uMAE=39.1250 WCE=640 bias=-20.8750
[quad_hard_ste:03400] loss=12.329558 tau=6.00 collapse_w=0.000 mid_frac=0.000 hard=score=0.4975842012 wNMSE=0.039864578 wMSE=3036.8978 wMRED=0.65026398 wER=0.273065 wMAE=16.5637 wBias=-1.8044 condBias=31.9008 dotDrift=-2.096sigma uMRED=0.0701717963 uER=0.361328 uMAE=39.1250 WCE=640 bias=-20.8750
[quad_hard_ste:03600] loss=12.329558 tau=6.00 collapse_w=0.000 mid_frac=0.000 hard=score=0.4975842012 wNMSE=0.039864578 wMSE=3036.8978 wMRED=0.65026398 wER=0.273065 wMAE=16.5637 wBias=-1.8044 condBias=31.9008 dotDrift=-2.096sigma uMRED=0.0701717963 uER=0.361328 uMAE=39.1250 WCE=640 bias=-20.8750
[quad_hard_ste:03800] loss=12.329558 tau=6.00 collapse_w=0.000 mid_frac=0.000 hard=score=0.4975842012 wNMSE=0.039864578 wMSE=3036.8978 wMRED=0.65026398 wER=0.273065 wMAE=16.5637 wBias=-1.8044 condBias=31.9008 dotDrift=-2.096sigma uMRED=0.0701717963 uER=0.361328 uMAE=39.1250 WCE=640 bias=-20.8750
[quad_hard_ste:03999] loss=12.329558 tau=6.00 collapse_w=0.000 mid_frac=0.000 hard=score=0.4975842012 wNMSE=0.039864578 wMSE=3036.8978 wMRED=0.65026398 wER=0.273065 wMAE=16.5637 wBias=-1.8044 condBias=31.9008 dotDrift=-2.096sigma uMRED=0.0701717963 uER=0.361328 uMAE=39.1250 WCE=640 bias=-20.8750
[pop00_soft:00000] loss=37.033577 tau=1.50 collapse_w=0.000 mid_frac=0.399 hard=score=582.6990675745 wNMSE=14.211506 wMSE=1082637.5917 wMRED=45.91855535 wER=0.580946 wMAE=602.4973 wBias=92.3782 condBias=625.0674 dotDrift=+5.682sigma uMRED=1.2490028428 uER=0.570801 uMAE=381.2930 WCE=3324 bias=-0.3125
[pop00_soft:00200] loss=107.751518 tau=2.25 collapse_w=0.000 mid_frac=0.351 hard=score=1920.9191454253 wNMSE=7.7390693 wMSE=589565.0586 wMRED=27.84459380 wER=0.560221 wMAE=339.2607 wBias=-184.9722 condBias=421.9814 dotDrift=-15.418sigma uMRED=0.7925512482 uER=0.566406 uMAE=251.7842 WCE=2766 bias=-92.0000
[pop00_soft:00400] loss=95.754333 tau=3.00 collapse_w=0.000 mid_frac=0.298 hard=score=24.0204168227 wNMSE=0.43965096 wMSE=33492.7668 wMRED=3.15651041 wER=0.516526 wMAE=68.6409 wBias=-20.2661 condBias=61.1251 dotDrift=-7.087sigma uMRED=0.2848205877 uER=0.556885 uMAE=160.4180 WCE=2652 bias=-32.3750
[pop00_soft:00600] loss=90.313576 tau=3.75 collapse_w=0.000 mid_frac=0.262 hard=score=5.2821200778 wNMSE=0.25851114 wMSE=19693.4704 wMRED=2.73185928 wER=0.499800 wMAE=64.8603 wBias=-8.0564 condBias=63.5342 dotDrift=-3.674sigma uMRED=0.2459609807 uER=0.551758 uMAE=151.0449 WCE=1152 bias=-21.5000
[pop00_soft:00800] loss=89.570648 tau=4.50 collapse_w=0.084 mid_frac=0.226 hard=score=3.7306236361 wNMSE=0.25342649 wMSE=19306.1200 wMRED=2.69070564 wER=0.499800 wMAE=64.1428 wBias=-6.1257 condBias=63.6936 dotDrift=-2.822sigma uMRED=0.2459833934 uER=0.551758 uMAE=150.0298 WCE=1126 bias=-18.6875
[pop00_soft:01000] loss=89.366371 tau=5.25 collapse_w=0.293 mid_frac=0.214 hard=score=4.9753334158 wNMSE=0.22833715 wMSE=17394.8057 wMRED=2.66684811 wER=0.499800 wMAE=61.8805 wBias=-8.0963 condBias=57.1975 dotDrift=-3.929sigma uMRED=0.2219758164 uER=0.551758 uMAE=133.8345 WCE=1126 bias=-34.4375
[pop00_soft:01199] loss=89.199257 tau=6.00 collapse_w=0.500 mid_frac=0.214 hard=score=3.2571320191 wNMSE=0.20605477 wMSE=15697.3260 wMRED=2.65400241 wER=0.499925 wMAE=60.2443 wBias=-6.0300 condBias=52.1589 dotDrift=-3.080sigma uMRED=0.1841065959 uER=0.554688 uMAE=107.0493 WCE=842 bias=-0.4375
[pop00_hard:00000] loss=54.971188 tau=6.00 collapse_w=0.000 mid_frac=0.214 hard=score=3.2571320191 wNMSE=0.20605477 wMSE=15697.3260 wMRED=2.65400241 wER=0.499925 wMAE=60.2443 wBias=-6.0300 condBias=52.1589 dotDrift=-3.080sigma uMRED=0.1841065959 uER=0.554688 uMAE=107.0493 WCE=842 bias=-0.4375
[pop00_hard:00200] loss=72.913689 tau=6.00 collapse_w=0.000 mid_frac=0.196 hard=score=1.8239983594 wNMSE=0.26940707 wMSE=20523.5266 wMRED=2.53451694 wER=0.491810 wMAE=61.2069 wBias=0.0056 condBias=63.7179 dotDrift=+0.003sigma uMRED=0.2514822430 uER=0.551758 uMAE=157.9829 WCE=1608 bias=36.5625
[pop00_hard:00400] loss=95.643066 tau=6.00 collapse_w=0.000 mid_frac=0.196 hard=score=1.4763080066 wNMSE=0.21253017 wMSE=16190.6241 wMRED=2.48915227 wER=0.490982 wMAE=57.1729 wBias=-0.4401 condBias=55.7516 dotDrift=-0.221sigma uMRED=0.2004165742 uER=0.547363 uMAE=118.4648 WCE=1126 bias=-10.4375
[pop00_hard:00599] loss=88.134529 tau=6.00 collapse_w=0.000 mid_frac=0.185 hard=score=17.3713577380 wNMSE=0.16993843 wMSE=12945.9701 wMRED=2.46145728 wER=0.484869 wMAE=53.8349 wBias=-17.3422 condBias=54.2662 dotDrift=-9.755sigma uMRED=0.1884834607 uER=0.544434 uMAE=110.0625 WCE=1126 bias=-41.9375
[pop00] done (conf=0.53, noise=0.5); global best score=0.5629904674 wNMSE=0.042308133 wMSE=3223.0486 wMRED=0.80731767 wER=0.207327 wMAE=17.1897 wBias=-1.9279 condBias=34.0002 dotDrift=-2.173sigma uMRED=0.0509231343 uER=0.252930 uMAE=23.6250 WCE=336 bias=0.0000
[pop01_soft:00000] loss=35.149578 tau=1.50 collapse_w=0.000 mid_frac=0.375 hard=score=3422.6765607574 wNMSE=5.7813713 wMSE=440426.9272 wMRED=21.79408921 wER=0.576321 wMAE=301.0090 wBias=250.3417 condBias=443.9944 dotDrift=+24.142sigma uMRED=0.7393440137 uER=0.570801 uMAE=298.7441 WCE=3887 bias=208.8125
[pop01_soft:00200] loss=84.977135 tau=2.25 collapse_w=0.000 mid_frac=0.381 hard=score=226.1860657415 wNMSE=0.73746276 wMSE=56180.1757 wMRED=6.58473268 wER=0.579843 wMAE=120.1866 wBias=63.8520 condBias=128.2607 dotDrift=+17.241sigma uMRED=0.2889413194 uER=0.571533 uMAE=153.4683 WCE=1060 bias=12.0625
[pop01_soft:00400] loss=79.511314 tau=3.00 collapse_w=0.000 mid_frac=0.333 hard=score=20.9036786514 wNMSE=0.18316349 wMSE=13953.4596 wMRED=2.46259724 wER=0.524640 wMAE=62.1817 wBias=-19.2451 condBias=53.4623 dotDrift=-10.427sigma uMRED=0.1871891065 uER=0.564209 uMAE=115.9980 WCE=928 bias=4.1875
[pop01_soft:00600] loss=88.032753 tau=3.75 collapse_w=0.000 mid_frac=0.304 hard=score=10.7421867886 wNMSE=0.15949024 wMSE=12150.0231 wMRED=1.76884256 wER=0.492469 wMAE=47.2294 wBias=-13.4042 condBias=57.9760 dotDrift=-7.783sigma uMRED=0.1904126409 uER=0.564697 uMAE=120.2188 WCE=916 bias=-20.9375
[pop01_soft:00800] loss=87.744179 tau=4.50 collapse_w=0.084 mid_frac=0.298 hard=score=10.4375108000 wNMSE=0.15924042 wMSE=12130.9922 wMRED=1.76501347 wER=0.492469 wMAE=47.0544 wBias=-13.1878 condBias=58.1410 dotDrift=-7.663sigma uMRED=0.1916536286 uER=0.564697 uMAE=121.4385 WCE=962 bias=-22.4375
[pop01_soft:01000] loss=87.648445 tau=5.25 collapse_w=0.293 mid_frac=0.292 hard=score=8.7175165333 wNMSE=0.16005643 wMSE=12193.1559 wMRED=1.62414184 wER=0.468556 wMAE=44.8643 wBias=-11.9182 condBias=57.9016 dotDrift=-6.908sigma uMRED=0.1864891072 uER=0.555908 uMAE=119.5225 WCE=994 bias=-20.4375
[pop01_soft:01199] loss=87.562241 tau=6.00 collapse_w=0.500 mid_frac=0.286 hard=score=14.4683027098 wNMSE=0.16107186 wMSE=12270.5120 wMRED=1.51066709 wER=0.462467 wMAE=43.3502 wBias=-15.7740 condBias=58.2676 dotDrift=-9.114sigma uMRED=0.1822388573 uER=0.553711 uMAE=117.9229 WCE=994 bias=-24.4375
[pop01_hard:00000] loss=43.663368 tau=6.00 collapse_w=0.000 mid_frac=0.286 hard=score=14.4683027098 wNMSE=0.16107186 wMSE=12270.5120 wMRED=1.51066709 wER=0.462467 wMAE=43.3502 wBias=-15.7740 condBias=58.2676 dotDrift=-9.114sigma uMRED=0.1822388573 uER=0.553711 uMAE=117.9229 WCE=994 bias=-24.4375
[pop01_hard:00200] loss=22.359415 tau=6.00 collapse_w=0.000 mid_frac=0.244 hard=score=4.3824060431 wNMSE=0.15381532 wMSE=11717.7057 wMRED=1.41723051 wER=0.449985 wMAE=40.7274 wBias=-7.9084 condBias=55.4368 dotDrift=-4.676sigma uMRED=0.1773990509 uER=0.548584 uMAE=113.4341 WCE=952 bias=-9.1875
[pop01_hard:00400] loss=19.536268 tau=6.00 collapse_w=0.000 mid_frac=0.226 hard=score=3.1312467758 wNMSE=0.15382055 wMSE=11718.1046 wMRED=1.39930601 wER=0.449327 wMAE=41.0191 wBias=-6.3220 condBias=54.0985 dotDrift=-3.738sigma uMRED=0.1724990736 uER=0.547852 uMAE=117.7871 WCE=952 bias=11.0625
[pop01_hard:00599] loss=12.476287 tau=6.00 collapse_w=0.000 mid_frac=0.214 hard=score=0.8726344901 wNMSE=0.10867423 wMSE=8278.8413 wMRED=1.24747381 wER=0.506891 wMAE=37.2508 wBias=1.7701 condBias=45.5871 dotDrift=+1.245sigma uMRED=0.1644729142 uER=0.559082 uMAE=108.8511 WCE=952 bias=4.0625
[pop01] done (conf=0.51, noise=1.0); global best score=0.5629904674 wNMSE=0.042308133 wMSE=3223.0486 wMRED=0.80731767 wER=0.207327 wMAE=17.1897 wBias=-1.9279 condBias=34.0002 dotDrift=-2.173sigma uMRED=0.0509231343 uER=0.252930 uMAE=23.6250 WCE=336 bias=0.0000
[pop02_soft:00000] loss=29.265711 tau=1.50 collapse_w=0.000 mid_frac=0.310 hard=score=725.0412137773 wNMSE=17.921634 wMSE=1365276.4497 wMRED=52.19902720 wER=0.574374 wMAE=659.5312 wBias=103.1171 condBias=708.2497 dotDrift=+5.648sigma uMRED=1.2626553393 uER=0.571533 uMAE=340.1333 WCE=3193 bias=45.6875
[pop02_soft:00200] loss=113.479248 tau=2.25 collapse_w=0.000 mid_frac=0.298 hard=score=1185.1574675627 wNMSE=5.319999 wMSE=405279.4158 wMRED=19.38463350 wER=0.566391 wMAE=261.5635 wBias=-145.5247 condBias=352.6037 dotDrift=-14.630sigma uMRED=0.6925745810 uER=0.562744 uMAE=253.3765 WCE=3301 bias=-2.0000
[pop02_soft:00400] loss=143.966507 tau=3.00 collapse_w=0.000 mid_frac=0.244 hard=score=17.2844238335 wNMSE=1.8663149 wMSE=142176.5311 wMRED=14.47326801 wER=0.524992 wMAE=112.5525 wBias=10.0059 condBias=179.9637 dotDrift=+1.698sigma uMRED=0.4415005309 uER=0.564209 uMAE=149.4526 WCE=3846 bias=8.4375
[pop02_soft:00600] loss=98.177223 tau=3.75 collapse_w=0.000 mid_frac=0.202 hard=score=13.8021314517 wNMSE=0.28016964 wMSE=21343.4233 wMRED=2.94676296 wER=0.521505 wMAE=68.3380 wBias=14.7021 condBias=74.7401 dotDrift=+6.441sigma uMRED=0.2193470615 uER=0.557617 uMAE=116.5537 WCE=1152 bias=15.3125
[pop02_soft:00800] loss=68.826508 tau=4.50 collapse_w=0.084 mid_frac=0.185 hard=score=2.7432360278 wNMSE=0.17972665 wMSE=13691.6402 wMRED=2.15574256 wER=0.492055 wMAE=52.1908 wBias=-4.5655 condBias=58.7882 dotDrift=-2.497sigma uMRED=0.1780179562 uER=0.540039 uMAE=98.7280 WCE=1252 bias=-11.1875
[pop02_soft:01000] loss=68.202827 tau=5.25 collapse_w=0.293 mid_frac=0.185 hard=score=1.5517486927 wNMSE=0.15614952 wMSE=11895.5263 wMRED=2.13112212 wER=0.491226 wMAE=49.8426 wBias=-1.9415 condBias=52.5683 dotDrift=-1.139sigma uMRED=0.1540008714 uER=0.535645 uMAE=82.8804 WCE=1252 bias=5.0625
[pop02_soft:01199] loss=68.074738 tau=6.00 collapse_w=0.500 mid_frac=0.185 hard=score=1.5438699503 wNMSE=0.15434719 wMSE=11758.2243 wMRED=2.13329969 wER=0.506231 wMAE=49.7931 wBias=-2.0913 condBias=51.3911 dotDrift=-1.234sigma uMRED=0.1511407007 uER=0.544434 uMAE=82.2891 WCE=1152 bias=1.0625
[pop02_hard:00000] loss=50.247845 tau=6.00 collapse_w=0.000 mid_frac=0.185 hard=score=1.5438699503 wNMSE=0.15434719 wMSE=11758.2243 wMRED=2.13329969 wER=0.506231 wMAE=49.7931 wBias=-2.0913 condBias=51.3911 dotDrift=-1.234sigma uMRED=0.1511407007 uER=0.544434 uMAE=82.2891 WCE=1152 bias=1.0625
[pop02_hard:00200] loss=87.950371 tau=6.00 collapse_w=0.000 mid_frac=0.143 hard=score=3.2537031096 wNMSE=0.16014845 wMSE=12200.1659 wMRED=2.13667341 wER=0.506231 wMAE=49.9868 wBias=-5.7135 condBias=54.2341 dotDrift=-3.311sigma uMRED=0.1585612560 uER=0.544434 uMAE=85.9688 WCE=1410 bias=-61.6875
[pop02_hard:00400] loss=75.884171 tau=6.00 collapse_w=0.000 mid_frac=0.131 hard=score=2.1826270253 wNMSE=0.1621801 wMSE=12354.9378 wMRED=2.13760414 wER=0.506231 wMAE=50.2891 wBias=-3.3951 condBias=54.0685 dotDrift=-1.955sigma uMRED=0.1590351087 uER=0.544434 uMAE=87.8086 WCE=1410 bias=-45.6875
[pop02_hard:00599] loss=76.077805 tau=6.00 collapse_w=0.000 mid_frac=0.113 hard=score=15.9618693460 wNMSE=0.24152341 wMSE=18399.3394 wMRED=2.22290328 wER=0.506231 wMAE=56.3044 wBias=16.3478 condBias=64.6922 dotDrift=+7.713sigma uMRED=0.1785365672 uER=0.544434 uMAE=99.3945 WCE=1332 bias=-5.1875
[pop02] done (conf=0.53, noise=0.5); global best score=0.5629904674 wNMSE=0.042308133 wMSE=3223.0486 wMRED=0.80731767 wER=0.207327 wMAE=17.1897 wBias=-1.9279 condBias=34.0002 dotDrift=-2.173sigma uMRED=0.0509231343 uER=0.252930 uMAE=23.6250 WCE=336 bias=0.0000
[pop03_soft:00000] loss=57.750973 tau=1.50 collapse_w=0.000 mid_frac=0.435 hard=score=590.3749798298 wNMSE=12.609839 wMSE=960622.0099 wMRED=42.40250794 wER=0.582578 wMAE=482.7700 wBias=96.3985 condBias=436.1402 dotDrift=+6.295sigma uMRED=1.2119615081 uER=0.578125 uMAE=368.9126 WCE=3728 bias=227.3750
[pop03_soft:00200] loss=151.799835 tau=2.25 collapse_w=0.000 mid_frac=0.351 hard=score=1637.5901103360 wNMSE=13.202905 wMSE=1005802.0163 wMRED=41.26002222 wER=0.582578 wMAE=489.2749 wBias=-168.1281 condBias=544.9787 dotDrift=-10.729sigma uMRED=1.1623776025 uER=0.578125 uMAE=393.4624 WCE=3729 bias=-93.0000
[pop03_soft:00400] loss=147.152481 tau=3.00 collapse_w=0.000 mid_frac=0.411 hard=score=411.6026317606 wNMSE=0.86245251 wMSE=65701.9395 wMRED=9.34910807 wER=0.562804 wMAE=135.1933 wBias=-86.6530 condBias=158.6517 dotDrift=-21.636sigma uMRED=0.3653424466 uER=0.571533 uMAE=164.4009 WCE=1104 bias=-31.5625
[pop03_soft:00600] loss=130.359924 tau=3.75 collapse_w=0.000 mid_frac=0.363 hard=score=125.4476960201 wNMSE=0.30061543 wMSE=22900.9905 wMRED=4.32786622 wER=0.531248 wMAE=71.8307 wBias=-47.6604 condBias=100.7790 dotDrift=-20.156sigma uMRED=0.2453332354 uER=0.559082 uMAE=125.6924 WCE=1040 bias=-16.6875
[pop03_soft:00800] loss=107.659096 tau=4.50 collapse_w=0.084 mid_frac=0.333 hard=score=155.6532570723 wNMSE=0.31303755 wMSE=23847.3122 wMRED=4.63429964 wER=0.490123 wMAE=73.6851 wBias=-53.2151 condBias=103.6323 dotDrift=-22.054sigma uMRED=0.2506764471 uER=0.557373 uMAE=126.3882 WCE=1040 bias=-18.1875
[pop03_soft:01000] loss=96.237785 tau=5.25 collapse_w=0.293 mid_frac=0.339 hard=score=61.2249997789 wNMSE=0.19798171 wMSE=15082.3170 wMRED=2.57927958 wER=0.463477 wMAE=59.4610 wBias=-33.3713 condBias=60.4734 dotDrift=-17.391sigma uMRED=0.2118012085 uER=0.551270 uMAE=119.9575 WCE=896 bias=-17.6875
[pop03_soft:01199] loss=95.154266 tau=6.00 collapse_w=0.500 mid_frac=0.327 hard=score=64.0996130364 wNMSE=0.19761538 wMSE=15054.4099 wMRED=2.57963898 wER=0.463630 wMAE=59.2813 wBias=-34.1636 condBias=60.7559 dotDrift=-17.820sigma uMRED=0.2113462523 uER=0.553467 uMAE=119.6895 WCE=896 bias=-18.9375
[pop03_hard:00000] loss=97.316559 tau=6.00 collapse_w=0.000 mid_frac=0.327 hard=score=64.0996130364 wNMSE=0.19761538 wMSE=15054.4099 wMRED=2.57963898 wER=0.463630 wMAE=59.2813 wBias=-34.1636 condBias=60.7559 dotDrift=-17.820sigma uMRED=0.2113462523 uER=0.553467 uMAE=119.6895 WCE=896 bias=-18.9375
[pop03_hard:00200] loss=55.426876 tau=6.00 collapse_w=0.000 mid_frac=0.304 hard=score=29.2061211095 wNMSE=0.17263674 wMSE=13151.5280 wMRED=1.95822013 wER=0.462459 wMAE=49.9439 wBias=-22.7791 condBias=60.1641 dotDrift=-12.712sigma uMRED=0.1988232296 uER=0.552979 uMAE=116.7183 WCE=896 bias=-14.4375
[pop03_hard:00400] loss=42.456902 tau=6.00 collapse_w=0.000 mid_frac=0.238 hard=score=22.5310000796 wNMSE=0.16976329 wMSE=12932.6277 wMRED=1.93206889 wER=0.460435 wMAE=48.8547 wBias=-19.8686 condBias=59.2519 dotDrift=-11.182sigma uMRED=0.1939909225 uER=0.547852 uMAE=112.7920 WCE=968 bias=4.3125
[pop03_hard:00599] loss=18.836029 tau=6.00 collapse_w=0.000 mid_frac=0.226 hard=score=2.9466454751 wNMSE=0.14812929 wMSE=11284.5418 wMRED=2.33081744 wER=0.466948 wMAE=50.5302 wBias=-5.7944 condBias=56.8568 dotDrift=-3.491sigma uMRED=0.1942406785 uER=0.547119 uMAE=111.6714 WCE=960 bias=4.5625
[pop03] done (conf=0.51, noise=1.0); global best score=0.5629904674 wNMSE=0.042308133 wMSE=3223.0486 wMRED=0.80731767 wER=0.207327 wMAE=17.1897 wBias=-1.9279 condBias=34.0002 dotDrift=-2.173sigma uMRED=0.0509231343 uER=0.252930 uMAE=23.6250 WCE=336 bias=0.0000
[pop04_soft:00000] loss=24.989594 tau=1.50 collapse_w=0.000 mid_frac=0.298 hard=score=260.7788068660 wNMSE=11.322865 wMSE=862579.8567 wMRED=41.62841012 wER=0.560316 wMAE=419.4451 wBias=57.3348 condBias=375.4384 dotDrift=+3.951sigma uMRED=0.9587399710 uER=0.567139 uMAE=230.9907 WCE=3776 bias=0.1250
[pop04_soft:00200] loss=81.829903 tau=2.25 collapse_w=0.000 mid_frac=0.280 hard=score=33.6127347194 wNMSE=0.73769455 wMSE=56197.8333 wMRED=9.31670484 wER=0.557765 wMAE=133.8379 wBias=-22.7486 condBias=133.2287 dotDrift=-6.141sigma uMRED=0.3445943091 uER=0.569336 uMAE=153.9258 WCE=1152 bias=-55.7500
[pop04_soft:00400] loss=77.498306 tau=3.00 collapse_w=0.000 mid_frac=0.185 hard=score=15.6464473198 wNMSE=0.19498462 wMSE=14853.9979 wMRED=2.02206647 wER=0.535644 wMAE=50.6020 wBias=-16.0824 condBias=65.8462 dotDrift=-8.445sigma uMRED=0.2100397127 uER=0.563477 uMAE=130.0508 WCE=1066 bias=-41.0000
[pop04_soft:00600] loss=66.508621 tau=3.75 collapse_w=0.000 mid_frac=0.143 hard=score=12.1616477589 wNMSE=0.16972216 wMSE=12929.4947 wMRED=1.89360893 wER=0.476130 wMAE=44.7504 wBias=-14.1377 condBias=61.5989 dotDrift=-7.957sigma uMRED=0.1926915599 uER=0.555176 uMAE=121.4785 WCE=1006 bias=-53.3750
[pop04_soft:00800] loss=66.320274 tau=4.50 collapse_w=0.084 mid_frac=0.161 hard=score=8.0183567757 wNMSE=0.16144866 wMSE=12299.2164 wMRED=1.90237734 wER=0.468511 wMAE=43.0348 wBias=-11.1593 condBias=60.1506 dotDrift=-6.440sigma uMRED=0.1881869136 uER=0.550781 uMAE=118.9531 WCE=928 bias=-49.6250
[pop04_soft:01000] loss=66.134949 tau=5.25 collapse_w=0.293 mid_frac=0.173 hard=score=6.5096787745 wNMSE=0.15497205 wMSE=11805.8262 wMRED=1.88119010 wER=0.468511 wMAE=41.7847 wBias=-9.9093 condBias=57.2634 dotDrift=-5.837sigma uMRED=0.1846328889 uER=0.550781 uMAE=116.9531 WCE=928 bias=-47.6250
[pop04_soft:01199] loss=66.091080 tau=6.00 collapse_w=0.500 mid_frac=0.167 hard=score=6.5096787745 wNMSE=0.15497205 wMSE=11805.8262 wMRED=1.88119010 wER=0.468511 wMAE=41.7847 wBias=-9.9093 condBias=57.2634 dotDrift=-5.837sigma uMRED=0.1846328889 uER=0.550781 uMAE=116.9531 WCE=928 bias=-47.6250
[pop04_hard:00000] loss=48.072704 tau=6.00 collapse_w=0.000 mid_frac=0.167 hard=score=6.5096787745 wNMSE=0.15497205 wMSE=11805.8262 wMRED=1.88119010 wER=0.468511 wMAE=41.7847 wBias=-9.9093 condBias=57.2634 dotDrift=-5.837sigma uMRED=0.1846328889 uER=0.550781 uMAE=116.9531 WCE=928 bias=-47.6250
[pop04_hard:00200] loss=20.335312 tau=6.00 collapse_w=0.000 mid_frac=0.161 hard=score=1.3452067990 wNMSE=0.10175846 wMSE=7751.9957 wMRED=1.67668573 wER=0.458936 wMAE=33.6201 wBias=3.4693 condBias=44.4535 dotDrift=+2.522sigma uMRED=0.1595433018 uER=0.545654 uMAE=105.5537 WCE=912 bias=-14.3750
[pop04_hard:00400] loss=17.767363 tau=6.00 collapse_w=0.000 mid_frac=0.161 hard=score=0.7504532026 wNMSE=0.093088003 wMSE=7091.4772 wMRED=1.27545746 wER=0.444017 wMAE=28.1047 wBias=-1.8831 condBias=40.0813 dotDrift=-1.431sigma uMRED=0.1493241085 uER=0.540527 uMAE=103.9717 WCE=912 bias=-12.3750
[pop04_hard:00599] loss=21.884035 tau=6.00 collapse_w=0.000 mid_frac=0.137 hard=score=0.5200534187 wNMSE=0.090342145 wMSE=6882.2968 wMRED=1.27679304 wER=0.444621 wMAE=28.1420 wBias=0.3622 condBias=38.4481 dotDrift=+0.279sigma uMRED=0.1487384762 uER=0.541260 uMAE=103.9307 WCE=896 bias=-8.3750
[pop04] done (conf=0.53, noise=0.5); global best score=0.5629904674 wNMSE=0.042308133 wMSE=3223.0486 wMRED=0.80731767 wER=0.207327 wMAE=17.1897 wBias=-1.9279 condBias=34.0002 dotDrift=-2.173sigma uMRED=0.0509231343 uER=0.252930 uMAE=23.6250 WCE=336 bias=0.0000
[pop05_soft:00000] loss=56.334702 tau=1.50 collapse_w=0.000 mid_frac=0.351 hard=score=9409.6672309880 wNMSE=21.155564 wMSE=1611638.3777 wMRED=45.44928075 wER=0.581925 wMAE=659.6801 wBias=413.6124 condBias=736.9968 dotDrift=+20.852sigma uMRED=1.3375247920 uER=0.575928 uMAE=447.9771 WCE=3874 bias=303.3125
[pop05_soft:00200] loss=183.100739 tau=2.25 collapse_w=0.000 mid_frac=0.351 hard=score=516.6667979594 wNMSE=13.774726 wMSE=1049363.5575 wMRED=42.84777805 wER=0.580673 wMAE=550.5871 wBias=-86.2796 condBias=610.7050 dotDrift=-5.390sigma uMRED=1.2305436468 uER=0.571533 uMAE=396.0747 WCE=3510 bias=6.4375
[pop05_soft:00400] loss=187.707520 tau=3.00 collapse_w=0.000 mid_frac=0.363 hard=score=367.1921496121 wNMSE=1.9193492 wMSE=146216.7025 wMRED=14.63932385 wER=0.550363 wMAE=202.0240 wBias=-79.8323 condBias=227.1748 dotDrift=-13.362sigma uMRED=0.5037012412 uER=0.569336 uMAE=209.8726 WCE=1426 bias=-61.5625
[pop05_soft:00600] loss=133.641098 tau=3.75 collapse_w=0.000 mid_frac=0.351 hard=score=555.7427047088 wNMSE=1.3256331 wMSE=100987.1986 wMRED=9.98549636 wER=0.492731 wMAE=142.4101 wBias=-100.4092 condBias=211.7484 dotDrift=-20.222sigma uMRED=0.4215811199 uER=0.564697 uMAE=187.4014 WCE=1560 bias=-81.3750
[pop05_soft:00800] loss=123.737808 tau=4.50 collapse_w=0.084 mid_frac=0.315 hard=score=337.4493319016 wNMSE=1.1041989 wMSE=84118.2686 wMRED=8.89013108 wER=0.475671 wMAE=131.2502 wBias=-77.8993 condBias=179.3552 dotDrift=-17.190sigma uMRED=0.4020703459 uER=0.561768 uMAE=184.6963 WCE=1502 bias=-55.2500
[pop05_soft:01000] loss=118.376732 tau=5.25 collapse_w=0.293 mid_frac=0.298 hard=score=296.5229506286 wNMSE=1.1040948 wMSE=84110.3384 wMRED=8.51240608 wER=0.492592 wMAE=135.9962 wBias=-72.9141 condBias=181.8393 dotDrift=-16.090sigma uMRED=0.3891968689 uER=0.564697 uMAE=183.0312 WCE=1502 bias=-61.2500
[pop05_soft:01199] loss=117.476913 tau=6.00 collapse_w=0.500 mid_frac=0.268 hard=score=303.6389321413 wNMSE=1.095539 wMSE=83458.5487 wMRED=8.60135902 wER=0.492422 wMAE=135.5685 wBias=-73.8322 condBias=181.6326 dotDrift=-16.356sigma uMRED=0.3877614674 uER=0.563965 uMAE=181.7344 WCE=1502 bias=-62.0000
[pop05_hard:00000] loss=407.965668 tau=6.00 collapse_w=0.000 mid_frac=0.268 hard=score=303.6389321413 wNMSE=1.095539 wMSE=83458.5487 wMRED=8.60135902 wER=0.492422 wMAE=135.5685 wBias=-73.8322 condBias=181.6326 dotDrift=-16.356sigma uMRED=0.3877614674 uER=0.563965 uMAE=181.7344 WCE=1502 bias=-62.0000
[pop05_hard:00200] loss=385.659302 tau=6.00 collapse_w=0.000 mid_frac=0.268 hard=score=292.4979414625 wNMSE=1.0919017 wMSE=83181.4596 wMRED=8.60313537 wER=0.492592 wMAE=135.8927 wBias=-72.4199 condBias=181.3331 dotDrift=-16.070sigma uMRED=0.3793291921 uER=0.564697 uMAE=182.7480 WCE=1314 bias=-45.0000
[pop05_hard:00400] loss=336.471405 tau=6.00 collapse_w=0.000 mid_frac=0.244 hard=score=255.4471713494 wNMSE=1.0894048 wMSE=82991.2494 wMRED=8.59683239 wER=0.483497 wMAE=135.5270 wBias=-67.5349 condBias=173.8178 dotDrift=-15.003sigma uMRED=0.3851294954 uER=0.562500 uMAE=180.5117 WCE=1488 bias=25.1250
[pop05_hard:00599] loss=273.223450 tau=6.00 collapse_w=0.000 mid_frac=0.226 hard=score=174.9797236556 wNMSE=1.0218823 wMSE=77847.3538 wMRED=8.43444718 wER=0.481900 wMAE=128.1622 wBias=-55.6269 condBias=152.3703 dotDrift=-12.760sigma uMRED=0.3401115876 uER=0.560791 uMAE=154.8438 WCE=1488 bias=73.6250
[pop05] done (conf=0.51, noise=1.0); global best score=0.5629904674 wNMSE=0.042308133 wMSE=3223.0486 wMRED=0.80731767 wER=0.207327 wMAE=17.1897 wBias=-1.9279 condBias=34.0002 dotDrift=-2.173sigma uMRED=0.0509231343 uER=0.252930 uMAE=23.6250 WCE=336 bias=0.0000
[pop06_soft:00000] loss=13.479565 tau=1.50 collapse_w=0.000 mid_frac=0.298 hard=score=1404.1266968442 wNMSE=11.694374 wMSE=890881.6014 wMRED=33.52211588 wER=0.563501 wMAE=396.8342 wBias=-155.2952 condBias=479.7391 dotDrift=-10.530sigma uMRED=0.9904567945 uER=0.551758 uMAE=289.7817 WCE=3396 bias=-72.9375
[pop06_soft:00200] loss=63.699829 tau=2.25 collapse_w=0.000 mid_frac=0.268 hard=score=103.3218855843 wNMSE=0.89716665 wMSE=68346.4749 wMRED=10.41066280 wER=0.561601 wMAE=143.1215 wBias=-41.7485 condBias=154.6128 dotDrift=-10.220sigma uMRED=0.3805914751 uER=0.566406 uMAE=159.3828 WCE=1428 bias=-89.0000
[pop06_soft:00400] loss=75.449036 tau=3.00 collapse_w=0.000 mid_frac=0.250 hard=score=1.8369177722 wNMSE=0.20323941 wMSE=15482.8503 wMRED=2.10758511 wER=0.491778 wMAE=53.3351 wBias=2.0310 condBias=71.0406 dotDrift=+1.045sigma uMRED=0.1794603650 uER=0.557373 uMAE=94.0674 WCE=800 bias=-28.6250
[pop06_soft:00600] loss=87.746460 tau=3.75 collapse_w=0.000 mid_frac=0.238 hard=score=11.0276716616 wNMSE=0.16035518 wMSE=12215.9148 wMRED=1.93053598 wER=0.471903 wMAE=47.5424 wBias=-13.3329 condBias=66.8819 dotDrift=-7.720sigma uMRED=0.1876951964 uER=0.550781 uMAE=109.3867 WCE=1040 bias=-31.6250
[pop06_soft:00800] loss=87.615654 tau=4.50 collapse_w=0.084 mid_frac=0.244 hard=score=0.8599350431 wNMSE=0.081211724 wMSE=6186.7380 wMRED=1.71063298 wER=0.471299 wMAE=36.5536 wBias=-1.4621 condBias=47.4022 dotDrift=-1.190sigma uMRED=0.1319640777 uER=0.550049 uMAE=77.0166 WCE=598 bias=-27.3750
[pop06_soft:01000] loss=87.556213 tau=5.25 collapse_w=0.293 mid_frac=0.232 hard=score=0.6816646028 wNMSE=0.073576989 wMSE=5605.1212 wMRED=1.67486539 wER=0.471299 wMAE=35.2691 wBias=-0.1089 condBias=45.2779 dotDrift=-0.093sigma uMRED=0.1292374643 uER=0.550049 uMAE=76.0166 WCE=598 bias=-25.3750
[pop06_soft:01199] loss=87.504143 tau=6.00 collapse_w=0.500 mid_frac=0.232 hard=score=0.6693383421 wNMSE=0.071737504 wMSE=5464.9886 wMRED=1.66038380 wER=0.471299 wMAE=34.6344 wBias=0.5351 condBias=44.4105 dotDrift=+0.463sigma uMRED=0.1278745522 uER=0.550049 uMAE=75.1416 WCE=598 bias=-24.3750
[pop06_hard:00000] loss=17.569769 tau=6.00 collapse_w=0.000 mid_frac=0.232 hard=score=0.6693383421 wNMSE=0.071737504 wMSE=5464.9886 wMRED=1.66038380 wER=0.471299 wMAE=34.6344 wBias=0.5351 condBias=44.4105 dotDrift=+0.463sigma uMRED=0.1278745522 uER=0.550049 uMAE=75.1416 WCE=598 bias=-24.3750
[pop06_hard:00200] loss=6.855551 tau=6.00 collapse_w=0.000 mid_frac=0.167 hard=score=0.4293694084 wNMSE=0.053543564 wMSE=4078.9678 wMRED=1.21366810 wER=0.445725 wMAE=26.2536 wBias=-0.4263 condBias=36.0516 dotDrift=-0.427sigma uMRED=0.0986899728 uER=0.525146 uMAE=58.2090 WCE=528 bias=9.1250
[pop06_hard:00400] loss=6.855551 tau=6.00 collapse_w=0.000 mid_frac=0.167 hard=score=0.4293694084 wNMSE=0.053543564 wMSE=4078.9678 wMRED=1.21366810 wER=0.445725 wMAE=26.2536 wBias=-0.4263 condBias=36.0516 dotDrift=-0.427sigma uMRED=0.0986899728 uER=0.525146 uMAE=58.2090 WCE=528 bias=9.1250
[pop06_hard:00599] loss=6.855551 tau=6.00 collapse_w=0.000 mid_frac=0.167 hard=score=0.5224194717 wNMSE=0.0519247 wMSE=3955.6421 wMRED=1.21243116 wER=0.445725 wMAE=26.0127 wBias=-1.4065 condBias=36.0294 dotDrift=-1.431sigma uMRED=0.0950579335 uER=0.525146 uMAE=54.4121 WCE=528 bias=-6.8750
[pop06] done (conf=0.53, noise=0.5); global best score=0.5629904674 wNMSE=0.042308133 wMSE=3223.0486 wMRED=0.80731767 wER=0.207327 wMAE=17.1897 wBias=-1.9279 condBias=34.0002 dotDrift=-2.173sigma uMRED=0.0509231343 uER=0.252930 uMAE=23.6250 WCE=336 bias=0.0000
[pop07_soft:00000] loss=34.325260 tau=1.50 collapse_w=0.000 mid_frac=0.423 hard=score=115.3884071463 wNMSE=11.040012 wMSE=841032.0776 wMRED=35.26715792 wER=0.553195 wMAE=495.2488 wBias=27.3539 condBias=482.9513 dotDrift=+1.909sigma uMRED=1.2402623782 uER=0.569336 uMAE=479.7627 WCE=2752 bias=151.8750
[pop07_soft:00200] loss=133.398041 tau=2.25 collapse_w=0.000 mid_frac=0.405 hard=score=880.9362274340 wNMSE=6.2080629 wMSE=472932.4430 wMRED=26.41601400 wER=0.564071 wMAE=324.9241 wBias=-124.0541 condBias=393.3333 dotDrift=-11.545sigma uMRED=0.7647738316 uER=0.569336 uMAE=248.8262 WCE=2439 bias=-58.3750
[pop07_soft:00400] loss=179.763702 tau=3.00 collapse_w=0.000 mid_frac=0.375 hard=score=204.2243899186 wNMSE=1.4174507 wMSE=107981.9005 wMRED=10.17500694 wER=0.563725 wMAE=158.3518 wBias=-59.4475 condBias=179.6098 dotDrift=-11.578sigma uMRED=0.4025248730 uER=0.572754 uMAE=180.6973 WCE=3264 bias=-22.6250
[pop07_soft:00600] loss=189.357025 tau=3.75 collapse_w=0.000 mid_frac=0.333 hard=score=286.9711595880 wNMSE=1.3578841 wMSE=103444.0927 wMRED=9.85047431 wER=0.524447 wMAE=149.8549 wBias=-71.5024 condBias=170.6606 dotDrift=-14.228sigma uMRED=0.3962999238 uER=0.566406 uMAE=179.5703 WCE=1342 bias=-35.6250
[pop07_soft:00800] loss=185.822662 tau=4.50 collapse_w=0.084 mid_frac=0.315 hard=score=242.7843562709 wNMSE=1.4053156 wMSE=107057.4399 wMRED=10.34655355 wER=0.520831 wMAE=155.3610 wBias=-65.4369 condBias=169.0854 dotDrift=-12.800sigma uMRED=0.4013243057 uER=0.565674 uMAE=180.9438 WCE=1406 bias=-33.2500
[pop07_soft:01000] loss=184.564651 tau=5.25 collapse_w=0.293 mid_frac=0.298 hard=score=237.1734753892 wNMSE=1.4071837 wMSE=107199.7580 wMRED=10.34767325 wER=0.520831 wMAE=155.3602 wBias=-64.6236 condBias=168.8333 dotDrift=-12.632sigma uMRED=0.4025773011 uER=0.565674 uMAE=180.4526 WCE=1406 bias=-28.7500
[pop07_soft:01199] loss=183.666336 tau=6.00 collapse_w=0.500 mid_frac=0.298 hard=score=237.1734753892 wNMSE=1.4071837 wMSE=107199.7580 wMRED=10.34767325 wER=0.520831 wMAE=155.3602 wBias=-64.6236 condBias=168.8333 dotDrift=-12.632sigma uMRED=0.4025773011 uER=0.565674 uMAE=180.4526 WCE=1406 bias=-28.7500
[pop07_hard:00000] loss=362.767029 tau=6.00 collapse_w=0.000 mid_frac=0.298 hard=score=237.1734753892 wNMSE=1.4071837 wMSE=107199.7580 wMRED=10.34767325 wER=0.520831 wMAE=155.3602 wBias=-64.6236 condBias=168.8333 dotDrift=-12.632sigma uMRED=0.4025773011 uER=0.565674 uMAE=180.4526 WCE=1406 bias=-28.7500
[pop07_hard:00200] loss=316.979156 tau=6.00 collapse_w=0.000 mid_frac=0.274 hard=score=205.7732080535 wNMSE=1.3907486 wMSE=105947.7274 wMRED=10.34269556 wER=0.519216 wMAE=154.1595 wBias=-59.9111 condBias=166.1237 dotDrift=-11.780sigma uMRED=0.3829484524 uER=0.563477 uMAE=162.0669 WCE=1415 bias=13.2500
[pop07_hard:00400] loss=176.118393 tau=6.00 collapse_w=0.000 mid_frac=0.262 hard=score=11.9229623324 wNMSE=1.8000715 wMSE=137130.0848 wMRED=13.96408240 wER=0.547561 wMAE=204.5145 wBias=-1.0225 condBias=180.2987 dotDrift=-0.177sigma uMRED=0.5126337325 uER=0.567139 uMAE=215.5220 WCE=1928 bias=-40.7500
[pop07_hard:00599] loss=178.321457 tau=6.00 collapse_w=0.000 mid_frac=0.238 hard=score=11.8446860572 wNMSE=1.7579952 wMSE=133924.7038 wMRED=13.95423660 wER=0.567934 wMAE=204.0437 wBias=2.3929 condBias=178.0338 dotDrift=+0.418sigma uMRED=0.4912930369 uER=0.571533 uMAE=199.9595 WCE=1487 bias=-21.2500
[pop07] done (conf=0.51, noise=1.0); global best score=0.5629904674 wNMSE=0.042308133 wMSE=3223.0486 wMRED=0.80731767 wER=0.207327 wMAE=17.1897 wBias=-1.9279 condBias=34.0002 dotDrift=-2.173sigma uMRED=0.0509231343 uER=0.252930 uMAE=23.6250 WCE=336 bias=0.0000
[pop08_soft:00000] loss=66.763412 tau=1.50 collapse_w=0.000 mid_frac=0.339 hard=score=5408.2902932633 wNMSE=11.029694 wMSE=840245.9789 wMRED=31.19493123 wER=0.582082 wMAE=453.9285 wBias=314.0330 condBias=531.2442 dotDrift=+21.926sigma uMRED=0.9141593033 uER=0.573730 uMAE=317.1460 WCE=2802 bias=216.1875
[pop08_soft:00200] loss=133.867523 tau=2.25 collapse_w=0.000 mid_frac=0.238 hard=score=498.4709864294 wNMSE=18.44671 wMSE=1405276.9566 wMRED=50.35783272 wER=0.564679 wMAE=617.0537 wBias=-82.2624 condBias=613.4111 dotDrift=-4.441sigma uMRED=1.3863583757 uER=0.573730 uMAE=443.8223 WCE=3905 bias=-112.4375
[pop08_soft:00400] loss=107.095566 tau=3.00 collapse_w=0.000 mid_frac=0.238 hard=score=454.7965655815 wNMSE=0.84707674 wMSE=64530.6075 wMRED=8.58943927 wER=0.479481 wMAE=111.8919 wBias=-91.0463 condBias=177.0589 dotDrift=-22.938sigma uMRED=0.3278420015 uER=0.547119 uMAE=136.1284 WCE=1158 bias=-104.4375
[pop08_soft:00600] loss=87.842781 tau=3.75 collapse_w=0.000 mid_frac=0.196 hard=score=6.2355166179 wNMSE=0.16083036 wMSE=12252.1144 wMRED=1.99151989 wER=0.477373 wMAE=47.2522 wBias=-9.5737 condBias=62.2964 dotDrift=-5.535sigma uMRED=0.1829726386 uER=0.550049 uMAE=103.3525 WCE=1028 bias=-61.7500
[pop08_soft:00800] loss=87.500046 tau=4.50 collapse_w=0.084 mid_frac=0.208 hard=score=7.0654780841 wNMSE=0.15375682 wMSE=11713.2494 wMRED=1.43800885 wER=0.440649 wMAE=36.4385 wBias=-10.5029 condBias=59.5290 dotDrift=-6.211sigma uMRED=0.1651747561 uER=0.522705 uMAE=97.5293 WCE=1008 bias=-58.1250
[pop08_soft:01000] loss=87.428169 tau=5.25 collapse_w=0.293 mid_frac=0.232 hard=score=7.5088911492 wNMSE=0.15401327 wMSE=11732.7857 wMRED=1.42960631 wER=0.427418 wMAE=36.2698 wBias=-10.8856 condBias=59.6827 dotDrift=-6.432sigma uMRED=0.1651105857 uER=0.513916 uMAE=97.5566 WCE=1008 bias=-58.6250
[pop08_soft:01199] loss=87.368698 tau=6.00 collapse_w=0.500 mid_frac=0.226 hard=score=7.5088911492 wNMSE=0.15401327 wMSE=11732.7857 wMRED=1.42960631 wER=0.427418 wMAE=36.2698 wBias=-10.8856 condBias=59.6827 dotDrift=-6.432sigma uMRED=0.1651105857 uER=0.513916 uMAE=97.5566 WCE=1008 bias=-58.6250
[pop08_hard:00000] loss=53.293697 tau=6.00 collapse_w=0.000 mid_frac=0.226 hard=score=7.5088911492 wNMSE=0.15401327 wMSE=11732.7857 wMRED=1.42960631 wER=0.427418 wMAE=36.2698 wBias=-10.8856 condBias=59.6827 dotDrift=-6.432sigma uMRED=0.1651105857 uER=0.513916 uMAE=97.5566 WCE=1008 bias=-58.6250
[pop08_hard:00200] loss=25.057655 tau=6.00 collapse_w=0.000 mid_frac=0.167 hard=score=1.1547071621 wNMSE=0.1406347 wMSE=10713.6014 wMRED=1.97496609 wER=0.461002 wMAE=42.7075 wBias=0.5561 condBias=59.3337 dotDrift=+0.344sigma uMRED=0.1514372408 uER=0.535889 uMAE=80.1055 WCE=632 bias=-31.1250
[pop08_hard:00400] loss=24.605356 tau=6.00 collapse_w=0.000 mid_frac=0.167 hard=score=1.6700489371 wNMSE=0.12623301 wMSE=9616.4759 wMRED=1.55239465 wER=0.445547 wMAE=35.8938 wBias=-3.7575 condBias=53.3701 dotDrift=-2.452sigma uMRED=0.1387412416 uER=0.529297 uMAE=76.1055 WCE=632 bias=-31.1250
[pop08_hard:00599] loss=37.834457 tau=6.00 collapse_w=0.000 mid_frac=0.149 hard=score=1.2071823749 wNMSE=0.17019553 wMSE=12965.5562 wMRED=1.56399527 wER=0.445547 wMAE=37.4972 wBias=0.0091 condBias=61.4757 dotDrift=+0.005sigma uMRED=0.1765561047 uER=0.529297 uMAE=104.2559 WCE=1568 bias=33.3750
[pop08] done (conf=0.53, noise=0.5); global best score=0.5629904674 wNMSE=0.042308133 wMSE=3223.0486 wMRED=0.80731767 wER=0.207327 wMAE=17.1897 wBias=-1.9279 condBias=34.0002 dotDrift=-2.173sigma uMRED=0.0509231343 uER=0.252930 uMAE=23.6250 WCE=336 bias=0.0000
[pop09_soft:00000] loss=21.790176 tau=1.50 collapse_w=0.000 mid_frac=0.423 hard=score=1687.1496725353 wNMSE=9.0252832 wMSE=687549.2889 wMRED=27.63012291 wER=0.582274 wMAE=380.1616 wBias=-172.1077 condBias=451.2099 dotDrift=-13.284sigma uMRED=0.9121598295 uER=0.575928 uMAE=335.7710 WCE=2669 bias=-165.8750
[pop09_soft:00200] loss=105.308212 tau=2.25 collapse_w=0.000 mid_frac=0.375 hard=score=55.9930969655 wNMSE=0.90574415 wMSE=68999.9120 wMRED=6.32393780 wER=0.581681 wMAE=127.6682 wBias=-29.2974 condBias=133.2897 dotDrift=-7.138sigma uMRED=0.3967844361 uER=0.571533 uMAE=217.0796 WCE=1882 bias=-13.8125
[pop09_soft:00400] loss=130.275253 tau=3.00 collapse_w=0.000 mid_frac=0.351 hard=score=72.5668401684 wNMSE=4.3217578 wMSE=329233.0498 wMRED=22.94212538 wER=0.549216 wMAE=183.7765 wBias=-26.2194 condBias=330.2413 dotDrift=-2.924sigma uMRED=0.6981803072 uER=0.565674 uMAE=222.5986 WCE=3456 bias=10.1250
[pop09_soft:00600] loss=99.941475 tau=3.75 collapse_w=0.000 mid_frac=0.321 hard=score=46.0645773843 wNMSE=0.519184 wMSE=39551.6216 wMRED=4.36118864 wER=0.551567 wMAE=99.0959 wBias=27.6778 condBias=110.1594 dotDrift=+8.907sigma uMRED=0.2953777052 uER=0.566406 uMAE=169.4478 WCE=1614 bias=-1.4375
[pop09_soft:00800] loss=91.345146 tau=4.50 collapse_w=0.084 mid_frac=0.292 hard=score=31.6012625154 wNMSE=0.49866149 wMSE=37988.2097 wMRED=4.10768447 wER=0.499558 wMAE=89.7364 wBias=22.5343 condBias=97.5731 dotDrift=+7.399sigma uMRED=0.2831697315 uER=0.553955 uMAE=156.7520 WCE=1586 bias=-0.8125
[pop09_soft:01000] loss=90.785133 tau=5.25 collapse_w=0.293 mid_frac=0.286 hard=score=26.1767275528 wNMSE=0.47136664 wMSE=35908.8784 wMRED=3.99583989 wER=0.499558 wMAE=87.1460 wBias=20.3264 condBias=92.3704 dotDrift=+6.865sigma uMRED=0.2790276851 uER=0.553955 uMAE=155.4458 WCE=1586 bias=-4.0625
[pop09_soft:01199] loss=90.543930 tau=6.00 collapse_w=0.500 mid_frac=0.280 hard=score=26.1767275528 wNMSE=0.47136664 wMSE=35908.8784 wMRED=3.99583989 wER=0.499558 wMAE=87.1460 wBias=20.3264 condBias=92.3704 dotDrift=+6.865sigma uMRED=0.2790276851 uER=0.553955 uMAE=155.4458 WCE=1586 bias=-4.0625
[pop09_hard:00000] loss=103.305908 tau=6.00 collapse_w=0.000 mid_frac=0.280 hard=score=26.1767275528 wNMSE=0.47136664 wMSE=35908.8784 wMRED=3.99583989 wER=0.499558 wMAE=87.1460 wBias=20.3264 condBias=92.3704 dotDrift=+6.865sigma uMRED=0.2790276851 uER=0.553955 uMAE=155.4458 WCE=1586 bias=-4.0625
[pop09_hard:00200] loss=75.339584 tau=6.00 collapse_w=0.000 mid_frac=0.292 hard=score=9.3695743848 wNMSE=0.48758821 wMSE=37144.6433 wMRED=4.15998705 wER=0.500707 wMAE=93.3266 wBias=10.3973 condBias=79.5474 dotDrift=+3.453sigma uMRED=0.2531483041 uER=0.556152 uMAE=133.7710 WCE=1056 bias=-4.5625
[pop09_hard:00400] loss=71.681137 tau=6.00 collapse_w=0.000 mid_frac=0.292 hard=score=5.9585946750 wNMSE=0.48312815 wMSE=36804.8744 wMRED=4.27226503 wER=0.504332 wMAE=95.4807 wBias=6.9405 condBias=74.6639 dotDrift=+2.315sigma uMRED=0.2544049994 uER=0.556885 uMAE=133.1162 WCE=1056 bias=-6.4375
[pop09_hard:00599] loss=410.457275 tau=6.00 collapse_w=0.000 mid_frac=0.262 hard=score=14.2387520943 wNMSE=0.40193408 wMSE=30619.4814 wMRED=3.97643859 wER=0.471218 wMAE=85.0733 wBias=14.1641 condBias=91.3758 dotDrift=+5.180sigma uMRED=0.2144288121 uER=0.550781 uMAE=113.6826 WCE=1056 bias=12.9375
[pop09] done (conf=0.51, noise=1.0); global best score=0.5629904674 wNMSE=0.042308133 wMSE=3223.0486 wMRED=0.80731767 wER=0.207327 wMAE=17.1897 wBias=-1.9279 condBias=34.0002 dotDrift=-2.173sigma uMRED=0.0509231343 uER=0.252930 uMAE=23.6250 WCE=336 bias=0.0000
[pop10_soft:00000] loss=18.602072 tau=1.50 collapse_w=0.000 mid_frac=0.369 hard=score=65.9650454925 wNMSE=6.4493645 wMSE=491314.8830 wMRED=26.14845286 wER=0.579126 wMAE=367.6095 wBias=-13.6516 condBias=354.0911 dotDrift=-1.246sigma uMRED=0.8709958620 uER=0.560547 uMAE=330.6704 WCE=2465 bias=81.6875
[pop10_soft:00200] loss=86.756065 tau=2.25 collapse_w=0.000 mid_frac=0.327 hard=score=4.9318868528 wNMSE=0.66370448 wMSE=50561.2435 wMRED=3.33247980 wER=0.472637 wMAE=77.5739 wBias=6.2439 condBias=79.7794 dotDrift=+1.777sigma uMRED=0.3486378351 uER=0.548096 uMAE=200.5693 WCE=3636 bias=-90.3125
[pop10_soft:00400] loss=81.176056 tau=3.00 collapse_w=0.000 mid_frac=0.262 hard=score=23.4917169836 wNMSE=0.30731136 wMSE=23411.0889 wMRED=2.41698646 wER=0.493014 wMAE=66.8881 wBias=-19.9299 condBias=81.0361 dotDrift=-8.336sigma uMRED=0.2915012764 uER=0.566895 uMAE=175.9277 WCE=1318 bias=-81.1250
[pop10_soft:00600] loss=66.587166 tau=3.75 collapse_w=0.000 mid_frac=0.196 hard=score=5.5153829471 wNMSE=0.28495519 wMSE=21707.9882 wMRED=1.83902171 wER=0.451225 wMAE=55.4668 wBias=-8.1534 condBias=77.0819 dotDrift=-3.542sigma uMRED=0.2660063526 uER=0.541748 uMAE=163.6709 WCE=1286 bias=-68.2500
[pop10_soft:00800] loss=66.379517 tau=4.50 collapse_w=0.084 mid_frac=0.208 hard=score=6.6727401195 wNMSE=0.28821675 wMSE=21956.4549 wMRED=1.82096253 wER=0.454464 wMAE=55.2422 wBias=-9.3670 condBias=77.6069 dotDrift=-4.046sigma uMRED=0.2656792644 uER=0.542480 uMAE=163.6543 WCE=1282 bias=-70.2500
[pop10_soft:01000] loss=66.308403 tau=5.25 collapse_w=0.293 mid_frac=0.220 hard=score=5.2027511694 wNMSE=0.26362234 wMSE=20082.8435 wMRED=1.80638812 wER=0.452659 wMAE=53.8626 wBias=-7.9875 condBias=73.4958 dotDrift=-3.607sigma uMRED=0.2523825923 uER=0.531494 uMAE=154.6543 WCE=1282 bias=-61.2500
[pop10_soft:01199] loss=66.262543 tau=6.00 collapse_w=0.500 mid_frac=0.226 hard=score=4.7432637239 wNMSE=0.2629172 wMSE=20029.1262 wMRED=1.77121041 wER=0.452659 wMAE=53.3454 wBias=-7.4440 condBias=73.3498 dotDrift=-3.366sigma uMRED=0.2513671856 uER=0.531494 uMAE=154.2168 WCE=1282 bias=-60.7500
[pop10_hard:00000] loss=61.169052 tau=6.00 collapse_w=0.000 mid_frac=0.226 hard=score=4.7432637239 wNMSE=0.2629172 wMSE=20029.1262 wMRED=1.77121041 wER=0.452659 wMAE=53.3454 wBias=-7.4440 condBias=73.3498 dotDrift=-3.366sigma uMRED=0.2513671856 uER=0.531494 uMAE=154.2168 WCE=1282 bias=-60.7500
[pop10_hard:00200] loss=60.860535 tau=6.00 collapse_w=0.000 mid_frac=0.179 hard=score=4.7191623015 wNMSE=0.26278428 wMSE=20018.9997 wMRED=1.77115129 wER=0.453187 wMAE=53.3447 wBias=-7.4176 condBias=73.2805 dotDrift=-3.355sigma uMRED=0.2512250676 uER=0.542480 uMAE=154.2266 WCE=1282 bias=-60.2500
[pop10_hard:00400] loss=47.950317 tau=6.00 collapse_w=0.000 mid_frac=0.137 hard=score=2.4103391272 wNMSE=0.2546555 wMSE=19399.7465 wMRED=1.76557149 wER=0.452161 wMAE=52.4964 wBias=3.6057 condBias=68.9830 dotDrift=+1.657sigma uMRED=0.2390825063 uER=0.536621 uMAE=148.4658 WCE=1216 bias=44.0000
[pop10_hard:00599] loss=29.165068 tau=6.00 collapse_w=0.000 mid_frac=0.149 hard=score=3.9874844810 wNMSE=0.25758834 wMSE=19623.1717 wMRED=1.76542878 wER=0.452161 wMAE=52.5933 wBias=-6.5505 condBias=71.4178 dotDrift=-2.993sigma uMRED=0.2436893381 uER=0.536621 uMAE=148.1533 WCE=1218 bias=-54.0000
[pop10] done (conf=0.53, noise=0.5); global best score=0.5629904674 wNMSE=0.042308133 wMSE=3223.0486 wMRED=0.80731767 wER=0.207327 wMAE=17.1897 wBias=-1.9279 condBias=34.0002 dotDrift=-2.173sigma uMRED=0.0509231343 uER=0.252930 uMAE=23.6250 WCE=336 bias=0.0000
[pop11_soft:00000] loss=59.754036 tau=1.50 collapse_w=0.000 mid_frac=0.405 hard=score=6096.4966648759 wNMSE=7.0512361 wMSE=537165.6770 wMRED=20.05664016 wER=0.577641 wMAE=349.7655 wBias=334.6571 condBias=530.3209 dotDrift=+29.223sigma uMRED=0.7020345911 uER=0.570801 uMAE=271.8936 WCE=3022 bias=181.4375
[pop11_soft:00200] loss=127.025803 tau=2.25 collapse_w=0.000 mid_frac=0.369 hard=score=1606.2365220485 wNMSE=9.3137752 wMSE=709526.7108 wMRED=34.43497689 wER=0.564692 wMAE=415.0102 wBias=-168.7324 condBias=486.4829 dotDrift=-12.820sigma uMRED=0.8928722924 uER=0.573730 uMAE=271.9907 WCE=3036 bias=-113.1875
[pop11_soft:00400] loss=106.316574 tau=3.00 collapse_w=0.000 mid_frac=0.339 hard=score=296.4899022104 wNMSE=0.49120034 wMSE=37419.8169 wMRED=5.72344875 wER=0.491522 wMAE=94.6808 wBias=-73.7805 condBias=110.7947 dotDrift=-24.410sigma uMRED=0.2824003471 uER=0.560303 uMAE=158.0620 WCE=1384 bias=-5.8125
[pop11_soft:00600] loss=70.689575 tau=3.75 collapse_w=0.000 mid_frac=0.310 hard=score=18.8565493550 wNMSE=0.1418576 wMSE=10806.7626 wMRED=2.04589682 wER=0.490721 wMAE=47.5477 wBias=-18.2061 condBias=56.3379 dotDrift=-11.209sigma uMRED=0.2044989937 uER=0.555176 uMAE=122.3467 WCE=1184 bias=19.1875
[pop11_soft:00800] loss=68.196335 tau=4.50 collapse_w=0.084 mid_frac=0.268 hard=score=21.9412317934 wNMSE=0.1430962 wMSE=10901.1192 wMRED=2.06038490 wER=0.486675 wMAE=47.7693 wBias=-19.7094 condBias=57.0488 dotDrift=-12.081sigma uMRED=0.2056016323 uER=0.550049 uMAE=122.7646 WCE=1184 bias=17.5625
[pop11_soft:01000] loss=67.160515 tau=5.25 collapse_w=0.293 mid_frac=0.286 hard=score=4.5433407046 wNMSE=0.17299951 wMSE=13179.1643 wMRED=2.00291318 wER=0.481321 wMAE=49.5323 wBias=-7.7219 condBias=63.1366 dotDrift=-4.305sigma uMRED=0.2295311549 uER=0.550049 uMAE=139.0000 WCE=1208 bias=27.5625
[pop11_soft:01199] loss=66.974503 tau=6.00 collapse_w=0.500 mid_frac=0.280 hard=score=3.4541982105 wNMSE=0.17445021 wMSE=13289.6788 wMRED=2.02090445 wER=0.481321 wMAE=49.8701 wBias=-6.2479 condBias=63.1631 dotDrift=-3.469sigma uMRED=0.2309727417 uER=0.550049 uMAE=139.7998 WCE=1208 bias=29.5625
[pop11_hard:00000] loss=39.450508 tau=6.00 collapse_w=0.000 mid_frac=0.274 hard=score=3.3219869605 wNMSE=0.17450656 wMSE=13293.9720 wMRED=2.01616768 wER=0.468344 wMAE=49.7440 wBias=-6.0512 condBias=63.1686 dotDrift=-3.359sigma uMRED=0.2307361495 uER=0.540527 uMAE=139.6748 WCE=1208 bias=29.8125
[pop11_hard:00200] loss=71.174332 tau=6.00 collapse_w=0.000 mid_frac=0.256 hard=score=21.5089189707 wNMSE=0.1207815 wMSE=9201.1777 wMRED=1.92400480 wER=0.466447 wMAE=43.4371 wBias=-19.6162 condBias=49.7596 dotDrift=-13.088sigma uMRED=0.1924778968 uER=0.535400 uMAE=115.1021 WCE=1044 bias=-58.1875
[pop11_hard:00400] loss=52.200085 tau=6.00 collapse_w=0.000 mid_frac=0.226 hard=score=16.2542078813 wNMSE=0.11183567 wMSE=8519.6810 wMRED=1.89609311 wER=0.466187 wMAE=42.6379 wBias=-17.0076 condBias=45.1200 dotDrift=-11.793sigma uMRED=0.1721390775 uER=0.534424 uMAE=105.4414 WCE=1044 bias=-37.8125
[pop11_hard:00599] loss=55.614929 tau=6.00 collapse_w=0.000 mid_frac=0.185 hard=score=1.3864389126 wNMSE=0.14362341 wMSE=10941.2822 wMRED=1.98882643 wER=0.499498 wMAE=48.4101 wBias=2.6656 condBias=45.3368 dotDrift=+1.631sigma uMRED=0.1742581453 uER=0.539307 uMAE=106.0889 WCE=1044 bias=-8.3125
[pop11] done (conf=0.51, noise=1.0); global best score=0.5629904674 wNMSE=0.042308133 wMSE=3223.0486 wMRED=0.80731767 wER=0.207327 wMAE=17.1897 wBias=-1.9279 condBias=34.0002 dotDrift=-2.173sigma uMRED=0.0509231343 uER=0.252930 uMAE=23.6250 WCE=336 bias=0.0000
[best] stage=initial score=0.5629904674 wNMSE=0.042308133 wMSE=3223.0486 wMRED=0.80731767 wER=0.207327 wMAE=17.1897 wBias=-1.9279 condBias=34.0002 dotDrift=-2.173sigma uMRED=0.0509231343 uER=0.252930 uMAE=23.6250 WCE=336 bias=0.0000
[best-json] /home/xuanqi/tony/work/FPGA/signed8x8_approx/signed8x8_2026_8_22/runs_qwen_aligned_v2_20260914/default/base_q080/best_signed88_inits.json
[best-rtl] /home/xuanqi/tony/work/FPGA/signed8x8_approx/signed8x8_2026_8_22/runs_qwen_aligned_v2_20260914/default/base_q080/best_rtl
[design] default_split search_bits=168
[safety] max_zero_violations=0 max_workload_zero_violation_probability=0
[metric-guard] relative_to_base=0.02 limits={'max_zero_violations': 0, 'max_workload_zero_violation_probability': 0.0, 'max_wce': 336, 'max_er': 0.25798828125, 'max_mred': 0.05194159699258835, 'max_ned': 0.001470794677734375, 'max_rmse': 70.11340813282436, 'max_nmse': 0.0001615764673455242, 'max_abs_bias': 1.074041178505275, 'max_workload_wce': 336, 'max_workload_er': 0.2114733974431658, 'max_workload_mred': 0.8234640261831421, 'max_workload_ned': 0.0010701567513685636, 'max_workload_rmse': 57.90733801654324, 'max_workload_nmse': 0.043154295571426936, 'max_abs_workload_bias': 1.966495293433808, 'max_conditional_bias_rms': 34.680202271755206}
[start] score=0.5629904674 wNMSE=0.042308133 wMSE=3223.0486 wMRED=0.80731767 wER=0.207327 wMAE=17.1897 wBias=-1.9279 condBias=34.0002 dotDrift=-2.173sigma uMRED=0.0509231343 uER=0.252930 uMAE=23.6250 WCE=336 bias=0.0000
[single] ACCEPT ['mid_lut23:47'] 0.5629904674->0.4254589646 wNMSE=0.040544269 wBias=-1.28400
[single] round=2 no improvement
[pair] ACCEPT ['hi_lut23:47', 'hi_lut23:51'] 0.4254589646->0.2093670247 wNMSE=0.014086166 wBias=-1.16826
[pair] ACCEPT ['lo_lut23:47', 'lo_lut23:51'] 0.2093670247->0.2007686392 wNMSE=0.013661598 wBias=-1.16140
[pair] round=3 no improvement
[final] score=0.2007686392 wNMSE=0.013661598 wMSE=1040.7454 wMRED=0.65008969 wER=0.207327 wMAE=10.9337 wBias=-1.1614 condBias=19.8643 dotDrift=-2.304sigma uMRED=0.0321789185 uER=0.252930 uMAE=14.1250 WCE=200 bias=1.0000
[json] /home/xuanqi/tony/work/FPGA/signed8x8_approx/signed8x8_2026_8_22/runs_qwen_aligned_v2_20260914/default/base_q080/refined/best_signed88_inits.json
