[design] default quad4 entries=56
[device] cuda
[initial] score=2.2720954196 wNMSE=0.025368926 wMSE=756703.8750 wMRED=1.23836662 wER=0.578125 wMAE=393.4341 wBias=-120.1250 condBias=458.4841 dotDrift=-8.838sigma uMRED=1.2383666201 uER=0.578125 uMAE=393.4341 WCE=4016 bias=-120.1250
[quad_warmup_bit:00000] loss=0.372089 tau=1.50 collapse_w=0.000 mid_frac=0.482 hard=score=2.2720954196 wNMSE=0.025368926 wMSE=756703.8750 wMRED=1.23836662 wER=0.578125 wMAE=393.4341 wBias=-120.1250 condBias=458.4841 dotDrift=-8.838sigma uMRED=1.2383666201 uER=0.578125 uMAE=393.4341 WCE=4016 bias=-120.1250
[quad_warmup_bit:00175] loss=0.306259 tau=1.50 collapse_w=0.000 mid_frac=0.518 hard=score=1.9648996361 wNMSE=0.015743948 wMSE=469610.1875 wMRED=1.02047808 wER=0.532959 wMAE=299.5317 wBias=-112.3125 condBias=363.8190 dotDrift=-10.489sigma uMRED=1.0204780802 uER=0.532959 uMAE=299.5317 WCE=3360 bias=-112.3125 *BEST*
[quad_warmup_bit:00200] loss=0.298244 tau=1.50 collapse_w=0.000 mid_frac=0.518 hard=score=1.9648996361 wNMSE=0.015743948 wMSE=469610.1875 wMRED=1.02047808 wER=0.532959 wMAE=299.5317 wBias=-112.3125 condBias=363.8190 dotDrift=-10.489sigma uMRED=1.0204780802 uER=0.532959 uMAE=299.5317 WCE=3360 bias=-112.3125
[quad_warmup_bit:00250] loss=0.282803 tau=1.50 collapse_w=0.000 mid_frac=0.518 hard=score=1.6927792792 wNMSE=0.015636701 wMSE=466411.2500 wMRED=1.00653383 wER=0.505859 wMAE=289.8154 wBias=-103.1250 condBias=362.2277 dotDrift=-9.664sigma uMRED=1.0065338313 uER=0.505859 uMAE=289.8154 WCE=3360 bias=-103.1250 *BEST*
[quad_warmup_bit:00300] loss=0.268299 tau=1.50 collapse_w=0.000 mid_frac=0.464 hard=score=0.3320898012 wNMSE=0.013116945 wMSE=391252.0000 wMRED=0.92713460 wER=0.433594 wMAE=233.9688 wBias=-27.6250 condBias=325.4151 dotDrift=-2.827sigma uMRED=0.9271345991 uER=0.433594 uMAE=233.9688 WCE=3360 bias=-27.6250 *BEST*
[quad_warmup_bit:00350] loss=0.254944 tau=1.50 collapse_w=0.000 mid_frac=0.429 hard=score=0.2021302756 wNMSE=0.00055970933 wMSE=16695.0000 wMRED=0.16977864 wER=0.361328 wMAE=52.5000 wBias=-34.1250 condBias=76.4412 dotDrift=-16.903sigma uMRED=0.1697786440 uER=0.361328 uMAE=52.5000 WCE=672 bias=-34.1250 *BEST*
[quad_warmup_bit:00400] loss=0.242821 tau=1.50 collapse_w=0.000 mid_frac=0.375 hard=score=0.2552367319 wNMSE=0.00062307265 wMSE=18585.0000 wMRED=0.17523780 wER=0.325195 wMAE=52.5000 wBias=-39.3750 condBias=80.6520 dotDrift=-18.485sigma uMRED=0.1752378027 uER=0.325195 uMAE=52.5000 WCE=672 bias=-39.3750
[quad_warmup_bit:00575] loss=0.209073 tau=1.50 collapse_w=0.000 mid_frac=0.304 hard=score=0.0882056562 wNMSE=0.00039074048 wMSE=11655.0000 wMRED=0.07532800 wER=0.289062 wMAE=38.0625 wBias=-18.3750 condBias=63.8690 dotDrift=-10.893sigma uMRED=0.0753279980 uER=0.289062 uMAE=38.0625 WCE=672 bias=-18.3750 *BEST*
[quad_warmup_bit:00600] loss=0.205092 tau=1.50 collapse_w=0.000 mid_frac=0.286 hard=score=0.0882056562 wNMSE=0.00039074048 wMSE=11655.0000 wMRED=0.07532800 wER=0.289062 wMAE=38.0625 wBias=-18.3750 condBias=63.8690 dotDrift=-10.893sigma uMRED=0.0753279980 uER=0.289062 uMAE=38.0625 WCE=672 bias=-18.3750
[quad_warmup_bit:00800] loss=0.167590 tau=1.50 collapse_w=0.000 mid_frac=0.196 hard=score=0.0882056562 wNMSE=0.00039074048 wMSE=11655.0000 wMRED=0.07532800 wER=0.289062 wMAE=38.0625 wBias=-18.3750 condBias=63.8690 dotDrift=-10.893sigma uMRED=0.0753279980 uER=0.289062 uMAE=38.0625 WCE=672 bias=-18.3750
[quad_warmup_bit:00850] loss=0.158736 tau=1.50 collapse_w=0.000 mid_frac=0.143 hard=score=0.0218205713 wNMSE=0.0001584083 wMSE=4725.0000 wMRED=0.04843458 wER=0.252930 wMAE=23.6250 wBias=2.6250 condBias=40.6663 dotDrift=+2.444sigma uMRED=0.0484345819 uER=0.252930 uMAE=23.6250 WCE=336 bias=2.6250 *BEST*
[quad_warmup_bit:01000] loss=0.141646 tau=1.50 collapse_w=0.000 mid_frac=0.125 hard=score=0.0218205713 wNMSE=0.0001584083 wMSE=4725.0000 wMRED=0.04843458 wER=0.252930 wMAE=23.6250 wBias=2.6250 condBias=40.6663 dotDrift=+2.444sigma uMRED=0.0484345819 uER=0.252930 uMAE=23.6250 WCE=336 bias=2.6250
[quad_warmup_bit:01200] loss=0.132370 tau=1.50 collapse_w=0.000 mid_frac=0.089 hard=score=0.0292830439 wNMSE=0.00010560553 wMSE=3150.0000 wMRED=0.03811856 wER=0.252930 wMAE=18.3750 wBias=7.8750 condBias=33.2039 dotDrift=+8.980sigma uMRED=0.0381185630 uER=0.252930 uMAE=18.3750 WCE=336 bias=7.8750
[quad_warmup_bit:01400] loss=0.128151 tau=1.50 collapse_w=0.000 mid_frac=0.089 hard=score=0.0292830439 wNMSE=0.00010560553 wMSE=3150.0000 wMRED=0.03811856 wER=0.252930 wMAE=18.3750 wBias=7.8750 condBias=33.2039 dotDrift=+8.980sigma uMRED=0.0381185630 uER=0.252930 uMAE=18.3750 WCE=336 bias=7.8750
[quad_warmup_bit:01600] loss=0.126132 tau=1.50 collapse_w=0.000 mid_frac=0.089 hard=score=0.0292830439 wNMSE=0.00010560553 wMSE=3150.0000 wMRED=0.03811856 wER=0.252930 wMAE=18.3750 wBias=7.8750 condBias=33.2039 dotDrift=+8.980sigma uMRED=0.0381185630 uER=0.252930 uMAE=18.3750 WCE=336 bias=7.8750
[quad_warmup_bit:01800] loss=0.124935 tau=1.50 collapse_w=0.000 mid_frac=0.089 hard=score=0.0292830439 wNMSE=0.00010560553 wMSE=3150.0000 wMRED=0.03811856 wER=0.252930 wMAE=18.3750 wBias=7.8750 condBias=33.2039 dotDrift=+8.980sigma uMRED=0.0381185630 uER=0.252930 uMAE=18.3750 WCE=336 bias=7.8750
[quad_warmup_bit:02000] loss=0.124129 tau=1.50 collapse_w=0.000 mid_frac=0.089 hard=score=0.0292830439 wNMSE=0.00010560553 wMSE=3150.0000 wMRED=0.03811856 wER=0.252930 wMAE=18.3750 wBias=7.8750 condBias=33.2039 dotDrift=+8.980sigma uMRED=0.0381185630 uER=0.252930 uMAE=18.3750 WCE=336 bias=7.8750
[quad_warmup_bit:02200] loss=0.123547 tau=1.50 collapse_w=0.000 mid_frac=0.089 hard=score=0.0292830439 wNMSE=0.00010560553 wMSE=3150.0000 wMRED=0.03811856 wER=0.252930 wMAE=18.3750 wBias=7.8750 condBias=33.2039 dotDrift=+8.980sigma uMRED=0.0381185630 uER=0.252930 uMAE=18.3750 WCE=336 bias=7.8750
[quad_warmup_bit:02400] loss=0.123105 tau=1.50 collapse_w=0.000 mid_frac=0.089 hard=score=0.0292830439 wNMSE=0.00010560553 wMSE=3150.0000 wMRED=0.03811856 wER=0.252930 wMAE=18.3750 wBias=7.8750 condBias=33.2039 dotDrift=+8.980sigma uMRED=0.0381185630 uER=0.252930 uMAE=18.3750 WCE=336 bias=7.8750
[quad_warmup_bit:02600] loss=0.122763 tau=1.50 collapse_w=0.000 mid_frac=0.089 hard=score=0.0292830439 wNMSE=0.00010560553 wMSE=3150.0000 wMRED=0.03811856 wER=0.252930 wMAE=18.3750 wBias=7.8750 condBias=33.2039 dotDrift=+8.980sigma uMRED=0.0381185630 uER=0.252930 uMAE=18.3750 WCE=336 bias=7.8750
[quad_warmup_bit:02800] loss=0.122489 tau=1.50 collapse_w=0.000 mid_frac=0.089 hard=score=0.0292830439 wNMSE=0.00010560553 wMSE=3150.0000 wMRED=0.03811856 wER=0.252930 wMAE=18.3750 wBias=7.8750 condBias=33.2039 dotDrift=+8.980sigma uMRED=0.0381185630 uER=0.252930 uMAE=18.3750 WCE=336 bias=7.8750
[quad_warmup_bit:03000] loss=0.122267 tau=1.50 collapse_w=0.000 mid_frac=0.089 hard=score=0.0292830439 wNMSE=0.00010560553 wMSE=3150.0000 wMRED=0.03811856 wER=0.252930 wMAE=18.3750 wBias=7.8750 condBias=33.2039 dotDrift=+8.980sigma uMRED=0.0381185630 uER=0.252930 uMAE=18.3750 WCE=336 bias=7.8750
[quad_warmup_bit:03200] loss=0.122082 tau=1.50 collapse_w=0.000 mid_frac=0.089 hard=score=0.0292830439 wNMSE=0.00010560553 wMSE=3150.0000 wMRED=0.03811856 wER=0.252930 wMAE=18.3750 wBias=7.8750 condBias=33.2039 dotDrift=+8.980sigma uMRED=0.0381185630 uER=0.252930 uMAE=18.3750 WCE=336 bias=7.8750
[quad_warmup_bit:03400] loss=0.121931 tau=1.50 collapse_w=0.000 mid_frac=0.089 hard=score=0.0292830439 wNMSE=0.00010560553 wMSE=3150.0000 wMRED=0.03811856 wER=0.252930 wMAE=18.3750 wBias=7.8750 condBias=33.2039 dotDrift=+8.980sigma uMRED=0.0381185630 uER=0.252930 uMAE=18.3750 WCE=336 bias=7.8750
[quad_warmup_bit:03600] loss=0.121803 tau=1.50 collapse_w=0.000 mid_frac=0.089 hard=score=0.0292830439 wNMSE=0.00010560553 wMSE=3150.0000 wMRED=0.03811856 wER=0.252930 wMAE=18.3750 wBias=7.8750 condBias=33.2039 dotDrift=+8.980sigma uMRED=0.0381185630 uER=0.252930 uMAE=18.3750 WCE=336 bias=7.8750
[quad_warmup_bit:03800] loss=0.121694 tau=1.50 collapse_w=0.000 mid_frac=0.089 hard=score=0.0292830439 wNMSE=0.00010560553 wMSE=3150.0000 wMRED=0.03811856 wER=0.252930 wMAE=18.3750 wBias=7.8750 condBias=33.2039 dotDrift=+8.980sigma uMRED=0.0381185630 uER=0.252930 uMAE=18.3750 WCE=336 bias=7.8750
[quad_warmup_bit:04000] loss=0.121600 tau=1.50 collapse_w=0.000 mid_frac=0.089 hard=score=0.0292830439 wNMSE=0.00010560553 wMSE=3150.0000 wMRED=0.03811856 wER=0.252930 wMAE=18.3750 wBias=7.8750 condBias=33.2039 dotDrift=+8.980sigma uMRED=0.0381185630 uER=0.252930 uMAE=18.3750 WCE=336 bias=7.8750
[quad_warmup_bit:04200] loss=0.121519 tau=1.50 collapse_w=0.000 mid_frac=0.089 hard=score=0.0292830439 wNMSE=0.00010560553 wMSE=3150.0000 wMRED=0.03811856 wER=0.252930 wMAE=18.3750 wBias=7.8750 condBias=33.2039 dotDrift=+8.980sigma uMRED=0.0381185630 uER=0.252930 uMAE=18.3750 WCE=336 bias=7.8750
[quad_warmup_bit:04400] loss=0.121448 tau=1.50 collapse_w=0.000 mid_frac=0.089 hard=score=0.0292830439 wNMSE=0.00010560553 wMSE=3150.0000 wMRED=0.03811856 wER=0.252930 wMAE=18.3750 wBias=7.8750 condBias=33.2039 dotDrift=+8.980sigma uMRED=0.0381185630 uER=0.252930 uMAE=18.3750 WCE=336 bias=7.8750
[quad_warmup_bit:04600] loss=0.121386 tau=1.50 collapse_w=0.000 mid_frac=0.089 hard=score=0.0292830439 wNMSE=0.00010560553 wMSE=3150.0000 wMRED=0.03811856 wER=0.252930 wMAE=18.3750 wBias=7.8750 condBias=33.2039 dotDrift=+8.980sigma uMRED=0.0381185630 uER=0.252930 uMAE=18.3750 WCE=336 bias=7.8750
[quad_warmup_bit:04800] loss=0.121332 tau=1.50 collapse_w=0.000 mid_frac=0.089 hard=score=0.0292830439 wNMSE=0.00010560553 wMSE=3150.0000 wMRED=0.03811856 wER=0.252930 wMAE=18.3750 wBias=7.8750 condBias=33.2039 dotDrift=+8.980sigma uMRED=0.0381185630 uER=0.252930 uMAE=18.3750 WCE=336 bias=7.8750
[quad_warmup_bit:05000] loss=0.121284 tau=1.50 collapse_w=0.000 mid_frac=0.089 hard=score=0.0292830439 wNMSE=0.00010560553 wMSE=3150.0000 wMRED=0.03811856 wER=0.252930 wMAE=18.3750 wBias=7.8750 condBias=33.2039 dotDrift=+8.980sigma uMRED=0.0381185630 uER=0.252930 uMAE=18.3750 WCE=336 bias=7.8750
[quad_warmup_bit:05200] loss=0.121242 tau=1.50 collapse_w=0.000 mid_frac=0.089 hard=score=0.0292830439 wNMSE=0.00010560553 wMSE=3150.0000 wMRED=0.03811856 wER=0.252930 wMAE=18.3750 wBias=7.8750 condBias=33.2039 dotDrift=+8.980sigma uMRED=0.0381185630 uER=0.252930 uMAE=18.3750 WCE=336 bias=7.8750
[quad_warmup_bit:05400] loss=0.121205 tau=1.50 collapse_w=0.000 mid_frac=0.089 hard=score=0.0292830439 wNMSE=0.00010560553 wMSE=3150.0000 wMRED=0.03811856 wER=0.252930 wMAE=18.3750 wBias=7.8750 condBias=33.2039 dotDrift=+8.980sigma uMRED=0.0381185630 uER=0.252930 uMAE=18.3750 WCE=336 bias=7.8750
[quad_warmup_bit:05600] loss=0.121172 tau=1.50 collapse_w=0.000 mid_frac=0.089 hard=score=0.0292830439 wNMSE=0.00010560553 wMSE=3150.0000 wMRED=0.03811856 wER=0.252930 wMAE=18.3750 wBias=7.8750 condBias=33.2039 dotDrift=+8.980sigma uMRED=0.0381185630 uER=0.252930 uMAE=18.3750 WCE=336 bias=7.8750
[quad_warmup_bit:05800] loss=0.121143 tau=1.50 collapse_w=0.000 mid_frac=0.089 hard=score=0.0292830439 wNMSE=0.00010560553 wMSE=3150.0000 wMRED=0.03811856 wER=0.252930 wMAE=18.3750 wBias=7.8750 condBias=33.2039 dotDrift=+8.980sigma uMRED=0.0381185630 uER=0.252930 uMAE=18.3750 WCE=336 bias=7.8750
[quad_warmup_bit:05999] loss=0.121117 tau=1.50 collapse_w=0.000 mid_frac=0.089 hard=score=0.0292830439 wNMSE=0.00010560553 wMSE=3150.0000 wMRED=0.03811856 wER=0.252930 wMAE=18.3750 wBias=7.8750 condBias=33.2039 dotDrift=+8.980sigma uMRED=0.0381185630 uER=0.252930 uMAE=18.3750 WCE=336 bias=7.8750
[quad_soft:00000] loss=0.131603 tau=1.50 collapse_w=0.000 mid_frac=0.089 hard=score=0.0292830439 wNMSE=0.00010560553 wMSE=3150.0000 wMRED=0.03811856 wER=0.252930 wMAE=18.3750 wBias=7.8750 condBias=33.2039 dotDrift=+8.980sigma uMRED=0.0381185630 uER=0.252930 uMAE=18.3750 WCE=336 bias=7.8750
[quad_soft:00200] loss=0.128095 tau=1.59 collapse_w=0.000 mid_frac=0.071 hard=score=0.0292830439 wNMSE=0.00010560553 wMSE=3150.0000 wMRED=0.03811856 wER=0.252930 wMAE=18.3750 wBias=7.8750 condBias=33.2039 dotDrift=+8.980sigma uMRED=0.0381185630 uER=0.252930 uMAE=18.3750 WCE=336 bias=7.8750
[quad_soft:00400] loss=0.125660 tau=1.68 collapse_w=0.000 mid_frac=0.071 hard=score=0.0292830439 wNMSE=0.00010560553 wMSE=3150.0000 wMRED=0.03811856 wER=0.252930 wMAE=18.3750 wBias=7.8750 condBias=33.2039 dotDrift=+8.980sigma uMRED=0.0381185630 uER=0.252930 uMAE=18.3750 WCE=336 bias=7.8750
[quad_soft:00600] loss=0.123267 tau=1.77 collapse_w=0.000 mid_frac=0.071 hard=score=0.0292830439 wNMSE=0.00010560553 wMSE=3150.0000 wMRED=0.03811856 wER=0.252930 wMAE=18.3750 wBias=7.8750 condBias=33.2039 dotDrift=+8.980sigma uMRED=0.0381185630 uER=0.252930 uMAE=18.3750 WCE=336 bias=7.8750
[quad_soft:00800] loss=0.120886 tau=1.86 collapse_w=0.000 mid_frac=0.071 hard=score=0.0292830439 wNMSE=0.00010560553 wMSE=3150.0000 wMRED=0.03811856 wER=0.252930 wMAE=18.3750 wBias=7.8750 condBias=33.2039 dotDrift=+8.980sigma uMRED=0.0381185630 uER=0.252930 uMAE=18.3750 WCE=336 bias=7.8750
[quad_soft:01000] loss=0.118511 tau=1.95 collapse_w=0.000 mid_frac=0.071 hard=score=0.0292830439 wNMSE=0.00010560553 wMSE=3150.0000 wMRED=0.03811856 wER=0.252930 wMAE=18.3750 wBias=7.8750 condBias=33.2039 dotDrift=+8.980sigma uMRED=0.0381185630 uER=0.252930 uMAE=18.3750 WCE=336 bias=7.8750
[quad_soft:01200] loss=0.116137 tau=2.04 collapse_w=0.000 mid_frac=0.071 hard=score=0.0292830439 wNMSE=0.00010560553 wMSE=3150.0000 wMRED=0.03811856 wER=0.252930 wMAE=18.3750 wBias=7.8750 condBias=33.2039 dotDrift=+8.980sigma uMRED=0.0381185630 uER=0.252930 uMAE=18.3750 WCE=336 bias=7.8750
[quad_soft:01400] loss=0.113764 tau=2.13 collapse_w=0.000 mid_frac=0.071 hard=score=0.0292830439 wNMSE=0.00010560553 wMSE=3150.0000 wMRED=0.03811856 wER=0.252930 wMAE=18.3750 wBias=7.8750 condBias=33.2039 dotDrift=+8.980sigma uMRED=0.0381185630 uER=0.252930 uMAE=18.3750 WCE=336 bias=7.8750
[quad_soft:01600] loss=0.111391 tau=2.22 collapse_w=0.000 mid_frac=0.071 hard=score=0.0292830439 wNMSE=0.00010560553 wMSE=3150.0000 wMRED=0.03811856 wER=0.252930 wMAE=18.3750 wBias=7.8750 condBias=33.2039 dotDrift=+8.980sigma uMRED=0.0381185630 uER=0.252930 uMAE=18.3750 WCE=336 bias=7.8750
[quad_soft:01800] loss=0.109019 tau=2.31 collapse_w=0.000 mid_frac=0.071 hard=score=0.0292830439 wNMSE=0.00010560553 wMSE=3150.0000 wMRED=0.03811856 wER=0.252930 wMAE=18.3750 wBias=7.8750 condBias=33.2039 dotDrift=+8.980sigma uMRED=0.0381185630 uER=0.252930 uMAE=18.3750 WCE=336 bias=7.8750
[quad_soft:02000] loss=0.106647 tau=2.40 collapse_w=0.000 mid_frac=0.071 hard=score=0.0292830439 wNMSE=0.00010560553 wMSE=3150.0000 wMRED=0.03811856 wER=0.252930 wMAE=18.3750 wBias=7.8750 condBias=33.2039 dotDrift=+8.980sigma uMRED=0.0381185630 uER=0.252930 uMAE=18.3750 WCE=336 bias=7.8750
[quad_soft:02200] loss=0.104274 tau=2.49 collapse_w=0.000 mid_frac=0.071 hard=score=0.0292830439 wNMSE=0.00010560553 wMSE=3150.0000 wMRED=0.03811856 wER=0.252930 wMAE=18.3750 wBias=7.8750 condBias=33.2039 dotDrift=+8.980sigma uMRED=0.0381185630 uER=0.252930 uMAE=18.3750 WCE=336 bias=7.8750
[quad_soft:02400] loss=0.101901 tau=2.58 collapse_w=0.000 mid_frac=0.071 hard=score=0.0292830439 wNMSE=0.00010560553 wMSE=3150.0000 wMRED=0.03811856 wER=0.252930 wMAE=18.3750 wBias=7.8750 condBias=33.2039 dotDrift=+8.980sigma uMRED=0.0381185630 uER=0.252930 uMAE=18.3750 WCE=336 bias=7.8750
[quad_soft:02600] loss=0.099529 tau=2.67 collapse_w=0.000 mid_frac=0.071 hard=score=0.0292830439 wNMSE=0.00010560553 wMSE=3150.0000 wMRED=0.03811856 wER=0.252930 wMAE=18.3750 wBias=7.8750 condBias=33.2039 dotDrift=+8.980sigma uMRED=0.0381185630 uER=0.252930 uMAE=18.3750 WCE=336 bias=7.8750
[quad_soft:02800] loss=0.097155 tau=2.76 collapse_w=0.000 mid_frac=0.071 hard=score=0.0292830439 wNMSE=0.00010560553 wMSE=3150.0000 wMRED=0.03811856 wER=0.252930 wMAE=18.3750 wBias=7.8750 condBias=33.2039 dotDrift=+8.980sigma uMRED=0.0381185630 uER=0.252930 uMAE=18.3750 WCE=336 bias=7.8750
[quad_soft:03000] loss=0.094782 tau=2.85 collapse_w=0.000 mid_frac=0.071 hard=score=0.0292830439 wNMSE=0.00010560553 wMSE=3150.0000 wMRED=0.03811856 wER=0.252930 wMAE=18.3750 wBias=7.8750 condBias=33.2039 dotDrift=+8.980sigma uMRED=0.0381185630 uER=0.252930 uMAE=18.3750 WCE=336 bias=7.8750
[quad_soft:03200] loss=0.092408 tau=2.94 collapse_w=0.000 mid_frac=0.071 hard=score=0.0292830439 wNMSE=0.00010560553 wMSE=3150.0000 wMRED=0.03811856 wER=0.252930 wMAE=18.3750 wBias=7.8750 condBias=33.2039 dotDrift=+8.980sigma uMRED=0.0381185630 uER=0.252930 uMAE=18.3750 WCE=336 bias=7.8750
[quad_soft:03400] loss=0.090035 tau=3.03 collapse_w=0.000 mid_frac=0.071 hard=score=0.0292830439 wNMSE=0.00010560553 wMSE=3150.0000 wMRED=0.03811856 wER=0.252930 wMAE=18.3750 wBias=7.8750 condBias=33.2039 dotDrift=+8.980sigma uMRED=0.0381185630 uER=0.252930 uMAE=18.3750 WCE=336 bias=7.8750
[quad_soft:03600] loss=0.087660 tau=3.12 collapse_w=0.000 mid_frac=0.071 hard=score=0.0292830439 wNMSE=0.00010560553 wMSE=3150.0000 wMRED=0.03811856 wER=0.252930 wMAE=18.3750 wBias=7.8750 condBias=33.2039 dotDrift=+8.980sigma uMRED=0.0381185630 uER=0.252930 uMAE=18.3750 WCE=336 bias=7.8750
[quad_soft:03800] loss=0.085286 tau=3.21 collapse_w=0.000 mid_frac=0.071 hard=score=0.0292830439 wNMSE=0.00010560553 wMSE=3150.0000 wMRED=0.03811856 wER=0.252930 wMAE=18.3750 wBias=7.8750 condBias=33.2039 dotDrift=+8.980sigma uMRED=0.0381185630 uER=0.252930 uMAE=18.3750 WCE=336 bias=7.8750
[quad_soft:04000] loss=0.082912 tau=3.30 collapse_w=0.000 mid_frac=0.071 hard=score=0.0292830439 wNMSE=0.00010560553 wMSE=3150.0000 wMRED=0.03811856 wER=0.252930 wMAE=18.3750 wBias=7.8750 condBias=33.2039 dotDrift=+8.980sigma uMRED=0.0381185630 uER=0.252930 uMAE=18.3750 WCE=336 bias=7.8750
[quad_soft:04200] loss=0.080531 tau=3.39 collapse_w=0.000 mid_frac=0.071 hard=score=0.0292830439 wNMSE=0.00010560553 wMSE=3150.0000 wMRED=0.03811856 wER=0.252930 wMAE=18.3750 wBias=7.8750 condBias=33.2039 dotDrift=+8.980sigma uMRED=0.0381185630 uER=0.252930 uMAE=18.3750 WCE=336 bias=7.8750
[quad_soft:04400] loss=0.078150 tau=3.48 collapse_w=0.000 mid_frac=0.071 hard=score=0.0292830439 wNMSE=0.00010560553 wMSE=3150.0000 wMRED=0.03811856 wER=0.252930 wMAE=18.3750 wBias=7.8750 condBias=33.2039 dotDrift=+8.980sigma uMRED=0.0381185630 uER=0.252930 uMAE=18.3750 WCE=336 bias=7.8750
[quad_soft:04600] loss=0.075769 tau=3.57 collapse_w=0.000 mid_frac=0.071 hard=score=0.0292830439 wNMSE=0.00010560553 wMSE=3150.0000 wMRED=0.03811856 wER=0.252930 wMAE=18.3750 wBias=7.8750 condBias=33.2039 dotDrift=+8.980sigma uMRED=0.0381185630 uER=0.252930 uMAE=18.3750 WCE=336 bias=7.8750
[quad_soft:04800] loss=0.073386 tau=3.66 collapse_w=0.000 mid_frac=0.071 hard=score=0.0292830439 wNMSE=0.00010560553 wMSE=3150.0000 wMRED=0.03811856 wER=0.252930 wMAE=18.3750 wBias=7.8750 condBias=33.2039 dotDrift=+8.980sigma uMRED=0.0381185630 uER=0.252930 uMAE=18.3750 WCE=336 bias=7.8750
[quad_soft:05000] loss=0.071004 tau=3.75 collapse_w=0.000 mid_frac=0.071 hard=score=0.0292830439 wNMSE=0.00010560553 wMSE=3150.0000 wMRED=0.03811856 wER=0.252930 wMAE=18.3750 wBias=7.8750 condBias=33.2039 dotDrift=+8.980sigma uMRED=0.0381185630 uER=0.252930 uMAE=18.3750 WCE=336 bias=7.8750
[quad_soft:05200] loss=0.068621 tau=3.84 collapse_w=0.000 mid_frac=0.071 hard=score=0.0292830439 wNMSE=0.00010560553 wMSE=3150.0000 wMRED=0.03811856 wER=0.252930 wMAE=18.3750 wBias=7.8750 condBias=33.2039 dotDrift=+8.980sigma uMRED=0.0381185630 uER=0.252930 uMAE=18.3750 WCE=336 bias=7.8750
[quad_soft:05400] loss=0.066238 tau=3.93 collapse_w=0.000 mid_frac=0.071 hard=score=0.0292830439 wNMSE=0.00010560553 wMSE=3150.0000 wMRED=0.03811856 wER=0.252930 wMAE=18.3750 wBias=7.8750 condBias=33.2039 dotDrift=+8.980sigma uMRED=0.0381185630 uER=0.252930 uMAE=18.3750 WCE=336 bias=7.8750
[quad_soft:05600] loss=0.063856 tau=4.02 collapse_w=0.000 mid_frac=0.089 hard=score=0.0292830439 wNMSE=0.00010560553 wMSE=3150.0000 wMRED=0.03811856 wER=0.252930 wMAE=18.3750 wBias=7.8750 condBias=33.2039 dotDrift=+8.980sigma uMRED=0.0381185630 uER=0.252930 uMAE=18.3750 WCE=336 bias=7.8750
[quad_soft:05800] loss=0.061471 tau=4.11 collapse_w=0.000 mid_frac=0.089 hard=score=0.0292830439 wNMSE=0.00010560553 wMSE=3150.0000 wMRED=0.03811856 wER=0.252930 wMAE=18.3750 wBias=7.8750 condBias=33.2039 dotDrift=+8.980sigma uMRED=0.0381185630 uER=0.252930 uMAE=18.3750 WCE=336 bias=7.8750
[quad_soft:06000] loss=0.059089 tau=4.20 collapse_w=0.000 mid_frac=0.089 hard=score=0.0292830439 wNMSE=0.00010560553 wMSE=3150.0000 wMRED=0.03811856 wER=0.252930 wMAE=18.3750 wBias=7.8750 condBias=33.2039 dotDrift=+8.980sigma uMRED=0.0381185630 uER=0.252930 uMAE=18.3750 WCE=336 bias=7.8750
[quad_soft:06200] loss=0.057485 tau=4.29 collapse_w=0.025 mid_frac=0.107 hard=score=0.0292830439 wNMSE=0.00010560553 wMSE=3150.0000 wMRED=0.03811856 wER=0.252930 wMAE=18.3750 wBias=7.8750 condBias=33.2039 dotDrift=+8.980sigma uMRED=0.0381185630 uER=0.252930 uMAE=18.3750 WCE=336 bias=7.8750
[quad_soft:06400] loss=0.055769 tau=4.38 collapse_w=0.050 mid_frac=0.125 hard=score=0.0292830439 wNMSE=0.00010560553 wMSE=3150.0000 wMRED=0.03811856 wER=0.252930 wMAE=18.3750 wBias=7.8750 condBias=33.2039 dotDrift=+8.980sigma uMRED=0.0381185630 uER=0.252930 uMAE=18.3750 WCE=336 bias=7.8750
[quad_soft:06600] loss=0.054012 tau=4.47 collapse_w=0.075 mid_frac=0.125 hard=score=0.0292830439 wNMSE=0.00010560553 wMSE=3150.0000 wMRED=0.03811856 wER=0.252930 wMAE=18.3750 wBias=7.8750 condBias=33.2039 dotDrift=+8.980sigma uMRED=0.0381185630 uER=0.252930 uMAE=18.3750 WCE=336 bias=7.8750
[quad_soft:06800] loss=0.052260 tau=4.56 collapse_w=0.100 mid_frac=0.107 hard=score=0.0292830439 wNMSE=0.00010560553 wMSE=3150.0000 wMRED=0.03811856 wER=0.252930 wMAE=18.3750 wBias=7.8750 condBias=33.2039 dotDrift=+8.980sigma uMRED=0.0381185630 uER=0.252930 uMAE=18.3750 WCE=336 bias=7.8750
[quad_soft:07000] loss=0.050506 tau=4.65 collapse_w=0.125 mid_frac=0.107 hard=score=0.0292830439 wNMSE=0.00010560553 wMSE=3150.0000 wMRED=0.03811856 wER=0.252930 wMAE=18.3750 wBias=7.8750 condBias=33.2039 dotDrift=+8.980sigma uMRED=0.0381185630 uER=0.252930 uMAE=18.3750 WCE=336 bias=7.8750
[quad_soft:07200] loss=0.048744 tau=4.74 collapse_w=0.150 mid_frac=0.107 hard=score=0.0292830439 wNMSE=0.00010560553 wMSE=3150.0000 wMRED=0.03811856 wER=0.252930 wMAE=18.3750 wBias=7.8750 condBias=33.2039 dotDrift=+8.980sigma uMRED=0.0381185630 uER=0.252930 uMAE=18.3750 WCE=336 bias=7.8750
[quad_soft:07400] loss=0.046973 tau=4.83 collapse_w=0.175 mid_frac=0.107 hard=score=0.0292830439 wNMSE=0.00010560553 wMSE=3150.0000 wMRED=0.03811856 wER=0.252930 wMAE=18.3750 wBias=7.8750 condBias=33.2039 dotDrift=+8.980sigma uMRED=0.0381185630 uER=0.252930 uMAE=18.3750 WCE=336 bias=7.8750
[quad_soft:07600] loss=0.045189 tau=4.92 collapse_w=0.200 mid_frac=0.107 hard=score=0.0292830439 wNMSE=0.00010560553 wMSE=3150.0000 wMRED=0.03811856 wER=0.252930 wMAE=18.3750 wBias=7.8750 condBias=33.2039 dotDrift=+8.980sigma uMRED=0.0381185630 uER=0.252930 uMAE=18.3750 WCE=336 bias=7.8750
[quad_soft:07800] loss=0.043391 tau=5.01 collapse_w=0.225 mid_frac=0.107 hard=score=0.0292830439 wNMSE=0.00010560553 wMSE=3150.0000 wMRED=0.03811856 wER=0.252930 wMAE=18.3750 wBias=7.8750 condBias=33.2039 dotDrift=+8.980sigma uMRED=0.0381185630 uER=0.252930 uMAE=18.3750 WCE=336 bias=7.8750
[quad_soft:08000] loss=0.041577 tau=5.10 collapse_w=0.250 mid_frac=0.107 hard=score=0.0292830439 wNMSE=0.00010560553 wMSE=3150.0000 wMRED=0.03811856 wER=0.252930 wMAE=18.3750 wBias=7.8750 condBias=33.2039 dotDrift=+8.980sigma uMRED=0.0381185630 uER=0.252930 uMAE=18.3750 WCE=336 bias=7.8750
[quad_soft:08200] loss=0.039743 tau=5.19 collapse_w=0.275 mid_frac=0.107 hard=score=0.0292830439 wNMSE=0.00010560553 wMSE=3150.0000 wMRED=0.03811856 wER=0.252930 wMAE=18.3750 wBias=7.8750 condBias=33.2039 dotDrift=+8.980sigma uMRED=0.0381185630 uER=0.252930 uMAE=18.3750 WCE=336 bias=7.8750
[quad_soft:08400] loss=0.037889 tau=5.28 collapse_w=0.300 mid_frac=0.089 hard=score=0.0292830439 wNMSE=0.00010560553 wMSE=3150.0000 wMRED=0.03811856 wER=0.252930 wMAE=18.3750 wBias=7.8750 condBias=33.2039 dotDrift=+8.980sigma uMRED=0.0381185630 uER=0.252930 uMAE=18.3750 WCE=336 bias=7.8750
[quad_soft:08600] loss=0.036011 tau=5.37 collapse_w=0.325 mid_frac=0.089 hard=score=0.0292830439 wNMSE=0.00010560553 wMSE=3150.0000 wMRED=0.03811856 wER=0.252930 wMAE=18.3750 wBias=7.8750 condBias=33.2039 dotDrift=+8.980sigma uMRED=0.0381185630 uER=0.252930 uMAE=18.3750 WCE=336 bias=7.8750
[quad_soft:08800] loss=0.034097 tau=5.46 collapse_w=0.350 mid_frac=0.071 hard=score=0.0292830439 wNMSE=0.00010560553 wMSE=3150.0000 wMRED=0.03811856 wER=0.252930 wMAE=18.3750 wBias=7.8750 condBias=33.2039 dotDrift=+8.980sigma uMRED=0.0381185630 uER=0.252930 uMAE=18.3750 WCE=336 bias=7.8750
[quad_soft:09000] loss=0.032148 tau=5.55 collapse_w=0.375 mid_frac=0.071 hard=score=0.0292830439 wNMSE=0.00010560553 wMSE=3150.0000 wMRED=0.03811856 wER=0.252930 wMAE=18.3750 wBias=7.8750 condBias=33.2039 dotDrift=+8.980sigma uMRED=0.0381185630 uER=0.252930 uMAE=18.3750 WCE=336 bias=7.8750
[quad_soft:09200] loss=0.030148 tau=5.64 collapse_w=0.400 mid_frac=0.071 hard=score=0.0292830439 wNMSE=0.00010560553 wMSE=3150.0000 wMRED=0.03811856 wER=0.252930 wMAE=18.3750 wBias=7.8750 condBias=33.2039 dotDrift=+8.980sigma uMRED=0.0381185630 uER=0.252930 uMAE=18.3750 WCE=336 bias=7.8750
[quad_soft:09400] loss=0.028079 tau=5.73 collapse_w=0.425 mid_frac=0.054 hard=score=0.0292830439 wNMSE=0.00010560553 wMSE=3150.0000 wMRED=0.03811856 wER=0.252930 wMAE=18.3750 wBias=7.8750 condBias=33.2039 dotDrift=+8.980sigma uMRED=0.0381185630 uER=0.252930 uMAE=18.3750 WCE=336 bias=7.8750
[quad_soft:09600] loss=0.025916 tau=5.82 collapse_w=0.450 mid_frac=0.054 hard=score=0.0292830439 wNMSE=0.00010560553 wMSE=3150.0000 wMRED=0.03811856 wER=0.252930 wMAE=18.3750 wBias=7.8750 condBias=33.2039 dotDrift=+8.980sigma uMRED=0.0381185630 uER=0.252930 uMAE=18.3750 WCE=336 bias=7.8750
[quad_soft:09800] loss=0.023611 tau=5.91 collapse_w=0.475 mid_frac=0.054 hard=score=0.0292830439 wNMSE=0.00010560553 wMSE=3150.0000 wMRED=0.03811856 wER=0.252930 wMAE=18.3750 wBias=7.8750 condBias=33.2039 dotDrift=+8.980sigma uMRED=0.0381185630 uER=0.252930 uMAE=18.3750 WCE=336 bias=7.8750
[quad_soft:09999] loss=0.021114 tau=6.00 collapse_w=0.500 mid_frac=0.054 hard=score=0.0292830439 wNMSE=0.00010560553 wMSE=3150.0000 wMRED=0.03811856 wER=0.252930 wMAE=18.3750 wBias=7.8750 condBias=33.2039 dotDrift=+8.980sigma uMRED=0.0381185630 uER=0.252930 uMAE=18.3750 WCE=336 bias=7.8750
[quad_hard_ste:00000] loss=0.025444 tau=6.00 collapse_w=0.500 mid_frac=0.054 hard=score=0.0292830439 wNMSE=0.00010560553 wMSE=3150.0000 wMRED=0.03811856 wER=0.252930 wMAE=18.3750 wBias=7.8750 condBias=33.2039 dotDrift=+8.980sigma uMRED=0.0381185630 uER=0.252930 uMAE=18.3750 WCE=336 bias=7.8750
[quad_hard_ste:00200] loss=0.018290 tau=6.00 collapse_w=0.500 mid_frac=0.125 hard=score=0.0113311165 wNMSE=4.2242214e-05 wMSE=1260.0000 wMRED=0.02797704 wER=0.252930 wMAE=13.1250 wBias=2.6250 condBias=21.0000 dotDrift=+4.733sigma uMRED=0.0279770395 uER=0.252930 uMAE=13.1250 WCE=168 bias=2.6250 *BEST*
[quad_hard_ste:00400] loss=0.016371 tau=6.00 collapse_w=0.500 mid_frac=0.143 hard=score=0.0113311165 wNMSE=4.2242214e-05 wMSE=1260.0000 wMRED=0.02797704 wER=0.252930 wMAE=13.1250 wBias=2.6250 condBias=21.0000 dotDrift=+4.733sigma uMRED=0.0279770395 uER=0.252930 uMAE=13.1250 WCE=168 bias=2.6250
[quad_hard_ste:00600] loss=0.016154 tau=6.00 collapse_w=0.500 mid_frac=0.143 hard=score=0.0113311165 wNMSE=4.2242214e-05 wMSE=1260.0000 wMRED=0.02797704 wER=0.252930 wMAE=13.1250 wBias=2.6250 condBias=21.0000 dotDrift=+4.733sigma uMRED=0.0279770395 uER=0.252930 uMAE=13.1250 WCE=168 bias=2.6250
[quad_hard_ste:00800] loss=0.016079 tau=6.00 collapse_w=0.500 mid_frac=0.143 hard=score=0.0113311165 wNMSE=4.2242214e-05 wMSE=1260.0000 wMRED=0.02797704 wER=0.252930 wMAE=13.1250 wBias=2.6250 condBias=21.0000 dotDrift=+4.733sigma uMRED=0.0279770395 uER=0.252930 uMAE=13.1250 WCE=168 bias=2.6250
[quad_hard_ste:01000] loss=0.015996 tau=6.00 collapse_w=0.500 mid_frac=0.143 hard=score=0.0113311165 wNMSE=4.2242214e-05 wMSE=1260.0000 wMRED=0.02797704 wER=0.252930 wMAE=13.1250 wBias=2.6250 condBias=21.0000 dotDrift=+4.733sigma uMRED=0.0279770395 uER=0.252930 uMAE=13.1250 WCE=168 bias=2.6250
[quad_hard_ste:01200] loss=0.015906 tau=6.00 collapse_w=0.500 mid_frac=0.143 hard=score=0.0113311165 wNMSE=4.2242214e-05 wMSE=1260.0000 wMRED=0.02797704 wER=0.252930 wMAE=13.1250 wBias=2.6250 condBias=21.0000 dotDrift=+4.733sigma uMRED=0.0279770395 uER=0.252930 uMAE=13.1250 WCE=168 bias=2.6250
[quad_hard_ste:01400] loss=0.015811 tau=6.00 collapse_w=0.500 mid_frac=0.143 hard=score=0.0113311165 wNMSE=4.2242214e-05 wMSE=1260.0000 wMRED=0.02797704 wER=0.252930 wMAE=13.1250 wBias=2.6250 condBias=21.0000 dotDrift=+4.733sigma uMRED=0.0279770395 uER=0.252930 uMAE=13.1250 WCE=168 bias=2.6250
[quad_hard_ste:01600] loss=0.015713 tau=6.00 collapse_w=0.500 mid_frac=0.143 hard=score=0.0113311165 wNMSE=4.2242214e-05 wMSE=1260.0000 wMRED=0.02797704 wER=0.252930 wMAE=13.1250 wBias=2.6250 condBias=21.0000 dotDrift=+4.733sigma uMRED=0.0279770395 uER=0.252930 uMAE=13.1250 WCE=168 bias=2.6250
[quad_hard_ste:01800] loss=0.015612 tau=6.00 collapse_w=0.500 mid_frac=0.143 hard=score=0.0113311165 wNMSE=4.2242214e-05 wMSE=1260.0000 wMRED=0.02797704 wER=0.252930 wMAE=13.1250 wBias=2.6250 condBias=21.0000 dotDrift=+4.733sigma uMRED=0.0279770395 uER=0.252930 uMAE=13.1250 WCE=168 bias=2.6250
[quad_hard_ste:02000] loss=0.015508 tau=6.00 collapse_w=0.500 mid_frac=0.143 hard=score=0.0113311165 wNMSE=4.2242214e-05 wMSE=1260.0000 wMRED=0.02797704 wER=0.252930 wMAE=13.1250 wBias=2.6250 condBias=21.0000 dotDrift=+4.733sigma uMRED=0.0279770395 uER=0.252930 uMAE=13.1250 WCE=168 bias=2.6250
[quad_hard_ste:02200] loss=0.015401 tau=6.00 collapse_w=0.500 mid_frac=0.143 hard=score=0.0113311165 wNMSE=4.2242214e-05 wMSE=1260.0000 wMRED=0.02797704 wER=0.252930 wMAE=13.1250 wBias=2.6250 condBias=21.0000 dotDrift=+4.733sigma uMRED=0.0279770395 uER=0.252930 uMAE=13.1250 WCE=168 bias=2.6250
[quad_hard_ste:02400] loss=0.015298 tau=6.00 collapse_w=0.500 mid_frac=0.143 hard=score=0.0113311165 wNMSE=4.2242214e-05 wMSE=1260.0000 wMRED=0.02797704 wER=0.252930 wMAE=13.1250 wBias=2.6250 condBias=21.0000 dotDrift=+4.733sigma uMRED=0.0279770395 uER=0.252930 uMAE=13.1250 WCE=168 bias=2.6250
[quad_hard_ste:02600] loss=0.015202 tau=6.00 collapse_w=0.500 mid_frac=0.143 hard=score=0.0113311165 wNMSE=4.2242214e-05 wMSE=1260.0000 wMRED=0.02797704 wER=0.252930 wMAE=13.1250 wBias=2.6250 condBias=21.0000 dotDrift=+4.733sigma uMRED=0.0279770395 uER=0.252930 uMAE=13.1250 WCE=168 bias=2.6250
[quad_hard_ste:02800] loss=0.015116 tau=6.00 collapse_w=0.500 mid_frac=0.143 hard=score=0.0113311165 wNMSE=4.2242214e-05 wMSE=1260.0000 wMRED=0.02797704 wER=0.252930 wMAE=13.1250 wBias=2.6250 condBias=21.0000 dotDrift=+4.733sigma uMRED=0.0279770395 uER=0.252930 uMAE=13.1250 WCE=168 bias=2.6250
[quad_hard_ste:03000] loss=0.015039 tau=6.00 collapse_w=0.500 mid_frac=0.143 hard=score=0.0113311165 wNMSE=4.2242214e-05 wMSE=1260.0000 wMRED=0.02797704 wER=0.252930 wMAE=13.1250 wBias=2.6250 condBias=21.0000 dotDrift=+4.733sigma uMRED=0.0279770395 uER=0.252930 uMAE=13.1250 WCE=168 bias=2.6250
[quad_hard_ste:03200] loss=0.014969 tau=6.00 collapse_w=0.500 mid_frac=0.143 hard=score=0.0113311165 wNMSE=4.2242214e-05 wMSE=1260.0000 wMRED=0.02797704 wER=0.252930 wMAE=13.1250 wBias=2.6250 condBias=21.0000 dotDrift=+4.733sigma uMRED=0.0279770395 uER=0.252930 uMAE=13.1250 WCE=168 bias=2.6250
[quad_hard_ste:03400] loss=0.014906 tau=6.00 collapse_w=0.500 mid_frac=0.143 hard=score=0.0113311165 wNMSE=4.2242214e-05 wMSE=1260.0000 wMRED=0.02797704 wER=0.252930 wMAE=13.1250 wBias=2.6250 condBias=21.0000 dotDrift=+4.733sigma uMRED=0.0279770395 uER=0.252930 uMAE=13.1250 WCE=168 bias=2.6250
[quad_hard_ste:03600] loss=0.014848 tau=6.00 collapse_w=0.500 mid_frac=0.143 hard=score=0.0113311165 wNMSE=4.2242214e-05 wMSE=1260.0000 wMRED=0.02797704 wER=0.252930 wMAE=13.1250 wBias=2.6250 condBias=21.0000 dotDrift=+4.733sigma uMRED=0.0279770395 uER=0.252930 uMAE=13.1250 WCE=168 bias=2.6250
[quad_hard_ste:03800] loss=0.014796 tau=6.00 collapse_w=0.500 mid_frac=0.143 hard=score=0.0113311165 wNMSE=4.2242214e-05 wMSE=1260.0000 wMRED=0.02797704 wER=0.252930 wMAE=13.1250 wBias=2.6250 condBias=21.0000 dotDrift=+4.733sigma uMRED=0.0279770395 uER=0.252930 uMAE=13.1250 WCE=168 bias=2.6250
[quad_hard_ste:03999] loss=0.014748 tau=6.00 collapse_w=0.500 mid_frac=0.143 hard=score=0.0113311165 wNMSE=4.2242214e-05 wMSE=1260.0000 wMRED=0.02797704 wER=0.252930 wMAE=13.1250 wBias=2.6250 condBias=21.0000 dotDrift=+4.733sigma uMRED=0.0279770395 uER=0.252930 uMAE=13.1250 WCE=168 bias=2.6250
[pop00_soft:00000] loss=0.541065 tau=1.50 collapse_w=0.000 mid_frac=0.411 hard=score=0.4098186268 wNMSE=0.0061983241 wMSE=184883.5000 wMRED=0.50173832 wER=0.578125 wMAE=210.6484 wBias=43.2500 condBias=209.3469 dotDrift=+6.437sigma uMRED=0.5017383161 uER=0.578125 uMAE=210.6484 WCE=2336 bias=43.2500
[pop00_soft:00200] loss=0.310937 tau=2.25 collapse_w=0.000 mid_frac=0.357 hard=score=0.1468273995 wNMSE=0.0022388373 wMSE=66780.0000 wMRED=0.17640468 wER=0.451660 wMAE=106.6406 wBias=-21.0000 condBias=152.8823 dotDrift=-5.201sigma uMRED=0.1764046849 uER=0.451660 uMAE=106.6406 WCE=1344 bias=-21.0000
[pop00_soft:00400] loss=0.140224 tau=3.00 collapse_w=0.000 mid_frac=0.179 hard=score=0.6304638461 wNMSE=0.0017530519 wMSE=52290.0000 wMRED=0.13227221 wER=0.361328 wMAE=82.6875 wBias=-63.0000 condBias=135.2830 dotDrift=-17.632sigma uMRED=0.1322722097 uER=0.361328 uMAE=82.6875 WCE=1344 bias=-63.0000
[pop00_soft:00600] loss=0.080145 tau=3.75 collapse_w=0.000 mid_frac=0.125 hard=score=0.0245804938 wNMSE=0.00011616609 wMSE=3465.0000 wMRED=0.04563806 wER=0.289062 wMAE=21.0000 wBias=5.2500 condBias=34.8246 dotDrift=+5.708sigma uMRED=0.0456380601 uER=0.289062 uMAE=21.0000 WCE=336 bias=5.2500
[pop00_soft:00800] loss=0.056321 tau=4.50 collapse_w=0.084 mid_frac=0.071 hard=score=0.0292830439 wNMSE=0.00010560553 wMSE=3150.0000 wMRED=0.03811856 wER=0.252930 wMAE=18.3750 wBias=7.8750 condBias=33.2039 dotDrift=+8.980sigma uMRED=0.0381185630 uER=0.252930 uMAE=18.3750 WCE=336 bias=7.8750
[pop00_soft:01000] loss=0.042528 tau=5.25 collapse_w=0.293 mid_frac=0.071 hard=score=0.0292830439 wNMSE=0.00010560553 wMSE=3150.0000 wMRED=0.03811856 wER=0.252930 wMAE=18.3750 wBias=7.8750 condBias=33.2039 dotDrift=+8.980sigma uMRED=0.0381185630 uER=0.252930 uMAE=18.3750 WCE=336 bias=7.8750
[pop00_soft:01199] loss=0.025552 tau=6.00 collapse_w=0.500 mid_frac=0.036 hard=score=0.0292830439 wNMSE=0.00010560553 wMSE=3150.0000 wMRED=0.03811856 wER=0.252930 wMAE=18.3750 wBias=7.8750 condBias=33.2039 dotDrift=+8.980sigma uMRED=0.0381185630 uER=0.252930 uMAE=18.3750 WCE=336 bias=7.8750
[pop00_hard:00000] loss=0.030499 tau=6.00 collapse_w=0.500 mid_frac=0.036 hard=score=0.0292830439 wNMSE=0.00010560553 wMSE=3150.0000 wMRED=0.03811856 wER=0.252930 wMAE=18.3750 wBias=7.8750 condBias=33.2039 dotDrift=+8.980sigma uMRED=0.0381185630 uER=0.252930 uMAE=18.3750 WCE=336 bias=7.8750
[pop00_hard:00200] loss=0.024479 tau=6.00 collapse_w=0.500 mid_frac=0.125 hard=score=0.0217801362 wNMSE=0.00013728719 wMSE=4095.0000 wMRED=0.04305469 wER=0.270996 wMAE=22.3125 wBias=-2.6250 condBias=37.8583 dotDrift=-2.625sigma uMRED=0.0430546854 uER=0.270996 uMAE=22.3125 WCE=336 bias=-2.6250
[pop00_hard:00400] loss=0.029948 tau=6.00 collapse_w=0.500 mid_frac=0.089 hard=score=0.0217801362 wNMSE=0.00013728719 wMSE=4095.0000 wMRED=0.04305469 wER=0.270996 wMAE=22.3125 wBias=-2.6250 condBias=37.8583 dotDrift=-2.625sigma uMRED=0.0430546854 uER=0.270996 uMAE=22.3125 WCE=336 bias=-2.6250
[pop00_hard:00599] loss=0.022526 tau=6.00 collapse_w=0.500 mid_frac=0.107 hard=score=0.0217801362 wNMSE=0.00013728719 wMSE=4095.0000 wMRED=0.04305469 wER=0.270996 wMAE=22.3125 wBias=-2.6250 condBias=37.8583 dotDrift=-2.625sigma uMRED=0.0430546854 uER=0.270996 uMAE=22.3125 WCE=336 bias=-2.6250
[pop00] done (conf=0.53, noise=0.5); global best score=0.0113311165 wNMSE=4.2242214e-05 wMSE=1260.0000 wMRED=0.02797704 wER=0.252930 wMAE=13.1250 wBias=2.6250 condBias=21.0000 dotDrift=+4.733sigma uMRED=0.0279770395 uER=0.252930 uMAE=13.1250 WCE=168 bias=2.6250
[pop01_soft:00000] loss=0.613193 tau=1.50 collapse_w=0.000 mid_frac=0.339 hard=score=4.4879751138 wNMSE=0.022532514 wMSE=672099.4375 wMRED=0.95882163 wER=0.578125 wMAE=424.0352 wBias=176.0625 condBias=438.1908 dotDrift=+13.745sigma uMRED=0.9588216318 uER=0.578125 uMAE=424.0352 WCE=3145 bias=176.0625
[pop01_soft:00200] loss=0.388198 tau=2.25 collapse_w=0.000 mid_frac=0.339 hard=score=3.3749120195 wNMSE=0.01221856 wMSE=364455.0000 wMRED=0.62297852 wER=0.569092 wMAE=296.6250 wBias=-152.2500 condBias=357.1544 dotDrift=-16.140sigma uMRED=0.6229785177 uER=0.569092 uMAE=296.6250 WCE=2772 bias=-152.2500
[pop01_soft:00400] loss=0.267311 tau=3.00 collapse_w=0.000 mid_frac=0.321 hard=score=2.1873108341 wNMSE=0.011479322 wMSE=342405.0000 wMRED=0.53236297 wER=0.532959 wMAE=271.0312 wBias=-120.7500 condBias=346.1817 dotDrift=-13.207sigma uMRED=0.5323629735 uER=0.532959 uMAE=271.0312 WCE=2688 bias=-120.7500
[pop01_soft:00600] loss=0.159978 tau=3.75 collapse_w=0.000 mid_frac=0.321 hard=score=4.5547479363 wNMSE=0.0080577023 wMSE=240345.0000 wMRED=0.32732634 wER=0.469727 wMAE=200.1562 wBias=-178.5000 condBias=301.7201 dotDrift=-23.302sigma uMRED=0.3273263384 uER=0.469727 uMAE=200.1562 WCE=2688 bias=-178.5000
[pop01_soft:00800] loss=0.111758 tau=4.50 collapse_w=0.084 mid_frac=0.286 hard=score=1.3390410836 wNMSE=0.0025978961 wMSE=77490.0000 wMRED=0.17045082 wER=0.370361 wMAE=107.6250 wBias=-94.5000 condBias=164.6861 dotDrift=-21.726sigma uMRED=0.1704508212 uER=0.370361 uMAE=107.6250 WCE=1764 bias=-94.5000
[pop01_soft:01000] loss=0.086204 tau=5.25 collapse_w=0.293 mid_frac=0.250 hard=score=1.5476596503 wNMSE=0.0030519999 wMSE=91035.0000 wMRED=0.18025625 wER=0.370361 wMAE=115.5000 wBias=-102.3750 condBias=178.5000 dotDrift=-21.715sigma uMRED=0.1802562459 uER=0.370361 uMAE=115.5000 WCE=1680 bias=-102.3750
[pop01_soft:01199] loss=0.060167 tau=6.00 collapse_w=0.500 mid_frac=0.250 hard=score=1.5476596503 wNMSE=0.0030519999 wMSE=91035.0000 wMRED=0.18025625 wER=0.370361 wMAE=115.5000 wBias=-102.3750 condBias=178.5000 dotDrift=-21.715sigma uMRED=0.1802562459 uER=0.370361 uMAE=115.5000 WCE=1680 bias=-102.3750
[pop01_hard:00000] loss=1.504998 tau=6.00 collapse_w=0.500 mid_frac=0.250 hard=score=1.5476596503 wNMSE=0.0030519999 wMSE=91035.0000 wMRED=0.18025625 wER=0.370361 wMAE=115.5000 wBias=-102.3750 condBias=178.5000 dotDrift=-21.715sigma uMRED=0.1802562459 uER=0.370361 uMAE=115.5000 WCE=1680 bias=-102.3750
[pop01_hard:00200] loss=1.503211 tau=6.00 collapse_w=0.500 mid_frac=0.250 hard=score=1.5476596503 wNMSE=0.0030519999 wMSE=91035.0000 wMRED=0.18025625 wER=0.370361 wMAE=115.5000 wBias=-102.3750 condBias=178.5000 dotDrift=-21.715sigma uMRED=0.1802562459 uER=0.370361 uMAE=115.5000 WCE=1680 bias=-102.3750
[pop01_hard:00400] loss=0.555534 tau=6.00 collapse_w=0.500 mid_frac=0.232 hard=score=0.5855712962 wNMSE=0.0015312802 wMSE=45675.0000 wMRED=0.12623945 wER=0.325195 wMAE=73.5000 wBias=-60.3750 condBias=126.4367 dotDrift=-18.080sigma uMRED=0.1262394454 uER=0.325195 uMAE=73.5000 WCE=1344 bias=-60.3750
[pop01_hard:00599] loss=0.189042 tau=6.00 collapse_w=0.500 mid_frac=0.214 hard=score=0.5021793686 wNMSE=0.0014784775 wMSE=44100.0000 wMRED=0.11592343 wER=0.325195 wMAE=68.2500 wBias=-55.1250 condBias=124.2377 dotDrift=-16.800sigma uMRED=0.1159234265 uER=0.325195 uMAE=68.2500 WCE=1344 bias=-55.1250
[pop01] done (conf=0.51, noise=1.0); global best score=0.0113311165 wNMSE=4.2242214e-05 wMSE=1260.0000 wMRED=0.02797704 wER=0.252930 wMAE=13.1250 wBias=2.6250 condBias=21.0000 dotDrift=+4.733sigma uMRED=0.0279770395 uER=0.252930 uMAE=13.1250 WCE=168 bias=2.6250
[pop02_soft:00000] loss=0.537547 tau=1.50 collapse_w=0.000 mid_frac=0.375 hard=score=0.6026263713 wNMSE=0.0082741936 wMSE=246802.5000 wMRED=0.83321233 wER=0.578125 wMAE=233.9531 wBias=-57.7500 condBias=293.9062 dotDrift=-7.440sigma uMRED=0.8332123275 uER=0.578125 uMAE=233.9531 WCE=2121 bias=-57.7500
[pop02_soft:00200] loss=0.323976 tau=2.25 collapse_w=0.000 mid_frac=0.357 hard=score=0.8781830515 wNMSE=0.0033233894 wMSE=99130.0000 wMRED=0.40556436 wER=0.397461 wMAE=103.3926 wBias=-68.1250 condBias=138.2371 dotDrift=-13.848sigma uMRED=0.4055643623 uER=0.397461 uMAE=103.3926 WCE=3856 bias=-68.1250
[pop02_soft:00400] loss=0.181270 tau=3.00 collapse_w=0.000 mid_frac=0.214 hard=score=0.3284248013 wNMSE=0.0015629954 wMSE=46621.0000 wMRED=0.20268913 wER=0.388428 wMAE=65.6406 wBias=-26.3750 condBias=82.4363 dotDrift=-7.818sigma uMRED=0.2026891286 uER=0.388428 uMAE=65.6406 WCE=3776 bias=-26.3750
[pop02_soft:00600] loss=0.121270 tau=3.75 collapse_w=0.000 mid_frac=0.143 hard=score=0.2148296979 wNMSE=0.00083428372 wMSE=24885.0000 wMRED=0.22818431 wER=0.316162 wMAE=49.2188 wBias=-31.5000 condBias=93.3260 dotDrift=-12.780sigma uMRED=0.2281843147 uER=0.316162 uMAE=49.2188 WCE=1260 bias=-31.5000
[pop02_soft:00800] loss=0.094650 tau=4.50 collapse_w=0.084 mid_frac=0.161 hard=score=0.1627493283 wNMSE=0.00073923874 wMSE=22050.0000 wMRED=0.20653413 wER=0.289062 wMAE=43.9688 wBias=-26.2500 condBias=87.8493 dotDrift=-11.314sigma uMRED=0.2065341265 uER=0.289062 uMAE=43.9688 WCE=1092 bias=-26.2500
[pop02_soft:01000] loss=0.061326 tau=5.25 collapse_w=0.293 mid_frac=0.125 hard=score=0.0297748645 wNMSE=0.00014784775 wMSE=4410.0000 wMRED=0.08527433 wER=0.270996 wMAE=22.9688 wBias=-5.2500 condBias=39.2874 dotDrift=-5.060sigma uMRED=0.0852743342 uER=0.270996 uMAE=22.9688 WCE=420 bias=-5.2500
[pop02_soft:01199] loss=0.037336 tau=6.00 collapse_w=0.500 mid_frac=0.125 hard=score=0.0297748645 wNMSE=0.00014784775 wMSE=4410.0000 wMRED=0.08527433 wER=0.270996 wMAE=22.9688 wBias=-5.2500 condBias=39.2874 dotDrift=-5.060sigma uMRED=0.0852743342 uER=0.270996 uMAE=22.9688 WCE=420 bias=-5.2500
[pop02_hard:00000] loss=0.032863 tau=6.00 collapse_w=0.500 mid_frac=0.125 hard=score=0.0297748645 wNMSE=0.00014784775 wMSE=4410.0000 wMRED=0.08527433 wER=0.270996 wMAE=22.9688 wBias=-5.2500 condBias=39.2874 dotDrift=-5.060sigma uMRED=0.0852743342 uER=0.270996 uMAE=22.9688 WCE=420 bias=-5.2500
[pop02_hard:00200] loss=0.029432 tau=6.00 collapse_w=0.500 mid_frac=0.125 hard=score=0.0297748645 wNMSE=0.00014784775 wMSE=4410.0000 wMRED=0.08527433 wER=0.270996 wMAE=22.9688 wBias=-5.2500 condBias=39.2874 dotDrift=-5.060sigma uMRED=0.0852743342 uER=0.270996 uMAE=22.9688 WCE=420 bias=-5.2500
[pop02_hard:00400] loss=0.027516 tau=6.00 collapse_w=0.500 mid_frac=0.125 hard=score=0.0297748645 wNMSE=0.00014784775 wMSE=4410.0000 wMRED=0.08527433 wER=0.270996 wMAE=22.9688 wBias=-5.2500 condBias=39.2874 dotDrift=-5.060sigma uMRED=0.0852743342 uER=0.270996 uMAE=22.9688 WCE=420 bias=-5.2500
[pop02_hard:00599] loss=0.026297 tau=6.00 collapse_w=0.500 mid_frac=0.125 hard=score=0.0297748645 wNMSE=0.00014784775 wMSE=4410.0000 wMRED=0.08527433 wER=0.270996 wMAE=22.9688 wBias=-5.2500 condBias=39.2874 dotDrift=-5.060sigma uMRED=0.0852743342 uER=0.270996 uMAE=22.9688 WCE=420 bias=-5.2500
[pop02] done (conf=0.53, noise=0.5); global best score=0.0113311165 wNMSE=4.2242214e-05 wMSE=1260.0000 wMRED=0.02797704 wER=0.252930 wMAE=13.1250 wBias=2.6250 condBias=21.0000 dotDrift=+4.733sigma uMRED=0.0279770395 uER=0.252930 uMAE=13.1250 WCE=168 bias=2.6250
[pop03_soft:00000] loss=0.620259 tau=1.50 collapse_w=0.000 mid_frac=0.464 hard=score=0.3049079927 wNMSE=0.033098822 wMSE=987271.0625 wMRED=1.04208078 wER=0.578125 wMAE=513.1650 wBias=4.0625 condBias=540.7575 dotDrift=+0.262sigma uMRED=1.0420807834 uER=0.578125 uMAE=513.1650 WCE=3944 bias=4.0625
[pop03_soft:00200] loss=0.458537 tau=2.25 collapse_w=0.000 mid_frac=0.464 hard=score=3.2474500128 wNMSE=0.022275384 wMSE=664429.7500 wMRED=0.73830132 wER=0.569092 wMAE=415.6758 wBias=-148.0000 condBias=431.0624 dotDrift=-11.620sigma uMRED=0.7383013196 uER=0.569092 uMAE=415.6758 WCE=3264 bias=-148.0000
[pop03_soft:00400] loss=0.277224 tau=3.00 collapse_w=0.000 mid_frac=0.304 hard=score=4.0555912275 wNMSE=0.0069382836 wMSE=206955.0000 wMRED=0.33246829 wER=0.424561 wMAE=168.0000 wBias=-168.0000 condBias=283.9718 dotDrift=-23.635sigma uMRED=0.3324682852 uER=0.424561 uMAE=168.0000 WCE=2730 bias=-168.0000
[pop03_soft:00600] loss=0.153221 tau=3.75 collapse_w=0.000 mid_frac=0.250 hard=score=1.0973432914 wNMSE=0.0028407889 wMSE=84735.0000 wMRED=0.16367875 wER=0.343262 wMAE=84.0000 wBias=-84.0000 condBias=172.2128 dotDrift=-18.468sigma uMRED=0.1636787480 uER=0.343262 uMAE=84.0000 WCE=2016 bias=-84.0000
[pop03_soft:00800] loss=0.091583 tau=4.50 collapse_w=0.084 mid_frac=0.232 hard=score=0.4470105357 wNMSE=0.00090820759 wMSE=27090.0000 wMRED=0.11603303 wER=0.352295 wMAE=65.6250 wBias=-52.5000 condBias=97.3730 dotDrift=-20.414sigma uMRED=0.1160330298 uER=0.352295 uMAE=65.6250 WCE=1092 bias=-52.5000
[pop03_soft:01000] loss=0.069317 tau=5.25 collapse_w=0.293 mid_frac=0.143 hard=score=0.2760774766 wNMSE=0.00081316261 wMSE=24255.0000 wMRED=0.10593890 wER=0.334229 wMAE=59.0625 wBias=-39.3750 condBias=92.1371 dotDrift=-16.181sigma uMRED=0.1059388979 uER=0.334229 uMAE=59.0625 WCE=1008 bias=-39.3750
[pop03_soft:01199] loss=0.046695 tau=6.00 collapse_w=0.500 mid_frac=0.143 hard=score=0.2760774766 wNMSE=0.00081316261 wMSE=24255.0000 wMRED=0.10593890 wER=0.334229 wMAE=59.0625 wBias=-39.3750 condBias=92.1371 dotDrift=-16.181sigma uMRED=0.1059388979 uER=0.334229 uMAE=59.0625 WCE=1008 bias=-39.3750
[pop03_hard:00000] loss=0.254109 tau=6.00 collapse_w=0.500 mid_frac=0.143 hard=score=0.2760774766 wNMSE=0.00081316261 wMSE=24255.0000 wMRED=0.10593890 wER=0.334229 wMAE=59.0625 wBias=-39.3750 condBias=92.1371 dotDrift=-16.181sigma uMRED=0.1059388979 uER=0.334229 uMAE=59.0625 WCE=1008 bias=-39.3750
[pop03_hard:00200] loss=0.250775 tau=6.00 collapse_w=0.500 mid_frac=0.143 hard=score=0.2760774766 wNMSE=0.00081316261 wMSE=24255.0000 wMRED=0.10593890 wER=0.334229 wMAE=59.0625 wBias=-39.3750 condBias=92.1371 dotDrift=-16.181sigma uMRED=0.1059388979 uER=0.334229 uMAE=59.0625 WCE=1008 bias=-39.3750
[pop03_hard:00400] loss=0.251397 tau=6.00 collapse_w=0.500 mid_frac=0.143 hard=score=0.2760774766 wNMSE=0.00081316261 wMSE=24255.0000 wMRED=0.10593890 wER=0.334229 wMAE=59.0625 wBias=-39.3750 condBias=92.1371 dotDrift=-16.181sigma uMRED=0.1059388979 uER=0.334229 uMAE=59.0625 WCE=1008 bias=-39.3750
[pop03_hard:00599] loss=0.080803 tau=6.00 collapse_w=0.500 mid_frac=0.143 hard=score=0.1090610042 wNMSE=0.00058083044 wMSE=17325.0000 wMRED=0.07904548 wER=0.298096 wMAE=44.6250 wBias=-18.3750 condBias=77.8701 dotDrift=-8.935sigma uMRED=0.0790454818 uER=0.298096 uMAE=44.6250 WCE=1008 bias=-18.3750
[pop03] done (conf=0.51, noise=1.0); global best score=0.0113311165 wNMSE=4.2242214e-05 wMSE=1260.0000 wMRED=0.02797704 wER=0.252930 wMAE=13.1250 wBias=2.6250 condBias=21.0000 dotDrift=+4.733sigma uMRED=0.0279770395 uER=0.252930 uMAE=13.1250 WCE=168 bias=2.6250
[pop04_soft:00000] loss=0.492930 tau=1.50 collapse_w=0.000 mid_frac=0.286 hard=score=0.2373621028 wNMSE=0.023628551 wMSE=704792.0000 wMRED=1.08028494 wER=0.569092 wMAE=395.0908 wBias=4.8750 condBias=414.6263 dotDrift=+0.372sigma uMRED=1.0802849431 uER=0.569092 uMAE=395.0908 WCE=3200 bias=4.8750
[pop04_soft:00200] loss=0.275152 tau=2.25 collapse_w=0.000 mid_frac=0.214 hard=score=0.1828211237 wNMSE=0.00082372317 wMSE=24570.0000 wMRED=0.24099949 wER=0.397461 wMAE=57.0938 wBias=-28.8750 condBias=92.7335 dotDrift=-11.790sigma uMRED=0.2409994937 uER=0.397461 uMAE=57.0938 WCE=1092 bias=-28.8750
[pop04_soft:00400] loss=0.122666 tau=3.00 collapse_w=0.000 mid_frac=0.054 hard=score=0.0245804938 wNMSE=0.00011616609 wMSE=3465.0000 wMRED=0.04563806 wER=0.289062 wMAE=21.0000 wBias=5.2500 condBias=34.8246 dotDrift=+5.708sigma uMRED=0.0456380601 uER=0.289062 uMAE=21.0000 WCE=336 bias=5.2500
[pop04_soft:00600] loss=0.074976 tau=3.75 collapse_w=0.000 mid_frac=0.036 hard=score=0.0292830439 wNMSE=0.00010560553 wMSE=3150.0000 wMRED=0.03811856 wER=0.252930 wMAE=18.3750 wBias=7.8750 condBias=33.2039 dotDrift=+8.980sigma uMRED=0.0381185630 uER=0.252930 uMAE=18.3750 WCE=336 bias=7.8750
[pop04_soft:00800] loss=0.055214 tau=4.50 collapse_w=0.084 mid_frac=0.036 hard=score=0.0292830439 wNMSE=0.00010560553 wMSE=3150.0000 wMRED=0.03811856 wER=0.252930 wMAE=18.3750 wBias=7.8750 condBias=33.2039 dotDrift=+8.980sigma uMRED=0.0381185630 uER=0.252930 uMAE=18.3750 WCE=336 bias=7.8750
[pop04_soft:01000] loss=0.041293 tau=5.25 collapse_w=0.293 mid_frac=0.036 hard=score=0.0292830439 wNMSE=0.00010560553 wMSE=3150.0000 wMRED=0.03811856 wER=0.252930 wMAE=18.3750 wBias=7.8750 condBias=33.2039 dotDrift=+8.980sigma uMRED=0.0381185630 uER=0.252930 uMAE=18.3750 WCE=336 bias=7.8750
[pop04_soft:01199] loss=0.023551 tau=6.00 collapse_w=0.500 mid_frac=0.018 hard=score=0.0292830439 wNMSE=0.00010560553 wMSE=3150.0000 wMRED=0.03811856 wER=0.252930 wMAE=18.3750 wBias=7.8750 condBias=33.2039 dotDrift=+8.980sigma uMRED=0.0381185630 uER=0.252930 uMAE=18.3750 WCE=336 bias=7.8750
[pop04_hard:00000] loss=0.028367 tau=6.00 collapse_w=0.500 mid_frac=0.018 hard=score=0.0292830439 wNMSE=0.00010560553 wMSE=3150.0000 wMRED=0.03811856 wER=0.252930 wMAE=18.3750 wBias=7.8750 condBias=33.2039 dotDrift=+8.980sigma uMRED=0.0381185630 uER=0.252930 uMAE=18.3750 WCE=336 bias=7.8750
[pop04_hard:00200] loss=0.032110 tau=6.00 collapse_w=0.500 mid_frac=0.054 hard=score=0.0292830439 wNMSE=0.00010560553 wMSE=3150.0000 wMRED=0.03811856 wER=0.252930 wMAE=18.3750 wBias=7.8750 condBias=33.2039 dotDrift=+8.980sigma uMRED=0.0381185630 uER=0.252930 uMAE=18.3750 WCE=336 bias=7.8750
[pop04_hard:00400] loss=0.021074 tau=6.00 collapse_w=0.500 mid_frac=0.036 hard=score=0.0217801362 wNMSE=0.00013728719 wMSE=4095.0000 wMRED=0.04305469 wER=0.270996 wMAE=22.3125 wBias=-2.6250 condBias=37.8583 dotDrift=-2.625sigma uMRED=0.0430546854 uER=0.270996 uMAE=22.3125 WCE=336 bias=-2.6250
[pop04_hard:00599] loss=0.018169 tau=6.00 collapse_w=0.500 mid_frac=0.018 hard=score=0.0217801362 wNMSE=0.00013728719 wMSE=4095.0000 wMRED=0.04305469 wER=0.270996 wMAE=22.3125 wBias=-2.6250 condBias=37.8583 dotDrift=-2.625sigma uMRED=0.0430546854 uER=0.270996 uMAE=22.3125 WCE=336 bias=-2.6250
[pop04] done (conf=0.53, noise=0.5); global best score=0.0113311165 wNMSE=4.2242214e-05 wMSE=1260.0000 wMRED=0.02797704 wER=0.252930 wMAE=13.1250 wBias=2.6250 condBias=21.0000 dotDrift=+4.733sigma uMRED=0.0279770395 uER=0.252930 uMAE=13.1250 WCE=168 bias=2.6250
[pop05_soft:00000] loss=0.581454 tau=1.50 collapse_w=0.000 mid_frac=0.482 hard=score=1.9614412446 wNMSE=0.016356787 wMSE=487889.9375 wMRED=0.79216266 wER=0.560059 wMAE=296.1250 wBias=111.0625 condBias=398.5751 dotDrift=+10.176sigma uMRED=0.7921626580 uER=0.560059 uMAE=296.1250 WCE=3910 bias=111.0625
[pop05_soft:00200] loss=0.421548 tau=2.25 collapse_w=0.000 mid_frac=0.482 hard=score=8.1333013480 wNMSE=0.014023755 wMSE=418300.3125 wMRED=0.78363410 wER=0.551025 wMAE=319.7578 wBias=-240.1875 condBias=405.9910 dotDrift=-23.768sigma uMRED=0.7836341010 uER=0.551025 uMAE=319.7578 WCE=3024 bias=-240.1875
[pop05_soft:00400] loss=0.255121 tau=3.00 collapse_w=0.000 mid_frac=0.357 hard=score=3.3370500933 wNMSE=0.0053700414 wMSE=160177.5000 wMRED=0.36328347 wER=0.442627 wMAE=161.4375 wBias=-152.2500 condBias=257.3495 dotDrift=-24.346sigma uMRED=0.3632834732 uER=0.442627 uMAE=161.4375 WCE=2352 bias=-152.2500
[pop05_soft:00600] loss=0.156191 tau=3.75 collapse_w=0.000 mid_frac=0.375 hard=score=0.4340683323 wNMSE=0.0059463291 wMSE=177367.0000 wMRED=0.34910671 wER=0.415527 wMAE=165.7188 wBias=-46.0000 condBias=176.1682 dotDrift=-6.990sigma uMRED=0.3491067117 uER=0.415527 uMAE=165.7188 WCE=2192 bias=-46.0000
[pop05_soft:00800] loss=0.116295 tau=4.50 collapse_w=0.084 mid_frac=0.375 hard=score=0.1416062994 wNMSE=0.0049219555 wMSE=146812.0000 wMRED=0.31813252 wER=0.379395 wMAE=130.2812 wBias=-1.3750 condBias=142.6219 dotDrift=-0.230sigma uMRED=0.3181325174 uER=0.379395 uMAE=130.2812 WCE=2192 bias=-1.3750
[pop05_soft:01000] loss=0.091777 tau=5.25 collapse_w=0.293 mid_frac=0.304 hard=score=0.3209693954 wNMSE=0.00089764704 wMSE=26775.0000 wMRED=0.24183756 wER=0.343262 wMAE=59.0625 wBias=-42.0000 condBias=96.8052 dotDrift=-16.427sigma uMRED=0.2418375614 uER=0.343262 uMAE=59.0625 WCE=1260 bias=-42.0000
[pop05_soft:01199] loss=0.063815 tau=6.00 collapse_w=0.500 mid_frac=0.304 hard=score=0.3209693954 wNMSE=0.00089764704 wMSE=26775.0000 wMRED=0.24183756 wER=0.343262 wMAE=59.0625 wBias=-42.0000 condBias=96.8052 dotDrift=-16.427sigma uMRED=0.2418375614 uER=0.343262 uMAE=59.0625 WCE=1260 bias=-42.0000
[pop05_hard:00000] loss=0.302915 tau=6.00 collapse_w=0.500 mid_frac=0.304 hard=score=0.3209693954 wNMSE=0.00089764704 wMSE=26775.0000 wMRED=0.24183756 wER=0.343262 wMAE=59.0625 wBias=-42.0000 condBias=96.8052 dotDrift=-16.427sigma uMRED=0.2418375614 uER=0.343262 uMAE=59.0625 WCE=1260 bias=-42.0000
[pop05_hard:00200] loss=0.299596 tau=6.00 collapse_w=0.500 mid_frac=0.304 hard=score=0.3209693954 wNMSE=0.00089764704 wMSE=26775.0000 wMRED=0.24183756 wER=0.343262 wMAE=59.0625 wBias=-42.0000 condBias=96.8052 dotDrift=-16.427sigma uMRED=0.2418375614 uER=0.343262 uMAE=59.0625 WCE=1260 bias=-42.0000
[pop05_hard:00400] loss=0.270183 tau=6.00 collapse_w=0.500 mid_frac=0.286 hard=score=0.2916452876 wNMSE=0.00090292732 wMSE=26932.5000 wMRED=0.24343316 wER=0.361328 wMAE=60.3750 wBias=-39.3750 condBias=97.0895 dotDrift=-15.355sigma uMRED=0.2434331649 uER=0.361328 uMAE=60.3750 WCE=1260 bias=-39.3750
[pop05_hard:00599] loss=0.269281 tau=6.00 collapse_w=0.500 mid_frac=0.286 hard=score=0.2916452876 wNMSE=0.00090292732 wMSE=26932.5000 wMRED=0.24343316 wER=0.361328 wMAE=60.3750 wBias=-39.3750 condBias=97.0895 dotDrift=-15.355sigma uMRED=0.2434331649 uER=0.361328 uMAE=60.3750 WCE=1260 bias=-39.3750
[pop05] done (conf=0.51, noise=1.0); global best score=0.0113311165 wNMSE=4.2242214e-05 wMSE=1260.0000 wMRED=0.02797704 wER=0.252930 wMAE=13.1250 wBias=2.6250 condBias=21.0000 dotDrift=+4.733sigma uMRED=0.0279770395 uER=0.252930 uMAE=13.1250 WCE=168 bias=2.6250
[pop06_soft:00000] loss=0.508431 tau=1.50 collapse_w=0.000 mid_frac=0.339 hard=score=1.8071859449 wNMSE=0.0080968056 wMSE=241511.3750 wMRED=0.35847151 wER=0.560059 wMAE=211.8286 wBias=-108.6250 condBias=232.6041 dotDrift=-14.146sigma uMRED=0.3584715090 uER=0.560059 uMAE=211.8286 WCE=2832 bias=-108.6250
[pop06_soft:00200] loss=0.279134 tau=2.25 collapse_w=0.000 mid_frac=0.232 hard=score=0.6760368955 wNMSE=0.0049217543 wMSE=146806.0000 wMRED=0.39416061 wER=0.379395 wMAE=133.5508 wBias=-58.6250 condBias=156.7823 dotDrift=-9.792sigma uMRED=0.3941606081 uER=0.379395 uMAE=133.5508 WCE=3216 bias=-58.6250
[pop06_soft:00400] loss=0.159314 tau=3.00 collapse_w=0.000 mid_frac=0.143 hard=score=0.1993962958 wNMSE=0.00080260206 wMSE=23940.0000 wMRED=0.21413229 wER=0.289062 wMAE=51.1875 wBias=-31.5000 condBias=91.5369 dotDrift=-13.030sigma uMRED=0.2141322922 uER=0.289062 uMAE=51.1875 WCE=1008 bias=-31.5000
[pop06_soft:00600] loss=0.076284 tau=3.75 collapse_w=0.000 mid_frac=0.089 hard=score=0.0292830439 wNMSE=0.00010560553 wMSE=3150.0000 wMRED=0.03811856 wER=0.252930 wMAE=18.3750 wBias=7.8750 condBias=33.2039 dotDrift=+8.980sigma uMRED=0.0381185630 uER=0.252930 uMAE=18.3750 WCE=336 bias=7.8750
[pop06_soft:00800] loss=0.055155 tau=4.50 collapse_w=0.084 mid_frac=0.089 hard=score=0.0292830439 wNMSE=0.00010560553 wMSE=3150.0000 wMRED=0.03811856 wER=0.252930 wMAE=18.3750 wBias=7.8750 condBias=33.2039 dotDrift=+8.980sigma uMRED=0.0381185630 uER=0.252930 uMAE=18.3750 WCE=336 bias=7.8750
[pop06_soft:01000] loss=0.040897 tau=5.25 collapse_w=0.293 mid_frac=0.054 hard=score=0.0292830439 wNMSE=0.00010560553 wMSE=3150.0000 wMRED=0.03811856 wER=0.252930 wMAE=18.3750 wBias=7.8750 condBias=33.2039 dotDrift=+8.980sigma uMRED=0.0381185630 uER=0.252930 uMAE=18.3750 WCE=336 bias=7.8750
[pop06_soft:01199] loss=0.023863 tau=6.00 collapse_w=0.500 mid_frac=0.054 hard=score=0.0292830439 wNMSE=0.00010560553 wMSE=3150.0000 wMRED=0.03811856 wER=0.252930 wMAE=18.3750 wBias=7.8750 condBias=33.2039 dotDrift=+8.980sigma uMRED=0.0381185630 uER=0.252930 uMAE=18.3750 WCE=336 bias=7.8750
[pop06_hard:00000] loss=0.028891 tau=6.00 collapse_w=0.500 mid_frac=0.054 hard=score=0.0292830439 wNMSE=0.00010560553 wMSE=3150.0000 wMRED=0.03811856 wER=0.252930 wMAE=18.3750 wBias=7.8750 condBias=33.2039 dotDrift=+8.980sigma uMRED=0.0381185630 uER=0.252930 uMAE=18.3750 WCE=336 bias=7.8750
[pop06_hard:00200] loss=0.029908 tau=6.00 collapse_w=0.500 mid_frac=0.107 hard=score=0.0292830439 wNMSE=0.00010560553 wMSE=3150.0000 wMRED=0.03811856 wER=0.252930 wMAE=18.3750 wBias=7.8750 condBias=33.2039 dotDrift=+8.980sigma uMRED=0.0381185630 uER=0.252930 uMAE=18.3750 WCE=336 bias=7.8750
[pop06_hard:00400] loss=0.861986 tau=6.00 collapse_w=0.500 mid_frac=0.071 hard=score=0.9690594688 wNMSE=0.0050901867 wMSE=151830.0000 wMRED=0.14888375 wER=0.289062 wMAE=95.8125 wBias=-76.1250 condBias=230.5222 dotDrift=-12.503sigma uMRED=0.1488837471 uER=0.289062 uMAE=95.8125 WCE=2688 bias=-76.1250
[pop06_hard:00599] loss=0.858973 tau=6.00 collapse_w=0.500 mid_frac=0.054 hard=score=0.9690594688 wNMSE=0.0050901867 wMSE=151830.0000 wMRED=0.14888375 wER=0.289062 wMAE=95.8125 wBias=-76.1250 condBias=230.5222 dotDrift=-12.503sigma uMRED=0.1488837471 uER=0.289062 uMAE=95.8125 WCE=2688 bias=-76.1250
[pop06] done (conf=0.53, noise=0.5); global best score=0.0113311165 wNMSE=4.2242214e-05 wMSE=1260.0000 wMRED=0.02797704 wER=0.252930 wMAE=13.1250 wBias=2.6250 condBias=21.0000 dotDrift=+4.733sigma uMRED=0.0279770395 uER=0.252930 uMAE=13.1250 WCE=168 bias=2.6250
[pop07_soft:00000] loss=0.538782 tau=1.50 collapse_w=0.000 mid_frac=0.464 hard=score=0.7432245629 wNMSE=0.023691514 wMSE=706670.0625 wMRED=0.96673927 wER=0.578125 wMAE=405.0557 wBias=59.1875 condBias=429.8359 dotDrift=+4.506sigma uMRED=0.9667392676 uER=0.578125 uMAE=405.0557 WCE=3638 bias=59.1875
[pop07_soft:00200] loss=0.349042 tau=2.25 collapse_w=0.000 mid_frac=0.446 hard=score=0.2262933704 wNMSE=0.01304976 wMSE=389248.0000 wMRED=0.53082058 wER=0.551025 wMAE=289.7324 wBias=-7.7500 condBias=322.3787 dotDrift=-0.795sigma uMRED=0.5308205776 uER=0.551025 uMAE=289.7324 WCE=3212 bias=-7.7500
[pop07_soft:00400] loss=0.189083 tau=3.00 collapse_w=0.000 mid_frac=0.268 hard=score=2.0200594477 wNMSE=0.0033292145 wMSE=99303.7500 wMRED=0.20141880 wER=0.469727 wMAE=133.8750 wBias=-118.1250 condBias=199.6677 dotDrift=-23.990sigma uMRED=0.2014187954 uER=0.469727 uMAE=133.8750 WCE=1596 bias=-118.1250
[pop07_soft:00600] loss=0.111987 tau=3.75 collapse_w=0.000 mid_frac=0.268 hard=score=0.0725532195 wNMSE=0.00049634601 wMSE=14805.0000 wMRED=0.07929428 wER=0.325195 wMAE=42.6562 wBias=-10.5000 condBias=71.9844 dotDrift=-5.523sigma uMRED=0.0792942798 uER=0.325195 uMAE=42.6562 WCE=924 bias=-10.5000
[pop07_soft:00800] loss=0.071852 tau=4.50 collapse_w=0.084 mid_frac=0.196 hard=score=0.0759122564 wNMSE=0.00048578546 wMSE=14490.0000 wMRED=0.06872946 wER=0.298096 wMAE=39.3750 wBias=-13.1250 condBias=71.2145 dotDrift=-6.978sigma uMRED=0.0687294629 uER=0.298096 uMAE=39.3750 WCE=840 bias=-13.1250
[pop07_soft:01000] loss=0.054558 tau=5.25 collapse_w=0.293 mid_frac=0.161 hard=score=0.0292830439 wNMSE=0.00010560553 wMSE=3150.0000 wMRED=0.03811856 wER=0.252930 wMAE=18.3750 wBias=7.8750 condBias=33.2039 dotDrift=+8.980sigma uMRED=0.0381185630 uER=0.252930 uMAE=18.3750 WCE=336 bias=7.8750
[pop07_soft:01199] loss=0.034482 tau=6.00 collapse_w=0.500 mid_frac=0.125 hard=score=0.0292830439 wNMSE=0.00010560553 wMSE=3150.0000 wMRED=0.03811856 wER=0.252930 wMAE=18.3750 wBias=7.8750 condBias=33.2039 dotDrift=+8.980sigma uMRED=0.0381185630 uER=0.252930 uMAE=18.3750 WCE=336 bias=7.8750
[pop07_hard:00000] loss=0.034783 tau=6.00 collapse_w=0.500 mid_frac=0.125 hard=score=0.0292830439 wNMSE=0.00010560553 wMSE=3150.0000 wMRED=0.03811856 wER=0.252930 wMAE=18.3750 wBias=7.8750 condBias=33.2039 dotDrift=+8.980sigma uMRED=0.0381185630 uER=0.252930 uMAE=18.3750 WCE=336 bias=7.8750
[pop07_hard:00200] loss=0.030026 tau=6.00 collapse_w=0.500 mid_frac=0.143 hard=score=0.0218205713 wNMSE=0.0001584083 wMSE=4725.0000 wMRED=0.04843458 wER=0.252930 wMAE=23.6250 wBias=2.6250 condBias=40.6663 dotDrift=+2.444sigma uMRED=0.0484345819 uER=0.252930 uMAE=23.6250 WCE=336 bias=2.6250
[pop07_hard:00400] loss=0.029294 tau=6.00 collapse_w=0.500 mid_frac=0.125 hard=score=0.0218205713 wNMSE=0.0001584083 wMSE=4725.0000 wMRED=0.04843458 wER=0.252930 wMAE=23.6250 wBias=2.6250 condBias=40.6663 dotDrift=+2.444sigma uMRED=0.0484345819 uER=0.252930 uMAE=23.6250 WCE=336 bias=2.6250
[pop07_hard:00599] loss=0.027284 tau=6.00 collapse_w=0.500 mid_frac=0.125 hard=score=0.0218205713 wNMSE=0.0001584083 wMSE=4725.0000 wMRED=0.04843458 wER=0.252930 wMAE=23.6250 wBias=2.6250 condBias=40.6663 dotDrift=+2.444sigma uMRED=0.0484345819 uER=0.252930 uMAE=23.6250 WCE=336 bias=2.6250
[pop07] done (conf=0.51, noise=1.0); global best score=0.0113311165 wNMSE=4.2242214e-05 wMSE=1260.0000 wMRED=0.02797704 wER=0.252930 wMAE=13.1250 wBias=2.6250 condBias=21.0000 dotDrift=+4.733sigma uMRED=0.0279770395 uER=0.252930 uMAE=13.1250 WCE=168 bias=2.6250
[pop08_soft:00000] loss=0.491964 tau=1.50 collapse_w=0.000 mid_frac=0.321 hard=score=0.2757548619 wNMSE=0.016025929 wMSE=478021.1250 wMRED=0.98395549 wER=0.578125 wMAE=309.6489 wBias=-16.6250 condBias=289.2449 dotDrift=-1.539sigma uMRED=0.9839554910 uER=0.578125 uMAE=309.6489 WCE=3472 bias=-16.6250
[pop08_soft:00200] loss=0.265786 tau=2.25 collapse_w=0.000 mid_frac=0.196 hard=score=2.5063936606 wNMSE=0.006916492 wMSE=206305.0000 wMRED=0.47293788 wER=0.451660 wMAE=193.6094 wBias=-129.5000 condBias=259.5130 dotDrift=-18.247sigma uMRED=0.4729378794 uER=0.451660 uMAE=193.6094 WCE=3136 bias=-129.5000
[pop08_soft:00400] loss=0.120692 tau=3.00 collapse_w=0.000 mid_frac=0.089 hard=score=0.0809596651 wNMSE=0.00035905882 wMSE=10710.0000 wMRED=0.06862972 wER=0.289062 wMAE=33.4688 wBias=-15.7500 condBias=61.2250 dotDrift=-9.740sigma uMRED=0.0686297229 uER=0.289062 uMAE=33.4688 WCE=756 bias=-15.7500
[pop08_soft:00600] loss=0.075804 tau=3.75 collapse_w=0.000 mid_frac=0.125 hard=score=0.0245515416 wNMSE=0.00010560553 wMSE=3150.0000 wMRED=0.04060712 wER=0.252930 wMAE=18.3750 wBias=5.2500 condBias=33.2039 dotDrift=+5.987sigma uMRED=0.0406071154 uER=0.252930 uMAE=18.3750 WCE=336 bias=5.2500
[pop08_soft:00800] loss=0.055934 tau=4.50 collapse_w=0.084 mid_frac=0.107 hard=score=0.0292830439 wNMSE=0.00010560553 wMSE=3150.0000 wMRED=0.03811856 wER=0.252930 wMAE=18.3750 wBias=7.8750 condBias=33.2039 dotDrift=+8.980sigma uMRED=0.0381185630 uER=0.252930 uMAE=18.3750 WCE=336 bias=7.8750
[pop08_soft:01000] loss=0.041982 tau=5.25 collapse_w=0.293 mid_frac=0.107 hard=score=0.0292830439 wNMSE=0.00010560553 wMSE=3150.0000 wMRED=0.03811856 wER=0.252930 wMAE=18.3750 wBias=7.8750 condBias=33.2039 dotDrift=+8.980sigma uMRED=0.0381185630 uER=0.252930 uMAE=18.3750 WCE=336 bias=7.8750
[pop08_soft:01199] loss=0.024743 tau=6.00 collapse_w=0.500 mid_frac=0.054 hard=score=0.0292830439 wNMSE=0.00010560553 wMSE=3150.0000 wMRED=0.03811856 wER=0.252930 wMAE=18.3750 wBias=7.8750 condBias=33.2039 dotDrift=+8.980sigma uMRED=0.0381185630 uER=0.252930 uMAE=18.3750 WCE=336 bias=7.8750
[pop08_hard:00000] loss=0.029735 tau=6.00 collapse_w=0.500 mid_frac=0.054 hard=score=0.0292830439 wNMSE=0.00010560553 wMSE=3150.0000 wMRED=0.03811856 wER=0.252930 wMAE=18.3750 wBias=7.8750 condBias=33.2039 dotDrift=+8.980sigma uMRED=0.0381185630 uER=0.252930 uMAE=18.3750 WCE=336 bias=7.8750
[pop08_hard:00200] loss=0.031297 tau=6.00 collapse_w=0.500 mid_frac=0.071 hard=score=0.0292830439 wNMSE=0.00010560553 wMSE=3150.0000 wMRED=0.03811856 wER=0.252930 wMAE=18.3750 wBias=7.8750 condBias=33.2039 dotDrift=+8.980sigma uMRED=0.0381185630 uER=0.252930 uMAE=18.3750 WCE=336 bias=7.8750
[pop08_hard:00400] loss=0.029831 tau=6.00 collapse_w=0.500 mid_frac=0.089 hard=score=0.0292830439 wNMSE=0.00010560553 wMSE=3150.0000 wMRED=0.03811856 wER=0.252930 wMAE=18.3750 wBias=7.8750 condBias=33.2039 dotDrift=+8.980sigma uMRED=0.0381185630 uER=0.252930 uMAE=18.3750 WCE=336 bias=7.8750
[pop08_hard:00599] loss=0.024138 tau=6.00 collapse_w=0.500 mid_frac=0.107 hard=score=0.0217870050 wNMSE=0.00013728719 wMSE=4095.0000 wMRED=0.07739847 wER=0.270996 wMAE=22.3125 wBias=-2.6250 condBias=37.8583 dotDrift=-2.625sigma uMRED=0.0773984715 uER=0.270996 uMAE=22.3125 WCE=336 bias=-2.6250
[pop08] done (conf=0.53, noise=0.5); global best score=0.0113311165 wNMSE=4.2242214e-05 wMSE=1260.0000 wMRED=0.02797704 wER=0.252930 wMAE=13.1250 wBias=2.6250 condBias=21.0000 dotDrift=+4.733sigma uMRED=0.0279770395 uER=0.252930 uMAE=13.1250 WCE=168 bias=2.6250
[pop09_soft:00000] loss=0.551760 tau=1.50 collapse_w=0.000 mid_frac=0.357 hard=score=0.6180200269 wNMSE=0.025419149 wMSE=758201.9375 wMRED=1.20444224 wER=0.578125 wMAE=460.5576 wBias=52.9375 condBias=444.5898 dotDrift=+3.891sigma uMRED=1.2044422385 uER=0.578125 uMAE=460.5576 WCE=3136 bias=52.9375
[pop09_soft:00200] loss=0.344562 tau=2.25 collapse_w=0.000 mid_frac=0.304 hard=score=1.8646258087 wNMSE=0.0063620734 wMSE=189767.8125 wMRED=0.39901852 wER=0.523926 wMAE=199.5000 wBias=-111.5625 condBias=257.7183 dotDrift=-16.390sigma uMRED=0.3990185244 uER=0.523926 uMAE=199.5000 WCE=2352 bias=-111.5625
[pop09_soft:00400] loss=0.156960 tau=3.00 collapse_w=0.000 mid_frac=0.196 hard=score=0.0460497085 wNMSE=0.0006125121 wMSE=18270.0000 wMRED=0.09373091 wER=0.361328 wMAE=52.5000 wBias=-5.2500 condBias=79.9656 dotDrift=-2.486sigma uMRED=0.0937309099 uER=0.361328 uMAE=52.5000 WCE=672 bias=-5.2500
[pop09_soft:00600] loss=0.097302 tau=3.75 collapse_w=0.000 mid_frac=0.143 hard=score=0.0216937502 wNMSE=9.5044981e-05 wMSE=2835.0000 wMRED=0.03829306 wER=0.252930 wMAE=18.3750 wBias=-2.6250 condBias=31.5000 dotDrift=-3.155sigma uMRED=0.0382930584 uER=0.252930 uMAE=18.3750 WCE=336 bias=-2.6250
[pop09_soft:00800] loss=0.068952 tau=4.50 collapse_w=0.084 mid_frac=0.125 hard=score=0.0216937502 wNMSE=9.5044981e-05 wMSE=2835.0000 wMRED=0.03829306 wER=0.252930 wMAE=18.3750 wBias=-2.6250 condBias=31.5000 dotDrift=-3.155sigma uMRED=0.0382930584 uER=0.252930 uMAE=18.3750 WCE=336 bias=-2.6250
[pop09_soft:01000] loss=0.050603 tau=5.25 collapse_w=0.293 mid_frac=0.089 hard=score=0.0113311165 wNMSE=4.2242214e-05 wMSE=1260.0000 wMRED=0.02797704 wER=0.252930 wMAE=13.1250 wBias=2.6250 condBias=21.0000 dotDrift=+4.733sigma uMRED=0.0279770395 uER=0.252930 uMAE=13.1250 WCE=168 bias=2.6250
[pop09_soft:01199] loss=0.031699 tau=6.00 collapse_w=0.500 mid_frac=0.089 hard=score=0.0113311165 wNMSE=4.2242214e-05 wMSE=1260.0000 wMRED=0.02797704 wER=0.252930 wMAE=13.1250 wBias=2.6250 condBias=21.0000 dotDrift=+4.733sigma uMRED=0.0279770395 uER=0.252930 uMAE=13.1250 WCE=168 bias=2.6250
[pop09_hard:00000] loss=0.022701 tau=6.00 collapse_w=0.500 mid_frac=0.089 hard=score=0.0113311165 wNMSE=4.2242214e-05 wMSE=1260.0000 wMRED=0.02797704 wER=0.252930 wMAE=13.1250 wBias=2.6250 condBias=21.0000 dotDrift=+4.733sigma uMRED=0.0279770395 uER=0.252930 uMAE=13.1250 WCE=168 bias=2.6250
[pop09_hard:00200] loss=0.022722 tau=6.00 collapse_w=0.500 mid_frac=0.107 hard=score=0.0113311165 wNMSE=4.2242214e-05 wMSE=1260.0000 wMRED=0.02797704 wER=0.252930 wMAE=13.1250 wBias=2.6250 condBias=21.0000 dotDrift=+4.733sigma uMRED=0.0279770395 uER=0.252930 uMAE=13.1250 WCE=168 bias=2.6250
[pop09_hard:00400] loss=0.021038 tau=6.00 collapse_w=0.500 mid_frac=0.107 hard=score=0.0113311165 wNMSE=4.2242214e-05 wMSE=1260.0000 wMRED=0.02797704 wER=0.252930 wMAE=13.1250 wBias=2.6250 condBias=21.0000 dotDrift=+4.733sigma uMRED=0.0279770395 uER=0.252930 uMAE=13.1250 WCE=168 bias=2.6250
[pop09_hard:00599] loss=0.020082 tau=6.00 collapse_w=0.500 mid_frac=0.143 hard=score=0.0880518972 wNMSE=0.0003168166 wMSE=9450.0000 wMRED=0.06119424 wER=0.289062 wMAE=30.1875 wBias=-18.3750 condBias=57.5109 dotDrift=-12.097sigma uMRED=0.0611942362 uER=0.289062 uMAE=30.1875 WCE=672 bias=-18.3750
[pop09] done (conf=0.51, noise=1.0); global best score=0.0113311165 wNMSE=4.2242214e-05 wMSE=1260.0000 wMRED=0.02797704 wER=0.252930 wMAE=13.1250 wBias=2.6250 condBias=21.0000 dotDrift=+4.733sigma uMRED=0.0279770395 uER=0.252930 uMAE=13.1250 WCE=168 bias=2.6250
[pop10_soft:00000] loss=0.616272 tau=1.50 collapse_w=0.000 mid_frac=0.339 hard=score=1.7718774882 wNMSE=0.038118477 wMSE=1136997.2500 wMRED=1.65828882 wER=0.578125 wMAE=565.2422 wBias=103.6250 condBias=594.1695 dotDrift=+6.220sigma uMRED=1.6582888192 uER=0.578125 uMAE=565.2422 WCE=3800 bias=103.6250
[pop10_soft:00200] loss=0.397094 tau=2.25 collapse_w=0.000 mid_frac=0.268 hard=score=0.9949315786 wNMSE=0.0080260206 wMSE=239400.0000 wMRED=0.32241572 wER=0.478760 wMAE=187.6875 wBias=-76.1250 condBias=289.4650 dotDrift=-9.957sigma uMRED=0.3224157189 uER=0.478760 uMAE=187.6875 WCE=3024 bias=-76.1250
[pop10_soft:00400] loss=0.238828 tau=3.00 collapse_w=0.000 mid_frac=0.214 hard=score=0.1828377659 wNMSE=0.0019537024 wMSE=58275.0000 wMRED=0.12968948 wER=0.325195 wMAE=80.0625 wBias=23.6250 condBias=142.8154 dotDrift=+6.263sigma uMRED=0.1296894759 uER=0.325195 uMAE=80.0625 WCE=1680 bias=23.6250
[pop10_soft:00600] loss=0.138369 tau=3.75 collapse_w=0.000 mid_frac=0.125 hard=score=0.5665092702 wNMSE=0.004603362 wMSE=137309.0000 wMRED=0.12549279 wER=0.289062 wMAE=97.5430 wBias=54.6250 condBias=161.2940 dotDrift=+9.435sigma uMRED=0.1254927931 uER=0.289062 uMAE=97.5430 WCE=2448 bias=54.6250
[pop10_soft:00800] loss=0.093098 tau=4.50 collapse_w=0.084 mid_frac=0.089 hard=score=0.1563603997 wNMSE=0.00040130103 wMSE=11970.0000 wMRED=0.07217197 wER=0.298096 wMAE=36.7500 wBias=28.8750 condBias=64.7263 dotDrift=+16.891sigma uMRED=0.0721719685 uER=0.298096 uMAE=36.7500 WCE=672 bias=28.8750
[pop10_soft:01000] loss=0.068762 tau=5.25 collapse_w=0.293 mid_frac=0.036 hard=score=0.0292830439 wNMSE=0.00010560553 wMSE=3150.0000 wMRED=0.03811856 wER=0.252930 wMAE=18.3750 wBias=7.8750 condBias=33.2039 dotDrift=+8.980sigma uMRED=0.0381185630 uER=0.252930 uMAE=18.3750 WCE=336 bias=7.8750
[pop10_soft:01199] loss=0.045630 tau=6.00 collapse_w=0.500 mid_frac=0.018 hard=score=0.0292830439 wNMSE=0.00010560553 wMSE=3150.0000 wMRED=0.03811856 wER=0.252930 wMAE=18.3750 wBias=7.8750 condBias=33.2039 dotDrift=+8.980sigma uMRED=0.0381185630 uER=0.252930 uMAE=18.3750 WCE=336 bias=7.8750
[pop10_hard:00000] loss=0.032165 tau=6.00 collapse_w=0.500 mid_frac=0.018 hard=score=0.0292830439 wNMSE=0.00010560553 wMSE=3150.0000 wMRED=0.03811856 wER=0.252930 wMAE=18.3750 wBias=7.8750 condBias=33.2039 dotDrift=+8.980sigma uMRED=0.0381185630 uER=0.252930 uMAE=18.3750 WCE=336 bias=7.8750
[pop10_hard:00200] loss=0.033860 tau=6.00 collapse_w=0.500 mid_frac=0.054 hard=score=0.0292830439 wNMSE=0.00010560553 wMSE=3150.0000 wMRED=0.03811856 wER=0.252930 wMAE=18.3750 wBias=7.8750 condBias=33.2039 dotDrift=+8.980sigma uMRED=0.0381185630 uER=0.252930 uMAE=18.3750 WCE=336 bias=7.8750
[pop10_hard:00400] loss=0.053116 tau=6.00 collapse_w=0.500 mid_frac=0.018 hard=score=0.0653833287 wNMSE=0.00033793771 wMSE=10080.0000 wMRED=0.06501198 wER=0.289062 wMAE=32.8125 wBias=-13.1250 condBias=59.3970 dotDrift=-8.367sigma uMRED=0.0650119791 uER=0.289062 uMAE=32.8125 WCE=672 bias=-13.1250
[pop10_hard:00599] loss=0.049057 tau=6.00 collapse_w=0.500 mid_frac=0.018 hard=score=0.0653833287 wNMSE=0.00033793771 wMSE=10080.0000 wMRED=0.06501198 wER=0.289062 wMAE=32.8125 wBias=-13.1250 condBias=59.3970 dotDrift=-8.367sigma uMRED=0.0650119791 uER=0.289062 uMAE=32.8125 WCE=672 bias=-13.1250
[pop10] done (conf=0.53, noise=0.5); global best score=0.0113311165 wNMSE=4.2242214e-05 wMSE=1260.0000 wMRED=0.02797704 wER=0.252930 wMAE=13.1250 wBias=2.6250 condBias=21.0000 dotDrift=+4.733sigma uMRED=0.0279770395 uER=0.252930 uMAE=13.1250 WCE=168 bias=2.6250
[pop11_soft:00000] loss=0.546688 tau=1.50 collapse_w=0.000 mid_frac=0.339 hard=score=5.9011243095 wNMSE=0.01221262 wMSE=364277.8125 wMRED=0.83286259 wER=0.578125 wMAE=270.3750 wBias=-203.4375 condBias=357.0675 dotDrift=-21.572sigma uMRED=0.8328625947 uER=0.578125 uMAE=270.3750 WCE=3192 bias=-203.4375
[pop11_soft:00200] loss=0.366347 tau=2.25 collapse_w=0.000 mid_frac=0.464 hard=score=0.3694011400 wNMSE=0.0042895648 wMSE=127949.0625 wMRED=0.39978040 wER=0.505859 wMAE=148.8047 wBias=43.3125 condBias=211.6180 dotDrift=+7.750sigma uMRED=0.3997803981 uER=0.505859 uMAE=148.8047 WCE=1701 bias=43.3125
[pop11_soft:00400] loss=0.256565 tau=3.00 collapse_w=0.000 mid_frac=0.464 hard=score=0.2799433875 wNMSE=0.0065574143 wMSE=195594.4375 wMRED=0.40863164 wER=0.460693 wMAE=171.6777 wBias=31.4375 condBias=193.5160 dotDrift=+4.549sigma uMRED=0.4086316412 uER=0.460693 uMAE=171.6777 WCE=2193 bias=31.4375
[pop11_soft:00600] loss=0.170163 tau=3.75 collapse_w=0.000 mid_frac=0.286 hard=score=0.2174892292 wNMSE=0.015012615 wMSE=447796.0000 wMRED=0.74386037 wER=0.370361 wMAE=239.4473 wBias=-6.8750 condBias=249.4097 dotDrift=-0.658sigma uMRED=0.7438603679 uER=0.370361 uMAE=239.4473 WCE=3072 bias=-6.8750
[pop11_soft:00800] loss=0.116764 tau=4.50 collapse_w=0.084 mid_frac=0.232 hard=score=0.1872819681 wNMSE=0.003355004 wMSE=100073.0000 wMRED=0.17965125 wER=0.307129 wMAE=85.8066 wBias=10.6250 condBias=103.6132 dotDrift=+2.150sigma uMRED=0.1796512468 uER=0.307129 uMAE=85.8066 WCE=2736 bias=10.6250
[pop11_soft:01000] loss=0.069899 tau=5.25 collapse_w=0.293 mid_frac=0.179 hard=score=0.2670656393 wNMSE=0.0032705196 wMSE=97553.0000 wMRED=0.13005532 wER=0.289062 wMAE=76.6191 wBias=26.3750 condBias=106.6240 dotDrift=+5.404sigma uMRED=0.1300553193 uER=0.289062 uMAE=76.6191 WCE=2736 bias=26.3750
[pop11_soft:01199] loss=0.047980 tau=6.00 collapse_w=0.500 mid_frac=0.179 hard=score=0.2670656393 wNMSE=0.0032705196 wMSE=97553.0000 wMRED=0.13005532 wER=0.289062 wMAE=76.6191 wBias=26.3750 condBias=106.6240 dotDrift=+5.404sigma uMRED=0.1300553193 uER=0.289062 uMAE=76.6191 WCE=2736 bias=26.3750
[pop11_hard:00000] loss=0.163023 tau=6.00 collapse_w=0.500 mid_frac=0.179 hard=score=0.2670656393 wNMSE=0.0032705196 wMSE=97553.0000 wMRED=0.13005532 wER=0.289062 wMAE=76.6191 wBias=26.3750 condBias=106.6240 dotDrift=+5.404sigma uMRED=0.1300553193 uER=0.289062 uMAE=76.6191 WCE=2736 bias=26.3750
[pop11_hard:00200] loss=0.116275 tau=6.00 collapse_w=0.500 mid_frac=0.179 hard=score=0.2670656393 wNMSE=0.0032705196 wMSE=97553.0000 wMRED=0.13005532 wER=0.289062 wMAE=76.6191 wBias=26.3750 condBias=106.6240 dotDrift=+5.404sigma uMRED=0.1300553193 uER=0.289062 uMAE=76.6191 WCE=2736 bias=26.3750
[pop11_hard:00400] loss=0.130818 tau=6.00 collapse_w=0.500 mid_frac=0.214 hard=score=0.2329473135 wNMSE=0.0033233223 wMSE=99128.0000 wMRED=0.14037134 wER=0.289062 wMAE=81.8691 wBias=21.1250 condBias=104.8818 dotDrift=+4.294sigma uMRED=0.1403713382 uER=0.289062 uMAE=81.8691 WCE=2736 bias=21.1250
[pop11_hard:00599] loss=0.029711 tau=6.00 collapse_w=0.500 mid_frac=0.196 hard=score=0.0217803532 wNMSE=0.00013728719 wMSE=4095.0000 wMRED=0.04413971 wER=0.270996 wMAE=22.3125 wBias=-2.6250 condBias=37.8583 dotDrift=-2.625sigma uMRED=0.0441397079 uER=0.270996 uMAE=22.3125 WCE=336 bias=-2.6250
[pop11] done (conf=0.51, noise=1.0); global best score=0.0113311165 wNMSE=4.2242214e-05 wMSE=1260.0000 wMRED=0.02797704 wER=0.252930 wMAE=13.1250 wBias=2.6250 condBias=21.0000 dotDrift=+4.733sigma uMRED=0.0279770395 uER=0.252930 uMAE=13.1250 WCE=168 bias=2.6250
[best] stage=quad_hard_ste score=0.0113311165 wNMSE=4.2242214e-05 wMSE=1260.0000 wMRED=0.02797704 wER=0.252930 wMAE=13.1250 wBias=2.6250 condBias=21.0000 dotDrift=+4.733sigma uMRED=0.0279770395 uER=0.252930 uMAE=13.1250 WCE=168 bias=2.6250
[best-json] runs_uniform/default/rand400/best_signed88_inits.json
[best-rtl] runs_uniform/default/rand400/best_rtl
[design] default search_bits=56
[start] score=0.0113311165 wNMSE=4.2242214e-05 wMSE=1260.0000 wMRED=0.02797704 wER=0.252930 wMAE=13.1250 wBias=2.6250 condBias=21.0000 dotDrift=+4.733sigma uMRED=0.0279770395 uER=0.252930 uMAE=13.1250 WCE=168 bias=2.6250
[single] ACCEPT ['cp_lut23:31'] 0.0113311165->0.0103852142 wNMSE=4.2242214e-05 wBias=+0.00000
[single] round=2 no improvement
[pair] ACCEPT ['cp_lut01:63', 'cp_lut01:55'] 0.0103852142->0.0103743508 wNMSE=3.168166e-05 wBias=+0.00000
[pair] round=2 no improvement
[final] score=0.0103743508 wNMSE=3.168166e-05 wMSE=945.0000 wMRED=0.03065818 wER=0.397461 wMAE=13.1250 wBias=0.0000 condBias=18.1865 dotDrift=+0.000sigma uMRED=0.0306581761 uER=0.397461 uMAE=13.1250 WCE=168 bias=0.0000
[json] /home/xuanqi/tony/work/FPGA/signed8x8_approx/signed8x8_2026_8_22/runs_uniform/default/rand400/refined/best_signed88_inits.json
