[design] quality quad4 entries=48
[device] cuda
[safety] max_zero_violations=0 max_workload_zero_violation_probability=0
[initial] score=0.3351065546 wNMSE=0.0031435239 wMSE=239.4748 wMRED=0.26551016 wER=0.215477 wMAE=5.7772 wBias=2.3997 condBias=7.7322 dotDrift=+9.925sigma uMRED=0.0145236903 uER=0.242188 uMAE=8.0312 WCE=75 bias=-2.5625
[aligned-objective] schema=aligned_ai_metrics_v2 guard_tolerance=0.1 constraint_weight=10
[quad_warmup_bit:00000] loss=1.901502 tau=1.50 collapse_w=0.000 mid_frac=0.438 hard=score=0.3351065546 wNMSE=0.0031435239 wMSE=239.4748 wMRED=0.26551016 wER=0.215477 wMAE=5.7772 wBias=2.3997 condBias=7.7322 dotDrift=+9.925sigma uMRED=0.0145236903 uER=0.242188 uMAE=8.0312 WCE=75 bias=-2.5625
[quad_warmup_bit:00200] loss=0.662497 tau=1.50 collapse_w=0.000 mid_frac=0.417 hard=score=0.1372164248 wNMSE=0.0021398383 wMSE=163.0136 wMRED=0.25204996 wER=0.194815 wMAE=4.9470 wBias=1.4935 condBias=6.3795 dotDrift=+7.487sigma uMRED=0.0132664951 uER=0.242188 uMAE=7.5781 WCE=64 bias=-5.2500
[quad_warmup_bit:00400] loss=0.283868 tau=1.50 collapse_w=0.000 mid_frac=0.375 hard=score=0.1068592194 wNMSE=0.002145326 wMSE=163.4317 wMRED=0.24637839 wER=0.194815 wMAE=4.9821 wBias=1.2930 condBias=6.3876 dotDrift=+6.473sigma uMRED=0.0138517954 uER=0.242188 uMAE=8.1562 WCE=56 bias=-5.8750
[quad_warmup_bit:00600] loss=0.149937 tau=1.50 collapse_w=0.000 mid_frac=0.354 hard=score=0.0757477351 wNMSE=0.0021364985 wMSE=162.7592 wMRED=0.23662107 wER=0.178490 wMAE=4.8601 wBias=1.0498 condBias=6.3745 dotDrift=+5.266sigma uMRED=0.0133598967 uER=0.238281 uMAE=7.8125 WCE=56 bias=-5.6250
[quad_warmup_bit:00800] loss=0.098299 tau=1.50 collapse_w=0.000 mid_frac=0.354 hard=score=0.0757477351 wNMSE=0.0021364985 wMSE=162.7592 wMRED=0.23662107 wER=0.178490 wMAE=4.8601 wBias=1.0498 condBias=6.3745 dotDrift=+5.266sigma uMRED=0.0133598967 uER=0.238281 uMAE=7.8125 WCE=56 bias=-5.6250
[quad_warmup_bit:01000] loss=0.087166 tau=1.50 collapse_w=0.000 mid_frac=0.333 hard=score=0.0757477351 wNMSE=0.0021364985 wMSE=162.7592 wMRED=0.23662107 wER=0.178490 wMAE=4.8601 wBias=1.0498 condBias=6.3745 dotDrift=+5.266sigma uMRED=0.0133598967 uER=0.238281 uMAE=7.8125 WCE=56 bias=-5.6250
[quad_warmup_bit:01200] loss=0.078179 tau=1.50 collapse_w=0.000 mid_frac=0.312 hard=score=0.0998117692 wNMSE=0.0020757327 wMSE=158.1301 wMRED=0.23098362 wER=0.159629 wMAE=4.6634 wBias=1.2465 condBias=6.2832 dotDrift=+6.344sigma uMRED=0.0129304758 uER=0.230469 uMAE=7.5625 WCE=56 bias=-5.3750
[quad_warmup_bit:01400] loss=0.074162 tau=1.50 collapse_w=0.000 mid_frac=0.312 hard=score=0.0998117692 wNMSE=0.0020757327 wMSE=158.1301 wMRED=0.23098362 wER=0.159629 wMAE=4.6634 wBias=1.2465 condBias=6.2832 dotDrift=+6.344sigma uMRED=0.0129304758 uER=0.230469 uMAE=7.5625 WCE=56 bias=-5.3750
[quad_warmup_bit:01600] loss=0.071298 tau=1.50 collapse_w=0.000 mid_frac=0.250 hard=score=0.1222660856 wNMSE=0.0021275631 wMSE=162.0785 wMRED=0.23139095 wER=0.159629 wMAE=4.6698 wBias=1.4005 condBias=6.3612 dotDrift=+7.040sigma uMRED=0.0128101807 uER=0.230469 uMAE=7.4375 WCE=56 bias=-5.1250
[quad_warmup_bit:01800] loss=0.069443 tau=1.50 collapse_w=0.000 mid_frac=0.229 hard=score=0.1222660856 wNMSE=0.0021275631 wMSE=162.0785 wMRED=0.23139095 wER=0.159629 wMAE=4.6698 wBias=1.4005 condBias=6.3612 dotDrift=+7.040sigma uMRED=0.0128101807 uER=0.230469 uMAE=7.4375 WCE=56 bias=-5.1250
[quad_warmup_bit:02000] loss=0.067611 tau=1.50 collapse_w=0.000 mid_frac=0.250 hard=score=0.1222660856 wNMSE=0.0021275631 wMSE=162.0785 wMRED=0.23139095 wER=0.159629 wMAE=4.6698 wBias=1.4005 condBias=6.3612 dotDrift=+7.040sigma uMRED=0.0128101807 uER=0.230469 uMAE=7.4375 WCE=56 bias=-5.1250
[quad_warmup_bit:02200] loss=0.064846 tau=1.50 collapse_w=0.000 mid_frac=0.250 hard=score=0.1135368716 wNMSE=0.002213335 wMSE=168.6126 wMRED=0.23186008 wER=0.159629 wMAE=4.7321 wBias=1.3382 condBias=6.4883 dotDrift=+6.596sigma uMRED=0.0133742396 uER=0.230469 uMAE=7.9375 WCE=64 bias=-5.6250
[quad_warmup_bit:02400] loss=0.063238 tau=1.50 collapse_w=0.000 mid_frac=0.250 hard=score=0.1080524221 wNMSE=0.0021629158 wMSE=164.7717 wMRED=0.23407630 wER=0.159629 wMAE=4.7684 wBias=1.3019 condBias=6.4138 dotDrift=+6.491sigma uMRED=0.0126349926 uER=0.230469 uMAE=7.1875 WCE=64 bias=-4.8750
[quad_warmup_bit:02600] loss=0.062767 tau=1.50 collapse_w=0.000 mid_frac=0.250 hard=score=0.9463849222 wNMSE=0.0058813023 wMSE=448.0397 wMRED=0.43476840 wER=0.159629 wMAE=7.5502 wBias=4.0838 condBias=10.5758 dotDrift=+12.348sigma uMRED=0.0172059798 uER=0.230469 uMAE=8.1875 WCE=80 bias=-3.8750
[quad_warmup_bit:02800] loss=0.062212 tau=1.50 collapse_w=0.000 mid_frac=0.250 hard=score=0.9463849222 wNMSE=0.0058813023 wMSE=448.0397 wMRED=0.43476840 wER=0.159629 wMAE=7.5502 wBias=4.0838 condBias=10.5758 dotDrift=+12.348sigma uMRED=0.0172059798 uER=0.230469 uMAE=8.1875 WCE=80 bias=-3.8750
[quad_warmup_bit:03000] loss=0.062093 tau=1.50 collapse_w=0.000 mid_frac=0.250 hard=score=0.9463849222 wNMSE=0.0058813023 wMSE=448.0397 wMRED=0.43476840 wER=0.159629 wMAE=7.5502 wBias=4.0838 condBias=10.5758 dotDrift=+12.348sigma uMRED=0.0172059798 uER=0.230469 uMAE=8.1875 WCE=80 bias=-3.8750
[quad_warmup_bit:03200] loss=0.060914 tau=1.50 collapse_w=0.000 mid_frac=0.250 hard=score=0.9463849222 wNMSE=0.0058813023 wMSE=448.0397 wMRED=0.43476840 wER=0.159629 wMAE=7.5502 wBias=4.0838 condBias=10.5758 dotDrift=+12.348sigma uMRED=0.0172059798 uER=0.230469 uMAE=8.1875 WCE=80 bias=-3.8750
[quad_warmup_bit:03400] loss=0.060345 tau=1.50 collapse_w=0.000 mid_frac=0.250 hard=score=0.9463849222 wNMSE=0.0058813023 wMSE=448.0397 wMRED=0.43476840 wER=0.159629 wMAE=7.5502 wBias=4.0838 condBias=10.5758 dotDrift=+12.348sigma uMRED=0.0172059798 uER=0.230469 uMAE=8.1875 WCE=80 bias=-3.8750
[quad_warmup_bit:03600] loss=0.059756 tau=1.50 collapse_w=0.000 mid_frac=0.271 hard=score=0.9463849222 wNMSE=0.0058813023 wMSE=448.0397 wMRED=0.43476840 wER=0.159629 wMAE=7.5502 wBias=4.0838 condBias=10.5758 dotDrift=+12.348sigma uMRED=0.0172059798 uER=0.230469 uMAE=8.1875 WCE=80 bias=-3.8750
[quad_warmup_bit:03800] loss=0.059282 tau=1.50 collapse_w=0.000 mid_frac=0.271 hard=score=0.9463849222 wNMSE=0.0058813023 wMSE=448.0397 wMRED=0.43476840 wER=0.159629 wMAE=7.5502 wBias=4.0838 condBias=10.5758 dotDrift=+12.348sigma uMRED=0.0172059798 uER=0.230469 uMAE=8.1875 WCE=80 bias=-3.8750
[quad_warmup_bit:04000] loss=0.058782 tau=1.50 collapse_w=0.000 mid_frac=0.271 hard=score=0.9463849222 wNMSE=0.0058813023 wMSE=448.0397 wMRED=0.43476840 wER=0.159629 wMAE=7.5502 wBias=4.0838 condBias=10.5758 dotDrift=+12.348sigma uMRED=0.0172059798 uER=0.230469 uMAE=8.1875 WCE=80 bias=-3.8750
[quad_warmup_bit:04200] loss=0.057970 tau=1.50 collapse_w=0.000 mid_frac=0.292 hard=score=1.0689140175 wNMSE=0.0057234259 wMSE=436.0126 wMRED=0.43294306 wER=0.156096 wMAE=7.3179 wBias=4.3534 condBias=10.4328 dotDrift=+13.343sigma uMRED=0.0152162651 uER=0.207031 uMAE=6.4375 WCE=80 bias=-1.3750
[quad_warmup_bit:04400] loss=0.057100 tau=1.50 collapse_w=0.000 mid_frac=0.292 hard=score=1.0689140175 wNMSE=0.0057234259 wMSE=436.0126 wMRED=0.43294306 wER=0.156096 wMAE=7.3179 wBias=4.3534 condBias=10.4328 dotDrift=+13.343sigma uMRED=0.0152162651 uER=0.207031 uMAE=6.4375 WCE=80 bias=-1.3750
[quad_warmup_bit:04600] loss=0.056304 tau=1.50 collapse_w=0.000 mid_frac=0.292 hard=score=1.0689140175 wNMSE=0.0057234259 wMSE=436.0126 wMRED=0.43294306 wER=0.156096 wMAE=7.3179 wBias=4.3534 condBias=10.4328 dotDrift=+13.343sigma uMRED=0.0152162651 uER=0.207031 uMAE=6.4375 WCE=80 bias=-1.3750
[quad_warmup_bit:04800] loss=0.055542 tau=1.50 collapse_w=0.000 mid_frac=0.292 hard=score=1.2207529489 wNMSE=0.0055883844 wMSE=425.7251 wMRED=0.42838389 wER=0.148020 wMAE=7.0060 wBias=4.6654 condBias=10.3090 dotDrift=+14.471sigma uMRED=0.0144232587 uER=0.199219 uMAE=5.9375 WCE=80 bias=-0.8750
[quad_warmup_bit:05000] loss=0.054454 tau=1.50 collapse_w=0.000 mid_frac=0.271 hard=score=0.0498552648 wNMSE=0.00048636004 wMSE=37.0511 wMRED=0.02694521 wER=0.093636 wMAE=1.4313 wBias=-0.9247 condBias=3.0421 dotDrift=-9.723sigma uMRED=0.0050310926 uER=0.167969 uMAE=3.6875 WCE=48 bias=-3.3750
[quad_warmup_bit:05200] loss=0.053434 tau=1.50 collapse_w=0.000 mid_frac=0.250 hard=score=0.0498552648 wNMSE=0.00048636004 wMSE=37.0511 wMRED=0.02694521 wER=0.093636 wMAE=1.4313 wBias=-0.9247 condBias=3.0421 dotDrift=-9.723sigma uMRED=0.0050310926 uER=0.167969 uMAE=3.6875 WCE=48 bias=-3.3750
[quad_warmup_bit:05400] loss=0.052967 tau=1.50 collapse_w=0.000 mid_frac=0.250 hard=score=0.0266528891 wNMSE=0.00088118412 wMSE=67.1289 wMRED=0.03062024 wER=0.093636 wMAE=1.7446 wBias=0.6183 condBias=4.0943 dotDrift=+4.829sigma uMRED=0.0060948926 uER=0.167969 uMAE=4.4375 WCE=64 bias=-0.3750
[quad_warmup_bit:05600] loss=0.050703 tau=1.50 collapse_w=0.000 mid_frac=0.250 hard=score=0.0266528891 wNMSE=0.00088118412 wMSE=67.1289 wMRED=0.03062024 wER=0.093636 wMAE=1.7446 wBias=0.6183 condBias=4.0943 dotDrift=+4.829sigma uMRED=0.0060948926 uER=0.167969 uMAE=4.4375 WCE=64 bias=-0.3750
[quad_warmup_bit:05800] loss=0.050539 tau=1.50 collapse_w=0.000 mid_frac=0.250 hard=score=0.0349651145 wNMSE=0.00089859527 wMSE=68.4553 wMRED=0.03074442 wER=0.093636 wMAE=1.7654 wBias=0.7303 condBias=4.1346 dotDrift=+5.649sigma uMRED=0.0064211215 uER=0.167969 uMAE=4.7500 WCE=64 bias=1.6250
[quad_warmup_bit:05999] loss=0.049881 tau=1.50 collapse_w=0.000 mid_frac=0.208 hard=score=0.0304877336 wNMSE=0.00086635837 wMSE=65.9995 wMRED=0.03042938 wER=0.092849 wMAE=1.7094 wBias=0.6743 condBias=4.0597 dotDrift=+5.312sigma uMRED=0.0053965213 uER=0.152344 uMAE=3.7500 WCE=64 bias=0.6250
[quad_soft:00000] loss=0.055156 tau=1.50 collapse_w=0.000 mid_frac=0.208 hard=score=0.0304877336 wNMSE=0.00086635837 wMSE=65.9995 wMRED=0.03042938 wER=0.092849 wMAE=1.7094 wBias=0.6743 condBias=4.0597 dotDrift=+5.312sigma uMRED=0.0053965213 uER=0.152344 uMAE=3.7500 WCE=64 bias=0.6250
[quad_soft:00200] loss=0.049341 tau=1.59 collapse_w=0.000 mid_frac=0.188 hard=score=0.0439396392 wNMSE=0.00091329537 wMSE=69.5752 wMRED=0.02893017 wER=0.092849 wMAE=1.6543 wBias=0.8351 condBias=4.1683 dotDrift=+6.408sigma uMRED=0.0052275215 uER=0.152344 uMAE=3.6250 WCE=64 bias=0.8750
[quad_soft:00400] loss=0.051390 tau=1.68 collapse_w=0.000 mid_frac=0.167 hard=score=0.0439396392 wNMSE=0.00091329537 wMSE=69.5752 wMRED=0.02893017 wER=0.092849 wMAE=1.6543 wBias=0.8351 condBias=4.1683 dotDrift=+6.408sigma uMRED=0.0052275215 uER=0.152344 uMAE=3.6250 WCE=64 bias=0.8750
[quad_soft:00600] loss=0.052357 tau=1.77 collapse_w=0.000 mid_frac=0.167 hard=score=0.0439396392 wNMSE=0.00091329537 wMSE=69.5752 wMRED=0.02893017 wER=0.092849 wMAE=1.6543 wBias=0.8351 condBias=4.1683 dotDrift=+6.408sigma uMRED=0.0052275215 uER=0.152344 uMAE=3.6250 WCE=64 bias=0.8750
[quad_soft:00800] loss=0.053512 tau=1.86 collapse_w=0.000 mid_frac=0.167 hard=score=0.0439396392 wNMSE=0.00091329537 wMSE=69.5752 wMRED=0.02893017 wER=0.092849 wMAE=1.6543 wBias=0.8351 condBias=4.1683 dotDrift=+6.408sigma uMRED=0.0052275215 uER=0.152344 uMAE=3.6250 WCE=64 bias=0.8750
[quad_soft:01000] loss=0.054776 tau=1.95 collapse_w=0.000 mid_frac=0.188 hard=score=0.0439396392 wNMSE=0.00091329537 wMSE=69.5752 wMRED=0.02893017 wER=0.092849 wMAE=1.6543 wBias=0.8351 condBias=4.1683 dotDrift=+6.408sigma uMRED=0.0052275215 uER=0.152344 uMAE=3.6250 WCE=64 bias=0.8750
[quad_soft:01200] loss=0.053494 tau=2.04 collapse_w=0.000 mid_frac=0.188 hard=score=0.0439396392 wNMSE=0.00091329537 wMSE=69.5752 wMRED=0.02893017 wER=0.092849 wMAE=1.6543 wBias=0.8351 condBias=4.1683 dotDrift=+6.408sigma uMRED=0.0052275215 uER=0.152344 uMAE=3.6250 WCE=64 bias=0.8750
[quad_soft:01400] loss=0.045040 tau=2.13 collapse_w=0.000 mid_frac=0.188 hard=score=0.0439396392 wNMSE=0.00091329537 wMSE=69.5752 wMRED=0.02893017 wER=0.092849 wMAE=1.6543 wBias=0.8351 condBias=4.1683 dotDrift=+6.408sigma uMRED=0.0052275215 uER=0.152344 uMAE=3.6250 WCE=64 bias=0.8750
[quad_soft:01600] loss=0.043194 tau=2.22 collapse_w=0.000 mid_frac=0.188 hard=score=0.0495854147 wNMSE=0.00087985943 wMSE=67.0280 wMRED=0.02846104 wER=0.092241 wMAE=1.5920 wBias=0.8974 condBias=4.0913 dotDrift=+7.015sigma uMRED=0.0046634626 uER=0.144531 uMAE=3.1250 WCE=64 bias=1.3750
[quad_soft:01800] loss=0.040146 tau=2.31 collapse_w=0.000 mid_frac=0.188 hard=score=0.0495854147 wNMSE=0.00087985943 wMSE=67.0280 wMRED=0.02846104 wER=0.092241 wMAE=1.5920 wBias=0.8974 condBias=4.0913 dotDrift=+7.015sigma uMRED=0.0046634626 uER=0.144531 uMAE=3.1250 WCE=64 bias=1.3750
[quad_soft:02000] loss=0.039455 tau=2.40 collapse_w=0.000 mid_frac=0.188 hard=score=0.0495854147 wNMSE=0.00087985943 wMSE=67.0280 wMRED=0.02846104 wER=0.092241 wMAE=1.5920 wBias=0.8974 condBias=4.0913 dotDrift=+7.015sigma uMRED=0.0046634626 uER=0.144531 uMAE=3.1250 WCE=64 bias=1.3750
[quad_soft:02200] loss=0.038741 tau=2.49 collapse_w=0.000 mid_frac=0.167 hard=score=0.0495854147 wNMSE=0.00087985943 wMSE=67.0280 wMRED=0.02846104 wER=0.092241 wMAE=1.5920 wBias=0.8974 condBias=4.0913 dotDrift=+7.015sigma uMRED=0.0046634626 uER=0.144531 uMAE=3.1250 WCE=64 bias=1.3750
[quad_soft:02400] loss=0.039163 tau=2.58 collapse_w=0.000 mid_frac=0.167 hard=score=0.0495854147 wNMSE=0.00087985943 wMSE=67.0280 wMRED=0.02846104 wER=0.092241 wMAE=1.5920 wBias=0.8974 condBias=4.0913 dotDrift=+7.015sigma uMRED=0.0046634626 uER=0.144531 uMAE=3.1250 WCE=64 bias=1.3750
[quad_soft:02600] loss=0.037288 tau=2.67 collapse_w=0.000 mid_frac=0.167 hard=score=0.0289064919 wNMSE=0.0008221237 wMSE=62.6297 wMRED=0.03070985 wER=0.092241 wMAE=1.6746 wBias=0.6561 condBias=3.9546 dotDrift=+5.306sigma uMRED=0.0049169623 uER=0.144531 uMAE=3.3125 WCE=64 bias=1.0000
[quad_soft:02800] loss=0.036599 tau=2.76 collapse_w=0.000 mid_frac=0.167 hard=score=0.0495854147 wNMSE=0.00087985943 wMSE=67.0280 wMRED=0.02846104 wER=0.092241 wMAE=1.5920 wBias=0.8974 condBias=4.0913 dotDrift=+7.015sigma uMRED=0.0046634626 uER=0.144531 uMAE=3.1250 WCE=64 bias=1.3750
[quad_soft:03000] loss=0.036122 tau=2.85 collapse_w=0.000 mid_frac=0.167 hard=score=0.0350453344 wNMSE=0.00083292243 wMSE=63.4523 wMRED=0.02996025 wER=0.092241 wMAE=1.6471 wBias=0.7366 condBias=3.9805 dotDrift=+5.918sigma uMRED=0.0048324624 uER=0.144531 uMAE=3.2500 WCE=64 bias=1.1250
[quad_soft:03200] loss=0.035569 tau=2.94 collapse_w=0.000 mid_frac=0.188 hard=score=0.0058046114 wNMSE=0.00013761935 wMSE=10.4839 wMRED=0.01950052 wER=0.084414 wMAE=0.8194 wBias=-0.2921 condBias=1.6180 dotDrift=-5.773sigma uMRED=0.0022735163 uER=0.125000 uMAE=1.5000 WCE=16 bias=-0.8750
[quad_soft:03400] loss=0.035127 tau=3.03 collapse_w=0.000 mid_frac=0.188 hard=score=0.0058046114 wNMSE=0.00013761935 wMSE=10.4839 wMRED=0.01950052 wER=0.084414 wMAE=0.8194 wBias=-0.2921 condBias=1.6180 dotDrift=-5.773sigma uMRED=0.0022735163 uER=0.125000 uMAE=1.5000 WCE=16 bias=-0.8750
[quad_soft:03600] loss=0.034632 tau=3.12 collapse_w=0.000 mid_frac=0.188 hard=score=0.0058046114 wNMSE=0.00013761935 wMSE=10.4839 wMRED=0.01950052 wER=0.084414 wMAE=0.8194 wBias=-0.2921 condBias=1.6180 dotDrift=-5.773sigma uMRED=0.0022735163 uER=0.125000 uMAE=1.5000 WCE=16 bias=-0.8750
[quad_soft:03800] loss=0.032681 tau=3.21 collapse_w=0.000 mid_frac=0.188 hard=score=0.0089334482 wNMSE=0.00017127295 wMSE=13.0476 wMRED=0.02107776 wER=0.084414 wMAE=0.8999 wBias=-0.3725 condBias=1.8050 dotDrift=-6.600sigma uMRED=0.0024679517 uER=0.125000 uMAE=1.6250 WCE=20 bias=-1.0000
[quad_soft:04000] loss=0.037642 tau=3.30 collapse_w=0.000 mid_frac=0.188 hard=score=0.0089334482 wNMSE=0.00017127295 wMSE=13.0476 wMRED=0.02107776 wER=0.084414 wMAE=0.8999 wBias=-0.3725 condBias=1.8050 dotDrift=-6.600sigma uMRED=0.0024679517 uER=0.125000 uMAE=1.6250 WCE=20 bias=-1.0000
[quad_soft:04200] loss=0.028136 tau=3.39 collapse_w=0.000 mid_frac=0.167 hard=score=0.0058046114 wNMSE=0.00013761935 wMSE=10.4839 wMRED=0.01950052 wER=0.084414 wMAE=0.8194 wBias=-0.2921 condBias=1.6180 dotDrift=-5.773sigma uMRED=0.0022735163 uER=0.125000 uMAE=1.5000 WCE=16 bias=-0.8750
[quad_soft:04400] loss=0.027259 tau=3.48 collapse_w=0.000 mid_frac=0.167 hard=score=0.0089334482 wNMSE=0.00017127295 wMSE=13.0476 wMRED=0.02107776 wER=0.084414 wMAE=0.8999 wBias=-0.3725 condBias=1.8050 dotDrift=-6.600sigma uMRED=0.0024679517 uER=0.125000 uMAE=1.6250 WCE=20 bias=-1.0000
[quad_soft:04600] loss=0.026198 tau=3.57 collapse_w=0.000 mid_frac=0.167 hard=score=0.0058046114 wNMSE=0.00013761935 wMSE=10.4839 wMRED=0.01950052 wER=0.084414 wMAE=0.8194 wBias=-0.2921 condBias=1.6180 dotDrift=-5.773sigma uMRED=0.0022735163 uER=0.125000 uMAE=1.5000 WCE=16 bias=-0.8750
[quad_soft:04800] loss=0.025309 tau=3.66 collapse_w=0.000 mid_frac=0.146 hard=score=0.0118617969 wNMSE=0.00011828461 wMSE=9.0110 wMRED=0.01904037 wER=0.093098 wMAE=0.8044 wBias=-0.4461 condBias=1.5000 dotDrift=-9.511sigma uMRED=0.0022625739 uER=0.140625 uMAE=1.5000 WCE=16 bias=-1.1250
[quad_soft:05000] loss=0.024712 tau=3.75 collapse_w=0.000 mid_frac=0.146 hard=score=0.0118617969 wNMSE=0.00011828461 wMSE=9.0110 wMRED=0.01904037 wER=0.093098 wMAE=0.8044 wBias=-0.4461 condBias=1.5000 dotDrift=-9.511sigma uMRED=0.0022625739 uER=0.140625 uMAE=1.5000 WCE=16 bias=-1.1250
[quad_soft:05200] loss=0.023376 tau=3.84 collapse_w=0.000 mid_frac=0.146 hard=score=0.0118617969 wNMSE=0.00011828461 wMSE=9.0110 wMRED=0.01904037 wER=0.093098 wMAE=0.8044 wBias=-0.4461 condBias=1.5000 dotDrift=-9.511sigma uMRED=0.0022625739 uER=0.140625 uMAE=1.5000 WCE=16 bias=-1.1250
[quad_soft:05400] loss=0.022800 tau=3.93 collapse_w=0.000 mid_frac=0.146 hard=score=0.0118617969 wNMSE=0.00011828461 wMSE=9.0110 wMRED=0.01904037 wER=0.093098 wMAE=0.8044 wBias=-0.4461 condBias=1.5000 dotDrift=-9.511sigma uMRED=0.0022625739 uER=0.140625 uMAE=1.5000 WCE=16 bias=-1.1250
[quad_soft:05600] loss=0.021419 tau=4.02 collapse_w=0.000 mid_frac=0.146 hard=score=0.0118617969 wNMSE=0.00011828461 wMSE=9.0110 wMRED=0.01904037 wER=0.093098 wMAE=0.8044 wBias=-0.4461 condBias=1.5000 dotDrift=-9.511sigma uMRED=0.0022625739 uER=0.140625 uMAE=1.5000 WCE=16 bias=-1.1250
[quad_soft:05800] loss=0.020489 tau=4.11 collapse_w=0.000 mid_frac=0.146 hard=score=0.0051762978 wNMSE=7.6316949e-05 wMSE=5.8139 wMRED=0.01588588 wER=0.093098 wMAE=0.6435 wBias=-0.2852 condBias=1.2048 dotDrift=-7.570sigma uMRED=0.0018737031 uER=0.140625 uMAE=1.2500 WCE=16 bias=-0.8750
[quad_soft:06000] loss=0.019975 tau=4.20 collapse_w=0.000 mid_frac=0.146 hard=score=0.0051762978 wNMSE=7.6316949e-05 wMSE=5.8139 wMRED=0.01588588 wER=0.093098 wMAE=0.6435 wBias=-0.2852 condBias=1.2048 dotDrift=-7.570sigma uMRED=0.0018737031 uER=0.140625 uMAE=1.2500 WCE=16 bias=-0.8750
[quad_soft:06200] loss=0.023042 tau=4.29 collapse_w=0.025 mid_frac=0.146 hard=score=0.0118617969 wNMSE=0.00011828461 wMSE=9.0110 wMRED=0.01904037 wER=0.093098 wMAE=0.8044 wBias=-0.4461 condBias=1.5000 dotDrift=-9.511sigma uMRED=0.0022625739 uER=0.140625 uMAE=1.5000 WCE=16 bias=-1.1250
[quad_soft:06400] loss=0.020839 tau=4.38 collapse_w=0.050 mid_frac=0.146 hard=score=0.0118617969 wNMSE=0.00011828461 wMSE=9.0110 wMRED=0.01904037 wER=0.093098 wMAE=0.8044 wBias=-0.4461 condBias=1.5000 dotDrift=-9.511sigma uMRED=0.0022625739 uER=0.140625 uMAE=1.5000 WCE=16 bias=-1.1250
[quad_soft:06600] loss=0.021197 tau=4.47 collapse_w=0.075 mid_frac=0.146 hard=score=0.0118617969 wNMSE=0.00011828461 wMSE=9.0110 wMRED=0.01904037 wER=0.093098 wMAE=0.8044 wBias=-0.4461 condBias=1.5000 dotDrift=-9.511sigma uMRED=0.0022625739 uER=0.140625 uMAE=1.5000 WCE=16 bias=-1.1250
[quad_soft:06800] loss=0.021413 tau=4.56 collapse_w=0.100 mid_frac=0.146 hard=score=0.0118617969 wNMSE=0.00011828461 wMSE=9.0110 wMRED=0.01904037 wER=0.093098 wMAE=0.8044 wBias=-0.4461 condBias=1.5000 dotDrift=-9.511sigma uMRED=0.0022625739 uER=0.140625 uMAE=1.5000 WCE=16 bias=-1.1250
[quad_soft:07000] loss=0.021474 tau=4.65 collapse_w=0.125 mid_frac=0.146 hard=score=0.0118617969 wNMSE=0.00011828461 wMSE=9.0110 wMRED=0.01904037 wER=0.093098 wMAE=0.8044 wBias=-0.4461 condBias=1.5000 dotDrift=-9.511sigma uMRED=0.0022625739 uER=0.140625 uMAE=1.5000 WCE=16 bias=-1.1250
[quad_soft:07200] loss=0.021506 tau=4.74 collapse_w=0.150 mid_frac=0.125 hard=score=0.0118617969 wNMSE=0.00011828461 wMSE=9.0110 wMRED=0.01904037 wER=0.093098 wMAE=0.8044 wBias=-0.4461 condBias=1.5000 dotDrift=-9.511sigma uMRED=0.0022625739 uER=0.140625 uMAE=1.5000 WCE=16 bias=-1.1250
[quad_soft:07400] loss=0.021348 tau=4.83 collapse_w=0.175 mid_frac=0.125 hard=score=0.0118617969 wNMSE=0.00011828461 wMSE=9.0110 wMRED=0.01904037 wER=0.093098 wMAE=0.8044 wBias=-0.4461 condBias=1.5000 dotDrift=-9.511sigma uMRED=0.0022625739 uER=0.140625 uMAE=1.5000 WCE=16 bias=-1.1250
[quad_soft:07600] loss=0.021182 tau=4.92 collapse_w=0.200 mid_frac=0.125 hard=score=0.0118617969 wNMSE=0.00011828461 wMSE=9.0110 wMRED=0.01904037 wER=0.093098 wMAE=0.8044 wBias=-0.4461 condBias=1.5000 dotDrift=-9.511sigma uMRED=0.0022625739 uER=0.140625 uMAE=1.5000 WCE=16 bias=-1.1250
[quad_soft:07800] loss=0.021003 tau=5.01 collapse_w=0.225 mid_frac=0.146 hard=score=0.0118617969 wNMSE=0.00011828461 wMSE=9.0110 wMRED=0.01904037 wER=0.093098 wMAE=0.8044 wBias=-0.4461 condBias=1.5000 dotDrift=-9.511sigma uMRED=0.0022625739 uER=0.140625 uMAE=1.5000 WCE=16 bias=-1.1250
[quad_soft:08000] loss=0.021464 tau=5.10 collapse_w=0.250 mid_frac=0.125 hard=score=0.0118617969 wNMSE=0.00011828461 wMSE=9.0110 wMRED=0.01904037 wER=0.093098 wMAE=0.8044 wBias=-0.4461 condBias=1.5000 dotDrift=-9.511sigma uMRED=0.0022625739 uER=0.140625 uMAE=1.5000 WCE=16 bias=-1.1250
[quad_soft:08200] loss=0.020445 tau=5.19 collapse_w=0.275 mid_frac=0.125 hard=score=0.0118617969 wNMSE=0.00011828461 wMSE=9.0110 wMRED=0.01904037 wER=0.093098 wMAE=0.8044 wBias=-0.4461 condBias=1.5000 dotDrift=-9.511sigma uMRED=0.0022625739 uER=0.140625 uMAE=1.5000 WCE=16 bias=-1.1250
[quad_soft:08400] loss=0.020022 tau=5.28 collapse_w=0.300 mid_frac=0.125 hard=score=0.0118617969 wNMSE=0.00011828461 wMSE=9.0110 wMRED=0.01904037 wER=0.093098 wMAE=0.8044 wBias=-0.4461 condBias=1.5000 dotDrift=-9.511sigma uMRED=0.0022625739 uER=0.140625 uMAE=1.5000 WCE=16 bias=-1.1250
[quad_soft:08600] loss=0.019530 tau=5.37 collapse_w=0.325 mid_frac=0.125 hard=score=0.0118617969 wNMSE=0.00011828461 wMSE=9.0110 wMRED=0.01904037 wER=0.093098 wMAE=0.8044 wBias=-0.4461 condBias=1.5000 dotDrift=-9.511sigma uMRED=0.0022625739 uER=0.140625 uMAE=1.5000 WCE=16 bias=-1.1250
[quad_soft:08800] loss=0.018974 tau=5.46 collapse_w=0.350 mid_frac=0.125 hard=score=0.0118617969 wNMSE=0.00011828461 wMSE=9.0110 wMRED=0.01904037 wER=0.093098 wMAE=0.8044 wBias=-0.4461 condBias=1.5000 dotDrift=-9.511sigma uMRED=0.0022625739 uER=0.140625 uMAE=1.5000 WCE=16 bias=-1.1250
[quad_soft:09000] loss=0.018153 tau=5.55 collapse_w=0.375 mid_frac=0.125 hard=score=0.0118617969 wNMSE=0.00011828461 wMSE=9.0110 wMRED=0.01904037 wER=0.093098 wMAE=0.8044 wBias=-0.4461 condBias=1.5000 dotDrift=-9.511sigma uMRED=0.0022625739 uER=0.140625 uMAE=1.5000 WCE=16 bias=-1.1250
[quad_soft:09200] loss=0.017275 tau=5.64 collapse_w=0.400 mid_frac=0.125 hard=score=0.0118617969 wNMSE=0.00011828461 wMSE=9.0110 wMRED=0.01904037 wER=0.093098 wMAE=0.8044 wBias=-0.4461 condBias=1.5000 dotDrift=-9.511sigma uMRED=0.0022625739 uER=0.140625 uMAE=1.5000 WCE=16 bias=-1.1250
[quad_soft:09400] loss=0.016919 tau=5.73 collapse_w=0.425 mid_frac=0.104 hard=score=0.0118617969 wNMSE=0.00011828461 wMSE=9.0110 wMRED=0.01904037 wER=0.093098 wMAE=0.8044 wBias=-0.4461 condBias=1.5000 dotDrift=-9.511sigma uMRED=0.0022625739 uER=0.140625 uMAE=1.5000 WCE=16 bias=-1.1250
[quad_soft:09600] loss=0.015733 tau=5.82 collapse_w=0.450 mid_frac=0.104 hard=score=0.0118617969 wNMSE=0.00011828461 wMSE=9.0110 wMRED=0.01904037 wER=0.093098 wMAE=0.8044 wBias=-0.4461 condBias=1.5000 dotDrift=-9.511sigma uMRED=0.0022625739 uER=0.140625 uMAE=1.5000 WCE=16 bias=-1.1250
[quad_soft:09800] loss=0.014722 tau=5.91 collapse_w=0.475 mid_frac=0.125 hard=score=0.0118617969 wNMSE=0.00011828461 wMSE=9.0110 wMRED=0.01904037 wER=0.093098 wMAE=0.8044 wBias=-0.4461 condBias=1.5000 dotDrift=-9.511sigma uMRED=0.0022625739 uER=0.140625 uMAE=1.5000 WCE=16 bias=-1.1250
[quad_soft:09999] loss=0.013235 tau=6.00 collapse_w=0.500 mid_frac=0.125 hard=score=0.0118617969 wNMSE=0.00011828461 wMSE=9.0110 wMRED=0.01904037 wER=0.093098 wMAE=0.8044 wBias=-0.4461 condBias=1.5000 dotDrift=-9.511sigma uMRED=0.0022625739 uER=0.140625 uMAE=1.5000 WCE=16 bias=-1.1250
[quad_hard_ste:00000] loss=11.949598 tau=6.00 collapse_w=0.000 mid_frac=0.125 hard=score=0.0118617969 wNMSE=0.00011828461 wMSE=9.0110 wMRED=0.01904037 wER=0.093098 wMAE=0.8044 wBias=-0.4461 condBias=1.5000 dotDrift=-9.511sigma uMRED=0.0022625739 uER=0.140625 uMAE=1.5000 WCE=16 bias=-1.1250
[quad_hard_ste:00200] loss=11.949598 tau=6.00 collapse_w=0.000 mid_frac=0.125 hard=score=0.0118617969 wNMSE=0.00011828461 wMSE=9.0110 wMRED=0.01904037 wER=0.093098 wMAE=0.8044 wBias=-0.4461 condBias=1.5000 dotDrift=-9.511sigma uMRED=0.0022625739 uER=0.140625 uMAE=1.5000 WCE=16 bias=-1.1250
[quad_hard_ste:00400] loss=11.949598 tau=6.00 collapse_w=0.000 mid_frac=0.125 hard=score=0.0238999899 wNMSE=0.00081358768 wMSE=61.9794 wMRED=0.02950009 wER=0.100925 wMAE=1.6320 wBias=0.5826 condBias=3.9340 dotDrift=+4.736sigma uMRED=0.0048215200 uER=0.160156 uMAE=3.2500 WCE=64 bias=0.8750
[quad_hard_ste:00600] loss=22.622910 tau=6.00 collapse_w=0.000 mid_frac=0.125 hard=score=0.0238999899 wNMSE=0.00081358768 wMSE=61.9794 wMRED=0.02950009 wER=0.100925 wMAE=1.6320 wBias=0.5826 condBias=3.9340 dotDrift=+4.736sigma uMRED=0.0048215200 uER=0.160156 uMAE=3.2500 WCE=64 bias=0.8750
[quad_hard_ste:00800] loss=11.949598 tau=6.00 collapse_w=0.000 mid_frac=0.125 hard=score=0.0118617969 wNMSE=0.00011828461 wMSE=9.0110 wMRED=0.01904037 wER=0.093098 wMAE=0.8044 wBias=-0.4461 condBias=1.5000 dotDrift=-9.511sigma uMRED=0.0022625739 uER=0.140625 uMAE=1.5000 WCE=16 bias=-1.1250
[quad_hard_ste:01000] loss=11.949598 tau=6.00 collapse_w=0.000 mid_frac=0.125 hard=score=0.0118617969 wNMSE=0.00011828461 wMSE=9.0110 wMRED=0.01904037 wER=0.093098 wMAE=0.8044 wBias=-0.4461 condBias=1.5000 dotDrift=-9.511sigma uMRED=0.0022625739 uER=0.140625 uMAE=1.5000 WCE=16 bias=-1.1250
[quad_hard_ste:01200] loss=0.890319 tau=6.00 collapse_w=0.000 mid_frac=0.083 hard=score=0.0849526275 wNMSE=0.00088230097 wMSE=67.2140 wMRED=0.03222431 wER=0.100925 wMAE=1.7956 wBias=1.2064 condBias=4.0967 dotDrift=+9.418sigma uMRED=0.0051553833 uER=0.160156 uMAE=3.4375 WCE=64 bias=1.8750
[quad_hard_ste:01400] loss=11.949598 tau=6.00 collapse_w=0.000 mid_frac=0.104 hard=score=0.0118617969 wNMSE=0.00011828461 wMSE=9.0110 wMRED=0.01904037 wER=0.093098 wMAE=0.8044 wBias=-0.4461 condBias=1.5000 dotDrift=-9.511sigma uMRED=0.0022625739 uER=0.140625 uMAE=1.5000 WCE=16 bias=-1.1250
[quad_hard_ste:01600] loss=11.949598 tau=6.00 collapse_w=0.000 mid_frac=0.104 hard=score=0.0118617969 wNMSE=0.00011828461 wMSE=9.0110 wMRED=0.01904037 wER=0.093098 wMAE=0.8044 wBias=-0.4461 condBias=1.5000 dotDrift=-9.511sigma uMRED=0.0022625739 uER=0.140625 uMAE=1.5000 WCE=16 bias=-1.1250
[quad_hard_ste:01800] loss=22.622910 tau=6.00 collapse_w=0.000 mid_frac=0.104 hard=score=0.0118617969 wNMSE=0.00011828461 wMSE=9.0110 wMRED=0.01904037 wER=0.093098 wMAE=0.8044 wBias=-0.4461 condBias=1.5000 dotDrift=-9.511sigma uMRED=0.0022625739 uER=0.140625 uMAE=1.5000 WCE=16 bias=-1.1250
[quad_hard_ste:02000] loss=11.949598 tau=6.00 collapse_w=0.000 mid_frac=0.104 hard=score=0.0118617969 wNMSE=0.00011828461 wMSE=9.0110 wMRED=0.01904037 wER=0.093098 wMAE=0.8044 wBias=-0.4461 condBias=1.5000 dotDrift=-9.511sigma uMRED=0.0022625739 uER=0.140625 uMAE=1.5000 WCE=16 bias=-1.1250
[quad_hard_ste:02200] loss=11.949598 tau=6.00 collapse_w=0.000 mid_frac=0.083 hard=score=0.0849526275 wNMSE=0.00088230097 wMSE=67.2140 wMRED=0.03222431 wER=0.100925 wMAE=1.7956 wBias=1.2064 condBias=4.0967 dotDrift=+9.418sigma uMRED=0.0051553833 uER=0.160156 uMAE=3.4375 WCE=64 bias=1.8750
[quad_hard_ste:02400] loss=0.890319 tau=6.00 collapse_w=0.000 mid_frac=0.083 hard=score=0.0117683646 wNMSE=0.00051599045 wMSE=39.3083 wMRED=0.02282030 wER=0.094064 wMAE=1.1638 wBias=0.3890 condBias=3.1316 dotDrift=+3.971sigma uMRED=0.0064099920 uER=0.160156 uMAE=5.4375 WCE=128 bias=3.8750
[quad_hard_ste:02600] loss=11.949598 tau=6.00 collapse_w=0.000 mid_frac=0.104 hard=score=0.0118617969 wNMSE=0.00011828461 wMSE=9.0110 wMRED=0.01904037 wER=0.093098 wMAE=0.8044 wBias=-0.4461 condBias=1.5000 dotDrift=-9.511sigma uMRED=0.0022625739 uER=0.140625 uMAE=1.5000 WCE=16 bias=-1.1250
[quad_hard_ste:02800] loss=11.949598 tau=6.00 collapse_w=0.000 mid_frac=0.104 hard=score=0.0060888845 wNMSE=0.00044727717 wMSE=34.0737 wMRED=0.02009609 wER=0.094064 wMAE=1.0002 wBias=-0.2348 condBias=2.9156 dotDrift=-2.575sigma uMRED=0.0060761287 uER=0.160156 uMAE=5.2500 WCE=128 bias=2.8750
[quad_hard_ste:03000] loss=0.890319 tau=6.00 collapse_w=0.000 mid_frac=0.104 hard=score=0.0118617969 wNMSE=0.00011828461 wMSE=9.0110 wMRED=0.01904037 wER=0.093098 wMAE=0.8044 wBias=-0.4461 condBias=1.5000 dotDrift=-9.511sigma uMRED=0.0022625739 uER=0.140625 uMAE=1.5000 WCE=16 bias=-1.1250
[quad_hard_ste:03200] loss=22.622910 tau=6.00 collapse_w=0.000 mid_frac=0.104 hard=score=0.0118617969 wNMSE=0.00011828461 wMSE=9.0110 wMRED=0.01904037 wER=0.093098 wMAE=0.8044 wBias=-0.4461 condBias=1.5000 dotDrift=-9.511sigma uMRED=0.0022625739 uER=0.140625 uMAE=1.5000 WCE=16 bias=-1.1250
[quad_hard_ste:03400] loss=69.649712 tau=6.00 collapse_w=0.000 mid_frac=0.083 hard=score=0.0117683646 wNMSE=0.00051599045 wMSE=39.3083 wMRED=0.02282030 wER=0.094064 wMAE=1.1638 wBias=0.3890 condBias=3.1316 dotDrift=+3.971sigma uMRED=0.0064099920 uER=0.160156 uMAE=5.4375 WCE=128 bias=3.8750
[quad_hard_ste:03600] loss=69.649712 tau=6.00 collapse_w=0.000 mid_frac=0.083 hard=score=0.0032310692 wNMSE=0.00018699789 wMSE=14.2456 wMRED=0.02176459 wER=0.093098 wMAE=0.9680 wBias=0.1778 condBias=1.8858 dotDrift=+3.014sigma uMRED=0.0025964372 uER=0.140625 uMAE=1.6875 WCE=24 bias=-0.1250
[quad_hard_ste:03800] loss=69.649712 tau=6.00 collapse_w=0.000 mid_frac=0.104 hard=score=0.0060888845 wNMSE=0.00044727717 wMSE=34.0737 wMRED=0.02009609 wER=0.094064 wMAE=1.0002 wBias=-0.2348 condBias=2.9156 dotDrift=-2.575sigma uMRED=0.0060761287 uER=0.160156 uMAE=5.2500 WCE=128 bias=2.8750
[quad_hard_ste:03999] loss=105.896240 tau=6.00 collapse_w=0.000 mid_frac=0.083 hard=score=0.1170855054 wNMSE=0.0012112935 wMSE=92.2768 wMRED=0.03328003 wER=0.101891 wMAE=1.9914 wBias=1.4177 condBias=4.7994 dotDrift=+9.445sigma uMRED=0.0089689381 uER=0.179688 uMAE=7.1875 WCE=128 bias=5.8750
[pop00_soft:00000] loss=3.074700 tau=1.50 collapse_w=0.000 mid_frac=0.375 hard=score=1.4141669879 wNMSE=0.009717024 wMSE=740.2463 wMRED=0.16388646 wER=0.194599 wMAE=6.2969 wBias=4.9912 condBias=13.5913 dotDrift=+11.741sigma uMRED=0.0197848471 uER=0.238281 uMAE=13.6094 WCE=192 bias=12.0000
[pop00_soft:00200] loss=5.130383 tau=2.25 collapse_w=0.000 mid_frac=0.354 hard=score=0.0476601577 wNMSE=0.0025879964 wMSE=197.1545 wMRED=0.23880788 wER=0.215469 wMAE=4.9354 wBias=0.7298 condBias=7.0167 dotDrift=+3.327sigma uMRED=0.0151125083 uER=0.242188 uMAE=9.4688 WCE=133 bias=-5.9375
[pop00_soft:00400] loss=0.158445 tau=3.00 collapse_w=0.000 mid_frac=0.333 hard=score=0.1877076778 wNMSE=0.0020534453 wMSE=156.4322 wMRED=0.22312718 wER=0.169477 wMAE=4.3501 wBias=1.7824 condBias=6.2490 dotDrift=+9.120sigma uMRED=0.0144274305 uER=0.218750 uMAE=9.4375 WCE=108 bias=-3.2500
[pop00_soft:00600] loss=0.043171 tau=3.75 collapse_w=0.000 mid_frac=0.312 hard=score=0.1772852989 wNMSE=0.0018479531 wMSE=140.7777 wMRED=0.22518266 wER=0.169477 wMAE=4.0335 wBias=1.7344 condBias=5.9277 dotDrift=+9.355sigma uMRED=0.0120372967 uER=0.218750 uMAE=7.3125 WCE=102 bias=-5.0000
[pop00_soft:00800] loss=0.058664 tau=4.50 collapse_w=0.084 mid_frac=0.333 hard=score=0.1772852989 wNMSE=0.0018479531 wMSE=140.7777 wMRED=0.22518266 wER=0.169477 wMAE=4.0335 wBias=1.7344 condBias=5.9277 dotDrift=+9.355sigma uMRED=0.0120372967 uER=0.218750 uMAE=7.3125 WCE=102 bias=-5.0000
[pop00_soft:01000] loss=0.044183 tau=5.25 collapse_w=0.293 mid_frac=0.292 hard=score=0.2240942944 wNMSE=0.0019806636 wMSE=150.8877 wMRED=0.23318847 wER=0.169477 wMAE=4.1899 wBias=1.9630 condBias=6.1370 dotDrift=+10.228sigma uMRED=0.0121319271 uER=0.218750 uMAE=7.2500 WCE=102 bias=-4.7500
[pop00_soft:01199] loss=0.044540 tau=6.00 collapse_w=0.500 mid_frac=0.250 hard=score=0.2240942944 wNMSE=0.0019806636 wMSE=150.8877 wMRED=0.23318847 wER=0.169477 wMAE=4.1899 wBias=1.9630 condBias=6.1370 dotDrift=+10.228sigma uMRED=0.0121319271 uER=0.218750 uMAE=7.2500 WCE=102 bias=-4.7500
[pop00_hard:00000] loss=100.437721 tau=6.00 collapse_w=0.000 mid_frac=0.250 hard=score=0.2240942944 wNMSE=0.0019806636 wMSE=150.8877 wMRED=0.23318847 wER=0.169477 wMAE=4.1899 wBias=1.9630 condBias=6.1370 dotDrift=+10.228sigma uMRED=0.0121319271 uER=0.218750 uMAE=7.2500 WCE=102 bias=-4.7500
[pop00_hard:00200] loss=100.539680 tau=6.00 collapse_w=0.000 mid_frac=0.292 hard=score=0.2240942944 wNMSE=0.0019806636 wMSE=150.8877 wMRED=0.23318847 wER=0.169477 wMAE=4.1899 wBias=1.9630 condBias=6.1370 dotDrift=+10.228sigma uMRED=0.0121319271 uER=0.218750 uMAE=7.2500 WCE=102 bias=-4.7500
[pop00_hard:00400] loss=59.322094 tau=6.00 collapse_w=0.000 mid_frac=0.208 hard=score=0.2236005068 wNMSE=0.0014830743 wMSE=112.9811 wMRED=0.21157868 wER=0.169477 wMAE=3.8278 wBias=-1.9761 condBias=5.3104 dotDrift=-11.898sigma uMRED=0.0097047462 uER=0.218750 uMAE=5.1875 WCE=54 bias=-2.5000
[pop00_hard:00599] loss=40.921013 tau=6.00 collapse_w=0.000 mid_frac=0.125 hard=score=0.1638243958 wNMSE=0.0013979475 wMSE=106.4961 wMRED=0.20996067 wER=0.168935 wMAE=3.6682 wBias=-1.6775 condBias=5.1556 dotDrift=-10.403sigma uMRED=0.0085399009 uER=0.210938 uMAE=4.1875 WCE=48 bias=-1.2500
[pop00] done (conf=0.53, noise=0.5); global best score=0.0016111764 wNMSE=0.00012742207 wMSE=9.7071 wMRED=0.02810209 wER=0.088891 wMAE=0.7864 wBias=-0.0872 condBias=1.5569 dotDrift=-1.790sigma uMRED=0.0019195893 uER=0.109375 uMAE=1.1250 WCE=16 bias=0.0000
[pop01_soft:00000] loss=1.182104 tau=1.50 collapse_w=0.000 mid_frac=0.417 hard=score=0.1155179755 wNMSE=0.0020298414 wMSE=154.6340 wMRED=0.18218735 wER=0.205961 wMAE=4.1934 wBias=1.3626 condBias=6.2139 dotDrift=+7.013sigma uMRED=0.0144025364 uER=0.242188 uMAE=9.8672 WCE=97 bias=1.1250
[pop01_soft:00200] loss=0.297763 tau=2.25 collapse_w=0.000 mid_frac=0.417 hard=score=0.7298053263 wNMSE=0.0034309765 wMSE=261.3730 wMRED=0.23542367 wER=0.205961 wMAE=5.2084 wBias=3.6058 condBias=8.0787 dotDrift=+14.274sigma uMRED=0.0160918489 uER=0.242188 uMAE=10.2656 WCE=96 bias=-2.0625
[pop01_soft:00400] loss=0.213063 tau=3.00 collapse_w=0.000 mid_frac=0.417 hard=score=0.7247794258 wNMSE=0.0029479871 wMSE=224.5787 wMRED=0.23713457 wER=0.175954 wMAE=4.9548 wBias=3.6006 condBias=7.4883 dotDrift=+15.377sigma uMRED=0.0153169687 uER=0.234375 uMAE=9.6875 WCE=84 bias=-2.3750
[pop01_soft:00600] loss=0.057256 tau=3.75 collapse_w=0.000 mid_frac=0.479 hard=score=0.8702167569 wNMSE=0.0031189205 wMSE=237.6005 wMRED=0.24453370 wER=0.172357 wMAE=5.1219 wBias=3.9525 condBias=7.9134 dotDrift=+16.411sigma uMRED=0.0149019816 uER=0.226562 uMAE=9.1250 WCE=80 bias=-1.5000
[pop01_soft:00800] loss=0.043257 tau=4.50 collapse_w=0.084 mid_frac=0.438 hard=score=0.8702167569 wNMSE=0.0031189205 wMSE=237.6005 wMRED=0.24453370 wER=0.172357 wMAE=5.1219 wBias=3.9525 condBias=7.9134 dotDrift=+16.411sigma uMRED=0.0149019816 uER=0.226562 uMAE=9.1250 WCE=80 bias=-1.5000
[pop01_soft:01000] loss=0.044586 tau=5.25 collapse_w=0.293 mid_frac=0.438 hard=score=0.8702167569 wNMSE=0.0031189205 wMSE=237.6005 wMRED=0.24453370 wER=0.172357 wMAE=5.1219 wBias=3.9525 condBias=7.9134 dotDrift=+16.411sigma uMRED=0.0149019816 uER=0.226562 uMAE=9.1250 WCE=80 bias=-1.5000
[pop01_soft:01199] loss=0.041511 tau=6.00 collapse_w=0.500 mid_frac=0.417 hard=score=0.9877454712 wNMSE=0.0036938659 wMSE=281.4000 wMRED=0.24792605 wER=0.172357 wMAE=5.3791 wBias=4.2097 condBias=8.4284 dotDrift=+16.061sigma uMRED=0.0156495546 uER=0.226562 uMAE=9.6250 WCE=96 bias=-1.0000
[pop01_hard:00000] loss=96.480942 tau=6.00 collapse_w=0.000 mid_frac=0.417 hard=score=0.9877454712 wNMSE=0.0036938659 wMSE=281.4000 wMRED=0.24792605 wER=0.172357 wMAE=5.3791 wBias=4.2097 condBias=8.4284 dotDrift=+16.061sigma uMRED=0.0156495546 uER=0.226562 uMAE=9.6250 WCE=96 bias=-1.0000
[pop01_hard:00200] loss=175.501648 tau=6.00 collapse_w=0.000 mid_frac=0.375 hard=score=4.0292545539 wNMSE=0.010330677 wMSE=786.9947 wMRED=0.60409812 wER=0.172357 wMAE=9.3291 wBias=-8.5396 condBias=17.0941 dotDrift=-19.482sigma uMRED=0.0221329806 uER=0.226562 uMAE=10.6250 WCE=96 bias=-1.0000
[pop01_hard:00400] loss=171.685364 tau=6.00 collapse_w=0.000 mid_frac=0.354 hard=score=3.7817646551 wNMSE=0.010320114 wMSE=786.1899 wMRED=0.61135510 wER=0.172357 wMAE=9.4157 wBias=-8.2684 condBias=16.5512 dotDrift=-18.873sigma uMRED=0.0222073771 uER=0.226562 uMAE=10.5938 WCE=102 bias=-0.7500
[pop01_hard:00599] loss=184.771606 tau=6.00 collapse_w=0.000 mid_frac=0.333 hard=score=3.6523498159 wNMSE=0.01020138 wMSE=777.1447 wMRED=0.61019725 wER=0.172357 wMAE=9.2712 wBias=-8.1238 condBias=16.2618 dotDrift=-18.650sigma uMRED=0.0210534742 uER=0.226562 uMAE=9.5938 WCE=102 bias=0.2500
[pop01] done (conf=0.51, noise=1.0); global best score=0.0016111764 wNMSE=0.00012742207 wMSE=9.7071 wMRED=0.02810209 wER=0.088891 wMAE=0.7864 wBias=-0.0872 condBias=1.5569 dotDrift=-1.790sigma uMRED=0.0019195893 uER=0.109375 uMAE=1.1250 WCE=16 bias=0.0000
[pop02_soft:00000] loss=3.281766 tau=1.50 collapse_w=0.000 mid_frac=0.396 hard=score=1.3524848087 wNMSE=0.013374412 wMSE=1018.8675 wMRED=0.14833126 wER=0.205961 wMAE=7.1753 wBias=4.8338 condBias=15.9460 dotDrift=+9.692sigma uMRED=0.0249400739 uER=0.242188 uMAE=18.0312 WCE=220 bias=11.2500
[pop02_soft:00200] loss=8.962173 tau=2.25 collapse_w=0.000 mid_frac=0.312 hard=score=0.9327522317 wNMSE=0.0058282955 wMSE=444.0016 wMRED=0.43667988 wER=0.216412 wMAE=8.0848 wBias=4.0534 condBias=10.5282 dotDrift=+12.311sigma uMRED=0.0226184092 uER=0.246094 uMAE=13.2500 WCE=86 bias=-7.2500
[pop02_soft:00400] loss=0.256319 tau=3.00 collapse_w=0.000 mid_frac=0.292 hard=score=1.0247481449 wNMSE=0.0056587417 wMSE=431.0850 wMRED=0.43546516 wER=0.205961 wMAE=7.4307 wBias=4.2596 condBias=10.3736 dotDrift=+13.130sigma uMRED=0.0202504897 uER=0.242188 uMAE=11.3750 WCE=82 bias=-4.1250
[pop02_soft:00600] loss=0.058295 tau=3.75 collapse_w=0.000 mid_frac=0.333 hard=score=0.0147473253 wNMSE=0.001173195 wMSE=89.3744 wMRED=0.13395154 wER=0.175954 wMAE=3.2198 wBias=0.3283 condBias=4.7238 dotDrift=+2.222sigma uMRED=0.0132341921 uER=0.234375 uMAE=9.7500 WCE=80 bias=-5.3750
[pop02_soft:00800] loss=0.038412 tau=4.50 collapse_w=0.084 mid_frac=0.312 hard=score=0.0147473253 wNMSE=0.001173195 wMSE=89.3744 wMRED=0.13395154 wER=0.175954 wMAE=3.2198 wBias=0.3283 condBias=4.7238 dotDrift=+2.222sigma uMRED=0.0132341921 uER=0.234375 uMAE=9.7500 WCE=80 bias=-5.3750
[pop02_soft:01000] loss=0.041888 tau=5.25 collapse_w=0.293 mid_frac=0.312 hard=score=0.0202379847 wNMSE=0.0010462472 wMSE=79.7035 wMRED=0.13279369 wER=0.175954 wMAE=3.0753 wBias=0.4729 condBias=4.4608 dotDrift=+3.390sigma uMRED=0.0120802891 uER=0.234375 uMAE=8.7500 WCE=80 bias=-4.3750
[pop02_soft:01199] loss=0.040769 tau=6.00 collapse_w=0.500 mid_frac=0.292 hard=score=0.0202379847 wNMSE=0.0010462472 wMSE=79.7035 wMRED=0.13279369 wER=0.175954 wMAE=3.0753 wBias=0.4729 condBias=4.4608 dotDrift=+3.390sigma uMRED=0.0120802891 uER=0.234375 uMAE=8.7500 WCE=80 bias=-4.3750
[pop02_hard:00000] loss=79.368378 tau=6.00 collapse_w=0.000 mid_frac=0.292 hard=score=0.0202379847 wNMSE=0.0010462472 wMSE=79.7035 wMRED=0.13279369 wER=0.175954 wMAE=3.0753 wBias=0.4729 condBias=4.4608 dotDrift=+3.390sigma uMRED=0.0120802891 uER=0.234375 uMAE=8.7500 WCE=80 bias=-4.3750
[pop02_hard:00200] loss=79.368378 tau=6.00 collapse_w=0.000 mid_frac=0.271 hard=score=0.0202379847 wNMSE=0.0010462472 wMSE=79.7035 wMRED=0.13279369 wER=0.175954 wMAE=3.0753 wBias=0.4729 condBias=4.4608 dotDrift=+3.390sigma uMRED=0.0120802891 uER=0.234375 uMAE=8.7500 WCE=80 bias=-4.3750
[pop02_hard:00400] loss=153.707169 tau=6.00 collapse_w=0.000 mid_frac=0.188 hard=score=3.3803083803 wNMSE=0.01084355 wMSE=826.0655 wMRED=0.61385041 wER=0.175954 wMAE=9.8091 wBias=-7.8046 condBias=15.6223 dotDrift=-17.379sigma uMRED=0.0230670585 uER=0.234375 uMAE=11.1250 WCE=96 bias=-1.8750
[pop02_hard:00599] loss=187.701157 tau=6.00 collapse_w=0.000 mid_frac=0.104 hard=score=3.0627750847 wNMSE=0.010717543 wMSE=816.4662 wMRED=0.62047731 wER=0.175954 wMAE=9.7837 wBias=-7.4213 condBias=14.8553 dotDrift=-16.622sigma uMRED=0.0210922546 uER=0.234375 uMAE=9.0938 WCE=96 bias=0.3750
[pop02] done (conf=0.53, noise=0.5); global best score=0.0016111764 wNMSE=0.00012742207 wMSE=9.7071 wMRED=0.02810209 wER=0.088891 wMAE=0.7864 wBias=-0.0872 condBias=1.5569 dotDrift=-1.790sigma uMRED=0.0019195893 uER=0.109375 uMAE=1.1250 WCE=16 bias=0.0000
[pop03_soft:00000] loss=2.725361 tau=1.50 collapse_w=0.000 mid_frac=0.292 hard=score=2.4315065100 wNMSE=0.0084456773 wMSE=643.3947 wMRED=0.53598774 wER=0.192748 wMAE=9.2036 wBias=-6.6122 condBias=13.2354 dotDrift=-16.683sigma uMRED=0.0250705364 uER=0.234375 uMAE=14.0312 WCE=112 bias=-2.0000
[pop03_soft:00200] loss=8.061102 tau=2.25 collapse_w=0.000 mid_frac=0.292 hard=score=2.0963627403 wNMSE=0.0064268686 wMSE=489.6011 wMRED=0.45312154 wER=0.169477 wMAE=7.6741 wBias=6.1476 condBias=12.3066 dotDrift=+17.781sigma uMRED=0.0203201023 uER=0.218750 uMAE=11.1719 WCE=94 bias=-4.3125
[pop03_soft:00400] loss=0.153393 tau=3.00 collapse_w=0.000 mid_frac=0.188 hard=score=1.2832987106 wNMSE=0.00596155 wMSE=454.1530 wMRED=0.44999413 wER=0.175954 wMAE=7.5665 wBias=4.7823 condBias=10.6475 dotDrift=+14.362sigma uMRED=0.0187641546 uER=0.234375 uMAE=9.6875 WCE=72 bias=0.2500
[pop03_soft:00600] loss=0.053470 tau=3.75 collapse_w=0.000 mid_frac=0.167 hard=score=1.1652887436 wNMSE=0.0056342342 wMSE=429.2180 wMRED=0.44189100 wER=0.175954 wMAE=7.3954 wBias=4.5536 condBias=10.3510 dotDrift=+14.067sigma uMRED=0.0184712320 uER=0.234375 uMAE=9.5625 WCE=72 bias=0.0000
[pop03_soft:00800] loss=0.038327 tau=4.50 collapse_w=0.084 mid_frac=0.167 hard=score=1.1652887436 wNMSE=0.0056342342 wMSE=429.2180 wMRED=0.44189100 wER=0.175954 wMAE=7.3954 wBias=4.5536 condBias=10.3510 dotDrift=+14.067sigma uMRED=0.0184712320 uER=0.234375 uMAE=9.5625 WCE=72 bias=0.0000
[pop03_soft:01000] loss=0.039524 tau=5.25 collapse_w=0.293 mid_frac=0.188 hard=score=1.8676119256 wNMSE=0.005769079 wMSE=439.4905 wMRED=0.44455757 wER=0.175954 wMAE=7.5559 wBias=5.8013 condBias=11.6126 dotDrift=+17.711sigma uMRED=0.0188025931 uER=0.234375 uMAE=9.7500 WCE=72 bias=2.0000
[pop03_soft:01199] loss=0.036640 tau=6.00 collapse_w=0.500 mid_frac=0.208 hard=score=2.0421227806 wNMSE=0.0057287223 wMSE=436.4161 wMRED=0.43662218 wER=0.175954 wMAE=7.4020 wBias=6.0725 condBias=12.1555 dotDrift=+18.604sigma uMRED=0.0184073993 uER=0.234375 uMAE=9.5312 WCE=72 bias=2.2500
[pop03_hard:00000] loss=129.591553 tau=6.00 collapse_w=0.000 mid_frac=0.208 hard=score=2.0421227806 wNMSE=0.0057287223 wMSE=436.4161 wMRED=0.43662218 wER=0.175954 wMAE=7.4020 wBias=6.0725 condBias=12.1555 dotDrift=+18.604sigma uMRED=0.0184073993 uER=0.234375 uMAE=9.5312 WCE=72 bias=2.2500
[pop03_hard:00200] loss=188.900909 tau=6.00 collapse_w=0.000 mid_frac=0.167 hard=score=0.8392671937 wNMSE=0.0060956483 wMSE=464.3687 wMRED=0.44388095 wER=0.175954 wMAE=7.6700 wBias=3.8312 condBias=10.7670 dotDrift=+11.378sigma uMRED=0.0213522815 uER=0.234375 uMAE=12.1875 WCE=96 bias=-8.0000
[pop03_hard:00400] loss=281.111847 tau=6.00 collapse_w=0.000 mid_frac=0.188 hard=score=4.1522106604 wNMSE=0.0080181485 wMSE=610.8254 wMRED=0.52092894 wER=0.175954 wMAE=8.6871 wBias=-8.6871 condBias=17.3888 dotDrift=-22.495sigma uMRED=0.0229945808 uER=0.234375 uMAE=12.5000 WCE=96 bias=-12.5000
[pop03_hard:00599] loss=167.123383 tau=6.00 collapse_w=0.000 mid_frac=0.146 hard=score=0.4508760088 wNMSE=0.004215577 wMSE=321.1442 wMRED=0.35121046 wER=0.175954 wMAE=6.4043 wBias=2.7847 condBias=8.9541 dotDrift=+9.945sigma uMRED=0.0189746815 uER=0.234375 uMAE=11.4688 WCE=94 bias=-8.1250
[pop03] done (conf=0.51, noise=1.0); global best score=0.0016111764 wNMSE=0.00012742207 wMSE=9.7071 wMRED=0.02810209 wER=0.088891 wMAE=0.7864 wBias=-0.0872 condBias=1.5569 dotDrift=-1.790sigma uMRED=0.0019195893 uER=0.109375 uMAE=1.1250 WCE=16 bias=0.0000
[pop04_soft:00000] loss=3.205412 tau=1.50 collapse_w=0.000 mid_frac=0.458 hard=score=0.0672762915 wNMSE=0.0069781526 wMSE=531.5982 wMRED=0.37094665 wER=0.194815 wMAE=8.1670 wBias=-0.6100 condBias=11.5194 dotDrift=-1.693sigma uMRED=0.0203908163 uER=0.242188 uMAE=11.1562 WCE=104 bias=7.3750
[pop04_soft:00200] loss=2.644873 tau=2.25 collapse_w=0.000 mid_frac=0.375 hard=score=2.0811437203 wNMSE=0.0074020577 wMSE=563.8914 wMRED=0.44775780 wER=0.194815 wMAE=8.4787 wBias=6.1157 condBias=12.2430 dotDrift=+16.483sigma uMRED=0.0215146385 uER=0.242188 uMAE=11.7578 WCE=96 bias=-1.4375
[pop04_soft:00400] loss=0.075736 tau=3.00 collapse_w=0.000 mid_frac=0.292 hard=score=0.6221510522 wNMSE=0.0036686772 wMSE=279.4811 wMRED=0.25496281 wER=0.174899 wMAE=5.6120 wBias=3.3150 condBias=8.3534 dotDrift=+12.691sigma uMRED=0.0169084426 uER=0.226562 uMAE=10.6875 WCE=96 bias=-2.5000
[pop04_soft:00600] loss=0.041962 tau=3.75 collapse_w=0.000 mid_frac=0.333 hard=score=0.6221510522 wNMSE=0.0036686772 wMSE=279.4811 wMRED=0.25496281 wER=0.174899 wMAE=5.6120 wBias=3.3150 condBias=8.3534 dotDrift=+12.691sigma uMRED=0.0169084426 uER=0.226562 uMAE=10.6875 WCE=96 bias=-2.5000
[pop04_soft:00800] loss=0.035161 tau=4.50 collapse_w=0.084 mid_frac=0.354 hard=score=0.6483196472 wNMSE=0.0036486963 wMSE=277.9590 wMRED=0.25438388 wER=0.172285 wMAE=5.5397 wBias=3.3873 condBias=8.3306 dotDrift=+13.003sigma uMRED=0.0163314911 uER=0.210938 uMAE=10.1875 WCE=96 bias=-2.0000
[pop04_soft:01000] loss=0.042090 tau=5.25 collapse_w=0.293 mid_frac=0.333 hard=score=0.6893922918 wNMSE=0.0035175384 wMSE=267.9673 wMRED=0.25375381 wER=0.172285 wMAE=5.4276 wBias=3.4993 condBias=8.1794 dotDrift=+13.681sigma uMRED=0.0142822906 uER=0.210938 uMAE=8.1875 WCE=96 bias=0.0000
[pop04_soft:01199] loss=0.041634 tau=6.00 collapse_w=0.500 mid_frac=0.312 hard=score=0.6623442501 wNMSE=0.0035375192 wMSE=269.4895 wMRED=0.25433273 wER=0.174899 wMAE=5.4999 wBias=3.4270 condBias=8.2026 dotDrift=+13.361sigma uMRED=0.0148592421 uER=0.226562 uMAE=8.6875 WCE=96 bias=-0.5000
[pop04_hard:00000] loss=83.477707 tau=6.00 collapse_w=0.000 mid_frac=0.312 hard=score=0.6623442501 wNMSE=0.0035375192 wMSE=269.4895 wMRED=0.25433273 wER=0.174899 wMAE=5.4999 wBias=3.4270 condBias=8.2026 dotDrift=+13.361sigma uMRED=0.0148592421 uER=0.226562 uMAE=8.6875 WCE=96 bias=-0.5000
[pop04_hard:00200] loss=41.196857 tau=6.00 collapse_w=0.000 mid_frac=0.292 hard=score=0.1501813468 wNMSE=0.0018963719 wMSE=144.4663 wMRED=0.24205190 wER=0.174899 wMAE=4.5232 wBias=1.5810 condBias=6.0052 dotDrift=+8.418sigma uMRED=0.0109544329 uER=0.226562 uMAE=5.6875 WCE=48 bias=-0.5000
[pop04_hard:00400] loss=74.613495 tau=6.00 collapse_w=0.000 mid_frac=0.271 hard=score=0.8540642308 wNMSE=0.003476792 wMSE=264.8632 wMRED=0.24660597 wER=0.174899 wMAE=5.3364 wBias=3.9095 condBias=8.1320 dotDrift=+15.374sigma uMRED=0.0135543352 uER=0.226562 uMAE=7.5312 WCE=98 bias=3.7500
[pop04_hard:00599] loss=124.582161 tau=6.00 collapse_w=0.000 mid_frac=0.292 hard=score=0.1501813468 wNMSE=0.0018963719 wMSE=144.4663 wMRED=0.24205190 wER=0.174899 wMAE=4.5232 wBias=1.5810 condBias=6.0052 dotDrift=+8.418sigma uMRED=0.0109544329 uER=0.226562 uMAE=5.6875 WCE=48 bias=-0.5000
[pop04] done (conf=0.53, noise=0.5); global best score=0.0016111764 wNMSE=0.00012742207 wMSE=9.7071 wMRED=0.02810209 wER=0.088891 wMAE=0.7864 wBias=-0.0872 condBias=1.5569 dotDrift=-1.790sigma uMRED=0.0019195893 uER=0.109375 uMAE=1.1250 WCE=16 bias=0.0000
[pop05_soft:00000] loss=2.320084 tau=1.50 collapse_w=0.000 mid_frac=0.438 hard=score=0.1192894723 wNMSE=0.0028410591 wMSE=216.4329 wMRED=0.05848812 wER=0.178490 wMAE=3.2312 wBias=-1.3635 condBias=7.3521 dotDrift=-5.932sigma uMRED=0.0171920080 uER=0.238281 uMAE=14.3281 WCE=160 bias=3.3125
[pop05_soft:00200] loss=5.590315 tau=2.25 collapse_w=0.000 mid_frac=0.417 hard=score=0.4477736289 wNMSE=0.0025496758 wMSE=194.2352 wMRED=0.05610893 wER=0.173144 wMAE=3.3729 wBias=-2.8182 condBias=6.9652 dotDrift=-12.942sigma uMRED=0.0160362279 uER=0.238281 uMAE=12.8750 WCE=132 bias=-9.5000
[pop05_soft:00400] loss=0.160729 tau=3.00 collapse_w=0.000 mid_frac=0.271 hard=score=0.2028935347 wNMSE=0.0014453397 wMSE=110.1065 wMRED=0.04599565 wER=0.175954 wMAE=2.4489 wBias=-1.8867 condBias=5.2436 dotDrift=-11.507sigma uMRED=0.0112800282 uER=0.234375 uMAE=9.0000 WCE=78 bias=-8.7500
[pop05_soft:00600] loss=0.047359 tau=3.75 collapse_w=0.000 mid_frac=0.292 hard=score=0.1592879938 wNMSE=0.0013765612 wMSE=104.8669 wMRED=0.04576807 wER=0.175954 wMAE=2.4079 wBias=-1.6626 condBias=5.1172 dotDrift=-10.391sigma uMRED=0.0105136178 uER=0.234375 uMAE=8.2500 WCE=70 bias=-4.7500
[pop05_soft:00800] loss=0.037524 tau=4.50 collapse_w=0.084 mid_frac=0.292 hard=score=0.1592879938 wNMSE=0.0013765612 wMSE=104.8669 wMRED=0.04576807 wER=0.175954 wMAE=2.4079 wBias=-1.6626 condBias=5.1172 dotDrift=-10.391sigma uMRED=0.0105136178 uER=0.234375 uMAE=8.2500 WCE=70 bias=-4.7500
[pop05_soft:01000] loss=0.037650 tau=5.25 collapse_w=0.293 mid_frac=0.292 hard=score=0.1592879938 wNMSE=0.0013765612 wMSE=104.8669 wMRED=0.04576807 wER=0.175954 wMAE=2.4079 wBias=-1.6626 condBias=5.1172 dotDrift=-10.391sigma uMRED=0.0105136178 uER=0.234375 uMAE=8.2500 WCE=70 bias=-4.7500
[pop05_soft:01199] loss=0.035049 tau=6.00 collapse_w=0.500 mid_frac=0.250 hard=score=0.0764974447 wNMSE=0.00069008221 wMSE=52.5707 wMRED=0.03898337 wER=0.175954 wMAE=1.8936 wBias=-1.1483 condBias=3.6229 dotDrift=-10.136sigma uMRED=0.0090184718 uER=0.234375 uMAE=7.2500 WCE=70 bias=-3.7500
[pop05_hard:00000] loss=65.034950 tau=6.00 collapse_w=0.000 mid_frac=0.250 hard=score=0.0764974447 wNMSE=0.00069008221 wMSE=52.5707 wMRED=0.03898337 wER=0.175954 wMAE=1.8936 wBias=-1.1483 condBias=3.6229 dotDrift=-10.136sigma uMRED=0.0090184718 uER=0.234375 uMAE=7.2500 WCE=70 bias=-3.7500
[pop05_hard:00200] loss=65.034950 tau=6.00 collapse_w=0.000 mid_frac=0.229 hard=score=0.0525031927 wNMSE=0.00067758929 wMSE=51.6190 wMRED=0.03894133 wER=0.175954 wMAE=1.8862 wBias=-0.9370 condBias=3.5899 dotDrift=-8.347sigma uMRED=0.0088896062 uER=0.234375 uMAE=7.1250 WCE=64 bias=0.2500
[pop05_hard:00400] loss=91.253693 tau=6.00 collapse_w=0.000 mid_frac=0.229 hard=score=0.0525031927 wNMSE=0.00067758929 wMSE=51.6190 wMRED=0.03894133 wER=0.175954 wMAE=1.8862 wBias=-0.9370 condBias=3.5899 dotDrift=-8.347sigma uMRED=0.0088896062 uER=0.234375 uMAE=7.1250 WCE=64 bias=0.2500
[pop05_hard:00599] loss=69.682381 tau=6.00 collapse_w=0.000 mid_frac=0.208 hard=score=0.0586736294 wNMSE=0.0023213218 wMSE=176.8391 wMRED=0.05136658 wER=0.175954 wMAE=2.8644 wBias=0.8962 condBias=6.6453 dotDrift=+4.313sigma uMRED=0.0124378618 uER=0.234375 uMAE=9.7500 WCE=96 bias=0.2500
[pop05] done (conf=0.51, noise=1.0); global best score=0.0016111764 wNMSE=0.00012742207 wMSE=9.7071 wMRED=0.02810209 wER=0.088891 wMAE=0.7864 wBias=-0.0872 condBias=1.5569 dotDrift=-1.790sigma uMRED=0.0019195893 uER=0.109375 uMAE=1.1250 WCE=16 bias=0.0000
[pop06_soft:00000] loss=2.386867 tau=1.50 collapse_w=0.000 mid_frac=0.312 hard=score=9.1748204650 wNMSE=0.021847987 wMSE=1664.3874 wMRED=0.86908943 wER=0.214237 wMAE=14.0723 wBias=-12.8975 condBias=25.8174 dotDrift=-20.233sigma uMRED=0.0311882363 uER=0.238281 uMAE=13.8438 WCE=133 bias=-9.4375
[pop06_soft:00200] loss=1.273576 tau=2.25 collapse_w=0.000 mid_frac=0.292 hard=score=2.0528870189 wNMSE=0.0074109066 wMSE=564.5655 wMRED=0.45195043 wER=0.194815 wMAE=8.7107 wBias=6.0729 condBias=12.1568 dotDrift=+16.357sigma uMRED=0.0211906427 uER=0.242188 uMAE=11.0234 WCE=105 bias=-0.8125
[pop06_soft:00400] loss=0.132421 tau=3.00 collapse_w=0.000 mid_frac=0.229 hard=score=1.7303549804 wNMSE=0.0057544713 wMSE=438.3777 wMRED=0.43594642 wER=0.159629 wMAE=7.3657 wBias=5.5795 condBias=11.1685 dotDrift=+17.055sigma uMRED=0.0170215661 uER=0.230469 uMAE=8.0938 WCE=72 bias=1.2500
[pop06_soft:00600] loss=0.057788 tau=3.75 collapse_w=0.000 mid_frac=0.250 hard=score=1.6605009795 wNMSE=0.0056761973 wMSE=432.4147 wMRED=0.43595113 wER=0.175954 wMAE=7.3672 wBias=5.4638 condBias=10.9368 dotDrift=+16.816sigma uMRED=0.0170534430 uER=0.234375 uMAE=8.1250 WCE=72 bias=1.1250
[pop06_soft:00800] loss=0.038533 tau=4.50 collapse_w=0.084 mid_frac=0.250 hard=score=1.7135206176 wNMSE=0.0057734698 wMSE=439.8250 wMRED=0.43733658 wER=0.175954 wMAE=7.4083 wBias=5.5514 condBias=11.1123 dotDrift=+16.941sigma uMRED=0.0170883675 uER=0.234375 uMAE=8.1250 WCE=72 bias=1.2500
[pop06_soft:01000] loss=0.045548 tau=5.25 collapse_w=0.293 mid_frac=0.250 hard=score=2.1095469799 wNMSE=0.0055968634 wMSE=426.3710 wMRED=0.43149091 wER=0.172357 wMAE=6.9879 wBias=6.1753 condBias=12.3613 dotDrift=+19.140sigma uMRED=0.0159362178 uER=0.226562 uMAE=7.3750 WCE=72 bias=2.2500
[pop06_soft:01199] loss=0.044549 tau=6.00 collapse_w=0.500 mid_frac=0.188 hard=score=2.0675437119 wNMSE=0.0055262075 wMSE=420.9885 wMRED=0.43102178 wER=0.172357 wMAE=6.9256 wBias=6.1130 condBias=12.2366 dotDrift=+19.068sigma uMRED=0.0153721589 uER=0.226562 uMAE=6.8750 WCE=72 bias=1.7500
[pop06_hard:00000] loss=115.610413 tau=6.00 collapse_w=0.000 mid_frac=0.188 hard=score=2.0675437119 wNMSE=0.0055262075 wMSE=420.9885 wMRED=0.43102178 wER=0.172357 wMAE=6.9256 wBias=6.1130 condBias=12.2366 dotDrift=+19.068sigma uMRED=0.0153721589 uER=0.226562 uMAE=6.8750 WCE=72 bias=1.7500
[pop06_hard:00200] loss=105.481361 tau=6.00 collapse_w=0.000 mid_frac=0.167 hard=score=1.3984443301 wNMSE=0.00469226 wMSE=357.4580 wMRED=0.40436933 wER=0.172357 wMAE=6.4292 wBias=-5.0144 condBias=10.0370 dotDrift=-16.974sigma uMRED=0.0145610069 uER=0.226562 uMAE=6.6250 WCE=64 bias=-2.2500
[pop06_hard:00400] loss=95.805916 tau=6.00 collapse_w=0.000 mid_frac=0.167 hard=score=1.1459142690 wNMSE=0.0046625041 wMSE=355.1912 wMRED=0.40620288 wER=0.175954 wMAE=6.6643 wBias=-4.5272 condBias=9.4161 dotDrift=-15.374sigma uMRED=0.0152929508 uER=0.234375 uMAE=7.1250 WCE=64 bias=-1.5000
[pop06_hard:00599] loss=135.670029 tau=6.00 collapse_w=0.000 mid_frac=0.125 hard=score=1.0200354375 wNMSE=0.004925785 wMSE=375.2481 wMRED=0.40715073 wER=0.175954 wMAE=6.8380 wBias=-4.2599 condBias=9.6782 dotDrift=-14.074sigma uMRED=0.0186060188 uER=0.234375 uMAE=10.3750 WCE=112 bias=3.5000
[pop06] done (conf=0.53, noise=0.5); global best score=0.0016111764 wNMSE=0.00012742207 wMSE=9.7071 wMRED=0.02810209 wER=0.088891 wMAE=0.7864 wBias=-0.0872 condBias=1.5569 dotDrift=-1.790sigma uMRED=0.0019195893 uER=0.109375 uMAE=1.1250 WCE=16 bias=0.0000
[pop07_soft:00000] loss=4.469721 tau=1.50 collapse_w=0.000 mid_frac=0.417 hard=score=6.6711330918 wNMSE=0.021156137 wMSE=1611.6821 wMRED=0.85534078 wER=0.216412 wMAE=14.7132 wBias=-10.9687 condBias=21.9566 dotDrift=-17.486sigma uMRED=0.0352370893 uER=0.246094 uMAE=17.7500 WCE=140 bias=2.5000
[pop07_soft:00200] loss=35.709236 tau=2.25 collapse_w=0.000 mid_frac=0.438 hard=score=2.2610887011 wNMSE=0.0077451313 wMSE=590.0269 wMRED=0.45198005 wER=0.194421 wMAE=9.1982 wBias=-6.3778 condBias=12.7664 dotDrift=-16.804sigma uMRED=0.0231157609 uER=0.234375 uMAE=12.5469 WCE=128 bias=-6.5625
[pop07_soft:00400] loss=0.415953 tau=3.00 collapse_w=0.000 mid_frac=0.375 hard=score=0.9252182457 wNMSE=0.0052223661 wMSE=397.8417 wMRED=0.42081747 wER=0.194815 wMAE=7.4516 wBias=-4.0452 condBias=9.9655 dotDrift=-12.980sigma uMRED=0.0163786973 uER=0.242188 uMAE=7.5000 WCE=64 bias=0.4375
[pop07_soft:00600] loss=0.092599 tau=3.75 collapse_w=0.000 mid_frac=0.375 hard=score=0.9852218226 wNMSE=0.0055147762 wMSE=420.1176 wMRED=0.42644343 wER=0.174899 wMAE=7.5461 wBias=-4.1755 condBias=10.2407 dotDrift=-13.038sigma uMRED=0.0164740005 uER=0.226562 uMAE=7.5000 WCE=64 bias=0.3125
[pop07_soft:00800] loss=0.084837 tau=4.50 collapse_w=0.084 mid_frac=0.375 hard=score=0.9725426778 wNMSE=0.0055115776 wMSE=419.8739 wMRED=0.42636109 wER=0.174506 wMAE=7.5309 wBias=-4.1475 condBias=10.2377 dotDrift=-12.954sigma uMRED=0.0161724553 uER=0.218750 uMAE=7.2031 WCE=64 bias=0.8125
[pop07_soft:01000] loss=0.045242 tau=5.25 collapse_w=0.293 mid_frac=0.354 hard=score=0.9725426778 wNMSE=0.0055115776 wMSE=419.8739 wMRED=0.42636109 wER=0.174506 wMAE=7.5309 wBias=-4.1475 condBias=10.2377 dotDrift=-12.954sigma uMRED=0.0161724553 uER=0.218750 uMAE=7.2031 WCE=64 bias=0.8125
[pop07_soft:01199] loss=0.042415 tau=6.00 collapse_w=0.500 mid_frac=0.354 hard=score=0.9725426778 wNMSE=0.0055115776 wMSE=419.8739 wMRED=0.42636109 wER=0.174506 wMAE=7.5309 wBias=-4.1475 condBias=10.2377 dotDrift=-12.954sigma uMRED=0.0161724553 uER=0.218750 uMAE=7.2031 WCE=64 bias=0.8125
[pop07_hard:00000] loss=93.750923 tau=6.00 collapse_w=0.000 mid_frac=0.354 hard=score=0.9725426778 wNMSE=0.0055115776 wMSE=419.8739 wMRED=0.42636109 wER=0.174506 wMAE=7.5309 wBias=-4.1475 condBias=10.2377 dotDrift=-12.954sigma uMRED=0.0161724553 uER=0.218750 uMAE=7.2031 WCE=64 bias=0.8125
[pop07_hard:00200] loss=113.254601 tau=6.00 collapse_w=0.000 mid_frac=0.312 hard=score=1.5199506518 wNMSE=0.0065479615 wMSE=498.8260 wMRED=0.45543262 wER=0.174506 wMAE=8.1318 wBias=5.2117 condBias=11.1592 dotDrift=+14.934sigma uMRED=0.0170489740 uER=0.218750 uMAE=7.4062 WCE=78 bias=2.8125
[pop07_hard:00400] loss=128.699463 tau=6.00 collapse_w=0.000 mid_frac=0.312 hard=score=2.0800551020 wNMSE=0.0060486157 wMSE=460.7857 wMRED=0.42997688 wER=0.174506 wMAE=7.8346 wBias=-6.1269 condBias=12.2642 dotDrift=-18.267sigma uMRED=0.0186775600 uER=0.218750 uMAE=9.5000 WCE=110 bias=-5.1875
[pop07_hard:00599] loss=156.682739 tau=6.00 collapse_w=0.000 mid_frac=0.271 hard=score=1.6275545293 wNMSE=0.0067661195 wMSE=515.4454 wMRED=0.45175230 wER=0.175561 wMAE=8.2778 wBias=5.3962 condBias=11.3435 dotDrift=+15.212sigma uMRED=0.0203212734 uER=0.226562 uMAE=10.6172 WCE=110 bias=0.0625
[pop07] done (conf=0.51, noise=1.0); global best score=0.0016111764 wNMSE=0.00012742207 wMSE=9.7071 wMRED=0.02810209 wER=0.088891 wMAE=0.7864 wBias=-0.0872 condBias=1.5569 dotDrift=-1.790sigma uMRED=0.0019195893 uER=0.109375 uMAE=1.1250 WCE=16 bias=0.0000
[pop08_soft:00000] loss=3.170712 tau=1.50 collapse_w=0.000 mid_frac=0.312 hard=score=2.6317173486 wNMSE=0.031462667 wMSE=2396.8371 wMRED=0.95309138 wER=0.205961 wMAE=17.2198 wBias=-6.6882 condBias=24.4588 dotDrift=-8.743sigma uMRED=0.0388662995 uER=0.242188 uMAE=18.3359 WCE=208 bias=4.6875
[pop08_soft:00200] loss=7.112870 tau=2.25 collapse_w=0.000 mid_frac=0.271 hard=score=2.0431096962 wNMSE=0.0054118313 wMSE=412.2752 wMRED=0.42366918 wER=0.170437 wMAE=7.1123 wBias=6.0772 condBias=12.1653 dotDrift=+19.155sigma uMRED=0.0159523978 uER=0.210938 uMAE=7.3984 WCE=72 bias=0.0625
[pop08_soft:00400] loss=0.060414 tau=3.00 collapse_w=0.000 mid_frac=0.208 hard=score=1.7087363425 wNMSE=0.0058352148 wMSE=444.5287 wMRED=0.44549948 wER=0.175561 wMAE=7.5542 wBias=5.5427 condBias=11.0949 dotDrift=+16.825sigma uMRED=0.0161382751 uER=0.226562 uMAE=7.0000 WCE=72 bias=1.1250
[pop08_soft:00600] loss=0.039081 tau=3.75 collapse_w=0.000 mid_frac=0.229 hard=score=2.1168227171 wNMSE=0.0055622874 wMSE=423.7370 wMRED=0.43158353 wER=0.171963 wMAE=6.9843 wBias=6.1864 condBias=12.3837 dotDrift=+19.234sigma uMRED=0.0147540348 uER=0.218750 uMAE=6.1875 WCE=72 bias=2.1250
[pop08_soft:00800] loss=0.034457 tau=4.50 collapse_w=0.084 mid_frac=0.271 hard=score=2.1168227171 wNMSE=0.0055622874 wMSE=423.7370 wMRED=0.43158353 wER=0.171963 wMAE=6.9843 wBias=6.1864 condBias=12.3837 dotDrift=+19.234sigma uMRED=0.0147540348 uER=0.218750 uMAE=6.1875 WCE=72 bias=2.1250
[pop08_soft:01000] loss=0.038303 tau=5.25 collapse_w=0.293 mid_frac=0.250 hard=score=2.1168227171 wNMSE=0.0055622874 wMSE=423.7370 wMRED=0.43158353 wER=0.171963 wMAE=6.9843 wBias=6.1864 condBias=12.3837 dotDrift=+19.234sigma uMRED=0.0147540348 uER=0.218750 uMAE=6.1875 WCE=72 bias=2.1250
[pop08_soft:01199] loss=0.034449 tau=6.00 collapse_w=0.500 mid_frac=0.125 hard=score=2.2146468741 wNMSE=0.0054960682 wMSE=418.6924 wMRED=0.43042568 wER=0.169349 wMAE=6.8397 wBias=6.3310 condBias=12.6731 dotDrift=+19.802sigma uMRED=0.0136001318 uER=0.203125 uMAE=5.1875 WCE=72 bias=3.1250
[pop08_hard:00000] loss=126.337456 tau=6.00 collapse_w=0.000 mid_frac=0.125 hard=score=2.2146468741 wNMSE=0.0054960682 wMSE=418.6924 wMRED=0.43042568 wER=0.169349 wMAE=6.8397 wBias=6.3310 condBias=12.6731 dotDrift=+19.802sigma uMRED=0.0136001318 uER=0.203125 uMAE=5.1875 WCE=72 bias=3.1250
[pop08_hard:00200] loss=103.022446 tau=6.00 collapse_w=0.000 mid_frac=0.167 hard=score=1.0364744169 wNMSE=0.0065136363 wMSE=496.2111 wMRED=0.43858212 wER=0.169349 wMAE=7.4453 wBias=4.2737 condBias=11.1301 dotDrift=+12.279sigma uMRED=0.0153037247 uER=0.203125 uMAE=6.3125 WCE=86 bias=-0.8750
[pop08_hard:00400] loss=110.100197 tau=6.00 collapse_w=0.000 mid_frac=0.208 hard=score=2.1429565597 wNMSE=0.0055466841 wMSE=422.5484 wMRED=0.43075379 wER=0.169349 wMAE=6.8999 wBias=6.2254 condBias=12.4618 dotDrift=+19.382sigma uMRED=0.0147471012 uER=0.203125 uMAE=6.3125 WCE=72 bias=1.1250
[pop08_hard:00599] loss=179.631699 tau=6.00 collapse_w=0.000 mid_frac=0.229 hard=score=2.6705548349 wNMSE=0.0059360917 wMSE=452.2136 wMRED=0.41561217 wER=0.169349 wMAE=7.1317 wBias=-6.9593 condBias=13.9308 dotDrift=-20.945sigma uMRED=0.0158074997 uER=0.203125 uMAE=7.2500 WCE=86 bias=-6.8750
[pop08] done (conf=0.53, noise=0.5); global best score=0.0016111764 wNMSE=0.00012742207 wMSE=9.7071 wMRED=0.02810209 wER=0.088891 wMAE=0.7864 wBias=-0.0872 condBias=1.5569 dotDrift=-1.790sigma uMRED=0.0019195893 uER=0.109375 uMAE=1.1250 WCE=16 bias=0.0000
[pop09_soft:00000] loss=1.839688 tau=1.50 collapse_w=0.000 mid_frac=0.479 hard=score=0.0183439947 wNMSE=0.001572623 wMSE=119.8030 wMRED=0.09114092 wER=0.216412 wMAE=2.8622 wBias=-0.3695 condBias=5.4709 dotDrift=-2.160sigma uMRED=0.0122407546 uER=0.246094 uMAE=9.1953 WCE=137 bias=-2.8750
[pop09_soft:00200] loss=2.129495 tau=2.25 collapse_w=0.000 mid_frac=0.500 hard=score=1.2313382069 wNMSE=0.0061946251 wMSE=471.9087 wMRED=0.41523838 wER=0.216412 wMAE=7.8137 wBias=4.6789 condBias=10.8548 dotDrift=+13.785sigma uMRED=0.0217903088 uER=0.246094 uMAE=12.7344 WCE=137 bias=-5.6250
[pop09_soft:00400] loss=0.249587 tau=3.00 collapse_w=0.000 mid_frac=0.438 hard=score=1.7473567220 wNMSE=0.006054542 wMSE=461.2372 wMRED=0.44361802 wER=0.175954 wMAE=7.6461 wBias=5.6043 condBias=11.2191 dotDrift=+16.701sigma uMRED=0.0199978824 uER=0.234375 uMAE=10.8750 WCE=80 bias=-3.5000
[pop09_soft:00600] loss=0.047497 tau=3.75 collapse_w=0.000 mid_frac=0.479 hard=score=1.8521008909 wNMSE=0.0061306704 wMSE=467.0367 wMRED=0.44728864 wER=0.172357 wMAE=7.6656 wBias=5.7731 condBias=11.5568 dotDrift=+17.097sigma uMRED=0.0189880730 uER=0.226562 uMAE=9.8125 WCE=80 bias=-2.3750
[pop09_soft:00800] loss=0.037110 tau=4.50 collapse_w=0.084 mid_frac=0.479 hard=score=1.8521008909 wNMSE=0.0061306704 wMSE=467.0367 wMRED=0.44728864 wER=0.172357 wMAE=7.6656 wBias=5.7731 condBias=11.5568 dotDrift=+17.097sigma uMRED=0.0189880730 uER=0.226562 uMAE=9.8125 WCE=80 bias=-2.3750
[pop09_soft:01000] loss=0.040815 tau=5.25 collapse_w=0.293 mid_frac=0.417 hard=score=1.9430140220 wNMSE=0.005995033 wMSE=456.7037 wMRED=0.44613079 wER=0.172357 wMAE=7.5210 wBias=5.9176 condBias=11.8461 dotDrift=+17.722sigma uMRED=0.0178341700 uER=0.226562 uMAE=8.8125 WCE=80 bias=-1.3750
[pop09_soft:01199] loss=0.041126 tau=6.00 collapse_w=0.500 mid_frac=0.396 hard=score=1.9252111596 wNMSE=0.0060193596 wMSE=458.5570 wMRED=0.44628831 wER=0.172357 wMAE=7.5491 wBias=5.8896 condBias=11.7901 dotDrift=+17.602sigma uMRED=0.0183464701 uER=0.226562 uMAE=9.3125 WCE=80 bias=-1.8750
[pop09_hard:00000] loss=127.522545 tau=6.00 collapse_w=0.000 mid_frac=0.396 hard=score=1.9252111596 wNMSE=0.0060193596 wMSE=458.5570 wMRED=0.44628831 wER=0.172357 wMAE=7.5491 wBias=5.8896 condBias=11.7901 dotDrift=+17.602sigma uMRED=0.0183464701 uER=0.226562 uMAE=9.3125 WCE=80 bias=-1.8750
[pop09_hard:00200] loss=60.805061 tau=6.00 collapse_w=0.000 mid_frac=0.375 hard=score=0.0249108352 wNMSE=0.00080147903 wMSE=61.0570 wMRED=0.03748984 wER=0.148817 wMAE=1.8792 wBias=0.5972 condBias=3.9050 dotDrift=+4.891sigma uMRED=0.0089834761 uER=0.218750 uMAE=7.2188 WCE=64 bias=-3.6250
[pop09_hard:00400] loss=32.686661 tau=6.00 collapse_w=0.000 mid_frac=0.333 hard=score=0.0049834734 wNMSE=0.00049862988 wMSE=37.9858 wMRED=0.03321646 wER=0.148817 wMAE=1.5163 wBias=-0.1579 condBias=3.0797 dotDrift=-1.640sigma uMRED=0.0080880556 uER=0.218750 uMAE=6.7188 WCE=82 bias=-1.1250
[pop09_hard:00599] loss=25.520817 tau=6.00 collapse_w=0.000 mid_frac=0.271 hard=score=0.0041273433 wNMSE=0.00032237099 wMSE=24.5583 wMRED=0.03152458 wER=0.145594 wMAE=1.2838 wBias=-0.1723 condBias=2.4764 dotDrift=-2.225sigma uMRED=0.0055970882 uER=0.195312 uMAE=4.4375 WCE=62 bias=-3.6250
[pop09] done (conf=0.51, noise=1.0); global best score=0.0016111764 wNMSE=0.00012742207 wMSE=9.7071 wMRED=0.02810209 wER=0.088891 wMAE=0.7864 wBias=-0.0872 condBias=1.5569 dotDrift=-1.790sigma uMRED=0.0019195893 uER=0.109375 uMAE=1.1250 WCE=16 bias=0.0000
[pop10_soft:00000] loss=2.348369 tau=1.50 collapse_w=0.000 mid_frac=0.292 hard=score=0.3967348850 wNMSE=0.0030382923 wMSE=231.4582 wMRED=0.23900827 wER=0.166997 wMAE=4.5475 wBias=-2.6292 condBias=7.6022 dotDrift=-11.060sigma uMRED=0.0170347795 uER=0.218750 uMAE=11.6562 WCE=160 bias=2.1875
[pop10_soft:00200] loss=0.652106 tau=2.25 collapse_w=0.000 mid_frac=0.312 hard=score=0.1283983201 wNMSE=0.00072064784 wMSE=54.8992 wMRED=0.04405296 wER=0.169208 wMAE=1.8887 wBias=-1.5067 condBias=3.7026 dotDrift=-13.015sigma uMRED=0.0097299847 uER=0.226562 uMAE=7.9062 WCE=66 bias=-7.6250
[pop10_soft:00400] loss=0.056101 tau=3.00 collapse_w=0.000 mid_frac=0.271 hard=score=0.0394573213 wNMSE=0.00071765819 wMSE=54.6715 wMRED=0.03798217 wER=0.145937 wMAE=1.6872 wBias=-0.7964 condBias=3.6948 dotDrift=-6.893sigma uMRED=0.0095149858 uER=0.210938 uMAE=7.8750 WCE=72 bias=-3.5000
[pop10_soft:00600] loss=0.038911 tau=3.75 collapse_w=0.000 mid_frac=0.271 hard=score=0.0132079856 wNMSE=0.00064169736 wMSE=48.8847 wMRED=0.03036413 wER=0.145937 wMAE=1.5075 wBias=-0.4011 condBias=3.4939 dotDrift=-3.672sigma uMRED=0.0080972383 uER=0.210938 uMAE=6.6250 WCE=80 bias=-1.1250
[pop10_soft:00800] loss=0.031342 tau=4.50 collapse_w=0.084 mid_frac=0.292 hard=score=0.0132079856 wNMSE=0.00064169736 wMSE=48.8847 wMRED=0.03036413 wER=0.145937 wMAE=1.5075 wBias=-0.4011 condBias=3.4939 dotDrift=-3.672sigma uMRED=0.0080972383 uER=0.210938 uMAE=6.6250 WCE=80 bias=-1.1250
[pop10_soft:01000] loss=0.036595 tau=5.25 collapse_w=0.293 mid_frac=0.292 hard=score=0.0132079856 wNMSE=0.00064169736 wMSE=48.8847 wMRED=0.03036413 wER=0.145937 wMAE=1.5075 wBias=-0.4011 condBias=3.4939 dotDrift=-3.672sigma uMRED=0.0080972383 uER=0.210938 uMAE=6.6250 WCE=80 bias=-1.1250
[pop10_soft:01199] loss=0.037151 tau=6.00 collapse_w=0.500 mid_frac=0.271 hard=score=0.0132079856 wNMSE=0.00064169736 wMSE=48.8847 wMRED=0.03036413 wER=0.145937 wMAE=1.5075 wBias=-0.4011 condBias=3.4939 dotDrift=-3.672sigma uMRED=0.0080972383 uER=0.210938 uMAE=6.6250 WCE=80 bias=-1.1250
[pop10_hard:00000] loss=34.382610 tau=6.00 collapse_w=0.000 mid_frac=0.271 hard=score=0.0132079856 wNMSE=0.00064169736 wMSE=48.8847 wMRED=0.03036413 wER=0.145937 wMAE=1.5075 wBias=-0.4011 condBias=3.4939 dotDrift=-3.672sigma uMRED=0.0080972383 uER=0.210938 uMAE=6.6250 WCE=80 bias=-1.1250
[pop10_hard:00200] loss=34.382610 tau=6.00 collapse_w=0.000 mid_frac=0.250 hard=score=0.0132079856 wNMSE=0.00064169736 wMSE=48.8847 wMRED=0.03036413 wER=0.145937 wMAE=1.5075 wBias=-0.4011 condBias=3.4939 dotDrift=-3.672sigma uMRED=0.0080972383 uER=0.210938 uMAE=6.6250 WCE=80 bias=-1.1250
[pop10_hard:00400] loss=21.072775 tau=6.00 collapse_w=0.000 mid_frac=0.208 hard=score=0.0062418626 wNMSE=0.00050134914 wMSE=38.1930 wMRED=0.02617515 wER=0.142339 wMAE=1.1734 wBias=0.2227 condBias=3.0887 dotDrift=+2.307sigma uMRED=0.0070809667 uER=0.203125 uMAE=5.9375 WCE=80 bias=-0.1250
[pop10_hard:00599] loss=25.357359 tau=6.00 collapse_w=0.000 mid_frac=0.208 hard=score=0.0023563909 wNMSE=0.00029613813 wMSE=22.5599 wMRED=0.02457508 wER=0.142339 wMAE=0.9593 wBias=0.0415 condBias=2.3742 dotDrift=+0.559sigma uMRED=0.0049389252 uER=0.203125 uMAE=4.0000 WCE=64 bias=-1.6250
[pop10] done (conf=0.53, noise=0.5); global best score=0.0016111764 wNMSE=0.00012742207 wMSE=9.7071 wMRED=0.02810209 wER=0.088891 wMAE=0.7864 wBias=-0.0872 condBias=1.5569 dotDrift=-1.790sigma uMRED=0.0019195893 uER=0.109375 uMAE=1.1250 WCE=16 bias=0.0000
[pop11_soft:00000] loss=3.022171 tau=1.50 collapse_w=0.000 mid_frac=0.354 hard=score=1.5482810251 wNMSE=0.0044467085 wMSE=338.7518 wMRED=0.33751625 wER=0.216412 wMAE=6.8821 wBias=5.2860 condBias=10.5814 dotDrift=+18.381sigma uMRED=0.0204596035 uER=0.246094 uMAE=12.7578 WCE=129 bias=6.2500
[pop11_soft:00200] loss=10.025971 tau=2.25 collapse_w=0.000 mid_frac=0.354 hard=score=0.1552810778 wNMSE=0.0017195414 wMSE=130.9953 wMRED=0.17093198 wER=0.216412 wMAE=3.9457 wBias=-1.6206 condBias=5.7185 dotDrift=-9.062sigma uMRED=0.0144014358 uER=0.246094 uMAE=10.0703 WCE=81 bias=-3.5000
[pop11_soft:00400] loss=0.467319 tau=3.00 collapse_w=0.000 mid_frac=0.375 hard=score=0.4239320608 wNMSE=0.0012371224 wMSE=94.2444 wMRED=0.15882882 wER=0.212760 wMAE=3.4475 wBias=-2.7625 condBias=5.5297 dotDrift=-18.212sigma uMRED=0.0137757158 uER=0.242188 uMAE=9.9688 WCE=85 bias=-5.4375
[pop11_soft:00600] loss=0.097667 tau=3.75 collapse_w=0.000 mid_frac=0.354 hard=score=0.3668870228 wNMSE=0.0012034216 wMSE=91.6771 wMRED=0.14691678 wER=0.191162 wMAE=3.2843 wBias=-2.5666 condBias=5.1376 dotDrift=-17.156sigma uMRED=0.0134752711 uER=0.238281 uMAE=9.8750 WCE=84 bias=-5.2500
[pop11_soft:00800] loss=0.090770 tau=4.50 collapse_w=0.084 mid_frac=0.375 hard=score=0.3066250816 wNMSE=0.0011165246 wMSE=85.0572 wMRED=0.14663187 wER=0.191162 wMAE=3.2326 wBias=-2.3425 condBias=4.6893 dotDrift=-16.256sigma uMRED=0.0124875226 uER=0.238281 uMAE=8.9062 WCE=80 bias=-1.2500
[pop11_soft:01000] loss=0.093600 tau=5.25 collapse_w=0.293 mid_frac=0.375 hard=score=0.4469442712 wNMSE=0.0011268721 wMSE=85.8455 wMRED=0.14670098 wER=0.191162 wMAE=3.2388 wBias=-2.8409 condBias=5.6868 dotDrift=-19.624sigma uMRED=0.0124658615 uER=0.238281 uMAE=8.8750 WCE=80 bias=-5.2500
[pop11_soft:01199] loss=0.090697 tau=6.00 collapse_w=0.500 mid_frac=0.354 hard=score=0.4469442712 wNMSE=0.0011268721 wMSE=85.8455 wMRED=0.14670098 wER=0.191162 wMAE=3.2388 wBias=-2.8409 condBias=5.6868 dotDrift=-19.624sigma uMRED=0.0124658615 uER=0.238281 uMAE=8.8750 WCE=80 bias=-5.2500
[pop11_hard:00000] loss=103.831497 tau=6.00 collapse_w=0.000 mid_frac=0.354 hard=score=0.4469442712 wNMSE=0.0011268721 wMSE=85.8455 wMRED=0.14670098 wER=0.191162 wMAE=3.2388 wBias=-2.8409 condBias=5.6868 dotDrift=-19.624sigma uMRED=0.0124658615 uER=0.238281 uMAE=8.8750 WCE=80 bias=-5.2500
[pop11_hard:00200] loss=94.210266 tau=6.00 collapse_w=0.000 mid_frac=0.333 hard=score=0.3548620611 wNMSE=0.0009509071 wMSE=72.4404 wMRED=0.14214181 wER=0.191162 wMAE=2.9268 wBias=-2.5290 condBias=5.0622 dotDrift=-19.017sigma uMRED=0.0116728552 uER=0.238281 uMAE=8.3750 WCE=80 bias=-4.7500
[pop11_hard:00400] loss=45.717876 tau=6.00 collapse_w=0.000 mid_frac=0.271 hard=score=0.6891678704 wNMSE=0.003148129 wMSE=239.8256 wMRED=0.30971711 wER=0.194815 wMAE=5.7025 wBias=3.5031 condBias=7.7378 dotDrift=+14.477sigma uMRED=0.0161317558 uER=0.242188 uMAE=9.5000 WCE=68 bias=1.7500
[pop11_hard:00599] loss=39.252670 tau=6.00 collapse_w=0.000 mid_frac=0.292 hard=score=0.2206957559 wNMSE=0.00083263486 wMSE=63.4304 wMRED=0.14671346 wER=0.191162 wMAE=2.9231 wBias=-1.9842 condBias=3.9795 dotDrift=-15.945sigma uMRED=0.0108689213 uER=0.238281 uMAE=7.5469 WCE=70 bias=0.0000
[pop11] done (conf=0.51, noise=1.0); global best score=0.0016111764 wNMSE=0.00012742207 wMSE=9.7071 wMRED=0.02810209 wER=0.088891 wMAE=0.7864 wBias=-0.0872 condBias=1.5569 dotDrift=-1.790sigma uMRED=0.0019195893 uER=0.109375 uMAE=1.1250 WCE=16 bias=0.0000
[best] stage=guard_baseline score=0.0016111764 wNMSE=0.00012742207 wMSE=9.7071 wMRED=0.02810209 wER=0.088891 wMAE=0.7864 wBias=-0.0872 condBias=1.5569 dotDrift=-1.790sigma uMRED=0.0019195893 uER=0.109375 uMAE=1.1250 WCE=16 bias=0.0000
[best-json] /home/xuanqi/tony/work/FPGA/signed8x8_approx/signed8x8_2026_8_22/runs_qwen_aligned_v2_20260914/quality/rand512/best_signed88_inits.json
[best-rtl] /home/xuanqi/tony/work/FPGA/signed8x8_approx/signed8x8_2026_8_22/runs_qwen_aligned_v2_20260914/quality/rand512/best_rtl
[design] quality search_bits=48
[safety] max_zero_violations=0 max_workload_zero_violation_probability=0
[metric-guard] relative_to_base=0.02 limits={'max_zero_violations': 0, 'max_workload_zero_violation_probability': 0.0, 'max_wce': 16, 'max_er': 0.11156250000000001, 'max_mred': 0.001957981082714989, 'max_ned': 7.0037841796875e-05, 'max_rmse': 3.9504430131315655, 'max_nmse': 5.129411661762673e-07, 'max_abs_bias': 0.06051536478449089, 'max_workload_wce': 16, 'max_workload_er': 0.09066865361524373, 'max_workload_mred': 0.02866412993103653, 'max_workload_ned': 4.89576713823333e-05, 'max_workload_rmse': 3.1779276565721166, 'max_workload_nmse': 0.00012997051593010618, 'max_abs_workload_bias': 0.08890147835055814, 'max_conditional_bias_rms': 1.5880176161605608}
[start] score=0.0016111764 wNMSE=0.00012742207 wMSE=9.7071 wMRED=0.02810209 wER=0.088891 wMAE=0.7864 wBias=-0.0872 condBias=1.5569 dotDrift=-1.790sigma uMRED=0.0019195893 uER=0.109375 uMAE=1.1250 WCE=16 bias=0.0000
[single] round=1 no improvement
[pair] ACCEPT ['cp_lut23:47', 'cp_lut23:51'] 0.0016111764->0.0009163530 wNMSE=3.6935493e-05 wBias=-0.08030
[pair] ACCEPT ['cp_lut23:31', 'cp_lut23:15'] 0.0009163530->0.0005958120 wNMSE=5.2609532e-05 wBias=+0.00857
[pair] round=3 no improvement
[final] score=0.0005958120 wNMSE=5.2609532e-05 wMSE=4.0078 wMRED=0.01528248 wER=0.083718 wMAE=0.5313 wBias=0.0086 condBias=1.0004 dotDrift=+0.274sigma uMRED=0.0012490528 uER=0.109375 uMAE=0.7500 WCE=12 bias=0.0000
[json] /home/xuanqi/tony/work/FPGA/signed8x8_approx/signed8x8_2026_8_22/runs_qwen_aligned_v2_20260914/quality/rand512/refined/best_signed88_inits.json
