[design] balanced_split quad4 entries=112
[device] cuda
[initial] score=3667.9884244297 wNMSE=8.6602222 wMSE=182477.3196 wMRED=19.60976673 wER=0.437014 wMAE=225.0154 wBias=137.0712 condBias=245.9214 dotDrift=+20.536sigma uMRED=0.3612703972 uER=0.431641 uMAE=127.0059 WCE=1184 bias=68.0000
[quad_warmup_bit:00000] loss=30.474987 tau=1.50 collapse_w=0.000 mid_frac=0.420 hard=score=3667.9884244297 wNMSE=8.6602222 wMSE=182477.3196 wMRED=19.60976673 wER=0.437014 wMAE=225.0154 wBias=137.0712 condBias=245.9214 dotDrift=+20.536sigma uMRED=0.3612703972 uER=0.431641 uMAE=127.0059 WCE=1184 bias=68.0000
[quad_warmup_bit:00150] loss=15.472366 tau=1.50 collapse_w=0.000 mid_frac=0.402 hard=score=2763.4599292406 wNMSE=6.1976784 wMSE=130589.6898 wMRED=16.28514536 wER=0.437128 wMAE=189.8309 wBias=118.9858 condBias=211.6822 dotDrift=+21.073sigma uMRED=0.3037326533 uER=0.437500 uMAE=112.1719 WCE=1040 bias=-5.3125 *BEST*
[quad_warmup_bit:00175] loss=13.351700 tau=1.50 collapse_w=0.000 mid_frac=0.402 hard=score=106.7962916965 wNMSE=1.3476475 wMSE=28395.9350 wMRED=8.92921403 wER=0.437025 wMAE=95.2004 wBias=23.1782 condBias=95.7597 dotDrift=+8.803sigma uMRED=0.2088852794 uER=0.431641 uMAE=93.7227 WCE=637 bias=-29.9375 *BEST*
[quad_warmup_bit:00200] loss=11.362715 tau=1.50 collapse_w=0.000 mid_frac=0.384 hard=score=26.8798870469 wNMSE=1.2024297 wMSE=25336.0879 wMRED=8.18483402 wER=0.387458 wMAE=84.4618 wBias=11.2922 condBias=85.4115 dotDrift=+4.540sigma uMRED=0.1931281653 uER=0.431641 uMAE=87.6250 WCE=637 bias=-40.0000 *BEST*
[quad_warmup_bit:00225] loss=9.516522 tau=1.50 collapse_w=0.000 mid_frac=0.393 hard=score=25.8035499660 wNMSE=1.2044967 wMSE=25379.6407 wMRED=8.18977117 wER=0.387458 wMAE=84.6598 wBias=11.0432 condBias=85.4834 dotDrift=+4.436sigma uMRED=0.1957784753 uER=0.431641 uMAE=89.8281 WCE=639 bias=-42.3750 *BEST*
[quad_warmup_bit:00250] loss=7.821344 tau=1.50 collapse_w=0.000 mid_frac=0.366 hard=score=22.2369079586 wNMSE=1.2519286 wMSE=26379.0666 wMRED=8.20964296 wER=0.387458 wMAE=85.5436 wBias=10.1594 condBias=87.1804 dotDrift=+4.003sigma uMRED=0.2047752673 uER=0.431641 uMAE=95.8281 WCE=767 bias=-48.3750 *BEST*
[quad_warmup_bit:00275] loss=6.283010 tau=1.50 collapse_w=0.000 mid_frac=0.348 hard=score=21.9416026368 wNMSE=1.2524506 wMSE=26390.0646 wMRED=8.21083669 wER=0.387458 wMAE=85.6013 wBias=10.0839 condBias=87.2078 dotDrift=+3.973sigma uMRED=0.2049796828 uER=0.431641 uMAE=95.9531 WCE=767 bias=-48.6250 *BEST*
[quad_warmup_bit:00300] loss=4.906352 tau=1.50 collapse_w=0.000 mid_frac=0.339 hard=score=20.3440372165 wNMSE=1.2541137 wMSE=26425.1068 wMRED=8.20955778 wER=0.387458 wMAE=85.5525 wBias=9.6669 condBias=87.3393 dotDrift=+3.806sigma uMRED=0.2049661092 uER=0.431641 uMAE=96.0156 WCE=797 bias=-49.7500 *BEST*
[quad_warmup_bit:00325] loss=3.696733 tau=1.50 collapse_w=0.000 mid_frac=0.339 hard=score=18.7053265649 wNMSE=1.2611873 wMSE=26574.1546 wMRED=8.26451631 wER=0.387458 wMAE=85.7412 wBias=9.2182 condBias=87.6278 dotDrift=+3.619sigma uMRED=0.2054302767 uER=0.431641 uMAE=96.1406 WCE=805 bias=-50.2500 *BEST*
[quad_warmup_bit:00400] loss=1.135476 tau=1.50 collapse_w=0.000 mid_frac=0.312 hard=score=952.7503378546 wNMSE=1.6334885 wMSE=34418.8162 wMRED=8.77501228 wER=0.387458 wMAE=70.4293 wBias=-69.8968 condBias=118.9148 dotDrift=-24.112sigma uMRED=0.2249868973 uER=0.431641 uMAE=103.2812 WCE=805 bias=-103.2500
[quad_warmup_bit:00600] loss=0.237275 tau=1.50 collapse_w=0.000 mid_frac=0.339 hard=score=1290.3228377691 wNMSE=2.3241324 wMSE=48971.1963 wMRED=10.31419486 wER=0.297539 wMAE=81.3363 wBias=-81.3363 condBias=141.3164 dotDrift=-23.523sigma uMRED=0.2482246984 uER=0.421875 uMAE=109.1250 WCE=872 bias=-109.1250
[quad_warmup_bit:00800] loss=0.218966 tau=1.50 collapse_w=0.000 mid_frac=0.339 hard=score=1256.6595936516 wNMSE=2.2980152 wMSE=48420.8875 wMRED=10.19013719 wER=0.256193 wMAE=80.2664 wBias=-80.2664 condBias=139.4724 dotDrift=-23.345sigma uMRED=0.2449348443 uER=0.406250 uMAE=107.6250 WCE=872 bias=-107.6250
[quad_warmup_bit:01000] loss=0.203860 tau=1.50 collapse_w=0.000 mid_frac=0.312 hard=score=1256.6595936516 wNMSE=2.2980152 wMSE=48420.8875 wMRED=10.19013719 wER=0.256193 wMAE=80.2664 wBias=-80.2664 condBias=139.4724 dotDrift=-23.345sigma uMRED=0.2449348443 uER=0.406250 uMAE=107.6250 WCE=872 bias=-107.6250
[quad_warmup_bit:01200] loss=0.189464 tau=1.50 collapse_w=0.000 mid_frac=0.277 hard=score=1198.0216655866 wNMSE=2.1757166 wMSE=45843.9653 wMRED=9.85980173 wER=0.242815 wMAE=78.3721 wBias=-78.3721 condBias=135.9141 dotDrift=-23.426sigma uMRED=0.2405007179 uER=0.400391 uMAE=106.2500 WCE=840 bias=-106.2500
[quad_warmup_bit:01400] loss=0.177646 tau=1.50 collapse_w=0.000 mid_frac=0.286 hard=score=1115.2950856986 wNMSE=2.0668538 wMSE=43550.1464 wMRED=9.46919647 wER=0.239917 wMAE=75.6151 wBias=-75.6151 condBias=132.4641 dotDrift=-23.190sigma uMRED=0.2302144399 uER=0.394531 uMAE=100.5000 WCE=804 bias=-100.5000
[quad_warmup_bit:01600] loss=0.167655 tau=1.50 collapse_w=0.000 mid_frac=0.268 hard=score=791.3660561050 wNMSE=1.4322863 wMSE=30179.3377 wMRED=7.86846366 wER=0.221202 wMAE=63.6967 wBias=-63.6967 condBias=109.4755 dotDrift=-23.466sigma uMRED=0.2031361017 uER=0.375977 uMAE=92.2500 WCE=804 bias=-92.2500
[quad_warmup_bit:01800] loss=0.159221 tau=1.50 collapse_w=0.000 mid_frac=0.250 hard=score=724.5781861811 wNMSE=1.3627592 wMSE=28714.3482 wMRED=7.54181121 wER=0.220247 wMAE=60.9455 wBias=-60.9455 condBias=106.8567 dotDrift=-23.018sigma uMRED=0.1960674387 uER=0.373047 uMAE=89.1250 WCE=804 bias=-89.1250
[quad_warmup_bit:02000] loss=0.152377 tau=1.50 collapse_w=0.000 mid_frac=0.232 hard=score=602.9076996457 wNMSE=1.2519408 wMSE=26379.3239 wMRED=6.89247659 wER=0.220088 wMAE=55.5919 wBias=-55.5832 condBias=102.4972 dotDrift=-21.902sigma uMRED=0.1851693584 uER=0.364258 uMAE=85.5000 WCE=804 bias=-85.1250
[quad_warmup_bit:02200] loss=0.146543 tau=1.50 collapse_w=0.000 mid_frac=0.232 hard=score=576.8218938766 wNMSE=1.1858224 wMSE=24986.1585 wMRED=6.86499197 wER=0.221043 wMAE=54.3767 wBias=-54.3690 condBias=100.0248 dotDrift=-22.013sigma uMRED=0.1752835445 uER=0.367188 uMAE=79.5781 WCE=612 bias=-79.2500
[quad_warmup_bit:02400] loss=0.141182 tau=1.50 collapse_w=0.000 mid_frac=0.232 hard=score=565.0297273972 wNMSE=1.1817308 wMSE=24899.9459 wMRED=6.84097260 wER=0.207154 wMAE=53.8146 wBias=-53.8090 condBias=98.7907 dotDrift=-21.824sigma uMRED=0.1645641185 uER=0.336914 uMAE=70.7344 WCE=612 bias=-70.5000
[quad_warmup_bit:02600] loss=0.135580 tau=1.50 collapse_w=0.000 mid_frac=0.223 hard=score=547.5861916392 wNMSE=1.1675851 wMSE=24601.8853 wMRED=6.82437941 wER=0.204920 wMAE=52.9755 wBias=-52.9699 condBias=98.1821 dotDrift=-21.613sigma uMRED=0.1585835342 uER=0.322266 uMAE=66.7344 WCE=576 bias=-66.5000
[quad_warmup_bit:02800] loss=0.128765 tau=1.50 collapse_w=0.000 mid_frac=0.205 hard=score=547.5861916392 wNMSE=1.1675851 wMSE=24601.8853 wMRED=6.82437941 wER=0.204920 wMAE=52.9755 wBias=-52.9699 condBias=98.1821 dotDrift=-21.613sigma uMRED=0.1585835342 uER=0.322266 uMAE=66.7344 WCE=576 bias=-66.5000
[quad_warmup_bit:03000] loss=0.120121 tau=1.50 collapse_w=0.000 mid_frac=0.196 hard=score=436.9767996591 wNMSE=1.0848712 wMSE=22859.0426 wMRED=6.18082580 wER=0.161714 wMAE=47.5642 wBias=-47.3036 condBias=94.3054 dotDrift=-20.024sigma uMRED=0.1410107209 uER=0.291016 uMAE=57.9688 WCE=544 bias=-57.5000
[quad_warmup_bit:03200] loss=0.109623 tau=1.50 collapse_w=0.000 mid_frac=0.170 hard=score=362.5886893737 wNMSE=1.0143165 wMSE=21372.4030 wMRED=6.11846873 wER=0.160836 wMAE=44.6083 wBias=-43.0792 condBias=85.8588 dotDrift=-18.859sigma uMRED=0.0984152478 uER=0.263672 uMAE=27.0938 WCE=512 bias=-17.5000
[quad_warmup_bit:03400] loss=0.097584 tau=1.50 collapse_w=0.000 mid_frac=0.179 hard=score=362.5886893737 wNMSE=1.0143165 wMSE=21372.4030 wMRED=6.11846873 wER=0.160836 wMAE=44.6083 wBias=-43.0792 condBias=85.8588 dotDrift=-18.859sigma uMRED=0.0984152478 uER=0.263672 uMAE=27.0938 WCE=512 bias=-17.5000
[quad_warmup_bit:03600] loss=0.081964 tau=1.50 collapse_w=0.000 mid_frac=0.143 hard=score=376.8410977476 wNMSE=1.0121273 wMSE=21326.2742 wMRED=6.11245478 wER=0.157845 wMAE=44.2479 wBias=-43.9215 condBias=87.5426 dotDrift=-19.249sigma uMRED=0.0943759275 uER=0.244141 uMAE=24.4219 WCE=512 bias=-21.5000
[quad_warmup_bit:03675] loss=0.076894 tau=1.50 collapse_w=0.000 mid_frac=0.134 hard=score=0.2994957150 wNMSE=0.0090646904 wMSE=190.9998 wMRED=0.13102209 wER=0.101507 wMAE=2.9681 wBias=-1.1912 condBias=7.6519 dotDrift=-5.516sigma uMRED=0.0163898091 uER=0.228516 uMAE=9.7500 WCE=144 bias=-5.5000 *BEST*
[quad_warmup_bit:03800] loss=0.070187 tau=1.50 collapse_w=0.000 mid_frac=0.134 hard=score=0.2994957150 wNMSE=0.0090646904 wMSE=190.9998 wMRED=0.13102209 wER=0.101507 wMAE=2.9681 wBias=-1.1912 condBias=7.6519 dotDrift=-5.516sigma uMRED=0.0163898091 uER=0.228516 uMAE=9.7500 WCE=144 bias=-5.5000
[quad_warmup_bit:04000] loss=0.062718 tau=1.50 collapse_w=0.000 mid_frac=0.098 hard=score=0.2994957150 wNMSE=0.0090646904 wMSE=190.9998 wMRED=0.13102209 wER=0.101507 wMAE=2.9681 wBias=-1.1912 condBias=7.6519 dotDrift=-5.516sigma uMRED=0.0163898091 uER=0.228516 uMAE=9.7500 WCE=144 bias=-5.5000
[quad_warmup_bit:04200] loss=0.057538 tau=1.50 collapse_w=0.000 mid_frac=0.071 hard=score=0.5346409525 wNMSE=0.011807545 wMSE=248.7937 wMRED=0.14075994 wER=0.104498 wMAE=3.3892 wBias=-1.6123 condBias=8.6247 dotDrift=-6.542sigma uMRED=0.0197402147 uER=0.248047 uMAE=11.7500 WCE=164 bias=-7.5000
[quad_warmup_bit:04400] loss=0.053245 tau=1.50 collapse_w=0.000 mid_frac=0.062 hard=score=0.5346409525 wNMSE=0.011807545 wMSE=248.7937 wMRED=0.14075994 wER=0.104498 wMAE=3.3892 wBias=-1.6123 condBias=8.6247 dotDrift=-6.542sigma uMRED=0.0197402147 uER=0.248047 uMAE=11.7500 WCE=164 bias=-7.5000
[quad_warmup_bit:04600] loss=0.049502 tau=1.50 collapse_w=0.000 mid_frac=0.062 hard=score=0.2994957150 wNMSE=0.0090646904 wMSE=190.9998 wMRED=0.13102209 wER=0.101507 wMAE=2.9681 wBias=-1.1912 condBias=7.6519 dotDrift=-5.516sigma uMRED=0.0163898091 uER=0.228516 uMAE=9.7500 WCE=144 bias=-5.5000
[quad_warmup_bit:04800] loss=0.046812 tau=1.50 collapse_w=0.000 mid_frac=0.062 hard=score=0.2994957150 wNMSE=0.0090646904 wMSE=190.9998 wMRED=0.13102209 wER=0.101507 wMAE=2.9681 wBias=-1.1912 condBias=7.6519 dotDrift=-5.516sigma uMRED=0.0163898091 uER=0.228516 uMAE=9.7500 WCE=144 bias=-5.5000
[quad_warmup_bit:04875] loss=0.046112 tau=1.50 collapse_w=0.000 mid_frac=0.054 hard=score=0.1641437005 wNMSE=0.0071780249 wMSE=151.2463 wMRED=0.11957440 wER=0.101507 wMAE=2.6364 wBias=-0.8595 condBias=6.8114 dotDrift=-4.473sigma uMRED=0.0146470029 uER=0.228516 uMAE=8.7500 WCE=144 bias=-4.5000 *BEST*
[quad_warmup_bit:05000] loss=0.045112 tau=1.50 collapse_w=0.000 mid_frac=0.054 hard=score=0.1641437005 wNMSE=0.0071780249 wMSE=151.2463 wMRED=0.11957440 wER=0.101507 wMAE=2.6364 wBias=-0.8595 condBias=6.8114 dotDrift=-4.473sigma uMRED=0.0146470029 uER=0.228516 uMAE=8.7500 WCE=144 bias=-4.5000
[quad_warmup_bit:05175] loss=0.043963 tau=1.50 collapse_w=0.000 mid_frac=0.045 hard=score=0.1570178332 wNMSE=0.0071437221 wMSE=150.5235 wMRED=0.11938337 wER=0.101346 wMAE=2.6173 wBias=-0.8380 condBias=6.8067 dotDrift=-4.371sigma uMRED=0.0142296806 uER=0.222656 uMAE=8.3281 WCE=144 bias=-4.0000 *BEST*
[quad_warmup_bit:05200] loss=0.043819 tau=1.50 collapse_w=0.000 mid_frac=0.045 hard=score=0.1570178332 wNMSE=0.0071437221 wMSE=150.5235 wMRED=0.11938337 wER=0.101346 wMAE=2.6173 wBias=-0.8380 condBias=6.8067 dotDrift=-4.371sigma uMRED=0.0142296806 uER=0.222656 uMAE=8.3281 WCE=144 bias=-4.0000
[quad_warmup_bit:05275] loss=0.043412 tau=1.50 collapse_w=0.000 mid_frac=0.036 hard=score=0.1073474537 wNMSE=0.0065781699 wMSE=138.6069 wMRED=0.11365952 wER=0.101346 wMAE=2.4515 wBias=-0.6722 condBias=6.4996 dotDrift=-3.654sigma uMRED=0.0133582775 uER=0.222656 uMAE=7.8281 WCE=144 bias=-3.5000 *BEST*
[quad_warmup_bit:05400] loss=0.042810 tau=1.50 collapse_w=0.000 mid_frac=0.036 hard=score=0.1073474537 wNMSE=0.0065781699 wMSE=138.6069 wMRED=0.11365952 wER=0.101346 wMAE=2.4515 wBias=-0.6722 condBias=6.4996 dotDrift=-3.654sigma uMRED=0.0133582775 uER=0.222656 uMAE=7.8281 WCE=144 bias=-3.5000
[quad_warmup_bit:05600] loss=0.042005 tau=1.50 collapse_w=0.000 mid_frac=0.036 hard=score=0.1073474537 wNMSE=0.0065781699 wMSE=138.6069 wMRED=0.11365952 wER=0.101346 wMAE=2.4515 wBias=-0.6722 condBias=6.4996 dotDrift=-3.654sigma uMRED=0.0133582775 uER=0.222656 uMAE=7.8281 WCE=144 bias=-3.5000
[quad_warmup_bit:05800] loss=0.041351 tau=1.50 collapse_w=0.000 mid_frac=0.036 hard=score=0.1073474537 wNMSE=0.0065781699 wMSE=138.6069 wMRED=0.11365952 wER=0.101346 wMAE=2.4515 wBias=-0.6722 condBias=6.4996 dotDrift=-3.654sigma uMRED=0.0133582775 uER=0.222656 uMAE=7.8281 WCE=144 bias=-3.5000
[quad_warmup_bit:05999] loss=0.040820 tau=1.50 collapse_w=0.000 mid_frac=0.036 hard=score=0.1073474537 wNMSE=0.0065781699 wMSE=138.6069 wMRED=0.11365952 wER=0.101346 wMAE=2.4515 wBias=-0.6722 condBias=6.4996 dotDrift=-3.654sigma uMRED=0.0133582775 uER=0.222656 uMAE=7.8281 WCE=144 bias=-3.5000
[quad_soft:00000] loss=0.205559 tau=1.50 collapse_w=0.000 mid_frac=0.036 hard=score=0.1073474537 wNMSE=0.0065781699 wMSE=138.6069 wMRED=0.11365952 wER=0.101346 wMAE=2.4515 wBias=-0.6722 condBias=6.4996 dotDrift=-3.654sigma uMRED=0.0133582775 uER=0.222656 uMAE=7.8281 WCE=144 bias=-3.5000
[quad_soft:00050] loss=0.156174 tau=1.52 collapse_w=0.000 mid_frac=0.036 hard=score=0.0105595503 wNMSE=0.0030821182 wMSE=64.9425 wMRED=0.09732794 wER=0.097475 wMAE=1.8291 wBias=-0.0498 condBias=4.6378 dotDrift=-0.396sigma uMRED=0.0094153821 uER=0.214844 uMAE=5.5781 WCE=80 bias=-1.2500 *BEST*
[quad_soft:00200] loss=0.089666 tau=1.59 collapse_w=0.000 mid_frac=0.027 hard=score=0.1507795837 wNMSE=0.0030905222 wMSE=65.1196 wMRED=0.14630594 wER=0.120003 wMAE=2.2722 wBias=-0.8507 condBias=4.5637 dotDrift=-6.747sigma uMRED=0.0100407629 uER=0.238281 uMAE=5.5781 WCE=80 bias=-2.7500
[quad_soft:00400] loss=0.067542 tau=1.68 collapse_w=0.000 mid_frac=0.027 hard=score=0.3377547924 wNMSE=0.0065725572 wMSE=138.4887 wMRED=0.10985702 wER=0.120003 wMAE=2.3426 wBias=-1.2795 condBias=6.3565 dotDrift=-6.958sigma uMRED=0.0125693649 uER=0.238281 uMAE=7.2188 WCE=144 bias=-4.7500
[quad_soft:00600] loss=0.056331 tau=1.77 collapse_w=0.000 mid_frac=0.036 hard=score=0.3377547924 wNMSE=0.0065725572 wMSE=138.4887 wMRED=0.10985702 wER=0.120003 wMAE=2.3426 wBias=-1.2795 condBias=6.3565 dotDrift=-6.958sigma uMRED=0.0125693649 uER=0.238281 uMAE=7.2188 WCE=144 bias=-4.7500
[quad_soft:00800] loss=0.053735 tau=1.86 collapse_w=0.000 mid_frac=0.036 hard=score=0.3377547924 wNMSE=0.0065725572 wMSE=138.4887 wMRED=0.10985702 wER=0.120003 wMAE=2.3426 wBias=-1.2795 condBias=6.3565 dotDrift=-6.958sigma uMRED=0.0125693649 uER=0.238281 uMAE=7.2188 WCE=144 bias=-4.7500
[quad_soft:01000] loss=0.052155 tau=1.95 collapse_w=0.000 mid_frac=0.036 hard=score=0.3377547924 wNMSE=0.0065725572 wMSE=138.4887 wMRED=0.10985702 wER=0.120003 wMAE=2.3426 wBias=-1.2795 condBias=6.3565 dotDrift=-6.958sigma uMRED=0.0125693649 uER=0.238281 uMAE=7.2188 WCE=144 bias=-4.7500
[quad_soft:01200] loss=0.050893 tau=2.04 collapse_w=0.000 mid_frac=0.027 hard=score=0.3377547924 wNMSE=0.0065725572 wMSE=138.4887 wMRED=0.10985702 wER=0.120003 wMAE=2.3426 wBias=-1.2795 condBias=6.3565 dotDrift=-6.958sigma uMRED=0.0125693649 uER=0.238281 uMAE=7.2188 WCE=144 bias=-4.7500
[quad_soft:01400] loss=0.049787 tau=2.13 collapse_w=0.000 mid_frac=0.027 hard=score=0.3377547924 wNMSE=0.0065725572 wMSE=138.4887 wMRED=0.10985702 wER=0.120003 wMAE=2.3426 wBias=-1.2795 condBias=6.3565 dotDrift=-6.958sigma uMRED=0.0125693649 uER=0.238281 uMAE=7.2188 WCE=144 bias=-4.7500
[quad_soft:01600] loss=0.048770 tau=2.22 collapse_w=0.000 mid_frac=0.027 hard=score=0.3377547924 wNMSE=0.0065725572 wMSE=138.4887 wMRED=0.10985702 wER=0.120003 wMAE=2.3426 wBias=-1.2795 condBias=6.3565 dotDrift=-6.958sigma uMRED=0.0125693649 uER=0.238281 uMAE=7.2188 WCE=144 bias=-4.7500
[quad_soft:01800] loss=0.047817 tau=2.31 collapse_w=0.000 mid_frac=0.036 hard=score=0.3377547924 wNMSE=0.0065725572 wMSE=138.4887 wMRED=0.10985702 wER=0.120003 wMAE=2.3426 wBias=-1.2795 condBias=6.3565 dotDrift=-6.958sigma uMRED=0.0125693649 uER=0.238281 uMAE=7.2188 WCE=144 bias=-4.7500
[quad_soft:02000] loss=0.046908 tau=2.40 collapse_w=0.000 mid_frac=0.045 hard=score=0.3377547924 wNMSE=0.0065725572 wMSE=138.4887 wMRED=0.10985702 wER=0.120003 wMAE=2.3426 wBias=-1.2795 condBias=6.3565 dotDrift=-6.958sigma uMRED=0.0125693649 uER=0.238281 uMAE=7.2188 WCE=144 bias=-4.7500
[quad_soft:02200] loss=0.046008 tau=2.49 collapse_w=0.000 mid_frac=0.036 hard=score=0.3377547924 wNMSE=0.0065725572 wMSE=138.4887 wMRED=0.10985702 wER=0.120003 wMAE=2.3426 wBias=-1.2795 condBias=6.3565 dotDrift=-6.958sigma uMRED=0.0125693649 uER=0.238281 uMAE=7.2188 WCE=144 bias=-4.7500
[quad_soft:02400] loss=0.045122 tau=2.58 collapse_w=0.000 mid_frac=0.045 hard=score=0.3377547924 wNMSE=0.0065725572 wMSE=138.4887 wMRED=0.10985702 wER=0.120003 wMAE=2.3426 wBias=-1.2795 condBias=6.3565 dotDrift=-6.958sigma uMRED=0.0125693649 uER=0.238281 uMAE=7.2188 WCE=144 bias=-4.7500
[quad_soft:02600] loss=0.044240 tau=2.67 collapse_w=0.000 mid_frac=0.045 hard=score=0.3377547924 wNMSE=0.0065725572 wMSE=138.4887 wMRED=0.10985702 wER=0.120003 wMAE=2.3426 wBias=-1.2795 condBias=6.3565 dotDrift=-6.958sigma uMRED=0.0125693649 uER=0.238281 uMAE=7.2188 WCE=144 bias=-4.7500
[quad_soft:02800] loss=0.043352 tau=2.76 collapse_w=0.000 mid_frac=0.045 hard=score=0.3377547924 wNMSE=0.0065725572 wMSE=138.4887 wMRED=0.10985702 wER=0.120003 wMAE=2.3426 wBias=-1.2795 condBias=6.3565 dotDrift=-6.958sigma uMRED=0.0125693649 uER=0.238281 uMAE=7.2188 WCE=144 bias=-4.7500
[quad_soft:03000] loss=0.042473 tau=2.85 collapse_w=0.000 mid_frac=0.045 hard=score=0.3377547924 wNMSE=0.0065725572 wMSE=138.4887 wMRED=0.10985702 wER=0.120003 wMAE=2.3426 wBias=-1.2795 condBias=6.3565 dotDrift=-6.958sigma uMRED=0.0125693649 uER=0.238281 uMAE=7.2188 WCE=144 bias=-4.7500
[quad_soft:03200] loss=0.041593 tau=2.94 collapse_w=0.000 mid_frac=0.045 hard=score=0.3377547924 wNMSE=0.0065725572 wMSE=138.4887 wMRED=0.10985702 wER=0.120003 wMAE=2.3426 wBias=-1.2795 condBias=6.3565 dotDrift=-6.958sigma uMRED=0.0125693649 uER=0.238281 uMAE=7.2188 WCE=144 bias=-4.7500
[quad_soft:03400] loss=0.040700 tau=3.03 collapse_w=0.000 mid_frac=0.045 hard=score=0.3377547924 wNMSE=0.0065725572 wMSE=138.4887 wMRED=0.10985702 wER=0.120003 wMAE=2.3426 wBias=-1.2795 condBias=6.3565 dotDrift=-6.958sigma uMRED=0.0125693649 uER=0.238281 uMAE=7.2188 WCE=144 bias=-4.7500
[quad_soft:03600] loss=0.039809 tau=3.12 collapse_w=0.000 mid_frac=0.045 hard=score=0.3377547924 wNMSE=0.0065725572 wMSE=138.4887 wMRED=0.10985702 wER=0.120003 wMAE=2.3426 wBias=-1.2795 condBias=6.3565 dotDrift=-6.958sigma uMRED=0.0125693649 uER=0.238281 uMAE=7.2188 WCE=144 bias=-4.7500
[quad_soft:03800] loss=0.038911 tau=3.21 collapse_w=0.000 mid_frac=0.045 hard=score=0.3377547924 wNMSE=0.0065725572 wMSE=138.4887 wMRED=0.10985702 wER=0.120003 wMAE=2.3426 wBias=-1.2795 condBias=6.3565 dotDrift=-6.958sigma uMRED=0.0125693649 uER=0.238281 uMAE=7.2188 WCE=144 bias=-4.7500
[quad_soft:04000] loss=0.038010 tau=3.30 collapse_w=0.000 mid_frac=0.045 hard=score=0.3377547924 wNMSE=0.0065725572 wMSE=138.4887 wMRED=0.10985702 wER=0.120003 wMAE=2.3426 wBias=-1.2795 condBias=6.3565 dotDrift=-6.958sigma uMRED=0.0125693649 uER=0.238281 uMAE=7.2188 WCE=144 bias=-4.7500
[quad_soft:04200] loss=0.037026 tau=3.39 collapse_w=0.000 mid_frac=0.045 hard=score=0.3377547924 wNMSE=0.0065725572 wMSE=138.4887 wMRED=0.10985702 wER=0.120003 wMAE=2.3426 wBias=-1.2795 condBias=6.3565 dotDrift=-6.958sigma uMRED=0.0125693649 uER=0.238281 uMAE=7.2188 WCE=144 bias=-4.7500
[quad_soft:04400] loss=0.036009 tau=3.48 collapse_w=0.000 mid_frac=0.045 hard=score=0.3377547924 wNMSE=0.0065725572 wMSE=138.4887 wMRED=0.10985702 wER=0.120003 wMAE=2.3426 wBias=-1.2795 condBias=6.3565 dotDrift=-6.958sigma uMRED=0.0125693649 uER=0.238281 uMAE=7.2188 WCE=144 bias=-4.7500
[quad_soft:04600] loss=0.035004 tau=3.57 collapse_w=0.000 mid_frac=0.045 hard=score=0.3377547924 wNMSE=0.0065725572 wMSE=138.4887 wMRED=0.10985702 wER=0.120003 wMAE=2.3426 wBias=-1.2795 condBias=6.3565 dotDrift=-6.958sigma uMRED=0.0125693649 uER=0.238281 uMAE=7.2188 WCE=144 bias=-4.7500
[quad_soft:04800] loss=0.034003 tau=3.66 collapse_w=0.000 mid_frac=0.045 hard=score=0.3377547924 wNMSE=0.0065725572 wMSE=138.4887 wMRED=0.10985702 wER=0.120003 wMAE=2.3426 wBias=-1.2795 condBias=6.3565 dotDrift=-6.958sigma uMRED=0.0125693649 uER=0.238281 uMAE=7.2188 WCE=144 bias=-4.7500
[quad_soft:05000] loss=0.033008 tau=3.75 collapse_w=0.000 mid_frac=0.045 hard=score=0.3764335778 wNMSE=0.006572787 wMSE=138.4935 wMRED=0.10943218 wER=0.123061 wMAE=2.3315 wBias=-1.3550 condBias=6.4020 dotDrift=-7.369sigma uMRED=0.0125005394 uER=0.250000 uMAE=7.1875 WCE=144 bias=-5.0000
[quad_soft:05200] loss=0.031994 tau=3.84 collapse_w=0.000 mid_frac=0.045 hard=score=0.3764335778 wNMSE=0.006572787 wMSE=138.4935 wMRED=0.10943218 wER=0.123061 wMAE=2.3315 wBias=-1.3550 condBias=6.4020 dotDrift=-7.369sigma uMRED=0.0125005394 uER=0.250000 uMAE=7.1875 WCE=144 bias=-5.0000
[quad_soft:05400] loss=0.030984 tau=3.93 collapse_w=0.000 mid_frac=0.036 hard=score=0.1786590449 wNMSE=0.0063125779 wMSE=133.0107 wMRED=0.16337420 wER=0.160334 wMAE=2.4792 wBias=-0.9063 condBias=6.2613 dotDrift=-5.029sigma uMRED=0.0125298568 uER=0.271484 uMAE=7.0312 WCE=144 bias=-4.5000
[quad_soft:05600] loss=0.029970 tau=4.02 collapse_w=0.000 mid_frac=0.036 hard=score=0.1786590449 wNMSE=0.0063125779 wMSE=133.0107 wMRED=0.16337420 wER=0.160334 wMAE=2.4792 wBias=-0.9063 condBias=6.2613 dotDrift=-5.029sigma uMRED=0.0125298568 uER=0.271484 uMAE=7.0312 WCE=144 bias=-4.5000
[quad_soft:05800] loss=0.028961 tau=4.11 collapse_w=0.000 mid_frac=0.036 hard=score=0.1786590449 wNMSE=0.0063125779 wMSE=133.0107 wMRED=0.16337420 wER=0.160334 wMAE=2.4792 wBias=-0.9063 condBias=6.2613 dotDrift=-5.029sigma uMRED=0.0125298568 uER=0.271484 uMAE=7.0312 WCE=144 bias=-4.5000
[quad_soft:06000] loss=0.027953 tau=4.20 collapse_w=0.000 mid_frac=0.036 hard=score=0.1786590449 wNMSE=0.0063125779 wMSE=133.0107 wMRED=0.16337420 wER=0.160334 wMAE=2.4792 wBias=-0.9063 condBias=6.2613 dotDrift=-5.029sigma uMRED=0.0125298568 uER=0.271484 uMAE=7.0312 WCE=144 bias=-4.5000
[quad_soft:06200] loss=0.027874 tau=4.29 collapse_w=0.025 mid_frac=0.027 hard=score=0.1786590449 wNMSE=0.0063125779 wMSE=133.0107 wMRED=0.16337420 wER=0.160334 wMAE=2.4792 wBias=-0.9063 condBias=6.2613 dotDrift=-5.029sigma uMRED=0.0125298568 uER=0.271484 uMAE=7.0312 WCE=144 bias=-4.5000
[quad_soft:06400] loss=0.027598 tau=4.38 collapse_w=0.050 mid_frac=0.009 hard=score=0.0133682151 wNMSE=0.0012184822 wMSE=25.6743 wMRED=0.14165314 wER=0.159288 wMAE=1.6287 wBias=0.2145 condBias=2.7092 dotDrift=+2.709sigma uMRED=0.0064467661 uER=0.265625 uMAE=3.5625 WCE=40 bias=-0.3750
[quad_soft:06600] loss=0.027216 tau=4.47 collapse_w=0.075 mid_frac=0.009 hard=score=0.0133682151 wNMSE=0.0012184822 wMSE=25.6743 wMRED=0.14165314 wER=0.159288 wMAE=1.6287 wBias=0.2145 condBias=2.7092 dotDrift=+2.709sigma uMRED=0.0064467661 uER=0.265625 uMAE=3.5625 WCE=40 bias=-0.3750
[quad_soft:06800] loss=0.026758 tau=4.56 collapse_w=0.100 mid_frac=0.009 hard=score=0.0133682151 wNMSE=0.0012184822 wMSE=25.6743 wMRED=0.14165314 wER=0.159288 wMAE=1.6287 wBias=0.2145 condBias=2.7092 dotDrift=+2.709sigma uMRED=0.0064467661 uER=0.265625 uMAE=3.5625 WCE=40 bias=-0.3750
[quad_soft:07000] loss=0.026257 tau=4.65 collapse_w=0.125 mid_frac=0.009 hard=score=0.0133682151 wNMSE=0.0012184822 wMSE=25.6743 wMRED=0.14165314 wER=0.159288 wMAE=1.6287 wBias=0.2145 condBias=2.7092 dotDrift=+2.709sigma uMRED=0.0064467661 uER=0.265625 uMAE=3.5625 WCE=40 bias=-0.3750
[quad_soft:07200] loss=0.025687 tau=4.74 collapse_w=0.150 mid_frac=0.009 hard=score=0.0133682151 wNMSE=0.0012184822 wMSE=25.6743 wMRED=0.14165314 wER=0.159288 wMAE=1.6287 wBias=0.2145 condBias=2.7092 dotDrift=+2.709sigma uMRED=0.0064467661 uER=0.265625 uMAE=3.5625 WCE=40 bias=-0.3750
[quad_soft:07400] loss=0.025079 tau=4.83 collapse_w=0.175 mid_frac=0.009 hard=score=0.0133682151 wNMSE=0.0012184822 wMSE=25.6743 wMRED=0.14165314 wER=0.159288 wMAE=1.6287 wBias=0.2145 condBias=2.7092 dotDrift=+2.709sigma uMRED=0.0064467661 uER=0.265625 uMAE=3.5625 WCE=40 bias=-0.3750
[quad_soft:07600] loss=0.024413 tau=4.92 collapse_w=0.200 mid_frac=0.009 hard=score=0.0133682151 wNMSE=0.0012184822 wMSE=25.6743 wMRED=0.14165314 wER=0.159288 wMAE=1.6287 wBias=0.2145 condBias=2.7092 dotDrift=+2.709sigma uMRED=0.0064467661 uER=0.265625 uMAE=3.5625 WCE=40 bias=-0.3750
[quad_soft:07800] loss=0.023687 tau=5.01 collapse_w=0.225 mid_frac=0.009 hard=score=0.0133682151 wNMSE=0.0012184822 wMSE=25.6743 wMRED=0.14165314 wER=0.159288 wMAE=1.6287 wBias=0.2145 condBias=2.7092 dotDrift=+2.709sigma uMRED=0.0064467661 uER=0.265625 uMAE=3.5625 WCE=40 bias=-0.3750
[quad_soft:08000] loss=0.022914 tau=5.10 collapse_w=0.250 mid_frac=0.009 hard=score=0.0133682151 wNMSE=0.0012184822 wMSE=25.6743 wMRED=0.14165314 wER=0.159288 wMAE=1.6287 wBias=0.2145 condBias=2.7092 dotDrift=+2.709sigma uMRED=0.0064467661 uER=0.265625 uMAE=3.5625 WCE=40 bias=-0.3750
[quad_soft:08200] loss=0.022126 tau=5.19 collapse_w=0.275 mid_frac=0.009 hard=score=0.0133682151 wNMSE=0.0012184822 wMSE=25.6743 wMRED=0.14165314 wER=0.159288 wMAE=1.6287 wBias=0.2145 condBias=2.7092 dotDrift=+2.709sigma uMRED=0.0064467661 uER=0.265625 uMAE=3.5625 WCE=40 bias=-0.3750
[quad_soft:08400] loss=0.021277 tau=5.28 collapse_w=0.300 mid_frac=0.009 hard=score=0.0133682151 wNMSE=0.0012184822 wMSE=25.6743 wMRED=0.14165314 wER=0.159288 wMAE=1.6287 wBias=0.2145 condBias=2.7092 dotDrift=+2.709sigma uMRED=0.0064467661 uER=0.265625 uMAE=3.5625 WCE=40 bias=-0.3750
[quad_soft:08600] loss=0.020418 tau=5.37 collapse_w=0.325 mid_frac=0.009 hard=score=0.0133682151 wNMSE=0.0012184822 wMSE=25.6743 wMRED=0.14165314 wER=0.159288 wMAE=1.6287 wBias=0.2145 condBias=2.7092 dotDrift=+2.709sigma uMRED=0.0064467661 uER=0.265625 uMAE=3.5625 WCE=40 bias=-0.3750
[quad_soft:08800] loss=0.019515 tau=5.46 collapse_w=0.350 mid_frac=0.009 hard=score=0.0133682151 wNMSE=0.0012184822 wMSE=25.6743 wMRED=0.14165314 wER=0.159288 wMAE=1.6287 wBias=0.2145 condBias=2.7092 dotDrift=+2.709sigma uMRED=0.0064467661 uER=0.265625 uMAE=3.5625 WCE=40 bias=-0.3750
[quad_soft:09000] loss=0.018553 tau=5.55 collapse_w=0.375 mid_frac=0.009 hard=score=0.0133682151 wNMSE=0.0012184822 wMSE=25.6743 wMRED=0.14165314 wER=0.159288 wMAE=1.6287 wBias=0.2145 condBias=2.7092 dotDrift=+2.709sigma uMRED=0.0064467661 uER=0.265625 uMAE=3.5625 WCE=40 bias=-0.3750
[quad_soft:09200] loss=0.017538 tau=5.64 collapse_w=0.400 mid_frac=0.009 hard=score=0.0133682151 wNMSE=0.0012184822 wMSE=25.6743 wMRED=0.14165314 wER=0.159288 wMAE=1.6287 wBias=0.2145 condBias=2.7092 dotDrift=+2.709sigma uMRED=0.0064467661 uER=0.265625 uMAE=3.5625 WCE=40 bias=-0.3750
[quad_soft:09400] loss=0.016462 tau=5.73 collapse_w=0.425 mid_frac=0.009 hard=score=0.0133682151 wNMSE=0.0012184822 wMSE=25.6743 wMRED=0.14165314 wER=0.159288 wMAE=1.6287 wBias=0.2145 condBias=2.7092 dotDrift=+2.709sigma uMRED=0.0064467661 uER=0.265625 uMAE=3.5625 WCE=40 bias=-0.3750
[quad_soft:09600] loss=0.015288 tau=5.82 collapse_w=0.450 mid_frac=0.009 hard=score=0.0133682151 wNMSE=0.0012184822 wMSE=25.6743 wMRED=0.14165314 wER=0.159288 wMAE=1.6287 wBias=0.2145 condBias=2.7092 dotDrift=+2.709sigma uMRED=0.0064467661 uER=0.265625 uMAE=3.5625 WCE=40 bias=-0.3750
[quad_soft:09800] loss=0.013995 tau=5.91 collapse_w=0.475 mid_frac=0.009 hard=score=0.0133682151 wNMSE=0.0012184822 wMSE=25.6743 wMRED=0.14165314 wER=0.159288 wMAE=1.6287 wBias=0.2145 condBias=2.7092 dotDrift=+2.709sigma uMRED=0.0064467661 uER=0.265625 uMAE=3.5625 WCE=40 bias=-0.3750
[quad_soft:09999] loss=0.012529 tau=6.00 collapse_w=0.500 mid_frac=0.009 hard=score=0.0133682151 wNMSE=0.0012184822 wMSE=25.6743 wMRED=0.14165314 wER=0.159288 wMAE=1.6287 wBias=0.2145 condBias=2.7092 dotDrift=+2.709sigma uMRED=0.0064467661 uER=0.265625 uMAE=3.5625 WCE=40 bias=-0.3750
[quad_hard_ste:00000] loss=0.024090 tau=6.00 collapse_w=0.500 mid_frac=0.009 hard=score=0.0133682151 wNMSE=0.0012184822 wMSE=25.6743 wMRED=0.14165314 wER=0.159288 wMAE=1.6287 wBias=0.2145 condBias=2.7092 dotDrift=+2.709sigma uMRED=0.0064467661 uER=0.265625 uMAE=3.5625 WCE=40 bias=-0.3750
[quad_hard_ste:00200] loss=5.176547 tau=6.00 collapse_w=0.500 mid_frac=0.018 hard=score=5.1370322998 wNMSE=0.013383208 wMSE=281.9941 wMRED=0.71780478 wER=0.178808 wMAE=5.6337 wBias=-5.1268 condBias=10.1075 dotDrift=-19.539sigma uMRED=0.0135707872 uER=0.273438 uMAE=4.7656 WCE=64 bias=-2.3750
[quad_hard_ste:00400] loss=5.175954 tau=6.00 collapse_w=0.500 mid_frac=0.018 hard=score=5.1370322998 wNMSE=0.013383208 wMSE=281.9941 wMRED=0.71780478 wER=0.178808 wMAE=5.6337 wBias=-5.1268 condBias=10.1075 dotDrift=-19.539sigma uMRED=0.0135707872 uER=0.273438 uMAE=4.7656 WCE=64 bias=-2.3750
[quad_hard_ste:00600] loss=0.024275 tau=6.00 collapse_w=0.500 mid_frac=0.009 hard=score=0.0133682151 wNMSE=0.0012184822 wMSE=25.6743 wMRED=0.14165314 wER=0.159288 wMAE=1.6287 wBias=0.2145 condBias=2.7092 dotDrift=+2.709sigma uMRED=0.0064467661 uER=0.265625 uMAE=3.5625 WCE=40 bias=-0.3750
[quad_hard_ste:00800] loss=0.023984 tau=6.00 collapse_w=0.500 mid_frac=0.018 hard=score=5.1370322998 wNMSE=0.013383208 wMSE=281.9941 wMRED=0.71780478 wER=0.178808 wMAE=5.6337 wBias=-5.1268 condBias=10.1075 dotDrift=-19.539sigma uMRED=0.0135707872 uER=0.273438 uMAE=4.7656 WCE=64 bias=-2.3750
[quad_hard_ste:01000] loss=5.175047 tau=6.00 collapse_w=0.500 mid_frac=0.018 hard=score=5.1370322998 wNMSE=0.013383208 wMSE=281.9941 wMRED=0.71780478 wER=0.178808 wMAE=5.6337 wBias=-5.1268 condBias=10.1075 dotDrift=-19.539sigma uMRED=0.0135707872 uER=0.273438 uMAE=4.7656 WCE=64 bias=-2.3750
[quad_hard_ste:01200] loss=0.023552 tau=6.00 collapse_w=0.500 mid_frac=0.018 hard=score=5.1370322998 wNMSE=0.013383208 wMSE=281.9941 wMRED=0.71780478 wER=0.178808 wMAE=5.6337 wBias=-5.1268 condBias=10.1075 dotDrift=-19.539sigma uMRED=0.0135707872 uER=0.273438 uMAE=4.7656 WCE=64 bias=-2.3750
[quad_hard_ste:01400] loss=0.023384 tau=6.00 collapse_w=0.500 mid_frac=0.009 hard=score=0.0133682151 wNMSE=0.0012184822 wMSE=25.6743 wMRED=0.14165314 wER=0.159288 wMAE=1.6287 wBias=0.2145 condBias=2.7092 dotDrift=+2.709sigma uMRED=0.0064467661 uER=0.265625 uMAE=3.5625 WCE=40 bias=-0.3750
[quad_hard_ste:01600] loss=5.174546 tau=6.00 collapse_w=0.500 mid_frac=0.009 hard=score=0.0133682151 wNMSE=0.0012184822 wMSE=25.6743 wMRED=0.14165314 wER=0.159288 wMAE=1.6287 wBias=0.2145 condBias=2.7092 dotDrift=+2.709sigma uMRED=0.0064467661 uER=0.265625 uMAE=3.5625 WCE=40 bias=-0.3750
[quad_hard_ste:01800] loss=0.023124 tau=6.00 collapse_w=0.500 mid_frac=0.009 hard=score=0.0133682151 wNMSE=0.0012184822 wMSE=25.6743 wMRED=0.14165314 wER=0.159288 wMAE=1.6287 wBias=0.2145 condBias=2.7092 dotDrift=+2.709sigma uMRED=0.0064467661 uER=0.265625 uMAE=3.5625 WCE=40 bias=-0.3750
[quad_hard_ste:02000] loss=0.023015 tau=6.00 collapse_w=0.500 mid_frac=0.009 hard=score=0.0133682151 wNMSE=0.0012184822 wMSE=25.6743 wMRED=0.14165314 wER=0.159288 wMAE=1.6287 wBias=0.2145 condBias=2.7092 dotDrift=+2.709sigma uMRED=0.0064467661 uER=0.265625 uMAE=3.5625 WCE=40 bias=-0.3750
[quad_hard_ste:02200] loss=5.174222 tau=6.00 collapse_w=0.500 mid_frac=0.018 hard=score=5.1370322998 wNMSE=0.013383208 wMSE=281.9941 wMRED=0.71780478 wER=0.178808 wMAE=5.6337 wBias=-5.1268 condBias=10.1075 dotDrift=-19.539sigma uMRED=0.0135707872 uER=0.273438 uMAE=4.7656 WCE=64 bias=-2.3750
[quad_hard_ste:02400] loss=5.174139 tau=6.00 collapse_w=0.500 mid_frac=0.018 hard=score=5.1370322998 wNMSE=0.013383208 wMSE=281.9941 wMRED=0.71780478 wER=0.178808 wMAE=5.6337 wBias=-5.1268 condBias=10.1075 dotDrift=-19.539sigma uMRED=0.0135707872 uER=0.273438 uMAE=4.7656 WCE=64 bias=-2.3750
[quad_hard_ste:02600] loss=0.022760 tau=6.00 collapse_w=0.500 mid_frac=0.009 hard=score=0.0133682151 wNMSE=0.0012184822 wMSE=25.6743 wMRED=0.14165314 wER=0.159288 wMAE=1.6287 wBias=0.2145 condBias=2.7092 dotDrift=+2.709sigma uMRED=0.0064467661 uER=0.265625 uMAE=3.5625 WCE=40 bias=-0.3750
[quad_hard_ste:02800] loss=5.173993 tau=6.00 collapse_w=0.500 mid_frac=0.018 hard=score=5.1370322998 wNMSE=0.013383208 wMSE=281.9941 wMRED=0.71780478 wER=0.178808 wMAE=5.6337 wBias=-5.1268 condBias=10.1075 dotDrift=-19.539sigma uMRED=0.0135707872 uER=0.273438 uMAE=4.7656 WCE=64 bias=-2.3750
[quad_hard_ste:03000] loss=5.173929 tau=6.00 collapse_w=0.500 mid_frac=0.018 hard=score=5.1370322998 wNMSE=0.013383208 wMSE=281.9941 wMRED=0.71780478 wER=0.178808 wMAE=5.6337 wBias=-5.1268 condBias=10.1075 dotDrift=-19.539sigma uMRED=0.0135707872 uER=0.273438 uMAE=4.7656 WCE=64 bias=-2.3750
[quad_hard_ste:03200] loss=5.173872 tau=6.00 collapse_w=0.500 mid_frac=0.009 hard=score=0.0133682151 wNMSE=0.0012184822 wMSE=25.6743 wMRED=0.14165314 wER=0.159288 wMAE=1.6287 wBias=0.2145 condBias=2.7092 dotDrift=+2.709sigma uMRED=0.0064467661 uER=0.265625 uMAE=3.5625 WCE=40 bias=-0.3750
[quad_hard_ste:03400] loss=0.022519 tau=6.00 collapse_w=0.500 mid_frac=0.018 hard=score=5.1370322998 wNMSE=0.013383208 wMSE=281.9941 wMRED=0.71780478 wER=0.178808 wMAE=5.6337 wBias=-5.1268 condBias=10.1075 dotDrift=-19.539sigma uMRED=0.0135707872 uER=0.273438 uMAE=4.7656 WCE=64 bias=-2.3750
[quad_hard_ste:03600] loss=0.022467 tau=6.00 collapse_w=0.500 mid_frac=0.009 hard=score=0.0133682151 wNMSE=0.0012184822 wMSE=25.6743 wMRED=0.14165314 wER=0.159288 wMAE=1.6287 wBias=0.2145 condBias=2.7092 dotDrift=+2.709sigma uMRED=0.0064467661 uER=0.265625 uMAE=3.5625 WCE=40 bias=-0.3750
[quad_hard_ste:03800] loss=0.022423 tau=6.00 collapse_w=0.500 mid_frac=0.009 hard=score=0.0133682151 wNMSE=0.0012184822 wMSE=25.6743 wMRED=0.14165314 wER=0.159288 wMAE=1.6287 wBias=0.2145 condBias=2.7092 dotDrift=+2.709sigma uMRED=0.0064467661 uER=0.265625 uMAE=3.5625 WCE=40 bias=-0.3750
[quad_hard_ste:03999] loss=5.173682 tau=6.00 collapse_w=0.500 mid_frac=0.009 hard=score=0.0133682151 wNMSE=0.0012184822 wMSE=25.6743 wMRED=0.14165314 wER=0.159288 wMAE=1.6287 wBias=0.2145 condBias=2.7092 dotDrift=+2.709sigma uMRED=0.0064467661 uER=0.265625 uMAE=3.5625 WCE=40 bias=-0.3750
[pop00_soft:00000] loss=18.100761 tau=1.50 collapse_w=0.000 mid_frac=0.330 hard=score=2105.1273949301 wNMSE=3.1472444 wMSE=66314.7788 wMRED=10.60018148 wER=0.416756 wMAE=134.1056 wBias=103.9109 condBias=185.5741 dotDrift=+25.825sigma uMRED=0.2093212501 uER=0.416016 uMAE=80.3398 WCE=778 bias=42.0625
[pop00_soft:00200] loss=2.743573 tau=2.25 collapse_w=0.000 mid_frac=0.295 hard=score=773.2918917412 wNMSE=1.4354889 wMSE=30246.8177 wMRED=8.41953891 wER=0.386940 wMAE=65.0728 wBias=-62.9633 condBias=106.2051 dotDrift=-23.170sigma uMRED=0.1892343829 uER=0.431641 uMAE=84.0488 WCE=717 bias=-69.8750
[pop00_soft:00400] loss=0.481274 tau=3.00 collapse_w=0.000 mid_frac=0.241 hard=score=3.3829704454 wNMSE=0.017787016 wMSE=374.7857 wMRED=0.42097361 wER=0.233303 wMAE=5.5939 wBias=-4.1404 condBias=10.3430 dotDrift=-13.688sigma uMRED=0.0451313876 uER=0.382812 uMAE=32.1172 WCE=340 bias=-19.8750
[pop00_soft:00600] loss=0.071814 tau=3.75 collapse_w=0.000 mid_frac=0.259 hard=score=1.6032289523 wNMSE=0.030366814 wMSE=639.8513 wMRED=0.99293045 wER=0.266533 wMAE=9.8760 wBias=2.8073 condBias=13.6184 dotDrift=+7.103sigma uMRED=0.0360490285 uER=0.373047 uMAE=19.0391 WCE=236 bias=-11.3750
[pop00_soft:00800] loss=0.043344 tau=4.50 collapse_w=0.084 mid_frac=0.134 hard=score=0.3861178737 wNMSE=0.0086000473 wMSE=181.2094 wMRED=0.28058556 wER=0.214027 wMAE=3.5199 wBias=-1.3499 condBias=7.1674 dotDrift=-6.418sigma uMRED=0.0294642069 uER=0.345703 uMAE=20.9062 WCE=296 bias=-16.6250
[pop00_soft:01000] loss=0.038972 tau=5.25 collapse_w=0.293 mid_frac=0.143 hard=score=0.3861178737 wNMSE=0.0086000473 wMSE=181.2094 wMRED=0.28058556 wER=0.214027 wMAE=3.5199 wBias=-1.3499 condBias=7.1674 dotDrift=-6.418sigma uMRED=0.0294642069 uER=0.345703 uMAE=20.9062 WCE=296 bias=-16.6250
[pop00_soft:01199] loss=0.031428 tau=6.00 collapse_w=0.500 mid_frac=0.134 hard=score=0.2017314664 wNMSE=0.0057313091 wMSE=120.7629 wMRED=0.27729306 wER=0.214027 wMAE=3.2838 wBias=-0.9470 condBias=5.9868 dotDrift=-5.515sigma uMRED=0.0232238768 uER=0.345703 uMAE=16.0938 WCE=296 bias=-8.6250
[pop00_hard:00000] loss=0.221929 tau=6.00 collapse_w=0.500 mid_frac=0.134 hard=score=0.2017314664 wNMSE=0.0057313091 wMSE=120.7629 wMRED=0.27729306 wER=0.214027 wMAE=3.2838 wBias=-0.9470 condBias=5.9868 dotDrift=-5.515sigma uMRED=0.0232238768 uER=0.345703 uMAE=16.0938 WCE=296 bias=-8.6250
[pop00_hard:00200] loss=0.217944 tau=6.00 collapse_w=0.500 mid_frac=0.134 hard=score=0.2017314664 wNMSE=0.0057313091 wMSE=120.7629 wMRED=0.27729306 wER=0.214027 wMAE=3.2838 wBias=-0.9470 condBias=5.9868 dotDrift=-5.515sigma uMRED=0.0232238768 uER=0.345703 uMAE=16.0938 WCE=296 bias=-8.6250
[pop00_hard:00400] loss=0.216607 tau=6.00 collapse_w=0.500 mid_frac=0.125 hard=score=0.2017314664 wNMSE=0.0057313091 wMSE=120.7629 wMRED=0.27729306 wER=0.214027 wMAE=3.2838 wBias=-0.9470 condBias=5.9868 dotDrift=-5.515sigma uMRED=0.0232238768 uER=0.345703 uMAE=16.0938 WCE=296 bias=-8.6250
[pop00_hard:00599] loss=0.061718 tau=6.00 collapse_w=0.500 mid_frac=0.098 hard=score=0.0513339729 wNMSE=0.0060376097 wMSE=127.2169 wMRED=0.22815158 wER=0.195788 wMAE=2.9088 wBias=-0.3481 condBias=6.1064 dotDrift=-1.975sigma uMRED=0.0250194489 uER=0.338867 uMAE=17.9062 WCE=296 bias=-6.1250
[pop00] done (conf=0.53, noise=0.5); global best score=0.0105595503 wNMSE=0.0030821182 wMSE=64.9425 wMRED=0.09732794 wER=0.097475 wMAE=1.8291 wBias=-0.0498 condBias=4.6378 dotDrift=-0.396sigma uMRED=0.0094153821 uER=0.214844 uMAE=5.5781 WCE=80 bias=-1.2500
[pop01_soft:00000] loss=21.981895 tau=1.50 collapse_w=0.000 mid_frac=0.411 hard=score=1547.6546986588 wNMSE=2.654985 wMSE=55942.5084 wMRED=8.09138730 wER=0.435820 wMAE=103.2396 wBias=89.0859 condBias=167.0363 dotDrift=+24.106sigma uMRED=0.1880972984 uER=0.430664 uMAE=88.9688 WCE=732 bias=34.0000
[pop01_soft:00200] loss=111.679390 tau=2.25 collapse_w=0.000 mid_frac=0.348 hard=score=632.7110741426 wNMSE=7.7337899 wMSE=162956.7016 wMRED=30.44676650 wER=0.436983 wMAE=136.1337 wBias=56.5016 condBias=190.9686 dotDrift=+8.958sigma uMRED=0.3511553136 uER=0.434570 uMAE=93.8149 WCE=3911 bias=-26.6250
[pop01_soft:00400] loss=5.304303 tau=3.00 collapse_w=0.000 mid_frac=0.321 hard=score=525.8162107218 wNMSE=6.6914373 wMSE=140993.5578 wMRED=19.66215684 wER=0.387511 wMAE=136.9761 wBias=51.4752 condBias=177.9252 dotDrift=+8.774sigma uMRED=0.2922765296 uER=0.434570 uMAE=103.5137 WCE=3840 bias=-46.5000
[pop01_soft:00600] loss=1.568944 tau=3.75 collapse_w=0.000 mid_frac=0.411 hard=score=95.5421240708 wNMSE=0.21857995 wMSE=4605.6419 wMRED=2.22429380 wER=0.265886 wMAE=23.1883 wBias=-22.1235 condBias=37.0239 dotDrift=-20.864sigma uMRED=0.0936986249 uER=0.409180 uMAE=52.2324 WCE=611 bias=-36.4375
[pop01_soft:00800] loss=0.687365 tau=4.50 collapse_w=0.084 mid_frac=0.384 hard=score=0.9875445950 wNMSE=0.086686536 wMSE=1826.5497 wMRED=0.94629657 wER=0.257786 wMAE=12.0358 wBias=2.0418 condBias=21.7121 dotDrift=+3.058sigma uMRED=0.0748574913 uER=0.391602 uMAE=49.9922 WCE=576 bias=14.5000
[pop01_soft:01000] loss=0.530852 tau=5.25 collapse_w=0.293 mid_frac=0.384 hard=score=3.5649039104 wNMSE=0.083697339 wMSE=1763.5651 wMRED=1.02302894 wER=0.251746 wMAE=12.6596 wBias=4.1855 condBias=20.5269 dotDrift=+6.379sigma uMRED=0.0712660449 uER=0.397461 uMAE=46.4766 WCE=432 bias=13.7500
[pop01_soft:01199] loss=0.258109 tau=6.00 collapse_w=0.500 mid_frac=0.366 hard=score=11.1858465701 wNMSE=0.03969141 wMSE=836.3275 wMRED=0.98375017 wER=0.251746 wMAE=10.8486 wBias=7.5546 condBias=16.2049 dotDrift=+16.719sigma uMRED=0.0582620852 uER=0.397461 uMAE=38.2891 WCE=384 bias=29.7500
[pop01_hard:00000] loss=11.249246 tau=6.00 collapse_w=0.500 mid_frac=0.366 hard=score=11.1858465701 wNMSE=0.03969141 wMSE=836.3275 wMRED=0.98375017 wER=0.251746 wMAE=10.8486 wBias=7.5546 condBias=16.2049 dotDrift=+16.719sigma uMRED=0.0582620852 uER=0.397461 uMAE=38.2891 WCE=384 bias=29.7500
[pop01_hard:00200] loss=3.142130 tau=6.00 collapse_w=0.500 mid_frac=0.357 hard=score=3.0735599839 wNMSE=0.080855065 wMSE=1703.6763 wMRED=1.02209208 wER=0.251746 wMAE=12.5427 wBias=3.8738 condBias=20.3112 dotDrift=+6.007sigma uMRED=0.0648755703 uER=0.397461 uMAE=40.4141 WCE=432 bias=-2.2500
[pop01_hard:00400] loss=0.231870 tau=6.00 collapse_w=0.500 mid_frac=0.366 hard=score=0.1577327007 wNMSE=0.080852285 wMSE=1703.6177 wMRED=0.83615271 wER=0.268278 wMAE=11.8440 wBias=-0.1082 condBias=20.1095 dotDrift=-0.168sigma uMRED=0.0777850524 uER=0.421875 uMAE=51.7188 WCE=432 bias=-28.0000
[pop01_hard:00599] loss=0.220176 tau=6.00 collapse_w=0.500 mid_frac=0.348 hard=score=0.1563244931 wNMSE=0.081320676 wMSE=1713.4871 wMRED=0.86691257 wER=0.268278 wMAE=11.9777 wBias=-0.0048 condBias=20.1490 dotDrift=-0.007sigma uMRED=0.0779753211 uER=0.421875 uMAE=51.7188 WCE=432 bias=-28.1250
[pop01] done (conf=0.51, noise=1.0); global best score=0.0105595503 wNMSE=0.0030821182 wMSE=64.9425 wMRED=0.09732794 wER=0.097475 wMAE=1.8291 wBias=-0.0498 condBias=4.6378 dotDrift=-0.396sigma uMRED=0.0094153821 uER=0.214844 uMAE=5.5781 WCE=80 bias=-1.2500
[pop02_soft:00000] loss=6.847166 tau=1.50 collapse_w=0.000 mid_frac=0.277 hard=score=20.7079595435 wNMSE=0.39612955 wMSE=8346.7441 wMRED=2.33454567 wER=0.429656 wMAE=33.6781 wBias=10.1493 condBias=49.1997 dotDrift=+7.110sigma uMRED=0.1464266836 uER=0.421875 uMAE=88.8281 WCE=752 bias=-18.0625
[pop02_soft:00200] loss=1.164166 tau=2.25 collapse_w=0.000 mid_frac=0.259 hard=score=6.3111212072 wNMSE=0.33838717 wMSE=7130.0692 wMRED=1.38136809 wER=0.379113 wMAE=21.0019 wBias=-5.4401 condBias=42.7931 dotDrift=-4.123sigma uMRED=0.1350840481 uER=0.424805 uMAE=87.8535 WCE=676 bias=-41.3125
[pop02_soft:00400] loss=0.191158 tau=3.00 collapse_w=0.000 mid_frac=0.241 hard=score=1.0334792260 wNMSE=0.047101731 wMSE=992.4685 wMRED=1.03081686 wER=0.286387 wMAE=11.5019 wBias=2.1823 condBias=17.1051 dotDrift=+4.433sigma uMRED=0.0546114056 uER=0.415039 uMAE=33.6562 WCE=392 bias=-21.2500
[pop02_soft:00600] loss=0.085779 tau=3.75 collapse_w=0.000 mid_frac=0.205 hard=score=2.8779956432 wNMSE=0.05722304 wMSE=1205.7320 wMRED=0.91742546 wER=0.224439 wMAE=10.9173 wBias=3.7655 condBias=18.9252 dotDrift=+6.940sigma uMRED=0.0643471669 uER=0.347656 uMAE=41.7656 WCE=384 bias=-3.6250
[pop02_soft:00800] loss=0.054615 tau=4.50 collapse_w=0.084 mid_frac=0.179 hard=score=5.6968111881 wNMSE=0.037308198 wMSE=786.1115 wMRED=0.78633191 wER=0.163341 wMAE=9.0898 wBias=5.3753 condBias=14.2679 dotDrift=+12.270sigma uMRED=0.0451271765 uER=0.307617 uMAE=27.5938 WCE=320 bias=-3.0000
[pop02_soft:01000] loss=0.042531 tau=5.25 collapse_w=0.293 mid_frac=0.089 hard=score=5.8995489095 wNMSE=0.041353136 wMSE=871.3413 wMRED=0.80244505 wER=0.177704 wMAE=9.6180 wBias=5.4687 condBias=14.9504 dotDrift=+11.857sigma uMRED=0.0552319215 uER=0.334961 uMAE=35.4688 WCE=320 bias=4.5000
[pop02_soft:01199] loss=0.033940 tau=6.00 collapse_w=0.500 mid_frac=0.089 hard=score=5.8995489095 wNMSE=0.041353136 wMSE=871.3413 wMRED=0.80244505 wER=0.177704 wMAE=9.6180 wBias=5.4687 condBias=14.9504 dotDrift=+11.857sigma uMRED=0.0552319215 uER=0.334961 uMAE=35.4688 WCE=320 bias=4.5000
[pop02_hard:00000] loss=5.942418 tau=6.00 collapse_w=0.500 mid_frac=0.089 hard=score=5.8995489095 wNMSE=0.041353136 wMSE=871.3413 wMRED=0.80244505 wER=0.177704 wMAE=9.6180 wBias=5.4687 condBias=14.9504 dotDrift=+11.857sigma uMRED=0.0552319215 uER=0.334961 uMAE=35.4688 WCE=320 bias=4.5000
[pop02_hard:00200] loss=6.798496 tau=6.00 collapse_w=0.500 mid_frac=0.089 hard=score=6.7607639736 wNMSE=0.037315736 wMSE=786.2703 wMRED=0.74308839 wER=0.177704 wMAE=9.0031 wBias=-5.8630 condBias=13.4435 dotDrift=-13.382sigma uMRED=0.0529115143 uER=0.334961 uMAE=34.3906 WCE=320 bias=-15.5000
[pop02_hard:00400] loss=6.796803 tau=6.00 collapse_w=0.500 mid_frac=0.080 hard=score=6.7607639736 wNMSE=0.037315736 wMSE=786.2703 wMRED=0.74308839 wER=0.177704 wMAE=9.0031 wBias=-5.8630 condBias=13.4435 dotDrift=-13.382sigma uMRED=0.0529115143 uER=0.334961 uMAE=34.3906 WCE=320 bias=-15.5000
[pop02_hard:00599] loss=3.974647 tau=6.00 collapse_w=0.500 mid_frac=0.062 hard=score=3.9411612375 wNMSE=0.045410365 wMSE=956.8301 wMRED=0.75235819 wER=0.177704 wMAE=9.4421 wBias=-4.4496 condBias=14.6099 dotDrift=-9.206sigma uMRED=0.0566610761 uER=0.334961 uMAE=36.9062 WCE=320 bias=3.5000
[pop02] done (conf=0.53, noise=0.5); global best score=0.0105595503 wNMSE=0.0030821182 wMSE=64.9425 wMRED=0.09732794 wER=0.097475 wMAE=1.8291 wBias=-0.0498 condBias=4.6378 dotDrift=-0.396sigma uMRED=0.0094153821 uER=0.214844 uMAE=5.5781 WCE=80 bias=-1.2500
[pop03_soft:00000] loss=30.293362 tau=1.50 collapse_w=0.000 mid_frac=0.366 hard=score=1906.5791984619 wNMSE=3.9810812 wMSE=83884.3389 wMRED=13.47690339 wER=0.435471 wMAE=153.9449 wBias=98.8566 condBias=163.7858 dotDrift=+21.845sigma uMRED=0.2440871940 uER=0.434570 uMAE=92.1328 WCE=837 bias=20.1875
[pop03_soft:00200] loss=143.012451 tau=2.25 collapse_w=0.000 mid_frac=0.321 hard=score=415.8172341735 wNMSE=2.1304227 wMSE=44889.5905 wMRED=9.88390312 wER=0.435471 wMAE=105.9958 wBias=46.0404 condBias=109.9623 dotDrift=+13.907sigma uMRED=0.2004925402 uER=0.434570 uMAE=85.1133 WCE=548 bias=-32.1250
[pop03_soft:00400] loss=3.951439 tau=3.00 collapse_w=0.000 mid_frac=0.268 hard=score=315.3274338887 wNMSE=0.68228738 wMSE=14376.3022 wMRED=5.11740481 wER=0.387186 wMAE=44.3745 wBias=-40.1917 condBias=74.3914 dotDrift=-21.453sigma uMRED=0.1766460623 uER=0.434570 uMAE=96.2598 WCE=824 bias=-76.5625
[pop03_soft:00600] loss=1.950472 tau=3.75 collapse_w=0.000 mid_frac=0.393 hard=score=89.2961474964 wNMSE=0.4509174 wMSE=9501.1648 wMRED=4.49668392 wER=0.363772 wMAE=36.6252 wBias=-21.3323 condBias=54.5725 dotDrift=-14.007sigma uMRED=0.1113818907 uER=0.431641 uMAE=54.0547 WCE=376 bias=13.2500
[pop03_soft:00800] loss=1.057267 tau=4.50 collapse_w=0.084 mid_frac=0.304 hard=score=33.0371049264 wNMSE=0.23842199 wMSE=5023.7285 wMRED=3.21143084 wER=0.357807 wMAE=29.0779 wBias=-12.9499 condBias=38.7565 dotDrift=-11.693sigma uMRED=0.0983856537 uER=0.419922 uMAE=55.1797 WCE=400 bias=28.7500
[pop03_soft:01000] loss=0.804682 tau=5.25 collapse_w=0.293 mid_frac=0.268 hard=score=33.0371049264 wNMSE=0.23842199 wMSE=5023.7285 wMRED=3.21143084 wER=0.357807 wMAE=29.0779 wBias=-12.9499 condBias=38.7565 dotDrift=-11.693sigma uMRED=0.0983856537 uER=0.419922 uMAE=55.1797 WCE=400 bias=28.7500
[pop03_soft:01199] loss=0.673303 tau=6.00 collapse_w=0.500 mid_frac=0.259 hard=score=33.0371049264 wNMSE=0.23842199 wMSE=5023.7285 wMRED=3.21143084 wER=0.357807 wMAE=29.0779 wBias=-12.9499 condBias=38.7565 dotDrift=-11.693sigma uMRED=0.0983856537 uER=0.419922 uMAE=55.1797 WCE=400 bias=28.7500
[pop03_hard:00000] loss=33.203331 tau=6.00 collapse_w=0.500 mid_frac=0.259 hard=score=33.0371049264 wNMSE=0.23842199 wMSE=5023.7285 wMRED=3.21143084 wER=0.357807 wMAE=29.0779 wBias=-12.9499 condBias=38.7565 dotDrift=-11.693sigma uMRED=0.0983856537 uER=0.419922 uMAE=55.1797 WCE=400 bias=28.7500
[pop03_hard:00200] loss=33.199955 tau=6.00 collapse_w=0.500 mid_frac=0.259 hard=score=33.0371049264 wNMSE=0.23842199 wMSE=5023.7285 wMRED=3.21143084 wER=0.357807 wMAE=29.0779 wBias=-12.9499 condBias=38.7565 dotDrift=-11.693sigma uMRED=0.0983856537 uER=0.419922 uMAE=55.1797 WCE=400 bias=28.7500
[pop03_hard:00400] loss=33.200195 tau=6.00 collapse_w=0.500 mid_frac=0.259 hard=score=33.0371049264 wNMSE=0.23842199 wMSE=5023.7285 wMRED=3.21143084 wER=0.357807 wMAE=29.0779 wBias=-12.9499 condBias=38.7565 dotDrift=-11.693sigma uMRED=0.0983856537 uER=0.419922 uMAE=55.1797 WCE=400 bias=28.7500
[pop03_hard:00599] loss=33.202465 tau=6.00 collapse_w=0.500 mid_frac=0.259 hard=score=33.0371049264 wNMSE=0.23842199 wMSE=5023.7285 wMRED=3.21143084 wER=0.357807 wMAE=29.0779 wBias=-12.9499 condBias=38.7565 dotDrift=-11.693sigma uMRED=0.0983856537 uER=0.419922 uMAE=55.1797 WCE=400 bias=28.7500
[pop03] done (conf=0.51, noise=1.0); global best score=0.0105595503 wNMSE=0.0030821182 wMSE=64.9425 wMRED=0.09732794 wER=0.097475 wMAE=1.8291 wBias=-0.0498 condBias=4.6378 dotDrift=-0.396sigma uMRED=0.0094153821 uER=0.214844 uMAE=5.5781 WCE=80 bias=-1.2500
[pop04_soft:00000] loss=19.433290 tau=1.50 collapse_w=0.000 mid_frac=0.393 hard=score=2288.6421325143 wNMSE=8.1469245 wMSE=171661.7539 wMRED=18.53288459 wER=0.437128 wMAE=201.3084 wBias=108.1821 condBias=206.6167 dotDrift=+16.711sigma uMRED=0.3054895091 uER=0.437500 uMAE=100.0469 WCE=1025 bias=34.6250
[pop04_soft:00200] loss=4.420793 tau=2.25 collapse_w=0.000 mid_frac=0.241 hard=score=1289.9219487638 wNMSE=2.5904215 wMSE=54582.1068 wMRED=11.04556916 wER=0.384176 wMAE=84.9827 wBias=-81.3081 condBias=143.7137 dotDrift=-22.274sigma uMRED=0.2222677742 uER=0.431641 uMAE=87.5957 WCE=937 bias=-79.1250
[pop04_soft:00400] loss=2.180353 tau=3.00 collapse_w=0.000 mid_frac=0.321 hard=score=430.3657165781 wNMSE=1.2357179 wMSE=26037.4943 wMRED=7.02956032 wER=0.297642 wMAE=56.1123 wBias=-46.9302 condBias=99.6953 dotDrift=-18.614sigma uMRED=0.1543892181 uER=0.427734 uMAE=67.8594 WCE=568 bias=-46.6250
[pop04_soft:00600] loss=0.177298 tau=3.75 collapse_w=0.000 mid_frac=0.259 hard=score=2.2880518416 wNMSE=0.04263961 wMSE=898.4483 wMRED=1.10406480 wER=0.297642 wMAE=12.3328 wBias=3.3551 condBias=16.9530 dotDrift=+7.164sigma uMRED=0.0613564105 uER=0.427734 uMAE=39.0469 WCE=392 bias=-20.5000
[pop04_soft:00800] loss=0.058618 tau=4.50 collapse_w=0.084 mid_frac=0.241 hard=score=3.6020030778 wNMSE=0.038704185 wMSE=815.5259 wMRED=1.01453336 wER=0.278248 wMAE=10.6357 wBias=4.2471 condBias=15.5782 dotDrift=+9.518sigma uMRED=0.0662079031 uER=0.416016 uMAE=45.2031 WCE=472 bias=-31.3750
[pop04_soft:01000] loss=0.049498 tau=5.25 collapse_w=0.293 mid_frac=0.223 hard=score=5.1989209416 wNMSE=0.034198177 wMSE=720.5810 wMRED=0.95265417 wER=0.266239 wMAE=10.1385 wBias=5.1321 condBias=14.7467 dotDrift=+12.236sigma uMRED=0.0540381857 uER=0.409180 uMAE=35.2344 WCE=328 bias=-14.6250
[pop04_soft:01199] loss=0.042563 tau=6.00 collapse_w=0.500 mid_frac=0.196 hard=score=3.9203654641 wNMSE=0.032948136 wMSE=694.2417 wMRED=0.91168534 wER=0.260301 wMAE=9.6447 wBias=4.4463 condBias=14.0138 dotDrift=+10.800sigma uMRED=0.0540308797 uER=0.406250 uMAE=35.7578 WCE=340 bias=-15.6250
[pop04_hard:00000] loss=3.977174 tau=6.00 collapse_w=0.500 mid_frac=0.196 hard=score=3.9203654641 wNMSE=0.032948136 wMSE=694.2417 wMRED=0.91168534 wER=0.260301 wMAE=9.6447 wBias=4.4463 condBias=14.0138 dotDrift=+10.800sigma uMRED=0.0540308797 uER=0.406250 uMAE=35.7578 WCE=340 bias=-15.6250
[pop04_hard:00200] loss=0.214581 tau=6.00 collapse_w=0.500 mid_frac=0.196 hard=score=0.1921476284 wNMSE=0.014610462 wMSE=307.8533 wMRED=0.26598408 wER=0.216254 wMAE=4.3467 wBias=-0.8748 condBias=9.0575 dotDrift=-3.191sigma uMRED=0.0449499996 uER=0.393555 uMAE=33.7656 WCE=340 bias=-17.6250
[pop04_hard:00400] loss=0.212978 tau=6.00 collapse_w=0.500 mid_frac=0.196 hard=score=3.9203654641 wNMSE=0.032948136 wMSE=694.2417 wMRED=0.91168534 wER=0.260301 wMAE=9.6447 wBias=4.4463 condBias=14.0138 dotDrift=+10.800sigma uMRED=0.0540308797 uER=0.406250 uMAE=35.7578 WCE=340 bias=-15.6250
[pop04_hard:00599] loss=3.972219 tau=6.00 collapse_w=0.500 mid_frac=0.196 hard=score=3.9203654641 wNMSE=0.032948136 wMSE=694.2417 wMRED=0.91168534 wER=0.260301 wMAE=9.6447 wBias=4.4463 condBias=14.0138 dotDrift=+10.800sigma uMRED=0.0540308797 uER=0.406250 uMAE=35.7578 WCE=340 bias=-15.6250
[pop04] done (conf=0.53, noise=0.5); global best score=0.0105595503 wNMSE=0.0030821182 wMSE=64.9425 wMRED=0.09732794 wER=0.097475 wMAE=1.8291 wBias=-0.0498 condBias=4.6378 dotDrift=-0.396sigma uMRED=0.0094153821 uER=0.214844 uMAE=5.5781 WCE=80 bias=-1.2500
[pop05_soft:00000] loss=51.574890 tau=1.50 collapse_w=0.000 mid_frac=0.455 hard=score=3410.4649620762 wNMSE=7.7203294 wMSE=162673.0788 wMRED=17.02713275 wER=0.436856 wMAE=197.6792 wBias=132.1672 condBias=262.5996 dotDrift=+20.972sigma uMRED=0.3051628762 uER=0.431641 uMAE=107.2266 WCE=1090 bias=72.8750
[pop05_soft:00200] loss=514.217590 tau=2.25 collapse_w=0.000 mid_frac=0.429 hard=score=1302.8944095479 wNMSE=5.5021343 wMSE=115934.0596 wMRED=15.54474790 wER=0.437128 wMAE=169.0273 wBias=81.5404 condBias=189.0113 dotDrift=+15.327sigma uMRED=0.2649132746 uER=0.437500 uMAE=90.0234 WCE=850 bias=-19.4375
[pop05_soft:00400] loss=23.727592 tau=3.00 collapse_w=0.000 mid_frac=0.348 hard=score=12.0237427728 wNMSE=4.6228851 wMSE=97407.6250 wMRED=17.00433374 wER=0.387511 wMAE=162.1246 wBias=4.7447 condBias=168.5026 dotDrift=+0.973sigma uMRED=0.3090159063 uER=0.434570 uMAE=113.8672 WCE=907 bias=-75.6250
[pop05_soft:00600] loss=4.502802 tau=3.75 collapse_w=0.000 mid_frac=0.411 hard=score=167.7498426020 wNMSE=2.4047506 wMSE=50669.8820 wMRED=11.58261214 wER=0.387511 wMAE=119.0870 wBias=28.9900 condBias=120.0193 dotDrift=+8.242sigma uMRED=0.2134984077 uER=0.434570 uMAE=81.0781 WCE=522 bias=-45.7500
[pop05_soft:00800] loss=2.496081 tau=4.50 collapse_w=0.084 mid_frac=0.438 hard=score=311.3959240267 wNMSE=0.59903828 wMSE=12622.1817 wMRED=5.53458563 wER=0.320701 wMAE=43.7294 wBias=-39.9511 condBias=67.3954 dotDrift=-22.758sigma uMRED=0.1221752996 uER=0.427734 uMAE=54.4883 WCE=576 bias=1.8750
[pop05_soft:01000] loss=2.077435 tau=5.25 collapse_w=0.293 mid_frac=0.429 hard=score=313.7806611912 wNMSE=0.60869085 wMSE=12825.5686 wMRED=5.54810463 wER=0.320701 wMAE=44.0461 wBias=-40.1032 condBias=67.8019 dotDrift=-22.663sigma uMRED=0.1209440611 uER=0.427734 uMAE=53.8945 WCE=576 bias=5.8750
[pop05_soft:01199] loss=1.735063 tau=6.00 collapse_w=0.500 mid_frac=0.429 hard=score=297.8504599726 wNMSE=0.62564123 wMSE=13182.7258 wMRED=5.64393083 wER=0.320946 wMAE=45.4707 wBias=-39.0667 condBias=68.6635 dotDrift=-21.776sigma uMRED=0.1319175492 uER=0.430664 uMAE=59.3672 WCE=576 bias=9.3750
[pop05_hard:00000] loss=298.136292 tau=6.00 collapse_w=0.500 mid_frac=0.429 hard=score=297.8504599726 wNMSE=0.62564123 wMSE=13182.7258 wMRED=5.64393083 wER=0.320946 wMAE=45.4707 wBias=-39.0667 condBias=68.6635 dotDrift=-21.776sigma uMRED=0.1319175492 uER=0.430664 uMAE=59.3672 WCE=576 bias=9.3750
[pop05_hard:00200] loss=170.229080 tau=6.00 collapse_w=0.500 mid_frac=0.420 hard=score=169.9250500240 wNMSE=0.64836504 wMSE=13661.5333 wMRED=6.01825338 wER=0.387186 wMAE=53.0383 wBias=-29.4563 condBias=69.0480 dotDrift=-16.129sigma uMRED=0.1351059519 uER=0.434570 uMAE=60.8125 WCE=576 bias=15.3750
[pop05_hard:00400] loss=146.448456 tau=6.00 collapse_w=0.500 mid_frac=0.411 hard=score=46.6900499967 wNMSE=0.25459002 wMSE=5364.4010 wMRED=2.96201367 wER=0.387186 wMAE=37.3337 wBias=15.4329 condBias=32.6384 dotDrift=+13.486sigma uMRED=0.1066249925 uER=0.434570 uMAE=59.8516 WCE=576 bias=39.3750
[pop05_hard:00599] loss=144.350632 tau=6.00 collapse_w=0.500 mid_frac=0.402 hard=score=144.0436107577 wNMSE=0.66787447 wMSE=14072.6116 wMRED=6.05517512 wER=0.387186 wMAE=54.3988 wBias=-27.1000 condBias=70.7042 dotDrift=-14.620sigma uMRED=0.1452614117 uER=0.434570 uMAE=66.0781 WCE=576 bias=23.8750
[pop05] done (conf=0.51, noise=1.0); global best score=0.0105595503 wNMSE=0.0030821182 wMSE=64.9425 wMRED=0.09732794 wER=0.097475 wMAE=1.8291 wBias=-0.0498 condBias=4.6378 dotDrift=-0.396sigma uMRED=0.0094153821 uER=0.214844 uMAE=5.5781 WCE=80 bias=-1.2500
[pop06_soft:00000] loss=12.648854 tau=1.50 collapse_w=0.000 mid_frac=0.402 hard=score=691.9222460063 wNMSE=0.93049211 wMSE=19606.1604 wMRED=5.73759864 wER=0.435364 wMAE=77.3611 wBias=59.5765 condBias=115.0834 dotDrift=+27.231sigma uMRED=0.1743831652 uER=0.427734 uMAE=87.6250 WCE=664 bias=32.8750
[pop06_soft:00200] loss=2.797460 tau=2.25 collapse_w=0.000 mid_frac=0.312 hard=score=18.4151513388 wNMSE=2.024808 wMSE=42664.2087 wMRED=8.46830551 wER=0.314971 wMAE=42.6048 wBias=-8.9501 condBias=71.0917 dotDrift=-2.773sigma uMRED=0.1684005350 uER=0.424805 uMAE=81.5820 WCE=3864 bias=-67.7500
[pop06_soft:00400] loss=1.236436 tau=3.00 collapse_w=0.000 mid_frac=0.366 hard=score=138.3163233096 wNMSE=0.25748212 wMSE=5425.3396 wMRED=3.79532745 wER=0.276222 wMAE=30.4161 wBias=-26.6274 condBias=45.8838 dotDrift=-23.136sigma uMRED=0.0973764996 uER=0.394531 uMAE=47.7188 WCE=384 bias=-2.8750
[pop06_soft:00600] loss=0.408804 tau=3.75 collapse_w=0.000 mid_frac=0.250 hard=score=5.0672369139 wNMSE=0.11025463 wMSE=2323.1470 wMRED=1.83187941 wER=0.261889 wMAE=20.4326 wBias=-5.0112 condBias=22.4435 dotDrift=-6.654sigma uMRED=0.0633992128 uER=0.385742 uMAE=35.5625 WCE=240 bias=8.7500
[pop06_soft:00800] loss=0.271131 tau=4.50 collapse_w=0.084 mid_frac=0.250 hard=score=3.7968703463 wNMSE=0.10973251 wMSE=2312.1456 wMRED=1.80615729 wER=0.262159 wMAE=20.1178 wBias=-4.3095 condBias=22.4161 dotDrift=-5.736sigma uMRED=0.0636322423 uER=0.400391 uMAE=36.1055 WCE=240 bias=11.1250
[pop06_soft:01000] loss=0.219539 tau=5.25 collapse_w=0.293 mid_frac=0.241 hard=score=3.5564992727 wNMSE=0.11329934 wMSE=2387.3012 wMRED=1.80756266 wER=0.262159 wMAE=20.2737 wBias=-4.1537 condBias=22.5253 dotDrift=-5.441sigma uMRED=0.0727579345 uER=0.400391 uMAE=44.1055 WCE=400 bias=19.1250
[pop06_soft:01199] loss=0.164904 tau=6.00 collapse_w=0.500 mid_frac=0.196 hard=score=3.8281128892 wNMSE=0.11288135 wMSE=2378.4940 wMRED=1.81063713 wER=0.262159 wMAE=20.3369 wBias=-4.3195 condBias=22.4100 dotDrift=-5.668sigma uMRED=0.0727283274 uER=0.400391 uMAE=44.0430 WCE=400 bias=18.6250
[pop06_hard:00000] loss=3.926301 tau=6.00 collapse_w=0.500 mid_frac=0.196 hard=score=3.8281128892 wNMSE=0.11288135 wMSE=2378.4940 wMRED=1.81063713 wER=0.262159 wMAE=20.3369 wBias=-4.3195 condBias=22.4100 dotDrift=-5.668sigma uMRED=0.0727283274 uER=0.400391 uMAE=44.0430 WCE=400 bias=18.6250
[pop06_hard:00200] loss=3.648411 tau=6.00 collapse_w=0.500 mid_frac=0.179 hard=score=3.5564992727 wNMSE=0.11329934 wMSE=2387.3012 wMRED=1.80756266 wER=0.262159 wMAE=20.2737 wBias=-4.1537 condBias=22.5253 dotDrift=-5.441sigma uMRED=0.0727579345 uER=0.400391 uMAE=44.1055 WCE=400 bias=19.1250
[pop06_hard:00400] loss=3.645862 tau=6.00 collapse_w=0.500 mid_frac=0.170 hard=score=3.5564992727 wNMSE=0.11329934 wMSE=2387.3012 wMRED=1.80756266 wER=0.262159 wMAE=20.2737 wBias=-4.1537 condBias=22.5253 dotDrift=-5.441sigma uMRED=0.0727579345 uER=0.400391 uMAE=44.1055 WCE=400 bias=19.1250
[pop06_hard:00599] loss=11.313038 tau=6.00 collapse_w=0.500 mid_frac=0.152 hard=score=11.2524959219 wNMSE=0.056943058 wMSE=1199.8325 wMRED=1.24037111 wER=0.255268 wMAE=12.2993 wBias=7.5679 condBias=16.9759 dotDrift=+13.983sigma uMRED=0.0594258645 uER=0.391602 uMAE=38.2148 WCE=400 bias=27.1250
[pop06] done (conf=0.53, noise=0.5); global best score=0.0105595503 wNMSE=0.0030821182 wMSE=64.9425 wMRED=0.09732794 wER=0.097475 wMAE=1.8291 wBias=-0.0498 condBias=4.6378 dotDrift=-0.396sigma uMRED=0.0094153821 uER=0.214844 uMAE=5.5781 WCE=80 bias=-1.2500
[pop07_soft:00000] loss=4.102223 tau=1.50 collapse_w=0.000 mid_frac=0.536 hard=score=6.7596047618 wNMSE=4.7061975 wMSE=99163.0786 wMRED=14.31241476 wER=0.437128 wMAE=71.1263 wBias=0.4980 condBias=121.4113 dotDrift=+0.101sigma uMRED=0.2087143856 uER=0.437500 uMAE=77.7656 WCE=3840 bias=43.1875
[pop07_soft:00200] loss=1.740288 tau=2.25 collapse_w=0.000 mid_frac=0.500 hard=score=54.2082695753 wNMSE=0.42939535 wMSE=9047.6792 wMRED=5.00855053 wER=0.436122 wMAE=48.4485 wBias=-16.5714 condBias=56.5777 dotDrift=-11.150sigma uMRED=0.1361267748 uER=0.436523 uMAE=68.7617 WCE=716 bias=18.7500
[pop07_soft:00400] loss=0.775328 tau=3.00 collapse_w=0.000 mid_frac=0.429 hard=score=10.6956865365 wNMSE=0.13606336 wMSE=2866.9562 wMRED=2.03401205 wER=0.364207 wMAE=23.2111 wBias=-7.3372 condBias=22.9389 dotDrift=-8.770sigma uMRED=0.0794157898 uER=0.431641 uMAE=46.7617 WCE=332 bias=17.3750
[pop07_soft:00600] loss=0.308846 tau=3.75 collapse_w=0.000 mid_frac=0.420 hard=score=4.6383789561 wNMSE=0.081777193 wMSE=1723.1062 wMRED=1.65303885 wER=0.287334 wMAE=17.1485 wBias=4.8053 condBias=18.0374 dotDrift=+7.409sigma uMRED=0.0672432425 uER=0.412109 uMAE=37.7031 WCE=306 bias=-4.0000
[pop07_soft:00800] loss=0.238720 tau=4.50 collapse_w=0.084 mid_frac=0.393 hard=score=6.6281675184 wNMSE=0.080740478 wMSE=1701.2619 wMRED=1.61241736 wER=0.273991 wMAE=16.5088 wBias=5.7735 condBias=17.8741 dotDrift=+8.958sigma uMRED=0.0654126085 uER=0.408203 uMAE=36.9844 WCE=274 bias=-1.3750
[pop07_soft:01000] loss=0.193434 tau=5.25 collapse_w=0.293 mid_frac=0.339 hard=score=8.9338616644 wNMSE=0.083193553 wMSE=1752.9500 wMRED=1.61698046 wER=0.256140 wMAE=16.2309 wBias=6.7203 condBias=18.6742 dotDrift=+10.273sigma uMRED=0.0647862014 uER=0.405273 uMAE=36.6523 WCE=266 bias=-0.3750
[pop07_soft:01199] loss=0.140485 tau=6.00 collapse_w=0.500 mid_frac=0.312 hard=score=5.0636598910 wNMSE=0.075070951 wMSE=1581.8007 wMRED=1.60008556 wER=0.256140 wMAE=15.5623 wBias=5.0358 condBias=16.1320 dotDrift=+8.103sigma uMRED=0.0581941507 uER=0.405273 uMAE=32.9727 WCE=266 bias=-8.3750
[pop07_hard:00000] loss=5.160986 tau=6.00 collapse_w=0.500 mid_frac=0.312 hard=score=5.0636598910 wNMSE=0.075070951 wMSE=1581.8007 wMRED=1.60008556 wER=0.256140 wMAE=15.5623 wBias=5.0358 condBias=16.1320 dotDrift=+8.103sigma uMRED=0.0581941507 uER=0.405273 uMAE=32.9727 WCE=266 bias=-8.3750
[pop07_hard:00200] loss=2.945586 tau=6.00 collapse_w=0.500 mid_frac=0.348 hard=score=2.8491820846 wNMSE=0.084245258 wMSE=1775.1102 wMRED=1.66104930 wER=0.284044 wMAE=16.5051 wBias=3.7232 condBias=17.7052 dotDrift=+5.656sigma uMRED=0.0695022638 uER=0.415039 uMAE=41.1562 WCE=418 bias=-25.1250
[pop07_hard:00400] loss=0.491548 tau=6.00 collapse_w=0.500 mid_frac=0.366 hard=score=0.3883914703 wNMSE=0.084474383 wMSE=1779.9380 wMRED=1.64520279 wER=0.297385 wMAE=17.3357 wBias=1.0941 condBias=16.6759 dotDrift=+1.660sigma uMRED=0.0736576966 uER=0.418945 uMAE=43.5859 WCE=426 bias=-32.5000
[pop07_hard:00599] loss=0.365094 tau=6.00 collapse_w=0.500 mid_frac=0.375 hard=score=1.6646861693 wNMSE=0.19598513 wMSE=4129.5524 wMRED=1.70047125 wER=0.297385 wMAE=20.4231 wBias=-2.6179 condBias=30.1006 dotDrift=-2.607sigma uMRED=0.1004092114 uER=0.418945 uMAE=59.8359 WCE=658 bias=-49.0000
[pop07] done (conf=0.51, noise=1.0); global best score=0.0105595503 wNMSE=0.0030821182 wMSE=64.9425 wMRED=0.09732794 wER=0.097475 wMAE=1.8291 wBias=-0.0498 condBias=4.6378 dotDrift=-0.396sigma uMRED=0.0094153821 uER=0.214844 uMAE=5.5781 WCE=80 bias=-1.2500
[pop08_soft:00000] loss=15.303841 tau=1.50 collapse_w=0.000 mid_frac=0.366 hard=score=274.1511917701 wNMSE=1.7019017 wMSE=35860.3333 wMRED=9.06002362 wER=0.436025 wMAE=74.3962 wBias=-37.3564 condBias=98.2129 dotDrift=-12.625sigma uMRED=0.1755581227 uER=0.433594 uMAE=67.0488 WCE=675 bias=-11.0000
[pop08_soft:00200] loss=2.831822 tau=2.25 collapse_w=0.000 mid_frac=0.339 hard=score=1236.6323515829 wNMSE=2.2660338 wMSE=47747.0158 wMRED=10.34121641 wER=0.320946 wMAE=80.0504 wBias=-79.6239 condBias=137.9325 dotDrift=-23.321sigma uMRED=0.2376872965 uER=0.430664 uMAE=103.9297 WCE=881 bias=-102.5000
[pop08_soft:00400] loss=1.851645 tau=3.00 collapse_w=0.000 mid_frac=0.304 hard=score=1077.1458440488 wNMSE=2.135872 wMSE=45004.4113 wMRED=10.06172358 wER=0.297539 wMAE=75.7066 wBias=-74.3036 condBias=129.3606 dotDrift=-22.416sigma uMRED=0.1963592808 uER=0.421875 uMAE=76.4531 WCE=856 bias=-68.6250
[pop08_soft:00600] loss=0.697213 tau=3.75 collapse_w=0.000 mid_frac=0.286 hard=score=7.3670377526 wNMSE=0.14920808 wMSE=3143.9252 wMRED=1.40196777 wER=0.320946 wMAE=19.8579 wBias=-6.0388 condBias=28.9269 dotDrift=-6.893sigma uMRED=0.1249973585 uER=0.430664 uMAE=83.3672 WCE=656 bias=-76.7500
[pop08_soft:00800] loss=0.150669 tau=4.50 collapse_w=0.084 mid_frac=0.268 hard=score=1.1077540506 wNMSE=0.061267041 wMSE=1290.9421 wMRED=1.30038183 wER=0.278643 wMAE=15.1488 wBias=2.2641 condBias=15.5803 dotDrift=+4.033sigma uMRED=0.0618832406 uER=0.403320 uMAE=35.5000 WCE=260 bias=4.8750
[pop08_soft:01000] loss=0.099874 tau=5.25 collapse_w=0.293 mid_frac=0.268 hard=score=1.3686911637 wNMSE=0.059323253 wMSE=1249.9850 wMRED=1.28790204 wER=0.278499 wMAE=14.7201 wBias=2.5454 condBias=15.3484 dotDrift=+4.608sigma uMRED=0.0576614746 uER=0.398438 uMAE=32.1016 WCE=260 bias=1.5000
[pop08_soft:01199] loss=0.070467 tau=6.00 collapse_w=0.500 mid_frac=0.259 hard=score=1.5835141640 wNMSE=0.031143657 wMSE=656.2200 wMRED=0.73668091 wER=0.278499 wMAE=9.9223 wBias=-2.7959 condBias=12.4982 dotDrift=-6.985sigma uMRED=0.0488762838 uER=0.398438 uMAE=30.1797 WCE=260 bias=-0.5000
[pop08_hard:00000] loss=1.636901 tau=6.00 collapse_w=0.500 mid_frac=0.259 hard=score=1.5835141640 wNMSE=0.031143657 wMSE=656.2200 wMRED=0.73668091 wER=0.278499 wMAE=9.9223 wBias=-2.7959 condBias=12.4982 dotDrift=-6.985sigma uMRED=0.0488762838 uER=0.398438 uMAE=30.1797 WCE=260 bias=-0.5000
[pop08_hard:00200] loss=1.099422 tau=6.00 collapse_w=0.500 mid_frac=0.241 hard=score=1.0499327121 wNMSE=0.029937656 wMSE=630.8087 wMRED=0.73210983 wER=0.278499 wMAE=9.8797 wBias=-2.2575 condBias=11.1792 dotDrift=-5.753sigma uMRED=0.0477243583 uER=0.398438 uMAE=29.8203 WCE=260 bias=1.5000
[pop08_hard:00400] loss=0.174363 tau=6.00 collapse_w=0.500 mid_frac=0.223 hard=score=0.1334766732 wNMSE=0.027322382 wMSE=575.7029 wMRED=0.56154874 wER=0.259752 wMAE=8.2506 wBias=0.6274 condBias=11.9616 dotDrift=+1.673sigma uMRED=0.0462304577 uER=0.389648 uMAE=29.5078 WCE=256 bias=2.7500
[pop08_hard:00599] loss=0.910705 tau=6.00 collapse_w=0.500 mid_frac=0.232 hard=score=0.8624604337 wNMSE=0.029884682 wMSE=629.6925 wMRED=0.73286637 wER=0.278499 wMAE=9.9112 wBias=-2.0332 condBias=11.0713 dotDrift=-5.186sigma uMRED=0.0477694486 uER=0.398438 uMAE=29.8672 WCE=256 bias=1.7500
[pop08] done (conf=0.53, noise=0.5); global best score=0.0105595503 wNMSE=0.0030821182 wMSE=64.9425 wMRED=0.09732794 wER=0.097475 wMAE=1.8291 wBias=-0.0498 condBias=4.6378 dotDrift=-0.396sigma uMRED=0.0094153821 uER=0.214844 uMAE=5.5781 WCE=80 bias=-1.2500
[pop09_soft:00000] loss=11.643486 tau=1.50 collapse_w=0.000 mid_frac=0.491 hard=score=266.4864215538 wNMSE=1.7946586 wMSE=37814.7908 wMRED=9.44894047 wER=0.437128 wMAE=103.0406 wBias=36.8163 condBias=104.0696 dotDrift=+12.117sigma uMRED=0.2201468602 uER=0.437500 uMAE=97.7852 WCE=637 bias=17.9375
[pop09_soft:00200] loss=3.039078 tau=2.25 collapse_w=0.000 mid_frac=0.438 hard=score=5.6682787430 wNMSE=2.5994069 wMSE=54771.4363 wMRED=12.03932924 wER=0.436416 wMAE=115.3166 wBias=2.8847 condBias=119.7781 dotDrift=+0.789sigma uMRED=0.2296180810 uER=0.431641 uMAE=87.2461 WCE=677 bias=-21.8125
[pop09_soft:00400] loss=1.569216 tau=3.00 collapse_w=0.000 mid_frac=0.420 hard=score=1.0208486532 wNMSE=0.32047722 wMSE=6752.6933 wMRED=4.25111158 wER=0.363416 wMAE=40.2938 wBias=-1.6545 condBias=37.7561 dotDrift=-1.289sigma uMRED=0.0931455772 uER=0.424805 uMAE=44.0703 WCE=392 bias=-4.1250
[pop09_soft:00600] loss=1.055260 tau=3.75 collapse_w=0.000 mid_frac=0.402 hard=score=2.8635391177 wNMSE=0.30718708 wMSE=6472.6602 wMRED=4.28061194 wER=0.354173 wMAE=41.2676 wBias=3.5220 condBias=33.9854 dotDrift=+2.802sigma uMRED=0.0929826341 uER=0.425781 uMAE=42.9844 WCE=400 bias=7.0000
[pop09_soft:00800] loss=0.850382 tau=4.50 collapse_w=0.084 mid_frac=0.357 hard=score=3.8003787898 wNMSE=0.30798637 wMSE=6489.5017 wMRED=4.28544498 wER=0.354173 wMAE=41.5254 wBias=4.1505 condBias=33.7934 dotDrift=+3.297sigma uMRED=0.0938064563 uER=0.425781 uMAE=43.4844 WCE=400 bias=8.2500
[pop09_soft:01000] loss=0.725973 tau=5.25 collapse_w=0.293 mid_frac=0.321 hard=score=5.7747308956 wNMSE=0.3140508 wMSE=6617.2837 wMRED=4.30628689 wER=0.351275 wMAE=42.2337 wBias=5.2286 condBias=34.2216 dotDrift=+4.114sigma uMRED=0.0995285149 uER=0.419922 uMAE=48.0312 WCE=400 bias=27.0000
[pop09_soft:01199] loss=0.603836 tau=6.00 collapse_w=0.500 mid_frac=0.321 hard=score=5.7747308956 wNMSE=0.3140508 wMSE=6617.2837 wMRED=4.30628689 wER=0.351275 wMAE=42.2337 wBias=5.2286 condBias=34.2216 dotDrift=+4.114sigma uMRED=0.0995285149 uER=0.419922 uMAE=48.0312 WCE=400 bias=27.0000
[pop09_hard:00000] loss=5.997354 tau=6.00 collapse_w=0.500 mid_frac=0.321 hard=score=5.7747308956 wNMSE=0.3140508 wMSE=6617.2837 wMRED=4.30628689 wER=0.351275 wMAE=42.2337 wBias=5.2286 condBias=34.2216 dotDrift=+4.114sigma uMRED=0.0995285149 uER=0.419922 uMAE=48.0312 WCE=400 bias=27.0000
[pop09_hard:00200] loss=5.346316 tau=6.00 collapse_w=0.500 mid_frac=0.321 hard=score=5.1213501237 wNMSE=0.31289489 wMSE=6592.9279 wMRED=4.30594309 wER=0.351275 wMAE=42.1861 wBias=4.8969 condBias=34.2311 dotDrift=+3.860sigma uMRED=0.0976576440 uER=0.419922 uMAE=45.9531 WCE=400 bias=11.0000
[pop09_hard:00400] loss=36.895557 tau=6.00 collapse_w=0.500 mid_frac=0.295 hard=score=36.7429014625 wNMSE=0.21251395 wMSE=4477.8268 wMRED=2.96857855 wER=0.253512 wMAE=25.5192 wBias=-13.6734 condBias=38.4733 dotDrift=-13.077sigma uMRED=0.0843337306 uER=0.412109 uMAE=45.1406 WCE=400 bias=23.0000
[pop09_hard:00599] loss=36.895279 tau=6.00 collapse_w=0.500 mid_frac=0.295 hard=score=36.7429014625 wNMSE=0.21251395 wMSE=4477.8268 wMRED=2.96857855 wER=0.253512 wMAE=25.5192 wBias=-13.6734 condBias=38.4733 dotDrift=-13.077sigma uMRED=0.0843337306 uER=0.412109 uMAE=45.1406 WCE=400 bias=23.0000
[pop09] done (conf=0.51, noise=1.0); global best score=0.0105595503 wNMSE=0.0030821182 wMSE=64.9425 wMRED=0.09732794 wER=0.097475 wMAE=1.8291 wBias=-0.0498 condBias=4.6378 dotDrift=-0.396sigma uMRED=0.0094153821 uER=0.214844 uMAE=5.5781 WCE=80 bias=-1.2500
[pop10_soft:00000] loss=10.805634 tau=1.50 collapse_w=0.000 mid_frac=0.420 hard=score=17.7880350483 wNMSE=2.2908101 wMSE=48269.0706 wMRED=8.41865756 wER=0.381264 wMAE=48.6779 wBias=8.6256 condBias=73.4925 dotDrift=+2.513sigma uMRED=0.1709242787 uER=0.431641 uMAE=78.4688 WCE=3904 bias=34.2500
[pop10_soft:00200] loss=2.267723 tau=2.25 collapse_w=0.000 mid_frac=0.357 hard=score=129.9030256031 wNMSE=0.19408752 wMSE=4089.5683 wMRED=3.10677858 wER=0.320642 wMAE=26.2313 wBias=-25.8132 condBias=40.9723 dotDrift=-25.833sigma uMRED=0.0982041302 uER=0.426758 uMAE=53.5391 WCE=560 bias=-49.8125
[pop10_soft:00400] loss=0.855567 tau=3.00 collapse_w=0.000 mid_frac=0.321 hard=score=1.6862110093 wNMSE=0.028001542 wMSE=590.0133 wMRED=0.35855983 wER=0.217196 wMAE=6.4207 wBias=-2.8979 condBias=8.7123 dotDrift=-7.635sigma uMRED=0.0476814336 uER=0.392578 uMAE=35.4844 WCE=300 bias=-18.8750
[pop10_soft:00600] loss=0.104205 tau=3.75 collapse_w=0.000 mid_frac=0.312 hard=score=2.2909303445 wNMSE=0.027490474 wMSE=579.2447 wMRED=0.37297298 wER=0.218262 wMAE=6.8718 wBias=-3.3912 condBias=10.3494 dotDrift=-9.018sigma uMRED=0.0496109022 uER=0.399414 uMAE=35.8594 WCE=284 bias=-23.8750
[pop10_soft:00800] loss=0.051118 tau=4.50 collapse_w=0.084 mid_frac=0.268 hard=score=0.0496122826 wNMSE=0.018457116 wMSE=388.9052 wMRED=0.31774862 wER=0.230925 wMAE=5.3293 wBias=-0.2231 condBias=7.2436 dotDrift=-0.724sigma uMRED=0.0396567675 uER=0.375977 uMAE=29.3438 WCE=260 bias=-14.8750
[pop10_soft:01000] loss=0.043208 tau=5.25 collapse_w=0.293 mid_frac=0.196 hard=score=0.7334694380 wNMSE=0.01372041 wMSE=289.0992 wMRED=0.26593955 wER=0.214644 wMAE=4.1897 wBias=-1.8894 condBias=9.9670 dotDrift=-7.112sigma uMRED=0.0331376597 uER=0.362305 uMAE=23.8906 WCE=264 bias=-18.8750
[pop10_soft:01199] loss=0.036368 tau=6.00 collapse_w=0.500 mid_frac=0.170 hard=score=0.2421039471 wNMSE=0.0076432549 wMSE=161.0491 wMRED=0.25055571 wER=0.214644 wMAE=3.4519 wBias=-1.0503 condBias=6.2431 dotDrift=-5.297sigma uMRED=0.0277706970 uER=0.362305 uMAE=20.4531 WCE=264 bias=-14.8750
[pop10_hard:00000] loss=0.266021 tau=6.00 collapse_w=0.500 mid_frac=0.170 hard=score=0.2421039471 wNMSE=0.0076432549 wMSE=161.0491 wMRED=0.25055571 wER=0.214644 wMAE=3.4519 wBias=-1.0503 condBias=6.2431 dotDrift=-5.297sigma uMRED=0.0277706970 uER=0.362305 uMAE=20.4531 WCE=264 bias=-14.8750
[pop10_hard:00200] loss=0.262316 tau=6.00 collapse_w=0.500 mid_frac=0.170 hard=score=0.2421039471 wNMSE=0.0076432549 wMSE=161.0491 wMRED=0.25055571 wER=0.214644 wMAE=3.4519 wBias=-1.0503 condBias=6.2431 dotDrift=-5.297sigma uMRED=0.0277706970 uER=0.362305 uMAE=20.4531 WCE=264 bias=-14.8750
[pop10_hard:00400] loss=0.142695 tau=6.00 collapse_w=0.500 mid_frac=0.161 hard=score=0.2203450678 wNMSE=0.014628318 wMSE=308.2295 wMRED=0.25590178 wER=0.214644 wMAE=3.8424 wBias=0.9660 condBias=9.0370 dotDrift=+3.521sigma uMRED=0.0322787446 uER=0.362305 uMAE=23.1406 WCE=264 bias=-5.8750
[pop10_hard:00599] loss=0.237645 tau=6.00 collapse_w=0.500 mid_frac=0.161 hard=score=0.2203450678 wNMSE=0.014628318 wMSE=308.2295 wMRED=0.25590178 wER=0.214644 wMAE=3.8424 wBias=0.9660 condBias=9.0370 dotDrift=+3.521sigma uMRED=0.0322787446 uER=0.362305 uMAE=23.1406 WCE=264 bias=-5.8750
[pop10] done (conf=0.53, noise=0.5); global best score=0.0105595503 wNMSE=0.0030821182 wMSE=64.9425 wMRED=0.09732794 wER=0.097475 wMAE=1.8291 wBias=-0.0498 condBias=4.6378 dotDrift=-0.396sigma uMRED=0.0094153821 uER=0.214844 uMAE=5.5781 WCE=80 bias=-1.2500
[pop11_soft:00000] loss=4.739942 tau=1.50 collapse_w=0.000 mid_frac=0.411 hard=score=13.8826748244 wNMSE=2.2224576 wMSE=46828.8339 wMRED=11.88169766 wER=0.435302 wMAE=111.7655 wBias=-7.2405 condBias=121.0398 dotDrift=-2.141sigma uMRED=0.2482897827 uER=0.431641 uMAE=99.3105 WCE=711 bias=26.1250
[pop11_soft:00200] loss=2.570408 tau=2.25 collapse_w=0.000 mid_frac=0.375 hard=score=562.5907909898 wNMSE=1.6697706 wMSE=35183.3074 wMRED=8.40743563 wER=0.289548 wMAE=67.3894 wBias=-53.6565 condBias=105.1871 dotDrift=-18.308sigma uMRED=0.2070364868 uER=0.416016 uMAE=91.1270 WCE=720 bias=18.5625
[pop11_soft:00400] loss=1.431843 tau=3.00 collapse_w=0.000 mid_frac=0.339 hard=score=23.7214211074 wNMSE=0.11943959 wMSE=2516.6810 wMRED=1.51212395 wER=0.238402 wMAE=16.7687 wBias=-10.9966 condBias=22.2937 dotDrift=-14.029sigma uMRED=0.0869092468 uER=0.389648 uMAE=56.5078 WCE=528 bias=19.8750
[pop11_soft:00600] loss=0.688561 tau=3.75 collapse_w=0.000 mid_frac=0.312 hard=score=8.4505593339 wNMSE=0.041689697 wMSE=878.4329 wMRED=0.92135648 wER=0.239358 wMAE=11.0096 wBias=6.5569 condBias=16.5160 dotDrift=+14.159sigma uMRED=0.0551010499 uER=0.392578 uMAE=34.4531 WCE=384 bias=-5.8750
[pop11_soft:00800] loss=0.274166 tau=4.50 collapse_w=0.084 mid_frac=0.357 hard=score=15.3952933473 wNMSE=0.067754992 wMSE=1427.6480 wMRED=0.97597835 wER=0.293350 wMAE=12.2094 wBias=-8.8621 condBias=18.5630 dotDrift=-15.011sigma uMRED=0.0692110084 uER=0.420898 uMAE=45.8984 WCE=400 bias=-34.8750
[pop11_soft:01000] loss=0.079639 tau=5.25 collapse_w=0.293 mid_frac=0.330 hard=score=7.2924332202 wNMSE=0.037603214 wMSE=792.3277 wMRED=0.91767884 wER=0.278173 wMAE=10.5063 wBias=6.0886 condBias=15.4837 dotDrift=+13.843sigma uMRED=0.0579038135 uER=0.412109 uMAE=38.9844 WCE=400 bias=-12.6250
[pop11_soft:01199] loss=0.058756 tau=6.00 collapse_w=0.500 mid_frac=0.321 hard=score=7.2924332202 wNMSE=0.037603214 wMSE=792.3277 wMRED=0.91767884 wER=0.278173 wMAE=10.5063 wBias=6.0886 condBias=15.4837 dotDrift=+13.843sigma uMRED=0.0579038135 uER=0.412109 uMAE=38.9844 WCE=400 bias=-12.6250
[pop11_hard:00000] loss=7.347730 tau=6.00 collapse_w=0.500 mid_frac=0.321 hard=score=7.2924332202 wNMSE=0.037603214 wMSE=792.3277 wMRED=0.91767884 wER=0.278173 wMAE=10.5063 wBias=6.0886 condBias=15.4837 dotDrift=+13.843sigma uMRED=0.0579038135 uER=0.412109 uMAE=38.9844 WCE=400 bias=-12.6250
[pop11_hard:00200] loss=1.634457 tau=6.00 collapse_w=0.500 mid_frac=0.339 hard=score=1.5764501344 wNMSE=0.067688216 wMSE=1426.2410 wMRED=0.94877149 wER=0.278173 wMAE=11.7444 wBias=2.7195 condBias=20.8094 dotDrift=+4.609sigma uMRED=0.0674607322 uER=0.412109 uMAE=44.3594 WCE=400 bias=-28.6250
[pop11_hard:00400] loss=12.382669 tau=6.00 collapse_w=0.500 mid_frac=0.339 hard=score=12.3262681651 wNMSE=0.06447293 wMSE=1358.4926 wMRED=0.91330186 wER=0.278173 wMAE=11.2527 wBias=-7.9227 condBias=17.9694 dotDrift=-13.757sigma uMRED=0.0646625654 uER=0.412109 uMAE=43.6016 WCE=400 bias=-32.6250
[pop11_hard:00599] loss=1.633881 tau=6.00 collapse_w=0.500 mid_frac=0.339 hard=score=1.5764501344 wNMSE=0.067688216 wMSE=1426.2410 wMRED=0.94877149 wER=0.278173 wMAE=11.7444 wBias=2.7195 condBias=20.8094 dotDrift=+4.609sigma uMRED=0.0674607322 uER=0.412109 uMAE=44.3594 WCE=400 bias=-28.6250
[pop11] done (conf=0.51, noise=1.0); global best score=0.0105595503 wNMSE=0.0030821182 wMSE=64.9425 wMRED=0.09732794 wER=0.097475 wMAE=1.8291 wBias=-0.0498 condBias=4.6378 dotDrift=-0.396sigma uMRED=0.0094153821 uER=0.214844 uMAE=5.5781 WCE=80 bias=-1.2500
[best] stage=quad_soft score=0.0105595503 wNMSE=0.0030821182 wMSE=64.9425 wMRED=0.09732794 wER=0.097475 wMAE=1.8291 wBias=-0.0498 condBias=4.6378 dotDrift=-0.396sigma uMRED=0.0094153821 uER=0.214844 uMAE=5.5781 WCE=80 bias=-1.2500
[best-json] /home/xuanqi/tony/work/FPGA/signed8x8_approx/signed8x8_2026_8_22/runs_module_groups/G5_down/balanced_split/rand301/best_signed88_inits.json
[best-rtl] /home/xuanqi/tony/work/FPGA/signed8x8_approx/signed8x8_2026_8_22/runs_module_groups/G5_down/balanced_split/rand301/best_rtl
[design] balanced_split search_bits=112
[start] score=0.0105595503 wNMSE=0.0030821182 wMSE=64.9425 wMRED=0.09732794 wER=0.097475 wMAE=1.8291 wBias=-0.0498 condBias=4.6378 dotDrift=-0.396sigma uMRED=0.0094153821 uER=0.214844 uMAE=5.5781 WCE=80 bias=-1.2500
[single] ACCEPT ['lo_lut23:15'] 0.0105595503->0.0099735102 wNMSE=0.0030282551 wBias=-0.00851
[single] ACCEPT ['lo_lut45:19'] 0.0099735102->0.0099616500 wNMSE=0.0030316319 wBias=+0.00127
[single] round=3 no improvement
[pair] ACCEPT ['lo_lut45:39', 'mid_lut23:51'] 0.0099616500->0.0075056697 wNMSE=0.002254009 wBias=-0.03231
[pair] ACCEPT ['mid_lut01:63', 'lo_lut23:63'] 0.0075056697->0.0068694069 wNMSE=0.0020715541 wBias=+0.01267
[pair] ACCEPT ['lo_lut23:51', 'lo_lut01:27'] 0.0068694069->0.0066642188 wNMSE=0.0019329554 wBias=-0.01456
[pair] ACCEPT ['lo_lut01:63', 'lo_lut01:59'] 0.0066642188->0.0065329040 wNMSE=0.0018826454 wBias=+0.00075
[final] score=0.0065329040 wNMSE=0.0018826454 wMSE=39.6687 wMRED=0.13708397 wER=0.188146 wMAE=1.9279 wBias=0.0008 condBias=2.6834 dotDrift=+0.008sigma uMRED=0.0082780848 uER=0.298828 uMAE=4.9961 WCE=64 bias=-0.5625
[json] /home/xuanqi/tony/work/FPGA/signed8x8_approx/signed8x8_2026_8_22/runs_module_groups/G5_down/balanced_split/rand301/refined/best_signed88_inits.json
