[design] default_split quad4 entries=168
[device] cuda
[initial] score=212.0470148163 wNMSE=11.67823 wMSE=752315.0251 wMRED=33.77574476 wER=0.581866 wMAE=487.1879 wBias=-54.8458 condBias=496.3899 dotDrift=-4.047sigma uMRED=1.1230546597 uER=0.575928 uMAE=384.6084 WCE=3216 bias=-5.3125
[quad_warmup_bit:00000] loss=5.183732 tau=1.50 collapse_w=0.000 mid_frac=0.482 hard=score=224.9833123998 wNMSE=11.656639 wMSE=750924.1294 wMRED=33.68831239 wER=0.581866 wMAE=485.8189 wBias=-56.6800 condBias=495.0190 dotDrift=-4.186sigma uMRED=1.1212699912 uER=0.575928 uMAE=384.2930 WCE=3216 bias=-5.8125
[quad_warmup_bit:00200] loss=0.635555 tau=1.50 collapse_w=0.000 mid_frac=0.482 hard=score=1531.6479840156 wNMSE=9.8223757 wMSE=632760.3716 wMRED=30.04139152 wER=0.571582 wMAE=398.2403 wBias=-154.3782 condBias=432.0085 dotDrift=-12.421sigma uMRED=0.9014731415 uER=0.575195 uMAE=315.9844 WCE=3160 bias=-157.8750
[quad_warmup_bit:00400] loss=0.577345 tau=1.50 collapse_w=0.000 mid_frac=0.476 hard=score=1409.4693879977 wNMSE=9.0941483 wMSE=585847.7409 wMRED=28.64804635 wER=0.534183 wMAE=384.2625 wBias=-148.0911 condBias=415.0399 dotDrift=-12.383sigma uMRED=0.8746436814 uER=0.567139 uMAE=313.7871 WCE=3044 bias=-146.0000
[quad_warmup_bit:00600] loss=0.521541 tau=1.50 collapse_w=0.000 mid_frac=0.464 hard=score=2020.4431732384 wNMSE=9.5282005 wMSE=613809.5169 wMRED=28.02148482 wER=0.469598 wMAE=376.5113 wBias=-177.5636 condBias=419.3059 dotDrift=-14.505sigma uMRED=0.9473676884 uER=0.537842 uMAE=331.3613 WCE=3276 bias=-237.6250
[quad_warmup_bit:00800] loss=0.469881 tau=1.50 collapse_w=0.000 mid_frac=0.411 hard=score=2442.9081365264 wNMSE=8.379191 wMSE=539789.9827 wMRED=24.07494134 wER=0.441547 wMAE=324.1686 wBias=-195.4445 condBias=379.7201 dotDrift=-17.025sigma uMRED=0.8671474267 uER=0.522461 uMAE=316.4902 WCE=3316 bias=-235.6250
[quad_warmup_bit:00825] loss=0.463794 tau=1.50 collapse_w=0.000 mid_frac=0.417 hard=score=8.7916298769 wNMSE=2.090506 wMSE=134671.0214 wMRED=6.35645005 wER=0.401439 wMAE=132.8285 wBias=9.2167 condBias=160.0120 dotDrift=+1.607sigma uMRED=0.4982419700 uER=0.499023 uMAE=257.4570 WCE=3316 bias=-169.6250 *BEST*
[quad_warmup_bit:01000] loss=0.423320 tau=1.50 collapse_w=0.000 mid_frac=0.375 hard=score=70.0660505260 wNMSE=0.54591323 wMSE=35167.8931 wMRED=5.36825425 wER=0.385376 wMAE=87.9483 wBias=32.9154 condBias=104.9409 dotDrift=+11.233sigma uMRED=0.2784712790 uER=0.471436 uMAE=150.7910 WCE=1472 bias=-92.8750
[quad_warmup_bit:01200] loss=0.381430 tau=1.50 collapse_w=0.000 mid_frac=0.315 hard=score=186.0999772371 wNMSE=0.47318667 wMSE=30482.8266 wMRED=4.40706820 wER=0.325001 wMAE=73.3693 wBias=53.9616 condBias=110.9131 dotDrift=+19.781sigma uMRED=0.2093540888 uER=0.410889 uMAE=105.6582 WCE=1216 bias=-48.3750
[quad_warmup_bit:01275] loss=0.366823 tau=1.50 collapse_w=0.000 mid_frac=0.286 hard=score=3.7571229490 wNMSE=0.15119603 wMSE=9740.0934 wMRED=0.99497512 wER=0.277157 wMAE=32.8562 wBias=-7.3633 condBias=51.4699 dotDrift=-4.775sigma uMRED=0.1518031085 uER=0.403076 uMAE=97.9863 WCE=1216 bias=-64.3750 *BEST*
[quad_warmup_bit:01400] loss=0.343436 tau=1.50 collapse_w=0.000 mid_frac=0.280 hard=score=181.0183439271 wNMSE=0.57714549 wMSE=37179.8842 wMRED=5.02040022 wER=0.329207 wMAE=76.4265 wBias=-53.1950 condBias=98.7512 dotDrift=-17.656sigma uMRED=0.2668095152 uER=0.412598 uMAE=131.4102 WCE=2944 bias=-26.5000
[quad_warmup_bit:01600] loss=0.308017 tau=1.50 collapse_w=0.000 mid_frac=0.268 hard=score=169.5494791970 wNMSE=0.55356699 wMSE=35660.9502 wMRED=5.27660531 wER=0.304023 wMAE=75.0069 wBias=-51.4862 condBias=95.6772 dotDrift=-17.449sigma uMRED=0.2449653118 uER=0.378174 uMAE=117.2324 WCE=1360 bias=-18.5000
[quad_warmup_bit:01800] loss=0.272549 tau=1.50 collapse_w=0.000 mid_frac=0.262 hard=score=236.4824202076 wNMSE=0.59243523 wMSE=38164.8540 wMRED=5.36319573 wER=0.308593 wMAE=79.5094 wBias=-60.8438 condBias=113.6282 dotDrift=-19.933sigma uMRED=0.2630460685 uER=0.384766 uMAE=124.8652 WCE=1360 bias=-31.0000
[quad_warmup_bit:02000] loss=0.240195 tau=1.50 collapse_w=0.000 mid_frac=0.214 hard=score=561.1563104512 wNMSE=1.2405477 wMSE=79916.4543 wMRED=8.50965579 wER=0.307293 wMAE=110.8191 wBias=-93.7544 condBias=175.8497 dotDrift=-21.225sigma uMRED=0.3270581375 uER=0.380371 uMAE=135.2402 WCE=1360 bias=-44.5000
[quad_warmup_bit:02200] loss=0.216590 tau=1.50 collapse_w=0.000 mid_frac=0.190 hard=score=495.2399936785 wNMSE=1.3106244 wMSE=84430.8134 wMRED=8.54268354 wER=0.302057 wMAE=113.6205 wBias=-88.0240 condBias=175.9267 dotDrift=-19.388sigma uMRED=0.3863412513 uER=0.387207 uMAE=168.8945 WCE=3328 bias=-58.0000
[quad_warmup_bit:02400] loss=0.199961 tau=1.50 collapse_w=0.000 mid_frac=0.179 hard=score=495.2399936785 wNMSE=1.3106244 wMSE=84430.8134 wMRED=8.54268354 wER=0.302057 wMAE=113.6205 wBias=-88.0240 condBias=175.9267 dotDrift=-19.388sigma uMRED=0.3863412513 uER=0.387207 uMAE=168.8945 WCE=3328 bias=-58.0000
[quad_warmup_bit:02600] loss=0.183906 tau=1.50 collapse_w=0.000 mid_frac=0.173 hard=score=4.0852010955 wNMSE=0.7953553 wMSE=51237.0256 wMRED=3.47275544 wER=0.307077 wMAE=60.6894 wBias=6.6171 condBias=73.3096 dotDrift=+1.871sigma uMRED=0.2708894732 uER=0.373779 uMAE=126.3945 WCE=3840 bias=1.5000
[quad_warmup_bit:02625] loss=0.181833 tau=1.50 collapse_w=0.000 mid_frac=0.173 hard=score=2.1612488261 wNMSE=0.74817645 wMSE=48197.7498 wMRED=3.38901139 wER=0.302800 wMAE=57.2069 wBias=3.8361 condBias=68.7078 dotDrift=+1.118sigma uMRED=0.2524822953 uER=0.359131 uMAE=118.2031 WCE=3840 bias=-5.5000 *BEST*
[quad_warmup_bit:02800] loss=0.169742 tau=1.50 collapse_w=0.000 mid_frac=0.173 hard=score=3.4969472999 wNMSE=0.61994399 wMSE=39936.9769 wMRED=3.21826687 wER=0.315619 wMAE=55.1677 wBias=6.1611 condBias=71.6561 dotDrift=+1.973sigma uMRED=0.2403316399 uER=0.373779 uMAE=116.4609 WCE=3840 bias=-4.3750
[quad_warmup_bit:03000] loss=0.161035 tau=1.50 collapse_w=0.000 mid_frac=0.143 hard=score=19.8761164327 wNMSE=0.54463314 wMSE=35085.4289 wMRED=3.11017180 wER=0.304731 wMAE=48.5168 wBias=17.2429 condBias=59.7565 dotDrift=+5.892sigma uMRED=0.1804927665 uER=0.346680 uMAE=77.3984 WCE=3840 bias=43.5000
[quad_warmup_bit:03200] loss=0.153391 tau=1.50 collapse_w=0.000 mid_frac=0.131 hard=score=32.6985835608 wNMSE=0.18143551 wMSE=11688.1294 wMRED=1.62448279 wER=0.306839 wMAE=37.7373 wBias=22.5425 condBias=57.3897 dotDrift=+13.345sigma uMRED=0.1353283682 uER=0.358887 uMAE=68.7969 WCE=1200 bias=45.5000
[quad_warmup_bit:03400] loss=0.148520 tau=1.50 collapse_w=0.000 mid_frac=0.113 hard=score=16.4809577236 wNMSE=0.13901101 wMSE=8955.1307 wMRED=1.58679268 wER=0.295398 wMAE=32.4441 wBias=15.9478 condBias=51.3290 dotDrift=+10.786sigma uMRED=0.1115916392 uER=0.341064 uMAE=55.9062 WCE=1200 bias=30.0000
[quad_warmup_bit:03600] loss=0.145945 tau=1.50 collapse_w=0.000 mid_frac=0.113 hard=score=16.4809577236 wNMSE=0.13901101 wMSE=8955.1307 wMRED=1.58679268 wER=0.295398 wMAE=32.4441 wBias=15.9478 condBias=51.3290 dotDrift=+10.786sigma uMRED=0.1115916392 uER=0.341064 uMAE=55.9062 WCE=1200 bias=30.0000
[quad_warmup_bit:03800] loss=0.144225 tau=1.50 collapse_w=0.000 mid_frac=0.101 hard=score=10.0463588973 wNMSE=0.088064822 wMSE=5673.1621 wMRED=1.55470522 wER=0.295020 wMAE=29.4540 wBias=12.4594 condBias=40.6824 dotDrift=+10.587sigma uMRED=0.0694595675 uER=0.337158 uMAE=27.3672 WCE=432 bias=-2.0000
[quad_warmup_bit:04000] loss=0.142949 tau=1.50 collapse_w=0.000 mid_frac=0.101 hard=score=10.0463588973 wNMSE=0.088064822 wMSE=5673.1621 wMRED=1.55470522 wER=0.295020 wMAE=29.4540 wBias=12.4594 condBias=40.6824 dotDrift=+10.587sigma uMRED=0.0694595675 uER=0.337158 uMAE=27.3672 WCE=432 bias=-2.0000
[quad_warmup_bit:04200] loss=0.141980 tau=1.50 collapse_w=0.000 mid_frac=0.101 hard=score=10.0463588973 wNMSE=0.088064822 wMSE=5673.1621 wMRED=1.55470522 wER=0.295020 wMAE=29.4540 wBias=12.4594 condBias=40.6824 dotDrift=+10.587sigma uMRED=0.0694595675 uER=0.337158 uMAE=27.3672 WCE=432 bias=-2.0000
[quad_warmup_bit:04400] loss=0.141209 tau=1.50 collapse_w=0.000 mid_frac=0.095 hard=score=13.7385376277 wNMSE=0.089821051 wMSE=5786.2989 wMRED=1.56974679 wER=0.294397 wMAE=30.0170 wBias=14.6044 condBias=41.3484 dotDrift=+12.287sigma uMRED=0.0697822887 uER=0.335693 uMAE=27.6680 WCE=432 bias=2.0000
[quad_warmup_bit:04600] loss=0.140551 tau=1.50 collapse_w=0.000 mid_frac=0.089 hard=score=13.7385376277 wNMSE=0.089821051 wMSE=5786.2989 wMRED=1.56974679 wER=0.294397 wMAE=30.0170 wBias=14.6044 condBias=41.3484 dotDrift=+12.287sigma uMRED=0.0697822887 uER=0.335693 uMAE=27.6680 WCE=432 bias=2.0000
[quad_warmup_bit:04800] loss=0.139996 tau=1.50 collapse_w=0.000 mid_frac=0.089 hard=score=13.7385376277 wNMSE=0.089821051 wMSE=5786.2989 wMRED=1.56974679 wER=0.294397 wMAE=30.0170 wBias=14.6044 condBias=41.3484 dotDrift=+12.287sigma uMRED=0.0697822887 uER=0.335693 uMAE=27.6680 WCE=432 bias=2.0000
[quad_warmup_bit:05000] loss=0.139553 tau=1.50 collapse_w=0.000 mid_frac=0.089 hard=score=13.7385376277 wNMSE=0.089821051 wMSE=5786.2989 wMRED=1.56974679 wER=0.294397 wMAE=30.0170 wBias=14.6044 condBias=41.3484 dotDrift=+12.287sigma uMRED=0.0697822887 uER=0.335693 uMAE=27.6680 WCE=432 bias=2.0000
[quad_warmup_bit:05200] loss=0.139188 tau=1.50 collapse_w=0.000 mid_frac=0.089 hard=score=13.7385376277 wNMSE=0.089821051 wMSE=5786.2989 wMRED=1.56974679 wER=0.294397 wMAE=30.0170 wBias=14.6044 condBias=41.3484 dotDrift=+12.287sigma uMRED=0.0697822887 uER=0.335693 uMAE=27.6680 WCE=432 bias=2.0000
[quad_warmup_bit:05400] loss=0.138880 tau=1.50 collapse_w=0.000 mid_frac=0.089 hard=score=13.7385376277 wNMSE=0.089821051 wMSE=5786.2989 wMRED=1.56974679 wER=0.294397 wMAE=30.0170 wBias=14.6044 condBias=41.3484 dotDrift=+12.287sigma uMRED=0.0697822887 uER=0.335693 uMAE=27.6680 WCE=432 bias=2.0000
[quad_warmup_bit:05600] loss=0.138615 tau=1.50 collapse_w=0.000 mid_frac=0.089 hard=score=13.7385376277 wNMSE=0.089821051 wMSE=5786.2989 wMRED=1.56974679 wER=0.294397 wMAE=30.0170 wBias=14.6044 condBias=41.3484 dotDrift=+12.287sigma uMRED=0.0697822887 uER=0.335693 uMAE=27.6680 WCE=432 bias=2.0000
[quad_warmup_bit:05800] loss=0.138386 tau=1.50 collapse_w=0.000 mid_frac=0.089 hard=score=18.8504684285 wNMSE=0.084811285 wMSE=5463.5683 wMRED=1.38046517 wER=0.272905 wMAE=27.4818 wBias=17.1397 condBias=40.2064 dotDrift=+14.840sigma uMRED=0.0638166021 uER=0.320068 uMAE=25.6680 WCE=432 bias=4.0000
[quad_warmup_bit:05999] loss=0.138185 tau=1.50 collapse_w=0.000 mid_frac=0.089 hard=score=18.8504684285 wNMSE=0.084811285 wMSE=5463.5683 wMRED=1.38046517 wER=0.272905 wMAE=27.4818 wBias=17.1397 condBias=40.2064 dotDrift=+14.840sigma uMRED=0.0638166021 uER=0.320068 uMAE=25.6680 WCE=432 bias=4.0000
[quad_soft:00000] loss=0.768582 tau=1.50 collapse_w=0.000 mid_frac=0.089 hard=score=12.4533231042 wNMSE=0.089338379 wMSE=5755.2050 wMRED=1.51492520 wER=0.300304 wMAE=29.8746 wBias=13.8955 condBias=41.0029 dotDrift=+11.723sigma uMRED=0.0693189103 uER=0.337891 uMAE=27.6367 WCE=432 bias=1.5000
[quad_soft:00200] loss=0.387201 tau=1.59 collapse_w=0.000 mid_frac=0.095 hard=score=8.6288431924 wNMSE=0.090177045 wMSE=5809.2321 wMRED=1.50734393 wER=0.307244 wMAE=29.8263 wBias=11.5263 condBias=41.1802 dotDrift=+9.679sigma uMRED=0.0761192637 uER=0.350830 uMAE=32.9609 WCE=464 bias=-10.1250
[quad_soft:00400] loss=0.333667 tau=1.68 collapse_w=0.000 mid_frac=0.077 hard=score=8.6143425818 wNMSE=0.092713484 wMSE=5972.6303 wMRED=1.55559959 wER=0.316746 wMAE=30.6624 wBias=11.5120 condBias=42.6699 dotDrift=+9.533sigma uMRED=0.0783482596 uER=0.356689 uMAE=33.9609 WCE=464 bias=-9.6250
[quad_soft:00600] loss=0.317313 tau=1.77 collapse_w=0.000 mid_frac=0.071 hard=score=9.3492353029 wNMSE=0.09079691 wMSE=5849.1640 wMRED=1.55365225 wER=0.316570 wMAE=30.3760 wBias=12.0050 condBias=42.2718 dotDrift=+10.046sigma uMRED=0.0721169721 uER=0.353760 uMAE=28.8594 WCE=464 bias=-1.6250
[quad_soft:00800] loss=0.308650 tau=1.86 collapse_w=0.000 mid_frac=0.077 hard=score=11.2923144536 wNMSE=0.090420554 wMSE=5824.9190 wMRED=1.57017782 wER=0.295981 wMAE=29.8959 wBias=13.2181 condBias=42.1800 dotDrift=+11.084sigma uMRED=0.0717657405 uER=0.347168 uMAE=28.8379 WCE=464 bias=-2.6250
[quad_soft:01000] loss=0.297964 tau=1.95 collapse_w=0.000 mid_frac=0.077 hard=score=11.2923144536 wNMSE=0.090420554 wMSE=5824.9190 wMRED=1.57017782 wER=0.295981 wMAE=29.8959 wBias=13.2181 condBias=42.1800 dotDrift=+11.084sigma uMRED=0.0717657405 uER=0.347168 uMAE=28.8379 WCE=464 bias=-2.6250
[quad_soft:01200] loss=0.290098 tau=2.04 collapse_w=0.000 mid_frac=0.071 hard=score=16.0939281777 wNMSE=0.091286356 wMSE=5880.6943 wMRED=1.70211428 wER=0.319506 wMAE=30.0565 wBias=15.8173 condBias=42.2730 dotDrift=+13.201sigma uMRED=0.0713992877 uER=0.364746 uMAE=27.6914 WCE=464 bias=-0.1250
[quad_soft:01400] loss=0.285923 tau=2.13 collapse_w=0.000 mid_frac=0.071 hard=score=21.5995256168 wNMSE=0.087503959 wMSE=5637.0311 wMRED=1.51283267 wER=0.298014 wMAE=27.5213 wBias=18.3526 condBias=41.4487 dotDrift=+15.644sigma uMRED=0.0654336011 uER=0.349121 uMAE=25.6914 WCE=464 bias=1.8750
[quad_soft:01600] loss=0.283907 tau=2.22 collapse_w=0.000 mid_frac=0.071 hard=score=21.5995256168 wNMSE=0.087503959 wMSE=5637.0311 wMRED=1.51283267 wER=0.298014 wMAE=27.5213 wBias=18.3526 condBias=41.4487 dotDrift=+15.644sigma uMRED=0.0654336011 uER=0.349121 uMAE=25.6914 WCE=464 bias=1.8750
[quad_soft:01800] loss=0.281961 tau=2.31 collapse_w=0.000 mid_frac=0.071 hard=score=21.5995256168 wNMSE=0.087503959 wMSE=5637.0311 wMRED=1.51283267 wER=0.298014 wMAE=27.5213 wBias=18.3526 condBias=41.4487 dotDrift=+15.644sigma uMRED=0.0654336011 uER=0.349121 uMAE=25.6914 WCE=464 bias=1.8750
[quad_soft:02000] loss=0.279602 tau=2.40 collapse_w=0.000 mid_frac=0.071 hard=score=20.4659973497 wNMSE=0.085682503 wMSE=5519.6924 wMRED=1.50263063 wER=0.303446 wMAE=27.2661 wBias=17.8629 condBias=40.3202 dotDrift=+15.388sigma uMRED=0.0637887400 uER=0.353516 uMAE=24.6035 WCE=432 bias=2.8750
[quad_soft:02200] loss=0.277487 tau=2.49 collapse_w=0.000 mid_frac=0.071 hard=score=20.4659973497 wNMSE=0.085682503 wMSE=5519.6924 wMRED=1.50263063 wER=0.303446 wMAE=27.2661 wBias=17.8629 condBias=40.3202 dotDrift=+15.388sigma uMRED=0.0637887400 uER=0.353516 uMAE=24.6035 WCE=432 bias=2.8750
[quad_soft:02400] loss=0.275262 tau=2.58 collapse_w=0.000 mid_frac=0.071 hard=score=20.4659973497 wNMSE=0.085682503 wMSE=5519.6924 wMRED=1.50263063 wER=0.303446 wMAE=27.2661 wBias=17.8629 condBias=40.3202 dotDrift=+15.388sigma uMRED=0.0637887400 uER=0.353516 uMAE=24.6035 WCE=432 bias=2.8750
[quad_soft:02600] loss=0.272922 tau=2.67 collapse_w=0.000 mid_frac=0.071 hard=score=20.4659973497 wNMSE=0.085682503 wMSE=5519.6924 wMRED=1.50263063 wER=0.303446 wMAE=27.2661 wBias=17.8629 condBias=40.3202 dotDrift=+15.388sigma uMRED=0.0637887400 uER=0.353516 uMAE=24.6035 WCE=432 bias=2.8750
[quad_soft:02800] loss=0.270560 tau=2.76 collapse_w=0.000 mid_frac=0.071 hard=score=20.4659973497 wNMSE=0.085682503 wMSE=5519.6924 wMRED=1.50263063 wER=0.303446 wMAE=27.2661 wBias=17.8629 condBias=40.3202 dotDrift=+15.388sigma uMRED=0.0637887400 uER=0.353516 uMAE=24.6035 WCE=432 bias=2.8750
[quad_soft:03000] loss=0.268134 tau=2.85 collapse_w=0.000 mid_frac=0.071 hard=score=20.4659973497 wNMSE=0.085682503 wMSE=5519.6924 wMRED=1.50263063 wER=0.303446 wMAE=27.2661 wBias=17.8629 condBias=40.3202 dotDrift=+15.388sigma uMRED=0.0637887400 uER=0.353516 uMAE=24.6035 WCE=432 bias=2.8750
[quad_soft:03200] loss=0.265629 tau=2.94 collapse_w=0.000 mid_frac=0.071 hard=score=20.4659973497 wNMSE=0.085682503 wMSE=5519.6924 wMRED=1.50263063 wER=0.303446 wMAE=27.2661 wBias=17.8629 condBias=40.3202 dotDrift=+15.388sigma uMRED=0.0637887400 uER=0.353516 uMAE=24.6035 WCE=432 bias=2.8750
[quad_soft:03400] loss=0.263018 tau=3.03 collapse_w=0.000 mid_frac=0.071 hard=score=20.4659973497 wNMSE=0.085682503 wMSE=5519.6924 wMRED=1.50263063 wER=0.303446 wMAE=27.2661 wBias=17.8629 condBias=40.3202 dotDrift=+15.388sigma uMRED=0.0637887400 uER=0.353516 uMAE=24.6035 WCE=432 bias=2.8750
[quad_soft:03600] loss=0.260269 tau=3.12 collapse_w=0.000 mid_frac=0.071 hard=score=20.4659973497 wNMSE=0.085682503 wMSE=5519.6924 wMRED=1.50263063 wER=0.303446 wMAE=27.2661 wBias=17.8629 condBias=40.3202 dotDrift=+15.388sigma uMRED=0.0637887400 uER=0.353516 uMAE=24.6035 WCE=432 bias=2.8750
[quad_soft:03800] loss=0.257390 tau=3.21 collapse_w=0.000 mid_frac=0.071 hard=score=20.4659973497 wNMSE=0.085682503 wMSE=5519.6924 wMRED=1.50263063 wER=0.303446 wMAE=27.2661 wBias=17.8629 condBias=40.3202 dotDrift=+15.388sigma uMRED=0.0637887400 uER=0.353516 uMAE=24.6035 WCE=432 bias=2.8750
[quad_soft:04000] loss=0.254398 tau=3.30 collapse_w=0.000 mid_frac=0.071 hard=score=15.9636394329 wNMSE=0.080980948 wMSE=5216.8168 wMRED=1.61778173 wER=0.340912 wMAE=27.6953 wBias=15.7617 condBias=39.3130 dotDrift=+13.966sigma uMRED=0.0663582312 uER=0.384766 uMAE=25.3535 WCE=432 bias=0.8750
[quad_soft:04200] loss=0.249006 tau=3.39 collapse_w=0.000 mid_frac=0.071 hard=score=15.9636394329 wNMSE=0.080980948 wMSE=5216.8168 wMRED=1.61778173 wER=0.340912 wMAE=27.6953 wBias=15.7617 condBias=39.3130 dotDrift=+13.966sigma uMRED=0.0663582312 uER=0.384766 uMAE=25.3535 WCE=432 bias=0.8750
[quad_soft:04400] loss=0.243586 tau=3.48 collapse_w=0.000 mid_frac=0.071 hard=score=15.9636394329 wNMSE=0.080980948 wMSE=5216.8168 wMRED=1.61778173 wER=0.340912 wMAE=27.6953 wBias=15.7617 condBias=39.3130 dotDrift=+13.966sigma uMRED=0.0663582312 uER=0.384766 uMAE=25.3535 WCE=432 bias=0.8750
[quad_soft:04600] loss=0.238166 tau=3.57 collapse_w=0.000 mid_frac=0.071 hard=score=15.9636394329 wNMSE=0.080980948 wMSE=5216.8168 wMRED=1.61778173 wER=0.340912 wMAE=27.6953 wBias=15.7617 condBias=39.3130 dotDrift=+13.966sigma uMRED=0.0663582312 uER=0.384766 uMAE=25.3535 WCE=432 bias=0.8750
[quad_soft:04800] loss=0.232752 tau=3.66 collapse_w=0.000 mid_frac=0.071 hard=score=15.9636394329 wNMSE=0.080980948 wMSE=5216.8168 wMRED=1.61778173 wER=0.340912 wMAE=27.6953 wBias=15.7617 condBias=39.3130 dotDrift=+13.966sigma uMRED=0.0663582312 uER=0.384766 uMAE=25.3535 WCE=432 bias=0.8750
[quad_soft:05000] loss=0.227306 tau=3.75 collapse_w=0.000 mid_frac=0.071 hard=score=15.9636394329 wNMSE=0.080980948 wMSE=5216.8168 wMRED=1.61778173 wER=0.340912 wMAE=27.6953 wBias=15.7617 condBias=39.3130 dotDrift=+13.966sigma uMRED=0.0663582312 uER=0.384766 uMAE=25.3535 WCE=432 bias=0.8750
[quad_soft:05200] loss=0.221845 tau=3.84 collapse_w=0.000 mid_frac=0.071 hard=score=15.9636394329 wNMSE=0.080980948 wMSE=5216.8168 wMRED=1.61778173 wER=0.340912 wMAE=27.6953 wBias=15.7617 condBias=39.3130 dotDrift=+13.966sigma uMRED=0.0663582312 uER=0.384766 uMAE=25.3535 WCE=432 bias=0.8750
[quad_soft:05400] loss=0.216383 tau=3.93 collapse_w=0.000 mid_frac=0.071 hard=score=15.9636394329 wNMSE=0.080980948 wMSE=5216.8168 wMRED=1.61778173 wER=0.340912 wMAE=27.6953 wBias=15.7617 condBias=39.3130 dotDrift=+13.966sigma uMRED=0.0663582312 uER=0.384766 uMAE=25.3535 WCE=432 bias=0.8750
[quad_soft:05600] loss=0.210882 tau=4.02 collapse_w=0.000 mid_frac=0.071 hard=score=15.9636394329 wNMSE=0.080980948 wMSE=5216.8168 wMRED=1.61778173 wER=0.340912 wMAE=27.6953 wBias=15.7617 condBias=39.3130 dotDrift=+13.966sigma uMRED=0.0663582312 uER=0.384766 uMAE=25.3535 WCE=432 bias=0.8750
[quad_soft:05800] loss=0.205199 tau=4.11 collapse_w=0.000 mid_frac=0.077 hard=score=15.9636394329 wNMSE=0.080980948 wMSE=5216.8168 wMRED=1.61778173 wER=0.340912 wMAE=27.6953 wBias=15.7617 condBias=39.3130 dotDrift=+13.966sigma uMRED=0.0663582312 uER=0.384766 uMAE=25.3535 WCE=432 bias=0.8750
[quad_soft:06000] loss=0.199692 tau=4.20 collapse_w=0.000 mid_frac=0.077 hard=score=15.9636394329 wNMSE=0.080980948 wMSE=5216.8168 wMRED=1.61778173 wER=0.340912 wMAE=27.6953 wBias=15.7617 condBias=39.3130 dotDrift=+13.966sigma uMRED=0.0663582312 uER=0.384766 uMAE=25.3535 WCE=432 bias=0.8750
[quad_soft:06200] loss=0.195229 tau=4.29 collapse_w=0.025 mid_frac=0.077 hard=score=16.2806165064 wNMSE=0.08078387 wMSE=5204.1210 wMRED=1.61469597 wER=0.340912 wMAE=27.5376 wBias=15.9194 condBias=39.1947 dotDrift=+14.123sigma uMRED=0.0659693604 uER=0.384766 uMAE=25.1035 WCE=432 bias=1.1250
[quad_soft:06400] loss=0.190652 tau=4.38 collapse_w=0.050 mid_frac=0.065 hard=score=16.2806165064 wNMSE=0.08078387 wMSE=5204.1210 wMRED=1.61469597 wER=0.340912 wMAE=27.5376 wBias=15.9194 condBias=39.1947 dotDrift=+14.123sigma uMRED=0.0659693604 uER=0.384766 uMAE=25.1035 WCE=432 bias=1.1250
[quad_soft:06600] loss=0.185996 tau=4.47 collapse_w=0.075 mid_frac=0.065 hard=score=16.2806165064 wNMSE=0.08078387 wMSE=5204.1210 wMRED=1.61469597 wER=0.340912 wMAE=27.5376 wBias=15.9194 condBias=39.1947 dotDrift=+14.123sigma uMRED=0.0659693604 uER=0.384766 uMAE=25.1035 WCE=432 bias=1.1250
[quad_soft:06800] loss=0.181203 tau=4.56 collapse_w=0.100 mid_frac=0.060 hard=score=21.0974679578 wNMSE=0.082540656 wMSE=5317.2937 wMRED=1.63072394 wER=0.340566 wMAE=28.1226 wBias=18.1433 condBias=39.8462 dotDrift=+15.924sigma uMRED=0.0666108282 uER=0.384033 uMAE=25.4922 WCE=432 bias=5.2500
[quad_soft:07000] loss=0.176298 tau=4.65 collapse_w=0.125 mid_frac=0.054 hard=score=18.6940822343 wNMSE=0.080554812 wMSE=5189.3650 wMRED=1.61867756 wER=0.339426 wMAE=27.2471 wBias=17.0708 condBias=39.2757 dotDrift=+15.166sigma uMRED=0.0651467275 uER=0.380371 uMAE=24.0508 WCE=432 bias=3.2500
[quad_soft:07200] loss=0.171357 tau=4.74 collapse_w=0.150 mid_frac=0.054 hard=score=18.6940822343 wNMSE=0.080554812 wMSE=5189.3650 wMRED=1.61867756 wER=0.339426 wMAE=27.2471 wBias=17.0708 condBias=39.2757 dotDrift=+15.166sigma uMRED=0.0651467275 uER=0.380371 uMAE=24.0508 WCE=432 bias=3.2500
[quad_soft:07400] loss=0.166360 tau=4.83 collapse_w=0.175 mid_frac=0.048 hard=score=18.6940822343 wNMSE=0.080554812 wMSE=5189.3650 wMRED=1.61867756 wER=0.339426 wMAE=27.2471 wBias=17.0708 condBias=39.2757 dotDrift=+15.166sigma uMRED=0.0651467275 uER=0.380371 uMAE=24.0508 WCE=432 bias=3.2500
[quad_soft:07600] loss=0.161302 tau=4.92 collapse_w=0.200 mid_frac=0.042 hard=score=18.6940822343 wNMSE=0.080554812 wMSE=5189.3650 wMRED=1.61867756 wER=0.339426 wMAE=27.2471 wBias=17.0708 condBias=39.2757 dotDrift=+15.166sigma uMRED=0.0651467275 uER=0.380371 uMAE=24.0508 WCE=432 bias=3.2500
[quad_soft:07800] loss=0.156206 tau=5.01 collapse_w=0.225 mid_frac=0.024 hard=score=18.6940822343 wNMSE=0.080554812 wMSE=5189.3650 wMRED=1.61867756 wER=0.339426 wMAE=27.2471 wBias=17.0708 condBias=39.2757 dotDrift=+15.166sigma uMRED=0.0651467275 uER=0.380371 uMAE=24.0508 WCE=432 bias=3.2500
[quad_soft:08000] loss=0.151026 tau=5.10 collapse_w=0.250 mid_frac=0.024 hard=score=18.6940822343 wNMSE=0.080554812 wMSE=5189.3650 wMRED=1.61867756 wER=0.339426 wMAE=27.2471 wBias=17.0708 condBias=39.2757 dotDrift=+15.166sigma uMRED=0.0651467275 uER=0.380371 uMAE=24.0508 WCE=432 bias=3.2500
[quad_soft:08200] loss=0.145780 tau=5.19 collapse_w=0.275 mid_frac=0.024 hard=score=18.6940822343 wNMSE=0.080554812 wMSE=5189.3650 wMRED=1.61867756 wER=0.339426 wMAE=27.2471 wBias=17.0708 condBias=39.2757 dotDrift=+15.166sigma uMRED=0.0651467275 uER=0.380371 uMAE=24.0508 WCE=432 bias=3.2500
[quad_soft:08400] loss=0.140479 tau=5.28 collapse_w=0.300 mid_frac=0.024 hard=score=18.6940822343 wNMSE=0.080554812 wMSE=5189.3650 wMRED=1.61867756 wER=0.339426 wMAE=27.2471 wBias=17.0708 condBias=39.2757 dotDrift=+15.166sigma uMRED=0.0651467275 uER=0.380371 uMAE=24.0508 WCE=432 bias=3.2500
[quad_soft:08600] loss=0.135080 tau=5.37 collapse_w=0.325 mid_frac=0.018 hard=score=18.6940822343 wNMSE=0.080554812 wMSE=5189.3650 wMRED=1.61867756 wER=0.339426 wMAE=27.2471 wBias=17.0708 condBias=39.2757 dotDrift=+15.166sigma uMRED=0.0651467275 uER=0.380371 uMAE=24.0508 WCE=432 bias=3.2500
[quad_soft:08800] loss=0.129599 tau=5.46 collapse_w=0.350 mid_frac=0.018 hard=score=18.6940822343 wNMSE=0.080554812 wMSE=5189.3650 wMRED=1.61867756 wER=0.339426 wMAE=27.2471 wBias=17.0708 condBias=39.2757 dotDrift=+15.166sigma uMRED=0.0651467275 uER=0.380371 uMAE=24.0508 WCE=432 bias=3.2500
[quad_soft:09000] loss=0.124042 tau=5.55 collapse_w=0.375 mid_frac=0.018 hard=score=18.6940822343 wNMSE=0.080554812 wMSE=5189.3650 wMRED=1.61867756 wER=0.339426 wMAE=27.2471 wBias=17.0708 condBias=39.2757 dotDrift=+15.166sigma uMRED=0.0651467275 uER=0.380371 uMAE=24.0508 WCE=432 bias=3.2500
[quad_soft:09200] loss=0.118396 tau=5.64 collapse_w=0.400 mid_frac=0.012 hard=score=23.5462148064 wNMSE=0.085338994 wMSE=5497.5634 wMRED=1.50352647 wER=0.301960 wMAE=26.8179 wBias=19.1720 condBias=40.3456 dotDrift=+16.549sigma uMRED=0.0625772364 uER=0.349121 uMAE=23.3008 WCE=432 bias=5.2500
[quad_soft:09400] loss=0.112611 tau=5.73 collapse_w=0.425 mid_frac=0.012 hard=score=23.5462148064 wNMSE=0.085338994 wMSE=5497.5634 wMRED=1.50352647 wER=0.301960 wMAE=26.8179 wBias=19.1720 condBias=40.3456 dotDrift=+16.549sigma uMRED=0.0625772364 uER=0.349121 uMAE=23.3008 WCE=432 bias=5.2500
[quad_soft:09600] loss=0.106610 tau=5.82 collapse_w=0.450 mid_frac=0.012 hard=score=23.5462148064 wNMSE=0.085338994 wMSE=5497.5634 wMRED=1.50352647 wER=0.301960 wMAE=26.8179 wBias=19.1720 condBias=40.3456 dotDrift=+16.549sigma uMRED=0.0625772364 uER=0.349121 uMAE=23.3008 WCE=432 bias=5.2500
[quad_soft:09800] loss=0.100404 tau=5.91 collapse_w=0.475 mid_frac=0.012 hard=score=23.5462148064 wNMSE=0.085338994 wMSE=5497.5634 wMRED=1.50352647 wER=0.301960 wMAE=26.8179 wBias=19.1720 condBias=40.3456 dotDrift=+16.549sigma uMRED=0.0625772364 uER=0.349121 uMAE=23.3008 WCE=432 bias=5.2500
[quad_soft:09999] loss=0.093876 tau=6.00 collapse_w=0.500 mid_frac=0.012 hard=score=23.5462148064 wNMSE=0.085338994 wMSE=5497.5634 wMRED=1.50352647 wER=0.301960 wMAE=26.8179 wBias=19.1720 condBias=40.3456 dotDrift=+16.549sigma uMRED=0.0625772364 uER=0.349121 uMAE=23.3008 WCE=432 bias=5.2500
[quad_hard_ste:00000] loss=23.610052 tau=6.00 collapse_w=0.500 mid_frac=0.012 hard=score=23.5462148064 wNMSE=0.085338994 wMSE=5497.5634 wMRED=1.50352647 wER=0.301960 wMAE=26.8179 wBias=19.1720 condBias=40.3456 dotDrift=+16.549sigma uMRED=0.0625772364 uER=0.349121 uMAE=23.3008 WCE=432 bias=5.2500
[quad_hard_ste:00200] loss=12.778525 tau=6.00 collapse_w=0.500 mid_frac=0.048 hard=score=11.8261899199 wNMSE=0.084070957 wMSE=5415.8761 wMRED=1.78552993 wER=0.352219 wMAE=29.7318 wBias=13.5404 condBias=39.8980 dotDrift=+11.775sigma uMRED=0.0711580892 uER=0.387939 uMAE=26.1680 WCE=432 bias=0.2500
[quad_hard_ste:00350] loss=1.531833 tau=6.00 collapse_w=0.500 mid_frac=0.095 hard=score=1.4459606013 wNMSE=0.09744742 wMSE=6277.5918 wMRED=1.76336409 wER=0.354421 wMAE=34.7072 wBias=4.4494 condBias=42.8254 dotDrift=+3.594sigma uMRED=0.0908533342 uER=0.399658 uMAE=40.2500 WCE=464 bias=-18.6250 *BEST*
[quad_hard_ste:00400] loss=127.372238 tau=6.00 collapse_w=0.500 mid_frac=0.101 hard=score=127.1751220137 wNMSE=0.40199652 wMSE=25896.7356 wMRED=4.07586898 wER=0.396200 wMAE=73.0258 wBias=-44.6005 condBias=99.3293 dotDrift=-17.738sigma uMRED=0.1363484710 uER=0.410645 uMAE=51.8125 WCE=512 bias=-34.6250
[quad_hard_ste:00600] loss=127.371864 tau=6.00 collapse_w=0.500 mid_frac=0.095 hard=score=1.4459606013 wNMSE=0.09744742 wMSE=6277.5918 wMRED=1.76336409 wER=0.354421 wMAE=34.7072 wBias=4.4494 condBias=42.8254 dotDrift=+3.594sigma uMRED=0.0908533342 uER=0.399658 uMAE=40.2500 WCE=464 bias=-18.6250
[quad_hard_ste:00800] loss=127.371590 tau=6.00 collapse_w=0.500 mid_frac=0.095 hard=score=127.1751220137 wNMSE=0.40199652 wMSE=25896.7356 wMRED=4.07586898 wER=0.396200 wMAE=73.0258 wBias=-44.6005 condBias=99.3293 dotDrift=-17.738sigma uMRED=0.1363484710 uER=0.410645 uMAE=51.8125 WCE=512 bias=-34.6250
[quad_hard_ste:01000] loss=127.371346 tau=6.00 collapse_w=0.500 mid_frac=0.089 hard=score=1.4459606013 wNMSE=0.09744742 wMSE=6277.5918 wMRED=1.76336409 wER=0.354421 wMAE=34.7072 wBias=4.4494 condBias=42.8254 dotDrift=+3.594sigma uMRED=0.0908533342 uER=0.399658 uMAE=40.2500 WCE=464 bias=-18.6250
[quad_hard_ste:01200] loss=127.371147 tau=6.00 collapse_w=0.500 mid_frac=0.095 hard=score=127.1751220137 wNMSE=0.40199652 wMSE=25896.7356 wMRED=4.07586898 wER=0.396200 wMAE=73.0258 wBias=-44.6005 condBias=99.3293 dotDrift=-17.738sigma uMRED=0.1363484710 uER=0.410645 uMAE=51.8125 WCE=512 bias=-34.6250
[quad_hard_ste:01400] loss=1.530400 tau=6.00 collapse_w=0.500 mid_frac=0.101 hard=score=127.1751220137 wNMSE=0.40199652 wMSE=25896.7356 wMRED=4.07586898 wER=0.396200 wMAE=73.0258 wBias=-44.6005 condBias=99.3293 dotDrift=-17.738sigma uMRED=0.1363484710 uER=0.410645 uMAE=51.8125 WCE=512 bias=-34.6250
[quad_hard_ste:01600] loss=1.530212 tau=6.00 collapse_w=0.500 mid_frac=0.101 hard=score=127.1751220137 wNMSE=0.40199652 wMSE=25896.7356 wMRED=4.07586898 wER=0.396200 wMAE=73.0258 wBias=-44.6005 condBias=99.3293 dotDrift=-17.738sigma uMRED=0.1363484710 uER=0.410645 uMAE=51.8125 WCE=512 bias=-34.6250
[quad_hard_ste:01800] loss=1.530026 tau=6.00 collapse_w=0.500 mid_frac=0.101 hard=score=127.1751220137 wNMSE=0.40199652 wMSE=25896.7356 wMRED=4.07586898 wER=0.396200 wMAE=73.0258 wBias=-44.6005 condBias=99.3293 dotDrift=-17.738sigma uMRED=0.1363484710 uER=0.410645 uMAE=51.8125 WCE=512 bias=-34.6250
[quad_hard_ste:02000] loss=127.370392 tau=6.00 collapse_w=0.500 mid_frac=0.101 hard=score=127.1751220137 wNMSE=0.40199652 wMSE=25896.7356 wMRED=4.07586898 wER=0.396200 wMAE=73.0258 wBias=-44.6005 condBias=99.3293 dotDrift=-17.738sigma uMRED=0.1363484710 uER=0.410645 uMAE=51.8125 WCE=512 bias=-34.6250
[quad_hard_ste:02200] loss=127.370216 tau=6.00 collapse_w=0.500 mid_frac=0.095 hard=score=1.4459606013 wNMSE=0.09744742 wMSE=6277.5918 wMRED=1.76336409 wER=0.354421 wMAE=34.7072 wBias=4.4494 condBias=42.8254 dotDrift=+3.594sigma uMRED=0.0908533342 uER=0.399658 uMAE=40.2500 WCE=464 bias=-18.6250
[quad_hard_ste:02400] loss=127.370056 tau=6.00 collapse_w=0.500 mid_frac=0.095 hard=score=1.4459606013 wNMSE=0.09744742 wMSE=6277.5918 wMRED=1.76336409 wER=0.354421 wMAE=34.7072 wBias=4.4494 condBias=42.8254 dotDrift=+3.594sigma uMRED=0.0908533342 uER=0.399658 uMAE=40.2500 WCE=464 bias=-18.6250
[quad_hard_ste:02600] loss=4.143056 tau=6.00 collapse_w=0.500 mid_frac=0.101 hard=score=4.0630024886 wNMSE=0.10048997 wMSE=6473.5939 wMRED=1.68595776 wER=0.396200 wMAE=40.0563 wBias=-7.8131 condBias=32.2034 dotDrift=-6.215sigma uMRED=0.0893352558 uER=0.410645 uMAE=41.7500 WCE=464 bias=-22.6250
[quad_hard_ste:02800] loss=4.063136 tau=6.00 collapse_w=0.500 mid_frac=0.071 hard=score=1.4906353058 wNMSE=0.097326562 wMSE=6269.8061 wMRED=1.76182120 wER=0.354421 wMAE=34.6283 wBias=4.5282 condBias=42.7573 dotDrift=+3.660sigma uMRED=0.0906588988 uER=0.399658 uMAE=40.1250 WCE=464 bias=-18.5000
[quad_hard_ste:02875] loss=4.412311 tau=6.00 collapse_w=0.500 mid_frac=0.060 hard=score=1.2816322184 wNMSE=0.091672097 wMSE=5905.5438 wMRED=1.54628162 wER=0.381101 wMAE=36.4151 wBias=-4.1720 condBias=29.7203 dotDrift=-3.474sigma uMRED=0.0801030440 uER=0.395020 uMAE=37.6250 WCE=464 bias=-18.5000 *BEST*
[quad_hard_ste:03000] loss=1.350999 tau=6.00 collapse_w=0.500 mid_frac=0.048 hard=score=1.2816322184 wNMSE=0.091672097 wMSE=5905.5438 wMRED=1.54628162 wER=0.381101 wMAE=36.4151 wBias=-4.1720 condBias=29.7203 dotDrift=-3.474sigma uMRED=0.0801030440 uER=0.395020 uMAE=37.6250 WCE=464 bias=-18.5000
[quad_hard_ste:03075] loss=0.519657 tau=6.00 collapse_w=0.500 mid_frac=0.036 hard=score=0.4568794654 wNMSE=0.095439213 wMSE=6148.2225 wMRED=1.43098213 wER=0.344562 wMAE=35.9686 wBias=-2.0708 condBias=31.5175 dotDrift=-1.690sigma uMRED=0.0771903931 uER=0.364746 uMAE=36.6250 WCE=464 bias=-16.5000 *BEST*
[quad_hard_ste:03200] loss=0.518134 tau=6.00 collapse_w=0.500 mid_frac=0.024 hard=score=0.4568794654 wNMSE=0.095439213 wMSE=6148.2225 wMRED=1.43098213 wER=0.344562 wMAE=35.9686 wBias=-2.0708 condBias=31.5175 dotDrift=-1.690sigma uMRED=0.0771903931 uER=0.364746 uMAE=36.6250 WCE=464 bias=-16.5000
[quad_hard_ste:03400] loss=6.852508 tau=6.00 collapse_w=0.500 mid_frac=0.024 hard=score=0.4568794654 wNMSE=0.095439213 wMSE=6148.2225 wMRED=1.43098213 wER=0.344562 wMAE=35.9686 wBias=-2.0708 condBias=31.5175 dotDrift=-1.690sigma uMRED=0.0771903931 uER=0.364746 uMAE=36.6250 WCE=464 bias=-16.5000
[quad_hard_ste:03600] loss=0.514711 tau=6.00 collapse_w=0.500 mid_frac=0.012 hard=score=6.7896960185 wNMSE=0.093123221 wMSE=5999.0257 wMRED=1.50838846 wER=0.302783 wMAE=30.6195 wBias=10.1916 condBias=41.8686 dotDrift=+8.421sigma uMRED=0.0787084715 uER=0.353760 uMAE=35.1250 WCE=464 bias=-12.5000
[quad_hard_ste:03800] loss=6.849600 tau=6.00 collapse_w=0.500 mid_frac=0.012 hard=score=6.7896960185 wNMSE=0.093123221 wMSE=5999.0257 wMRED=1.50838846 wER=0.302783 wMAE=30.6195 wBias=10.1916 condBias=41.8686 dotDrift=+8.421sigma uMRED=0.0787084715 uER=0.353760 uMAE=35.1250 WCE=464 bias=-12.5000
[quad_hard_ste:03999] loss=6.848788 tau=6.00 collapse_w=0.500 mid_frac=0.018 hard=score=0.4568794654 wNMSE=0.095439213 wMSE=6148.2225 wMRED=1.43098213 wER=0.344562 wMAE=35.9686 wBias=-2.0708 condBias=31.5175 dotDrift=-1.690sigma uMRED=0.0771903931 uER=0.364746 uMAE=36.6250 WCE=464 bias=-16.5000
[pop00_soft:00000] loss=25.909132 tau=1.50 collapse_w=0.000 mid_frac=0.333 hard=score=49.2414712653 wNMSE=0.7447061 wMSE=47974.1890 wMRED=4.41848770 wER=0.576182 wMAE=109.2803 wBias=27.4932 condBias=76.8388 dotDrift=+8.033sigma uMRED=0.3650224341 uER=0.571533 uMAE=213.7612 WCE=2704 bias=93.9375
[pop00_soft:00200] loss=5.121974 tau=2.25 collapse_w=0.000 mid_frac=0.280 hard=score=11.6086904746 wNMSE=0.72577583 wMSE=46754.6956 wMRED=4.20521318 wER=0.515860 wMAE=108.0042 wBias=-12.8062 condBias=71.6970 dotDrift=-3.790sigma uMRED=0.3150565462 uER=0.555420 uMAE=181.9482 WCE=2953 bias=-14.8750
[pop00_soft:00400] loss=0.850939 tau=3.00 collapse_w=0.000 mid_frac=0.185 hard=score=44.3362348810 wNMSE=0.30873347 wMSE=19888.7020 wMRED=2.47678960 wER=0.442213 wMAE=63.3904 wBias=-26.2377 condBias=70.6831 dotDrift=-11.907sigma uMRED=0.2331547809 uER=0.511963 uMAE=133.5020 WCE=1488 bias=-67.8750
[pop00_soft:00600] loss=0.478564 tau=3.75 collapse_w=0.000 mid_frac=0.149 hard=score=48.0173134959 wNMSE=0.27242973 wMSE=17550.0041 wMRED=2.31087713 wER=0.407214 wMAE=57.7333 wBias=-27.3359 condBias=65.4845 dotDrift=-13.206sigma uMRED=0.2074147011 uER=0.479004 uMAE=120.3477 WCE=1544 bias=-83.6250
[pop00_soft:00800] loss=0.321636 tau=4.50 collapse_w=0.084 mid_frac=0.167 hard=score=59.7649987210 wNMSE=0.28446123 wMSE=18325.0775 wMRED=2.19817455 wER=0.381513 wMAE=57.0857 wBias=-30.5221 condBias=67.6932 dotDrift=-14.430sigma uMRED=0.2179230277 uER=0.453613 uMAE=123.7012 WCE=1544 bias=-108.7500
[pop00_soft:01000] loss=0.217264 tau=5.25 collapse_w=0.293 mid_frac=0.161 hard=score=4.4413574436 wNMSE=0.27614714 wMSE=17789.4811 wMRED=2.40092476 wER=0.412307 wMAE=53.4659 wBias=-7.8076 condBias=76.4738 dotDrift=-3.746sigma uMRED=0.2241780709 uER=0.458984 uMAE=122.8672 WCE=1544 bias=-101.6250
[pop00_soft:01199] loss=0.130647 tau=6.00 collapse_w=0.500 mid_frac=0.137 hard=score=4.4413574436 wNMSE=0.27614714 wMSE=17789.4811 wMRED=2.40092476 wER=0.412307 wMAE=53.4659 wBias=-7.8076 condBias=76.4738 dotDrift=-3.746sigma uMRED=0.2241780709 uER=0.458984 uMAE=122.8672 WCE=1544 bias=-101.6250
[pop00_hard:00000] loss=4.511909 tau=6.00 collapse_w=0.500 mid_frac=0.137 hard=score=4.4413574436 wNMSE=0.27614714 wMSE=17789.4811 wMRED=2.40092476 wER=0.412307 wMAE=53.4659 wBias=-7.8076 condBias=76.4738 dotDrift=-3.746sigma uMRED=0.2241780709 uER=0.458984 uMAE=122.8672 WCE=1544 bias=-101.6250
[pop00_hard:00200] loss=1.272506 tau=6.00 collapse_w=0.500 mid_frac=0.125 hard=score=1.2073404213 wNMSE=0.28945398 wMSE=18646.7119 wMRED=2.41621809 wER=0.412307 wMAE=54.5821 wBias=3.1478 condBias=77.6653 dotDrift=+1.475sigma uMRED=0.2300834722 uER=0.458984 uMAE=126.2422 WCE=1544 bias=-77.6250
[pop00_hard:00400] loss=1.680195 tau=6.00 collapse_w=0.500 mid_frac=0.125 hard=score=1.2073404213 wNMSE=0.28945398 wMSE=18646.7119 wMRED=2.41621809 wER=0.412307 wMAE=54.5821 wBias=3.1478 condBias=77.6653 dotDrift=+1.475sigma uMRED=0.2300834722 uER=0.458984 uMAE=126.2422 WCE=1544 bias=-77.6250
[pop00_hard:00599] loss=1.679171 tau=6.00 collapse_w=0.500 mid_frac=0.131 hard=score=1.6212713403 wNMSE=0.25155885 wMSE=16205.4963 wMRED=2.33396845 wER=0.409839 wMAE=49.8141 wBias=-4.1558 condBias=73.5117 dotDrift=-2.089sigma uMRED=0.2084443273 uER=0.451172 uMAE=114.8672 WCE=1544 bias=-93.6250
[pop00] done (conf=0.53, noise=0.5); global best score=0.4568794654 wNMSE=0.095439213 wMSE=6148.2225 wMRED=1.43098213 wER=0.344562 wMAE=35.9686 wBias=-2.0708 condBias=31.5175 dotDrift=-1.690sigma uMRED=0.0771903931 uER=0.364746 uMAE=36.6250 WCE=464 bias=-16.5000
[pop01_soft:00000] loss=31.725391 tau=1.50 collapse_w=0.000 mid_frac=0.452 hard=score=1020.0432407126 wNMSE=34.094246 wMSE=2196361.4754 wMRED=58.53577262 wER=0.581818 wMAE=816.6810 wBias=122.9888 condBias=823.7976 dotDrift=+5.311sigma uMRED=1.7426888507 uER=0.575195 uMAE=580.9741 WCE=3615 bias=32.1250
[pop01_soft:00200] loss=21.203876 tau=2.25 collapse_w=0.000 mid_frac=0.411 hard=score=536.2890293363 wNMSE=19.948168 wMSE=1285066.9368 wMRED=46.31213210 wER=0.581964 wMAE=628.9983 wBias=-88.9023 condBias=650.7091 dotDrift=-5.019sigma uMRED=1.3783170567 uER=0.575928 uMAE=436.2954 WCE=3417 bias=-134.7500
[pop01_soft:00400] loss=23.814657 tau=3.00 collapse_w=0.000 mid_frac=0.452 hard=score=171.6610644136 wNMSE=16.932198 wMSE=1090777.2396 wMRED=42.01876195 wER=0.547636 wMAE=582.1113 wBias=-47.4135 condBias=589.5542 dotDrift=-2.905sigma uMRED=1.2737936140 uER=0.564209 uMAE=417.9946 WCE=2925 bias=-85.6875
[pop01_soft:00600] loss=13.224874 tau=3.75 collapse_w=0.000 mid_frac=0.446 hard=score=522.5688736978 wNMSE=1.1895782 wMSE=76632.9811 wMRED=5.94852804 wER=0.539563 wMAE=124.7642 wBias=-90.4766 condBias=156.9796 dotDrift=-20.917sigma uMRED=0.4161421592 uER=0.562012 uMAE=225.2563 WCE=1744 bias=-99.1875
[pop01_soft:00800] loss=6.693113 tau=4.50 collapse_w=0.084 mid_frac=0.393 hard=score=731.1195141355 wNMSE=1.1839727 wMSE=76271.8770 wMRED=6.29264375 wER=0.519469 wMAE=123.4572 wBias=-107.0788 condBias=179.5657 dotDrift=-24.814sigma uMRED=0.3717460224 uER=0.563965 uMAE=180.4487 WCE=1888 bias=-163.1875
[pop01_soft:01000] loss=4.048073 tau=5.25 collapse_w=0.293 mid_frac=0.393 hard=score=433.0065733645 wNMSE=0.75310153 wMSE=48515.0252 wMRED=5.77997514 wER=0.509695 wMAE=97.2569 wBias=-82.3833 condBias=155.0441 dotDrift=-23.938sigma uMRED=0.3231783793 uER=0.545654 uMAE=170.3550 WCE=1376 bias=-93.8125
[pop01_soft:01199] loss=3.117231 tau=6.00 collapse_w=0.500 mid_frac=0.351 hard=score=448.6581109632 wNMSE=0.77746891 wMSE=50084.7788 wMRED=5.82717577 wER=0.509695 wMAE=98.6624 wBias=-83.8603 condBias=157.2181 dotDrift=-23.982sigma uMRED=0.3356874778 uER=0.545654 uMAE=178.3550 WCE=1376 bias=-102.3125
[pop01_hard:00000] loss=448.913147 tau=6.00 collapse_w=0.500 mid_frac=0.351 hard=score=448.6581109632 wNMSE=0.77746891 wMSE=50084.7788 wMRED=5.82717577 wER=0.509695 wMAE=98.6624 wBias=-83.8603 condBias=157.2181 dotDrift=-23.982sigma uMRED=0.3356874778 uER=0.545654 uMAE=178.3550 WCE=1376 bias=-102.3125
[pop01_hard:00200] loss=448.911194 tau=6.00 collapse_w=0.500 mid_frac=0.351 hard=score=448.6581109632 wNMSE=0.77746891 wMSE=50084.7788 wMRED=5.82717577 wER=0.509695 wMAE=98.6624 wBias=-83.8603 condBias=157.2181 dotDrift=-23.982sigma uMRED=0.3356874778 uER=0.545654 uMAE=178.3550 WCE=1376 bias=-102.3125
[pop01_hard:00400] loss=414.327087 tau=6.00 collapse_w=0.500 mid_frac=0.310 hard=score=414.1127951691 wNMSE=0.88006666 wMSE=56694.1564 wMRED=5.86687239 wER=0.510345 wMAE=102.7757 wBias=-80.5375 condBias=153.4315 dotDrift=-21.648sigma uMRED=0.4201281869 uER=0.550049 uMAE=235.9399 WCE=2208 bias=-54.0625
[pop01_hard:00599] loss=33.630745 tau=6.00 collapse_w=0.500 mid_frac=0.244 hard=score=33.4209967513 wNMSE=2.0225947 wMSE=130296.1539 wMRED=6.31421110 wER=0.493123 wMAE=129.7193 wBias=-21.7773 condBias=181.6116 dotDrift=-3.861sigma uMRED=0.5415851161 uER=0.545654 uMAE=293.4263 WCE=2708 bias=114.1875
[pop01] done (conf=0.51, noise=1.0); global best score=0.4568794654 wNMSE=0.095439213 wMSE=6148.2225 wMRED=1.43098213 wER=0.344562 wMAE=35.9686 wBias=-2.0708 condBias=31.5175 dotDrift=-1.690sigma uMRED=0.0771903931 uER=0.364746 uMAE=36.6250 WCE=464 bias=-16.5000
[pop02_soft:00000] loss=31.763794 tau=1.50 collapse_w=0.000 mid_frac=0.375 hard=score=97.3499289996 wNMSE=3.7881031 wMSE=244030.7293 wMRED=16.84216972 wER=0.572834 wMAE=257.6934 wBias=-37.4929 condBias=258.1521 dotDrift=-4.857sigma uMRED=0.5924053752 uER=0.567139 uMAE=243.2041 WCE=2120 bias=67.8125
[pop02_soft:00200] loss=7.828598 tau=2.25 collapse_w=0.000 mid_frac=0.274 hard=score=1780.7910823742 wNMSE=4.2896333 wMSE=276339.4525 wMRED=15.79487586 wER=0.524522 wMAE=218.1608 wBias=-166.9955 condBias=315.1167 dotDrift=-20.331sigma uMRED=0.5615745684 uER=0.558105 uMAE=227.7832 WCE=1920 bias=-53.3750
[pop02_soft:00400] loss=2.449636 tau=3.00 collapse_w=0.000 mid_frac=0.226 hard=score=0.7669000118 wNMSE=0.28796394 wMSE=18550.7229 wMRED=2.61664896 wER=0.518301 wMAE=66.0465 wBias=2.0459 condBias=59.6181 dotDrift=+0.961sigma uMRED=0.2214749706 uER=0.555908 uMAE=143.5518 WCE=1104 bias=-36.6250
[pop02_soft:00600] loss=0.483134 tau=3.75 collapse_w=0.000 mid_frac=0.208 hard=score=20.3143927925 wNMSE=0.26342308 wMSE=16969.7934 wMRED=2.51409545 wER=0.468315 wMAE=60.9301 wBias=-17.6645 condBias=64.6754 dotDrift=-8.678sigma uMRED=0.2052794134 uER=0.519287 uMAE=123.1934 WCE=1064 bias=-53.0000
[pop02_soft:00800] loss=0.340092 tau=4.50 collapse_w=0.084 mid_frac=0.179 hard=score=11.0121841002 wNMSE=0.22207009 wMSE=14305.8214 wMRED=2.15158754 wER=0.452328 wMAE=52.9241 wBias=-12.9130 condBias=60.8764 dotDrift=-6.910sigma uMRED=0.1748016279 uER=0.485596 uMAE=91.8164 WCE=956 bias=-46.8750
[pop02_soft:01000] loss=0.228013 tau=5.25 collapse_w=0.293 mid_frac=0.149 hard=score=5.9445442449 wNMSE=0.20410798 wMSE=13148.6972 wMRED=2.04612238 wER=0.438576 wMAE=49.2678 wBias=-9.3603 condBias=54.5336 dotDrift=-5.224sigma uMRED=0.1597426165 uER=0.486816 uMAE=84.0996 WCE=956 bias=-46.8750
[pop02_soft:01125] loss=0.158459 tau=5.72 collapse_w=0.423 mid_frac=0.131 hard=score=0.4229212107 wNMSE=0.21358596 wMSE=13759.2711 wMRED=2.17414016 wER=0.405602 wMAE=46.4224 wBias=-0.0213 condBias=68.3086 dotDrift=-0.012sigma uMRED=0.1607413905 uER=0.478027 uMAE=79.6504 WCE=956 bias=-54.8750 *BEST*
[pop02_soft:01199] loss=0.130134 tau=6.00 collapse_w=0.500 mid_frac=0.137 hard=score=0.4229212107 wNMSE=0.21358596 wMSE=13759.2711 wMRED=2.17414016 wER=0.405602 wMAE=46.4224 wBias=-0.0213 condBias=68.3086 dotDrift=-0.012sigma uMRED=0.1607413905 uER=0.478027 uMAE=79.6504 WCE=956 bias=-54.8750
[pop02_hard:00000] loss=0.510153 tau=6.00 collapse_w=0.500 mid_frac=0.137 hard=score=0.4229212107 wNMSE=0.21358596 wMSE=13759.2711 wMRED=2.17414016 wER=0.405602 wMAE=46.4224 wBias=-0.0213 condBias=68.3086 dotDrift=-0.012sigma uMRED=0.1607413905 uER=0.478027 uMAE=79.6504 WCE=956 bias=-54.8750
[pop02_hard:00200] loss=21.941040 tau=6.00 collapse_w=0.500 mid_frac=0.143 hard=score=21.8581193991 wNMSE=0.20377191 wMSE=13127.0474 wMRED=2.14444392 wER=0.405602 wMAE=45.8050 wBias=18.3770 condBias=60.5903 dotDrift=+10.265sigma uMRED=0.1484150511 uER=0.478027 uMAE=75.1035 WCE=956 bias=-22.8750
[pop02_hard:00400] loss=2.859751 tau=6.00 collapse_w=0.500 mid_frac=0.149 hard=score=9.9494361371 wNMSE=0.21436332 wMSE=13809.3490 wMRED=2.07837393 wER=0.438576 wMAE=50.4401 wBias=-12.2564 condBias=59.8934 dotDrift=-6.675sigma uMRED=0.1601081480 uER=0.486816 uMAE=80.8047 WCE=956 bias=-58.8750
[pop02_hard:00599] loss=10.030021 tau=6.00 collapse_w=0.500 mid_frac=0.149 hard=score=2.7804825102 wNMSE=0.20454928 wMSE=13177.1253 wMRED=2.04867769 wER=0.438576 wMAE=49.8227 wBias=6.1419 condBias=50.9151 dotDrift=+3.424sigma uMRED=0.1477818085 uER=0.486816 uMAE=76.2578 WCE=956 bias=-26.8750
[pop02] done (conf=0.53, noise=0.5); global best score=0.4229212107 wNMSE=0.21358596 wMSE=13759.2711 wMRED=2.17414016 wER=0.405602 wMAE=46.4224 wBias=-0.0213 condBias=68.3086 dotDrift=-0.012sigma uMRED=0.1607413905 uER=0.478027 uMAE=79.6504 WCE=956 bias=-54.8750
[pop03_soft:00000] loss=6.701865 tau=1.50 collapse_w=0.000 mid_frac=0.435 hard=score=820.9804164718 wNMSE=11.40302 wMSE=734585.9233 wMRED=34.05071433 wER=0.582047 wMAE=467.1942 wBias=-112.2809 condBias=484.4195 dotDrift=-8.384sigma uMRED=1.1195624670 uER=0.578125 uMAE=395.4556 WCE=3073 bias=18.8125
[pop03_soft:00200] loss=6.760354 tau=2.25 collapse_w=0.000 mid_frac=0.440 hard=score=1619.4983534617 wNMSE=4.6624088 wMSE=300353.7669 wMRED=22.14645560 wER=0.582007 wMAE=243.2094 wBias=159.2268 condBias=300.6073 dotDrift=+18.594sigma uMRED=0.7018177491 uER=0.577393 uMAE=233.6592 WCE=3954 bias=132.5625
[pop03_soft:00400] loss=3.688080 tau=3.00 collapse_w=0.000 mid_frac=0.381 hard=score=55.5312037133 wNMSE=0.92318066 wMSE=59471.5736 wMRED=10.19156287 wER=0.566806 wMAE=81.5772 wBias=29.1498 condBias=84.2121 dotDrift=+7.650sigma uMRED=0.3311592824 uER=0.573730 uMAE=143.6309 WCE=3924 bias=102.6250
[pop03_soft:00600] loss=0.684558 tau=3.75 collapse_w=0.000 mid_frac=0.321 hard=score=0.5850867184 wNMSE=0.29302388 wMSE=18876.6857 wMRED=2.48819114 wER=0.537679 wMAE=64.2161 wBias=0.6660 condBias=68.3598 dotDrift=+0.310sigma uMRED=0.2310058641 uER=0.562500 uMAE=139.9531 WCE=1792 bias=-32.1250
[pop03_soft:00800] loss=0.367334 tau=4.50 collapse_w=0.084 mid_frac=0.298 hard=score=2.9995815819 wNMSE=0.25208909 wMSE=16239.6541 wMRED=2.16062299 wER=0.528124 wMAE=55.1851 wBias=-6.2500 condBias=68.6491 dotDrift=-3.139sigma uMRED=0.2048401529 uER=0.558350 uMAE=119.3398 WCE=1840 bias=-60.5000
[pop03_soft:01000] loss=0.280954 tau=5.25 collapse_w=0.293 mid_frac=0.280 hard=score=1.3071824778 wNMSE=0.24832829 wMSE=15997.3822 wMRED=1.87436577 wER=0.512517 wMAE=52.2970 wBias=-3.5160 condBias=69.7308 dotDrift=-1.779sigma uMRED=0.2062880917 uER=0.551025 uMAE=123.0898 WCE=1840 bias=-57.5000
[pop03_soft:01199] loss=0.206967 tau=6.00 collapse_w=0.500 mid_frac=0.268 hard=score=2.3463193206 wNMSE=0.17625955 wMSE=11354.6928 wMRED=1.73511055 wER=0.512517 wMAE=44.9463 wBias=5.5063 condBias=58.6919 dotDrift=+3.307sigma uMRED=0.1768920608 uER=0.551025 uMAE=108.8203 WCE=1840 bias=-41.6250
[pop03_hard:00000] loss=2.376028 tau=6.00 collapse_w=0.500 mid_frac=0.268 hard=score=2.3463193206 wNMSE=0.17625955 wMSE=11354.6928 wMRED=1.73511055 wER=0.512517 wMAE=44.9463 wBias=5.5063 condBias=58.6919 dotDrift=+3.307sigma uMRED=0.1768920608 uER=0.551025 uMAE=108.8203 WCE=1840 bias=-41.6250
[pop03_hard:00200] loss=5.465607 tau=6.00 collapse_w=0.500 mid_frac=0.268 hard=score=5.4169151651 wNMSE=0.25910373 wMSE=16691.5396 wMRED=2.15900073 wER=0.512517 wMAE=55.9084 wBias=-8.7633 condBias=71.2999 dotDrift=-4.341sigma uMRED=0.2108706747 uER=0.551025 uMAE=122.8828 WCE=1840 bias=-61.6250
[pop03_hard:00400] loss=3.744614 tau=6.00 collapse_w=0.500 mid_frac=0.262 hard=score=3.6794915996 wNMSE=0.2503077 wMSE=16124.8965 wMRED=2.16199752 wER=0.512517 wMAE=56.1549 wBias=-7.0830 condBias=68.0760 dotDrift=-3.570sigma uMRED=0.2066528706 uER=0.551025 uMAE=122.3828 WCE=1488 bias=-37.6250
[pop03_hard:00599] loss=2.528983 tau=6.00 collapse_w=0.500 mid_frac=0.256 hard=score=2.4634015395 wNMSE=0.25479251 wMSE=16413.8097 wMRED=2.19689086 wER=0.512517 wMAE=56.9872 wBias=-5.5609 condBias=68.5256 dotDrift=-2.778sigma uMRED=0.2073300949 uER=0.551025 uMAE=122.3125 WCE=1488 bias=-35.6250
[pop03] done (conf=0.51, noise=1.0); global best score=0.4229212107 wNMSE=0.21358596 wMSE=13759.2711 wMRED=2.17414016 wER=0.405602 wMAE=46.4224 wBias=-0.0213 condBias=68.3086 dotDrift=-0.012sigma uMRED=0.1607413905 uER=0.478027 uMAE=79.6504 WCE=956 bias=-54.8750
[pop04_soft:00000] loss=12.575200 tau=1.50 collapse_w=0.000 mid_frac=0.345 hard=score=153.5158098425 wNMSE=1.9235677 wMSE=123916.8038 wMRED=10.61734868 wER=0.551480 wMAE=182.8317 wBias=48.5344 condBias=186.5664 dotDrift=+8.824sigma uMRED=0.4925488309 uER=0.568604 uMAE=274.9165 WCE=2857 bias=47.5625
[pop04_soft:00200] loss=6.148567 tau=2.25 collapse_w=0.000 mid_frac=0.327 hard=score=5.2629454618 wNMSE=0.84649093 wMSE=54531.1982 wMRED=6.80210571 wER=0.524201 wMAE=121.5892 wBias=-7.6216 condBias=104.2026 dotDrift=-2.089sigma uMRED=0.3504797656 uER=0.554688 uMAE=196.7109 WCE=2388 bias=89.7500
[pop04_soft:00400] loss=2.905190 tau=3.00 collapse_w=0.000 mid_frac=0.256 hard=score=150.4177823342 wNMSE=5.4927356 wMSE=353843.6672 wMRED=22.33926013 wER=0.503534 wMAE=174.5938 wBias=-47.0199 condBias=352.6879 dotDrift=-5.059sigma uMRED=0.6475559401 uER=0.559082 uMAE=214.8789 WCE=3656 bias=112.0000
[pop04_soft:00600] loss=0.619582 tau=3.75 collapse_w=0.000 mid_frac=0.167 hard=score=15.2335769957 wNMSE=0.39136746 wMSE=25212.0084 wMRED=2.76299484 wER=0.420153 wMAE=65.6782 wBias=15.0956 condBias=90.3898 dotDrift=+6.085sigma uMRED=0.2742416149 uER=0.507568 uMAE=149.2832 WCE=1504 bias=26.0000
[pop04_soft:00800] loss=0.339502 tau=4.50 collapse_w=0.084 mid_frac=0.155 hard=score=43.8632529328 wNMSE=0.31424443 wMSE=20243.7201 wMRED=2.45231894 wER=0.425537 wMAE=54.9848 wBias=26.0810 condBias=80.9163 dotDrift=+11.732sigma uMRED=0.2375185023 uER=0.498047 uMAE=130.8027 WCE=1376 bias=41.8750
[pop04_soft:01000] loss=0.236172 tau=5.25 collapse_w=0.293 mid_frac=0.131 hard=score=43.3346229320 wNMSE=0.30829944 wMSE=19860.7420 wMRED=2.41506355 wER=0.425168 wMAE=53.5318 wBias=25.9247 condBias=79.7677 dotDrift=+11.773sigma uMRED=0.2346602606 uER=0.501709 uMAE=128.8652 WCE=1376 bias=42.3750
[pop04_soft:01199] loss=0.132303 tau=6.00 collapse_w=0.500 mid_frac=0.131 hard=score=55.3227374129 wNMSE=0.26514794 wMSE=17080.9095 wMRED=2.37467814 wER=0.425168 wMAE=50.5881 wBias=29.3546 condBias=74.0539 dotDrift=+14.375sigma uMRED=0.2018227246 uER=0.501709 uMAE=107.4277 WCE=1344 bias=73.3750
[pop04_hard:00000] loss=55.400230 tau=6.00 collapse_w=0.500 mid_frac=0.131 hard=score=55.3227374129 wNMSE=0.26514794 wMSE=17080.9095 wMRED=2.37467814 wER=0.425168 wMAE=50.5881 wBias=29.3546 condBias=74.0539 dotDrift=+14.375sigma uMRED=0.2018227246 uER=0.501709 uMAE=107.4277 WCE=1344 bias=73.3750
[pop04_hard:00200] loss=3.738489 tau=6.00 collapse_w=0.500 mid_frac=0.137 hard=score=3.6787840012 wNMSE=0.29148136 wMSE=18777.3164 wMRED=2.32306256 wER=0.425168 wMAE=50.1508 wBias=6.9719 condBias=77.3733 dotDrift=+3.256sigma uMRED=0.2553443212 uER=0.501709 uMAE=151.9277 WCE=1700 bias=-54.6250
[pop04_hard:00400] loss=24.251898 tau=6.00 collapse_w=0.500 mid_frac=0.131 hard=score=24.2077139832 wNMSE=1.4568998 wMSE=93853.9213 wMRED=2.84239464 wER=0.425168 wMAE=77.2714 wBias=-18.4876 condBias=161.0051 dotDrift=-3.862sigma uMRED=0.3346194396 uER=0.501709 uMAE=180.1777 WCE=2484 bias=-54.6250
[pop04_hard:00599] loss=24.247972 tau=6.00 collapse_w=0.500 mid_frac=0.113 hard=score=24.2077139832 wNMSE=1.4568998 wMSE=93853.9213 wMRED=2.84239464 wER=0.425168 wMAE=77.2714 wBias=-18.4876 condBias=161.0051 dotDrift=-3.862sigma uMRED=0.3346194396 uER=0.501709 uMAE=180.1777 WCE=2484 bias=-54.6250
[pop04] done (conf=0.53, noise=0.5); global best score=0.4229212107 wNMSE=0.21358596 wMSE=13759.2711 wMRED=2.17414016 wER=0.405602 wMAE=46.4224 wBias=-0.0213 condBias=68.3086 dotDrift=-0.012sigma uMRED=0.1607413905 uER=0.478027 uMAE=79.6504 WCE=956 bias=-54.8750
[pop05_soft:00000] loss=21.709888 tau=1.50 collapse_w=0.000 mid_frac=0.417 hard=score=636.8852865830 wNMSE=6.8485073 wMSE=441182.8808 wMRED=17.63035255 wER=0.575684 wMAE=329.0308 wBias=99.1636 condBias=352.8488 dotDrift=+9.555sigma uMRED=0.9329227793 uER=0.570801 uMAE=483.4707 WCE=3422 bias=178.8750
[pop05_soft:00200] loss=8.569902 tau=2.25 collapse_w=0.000 mid_frac=0.393 hard=score=1197.2146529060 wNMSE=3.0031647 wMSE=193464.7653 wMRED=11.10752165 wER=0.549881 wMAE=178.6591 wBias=-136.9244 condBias=253.8638 dotDrift=-19.923sigma uMRED=0.6397932711 uER=0.569336 uMAE=318.5312 WCE=2926 bias=-114.1250
[pop05_soft:00400] loss=5.628419 tau=3.00 collapse_w=0.000 mid_frac=0.399 hard=score=16.8873663304 wNMSE=0.68018439 wMSE=43817.6813 wMRED=3.17220121 wER=0.451357 wMAE=74.4957 wBias=15.7163 condBias=83.4126 dotDrift=+4.805sigma uMRED=0.3347517260 uER=0.520752 uMAE=187.8867 WCE=3656 bias=117.0000
[pop05_soft:00600] loss=2.900517 tau=3.75 collapse_w=0.000 mid_frac=0.315 hard=score=7.0518872152 wNMSE=0.54404925 wMSE=35047.8150 wMRED=2.91233158 wER=0.486473 wMAE=70.3819 wBias=9.7540 condBias=80.8281 dotDrift=+3.335sigma uMRED=0.3021541089 uER=0.546631 uMAE=167.2090 WCE=3704 bias=22.7500
[pop05_soft:00800] loss=1.063370 tau=4.50 collapse_w=0.084 mid_frac=0.232 hard=score=0.8219635389 wNMSE=0.4232325 wMSE=27264.7635 wMRED=2.50458104 wER=0.474668 wMAE=69.1100 wBias=-0.8081 condBias=88.2827 dotDrift=-0.313sigma uMRED=0.3030787824 uER=0.517822 uMAE=176.8398 WCE=1636 bias=-30.3750
[pop05_soft:01000] loss=0.846277 tau=5.25 collapse_w=0.293 mid_frac=0.202 hard=score=2.8459410243 wNMSE=0.40903332 wMSE=26350.0484 wMRED=2.31618824 wER=0.491208 wMAE=66.8671 wBias=-5.7407 condBias=85.6641 dotDrift=-2.263sigma uMRED=0.2986090279 uER=0.536133 uMAE=177.5449 WCE=1636 bias=-35.3750
[pop05_soft:01199] loss=0.666053 tau=6.00 collapse_w=0.500 mid_frac=0.208 hard=score=0.8764500421 wNMSE=0.36580264 wMSE=23565.1152 wMRED=2.28823264 wER=0.491208 wMAE=64.2178 wBias=-1.7203 condBias=81.3553 dotDrift=-0.717sigma uMRED=0.2659083328 uER=0.536133 uMAE=154.8184 WCE=1636 bias=-3.3750
[pop05_hard:00000] loss=0.938104 tau=6.00 collapse_w=0.500 mid_frac=0.208 hard=score=0.8764500421 wNMSE=0.36580264 wMSE=23565.1152 wMRED=2.28823264 wER=0.491208 wMAE=64.2178 wBias=-1.7203 condBias=81.3553 dotDrift=-0.717sigma uMRED=0.2659083328 uER=0.536133 uMAE=154.8184 WCE=1636 bias=-3.3750
[pop05_hard:00200] loss=0.934973 tau=6.00 collapse_w=0.500 mid_frac=0.208 hard=score=0.8764500421 wNMSE=0.36580264 wMSE=23565.1152 wMRED=2.28823264 wER=0.491208 wMAE=64.2178 wBias=-1.7203 condBias=81.3553 dotDrift=-0.717sigma uMRED=0.2659083328 uER=0.536133 uMAE=154.8184 WCE=1636 bias=-3.3750
[pop05_hard:00400] loss=0.659783 tau=6.00 collapse_w=0.500 mid_frac=0.208 hard=score=0.8764500421 wNMSE=0.36580264 wMSE=23565.1152 wMRED=2.28823264 wER=0.491208 wMAE=64.2178 wBias=-1.7203 condBias=81.3553 dotDrift=-0.717sigma uMRED=0.2659083328 uER=0.536133 uMAE=154.8184 WCE=1636 bias=-3.3750
[pop05_hard:00599] loss=1.232183 tau=6.00 collapse_w=0.500 mid_frac=0.196 hard=score=1.1428983404 wNMSE=0.26643231 wMSE=17163.6486 wMRED=2.24096055 wER=0.491208 wMAE=59.3578 wBias=-3.2365 condBias=67.7679 dotDrift=-1.581sigma uMRED=0.1816666377 uER=0.536133 uMAE=95.0605 WCE=884 bias=-3.3750
[pop05] done (conf=0.51, noise=1.0); global best score=0.4229212107 wNMSE=0.21358596 wMSE=13759.2711 wMRED=2.17414016 wER=0.405602 wMAE=46.4224 wBias=-0.0213 condBias=68.3086 dotDrift=-0.012sigma uMRED=0.1607413905 uER=0.478027 uMAE=79.6504 WCE=956 bias=-54.8750
[pop06_soft:00000] loss=35.078484 tau=1.50 collapse_w=0.000 mid_frac=0.286 hard=score=8635.1465408001 wNMSE=28.041909 wMSE=1806468.1340 wMRED=40.84133351 wER=0.581633 wMAE=661.5634 wBias=367.3939 condBias=806.1966 dotDrift=+17.494sigma uMRED=1.1730873639 uER=0.573730 uMAE=370.2588 WCE=3790 bias=156.1250
[pop06_soft:00200] loss=9.634834 tau=2.25 collapse_w=0.000 mid_frac=0.262 hard=score=19.6138290652 wNMSE=6.2408612 wMSE=402038.1355 wMRED=16.65506160 wER=0.561241 wMAE=307.5414 wBias=-11.5597 condBias=303.2033 dotDrift=-1.167sigma uMRED=0.5920086308 uER=0.562744 uMAE=229.9131 WCE=3584 bias=-139.2500
[pop06_soft:00400] loss=1.786246 tau=3.00 collapse_w=0.000 mid_frac=0.220 hard=score=15.5290863346 wNMSE=0.5093706 wMSE=32813.8061 wMRED=2.61178409 wER=0.491661 wMAE=75.7181 wBias=-15.1266 condBias=88.0285 dotDrift=-5.344sigma uMRED=0.2963113575 uER=0.544189 uMAE=172.1445 WCE=3324 bias=19.7500
[pop06_soft:00600] loss=0.463052 tau=3.75 collapse_w=0.000 mid_frac=0.173 hard=score=16.2658867397 wNMSE=0.3719196 wMSE=23959.1716 wMRED=2.37756923 wER=0.475141 wMAE=68.0004 wBias=-15.6615 condBias=77.7369 dotDrift=-6.476sigma uMRED=0.2699383798 uER=0.523682 uMAE=157.5117 WCE=1456 bias=7.0000
[pop06_soft:00800] loss=0.338868 tau=4.50 collapse_w=0.084 mid_frac=0.167 hard=score=10.7711503600 wNMSE=0.35776526 wMSE=23047.3445 wMRED=2.22410220 wER=0.444436 wMAE=63.1085 wBias=-12.6222 condBias=75.8609 dotDrift=-5.321sigma uMRED=0.2403414726 uER=0.491455 uMAE=133.8535 WCE=1200 bias=-17.5000
[pop06_soft:01000] loss=0.252787 tau=5.25 collapse_w=0.293 mid_frac=0.155 hard=score=7.9581117001 wNMSE=0.35832127 wMSE=23083.1632 wMRED=2.13074573 wER=0.425235 wMAE=62.0741 wBias=-10.7260 condBias=75.8829 dotDrift=-4.518sigma uMRED=0.2377009968 uER=0.484619 uMAE=132.7207 WCE=1200 bias=-15.5000
[pop06_soft:01199] loss=0.153934 tau=6.00 collapse_w=0.500 mid_frac=0.149 hard=score=14.2099917458 wNMSE=0.39982817 wMSE=25757.0499 wMRED=2.81657108 wER=0.426193 wMAE=67.3441 wBias=14.5500 condBias=88.5317 dotDrift=+5.802sigma uMRED=0.2645613297 uER=0.494873 uMAE=142.4980 WCE=1456 bias=0.5000
[pop06_hard:00000] loss=14.304194 tau=6.00 collapse_w=0.500 mid_frac=0.149 hard=score=14.2099917458 wNMSE=0.39982817 wMSE=25757.0499 wMRED=2.81657108 wER=0.426193 wMAE=67.3441 wBias=14.5500 condBias=88.5317 dotDrift=+5.802sigma uMRED=0.2645613297 uER=0.494873 uMAE=142.4980 WCE=1456 bias=0.5000
[pop06_hard:00200] loss=14.302922 tau=6.00 collapse_w=0.500 mid_frac=0.137 hard=score=14.2099917458 wNMSE=0.39982817 wMSE=25757.0499 wMRED=2.81657108 wER=0.426193 wMAE=67.3441 wBias=14.5500 condBias=88.5317 dotDrift=+5.802sigma uMRED=0.2645613297 uER=0.494873 uMAE=142.4980 WCE=1456 bias=0.5000
[pop06_hard:00400] loss=14.301758 tau=6.00 collapse_w=0.500 mid_frac=0.137 hard=score=14.2099917458 wNMSE=0.39982817 wMSE=25757.0499 wMRED=2.81657108 wER=0.426193 wMAE=67.3441 wBias=14.5500 condBias=88.5317 dotDrift=+5.802sigma uMRED=0.2645613297 uER=0.494873 uMAE=142.4980 WCE=1456 bias=0.5000
[pop06_hard:00599] loss=14.301330 tau=6.00 collapse_w=0.500 mid_frac=0.137 hard=score=14.2099917458 wNMSE=0.39982817 wMSE=25757.0499 wMRED=2.81657108 wER=0.426193 wMAE=67.3441 wBias=14.5500 condBias=88.5317 dotDrift=+5.802sigma uMRED=0.2645613297 uER=0.494873 uMAE=142.4980 WCE=1456 bias=0.5000
[pop06] done (conf=0.53, noise=0.5); global best score=0.4229212107 wNMSE=0.21358596 wMSE=13759.2711 wMRED=2.17414016 wER=0.405602 wMAE=46.4224 wBias=-0.0213 condBias=68.3086 dotDrift=-0.012sigma uMRED=0.1607413905 uER=0.478027 uMAE=79.6504 WCE=956 bias=-54.8750
[pop07_soft:00000] loss=12.445148 tau=1.50 collapse_w=0.000 mid_frac=0.393 hard=score=1070.1975771746 wNMSE=6.4301445 wMSE=414231.8263 wMRED=27.76436063 wER=0.582047 wMAE=281.6476 wBias=129.1108 condBias=288.6190 dotDrift=+12.839sigma uMRED=0.9153149624 uER=0.578125 uMAE=322.3613 WCE=3882 bias=61.7500
[pop07_soft:00200] loss=7.243351 tau=2.25 collapse_w=0.000 mid_frac=0.369 hard=score=83.9018682089 wNMSE=3.8255305 wMSE=246441.8135 wMRED=19.19522526 wER=0.562339 wMAE=138.5612 wBias=-34.9002 condBias=265.6734 dotDrift=-4.499sigma uMRED=0.5854819996 uER=0.567139 uMAE=216.1523 WCE=3852 bias=-104.3750
[pop07_soft:00400] loss=3.788059 tau=3.00 collapse_w=0.000 mid_frac=0.315 hard=score=169.0757388046 wNMSE=0.55362015 wMSE=35664.3753 wMRED=2.71162805 wER=0.525548 wMAE=77.8538 wBias=51.4157 condBias=102.9533 dotDrift=+17.424sigma uMRED=0.3196187195 uER=0.555176 uMAE=194.4043 WCE=2048 bias=157.2500
[pop07_soft:00600] loss=2.073672 tau=3.75 collapse_w=0.000 mid_frac=0.304 hard=score=87.9456087908 wNMSE=0.47920849 wMSE=30870.7535 wMRED=2.64690631 wER=0.520894 wMAE=69.4550 wBias=36.9889 condBias=92.0595 dotDrift=+13.473sigma uMRED=0.2925406691 uER=0.553955 uMAE=165.7598 WCE=3296 bias=118.2500
[pop07_soft:00800] loss=0.414477 tau=4.50 collapse_w=0.084 mid_frac=0.280 hard=score=8.1545242231 wNMSE=0.31674475 wMSE=20404.7912 wMRED=2.34826086 wER=0.482456 wMAE=62.0857 wBias=10.9065 condBias=75.9216 dotDrift=+4.887sigma uMRED=0.2372332385 uER=0.542236 uMAE=136.4727 WCE=1216 bias=-5.7500
[pop07_soft:01000] loss=0.278466 tau=5.25 collapse_w=0.293 mid_frac=0.292 hard=score=11.6182869906 wNMSE=0.31555273 wMSE=20328.0010 wMRED=2.28703224 wER=0.483590 wMAE=60.4177 wBias=13.1699 condBias=75.4244 dotDrift=+5.912sigma uMRED=0.2338838062 uER=0.541504 uMAE=134.7070 WCE=1216 bias=-2.8750
[pop07_soft:01199] loss=0.173337 tau=6.00 collapse_w=0.500 mid_frac=0.280 hard=score=14.7974621809 wNMSE=0.30838832 wMSE=19866.4672 wMRED=2.16066097 wER=0.458697 wMAE=56.1934 wBias=14.9535 condBias=74.0907 dotDrift=+6.790sigma uMRED=0.2297136360 uER=0.536865 uMAE=133.0820 WCE=1216 bias=-0.8750
[pop07_hard:00000] loss=14.877571 tau=6.00 collapse_w=0.500 mid_frac=0.280 hard=score=14.7974621809 wNMSE=0.30838832 wMSE=19866.4672 wMRED=2.16066097 wER=0.458697 wMAE=56.1934 wBias=14.9535 condBias=74.0907 dotDrift=+6.790sigma uMRED=0.2297136360 uER=0.536865 uMAE=133.0820 WCE=1216 bias=-0.8750
[pop07_hard:00200] loss=1.223457 tau=6.00 collapse_w=0.500 mid_frac=0.286 hard=score=1.1313092455 wNMSE=0.3260404 wMSE=21003.6200 wMRED=2.47653916 wER=0.458697 wMAE=60.0087 wBias=2.9060 condBias=76.5357 dotDrift=+1.283sigma uMRED=0.2388355155 uER=0.536865 uMAE=135.9336 WCE=1252 bias=-68.8750
[pop07_hard:00400] loss=0.759138 tau=6.00 collapse_w=0.500 mid_frac=0.298 hard=score=0.6820871946 wNMSE=0.35798846 wMSE=23061.7232 wMRED=2.45463697 wER=0.486178 wMAE=61.6548 wBias=-0.5958 condBias=80.1500 dotDrift=-0.251sigma uMRED=0.2783297656 uER=0.541260 uMAE=164.6621 WCE=1508 bias=-101.3750
[pop07_hard:00599] loss=0.758200 tau=6.00 collapse_w=0.500 mid_frac=0.298 hard=score=0.6820871946 wNMSE=0.35798846 wMSE=23061.7232 wMRED=2.45463697 wER=0.486178 wMAE=61.6548 wBias=-0.5958 condBias=80.1500 dotDrift=-0.251sigma uMRED=0.2783297656 uER=0.541260 uMAE=164.6621 WCE=1508 bias=-101.3750
[pop07] done (conf=0.51, noise=1.0); global best score=0.4229212107 wNMSE=0.21358596 wMSE=13759.2711 wMRED=2.17414016 wER=0.405602 wMAE=46.4224 wBias=-0.0213 condBias=68.3086 dotDrift=-0.012sigma uMRED=0.1607413905 uER=0.478027 uMAE=79.6504 WCE=956 bias=-54.8750
[pop08_soft:00000] loss=39.848431 tau=1.50 collapse_w=0.000 mid_frac=0.357 hard=score=5341.2628984596 wNMSE=7.6565106 wMSE=493234.6917 wMRED=28.28809378 wER=0.579503 wMAE=337.7440 wBias=289.4658 condBias=483.8508 dotDrift=+26.379sigma uMRED=0.8542412835 uER=0.574463 uMAE=301.9048 WCE=3944 bias=188.3125
[pop08_soft:00200] loss=8.828890 tau=2.25 collapse_w=0.000 mid_frac=0.298 hard=score=3545.1909592699 wNMSE=7.5159777 wMSE=484181.5215 wMRED=23.55813759 wER=0.577650 wMAE=332.6955 wBias=-235.6485 condBias=435.9816 dotDrift=-21.674sigma uMRED=0.8924543627 uER=0.573730 uMAE=374.2925 WCE=2456 bias=-142.8125
[pop08_soft:00400] loss=1.862592 tau=3.00 collapse_w=0.000 mid_frac=0.214 hard=score=18.8142067090 wNMSE=0.40275458 wMSE=25945.5701 wMRED=2.81167618 wER=0.509090 wMAE=74.6331 wBias=-16.8497 condBias=81.0651 dotDrift=-6.695sigma uMRED=0.3024237559 uER=0.552246 uMAE=187.5547 WCE=1836 bias=-9.7500
[pop08_soft:00600] loss=0.355373 tau=3.75 collapse_w=0.000 mid_frac=0.185 hard=score=2.8015505016 wNMSE=0.31115628 wMSE=20044.7800 wMRED=2.30129421 wER=0.452214 wMAE=56.1619 wBias=5.8307 condBias=82.0161 dotDrift=+2.636sigma uMRED=0.2497969353 uER=0.528076 uMAE=151.9766 WCE=1824 bias=-32.3750
[pop08_soft:00800] loss=0.261215 tau=4.50 collapse_w=0.084 mid_frac=0.167 hard=score=7.9655992836 wNMSE=0.25061227 wMSE=16144.5168 wMRED=1.95990767 wER=0.443262 wMAE=49.5275 wBias=10.8470 condBias=73.5473 dotDrift=+5.464sigma uMRED=0.2059129584 uER=0.498779 uMAE=114.1602 WCE=928 bias=20.1250
[pop08_soft:01000] loss=0.193093 tau=5.25 collapse_w=0.293 mid_frac=0.167 hard=score=13.3720426287 wNMSE=0.29620476 wMSE=19081.5990 wMRED=1.88247981 wER=0.441771 wMAE=49.5043 wBias=14.1707 condBias=78.2104 dotDrift=+6.565sigma uMRED=0.2416012571 uER=0.494385 uMAE=142.6172 WCE=1792 bias=-4.8750
[pop08_soft:01199] loss=0.134679 tau=6.00 collapse_w=0.500 mid_frac=0.149 hard=score=14.2886418554 wNMSE=0.29653976 wMSE=19103.1800 wMRED=1.85608204 wER=0.415320 wMAE=49.2564 wBias=14.6704 condBias=78.3263 dotDrift=+6.793sigma uMRED=0.2411862957 uER=0.482666 uMAE=142.5703 WCE=1792 bias=-4.3750
[pop08_hard:00000] loss=14.322150 tau=6.00 collapse_w=0.500 mid_frac=0.149 hard=score=14.2886418554 wNMSE=0.29653976 wMSE=19103.1800 wMRED=1.85608204 wER=0.415320 wMAE=49.2564 wBias=14.6704 condBias=78.3263 dotDrift=+6.793sigma uMRED=0.2411862957 uER=0.482666 uMAE=142.5703 WCE=1792 bias=-4.3750
[pop08_hard:00200] loss=1.088023 tau=6.00 collapse_w=0.500 mid_frac=0.149 hard=score=1.0431509576 wNMSE=0.37687368 wMSE=24278.3146 wMRED=2.05530140 wER=0.443262 wMAE=53.9553 wBias=2.1799 condBias=89.1793 dotDrift=+0.895sigma uMRED=0.2707294395 uER=0.498779 uMAE=168.3398 WCE=1792 bias=-90.8750
[pop08_hard:00400] loss=0.806701 tau=6.00 collapse_w=0.500 mid_frac=0.137 hard=score=0.7545351413 wNMSE=0.3804755 wMSE=24510.3449 wMRED=2.23944551 wER=0.443262 wMAE=56.1256 wBias=-0.3554 condBias=89.5937 dotDrift=-0.145sigma uMRED=0.2739336815 uER=0.498779 uMAE=168.4414 WCE=1792 bias=-92.8750
[pop08_hard:00599] loss=1.395802 tau=6.00 collapse_w=0.500 mid_frac=0.131 hard=score=1.3494382952 wNMSE=0.34095602 wMSE=21964.4887 wMRED=2.17659613 wER=0.443262 wMAE=52.4524 wBias=-3.2395 condBias=85.0893 dotDrift=-1.399sigma uMRED=0.2651784970 uER=0.498779 uMAE=156.7695 WCE=1792 bias=-84.8750
[pop08] done (conf=0.53, noise=0.5); global best score=0.4229212107 wNMSE=0.21358596 wMSE=13759.2711 wMRED=2.17414016 wER=0.405602 wMAE=46.4224 wBias=-0.0213 condBias=68.3086 dotDrift=-0.012sigma uMRED=0.1607413905 uER=0.478027 uMAE=79.6504 WCE=956 bias=-54.8750
[pop09_soft:00000] loss=22.697594 tau=1.50 collapse_w=0.000 mid_frac=0.482 hard=score=2320.4708487263 wNMSE=3.9213954 wMSE=252617.4630 wMRED=12.28107946 wER=0.578857 wMAE=220.0491 wBias=190.7194 condBias=353.8814 dotDrift=+24.285sigma uMRED=0.5377109226 uER=0.573730 uMAE=226.7397 WCE=2894 bias=198.4375
[pop09_soft:00200] loss=9.379080 tau=2.25 collapse_w=0.000 mid_frac=0.423 hard=score=91.0621538344 wNMSE=2.4169918 wMSE=155703.3331 wMRED=15.64682361 wER=0.559911 wMAE=215.7691 wBias=36.7899 condBias=222.4478 dotDrift=+5.967sigma uMRED=0.4031208580 uER=0.567139 uMAE=126.7993 WCE=1104 bias=-22.3750
[pop09_soft:00400] loss=4.100689 tau=3.00 collapse_w=0.000 mid_frac=0.393 hard=score=10.9575094091 wNMSE=0.22139333 wMSE=14262.2240 wMRED=1.68280018 wER=0.494087 wMAE=47.3851 wBias=12.8610 condBias=62.6228 dotDrift=+6.892sigma uMRED=0.2161008435 uER=0.543701 uMAE=136.3672 WCE=1392 bias=47.2500
[pop09_soft:00600] loss=0.824223 tau=3.75 collapse_w=0.000 mid_frac=0.327 hard=score=0.7007909905 wNMSE=0.24848034 wMSE=16007.1773 wMRED=1.84867537 wER=0.467191 wMAE=51.3037 wBias=1.7979 condBias=70.2765 dotDrift=+0.909sigma uMRED=0.2354024217 uER=0.536865 uMAE=142.1660 WCE=1376 bias=-14.5000
[pop09_soft:00800] loss=0.507651 tau=4.50 collapse_w=0.084 mid_frac=0.298 hard=score=10.2491995364 wNMSE=0.20981145 wMSE=13516.1164 wMRED=1.90025067 wER=0.500726 wMAE=47.5533 wBias=-12.4349 condBias=63.1248 dotDrift=-6.845sigma uMRED=0.2182802460 uER=0.555176 uMAE=134.6562 WCE=1312 bias=-39.7500
[pop09_soft:01000] loss=0.355064 tau=5.25 collapse_w=0.293 mid_frac=0.268 hard=score=0.4235687108 wNMSE=0.15619096 wMSE=10061.8680 wMRED=1.73855214 wER=0.500726 wMAE=40.6638 wBias=-1.2236 condBias=51.5478 dotDrift=-0.781sigma uMRED=0.1910634699 uER=0.555176 uMAE=120.6895 WCE=1312 bias=-18.7500
[pop09_soft:01150] loss=0.246570 tau=5.82 collapse_w=0.449 mid_frac=0.274 hard=score=0.3432044969 wNMSE=0.15865723 wMSE=10220.7457 wMRED=1.75122550 wER=0.500726 wMAE=41.3634 wBias=-0.3776 condBias=52.4395 dotDrift=-0.239sigma uMRED=0.1942317670 uER=0.555176 uMAE=122.4902 WCE=1312 bias=-16.7500 *BEST*
[pop09_soft:01199] loss=0.150495 tau=6.00 collapse_w=0.500 mid_frac=0.292 hard=score=0.8976477858 wNMSE=0.15158073 wMSE=9764.8759 wMRED=1.69564516 wER=0.494481 wMAE=40.3650 wBias=3.0159 condBias=49.8138 dotDrift=+1.953sigma uMRED=0.1812175583 uER=0.557373 uMAE=116.8184 WCE=1312 bias=3.2500
[pop09_hard:00000] loss=0.951308 tau=6.00 collapse_w=0.500 mid_frac=0.292 hard=score=0.8976477858 wNMSE=0.15158073 wMSE=9764.8759 wMRED=1.69564516 wER=0.494481 wMAE=40.3650 wBias=3.0159 condBias=49.8138 dotDrift=+1.953sigma uMRED=0.1812175583 uER=0.557373 uMAE=116.8184 WCE=1312 bias=3.2500
[pop09_hard:00200] loss=0.667642 tau=6.00 collapse_w=0.500 mid_frac=0.280 hard=score=0.6138918704 wNMSE=0.14916668 wMSE=9609.3622 wMRED=1.68560308 wER=0.493665 wMAE=39.6847 wBias=2.1713 condBias=48.5168 dotDrift=+1.418sigma uMRED=0.1785543971 uER=0.552979 uMAE=115.0996 WCE=1312 bias=1.2500
[pop09_hard:00300] loss=0.667111 tau=6.00 collapse_w=0.500 mid_frac=0.286 hard=score=0.2905191344 wNMSE=0.087968057 wMSE=5666.9285 wMRED=1.64969578 wER=0.493587 wMAE=36.3024 wBias=-1.3172 condBias=36.7440 dotDrift=-1.120sigma uMRED=0.1330512683 uER=0.552246 uMAE=83.9258 WCE=692 bias=-30.7500 *BEST*
[pop09_hard:00400] loss=0.666328 tau=6.00 collapse_w=0.500 mid_frac=0.286 hard=score=0.2905191344 wNMSE=0.087968057 wMSE=5666.9285 wMRED=1.64969578 wER=0.493587 wMAE=36.3024 wBias=-1.3172 condBias=36.7440 dotDrift=-1.120sigma uMRED=0.1330512683 uER=0.552246 uMAE=83.9258 WCE=692 bias=-30.7500
[pop09_hard:00599] loss=0.664983 tau=6.00 collapse_w=0.500 mid_frac=0.274 hard=score=0.6138918704 wNMSE=0.14916668 wMSE=9609.3622 wMRED=1.68560308 wER=0.493665 wMAE=39.6847 wBias=2.1713 condBias=48.5168 dotDrift=+1.418sigma uMRED=0.1785543971 uER=0.552979 uMAE=115.0996 WCE=1312 bias=1.2500
[pop09] done (conf=0.51, noise=1.0); global best score=0.2905191344 wNMSE=0.087968057 wMSE=5666.9285 wMRED=1.64969578 wER=0.493587 wMAE=36.3024 wBias=-1.3172 condBias=36.7440 dotDrift=-1.120sigma uMRED=0.1330512683 uER=0.552246 uMAE=83.9258 WCE=692 bias=-30.7500
[pop10_soft:00000] loss=36.806160 tau=1.50 collapse_w=0.000 mid_frac=0.280 hard=score=1681.6714335964 wNMSE=6.2671986 wMSE=403734.7985 wMRED=17.96734344 wER=0.572117 wMAE=295.7123 wBias=162.0927 condBias=329.0371 dotDrift=+16.327sigma uMRED=0.7108820119 uER=0.562744 uMAE=283.6216 WCE=2802 bias=56.5625
[pop10_soft:00200] loss=9.303066 tau=2.25 collapse_w=0.000 mid_frac=0.286 hard=score=879.3173433684 wNMSE=1.7382331 wMSE=111977.4925 wMRED=6.47437019 wER=0.536547 wMAE=137.1629 wBias=-117.4000 condBias=186.7657 dotDrift=-22.453sigma uMRED=0.4402232919 uER=0.564209 uMAE=222.7627 WCE=2440 bias=-209.6875
[pop10_soft:00400] loss=3.738522 tau=3.00 collapse_w=0.000 mid_frac=0.250 hard=score=296.2531910659 wNMSE=0.50846589 wMSE=32755.5243 wMRED=4.33278884 wER=0.456575 wMAE=84.8947 wBias=-68.1560 condBias=108.5210 dotDrift=-24.101sigma uMRED=0.3258434814 uER=0.542725 uMAE=180.4473 WCE=1432 bias=-147.6250
[pop10_soft:00600] loss=0.321445 tau=3.75 collapse_w=0.000 mid_frac=0.280 hard=score=9.5947662247 wNMSE=0.26126148 wMSE=16830.5424 wMRED=1.87364884 wER=0.465757 wMAE=49.7620 wBias=-11.9579 condBias=72.0139 dotDrift=-5.899sigma uMRED=0.2202256874 uER=0.524414 uMAE=126.7988 WCE=1200 bias=-0.5000
[pop10_soft:00800] loss=0.178419 tau=4.50 collapse_w=0.084 mid_frac=0.250 hard=score=1.2253066813 wNMSE=0.19402298 wMSE=12499.0182 wMRED=1.59369849 wER=0.421764 wMAE=40.2956 wBias=-3.6214 condBias=61.5202 dotDrift=-2.073sigma uMRED=0.1883952285 uER=0.497803 uMAE=111.8750 WCE=1200 bias=8.2500
[pop10_soft:01000] loss=0.123220 tau=5.25 collapse_w=0.293 mid_frac=0.214 hard=score=1.6402544056 wNMSE=0.14709988 wMSE=9476.2184 wMRED=1.32971232 wER=0.407961 wMAE=31.7838 wBias=-4.5705 condBias=53.0257 dotDrift=-3.005sigma uMRED=0.1610518801 uER=0.485840 uMAE=98.8809 WCE=1200 bias=-3.2500
[pop10_soft:01199] loss=0.082748 tau=6.00 collapse_w=0.500 mid_frac=0.185 hard=score=0.6491321471 wNMSE=0.13313829 wMSE=8576.8080 wMRED=1.29369350 wER=0.429113 wMAE=29.4359 wBias=-2.3824 condBias=50.4808 dotDrift=-1.646sigma uMRED=0.1562587268 uER=0.494873 uMAE=97.0000 WCE=1200 bias=0.2500
[pop10_hard:00000] loss=0.685021 tau=6.00 collapse_w=0.500 mid_frac=0.185 hard=score=0.6491321471 wNMSE=0.13313829 wMSE=8576.8080 wMRED=1.29369350 wER=0.429113 wMAE=29.4359 wBias=-2.3824 condBias=50.4808 dotDrift=-1.646sigma uMRED=0.1562587268 uER=0.494873 uMAE=97.0000 WCE=1200 bias=0.2500
[pop10_hard:00200] loss=0.680207 tau=6.00 collapse_w=0.500 mid_frac=0.173 hard=score=0.6491321471 wNMSE=0.13313829 wMSE=8576.8080 wMRED=1.29369350 wER=0.429113 wMAE=29.4359 wBias=-2.3824 condBias=50.4808 dotDrift=-1.646sigma uMRED=0.1562587268 uER=0.494873 uMAE=97.0000 WCE=1200 bias=0.2500
[pop10_hard:00400] loss=0.399462 tau=6.00 collapse_w=0.500 mid_frac=0.167 hard=score=0.3736628251 wNMSE=0.13247527 wMSE=8534.0967 wMRED=1.24561172 wER=0.443792 wMAE=29.5647 wBias=-1.1727 condBias=49.9129 dotDrift=-0.812sigma uMRED=0.1554458929 uER=0.502197 uMAE=97.2617 WCE=1200 bias=1.2500
[pop10_hard:00599] loss=2.764454 tau=6.00 collapse_w=0.500 mid_frac=0.161 hard=score=2.7353424627 wNMSE=0.17193626 wMSE=11076.1850 wMRED=1.33179760 wER=0.444552 wMAE=34.5297 wBias=6.1309 condBias=56.0137 dotDrift=+3.728sigma uMRED=0.1776100091 uER=0.506104 uMAE=108.8867 WCE=1200 bias=17.2500
[pop10] done (conf=0.53, noise=0.5); global best score=0.2905191344 wNMSE=0.087968057 wMSE=5666.9285 wMRED=1.64969578 wER=0.493587 wMAE=36.3024 wBias=-1.3172 condBias=36.7440 dotDrift=-1.120sigma uMRED=0.1330512683 uER=0.552246 uMAE=83.9258 WCE=692 bias=-30.7500
[pop11_soft:00000] loss=29.806568 tau=1.50 collapse_w=0.000 mid_frac=0.417 hard=score=963.3318958755 wNMSE=6.1355088 wMSE=395251.3032 wMRED=21.50615565 wER=0.569660 wMAE=339.3710 wBias=122.4338 condBias=343.8351 dotDrift=+12.464sigma uMRED=0.8012921678 uER=0.571533 uMAE=327.8506 WCE=3312 bias=-8.2500
[pop11_soft:00200] loss=8.562984 tau=2.25 collapse_w=0.000 mid_frac=0.363 hard=score=823.6975742666 wNMSE=2.2484076 wMSE=144843.0882 wMRED=10.97340032 wER=0.569106 wMAE=178.9467 wBias=-113.5224 condBias=225.0960 dotDrift=-19.090sigma uMRED=0.5754622302 uER=0.573730 uMAE=272.7812 WCE=2293 bias=-142.0000
[pop11_soft:00400] loss=2.514235 tau=3.00 collapse_w=0.000 mid_frac=0.363 hard=score=40.8989677952 wNMSE=0.79759662 wMSE=51381.4123 wMRED=5.16011828 wER=0.544062 wMAE=102.6010 wBias=-24.8817 condBias=107.5859 dotDrift=-7.025sigma uMRED=0.3215868799 uER=0.566406 uMAE=169.6855 WCE=3456 bias=2.6875
[pop11_soft:00600] loss=0.427068 tau=3.75 collapse_w=0.000 mid_frac=0.327 hard=score=3.5663651839 wNMSE=0.25002756 wMSE=16106.8501 wMRED=2.66393957 wER=0.493756 wMAE=60.1864 wBias=6.9716 condBias=69.9773 dotDrift=+3.516sigma uMRED=0.2184265283 uER=0.538330 uMAE=118.0645 WCE=928 bias=9.1875
[pop11_soft:00800] loss=0.287058 tau=4.50 collapse_w=0.084 mid_frac=0.304 hard=score=0.9040460504 wNMSE=0.23873623 wMSE=15379.4593 wMRED=2.42769555 wER=0.472445 wMAE=55.7378 wBias=2.6653 condBias=68.3665 dotDrift=+1.375sigma uMRED=0.2091261650 uER=0.522949 uMAE=114.1289 WCE=864 bias=5.3750
[pop11_soft:01000] loss=0.203201 tau=5.25 collapse_w=0.293 mid_frac=0.262 hard=score=3.8155997109 wNMSE=0.26462798 wMSE=17047.4132 wMRED=2.18142233 wER=0.455091 wMAE=52.6737 wBias=7.2247 condBias=68.8434 dotDrift=+3.541sigma uMRED=0.2202786614 uER=0.516357 uMAE=132.2305 WCE=1152 bias=52.3750
[pop11_soft:01199] loss=0.139195 tau=6.00 collapse_w=0.500 mid_frac=0.232 hard=score=0.4609763084 wNMSE=0.23582483 wMSE=15191.9059 wMRED=1.77208558 wER=0.450660 wMAE=44.6721 wBias=0.4974 condBias=64.7564 dotDrift=+0.258sigma uMRED=0.1885893220 uER=0.513184 uMAE=114.2422 WCE=1152 bias=36.3750
[pop11_hard:00000] loss=0.522668 tau=6.00 collapse_w=0.500 mid_frac=0.232 hard=score=0.4609763084 wNMSE=0.23582483 wMSE=15191.9059 wMRED=1.77208558 wER=0.450660 wMAE=44.6721 wBias=0.4974 condBias=64.7564 dotDrift=+0.258sigma uMRED=0.1885893220 uER=0.513184 uMAE=114.2422 WCE=1152 bias=36.3750
[pop11_hard:00200] loss=1.284987 tau=6.00 collapse_w=0.500 mid_frac=0.220 hard=score=1.2377526875 wNMSE=0.24159936 wMSE=15563.9026 wMRED=1.77740254 wER=0.450660 wMAE=44.8537 wBias=-3.4474 condBias=69.0174 dotDrift=-1.769sigma uMRED=0.1998292765 uER=0.513184 uMAE=116.2109 WCE=1400 bias=-27.6250
[pop11_hard:00400] loss=14.775168 tau=6.00 collapse_w=0.500 mid_frac=0.214 hard=score=14.7287144309 wNMSE=0.26600898 wMSE=17136.3781 wMRED=1.78314384 wER=0.450660 wMAE=46.3893 wBias=14.9509 condBias=66.4254 dotDrift=+7.310sigma uMRED=0.1993132212 uER=0.513184 uMAE=117.9922 WCE=1400 bias=4.3750
[pop11_hard:00599] loss=14.774652 tau=6.00 collapse_w=0.500 mid_frac=0.214 hard=score=1.2377526875 wNMSE=0.24159936 wMSE=15563.9026 wMRED=1.77740254 wER=0.450660 wMAE=44.8537 wBias=-3.4474 condBias=69.0174 dotDrift=-1.769sigma uMRED=0.1998292765 uER=0.513184 uMAE=116.2109 WCE=1400 bias=-27.6250
[pop11] done (conf=0.51, noise=1.0); global best score=0.2905191344 wNMSE=0.087968057 wMSE=5666.9285 wMRED=1.64969578 wER=0.493587 wMAE=36.3024 wBias=-1.3172 condBias=36.7440 dotDrift=-1.120sigma uMRED=0.1330512683 uER=0.552246 uMAE=83.9258 WCE=692 bias=-30.7500
[best] stage=pop09_hard score=0.2905191344 wNMSE=0.087968057 wMSE=5666.9285 wMRED=1.64969578 wER=0.493587 wMAE=36.3024 wBias=-1.3172 condBias=36.7440 dotDrift=-1.120sigma uMRED=0.1330512683 uER=0.552246 uMAE=83.9258 WCE=692 bias=-30.7500
[best-json] /home/xuanqi/tony/work/FPGA/signed8x8_approx/signed8x8_2026_8_22/runs_module_groups/G1_qk/default_split/rand303/best_signed88_inits.json
[best-rtl] /home/xuanqi/tony/work/FPGA/signed8x8_approx/signed8x8_2026_8_22/runs_module_groups/G1_qk/default_split/rand303/best_rtl
[design] default_split search_bits=168
[start] score=0.2905191344 wNMSE=0.087968057 wMSE=5666.9285 wMRED=1.64969578 wER=0.493587 wMAE=36.3024 wBias=-1.3172 condBias=36.7440 dotDrift=-1.120sigma uMRED=0.1330512683 uER=0.552246 uMAE=83.9258 WCE=692 bias=-30.7500
[single] ACCEPT ['hi_lut45:51'] 0.2905191344->0.1766298865 wNMSE=0.080160979 wBias=-0.37847
[single] ACCEPT ['lo_lut67:43'] 0.1766298865->0.1594068224 wNMSE=0.0785626 wBias=+0.05418
[single] ACCEPT ['lo_lut45:51'] 0.1594068224->0.1593177938 wNMSE=0.078640672 wBias=+0.00645
[single] ACCEPT ['lo_lut45:11'] 0.1593177938->0.1589687727 wNMSE=0.078561763 wBias=+0.06053
[single] ACCEPT ['lo_lut01:23'] 0.1589687727->0.1588457794 wNMSE=0.078593476 wBias=-0.00174
[single] ACCEPT ['mid_lut45:15'] 0.1588457794->0.1584930126 wNMSE=0.077821592 wBias=+0.09902
[single] ACCEPT ['mid_lut45:51'] 0.1584930126->0.1577311133 wNMSE=0.077185629 wBias=-0.09290
[single] ACCEPT ['mid_lut45:11'] 0.1577311133->0.1551396529 wNMSE=0.076588712 wBias=+0.12566
[single] ACCEPT ['lo_lut45:27'] 0.1551396529->0.1536665905 wNMSE=0.076248844 wBias=-0.08552
[single] ACCEPT ['lo_lut67:11'] 0.1536665905->0.1526998858 wNMSE=0.076308743 wBias=+0.13081
[single] ACCEPT ['lo_lut23:27'] 0.1526998858->0.1517817077 wNMSE=0.076432703 wBias=+0.00391
[single] ACCEPT ['lo_lut45:19'] 0.1517817077->0.1516996422 wNMSE=0.076363465 wBias=+0.02777
[single] round=13 no improvement
[pair] ACCEPT ['hi_lut45:43', 'hi_lut23:27'] 0.1516996422->0.1170794679 wNMSE=0.058096422 wBias=-0.09644
[pair] ACCEPT ['hi_lut23:7', 'hi_lut23:51'] 0.1170794679->0.0939574373 wNMSE=0.042283083 wBias=-0.08185
[pair] ACCEPT ['mid_lut45:59', 'lo_lut45:3'] 0.0939574373->0.0761586922 wNMSE=0.038164633 wBias=+0.06028
[pair] ACCEPT ['lo_lut67:43', 'mid_lut67:15'] 0.0761586922->0.0675443072 wNMSE=0.034997017 wBias=+0.03070
[basin] ACCEPT ['mid_lut01:51', 'lo_lut23:31'] 0.0675443072->0.0671353038 wNMSE=0.034747003 wBias=+0.04062
[basin] ACCEPT ['lo_lut67:15', 'lo_lut23:51', 'lo_lut01:23'] 0.0671353038->0.0659054665 wNMSE=0.034197056 wBias=+0.01037
[basin] ACCEPT ['mid_lut23:11', 'lo_lut01:23', 'mid_lut23:31', 'lo_lut23:15'] 0.0659054665->0.0630197496 wNMSE=0.032051735 wBias=+0.05742
[basin] ACCEPT ['hi_lut01:31', 'mid_lut23:55'] 0.0630197496->0.0629805462 wNMSE=0.032417676 wBias=+0.02894
[basin] ACCEPT ['mid_lut23:31', 'mid_lut45:27'] 0.0629805462->0.0625721098 wNMSE=0.033603405 wBias=-0.03774
[basin] ACCEPT ['lo_lut01:19', 'lo_lut67:47', 'lo_lut45:15'] 0.0625721098->0.0624946523 wNMSE=0.033602064 wBias=-0.02354
[basin] ACCEPT ['lo_lut01:51', 'mid_lut23:55', 'mid_lut01:31', 'hi_lut45:19'] 0.0624946523->0.0611067911 wNMSE=0.033047343 wBias=+0.02384
[final] score=0.0611067911 wNMSE=0.033047343 wMSE=2128.9197 wMRED=1.15908360 wER=0.533364 wMAE=26.0749 wBias=0.0238 condBias=17.2104 dotDrift=+0.033sigma uMRED=0.0618386358 uER=0.548828 uMAE=34.7578 WCE=256 bias=4.7500
[json] /home/xuanqi/tony/work/FPGA/signed8x8_approx/signed8x8_2026_8_22/runs_module_groups/G1_qk/default_split/rand303/refined/best_signed88_inits.json
