[design] quality quad4 entries=56
[device] cuda
[initial] score=12.1160269412 wNMSE=0.041132154 wMSE=3133.4621 wMRED=1.16778900 wER=0.249598 wMAE=24.2602 wBias=14.9611 condBias=29.9520 dotDrift=+17.105sigma uMRED=0.0407343091 uER=0.250000 uMAE=17.6250 WCE=158 bias=2.5625
[quad_warmup_bit:00000] loss=0.335734 tau=1.50 collapse_w=0.000 mid_frac=0.607 hard=score=12.1160269412 wNMSE=0.041132154 wMSE=3133.4621 wMRED=1.16778900 wER=0.249598 wMAE=24.2602 wBias=14.9611 condBias=29.9520 dotDrift=+17.105sigma uMRED=0.0407343091 uER=0.250000 uMAE=17.6250 WCE=158 bias=2.5625
[quad_warmup_bit:00075] loss=0.250264 tau=1.50 collapse_w=0.000 mid_frac=0.536 hard=score=11.7726322539 wNMSE=0.040727817 wMSE=3102.6596 wMRED=1.16722095 wER=0.249598 wMAE=24.1226 wBias=14.7467 condBias=29.5229 dotDrift=+16.944sigma uMRED=0.0401623380 uER=0.250000 uMAE=17.1250 WCE=156 bias=1.9375 *BEST*
[quad_warmup_bit:00100] loss=0.227401 tau=1.50 collapse_w=0.000 mid_frac=0.518 hard=score=11.2709869895 wNMSE=0.039355117 wMSE=2998.0868 wMRED=1.14503415 wER=0.249598 wMAE=23.6917 wBias=14.4286 condBias=28.8861 dotDrift=+16.865sigma uMRED=0.0395461961 uER=0.250000 uMAE=16.8750 WCE=152 bias=1.6875 *BEST*
[quad_warmup_bit:00125] loss=0.207127 tau=1.50 collapse_w=0.000 mid_frac=0.536 hard=score=10.9210823121 wNMSE=0.03939467 wMSE=3001.1000 wMRED=1.16342198 wER=0.249598 wMAE=23.8414 wBias=14.2015 condBias=28.4314 dotDrift=+16.591sigma uMRED=0.0398707969 uER=0.250000 uMAE=16.9375 WCE=152 bias=1.5000 *BEST*
[quad_warmup_bit:00150] loss=0.189310 tau=1.50 collapse_w=0.000 mid_frac=0.554 hard=score=10.4101522331 wNMSE=0.039657634 wMSE=3021.1327 wMRED=1.20019309 wER=0.249598 wMAE=24.1407 wBias=13.8628 condBias=27.7536 dotDrift=+16.142sigma uMRED=0.0405199984 uER=0.250000 uMAE=17.0625 WCE=152 bias=1.2500 *BEST*
[quad_warmup_bit:00175] loss=0.173818 tau=1.50 collapse_w=0.000 mid_frac=0.536 hard=score=0.5163925980 wNMSE=0.068183175 wMSE=5194.2185 wMRED=2.00296150 wER=0.249598 wMAE=35.2681 wBias=2.7355 condBias=36.0056 dotDrift=+2.429sigma uMRED=0.0588039476 uER=0.250000 uMAE=21.0625 WCE=170 bias=-2.7500 *BEST*
[quad_warmup_bit:00200] loss=0.160493 tau=1.50 collapse_w=0.000 mid_frac=0.500 hard=score=0.5163925980 wNMSE=0.068183175 wMSE=5194.2185 wMRED=2.00296150 wER=0.249598 wMAE=35.2681 wBias=2.7355 condBias=36.0056 dotDrift=+2.429sigma uMRED=0.0588039476 uER=0.250000 uMAE=21.0625 WCE=170 bias=-2.7500
[quad_warmup_bit:00225] loss=0.149149 tau=1.50 collapse_w=0.000 mid_frac=0.464 hard=score=0.2915421218 wNMSE=0.058177651 wMSE=4431.9942 wMRED=1.87355177 wER=0.241521 wMAE=31.4652 wBias=-1.8936 condBias=33.2595 dotDrift=-1.820sigma uMRED=0.0529374415 uER=0.242188 uMAE=18.6875 WCE=170 bias=-9.2500 *BEST*
[quad_warmup_bit:00400] loss=0.106918 tau=1.50 collapse_w=0.000 mid_frac=0.446 hard=score=16.0338386058 wNMSE=0.032621184 wMSE=2485.0934 wMRED=1.06395467 wER=0.175954 wMAE=17.2301 wBias=-17.2301 condBias=34.4900 dotDrift=-22.121sigma uMRED=0.0386774346 uER=0.234375 uMAE=17.6250 WCE=164 bias=-17.6250
[quad_warmup_bit:00600] loss=0.088915 tau=1.50 collapse_w=0.000 mid_frac=0.411 hard=score=16.6176836141 wNMSE=0.033323864 wMSE=2538.6238 wMRED=1.06630035 wER=0.175954 wMAE=17.5416 wBias=-17.5416 condBias=35.1134 dotDrift=-22.282sigma uMRED=0.0414977292 uER=0.234375 uMAE=20.1250 WCE=164 bias=-20.1250
[quad_warmup_bit:00800] loss=0.076183 tau=1.50 collapse_w=0.000 mid_frac=0.357 hard=score=10.5100754911 wNMSE=0.021381971 wMSE=1628.8861 wMRED=0.83849083 wER=0.167878 wMAE=13.9491 wBias=-13.9491 condBias=27.9221 dotDrift=-22.120sigma uMRED=0.0344011502 uER=0.226562 uMAE=17.5000 WCE=128 bias=-17.5000
[quad_warmup_bit:01000] loss=0.067529 tau=1.50 collapse_w=0.000 mid_frac=0.304 hard=score=10.1696666412 wNMSE=0.020833688 wMSE=1587.1178 wMRED=0.83418086 wER=0.167878 wMAE=13.7210 wBias=-13.7210 condBias=27.4656 dotDrift=-22.043sigma uMRED=0.0329796564 uER=0.226562 uMAE=16.2500 WCE=128 bias=-16.2500
[quad_warmup_bit:01200] loss=0.061315 tau=1.50 collapse_w=0.000 mid_frac=0.286 hard=score=10.7756847825 wNMSE=0.02236979 wMSE=1704.1385 wMRED=0.84050044 wER=0.167306 wMAE=14.1512 wBias=-14.1233 condBias=28.2712 dotDrift=-21.896sigma uMRED=0.0328803681 uER=0.214844 uMAE=15.6875 WCE=144 bias=-15.2500
[quad_warmup_bit:01400] loss=0.056433 tau=1.50 collapse_w=0.000 mid_frac=0.286 hard=score=10.8229106754 wNMSE=0.022718676 wMSE=1730.7168 wMRED=0.84332572 wER=0.164476 wMAE=14.1747 wBias=-14.1540 condBias=28.3328 dotDrift=-21.774sigma uMRED=0.0320013180 uER=0.195312 uMAE=14.8125 WCE=144 bias=-14.5000
[quad_warmup_bit:01600] loss=0.052125 tau=1.50 collapse_w=0.000 mid_frac=0.250 hard=score=0.5090988117 wNMSE=0.0048735295 wMSE=371.2672 wMRED=0.05825339 wER=0.110801 wMAE=3.5540 wBias=-3.0267 condBias=9.6298 dotDrift=-10.053sigma uMRED=0.0145221741 uER=0.179688 uMAE=11.1250 WCE=144 bias=-10.5000
[quad_warmup_bit:01800] loss=0.048243 tau=1.50 collapse_w=0.000 mid_frac=0.214 hard=score=0.3992305543 wNMSE=0.0041645246 wMSE=317.2550 wMRED=0.05580471 wER=0.110020 wMAE=3.1992 wBias=-2.6719 condBias=8.9015 dotDrift=-9.600sigma uMRED=0.0102297309 uER=0.164062 uMAE=7.1250 WCE=144 bias=-6.5000
[quad_warmup_bit:01825] loss=0.047790 tau=1.50 collapse_w=0.000 mid_frac=0.232 hard=score=0.0247402095 wNMSE=0.00033001248 wMSE=25.1405 wMRED=0.02866590 wER=0.103543 wMAE=1.1419 wBias=-0.6146 condBias=2.5062 dotDrift=-7.845sigma uMRED=0.0042491466 uER=0.148438 uMAE=3.1250 WCE=64 bias=-2.5000 *BEST*
[quad_warmup_bit:02000] loss=0.044800 tau=1.50 collapse_w=0.000 mid_frac=0.214 hard=score=0.0247402095 wNMSE=0.00033001248 wMSE=25.1405 wMRED=0.02866590 wER=0.103543 wMAE=1.1419 wBias=-0.6146 condBias=2.5062 dotDrift=-7.845sigma uMRED=0.0042491466 uER=0.148438 uMAE=3.1250 WCE=64 bias=-2.5000
[quad_warmup_bit:02200] loss=0.041438 tau=1.50 collapse_w=0.000 mid_frac=0.214 hard=score=0.0247402095 wNMSE=0.00033001248 wMSE=25.1405 wMRED=0.02866590 wER=0.103543 wMAE=1.1419 wBias=-0.6146 condBias=2.5062 dotDrift=-7.845sigma uMRED=0.0042491466 uER=0.148438 uMAE=3.1250 WCE=64 bias=-2.5000
[quad_warmup_bit:02400] loss=0.038389 tau=1.50 collapse_w=0.000 mid_frac=0.179 hard=score=0.0247402095 wNMSE=0.00033001248 wMSE=25.1405 wMRED=0.02866590 wER=0.103543 wMAE=1.1419 wBias=-0.6146 condBias=2.5062 dotDrift=-7.845sigma uMRED=0.0042491466 uER=0.148438 uMAE=3.1250 WCE=64 bias=-2.5000
[quad_warmup_bit:02450] loss=0.037770 tau=1.50 collapse_w=0.000 mid_frac=0.161 hard=score=0.0061905892 wNMSE=0.00037654041 wMSE=28.6850 wMRED=0.02885006 wER=0.103543 wMAE=1.1696 wBias=-0.1162 condBias=2.6768 dotDrift=-1.389sigma uMRED=0.0045862336 uER=0.148438 uMAE=3.4375 WCE=80 bias=1.5000 *BEST*
[quad_warmup_bit:02600] loss=0.036200 tau=1.50 collapse_w=0.000 mid_frac=0.125 hard=score=0.0083886254 wNMSE=0.0001439328 wMSE=10.9649 wMRED=0.02697352 wER=0.101286 wMAE=0.9204 wBias=-0.3654 condBias=1.6546 dotDrift=-7.062sigma uMRED=0.0023299979 uER=0.132812 uMAE=1.4375 WCE=16 bias=-0.5000
[quad_warmup_bit:02800] loss=0.034601 tau=1.50 collapse_w=0.000 mid_frac=0.125 hard=score=0.0083886254 wNMSE=0.0001439328 wMSE=10.9649 wMRED=0.02697352 wER=0.101286 wMAE=0.9204 wBias=-0.3654 condBias=1.6546 dotDrift=-7.062sigma uMRED=0.0023299979 uER=0.132812 uMAE=1.4375 WCE=16 bias=-0.5000
[quad_warmup_bit:03000] loss=0.033376 tau=1.50 collapse_w=0.000 mid_frac=0.125 hard=score=0.0083886254 wNMSE=0.0001439328 wMSE=10.9649 wMRED=0.02697352 wER=0.101286 wMAE=0.9204 wBias=-0.3654 condBias=1.6546 dotDrift=-7.062sigma uMRED=0.0023299979 uER=0.132812 uMAE=1.4375 WCE=16 bias=-0.5000
[quad_warmup_bit:03200] loss=0.032424 tau=1.50 collapse_w=0.000 mid_frac=0.107 hard=score=0.0083886254 wNMSE=0.0001439328 wMSE=10.9649 wMRED=0.02697352 wER=0.101286 wMAE=0.9204 wBias=-0.3654 condBias=1.6546 dotDrift=-7.062sigma uMRED=0.0023299979 uER=0.132812 uMAE=1.4375 WCE=16 bias=-0.5000
[quad_warmup_bit:03400] loss=0.031804 tau=1.50 collapse_w=0.000 mid_frac=0.089 hard=score=0.0083886254 wNMSE=0.0001439328 wMSE=10.9649 wMRED=0.02697352 wER=0.101286 wMAE=0.9204 wBias=-0.3654 condBias=1.6546 dotDrift=-7.062sigma uMRED=0.0023299979 uER=0.132812 uMAE=1.4375 WCE=16 bias=-0.5000
[quad_warmup_bit:03450] loss=0.031686 tau=1.50 collapse_w=0.000 mid_frac=0.107 hard=score=0.0033913430 wNMSE=0.00010196514 wMSE=7.7677 wMRED=0.02381904 wER=0.101286 wMAE=0.7596 wBias=-0.2045 condBias=1.3925 dotDrift=-4.696sigma uMRED=0.0019411271 uER=0.132812 uMAE=1.1875 WCE=16 bias=-0.2500 *BEST*
[quad_warmup_bit:03600] loss=0.031388 tau=1.50 collapse_w=0.000 mid_frac=0.107 hard=score=0.0033913430 wNMSE=0.00010196514 wMSE=7.7677 wMRED=0.02381904 wER=0.101286 wMAE=0.7596 wBias=-0.2045 condBias=1.3925 dotDrift=-4.696sigma uMRED=0.0019411271 uER=0.132812 uMAE=1.1875 WCE=16 bias=-0.2500
[quad_warmup_bit:03800] loss=0.031083 tau=1.50 collapse_w=0.000 mid_frac=0.107 hard=score=0.0033913430 wNMSE=0.00010196514 wMSE=7.7677 wMRED=0.02381904 wER=0.101286 wMAE=0.7596 wBias=-0.2045 condBias=1.3925 dotDrift=-4.696sigma uMRED=0.0019411271 uER=0.132812 uMAE=1.1875 WCE=16 bias=-0.2500
[quad_warmup_bit:04000] loss=0.030847 tau=1.50 collapse_w=0.000 mid_frac=0.107 hard=score=0.0033913430 wNMSE=0.00010196514 wMSE=7.7677 wMRED=0.02381904 wER=0.101286 wMAE=0.7596 wBias=-0.2045 condBias=1.3925 dotDrift=-4.696sigma uMRED=0.0019411271 uER=0.132812 uMAE=1.1875 WCE=16 bias=-0.2500
[quad_warmup_bit:04200] loss=0.030658 tau=1.50 collapse_w=0.000 mid_frac=0.107 hard=score=0.0033913430 wNMSE=0.00010196514 wMSE=7.7677 wMRED=0.02381904 wER=0.101286 wMAE=0.7596 wBias=-0.2045 condBias=1.3925 dotDrift=-4.696sigma uMRED=0.0019411271 uER=0.132812 uMAE=1.1875 WCE=16 bias=-0.2500
[quad_warmup_bit:04400] loss=0.030505 tau=1.50 collapse_w=0.000 mid_frac=0.107 hard=score=0.0033913430 wNMSE=0.00010196514 wMSE=7.7677 wMRED=0.02381904 wER=0.101286 wMAE=0.7596 wBias=-0.2045 condBias=1.3925 dotDrift=-4.696sigma uMRED=0.0019411271 uER=0.132812 uMAE=1.1875 WCE=16 bias=-0.2500
[quad_warmup_bit:04600] loss=0.030377 tau=1.50 collapse_w=0.000 mid_frac=0.107 hard=score=0.0033913430 wNMSE=0.00010196514 wMSE=7.7677 wMRED=0.02381904 wER=0.101286 wMAE=0.7596 wBias=-0.2045 condBias=1.3925 dotDrift=-4.696sigma uMRED=0.0019411271 uER=0.132812 uMAE=1.1875 WCE=16 bias=-0.2500
[quad_warmup_bit:04800] loss=0.030270 tau=1.50 collapse_w=0.000 mid_frac=0.107 hard=score=0.0033913430 wNMSE=0.00010196514 wMSE=7.7677 wMRED=0.02381904 wER=0.101286 wMAE=0.7596 wBias=-0.2045 condBias=1.3925 dotDrift=-4.696sigma uMRED=0.0019411271 uER=0.132812 uMAE=1.1875 WCE=16 bias=-0.2500
[quad_warmup_bit:05000] loss=0.030179 tau=1.50 collapse_w=0.000 mid_frac=0.107 hard=score=0.0033913430 wNMSE=0.00010196514 wMSE=7.7677 wMRED=0.02381904 wER=0.101286 wMAE=0.7596 wBias=-0.2045 condBias=1.3925 dotDrift=-4.696sigma uMRED=0.0019411271 uER=0.132812 uMAE=1.1875 WCE=16 bias=-0.2500
[quad_warmup_bit:05200] loss=0.030101 tau=1.50 collapse_w=0.000 mid_frac=0.107 hard=score=0.0033913430 wNMSE=0.00010196514 wMSE=7.7677 wMRED=0.02381904 wER=0.101286 wMAE=0.7596 wBias=-0.2045 condBias=1.3925 dotDrift=-4.696sigma uMRED=0.0019411271 uER=0.132812 uMAE=1.1875 WCE=16 bias=-0.2500
[quad_warmup_bit:05400] loss=0.030034 tau=1.50 collapse_w=0.000 mid_frac=0.107 hard=score=0.0033913430 wNMSE=0.00010196514 wMSE=7.7677 wMRED=0.02381904 wER=0.101286 wMAE=0.7596 wBias=-0.2045 condBias=1.3925 dotDrift=-4.696sigma uMRED=0.0019411271 uER=0.132812 uMAE=1.1875 WCE=16 bias=-0.2500
[quad_warmup_bit:05600] loss=0.029975 tau=1.50 collapse_w=0.000 mid_frac=0.107 hard=score=0.0033913430 wNMSE=0.00010196514 wMSE=7.7677 wMRED=0.02381904 wER=0.101286 wMAE=0.7596 wBias=-0.2045 condBias=1.3925 dotDrift=-4.696sigma uMRED=0.0019411271 uER=0.132812 uMAE=1.1875 WCE=16 bias=-0.2500
[quad_warmup_bit:05800] loss=0.029925 tau=1.50 collapse_w=0.000 mid_frac=0.107 hard=score=0.0033913430 wNMSE=0.00010196514 wMSE=7.7677 wMRED=0.02381904 wER=0.101286 wMAE=0.7596 wBias=-0.2045 condBias=1.3925 dotDrift=-4.696sigma uMRED=0.0019411271 uER=0.132812 uMAE=1.1875 WCE=16 bias=-0.2500
[quad_warmup_bit:05999] loss=0.029881 tau=1.50 collapse_w=0.000 mid_frac=0.107 hard=score=0.0033913430 wNMSE=0.00010196514 wMSE=7.7677 wMRED=0.02381904 wER=0.101286 wMAE=0.7596 wBias=-0.2045 condBias=1.3925 dotDrift=-4.696sigma uMRED=0.0019411271 uER=0.132812 uMAE=1.1875 WCE=16 bias=-0.2500
[quad_soft:00000] loss=0.037125 tau=1.50 collapse_w=0.000 mid_frac=0.107 hard=score=0.0033913430 wNMSE=0.00010196514 wMSE=7.7677 wMRED=0.02381904 wER=0.101286 wMAE=0.7596 wBias=-0.2045 condBias=1.3925 dotDrift=-4.696sigma uMRED=0.0019411271 uER=0.132812 uMAE=1.1875 WCE=16 bias=-0.2500
[quad_soft:00200] loss=0.034587 tau=1.59 collapse_w=0.000 mid_frac=0.125 hard=score=0.0033913430 wNMSE=0.00010196514 wMSE=7.7677 wMRED=0.02381904 wER=0.101286 wMAE=0.7596 wBias=-0.2045 condBias=1.3925 dotDrift=-4.696sigma uMRED=0.0019411271 uER=0.132812 uMAE=1.1875 WCE=16 bias=-0.2500
[quad_soft:00400] loss=0.033391 tau=1.68 collapse_w=0.000 mid_frac=0.125 hard=score=0.0033913430 wNMSE=0.00010196514 wMSE=7.7677 wMRED=0.02381904 wER=0.101286 wMAE=0.7596 wBias=-0.2045 condBias=1.3925 dotDrift=-4.696sigma uMRED=0.0019411271 uER=0.132812 uMAE=1.1875 WCE=16 bias=-0.2500
[quad_soft:00600] loss=0.032693 tau=1.77 collapse_w=0.000 mid_frac=0.125 hard=score=0.0033913430 wNMSE=0.00010196514 wMSE=7.7677 wMRED=0.02381904 wER=0.101286 wMAE=0.7596 wBias=-0.2045 condBias=1.3925 dotDrift=-4.696sigma uMRED=0.0019411271 uER=0.132812 uMAE=1.1875 WCE=16 bias=-0.2500
[quad_soft:00800] loss=0.032040 tau=1.86 collapse_w=0.000 mid_frac=0.143 hard=score=0.0033913430 wNMSE=0.00010196514 wMSE=7.7677 wMRED=0.02381904 wER=0.101286 wMAE=0.7596 wBias=-0.2045 condBias=1.3925 dotDrift=-4.696sigma uMRED=0.0019411271 uER=0.132812 uMAE=1.1875 WCE=16 bias=-0.2500
[quad_soft:01000] loss=0.031403 tau=1.95 collapse_w=0.000 mid_frac=0.143 hard=score=0.0033913430 wNMSE=0.00010196514 wMSE=7.7677 wMRED=0.02381904 wER=0.101286 wMAE=0.7596 wBias=-0.2045 condBias=1.3925 dotDrift=-4.696sigma uMRED=0.0019411271 uER=0.132812 uMAE=1.1875 WCE=16 bias=-0.2500
[quad_soft:01200] loss=0.030774 tau=2.04 collapse_w=0.000 mid_frac=0.143 hard=score=0.0033913430 wNMSE=0.00010196514 wMSE=7.7677 wMRED=0.02381904 wER=0.101286 wMAE=0.7596 wBias=-0.2045 condBias=1.3925 dotDrift=-4.696sigma uMRED=0.0019411271 uER=0.132812 uMAE=1.1875 WCE=16 bias=-0.2500
[quad_soft:01400] loss=0.030148 tau=2.13 collapse_w=0.000 mid_frac=0.143 hard=score=0.0033913430 wNMSE=0.00010196514 wMSE=7.7677 wMRED=0.02381904 wER=0.101286 wMAE=0.7596 wBias=-0.2045 condBias=1.3925 dotDrift=-4.696sigma uMRED=0.0019411271 uER=0.132812 uMAE=1.1875 WCE=16 bias=-0.2500
[quad_soft:01600] loss=0.029524 tau=2.22 collapse_w=0.000 mid_frac=0.143 hard=score=0.0033913430 wNMSE=0.00010196514 wMSE=7.7677 wMRED=0.02381904 wER=0.101286 wMAE=0.7596 wBias=-0.2045 condBias=1.3925 dotDrift=-4.696sigma uMRED=0.0019411271 uER=0.132812 uMAE=1.1875 WCE=16 bias=-0.2500
[quad_soft:01800] loss=0.028901 tau=2.31 collapse_w=0.000 mid_frac=0.143 hard=score=0.0033913430 wNMSE=0.00010196514 wMSE=7.7677 wMRED=0.02381904 wER=0.101286 wMAE=0.7596 wBias=-0.2045 condBias=1.3925 dotDrift=-4.696sigma uMRED=0.0019411271 uER=0.132812 uMAE=1.1875 WCE=16 bias=-0.2500
[quad_soft:02000] loss=0.028278 tau=2.40 collapse_w=0.000 mid_frac=0.143 hard=score=0.0033913430 wNMSE=0.00010196514 wMSE=7.7677 wMRED=0.02381904 wER=0.101286 wMAE=0.7596 wBias=-0.2045 condBias=1.3925 dotDrift=-4.696sigma uMRED=0.0019411271 uER=0.132812 uMAE=1.1875 WCE=16 bias=-0.2500
[quad_soft:02200] loss=0.027656 tau=2.49 collapse_w=0.000 mid_frac=0.143 hard=score=0.0033913430 wNMSE=0.00010196514 wMSE=7.7677 wMRED=0.02381904 wER=0.101286 wMAE=0.7596 wBias=-0.2045 condBias=1.3925 dotDrift=-4.696sigma uMRED=0.0019411271 uER=0.132812 uMAE=1.1875 WCE=16 bias=-0.2500
[quad_soft:02400] loss=0.027034 tau=2.58 collapse_w=0.000 mid_frac=0.143 hard=score=0.0033913430 wNMSE=0.00010196514 wMSE=7.7677 wMRED=0.02381904 wER=0.101286 wMAE=0.7596 wBias=-0.2045 condBias=1.3925 dotDrift=-4.696sigma uMRED=0.0019411271 uER=0.132812 uMAE=1.1875 WCE=16 bias=-0.2500
[quad_soft:02600] loss=0.026412 tau=2.67 collapse_w=0.000 mid_frac=0.143 hard=score=0.0033913430 wNMSE=0.00010196514 wMSE=7.7677 wMRED=0.02381904 wER=0.101286 wMAE=0.7596 wBias=-0.2045 condBias=1.3925 dotDrift=-4.696sigma uMRED=0.0019411271 uER=0.132812 uMAE=1.1875 WCE=16 bias=-0.2500
[quad_soft:02800] loss=0.025790 tau=2.76 collapse_w=0.000 mid_frac=0.143 hard=score=0.0033913430 wNMSE=0.00010196514 wMSE=7.7677 wMRED=0.02381904 wER=0.101286 wMAE=0.7596 wBias=-0.2045 condBias=1.3925 dotDrift=-4.696sigma uMRED=0.0019411271 uER=0.132812 uMAE=1.1875 WCE=16 bias=-0.2500
[quad_soft:03000] loss=0.025168 tau=2.85 collapse_w=0.000 mid_frac=0.143 hard=score=0.0033913430 wNMSE=0.00010196514 wMSE=7.7677 wMRED=0.02381904 wER=0.101286 wMAE=0.7596 wBias=-0.2045 condBias=1.3925 dotDrift=-4.696sigma uMRED=0.0019411271 uER=0.132812 uMAE=1.1875 WCE=16 bias=-0.2500
[quad_soft:03200] loss=0.024546 tau=2.94 collapse_w=0.000 mid_frac=0.143 hard=score=0.0033913430 wNMSE=0.00010196514 wMSE=7.7677 wMRED=0.02381904 wER=0.101286 wMAE=0.7596 wBias=-0.2045 condBias=1.3925 dotDrift=-4.696sigma uMRED=0.0019411271 uER=0.132812 uMAE=1.1875 WCE=16 bias=-0.2500
[quad_soft:03400] loss=0.023924 tau=3.03 collapse_w=0.000 mid_frac=0.143 hard=score=0.0033913430 wNMSE=0.00010196514 wMSE=7.7677 wMRED=0.02381904 wER=0.101286 wMAE=0.7596 wBias=-0.2045 condBias=1.3925 dotDrift=-4.696sigma uMRED=0.0019411271 uER=0.132812 uMAE=1.1875 WCE=16 bias=-0.2500
[quad_soft:03600] loss=0.023301 tau=3.12 collapse_w=0.000 mid_frac=0.143 hard=score=0.0033913430 wNMSE=0.00010196514 wMSE=7.7677 wMRED=0.02381904 wER=0.101286 wMAE=0.7596 wBias=-0.2045 condBias=1.3925 dotDrift=-4.696sigma uMRED=0.0019411271 uER=0.132812 uMAE=1.1875 WCE=16 bias=-0.2500
[quad_soft:03800] loss=0.022679 tau=3.21 collapse_w=0.000 mid_frac=0.143 hard=score=0.0033913430 wNMSE=0.00010196514 wMSE=7.7677 wMRED=0.02381904 wER=0.101286 wMAE=0.7596 wBias=-0.2045 condBias=1.3925 dotDrift=-4.696sigma uMRED=0.0019411271 uER=0.132812 uMAE=1.1875 WCE=16 bias=-0.2500
[quad_soft:04000] loss=0.022057 tau=3.30 collapse_w=0.000 mid_frac=0.143 hard=score=0.0033913430 wNMSE=0.00010196514 wMSE=7.7677 wMRED=0.02381904 wER=0.101286 wMAE=0.7596 wBias=-0.2045 condBias=1.3925 dotDrift=-4.696sigma uMRED=0.0019411271 uER=0.132812 uMAE=1.1875 WCE=16 bias=-0.2500
[quad_soft:04200] loss=0.021429 tau=3.39 collapse_w=0.000 mid_frac=0.143 hard=score=0.0033913430 wNMSE=0.00010196514 wMSE=7.7677 wMRED=0.02381904 wER=0.101286 wMAE=0.7596 wBias=-0.2045 condBias=1.3925 dotDrift=-4.696sigma uMRED=0.0019411271 uER=0.132812 uMAE=1.1875 WCE=16 bias=-0.2500
[quad_soft:04400] loss=0.020800 tau=3.48 collapse_w=0.000 mid_frac=0.143 hard=score=0.0033913430 wNMSE=0.00010196514 wMSE=7.7677 wMRED=0.02381904 wER=0.101286 wMAE=0.7596 wBias=-0.2045 condBias=1.3925 dotDrift=-4.696sigma uMRED=0.0019411271 uER=0.132812 uMAE=1.1875 WCE=16 bias=-0.2500
[quad_soft:04600] loss=0.020171 tau=3.57 collapse_w=0.000 mid_frac=0.143 hard=score=0.0033913430 wNMSE=0.00010196514 wMSE=7.7677 wMRED=0.02381904 wER=0.101286 wMAE=0.7596 wBias=-0.2045 condBias=1.3925 dotDrift=-4.696sigma uMRED=0.0019411271 uER=0.132812 uMAE=1.1875 WCE=16 bias=-0.2500
[quad_soft:04800] loss=0.019542 tau=3.66 collapse_w=0.000 mid_frac=0.161 hard=score=0.0033913430 wNMSE=0.00010196514 wMSE=7.7677 wMRED=0.02381904 wER=0.101286 wMAE=0.7596 wBias=-0.2045 condBias=1.3925 dotDrift=-4.696sigma uMRED=0.0019411271 uER=0.132812 uMAE=1.1875 WCE=16 bias=-0.2500
[quad_soft:05000] loss=0.018914 tau=3.75 collapse_w=0.000 mid_frac=0.161 hard=score=0.0033913430 wNMSE=0.00010196514 wMSE=7.7677 wMRED=0.02381904 wER=0.101286 wMAE=0.7596 wBias=-0.2045 condBias=1.3925 dotDrift=-4.696sigma uMRED=0.0019411271 uER=0.132812 uMAE=1.1875 WCE=16 bias=-0.2500
[quad_soft:05200] loss=0.018284 tau=3.84 collapse_w=0.000 mid_frac=0.161 hard=score=0.0033913430 wNMSE=0.00010196514 wMSE=7.7677 wMRED=0.02381904 wER=0.101286 wMAE=0.7596 wBias=-0.2045 condBias=1.3925 dotDrift=-4.696sigma uMRED=0.0019411271 uER=0.132812 uMAE=1.1875 WCE=16 bias=-0.2500
[quad_soft:05400] loss=0.017656 tau=3.93 collapse_w=0.000 mid_frac=0.161 hard=score=0.0033913430 wNMSE=0.00010196514 wMSE=7.7677 wMRED=0.02381904 wER=0.101286 wMAE=0.7596 wBias=-0.2045 condBias=1.3925 dotDrift=-4.696sigma uMRED=0.0019411271 uER=0.132812 uMAE=1.1875 WCE=16 bias=-0.2500
[quad_soft:05600] loss=0.017026 tau=4.02 collapse_w=0.000 mid_frac=0.161 hard=score=0.0033913430 wNMSE=0.00010196514 wMSE=7.7677 wMRED=0.02381904 wER=0.101286 wMAE=0.7596 wBias=-0.2045 condBias=1.3925 dotDrift=-4.696sigma uMRED=0.0019411271 uER=0.132812 uMAE=1.1875 WCE=16 bias=-0.2500
[quad_soft:05800] loss=0.016397 tau=4.11 collapse_w=0.000 mid_frac=0.161 hard=score=0.0033913430 wNMSE=0.00010196514 wMSE=7.7677 wMRED=0.02381904 wER=0.101286 wMAE=0.7596 wBias=-0.2045 condBias=1.3925 dotDrift=-4.696sigma uMRED=0.0019411271 uER=0.132812 uMAE=1.1875 WCE=16 bias=-0.2500
[quad_soft:06000] loss=0.015771 tau=4.20 collapse_w=0.000 mid_frac=0.161 hard=score=0.0033913430 wNMSE=0.00010196514 wMSE=7.7677 wMRED=0.02381904 wER=0.101286 wMAE=0.7596 wBias=-0.2045 condBias=1.3925 dotDrift=-4.696sigma uMRED=0.0019411271 uER=0.132812 uMAE=1.1875 WCE=16 bias=-0.2500
[quad_soft:06200] loss=0.015831 tau=4.29 collapse_w=0.025 mid_frac=0.125 hard=score=0.0033913430 wNMSE=0.00010196514 wMSE=7.7677 wMRED=0.02381904 wER=0.101286 wMAE=0.7596 wBias=-0.2045 condBias=1.3925 dotDrift=-4.696sigma uMRED=0.0019411271 uER=0.132812 uMAE=1.1875 WCE=16 bias=-0.2500
[quad_soft:06250] loss=0.015814 tau=4.31 collapse_w=0.031 mid_frac=0.107 hard=score=0.0013734682 wNMSE=8.8383708e-05 wMSE=6.7331 wMRED=0.01606106 wER=0.082765 wMAE=0.6240 wBias=-0.0689 condBias=1.2965 dotDrift=-1.700sigma uMRED=0.0016576735 uER=0.117188 uMAE=1.0625 WCE=16 bias=-0.1250 *BEST*
[quad_soft:06400] loss=0.015747 tau=4.38 collapse_w=0.050 mid_frac=0.107 hard=score=0.0013734682 wNMSE=8.8383708e-05 wMSE=6.7331 wMRED=0.01606106 wER=0.082765 wMAE=0.6240 wBias=-0.0689 condBias=1.2965 dotDrift=-1.700sigma uMRED=0.0016576735 uER=0.117188 uMAE=1.0625 WCE=16 bias=-0.1250
[quad_soft:06600] loss=0.015617 tau=4.47 collapse_w=0.075 mid_frac=0.089 hard=score=0.0013734682 wNMSE=8.8383708e-05 wMSE=6.7331 wMRED=0.01606106 wER=0.082765 wMAE=0.6240 wBias=-0.0689 condBias=1.2965 dotDrift=-1.700sigma uMRED=0.0016576735 uER=0.117188 uMAE=1.0625 WCE=16 bias=-0.1250
[quad_soft:06800] loss=0.015447 tau=4.56 collapse_w=0.100 mid_frac=0.071 hard=score=0.0013734682 wNMSE=8.8383708e-05 wMSE=6.7331 wMRED=0.01606106 wER=0.082765 wMAE=0.6240 wBias=-0.0689 condBias=1.2965 dotDrift=-1.700sigma uMRED=0.0016576735 uER=0.117188 uMAE=1.0625 WCE=16 bias=-0.1250
[quad_soft:07000] loss=0.015244 tau=4.65 collapse_w=0.125 mid_frac=0.054 hard=score=0.0013734682 wNMSE=8.8383708e-05 wMSE=6.7331 wMRED=0.01606106 wER=0.082765 wMAE=0.6240 wBias=-0.0689 condBias=1.2965 dotDrift=-1.700sigma uMRED=0.0016576735 uER=0.117188 uMAE=1.0625 WCE=16 bias=-0.1250
[quad_soft:07200] loss=0.015010 tau=4.74 collapse_w=0.150 mid_frac=0.036 hard=score=0.0013734682 wNMSE=8.8383708e-05 wMSE=6.7331 wMRED=0.01606106 wER=0.082765 wMAE=0.6240 wBias=-0.0689 condBias=1.2965 dotDrift=-1.700sigma uMRED=0.0016576735 uER=0.117188 uMAE=1.0625 WCE=16 bias=-0.1250
[quad_soft:07400] loss=0.014694 tau=4.83 collapse_w=0.175 mid_frac=0.036 hard=score=0.0013734682 wNMSE=8.8383708e-05 wMSE=6.7331 wMRED=0.01606106 wER=0.082765 wMAE=0.6240 wBias=-0.0689 condBias=1.2965 dotDrift=-1.700sigma uMRED=0.0016576735 uER=0.117188 uMAE=1.0625 WCE=16 bias=-0.1250
[quad_soft:07600] loss=0.014395 tau=4.92 collapse_w=0.200 mid_frac=0.036 hard=score=0.0013734682 wNMSE=8.8383708e-05 wMSE=6.7331 wMRED=0.01606106 wER=0.082765 wMAE=0.6240 wBias=-0.0689 condBias=1.2965 dotDrift=-1.700sigma uMRED=0.0016576735 uER=0.117188 uMAE=1.0625 WCE=16 bias=-0.1250
[quad_soft:07800] loss=0.014076 tau=5.01 collapse_w=0.225 mid_frac=0.036 hard=score=0.0013734682 wNMSE=8.8383708e-05 wMSE=6.7331 wMRED=0.01606106 wER=0.082765 wMAE=0.6240 wBias=-0.0689 condBias=1.2965 dotDrift=-1.700sigma uMRED=0.0016576735 uER=0.117188 uMAE=1.0625 WCE=16 bias=-0.1250
[quad_soft:08000] loss=0.013734 tau=5.10 collapse_w=0.250 mid_frac=0.036 hard=score=0.0013734682 wNMSE=8.8383708e-05 wMSE=6.7331 wMRED=0.01606106 wER=0.082765 wMAE=0.6240 wBias=-0.0689 condBias=1.2965 dotDrift=-1.700sigma uMRED=0.0016576735 uER=0.117188 uMAE=1.0625 WCE=16 bias=-0.1250
[quad_soft:08200] loss=0.013369 tau=5.19 collapse_w=0.275 mid_frac=0.036 hard=score=0.0013734682 wNMSE=8.8383708e-05 wMSE=6.7331 wMRED=0.01606106 wER=0.082765 wMAE=0.6240 wBias=-0.0689 condBias=1.2965 dotDrift=-1.700sigma uMRED=0.0016576735 uER=0.117188 uMAE=1.0625 WCE=16 bias=-0.1250
[quad_soft:08400] loss=0.012981 tau=5.28 collapse_w=0.300 mid_frac=0.036 hard=score=0.0013734682 wNMSE=8.8383708e-05 wMSE=6.7331 wMRED=0.01606106 wER=0.082765 wMAE=0.6240 wBias=-0.0689 condBias=1.2965 dotDrift=-1.700sigma uMRED=0.0016576735 uER=0.117188 uMAE=1.0625 WCE=16 bias=-0.1250
[quad_soft:08600] loss=0.012570 tau=5.37 collapse_w=0.325 mid_frac=0.036 hard=score=0.0013734682 wNMSE=8.8383708e-05 wMSE=6.7331 wMRED=0.01606106 wER=0.082765 wMAE=0.6240 wBias=-0.0689 condBias=1.2965 dotDrift=-1.700sigma uMRED=0.0016576735 uER=0.117188 uMAE=1.0625 WCE=16 bias=-0.1250
[quad_soft:08800] loss=0.012133 tau=5.46 collapse_w=0.350 mid_frac=0.036 hard=score=0.0013734682 wNMSE=8.8383708e-05 wMSE=6.7331 wMRED=0.01606106 wER=0.082765 wMAE=0.6240 wBias=-0.0689 condBias=1.2965 dotDrift=-1.700sigma uMRED=0.0016576735 uER=0.117188 uMAE=1.0625 WCE=16 bias=-0.1250
[quad_soft:09000] loss=0.011671 tau=5.55 collapse_w=0.375 mid_frac=0.036 hard=score=0.0013734682 wNMSE=8.8383708e-05 wMSE=6.7331 wMRED=0.01606106 wER=0.082765 wMAE=0.6240 wBias=-0.0689 condBias=1.2965 dotDrift=-1.700sigma uMRED=0.0016576735 uER=0.117188 uMAE=1.0625 WCE=16 bias=-0.1250
[quad_soft:09200] loss=0.011174 tau=5.64 collapse_w=0.400 mid_frac=0.036 hard=score=0.0013734682 wNMSE=8.8383708e-05 wMSE=6.7331 wMRED=0.01606106 wER=0.082765 wMAE=0.6240 wBias=-0.0689 condBias=1.2965 dotDrift=-1.700sigma uMRED=0.0016576735 uER=0.117188 uMAE=1.0625 WCE=16 bias=-0.1250
[quad_soft:09400] loss=0.010633 tau=5.73 collapse_w=0.425 mid_frac=0.036 hard=score=0.0013734682 wNMSE=8.8383708e-05 wMSE=6.7331 wMRED=0.01606106 wER=0.082765 wMAE=0.6240 wBias=-0.0689 condBias=1.2965 dotDrift=-1.700sigma uMRED=0.0016576735 uER=0.117188 uMAE=1.0625 WCE=16 bias=-0.1250
[quad_soft:09600] loss=0.010027 tau=5.82 collapse_w=0.450 mid_frac=0.036 hard=score=0.0013734682 wNMSE=8.8383708e-05 wMSE=6.7331 wMRED=0.01606106 wER=0.082765 wMAE=0.6240 wBias=-0.0689 condBias=1.2965 dotDrift=-1.700sigma uMRED=0.0016576735 uER=0.117188 uMAE=1.0625 WCE=16 bias=-0.1250
[quad_soft:09800] loss=0.009308 tau=5.91 collapse_w=0.475 mid_frac=0.036 hard=score=0.0013734682 wNMSE=8.8383708e-05 wMSE=6.7331 wMRED=0.01606106 wER=0.082765 wMAE=0.6240 wBias=-0.0689 condBias=1.2965 dotDrift=-1.700sigma uMRED=0.0016576735 uER=0.117188 uMAE=1.0625 WCE=16 bias=-0.1250
[quad_soft:09999] loss=0.008391 tau=6.00 collapse_w=0.500 mid_frac=0.036 hard=score=0.0013734682 wNMSE=8.8383708e-05 wMSE=6.7331 wMRED=0.01606106 wER=0.082765 wMAE=0.6240 wBias=-0.0689 condBias=1.2965 dotDrift=-1.700sigma uMRED=0.0016576735 uER=0.117188 uMAE=1.0625 WCE=16 bias=-0.1250
[quad_hard_ste:00000] loss=0.006022 tau=6.00 collapse_w=0.500 mid_frac=0.036 hard=score=0.0013734682 wNMSE=8.8383708e-05 wMSE=6.7331 wMRED=0.01606106 wER=0.082765 wMAE=0.6240 wBias=-0.0689 condBias=1.2965 dotDrift=-1.700sigma uMRED=0.0016576735 uER=0.117188 uMAE=1.0625 WCE=16 bias=-0.1250
[quad_hard_ste:00200] loss=0.005357 tau=6.00 collapse_w=0.500 mid_frac=0.036 hard=score=0.0013734682 wNMSE=8.8383708e-05 wMSE=6.7331 wMRED=0.01606106 wER=0.082765 wMAE=0.6240 wBias=-0.0689 condBias=1.2965 dotDrift=-1.700sigma uMRED=0.0016576735 uER=0.117188 uMAE=1.0625 WCE=16 bias=-0.1250
[quad_hard_ste:00400] loss=0.004954 tau=6.00 collapse_w=0.500 mid_frac=0.036 hard=score=0.0013734682 wNMSE=8.8383708e-05 wMSE=6.7331 wMRED=0.01606106 wER=0.082765 wMAE=0.6240 wBias=-0.0689 condBias=1.2965 dotDrift=-1.700sigma uMRED=0.0016576735 uER=0.117188 uMAE=1.0625 WCE=16 bias=-0.1250
[quad_hard_ste:00600] loss=0.004684 tau=6.00 collapse_w=0.500 mid_frac=0.036 hard=score=0.0013734682 wNMSE=8.8383708e-05 wMSE=6.7331 wMRED=0.01606106 wER=0.082765 wMAE=0.6240 wBias=-0.0689 condBias=1.2965 dotDrift=-1.700sigma uMRED=0.0016576735 uER=0.117188 uMAE=1.0625 WCE=16 bias=-0.1250
[quad_hard_ste:00800] loss=0.004504 tau=6.00 collapse_w=0.500 mid_frac=0.036 hard=score=0.0013734682 wNMSE=8.8383708e-05 wMSE=6.7331 wMRED=0.01606106 wER=0.082765 wMAE=0.6240 wBias=-0.0689 condBias=1.2965 dotDrift=-1.700sigma uMRED=0.0016576735 uER=0.117188 uMAE=1.0625 WCE=16 bias=-0.1250
[quad_hard_ste:01000] loss=0.004382 tau=6.00 collapse_w=0.500 mid_frac=0.036 hard=score=0.0013734682 wNMSE=8.8383708e-05 wMSE=6.7331 wMRED=0.01606106 wER=0.082765 wMAE=0.6240 wBias=-0.0689 condBias=1.2965 dotDrift=-1.700sigma uMRED=0.0016576735 uER=0.117188 uMAE=1.0625 WCE=16 bias=-0.1250
[quad_hard_ste:01200] loss=0.004298 tau=6.00 collapse_w=0.500 mid_frac=0.036 hard=score=0.0013734682 wNMSE=8.8383708e-05 wMSE=6.7331 wMRED=0.01606106 wER=0.082765 wMAE=0.6240 wBias=-0.0689 condBias=1.2965 dotDrift=-1.700sigma uMRED=0.0016576735 uER=0.117188 uMAE=1.0625 WCE=16 bias=-0.1250
[quad_hard_ste:01400] loss=0.004239 tau=6.00 collapse_w=0.500 mid_frac=0.036 hard=score=0.0013734682 wNMSE=8.8383708e-05 wMSE=6.7331 wMRED=0.01606106 wER=0.082765 wMAE=0.6240 wBias=-0.0689 condBias=1.2965 dotDrift=-1.700sigma uMRED=0.0016576735 uER=0.117188 uMAE=1.0625 WCE=16 bias=-0.1250
[quad_hard_ste:01600] loss=0.004195 tau=6.00 collapse_w=0.500 mid_frac=0.036 hard=score=0.0013734682 wNMSE=8.8383708e-05 wMSE=6.7331 wMRED=0.01606106 wER=0.082765 wMAE=0.6240 wBias=-0.0689 condBias=1.2965 dotDrift=-1.700sigma uMRED=0.0016576735 uER=0.117188 uMAE=1.0625 WCE=16 bias=-0.1250
[quad_hard_ste:01800] loss=0.004163 tau=6.00 collapse_w=0.500 mid_frac=0.036 hard=score=0.0013734682 wNMSE=8.8383708e-05 wMSE=6.7331 wMRED=0.01606106 wER=0.082765 wMAE=0.6240 wBias=-0.0689 condBias=1.2965 dotDrift=-1.700sigma uMRED=0.0016576735 uER=0.117188 uMAE=1.0625 WCE=16 bias=-0.1250
[quad_hard_ste:02000] loss=0.004138 tau=6.00 collapse_w=0.500 mid_frac=0.036 hard=score=0.0013734682 wNMSE=8.8383708e-05 wMSE=6.7331 wMRED=0.01606106 wER=0.082765 wMAE=0.6240 wBias=-0.0689 condBias=1.2965 dotDrift=-1.700sigma uMRED=0.0016576735 uER=0.117188 uMAE=1.0625 WCE=16 bias=-0.1250
[quad_hard_ste:02200] loss=0.004118 tau=6.00 collapse_w=0.500 mid_frac=0.036 hard=score=0.0013734682 wNMSE=8.8383708e-05 wMSE=6.7331 wMRED=0.01606106 wER=0.082765 wMAE=0.6240 wBias=-0.0689 condBias=1.2965 dotDrift=-1.700sigma uMRED=0.0016576735 uER=0.117188 uMAE=1.0625 WCE=16 bias=-0.1250
[quad_hard_ste:02400] loss=0.004102 tau=6.00 collapse_w=0.500 mid_frac=0.036 hard=score=0.0013734682 wNMSE=8.8383708e-05 wMSE=6.7331 wMRED=0.01606106 wER=0.082765 wMAE=0.6240 wBias=-0.0689 condBias=1.2965 dotDrift=-1.700sigma uMRED=0.0016576735 uER=0.117188 uMAE=1.0625 WCE=16 bias=-0.1250
[quad_hard_ste:02600] loss=0.004089 tau=6.00 collapse_w=0.500 mid_frac=0.036 hard=score=0.0013734682 wNMSE=8.8383708e-05 wMSE=6.7331 wMRED=0.01606106 wER=0.082765 wMAE=0.6240 wBias=-0.0689 condBias=1.2965 dotDrift=-1.700sigma uMRED=0.0016576735 uER=0.117188 uMAE=1.0625 WCE=16 bias=-0.1250
[quad_hard_ste:02800] loss=0.004079 tau=6.00 collapse_w=0.500 mid_frac=0.036 hard=score=0.0013734682 wNMSE=8.8383708e-05 wMSE=6.7331 wMRED=0.01606106 wER=0.082765 wMAE=0.6240 wBias=-0.0689 condBias=1.2965 dotDrift=-1.700sigma uMRED=0.0016576735 uER=0.117188 uMAE=1.0625 WCE=16 bias=-0.1250
[quad_hard_ste:03000] loss=0.004070 tau=6.00 collapse_w=0.500 mid_frac=0.036 hard=score=0.0013734682 wNMSE=8.8383708e-05 wMSE=6.7331 wMRED=0.01606106 wER=0.082765 wMAE=0.6240 wBias=-0.0689 condBias=1.2965 dotDrift=-1.700sigma uMRED=0.0016576735 uER=0.117188 uMAE=1.0625 WCE=16 bias=-0.1250
[quad_hard_ste:03200] loss=0.004063 tau=6.00 collapse_w=0.500 mid_frac=0.036 hard=score=0.0013734682 wNMSE=8.8383708e-05 wMSE=6.7331 wMRED=0.01606106 wER=0.082765 wMAE=0.6240 wBias=-0.0689 condBias=1.2965 dotDrift=-1.700sigma uMRED=0.0016576735 uER=0.117188 uMAE=1.0625 WCE=16 bias=-0.1250
[quad_hard_ste:03400] loss=0.004057 tau=6.00 collapse_w=0.500 mid_frac=0.036 hard=score=0.0013734682 wNMSE=8.8383708e-05 wMSE=6.7331 wMRED=0.01606106 wER=0.082765 wMAE=0.6240 wBias=-0.0689 condBias=1.2965 dotDrift=-1.700sigma uMRED=0.0016576735 uER=0.117188 uMAE=1.0625 WCE=16 bias=-0.1250
[quad_hard_ste:03600] loss=0.004052 tau=6.00 collapse_w=0.500 mid_frac=0.036 hard=score=0.0013734682 wNMSE=8.8383708e-05 wMSE=6.7331 wMRED=0.01606106 wER=0.082765 wMAE=0.6240 wBias=-0.0689 condBias=1.2965 dotDrift=-1.700sigma uMRED=0.0016576735 uER=0.117188 uMAE=1.0625 WCE=16 bias=-0.1250
[quad_hard_ste:03800] loss=0.004047 tau=6.00 collapse_w=0.500 mid_frac=0.036 hard=score=0.0013734682 wNMSE=8.8383708e-05 wMSE=6.7331 wMRED=0.01606106 wER=0.082765 wMAE=0.6240 wBias=-0.0689 condBias=1.2965 dotDrift=-1.700sigma uMRED=0.0016576735 uER=0.117188 uMAE=1.0625 WCE=16 bias=-0.1250
[quad_hard_ste:03999] loss=0.004043 tau=6.00 collapse_w=0.500 mid_frac=0.036 hard=score=0.0013734682 wNMSE=8.8383708e-05 wMSE=6.7331 wMRED=0.01606106 wER=0.082765 wMAE=0.6240 wBias=-0.0689 condBias=1.2965 dotDrift=-1.700sigma uMRED=0.0016576735 uER=0.117188 uMAE=1.0625 WCE=16 bias=-0.1250
[pop00_soft:00000] loss=0.411364 tau=1.50 collapse_w=0.000 mid_frac=0.268 hard=score=1.0719901669 wNMSE=0.0087935942 wMSE=669.8991 wMRED=0.46127284 wER=0.219196 wMAE=9.0916 wBias=4.4200 condBias=12.9332 dotDrift=+10.930sigma uMRED=0.0239479471 uER=0.234375 uMAE=13.3906 WCE=121 bias=3.8125
[pop00_soft:00200] loss=0.201259 tau=2.25 collapse_w=0.000 mid_frac=0.250 hard=score=3.6660306150 wNMSE=0.0091294621 wMSE=695.4857 wMRED=0.45495530 wER=0.227820 wMAE=9.2365 wBias=-8.2284 condBias=16.4726 dotDrift=-19.969sigma uMRED=0.0224243802 uER=0.242188 uMAE=11.7969 WCE=148 bias=-5.0625
[pop00_soft:00400] loss=0.069324 tau=3.00 collapse_w=0.000 mid_frac=0.214 hard=score=0.5256407542 wNMSE=0.0096895753 wMSE=738.1553 wMRED=0.46444546 wER=0.172916 wMAE=9.2918 wBias=3.0541 condBias=13.5759 dotDrift=+7.194sigma uMRED=0.0216101764 uER=0.203125 uMAE=10.8750 WCE=148 bias=-1.6250
[pop00_soft:00600] loss=0.034535 tau=3.75 collapse_w=0.000 mid_frac=0.196 hard=score=2.0511654784 wNMSE=0.0057314856 wMSE=436.6266 wMRED=0.42720165 wER=0.148330 wMAE=7.0351 wBias=6.1536 condBias=12.3178 dotDrift=+18.848sigma uMRED=0.0155633030 uER=0.187500 uMAE=7.0000 WCE=80 bias=4.1250
[pop00_soft:00800] loss=0.026289 tau=4.50 collapse_w=0.084 mid_frac=0.161 hard=score=1.6858913957 wNMSE=0.0055278944 wMSE=421.1170 wMRED=0.42620241 wER=0.148330 wMAE=6.9140 wBias=5.5753 condBias=11.1604 dotDrift=+17.388sigma uMRED=0.0146815447 uER=0.187500 uMAE=6.2500 WCE=80 bias=0.1250
[pop00_soft:01000] loss=0.025066 tau=5.25 collapse_w=0.293 mid_frac=0.125 hard=score=1.6858913957 wNMSE=0.0055278944 wMSE=421.1170 wMRED=0.42620241 wER=0.148330 wMAE=6.9140 wBias=5.5753 condBias=11.1604 dotDrift=+17.388sigma uMRED=0.0146815447 uER=0.187500 uMAE=6.2500 WCE=80 bias=0.1250
[pop00_soft:01199] loss=0.020023 tau=6.00 collapse_w=0.500 mid_frac=0.107 hard=score=0.0045725510 wNMSE=0.0004281709 wMSE=32.6182 wMRED=0.02481820 wER=0.094655 wMAE=1.3503 wBias=0.0117 condBias=2.8539 dotDrift=+0.131sigma uMRED=0.0055395701 uER=0.171875 uMAE=4.2500 WCE=64 bias=-1.8750
[pop00_hard:00000] loss=0.018905 tau=6.00 collapse_w=0.500 mid_frac=0.107 hard=score=0.0045725510 wNMSE=0.0004281709 wMSE=32.6182 wMRED=0.02481820 wER=0.094655 wMAE=1.3503 wBias=0.0117 condBias=2.8539 dotDrift=+0.131sigma uMRED=0.0055395701 uER=0.171875 uMAE=4.2500 WCE=64 bias=-1.8750
[pop00_hard:00200] loss=0.017485 tau=6.00 collapse_w=0.500 mid_frac=0.107 hard=score=0.0045725510 wNMSE=0.0004281709 wMSE=32.6182 wMRED=0.02481820 wER=0.094655 wMAE=1.3503 wBias=0.0117 condBias=2.8539 dotDrift=+0.131sigma uMRED=0.0055395701 uER=0.171875 uMAE=4.2500 WCE=64 bias=-1.8750
[pop00_hard:00400] loss=6.730539 tau=6.00 collapse_w=0.500 mid_frac=0.107 hard=score=6.6839533009 wNMSE=0.018273317 wMSE=1392.0678 wMRED=0.80989053 wER=0.148330 wMAE=11.9710 wBias=-11.1157 condBias=22.2499 dotDrift=-19.067sigma uMRED=0.0230187139 uER=0.187500 uMAE=7.9375 WCE=128 bias=-5.8750
[pop00_hard:00599] loss=6.729293 tau=6.00 collapse_w=0.500 mid_frac=0.107 hard=score=6.6839533009 wNMSE=0.018273317 wMSE=1392.0678 wMRED=0.80989053 wER=0.148330 wMAE=11.9710 wBias=-11.1157 condBias=22.2499 dotDrift=-19.067sigma uMRED=0.0230187139 uER=0.187500 uMAE=7.9375 WCE=128 bias=-5.8750
[pop00] done (conf=0.53, noise=0.5); global best score=0.0013734682 wNMSE=8.8383708e-05 wMSE=6.7331 wMRED=0.01606106 wER=0.082765 wMAE=0.6240 wBias=-0.0689 condBias=1.2965 dotDrift=-1.700sigma uMRED=0.0016576735 uER=0.117188 uMAE=1.0625 WCE=16 bias=-0.1250
[pop01_soft:00000] loss=0.443339 tau=1.50 collapse_w=0.000 mid_frac=0.446 hard=score=7.2033025149 wNMSE=0.051534234 wMSE=3925.8963 wMRED=1.61669348 wER=0.247619 wMAE=30.0153 wBias=11.4987 condBias=31.3012 dotDrift=+11.745sigma uMRED=0.0511160621 uER=0.238281 uMAE=20.2031 WCE=175 bias=10.8750
[pop01_soft:00200] loss=0.299411 tau=2.25 collapse_w=0.000 mid_frac=0.429 hard=score=0.7337015290 wNMSE=0.060456481 wMSE=4605.5962 wMRED=1.88319382 wER=0.247879 wMAE=31.9290 wBias=-3.4252 condBias=33.9050 dotDrift=-3.230sigma uMRED=0.0543171214 uER=0.242188 uMAE=19.5625 WCE=176 bias=-4.3750
[pop01_soft:00400] loss=0.220970 tau=3.00 collapse_w=0.000 mid_frac=0.393 hard=score=0.4642944456 wNMSE=0.040218026 wMSE=3063.8236 wMRED=1.48729638 wER=0.247100 wMAE=26.2861 wBias=2.7076 condBias=27.6531 dotDrift=+3.131sigma uMRED=0.0449624771 uER=0.238281 uMAE=17.3750 WCE=144 bias=-1.6250
[pop01_soft:00600] loss=0.115283 tau=3.75 collapse_w=0.000 mid_frac=0.375 hard=score=3.1494730281 wNMSE=0.01005364 wMSE=765.8899 wMRED=0.61735065 wER=0.192317 wMAE=9.7419 wBias=-7.6249 condBias=15.2625 dotDrift=-17.633sigma uMRED=0.0218234838 uER=0.230469 uMAE=9.8750 WCE=96 bias=-0.1250
[pop01_soft:00800] loss=0.060306 tau=4.50 collapse_w=0.084 mid_frac=0.286 hard=score=1.3462554644 wNMSE=0.004941993 wMSE=376.4828 wMRED=0.42004347 wER=0.171502 wMAE=6.9468 wBias=-4.9807 condBias=9.9695 dotDrift=-16.428sigma uMRED=0.0154397658 uER=0.207031 uMAE=7.0000 WCE=64 bias=-1.1250
[pop01_soft:01000] loss=0.049901 tau=5.25 collapse_w=0.293 mid_frac=0.268 hard=score=1.3462554644 wNMSE=0.004941993 wMSE=376.4828 wMRED=0.42004347 wER=0.171502 wMAE=6.9468 wBias=-4.9807 condBias=9.9695 dotDrift=-16.428sigma uMRED=0.0154397658 uER=0.207031 uMAE=7.0000 WCE=64 bias=-1.1250
[pop01_soft:01199] loss=0.039660 tau=6.00 collapse_w=0.500 mid_frac=0.268 hard=score=1.3462554644 wNMSE=0.004941993 wMSE=376.4828 wMRED=0.42004347 wER=0.171502 wMAE=6.9468 wBias=-4.9807 condBias=9.9695 dotDrift=-16.428sigma uMRED=0.0154397658 uER=0.207031 uMAE=7.0000 WCE=64 bias=-1.1250
[pop01_hard:00000] loss=1.389074 tau=6.00 collapse_w=0.500 mid_frac=0.268 hard=score=1.3462554644 wNMSE=0.004941993 wMSE=376.4828 wMRED=0.42004347 wER=0.171502 wMAE=6.9468 wBias=-4.9807 condBias=9.9695 dotDrift=-16.428sigma uMRED=0.0154397658 uER=0.207031 uMAE=7.0000 WCE=64 bias=-1.1250
[pop01_hard:00200] loss=1.386363 tau=6.00 collapse_w=0.500 mid_frac=0.268 hard=score=1.3462554644 wNMSE=0.004941993 wMSE=376.4828 wMRED=0.42004347 wER=0.171502 wMAE=6.9468 wBias=-4.9807 condBias=9.9695 dotDrift=-16.428sigma uMRED=0.0154397658 uER=0.207031 uMAE=7.0000 WCE=64 bias=-1.1250
[pop01_hard:00400] loss=1.385933 tau=6.00 collapse_w=0.500 mid_frac=0.268 hard=score=1.3462554644 wNMSE=0.004941993 wMSE=376.4828 wMRED=0.42004347 wER=0.171502 wMAE=6.9468 wBias=-4.9807 condBias=9.9695 dotDrift=-16.428sigma uMRED=0.0154397658 uER=0.207031 uMAE=7.0000 WCE=64 bias=-1.1250
[pop01_hard:00599] loss=0.583383 tau=6.00 collapse_w=0.500 mid_frac=0.268 hard=score=0.5410362791 wNMSE=0.0051869444 wMSE=395.1433 wMRED=0.49066971 wER=0.239636 wMAE=8.1131 wBias=-3.1361 condBias=9.9315 dotDrift=-10.097sigma uMRED=0.0166380651 uER=0.218750 uMAE=7.1875 WCE=64 bias=-0.6250
[pop01] done (conf=0.51, noise=1.0); global best score=0.0013734682 wNMSE=8.8383708e-05 wMSE=6.7331 wMRED=0.01606106 wER=0.082765 wMAE=0.6240 wBias=-0.0689 condBias=1.2965 dotDrift=-1.700sigma uMRED=0.0016576735 uER=0.117188 uMAE=1.0625 WCE=16 bias=-0.1250
[pop02_soft:00000] loss=0.479985 tau=1.50 collapse_w=0.000 mid_frac=0.339 hard=score=6.7662711250 wNMSE=0.0095058689 wMSE=724.1605 wMRED=0.64789009 wER=0.241521 wMAE=12.1511 wBias=11.1945 condBias=22.4070 dotDrift=+26.624sigma uMRED=0.0296277563 uER=0.242188 uMAE=16.4844 WCE=144 bias=9.9375
[pop02_soft:00200] loss=0.280457 tau=2.25 collapse_w=0.000 mid_frac=0.375 hard=score=7.9775130032 wNMSE=0.032093327 wMSE=2444.8811 wMRED=1.21868530 wER=0.245145 wMAE=18.7193 wBias=-12.1312 condBias=24.7041 dotDrift=-15.702sigma uMRED=0.0389309302 uER=0.246094 uMAE=16.5938 WCE=165 bias=-15.0000
[pop02_soft:00400] loss=0.208658 tau=3.00 collapse_w=0.000 mid_frac=0.286 hard=score=7.4773417784 wNMSE=0.031279604 wMSE=2382.8914 wMRED=1.20209867 wER=0.241521 wMAE=18.5789 wBias=-11.7429 condBias=24.3889 dotDrift=-15.396sigma uMRED=0.0383918567 uER=0.242188 uMAE=16.3125 WCE=164 bias=-14.6250
[pop02_soft:00600] loss=0.115514 tau=3.75 collapse_w=0.000 mid_frac=0.214 hard=score=0.8870883194 wNMSE=0.0065084169 wMSE=495.8135 wMRED=0.43883926 wER=0.167878 wMAE=7.6144 wBias=4.0195 condBias=11.1259 dotDrift=+11.553sigma uMRED=0.0219435997 uER=0.226562 uMAE=12.9375 WCE=128 bias=-8.6250
[pop02_soft:00800] loss=0.054012 tau=4.50 collapse_w=0.084 mid_frac=0.286 hard=score=1.0790376006 wNMSE=0.0061019515 wMSE=464.8488 wMRED=0.43964759 wER=0.167878 wMAE=7.4349 wBias=4.4440 condBias=10.7724 dotDrift=+13.192sigma uMRED=0.0196198894 uER=0.226562 uMAE=10.8125 WCE=116 bias=-6.3750
[pop02_soft:01000] loss=0.035852 tau=5.25 collapse_w=0.293 mid_frac=0.107 hard=score=0.8870883194 wNMSE=0.0065084169 wMSE=495.8135 wMRED=0.43883926 wER=0.167878 wMAE=7.6144 wBias=4.0195 condBias=11.1259 dotDrift=+11.553sigma uMRED=0.0219435997 uER=0.226562 uMAE=12.9375 WCE=128 bias=-8.6250
[pop02_soft:01199] loss=0.029206 tau=6.00 collapse_w=0.500 mid_frac=0.089 hard=score=0.8870883194 wNMSE=0.0065084169 wMSE=495.8135 wMRED=0.43883926 wER=0.167878 wMAE=7.6144 wBias=4.0195 condBias=11.1259 dotDrift=+11.553sigma uMRED=0.0219435997 uER=0.226562 uMAE=12.9375 WCE=128 bias=-8.6250
[pop02_hard:00000] loss=0.924248 tau=6.00 collapse_w=0.500 mid_frac=0.089 hard=score=0.8870883194 wNMSE=0.0065084169 wMSE=495.8135 wMRED=0.43883926 wER=0.167878 wMAE=7.6144 wBias=4.0195 condBias=11.1259 dotDrift=+11.553sigma uMRED=0.0219435997 uER=0.226562 uMAE=12.9375 WCE=128 bias=-8.6250
[pop02_hard:00200] loss=0.925168 tau=6.00 collapse_w=0.500 mid_frac=0.089 hard=score=0.8870883194 wNMSE=0.0065084169 wMSE=495.8135 wMRED=0.43883926 wER=0.167878 wMAE=7.6144 wBias=4.0195 condBias=11.1259 dotDrift=+11.553sigma uMRED=0.0219435997 uER=0.226562 uMAE=12.9375 WCE=128 bias=-8.6250
[pop02_hard:00400] loss=2.766075 tau=6.00 collapse_w=0.500 mid_frac=0.071 hard=score=2.7348427894 wNMSE=0.0056571676 wMSE=430.9650 wMRED=0.42114318 wER=0.167878 wMAE=7.1078 wBias=-7.1078 condBias=14.2274 dotDrift=-21.913sigma uMRED=0.0211387944 uER=0.226562 uMAE=12.6250 WCE=128 bias=-12.6250
[pop02_hard:00599] loss=2.762949 tau=6.00 collapse_w=0.500 mid_frac=0.054 hard=score=2.7348427894 wNMSE=0.0056571676 wMSE=430.9650 wMRED=0.42114318 wER=0.167878 wMAE=7.1078 wBias=-7.1078 condBias=14.2274 dotDrift=-21.913sigma uMRED=0.0211387944 uER=0.226562 uMAE=12.6250 WCE=128 bias=-12.6250
[pop02] done (conf=0.53, noise=0.5); global best score=0.0013734682 wNMSE=8.8383708e-05 wMSE=6.7331 wMRED=0.01606106 wER=0.082765 wMAE=0.6240 wBias=-0.0689 condBias=1.2965 dotDrift=-1.700sigma uMRED=0.0016576735 uER=0.117188 uMAE=1.0625 WCE=16 bias=-0.1250
[pop03_soft:00000] loss=0.672924 tau=1.50 collapse_w=0.000 mid_frac=0.446 hard=score=8.3557748474 wNMSE=0.032306292 wMSE=2461.1048 wMRED=1.19554303 wER=0.249598 wMAE=21.9347 wBias=12.4173 condBias=24.8601 dotDrift=+16.019sigma uMRED=0.0416899225 uER=0.250000 uMAE=19.8203 WCE=166 bias=9.5625
[pop03_soft:00200] loss=0.503079 tau=2.25 collapse_w=0.000 mid_frac=0.411 hard=score=0.2662635382 wNMSE=0.063711688 wMSE=4853.5791 wMRED=1.98790221 wER=0.249598 wMAE=32.1698 wBias=-1.7143 condBias=34.8051 dotDrift=-1.575sigma uMRED=0.0538530125 uER=0.250000 uMAE=18.5156 WCE=189 bias=-10.5625
[pop03_soft:00400] loss=0.353879 tau=3.00 collapse_w=0.000 mid_frac=0.464 hard=score=0.3517573077 wNMSE=0.061796292 wMSE=4707.6636 wMRED=1.95137829 wER=0.244699 wMAE=31.4575 wBias=-2.1405 condBias=34.2782 dotDrift=-1.997sigma uMRED=0.0530802415 uER=0.238281 uMAE=18.2969 WCE=189 bias=-10.4375
[pop03_soft:00600] loss=0.207321 tau=3.75 collapse_w=0.000 mid_frac=0.446 hard=score=1.7344753071 wNMSE=0.0038949663 wMSE=296.7199 wMRED=0.36661434 wER=0.198367 wMAE=5.8415 wBias=-5.6553 condBias=11.3199 dotDrift=-21.012sigma uMRED=0.0175884784 uER=0.226562 uMAE=10.3750 WCE=125 bias=-10.3125
[pop03_soft:00800] loss=0.114784 tau=4.50 collapse_w=0.084 mid_frac=0.446 hard=score=0.5155906878 wNMSE=0.001597199 wMSE=121.6752 wMRED=0.17432552 wER=0.210503 wMAE=3.2693 wBias=-3.0651 condBias=6.1353 dotDrift=-17.784sigma uMRED=0.0143566309 uER=0.230469 uMAE=10.5156 WCE=125 bias=-10.4375
[pop03_soft:01000] loss=0.086956 tau=5.25 collapse_w=0.293 mid_frac=0.411 hard=score=0.5155906878 wNMSE=0.001597199 wMSE=121.6752 wMRED=0.17432552 wER=0.210503 wMAE=3.2693 wBias=-3.0651 condBias=6.1353 dotDrift=-17.784sigma uMRED=0.0143566309 uER=0.230469 uMAE=10.5156 WCE=125 bias=-10.4375
[pop03_soft:01199] loss=0.068247 tau=6.00 collapse_w=0.500 mid_frac=0.393 hard=score=0.5155906878 wNMSE=0.001597199 wMSE=121.6752 wMRED=0.17432552 wER=0.210503 wMAE=3.2693 wBias=-3.0651 condBias=6.1353 dotDrift=-17.784sigma uMRED=0.0143566309 uER=0.230469 uMAE=10.5156 WCE=125 bias=-10.4375
[pop03_hard:00000] loss=0.552144 tau=6.00 collapse_w=0.500 mid_frac=0.393 hard=score=0.5155906878 wNMSE=0.001597199 wMSE=121.6752 wMRED=0.17432552 wER=0.210503 wMAE=3.2693 wBias=-3.0651 condBias=6.1353 dotDrift=-17.784sigma uMRED=0.0143566309 uER=0.230469 uMAE=10.5156 WCE=125 bias=-10.4375
[pop03_hard:00200] loss=0.549594 tau=6.00 collapse_w=0.500 mid_frac=0.375 hard=score=0.5155906878 wNMSE=0.001597199 wMSE=121.6752 wMRED=0.17432552 wER=0.210503 wMAE=3.2693 wBias=-3.0651 condBias=6.1353 dotDrift=-17.784sigma uMRED=0.0143566309 uER=0.230469 uMAE=10.5156 WCE=125 bias=-10.4375
[pop03_hard:00400] loss=0.317323 tau=6.00 collapse_w=0.500 mid_frac=0.321 hard=score=0.2829203110 wNMSE=0.0014000603 wMSE=106.6571 wMRED=0.16398767 wER=0.233224 wMAE=3.3688 wBias=-2.2550 condBias=5.1611 dotDrift=-13.975sigma uMRED=0.0138864680 uER=0.238281 uMAE=10.2656 WCE=117 bias=-9.9375
[pop03_hard:00599] loss=0.045395 tau=6.00 collapse_w=0.500 mid_frac=0.268 hard=score=0.0110349093 wNMSE=0.0017002821 wMSE=129.5281 wMRED=0.23386307 wER=0.240958 wMAE=4.3743 wBias=-0.1539 condBias=5.6868 dotDrift=-0.865sigma uMRED=0.0121851704 uER=0.234375 uMAE=7.6719 WCE=117 bias=-6.4375
[pop03] done (conf=0.51, noise=1.0); global best score=0.0013734682 wNMSE=8.8383708e-05 wMSE=6.7331 wMRED=0.01606106 wER=0.082765 wMAE=0.6240 wBias=-0.0689 condBias=1.2965 dotDrift=-1.700sigma uMRED=0.0016576735 uER=0.117188 uMAE=1.0625 WCE=16 bias=-0.1250
[pop04_soft:00000] loss=0.416901 tau=1.50 collapse_w=0.000 mid_frac=0.268 hard=score=0.3072479605 wNMSE=0.0037678541 wMSE=287.0365 wMRED=0.20213599 wER=0.249598 wMAE=5.6674 wBias=2.3360 condBias=8.4663 dotDrift=+8.824sigma uMRED=0.0184750715 uER=0.250000 uMAE=12.7969 WCE=129 bias=10.1250
[pop04_soft:00200] loss=0.237074 tau=2.25 collapse_w=0.000 mid_frac=0.304 hard=score=8.6199949889 wNMSE=0.023525189 wMSE=1792.1573 wMRED=0.92623409 wER=0.194815 wMAE=14.1076 wBias=-12.6243 condBias=25.2700 dotDrift=-19.085sigma uMRED=0.0303889458 uER=0.242188 uMAE=12.8750 WCE=144 bias=-3.6250
[pop04_soft:00400] loss=0.097881 tau=3.00 collapse_w=0.000 mid_frac=0.232 hard=score=0.0191383956 wNMSE=0.00063453605 wMSE=48.3392 wMRED=0.03603796 wER=0.115021 wMAE=1.7183 wBias=-0.4968 condBias=3.4745 dotDrift=-4.573sigma uMRED=0.0076875272 uER=0.187500 uMAE=6.0625 WCE=80 bias=1.8750
[pop04_soft:00600] loss=0.034186 tau=3.75 collapse_w=0.000 mid_frac=0.214 hard=score=0.0868064156 wNMSE=0.00057358243 wMSE=43.6957 wMRED=0.03774462 wER=0.119241 wMAE=1.7616 wBias=-1.2272 condBias=3.3031 dotDrift=-11.882sigma uMRED=0.0068772358 uER=0.187500 uMAE=5.2500 WCE=80 bias=-4.6250
[pop04_soft:00800] loss=0.024599 tau=4.50 collapse_w=0.084 mid_frac=0.143 hard=score=0.0304935179 wNMSE=0.00039069972 wMSE=29.7636 wMRED=0.02443813 wER=0.091629 wMAE=1.2161 wBias=-0.6818 condBias=2.7259 dotDrift=-7.998sigma uMRED=0.0050748223 uER=0.140625 uMAE=4.0000 WCE=80 bias=-3.3750
[pop04_soft:01000] loss=0.024844 tau=5.25 collapse_w=0.293 mid_frac=0.143 hard=score=0.0414549681 wNMSE=0.00040428116 wMSE=30.7983 wMRED=0.03219610 wER=0.110150 wMAE=1.3517 wBias=-0.8174 condBias=2.7729 dotDrift=-9.426sigma uMRED=0.0053582759 uER=0.156250 uMAE=4.1250 WCE=80 bias=-3.5000
[pop04_soft:01199] loss=0.021800 tau=6.00 collapse_w=0.500 mid_frac=0.143 hard=score=0.0414549681 wNMSE=0.00040428116 wMSE=30.7983 wMRED=0.03219610 wER=0.110150 wMAE=1.3517 wBias=-0.8174 condBias=2.7729 dotDrift=-9.426sigma uMRED=0.0053582759 uER=0.156250 uMAE=4.1250 WCE=80 bias=-3.5000
[pop04_hard:00000] loss=0.057359 tau=6.00 collapse_w=0.500 mid_frac=0.143 hard=score=0.0414549681 wNMSE=0.00040428116 wMSE=30.7983 wMRED=0.03219610 wER=0.110150 wMAE=1.3517 wBias=-0.8174 condBias=2.7729 dotDrift=-9.426sigma uMRED=0.0053582759 uER=0.156250 uMAE=4.1250 WCE=80 bias=-3.5000
[pop04_hard:00200] loss=0.054034 tau=6.00 collapse_w=0.500 mid_frac=0.143 hard=score=0.0414549681 wNMSE=0.00040428116 wMSE=30.7983 wMRED=0.03219610 wER=0.110150 wMAE=1.3517 wBias=-0.8174 condBias=2.7729 dotDrift=-9.426sigma uMRED=0.0053582759 uER=0.156250 uMAE=4.1250 WCE=80 bias=-3.5000
[pop04_hard:00400] loss=0.052431 tau=6.00 collapse_w=0.500 mid_frac=0.143 hard=score=0.0414549681 wNMSE=0.00040428116 wMSE=30.7983 wMRED=0.03219610 wER=0.110150 wMAE=1.3517 wBias=-0.8174 condBias=2.7729 dotDrift=-9.426sigma uMRED=0.0053582759 uER=0.156250 uMAE=4.1250 WCE=80 bias=-3.5000
[pop04_hard:00599] loss=0.051796 tau=6.00 collapse_w=0.500 mid_frac=0.143 hard=score=0.0414549681 wNMSE=0.00040428116 wMSE=30.7983 wMRED=0.03219610 wER=0.110150 wMAE=1.3517 wBias=-0.8174 condBias=2.7729 dotDrift=-9.426sigma uMRED=0.0053582759 uER=0.156250 uMAE=4.1250 WCE=80 bias=-3.5000
[pop04] done (conf=0.53, noise=0.5); global best score=0.0013734682 wNMSE=8.8383708e-05 wMSE=6.7331 wMRED=0.01606106 wER=0.082765 wMAE=0.6240 wBias=-0.0689 condBias=1.2965 dotDrift=-1.700sigma uMRED=0.0016576735 uER=0.117188 uMAE=1.0625 WCE=16 bias=-0.1250
[pop05_soft:00000] loss=0.354368 tau=1.50 collapse_w=0.000 mid_frac=0.482 hard=score=11.0509588308 wNMSE=0.019402514 wMSE=1478.0904 wMRED=0.90144210 wER=0.249598 wMAE=18.5938 wBias=14.3070 condBias=28.6383 dotDrift=+23.816sigma uMRED=0.0371110121 uER=0.250000 uMAE=18.4062 WCE=124 bias=6.8125
[pop05_soft:00200] loss=0.252264 tau=2.25 collapse_w=0.000 mid_frac=0.411 hard=score=0.0465897122 wNMSE=0.022685296 wMSE=1728.1739 wMRED=1.07029555 wER=0.249598 wMAE=19.8354 wBias=0.2197 condBias=20.7693 dotDrift=+0.338sigma uMRED=0.0384314687 uER=0.250000 uMAE=17.5000 WCE=156 bias=-7.7500
[pop05_soft:00400] loss=0.176432 tau=3.00 collapse_w=0.000 mid_frac=0.375 hard=score=6.5798177046 wNMSE=0.017438758 wMSE=1328.4908 wMRED=0.83094858 wER=0.249598 wMAE=16.8863 wBias=11.0279 condBias=22.0758 dotDrift=+19.364sigma uMRED=0.0335649891 uER=0.250000 uMAE=16.5000 WCE=156 bias=-4.8750
[pop05_soft:00600] loss=0.076590 tau=3.75 collapse_w=0.000 mid_frac=0.304 hard=score=0.0317828467 wNMSE=0.0072031581 wMSE=548.7392 wMRED=0.36838364 wER=0.194815 wMAE=8.2047 wBias=0.4871 condBias=11.7054 dotDrift=+1.331sigma uMRED=0.0239751514 uER=0.242188 uMAE=14.8125 WCE=132 bias=-11.6250
[pop05_soft:00800] loss=0.057703 tau=4.50 collapse_w=0.084 mid_frac=0.321 hard=score=0.0322061672 wNMSE=0.0069177299 wMSE=526.9951 wMRED=0.36655964 wER=0.194815 wMAE=8.1841 wBias=0.5076 condBias=11.4713 dotDrift=+1.415sigma uMRED=0.0264048967 uER=0.242188 uMAE=17.3125 WCE=128 bias=-14.1250
[pop05_soft:01000] loss=0.050567 tau=5.25 collapse_w=0.293 mid_frac=0.304 hard=score=0.0231337075 wNMSE=0.0076930338 wMSE=586.0581 wMRED=0.36995199 wER=0.194815 wMAE=8.4413 wBias=0.2505 condBias=12.0971 dotDrift=+0.662sigma uMRED=0.0271524697 uER=0.242188 uMAE=17.8125 WCE=132 bias=-14.6250
[pop05_soft:01199] loss=0.042082 tau=6.00 collapse_w=0.500 mid_frac=0.304 hard=score=0.0231337075 wNMSE=0.0076930338 wMSE=586.0581 wMRED=0.36995199 wER=0.194815 wMAE=8.4413 wBias=0.2505 condBias=12.0971 dotDrift=+0.662sigma uMRED=0.0271524697 uER=0.242188 uMAE=17.8125 WCE=132 bias=-14.6250
[pop05_hard:00000] loss=0.060759 tau=6.00 collapse_w=0.500 mid_frac=0.304 hard=score=0.0231337075 wNMSE=0.0076930338 wMSE=586.0581 wMRED=0.36995199 wER=0.194815 wMAE=8.4413 wBias=0.2505 condBias=12.0971 dotDrift=+0.662sigma uMRED=0.0271524697 uER=0.242188 uMAE=17.8125 WCE=132 bias=-14.6250
[pop05_hard:00200] loss=6.438200 tau=6.00 collapse_w=0.500 mid_frac=0.304 hard=score=6.3917935880 wNMSE=0.011785361 wMSE=897.8130 wMRED=0.55613901 wER=0.194815 wMAE=10.8769 wBias=-10.8769 condBias=21.7729 dotDrift=-23.232sigma uMRED=0.0311806496 uER=0.242188 uMAE=18.6250 WCE=132 bias=-18.6250
[pop05_hard:00400] loss=6.438204 tau=6.00 collapse_w=0.500 mid_frac=0.286 hard=score=6.3917935880 wNMSE=0.011785361 wMSE=897.8130 wMRED=0.55613901 wER=0.194815 wMAE=10.8769 wBias=-10.8769 condBias=21.7729 dotDrift=-23.232sigma uMRED=0.0311806496 uER=0.242188 uMAE=18.6250 WCE=132 bias=-18.6250
[pop05_hard:00599] loss=0.209320 tau=6.00 collapse_w=0.500 mid_frac=0.268 hard=score=0.1483322842 wNMSE=0.014327981 wMSE=1091.5107 wMRED=0.80370036 wER=0.242474 wMAE=15.3253 wBias=-1.4839 condBias=16.5070 dotDrift=-2.874sigma uMRED=0.0348679985 uER=0.234375 uMAE=18.8125 WCE=132 bias=-15.1250
[pop05] done (conf=0.51, noise=1.0); global best score=0.0013734682 wNMSE=8.8383708e-05 wMSE=6.7331 wMRED=0.01606106 wER=0.082765 wMAE=0.6240 wBias=-0.0689 condBias=1.2965 dotDrift=-1.700sigma uMRED=0.0016576735 uER=0.117188 uMAE=1.0625 WCE=16 bias=-0.1250
[pop06_soft:00000] loss=0.344937 tau=1.50 collapse_w=0.000 mid_frac=0.286 hard=score=0.7221856554 wNMSE=0.046637179 wMSE=3552.8369 wMRED=1.61925249 wER=0.249419 wMAE=26.6938 wBias=-3.4502 condBias=29.7786 dotDrift=-3.705sigma uMRED=0.0464713954 uER=0.246094 uMAE=16.6484 WCE=179 bias=4.5625
[pop06_soft:00200] loss=0.154436 tau=2.25 collapse_w=0.000 mid_frac=0.268 hard=score=0.3163945858 wNMSE=0.010447576 wMSE=795.9001 wMRED=0.46918034 wER=0.175954 wMAE=9.6729 wBias=2.3284 condBias=14.0973 dotDrift=+5.282sigma uMRED=0.0261500624 uER=0.234375 uMAE=15.1250 WCE=144 bias=-10.6250
[pop06_soft:00400] loss=0.052052 tau=3.00 collapse_w=0.000 mid_frac=0.196 hard=score=0.3026617918 wNMSE=0.010149674 wMSE=773.2057 wMRED=0.45794979 wER=0.155388 wMAE=9.3601 wBias=2.2738 condBias=13.8949 dotDrift=+5.233sigma uMRED=0.0240549008 uER=0.191406 uMAE=13.3125 WCE=148 bias=-9.0000
[pop06_soft:00600] loss=0.025673 tau=3.75 collapse_w=0.000 mid_frac=0.143 hard=score=0.0181541554 wNMSE=0.00026539286 wMSE=20.2177 wMRED=0.02377472 wER=0.090842 wMAE=1.0967 wBias=-0.5417 condBias=2.2464 dotDrift=-7.710sigma uMRED=0.0028395506 uER=0.125000 uMAE=1.8125 WCE=32 bias=-0.8750
[pop06_soft:00800] loss=0.019062 tau=4.50 collapse_w=0.084 mid_frac=0.071 hard=score=0.0101045672 wNMSE=0.0002234252 wMSE=17.0206 wMRED=0.02062023 wER=0.090842 wMAE=0.9359 wBias=-0.3808 condBias=2.0610 dotDrift=-5.908sigma uMRED=0.0024506799 uER=0.125000 uMAE=1.5625 WCE=32 bias=-0.6250
[pop06_soft:01000] loss=0.017228 tau=5.25 collapse_w=0.293 mid_frac=0.054 hard=score=0.0101045672 wNMSE=0.0002234252 wMSE=17.0206 wMRED=0.02062023 wER=0.090842 wMAE=0.9359 wBias=-0.3808 condBias=2.0610 dotDrift=-5.908sigma uMRED=0.0024506799 uER=0.125000 uMAE=1.5625 WCE=32 bias=-0.6250
[pop06_soft:01199] loss=0.012898 tau=6.00 collapse_w=0.500 mid_frac=0.054 hard=score=0.0101045672 wNMSE=0.0002234252 wMSE=17.0206 wMRED=0.02062023 wER=0.090842 wMAE=0.9359 wBias=-0.3808 condBias=2.0610 dotDrift=-5.908sigma uMRED=0.0024506799 uER=0.125000 uMAE=1.5625 WCE=32 bias=-0.6250
[pop06_hard:00000] loss=0.019480 tau=6.00 collapse_w=0.500 mid_frac=0.054 hard=score=0.0101045672 wNMSE=0.0002234252 wMSE=17.0206 wMRED=0.02062023 wER=0.090842 wMAE=0.9359 wBias=-0.3808 condBias=2.0610 dotDrift=-5.908sigma uMRED=0.0024506799 uER=0.125000 uMAE=1.5625 WCE=32 bias=-0.6250
[pop06_hard:00200] loss=0.017250 tau=6.00 collapse_w=0.500 mid_frac=0.054 hard=score=0.0101045672 wNMSE=0.0002234252 wMSE=17.0206 wMRED=0.02062023 wER=0.090842 wMAE=0.9359 wBias=-0.3808 condBias=2.0610 dotDrift=-5.908sigma uMRED=0.0024506799 uER=0.125000 uMAE=1.5625 WCE=32 bias=-0.6250
[pop06_hard:00400] loss=0.016003 tau=6.00 collapse_w=0.500 mid_frac=0.054 hard=score=0.0101045672 wNMSE=0.0002234252 wMSE=17.0206 wMRED=0.02062023 wER=0.090842 wMAE=0.9359 wBias=-0.3808 condBias=2.0610 dotDrift=-5.908sigma uMRED=0.0024506799 uER=0.125000 uMAE=1.5625 WCE=32 bias=-0.6250
[pop06_hard:00599] loss=0.015219 tau=6.00 collapse_w=0.500 mid_frac=0.054 hard=score=0.0101045672 wNMSE=0.0002234252 wMSE=17.0206 wMRED=0.02062023 wER=0.090842 wMAE=0.9359 wBias=-0.3808 condBias=2.0610 dotDrift=-5.908sigma uMRED=0.0024506799 uER=0.125000 uMAE=1.5625 WCE=32 bias=-0.6250
[pop06] done (conf=0.53, noise=0.5); global best score=0.0013734682 wNMSE=8.8383708e-05 wMSE=6.7331 wMRED=0.01606106 wER=0.082765 wMAE=0.6240 wBias=-0.0689 condBias=1.2965 dotDrift=-1.700sigma uMRED=0.0016576735 uER=0.117188 uMAE=1.0625 WCE=16 bias=-0.1250
[pop07_soft:00000] loss=0.547716 tau=1.50 collapse_w=0.000 mid_frac=0.464 hard=score=5.5584940285 wNMSE=0.082451623 wMSE=6281.1940 wMRED=2.11688758 wER=0.249598 wMAE=36.5640 wBias=10.0375 condBias=39.5935 dotDrift=+8.106sigma uMRED=0.0621820840 uER=0.250000 uMAE=24.0469 WCE=201 bias=6.8750
[pop07_soft:00200] loss=0.477295 tau=2.25 collapse_w=0.000 mid_frac=0.393 hard=score=0.8160546053 wNMSE=0.098433939 wMSE=7498.7325 wMRED=2.38474083 wER=0.249598 wMAE=41.5385 wBias=3.4881 condBias=43.2619 dotDrift=+2.578sigma uMRED=0.0699555828 uER=0.250000 uMAE=25.8438 WCE=200 bias=-6.8750
[pop07_soft:00400] loss=0.414918 tau=3.00 collapse_w=0.000 mid_frac=0.411 hard=score=0.7532164567 wNMSE=0.09604631 wMSE=7316.8421 wMRED=2.34854488 wER=0.249598 wMAE=41.0767 wBias=3.3280 condBias=42.7342 dotDrift=+2.490sigma uMRED=0.0694114817 uER=0.250000 uMAE=25.7500 WCE=192 bias=-6.8750
[pop07_soft:00600] loss=0.306268 tau=3.75 collapse_w=0.000 mid_frac=0.464 hard=score=0.1970341534 wNMSE=0.047357097 wMSE=3607.6805 wMRED=1.68335035 wER=0.249598 wMAE=28.2853 wBias=1.4708 condBias=30.0074 dotDrift=+1.567sigma uMRED=0.0487609110 uER=0.250000 uMAE=18.1875 WCE=144 bias=-3.1250
[pop07_soft:00800] loss=0.127184 tau=4.50 collapse_w=0.084 mid_frac=0.464 hard=score=0.0420816456 wNMSE=0.0016921149 wMSE=128.9059 wMRED=0.04628783 wER=0.130743 wMAE=2.5629 wBias=-0.7674 condBias=5.6748 dotDrift=-4.326sigma uMRED=0.0129678356 uER=0.222656 uMAE=10.5000 WCE=128 bias=-2.6250
[pop07_soft:01000] loss=0.086360 tau=5.25 collapse_w=0.293 mid_frac=0.339 hard=score=0.0557641639 wNMSE=0.0015694557 wMSE=119.5617 wMRED=0.04722760 wER=0.130743 wMAE=2.5617 wBias=-0.9202 condBias=5.4653 dotDrift=-5.386sigma uMRED=0.0124529417 uER=0.222656 uMAE=10.0000 WCE=128 bias=-3.2500
[pop07_soft:01199] loss=0.067052 tau=6.00 collapse_w=0.500 mid_frac=0.321 hard=score=0.0557641639 wNMSE=0.0015694557 wMSE=119.5617 wMRED=0.04722760 wER=0.130743 wMAE=2.5617 wBias=-0.9202 condBias=5.4653 dotDrift=-5.386sigma uMRED=0.0124529417 uER=0.222656 uMAE=10.0000 WCE=128 bias=-3.2500
[pop07_hard:00000] loss=0.078261 tau=6.00 collapse_w=0.500 mid_frac=0.321 hard=score=0.0557641639 wNMSE=0.0015694557 wMSE=119.5617 wMRED=0.04722760 wER=0.130743 wMAE=2.5617 wBias=-0.9202 condBias=5.4653 dotDrift=-5.386sigma uMRED=0.0124529417 uER=0.222656 uMAE=10.0000 WCE=128 bias=-3.2500
[pop07_hard:00200] loss=0.076107 tau=6.00 collapse_w=0.500 mid_frac=0.321 hard=score=0.0557641639 wNMSE=0.0015694557 wMSE=119.5617 wMRED=0.04722760 wER=0.130743 wMAE=2.5617 wBias=-0.9202 condBias=5.4653 dotDrift=-5.386sigma uMRED=0.0124529417 uER=0.222656 uMAE=10.0000 WCE=128 bias=-3.2500
[pop07_hard:00400] loss=2.300288 tau=6.00 collapse_w=0.500 mid_frac=0.304 hard=score=2.2628096977 wNMSE=0.0071153912 wMSE=542.0530 wMRED=0.41176313 wER=0.204387 wMAE=9.1631 wBias=6.4581 condBias=12.9293 dotDrift=+17.753sigma uMRED=0.0200764028 uER=0.238281 uMAE=11.6250 WCE=128 bias=-1.2500
[pop07_hard:00599] loss=2.299611 tau=6.00 collapse_w=0.500 mid_frac=0.304 hard=score=2.2628096977 wNMSE=0.0071153912 wMSE=542.0530 wMRED=0.41176313 wER=0.204387 wMAE=9.1631 wBias=6.4581 condBias=12.9293 dotDrift=+17.753sigma uMRED=0.0200764028 uER=0.238281 uMAE=11.6250 WCE=128 bias=-1.2500
[pop07] done (conf=0.51, noise=1.0); global best score=0.0013734682 wNMSE=8.8383708e-05 wMSE=6.7331 wMRED=0.01606106 wER=0.082765 wMAE=0.6240 wBias=-0.0689 condBias=1.2965 dotDrift=-1.700sigma uMRED=0.0016576735 uER=0.117188 uMAE=1.0625 WCE=16 bias=-0.1250
[pop08_soft:00000] loss=0.469247 tau=1.50 collapse_w=0.000 mid_frac=0.357 hard=score=17.4606659041 wNMSE=0.028883421 wMSE=2200.3493 wMRED=1.02981937 wER=0.241128 wMAE=19.4755 wBias=17.9851 condBias=36.0020 dotDrift=+24.538sigma uMRED=0.0331894201 uER=0.234375 uMAE=14.1016 WCE=196 bias=8.3125
[pop08_soft:00200] loss=0.224069 tau=2.25 collapse_w=0.000 mid_frac=0.321 hard=score=9.4048457357 wNMSE=0.017718969 wMSE=1349.8374 wMRED=0.70380557 wER=0.194815 wMAE=13.1948 wBias=-13.1948 condBias=26.4130 dotDrift=-22.985sigma uMRED=0.0336487960 uER=0.242188 uMAE=18.1250 WCE=162 bias=-18.1250
[pop08_soft:00400] loss=0.120797 tau=3.00 collapse_w=0.000 mid_frac=0.250 hard=score=0.0378979370 wNMSE=0.0029138015 wMSE=221.9744 wMRED=0.24892950 wER=0.194815 wMAE=5.3801 wBias=0.6901 condBias=7.4453 dotDrift=+2.965sigma uMRED=0.0177127350 uER=0.242188 uMAE=11.6875 WCE=128 bias=-9.3750
[pop08_soft:00600] loss=0.049390 tau=3.75 collapse_w=0.000 mid_frac=0.232 hard=score=0.0378979370 wNMSE=0.0029138015 wMSE=221.9744 wMRED=0.24892950 wER=0.194815 wMAE=5.3801 wBias=0.6901 condBias=7.4453 dotDrift=+2.965sigma uMRED=0.0177127350 uER=0.242188 uMAE=11.6875 WCE=128 bias=-9.3750
[pop08_soft:00800] loss=0.034221 tau=4.50 collapse_w=0.084 mid_frac=0.214 hard=score=0.1437376527 wNMSE=0.0021643437 wMSE=164.8805 wMRED=0.24442745 wER=0.185802 wMAE=4.7518 wBias=1.5914 condBias=6.4162 dotDrift=+7.932sigma uMRED=0.0119834802 uER=0.214844 uMAE=6.5000 WCE=68 bias=-3.6250
[pop08_soft:01000] loss=0.033120 tau=5.25 collapse_w=0.293 mid_frac=0.196 hard=score=0.1152213926 wNMSE=0.0020628791 wMSE=157.1509 wMRED=0.24170182 wER=0.185587 wMAE=4.6749 wBias=1.4161 condBias=6.2640 dotDrift=+7.230sigma uMRED=0.0119224177 uER=0.210938 uMAE=6.5000 WCE=68 bias=-3.8750
[pop08_soft:01199] loss=0.030208 tau=6.00 collapse_w=0.500 mid_frac=0.196 hard=score=0.1152213926 wNMSE=0.0020628791 wMSE=157.1509 wMRED=0.24170182 wER=0.185587 wMAE=4.6749 wBias=1.4161 condBias=6.2640 dotDrift=+7.230sigma uMRED=0.0119224177 uER=0.210938 uMAE=6.5000 WCE=68 bias=-3.8750
[pop08_hard:00000] loss=0.149372 tau=6.00 collapse_w=0.500 mid_frac=0.196 hard=score=0.1152213926 wNMSE=0.0020628791 wMSE=157.1509 wMRED=0.24170182 wER=0.185587 wMAE=4.6749 wBias=1.4161 condBias=6.2640 dotDrift=+7.230sigma uMRED=0.0119224177 uER=0.210938 uMAE=6.5000 WCE=68 bias=-3.8750
[pop08_hard:00200] loss=0.148873 tau=6.00 collapse_w=0.500 mid_frac=0.179 hard=score=0.1152213926 wNMSE=0.0020628791 wMSE=157.1509 wMRED=0.24170182 wER=0.185587 wMAE=4.6749 wBias=1.4161 condBias=6.2640 dotDrift=+7.230sigma uMRED=0.0119224177 uER=0.210938 uMAE=6.5000 WCE=68 bias=-3.8750
[pop08_hard:00400] loss=0.150024 tau=6.00 collapse_w=0.500 mid_frac=0.196 hard=score=0.1152213926 wNMSE=0.0020628791 wMSE=157.1509 wMRED=0.24170182 wER=0.185587 wMAE=4.6749 wBias=1.4161 condBias=6.2640 dotDrift=+7.230sigma uMRED=0.0119224177 uER=0.210938 uMAE=6.5000 WCE=68 bias=-3.8750
[pop08_hard:00599] loss=0.148767 tau=6.00 collapse_w=0.500 mid_frac=0.196 hard=score=0.1152213926 wNMSE=0.0020628791 wMSE=157.1509 wMRED=0.24170182 wER=0.185587 wMAE=4.6749 wBias=1.4161 condBias=6.2640 dotDrift=+7.230sigma uMRED=0.0119224177 uER=0.210938 uMAE=6.5000 WCE=68 bias=-3.8750
[pop08] done (conf=0.53, noise=0.5); global best score=0.0013734682 wNMSE=8.8383708e-05 wMSE=6.7331 wMRED=0.01606106 wER=0.082765 wMAE=0.6240 wBias=-0.0689 condBias=1.2965 dotDrift=-1.700sigma uMRED=0.0016576735 uER=0.117188 uMAE=1.0625 WCE=16 bias=-0.1250
[pop09_soft:00000] loss=0.425248 tau=1.50 collapse_w=0.000 mid_frac=0.518 hard=score=12.9743588368 wNMSE=0.031152437 wMSE=2373.2038 wMRED=0.92672778 wER=0.249598 wMAE=19.6594 wBias=15.4935 condBias=31.0186 dotDrift=+20.355sigma uMRED=0.0377664927 uER=0.250000 uMAE=19.5625 WCE=173 bias=10.4375
[pop09_soft:00200] loss=0.309519 tau=2.25 collapse_w=0.000 mid_frac=0.429 hard=score=0.6722328036 wNMSE=0.067690059 wMSE=5156.6528 wMRED=1.98925875 wER=0.249413 wMAE=34.2921 wBias=-3.2214 condBias=35.8763 dotDrift=-2.871sigma uMRED=0.0620890713 uER=0.246094 uMAE=24.7109 WCE=184 bias=-8.1875
[pop09_soft:00400] loss=0.191913 tau=3.00 collapse_w=0.000 mid_frac=0.393 hard=score=8.9037677164 wNMSE=0.030597289 wMSE=2330.9124 wMRED=0.89916306 wER=0.249049 wMAE=19.8326 wBias=12.8228 condBias=25.6733 dotDrift=+16.998sigma uMRED=0.0383950277 uER=0.238281 uMAE=19.7500 WCE=164 bias=-2.5000
[pop09_soft:00600] loss=0.064813 tau=3.75 collapse_w=0.000 mid_frac=0.357 hard=score=0.2332141989 wNMSE=0.0061774921 wMSE=470.6035 wMRED=0.16751982 wER=0.177622 wMAE=5.5969 wBias=-1.9946 condBias=10.8411 dotDrift=-5.884sigma uMRED=0.0177490416 uER=0.222656 uMAE=12.0000 WCE=160 bias=-10.0000
[pop09_soft:00800] loss=0.036641 tau=4.50 collapse_w=0.084 mid_frac=0.393 hard=score=0.0737916550 wNMSE=0.0035824274 wMSE=272.9106 wMRED=0.15775010 wER=0.177622 wMAE=4.8318 wBias=-1.0691 condBias=8.2558 dotDrift=-4.142sigma uMRED=0.0153860273 uER=0.222656 uMAE=10.3750 WCE=112 bias=-8.2500
[pop09_soft:01000] loss=0.035178 tau=5.25 collapse_w=0.293 mid_frac=0.339 hard=score=0.0737916550 wNMSE=0.0035824274 wMSE=272.9106 wMRED=0.15775010 wER=0.177622 wMAE=4.8318 wBias=-1.0691 condBias=8.2558 dotDrift=-4.142sigma uMRED=0.0153860273 uER=0.222656 uMAE=10.3750 WCE=112 bias=-8.2500
[pop09_soft:01199] loss=0.032233 tau=6.00 collapse_w=0.500 mid_frac=0.321 hard=score=0.0605515619 wNMSE=0.001397758 wMSE=106.4817 wMRED=0.14017034 wER=0.177622 wMAE=3.5315 wBias=0.9882 condBias=5.1569 dotDrift=+6.129sigma uMRED=0.0117715605 uER=0.222656 uMAE=8.0000 WCE=96 bias=-4.2500
[pop09_hard:00000] loss=0.090271 tau=6.00 collapse_w=0.500 mid_frac=0.321 hard=score=0.0605515619 wNMSE=0.001397758 wMSE=106.4817 wMRED=0.14017034 wER=0.177622 wMAE=3.5315 wBias=0.9882 condBias=5.1569 dotDrift=+6.129sigma uMRED=0.0117715605 uER=0.222656 uMAE=8.0000 WCE=96 bias=-4.2500
[pop09_hard:00200] loss=0.104228 tau=6.00 collapse_w=0.500 mid_frac=0.339 hard=score=0.0737916550 wNMSE=0.0035824274 wMSE=272.9106 wMRED=0.15775010 wER=0.177622 wMAE=4.8318 wBias=-1.0691 condBias=8.2558 dotDrift=-4.142sigma uMRED=0.0153860273 uER=0.222656 uMAE=10.3750 WCE=112 bias=-8.2500
[pop09_hard:00400] loss=0.103118 tau=6.00 collapse_w=0.500 mid_frac=0.339 hard=score=0.0737916550 wNMSE=0.0035824274 wMSE=272.9106 wMRED=0.15775010 wER=0.177622 wMAE=4.8318 wBias=-1.0691 condBias=8.2558 dotDrift=-4.142sigma uMRED=0.0153860273 uER=0.222656 uMAE=10.3750 WCE=112 bias=-8.2500
[pop09_hard:00599] loss=0.102204 tau=6.00 collapse_w=0.500 mid_frac=0.339 hard=score=0.0737916550 wNMSE=0.0035824274 wMSE=272.9106 wMRED=0.15775010 wER=0.177622 wMAE=4.8318 wBias=-1.0691 condBias=8.2558 dotDrift=-4.142sigma uMRED=0.0153860273 uER=0.222656 uMAE=10.3750 WCE=112 bias=-8.2500
[pop09] done (conf=0.51, noise=1.0); global best score=0.0013734682 wNMSE=8.8383708e-05 wMSE=6.7331 wMRED=0.01606106 wER=0.082765 wMAE=0.6240 wBias=-0.0689 condBias=1.2965 dotDrift=-1.700sigma uMRED=0.0016576735 uER=0.117188 uMAE=1.0625 WCE=16 bias=-0.1250
[pop10_soft:00000] loss=0.322400 tau=1.50 collapse_w=0.000 mid_frac=0.411 hard=score=4.4746519567 wNMSE=0.0096824413 wMSE=737.6118 wMRED=0.50055997 wER=0.227144 wMAE=10.2311 wBias=9.0991 condBias=18.2151 dotDrift=+21.442sigma uMRED=0.0163330111 uER=0.242188 uMAE=7.0547 WCE=81 bias=1.5625
[pop10_soft:00200] loss=0.168504 tau=2.25 collapse_w=0.000 mid_frac=0.304 hard=score=0.0107213256 wNMSE=0.00049734676 wMSE=37.8881 wMRED=0.03806916 wER=0.117093 wMAE=1.6509 wBias=-0.3353 condBias=3.0761 dotDrift=-3.486sigma uMRED=0.0064176549 uER=0.183594 uMAE=4.8750 WCE=64 bias=-1.2500
[pop10_soft:00400] loss=0.084229 tau=3.00 collapse_w=0.000 mid_frac=0.286 hard=score=0.0031646555 wNMSE=0.00015305315 wMSE=11.6596 wMRED=0.02978519 wER=0.110384 wMAE=1.0099 wBias=-0.1901 condBias=1.7062 dotDrift=-3.563sigma uMRED=0.0025283840 uER=0.144531 uMAE=1.5625 WCE=16 bias=-0.2500
[pop10_soft:00600] loss=0.035795 tau=3.75 collapse_w=0.000 mid_frac=0.214 hard=score=1.8533710508 wNMSE=0.0053616829 wMSE=408.4549 wMRED=0.42427478 wER=0.144267 wMAE=6.6618 wBias=5.8482 condBias=11.7064 dotDrift=+18.520sigma uMRED=0.0122523189 uER=0.152344 uMAE=4.0625 WCE=80 bias=2.6250
[pop10_soft:00800] loss=0.026716 tau=4.50 collapse_w=0.084 mid_frac=0.196 hard=score=1.9560086990 wNMSE=0.0053641676 wMSE=408.6442 wMRED=0.42277557 wER=0.144267 wMAE=6.6068 wBias=6.0091 condBias=12.0285 dotDrift=+19.025sigma uMRED=0.0120833191 uER=0.152344 uMAE=3.9375 WCE=80 bias=2.8750
[pop10_soft:01000] loss=0.023894 tau=5.25 collapse_w=0.293 mid_frac=0.143 hard=score=1.8533710508 wNMSE=0.0053616829 wMSE=408.4549 wMRED=0.42427478 wER=0.144267 wMAE=6.6618 wBias=5.8482 condBias=11.7064 dotDrift=+18.520sigma uMRED=0.0122523189 uER=0.152344 uMAE=4.0625 WCE=80 bias=2.6250
[pop10_soft:01199] loss=0.017303 tau=6.00 collapse_w=0.500 mid_frac=0.125 hard=score=1.8533710508 wNMSE=0.0053616829 wMSE=408.4549 wMRED=0.42427478 wER=0.144267 wMAE=6.6618 wBias=5.8482 condBias=11.7064 dotDrift=+18.520sigma uMRED=0.0122523189 uER=0.152344 uMAE=4.0625 WCE=80 bias=2.6250
[pop10_hard:00000] loss=1.884110 tau=6.00 collapse_w=0.500 mid_frac=0.125 hard=score=1.8533710508 wNMSE=0.0053616829 wMSE=408.4549 wMRED=0.42427478 wER=0.144267 wMAE=6.6618 wBias=5.8482 condBias=11.7064 dotDrift=+18.520sigma uMRED=0.0122523189 uER=0.152344 uMAE=4.0625 WCE=80 bias=2.6250
[pop10_hard:00200] loss=1.884615 tau=6.00 collapse_w=0.500 mid_frac=0.125 hard=score=1.8533710508 wNMSE=0.0053616829 wMSE=408.4549 wMRED=0.42427478 wER=0.144267 wMAE=6.6618 wBias=5.8482 condBias=11.7064 dotDrift=+18.520sigma uMRED=0.0122523189 uER=0.152344 uMAE=4.0625 WCE=80 bias=2.6250
[pop10_hard:00400] loss=1.277828 tau=6.00 collapse_w=0.500 mid_frac=0.161 hard=score=1.2381671246 wNMSE=0.0051523286 wMSE=392.5062 wMRED=0.40841254 wER=0.144631 wMAE=6.5989 wBias=4.7722 condBias=9.8985 dotDrift=+15.416sigma uMRED=0.0119209783 uER=0.140625 uMAE=3.9375 WCE=80 bias=0.8750
[pop10_hard:00599] loss=0.110700 tau=6.00 collapse_w=0.500 mid_frac=0.161 hard=score=0.0759222794 wNMSE=0.0025523025 wMSE=194.4353 wMRED=0.21588270 wER=0.157868 wMAE=4.6948 wBias=1.0903 condBias=6.9683 dotDrift=+5.004sigma uMRED=0.0134639788 uER=0.195312 uMAE=8.1562 WCE=132 bias=-5.6250
[pop10] done (conf=0.53, noise=0.5); global best score=0.0013734682 wNMSE=8.8383708e-05 wMSE=6.7331 wMRED=0.01606106 wER=0.082765 wMAE=0.6240 wBias=-0.0689 condBias=1.2965 dotDrift=-1.700sigma uMRED=0.0016576735 uER=0.117188 uMAE=1.0625 WCE=16 bias=-0.1250
[pop11_soft:00000] loss=0.619596 tau=1.50 collapse_w=0.000 mid_frac=0.482 hard=score=4.1883074433 wNMSE=0.060662053 wMSE=4621.2568 wMRED=1.76629418 wER=0.249598 wMAE=32.9662 wBias=8.7143 condBias=33.9615 dotDrift=+8.204sigma uMRED=0.0607372142 uER=0.250000 uMAE=27.0000 WCE=168 bias=3.4375
[pop11_soft:00200] loss=0.610987 tau=2.25 collapse_w=0.000 mid_frac=0.411 hard=score=0.1560356337 wNMSE=0.081277959 wMSE=6191.7839 wMRED=2.17345602 wER=0.249598 wMAE=38.5330 wBias=0.6329 condBias=39.3122 dotDrift=+0.515sigma uMRED=0.0683399461 uER=0.250000 uMAE=27.0312 WCE=185 bias=-9.6250
[pop11_soft:00400] loss=0.416061 tau=3.00 collapse_w=0.000 mid_frac=0.393 hard=score=0.1628516719 wNMSE=0.079247598 wMSE=6037.1103 wMRED=2.14824815 wER=0.247188 wMAE=37.0552 wBias=-0.7651 condBias=38.8181 dotDrift=-0.630sigma uMRED=0.0655538296 uER=0.246094 uMAE=25.6797 WCE=184 bias=-12.8125
[pop11_soft:00600] loss=0.338356 tau=3.75 collapse_w=0.000 mid_frac=0.393 hard=score=0.1127269619 wNMSE=0.04435196 wMSE=3378.7481 wMRED=1.55410720 wER=0.249598 wMAE=28.0406 wBias=0.8114 condBias=29.0403 dotDrift=+0.893sigma uMRED=0.0518856153 uER=0.250000 uMAE=22.2500 WCE=164 bias=-11.5000
[pop11_soft:00800] loss=0.258661 tau=4.50 collapse_w=0.084 mid_frac=0.393 hard=score=0.1469972327 wNMSE=0.043385044 wMSE=3305.0881 wMRED=1.51696336 wER=0.249598 wMAE=27.7078 wBias=1.1500 condBias=28.7220 dotDrift=+1.280sigma uMRED=0.0511952723 uER=0.250000 uMAE=22.1250 WCE=164 bias=-11.2500
[pop11_soft:01000] loss=0.204953 tau=5.25 collapse_w=0.293 mid_frac=0.357 hard=score=0.1365058058 wNMSE=0.042979447 wMSE=3274.1896 wMRED=1.50927413 wER=0.249598 wMAE=27.5560 wBias=1.0672 condBias=28.5875 dotDrift=+1.194sigma uMRED=0.0501171954 uER=0.250000 uMAE=21.1875 WCE=164 bias=-10.3750
[pop11_soft:01199] loss=0.151683 tau=6.00 collapse_w=0.500 mid_frac=0.321 hard=score=0.1365058058 wNMSE=0.042979447 wMSE=3274.1896 wMRED=1.50927413 wER=0.249598 wMAE=27.5560 wBias=1.0672 condBias=28.5875 dotDrift=+1.194sigma uMRED=0.0501171954 uER=0.250000 uMAE=21.1875 WCE=164 bias=-10.3750
[pop11_hard:00000] loss=0.233556 tau=6.00 collapse_w=0.500 mid_frac=0.321 hard=score=0.1365058058 wNMSE=0.042979447 wMSE=3274.1896 wMRED=1.50927413 wER=0.249598 wMAE=27.5560 wBias=1.0672 condBias=28.5875 dotDrift=+1.194sigma uMRED=0.0501171954 uER=0.250000 uMAE=21.1875 WCE=164 bias=-10.3750
[pop11_hard:00200] loss=0.232117 tau=6.00 collapse_w=0.500 mid_frac=0.268 hard=score=0.1365058058 wNMSE=0.042979447 wMSE=3274.1896 wMRED=1.50927413 wER=0.249598 wMAE=27.5560 wBias=1.0672 condBias=28.5875 dotDrift=+1.194sigma uMRED=0.0501171954 uER=0.250000 uMAE=21.1875 WCE=164 bias=-10.3750
[pop11_hard:00400] loss=0.233993 tau=6.00 collapse_w=0.500 mid_frac=0.250 hard=score=0.1365058058 wNMSE=0.042979447 wMSE=3274.1896 wMRED=1.50927413 wER=0.249598 wMAE=27.5560 wBias=1.0672 condBias=28.5875 dotDrift=+1.194sigma uMRED=0.0501171954 uER=0.250000 uMAE=21.1875 WCE=164 bias=-10.3750
[pop11_hard:00599] loss=0.232180 tau=6.00 collapse_w=0.500 mid_frac=0.250 hard=score=0.1365058058 wNMSE=0.042979447 wMSE=3274.1896 wMRED=1.50927413 wER=0.249598 wMAE=27.5560 wBias=1.0672 condBias=28.5875 dotDrift=+1.194sigma uMRED=0.0501171954 uER=0.250000 uMAE=21.1875 WCE=164 bias=-10.3750
[pop11] done (conf=0.51, noise=1.0); global best score=0.0013734682 wNMSE=8.8383708e-05 wMSE=6.7331 wMRED=0.01606106 wER=0.082765 wMAE=0.6240 wBias=-0.0689 condBias=1.2965 dotDrift=-1.700sigma uMRED=0.0016576735 uER=0.117188 uMAE=1.0625 WCE=16 bias=-0.1250
[best] stage=quad_soft score=0.0013734682 wNMSE=8.8383708e-05 wMSE=6.7331 wMRED=0.01606106 wER=0.082765 wMAE=0.6240 wBias=-0.0689 condBias=1.2965 dotDrift=-1.700sigma uMRED=0.0016576735 uER=0.117188 uMAE=1.0625 WCE=16 bias=-0.1250
[best-json] /home/xuanqi/tony/work/FPGA/signed8x8_approx/signed8x8_2026_8_22/runs_qwen_quality/rand220/best_signed88_inits.json
[best-rtl] /home/xuanqi/tony/work/FPGA/signed8x8_approx/signed8x8_2026_8_22/runs_qwen_quality/rand220/best_rtl
[design] quality search_bits=56
[start] score=0.0013734682 wNMSE=8.8383708e-05 wMSE=6.7331 wMRED=0.01606106 wER=0.082765 wMAE=0.6240 wBias=-0.0689 condBias=1.2965 dotDrift=-1.700sigma uMRED=0.0016576735 uER=0.117188 uMAE=1.0625 WCE=16 bias=-0.1250
[single] ACCEPT ['cp_lut01:27'] 0.0013734682->0.0011271378 wNMSE=8.9293335e-05 wBias=-0.01104
[single] round=2 no improvement
[pair] ACCEPT ['cp_lut23:51', 'cp_lut23:55'] 0.0011271378->0.0011122521 wNMSE=7.9219546e-05 wBias=+0.01021
[pair] ACCEPT ['cp_lut01:59', 'cp_lut01:63'] 0.0011122521->0.0011100218 wNMSE=7.2270689e-05 wBias=+0.01523
[pair] ACCEPT ['cp_lut01:51', 'cp_lut23:55'] 0.0011100218->0.0011035642 wNMSE=6.2826656e-05 wBias=-0.01796
[pair] ACCEPT ['cp_lut23:59', 'cp_lut23:43'] 0.0011035642->0.0010275014 wNMSE=9.5425363e-05 wBias=+0.01403
[final] score=0.0010275014 wNMSE=9.5425363e-05 wMSE=7.2695 wMRED=0.03480095 wER=0.225918 wMAE=1.0456 wBias=0.0140 condBias=1.3471 dotDrift=+0.333sigma uMRED=0.0023050101 uER=0.234375 uMAE=1.3281 WCE=14 bias=-0.1875
[json] /home/xuanqi/tony/work/FPGA/signed8x8_approx/signed8x8_2026_8_22/runs_qwen_quality/rand220/refined/best_signed88_inits.json
