[design] default_split quad4 entries=168
[device] cuda
[initial] score=21.0692841095 wNMSE=6.9131374 wMSE=361622.6912 wMRED=19.52813201 wER=0.584413 wMAE=283.1336 wBias=10.6268 condBias=349.4851 dotDrift=+1.131sigma uMRED=0.8948560293 uER=0.575928 uMAE=440.1362 WCE=3441 bias=165.6875
[quad_warmup_bit:00000] loss=8.670607 tau=1.50 collapse_w=0.000 mid_frac=0.512 hard=score=21.0692841095 wNMSE=6.9131374 wMSE=361622.6912 wMRED=19.52813201 wER=0.584413 wMAE=283.1336 wBias=10.6268 condBias=349.4851 dotDrift=+1.131sigma uMRED=0.8948560293 uER=0.575928 uMAE=440.1362 WCE=3441 bias=165.6875
[quad_warmup_bit:00025] loss=4.760221 tau=1.50 collapse_w=0.000 mid_frac=0.512 hard=score=17.6589872403 wNMSE=6.8275341 wMSE=357144.8266 wMRED=19.59077730 wER=0.584413 wMAE=282.2973 wBias=8.4401 condBias=347.8408 dotDrift=+0.904sigma uMRED=0.8863978300 uER=0.575928 uMAE=430.7427 WCE=3441 bias=156.5000 *BEST*
[quad_warmup_bit:00050] loss=2.088459 tau=1.50 collapse_w=0.000 mid_frac=0.512 hard=score=15.6143088003 wNMSE=7.107071 wMSE=371767.2589 wMRED=20.50794419 wER=0.584413 wMAE=293.9631 wBias=-6.0302 condBias=358.9818 dotDrift=-0.633sigma uMRED=0.9040420764 uER=0.575928 uMAE=433.2505 WCE=3441 bias=150.5000 *BEST*
[quad_warmup_bit:00200] loss=0.590357 tau=1.50 collapse_w=0.000 mid_frac=0.476 hard=score=41.7860478785 wNMSE=6.5280032 wMSE=341476.5215 wMRED=19.91734388 wER=0.573138 wMAE=279.8820 wBias=-19.6449 condBias=338.8394 dotDrift=-2.152sigma uMRED=0.8482153828 uER=0.570801 uMAE=393.2026 WCE=3121 bias=88.3125
[quad_warmup_bit:00400] loss=0.495288 tau=1.50 collapse_w=0.000 mid_frac=0.476 hard=score=37.9563376882 wNMSE=4.134155 wMSE=216255.5398 wMRED=17.19939472 wER=0.536136 wMAE=237.1682 wBias=-19.7999 condBias=265.8893 dotDrift=-2.725sigma uMRED=0.7309285658 uER=0.540039 uMAE=345.9570 WCE=2832 bias=41.0000
[quad_warmup_bit:00600] loss=0.414492 tau=1.50 collapse_w=0.000 mid_frac=0.440 hard=score=392.3447515423 wNMSE=2.738123 wMSE=143229.8171 wMRED=16.15587845 wER=0.470412 wMAE=201.9267 wBias=-70.3486 condBias=223.5888 dotDrift=-11.896sigma uMRED=0.6282803020 uER=0.511475 uMAE=296.7246 WCE=2816 bias=-37.1250
[quad_warmup_bit:00800] loss=0.344759 tau=1.50 collapse_w=0.000 mid_frac=0.381 hard=score=105.1265247710 wNMSE=0.70398348 wMSE=36825.0172 wMRED=3.19529775 wER=0.397909 wMAE=87.8740 wBias=-36.4222 condBias=89.7353 dotDrift=-12.147sigma uMRED=0.3199370818 uER=0.488770 uMAE=200.3086 WCE=1920 bias=-68.6250
[quad_warmup_bit:01000] loss=0.294900 tau=1.50 collapse_w=0.000 mid_frac=0.357 hard=score=189.5527972229 wNMSE=0.9313555 wMSE=48718.7314 wMRED=4.35133801 wER=0.387730 wMAE=95.1584 wBias=-49.0076 condBias=97.9328 dotDrift=-14.210sigma uMRED=0.3339239175 uER=0.472656 uMAE=208.9863 WCE=2560 bias=-51.2500
[quad_warmup_bit:01200] loss=0.259250 tau=1.50 collapse_w=0.000 mid_frac=0.298 hard=score=134.8327810754 wNMSE=0.90473732 wMSE=47326.3480 wMRED=4.02245390 wER=0.364799 wMAE=90.1804 wBias=-41.2734 condBias=88.2180 dotDrift=-12.142sigma uMRED=0.3473657831 uER=0.467529 uMAE=220.7637 WCE=2560 bias=-65.3750
[quad_warmup_bit:01400] loss=0.235045 tau=1.50 collapse_w=0.000 mid_frac=0.250 hard=score=136.0400084414 wNMSE=0.97849289 wMSE=51184.4645 wMRED=3.91008185 wER=0.339315 wMAE=87.9885 wBias=-41.4299 condBias=93.8915 dotDrift=-11.720sigma uMRED=0.3663909133 uER=0.451660 uMAE=218.4902 WCE=2560 bias=-82.3750
[quad_warmup_bit:01600] loss=0.218003 tau=1.50 collapse_w=0.000 mid_frac=0.220 hard=score=46.6289783339 wNMSE=0.76045482 wMSE=39779.0037 wMRED=3.88101095 wER=0.340385 wMAE=85.0408 wBias=-24.0356 condBias=89.4633 dotDrift=-7.713sigma uMRED=0.3343273794 uER=0.453125 uMAE=196.5938 WCE=2496 bias=6.6250
[quad_warmup_bit:01800] loss=0.205225 tau=1.50 collapse_w=0.000 mid_frac=0.190 hard=score=40.1766445365 wNMSE=0.68786037 wMSE=35981.6256 wMRED=3.32165854 wER=0.329036 wMAE=75.6863 wBias=-22.2881 condBias=83.6999 dotDrift=-7.520sigma uMRED=0.3212208459 uER=0.403320 uMAE=189.0117 WCE=2816 bias=-4.3750
[quad_warmup_bit:02000] loss=0.195168 tau=1.50 collapse_w=0.000 mid_frac=0.173 hard=score=44.9208812791 wNMSE=0.48658851 wMSE=25453.1971 wMRED=3.24793591 wER=0.328762 wMAE=69.2125 wBias=-23.7230 condBias=69.0445 dotDrift=-9.517sigma uMRED=0.2148816649 uER=0.398926 uMAE=116.0898 WCE=1076 bias=-7.3750
[quad_warmup_bit:02200] loss=0.185712 tau=1.50 collapse_w=0.000 mid_frac=0.161 hard=score=60.0496468397 wNMSE=0.61548384 wMSE=32195.6459 wMRED=4.46494984 wER=0.348770 wMAE=80.4110 wBias=-27.4293 condBias=92.9688 dotDrift=-9.784sigma uMRED=0.2034283229 uER=0.387939 uMAE=98.5078 WCE=1152 bias=16.6250
[quad_warmup_bit:02400] loss=0.174788 tau=1.50 collapse_w=0.000 mid_frac=0.149 hard=score=52.7596734365 wNMSE=0.6217401 wMSE=32522.9075 wMRED=4.44952943 wER=0.351839 wMAE=80.2924 wBias=-25.6675 condBias=95.7048 dotDrift=-9.109sigma uMRED=0.2036135502 uER=0.387939 uMAE=98.5938 WCE=1152 bias=19.1250
[quad_warmup_bit:02600] loss=0.164466 tau=1.50 collapse_w=0.000 mid_frac=0.125 hard=score=27.2641987257 wNMSE=0.26152361 wMSE=13680.1668 wMRED=2.06744785 wER=0.312138 wMAE=43.5771 wBias=18.4824 condBias=65.4524 dotDrift=+10.113sigma uMRED=0.1631404431 uER=0.381348 uMAE=87.8594 WCE=1152 bias=29.1250
[quad_warmup_bit:02800] loss=0.157640 tau=1.50 collapse_w=0.000 mid_frac=0.113 hard=score=26.1119615115 wNMSE=0.25584597 wMSE=13383.1725 wMRED=2.06079344 wER=0.311659 wMAE=42.8713 wBias=18.0836 condBias=64.6915 dotDrift=+10.004sigma uMRED=0.1503263516 uER=0.375488 uMAE=78.1875 WCE=1152 bias=29.1250
[quad_warmup_bit:02950] loss=0.154379 tau=1.50 collapse_w=0.000 mid_frac=0.113 hard=score=8.9512513784 wNMSE=0.26565576 wMSE=13896.3176 wMRED=2.09145725 wER=0.311659 wMAE=43.8735 wBias=10.3808 condBias=66.1992 dotDrift=+5.636sigma uMRED=0.1520042676 uER=0.375488 uMAE=78.3906 WCE=1152 bias=13.1250 *BEST*
[quad_warmup_bit:03000] loss=0.153506 tau=1.50 collapse_w=0.000 mid_frac=0.107 hard=score=16.3395937126 wNMSE=0.24190243 wMSE=12653.7925 wMRED=2.02258090 wER=0.305822 wMAE=40.4918 wBias=14.2322 condBias=63.2620 dotDrift=+8.097sigma uMRED=0.1388464009 uER=0.359863 uMAE=71.8516 WCE=1152 bias=21.1250
[quad_warmup_bit:03200] loss=0.150637 tau=1.50 collapse_w=0.000 mid_frac=0.107 hard=score=16.3395937126 wNMSE=0.24190243 wMSE=12653.7925 wMRED=2.02258090 wER=0.305822 wMAE=40.4918 wBias=14.2322 condBias=63.2620 dotDrift=+8.097sigma uMRED=0.1388464009 uER=0.359863 uMAE=71.8516 WCE=1152 bias=21.1250
[quad_warmup_bit:03400] loss=0.148623 tau=1.50 collapse_w=0.000 mid_frac=0.101 hard=score=16.3395937126 wNMSE=0.24190243 wMSE=12653.7925 wMRED=2.02258090 wER=0.305822 wMAE=40.4918 wBias=14.2322 condBias=63.2620 dotDrift=+8.097sigma uMRED=0.1388464009 uER=0.359863 uMAE=71.8516 WCE=1152 bias=21.1250
[quad_warmup_bit:03600] loss=0.147143 tau=1.50 collapse_w=0.000 mid_frac=0.107 hard=score=18.8124249460 wNMSE=0.2354731 wMSE=12317.4778 wMRED=2.00564178 wER=0.308231 wMAE=40.1490 wBias=15.3096 condBias=60.9016 dotDrift=+8.828sigma uMRED=0.1361593616 uER=0.356934 uMAE=70.7598 WCE=1152 bias=23.1250
[quad_warmup_bit:03800] loss=0.146048 tau=1.50 collapse_w=0.000 mid_frac=0.107 hard=score=19.2466010703 wNMSE=0.2357596 wMSE=12332.4643 wMRED=2.00919208 wER=0.306862 wMAE=40.2634 wBias=15.4894 condBias=61.0078 dotDrift=+8.927sigma uMRED=0.1363678926 uER=0.354736 uMAE=70.8965 WCE=1152 bias=23.3750
[quad_warmup_bit:04000] loss=0.145219 tau=1.50 collapse_w=0.000 mid_frac=0.107 hard=score=15.0468406853 wNMSE=0.35728478 wMSE=18689.3848 wMRED=2.02838625 wER=0.306862 wMAE=42.3341 wBias=13.5612 condBias=60.9916 dotDrift=+6.349sigma uMRED=0.1798640163 uER=0.354736 uMAE=103.1543 WCE=2228 bias=9.3750
[quad_warmup_bit:04200] loss=0.144557 tau=1.50 collapse_w=0.000 mid_frac=0.107 hard=score=15.0468406853 wNMSE=0.35728478 wMSE=18689.3848 wMRED=2.02838625 wER=0.306862 wMAE=42.3341 wBias=13.5612 condBias=60.9916 dotDrift=+6.349sigma uMRED=0.1798640163 uER=0.354736 uMAE=103.1543 WCE=2228 bias=9.3750
[quad_warmup_bit:04400] loss=0.144037 tau=1.50 collapse_w=0.000 mid_frac=0.113 hard=score=15.0468406853 wNMSE=0.35728478 wMSE=18689.3848 wMRED=2.02838625 wER=0.306862 wMAE=42.3341 wBias=13.5612 condBias=60.9916 dotDrift=+6.349sigma uMRED=0.1798640163 uER=0.354736 uMAE=103.1543 WCE=2228 bias=9.3750
[quad_warmup_bit:04600] loss=0.143562 tau=1.50 collapse_w=0.000 mid_frac=0.101 hard=score=14.5323134668 wNMSE=0.19656572 wMSE=10282.2529 wMRED=1.99185539 wER=0.305894 wMAE=38.3476 wBias=13.4508 condBias=55.1278 dotDrift=+8.490sigma uMRED=0.0959980433 uER=0.339111 uMAE=40.5605 WCE=720 bias=-8.6250
[quad_warmup_bit:04800] loss=0.143056 tau=1.50 collapse_w=0.000 mid_frac=0.101 hard=score=14.5323134668 wNMSE=0.19656572 wMSE=10282.2529 wMRED=1.99185539 wER=0.305894 wMAE=38.3476 wBias=13.4508 condBias=55.1278 dotDrift=+8.490sigma uMRED=0.0959980433 uER=0.339111 uMAE=40.5605 WCE=720 bias=-8.6250
[quad_warmup_bit:05000] loss=0.142662 tau=1.50 collapse_w=0.000 mid_frac=0.101 hard=score=14.5323134668 wNMSE=0.19656572 wMSE=10282.2529 wMRED=1.99185539 wER=0.305894 wMAE=38.3476 wBias=13.4508 condBias=55.1278 dotDrift=+8.490sigma uMRED=0.0959980433 uER=0.339111 uMAE=40.5605 WCE=720 bias=-8.6250
[quad_warmup_bit:05200] loss=0.142366 tau=1.50 collapse_w=0.000 mid_frac=0.101 hard=score=14.5323134668 wNMSE=0.19656572 wMSE=10282.2529 wMRED=1.99185539 wER=0.305894 wMAE=38.3476 wBias=13.4508 condBias=55.1278 dotDrift=+8.490sigma uMRED=0.0959980433 uER=0.339111 uMAE=40.5605 WCE=720 bias=-8.6250
[quad_warmup_bit:05400] loss=0.142124 tau=1.50 collapse_w=0.000 mid_frac=0.101 hard=score=14.5323134668 wNMSE=0.19656572 wMSE=10282.2529 wMRED=1.99185539 wER=0.305894 wMAE=38.3476 wBias=13.4508 condBias=55.1278 dotDrift=+8.490sigma uMRED=0.0959980433 uER=0.339111 uMAE=40.5605 WCE=720 bias=-8.6250
[quad_warmup_bit:05600] loss=0.141916 tau=1.50 collapse_w=0.000 mid_frac=0.101 hard=score=14.5323134668 wNMSE=0.19656572 wMSE=10282.2529 wMRED=1.99185539 wER=0.305894 wMAE=38.3476 wBias=13.4508 condBias=55.1278 dotDrift=+8.490sigma uMRED=0.0959980433 uER=0.339111 uMAE=40.5605 WCE=720 bias=-8.6250
[quad_warmup_bit:05800] loss=0.141735 tau=1.50 collapse_w=0.000 mid_frac=0.101 hard=score=14.5323134668 wNMSE=0.19656572 wMSE=10282.2529 wMRED=1.99185539 wER=0.305894 wMAE=38.3476 wBias=13.4508 condBias=55.1278 dotDrift=+8.490sigma uMRED=0.0959980433 uER=0.339111 uMAE=40.5605 WCE=720 bias=-8.6250
[quad_warmup_bit:05999] loss=0.141580 tau=1.50 collapse_w=0.000 mid_frac=0.101 hard=score=14.5323134668 wNMSE=0.19656572 wMSE=10282.2529 wMRED=1.99185539 wER=0.305894 wMAE=38.3476 wBias=13.4508 condBias=55.1278 dotDrift=+8.490sigma uMRED=0.0959980433 uER=0.339111 uMAE=40.5605 WCE=720 bias=-8.6250
[quad_soft:00000] loss=0.836606 tau=1.50 collapse_w=0.000 mid_frac=0.095 hard=score=14.5323134668 wNMSE=0.19656572 wMSE=10282.2529 wMRED=1.99185539 wER=0.305894 wMAE=38.3476 wBias=13.4508 condBias=55.1278 dotDrift=+8.490sigma uMRED=0.0959980433 uER=0.339111 uMAE=40.5605 WCE=720 bias=-8.6250
[quad_soft:00100] loss=0.528527 tau=1.55 collapse_w=0.000 mid_frac=0.083 hard=score=5.0848970044 wNMSE=0.20517981 wMSE=10732.8512 wMRED=1.77454868 wER=0.318658 wMAE=37.2704 wBias=7.7317 condBias=59.5837 dotDrift=+4.776sigma uMRED=0.0969307483 uER=0.354492 uMAE=42.0547 WCE=864 bias=-15.7500 *BEST*
[quad_soft:00125] loss=0.489381 tau=1.56 collapse_w=0.000 mid_frac=0.083 hard=score=4.4706754715 wNMSE=0.20778483 wMSE=10869.1184 wMRED=1.77705512 wER=0.318843 wMAE=37.5824 wBias=7.2032 condBias=59.9552 dotDrift=+4.422sigma uMRED=0.1034086336 uER=0.357422 uMAE=47.2734 WCE=864 bias=-23.7500 *BEST*
[quad_soft:00150] loss=0.458860 tau=1.57 collapse_w=0.000 mid_frac=0.077 hard=score=3.8173711052 wNMSE=0.20792872 wMSE=10876.6453 wMRED=1.77571799 wER=0.329576 wMAE=37.9878 wBias=6.5980 condBias=59.9116 dotDrift=+4.049sigma uMRED=0.1037590070 uER=0.366211 uMAE=47.6484 WCE=864 bias=-24.2500 *BEST*
[quad_soft:00175] loss=0.433302 tau=1.58 collapse_w=0.000 mid_frac=0.065 hard=score=0.5382224071 wNMSE=0.21556189 wMSE=11275.9328 wMRED=1.98558371 wER=0.339867 wMAE=40.6882 wBias=1.2388 condBias=61.2773 dotDrift=+0.747sigma uMRED=0.1101554092 uER=0.375000 uMAE=49.8047 WCE=864 bias=-28.2500 *BEST*
[quad_soft:00200] loss=0.413480 tau=1.59 collapse_w=0.000 mid_frac=0.065 hard=score=0.5382224071 wNMSE=0.21556189 wMSE=11275.9328 wMRED=1.98558371 wER=0.339867 wMAE=40.6882 wBias=1.2388 condBias=61.2773 dotDrift=+0.747sigma uMRED=0.1101554092 uER=0.375000 uMAE=49.8047 WCE=864 bias=-28.2500
[quad_soft:00225] loss=0.399651 tau=1.60 collapse_w=0.000 mid_frac=0.065 hard=score=0.5205233101 wNMSE=0.21611558 wMSE=11304.8958 wMRED=1.98652989 wER=0.339910 wMAE=40.7552 wBias=1.1363 condBias=61.4317 dotDrift=+0.684sigma uMRED=0.1119932971 uER=0.377930 uMAE=50.9609 WCE=864 bias=-30.2500 *BEST*
[quad_soft:00275] loss=0.383339 tau=1.62 collapse_w=0.000 mid_frac=0.071 hard=score=0.5085372632 wNMSE=0.21677704 wMSE=11339.4967 wMRED=1.99226776 wER=0.339910 wMAE=41.0805 wBias=-1.0646 condBias=61.6183 dotDrift=-0.640sigma uMRED=0.1140596818 uER=0.377930 uMAE=52.2109 WCE=864 bias=-32.2500 *BEST*
[quad_soft:00400] loss=0.360453 tau=1.68 collapse_w=0.000 mid_frac=0.077 hard=score=2.2827291763 wNMSE=0.20532293 wMSE=10740.3380 wMRED=1.64235238 wER=0.318886 wMAE=36.5220 wBias=4.8999 condBias=59.8265 dotDrift=+3.026sigma uMRED=0.1040059567 uER=0.360352 uMAE=48.6797 WCE=864 bias=-27.7500
[quad_soft:00600] loss=0.344612 tau=1.77 collapse_w=0.000 mid_frac=0.077 hard=score=2.3607975033 wNMSE=0.20475456 wMSE=10710.6067 wMRED=1.64140620 wER=0.318843 wMAE=36.4550 wBias=5.0024 condBias=59.6635 dotDrift=+3.094sigma uMRED=0.1021680689 uER=0.357422 uMAE=47.5234 WCE=864 bias=-25.7500
[quad_soft:00800] loss=0.336829 tau=1.86 collapse_w=0.000 mid_frac=0.077 hard=score=2.9543028148 wNMSE=0.2048351 wMSE=10714.8199 wMRED=1.70848181 wER=0.313240 wMAE=36.5775 wBias=5.7112 condBias=59.7593 dotDrift=+3.531sigma uMRED=0.1024926824 uER=0.355957 uMAE=47.3496 WCE=848 bias=-25.2500
[quad_soft:01000] loss=0.332343 tau=1.95 collapse_w=0.000 mid_frac=0.077 hard=score=2.9543028148 wNMSE=0.2048351 wMSE=10714.8199 wMRED=1.70848181 wER=0.313240 wMAE=36.5775 wBias=5.7112 condBias=59.7593 dotDrift=+3.531sigma uMRED=0.1024926824 uER=0.355957 uMAE=47.3496 WCE=848 bias=-25.2500
[quad_soft:01200] loss=0.318011 tau=2.04 collapse_w=0.000 mid_frac=0.077 hard=score=9.9072666133 wNMSE=0.21352147 wMSE=11169.1991 wMRED=2.14001158 wER=0.344831 wMAE=40.4395 wBias=11.0100 condBias=60.7434 dotDrift=+6.667sigma uMRED=0.1115506826 uER=0.380859 uMAE=49.7891 WCE=808 bias=-22.7500
[quad_soft:01400] loss=0.312704 tau=2.13 collapse_w=0.000 mid_frac=0.077 hard=score=10.0834719119 wNMSE=0.2129883 wMSE=11141.3096 wMRED=2.13907411 wER=0.344933 wMAE=40.3773 wBias=11.1126 condBias=60.5894 dotDrift=+6.738sigma uMRED=0.1097928509 uER=0.382324 uMAE=48.7852 WCE=808 bias=-20.7500
[quad_soft:01600] loss=0.311328 tau=2.22 collapse_w=0.000 mid_frac=0.065 hard=score=3.4863075690 wNMSE=0.20437659 wMSE=10690.8350 wMRED=1.94505232 wER=0.344933 wMAE=37.5964 wBias=6.2819 condBias=59.6519 dotDrift=+3.888sigma uMRED=0.0981613526 uER=0.382324 uMAE=41.7305 WCE=808 bias=-16.7500
[quad_soft:01800] loss=0.309823 tau=2.31 collapse_w=0.000 mid_frac=0.077 hard=score=3.4863075690 wNMSE=0.20437659 wMSE=10690.8350 wMRED=1.94505232 wER=0.344933 wMAE=37.5964 wBias=6.2819 condBias=59.6519 dotDrift=+3.888sigma uMRED=0.0981613526 uER=0.382324 uMAE=41.7305 WCE=808 bias=-16.7500
[quad_soft:02000] loss=0.307789 tau=2.40 collapse_w=0.000 mid_frac=0.077 hard=score=3.4863075690 wNMSE=0.20437659 wMSE=10690.8350 wMRED=1.94505232 wER=0.344933 wMAE=37.5964 wBias=6.2819 condBias=59.6519 dotDrift=+3.888sigma uMRED=0.0981613526 uER=0.382324 uMAE=41.7305 WCE=808 bias=-16.7500
[quad_soft:02200] loss=0.306127 tau=2.49 collapse_w=0.000 mid_frac=0.077 hard=score=3.4863075690 wNMSE=0.20437659 wMSE=10690.8350 wMRED=1.94505232 wER=0.344933 wMAE=37.5964 wBias=6.2819 condBias=59.6519 dotDrift=+3.888sigma uMRED=0.0981613526 uER=0.382324 uMAE=41.7305 WCE=808 bias=-16.7500
[quad_soft:02400] loss=0.304350 tau=2.58 collapse_w=0.000 mid_frac=0.071 hard=score=6.0347038050 wNMSE=0.20590998 wMSE=10771.0462 wMRED=1.93948305 wER=0.328078 wMAE=37.2885 wBias=8.4827 condBias=59.8003 dotDrift=+5.231sigma uMRED=0.0964345870 uER=0.370605 uMAE=40.7305 WCE=808 bias=-14.7500
[quad_soft:02600] loss=0.302415 tau=2.67 collapse_w=0.000 mid_frac=0.065 hard=score=5.2723397566 wNMSE=0.20556967 wMSE=10753.2446 wMRED=1.93654524 wER=0.328078 wMAE=37.1817 wBias=7.8883 condBias=59.6348 dotDrift=+4.868sigma uMRED=0.0957896108 uER=0.370605 uMAE=40.2305 WCE=808 bias=-15.7500
[quad_soft:02800] loss=0.300380 tau=2.76 collapse_w=0.000 mid_frac=0.060 hard=score=5.2723397566 wNMSE=0.20556967 wMSE=10753.2446 wMRED=1.93654524 wER=0.328078 wMAE=37.1817 wBias=7.8883 condBias=59.6348 dotDrift=+4.868sigma uMRED=0.0957896108 uER=0.370605 uMAE=40.2305 WCE=808 bias=-15.7500
[quad_soft:03000] loss=0.298204 tau=2.85 collapse_w=0.000 mid_frac=0.060 hard=score=5.2723397566 wNMSE=0.20556967 wMSE=10753.2446 wMRED=1.93654524 wER=0.328078 wMAE=37.1817 wBias=7.8883 condBias=59.6348 dotDrift=+4.868sigma uMRED=0.0957896108 uER=0.370605 uMAE=40.2305 WCE=808 bias=-15.7500
[quad_soft:03200] loss=0.295957 tau=2.94 collapse_w=0.000 mid_frac=0.060 hard=score=5.2723397566 wNMSE=0.20556967 wMSE=10753.2446 wMRED=1.93654524 wER=0.328078 wMAE=37.1817 wBias=7.8883 condBias=59.6348 dotDrift=+4.868sigma uMRED=0.0957896108 uER=0.370605 uMAE=40.2305 WCE=808 bias=-15.7500
[quad_soft:03400] loss=0.293516 tau=3.03 collapse_w=0.000 mid_frac=0.065 hard=score=2.9071728326 wNMSE=0.20279506 wMSE=10608.1064 wMRED=2.07738292 wER=0.367695 wMAE=37.8726 wBias=5.6655 condBias=59.3301 dotDrift=+3.520sigma uMRED=0.0989591159 uER=0.401855 uMAE=41.2305 WCE=808 bias=-17.7500
[quad_soft:03600] loss=0.290904 tau=3.12 collapse_w=0.000 mid_frac=0.065 hard=score=3.0486043139 wNMSE=0.20254141 wMSE=10594.8381 wMRED=2.07385675 wER=0.367695 wMAE=37.7146 wBias=5.8235 condBias=59.2483 dotDrift=+3.621sigma uMRED=0.0985702451 uER=0.401855 uMAE=40.9805 WCE=808 bias=-17.5000
[quad_soft:03800] loss=0.288165 tau=3.21 collapse_w=0.000 mid_frac=0.065 hard=score=3.1208153137 wNMSE=0.20243271 wMSE=10589.1521 wMRED=2.07209366 wER=0.367695 wMAE=37.6356 wBias=5.9026 condBias=59.2093 dotDrift=+3.671sigma uMRED=0.0983758097 uER=0.401855 uMAE=40.8555 WCE=808 bias=-17.3750
[quad_soft:04000] loss=0.285323 tau=3.30 collapse_w=0.000 mid_frac=0.065 hard=score=3.1208153137 wNMSE=0.20243271 wMSE=10589.1521 wMRED=2.07209366 wER=0.367695 wMAE=37.6356 wBias=5.9026 condBias=59.2093 dotDrift=+3.671sigma uMRED=0.0983758097 uER=0.401855 uMAE=40.8555 WCE=808 bias=-17.3750
[quad_soft:04200] loss=0.279454 tau=3.39 collapse_w=0.000 mid_frac=0.065 hard=score=3.1208153137 wNMSE=0.20243271 wMSE=10589.1521 wMRED=2.07209366 wER=0.367695 wMAE=37.6356 wBias=5.9026 condBias=59.2093 dotDrift=+3.671sigma uMRED=0.0983758097 uER=0.401855 uMAE=40.8555 WCE=808 bias=-17.3750
[quad_soft:04400] loss=0.273588 tau=3.48 collapse_w=0.000 mid_frac=0.065 hard=score=3.1208153137 wNMSE=0.20243271 wMSE=10589.1521 wMRED=2.07209366 wER=0.367695 wMAE=37.6356 wBias=5.9026 condBias=59.2093 dotDrift=+3.671sigma uMRED=0.0983758097 uER=0.401855 uMAE=40.8555 WCE=808 bias=-17.3750
[quad_soft:04600] loss=0.267708 tau=3.57 collapse_w=0.000 mid_frac=0.065 hard=score=3.1208153137 wNMSE=0.20243271 wMSE=10589.1521 wMRED=2.07209366 wER=0.367695 wMAE=37.6356 wBias=5.9026 condBias=59.2093 dotDrift=+3.671sigma uMRED=0.0983758097 uER=0.401855 uMAE=40.8555 WCE=808 bias=-17.3750
[quad_soft:04800] loss=0.261810 tau=3.66 collapse_w=0.000 mid_frac=0.071 hard=score=3.1208153137 wNMSE=0.20243271 wMSE=10589.1521 wMRED=2.07209366 wER=0.367695 wMAE=37.6356 wBias=5.9026 condBias=59.2093 dotDrift=+3.671sigma uMRED=0.0983758097 uER=0.401855 uMAE=40.8555 WCE=808 bias=-17.3750
[quad_soft:05000] loss=0.255939 tau=3.75 collapse_w=0.000 mid_frac=0.071 hard=score=3.1208153137 wNMSE=0.20243271 wMSE=10589.1521 wMRED=2.07209366 wER=0.367695 wMAE=37.6356 wBias=5.9026 condBias=59.2093 dotDrift=+3.671sigma uMRED=0.0983758097 uER=0.401855 uMAE=40.8555 WCE=808 bias=-17.3750
[quad_soft:05200] loss=0.249968 tau=3.84 collapse_w=0.000 mid_frac=0.071 hard=score=3.1208153137 wNMSE=0.20243271 wMSE=10589.1521 wMRED=2.07209366 wER=0.367695 wMAE=37.6356 wBias=5.9026 condBias=59.2093 dotDrift=+3.671sigma uMRED=0.0983758097 uER=0.401855 uMAE=40.8555 WCE=808 bias=-17.3750
[quad_soft:05400] loss=0.244057 tau=3.93 collapse_w=0.000 mid_frac=0.065 hard=score=3.1208153137 wNMSE=0.20243271 wMSE=10589.1521 wMRED=2.07209366 wER=0.367695 wMAE=37.6356 wBias=5.9026 condBias=59.2093 dotDrift=+3.671sigma uMRED=0.0983758097 uER=0.401855 uMAE=40.8555 WCE=808 bias=-17.3750
[quad_soft:05600] loss=0.238115 tau=4.02 collapse_w=0.000 mid_frac=0.071 hard=score=3.1208153137 wNMSE=0.20243271 wMSE=10589.1521 wMRED=2.07209366 wER=0.367695 wMAE=37.6356 wBias=5.9026 condBias=59.2093 dotDrift=+3.671sigma uMRED=0.0983758097 uER=0.401855 uMAE=40.8555 WCE=808 bias=-17.3750
[quad_soft:05800] loss=0.232104 tau=4.11 collapse_w=0.000 mid_frac=0.071 hard=score=3.1208153137 wNMSE=0.20243271 wMSE=10589.1521 wMRED=2.07209366 wER=0.367695 wMAE=37.6356 wBias=5.9026 condBias=59.2093 dotDrift=+3.671sigma uMRED=0.0983758097 uER=0.401855 uMAE=40.8555 WCE=808 bias=-17.3750
[quad_soft:06000] loss=0.226225 tau=4.20 collapse_w=0.000 mid_frac=0.071 hard=score=3.1208153137 wNMSE=0.20243271 wMSE=10589.1521 wMRED=2.07209366 wER=0.367695 wMAE=37.6356 wBias=5.9026 condBias=59.2093 dotDrift=+3.671sigma uMRED=0.0983758097 uER=0.401855 uMAE=40.8555 WCE=808 bias=-17.3750
[quad_soft:06200] loss=0.221224 tau=4.29 collapse_w=0.025 mid_frac=0.060 hard=score=3.2854619167 wNMSE=0.20238331 wMSE=10586.5680 wMRED=2.06268649 wER=0.347236 wMAE=37.4879 wBias=6.0783 condBias=59.1950 dotDrift=+3.781sigma uMRED=0.0981174922 uER=0.384766 uMAE=40.7656 WCE=808 bias=-16.7500
[quad_soft:06400] loss=0.216191 tau=4.38 collapse_w=0.050 mid_frac=0.060 hard=score=3.2854619167 wNMSE=0.20238331 wMSE=10586.5680 wMRED=2.06268649 wER=0.347236 wMAE=37.4879 wBias=6.0783 condBias=59.1950 dotDrift=+3.781sigma uMRED=0.0981174922 uER=0.384766 uMAE=40.7656 WCE=808 bias=-16.7500
[quad_soft:06600] loss=0.211042 tau=4.47 collapse_w=0.075 mid_frac=0.054 hard=score=3.2854619167 wNMSE=0.20238331 wMSE=10586.5680 wMRED=2.06268649 wER=0.347236 wMAE=37.4879 wBias=6.0783 condBias=59.1950 dotDrift=+3.781sigma uMRED=0.0981174922 uER=0.384766 uMAE=40.7656 WCE=808 bias=-16.7500
[quad_soft:06800] loss=0.205827 tau=4.56 collapse_w=0.100 mid_frac=0.054 hard=score=5.6495045865 wNMSE=0.18576574 wMSE=9717.3109 wMRED=2.02234731 wER=0.345816 wMAE=35.7651 wBias=8.2331 condBias=53.5484 dotDrift=+5.345sigma uMRED=0.0915738042 uER=0.380371 uMAE=37.3867 WCE=688 bias=-12.7500
[quad_soft:07000] loss=0.200492 tau=4.65 collapse_w=0.125 mid_frac=0.054 hard=score=5.6495045865 wNMSE=0.18576574 wMSE=9717.3109 wMRED=2.02234731 wER=0.345816 wMAE=35.7651 wBias=8.2331 condBias=53.5484 dotDrift=+5.345sigma uMRED=0.0915738042 uER=0.380371 uMAE=37.3867 WCE=688 bias=-12.7500
[quad_soft:07200] loss=0.195100 tau=4.74 collapse_w=0.150 mid_frac=0.060 hard=score=5.6495045865 wNMSE=0.18576574 wMSE=9717.3109 wMRED=2.02234731 wER=0.345816 wMAE=35.7651 wBias=8.2331 condBias=53.5484 dotDrift=+5.345sigma uMRED=0.0915738042 uER=0.380371 uMAE=37.3867 WCE=688 bias=-12.7500
[quad_soft:07400] loss=0.189528 tau=4.83 collapse_w=0.175 mid_frac=0.054 hard=score=5.6495045865 wNMSE=0.18576574 wMSE=9717.3109 wMRED=2.02234731 wER=0.345816 wMAE=35.7651 wBias=8.2331 condBias=53.5484 dotDrift=+5.345sigma uMRED=0.0915738042 uER=0.380371 uMAE=37.3867 WCE=688 bias=-12.7500
[quad_soft:07600] loss=0.183931 tau=4.92 collapse_w=0.200 mid_frac=0.036 hard=score=25.5227142312 wNMSE=0.10500946 wMSE=5492.9916 wMRED=1.88030824 wER=0.345816 wMAE=28.6584 wBias=17.9800 condBias=41.3065 dotDrift=+15.526sigma uMRED=0.0651467275 uER=0.380371 uMAE=24.0508 WCE=432 bias=3.2500
[quad_soft:07800] loss=0.178287 tau=5.01 collapse_w=0.225 mid_frac=0.042 hard=score=25.5227142312 wNMSE=0.10500946 wMSE=5492.9916 wMRED=1.88030824 wER=0.345816 wMAE=28.6584 wBias=17.9800 condBias=41.3065 dotDrift=+15.526sigma uMRED=0.0651467275 uER=0.380371 uMAE=24.0508 WCE=432 bias=3.2500
[quad_soft:08000] loss=0.172567 tau=5.10 collapse_w=0.250 mid_frac=0.036 hard=score=25.5227142312 wNMSE=0.10500946 wMSE=5492.9916 wMRED=1.88030824 wER=0.345816 wMAE=28.6584 wBias=17.9800 condBias=41.3065 dotDrift=+15.526sigma uMRED=0.0651467275 uER=0.380371 uMAE=24.0508 WCE=432 bias=3.2500
[quad_soft:08200] loss=0.166756 tau=5.19 collapse_w=0.275 mid_frac=0.036 hard=score=25.5227142312 wNMSE=0.10500946 wMSE=5492.9916 wMRED=1.88030824 wER=0.345816 wMAE=28.6584 wBias=17.9800 condBias=41.3065 dotDrift=+15.526sigma uMRED=0.0651467275 uER=0.380371 uMAE=24.0508 WCE=432 bias=3.2500
[quad_soft:08400] loss=0.160890 tau=5.28 collapse_w=0.300 mid_frac=0.036 hard=score=25.5227142312 wNMSE=0.10500946 wMSE=5492.9916 wMRED=1.88030824 wER=0.345816 wMAE=28.6584 wBias=17.9800 condBias=41.3065 dotDrift=+15.526sigma uMRED=0.0651467275 uER=0.380371 uMAE=24.0508 WCE=432 bias=3.2500
[quad_soft:08600] loss=0.154953 tau=5.37 collapse_w=0.325 mid_frac=0.036 hard=score=25.5227142312 wNMSE=0.10500946 wMSE=5492.9916 wMRED=1.88030824 wER=0.345816 wMAE=28.6584 wBias=17.9800 condBias=41.3065 dotDrift=+15.526sigma uMRED=0.0651467275 uER=0.380371 uMAE=24.0508 WCE=432 bias=3.2500
[quad_soft:08800] loss=0.149009 tau=5.46 collapse_w=0.350 mid_frac=0.036 hard=score=25.5227142312 wNMSE=0.10500946 wMSE=5492.9916 wMRED=1.88030824 wER=0.345816 wMAE=28.6584 wBias=17.9800 condBias=41.3065 dotDrift=+15.526sigma uMRED=0.0651467275 uER=0.380371 uMAE=24.0508 WCE=432 bias=3.2500
[quad_soft:09000] loss=0.142866 tau=5.55 collapse_w=0.375 mid_frac=0.036 hard=score=25.5227142312 wNMSE=0.10500946 wMSE=5492.9916 wMRED=1.88030824 wER=0.345816 wMAE=28.6584 wBias=17.9800 condBias=41.3065 dotDrift=+15.526sigma uMRED=0.0651467275 uER=0.380371 uMAE=24.0508 WCE=432 bias=3.2500
[quad_soft:09200] loss=0.136702 tau=5.64 collapse_w=0.400 mid_frac=0.036 hard=score=25.5227142312 wNMSE=0.10500946 wMSE=5492.9916 wMRED=1.88030824 wER=0.345816 wMAE=28.6584 wBias=17.9800 condBias=41.3065 dotDrift=+15.526sigma uMRED=0.0651467275 uER=0.380371 uMAE=24.0508 WCE=432 bias=3.2500
[quad_soft:09400] loss=0.130351 tau=5.73 collapse_w=0.425 mid_frac=0.036 hard=score=25.5227142312 wNMSE=0.10500946 wMSE=5492.9916 wMRED=1.88030824 wER=0.345816 wMAE=28.6584 wBias=17.9800 condBias=41.3065 dotDrift=+15.526sigma uMRED=0.0651467275 uER=0.380371 uMAE=24.0508 WCE=432 bias=3.2500
[quad_soft:09600] loss=0.123833 tau=5.82 collapse_w=0.450 mid_frac=0.036 hard=score=25.5227142312 wNMSE=0.10500946 wMSE=5492.9916 wMRED=1.88030824 wER=0.345816 wMAE=28.6584 wBias=17.9800 condBias=41.3065 dotDrift=+15.526sigma uMRED=0.0651467275 uER=0.380371 uMAE=24.0508 WCE=432 bias=3.2500
[quad_soft:09800] loss=0.117088 tau=5.91 collapse_w=0.475 mid_frac=0.036 hard=score=25.5227142312 wNMSE=0.10500946 wMSE=5492.9916 wMRED=1.88030824 wER=0.345816 wMAE=28.6584 wBias=17.9800 condBias=41.3065 dotDrift=+15.526sigma uMRED=0.0651467275 uER=0.380371 uMAE=24.0508 WCE=432 bias=3.2500
[quad_soft:09999] loss=0.110085 tau=6.00 collapse_w=0.500 mid_frac=0.036 hard=score=25.5227142312 wNMSE=0.10500946 wMSE=5492.9916 wMRED=1.88030824 wER=0.345816 wMAE=28.6584 wBias=17.9800 condBias=41.3065 dotDrift=+15.526sigma uMRED=0.0651467275 uER=0.380371 uMAE=24.0508 WCE=432 bias=3.2500
[quad_hard_ste:00000] loss=25.605976 tau=6.00 collapse_w=0.500 mid_frac=0.036 hard=score=25.5227142312 wNMSE=0.10500946 wMSE=5492.9916 wMRED=1.88030824 wER=0.345816 wMAE=28.6584 wBias=17.9800 condBias=41.3065 dotDrift=+15.526sigma uMRED=0.0651467275 uER=0.380371 uMAE=24.0508 WCE=432 bias=3.2500
[quad_hard_ste:00200] loss=5.104692 tau=6.00 collapse_w=0.500 mid_frac=0.048 hard=score=5.0242733456 wNMSE=0.18572755 wMSE=9715.3136 wMRED=1.99660902 wER=0.323291 wMAE=35.7175 wBias=7.7329 condBias=53.4922 dotDrift=+5.021sigma uMRED=0.0915252473 uER=0.360596 uMAE=37.4668 WCE=688 bias=-13.2500
[quad_hard_ste:00400] loss=700.133484 tau=6.00 collapse_w=0.500 mid_frac=0.036 hard=score=699.6966164943 wNMSE=1.432951 wMSE=74956.9339 wMRED=9.57771444 wER=0.339276 wMAE=99.6337 wBias=-94.3475 condBias=179.7334 dotDrift=-22.055sigma uMRED=0.1965048135 uER=0.376221 uMAE=44.8027 WCE=928 bias=-33.2500
[quad_hard_ste:00600] loss=700.133057 tau=6.00 collapse_w=0.500 mid_frac=0.036 hard=score=699.6966164943 wNMSE=1.432951 wMSE=74956.9339 wMRED=9.57771444 wER=0.339276 wMAE=99.6337 wBias=-94.3475 condBias=179.7334 dotDrift=-22.055sigma uMRED=0.1965048135 uER=0.376221 uMAE=44.8027 WCE=928 bias=-33.2500
[quad_hard_ste:00800] loss=584.568237 tau=6.00 collapse_w=0.500 mid_frac=0.012 hard=score=584.1400480266 wNMSE=1.4465756 wMSE=75669.6342 wMRED=9.46436655 wER=0.315913 wMAE=102.5611 wBias=-86.1739 condBias=165.6567 dotDrift=-20.049sigma uMRED=0.2058490999 uER=0.369385 uMAE=50.1406 WCE=928 bias=-21.2500
[quad_hard_ste:01000] loss=584.567078 tau=6.00 collapse_w=0.500 mid_frac=0.012 hard=score=584.1400480266 wNMSE=1.4465756 wMSE=75669.6342 wMRED=9.46436655 wER=0.315913 wMAE=102.5611 wBias=-86.1739 condBias=165.6567 dotDrift=-20.049sigma uMRED=0.2058490999 uER=0.369385 uMAE=50.1406 WCE=928 bias=-21.2500
[quad_hard_ste:01200] loss=584.565796 tau=6.00 collapse_w=0.500 mid_frac=0.012 hard=score=584.1400480266 wNMSE=1.4465756 wMSE=75669.6342 wMRED=9.46436655 wER=0.315913 wMAE=102.5611 wBias=-86.1739 condBias=165.6567 dotDrift=-20.049sigma uMRED=0.2058490999 uER=0.369385 uMAE=50.1406 WCE=928 bias=-21.2500
[quad_hard_ste:01400] loss=584.564880 tau=6.00 collapse_w=0.500 mid_frac=0.012 hard=score=584.1400480266 wNMSE=1.4465756 wMSE=75669.6342 wMRED=9.46436655 wER=0.315913 wMAE=102.5611 wBias=-86.1739 condBias=165.6567 dotDrift=-20.049sigma uMRED=0.2058490999 uER=0.369385 uMAE=50.1406 WCE=928 bias=-21.2500
[quad_hard_ste:01600] loss=584.564453 tau=6.00 collapse_w=0.500 mid_frac=0.012 hard=score=584.1400480266 wNMSE=1.4465756 wMSE=75669.6342 wMRED=9.46436655 wER=0.315913 wMAE=102.5611 wBias=-86.1739 condBias=165.6567 dotDrift=-20.049sigma uMRED=0.2058490999 uER=0.369385 uMAE=50.1406 WCE=928 bias=-21.2500
[quad_hard_ste:01800] loss=584.564270 tau=6.00 collapse_w=0.500 mid_frac=0.012 hard=score=584.1400480266 wNMSE=1.4465756 wMSE=75669.6342 wMRED=9.46436655 wER=0.315913 wMAE=102.5611 wBias=-86.1739 condBias=165.6567 dotDrift=-20.049sigma uMRED=0.2058490999 uER=0.369385 uMAE=50.1406 WCE=928 bias=-21.2500
[quad_hard_ste:02000] loss=584.564148 tau=6.00 collapse_w=0.500 mid_frac=0.012 hard=score=584.1400480266 wNMSE=1.4465756 wMSE=75669.6342 wMRED=9.46436655 wER=0.315913 wMAE=102.5611 wBias=-86.1739 condBias=165.6567 dotDrift=-20.049sigma uMRED=0.2058490999 uER=0.369385 uMAE=50.1406 WCE=928 bias=-21.2500
[quad_hard_ste:02200] loss=584.564026 tau=6.00 collapse_w=0.500 mid_frac=0.012 hard=score=584.1400480266 wNMSE=1.4465756 wMSE=75669.6342 wMRED=9.46436655 wER=0.315913 wMAE=102.5611 wBias=-86.1739 condBias=165.6567 dotDrift=-20.049sigma uMRED=0.2058490999 uER=0.369385 uMAE=50.1406 WCE=928 bias=-21.2500
[quad_hard_ste:02400] loss=584.563904 tau=6.00 collapse_w=0.500 mid_frac=0.012 hard=score=584.1400480266 wNMSE=1.4465756 wMSE=75669.6342 wMRED=9.46436655 wER=0.315913 wMAE=102.5611 wBias=-86.1739 condBias=165.6567 dotDrift=-20.049sigma uMRED=0.2058490999 uER=0.369385 uMAE=50.1406 WCE=928 bias=-21.2500
[quad_hard_ste:02600] loss=584.563843 tau=6.00 collapse_w=0.500 mid_frac=0.012 hard=score=584.1400480266 wNMSE=1.4465756 wMSE=75669.6342 wMRED=9.46436655 wER=0.315913 wMAE=102.5611 wBias=-86.1739 condBias=165.6567 dotDrift=-20.049sigma uMRED=0.2058490999 uER=0.369385 uMAE=50.1406 WCE=928 bias=-21.2500
[quad_hard_ste:02800] loss=584.563782 tau=6.00 collapse_w=0.500 mid_frac=0.012 hard=score=584.1400480266 wNMSE=1.4465756 wMSE=75669.6342 wMRED=9.46436655 wER=0.315913 wMAE=102.5611 wBias=-86.1739 condBias=165.6567 dotDrift=-20.049sigma uMRED=0.2058490999 uER=0.369385 uMAE=50.1406 WCE=928 bias=-21.2500
[quad_hard_ste:03000] loss=584.563721 tau=6.00 collapse_w=0.500 mid_frac=0.012 hard=score=584.1400480266 wNMSE=1.4465756 wMSE=75669.6342 wMRED=9.46436655 wER=0.315913 wMAE=102.5611 wBias=-86.1739 condBias=165.6567 dotDrift=-20.049sigma uMRED=0.2058490999 uER=0.369385 uMAE=50.1406 WCE=928 bias=-21.2500
[quad_hard_ste:03200] loss=584.563660 tau=6.00 collapse_w=0.500 mid_frac=0.012 hard=score=584.1400480266 wNMSE=1.4465756 wMSE=75669.6342 wMRED=9.46436655 wER=0.315913 wMAE=102.5611 wBias=-86.1739 condBias=165.6567 dotDrift=-20.049sigma uMRED=0.2058490999 uER=0.369385 uMAE=50.1406 WCE=928 bias=-21.2500
[quad_hard_ste:03400] loss=584.563660 tau=6.00 collapse_w=0.500 mid_frac=0.012 hard=score=584.1400480266 wNMSE=1.4465756 wMSE=75669.6342 wMRED=9.46436655 wER=0.315913 wMAE=102.5611 wBias=-86.1739 condBias=165.6567 dotDrift=-20.049sigma uMRED=0.2058490999 uER=0.369385 uMAE=50.1406 WCE=928 bias=-21.2500
[quad_hard_ste:03600] loss=584.563538 tau=6.00 collapse_w=0.500 mid_frac=0.012 hard=score=584.1400480266 wNMSE=1.4465756 wMSE=75669.6342 wMRED=9.46436655 wER=0.315913 wMAE=102.5611 wBias=-86.1739 condBias=165.6567 dotDrift=-20.049sigma uMRED=0.2058490999 uER=0.369385 uMAE=50.1406 WCE=928 bias=-21.2500
[quad_hard_ste:03800] loss=584.563538 tau=6.00 collapse_w=0.500 mid_frac=0.012 hard=score=584.1400480266 wNMSE=1.4465756 wMSE=75669.6342 wMRED=9.46436655 wER=0.315913 wMAE=102.5611 wBias=-86.1739 condBias=165.6567 dotDrift=-20.049sigma uMRED=0.2058490999 uER=0.369385 uMAE=50.1406 WCE=928 bias=-21.2500
[quad_hard_ste:03999] loss=584.563477 tau=6.00 collapse_w=0.500 mid_frac=0.012 hard=score=584.1400480266 wNMSE=1.4465756 wMSE=75669.6342 wMRED=9.46436655 wER=0.315913 wMAE=102.5611 wBias=-86.1739 condBias=165.6567 dotDrift=-20.049sigma uMRED=0.2058490999 uER=0.369385 uMAE=50.1406 WCE=928 bias=-21.2500
[pop00_soft:00000] loss=15.937963 tau=1.50 collapse_w=0.000 mid_frac=0.345 hard=score=498.5376493066 wNMSE=15.633966 wMSE=817804.8091 wMRED=32.80305705 wER=0.580138 wMAE=353.5431 wBias=-77.5697 condBias=460.9033 dotDrift=-5.490sigma uMRED=1.0392205224 uER=0.573730 uMAE=373.4619 WCE=3636 bias=24.5625
[pop00_soft:00200] loss=6.219115 tau=2.25 collapse_w=0.000 mid_frac=0.321 hard=score=94.7990557675 wNMSE=1.6470052 wMSE=86154.0019 wMRED=5.60563151 wER=0.510787 wMAE=118.7273 wBias=-34.3274 condBias=112.1882 dotDrift=-7.485sigma uMRED=0.4244587645 uER=0.562500 uMAE=225.2949 WCE=3136 bias=-21.9375
[pop00_soft:00400] loss=1.697150 tau=3.00 collapse_w=0.000 mid_frac=0.232 hard=score=51.0570305467 wNMSE=0.55937731 wMSE=29260.7422 wMRED=3.61347743 wER=0.490247 wMAE=87.0220 wBias=-25.2846 condBias=73.4996 dotDrift=-9.460sigma uMRED=0.2612380098 uER=0.550781 uMAE=164.7500 WCE=1344 bias=-42.3750
[pop00_soft:00600] loss=0.595706 tau=3.75 collapse_w=0.000 mid_frac=0.214 hard=score=6.6207275066 wNMSE=0.51340691 wMSE=26856.0538 wMRED=2.64869204 wER=0.483251 wMAE=72.4740 wBias=-8.4966 condBias=82.9772 dotDrift=-3.318sigma uMRED=0.2814808459 uER=0.538086 uMAE=171.5840 WCE=1496 bias=-110.5000
[pop00_soft:00800] loss=0.439192 tau=4.50 collapse_w=0.084 mid_frac=0.149 hard=score=61.8213734229 wNMSE=0.35187642 wMSE=18406.4763 wMRED=2.13639034 wER=0.393911 wMAE=59.2830 wBias=-27.9370 condBias=68.7442 dotDrift=-13.179sigma uMRED=0.2311381144 uER=0.508545 uMAE=137.9844 WCE=1056 bias=-121.8750
[pop00_soft:01000] loss=0.361628 tau=5.25 collapse_w=0.293 mid_frac=0.143 hard=score=65.4045978463 wNMSE=0.3501536 wMSE=18316.3565 wMRED=2.17131948 wER=0.389845 wMAE=59.0162 wBias=-28.7450 condBias=68.7762 dotDrift=-13.593sigma uMRED=0.2336030474 uER=0.514404 uMAE=140.0215 WCE=1056 bias=-124.3750
[pop00_soft:01199] loss=0.282362 tau=6.00 collapse_w=0.500 mid_frac=0.149 hard=score=65.4045978463 wNMSE=0.3501536 wMSE=18316.3565 wMRED=2.17131948 wER=0.389845 wMAE=59.0162 wBias=-28.7450 condBias=68.7762 dotDrift=-13.593sigma uMRED=0.2336030474 uER=0.514404 uMAE=140.0215 WCE=1056 bias=-124.3750
[pop00_hard:00000] loss=65.488510 tau=6.00 collapse_w=0.500 mid_frac=0.149 hard=score=65.4045978463 wNMSE=0.3501536 wMSE=18316.3565 wMRED=2.17131948 wER=0.389845 wMAE=59.0162 wBias=-28.7450 condBias=68.7762 dotDrift=-13.593sigma uMRED=0.2336030474 uER=0.514404 uMAE=140.0215 WCE=1056 bias=-124.3750
[pop00_hard:00200] loss=7.320868 tau=6.00 collapse_w=0.500 mid_frac=0.137 hard=score=7.2587555507 wNMSE=0.3932142 wMSE=20568.8343 wMRED=2.09754963 wER=0.391980 wMAE=60.5296 wBias=-9.0828 condBias=75.3555 dotDrift=-4.053sigma uMRED=0.2483765556 uER=0.514893 uMAE=149.3965 WCE=1332 bias=-56.3750
[pop00_hard:00400] loss=0.753078 tau=6.00 collapse_w=0.500 mid_frac=0.137 hard=score=7.2587555507 wNMSE=0.3932142 wMSE=20568.8343 wMRED=2.09754963 wER=0.391980 wMAE=60.5296 wBias=-9.0828 condBias=75.3555 dotDrift=-4.053sigma uMRED=0.2483765556 uER=0.514893 uMAE=149.3965 WCE=1332 bias=-56.3750
[pop00_hard:00599] loss=0.752505 tau=6.00 collapse_w=0.500 mid_frac=0.131 hard=score=0.6994814550 wNMSE=0.34309212 wMSE=17946.9739 wMRED=1.96489615 wER=0.391279 wMAE=55.5277 wBias=0.6640 condBias=67.8463 dotDrift=+0.317sigma uMRED=0.2270360845 uER=0.513428 uMAE=140.4570 WCE=1332 bias=-40.3750
[pop00] done (conf=0.53, noise=0.5); global best score=0.5085372632 wNMSE=0.21677704 wMSE=11339.4967 wMRED=1.99226776 wER=0.339910 wMAE=41.0805 wBias=-1.0646 condBias=61.6183 dotDrift=-0.640sigma uMRED=0.1140596818 uER=0.377930 uMAE=52.2109 WCE=864 bias=-32.2500
[pop01_soft:00000] loss=50.625439 tau=1.50 collapse_w=0.000 mid_frac=0.423 hard=score=2162.3307827577 wNMSE=49.480472 wMSE=2588298.2704 wMRED=70.80627349 wER=0.585938 wMAE=867.1865 wBias=162.9792 condBias=891.7538 dotDrift=+6.483sigma uMRED=1.6356926320 uER=0.578125 uMAE=479.5137 WCE=3960 bias=55.1250
[pop01_soft:00200] loss=23.295527 tau=2.25 collapse_w=0.000 mid_frac=0.405 hard=score=277.4755772153 wNMSE=53.275848 wMSE=2786832.4579 wMRED=74.37340115 wER=0.573335 wMAE=909.5351 wBias=49.0279 condBias=931.3067 dotDrift=+1.880sigma uMRED=1.7380444562 uER=0.575195 uMAE=508.8687 WCE=3773 bias=-106.0000
[pop01_soft:00400] loss=15.265339 tau=3.00 collapse_w=0.000 mid_frac=0.363 hard=score=3556.4935345617 wNMSE=15.322937 wMSE=801535.0337 wMRED=35.94543146 wER=0.550349 wMAE=412.9635 wBias=-212.3197 condBias=503.2885 dotDrift=-15.178sigma uMRED=0.9017458232 uER=0.569092 uMAE=311.5488 WCE=3092 bias=12.1250
[pop01_soft:00600] loss=4.924448 tau=3.75 collapse_w=0.000 mid_frac=0.345 hard=score=89.2196535639 wNMSE=1.9463413 wMSE=101812.1239 wMRED=14.58539871 wER=0.517392 wMAE=181.1373 wBias=-33.0908 condBias=183.6555 dotDrift=-6.637sigma uMRED=0.4938080783 uER=0.559082 uMAE=222.7246 WCE=1776 bias=108.1250
[pop01_soft:00800] loss=2.222248 tau=4.50 collapse_w=0.084 mid_frac=0.292 hard=score=361.7632949979 wNMSE=1.2322542 wMSE=64458.5877 wMRED=9.89286283 wER=0.560871 wMAE=132.2543 wBias=-67.7519 condBias=151.7891 dotDrift=-17.079sigma uMRED=0.4204928364 uER=0.569336 uMAE=204.5020 WCE=1732 bias=85.7500
[pop01_soft:01000] loss=1.193956 tau=5.25 collapse_w=0.293 mid_frac=0.244 hard=score=125.5419512978 wNMSE=0.49566995 wMSE=25928.2423 wMRED=4.25773665 wER=0.512677 wMAE=74.5584 wBias=-39.8927 condBias=80.4573 dotDrift=-15.856sigma uMRED=0.2604823133 uER=0.555908 uMAE=148.4082 WCE=1444 bias=35.2500
[pop01_soft:01199] loss=0.936159 tau=6.00 collapse_w=0.500 mid_frac=0.238 hard=score=150.2134302525 wNMSE=0.52072972 wMSE=27239.1061 wMRED=4.41678954 wER=0.512677 wMAE=78.1912 wBias=-43.6589 condBias=82.9095 dotDrift=-16.930sigma uMRED=0.2667804299 uER=0.555908 uMAE=150.3848 WCE=1444 bias=31.2500
[pop01_hard:00000] loss=150.390656 tau=6.00 collapse_w=0.500 mid_frac=0.238 hard=score=150.2134302525 wNMSE=0.52072972 wMSE=27239.1061 wMRED=4.41678954 wER=0.512677 wMAE=78.1912 wBias=-43.6589 condBias=82.9095 dotDrift=-16.930sigma uMRED=0.2667804299 uER=0.555908 uMAE=150.3848 WCE=1444 bias=31.2500
[pop01_hard:00200] loss=122.323097 tau=6.00 collapse_w=0.500 mid_frac=0.226 hard=score=122.1528745454 wNMSE=0.51673911 wMSE=27030.3593 wMRED=4.35930447 wER=0.512677 wMAE=79.1501 wBias=-39.3492 condBias=78.2930 dotDrift=-15.318sigma uMRED=0.2613002595 uER=0.555908 uMAE=152.9316 WCE=1444 bias=39.2500
[pop01_hard:00400] loss=122.323204 tau=6.00 collapse_w=0.500 mid_frac=0.226 hard=score=122.1528745454 wNMSE=0.51673911 wMSE=27030.3593 wMRED=4.35930447 wER=0.512677 wMAE=79.1501 wBias=-39.3492 condBias=78.2930 dotDrift=-15.318sigma uMRED=0.2613002595 uER=0.555908 uMAE=152.9316 WCE=1444 bias=39.2500
[pop01_hard:00599] loss=66.731705 tau=6.00 collapse_w=0.500 mid_frac=0.214 hard=score=66.3544976759 wNMSE=1.0157716 wMSE=53134.4972 wMRED=8.42007805 wER=0.514046 wMAE=128.9111 wBias=28.6738 condBias=113.7250 dotDrift=+7.961sigma uMRED=0.3273702365 uER=0.558105 uMAE=166.0215 WCE=1444 bias=61.2500
[pop01] done (conf=0.51, noise=1.0); global best score=0.5085372632 wNMSE=0.21677704 wMSE=11339.4967 wMRED=1.99226776 wER=0.339910 wMAE=41.0805 wBias=-1.0646 condBias=61.6183 dotDrift=-0.640sigma uMRED=0.1140596818 uER=0.377930 uMAE=52.2109 WCE=864 bias=-32.2500
[pop02_soft:00000] loss=41.079552 tau=1.50 collapse_w=0.000 mid_frac=0.345 hard=score=202.4387656373 wNMSE=4.5759285 wMSE=239364.4857 wMRED=13.77396372 wER=0.543107 wMAE=218.1221 wBias=49.7505 condBias=285.0851 dotDrift=+6.508sigma uMRED=0.5878974732 uER=0.551025 uMAE=272.6982 WCE=3424 bias=162.0000
[pop02_soft:00200] loss=9.367374 tau=2.25 collapse_w=0.000 mid_frac=0.315 hard=score=832.4137421980 wNMSE=2.5329877 wMSE=132499.2945 wMRED=10.60697037 wER=0.528636 wMAE=173.8978 wBias=-102.8330 condBias=214.8773 dotDrift=-18.080sigma uMRED=0.5073159520 uER=0.556885 uMAE=244.0703 WCE=2164 bias=-125.9375
[pop02_soft:00400] loss=2.036552 tau=3.00 collapse_w=0.000 mid_frac=0.274 hard=score=532.3297509023 wNMSE=0.76441249 wMSE=39986.0278 wMRED=7.36073668 wER=0.490057 wMAE=102.4480 wBias=-82.3466 condBias=137.9775 dotDrift=-26.356sigma uMRED=0.2296283806 uER=0.540527 uMAE=97.6309 WCE=728 bias=-16.0000
[pop02_soft:00600] loss=0.201423 tau=3.75 collapse_w=0.000 mid_frac=0.173 hard=score=0.2724872226 wNMSE=0.12827139 wMSE=6709.8113 wMRED=2.06016006 wER=0.459034 wMAE=37.3539 wBias=0.2483 condBias=49.0321 dotDrift=+0.194sigma uMRED=0.1022785550 uER=0.502197 uMAE=56.8633 WCE=616 bias=-12.3750 *BEST*
[pop02_soft:00625] loss=0.177645 tau=3.85 collapse_w=0.000 mid_frac=0.185 hard=score=0.2717735536 wNMSE=0.1312342 wMSE=6864.7943 wMRED=1.96186554 wER=0.431210 wMAE=36.3108 wBias=-0.1031 condBias=49.1364 dotDrift=-0.080sigma uMRED=0.1094266358 uER=0.493164 uMAE=63.4297 WCE=616 bias=-5.3750 *BEST*
[pop02_soft:00800] loss=0.111648 tau=4.50 collapse_w=0.084 mid_frac=0.179 hard=score=0.9717156888 wNMSE=0.11450429 wMSE=5989.6609 wMRED=1.13782264 wER=0.372914 wMAE=26.6234 wBias=-3.0707 condBias=45.1329 dotDrift=-2.539sigma uMRED=0.0955950078 uER=0.440674 uMAE=56.2734 WCE=616 bias=1.6250
[pop02_soft:01000] loss=0.085059 tau=5.25 collapse_w=0.293 mid_frac=0.155 hard=score=0.5344710496 wNMSE=0.11506504 wMSE=6018.9938 wMRED=1.06929468 wER=0.335308 wMAE=26.3557 wBias=-1.9593 condBias=45.2464 dotDrift=-1.616sigma uMRED=0.0948223369 uER=0.418945 uMAE=56.1406 WCE=616 bias=2.6250
[pop02_soft:01199] loss=0.057782 tau=6.00 collapse_w=0.500 mid_frac=0.119 hard=score=4.3334152252 wNMSE=0.11324807 wMSE=5923.9489 wMRED=0.88234658 wER=0.328820 wMAE=23.4412 wBias=-7.2337 condBias=45.1994 dotDrift=-6.015sigma uMRED=0.0918009173 uER=0.423340 uMAE=56.2344 WCE=656 bias=-2.0000
[pop02_hard:00000] loss=4.369852 tau=6.00 collapse_w=0.500 mid_frac=0.119 hard=score=4.3334152252 wNMSE=0.11324807 wMSE=5923.9489 wMRED=0.88234658 wER=0.328820 wMAE=23.4412 wBias=-7.2337 condBias=45.1994 dotDrift=-6.015sigma uMRED=0.0918009173 uER=0.423340 uMAE=56.2344 WCE=656 bias=-2.0000
[pop02_hard:00200] loss=0.624852 tau=6.00 collapse_w=0.500 mid_frac=0.119 hard=score=0.5826973205 wNMSE=0.11512227 wMSE=6021.9873 wMRED=1.07855548 wER=0.349784 wMAE=26.4996 wBias=-2.1103 condBias=45.2695 dotDrift=-1.740sigma uMRED=0.0950308008 uER=0.429932 uMAE=56.2344 WCE=616 bias=2.5000
[pop02_hard:00400] loss=0.621725 tau=6.00 collapse_w=0.500 mid_frac=0.107 hard=score=0.5826973205 wNMSE=0.11512227 wMSE=6021.9873 wMRED=1.07855548 wER=0.349784 wMAE=26.4996 wBias=-2.1103 condBias=45.2695 dotDrift=-1.740sigma uMRED=0.0950308008 uER=0.429932 uMAE=56.2344 WCE=616 bias=2.5000
[pop02_hard:00599] loss=1.120299 tau=6.00 collapse_w=0.500 mid_frac=0.107 hard=score=0.5826973205 wNMSE=0.11512227 wMSE=6021.9873 wMRED=1.07855548 wER=0.349784 wMAE=26.4996 wBias=-2.1103 condBias=45.2695 dotDrift=-1.740sigma uMRED=0.0950308008 uER=0.429932 uMAE=56.2344 WCE=616 bias=2.5000
[pop02] done (conf=0.53, noise=0.5); global best score=0.2717735536 wNMSE=0.1312342 wMSE=6864.7943 wMRED=1.96186554 wER=0.431210 wMAE=36.3108 wBias=-0.1031 condBias=49.1364 dotDrift=-0.080sigma uMRED=0.1094266358 uER=0.493164 uMAE=63.4297 WCE=616 bias=-5.3750
[pop03_soft:00000] loss=44.995754 tau=1.50 collapse_w=0.000 mid_frac=0.429 hard=score=491.6501464445 wNMSE=7.5433428 wMSE=394588.4151 wMRED=20.57708215 wER=0.585938 wMAE=310.2551 wBias=-78.1390 condBias=383.0189 dotDrift=-7.961sigma uMRED=0.7759420067 uER=0.578125 uMAE=332.5835 WCE=3504 bias=-39.6250
[pop03_soft:00200] loss=11.157295 tau=2.25 collapse_w=0.000 mid_frac=0.375 hard=score=1337.4626746080 wNMSE=6.4951394 wMSE=339757.4309 wMRED=20.48048567 wER=0.585938 wMAE=296.1484 wBias=-130.1250 condBias=359.7762 dotDrift=-14.288sigma uMRED=0.8368553994 uER=0.578125 uMAE=370.4302 WCE=2640 bias=-191.3750
[pop03_soft:00400] loss=6.262350 tau=3.00 collapse_w=0.000 mid_frac=0.435 hard=score=937.6709655134 wNMSE=3.273348 wMSE=171227.1662 wMRED=14.58038460 wER=0.572966 wMAE=199.0199 wBias=-109.0821 condBias=229.2751 dotDrift=-16.871sigma uMRED=0.5112313009 uER=0.573730 uMAE=225.8193 WCE=2320 bias=-151.5000
[pop03_soft:00600] loss=4.268872 tau=3.75 collapse_w=0.000 mid_frac=0.351 hard=score=560.7148437817 wNMSE=1.8528989 wMSE=96924.1990 wMRED=13.48379384 wER=0.558931 wMAE=161.7606 wBias=-84.3605 condBias=178.7536 dotDrift=-17.342sigma uMRED=0.4119075291 uER=0.560547 uMAE=174.1992 WCE=1416 bias=-92.7500
[pop03_soft:00800] loss=2.783891 tau=4.50 collapse_w=0.084 mid_frac=0.381 hard=score=788.9094031215 wNMSE=1.6336048 wMSE=85453.0326 wMRED=11.09102250 wER=0.522498 wMAE=139.2009 wBias=-100.1642 condBias=193.7317 dotDrift=-21.930sigma uMRED=0.3773833067 uER=0.548096 uMAE=158.2266 WCE=2784 bias=-26.7500
[pop03_soft:01000] loss=1.579886 tau=5.25 collapse_w=0.293 mid_frac=0.310 hard=score=1013.3863886974 wNMSE=1.6897541 wMSE=88390.1765 wMRED=11.15189077 wER=0.535005 wMAE=142.6057 wBias=-113.5705 condBias=215.5761 dotDrift=-24.448sigma uMRED=0.3920158853 uER=0.559814 uMAE=173.7168 WCE=1416 bias=-143.5000
[pop03_soft:01199] loss=1.249162 tau=6.00 collapse_w=0.500 mid_frac=0.333 hard=score=1061.1173180438 wNMSE=1.7029719 wMSE=89081.5923 wMRED=11.19719319 wER=0.536140 wMAE=143.8600 wBias=-116.2229 condBias=217.3891 dotDrift=-24.922sigma uMRED=0.3971579091 uER=0.561035 uMAE=175.9512 WCE=1416 bias=-148.3750
[pop03_hard:00000] loss=1061.634888 tau=6.00 collapse_w=0.500 mid_frac=0.333 hard=score=1061.1173180438 wNMSE=1.7029719 wMSE=89081.5923 wMRED=11.19719319 wER=0.536140 wMAE=143.8600 wBias=-116.2229 condBias=217.3891 dotDrift=-24.922sigma uMRED=0.3971579091 uER=0.561035 uMAE=175.9512 WCE=1416 bias=-148.3750
[pop03_hard:00200] loss=1.149878 tau=6.00 collapse_w=0.500 mid_frac=0.321 hard=score=1.0992876028 wNMSE=0.5451264 wMSE=28515.2842 wMRED=3.07182581 wER=0.536140 wMAE=84.8713 wBias=-1.0733 condBias=84.2913 dotDrift=-0.407sigma uMRED=0.2827853016 uER=0.561035 uMAE=166.3789 WCE=2776 bias=-54.3750
[pop03_hard:00400] loss=1.149147 tau=6.00 collapse_w=0.500 mid_frac=0.310 hard=score=1.0992876028 wNMSE=0.5451264 wMSE=28515.2842 wMRED=3.07182581 wER=0.536140 wMAE=84.8713 wBias=-1.0733 condBias=84.2913 dotDrift=-0.407sigma uMRED=0.2827853016 uER=0.561035 uMAE=166.3789 WCE=2776 bias=-54.3750
[pop03_hard:00599] loss=4.252890 tau=6.00 collapse_w=0.500 mid_frac=0.304 hard=score=1.0228136851 wNMSE=0.53878749 wMSE=28183.6988 wMRED=3.04574604 wER=0.536311 wMAE=83.7403 wBias=0.6245 condBias=83.2259 dotDrift=+0.238sigma uMRED=0.2784653152 uER=0.562012 uMAE=164.5312 WCE=2776 bias=-50.3750
[pop03] done (conf=0.51, noise=1.0); global best score=0.2717735536 wNMSE=0.1312342 wMSE=6864.7943 wMRED=1.96186554 wER=0.431210 wMAE=36.3108 wBias=-0.1031 condBias=49.1364 dotDrift=-0.080sigma uMRED=0.1094266358 uER=0.493164 uMAE=63.4297 WCE=616 bias=-5.3750
[pop04_soft:00000] loss=39.560829 tau=1.50 collapse_w=0.000 mid_frac=0.345 hard=score=1383.5555756674 wNMSE=3.6217704 wMSE=189452.9618 wMRED=11.15384952 wER=0.583118 wMAE=219.4774 wBias=132.6358 condBias=257.0416 dotDrift=+19.502sigma uMRED=0.5222659674 uER=0.570801 uMAE=253.1763 WCE=2400 bias=22.5625
[pop04_soft:00200] loss=7.801205 tau=2.25 collapse_w=0.000 mid_frac=0.321 hard=score=13.1073026164 wNMSE=2.5117789 wMSE=131389.8755 wMRED=4.58386805 wER=0.538075 wMAE=133.8562 wBias=10.6659 condBias=189.6715 dotDrift=+1.883sigma uMRED=0.4234606132 uER=0.551758 uMAE=246.3223 WCE=2488 bias=-66.8750
[pop04_soft:00400] loss=0.900310 tau=3.00 collapse_w=0.000 mid_frac=0.214 hard=score=50.3105574314 wNMSE=0.54038221 wMSE=28267.1179 wMRED=3.43059571 wER=0.503785 wMAE=80.7828 wBias=-25.0956 condBias=87.6992 dotDrift=-9.553sigma uMRED=0.2849233505 uER=0.553711 uMAE=170.8848 WCE=1664 bias=-14.6250
[pop04_soft:00600] loss=0.447043 tau=3.75 collapse_w=0.000 mid_frac=0.185 hard=score=3.0560323652 wNMSE=0.4805421 wMSE=25136.9125 wMRED=2.50258375 wER=0.474483 wMAE=66.8725 wBias=-5.2495 condBias=85.5929 dotDrift=-2.119sigma uMRED=0.2620892924 uER=0.540527 uMAE=158.1602 WCE=1664 bias=4.6250
[pop04_soft:00800] loss=0.311481 tau=4.50 collapse_w=0.084 mid_frac=0.155 hard=score=4.2919229812 wNMSE=0.43855367 wMSE=22940.5192 wMRED=2.14722053 wER=0.424221 wMAE=54.1134 wBias=6.6806 condBias=82.8569 dotDrift=+2.823sigma uMRED=0.2331106416 uER=0.512451 uMAE=138.9473 WCE=1280 bias=6.8750
[pop04_soft:01000] loss=0.222980 tau=5.25 collapse_w=0.293 mid_frac=0.119 hard=score=1.0991387252 wNMSE=0.42062969 wMSE=22002.9244 wMRED=2.14540952 wER=0.424192 wMAE=53.8328 wBias=2.0748 condBias=82.2404 dotDrift=+0.895sigma uMRED=0.2284779360 uER=0.512207 uMAE=134.2344 WCE=1148 bias=-65.1250
[pop04_soft:01199] loss=0.158889 tau=6.00 collapse_w=0.500 mid_frac=0.113 hard=score=12.9944008697 wNMSE=0.32176398 wMSE=16831.3096 wMRED=1.95717481 wER=0.424548 wMAE=46.1321 wBias=12.5801 condBias=69.7437 dotDrift=+6.206sigma uMRED=0.2034404530 uER=0.516602 uMAE=126.3789 WCE=1148 bias=-41.1250
[pop04_hard:00000] loss=13.061186 tau=6.00 collapse_w=0.500 mid_frac=0.113 hard=score=12.9944008697 wNMSE=0.32176398 wMSE=16831.3096 wMRED=1.95717481 wER=0.424548 wMAE=46.1321 wBias=12.5801 condBias=69.7437 dotDrift=+6.206sigma uMRED=0.2034404530 uER=0.516602 uMAE=126.3789 WCE=1148 bias=-41.1250
[pop04_hard:00200] loss=17.985556 tau=6.00 collapse_w=0.500 mid_frac=0.113 hard=score=17.9137540226 wNMSE=0.34362603 wMSE=17974.9023 wMRED=2.08941039 wER=0.424548 wMAE=50.4928 wBias=-14.8476 condBias=77.9341 dotDrift=-7.088sigma uMRED=0.2277303063 uER=0.516602 uMAE=137.7871 WCE=1148 bias=-113.1250
[pop04_hard:00400] loss=13.073463 tau=6.00 collapse_w=0.500 mid_frac=0.089 hard=score=13.0057782199 wNMSE=0.33063719 wMSE=17295.4630 wMRED=2.07592236 wER=0.424548 wMAE=49.6081 wBias=-12.5722 condBias=76.2256 dotDrift=-6.118sigma uMRED=0.2155252998 uER=0.516602 uMAE=129.6152 WCE=1148 bias=-89.1250
[pop04_hard:00599] loss=5.204756 tau=6.00 collapse_w=0.500 mid_frac=0.083 hard=score=5.1435461223 wNMSE=0.25580701 wMSE=13381.1345 wMRED=1.96892601 wER=0.424548 wMAE=44.7347 wBias=-7.6988 condBias=67.0886 dotDrift=-4.259sigma uMRED=0.1988353467 uER=0.516602 uMAE=121.6152 WCE=1148 bias=-81.1250
[pop04] done (conf=0.53, noise=0.5); global best score=0.2717735536 wNMSE=0.1312342 wMSE=6864.7943 wMRED=1.96186554 wER=0.431210 wMAE=36.3108 wBias=-0.1031 condBias=49.1364 dotDrift=-0.080sigma uMRED=0.1094266358 uER=0.493164 uMAE=63.4297 WCE=616 bias=-5.3750
[pop05_soft:00000] loss=14.161138 tau=1.50 collapse_w=0.000 mid_frac=0.381 hard=score=11.3521905174 wNMSE=5.3894846 wMSE=281921.1898 wMRED=21.03790643 wER=0.585938 wMAE=290.2276 wBias=4.5541 condBias=307.4840 dotDrift=+0.549sigma uMRED=0.7028063571 uER=0.578125 uMAE=279.5903 WCE=2664 bias=-58.1250
[pop05_soft:00200] loss=8.910316 tau=2.25 collapse_w=0.000 mid_frac=0.411 hard=score=14.0164219693 wNMSE=7.8032227 wMSE=408182.6011 wMRED=16.65438701 wER=0.584854 wMAE=295.4787 wBias=-0.5988 condBias=320.3357 dotDrift=-0.060sigma uMRED=0.5818257358 uER=0.567139 uMAE=247.4941 WCE=3504 bias=54.0000
[pop05_soft:00400] loss=4.691535 tau=3.00 collapse_w=0.000 mid_frac=0.399 hard=score=46.1481176168 wNMSE=1.3425273 wMSE=70226.9169 wMRED=7.77941337 wER=0.563098 wMAE=133.0395 wBias=-23.6817 condBias=104.0324 dotDrift=-5.719sigma uMRED=0.3556482689 uER=0.551758 uMAE=166.5488 WCE=3436 bias=27.5000
[pop05_soft:00600] loss=1.339160 tau=3.75 collapse_w=0.000 mid_frac=0.310 hard=score=31.2488808877 wNMSE=1.0098094 wMSE=52822.6142 wMRED=5.42494936 wER=0.509023 wMAE=111.5749 wBias=-19.4624 condBias=77.3528 dotDrift=-5.420sigma uMRED=0.3312594642 uER=0.548096 uMAE=176.3652 WCE=3440 bias=12.8750
[pop05_soft:00800] loss=1.013377 tau=4.50 collapse_w=0.084 mid_frac=0.310 hard=score=95.3104182587 wNMSE=0.86729441 wMSE=45367.7283 wMRED=5.13508568 wER=0.470986 wMAE=98.2553 wBias=-34.6151 condBias=85.6053 dotDrift=-10.401sigma uMRED=0.2960038128 uER=0.529053 uMAE=158.6875 WCE=3248 bias=10.5000
[pop05_soft:01000] loss=0.555429 tau=5.25 collapse_w=0.293 mid_frac=0.256 hard=score=8.2592581697 wNMSE=0.53096131 wMSE=27774.3157 wMRED=3.03580702 wER=0.436570 wMAE=67.8404 wBias=9.5973 condBias=89.8805 dotDrift=+3.686sigma uMRED=0.2664915945 uER=0.522705 uMAE=149.1641 WCE=3248 bias=4.0000
[pop05_soft:01199] loss=0.433995 tau=6.00 collapse_w=0.500 mid_frac=0.232 hard=score=2.6402995645 wNMSE=0.56818785 wMSE=29721.6169 wMRED=2.62838368 wER=0.409694 wMAE=61.7855 wBias=4.4937 condBias=85.2757 dotDrift=+1.668sigma uMRED=0.2661459954 uER=0.516846 uMAE=147.0508 WCE=3296 bias=4.0000
[pop05_hard:00000] loss=2.638699 tau=6.00 collapse_w=0.500 mid_frac=0.232 hard=score=2.6402995645 wNMSE=0.56818785 wMSE=29721.6169 wMRED=2.62838368 wER=0.409694 wMAE=61.7855 wBias=4.4937 condBias=85.2757 dotDrift=+1.668sigma uMRED=0.2661459954 uER=0.516846 uMAE=147.0508 WCE=3296 bias=4.0000
[pop05_hard:00200] loss=1.096053 tau=6.00 collapse_w=0.500 mid_frac=0.238 hard=score=1.0992050477 wNMSE=0.59536089 wMSE=31143.0247 wMRED=2.63001513 wER=0.409694 wMAE=62.4796 wBias=0.2655 condBias=86.1307 dotDrift=+0.096sigma uMRED=0.2760617645 uER=0.516846 uMAE=160.8789 WCE=3296 bias=-60.0000
[pop05_hard:00400] loss=1.737277 tau=6.00 collapse_w=0.500 mid_frac=0.262 hard=score=1.2349768134 wNMSE=0.5999641 wMSE=31383.8165 wMRED=2.65138951 wER=0.409763 wMAE=63.0391 wBias=-1.3038 condBias=86.5801 dotDrift=-0.471sigma uMRED=0.2778276765 uER=0.518311 uMAE=161.8789 WCE=3296 bias=-62.2500
[pop05_hard:00599] loss=1.737928 tau=6.00 collapse_w=0.500 mid_frac=0.256 hard=score=1.7362283260 wNMSE=0.57268901 wMSE=29957.0704 wMRED=2.64971367 wER=0.409763 wMAE=62.3424 wBias=2.9244 condBias=85.7013 dotDrift=+1.081sigma uMRED=0.2678455293 uER=0.518311 uMAE=148.0195 WCE=3296 bias=1.7500
[pop05] done (conf=0.51, noise=1.0); global best score=0.2717735536 wNMSE=0.1312342 wMSE=6864.7943 wMRED=1.96186554 wER=0.431210 wMAE=36.3108 wBias=-0.1031 condBias=49.1364 dotDrift=-0.080sigma uMRED=0.1094266358 uER=0.493164 uMAE=63.4297 WCE=616 bias=-5.3750
[pop06_soft:00000] loss=8.218672 tau=1.50 collapse_w=0.000 mid_frac=0.399 hard=score=2107.9140882653 wNMSE=9.8020533 wMSE=512740.4113 wMRED=25.27011819 wER=0.568657 wMAE=340.2857 wBias=-163.2836 condBias=450.9389 dotDrift=-14.594sigma uMRED=0.7550988845 uER=0.569336 uMAE=289.3521 WCE=2160 bias=-24.7500
[pop06_soft:00200] loss=6.952185 tau=2.25 collapse_w=0.000 mid_frac=0.357 hard=score=127.1786178840 wNMSE=6.314449 wMSE=330305.6081 wMRED=26.96933928 wER=0.548911 wMAE=204.0371 wBias=38.6414 condBias=282.1415 dotDrift=+4.303sigma uMRED=0.7651377472 uER=0.558350 uMAE=300.4814 WCE=3800 bias=184.6250
[pop06_soft:00400] loss=0.588415 tau=3.00 collapse_w=0.000 mid_frac=0.244 hard=score=24.2649453762 wNMSE=0.3223311 wMSE=16860.9756 wMRED=2.24586524 wER=0.474069 wMAE=54.9466 wBias=17.3667 condBias=74.4857 dotDrift=+8.560sigma uMRED=0.2387087349 uER=0.532471 uMAE=157.9199 WCE=1568 bias=0.7500
[pop06_soft:00600] loss=0.150981 tau=3.75 collapse_w=0.000 mid_frac=0.220 hard=score=15.0111121804 wNMSE=0.19818446 wMSE=10366.9280 wMRED=2.01719062 wER=0.441156 wMAE=40.1029 wBias=13.6507 condBias=60.3754 dotDrift=+8.580sigma uMRED=0.1822176647 uER=0.488281 uMAE=108.6445 WCE=1280 bias=28.7500
[pop06_soft:00800] loss=0.101661 tau=4.50 collapse_w=0.084 mid_frac=0.202 hard=score=2.3155880075 wNMSE=0.12941339 wMSE=6769.5485 wMRED=1.14066487 wER=0.381705 wMAE=25.9955 wBias=5.0642 condBias=49.3460 dotDrift=+3.939sigma uMRED=0.1496415675 uER=0.468018 uMAE=98.0684 WCE=1296 bias=9.0000
[pop06_soft:01000] loss=0.083358 tau=5.25 collapse_w=0.293 mid_frac=0.149 hard=score=5.6953122656 wNMSE=0.10541567 wMSE=5514.2398 wMRED=1.09805352 wER=0.373005 wMAE=24.5760 wBias=8.3343 condBias=43.7697 dotDrift=+7.183sigma uMRED=0.1296249560 uER=0.450439 uMAE=85.9551 WCE=1200 bias=54.7500
[pop06_soft:01199] loss=0.060777 tau=6.00 collapse_w=0.500 mid_frac=0.143 hard=score=7.3895410910 wNMSE=0.1055765 wMSE=5522.6526 wMRED=1.15855878 wER=0.371712 wMAE=24.4739 wBias=9.5448 condBias=44.0151 dotDrift=+8.220sigma uMRED=0.1309378594 uER=0.450684 uMAE=86.0703 WCE=1200 bias=55.7500
[pop06_hard:00000] loss=7.414688 tau=6.00 collapse_w=0.500 mid_frac=0.143 hard=score=7.3895410910 wNMSE=0.1055765 wMSE=5522.6526 wMRED=1.15855878 wER=0.371712 wMAE=24.4739 wBias=9.5448 condBias=44.0151 dotDrift=+8.220sigma uMRED=0.1309378594 uER=0.450684 uMAE=86.0703 WCE=1200 bias=55.7500
[pop06_hard:00200] loss=0.414985 tau=6.00 collapse_w=0.500 mid_frac=0.143 hard=score=0.3690135874 wNMSE=0.10168179 wMSE=5318.9226 wMRED=1.43272521 wER=0.374194 wMAE=27.3605 wBias=-1.2531 condBias=43.1682 dotDrift=-1.100sigma uMRED=0.1290869590 uER=0.450684 uMAE=82.0234 WCE=1024 bias=-13.2500
[pop06_hard:00400] loss=0.421953 tau=6.00 collapse_w=0.500 mid_frac=0.107 hard=score=0.3922311615 wNMSE=0.095567206 wMSE=4999.0718 wMRED=1.21399544 wER=0.374147 wMAE=24.8406 wBias=1.4265 condBias=41.8287 dotDrift=+1.291sigma uMRED=0.1252035210 uER=0.450439 uMAE=81.7988 WCE=1024 bias=-11.2500
[pop06_hard:00599] loss=0.408744 tau=6.00 collapse_w=0.500 mid_frac=0.125 hard=score=0.3690135874 wNMSE=0.10168179 wMSE=5318.9226 wMRED=1.43272521 wER=0.374194 wMAE=27.3605 wBias=-1.2531 condBias=43.1682 dotDrift=-1.100sigma uMRED=0.1290869590 uER=0.450684 uMAE=82.0234 WCE=1024 bias=-13.2500
[pop06] done (conf=0.53, noise=0.5); global best score=0.2717735536 wNMSE=0.1312342 wMSE=6864.7943 wMRED=1.96186554 wER=0.431210 wMAE=36.3108 wBias=-0.1031 condBias=49.1364 dotDrift=-0.080sigma uMRED=0.1094266358 uER=0.493164 uMAE=63.4297 WCE=616 bias=-5.3750
[pop07_soft:00000] loss=10.295157 tau=1.50 collapse_w=0.000 mid_frac=0.435 hard=score=960.3974999808 wNMSE=18.508118 wMSE=968150.2244 wMRED=39.89824663 wER=0.585938 wMAE=501.7353 wBias=-108.9415 condBias=514.1641 dotDrift=-7.086sigma uMRED=1.1926670959 uER=0.578125 uMAE=442.9531 WCE=3444 bias=47.0000
[pop07_soft:00200] loss=8.535013 tau=2.25 collapse_w=0.000 mid_frac=0.417 hard=score=1174.0035881013 wNMSE=3.8739022 wMSE=202641.8509 wMRED=16.85963078 wER=0.574041 wMAE=257.9710 wBias=122.1240 condBias=239.8004 dotDrift=+17.363sigma uMRED=0.6904290231 uER=0.573730 uMAE=314.6724 WCE=3444 bias=222.2500
[pop07_soft:00400] loss=5.936620 tau=3.00 collapse_w=0.000 mid_frac=0.369 hard=score=551.2124071185 wNMSE=1.0962779 wMSE=57345.7392 wMRED=7.87405766 wER=0.524020 wMAE=139.0611 wBias=83.7316 condBias=166.6359 dotDrift=+22.378sigma uMRED=0.3518703203 uER=0.562744 uMAE=180.4414 WCE=1680 bias=121.0000
[pop07_soft:00600] loss=3.288299 tau=3.75 collapse_w=0.000 mid_frac=0.321 hard=score=68.9298115855 wNMSE=0.44634258 wMSE=23347.9529 wMRED=3.41099761 wER=0.564314 wMAE=87.3033 wBias=29.5188 condBias=66.0905 dotDrift=+12.364sigma uMRED=0.2369068646 uER=0.571533 uMAE=145.0625 WCE=1296 bias=86.3750
[pop07_soft:00800] loss=0.977538 tau=4.50 collapse_w=0.084 mid_frac=0.310 hard=score=2.4087525470 wNMSE=0.4133058 wMSE=21619.8159 wMRED=3.13972121 wER=0.515921 wMAE=78.8579 wBias=4.7331 condBias=64.3125 dotDrift=+2.060sigma uMRED=0.2222864992 uER=0.548828 uMAE=126.9727 WCE=1064 bias=-2.3750
[pop07_soft:01000] loss=0.724672 tau=5.25 collapse_w=0.293 mid_frac=0.304 hard=score=7.1649196086 wNMSE=0.41008267 wMSE=21451.2157 wMRED=3.14272214 wER=0.506138 wMAE=76.7574 wBias=9.1160 condBias=65.0071 dotDrift=+3.983sigma uMRED=0.2228902996 uER=0.545898 uMAE=127.2285 WCE=1064 bias=1.3750
[pop07_soft:01199] loss=0.568628 tau=6.00 collapse_w=0.500 mid_frac=0.298 hard=score=7.1649196086 wNMSE=0.41008267 wMSE=21451.2157 wMRED=3.14272214 wER=0.506138 wMAE=76.7574 wBias=9.1160 condBias=65.0071 dotDrift=+3.983sigma uMRED=0.2228902996 uER=0.545898 uMAE=127.2285 WCE=1064 bias=1.3750
[pop07_hard:00000] loss=7.303853 tau=6.00 collapse_w=0.500 mid_frac=0.298 hard=score=7.1649196086 wNMSE=0.41008267 wMSE=21451.2157 wMRED=3.14272214 wER=0.506138 wMAE=76.7574 wBias=9.1160 condBias=65.0071 dotDrift=+3.983sigma uMRED=0.2228902996 uER=0.545898 uMAE=127.2285 WCE=1064 bias=1.3750
[pop07_hard:00200] loss=2.941344 tau=6.00 collapse_w=0.500 mid_frac=0.304 hard=score=2.8369829414 wNMSE=0.49874837 wMSE=26089.2728 wMRED=3.16387190 wER=0.506138 wMAE=79.0221 wBias=5.0387 condBias=75.6111 dotDrift=+1.996sigma uMRED=0.2705009851 uER=0.545898 uMAE=162.0566 WCE=1816 bias=-62.6250
[pop07_hard:00400] loss=2.269932 tau=6.00 collapse_w=0.500 mid_frac=0.310 hard=score=2.1650748142 wNMSE=0.49491607 wMSE=25888.8075 wMRED=3.15961698 wER=0.506138 wMAE=78.6685 wBias=4.1113 condBias=75.0420 dotDrift=+1.635sigma uMRED=0.2640909025 uER=0.545898 uMAE=157.8750 WCE=1816 bias=-70.6250
[pop07_hard:00599] loss=2.269068 tau=6.00 collapse_w=0.500 mid_frac=0.315 hard=score=1.1449395049 wNMSE=0.48799411 wMSE=25526.7231 wMRED=3.13118167 wER=0.500928 wMAE=75.5469 wBias=-2.0103 condBias=74.7790 dotDrift=-0.805sigma uMRED=0.2612700424 uER=0.543701 uMAE=156.7812 WCE=1816 bias=-72.6250
[pop07] done (conf=0.51, noise=1.0); global best score=0.2717735536 wNMSE=0.1312342 wMSE=6864.7943 wMRED=1.96186554 wER=0.431210 wMAE=36.3108 wBias=-0.1031 condBias=49.1364 dotDrift=-0.080sigma uMRED=0.1094266358 uER=0.493164 uMAE=63.4297 WCE=616 bias=-5.3750
[pop08_soft:00000] loss=29.045786 tau=1.50 collapse_w=0.000 mid_frac=0.363 hard=score=620.6765749131 wNMSE=5.9624373 wMSE=311892.0534 wMRED=22.56532848 wER=0.585864 wMAE=306.0986 wBias=88.2842 condBias=328.8109 dotDrift=+10.117sigma uMRED=0.7434191076 uER=0.575928 uMAE=298.4365 WCE=2872 bias=37.6875
[pop08_soft:00200] loss=5.621300 tau=2.25 collapse_w=0.000 mid_frac=0.363 hard=score=1217.3872994795 wNMSE=2.216605 wMSE=115949.4763 wMRED=9.13841987 wER=0.549260 wMAE=137.1753 wBias=-124.4885 condBias=201.2655 dotDrift=-23.398sigma uMRED=0.4180145276 uER=0.564209 uMAE=195.6597 WCE=2320 bias=-96.6875
[pop08_soft:00400] loss=0.357718 tau=3.00 collapse_w=0.000 mid_frac=0.232 hard=score=2.3796380482 wNMSE=0.22189183 wMSE=11607.0485 wMRED=2.27425658 wER=0.468779 wMAE=48.5550 wBias=4.9773 condBias=65.7817 dotDrift=+2.957sigma uMRED=0.1671314661 uER=0.531738 uMAE=99.5332 WCE=752 bias=-13.5000
[pop08_soft:00600] loss=0.146535 tau=3.75 collapse_w=0.000 mid_frac=0.190 hard=score=3.7279780281 wNMSE=0.2030071 wMSE=10619.1978 wMRED=1.61855418 wER=0.431921 wMAE=38.4766 wBias=6.5174 condBias=62.0058 dotDrift=+4.048sigma uMRED=0.1492665529 uER=0.512451 uMAE=90.7305 WCE=744 bias=-12.5000
[pop08_soft:00800] loss=0.106333 tau=4.50 collapse_w=0.084 mid_frac=0.196 hard=score=4.2970412773 wNMSE=0.19783052 wMSE=10348.4136 wMRED=1.52881237 wER=0.380477 wMAE=37.2660 wBias=7.0666 condBias=60.1093 dotDrift=+4.446sigma uMRED=0.1454163320 uER=0.487793 uMAE=88.1055 WCE=744 bias=-11.8750
[pop08_soft:01000] loss=0.083322 tau=5.25 collapse_w=0.293 mid_frac=0.149 hard=score=4.2970412773 wNMSE=0.19783052 wMSE=10348.4136 wMRED=1.52881237 wER=0.380477 wMAE=37.2660 wBias=7.0666 condBias=60.1093 dotDrift=+4.446sigma uMRED=0.1454163320 uER=0.487793 uMAE=88.1055 WCE=744 bias=-11.8750
[pop08_soft:01199] loss=0.058023 tau=6.00 collapse_w=0.500 mid_frac=0.149 hard=score=4.2970412773 wNMSE=0.19783052 wMSE=10348.4136 wMRED=1.52881237 wER=0.380477 wMAE=37.2660 wBias=7.0666 condBias=60.1093 dotDrift=+4.446sigma uMRED=0.1454163320 uER=0.487793 uMAE=88.1055 WCE=744 bias=-11.8750
[pop08_hard:00000] loss=4.361093 tau=6.00 collapse_w=0.500 mid_frac=0.149 hard=score=4.2970412773 wNMSE=0.19783052 wMSE=10348.4136 wMRED=1.52881237 wER=0.380477 wMAE=37.2660 wBias=7.0666 condBias=60.1093 dotDrift=+4.446sigma uMRED=0.1454163320 uER=0.487793 uMAE=88.1055 WCE=744 bias=-11.8750
[pop08_hard:00200] loss=45.662632 tau=6.00 collapse_w=0.500 mid_frac=0.155 hard=score=45.6257600291 wNMSE=0.83552606 wMSE=43705.9424 wMRED=1.84259854 wER=0.380477 wMAE=53.5538 wBias=-23.7444 condBias=111.6486 dotDrift=-7.269sigma uMRED=0.2082937016 uER=0.487793 uMAE=121.0117 WCE=1632 bias=-75.8750
[pop08_hard:00400] loss=45.661446 tau=6.00 collapse_w=0.500 mid_frac=0.149 hard=score=4.2970412773 wNMSE=0.19783052 wMSE=10348.4136 wMRED=1.52881237 wER=0.380477 wMAE=37.2660 wBias=7.0666 condBias=60.1093 dotDrift=+4.446sigma uMRED=0.1454163320 uER=0.487793 uMAE=88.1055 WCE=744 bias=-11.8750
[pop08_hard:00599] loss=4.359166 tau=6.00 collapse_w=0.500 mid_frac=0.155 hard=score=45.6257600291 wNMSE=0.83552606 wMSE=43705.9424 wMRED=1.84259854 wER=0.380477 wMAE=53.5538 wBias=-23.7444 condBias=111.6486 dotDrift=-7.269sigma uMRED=0.2082937016 uER=0.487793 uMAE=121.0117 WCE=1632 bias=-75.8750
[pop08] done (conf=0.53, noise=0.5); global best score=0.2717735536 wNMSE=0.1312342 wMSE=6864.7943 wMRED=1.96186554 wER=0.431210 wMAE=36.3108 wBias=-0.1031 condBias=49.1364 dotDrift=-0.080sigma uMRED=0.1094266358 uER=0.493164 uMAE=63.4297 WCE=616 bias=-5.3750
[pop09_soft:00000] loss=17.159603 tau=1.50 collapse_w=0.000 mid_frac=0.494 hard=score=28.9321211339 wNMSE=15.463539 wMSE=808889.8637 wMRED=38.61634923 wER=0.585938 wMAE=514.0947 wBias=1.3156 condBias=514.2199 dotDrift=+0.094sigma uMRED=1.1354324295 uER=0.578125 uMAE=400.0771 WCE=2697 bias=-35.1875
[pop09_soft:00200] loss=8.659142 tau=2.25 collapse_w=0.000 mid_frac=0.440 hard=score=129.0878866078 wNMSE=1.8798057 wMSE=98331.6802 wMRED=2.97852289 wER=0.491372 wMAE=85.3763 wBias=-40.1027 condBias=160.2616 dotDrift=-8.185sigma uMRED=0.3840361998 uER=0.561768 uMAE=237.4980 WCE=2432 bias=-122.5625
[pop09_soft:00400] loss=2.811442 tau=3.00 collapse_w=0.000 mid_frac=0.375 hard=score=46.1899489024 wNMSE=0.44672506 wMSE=23367.9600 wMRED=2.17169229 wER=0.488030 wMAE=61.3269 wBias=-24.0747 condBias=79.6000 dotDrift=-10.079sigma uMRED=0.2897360537 uER=0.561035 uMAE=195.0508 WCE=1464 bias=-135.5000
[pop09_soft:00600] loss=0.386449 tau=3.75 collapse_w=0.000 mid_frac=0.363 hard=score=2.2926758288 wNMSE=0.40494586 wMSE=21182.5115 wMRED=2.21297122 wER=0.463055 wMAE=59.1402 wBias=-4.4899 condBias=75.2918 dotDrift=-1.974sigma uMRED=0.2590203052 uER=0.539062 uMAE=165.6680 WCE=1280 bias=-23.6250
[pop09_soft:00800] loss=0.226919 tau=4.50 collapse_w=0.084 mid_frac=0.327 hard=score=13.1462925124 wNMSE=0.28814219 wMSE=15072.5711 wMRED=2.12286362 wER=0.452918 wMAE=48.2294 wBias=-12.6726 condBias=68.8853 dotDrift=-6.606sigma uMRED=0.2150719954 uER=0.528076 uMAE=135.3672 WCE=1248 bias=-66.8750
[pop09_soft:01000] loss=0.181114 tau=5.25 collapse_w=0.293 mid_frac=0.304 hard=score=13.6340420529 wNMSE=0.29080093 wMSE=15211.6482 wMRED=2.12177825 wER=0.461285 wMAE=48.5434 wBias=-12.9145 condBias=68.8538 dotDrift=-6.701sigma uMRED=0.2212484988 uER=0.530273 uMAE=142.4590 WCE=1248 bias=-74.7500
[pop09_soft:01199] loss=0.137295 tau=6.00 collapse_w=0.500 mid_frac=0.280 hard=score=11.2824119705 wNMSE=0.28898356 wMSE=15116.5828 wMRED=1.79995829 wER=0.471069 wMAE=45.7443 wBias=-11.6975 condBias=68.4314 dotDrift=-6.089sigma uMRED=0.2184677179 uER=0.533203 uMAE=143.6543 WCE=1248 bias=-74.7500
[pop09_hard:00000] loss=11.343119 tau=6.00 collapse_w=0.500 mid_frac=0.280 hard=score=11.2824119705 wNMSE=0.28898356 wMSE=15116.5828 wMRED=1.79995829 wER=0.471069 wMAE=45.7443 wBias=-11.6975 condBias=68.4314 dotDrift=-6.089sigma uMRED=0.2184677179 uER=0.533203 uMAE=143.6543 WCE=1248 bias=-74.7500
[pop09_hard:00200] loss=9.949196 tau=6.00 collapse_w=0.500 mid_frac=0.280 hard=score=9.8914008457 wNMSE=0.28740287 wMSE=15033.8974 wMRED=1.80090274 wER=0.471069 wMAE=45.5828 wBias=-10.9117 condBias=68.8023 dotDrift=-5.696sigma uMRED=0.2175458841 uER=0.533203 uMAE=137.6074 WCE=1248 bias=-58.7500
[pop09_hard:00400] loss=9.948316 tau=6.00 collapse_w=0.500 mid_frac=0.274 hard=score=2.3169607493 wNMSE=0.39597099 wMSE=20713.0405 wMRED=1.91914905 wER=0.471069 wMAE=51.1289 wBias=4.4938 condBias=81.4607 dotDrift=+1.998sigma uMRED=0.2462865578 uER=0.533203 uMAE=151.1543 WCE=1248 bias=-26.7500
[pop09_hard:00599] loss=5.471028 tau=6.00 collapse_w=0.500 mid_frac=0.280 hard=score=5.3951793379 wNMSE=0.23164829 wMSE=12117.4038 wMRED=1.75017648 wER=0.455874 wMAE=42.8199 wBias=-7.9513 condBias=61.4981 dotDrift=-4.623sigma uMRED=0.1737741351 uER=0.527344 uMAE=105.6074 WCE=800 bias=-25.7500
[pop09] done (conf=0.51, noise=1.0); global best score=0.2717735536 wNMSE=0.1312342 wMSE=6864.7943 wMRED=1.96186554 wER=0.431210 wMAE=36.3108 wBias=-0.1031 condBias=49.1364 dotDrift=-0.080sigma uMRED=0.1094266358 uER=0.493164 uMAE=63.4297 WCE=616 bias=-5.3750
[pop10_soft:00000] loss=60.172512 tau=1.50 collapse_w=0.000 mid_frac=0.315 hard=score=3477.9056087057 wNMSE=40.523246 wMSE=2119750.3504 wMRED=62.46436905 wER=0.584892 wMAE=791.6171 wBias=208.6927 condBias=803.3661 dotDrift=+9.174sigma uMRED=1.3227031216 uER=0.573730 uMAE=357.5444 WCE=4023 bias=-26.0625
[pop10_soft:00200] loss=14.594264 tau=2.25 collapse_w=0.000 mid_frac=0.262 hard=score=7896.3179116313 wNMSE=20.482556 wMSE=1071432.0530 wMRED=37.61398809 wER=0.568563 wMAE=451.7666 wBias=-316.7657 condBias=656.4883 dotDrift=-19.586sigma uMRED=1.1088354720 uER=0.567139 uMAE=397.7485 WCE=3318 bias=-350.6875
[pop10_soft:00400] loss=6.670194 tau=3.00 collapse_w=0.000 mid_frac=0.280 hard=score=138.9433067712 wNMSE=0.43197058 wMSE=22596.1611 wMRED=2.94005193 wER=0.480886 wMAE=63.0656 wBias=-42.0031 condBias=73.8345 dotDrift=-17.883sigma uMRED=0.2344660632 uER=0.522217 uMAE=147.7969 WCE=1808 bias=-103.2500
[pop10_soft:00600] loss=0.364155 tau=3.75 collapse_w=0.000 mid_frac=0.220 hard=score=5.5809570110 wNMSE=0.24045847 wMSE=12578.2600 wMRED=2.19676175 wER=0.419045 wMAE=47.3934 wBias=-8.0652 condBias=63.5597 dotDrift=-4.602sigma uMRED=0.1662109919 uER=0.498047 uMAE=95.6348 WCE=1200 bias=-1.0000
[pop10_soft:00800] loss=0.142664 tau=4.50 collapse_w=0.084 mid_frac=0.226 hard=score=8.3679645536 wNMSE=0.10234693 wMSE=5353.7157 wMRED=1.38542815 wER=0.390696 wMAE=27.0389 wBias=-10.2166 condBias=38.3349 dotDrift=-8.936sigma uMRED=0.0925509070 uER=0.461914 uMAE=52.6152 WCE=512 bias=-22.0000
[pop10_soft:01000] loss=0.105298 tau=5.25 collapse_w=0.293 mid_frac=0.190 hard=score=7.5933171592 wNMSE=0.10193106 wMSE=5331.9619 wMRED=1.38452290 wER=0.390696 wMAE=27.0059 wBias=-9.7208 condBias=38.2128 dotDrift=-8.520sigma uMRED=0.0922533822 uER=0.461914 uMAE=52.4473 WCE=512 bias=-21.5000
[pop10_soft:01199] loss=0.074290 tau=6.00 collapse_w=0.500 mid_frac=0.179 hard=score=7.5933171592 wNMSE=0.10193106 wMSE=5331.9619 wMRED=1.38452290 wER=0.390696 wMAE=27.0059 wBias=-9.7208 condBias=38.2128 dotDrift=-8.520sigma uMRED=0.0922533822 uER=0.461914 uMAE=52.4473 WCE=512 bias=-21.5000
[pop10_hard:00000] loss=7.663289 tau=6.00 collapse_w=0.500 mid_frac=0.179 hard=score=7.5933171592 wNMSE=0.10193106 wMSE=5331.9619 wMRED=1.38452290 wER=0.390696 wMAE=27.0059 wBias=-9.7208 condBias=38.2128 dotDrift=-8.520sigma uMRED=0.0922533822 uER=0.461914 uMAE=52.4473 WCE=512 bias=-21.5000
[pop10_hard:00200] loss=7.659858 tau=6.00 collapse_w=0.500 mid_frac=0.179 hard=score=7.5933171592 wNMSE=0.10193106 wMSE=5331.9619 wMRED=1.38452290 wER=0.390696 wMAE=27.0059 wBias=-9.7208 condBias=38.2128 dotDrift=-8.520sigma uMRED=0.0922533822 uER=0.461914 uMAE=52.4473 WCE=512 bias=-21.5000
[pop10_hard:00400] loss=3.721983 tau=6.00 collapse_w=0.500 mid_frac=0.167 hard=score=3.6486964898 wNMSE=0.10324312 wMSE=5400.5951 wMRED=1.50375836 wER=0.390696 wMAE=28.7522 wBias=-6.6416 condBias=38.7017 dotDrift=-5.784sigma uMRED=0.0938968643 uER=0.461914 uMAE=51.0879 WCE=496 bias=-3.5000
[pop10_hard:00599] loss=1.786191 tau=6.00 collapse_w=0.500 mid_frac=0.161 hard=score=18.1244769945 wNMSE=0.17478146 wMSE=9142.7290 wMRED=1.45496433 wER=0.390696 wMAE=31.9087 wBias=15.0748 condBias=51.3079 dotDrift=+10.090sigma uMRED=0.1041779056 uER=0.461914 uMAE=56.4785 WCE=672 bias=30.5000
[pop10] done (conf=0.53, noise=0.5); global best score=0.2717735536 wNMSE=0.1312342 wMSE=6864.7943 wMRED=1.96186554 wER=0.431210 wMAE=36.3108 wBias=-0.1031 condBias=49.1364 dotDrift=-0.080sigma uMRED=0.1094266358 uER=0.493164 uMAE=63.4297 WCE=616 bias=-5.3750
[pop11_soft:00000] loss=41.921539 tau=1.50 collapse_w=0.000 mid_frac=0.399 hard=score=1016.5284830399 wNMSE=23.886266 wMSE=1249478.4033 wMRED=48.99405116 wER=0.585938 wMAE=632.2005 wBias=111.6752 condBias=636.4793 dotDrift=+6.394sigma uMRED=1.3280622407 uER=0.578125 uMAE=441.4688 WCE=3025 bias=104.0625
[pop11_soft:00200] loss=17.359089 tau=2.25 collapse_w=0.000 mid_frac=0.363 hard=score=403.8060421966 wNMSE=22.119657 wMSE=1157067.9777 wMRED=48.65222751 wER=0.585649 wMAE=593.4506 wBias=-68.4426 condBias=611.1265 dotDrift=-4.072sigma uMRED=1.1614342237 uER=0.573730 uMAE=348.8589 WCE=2876 bias=-187.1875
[pop11_soft:00400] loss=8.299716 tau=3.00 collapse_w=0.000 mid_frac=0.321 hard=score=241.1103046985 wNMSE=1.2349136 wMSE=64597.6984 wMRED=3.56381016 wER=0.562505 wMAE=84.6433 wBias=-55.2275 condBias=145.6991 dotDrift=-13.907sigma uMRED=0.3241815535 uER=0.559082 uMAE=193.5996 WCE=2220 bias=-147.6250
[pop11_soft:00600] loss=1.550400 tau=3.75 collapse_w=0.000 mid_frac=0.327 hard=score=3.4200039068 wNMSE=0.3045599 wMSE=15931.3733 wMRED=2.53314784 wER=0.546112 wMAE=57.3804 wBias=6.0344 condBias=69.6919 dotDrift=+3.060sigma uMRED=0.2066127602 uER=0.555908 uMAE=124.6934 WCE=920 bias=24.1250
[pop11_soft:00800] loss=1.087220 tau=4.50 collapse_w=0.084 mid_frac=0.310 hard=score=16.7836108773 wNMSE=0.29034523 wMSE=15187.8111 wMRED=2.04815489 wER=0.539557 wMAE=53.4625 wBias=14.4028 condBias=69.0103 dotDrift=+7.480sigma uMRED=0.2067902607 uER=0.537842 uMAE=126.2090 WCE=952 bias=11.3750
[pop11_soft:01000] loss=0.847789 tau=5.25 collapse_w=0.293 mid_frac=0.256 hard=score=25.8136986460 wNMSE=0.2541731 wMSE=13295.6651 wMRED=1.97924671 wER=0.539529 wMAE=52.2361 wBias=17.9998 condBias=57.8985 dotDrift=+9.991sigma uMRED=0.1724008767 uER=0.537598 uMAE=110.8379 WCE=820 bias=35.3750
[pop11_soft:01199] loss=0.689421 tau=6.00 collapse_w=0.500 mid_frac=0.256 hard=score=25.8136986460 wNMSE=0.2541731 wMSE=13295.6651 wMRED=1.97924671 wER=0.539529 wMAE=52.2361 wBias=17.9998 condBias=57.8985 dotDrift=+9.991sigma uMRED=0.1724008767 uER=0.537598 uMAE=110.8379 WCE=820 bias=35.3750
[pop11_hard:00000] loss=25.904016 tau=6.00 collapse_w=0.500 mid_frac=0.256 hard=score=25.8136986460 wNMSE=0.2541731 wMSE=13295.6651 wMRED=1.97924671 wER=0.539529 wMAE=52.2361 wBias=17.9998 condBias=57.8985 dotDrift=+9.991sigma uMRED=0.1724008767 uER=0.537598 uMAE=110.8379 WCE=820 bias=35.3750
[pop11_hard:00200] loss=7.453421 tau=6.00 collapse_w=0.500 mid_frac=0.274 hard=score=7.3988901819 wNMSE=0.32787161 wMSE=17150.7968 wMRED=1.95522493 wER=0.540112 wMAE=53.7417 wBias=9.3025 condBias=67.4716 dotDrift=+4.546sigma uMRED=0.2111362070 uER=0.538574 uMAE=143.1172 WCE=1640 bias=-63.6250
[pop11_hard:00400] loss=0.997425 tau=6.00 collapse_w=0.500 mid_frac=0.280 hard=score=0.9466434641 wNMSE=0.40051403 wMSE=20950.6846 wMRED=2.06609736 wER=0.541077 wMAE=57.7622 wBias=1.4077 condBias=77.8742 dotDrift=+0.622sigma uMRED=0.2497103770 uER=0.539307 uMAE=165.2148 WCE=1928 bias=-113.8750
[pop11_hard:00599] loss=1.032468 tau=6.00 collapse_w=0.500 mid_frac=0.274 hard=score=0.8838343472 wNMSE=0.39499193 wMSE=20661.8266 wMRED=2.05222661 wER=0.540112 wMAE=57.4828 wBias=-1.1013 condBias=76.9724 dotDrift=-0.490sigma uMRED=0.2496566894 uER=0.538574 uMAE=165.2891 WCE=1920 bias=-117.6250
[pop11] done (conf=0.51, noise=1.0); global best score=0.2717735536 wNMSE=0.1312342 wMSE=6864.7943 wMRED=1.96186554 wER=0.431210 wMAE=36.3108 wBias=-0.1031 condBias=49.1364 dotDrift=-0.080sigma uMRED=0.1094266358 uER=0.493164 uMAE=63.4297 WCE=616 bias=-5.3750
[best] stage=pop02_soft score=0.2717735536 wNMSE=0.1312342 wMSE=6864.7943 wMRED=1.96186554 wER=0.431210 wMAE=36.3108 wBias=-0.1031 condBias=49.1364 dotDrift=-0.080sigma uMRED=0.1094266358 uER=0.493164 uMAE=63.4297 WCE=616 bias=-5.3750
[best-json] /home/xuanqi/tony/work/FPGA/signed8x8_approx/signed8x8_2026_8_22/runs_module_groups/G2_v/default_split/rand300/best_signed88_inits.json
[best-rtl] /home/xuanqi/tony/work/FPGA/signed8x8_approx/signed8x8_2026_8_22/runs_module_groups/G2_v/default_split/rand300/best_rtl
[design] default_split search_bits=168
[start] score=0.2717735536 wNMSE=0.1312342 wMSE=6864.7943 wMRED=1.96186554 wER=0.431210 wMAE=36.3108 wBias=-0.1031 condBias=49.1364 dotDrift=-0.080sigma uMRED=0.1094266358 uER=0.493164 uMAE=63.4297 WCE=616 bias=-5.3750
[single] ACCEPT ['mid_lut45:19'] 0.2717735536->0.2706869444 wNMSE=0.13117455 wBias=-0.00492
[single] round=2 no improvement
[pair] ACCEPT ['hi_lut23:59', 'hi_lut45:7'] 0.2706869444->0.1554893501 wNMSE=0.065714646 wBias=+0.35033
[pair] ACCEPT ['lo_lut45:63', 'hi_lut23:7'] 0.1554893501->0.1221132486 wNMSE=0.05503737 wBias=-0.03085
[pair] ACCEPT ['mid_lut45:39', 'hi_lut01:59'] 0.1221132486->0.1005306116 wNMSE=0.044788406 wBias=-0.07685
[pair] ACCEPT ['mid_lut67:23', 'mid_lut23:43'] 0.1005306116->0.0884660785 wNMSE=0.040069634 wBias=+0.01100
[basin] ACCEPT ['lo_lut45:23', 'lo_lut45:27', 'lo_lut45:43'] 0.0884660785->0.0848797431 wNMSE=0.039937541 wBias=-0.01674
[basin] ACCEPT ['lo_lut45:11', 'lo_lut23:3', 'lo_lut45:51'] 0.0848797431->0.0847089254 wNMSE=0.039897757 wBias=+0.00643
[final] score=0.0847089254 wNMSE=0.039897757 wMSE=2087.0313 wMRED=1.18029560 wER=0.444711 wMAE=21.1129 wBias=0.0064 condBias=23.2897 dotDrift=+0.009sigma uMRED=0.0659423308 uER=0.506348 uMAE=44.3242 WCE=320 bias=-1.7500
[json] /home/xuanqi/tony/work/FPGA/signed8x8_approx/signed8x8_2026_8_22/runs_module_groups/G2_v/default_split/rand300/refined/best_signed88_inits.json
